{"op_code":0,"worker_id":"26728f3e-5144-4b42-b312-c46c3eefc053-140218449991488","study_name":"tabicl_deephit","directions":[2]}
{"op_code":4,"worker_id":"26728f3e-5144-4b42-b312-c46c3eefc053-140218449991488","study_id":0,"datetime_start":"2026-03-31T11:53:48.607921"}
{"op_code":5,"worker_id":"26728f3e-5144-4b42-b312-c46c3eefc053-140218449991488","trial_id":0,"param_name":"lr","param_value_internal":0.0026672708587327123,"distribution":"{\"name\": \"FloatDistribution\", \"attributes\": {\"step\": null, \"low\": 0.0001, \"high\": 0.1, \"log\": true}}"}
{"op_code":5,"worker_id":"26728f3e-5144-4b42-b312-c46c3eefc053-140218449991488","trial_id":0,"param_name":"dropout","param_value_internal":0.08575052392160387,"distribution":"{\"name\": \"FloatDistribution\", \"attributes\": {\"step\": null, \"low\": 0.0, \"high\": 0.5, \"log\": false}}"}
{"op_code":5,"worker_id":"26728f3e-5144-4b42-b312-c46c3eefc053-140218449991488","trial_id":0,"param_name":"nodes","param_value_internal":2,"distribution":"{\"name\": \"CategoricalDistribution\", \"attributes\": {\"choices\": [\"64-64\", \"128-64\", \"256-128\"]}}"}
{"op_code":6,"worker_id":"26728f3e-5144-4b42-b312-c46c3eefc053-140218449991488","trial_id":0,"state":1,"values":[0.7938195765380898],"datetime_complete":"2026-03-31T11:53:50.400954"}
{"op_code":4,"worker_id":"26728f3e-5144-4b42-b312-c46c3eefc053-140218449991488","study_id":0,"datetime_start":"2026-03-31T11:53:50.520762"}
{"op_code":5,"worker_id":"26728f3e-5144-4b42-b312-c46c3eefc053-140218449991488","trial_id":1,"param_name":"lr","param_value_internal":0.001535818738819976,"distribution":"{\"name\": \"FloatDistribution\", \"attributes\": {\"step\": null, \"low\": 0.0001, \"high\": 0.1, \"log\": true}}"}
{"op_code":5,"worker_id":"26728f3e-5144-4b42-b312-c46c3eefc053-140218449991488","trial_id":1,"param_name":"dropout","param_value_internal":0.35787168489118004,"distribution":"{\"name\": \"FloatDistribution\", \"attributes\": {\"step\": null, \"low\": 0.0, \"high\": 0.5, \"log\": false}}"}
{"op_code":5,"worker_id":"26728f3e-5144-4b42-b312-c46c3eefc053-140218449991488","trial_id":1,"param_name":"nodes","param_value_internal":1,"distribution":"{\"name\": \"CategoricalDistribution\", \"attributes\": {\"choices\": [\"64-64\", \"128-64\", \"256-128\"]}}"}
{"op_code":6,"worker_id":"26728f3e-5144-4b42-b312-c46c3eefc053-140218449991488","trial_id":1,"state":1,"values":[0.8256571767127132],"datetime_complete":"2026-03-31T11:53:52.419816"}
{"op_code":4,"worker_id":"26728f3e-5144-4b42-b312-c46c3eefc053-140218449991488","study_id":0,"datetime_start":"2026-03-31T11:53:52.436959"}
{"op_code":5,"worker_id":"26728f3e-5144-4b42-b312-c46c3eefc053-140218449991488","trial_id":2,"param_name":"lr","param_value_internal":0.00037441066195003487,"distribution":"{\"name\": \"FloatDistribution\", \"attributes\": {\"step\": null, \"low\": 0.0001, \"high\": 0.1, \"log\": true}}"}
{"op_code":5,"worker_id":"26728f3e-5144-4b42-b312-c46c3eefc053-140218449991488","trial_id":2,"param_name":"dropout","param_value_internal":0.16062460118950572,"distribution":"{\"name\": \"FloatDistribution\", \"attributes\": {\"step\": null, \"low\": 0.0, \"high\": 0.5, \"log\": false}}"}
{"op_code":5,"worker_id":"26728f3e-5144-4b42-b312-c46c3eefc053-140218449991488","trial_id":2,"param_name":"nodes","param_value_internal":2,"distribution":"{\"name\": \"CategoricalDistribution\", \"attributes\": {\"choices\": [\"64-64\", \"128-64\", \"256-128\"]}}"}
{"op_code":6,"worker_id":"26728f3e-5144-4b42-b312-c46c3eefc053-140218449991488","trial_id":2,"state":1,"values":[0.8137141788019583],"datetime_complete":"2026-03-31T11:53:54.169589"}
{"op_code":4,"worker_id":"26728f3e-5144-4b42-b312-c46c3eefc053-140218449991488","study_id":0,"datetime_start":"2026-03-31T11:53:54.447580"}
{"op_code":5,"worker_id":"26728f3e-5144-4b42-b312-c46c3eefc053-140218449991488","trial_id":3,"param_name":"lr","param_value_internal":0.0001587158814613626,"distribution":"{\"name\": \"FloatDistribution\", \"attributes\": {\"step\": null, \"low\": 0.0001, \"high\": 0.1, \"log\": true}}"}
{"op_code":5,"worker_id":"26728f3e-5144-4b42-b312-c46c3eefc053-140218449991488","trial_id":3,"param_name":"dropout","param_value_internal":0.22293843561410565,"distribution":"{\"name\": \"FloatDistribution\", \"attributes\": {\"step\": null, \"low\": 0.0, \"high\": 0.5, \"log\": false}}"}
{"op_code":5,"worker_id":"26728f3e-5144-4b42-b312-c46c3eefc053-140218449991488","trial_id":3,"param_name":"nodes","param_value_internal":0,"distribution":"{\"name\": \"CategoricalDistribution\", \"attributes\": {\"choices\": [\"64-64\", \"128-64\", \"256-128\"]}}"}
{"op_code":6,"worker_id":"26728f3e-5144-4b42-b312-c46c3eefc053-140218449991488","trial_id":3,"state":1,"values":[0.818266862078643],"datetime_complete":"2026-03-31T11:53:56.237807"}
{"op_code":4,"worker_id":"26728f3e-5144-4b42-b312-c46c3eefc053-140218449991488","study_id":0,"datetime_start":"2026-03-31T11:53:56.252616"}
{"op_code":5,"worker_id":"26728f3e-5144-4b42-b312-c46c3eefc053-140218449991488","trial_id":4,"param_name":"lr","param_value_internal":0.016998401267857916,"distribution":"{\"name\": \"FloatDistribution\", \"attributes\": {\"step\": null, \"low\": 0.0001, \"high\": 0.1, \"log\": true}}"}
{"op_code":5,"worker_id":"26728f3e-5144-4b42-b312-c46c3eefc053-140218449991488","trial_id":4,"param_name":"dropout","param_value_internal":0.00269171806551316,"distribution":"{\"name\": \"FloatDistribution\", \"attributes\": {\"step\": null, \"low\": 0.0, \"high\": 0.5, \"log\": false}}"}
{"op_code":5,"worker_id":"26728f3e-5144-4b42-b312-c46c3eefc053-140218449991488","trial_id":4,"param_name":"nodes","param_value_internal":1,"distribution":"{\"name\": \"CategoricalDistribution\", \"attributes\": {\"choices\": [\"64-64\", \"128-64\", \"256-128\"]}}"}
{"op_code":6,"worker_id":"26728f3e-5144-4b42-b312-c46c3eefc053-140218449991488","trial_id":4,"state":1,"values":[0.7772927125884811],"datetime_complete":"2026-03-31T11:53:58.040139"}
{"op_code":4,"worker_id":"26728f3e-5144-4b42-b312-c46c3eefc053-140218449991488","study_id":0,"datetime_start":"2026-03-31T11:53:58.058843"}
{"op_code":5,"worker_id":"26728f3e-5144-4b42-b312-c46c3eefc053-140218449991488","trial_id":5,"param_name":"lr","param_value_internal":0.00603503854156653,"distribution":"{\"name\": \"FloatDistribution\", \"attributes\": {\"step\": null, \"low\": 0.0001, \"high\": 0.1, \"log\": true}}"}
{"op_code":5,"worker_id":"26728f3e-5144-4b42-b312-c46c3eefc053-140218449991488","trial_id":5,"param_name":"dropout","param_value_internal":0.05193909348508119,"distribution":"{\"name\": \"FloatDistribution\", \"attributes\": {\"step\": null, \"low\": 0.0, \"high\": 0.5, \"log\": false}}"}
{"op_code":5,"worker_id":"26728f3e-5144-4b42-b312-c46c3eefc053-140218449991488","trial_id":5,"param_name":"nodes","param_value_internal":1,"distribution":"{\"name\": \"CategoricalDistribution\", \"attributes\": {\"choices\": [\"64-64\", \"128-64\", \"256-128\"]}}"}
{"op_code":6,"worker_id":"26728f3e-5144-4b42-b312-c46c3eefc053-140218449991488","trial_id":5,"state":1,"values":[0.7992765599176775],"datetime_complete":"2026-03-31T11:53:59.800603"}
{"op_code":4,"worker_id":"26728f3e-5144-4b42-b312-c46c3eefc053-140218449991488","study_id":0,"datetime_start":"2026-03-31T11:53:59.824932"}
{"op_code":5,"worker_id":"26728f3e-5144-4b42-b312-c46c3eefc053-140218449991488","trial_id":6,"param_name":"lr","param_value_internal":0.0037188094279367637,"distribution":"{\"name\": \"FloatDistribution\", \"attributes\": {\"step\": null, \"low\": 0.0001, \"high\": 0.1, \"log\": true}}"}
{"op_code":5,"worker_id":"26728f3e-5144-4b42-b312-c46c3eefc053-140218449991488","trial_id":6,"param_name":"dropout","param_value_internal":0.26241145838004126,"distribution":"{\"name\": \"FloatDistribution\", \"attributes\": {\"step\": null, \"low\": 0.0, \"high\": 0.5, \"log\": false}}"}
{"op_code":5,"worker_id":"26728f3e-5144-4b42-b312-c46c3eefc053-140218449991488","trial_id":6,"param_name":"nodes","param_value_internal":1,"distribution":"{\"name\": \"CategoricalDistribution\", \"attributes\": {\"choices\": [\"64-64\", \"128-64\", \"256-128\"]}}"}
{"op_code":6,"worker_id":"26728f3e-5144-4b42-b312-c46c3eefc053-140218449991488","trial_id":6,"state":1,"values":[0.8103152577255294],"datetime_complete":"2026-03-31T11:54:01.564225"}
{"op_code":4,"worker_id":"26728f3e-5144-4b42-b312-c46c3eefc053-140218449991488","study_id":0,"datetime_start":"2026-03-31T11:54:01.577852"}
{"op_code":5,"worker_id":"26728f3e-5144-4b42-b312-c46c3eefc053-140218449991488","trial_id":7,"param_name":"lr","param_value_internal":0.014880025286271244,"distribution":"{\"name\": \"FloatDistribution\", \"attributes\": {\"step\": null, \"low\": 0.0001, \"high\": 0.1, \"log\": true}}"}
{"op_code":5,"worker_id":"26728f3e-5144-4b42-b312-c46c3eefc053-140218449991488","trial_id":7,"param_name":"dropout","param_value_internal":0.27805320831599517,"distribution":"{\"name\": \"FloatDistribution\", \"attributes\": {\"step\": null, \"low\": 0.0, \"high\": 0.5, \"log\": false}}"}
{"op_code":5,"worker_id":"26728f3e-5144-4b42-b312-c46c3eefc053-140218449991488","trial_id":7,"param_name":"nodes","param_value_internal":2,"distribution":"{\"name\": \"CategoricalDistribution\", \"attributes\": {\"choices\": [\"64-64\", \"128-64\", \"256-128\"]}}"}
{"op_code":6,"worker_id":"26728f3e-5144-4b42-b312-c46c3eefc053-140218449991488","trial_id":7,"state":1,"values":[0.7997131185880445],"datetime_complete":"2026-03-31T11:54:03.302388"}
{"op_code":4,"worker_id":"26728f3e-5144-4b42-b312-c46c3eefc053-140218449991488","study_id":0,"datetime_start":"2026-03-31T11:54:03.321519"}
{"op_code":5,"worker_id":"26728f3e-5144-4b42-b312-c46c3eefc053-140218449991488","trial_id":8,"param_name":"lr","param_value_internal":0.00012732710586234498,"distribution":"{\"name\": \"FloatDistribution\", \"attributes\": {\"step\": null, \"low\": 0.0001, \"high\": 0.1, \"log\": true}}"}
{"op_code":5,"worker_id":"26728f3e-5144-4b42-b312-c46c3eefc053-140218449991488","trial_id":8,"param_name":"dropout","param_value_internal":0.27560799894897164,"distribution":"{\"name\": \"FloatDistribution\", \"attributes\": {\"step\": null, \"low\": 0.0, \"high\": 0.5, \"log\": false}}"}
{"op_code":5,"worker_id":"26728f3e-5144-4b42-b312-c46c3eefc053-140218449991488","trial_id":8,"param_name":"nodes","param_value_internal":2,"distribution":"{\"name\": \"CategoricalDistribution\", \"attributes\": {\"choices\": [\"64-64\", \"128-64\", \"256-128\"]}}"}
{"op_code":6,"worker_id":"26728f3e-5144-4b42-b312-c46c3eefc053-140218449991488","trial_id":8,"state":1,"values":[0.8186410552246718],"datetime_complete":"2026-03-31T11:54:05.051074"}
{"op_code":4,"worker_id":"26728f3e-5144-4b42-b312-c46c3eefc053-140218449991488","study_id":0,"datetime_start":"2026-03-31T11:54:05.075255"}
{"op_code":5,"worker_id":"26728f3e-5144-4b42-b312-c46c3eefc053-140218449991488","trial_id":9,"param_name":"lr","param_value_internal":0.0004209149541928193,"distribution":"{\"name\": \"FloatDistribution\", \"attributes\": {\"step\": null, \"low\": 0.0001, \"high\": 0.1, \"log\": true}}"}
{"op_code":5,"worker_id":"26728f3e-5144-4b42-b312-c46c3eefc053-140218449991488","trial_id":9,"param_name":"dropout","param_value_internal":0.051773639662399285,"distribution":"{\"name\": \"FloatDistribution\", \"attributes\": {\"step\": null, \"low\": 0.0, \"high\": 0.5, \"log\": false}}"}
{"op_code":5,"worker_id":"26728f3e-5144-4b42-b312-c46c3eefc053-140218449991488","trial_id":9,"param_name":"nodes","param_value_internal":2,"distribution":"{\"name\": \"CategoricalDistribution\", \"attributes\": {\"choices\": [\"64-64\", \"128-64\", \"256-128\"]}}"}
{"op_code":6,"worker_id":"26728f3e-5144-4b42-b312-c46c3eefc053-140218449991488","trial_id":9,"state":1,"values":[0.7945991455923166],"datetime_complete":"2026-03-31T11:54:06.836243"}
{"op_code":4,"worker_id":"26728f3e-5144-4b42-b312-c46c3eefc053-140218449991488","study_id":0,"datetime_start":"2026-03-31T11:54:06.847713"}
{"op_code":5,"worker_id":"26728f3e-5144-4b42-b312-c46c3eefc053-140218449991488","trial_id":10,"param_name":"lr","param_value_internal":0.060070690683874696,"distribution":"{\"name\": \"FloatDistribution\", \"attributes\": {\"step\": null, \"low\": 0.0001, \"high\": 0.1, \"log\": true}}"}
{"op_code":5,"worker_id":"26728f3e-5144-4b42-b312-c46c3eefc053-140218449991488","trial_id":10,"param_name":"dropout","param_value_internal":0.45344552664079046,"distribution":"{\"name\": \"FloatDistribution\", \"attributes\": {\"step\": null, \"low\": 0.0, \"high\": 0.5, \"log\": false}}"}
{"op_code":5,"worker_id":"26728f3e-5144-4b42-b312-c46c3eefc053-140218449991488","trial_id":10,"param_name":"nodes","param_value_internal":0,"distribution":"{\"name\": \"CategoricalDistribution\", \"attributes\": {\"choices\": [\"64-64\", \"128-64\", \"256-128\"]}}"}
{"op_code":6,"worker_id":"26728f3e-5144-4b42-b312-c46c3eefc053-140218449991488","trial_id":10,"state":1,"values":[0.7851819514172566],"datetime_complete":"2026-03-31T11:54:08.588113"}
{"op_code":4,"worker_id":"26728f3e-5144-4b42-b312-c46c3eefc053-140218449991488","study_id":0,"datetime_start":"2026-03-31T11:54:08.614762"}
{"op_code":5,"worker_id":"26728f3e-5144-4b42-b312-c46c3eefc053-140218449991488","trial_id":11,"param_name":"lr","param_value_internal":0.0008766898093398045,"distribution":"{\"name\": \"FloatDistribution\", \"attributes\": {\"step\": null, \"low\": 0.0001, \"high\": 0.1, \"log\": true}}"}
{"op_code":5,"worker_id":"26728f3e-5144-4b42-b312-c46c3eefc053-140218449991488","trial_id":11,"param_name":"dropout","param_value_internal":0.38642568322175,"distribution":"{\"name\": \"FloatDistribution\", \"attributes\": {\"step\": null, \"low\": 0.0, \"high\": 0.5, \"log\": false}}"}
{"op_code":5,"worker_id":"26728f3e-5144-4b42-b312-c46c3eefc053-140218449991488","trial_id":11,"param_name":"nodes","param_value_internal":1,"distribution":"{\"name\": \"CategoricalDistribution\", \"attributes\": {\"choices\": [\"64-64\", \"128-64\", \"256-128\"]}}"}
{"op_code":6,"worker_id":"26728f3e-5144-4b42-b312-c46c3eefc053-140218449991488","trial_id":11,"state":1,"values":[0.821696965917241],"datetime_complete":"2026-03-31T11:54:10.355842"}
{"op_code":4,"worker_id":"26728f3e-5144-4b42-b312-c46c3eefc053-140218449991488","study_id":0,"datetime_start":"2026-03-31T11:54:10.374503"}
{"op_code":5,"worker_id":"26728f3e-5144-4b42-b312-c46c3eefc053-140218449991488","trial_id":12,"param_name":"lr","param_value_internal":0.0010655010291851779,"distribution":"{\"name\": \"FloatDistribution\", \"attributes\": {\"step\": null, \"low\": 0.0001, \"high\": 0.1, \"log\": true}}"}
{"op_code":5,"worker_id":"26728f3e-5144-4b42-b312-c46c3eefc053-140218449991488","trial_id":12,"param_name":"dropout","param_value_internal":0.40104477426493446,"distribution":"{\"name\": \"FloatDistribution\", \"attributes\": {\"step\": null, \"low\": 0.0, \"high\": 0.5, \"log\": false}}"}
{"op_code":5,"worker_id":"26728f3e-5144-4b42-b312-c46c3eefc053-140218449991488","trial_id":12,"param_name":"nodes","param_value_internal":1,"distribution":"{\"name\": \"CategoricalDistribution\", \"attributes\": {\"choices\": [\"64-64\", \"128-64\", \"256-128\"]}}"}
{"op_code":6,"worker_id":"26728f3e-5144-4b42-b312-c46c3eefc053-140218449991488","trial_id":12,"state":1,"values":[0.8251270697558389],"datetime_complete":"2026-03-31T11:54:12.138905"}
{"op_code":4,"worker_id":"26728f3e-5144-4b42-b312-c46c3eefc053-140218449991488","study_id":0,"datetime_start":"2026-03-31T11:54:12.158339"}
{"op_code":5,"worker_id":"26728f3e-5144-4b42-b312-c46c3eefc053-140218449991488","trial_id":13,"param_name":"lr","param_value_internal":0.0011565185098952953,"distribution":"{\"name\": \"FloatDistribution\", \"attributes\": {\"step\": null, \"low\": 0.0001, \"high\": 0.1, \"log\": true}}"}
{"op_code":5,"worker_id":"26728f3e-5144-4b42-b312-c46c3eefc053-140218449991488","trial_id":13,"param_name":"dropout","param_value_internal":0.3609573737223479,"distribution":"{\"name\": \"FloatDistribution\", \"attributes\": {\"step\": null, \"low\": 0.0, \"high\": 0.5, \"log\": false}}"}
{"op_code":5,"worker_id":"26728f3e-5144-4b42-b312-c46c3eefc053-140218449991488","trial_id":13,"param_name":"nodes","param_value_internal":1,"distribution":"{\"name\": \"CategoricalDistribution\", \"attributes\": {\"choices\": [\"64-64\", \"128-64\", \"256-128\"]}}"}
{"op_code":6,"worker_id":"26728f3e-5144-4b42-b312-c46c3eefc053-140218449991488","trial_id":13,"state":1,"values":[0.816177617013315],"datetime_complete":"2026-03-31T11:54:13.892601"}
{"op_code":4,"worker_id":"26728f3e-5144-4b42-b312-c46c3eefc053-140218449991488","study_id":0,"datetime_start":"2026-03-31T11:54:13.920644"}
{"op_code":5,"worker_id":"26728f3e-5144-4b42-b312-c46c3eefc053-140218449991488","trial_id":14,"param_name":"lr","param_value_internal":0.0013753181037588188,"distribution":"{\"name\": \"FloatDistribution\", \"attributes\": {\"step\": null, \"low\": 0.0001, \"high\": 0.1, \"log\": true}}"}
{"op_code":5,"worker_id":"26728f3e-5144-4b42-b312-c46c3eefc053-140218449991488","trial_id":14,"param_name":"dropout","param_value_internal":0.4987056819052282,"distribution":"{\"name\": \"FloatDistribution\", \"attributes\": {\"step\": null, \"low\": 0.0, \"high\": 0.5, \"log\": false}}"}
{"op_code":5,"worker_id":"26728f3e-5144-4b42-b312-c46c3eefc053-140218449991488","trial_id":14,"param_name":"nodes","param_value_internal":1,"distribution":"{\"name\": \"CategoricalDistribution\", \"attributes\": {\"choices\": [\"64-64\", \"128-64\", \"256-128\"]}}"}
{"op_code":6,"worker_id":"26728f3e-5144-4b42-b312-c46c3eefc053-140218449991488","trial_id":14,"state":1,"values":[0.8237238454582307],"datetime_complete":"2026-03-31T11:54:15.663369"}
{"op_code":4,"worker_id":"26728f3e-5144-4b42-b312-c46c3eefc053-140218449991488","study_id":0,"datetime_start":"2026-03-31T11:54:15.678104"}
{"op_code":5,"worker_id":"26728f3e-5144-4b42-b312-c46c3eefc053-140218449991488","trial_id":15,"param_name":"lr","param_value_internal":0.0006941842373842873,"distribution":"{\"name\": \"FloatDistribution\", \"attributes\": {\"step\": null, \"low\": 0.0001, \"high\": 0.1, \"log\": true}}"}
{"op_code":5,"worker_id":"26728f3e-5144-4b42-b312-c46c3eefc053-140218449991488","trial_id":15,"param_name":"dropout","param_value_internal":0.36663611078542463,"distribution":"{\"name\": \"FloatDistribution\", \"attributes\": {\"step\": null, \"low\": 0.0, \"high\": 0.5, \"log\": false}}"}
{"op_code":5,"worker_id":"26728f3e-5144-4b42-b312-c46c3eefc053-140218449991488","trial_id":15,"param_name":"nodes","param_value_internal":1,"distribution":"{\"name\": \"CategoricalDistribution\", \"attributes\": {\"choices\": [\"64-64\", \"128-64\", \"256-128\"]}}"}
{"op_code":6,"worker_id":"26728f3e-5144-4b42-b312-c46c3eefc053-140218449991488","trial_id":15,"state":1,"values":[0.8154604134834263],"datetime_complete":"2026-03-31T11:54:17.395955"}
{"op_code":4,"worker_id":"26728f3e-5144-4b42-b312-c46c3eefc053-140218449991488","study_id":0,"datetime_start":"2026-03-31T11:54:17.420397"}
{"op_code":5,"worker_id":"26728f3e-5144-4b42-b312-c46c3eefc053-140218449991488","trial_id":16,"param_name":"lr","param_value_internal":0.008665412795986165,"distribution":"{\"name\": \"FloatDistribution\", \"attributes\": {\"step\": null, \"low\": 0.0001, \"high\": 0.1, \"log\": true}}"}
{"op_code":5,"worker_id":"26728f3e-5144-4b42-b312-c46c3eefc053-140218449991488","trial_id":16,"param_name":"dropout","param_value_internal":0.4178677937732427,"distribution":"{\"name\": \"FloatDistribution\", \"attributes\": {\"step\": null, \"low\": 0.0, \"high\": 0.5, \"log\": false}}"}
{"op_code":5,"worker_id":"26728f3e-5144-4b42-b312-c46c3eefc053-140218449991488","trial_id":16,"param_name":"nodes","param_value_internal":1,"distribution":"{\"name\": \"CategoricalDistribution\", \"attributes\": {\"choices\": [\"64-64\", \"128-64\", \"256-128\"]}}"}
{"op_code":6,"worker_id":"26728f3e-5144-4b42-b312-c46c3eefc053-140218449991488","trial_id":16,"state":1,"values":[0.8133399856559294],"datetime_complete":"2026-03-31T11:54:19.167441"}
{"op_code":4,"worker_id":"26728f3e-5144-4b42-b312-c46c3eefc053-140218449991488","study_id":0,"datetime_start":"2026-03-31T11:54:19.193932"}
{"op_code":5,"worker_id":"26728f3e-5144-4b42-b312-c46c3eefc053-140218449991488","trial_id":17,"param_name":"lr","param_value_internal":0.0018688805875691113,"distribution":"{\"name\": \"FloatDistribution\", \"attributes\": {\"step\": null, \"low\": 0.0001, \"high\": 0.1, \"log\": true}}"}
{"op_code":5,"worker_id":"26728f3e-5144-4b42-b312-c46c3eefc053-140218449991488","trial_id":17,"param_name":"dropout","param_value_internal":0.31474163233833025,"distribution":"{\"name\": \"FloatDistribution\", \"attributes\": {\"step\": null, \"low\": 0.0, \"high\": 0.5, \"log\": false}}"}
{"op_code":5,"worker_id":"26728f3e-5144-4b42-b312-c46c3eefc053-140218449991488","trial_id":17,"param_name":"nodes","param_value_internal":0,"distribution":"{\"name\": \"CategoricalDistribution\", \"attributes\": {\"choices\": [\"64-64\", \"128-64\", \"256-128\"]}}"}
{"op_code":6,"worker_id":"26728f3e-5144-4b42-b312-c46c3eefc053-140218449991488","trial_id":17,"state":1,"values":[0.8170819171162181],"datetime_complete":"2026-03-31T11:54:20.913396"}
{"op_code":4,"worker_id":"26728f3e-5144-4b42-b312-c46c3eefc053-140218449991488","study_id":0,"datetime_start":"2026-03-31T11:54:20.940900"}
{"op_code":5,"worker_id":"26728f3e-5144-4b42-b312-c46c3eefc053-140218449991488","trial_id":18,"param_name":"lr","param_value_internal":0.000318745783647987,"distribution":"{\"name\": \"FloatDistribution\", \"attributes\": {\"step\": null, \"low\": 0.0001, \"high\": 0.1, \"log\": true}}"}
{"op_code":5,"worker_id":"26728f3e-5144-4b42-b312-c46c3eefc053-140218449991488","trial_id":18,"param_name":"dropout","param_value_internal":0.3292611442618383,"distribution":"{\"name\": \"FloatDistribution\", \"attributes\": {\"step\": null, \"low\": 0.0, \"high\": 0.5, \"log\": false}}"}
{"op_code":5,"worker_id":"26728f3e-5144-4b42-b312-c46c3eefc053-140218449991488","trial_id":18,"param_name":"nodes","param_value_internal":1,"distribution":"{\"name\": \"CategoricalDistribution\", \"attributes\": {\"choices\": [\"64-64\", \"128-64\", \"256-128\"]}}"}
{"op_code":6,"worker_id":"26728f3e-5144-4b42-b312-c46c3eefc053-140218449991488","trial_id":18,"state":1,"values":[0.815304499672581],"datetime_complete":"2026-03-31T11:54:22.708370"}
{"op_code":4,"worker_id":"26728f3e-5144-4b42-b312-c46c3eefc053-140218449991488","study_id":0,"datetime_start":"2026-03-31T11:54:22.723087"}
{"op_code":5,"worker_id":"26728f3e-5144-4b42-b312-c46c3eefc053-140218449991488","trial_id":19,"param_name":"lr","param_value_internal":0.050606903585179205,"distribution":"{\"name\": \"FloatDistribution\", \"attributes\": {\"step\": null, \"low\": 0.0001, \"high\": 0.1, \"log\": true}}"}
{"op_code":5,"worker_id":"26728f3e-5144-4b42-b312-c46c3eefc053-140218449991488","trial_id":19,"param_name":"dropout","param_value_internal":0.2024953647156336,"distribution":"{\"name\": \"FloatDistribution\", \"attributes\": {\"step\": null, \"low\": 0.0, \"high\": 0.5, \"log\": false}}"}
{"op_code":5,"worker_id":"26728f3e-5144-4b42-b312-c46c3eefc053-140218449991488","trial_id":19,"param_name":"nodes","param_value_internal":1,"distribution":"{\"name\": \"CategoricalDistribution\", \"attributes\": {\"choices\": [\"64-64\", \"128-64\", \"256-128\"]}}"}
{"op_code":6,"worker_id":"26728f3e-5144-4b42-b312-c46c3eefc053-140218449991488","trial_id":19,"state":1,"values":[0.8090055817144283],"datetime_complete":"2026-03-31T11:54:24.452345"}
{"op_code":0,"worker_id":"a6be8f00-5bba-434e-8660-3c7a3b095052-140544486217536","study_name":"tabicl_deephit","directions":[2]}
{"op_code":4,"worker_id":"a6be8f00-5bba-434e-8660-3c7a3b095052-140544486217536","study_id":0,"datetime_start":"2026-04-01T00:50:55.687131"}
{"op_code":5,"worker_id":"a6be8f00-5bba-434e-8660-3c7a3b095052-140544486217536","trial_id":20,"param_name":"lr","param_value_internal":0.0037406745288306297,"distribution":"{\"name\": \"FloatDistribution\", \"attributes\": {\"step\": null, \"low\": 0.0001, \"high\": 0.1, \"log\": true}}"}
{"op_code":5,"worker_id":"a6be8f00-5bba-434e-8660-3c7a3b095052-140544486217536","trial_id":20,"param_name":"dropout","param_value_internal":0.4685935767526249,"distribution":"{\"name\": \"FloatDistribution\", \"attributes\": {\"step\": null, \"low\": 0.0, \"high\": 0.5, \"log\": false}}"}
{"op_code":5,"worker_id":"a6be8f00-5bba-434e-8660-3c7a3b095052-140544486217536","trial_id":20,"param_name":"nodes","param_value_internal":0,"distribution":"{\"name\": \"CategoricalDistribution\", \"attributes\": {\"choices\": [\"64-64\", \"128-64\", \"256-128\"]}}"}
{"op_code":6,"worker_id":"a6be8f00-5bba-434e-8660-3c7a3b095052-140544486217536","trial_id":20,"state":1,"values":[0.8131217063207459],"datetime_complete":"2026-04-01T00:50:57.408698"}
{"op_code":4,"worker_id":"a6be8f00-5bba-434e-8660-3c7a3b095052-140544486217536","study_id":0,"datetime_start":"2026-04-01T00:50:57.423794"}
{"op_code":5,"worker_id":"a6be8f00-5bba-434e-8660-3c7a3b095052-140544486217536","trial_id":21,"param_name":"lr","param_value_internal":0.0014007421373882947,"distribution":"{\"name\": \"FloatDistribution\", \"attributes\": {\"step\": null, \"low\": 0.0001, \"high\": 0.1, \"log\": true}}"}
{"op_code":5,"worker_id":"a6be8f00-5bba-434e-8660-3c7a3b095052-140544486217536","trial_id":21,"param_name":"dropout","param_value_internal":0.4974017544210436,"distribution":"{\"name\": \"FloatDistribution\", \"attributes\": {\"step\": null, \"low\": 0.0, \"high\": 0.5, \"log\": false}}"}
{"op_code":5,"worker_id":"a6be8f00-5bba-434e-8660-3c7a3b095052-140544486217536","trial_id":21,"param_name":"nodes","param_value_internal":1,"distribution":"{\"name\": \"CategoricalDistribution\", \"attributes\": {\"choices\": [\"64-64\", \"128-64\", \"256-128\"]}}"}
{"op_code":6,"worker_id":"a6be8f00-5bba-434e-8660-3c7a3b095052-140544486217536","trial_id":21,"state":1,"values":[0.8253765318531916],"datetime_complete":"2026-04-01T00:50:59.098839"}
{"op_code":4,"worker_id":"a6be8f00-5bba-434e-8660-3c7a3b095052-140544486217536","study_id":0,"datetime_start":"2026-04-01T00:50:59.114111"}
{"op_code":5,"worker_id":"a6be8f00-5bba-434e-8660-3c7a3b095052-140544486217536","trial_id":22,"param_name":"lr","param_value_internal":0.0006796553803834021,"distribution":"{\"name\": \"FloatDistribution\", \"attributes\": {\"step\": null, \"low\": 0.0001, \"high\": 0.1, \"log\": true}}"}
{"op_code":5,"worker_id":"a6be8f00-5bba-434e-8660-3c7a3b095052-140544486217536","trial_id":22,"param_name":"dropout","param_value_internal":0.4198584948496675,"distribution":"{\"name\": \"FloatDistribution\", \"attributes\": {\"step\": null, \"low\": 0.0, \"high\": 0.5, \"log\": false}}"}
{"op_code":5,"worker_id":"a6be8f00-5bba-434e-8660-3c7a3b095052-140544486217536","trial_id":22,"param_name":"nodes","param_value_internal":1,"distribution":"{\"name\": \"CategoricalDistribution\", \"attributes\": {\"choices\": [\"64-64\", \"128-64\", \"256-128\"]}}"}
{"op_code":6,"worker_id":"a6be8f00-5bba-434e-8660-3c7a3b095052-140544486217536","trial_id":22,"state":1,"values":[0.8177679378839378],"datetime_complete":"2026-04-01T00:51:00.795247"}
{"op_code":4,"worker_id":"a6be8f00-5bba-434e-8660-3c7a3b095052-140544486217536","study_id":0,"datetime_start":"2026-04-01T00:51:00.815527"}
{"op_code":5,"worker_id":"a6be8f00-5bba-434e-8660-3c7a3b095052-140544486217536","trial_id":23,"param_name":"lr","param_value_internal":0.002220154005147361,"distribution":"{\"name\": \"FloatDistribution\", \"attributes\": {\"step\": null, \"low\": 0.0001, \"high\": 0.1, \"log\": true}}"}
{"op_code":5,"worker_id":"a6be8f00-5bba-434e-8660-3c7a3b095052-140544486217536","trial_id":23,"param_name":"dropout","param_value_internal":0.4989091570865005,"distribution":"{\"name\": \"FloatDistribution\", \"attributes\": {\"step\": null, \"low\": 0.0, \"high\": 0.5, \"log\": false}}"}
{"op_code":5,"worker_id":"a6be8f00-5bba-434e-8660-3c7a3b095052-140544486217536","trial_id":23,"param_name":"nodes","param_value_internal":1,"distribution":"{\"name\": \"CategoricalDistribution\", \"attributes\": {\"choices\": [\"64-64\", \"128-64\", \"256-128\"]}}"}
{"op_code":6,"worker_id":"a6be8f00-5bba-434e-8660-3c7a3b095052-140544486217536","trial_id":23,"state":1,"values":[0.8152421341482429],"datetime_complete":"2026-04-01T00:51:02.487427"}
{"op_code":4,"worker_id":"a6be8f00-5bba-434e-8660-3c7a3b095052-140544486217536","study_id":0,"datetime_start":"2026-04-01T00:51:02.506971"}
{"op_code":5,"worker_id":"a6be8f00-5bba-434e-8660-3c7a3b095052-140544486217536","trial_id":24,"param_name":"lr","param_value_internal":0.006036130889309864,"distribution":"{\"name\": \"FloatDistribution\", \"attributes\": {\"step\": null, \"low\": 0.0001, \"high\": 0.1, \"log\": true}}"}
{"op_code":5,"worker_id":"a6be8f00-5bba-434e-8660-3c7a3b095052-140544486217536","trial_id":24,"param_name":"dropout","param_value_internal":0.417724223701753,"distribution":"{\"name\": \"FloatDistribution\", \"attributes\": {\"step\": null, \"low\": 0.0, \"high\": 0.5, \"log\": false}}"}
{"op_code":5,"worker_id":"a6be8f00-5bba-434e-8660-3c7a3b095052-140544486217536","trial_id":24,"param_name":"nodes","param_value_internal":1,"distribution":"{\"name\": \"CategoricalDistribution\", \"attributes\": {\"choices\": [\"64-64\", \"128-64\", \"256-128\"]}}"}
{"op_code":6,"worker_id":"a6be8f00-5bba-434e-8660-3c7a3b095052-140544486217536","trial_id":24,"state":1,"values":[0.8145561133805233],"datetime_complete":"2026-04-01T00:51:04.194698"}
{"op_code":4,"worker_id":"a6be8f00-5bba-434e-8660-3c7a3b095052-140544486217536","study_id":0,"datetime_start":"2026-04-01T00:51:04.219611"}
{"op_code":5,"worker_id":"a6be8f00-5bba-434e-8660-3c7a3b095052-140544486217536","trial_id":25,"param_name":"lr","param_value_internal":0.00023319453834628844,"distribution":"{\"name\": \"FloatDistribution\", \"attributes\": {\"step\": null, \"low\": 0.0001, \"high\": 0.1, \"log\": true}}"}
{"op_code":5,"worker_id":"a6be8f00-5bba-434e-8660-3c7a3b095052-140544486217536","trial_id":25,"param_name":"dropout","param_value_internal":0.4553009909473393,"distribution":"{\"name\": \"FloatDistribution\", \"attributes\": {\"step\": null, \"low\": 0.0, \"high\": 0.5, \"log\": false}}"}
{"op_code":5,"worker_id":"a6be8f00-5bba-434e-8660-3c7a3b095052-140544486217536","trial_id":25,"param_name":"nodes","param_value_internal":1,"distribution":"{\"name\": \"CategoricalDistribution\", \"attributes\": {\"choices\": [\"64-64\", \"128-64\", \"256-128\"]}}"}
{"op_code":6,"worker_id":"a6be8f00-5bba-434e-8660-3c7a3b095052-140544486217536","trial_id":25,"state":1,"values":[0.807165798746453],"datetime_complete":"2026-04-01T00:51:05.911644"}
{"op_code":4,"worker_id":"a6be8f00-5bba-434e-8660-3c7a3b095052-140544486217536","study_id":0,"datetime_start":"2026-04-01T00:51:05.937094"}
{"op_code":5,"worker_id":"a6be8f00-5bba-434e-8660-3c7a3b095052-140544486217536","trial_id":26,"param_name":"lr","param_value_internal":0.0014433978693570834,"distribution":"{\"name\": \"FloatDistribution\", \"attributes\": {\"step\": null, \"low\": 0.0001, \"high\": 0.1, \"log\": true}}"}
{"op_code":5,"worker_id":"a6be8f00-5bba-434e-8660-3c7a3b095052-140544486217536","trial_id":26,"param_name":"dropout","param_value_internal":0.3208070192489303,"distribution":"{\"name\": \"FloatDistribution\", \"attributes\": {\"step\": null, \"low\": 0.0, \"high\": 0.5, \"log\": false}}"}
{"op_code":5,"worker_id":"a6be8f00-5bba-434e-8660-3c7a3b095052-140544486217536","trial_id":26,"param_name":"nodes","param_value_internal":1,"distribution":"{\"name\": \"CategoricalDistribution\", \"attributes\": {\"choices\": [\"64-64\", \"128-64\", \"256-128\"]}}"}
{"op_code":6,"worker_id":"a6be8f00-5bba-434e-8660-3c7a3b095052-140544486217536","trial_id":26,"state":1,"values":[0.8073217125572983],"datetime_complete":"2026-04-01T00:51:07.614490"}
{"op_code":4,"worker_id":"a6be8f00-5bba-434e-8660-3c7a3b095052-140544486217536","study_id":0,"datetime_start":"2026-04-01T00:51:11.554534"}
{"op_code":5,"worker_id":"a6be8f00-5bba-434e-8660-3c7a3b095052-140544486217536","trial_id":27,"param_name":"lr","param_value_internal":0.0006983392817917627,"distribution":"{\"name\": \"FloatDistribution\", \"attributes\": {\"step\": null, \"low\": 0.0001, \"high\": 0.1, \"log\": true}}"}
{"op_code":5,"worker_id":"a6be8f00-5bba-434e-8660-3c7a3b095052-140544486217536","trial_id":27,"param_name":"dropout","param_value_internal":0.3806206527939882,"distribution":"{\"name\": \"FloatDistribution\", \"attributes\": {\"step\": null, \"low\": 0.0, \"high\": 0.5, \"log\": false}}"}
{"op_code":5,"worker_id":"a6be8f00-5bba-434e-8660-3c7a3b095052-140544486217536","trial_id":27,"param_name":"nodes","param_value_internal":1,"distribution":"{\"name\": \"CategoricalDistribution\", \"attributes\": {\"choices\": [\"64-64\", \"128-64\", \"256-128\"]}}"}
{"op_code":6,"worker_id":"a6be8f00-5bba-434e-8660-3c7a3b095052-140544486217536","trial_id":27,"state":1,"values":[0.8252829835666844],"datetime_complete":"2026-04-01T00:51:13.262584"}
{"op_code":4,"worker_id":"a6be8f00-5bba-434e-8660-3c7a3b095052-140544486217536","study_id":0,"datetime_start":"2026-04-01T00:51:19.333966"}
{"op_code":5,"worker_id":"a6be8f00-5bba-434e-8660-3c7a3b095052-140544486217536","trial_id":28,"param_name":"lr","param_value_internal":0.0004272978285209756,"distribution":"{\"name\": \"FloatDistribution\", \"attributes\": {\"step\": null, \"low\": 0.0001, \"high\": 0.1, \"log\": true}}"}
{"op_code":5,"worker_id":"a6be8f00-5bba-434e-8660-3c7a3b095052-140544486217536","trial_id":28,"param_name":"dropout","param_value_internal":0.3309498615220494,"distribution":"{\"name\": \"FloatDistribution\", \"attributes\": {\"step\": null, \"low\": 0.0, \"high\": 0.5, \"log\": false}}"}
{"op_code":5,"worker_id":"a6be8f00-5bba-434e-8660-3c7a3b095052-140544486217536","trial_id":28,"param_name":"nodes","param_value_internal":0,"distribution":"{\"name\": \"CategoricalDistribution\", \"attributes\": {\"choices\": [\"64-64\", \"128-64\", \"256-128\"]}}"}
{"op_code":6,"worker_id":"a6be8f00-5bba-434e-8660-3c7a3b095052-140544486217536","trial_id":28,"state":1,"values":[0.8006797842152857],"datetime_complete":"2026-04-01T00:51:48.213959"}
{"op_code":4,"worker_id":"a6be8f00-5bba-434e-8660-3c7a3b095052-140544486217536","study_id":0,"datetime_start":"2026-04-01T00:51:51.984601"}
{"op_code":5,"worker_id":"a6be8f00-5bba-434e-8660-3c7a3b095052-140544486217536","trial_id":29,"param_name":"lr","param_value_internal":0.002689243143520372,"distribution":"{\"name\": \"FloatDistribution\", \"attributes\": {\"step\": null, \"low\": 0.0001, \"high\": 0.1, \"log\": true}}"}
{"op_code":5,"worker_id":"a6be8f00-5bba-434e-8660-3c7a3b095052-140544486217536","trial_id":29,"param_name":"dropout","param_value_internal":0.15531123302847138,"distribution":"{\"name\": \"FloatDistribution\", \"attributes\": {\"step\": null, \"low\": 0.0, \"high\": 0.5, \"log\": false}}"}
{"op_code":5,"worker_id":"a6be8f00-5bba-434e-8660-3c7a3b095052-140544486217536","trial_id":29,"param_name":"nodes","param_value_internal":1,"distribution":"{\"name\": \"CategoricalDistribution\", \"attributes\": {\"choices\": [\"64-64\", \"128-64\", \"256-128\"]}}"}
{"op_code":6,"worker_id":"a6be8f00-5bba-434e-8660-3c7a3b095052-140544486217536","trial_id":29,"state":1,"values":[0.8010851601234837],"datetime_complete":"2026-04-01T00:51:53.667905"}
{"op_code":4,"worker_id":"a6be8f00-5bba-434e-8660-3c7a3b095052-140544486217536","study_id":0,"datetime_start":"2026-04-01T00:51:57.490280"}
{"op_code":5,"worker_id":"a6be8f00-5bba-434e-8660-3c7a3b095052-140544486217536","trial_id":30,"param_name":"lr","param_value_internal":0.0007029710052851249,"distribution":"{\"name\": \"FloatDistribution\", \"attributes\": {\"step\": null, \"low\": 0.0001, \"high\": 0.1, \"log\": true}}"}
{"op_code":5,"worker_id":"a6be8f00-5bba-434e-8660-3c7a3b095052-140544486217536","trial_id":30,"param_name":"dropout","param_value_internal":0.3546357539736292,"distribution":"{\"name\": \"FloatDistribution\", \"attributes\": {\"step\": null, \"low\": 0.0, \"high\": 0.5, \"log\": false}}"}
{"op_code":5,"worker_id":"a6be8f00-5bba-434e-8660-3c7a3b095052-140544486217536","trial_id":30,"param_name":"nodes","param_value_internal":2,"distribution":"{\"name\": \"CategoricalDistribution\", \"attributes\": {\"choices\": [\"64-64\", \"128-64\", \"256-128\"]}}"}
{"op_code":6,"worker_id":"a6be8f00-5bba-434e-8660-3c7a3b095052-140544486217536","trial_id":30,"state":1,"values":[0.8101593439146839],"datetime_complete":"2026-04-01T00:51:59.189949"}
{"op_code":4,"worker_id":"a6be8f00-5bba-434e-8660-3c7a3b095052-140544486217536","study_id":0,"datetime_start":"2026-04-01T00:51:59.209406"}
{"op_code":5,"worker_id":"a6be8f00-5bba-434e-8660-3c7a3b095052-140544486217536","trial_id":31,"param_name":"lr","param_value_internal":0.0010311508003570434,"distribution":"{\"name\": \"FloatDistribution\", \"attributes\": {\"step\": null, \"low\": 0.0001, \"high\": 0.1, \"log\": true}}"}
{"op_code":5,"worker_id":"a6be8f00-5bba-434e-8660-3c7a3b095052-140544486217536","trial_id":31,"param_name":"dropout","param_value_internal":0.40781676157202135,"distribution":"{\"name\": \"FloatDistribution\", \"attributes\": {\"step\": null, \"low\": 0.0, \"high\": 0.5, \"log\": false}}"}
{"op_code":5,"worker_id":"a6be8f00-5bba-434e-8660-3c7a3b095052-140544486217536","trial_id":31,"param_name":"nodes","param_value_internal":1,"distribution":"{\"name\": \"CategoricalDistribution\", \"attributes\": {\"choices\": [\"64-64\", \"128-64\", \"256-128\"]}}"}
{"op_code":6,"worker_id":"a6be8f00-5bba-434e-8660-3c7a3b095052-140544486217536","trial_id":31,"state":1,"values":[0.8139948236614799],"datetime_complete":"2026-04-01T00:52:00.884631"}
{"op_code":4,"worker_id":"a6be8f00-5bba-434e-8660-3c7a3b095052-140544486217536","study_id":0,"datetime_start":"2026-04-01T00:52:04.174000"}
{"op_code":5,"worker_id":"a6be8f00-5bba-434e-8660-3c7a3b095052-140544486217536","trial_id":32,"param_name":"lr","param_value_internal":0.0019562116965060666,"distribution":"{\"name\": \"FloatDistribution\", \"attributes\": {\"step\": null, \"low\": 0.0001, \"high\": 0.1, \"log\": true}}"}
{"op_code":5,"worker_id":"a6be8f00-5bba-434e-8660-3c7a3b095052-140544486217536","trial_id":32,"param_name":"dropout","param_value_internal":0.45793428398167385,"distribution":"{\"name\": \"FloatDistribution\", \"attributes\": {\"step\": null, \"low\": 0.0, \"high\": 0.5, \"log\": false}}"}
{"op_code":5,"worker_id":"a6be8f00-5bba-434e-8660-3c7a3b095052-140544486217536","trial_id":32,"param_name":"nodes","param_value_internal":1,"distribution":"{\"name\": \"CategoricalDistribution\", \"attributes\": {\"choices\": [\"64-64\", \"128-64\", \"256-128\"]}}"}
{"op_code":6,"worker_id":"a6be8f00-5bba-434e-8660-3c7a3b095052-140544486217536","trial_id":32,"state":1,"values":[0.8199195484736038],"datetime_complete":"2026-04-01T00:52:05.995358"}
{"op_code":4,"worker_id":"a6be8f00-5bba-434e-8660-3c7a3b095052-140544486217536","study_id":0,"datetime_start":"2026-04-01T00:52:09.518786"}
{"op_code":5,"worker_id":"a6be8f00-5bba-434e-8660-3c7a3b095052-140544486217536","trial_id":33,"param_name":"lr","param_value_internal":0.0002410408908690552,"distribution":"{\"name\": \"FloatDistribution\", \"attributes\": {\"step\": null, \"low\": 0.0001, \"high\": 0.1, \"log\": true}}"}
{"op_code":5,"worker_id":"a6be8f00-5bba-434e-8660-3c7a3b095052-140544486217536","trial_id":33,"param_name":"dropout","param_value_internal":0.3896060158790214,"distribution":"{\"name\": \"FloatDistribution\", \"attributes\": {\"step\": null, \"low\": 0.0, \"high\": 0.5, \"log\": false}}"}
{"op_code":5,"worker_id":"a6be8f00-5bba-434e-8660-3c7a3b095052-140544486217536","trial_id":33,"param_name":"nodes","param_value_internal":1,"distribution":"{\"name\": \"CategoricalDistribution\", \"attributes\": {\"choices\": [\"64-64\", \"128-64\", \"256-128\"]}}"}
{"op_code":6,"worker_id":"a6be8f00-5bba-434e-8660-3c7a3b095052-140544486217536","trial_id":33,"state":1,"values":[0.809722785244317],"datetime_complete":"2026-04-01T00:52:11.241456"}
{"op_code":4,"worker_id":"a6be8f00-5bba-434e-8660-3c7a3b095052-140544486217536","study_id":0,"datetime_start":"2026-04-01T00:52:11.259587"}
{"op_code":5,"worker_id":"a6be8f00-5bba-434e-8660-3c7a3b095052-140544486217536","trial_id":34,"param_name":"lr","param_value_internal":0.000506357719961026,"distribution":"{\"name\": \"FloatDistribution\", \"attributes\": {\"step\": null, \"low\": 0.0001, \"high\": 0.1, \"log\": true}}"}
{"op_code":5,"worker_id":"a6be8f00-5bba-434e-8660-3c7a3b095052-140544486217536","trial_id":34,"param_name":"dropout","param_value_internal":0.4377105189370327,"distribution":"{\"name\": \"FloatDistribution\", \"attributes\": {\"step\": null, \"low\": 0.0, \"high\": 0.5, \"log\": false}}"}
{"op_code":5,"worker_id":"a6be8f00-5bba-434e-8660-3c7a3b095052-140544486217536","trial_id":34,"param_name":"nodes","param_value_internal":1,"distribution":"{\"name\": \"CategoricalDistribution\", \"attributes\": {\"choices\": [\"64-64\", \"128-64\", \"256-128\"]}}"}
{"op_code":6,"worker_id":"a6be8f00-5bba-434e-8660-3c7a3b095052-140544486217536","trial_id":34,"state":1,"values":[0.8065421435030715],"datetime_complete":"2026-04-01T00:52:12.932277"}
{"op_code":4,"worker_id":"a6be8f00-5bba-434e-8660-3c7a3b095052-140544486217536","study_id":0,"datetime_start":"2026-04-01T00:52:12.948469"}
{"op_code":5,"worker_id":"a6be8f00-5bba-434e-8660-3c7a3b095052-140544486217536","trial_id":35,"param_name":"lr","param_value_internal":0.0032286602706410503,"distribution":"{\"name\": \"FloatDistribution\", \"attributes\": {\"step\": null, \"low\": 0.0001, \"high\": 0.1, \"log\": true}}"}
{"op_code":5,"worker_id":"a6be8f00-5bba-434e-8660-3c7a3b095052-140544486217536","trial_id":35,"param_name":"dropout","param_value_internal":0.2983695684358897,"distribution":"{\"name\": \"FloatDistribution\", \"attributes\": {\"step\": null, \"low\": 0.0, \"high\": 0.5, \"log\": false}}"}
{"op_code":5,"worker_id":"a6be8f00-5bba-434e-8660-3c7a3b095052-140544486217536","trial_id":35,"param_name":"nodes","param_value_internal":1,"distribution":"{\"name\": \"CategoricalDistribution\", \"attributes\": {\"choices\": [\"64-64\", \"128-64\", \"256-128\"]}}"}
{"op_code":6,"worker_id":"a6be8f00-5bba-434e-8660-3c7a3b095052-140544486217536","trial_id":35,"state":1,"values":[0.8119991268826593],"datetime_complete":"2026-04-01T00:52:14.617005"}
{"op_code":4,"worker_id":"a6be8f00-5bba-434e-8660-3c7a3b095052-140544486217536","study_id":0,"datetime_start":"2026-04-01T00:52:14.634204"}
{"op_code":5,"worker_id":"a6be8f00-5bba-434e-8660-3c7a3b095052-140544486217536","trial_id":36,"param_name":"lr","param_value_internal":0.0016388287231491696,"distribution":"{\"name\": \"FloatDistribution\", \"attributes\": {\"step\": null, \"low\": 0.0001, \"high\": 0.1, \"log\": true}}"}
{"op_code":5,"worker_id":"a6be8f00-5bba-434e-8660-3c7a3b095052-140544486217536","trial_id":36,"param_name":"dropout","param_value_internal":0.3704996764420374,"distribution":"{\"name\": \"FloatDistribution\", \"attributes\": {\"step\": null, \"low\": 0.0, \"high\": 0.5, \"log\": false}}"}
{"op_code":5,"worker_id":"a6be8f00-5bba-434e-8660-3c7a3b095052-140544486217536","trial_id":36,"param_name":"nodes","param_value_internal":1,"distribution":"{\"name\": \"CategoricalDistribution\", \"attributes\": {\"choices\": [\"64-64\", \"128-64\", \"256-128\"]}}"}
{"op_code":6,"worker_id":"a6be8f00-5bba-434e-8660-3c7a3b095052-140544486217536","trial_id":36,"state":1,"values":[0.8213539555333812],"datetime_complete":"2026-04-01T00:52:16.300046"}
{"op_code":4,"worker_id":"a6be8f00-5bba-434e-8660-3c7a3b095052-140544486217536","study_id":0,"datetime_start":"2026-04-01T00:52:16.319670"}
{"op_code":5,"worker_id":"a6be8f00-5bba-434e-8660-3c7a3b095052-140544486217536","trial_id":37,"param_name":"lr","param_value_internal":0.005060549795930763,"distribution":"{\"name\": \"FloatDistribution\", \"attributes\": {\"step\": null, \"low\": 0.0001, \"high\": 0.1, \"log\": true}}"}
{"op_code":5,"worker_id":"a6be8f00-5bba-434e-8660-3c7a3b095052-140544486217536","trial_id":37,"param_name":"dropout","param_value_internal":0.4845288501267619,"distribution":"{\"name\": \"FloatDistribution\", \"attributes\": {\"step\": null, \"low\": 0.0, \"high\": 0.5, \"log\": false}}"}
{"op_code":5,"worker_id":"a6be8f00-5bba-434e-8660-3c7a3b095052-140544486217536","trial_id":37,"param_name":"nodes","param_value_internal":2,"distribution":"{\"name\": \"CategoricalDistribution\", \"attributes\": {\"choices\": [\"64-64\", \"128-64\", \"256-128\"]}}"}
{"op_code":6,"worker_id":"a6be8f00-5bba-434e-8660-3c7a3b095052-140544486217536","trial_id":37,"state":1,"values":[0.8111571923040943],"datetime_complete":"2026-04-01T00:52:17.981870"}
{"op_code":4,"worker_id":"a6be8f00-5bba-434e-8660-3c7a3b095052-140544486217536","study_id":0,"datetime_start":"2026-04-01T00:52:21.264947"}
{"op_code":5,"worker_id":"a6be8f00-5bba-434e-8660-3c7a3b095052-140544486217536","trial_id":38,"param_name":"lr","param_value_internal":0.001003289651265735,"distribution":"{\"name\": \"FloatDistribution\", \"attributes\": {\"step\": null, \"low\": 0.0001, \"high\": 0.1, \"log\": true}}"}
{"op_code":5,"worker_id":"a6be8f00-5bba-434e-8660-3c7a3b095052-140544486217536","trial_id":38,"param_name":"dropout","param_value_internal":0.24414834302428892,"distribution":"{\"name\": \"FloatDistribution\", \"attributes\": {\"step\": null, \"low\": 0.0, \"high\": 0.5, \"log\": false}}"}
{"op_code":5,"worker_id":"a6be8f00-5bba-434e-8660-3c7a3b095052-140544486217536","trial_id":38,"param_name":"nodes","param_value_internal":1,"distribution":"{\"name\": \"CategoricalDistribution\", \"attributes\": {\"choices\": [\"64-64\", \"128-64\", \"256-128\"]}}"}
{"op_code":6,"worker_id":"a6be8f00-5bba-434e-8660-3c7a3b095052-140544486217536","trial_id":38,"state":1,"values":[0.8094421403847953],"datetime_complete":"2026-04-01T00:52:22.969800"}
{"op_code":4,"worker_id":"a6be8f00-5bba-434e-8660-3c7a3b095052-140544486217536","study_id":0,"datetime_start":"2026-04-01T00:52:22.992554"}
{"op_code":5,"worker_id":"a6be8f00-5bba-434e-8660-3c7a3b095052-140544486217536","trial_id":39,"param_name":"lr","param_value_internal":0.00019683895602045336,"distribution":"{\"name\": \"FloatDistribution\", \"attributes\": {\"step\": null, \"low\": 0.0001, \"high\": 0.1, \"log\": true}}"}
{"op_code":5,"worker_id":"a6be8f00-5bba-434e-8660-3c7a3b095052-140544486217536","trial_id":39,"param_name":"dropout","param_value_internal":0.17642534578041463,"distribution":"{\"name\": \"FloatDistribution\", \"attributes\": {\"step\": null, \"low\": 0.0, \"high\": 0.5, \"log\": false}}"}
{"op_code":5,"worker_id":"a6be8f00-5bba-434e-8660-3c7a3b095052-140544486217536","trial_id":39,"param_name":"nodes","param_value_internal":0,"distribution":"{\"name\": \"CategoricalDistribution\", \"attributes\": {\"choices\": [\"64-64\", \"128-64\", \"256-128\"]}}"}
{"op_code":6,"worker_id":"a6be8f00-5bba-434e-8660-3c7a3b095052-140544486217536","trial_id":39,"state":1,"values":[0.8116561164987994],"datetime_complete":"2026-04-01T00:52:24.691118"}
