{"op_code":0,"worker_id":"71439372-63fb-46ab-9fc6-b3947366afc6-139697814206272","study_name":"rsf_tuning","directions":[2]}
{"op_code":4,"worker_id":"71439372-63fb-46ab-9fc6-b3947366afc6-139697814206272","study_id":0,"datetime_start":"2026-04-05T22:40:47.058441"}
{"op_code":5,"worker_id":"71439372-63fb-46ab-9fc6-b3947366afc6-139697814206272","trial_id":0,"param_name":"n_estimators","param_value_internal":132.0,"distribution":"{\"name\": \"IntDistribution\", \"attributes\": {\"log\": false, \"step\": 1, \"low\": 50, \"high\": 200}}"}
{"op_code":5,"worker_id":"71439372-63fb-46ab-9fc6-b3947366afc6-139697814206272","trial_id":0,"param_name":"min_samples_split","param_value_internal":9.0,"distribution":"{\"name\": \"IntDistribution\", \"attributes\": {\"log\": false, \"step\": 1, \"low\": 5, \"high\": 20}}"}
{"op_code":5,"worker_id":"71439372-63fb-46ab-9fc6-b3947366afc6-139697814206272","trial_id":0,"param_name":"min_samples_leaf","param_value_internal":17.0,"distribution":"{\"name\": \"IntDistribution\", \"attributes\": {\"log\": false, \"step\": 1, \"low\": 5, \"high\": 20}}"}
{"op_code":6,"worker_id":"71439372-63fb-46ab-9fc6-b3947366afc6-139697814206272","trial_id":0,"state":1,"values":[0.5],"datetime_complete":"2026-04-05T22:40:47.240584"}
{"op_code":4,"worker_id":"71439372-63fb-46ab-9fc6-b3947366afc6-139697814206272","study_id":0,"datetime_start":"2026-04-05T22:40:47.251621"}
{"op_code":5,"worker_id":"71439372-63fb-46ab-9fc6-b3947366afc6-139697814206272","trial_id":1,"param_name":"n_estimators","param_value_internal":143.0,"distribution":"{\"name\": \"IntDistribution\", \"attributes\": {\"log\": false, \"step\": 1, \"low\": 50, \"high\": 200}}"}
{"op_code":5,"worker_id":"71439372-63fb-46ab-9fc6-b3947366afc6-139697814206272","trial_id":1,"param_name":"min_samples_split","param_value_internal":17.0,"distribution":"{\"name\": \"IntDistribution\", \"attributes\": {\"log\": false, \"step\": 1, \"low\": 5, \"high\": 20}}"}
{"op_code":5,"worker_id":"71439372-63fb-46ab-9fc6-b3947366afc6-139697814206272","trial_id":1,"param_name":"min_samples_leaf","param_value_internal":20.0,"distribution":"{\"name\": \"IntDistribution\", \"attributes\": {\"log\": false, \"step\": 1, \"low\": 5, \"high\": 20}}"}
{"op_code":6,"worker_id":"71439372-63fb-46ab-9fc6-b3947366afc6-139697814206272","trial_id":1,"state":1,"values":[0.5],"datetime_complete":"2026-04-05T22:40:47.438305"}
{"op_code":4,"worker_id":"71439372-63fb-46ab-9fc6-b3947366afc6-139697814206272","study_id":0,"datetime_start":"2026-04-05T22:40:47.449585"}
{"op_code":5,"worker_id":"71439372-63fb-46ab-9fc6-b3947366afc6-139697814206272","trial_id":2,"param_name":"n_estimators","param_value_internal":180.0,"distribution":"{\"name\": \"IntDistribution\", \"attributes\": {\"log\": false, \"step\": 1, \"low\": 50, \"high\": 200}}"}
{"op_code":5,"worker_id":"71439372-63fb-46ab-9fc6-b3947366afc6-139697814206272","trial_id":2,"param_name":"min_samples_split","param_value_internal":9.0,"distribution":"{\"name\": \"IntDistribution\", \"attributes\": {\"log\": false, \"step\": 1, \"low\": 5, \"high\": 20}}"}
{"op_code":5,"worker_id":"71439372-63fb-46ab-9fc6-b3947366afc6-139697814206272","trial_id":2,"param_name":"min_samples_leaf","param_value_internal":9.0,"distribution":"{\"name\": \"IntDistribution\", \"attributes\": {\"log\": false, \"step\": 1, \"low\": 5, \"high\": 20}}"}
{"op_code":6,"worker_id":"71439372-63fb-46ab-9fc6-b3947366afc6-139697814206272","trial_id":2,"state":1,"values":[0.5833333333333334],"datetime_complete":"2026-04-05T22:40:47.660754"}
{"op_code":4,"worker_id":"71439372-63fb-46ab-9fc6-b3947366afc6-139697814206272","study_id":0,"datetime_start":"2026-04-05T22:40:47.672361"}
{"op_code":5,"worker_id":"71439372-63fb-46ab-9fc6-b3947366afc6-139697814206272","trial_id":3,"param_name":"n_estimators","param_value_internal":139.0,"distribution":"{\"name\": \"IntDistribution\", \"attributes\": {\"log\": false, \"step\": 1, \"low\": 50, \"high\": 200}}"}
{"op_code":5,"worker_id":"71439372-63fb-46ab-9fc6-b3947366afc6-139697814206272","trial_id":3,"param_name":"min_samples_split","param_value_internal":6.0,"distribution":"{\"name\": \"IntDistribution\", \"attributes\": {\"log\": false, \"step\": 1, \"low\": 5, \"high\": 20}}"}
{"op_code":5,"worker_id":"71439372-63fb-46ab-9fc6-b3947366afc6-139697814206272","trial_id":3,"param_name":"min_samples_leaf","param_value_internal":5.0,"distribution":"{\"name\": \"IntDistribution\", \"attributes\": {\"log\": false, \"step\": 1, \"low\": 5, \"high\": 20}}"}
{"op_code":6,"worker_id":"71439372-63fb-46ab-9fc6-b3947366afc6-139697814206272","trial_id":3,"state":1,"values":[0.6388888888888888],"datetime_complete":"2026-04-05T22:40:47.859405"}
{"op_code":4,"worker_id":"71439372-63fb-46ab-9fc6-b3947366afc6-139697814206272","study_id":0,"datetime_start":"2026-04-05T22:40:47.870667"}
{"op_code":5,"worker_id":"71439372-63fb-46ab-9fc6-b3947366afc6-139697814206272","trial_id":4,"param_name":"n_estimators","param_value_internal":165.0,"distribution":"{\"name\": \"IntDistribution\", \"attributes\": {\"log\": false, \"step\": 1, \"low\": 50, \"high\": 200}}"}
{"op_code":5,"worker_id":"71439372-63fb-46ab-9fc6-b3947366afc6-139697814206272","trial_id":4,"param_name":"min_samples_split","param_value_internal":6.0,"distribution":"{\"name\": \"IntDistribution\", \"attributes\": {\"log\": false, \"step\": 1, \"low\": 5, \"high\": 20}}"}
{"op_code":5,"worker_id":"71439372-63fb-46ab-9fc6-b3947366afc6-139697814206272","trial_id":4,"param_name":"min_samples_leaf","param_value_internal":5.0,"distribution":"{\"name\": \"IntDistribution\", \"attributes\": {\"log\": false, \"step\": 1, \"low\": 5, \"high\": 20}}"}
{"op_code":6,"worker_id":"71439372-63fb-46ab-9fc6-b3947366afc6-139697814206272","trial_id":4,"state":1,"values":[0.6388888888888888],"datetime_complete":"2026-04-05T22:40:48.069905"}
{"op_code":4,"worker_id":"71439372-63fb-46ab-9fc6-b3947366afc6-139697814206272","study_id":0,"datetime_start":"2026-04-05T22:40:48.089402"}
{"op_code":5,"worker_id":"71439372-63fb-46ab-9fc6-b3947366afc6-139697814206272","trial_id":5,"param_name":"n_estimators","param_value_internal":154.0,"distribution":"{\"name\": \"IntDistribution\", \"attributes\": {\"log\": false, \"step\": 1, \"low\": 50, \"high\": 200}}"}
{"op_code":5,"worker_id":"71439372-63fb-46ab-9fc6-b3947366afc6-139697814206272","trial_id":5,"param_name":"min_samples_split","param_value_internal":6.0,"distribution":"{\"name\": \"IntDistribution\", \"attributes\": {\"log\": false, \"step\": 1, \"low\": 5, \"high\": 20}}"}
{"op_code":5,"worker_id":"71439372-63fb-46ab-9fc6-b3947366afc6-139697814206272","trial_id":5,"param_name":"min_samples_leaf","param_value_internal":17.0,"distribution":"{\"name\": \"IntDistribution\", \"attributes\": {\"log\": false, \"step\": 1, \"low\": 5, \"high\": 20}}"}
{"op_code":6,"worker_id":"71439372-63fb-46ab-9fc6-b3947366afc6-139697814206272","trial_id":5,"state":1,"values":[0.5],"datetime_complete":"2026-04-05T22:40:48.276532"}
{"op_code":4,"worker_id":"71439372-63fb-46ab-9fc6-b3947366afc6-139697814206272","study_id":0,"datetime_start":"2026-04-05T22:40:48.290163"}
{"op_code":5,"worker_id":"71439372-63fb-46ab-9fc6-b3947366afc6-139697814206272","trial_id":6,"param_name":"n_estimators","param_value_internal":67.0,"distribution":"{\"name\": \"IntDistribution\", \"attributes\": {\"log\": false, \"step\": 1, \"low\": 50, \"high\": 200}}"}
{"op_code":5,"worker_id":"71439372-63fb-46ab-9fc6-b3947366afc6-139697814206272","trial_id":6,"param_name":"min_samples_split","param_value_internal":11.0,"distribution":"{\"name\": \"IntDistribution\", \"attributes\": {\"log\": false, \"step\": 1, \"low\": 5, \"high\": 20}}"}
{"op_code":5,"worker_id":"71439372-63fb-46ab-9fc6-b3947366afc6-139697814206272","trial_id":6,"param_name":"min_samples_leaf","param_value_internal":17.0,"distribution":"{\"name\": \"IntDistribution\", \"attributes\": {\"log\": false, \"step\": 1, \"low\": 5, \"high\": 20}}"}
{"op_code":6,"worker_id":"71439372-63fb-46ab-9fc6-b3947366afc6-139697814206272","trial_id":6,"state":1,"values":[0.5],"datetime_complete":"2026-04-05T22:40:48.408484"}
{"op_code":4,"worker_id":"71439372-63fb-46ab-9fc6-b3947366afc6-139697814206272","study_id":0,"datetime_start":"2026-04-05T22:40:48.419585"}
{"op_code":5,"worker_id":"71439372-63fb-46ab-9fc6-b3947366afc6-139697814206272","trial_id":7,"param_name":"n_estimators","param_value_internal":109.0,"distribution":"{\"name\": \"IntDistribution\", \"attributes\": {\"log\": false, \"step\": 1, \"low\": 50, \"high\": 200}}"}
{"op_code":5,"worker_id":"71439372-63fb-46ab-9fc6-b3947366afc6-139697814206272","trial_id":7,"param_name":"min_samples_split","param_value_internal":5.0,"distribution":"{\"name\": \"IntDistribution\", \"attributes\": {\"log\": false, \"step\": 1, \"low\": 5, \"high\": 20}}"}
{"op_code":5,"worker_id":"71439372-63fb-46ab-9fc6-b3947366afc6-139697814206272","trial_id":7,"param_name":"min_samples_leaf","param_value_internal":7.0,"distribution":"{\"name\": \"IntDistribution\", \"attributes\": {\"log\": false, \"step\": 1, \"low\": 5, \"high\": 20}}"}
{"op_code":6,"worker_id":"71439372-63fb-46ab-9fc6-b3947366afc6-139697814206272","trial_id":7,"state":1,"values":[0.5555555555555556],"datetime_complete":"2026-04-05T22:40:48.568416"}
{"op_code":4,"worker_id":"71439372-63fb-46ab-9fc6-b3947366afc6-139697814206272","study_id":0,"datetime_start":"2026-04-05T22:40:48.579518"}
{"op_code":5,"worker_id":"71439372-63fb-46ab-9fc6-b3947366afc6-139697814206272","trial_id":8,"param_name":"n_estimators","param_value_internal":163.0,"distribution":"{\"name\": \"IntDistribution\", \"attributes\": {\"log\": false, \"step\": 1, \"low\": 50, \"high\": 200}}"}
{"op_code":5,"worker_id":"71439372-63fb-46ab-9fc6-b3947366afc6-139697814206272","trial_id":8,"param_name":"min_samples_split","param_value_internal":19.0,"distribution":"{\"name\": \"IntDistribution\", \"attributes\": {\"log\": false, \"step\": 1, \"low\": 5, \"high\": 20}}"}
{"op_code":5,"worker_id":"71439372-63fb-46ab-9fc6-b3947366afc6-139697814206272","trial_id":8,"param_name":"min_samples_leaf","param_value_internal":16.0,"distribution":"{\"name\": \"IntDistribution\", \"attributes\": {\"log\": false, \"step\": 1, \"low\": 5, \"high\": 20}}"}
{"op_code":6,"worker_id":"71439372-63fb-46ab-9fc6-b3947366afc6-139697814206272","trial_id":8,"state":1,"values":[0.5277777777777778],"datetime_complete":"2026-04-05T22:40:48.787283"}
{"op_code":4,"worker_id":"71439372-63fb-46ab-9fc6-b3947366afc6-139697814206272","study_id":0,"datetime_start":"2026-04-05T22:40:48.802776"}
{"op_code":5,"worker_id":"71439372-63fb-46ab-9fc6-b3947366afc6-139697814206272","trial_id":9,"param_name":"n_estimators","param_value_internal":54.0,"distribution":"{\"name\": \"IntDistribution\", \"attributes\": {\"log\": false, \"step\": 1, \"low\": 50, \"high\": 200}}"}
{"op_code":5,"worker_id":"71439372-63fb-46ab-9fc6-b3947366afc6-139697814206272","trial_id":9,"param_name":"min_samples_split","param_value_internal":7.0,"distribution":"{\"name\": \"IntDistribution\", \"attributes\": {\"log\": false, \"step\": 1, \"low\": 5, \"high\": 20}}"}
{"op_code":5,"worker_id":"71439372-63fb-46ab-9fc6-b3947366afc6-139697814206272","trial_id":9,"param_name":"min_samples_leaf","param_value_internal":13.0,"distribution":"{\"name\": \"IntDistribution\", \"attributes\": {\"log\": false, \"step\": 1, \"low\": 5, \"high\": 20}}"}
{"op_code":6,"worker_id":"71439372-63fb-46ab-9fc6-b3947366afc6-139697814206272","trial_id":9,"state":1,"values":[0.5416666666666666],"datetime_complete":"2026-04-05T22:40:48.913486"}
{"op_code":4,"worker_id":"71439372-63fb-46ab-9fc6-b3947366afc6-139697814206272","study_id":0,"datetime_start":"2026-04-05T22:40:48.926074"}
{"op_code":5,"worker_id":"71439372-63fb-46ab-9fc6-b3947366afc6-139697814206272","trial_id":10,"param_name":"n_estimators","param_value_internal":200.0,"distribution":"{\"name\": \"IntDistribution\", \"attributes\": {\"log\": false, \"step\": 1, \"low\": 50, \"high\": 200}}"}
{"op_code":5,"worker_id":"71439372-63fb-46ab-9fc6-b3947366afc6-139697814206272","trial_id":10,"param_name":"min_samples_split","param_value_internal":14.0,"distribution":"{\"name\": \"IntDistribution\", \"attributes\": {\"log\": false, \"step\": 1, \"low\": 5, \"high\": 20}}"}
{"op_code":5,"worker_id":"71439372-63fb-46ab-9fc6-b3947366afc6-139697814206272","trial_id":10,"param_name":"min_samples_leaf","param_value_internal":9.0,"distribution":"{\"name\": \"IntDistribution\", \"attributes\": {\"log\": false, \"step\": 1, \"low\": 5, \"high\": 20}}"}
{"op_code":6,"worker_id":"71439372-63fb-46ab-9fc6-b3947366afc6-139697814206272","trial_id":10,"state":1,"values":[0.5833333333333334],"datetime_complete":"2026-04-05T22:40:49.159385"}
{"op_code":4,"worker_id":"71439372-63fb-46ab-9fc6-b3947366afc6-139697814206272","study_id":0,"datetime_start":"2026-04-05T22:40:49.171314"}
{"op_code":5,"worker_id":"71439372-63fb-46ab-9fc6-b3947366afc6-139697814206272","trial_id":11,"param_name":"n_estimators","param_value_internal":100.0,"distribution":"{\"name\": \"IntDistribution\", \"attributes\": {\"log\": false, \"step\": 1, \"low\": 50, \"high\": 200}}"}
{"op_code":5,"worker_id":"71439372-63fb-46ab-9fc6-b3947366afc6-139697814206272","trial_id":11,"param_name":"min_samples_split","param_value_internal":13.0,"distribution":"{\"name\": \"IntDistribution\", \"attributes\": {\"log\": false, \"step\": 1, \"low\": 5, \"high\": 20}}"}
{"op_code":5,"worker_id":"71439372-63fb-46ab-9fc6-b3947366afc6-139697814206272","trial_id":11,"param_name":"min_samples_leaf","param_value_internal":5.0,"distribution":"{\"name\": \"IntDistribution\", \"attributes\": {\"log\": false, \"step\": 1, \"low\": 5, \"high\": 20}}"}
{"op_code":6,"worker_id":"71439372-63fb-46ab-9fc6-b3947366afc6-139697814206272","trial_id":11,"state":1,"values":[0.6666666666666666],"datetime_complete":"2026-04-05T22:40:49.322448"}
{"op_code":4,"worker_id":"71439372-63fb-46ab-9fc6-b3947366afc6-139697814206272","study_id":0,"datetime_start":"2026-04-05T22:40:49.334898"}
{"op_code":5,"worker_id":"71439372-63fb-46ab-9fc6-b3947366afc6-139697814206272","trial_id":12,"param_name":"n_estimators","param_value_internal":99.0,"distribution":"{\"name\": \"IntDistribution\", \"attributes\": {\"log\": false, \"step\": 1, \"low\": 50, \"high\": 200}}"}
{"op_code":5,"worker_id":"71439372-63fb-46ab-9fc6-b3947366afc6-139697814206272","trial_id":12,"param_name":"min_samples_split","param_value_internal":14.0,"distribution":"{\"name\": \"IntDistribution\", \"attributes\": {\"log\": false, \"step\": 1, \"low\": 5, \"high\": 20}}"}
{"op_code":5,"worker_id":"71439372-63fb-46ab-9fc6-b3947366afc6-139697814206272","trial_id":12,"param_name":"min_samples_leaf","param_value_internal":5.0,"distribution":"{\"name\": \"IntDistribution\", \"attributes\": {\"log\": false, \"step\": 1, \"low\": 5, \"high\": 20}}"}
{"op_code":6,"worker_id":"71439372-63fb-46ab-9fc6-b3947366afc6-139697814206272","trial_id":12,"state":1,"values":[0.6666666666666666],"datetime_complete":"2026-04-05T22:40:49.475989"}
{"op_code":4,"worker_id":"71439372-63fb-46ab-9fc6-b3947366afc6-139697814206272","study_id":0,"datetime_start":"2026-04-05T22:40:49.487259"}
{"op_code":5,"worker_id":"71439372-63fb-46ab-9fc6-b3947366afc6-139697814206272","trial_id":13,"param_name":"n_estimators","param_value_internal":93.0,"distribution":"{\"name\": \"IntDistribution\", \"attributes\": {\"log\": false, \"step\": 1, \"low\": 50, \"high\": 200}}"}
{"op_code":5,"worker_id":"71439372-63fb-46ab-9fc6-b3947366afc6-139697814206272","trial_id":13,"param_name":"min_samples_split","param_value_internal":14.0,"distribution":"{\"name\": \"IntDistribution\", \"attributes\": {\"log\": false, \"step\": 1, \"low\": 5, \"high\": 20}}"}
{"op_code":5,"worker_id":"71439372-63fb-46ab-9fc6-b3947366afc6-139697814206272","trial_id":13,"param_name":"min_samples_leaf","param_value_internal":9.0,"distribution":"{\"name\": \"IntDistribution\", \"attributes\": {\"log\": false, \"step\": 1, \"low\": 5, \"high\": 20}}"}
{"op_code":6,"worker_id":"71439372-63fb-46ab-9fc6-b3947366afc6-139697814206272","trial_id":13,"state":1,"values":[0.5972222222222222],"datetime_complete":"2026-04-05T22:40:49.632955"}
{"op_code":4,"worker_id":"71439372-63fb-46ab-9fc6-b3947366afc6-139697814206272","study_id":0,"datetime_start":"2026-04-05T22:40:49.644117"}
{"op_code":5,"worker_id":"71439372-63fb-46ab-9fc6-b3947366afc6-139697814206272","trial_id":14,"param_name":"n_estimators","param_value_internal":89.0,"distribution":"{\"name\": \"IntDistribution\", \"attributes\": {\"log\": false, \"step\": 1, \"low\": 50, \"high\": 200}}"}
{"op_code":5,"worker_id":"71439372-63fb-46ab-9fc6-b3947366afc6-139697814206272","trial_id":14,"param_name":"min_samples_split","param_value_internal":16.0,"distribution":"{\"name\": \"IntDistribution\", \"attributes\": {\"log\": false, \"step\": 1, \"low\": 5, \"high\": 20}}"}
{"op_code":5,"worker_id":"71439372-63fb-46ab-9fc6-b3947366afc6-139697814206272","trial_id":14,"param_name":"min_samples_leaf","param_value_internal":12.0,"distribution":"{\"name\": \"IntDistribution\", \"attributes\": {\"log\": false, \"step\": 1, \"low\": 5, \"high\": 20}}"}
{"op_code":6,"worker_id":"71439372-63fb-46ab-9fc6-b3947366afc6-139697814206272","trial_id":14,"state":1,"values":[0.5416666666666666],"datetime_complete":"2026-04-05T22:40:49.791709"}
{"op_code":4,"worker_id":"71439372-63fb-46ab-9fc6-b3947366afc6-139697814206272","study_id":0,"datetime_start":"2026-04-05T22:40:49.802787"}
{"op_code":5,"worker_id":"71439372-63fb-46ab-9fc6-b3947366afc6-139697814206272","trial_id":15,"param_name":"n_estimators","param_value_internal":109.0,"distribution":"{\"name\": \"IntDistribution\", \"attributes\": {\"log\": false, \"step\": 1, \"low\": 50, \"high\": 200}}"}
{"op_code":5,"worker_id":"71439372-63fb-46ab-9fc6-b3947366afc6-139697814206272","trial_id":15,"param_name":"min_samples_split","param_value_internal":12.0,"distribution":"{\"name\": \"IntDistribution\", \"attributes\": {\"log\": false, \"step\": 1, \"low\": 5, \"high\": 20}}"}
{"op_code":5,"worker_id":"71439372-63fb-46ab-9fc6-b3947366afc6-139697814206272","trial_id":15,"param_name":"min_samples_leaf","param_value_internal":7.0,"distribution":"{\"name\": \"IntDistribution\", \"attributes\": {\"log\": false, \"step\": 1, \"low\": 5, \"high\": 20}}"}
{"op_code":6,"worker_id":"71439372-63fb-46ab-9fc6-b3947366afc6-139697814206272","trial_id":15,"state":1,"values":[0.5555555555555556],"datetime_complete":"2026-04-05T22:40:49.960907"}
{"op_code":4,"worker_id":"71439372-63fb-46ab-9fc6-b3947366afc6-139697814206272","study_id":0,"datetime_start":"2026-04-05T22:40:49.973846"}
{"op_code":5,"worker_id":"71439372-63fb-46ab-9fc6-b3947366afc6-139697814206272","trial_id":16,"param_name":"n_estimators","param_value_internal":80.0,"distribution":"{\"name\": \"IntDistribution\", \"attributes\": {\"log\": false, \"step\": 1, \"low\": 50, \"high\": 200}}"}
{"op_code":5,"worker_id":"71439372-63fb-46ab-9fc6-b3947366afc6-139697814206272","trial_id":16,"param_name":"min_samples_split","param_value_internal":15.0,"distribution":"{\"name\": \"IntDistribution\", \"attributes\": {\"log\": false, \"step\": 1, \"low\": 5, \"high\": 20}}"}
{"op_code":5,"worker_id":"71439372-63fb-46ab-9fc6-b3947366afc6-139697814206272","trial_id":16,"param_name":"min_samples_leaf","param_value_internal":12.0,"distribution":"{\"name\": \"IntDistribution\", \"attributes\": {\"log\": false, \"step\": 1, \"low\": 5, \"high\": 20}}"}
{"op_code":6,"worker_id":"71439372-63fb-46ab-9fc6-b3947366afc6-139697814206272","trial_id":16,"state":1,"values":[0.5416666666666666],"datetime_complete":"2026-04-05T22:40:50.104081"}
{"op_code":4,"worker_id":"71439372-63fb-46ab-9fc6-b3947366afc6-139697814206272","study_id":0,"datetime_start":"2026-04-05T22:40:50.116836"}
{"op_code":5,"worker_id":"71439372-63fb-46ab-9fc6-b3947366afc6-139697814206272","trial_id":17,"param_name":"n_estimators","param_value_internal":114.0,"distribution":"{\"name\": \"IntDistribution\", \"attributes\": {\"log\": false, \"step\": 1, \"low\": 50, \"high\": 200}}"}
{"op_code":5,"worker_id":"71439372-63fb-46ab-9fc6-b3947366afc6-139697814206272","trial_id":17,"param_name":"min_samples_split","param_value_internal":20.0,"distribution":"{\"name\": \"IntDistribution\", \"attributes\": {\"log\": false, \"step\": 1, \"low\": 5, \"high\": 20}}"}
{"op_code":5,"worker_id":"71439372-63fb-46ab-9fc6-b3947366afc6-139697814206272","trial_id":17,"param_name":"min_samples_leaf","param_value_internal":7.0,"distribution":"{\"name\": \"IntDistribution\", \"attributes\": {\"log\": false, \"step\": 1, \"low\": 5, \"high\": 20}}"}
{"op_code":6,"worker_id":"71439372-63fb-46ab-9fc6-b3947366afc6-139697814206272","trial_id":17,"state":1,"values":[0.5277777777777778],"datetime_complete":"2026-04-05T22:40:50.297649"}
{"op_code":4,"worker_id":"71439372-63fb-46ab-9fc6-b3947366afc6-139697814206272","study_id":0,"datetime_start":"2026-04-05T22:40:50.312609"}
{"op_code":5,"worker_id":"71439372-63fb-46ab-9fc6-b3947366afc6-139697814206272","trial_id":18,"param_name":"n_estimators","param_value_internal":120.0,"distribution":"{\"name\": \"IntDistribution\", \"attributes\": {\"log\": false, \"step\": 1, \"low\": 50, \"high\": 200}}"}
{"op_code":5,"worker_id":"71439372-63fb-46ab-9fc6-b3947366afc6-139697814206272","trial_id":18,"param_name":"min_samples_split","param_value_internal":11.0,"distribution":"{\"name\": \"IntDistribution\", \"attributes\": {\"log\": false, \"step\": 1, \"low\": 5, \"high\": 20}}"}
{"op_code":5,"worker_id":"71439372-63fb-46ab-9fc6-b3947366afc6-139697814206272","trial_id":18,"param_name":"min_samples_leaf","param_value_internal":5.0,"distribution":"{\"name\": \"IntDistribution\", \"attributes\": {\"log\": false, \"step\": 1, \"low\": 5, \"high\": 20}}"}
{"op_code":6,"worker_id":"71439372-63fb-46ab-9fc6-b3947366afc6-139697814206272","trial_id":18,"state":1,"values":[0.6944444444444444],"datetime_complete":"2026-04-05T22:40:50.467202"}
{"op_code":4,"worker_id":"71439372-63fb-46ab-9fc6-b3947366afc6-139697814206272","study_id":0,"datetime_start":"2026-04-05T22:40:50.479842"}
{"op_code":5,"worker_id":"71439372-63fb-46ab-9fc6-b3947366afc6-139697814206272","trial_id":19,"param_name":"n_estimators","param_value_internal":119.0,"distribution":"{\"name\": \"IntDistribution\", \"attributes\": {\"log\": false, \"step\": 1, \"low\": 50, \"high\": 200}}"}
{"op_code":5,"worker_id":"71439372-63fb-46ab-9fc6-b3947366afc6-139697814206272","trial_id":19,"param_name":"min_samples_split","param_value_internal":10.0,"distribution":"{\"name\": \"IntDistribution\", \"attributes\": {\"log\": false, \"step\": 1, \"low\": 5, \"high\": 20}}"}
{"op_code":5,"worker_id":"71439372-63fb-46ab-9fc6-b3947366afc6-139697814206272","trial_id":19,"param_name":"min_samples_leaf","param_value_internal":10.0,"distribution":"{\"name\": \"IntDistribution\", \"attributes\": {\"log\": false, \"step\": 1, \"low\": 5, \"high\": 20}}"}
{"op_code":6,"worker_id":"71439372-63fb-46ab-9fc6-b3947366afc6-139697814206272","trial_id":19,"state":1,"values":[0.6111111111111112],"datetime_complete":"2026-04-05T22:40:50.679596"}
