{"op_code":0,"worker_id":"7c4370fc-6772-4e46-8322-04ebfaf7def9-139699157092160","study_name":"deephit_single_tuning","directions":[2]}
{"op_code":4,"worker_id":"7c4370fc-6772-4e46-8322-04ebfaf7def9-139699157092160","study_id":0,"datetime_start":"2026-03-27T03:53:55.838041"}
{"op_code":5,"worker_id":"7c4370fc-6772-4e46-8322-04ebfaf7def9-139699157092160","trial_id":0,"param_name":"lr","param_value_internal":0.0032269788525316127,"distribution":"{\"name\": \"FloatDistribution\", \"attributes\": {\"step\": null, \"low\": 0.0001, \"high\": 0.1, \"log\": true}}"}
{"op_code":5,"worker_id":"7c4370fc-6772-4e46-8322-04ebfaf7def9-139699157092160","trial_id":0,"param_name":"dropout","param_value_internal":0.4297507083896569,"distribution":"{\"name\": \"FloatDistribution\", \"attributes\": {\"step\": null, \"low\": 0.0, \"high\": 0.5, \"log\": false}}"}
{"op_code":5,"worker_id":"7c4370fc-6772-4e46-8322-04ebfaf7def9-139699157092160","trial_id":0,"param_name":"layers","param_value_internal":1.0,"distribution":"{\"name\": \"IntDistribution\", \"attributes\": {\"log\": false, \"step\": 1, \"low\": 1, \"high\": 3}}"}
{"op_code":5,"worker_id":"7c4370fc-6772-4e46-8322-04ebfaf7def9-139699157092160","trial_id":0,"param_name":"nodes","param_value_internal":2,"distribution":"{\"name\": \"CategoricalDistribution\", \"attributes\": {\"choices\": [32, 64, 128]}}"}
{"op_code":5,"worker_id":"7c4370fc-6772-4e46-8322-04ebfaf7def9-139699157092160","trial_id":0,"param_name":"alpha","param_value_internal":0.3872789134156664,"distribution":"{\"name\": \"FloatDistribution\", \"attributes\": {\"step\": null, \"low\": 0.0, \"high\": 0.5, \"log\": false}}"}
{"op_code":5,"worker_id":"7c4370fc-6772-4e46-8322-04ebfaf7def9-139699157092160","trial_id":0,"param_name":"sigma","param_value_internal":0.02647000709563466,"distribution":"{\"name\": \"FloatDistribution\", \"attributes\": {\"step\": null, \"low\": 0.01, \"high\": 1.0, \"log\": true}}"}
{"op_code":6,"worker_id":"7c4370fc-6772-4e46-8322-04ebfaf7def9-139699157092160","trial_id":0,"state":1,"values":[0.5539242810236302],"datetime_complete":"2026-03-27T03:53:58.254102"}
{"op_code":4,"worker_id":"7c4370fc-6772-4e46-8322-04ebfaf7def9-139699157092160","study_id":0,"datetime_start":"2026-03-27T03:53:58.277763"}
{"op_code":5,"worker_id":"7c4370fc-6772-4e46-8322-04ebfaf7def9-139699157092160","trial_id":1,"param_name":"lr","param_value_internal":0.0364007255936869,"distribution":"{\"name\": \"FloatDistribution\", \"attributes\": {\"step\": null, \"low\": 0.0001, \"high\": 0.1, \"log\": true}}"}
{"op_code":5,"worker_id":"7c4370fc-6772-4e46-8322-04ebfaf7def9-139699157092160","trial_id":1,"param_name":"dropout","param_value_internal":0.024209903766505003,"distribution":"{\"name\": \"FloatDistribution\", \"attributes\": {\"step\": null, \"low\": 0.0, \"high\": 0.5, \"log\": false}}"}
{"op_code":5,"worker_id":"7c4370fc-6772-4e46-8322-04ebfaf7def9-139699157092160","trial_id":1,"param_name":"layers","param_value_internal":2.0,"distribution":"{\"name\": \"IntDistribution\", \"attributes\": {\"log\": false, \"step\": 1, \"low\": 1, \"high\": 3}}"}
{"op_code":5,"worker_id":"7c4370fc-6772-4e46-8322-04ebfaf7def9-139699157092160","trial_id":1,"param_name":"nodes","param_value_internal":2,"distribution":"{\"name\": \"CategoricalDistribution\", \"attributes\": {\"choices\": [32, 64, 128]}}"}
{"op_code":5,"worker_id":"7c4370fc-6772-4e46-8322-04ebfaf7def9-139699157092160","trial_id":1,"param_name":"alpha","param_value_internal":0.2894553280630159,"distribution":"{\"name\": \"FloatDistribution\", \"attributes\": {\"step\": null, \"low\": 0.0, \"high\": 0.5, \"log\": false}}"}
{"op_code":5,"worker_id":"7c4370fc-6772-4e46-8322-04ebfaf7def9-139699157092160","trial_id":1,"param_name":"sigma","param_value_internal":0.18411258860158305,"distribution":"{\"name\": \"FloatDistribution\", \"attributes\": {\"step\": null, \"low\": 0.01, \"high\": 1.0, \"log\": true}}"}
{"op_code":6,"worker_id":"7c4370fc-6772-4e46-8322-04ebfaf7def9-139699157092160","trial_id":1,"state":1,"values":[0.6438444275293728],"datetime_complete":"2026-03-27T03:54:00.935612"}
{"op_code":4,"worker_id":"7c4370fc-6772-4e46-8322-04ebfaf7def9-139699157092160","study_id":0,"datetime_start":"2026-03-27T03:54:00.961617"}
{"op_code":5,"worker_id":"7c4370fc-6772-4e46-8322-04ebfaf7def9-139699157092160","trial_id":2,"param_name":"lr","param_value_internal":0.006948298198293096,"distribution":"{\"name\": \"FloatDistribution\", \"attributes\": {\"step\": null, \"low\": 0.0001, \"high\": 0.1, \"log\": true}}"}
{"op_code":5,"worker_id":"7c4370fc-6772-4e46-8322-04ebfaf7def9-139699157092160","trial_id":2,"param_name":"dropout","param_value_internal":0.12065476607882497,"distribution":"{\"name\": \"FloatDistribution\", \"attributes\": {\"step\": null, \"low\": 0.0, \"high\": 0.5, \"log\": false}}"}
{"op_code":5,"worker_id":"7c4370fc-6772-4e46-8322-04ebfaf7def9-139699157092160","trial_id":2,"param_name":"layers","param_value_internal":2.0,"distribution":"{\"name\": \"IntDistribution\", \"attributes\": {\"log\": false, \"step\": 1, \"low\": 1, \"high\": 3}}"}
{"op_code":5,"worker_id":"7c4370fc-6772-4e46-8322-04ebfaf7def9-139699157092160","trial_id":2,"param_name":"nodes","param_value_internal":0,"distribution":"{\"name\": \"CategoricalDistribution\", \"attributes\": {\"choices\": [32, 64, 128]}}"}
{"op_code":5,"worker_id":"7c4370fc-6772-4e46-8322-04ebfaf7def9-139699157092160","trial_id":2,"param_name":"alpha","param_value_internal":0.15943174243653008,"distribution":"{\"name\": \"FloatDistribution\", \"attributes\": {\"step\": null, \"low\": 0.0, \"high\": 0.5, \"log\": false}}"}
{"op_code":5,"worker_id":"7c4370fc-6772-4e46-8322-04ebfaf7def9-139699157092160","trial_id":2,"param_name":"sigma","param_value_internal":0.07469972771991892,"distribution":"{\"name\": \"FloatDistribution\", \"attributes\": {\"step\": null, \"low\": 0.01, \"high\": 1.0, \"log\": true}}"}
{"op_code":6,"worker_id":"7c4370fc-6772-4e46-8322-04ebfaf7def9-139699157092160","trial_id":2,"state":1,"values":[0.6969682074674112],"datetime_complete":"2026-03-27T03:54:03.637289"}
{"op_code":4,"worker_id":"7c4370fc-6772-4e46-8322-04ebfaf7def9-139699157092160","study_id":0,"datetime_start":"2026-03-27T03:54:03.653479"}
{"op_code":5,"worker_id":"7c4370fc-6772-4e46-8322-04ebfaf7def9-139699157092160","trial_id":3,"param_name":"lr","param_value_internal":0.02300860343664364,"distribution":"{\"name\": \"FloatDistribution\", \"attributes\": {\"step\": null, \"low\": 0.0001, \"high\": 0.1, \"log\": true}}"}
{"op_code":5,"worker_id":"7c4370fc-6772-4e46-8322-04ebfaf7def9-139699157092160","trial_id":3,"param_name":"dropout","param_value_internal":0.12798572161546762,"distribution":"{\"name\": \"FloatDistribution\", \"attributes\": {\"step\": null, \"low\": 0.0, \"high\": 0.5, \"log\": false}}"}
{"op_code":5,"worker_id":"7c4370fc-6772-4e46-8322-04ebfaf7def9-139699157092160","trial_id":3,"param_name":"layers","param_value_internal":1.0,"distribution":"{\"name\": \"IntDistribution\", \"attributes\": {\"log\": false, \"step\": 1, \"low\": 1, \"high\": 3}}"}
{"op_code":5,"worker_id":"7c4370fc-6772-4e46-8322-04ebfaf7def9-139699157092160","trial_id":3,"param_name":"nodes","param_value_internal":1,"distribution":"{\"name\": \"CategoricalDistribution\", \"attributes\": {\"choices\": [32, 64, 128]}}"}
{"op_code":5,"worker_id":"7c4370fc-6772-4e46-8322-04ebfaf7def9-139699157092160","trial_id":3,"param_name":"alpha","param_value_internal":0.09528106811247905,"distribution":"{\"name\": \"FloatDistribution\", \"attributes\": {\"step\": null, \"low\": 0.0, \"high\": 0.5, \"log\": false}}"}
{"op_code":5,"worker_id":"7c4370fc-6772-4e46-8322-04ebfaf7def9-139699157092160","trial_id":3,"param_name":"sigma","param_value_internal":0.05769490108875139,"distribution":"{\"name\": \"FloatDistribution\", \"attributes\": {\"step\": null, \"low\": 0.01, \"high\": 1.0, \"log\": true}}"}
{"op_code":6,"worker_id":"7c4370fc-6772-4e46-8322-04ebfaf7def9-139699157092160","trial_id":3,"state":1,"values":[0.6804526061225693],"datetime_complete":"2026-03-27T03:54:06.057737"}
{"op_code":4,"worker_id":"7c4370fc-6772-4e46-8322-04ebfaf7def9-139699157092160","study_id":0,"datetime_start":"2026-03-27T03:54:06.082244"}
{"op_code":5,"worker_id":"7c4370fc-6772-4e46-8322-04ebfaf7def9-139699157092160","trial_id":4,"param_name":"lr","param_value_internal":0.025200549048143176,"distribution":"{\"name\": \"FloatDistribution\", \"attributes\": {\"step\": null, \"low\": 0.0001, \"high\": 0.1, \"log\": true}}"}
{"op_code":5,"worker_id":"7c4370fc-6772-4e46-8322-04ebfaf7def9-139699157092160","trial_id":4,"param_name":"dropout","param_value_internal":0.032203773887675424,"distribution":"{\"name\": \"FloatDistribution\", \"attributes\": {\"step\": null, \"low\": 0.0, \"high\": 0.5, \"log\": false}}"}
{"op_code":5,"worker_id":"7c4370fc-6772-4e46-8322-04ebfaf7def9-139699157092160","trial_id":4,"param_name":"layers","param_value_internal":2.0,"distribution":"{\"name\": \"IntDistribution\", \"attributes\": {\"log\": false, \"step\": 1, \"low\": 1, \"high\": 3}}"}
{"op_code":5,"worker_id":"7c4370fc-6772-4e46-8322-04ebfaf7def9-139699157092160","trial_id":4,"param_name":"nodes","param_value_internal":2,"distribution":"{\"name\": \"CategoricalDistribution\", \"attributes\": {\"choices\": [32, 64, 128]}}"}
{"op_code":5,"worker_id":"7c4370fc-6772-4e46-8322-04ebfaf7def9-139699157092160","trial_id":4,"param_name":"alpha","param_value_internal":0.2559600609087954,"distribution":"{\"name\": \"FloatDistribution\", \"attributes\": {\"step\": null, \"low\": 0.0, \"high\": 0.5, \"log\": false}}"}
{"op_code":5,"worker_id":"7c4370fc-6772-4e46-8322-04ebfaf7def9-139699157092160","trial_id":4,"param_name":"sigma","param_value_internal":0.010043086150123047,"distribution":"{\"name\": \"FloatDistribution\", \"attributes\": {\"step\": null, \"low\": 0.01, \"high\": 1.0, \"log\": true}}"}
{"op_code":6,"worker_id":"7c4370fc-6772-4e46-8322-04ebfaf7def9-139699157092160","trial_id":4,"state":1,"values":[0.007285964266755049],"datetime_complete":"2026-03-27T03:54:08.735933"}
{"op_code":4,"worker_id":"7c4370fc-6772-4e46-8322-04ebfaf7def9-139699157092160","study_id":0,"datetime_start":"2026-03-27T03:54:08.754190"}
{"op_code":5,"worker_id":"7c4370fc-6772-4e46-8322-04ebfaf7def9-139699157092160","trial_id":5,"param_name":"lr","param_value_internal":0.004142723243133147,"distribution":"{\"name\": \"FloatDistribution\", \"attributes\": {\"step\": null, \"low\": 0.0001, \"high\": 0.1, \"log\": true}}"}
{"op_code":5,"worker_id":"7c4370fc-6772-4e46-8322-04ebfaf7def9-139699157092160","trial_id":5,"param_name":"dropout","param_value_internal":0.29243040787818336,"distribution":"{\"name\": \"FloatDistribution\", \"attributes\": {\"step\": null, \"low\": 0.0, \"high\": 0.5, \"log\": false}}"}
{"op_code":5,"worker_id":"7c4370fc-6772-4e46-8322-04ebfaf7def9-139699157092160","trial_id":5,"param_name":"layers","param_value_internal":3.0,"distribution":"{\"name\": \"IntDistribution\", \"attributes\": {\"log\": false, \"step\": 1, \"low\": 1, \"high\": 3}}"}
{"op_code":5,"worker_id":"7c4370fc-6772-4e46-8322-04ebfaf7def9-139699157092160","trial_id":5,"param_name":"nodes","param_value_internal":2,"distribution":"{\"name\": \"CategoricalDistribution\", \"attributes\": {\"choices\": [32, 64, 128]}}"}
{"op_code":5,"worker_id":"7c4370fc-6772-4e46-8322-04ebfaf7def9-139699157092160","trial_id":5,"param_name":"alpha","param_value_internal":0.3891163517705088,"distribution":"{\"name\": \"FloatDistribution\", \"attributes\": {\"step\": null, \"low\": 0.0, \"high\": 0.5, \"log\": false}}"}
{"op_code":5,"worker_id":"7c4370fc-6772-4e46-8322-04ebfaf7def9-139699157092160","trial_id":5,"param_name":"sigma","param_value_internal":0.14491415354967513,"distribution":"{\"name\": \"FloatDistribution\", \"attributes\": {\"step\": null, \"low\": 0.01, \"high\": 1.0, \"log\": true}}"}
{"op_code":6,"worker_id":"7c4370fc-6772-4e46-8322-04ebfaf7def9-139699157092160","trial_id":5,"state":1,"values":[0.6986295983169816],"datetime_complete":"2026-03-27T03:54:11.700201"}
{"op_code":4,"worker_id":"7c4370fc-6772-4e46-8322-04ebfaf7def9-139699157092160","study_id":0,"datetime_start":"2026-03-27T03:54:11.733069"}
{"op_code":5,"worker_id":"7c4370fc-6772-4e46-8322-04ebfaf7def9-139699157092160","trial_id":6,"param_name":"lr","param_value_internal":0.006728922205355599,"distribution":"{\"name\": \"FloatDistribution\", \"attributes\": {\"step\": null, \"low\": 0.0001, \"high\": 0.1, \"log\": true}}"}
{"op_code":5,"worker_id":"7c4370fc-6772-4e46-8322-04ebfaf7def9-139699157092160","trial_id":6,"param_name":"dropout","param_value_internal":0.4558275126305791,"distribution":"{\"name\": \"FloatDistribution\", \"attributes\": {\"step\": null, \"low\": 0.0, \"high\": 0.5, \"log\": false}}"}
{"op_code":5,"worker_id":"7c4370fc-6772-4e46-8322-04ebfaf7def9-139699157092160","trial_id":6,"param_name":"layers","param_value_internal":1.0,"distribution":"{\"name\": \"IntDistribution\", \"attributes\": {\"log\": false, \"step\": 1, \"low\": 1, \"high\": 3}}"}
{"op_code":5,"worker_id":"7c4370fc-6772-4e46-8322-04ebfaf7def9-139699157092160","trial_id":6,"param_name":"nodes","param_value_internal":2,"distribution":"{\"name\": \"CategoricalDistribution\", \"attributes\": {\"choices\": [32, 64, 128]}}"}
{"op_code":5,"worker_id":"7c4370fc-6772-4e46-8322-04ebfaf7def9-139699157092160","trial_id":6,"param_name":"alpha","param_value_internal":0.3318471302880442,"distribution":"{\"name\": \"FloatDistribution\", \"attributes\": {\"step\": null, \"low\": 0.0, \"high\": 0.5, \"log\": false}}"}
{"op_code":5,"worker_id":"7c4370fc-6772-4e46-8322-04ebfaf7def9-139699157092160","trial_id":6,"param_name":"sigma","param_value_internal":0.4421721573365876,"distribution":"{\"name\": \"FloatDistribution\", \"attributes\": {\"step\": null, \"low\": 0.01, \"high\": 1.0, \"log\": true}}"}
{"op_code":6,"worker_id":"7c4370fc-6772-4e46-8322-04ebfaf7def9-139699157092160","trial_id":6,"state":1,"values":[0.6293637842073775],"datetime_complete":"2026-03-27T03:54:14.173436"}
{"op_code":4,"worker_id":"7c4370fc-6772-4e46-8322-04ebfaf7def9-139699157092160","study_id":0,"datetime_start":"2026-03-27T03:54:14.187102"}
{"op_code":5,"worker_id":"7c4370fc-6772-4e46-8322-04ebfaf7def9-139699157092160","trial_id":7,"param_name":"lr","param_value_internal":0.0005628645781425175,"distribution":"{\"name\": \"FloatDistribution\", \"attributes\": {\"step\": null, \"low\": 0.0001, \"high\": 0.1, \"log\": true}}"}
{"op_code":5,"worker_id":"7c4370fc-6772-4e46-8322-04ebfaf7def9-139699157092160","trial_id":7,"param_name":"dropout","param_value_internal":0.019720882879023516,"distribution":"{\"name\": \"FloatDistribution\", \"attributes\": {\"step\": null, \"low\": 0.0, \"high\": 0.5, \"log\": false}}"}
{"op_code":5,"worker_id":"7c4370fc-6772-4e46-8322-04ebfaf7def9-139699157092160","trial_id":7,"param_name":"layers","param_value_internal":3.0,"distribution":"{\"name\": \"IntDistribution\", \"attributes\": {\"log\": false, \"step\": 1, \"low\": 1, \"high\": 3}}"}
{"op_code":5,"worker_id":"7c4370fc-6772-4e46-8322-04ebfaf7def9-139699157092160","trial_id":7,"param_name":"nodes","param_value_internal":0,"distribution":"{\"name\": \"CategoricalDistribution\", \"attributes\": {\"choices\": [32, 64, 128]}}"}
{"op_code":5,"worker_id":"7c4370fc-6772-4e46-8322-04ebfaf7def9-139699157092160","trial_id":7,"param_name":"alpha","param_value_internal":0.3418305604108883,"distribution":"{\"name\": \"FloatDistribution\", \"attributes\": {\"step\": null, \"low\": 0.0, \"high\": 0.5, \"log\": false}}"}
{"op_code":5,"worker_id":"7c4370fc-6772-4e46-8322-04ebfaf7def9-139699157092160","trial_id":7,"param_name":"sigma","param_value_internal":0.16627655369251632,"distribution":"{\"name\": \"FloatDistribution\", \"attributes\": {\"step\": null, \"low\": 0.01, \"high\": 1.0, \"log\": true}}"}
{"op_code":6,"worker_id":"7c4370fc-6772-4e46-8322-04ebfaf7def9-139699157092160","trial_id":7,"state":1,"values":[0.6336232926154477],"datetime_complete":"2026-03-27T03:54:16.999156"}
{"op_code":4,"worker_id":"7c4370fc-6772-4e46-8322-04ebfaf7def9-139699157092160","study_id":0,"datetime_start":"2026-03-27T03:54:17.019765"}
{"op_code":5,"worker_id":"7c4370fc-6772-4e46-8322-04ebfaf7def9-139699157092160","trial_id":8,"param_name":"lr","param_value_internal":0.003252494647925427,"distribution":"{\"name\": \"FloatDistribution\", \"attributes\": {\"step\": null, \"low\": 0.0001, \"high\": 0.1, \"log\": true}}"}
{"op_code":5,"worker_id":"7c4370fc-6772-4e46-8322-04ebfaf7def9-139699157092160","trial_id":8,"param_name":"dropout","param_value_internal":0.27292111810986497,"distribution":"{\"name\": \"FloatDistribution\", \"attributes\": {\"step\": null, \"low\": 0.0, \"high\": 0.5, \"log\": false}}"}
{"op_code":5,"worker_id":"7c4370fc-6772-4e46-8322-04ebfaf7def9-139699157092160","trial_id":8,"param_name":"layers","param_value_internal":3.0,"distribution":"{\"name\": \"IntDistribution\", \"attributes\": {\"log\": false, \"step\": 1, \"low\": 1, \"high\": 3}}"}
{"op_code":5,"worker_id":"7c4370fc-6772-4e46-8322-04ebfaf7def9-139699157092160","trial_id":8,"param_name":"nodes","param_value_internal":1,"distribution":"{\"name\": \"CategoricalDistribution\", \"attributes\": {\"choices\": [32, 64, 128]}}"}
{"op_code":5,"worker_id":"7c4370fc-6772-4e46-8322-04ebfaf7def9-139699157092160","trial_id":8,"param_name":"alpha","param_value_internal":0.2907478736888833,"distribution":"{\"name\": \"FloatDistribution\", \"attributes\": {\"step\": null, \"low\": 0.0, \"high\": 0.5, \"log\": false}}"}
{"op_code":5,"worker_id":"7c4370fc-6772-4e46-8322-04ebfaf7def9-139699157092160","trial_id":8,"param_name":"sigma","param_value_internal":0.4265044006654056,"distribution":"{\"name\": \"FloatDistribution\", \"attributes\": {\"step\": null, \"low\": 0.01, \"high\": 1.0, \"log\": true}}"}
{"op_code":6,"worker_id":"7c4370fc-6772-4e46-8322-04ebfaf7def9-139699157092160","trial_id":8,"state":1,"values":[0.7275557752642355],"datetime_complete":"2026-03-27T03:54:19.928070"}
{"op_code":4,"worker_id":"7c4370fc-6772-4e46-8322-04ebfaf7def9-139699157092160","study_id":0,"datetime_start":"2026-03-27T03:54:19.950168"}
{"op_code":5,"worker_id":"7c4370fc-6772-4e46-8322-04ebfaf7def9-139699157092160","trial_id":9,"param_name":"lr","param_value_internal":0.0023731356954593153,"distribution":"{\"name\": \"FloatDistribution\", \"attributes\": {\"step\": null, \"low\": 0.0001, \"high\": 0.1, \"log\": true}}"}
{"op_code":5,"worker_id":"7c4370fc-6772-4e46-8322-04ebfaf7def9-139699157092160","trial_id":9,"param_name":"dropout","param_value_internal":0.20086075767177713,"distribution":"{\"name\": \"FloatDistribution\", \"attributes\": {\"step\": null, \"low\": 0.0, \"high\": 0.5, \"log\": false}}"}
{"op_code":5,"worker_id":"7c4370fc-6772-4e46-8322-04ebfaf7def9-139699157092160","trial_id":9,"param_name":"layers","param_value_internal":2.0,"distribution":"{\"name\": \"IntDistribution\", \"attributes\": {\"log\": false, \"step\": 1, \"low\": 1, \"high\": 3}}"}
{"op_code":5,"worker_id":"7c4370fc-6772-4e46-8322-04ebfaf7def9-139699157092160","trial_id":9,"param_name":"nodes","param_value_internal":2,"distribution":"{\"name\": \"CategoricalDistribution\", \"attributes\": {\"choices\": [32, 64, 128]}}"}
{"op_code":5,"worker_id":"7c4370fc-6772-4e46-8322-04ebfaf7def9-139699157092160","trial_id":9,"param_name":"alpha","param_value_internal":0.27598722151973193,"distribution":"{\"name\": \"FloatDistribution\", \"attributes\": {\"step\": null, \"low\": 0.0, \"high\": 0.5, \"log\": false}}"}
{"op_code":5,"worker_id":"7c4370fc-6772-4e46-8322-04ebfaf7def9-139699157092160","trial_id":9,"param_name":"sigma","param_value_internal":0.02417361164707363,"distribution":"{\"name\": \"FloatDistribution\", \"attributes\": {\"step\": null, \"low\": 0.01, \"high\": 1.0, \"log\": true}}"}
{"op_code":6,"worker_id":"7c4370fc-6772-4e46-8322-04ebfaf7def9-139699157092160","trial_id":9,"state":1,"values":[0.49245843714100335],"datetime_complete":"2026-03-27T03:54:22.616046"}
{"op_code":4,"worker_id":"7c4370fc-6772-4e46-8322-04ebfaf7def9-139699157092160","study_id":0,"datetime_start":"2026-03-27T03:54:22.642011"}
{"op_code":5,"worker_id":"7c4370fc-6772-4e46-8322-04ebfaf7def9-139699157092160","trial_id":10,"param_name":"lr","param_value_internal":0.0001243080067679755,"distribution":"{\"name\": \"FloatDistribution\", \"attributes\": {\"step\": null, \"low\": 0.0001, \"high\": 0.1, \"log\": true}}"}
{"op_code":5,"worker_id":"7c4370fc-6772-4e46-8322-04ebfaf7def9-139699157092160","trial_id":10,"param_name":"dropout","param_value_internal":0.3084947926479906,"distribution":"{\"name\": \"FloatDistribution\", \"attributes\": {\"step\": null, \"low\": 0.0, \"high\": 0.5, \"log\": false}}"}
{"op_code":5,"worker_id":"7c4370fc-6772-4e46-8322-04ebfaf7def9-139699157092160","trial_id":10,"param_name":"layers","param_value_internal":3.0,"distribution":"{\"name\": \"IntDistribution\", \"attributes\": {\"log\": false, \"step\": 1, \"low\": 1, \"high\": 3}}"}
{"op_code":5,"worker_id":"7c4370fc-6772-4e46-8322-04ebfaf7def9-139699157092160","trial_id":10,"param_name":"nodes","param_value_internal":1,"distribution":"{\"name\": \"CategoricalDistribution\", \"attributes\": {\"choices\": [32, 64, 128]}}"}
{"op_code":5,"worker_id":"7c4370fc-6772-4e46-8322-04ebfaf7def9-139699157092160","trial_id":10,"param_name":"alpha","param_value_internal":0.48909635108859745,"distribution":"{\"name\": \"FloatDistribution\", \"attributes\": {\"step\": null, \"low\": 0.0, \"high\": 0.5, \"log\": false}}"}
{"op_code":5,"worker_id":"7c4370fc-6772-4e46-8322-04ebfaf7def9-139699157092160","trial_id":10,"param_name":"sigma","param_value_internal":0.7778291284671897,"distribution":"{\"name\": \"FloatDistribution\", \"attributes\": {\"step\": null, \"low\": 0.01, \"high\": 1.0, \"log\": true}}"}
{"op_code":6,"worker_id":"7c4370fc-6772-4e46-8322-04ebfaf7def9-139699157092160","trial_id":10,"state":1,"values":[0.6708957466708986],"datetime_complete":"2026-03-27T03:54:25.542967"}
{"op_code":4,"worker_id":"7c4370fc-6772-4e46-8322-04ebfaf7def9-139699157092160","study_id":0,"datetime_start":"2026-03-27T03:54:25.568834"}
{"op_code":5,"worker_id":"7c4370fc-6772-4e46-8322-04ebfaf7def9-139699157092160","trial_id":11,"param_name":"lr","param_value_internal":0.0007906328980449683,"distribution":"{\"name\": \"FloatDistribution\", \"attributes\": {\"step\": null, \"low\": 0.0001, \"high\": 0.1, \"log\": true}}"}
{"op_code":5,"worker_id":"7c4370fc-6772-4e46-8322-04ebfaf7def9-139699157092160","trial_id":11,"param_name":"dropout","param_value_internal":0.31438296261686227,"distribution":"{\"name\": \"FloatDistribution\", \"attributes\": {\"step\": null, \"low\": 0.0, \"high\": 0.5, \"log\": false}}"}
{"op_code":5,"worker_id":"7c4370fc-6772-4e46-8322-04ebfaf7def9-139699157092160","trial_id":11,"param_name":"layers","param_value_internal":3.0,"distribution":"{\"name\": \"IntDistribution\", \"attributes\": {\"log\": false, \"step\": 1, \"low\": 1, \"high\": 3}}"}
{"op_code":5,"worker_id":"7c4370fc-6772-4e46-8322-04ebfaf7def9-139699157092160","trial_id":11,"param_name":"nodes","param_value_internal":1,"distribution":"{\"name\": \"CategoricalDistribution\", \"attributes\": {\"choices\": [32, 64, 128]}}"}
{"op_code":5,"worker_id":"7c4370fc-6772-4e46-8322-04ebfaf7def9-139699157092160","trial_id":11,"param_name":"alpha","param_value_internal":0.44656815478938927,"distribution":"{\"name\": \"FloatDistribution\", \"attributes\": {\"step\": null, \"low\": 0.0, \"high\": 0.5, \"log\": false}}"}
{"op_code":5,"worker_id":"7c4370fc-6772-4e46-8322-04ebfaf7def9-139699157092160","trial_id":11,"param_name":"sigma","param_value_internal":0.3148876276952545,"distribution":"{\"name\": \"FloatDistribution\", \"attributes\": {\"step\": null, \"low\": 0.01, \"high\": 1.0, \"log\": true}}"}
{"op_code":6,"worker_id":"7c4370fc-6772-4e46-8322-04ebfaf7def9-139699157092160","trial_id":11,"state":1,"values":[0.683243124819185],"datetime_complete":"2026-03-27T03:54:28.449676"}
{"op_code":4,"worker_id":"7c4370fc-6772-4e46-8322-04ebfaf7def9-139699157092160","study_id":0,"datetime_start":"2026-03-27T03:54:28.471752"}
{"op_code":5,"worker_id":"7c4370fc-6772-4e46-8322-04ebfaf7def9-139699157092160","trial_id":12,"param_name":"lr","param_value_internal":0.0010127622200842362,"distribution":"{\"name\": \"FloatDistribution\", \"attributes\": {\"step\": null, \"low\": 0.0001, \"high\": 0.1, \"log\": true}}"}
{"op_code":5,"worker_id":"7c4370fc-6772-4e46-8322-04ebfaf7def9-139699157092160","trial_id":12,"param_name":"dropout","param_value_internal":0.3452759548442914,"distribution":"{\"name\": \"FloatDistribution\", \"attributes\": {\"step\": null, \"low\": 0.0, \"high\": 0.5, \"log\": false}}"}
{"op_code":5,"worker_id":"7c4370fc-6772-4e46-8322-04ebfaf7def9-139699157092160","trial_id":12,"param_name":"layers","param_value_internal":3.0,"distribution":"{\"name\": \"IntDistribution\", \"attributes\": {\"log\": false, \"step\": 1, \"low\": 1, \"high\": 3}}"}
{"op_code":5,"worker_id":"7c4370fc-6772-4e46-8322-04ebfaf7def9-139699157092160","trial_id":12,"param_name":"nodes","param_value_internal":1,"distribution":"{\"name\": \"CategoricalDistribution\", \"attributes\": {\"choices\": [32, 64, 128]}}"}
{"op_code":5,"worker_id":"7c4370fc-6772-4e46-8322-04ebfaf7def9-139699157092160","trial_id":12,"param_name":"alpha","param_value_internal":0.40470249445790435,"distribution":"{\"name\": \"FloatDistribution\", \"attributes\": {\"step\": null, \"low\": 0.0, \"high\": 0.5, \"log\": false}}"}
{"op_code":5,"worker_id":"7c4370fc-6772-4e46-8322-04ebfaf7def9-139699157092160","trial_id":12,"param_name":"sigma","param_value_internal":0.7614240314831046,"distribution":"{\"name\": \"FloatDistribution\", \"attributes\": {\"step\": null, \"low\": 0.01, \"high\": 1.0, \"log\": true}}"}
{"op_code":6,"worker_id":"7c4370fc-6772-4e46-8322-04ebfaf7def9-139699157092160","trial_id":12,"state":1,"values":[0.7199959553629359],"datetime_complete":"2026-03-27T03:54:31.411022"}
{"op_code":4,"worker_id":"7c4370fc-6772-4e46-8322-04ebfaf7def9-139699157092160","study_id":0,"datetime_start":"2026-03-27T03:54:31.437489"}
{"op_code":5,"worker_id":"7c4370fc-6772-4e46-8322-04ebfaf7def9-139699157092160","trial_id":13,"param_name":"lr","param_value_internal":0.0008283780783805129,"distribution":"{\"name\": \"FloatDistribution\", \"attributes\": {\"step\": null, \"low\": 0.0001, \"high\": 0.1, \"log\": true}}"}
{"op_code":5,"worker_id":"7c4370fc-6772-4e46-8322-04ebfaf7def9-139699157092160","trial_id":13,"param_name":"dropout","param_value_internal":0.3717646105522264,"distribution":"{\"name\": \"FloatDistribution\", \"attributes\": {\"step\": null, \"low\": 0.0, \"high\": 0.5, \"log\": false}}"}
{"op_code":5,"worker_id":"7c4370fc-6772-4e46-8322-04ebfaf7def9-139699157092160","trial_id":13,"param_name":"layers","param_value_internal":3.0,"distribution":"{\"name\": \"IntDistribution\", \"attributes\": {\"log\": false, \"step\": 1, \"low\": 1, \"high\": 3}}"}
{"op_code":5,"worker_id":"7c4370fc-6772-4e46-8322-04ebfaf7def9-139699157092160","trial_id":13,"param_name":"nodes","param_value_internal":1,"distribution":"{\"name\": \"CategoricalDistribution\", \"attributes\": {\"choices\": [32, 64, 128]}}"}
{"op_code":5,"worker_id":"7c4370fc-6772-4e46-8322-04ebfaf7def9-139699157092160","trial_id":13,"param_name":"alpha","param_value_internal":0.16630594038802327,"distribution":"{\"name\": \"FloatDistribution\", \"attributes\": {\"step\": null, \"low\": 0.0, \"high\": 0.5, \"log\": false}}"}
{"op_code":5,"worker_id":"7c4370fc-6772-4e46-8322-04ebfaf7def9-139699157092160","trial_id":13,"param_name":"sigma","param_value_internal":0.8160609760266553,"distribution":"{\"name\": \"FloatDistribution\", \"attributes\": {\"step\": null, \"low\": 0.01, \"high\": 1.0, \"log\": true}}"}
{"op_code":6,"worker_id":"7c4370fc-6772-4e46-8322-04ebfaf7def9-139699157092160","trial_id":13,"state":1,"values":[0.7586868411665407],"datetime_complete":"2026-03-27T03:54:34.332399"}
{"op_code":4,"worker_id":"7c4370fc-6772-4e46-8322-04ebfaf7def9-139699157092160","study_id":0,"datetime_start":"2026-03-27T03:54:34.351608"}
{"op_code":5,"worker_id":"7c4370fc-6772-4e46-8322-04ebfaf7def9-139699157092160","trial_id":14,"param_name":"lr","param_value_internal":0.00020844239908689396,"distribution":"{\"name\": \"FloatDistribution\", \"attributes\": {\"step\": null, \"low\": 0.0001, \"high\": 0.1, \"log\": true}}"}
{"op_code":5,"worker_id":"7c4370fc-6772-4e46-8322-04ebfaf7def9-139699157092160","trial_id":14,"param_name":"dropout","param_value_internal":0.38795168482366005,"distribution":"{\"name\": \"FloatDistribution\", \"attributes\": {\"step\": null, \"low\": 0.0, \"high\": 0.5, \"log\": false}}"}
{"op_code":5,"worker_id":"7c4370fc-6772-4e46-8322-04ebfaf7def9-139699157092160","trial_id":14,"param_name":"layers","param_value_internal":3.0,"distribution":"{\"name\": \"IntDistribution\", \"attributes\": {\"log\": false, \"step\": 1, \"low\": 1, \"high\": 3}}"}
{"op_code":5,"worker_id":"7c4370fc-6772-4e46-8322-04ebfaf7def9-139699157092160","trial_id":14,"param_name":"nodes","param_value_internal":1,"distribution":"{\"name\": \"CategoricalDistribution\", \"attributes\": {\"choices\": [32, 64, 128]}}"}
{"op_code":5,"worker_id":"7c4370fc-6772-4e46-8322-04ebfaf7def9-139699157092160","trial_id":14,"param_name":"alpha","param_value_internal":0.18029899599751725,"distribution":"{\"name\": \"FloatDistribution\", \"attributes\": {\"step\": null, \"low\": 0.0, \"high\": 0.5, \"log\": false}}"}
{"op_code":5,"worker_id":"7c4370fc-6772-4e46-8322-04ebfaf7def9-139699157092160","trial_id":14,"param_name":"sigma","param_value_internal":0.4425477214126575,"distribution":"{\"name\": \"FloatDistribution\", \"attributes\": {\"step\": null, \"low\": 0.01, \"high\": 1.0, \"log\": true}}"}
{"op_code":6,"worker_id":"7c4370fc-6772-4e46-8322-04ebfaf7def9-139699157092160","trial_id":14,"state":1,"values":[0.7387585772989127],"datetime_complete":"2026-03-27T03:54:37.247653"}
{"op_code":4,"worker_id":"7c4370fc-6772-4e46-8322-04ebfaf7def9-139699157092160","study_id":0,"datetime_start":"2026-03-27T03:54:37.261294"}
{"op_code":5,"worker_id":"7c4370fc-6772-4e46-8322-04ebfaf7def9-139699157092160","trial_id":15,"param_name":"lr","param_value_internal":0.0001680640102139149,"distribution":"{\"name\": \"FloatDistribution\", \"attributes\": {\"step\": null, \"low\": 0.0001, \"high\": 0.1, \"log\": true}}"}
{"op_code":5,"worker_id":"7c4370fc-6772-4e46-8322-04ebfaf7def9-139699157092160","trial_id":15,"param_name":"dropout","param_value_internal":0.39435307869880903,"distribution":"{\"name\": \"FloatDistribution\", \"attributes\": {\"step\": null, \"low\": 0.0, \"high\": 0.5, \"log\": false}}"}
{"op_code":5,"worker_id":"7c4370fc-6772-4e46-8322-04ebfaf7def9-139699157092160","trial_id":15,"param_name":"layers","param_value_internal":2.0,"distribution":"{\"name\": \"IntDistribution\", \"attributes\": {\"log\": false, \"step\": 1, \"low\": 1, \"high\": 3}}"}
{"op_code":5,"worker_id":"7c4370fc-6772-4e46-8322-04ebfaf7def9-139699157092160","trial_id":15,"param_name":"nodes","param_value_internal":1,"distribution":"{\"name\": \"CategoricalDistribution\", \"attributes\": {\"choices\": [32, 64, 128]}}"}
{"op_code":5,"worker_id":"7c4370fc-6772-4e46-8322-04ebfaf7def9-139699157092160","trial_id":15,"param_name":"alpha","param_value_internal":0.17015001515847933,"distribution":"{\"name\": \"FloatDistribution\", \"attributes\": {\"step\": null, \"low\": 0.0, \"high\": 0.5, \"log\": false}}"}
{"op_code":5,"worker_id":"7c4370fc-6772-4e46-8322-04ebfaf7def9-139699157092160","trial_id":15,"param_name":"sigma","param_value_internal":0.9462763565443426,"distribution":"{\"name\": \"FloatDistribution\", \"attributes\": {\"step\": null, \"low\": 0.01, \"high\": 1.0, \"log\": true}}"}
{"op_code":6,"worker_id":"7c4370fc-6772-4e46-8322-04ebfaf7def9-139699157092160","trial_id":15,"state":1,"values":[0.7389523828248981],"datetime_complete":"2026-03-27T03:54:39.890778"}
{"op_code":4,"worker_id":"7c4370fc-6772-4e46-8322-04ebfaf7def9-139699157092160","study_id":0,"datetime_start":"2026-03-27T03:54:39.904827"}
{"op_code":5,"worker_id":"7c4370fc-6772-4e46-8322-04ebfaf7def9-139699157092160","trial_id":16,"param_name":"lr","param_value_internal":0.000310847225070563,"distribution":"{\"name\": \"FloatDistribution\", \"attributes\": {\"step\": null, \"low\": 0.0001, \"high\": 0.1, \"log\": true}}"}
{"op_code":5,"worker_id":"7c4370fc-6772-4e46-8322-04ebfaf7def9-139699157092160","trial_id":16,"param_name":"dropout","param_value_internal":0.48869288144678685,"distribution":"{\"name\": \"FloatDistribution\", \"attributes\": {\"step\": null, \"low\": 0.0, \"high\": 0.5, \"log\": false}}"}
{"op_code":5,"worker_id":"7c4370fc-6772-4e46-8322-04ebfaf7def9-139699157092160","trial_id":16,"param_name":"layers","param_value_internal":2.0,"distribution":"{\"name\": \"IntDistribution\", \"attributes\": {\"log\": false, \"step\": 1, \"low\": 1, \"high\": 3}}"}
{"op_code":5,"worker_id":"7c4370fc-6772-4e46-8322-04ebfaf7def9-139699157092160","trial_id":16,"param_name":"nodes","param_value_internal":1,"distribution":"{\"name\": \"CategoricalDistribution\", \"attributes\": {\"choices\": [32, 64, 128]}}"}
{"op_code":5,"worker_id":"7c4370fc-6772-4e46-8322-04ebfaf7def9-139699157092160","trial_id":16,"param_name":"alpha","param_value_internal":0.005440238528155672,"distribution":"{\"name\": \"FloatDistribution\", \"attributes\": {\"step\": null, \"low\": 0.0, \"high\": 0.5, \"log\": false}}"}
{"op_code":5,"worker_id":"7c4370fc-6772-4e46-8322-04ebfaf7def9-139699157092160","trial_id":16,"param_name":"sigma","param_value_internal":0.9582261690551114,"distribution":"{\"name\": \"FloatDistribution\", \"attributes\": {\"step\": null, \"low\": 0.01, \"high\": 1.0, \"log\": true}}"}
{"op_code":6,"worker_id":"7c4370fc-6772-4e46-8322-04ebfaf7def9-139699157092160","trial_id":16,"state":1,"values":[0.7647425616596494],"datetime_complete":"2026-03-27T03:54:42.546631"}
{"op_code":4,"worker_id":"7c4370fc-6772-4e46-8322-04ebfaf7def9-139699157092160","study_id":0,"datetime_start":"2026-03-27T03:54:42.560605"}
{"op_code":5,"worker_id":"7c4370fc-6772-4e46-8322-04ebfaf7def9-139699157092160","trial_id":17,"param_name":"lr","param_value_internal":0.0004268922400160976,"distribution":"{\"name\": \"FloatDistribution\", \"attributes\": {\"step\": null, \"low\": 0.0001, \"high\": 0.1, \"log\": true}}"}
{"op_code":5,"worker_id":"7c4370fc-6772-4e46-8322-04ebfaf7def9-139699157092160","trial_id":17,"param_name":"dropout","param_value_internal":0.49271967061373784,"distribution":"{\"name\": \"FloatDistribution\", \"attributes\": {\"step\": null, \"low\": 0.0, \"high\": 0.5, \"log\": false}}"}
{"op_code":5,"worker_id":"7c4370fc-6772-4e46-8322-04ebfaf7def9-139699157092160","trial_id":17,"param_name":"layers","param_value_internal":2.0,"distribution":"{\"name\": \"IntDistribution\", \"attributes\": {\"log\": false, \"step\": 1, \"low\": 1, \"high\": 3}}"}
{"op_code":5,"worker_id":"7c4370fc-6772-4e46-8322-04ebfaf7def9-139699157092160","trial_id":17,"param_name":"nodes","param_value_internal":1,"distribution":"{\"name\": \"CategoricalDistribution\", \"attributes\": {\"choices\": [32, 64, 128]}}"}
{"op_code":5,"worker_id":"7c4370fc-6772-4e46-8322-04ebfaf7def9-139699157092160","trial_id":17,"param_name":"alpha","param_value_internal":0.0062518017939474264,"distribution":"{\"name\": \"FloatDistribution\", \"attributes\": {\"step\": null, \"low\": 0.0, \"high\": 0.5, \"log\": false}}"}
{"op_code":5,"worker_id":"7c4370fc-6772-4e46-8322-04ebfaf7def9-139699157092160","trial_id":17,"param_name":"sigma","param_value_internal":0.26367209758060284,"distribution":"{\"name\": \"FloatDistribution\", \"attributes\": {\"step\": null, \"low\": 0.01, \"high\": 1.0, \"log\": true}}"}
{"op_code":6,"worker_id":"7c4370fc-6772-4e46-8322-04ebfaf7def9-139699157092160","trial_id":17,"state":1,"values":[0.7633536220567542],"datetime_complete":"2026-03-27T03:54:45.209511"}
{"op_code":4,"worker_id":"7c4370fc-6772-4e46-8322-04ebfaf7def9-139699157092160","study_id":0,"datetime_start":"2026-03-27T03:54:45.222124"}
{"op_code":5,"worker_id":"7c4370fc-6772-4e46-8322-04ebfaf7def9-139699157092160","trial_id":18,"param_name":"lr","param_value_internal":0.0003367461628904914,"distribution":"{\"name\": \"FloatDistribution\", \"attributes\": {\"step\": null, \"low\": 0.0001, \"high\": 0.1, \"log\": true}}"}
{"op_code":5,"worker_id":"7c4370fc-6772-4e46-8322-04ebfaf7def9-139699157092160","trial_id":18,"param_name":"dropout","param_value_internal":0.4902885808838326,"distribution":"{\"name\": \"FloatDistribution\", \"attributes\": {\"step\": null, \"low\": 0.0, \"high\": 0.5, \"log\": false}}"}
{"op_code":5,"worker_id":"7c4370fc-6772-4e46-8322-04ebfaf7def9-139699157092160","trial_id":18,"param_name":"layers","param_value_internal":2.0,"distribution":"{\"name\": \"IntDistribution\", \"attributes\": {\"log\": false, \"step\": 1, \"low\": 1, \"high\": 3}}"}
{"op_code":5,"worker_id":"7c4370fc-6772-4e46-8322-04ebfaf7def9-139699157092160","trial_id":18,"param_name":"nodes","param_value_internal":0,"distribution":"{\"name\": \"CategoricalDistribution\", \"attributes\": {\"choices\": [32, 64, 128]}}"}
{"op_code":5,"worker_id":"7c4370fc-6772-4e46-8322-04ebfaf7def9-139699157092160","trial_id":18,"param_name":"alpha","param_value_internal":0.008731645305579239,"distribution":"{\"name\": \"FloatDistribution\", \"attributes\": {\"step\": null, \"low\": 0.0, \"high\": 0.5, \"log\": false}}"}
{"op_code":5,"worker_id":"7c4370fc-6772-4e46-8322-04ebfaf7def9-139699157092160","trial_id":18,"param_name":"sigma","param_value_internal":0.22877341180711233,"distribution":"{\"name\": \"FloatDistribution\", \"attributes\": {\"step\": null, \"low\": 0.01, \"high\": 1.0, \"log\": true}}"}
{"op_code":6,"worker_id":"7c4370fc-6772-4e46-8322-04ebfaf7def9-139699157092160","trial_id":18,"state":1,"values":[0.7448592382038441],"datetime_complete":"2026-03-27T03:54:47.861056"}
{"op_code":4,"worker_id":"7c4370fc-6772-4e46-8322-04ebfaf7def9-139699157092160","study_id":0,"datetime_start":"2026-03-27T03:54:47.872735"}
{"op_code":5,"worker_id":"7c4370fc-6772-4e46-8322-04ebfaf7def9-139699157092160","trial_id":19,"param_name":"lr","param_value_internal":0.09289791236780838,"distribution":"{\"name\": \"FloatDistribution\", \"attributes\": {\"step\": null, \"low\": 0.0001, \"high\": 0.1, \"log\": true}}"}
{"op_code":5,"worker_id":"7c4370fc-6772-4e46-8322-04ebfaf7def9-139699157092160","trial_id":19,"param_name":"dropout","param_value_internal":0.44973565178937,"distribution":"{\"name\": \"FloatDistribution\", \"attributes\": {\"step\": null, \"low\": 0.0, \"high\": 0.5, \"log\": false}}"}
{"op_code":5,"worker_id":"7c4370fc-6772-4e46-8322-04ebfaf7def9-139699157092160","trial_id":19,"param_name":"layers","param_value_internal":2.0,"distribution":"{\"name\": \"IntDistribution\", \"attributes\": {\"log\": false, \"step\": 1, \"low\": 1, \"high\": 3}}"}
{"op_code":5,"worker_id":"7c4370fc-6772-4e46-8322-04ebfaf7def9-139699157092160","trial_id":19,"param_name":"nodes","param_value_internal":1,"distribution":"{\"name\": \"CategoricalDistribution\", \"attributes\": {\"choices\": [32, 64, 128]}}"}
{"op_code":5,"worker_id":"7c4370fc-6772-4e46-8322-04ebfaf7def9-139699157092160","trial_id":19,"param_name":"alpha","param_value_internal":0.018114581661580482,"distribution":"{\"name\": \"FloatDistribution\", \"attributes\": {\"step\": null, \"low\": 0.0, \"high\": 0.5, \"log\": false}}"}
{"op_code":5,"worker_id":"7c4370fc-6772-4e46-8322-04ebfaf7def9-139699157092160","trial_id":19,"param_name":"sigma","param_value_internal":0.10779028897010945,"distribution":"{\"name\": \"FloatDistribution\", \"attributes\": {\"step\": null, \"low\": 0.01, \"high\": 1.0, \"log\": true}}"}
{"op_code":6,"worker_id":"7c4370fc-6772-4e46-8322-04ebfaf7def9-139699157092160","trial_id":19,"state":1,"values":[0.5072859642667551],"datetime_complete":"2026-03-27T03:54:50.510903"}
