{"op_code":0,"worker_id":"3258217a-90b2-4ae0-92ed-166b31f9880d-140252871579456","study_name":"deepsurv_tuning","directions":[2]}
{"op_code":4,"worker_id":"3258217a-90b2-4ae0-92ed-166b31f9880d-140252871579456","study_id":0,"datetime_start":"2026-03-30T11:38:39.163494"}
{"op_code":5,"worker_id":"3258217a-90b2-4ae0-92ed-166b31f9880d-140252871579456","trial_id":0,"param_name":"lr","param_value_internal":0.0077264964517169635,"distribution":"{\"name\": \"FloatDistribution\", \"attributes\": {\"step\": null, \"low\": 0.0001, \"high\": 0.1, \"log\": true}}"}
{"op_code":5,"worker_id":"3258217a-90b2-4ae0-92ed-166b31f9880d-140252871579456","trial_id":0,"param_name":"dropout","param_value_internal":0.42799189631145207,"distribution":"{\"name\": \"FloatDistribution\", \"attributes\": {\"step\": null, \"low\": 0.0, \"high\": 0.5, \"log\": false}}"}
{"op_code":5,"worker_id":"3258217a-90b2-4ae0-92ed-166b31f9880d-140252871579456","trial_id":0,"param_name":"layers","param_value_internal":0,"distribution":"{\"name\": \"CategoricalDistribution\", \"attributes\": {\"choices\": [1, 2, 3]}}"}
{"op_code":5,"worker_id":"3258217a-90b2-4ae0-92ed-166b31f9880d-140252871579456","trial_id":0,"param_name":"nodes","param_value_internal":1,"distribution":"{\"name\": \"CategoricalDistribution\", \"attributes\": {\"choices\": [16, 32, 64]}}"}
{"op_code":6,"worker_id":"3258217a-90b2-4ae0-92ed-166b31f9880d-140252871579456","trial_id":0,"state":1,"values":[0.7703818369453045],"datetime_complete":"2026-03-30T11:38:40.646764"}
{"op_code":4,"worker_id":"3258217a-90b2-4ae0-92ed-166b31f9880d-140252871579456","study_id":0,"datetime_start":"2026-03-30T11:38:40.672870"}
{"op_code":5,"worker_id":"3258217a-90b2-4ae0-92ed-166b31f9880d-140252871579456","trial_id":1,"param_name":"lr","param_value_internal":0.0017941527533970134,"distribution":"{\"name\": \"FloatDistribution\", \"attributes\": {\"step\": null, \"low\": 0.0001, \"high\": 0.1, \"log\": true}}"}
{"op_code":5,"worker_id":"3258217a-90b2-4ae0-92ed-166b31f9880d-140252871579456","trial_id":1,"param_name":"dropout","param_value_internal":0.06593388866800648,"distribution":"{\"name\": \"FloatDistribution\", \"attributes\": {\"step\": null, \"low\": 0.0, \"high\": 0.5, \"log\": false}}"}
{"op_code":5,"worker_id":"3258217a-90b2-4ae0-92ed-166b31f9880d-140252871579456","trial_id":1,"param_name":"layers","param_value_internal":1,"distribution":"{\"name\": \"CategoricalDistribution\", \"attributes\": {\"choices\": [1, 2, 3]}}"}
{"op_code":5,"worker_id":"3258217a-90b2-4ae0-92ed-166b31f9880d-140252871579456","trial_id":1,"param_name":"nodes","param_value_internal":2,"distribution":"{\"name\": \"CategoricalDistribution\", \"attributes\": {\"choices\": [16, 32, 64]}}"}
{"op_code":6,"worker_id":"3258217a-90b2-4ae0-92ed-166b31f9880d-140252871579456","trial_id":1,"state":1,"values":[0.7662538699690402],"datetime_complete":"2026-03-30T11:38:41.320701"}
{"op_code":4,"worker_id":"3258217a-90b2-4ae0-92ed-166b31f9880d-140252871579456","study_id":0,"datetime_start":"2026-03-30T11:38:41.446940"}
{"op_code":5,"worker_id":"3258217a-90b2-4ae0-92ed-166b31f9880d-140252871579456","trial_id":2,"param_name":"lr","param_value_internal":0.011386694573809997,"distribution":"{\"name\": \"FloatDistribution\", \"attributes\": {\"step\": null, \"low\": 0.0001, \"high\": 0.1, \"log\": true}}"}
{"op_code":5,"worker_id":"3258217a-90b2-4ae0-92ed-166b31f9880d-140252871579456","trial_id":2,"param_name":"dropout","param_value_internal":0.4199970626450558,"distribution":"{\"name\": \"FloatDistribution\", \"attributes\": {\"step\": null, \"low\": 0.0, \"high\": 0.5, \"log\": false}}"}
{"op_code":5,"worker_id":"3258217a-90b2-4ae0-92ed-166b31f9880d-140252871579456","trial_id":2,"param_name":"layers","param_value_internal":1,"distribution":"{\"name\": \"CategoricalDistribution\", \"attributes\": {\"choices\": [1, 2, 3]}}"}
{"op_code":5,"worker_id":"3258217a-90b2-4ae0-92ed-166b31f9880d-140252871579456","trial_id":2,"param_name":"nodes","param_value_internal":1,"distribution":"{\"name\": \"CategoricalDistribution\", \"attributes\": {\"choices\": [16, 32, 64]}}"}
{"op_code":6,"worker_id":"3258217a-90b2-4ae0-92ed-166b31f9880d-140252871579456","trial_id":2,"state":1,"values":[0.7549019607843137],"datetime_complete":"2026-03-30T11:38:42.001242"}
{"op_code":4,"worker_id":"3258217a-90b2-4ae0-92ed-166b31f9880d-140252871579456","study_id":0,"datetime_start":"2026-03-30T11:38:42.028499"}
{"op_code":5,"worker_id":"3258217a-90b2-4ae0-92ed-166b31f9880d-140252871579456","trial_id":3,"param_name":"lr","param_value_internal":0.0008213549377740424,"distribution":"{\"name\": \"FloatDistribution\", \"attributes\": {\"step\": null, \"low\": 0.0001, \"high\": 0.1, \"log\": true}}"}
{"op_code":5,"worker_id":"3258217a-90b2-4ae0-92ed-166b31f9880d-140252871579456","trial_id":3,"param_name":"dropout","param_value_internal":0.4509467588898047,"distribution":"{\"name\": \"FloatDistribution\", \"attributes\": {\"step\": null, \"low\": 0.0, \"high\": 0.5, \"log\": false}}"}
{"op_code":5,"worker_id":"3258217a-90b2-4ae0-92ed-166b31f9880d-140252871579456","trial_id":3,"param_name":"layers","param_value_internal":0,"distribution":"{\"name\": \"CategoricalDistribution\", \"attributes\": {\"choices\": [1, 2, 3]}}"}
{"op_code":5,"worker_id":"3258217a-90b2-4ae0-92ed-166b31f9880d-140252871579456","trial_id":3,"param_name":"nodes","param_value_internal":0,"distribution":"{\"name\": \"CategoricalDistribution\", \"attributes\": {\"choices\": [16, 32, 64]}}"}
{"op_code":6,"worker_id":"3258217a-90b2-4ae0-92ed-166b31f9880d-140252871579456","trial_id":3,"state":1,"values":[0.6713106295149639],"datetime_complete":"2026-03-30T11:38:42.496921"}
{"op_code":4,"worker_id":"3258217a-90b2-4ae0-92ed-166b31f9880d-140252871579456","study_id":0,"datetime_start":"2026-03-30T11:38:42.699689"}
{"op_code":5,"worker_id":"3258217a-90b2-4ae0-92ed-166b31f9880d-140252871579456","trial_id":4,"param_name":"lr","param_value_internal":0.002761667000617362,"distribution":"{\"name\": \"FloatDistribution\", \"attributes\": {\"step\": null, \"low\": 0.0001, \"high\": 0.1, \"log\": true}}"}
{"op_code":5,"worker_id":"3258217a-90b2-4ae0-92ed-166b31f9880d-140252871579456","trial_id":4,"param_name":"dropout","param_value_internal":0.32455778343536096,"distribution":"{\"name\": \"FloatDistribution\", \"attributes\": {\"step\": null, \"low\": 0.0, \"high\": 0.5, \"log\": false}}"}
{"op_code":5,"worker_id":"3258217a-90b2-4ae0-92ed-166b31f9880d-140252871579456","trial_id":4,"param_name":"layers","param_value_internal":0,"distribution":"{\"name\": \"CategoricalDistribution\", \"attributes\": {\"choices\": [1, 2, 3]}}"}
{"op_code":5,"worker_id":"3258217a-90b2-4ae0-92ed-166b31f9880d-140252871579456","trial_id":4,"param_name":"nodes","param_value_internal":2,"distribution":"{\"name\": \"CategoricalDistribution\", \"attributes\": {\"choices\": [16, 32, 64]}}"}
{"op_code":6,"worker_id":"3258217a-90b2-4ae0-92ed-166b31f9880d-140252871579456","trial_id":4,"state":1,"values":[0.7647058823529411],"datetime_complete":"2026-03-30T11:38:43.134954"}
{"op_code":4,"worker_id":"3258217a-90b2-4ae0-92ed-166b31f9880d-140252871579456","study_id":0,"datetime_start":"2026-03-30T11:38:43.156578"}
{"op_code":5,"worker_id":"3258217a-90b2-4ae0-92ed-166b31f9880d-140252871579456","trial_id":5,"param_name":"lr","param_value_internal":0.05544103031102565,"distribution":"{\"name\": \"FloatDistribution\", \"attributes\": {\"step\": null, \"low\": 0.0001, \"high\": 0.1, \"log\": true}}"}
{"op_code":5,"worker_id":"3258217a-90b2-4ae0-92ed-166b31f9880d-140252871579456","trial_id":5,"param_name":"dropout","param_value_internal":0.48066983056610685,"distribution":"{\"name\": \"FloatDistribution\", \"attributes\": {\"step\": null, \"low\": 0.0, \"high\": 0.5, \"log\": false}}"}
{"op_code":5,"worker_id":"3258217a-90b2-4ae0-92ed-166b31f9880d-140252871579456","trial_id":5,"param_name":"layers","param_value_internal":1,"distribution":"{\"name\": \"CategoricalDistribution\", \"attributes\": {\"choices\": [1, 2, 3]}}"}
{"op_code":5,"worker_id":"3258217a-90b2-4ae0-92ed-166b31f9880d-140252871579456","trial_id":5,"param_name":"nodes","param_value_internal":0,"distribution":"{\"name\": \"CategoricalDistribution\", \"attributes\": {\"choices\": [16, 32, 64]}}"}
{"op_code":6,"worker_id":"3258217a-90b2-4ae0-92ed-166b31f9880d-140252871579456","trial_id":5,"state":1,"values":[0.7574819401444789],"datetime_complete":"2026-03-30T11:38:43.639624"}
{"op_code":4,"worker_id":"3258217a-90b2-4ae0-92ed-166b31f9880d-140252871579456","study_id":0,"datetime_start":"2026-03-30T11:38:43.659785"}
{"op_code":5,"worker_id":"3258217a-90b2-4ae0-92ed-166b31f9880d-140252871579456","trial_id":6,"param_name":"lr","param_value_internal":0.009346202253521892,"distribution":"{\"name\": \"FloatDistribution\", \"attributes\": {\"step\": null, \"low\": 0.0001, \"high\": 0.1, \"log\": true}}"}
{"op_code":5,"worker_id":"3258217a-90b2-4ae0-92ed-166b31f9880d-140252871579456","trial_id":6,"param_name":"dropout","param_value_internal":0.33111903320748864,"distribution":"{\"name\": \"FloatDistribution\", \"attributes\": {\"step\": null, \"low\": 0.0, \"high\": 0.5, \"log\": false}}"}
{"op_code":5,"worker_id":"3258217a-90b2-4ae0-92ed-166b31f9880d-140252871579456","trial_id":6,"param_name":"layers","param_value_internal":0,"distribution":"{\"name\": \"CategoricalDistribution\", \"attributes\": {\"choices\": [1, 2, 3]}}"}
{"op_code":5,"worker_id":"3258217a-90b2-4ae0-92ed-166b31f9880d-140252871579456","trial_id":6,"param_name":"nodes","param_value_internal":2,"distribution":"{\"name\": \"CategoricalDistribution\", \"attributes\": {\"choices\": [16, 32, 64]}}"}
{"op_code":6,"worker_id":"3258217a-90b2-4ae0-92ed-166b31f9880d-140252871579456","trial_id":6,"state":1,"values":[0.759545923632611],"datetime_complete":"2026-03-30T11:38:44.105767"}
{"op_code":4,"worker_id":"3258217a-90b2-4ae0-92ed-166b31f9880d-140252871579456","study_id":0,"datetime_start":"2026-03-30T11:38:44.121007"}
{"op_code":5,"worker_id":"3258217a-90b2-4ae0-92ed-166b31f9880d-140252871579456","trial_id":7,"param_name":"lr","param_value_internal":0.007209569113923827,"distribution":"{\"name\": \"FloatDistribution\", \"attributes\": {\"step\": null, \"low\": 0.0001, \"high\": 0.1, \"log\": true}}"}
{"op_code":5,"worker_id":"3258217a-90b2-4ae0-92ed-166b31f9880d-140252871579456","trial_id":7,"param_name":"dropout","param_value_internal":0.49825342435748465,"distribution":"{\"name\": \"FloatDistribution\", \"attributes\": {\"step\": null, \"low\": 0.0, \"high\": 0.5, \"log\": false}}"}
{"op_code":5,"worker_id":"3258217a-90b2-4ae0-92ed-166b31f9880d-140252871579456","trial_id":7,"param_name":"layers","param_value_internal":0,"distribution":"{\"name\": \"CategoricalDistribution\", \"attributes\": {\"choices\": [1, 2, 3]}}"}
{"op_code":5,"worker_id":"3258217a-90b2-4ae0-92ed-166b31f9880d-140252871579456","trial_id":7,"param_name":"nodes","param_value_internal":1,"distribution":"{\"name\": \"CategoricalDistribution\", \"attributes\": {\"choices\": [16, 32, 64]}}"}
{"op_code":6,"worker_id":"3258217a-90b2-4ae0-92ed-166b31f9880d-140252871579456","trial_id":7,"state":1,"values":[0.7745098039215687],"datetime_complete":"2026-03-30T11:38:44.522382"}
{"op_code":4,"worker_id":"3258217a-90b2-4ae0-92ed-166b31f9880d-140252871579456","study_id":0,"datetime_start":"2026-03-30T11:38:44.533324"}
{"op_code":5,"worker_id":"3258217a-90b2-4ae0-92ed-166b31f9880d-140252871579456","trial_id":8,"param_name":"lr","param_value_internal":0.017358790538779072,"distribution":"{\"name\": \"FloatDistribution\", \"attributes\": {\"step\": null, \"low\": 0.0001, \"high\": 0.1, \"log\": true}}"}
{"op_code":5,"worker_id":"3258217a-90b2-4ae0-92ed-166b31f9880d-140252871579456","trial_id":8,"param_name":"dropout","param_value_internal":0.297184769121838,"distribution":"{\"name\": \"FloatDistribution\", \"attributes\": {\"step\": null, \"low\": 0.0, \"high\": 0.5, \"log\": false}}"}
{"op_code":5,"worker_id":"3258217a-90b2-4ae0-92ed-166b31f9880d-140252871579456","trial_id":8,"param_name":"layers","param_value_internal":2,"distribution":"{\"name\": \"CategoricalDistribution\", \"attributes\": {\"choices\": [1, 2, 3]}}"}
{"op_code":5,"worker_id":"3258217a-90b2-4ae0-92ed-166b31f9880d-140252871579456","trial_id":8,"param_name":"nodes","param_value_internal":1,"distribution":"{\"name\": \"CategoricalDistribution\", \"attributes\": {\"choices\": [16, 32, 64]}}"}
{"op_code":6,"worker_id":"3258217a-90b2-4ae0-92ed-166b31f9880d-140252871579456","trial_id":8,"state":1,"values":[0.7729618163054696],"datetime_complete":"2026-03-30T11:38:45.085200"}
{"op_code":4,"worker_id":"3258217a-90b2-4ae0-92ed-166b31f9880d-140252871579456","study_id":0,"datetime_start":"2026-03-30T11:38:45.105329"}
{"op_code":5,"worker_id":"3258217a-90b2-4ae0-92ed-166b31f9880d-140252871579456","trial_id":9,"param_name":"lr","param_value_internal":0.05751773035632032,"distribution":"{\"name\": \"FloatDistribution\", \"attributes\": {\"step\": null, \"low\": 0.0001, \"high\": 0.1, \"log\": true}}"}
{"op_code":5,"worker_id":"3258217a-90b2-4ae0-92ed-166b31f9880d-140252871579456","trial_id":9,"param_name":"dropout","param_value_internal":0.2183182172619753,"distribution":"{\"name\": \"FloatDistribution\", \"attributes\": {\"step\": null, \"low\": 0.0, \"high\": 0.5, \"log\": false}}"}
{"op_code":5,"worker_id":"3258217a-90b2-4ae0-92ed-166b31f9880d-140252871579456","trial_id":9,"param_name":"layers","param_value_internal":1,"distribution":"{\"name\": \"CategoricalDistribution\", \"attributes\": {\"choices\": [1, 2, 3]}}"}
{"op_code":5,"worker_id":"3258217a-90b2-4ae0-92ed-166b31f9880d-140252871579456","trial_id":9,"param_name":"nodes","param_value_internal":1,"distribution":"{\"name\": \"CategoricalDistribution\", \"attributes\": {\"choices\": [16, 32, 64]}}"}
{"op_code":6,"worker_id":"3258217a-90b2-4ae0-92ed-166b31f9880d-140252871579456","trial_id":9,"state":1,"values":[0.7543859649122807],"datetime_complete":"2026-03-30T11:38:45.592027"}
{"op_code":4,"worker_id":"3258217a-90b2-4ae0-92ed-166b31f9880d-140252871579456","study_id":0,"datetime_start":"2026-03-30T11:38:45.612655"}
{"op_code":5,"worker_id":"3258217a-90b2-4ae0-92ed-166b31f9880d-140252871579456","trial_id":10,"param_name":"lr","param_value_internal":0.00011038492406373836,"distribution":"{\"name\": \"FloatDistribution\", \"attributes\": {\"step\": null, \"low\": 0.0001, \"high\": 0.1, \"log\": true}}"}
{"op_code":5,"worker_id":"3258217a-90b2-4ae0-92ed-166b31f9880d-140252871579456","trial_id":10,"param_name":"dropout","param_value_internal":0.18752178702777905,"distribution":"{\"name\": \"FloatDistribution\", \"attributes\": {\"step\": null, \"low\": 0.0, \"high\": 0.5, \"log\": false}}"}
{"op_code":5,"worker_id":"3258217a-90b2-4ae0-92ed-166b31f9880d-140252871579456","trial_id":10,"param_name":"layers","param_value_internal":2,"distribution":"{\"name\": \"CategoricalDistribution\", \"attributes\": {\"choices\": [1, 2, 3]}}"}
{"op_code":5,"worker_id":"3258217a-90b2-4ae0-92ed-166b31f9880d-140252871579456","trial_id":10,"param_name":"nodes","param_value_internal":1,"distribution":"{\"name\": \"CategoricalDistribution\", \"attributes\": {\"choices\": [16, 32, 64]}}"}
{"op_code":6,"worker_id":"3258217a-90b2-4ae0-92ed-166b31f9880d-140252871579456","trial_id":10,"state":1,"values":[0.4504643962848297],"datetime_complete":"2026-03-30T11:38:46.255408"}
{"op_code":4,"worker_id":"3258217a-90b2-4ae0-92ed-166b31f9880d-140252871579456","study_id":0,"datetime_start":"2026-03-30T11:38:46.276944"}
{"op_code":5,"worker_id":"3258217a-90b2-4ae0-92ed-166b31f9880d-140252871579456","trial_id":11,"param_name":"lr","param_value_internal":0.02235439407930926,"distribution":"{\"name\": \"FloatDistribution\", \"attributes\": {\"step\": null, \"low\": 0.0001, \"high\": 0.1, \"log\": true}}"}
{"op_code":5,"worker_id":"3258217a-90b2-4ae0-92ed-166b31f9880d-140252871579456","trial_id":11,"param_name":"dropout","param_value_internal":0.004990867024852935,"distribution":"{\"name\": \"FloatDistribution\", \"attributes\": {\"step\": null, \"low\": 0.0, \"high\": 0.5, \"log\": false}}"}
{"op_code":5,"worker_id":"3258217a-90b2-4ae0-92ed-166b31f9880d-140252871579456","trial_id":11,"param_name":"layers","param_value_internal":2,"distribution":"{\"name\": \"CategoricalDistribution\", \"attributes\": {\"choices\": [1, 2, 3]}}"}
{"op_code":5,"worker_id":"3258217a-90b2-4ae0-92ed-166b31f9880d-140252871579456","trial_id":11,"param_name":"nodes","param_value_internal":1,"distribution":"{\"name\": \"CategoricalDistribution\", \"attributes\": {\"choices\": [16, 32, 64]}}"}
{"op_code":6,"worker_id":"3258217a-90b2-4ae0-92ed-166b31f9880d-140252871579456","trial_id":11,"state":1,"values":[0.7048503611971104],"datetime_complete":"2026-03-30T11:38:46.834858"}
{"op_code":4,"worker_id":"3258217a-90b2-4ae0-92ed-166b31f9880d-140252871579456","study_id":0,"datetime_start":"2026-03-30T11:38:46.861067"}
{"op_code":5,"worker_id":"3258217a-90b2-4ae0-92ed-166b31f9880d-140252871579456","trial_id":12,"param_name":"lr","param_value_internal":0.00040988791911612463,"distribution":"{\"name\": \"FloatDistribution\", \"attributes\": {\"step\": null, \"low\": 0.0001, \"high\": 0.1, \"log\": true}}"}
{"op_code":5,"worker_id":"3258217a-90b2-4ae0-92ed-166b31f9880d-140252871579456","trial_id":12,"param_name":"dropout","param_value_internal":0.3063627068283127,"distribution":"{\"name\": \"FloatDistribution\", \"attributes\": {\"step\": null, \"low\": 0.0, \"high\": 0.5, \"log\": false}}"}
{"op_code":5,"worker_id":"3258217a-90b2-4ae0-92ed-166b31f9880d-140252871579456","trial_id":12,"param_name":"layers","param_value_internal":2,"distribution":"{\"name\": \"CategoricalDistribution\", \"attributes\": {\"choices\": [1, 2, 3]}}"}
{"op_code":5,"worker_id":"3258217a-90b2-4ae0-92ed-166b31f9880d-140252871579456","trial_id":12,"param_name":"nodes","param_value_internal":1,"distribution":"{\"name\": \"CategoricalDistribution\", \"attributes\": {\"choices\": [16, 32, 64]}}"}
{"op_code":6,"worker_id":"3258217a-90b2-4ae0-92ed-166b31f9880d-140252871579456","trial_id":12,"state":1,"values":[0.6202270381836945],"datetime_complete":"2026-03-30T11:38:47.416614"}
{"op_code":4,"worker_id":"3258217a-90b2-4ae0-92ed-166b31f9880d-140252871579456","study_id":0,"datetime_start":"2026-03-30T11:38:47.435803"}
{"op_code":5,"worker_id":"3258217a-90b2-4ae0-92ed-166b31f9880d-140252871579456","trial_id":13,"param_name":"lr","param_value_internal":0.023002254198029665,"distribution":"{\"name\": \"FloatDistribution\", \"attributes\": {\"step\": null, \"low\": 0.0001, \"high\": 0.1, \"log\": true}}"}
{"op_code":5,"worker_id":"3258217a-90b2-4ae0-92ed-166b31f9880d-140252871579456","trial_id":13,"param_name":"dropout","param_value_internal":0.14235697328510302,"distribution":"{\"name\": \"FloatDistribution\", \"attributes\": {\"step\": null, \"low\": 0.0, \"high\": 0.5, \"log\": false}}"}
{"op_code":5,"worker_id":"3258217a-90b2-4ae0-92ed-166b31f9880d-140252871579456","trial_id":13,"param_name":"layers","param_value_internal":2,"distribution":"{\"name\": \"CategoricalDistribution\", \"attributes\": {\"choices\": [1, 2, 3]}}"}
{"op_code":5,"worker_id":"3258217a-90b2-4ae0-92ed-166b31f9880d-140252871579456","trial_id":13,"param_name":"nodes","param_value_internal":1,"distribution":"{\"name\": \"CategoricalDistribution\", \"attributes\": {\"choices\": [16, 32, 64]}}"}
{"op_code":6,"worker_id":"3258217a-90b2-4ae0-92ed-166b31f9880d-140252871579456","trial_id":13,"state":1,"values":[0.7306501547987616],"datetime_complete":"2026-03-30T11:38:48.001741"}
{"op_code":4,"worker_id":"3258217a-90b2-4ae0-92ed-166b31f9880d-140252871579456","study_id":0,"datetime_start":"2026-03-30T11:38:48.022123"}
{"op_code":5,"worker_id":"3258217a-90b2-4ae0-92ed-166b31f9880d-140252871579456","trial_id":14,"param_name":"lr","param_value_internal":0.0048277115893679634,"distribution":"{\"name\": \"FloatDistribution\", \"attributes\": {\"step\": null, \"low\": 0.0001, \"high\": 0.1, \"log\": true}}"}
{"op_code":5,"worker_id":"3258217a-90b2-4ae0-92ed-166b31f9880d-140252871579456","trial_id":14,"param_name":"dropout","param_value_internal":0.3616458370241159,"distribution":"{\"name\": \"FloatDistribution\", \"attributes\": {\"step\": null, \"low\": 0.0, \"high\": 0.5, \"log\": false}}"}
{"op_code":5,"worker_id":"3258217a-90b2-4ae0-92ed-166b31f9880d-140252871579456","trial_id":14,"param_name":"layers","param_value_internal":2,"distribution":"{\"name\": \"CategoricalDistribution\", \"attributes\": {\"choices\": [1, 2, 3]}}"}
{"op_code":5,"worker_id":"3258217a-90b2-4ae0-92ed-166b31f9880d-140252871579456","trial_id":14,"param_name":"nodes","param_value_internal":1,"distribution":"{\"name\": \"CategoricalDistribution\", \"attributes\": {\"choices\": [16, 32, 64]}}"}
{"op_code":6,"worker_id":"3258217a-90b2-4ae0-92ed-166b31f9880d-140252871579456","trial_id":14,"state":1,"values":[0.7337461300309598],"datetime_complete":"2026-03-30T11:38:48.577236"}
{"op_code":4,"worker_id":"3258217a-90b2-4ae0-92ed-166b31f9880d-140252871579456","study_id":0,"datetime_start":"2026-03-30T11:38:48.589944"}
{"op_code":5,"worker_id":"3258217a-90b2-4ae0-92ed-166b31f9880d-140252871579456","trial_id":15,"param_name":"lr","param_value_internal":0.022013212055427903,"distribution":"{\"name\": \"FloatDistribution\", \"attributes\": {\"step\": null, \"low\": 0.0001, \"high\": 0.1, \"log\": true}}"}
{"op_code":5,"worker_id":"3258217a-90b2-4ae0-92ed-166b31f9880d-140252871579456","trial_id":15,"param_name":"dropout","param_value_internal":0.25761939010540336,"distribution":"{\"name\": \"FloatDistribution\", \"attributes\": {\"step\": null, \"low\": 0.0, \"high\": 0.5, \"log\": false}}"}
{"op_code":5,"worker_id":"3258217a-90b2-4ae0-92ed-166b31f9880d-140252871579456","trial_id":15,"param_name":"layers","param_value_internal":0,"distribution":"{\"name\": \"CategoricalDistribution\", \"attributes\": {\"choices\": [1, 2, 3]}}"}
{"op_code":5,"worker_id":"3258217a-90b2-4ae0-92ed-166b31f9880d-140252871579456","trial_id":15,"param_name":"nodes","param_value_internal":0,"distribution":"{\"name\": \"CategoricalDistribution\", \"attributes\": {\"choices\": [16, 32, 64]}}"}
{"op_code":6,"worker_id":"3258217a-90b2-4ae0-92ed-166b31f9880d-140252871579456","trial_id":15,"state":1,"values":[0.7652218782249742],"datetime_complete":"2026-03-30T11:38:49.001678"}
{"op_code":4,"worker_id":"3258217a-90b2-4ae0-92ed-166b31f9880d-140252871579456","study_id":0,"datetime_start":"2026-03-30T11:38:49.013260"}
{"op_code":5,"worker_id":"3258217a-90b2-4ae0-92ed-166b31f9880d-140252871579456","trial_id":16,"param_name":"lr","param_value_internal":0.08594517297019572,"distribution":"{\"name\": \"FloatDistribution\", \"attributes\": {\"step\": null, \"low\": 0.0001, \"high\": 0.1, \"log\": true}}"}
{"op_code":5,"worker_id":"3258217a-90b2-4ae0-92ed-166b31f9880d-140252871579456","trial_id":16,"param_name":"dropout","param_value_internal":0.3899619204438019,"distribution":"{\"name\": \"FloatDistribution\", \"attributes\": {\"step\": null, \"low\": 0.0, \"high\": 0.5, \"log\": false}}"}
{"op_code":5,"worker_id":"3258217a-90b2-4ae0-92ed-166b31f9880d-140252871579456","trial_id":16,"param_name":"layers","param_value_internal":0,"distribution":"{\"name\": \"CategoricalDistribution\", \"attributes\": {\"choices\": [1, 2, 3]}}"}
{"op_code":5,"worker_id":"3258217a-90b2-4ae0-92ed-166b31f9880d-140252871579456","trial_id":16,"param_name":"nodes","param_value_internal":1,"distribution":"{\"name\": \"CategoricalDistribution\", \"attributes\": {\"choices\": [16, 32, 64]}}"}
{"op_code":6,"worker_id":"3258217a-90b2-4ae0-92ed-166b31f9880d-140252871579456","trial_id":16,"state":1,"values":[0.7791537667698658],"datetime_complete":"2026-03-30T11:38:49.426215"}
{"op_code":4,"worker_id":"3258217a-90b2-4ae0-92ed-166b31f9880d-140252871579456","study_id":0,"datetime_start":"2026-03-30T11:38:49.451754"}
{"op_code":5,"worker_id":"3258217a-90b2-4ae0-92ed-166b31f9880d-140252871579456","trial_id":17,"param_name":"lr","param_value_internal":0.07431206456222071,"distribution":"{\"name\": \"FloatDistribution\", \"attributes\": {\"step\": null, \"low\": 0.0001, \"high\": 0.1, \"log\": true}}"}
{"op_code":5,"worker_id":"3258217a-90b2-4ae0-92ed-166b31f9880d-140252871579456","trial_id":17,"param_name":"dropout","param_value_internal":0.49984598239390043,"distribution":"{\"name\": \"FloatDistribution\", \"attributes\": {\"step\": null, \"low\": 0.0, \"high\": 0.5, \"log\": false}}"}
{"op_code":5,"worker_id":"3258217a-90b2-4ae0-92ed-166b31f9880d-140252871579456","trial_id":17,"param_name":"layers","param_value_internal":0,"distribution":"{\"name\": \"CategoricalDistribution\", \"attributes\": {\"choices\": [1, 2, 3]}}"}
{"op_code":5,"worker_id":"3258217a-90b2-4ae0-92ed-166b31f9880d-140252871579456","trial_id":17,"param_name":"nodes","param_value_internal":1,"distribution":"{\"name\": \"CategoricalDistribution\", \"attributes\": {\"choices\": [16, 32, 64]}}"}
{"op_code":6,"worker_id":"3258217a-90b2-4ae0-92ed-166b31f9880d-140252871579456","trial_id":17,"state":1,"values":[0.7765737874097007],"datetime_complete":"2026-03-30T11:38:49.864420"}
{"op_code":4,"worker_id":"3258217a-90b2-4ae0-92ed-166b31f9880d-140252871579456","study_id":0,"datetime_start":"2026-03-30T11:38:49.882545"}
{"op_code":5,"worker_id":"3258217a-90b2-4ae0-92ed-166b31f9880d-140252871579456","trial_id":18,"param_name":"lr","param_value_internal":0.0891774126653479,"distribution":"{\"name\": \"FloatDistribution\", \"attributes\": {\"step\": null, \"low\": 0.0001, \"high\": 0.1, \"log\": true}}"}
{"op_code":5,"worker_id":"3258217a-90b2-4ae0-92ed-166b31f9880d-140252871579456","trial_id":18,"param_name":"dropout","param_value_internal":0.389872723216339,"distribution":"{\"name\": \"FloatDistribution\", \"attributes\": {\"step\": null, \"low\": 0.0, \"high\": 0.5, \"log\": false}}"}
{"op_code":5,"worker_id":"3258217a-90b2-4ae0-92ed-166b31f9880d-140252871579456","trial_id":18,"param_name":"layers","param_value_internal":0,"distribution":"{\"name\": \"CategoricalDistribution\", \"attributes\": {\"choices\": [1, 2, 3]}}"}
{"op_code":5,"worker_id":"3258217a-90b2-4ae0-92ed-166b31f9880d-140252871579456","trial_id":18,"param_name":"nodes","param_value_internal":0,"distribution":"{\"name\": \"CategoricalDistribution\", \"attributes\": {\"choices\": [16, 32, 64]}}"}
{"op_code":6,"worker_id":"3258217a-90b2-4ae0-92ed-166b31f9880d-140252871579456","trial_id":18,"state":1,"values":[0.7755417956656346],"datetime_complete":"2026-03-30T11:38:50.257099"}
{"op_code":4,"worker_id":"3258217a-90b2-4ae0-92ed-166b31f9880d-140252871579456","study_id":0,"datetime_start":"2026-03-30T11:38:50.288600"}
{"op_code":5,"worker_id":"3258217a-90b2-4ae0-92ed-166b31f9880d-140252871579456","trial_id":19,"param_name":"lr","param_value_internal":0.04859696313674634,"distribution":"{\"name\": \"FloatDistribution\", \"attributes\": {\"step\": null, \"low\": 0.0001, \"high\": 0.1, \"log\": true}}"}
{"op_code":5,"worker_id":"3258217a-90b2-4ae0-92ed-166b31f9880d-140252871579456","trial_id":19,"param_name":"dropout","param_value_internal":0.3899154085656662,"distribution":"{\"name\": \"FloatDistribution\", \"attributes\": {\"step\": null, \"low\": 0.0, \"high\": 0.5, \"log\": false}}"}
{"op_code":5,"worker_id":"3258217a-90b2-4ae0-92ed-166b31f9880d-140252871579456","trial_id":19,"param_name":"layers","param_value_internal":0,"distribution":"{\"name\": \"CategoricalDistribution\", \"attributes\": {\"choices\": [1, 2, 3]}}"}
{"op_code":5,"worker_id":"3258217a-90b2-4ae0-92ed-166b31f9880d-140252871579456","trial_id":19,"param_name":"nodes","param_value_internal":2,"distribution":"{\"name\": \"CategoricalDistribution\", \"attributes\": {\"choices\": [16, 32, 64]}}"}
{"op_code":6,"worker_id":"3258217a-90b2-4ae0-92ed-166b31f9880d-140252871579456","trial_id":19,"state":1,"values":[0.7590299277605779],"datetime_complete":"2026-03-30T11:38:50.703672"}
{"op_code":0,"worker_id":"1ada749f-658c-4c7d-b283-e7becb3481b1-140611610289984","study_name":"deepsurv_tuning","directions":[2]}
{"op_code":4,"worker_id":"1ada749f-658c-4c7d-b283-e7becb3481b1-140611610289984","study_id":0,"datetime_start":"2026-03-30T13:24:17.666813"}
{"op_code":5,"worker_id":"1ada749f-658c-4c7d-b283-e7becb3481b1-140611610289984","trial_id":20,"param_name":"lr","param_value_internal":0.03475922049451415,"distribution":"{\"name\": \"FloatDistribution\", \"attributes\": {\"step\": null, \"low\": 0.0001, \"high\": 0.1, \"log\": true}}"}
{"op_code":5,"worker_id":"1ada749f-658c-4c7d-b283-e7becb3481b1-140611610289984","trial_id":20,"param_name":"dropout","param_value_internal":0.4589976707730368,"distribution":"{\"name\": \"FloatDistribution\", \"attributes\": {\"step\": null, \"low\": 0.0, \"high\": 0.5, \"log\": false}}"}
{"op_code":5,"worker_id":"1ada749f-658c-4c7d-b283-e7becb3481b1-140611610289984","trial_id":20,"param_name":"layers","param_value_internal":0,"distribution":"{\"name\": \"CategoricalDistribution\", \"attributes\": {\"choices\": [1, 2, 3]}}"}
{"op_code":5,"worker_id":"1ada749f-658c-4c7d-b283-e7becb3481b1-140611610289984","trial_id":20,"param_name":"nodes","param_value_internal":1,"distribution":"{\"name\": \"CategoricalDistribution\", \"attributes\": {\"choices\": [16, 32, 64]}}"}
{"op_code":6,"worker_id":"1ada749f-658c-4c7d-b283-e7becb3481b1-140611610289984","trial_id":20,"state":1,"values":[0.7662538699690402],"datetime_complete":"2026-03-30T13:24:20.900085"}
{"op_code":4,"worker_id":"1ada749f-658c-4c7d-b283-e7becb3481b1-140611610289984","study_id":0,"datetime_start":"2026-03-30T13:24:20.928570"}
{"op_code":5,"worker_id":"1ada749f-658c-4c7d-b283-e7becb3481b1-140611610289984","trial_id":21,"param_name":"lr","param_value_internal":0.09026233521195429,"distribution":"{\"name\": \"FloatDistribution\", \"attributes\": {\"step\": null, \"low\": 0.0001, \"high\": 0.1, \"log\": true}}"}
{"op_code":5,"worker_id":"1ada749f-658c-4c7d-b283-e7becb3481b1-140611610289984","trial_id":21,"param_name":"dropout","param_value_internal":0.39361027626614903,"distribution":"{\"name\": \"FloatDistribution\", \"attributes\": {\"step\": null, \"low\": 0.0, \"high\": 0.5, \"log\": false}}"}
{"op_code":5,"worker_id":"1ada749f-658c-4c7d-b283-e7becb3481b1-140611610289984","trial_id":21,"param_name":"layers","param_value_internal":0,"distribution":"{\"name\": \"CategoricalDistribution\", \"attributes\": {\"choices\": [1, 2, 3]}}"}
{"op_code":5,"worker_id":"1ada749f-658c-4c7d-b283-e7becb3481b1-140611610289984","trial_id":21,"param_name":"nodes","param_value_internal":0,"distribution":"{\"name\": \"CategoricalDistribution\", \"attributes\": {\"choices\": [16, 32, 64]}}"}
{"op_code":6,"worker_id":"1ada749f-658c-4c7d-b283-e7becb3481b1-140611610289984","trial_id":21,"state":1,"values":[0.7760577915376677],"datetime_complete":"2026-03-30T13:24:21.448976"}
{"op_code":4,"worker_id":"1ada749f-658c-4c7d-b283-e7becb3481b1-140611610289984","study_id":0,"datetime_start":"2026-03-30T13:24:21.477053"}
{"op_code":5,"worker_id":"1ada749f-658c-4c7d-b283-e7becb3481b1-140611610289984","trial_id":22,"param_name":"lr","param_value_internal":0.09328645256934731,"distribution":"{\"name\": \"FloatDistribution\", \"attributes\": {\"step\": null, \"low\": 0.0001, \"high\": 0.1, \"log\": true}}"}
{"op_code":5,"worker_id":"1ada749f-658c-4c7d-b283-e7becb3481b1-140611610289984","trial_id":22,"param_name":"dropout","param_value_internal":0.3832436197759464,"distribution":"{\"name\": \"FloatDistribution\", \"attributes\": {\"step\": null, \"low\": 0.0, \"high\": 0.5, \"log\": false}}"}
{"op_code":5,"worker_id":"1ada749f-658c-4c7d-b283-e7becb3481b1-140611610289984","trial_id":22,"param_name":"layers","param_value_internal":0,"distribution":"{\"name\": \"CategoricalDistribution\", \"attributes\": {\"choices\": [1, 2, 3]}}"}
{"op_code":5,"worker_id":"1ada749f-658c-4c7d-b283-e7becb3481b1-140611610289984","trial_id":22,"param_name":"nodes","param_value_internal":0,"distribution":"{\"name\": \"CategoricalDistribution\", \"attributes\": {\"choices\": [16, 32, 64]}}"}
{"op_code":6,"worker_id":"1ada749f-658c-4c7d-b283-e7becb3481b1-140611610289984","trial_id":22,"state":1,"values":[0.7776057791537667],"datetime_complete":"2026-03-30T13:24:22.011293"}
{"op_code":4,"worker_id":"1ada749f-658c-4c7d-b283-e7becb3481b1-140611610289984","study_id":0,"datetime_start":"2026-03-30T13:24:22.038387"}
{"op_code":5,"worker_id":"1ada749f-658c-4c7d-b283-e7becb3481b1-140611610289984","trial_id":23,"param_name":"lr","param_value_internal":0.09355933277337436,"distribution":"{\"name\": \"FloatDistribution\", \"attributes\": {\"step\": null, \"low\": 0.0001, \"high\": 0.1, \"log\": true}}"}
{"op_code":5,"worker_id":"1ada749f-658c-4c7d-b283-e7becb3481b1-140611610289984","trial_id":23,"param_name":"dropout","param_value_internal":0.26043138492309637,"distribution":"{\"name\": \"FloatDistribution\", \"attributes\": {\"step\": null, \"low\": 0.0, \"high\": 0.5, \"log\": false}}"}
{"op_code":5,"worker_id":"1ada749f-658c-4c7d-b283-e7becb3481b1-140611610289984","trial_id":23,"param_name":"layers","param_value_internal":0,"distribution":"{\"name\": \"CategoricalDistribution\", \"attributes\": {\"choices\": [1, 2, 3]}}"}
{"op_code":5,"worker_id":"1ada749f-658c-4c7d-b283-e7becb3481b1-140611610289984","trial_id":23,"param_name":"nodes","param_value_internal":0,"distribution":"{\"name\": \"CategoricalDistribution\", \"attributes\": {\"choices\": [16, 32, 64]}}"}
{"op_code":6,"worker_id":"1ada749f-658c-4c7d-b283-e7becb3481b1-140611610289984","trial_id":23,"state":1,"values":[0.7631578947368421],"datetime_complete":"2026-03-30T13:24:22.587680"}
{"op_code":4,"worker_id":"1ada749f-658c-4c7d-b283-e7becb3481b1-140611610289984","study_id":0,"datetime_start":"2026-03-30T13:24:22.613711"}
{"op_code":5,"worker_id":"1ada749f-658c-4c7d-b283-e7becb3481b1-140611610289984","trial_id":24,"param_name":"lr","param_value_internal":0.03769441586254991,"distribution":"{\"name\": \"FloatDistribution\", \"attributes\": {\"step\": null, \"low\": 0.0001, \"high\": 0.1, \"log\": true}}"}
{"op_code":5,"worker_id":"1ada749f-658c-4c7d-b283-e7becb3481b1-140611610289984","trial_id":24,"param_name":"dropout","param_value_internal":0.49851900088987683,"distribution":"{\"name\": \"FloatDistribution\", \"attributes\": {\"step\": null, \"low\": 0.0, \"high\": 0.5, \"log\": false}}"}
{"op_code":5,"worker_id":"1ada749f-658c-4c7d-b283-e7becb3481b1-140611610289984","trial_id":24,"param_name":"layers","param_value_internal":0,"distribution":"{\"name\": \"CategoricalDistribution\", \"attributes\": {\"choices\": [1, 2, 3]}}"}
{"op_code":5,"worker_id":"1ada749f-658c-4c7d-b283-e7becb3481b1-140611610289984","trial_id":24,"param_name":"nodes","param_value_internal":0,"distribution":"{\"name\": \"CategoricalDistribution\", \"attributes\": {\"choices\": [16, 32, 64]}}"}
{"op_code":6,"worker_id":"1ada749f-658c-4c7d-b283-e7becb3481b1-140611610289984","trial_id":24,"state":1,"values":[0.7590299277605779],"datetime_complete":"2026-03-30T13:24:23.194660"}
{"op_code":4,"worker_id":"1ada749f-658c-4c7d-b283-e7becb3481b1-140611610289984","study_id":0,"datetime_start":"2026-03-30T13:24:23.225859"}
{"op_code":5,"worker_id":"1ada749f-658c-4c7d-b283-e7becb3481b1-140611610289984","trial_id":25,"param_name":"lr","param_value_internal":0.03826934432009049,"distribution":"{\"name\": \"FloatDistribution\", \"attributes\": {\"step\": null, \"low\": 0.0001, \"high\": 0.1, \"log\": true}}"}
{"op_code":5,"worker_id":"1ada749f-658c-4c7d-b283-e7becb3481b1-140611610289984","trial_id":25,"param_name":"dropout","param_value_internal":0.36146907577895887,"distribution":"{\"name\": \"FloatDistribution\", \"attributes\": {\"step\": null, \"low\": 0.0, \"high\": 0.5, \"log\": false}}"}
{"op_code":5,"worker_id":"1ada749f-658c-4c7d-b283-e7becb3481b1-140611610289984","trial_id":25,"param_name":"layers","param_value_internal":0,"distribution":"{\"name\": \"CategoricalDistribution\", \"attributes\": {\"choices\": [1, 2, 3]}}"}
{"op_code":5,"worker_id":"1ada749f-658c-4c7d-b283-e7becb3481b1-140611610289984","trial_id":25,"param_name":"nodes","param_value_internal":0,"distribution":"{\"name\": \"CategoricalDistribution\", \"attributes\": {\"choices\": [16, 32, 64]}}"}
{"op_code":6,"worker_id":"1ada749f-658c-4c7d-b283-e7becb3481b1-140611610289984","trial_id":25,"state":1,"values":[0.7750257997936016],"datetime_complete":"2026-03-30T13:24:23.772359"}
{"op_code":4,"worker_id":"1ada749f-658c-4c7d-b283-e7becb3481b1-140611610289984","study_id":0,"datetime_start":"2026-03-30T13:24:23.803652"}
{"op_code":5,"worker_id":"1ada749f-658c-4c7d-b283-e7becb3481b1-140611610289984","trial_id":26,"param_name":"lr","param_value_internal":0.09677660024519039,"distribution":"{\"name\": \"FloatDistribution\", \"attributes\": {\"step\": null, \"low\": 0.0001, \"high\": 0.1, \"log\": true}}"}
{"op_code":5,"worker_id":"1ada749f-658c-4c7d-b283-e7becb3481b1-140611610289984","trial_id":26,"param_name":"dropout","param_value_internal":0.4475622391614686,"distribution":"{\"name\": \"FloatDistribution\", \"attributes\": {\"step\": null, \"low\": 0.0, \"high\": 0.5, \"log\": false}}"}
{"op_code":5,"worker_id":"1ada749f-658c-4c7d-b283-e7becb3481b1-140611610289984","trial_id":26,"param_name":"layers","param_value_internal":0,"distribution":"{\"name\": \"CategoricalDistribution\", \"attributes\": {\"choices\": [1, 2, 3]}}"}
{"op_code":5,"worker_id":"1ada749f-658c-4c7d-b283-e7becb3481b1-140611610289984","trial_id":26,"param_name":"nodes","param_value_internal":1,"distribution":"{\"name\": \"CategoricalDistribution\", \"attributes\": {\"choices\": [16, 32, 64]}}"}
{"op_code":6,"worker_id":"1ada749f-658c-4c7d-b283-e7becb3481b1-140611610289984","trial_id":26,"state":1,"values":[0.7714138286893705],"datetime_complete":"2026-03-30T13:24:24.374398"}
{"op_code":4,"worker_id":"1ada749f-658c-4c7d-b283-e7becb3481b1-140611610289984","study_id":0,"datetime_start":"2026-03-30T13:24:24.398787"}
{"op_code":5,"worker_id":"1ada749f-658c-4c7d-b283-e7becb3481b1-140611610289984","trial_id":27,"param_name":"lr","param_value_internal":0.015675136899068468,"distribution":"{\"name\": \"FloatDistribution\", \"attributes\": {\"step\": null, \"low\": 0.0001, \"high\": 0.1, \"log\": true}}"}
{"op_code":5,"worker_id":"1ada749f-658c-4c7d-b283-e7becb3481b1-140611610289984","trial_id":27,"param_name":"dropout","param_value_internal":0.35325492967062755,"distribution":"{\"name\": \"FloatDistribution\", \"attributes\": {\"step\": null, \"low\": 0.0, \"high\": 0.5, \"log\": false}}"}
{"op_code":5,"worker_id":"1ada749f-658c-4c7d-b283-e7becb3481b1-140611610289984","trial_id":27,"param_name":"layers","param_value_internal":0,"distribution":"{\"name\": \"CategoricalDistribution\", \"attributes\": {\"choices\": [1, 2, 3]}}"}
{"op_code":5,"worker_id":"1ada749f-658c-4c7d-b283-e7becb3481b1-140611610289984","trial_id":27,"param_name":"nodes","param_value_internal":1,"distribution":"{\"name\": \"CategoricalDistribution\", \"attributes\": {\"choices\": [16, 32, 64]}}"}
{"op_code":6,"worker_id":"1ada749f-658c-4c7d-b283-e7becb3481b1-140611610289984","trial_id":27,"state":1,"values":[0.7719298245614035],"datetime_complete":"2026-03-30T13:24:24.974728"}
{"op_code":4,"worker_id":"1ada749f-658c-4c7d-b283-e7becb3481b1-140611610289984","study_id":0,"datetime_start":"2026-03-30T13:24:24.996900"}
{"op_code":5,"worker_id":"1ada749f-658c-4c7d-b283-e7becb3481b1-140611610289984","trial_id":28,"param_name":"lr","param_value_internal":0.061450834035614806,"distribution":"{\"name\": \"FloatDistribution\", \"attributes\": {\"step\": null, \"low\": 0.0001, \"high\": 0.1, \"log\": true}}"}
{"op_code":5,"worker_id":"1ada749f-658c-4c7d-b283-e7becb3481b1-140611610289984","trial_id":28,"param_name":"dropout","param_value_internal":0.4131832845639419,"distribution":"{\"name\": \"FloatDistribution\", \"attributes\": {\"step\": null, \"low\": 0.0, \"high\": 0.5, \"log\": false}}"}
{"op_code":5,"worker_id":"1ada749f-658c-4c7d-b283-e7becb3481b1-140611610289984","trial_id":28,"param_name":"layers","param_value_internal":0,"distribution":"{\"name\": \"CategoricalDistribution\", \"attributes\": {\"choices\": [1, 2, 3]}}"}
{"op_code":5,"worker_id":"1ada749f-658c-4c7d-b283-e7becb3481b1-140611610289984","trial_id":28,"param_name":"nodes","param_value_internal":2,"distribution":"{\"name\": \"CategoricalDistribution\", \"attributes\": {\"choices\": [16, 32, 64]}}"}
{"op_code":6,"worker_id":"1ada749f-658c-4c7d-b283-e7becb3481b1-140611610289984","trial_id":28,"state":1,"values":[0.7420020639834881],"datetime_complete":"2026-03-30T13:24:25.590846"}
{"op_code":4,"worker_id":"1ada749f-658c-4c7d-b283-e7becb3481b1-140611610289984","study_id":0,"datetime_start":"2026-03-30T13:24:25.626226"}
{"op_code":5,"worker_id":"1ada749f-658c-4c7d-b283-e7becb3481b1-140611610289984","trial_id":29,"param_name":"lr","param_value_internal":0.028611260095585622,"distribution":"{\"name\": \"FloatDistribution\", \"attributes\": {\"step\": null, \"low\": 0.0001, \"high\": 0.1, \"log\": true}}"}
{"op_code":5,"worker_id":"1ada749f-658c-4c7d-b283-e7becb3481b1-140611610289984","trial_id":29,"param_name":"dropout","param_value_internal":0.28591686698233915,"distribution":"{\"name\": \"FloatDistribution\", \"attributes\": {\"step\": null, \"low\": 0.0, \"high\": 0.5, \"log\": false}}"}
{"op_code":5,"worker_id":"1ada749f-658c-4c7d-b283-e7becb3481b1-140611610289984","trial_id":29,"param_name":"layers","param_value_internal":0,"distribution":"{\"name\": \"CategoricalDistribution\", \"attributes\": {\"choices\": [1, 2, 3]}}"}
{"op_code":5,"worker_id":"1ada749f-658c-4c7d-b283-e7becb3481b1-140611610289984","trial_id":29,"param_name":"nodes","param_value_internal":0,"distribution":"{\"name\": \"CategoricalDistribution\", \"attributes\": {\"choices\": [16, 32, 64]}}"}
{"op_code":6,"worker_id":"1ada749f-658c-4c7d-b283-e7becb3481b1-140611610289984","trial_id":29,"state":1,"values":[0.7770897832817337],"datetime_complete":"2026-03-30T13:24:26.205500"}
{"op_code":4,"worker_id":"1ada749f-658c-4c7d-b283-e7becb3481b1-140611610289984","study_id":0,"datetime_start":"2026-03-30T13:24:26.236621"}
{"op_code":5,"worker_id":"1ada749f-658c-4c7d-b283-e7becb3481b1-140611610289984","trial_id":30,"param_name":"lr","param_value_internal":0.02983937397688854,"distribution":"{\"name\": \"FloatDistribution\", \"attributes\": {\"step\": null, \"low\": 0.0001, \"high\": 0.1, \"log\": true}}"}
{"op_code":5,"worker_id":"1ada749f-658c-4c7d-b283-e7becb3481b1-140611610289984","trial_id":30,"param_name":"dropout","param_value_internal":0.2784758057928137,"distribution":"{\"name\": \"FloatDistribution\", \"attributes\": {\"step\": null, \"low\": 0.0, \"high\": 0.5, \"log\": false}}"}
{"op_code":5,"worker_id":"1ada749f-658c-4c7d-b283-e7becb3481b1-140611610289984","trial_id":30,"param_name":"layers","param_value_internal":1,"distribution":"{\"name\": \"CategoricalDistribution\", \"attributes\": {\"choices\": [1, 2, 3]}}"}
{"op_code":5,"worker_id":"1ada749f-658c-4c7d-b283-e7becb3481b1-140611610289984","trial_id":30,"param_name":"nodes","param_value_internal":0,"distribution":"{\"name\": \"CategoricalDistribution\", \"attributes\": {\"choices\": [16, 32, 64]}}"}
{"op_code":6,"worker_id":"1ada749f-658c-4c7d-b283-e7becb3481b1-140611610289984","trial_id":30,"state":1,"values":[0.7652218782249742],"datetime_complete":"2026-03-30T13:24:26.919285"}
{"op_code":4,"worker_id":"1ada749f-658c-4c7d-b283-e7becb3481b1-140611610289984","study_id":0,"datetime_start":"2026-03-30T13:24:26.947523"}
{"op_code":5,"worker_id":"1ada749f-658c-4c7d-b283-e7becb3481b1-140611610289984","trial_id":31,"param_name":"lr","param_value_internal":0.062056932598888184,"distribution":"{\"name\": \"FloatDistribution\", \"attributes\": {\"step\": null, \"low\": 0.0001, \"high\": 0.1, \"log\": true}}"}
{"op_code":5,"worker_id":"1ada749f-658c-4c7d-b283-e7becb3481b1-140611610289984","trial_id":31,"param_name":"dropout","param_value_internal":0.14516146047893563,"distribution":"{\"name\": \"FloatDistribution\", \"attributes\": {\"step\": null, \"low\": 0.0, \"high\": 0.5, \"log\": false}}"}
{"op_code":5,"worker_id":"1ada749f-658c-4c7d-b283-e7becb3481b1-140611610289984","trial_id":31,"param_name":"layers","param_value_internal":0,"distribution":"{\"name\": \"CategoricalDistribution\", \"attributes\": {\"choices\": [1, 2, 3]}}"}
{"op_code":5,"worker_id":"1ada749f-658c-4c7d-b283-e7becb3481b1-140611610289984","trial_id":31,"param_name":"nodes","param_value_internal":0,"distribution":"{\"name\": \"CategoricalDistribution\", \"attributes\": {\"choices\": [16, 32, 64]}}"}
{"op_code":6,"worker_id":"1ada749f-658c-4c7d-b283-e7becb3481b1-140611610289984","trial_id":31,"state":1,"values":[0.7533539731682146],"datetime_complete":"2026-03-30T13:24:27.521363"}
{"op_code":4,"worker_id":"1ada749f-658c-4c7d-b283-e7becb3481b1-140611610289984","study_id":0,"datetime_start":"2026-03-30T13:24:27.548872"}
{"op_code":5,"worker_id":"1ada749f-658c-4c7d-b283-e7becb3481b1-140611610289984","trial_id":32,"param_name":"lr","param_value_internal":0.06433781901991384,"distribution":"{\"name\": \"FloatDistribution\", \"attributes\": {\"step\": null, \"low\": 0.0001, \"high\": 0.1, \"log\": true}}"}
{"op_code":5,"worker_id":"1ada749f-658c-4c7d-b283-e7becb3481b1-140611610289984","trial_id":32,"param_name":"dropout","param_value_internal":0.22684835511650372,"distribution":"{\"name\": \"FloatDistribution\", \"attributes\": {\"step\": null, \"low\": 0.0, \"high\": 0.5, \"log\": false}}"}
{"op_code":5,"worker_id":"1ada749f-658c-4c7d-b283-e7becb3481b1-140611610289984","trial_id":32,"param_name":"layers","param_value_internal":0,"distribution":"{\"name\": \"CategoricalDistribution\", \"attributes\": {\"choices\": [1, 2, 3]}}"}
{"op_code":5,"worker_id":"1ada749f-658c-4c7d-b283-e7becb3481b1-140611610289984","trial_id":32,"param_name":"nodes","param_value_internal":0,"distribution":"{\"name\": \"CategoricalDistribution\", \"attributes\": {\"choices\": [16, 32, 64]}}"}
{"op_code":6,"worker_id":"1ada749f-658c-4c7d-b283-e7becb3481b1-140611610289984","trial_id":32,"state":1,"values":[0.7796697626418989],"datetime_complete":"2026-03-30T13:24:28.093999"}
{"op_code":4,"worker_id":"1ada749f-658c-4c7d-b283-e7becb3481b1-140611610289984","study_id":0,"datetime_start":"2026-03-30T13:24:28.117243"}
{"op_code":5,"worker_id":"1ada749f-658c-4c7d-b283-e7becb3481b1-140611610289984","trial_id":33,"param_name":"lr","param_value_internal":0.03988577840406131,"distribution":"{\"name\": \"FloatDistribution\", \"attributes\": {\"step\": null, \"low\": 0.0001, \"high\": 0.1, \"log\": true}}"}
{"op_code":5,"worker_id":"1ada749f-658c-4c7d-b283-e7becb3481b1-140611610289984","trial_id":33,"param_name":"dropout","param_value_internal":0.2130929594133261,"distribution":"{\"name\": \"FloatDistribution\", \"attributes\": {\"step\": null, \"low\": 0.0, \"high\": 0.5, \"log\": false}}"}
{"op_code":5,"worker_id":"1ada749f-658c-4c7d-b283-e7becb3481b1-140611610289984","trial_id":33,"param_name":"layers","param_value_internal":0,"distribution":"{\"name\": \"CategoricalDistribution\", \"attributes\": {\"choices\": [1, 2, 3]}}"}
{"op_code":5,"worker_id":"1ada749f-658c-4c7d-b283-e7becb3481b1-140611610289984","trial_id":33,"param_name":"nodes","param_value_internal":0,"distribution":"{\"name\": \"CategoricalDistribution\", \"attributes\": {\"choices\": [16, 32, 64]}}"}
{"op_code":6,"worker_id":"1ada749f-658c-4c7d-b283-e7becb3481b1-140611610289984","trial_id":33,"state":1,"values":[0.7750257997936016],"datetime_complete":"2026-03-30T13:24:28.656992"}
{"op_code":4,"worker_id":"1ada749f-658c-4c7d-b283-e7becb3481b1-140611610289984","study_id":0,"datetime_start":"2026-03-30T13:24:28.684149"}
{"op_code":5,"worker_id":"1ada749f-658c-4c7d-b283-e7becb3481b1-140611610289984","trial_id":34,"param_name":"lr","param_value_internal":0.012372765458821242,"distribution":"{\"name\": \"FloatDistribution\", \"attributes\": {\"step\": null, \"low\": 0.0001, \"high\": 0.1, \"log\": true}}"}
{"op_code":5,"worker_id":"1ada749f-658c-4c7d-b283-e7becb3481b1-140611610289984","trial_id":34,"param_name":"dropout","param_value_internal":0.22804669183711462,"distribution":"{\"name\": \"FloatDistribution\", \"attributes\": {\"step\": null, \"low\": 0.0, \"high\": 0.5, \"log\": false}}"}
{"op_code":5,"worker_id":"1ada749f-658c-4c7d-b283-e7becb3481b1-140611610289984","trial_id":34,"param_name":"layers","param_value_internal":0,"distribution":"{\"name\": \"CategoricalDistribution\", \"attributes\": {\"choices\": [1, 2, 3]}}"}
{"op_code":5,"worker_id":"1ada749f-658c-4c7d-b283-e7becb3481b1-140611610289984","trial_id":34,"param_name":"nodes","param_value_internal":0,"distribution":"{\"name\": \"CategoricalDistribution\", \"attributes\": {\"choices\": [16, 32, 64]}}"}
{"op_code":6,"worker_id":"1ada749f-658c-4c7d-b283-e7becb3481b1-140611610289984","trial_id":34,"state":1,"values":[0.7518059855521155],"datetime_complete":"2026-03-30T13:24:29.243166"}
{"op_code":4,"worker_id":"1ada749f-658c-4c7d-b283-e7becb3481b1-140611610289984","study_id":0,"datetime_start":"2026-03-30T13:24:29.265238"}
{"op_code":5,"worker_id":"1ada749f-658c-4c7d-b283-e7becb3481b1-140611610289984","trial_id":35,"param_name":"lr","param_value_internal":0.0011247767825038103,"distribution":"{\"name\": \"FloatDistribution\", \"attributes\": {\"step\": null, \"low\": 0.0001, \"high\": 0.1, \"log\": true}}"}
{"op_code":5,"worker_id":"1ada749f-658c-4c7d-b283-e7becb3481b1-140611610289984","trial_id":35,"param_name":"dropout","param_value_internal":0.15323554311474052,"distribution":"{\"name\": \"FloatDistribution\", \"attributes\": {\"step\": null, \"low\": 0.0, \"high\": 0.5, \"log\": false}}"}
{"op_code":5,"worker_id":"1ada749f-658c-4c7d-b283-e7becb3481b1-140611610289984","trial_id":35,"param_name":"layers","param_value_internal":1,"distribution":"{\"name\": \"CategoricalDistribution\", \"attributes\": {\"choices\": [1, 2, 3]}}"}
{"op_code":5,"worker_id":"1ada749f-658c-4c7d-b283-e7becb3481b1-140611610289984","trial_id":35,"param_name":"nodes","param_value_internal":0,"distribution":"{\"name\": \"CategoricalDistribution\", \"attributes\": {\"choices\": [16, 32, 64]}}"}
{"op_code":6,"worker_id":"1ada749f-658c-4c7d-b283-e7becb3481b1-140611610289984","trial_id":35,"state":1,"values":[0.6666666666666666],"datetime_complete":"2026-03-30T13:24:29.877135"}
{"op_code":4,"worker_id":"1ada749f-658c-4c7d-b283-e7becb3481b1-140611610289984","study_id":0,"datetime_start":"2026-03-30T13:24:29.894032"}
{"op_code":5,"worker_id":"1ada749f-658c-4c7d-b283-e7becb3481b1-140611610289984","trial_id":36,"param_name":"lr","param_value_internal":0.005929766257530746,"distribution":"{\"name\": \"FloatDistribution\", \"attributes\": {\"step\": null, \"low\": 0.0001, \"high\": 0.1, \"log\": true}}"}
{"op_code":5,"worker_id":"1ada749f-658c-4c7d-b283-e7becb3481b1-140611610289984","trial_id":36,"param_name":"dropout","param_value_internal":0.07761456438613887,"distribution":"{\"name\": \"FloatDistribution\", \"attributes\": {\"step\": null, \"low\": 0.0, \"high\": 0.5, \"log\": false}}"}
{"op_code":5,"worker_id":"1ada749f-658c-4c7d-b283-e7becb3481b1-140611610289984","trial_id":36,"param_name":"layers","param_value_internal":0,"distribution":"{\"name\": \"CategoricalDistribution\", \"attributes\": {\"choices\": [1, 2, 3]}}"}
{"op_code":5,"worker_id":"1ada749f-658c-4c7d-b283-e7becb3481b1-140611610289984","trial_id":36,"param_name":"nodes","param_value_internal":0,"distribution":"{\"name\": \"CategoricalDistribution\", \"attributes\": {\"choices\": [16, 32, 64]}}"}
{"op_code":6,"worker_id":"1ada749f-658c-4c7d-b283-e7becb3481b1-140611610289984","trial_id":36,"state":1,"values":[0.762125902992776],"datetime_complete":"2026-03-30T13:24:30.422320"}
{"op_code":4,"worker_id":"1ada749f-658c-4c7d-b283-e7becb3481b1-140611610289984","study_id":0,"datetime_start":"2026-03-30T13:24:30.443900"}
{"op_code":5,"worker_id":"1ada749f-658c-4c7d-b283-e7becb3481b1-140611610289984","trial_id":37,"param_name":"lr","param_value_internal":0.027580994078522245,"distribution":"{\"name\": \"FloatDistribution\", \"attributes\": {\"step\": null, \"low\": 0.0001, \"high\": 0.1, \"log\": true}}"}
{"op_code":5,"worker_id":"1ada749f-658c-4c7d-b283-e7becb3481b1-140611610289984","trial_id":37,"param_name":"dropout","param_value_internal":0.3238192593738389,"distribution":"{\"name\": \"FloatDistribution\", \"attributes\": {\"step\": null, \"low\": 0.0, \"high\": 0.5, \"log\": false}}"}
{"op_code":5,"worker_id":"1ada749f-658c-4c7d-b283-e7becb3481b1-140611610289984","trial_id":37,"param_name":"layers","param_value_internal":0,"distribution":"{\"name\": \"CategoricalDistribution\", \"attributes\": {\"choices\": [1, 2, 3]}}"}
{"op_code":5,"worker_id":"1ada749f-658c-4c7d-b283-e7becb3481b1-140611610289984","trial_id":37,"param_name":"nodes","param_value_internal":0,"distribution":"{\"name\": \"CategoricalDistribution\", \"attributes\": {\"choices\": [16, 32, 64]}}"}
{"op_code":6,"worker_id":"1ada749f-658c-4c7d-b283-e7becb3481b1-140611610289984","trial_id":37,"state":1,"values":[0.7770897832817337],"datetime_complete":"2026-03-30T13:24:30.984346"}
{"op_code":4,"worker_id":"1ada749f-658c-4c7d-b283-e7becb3481b1-140611610289984","study_id":0,"datetime_start":"2026-03-30T13:24:31.004051"}
{"op_code":5,"worker_id":"1ada749f-658c-4c7d-b283-e7becb3481b1-140611610289984","trial_id":38,"param_name":"lr","param_value_internal":0.0029505137079173954,"distribution":"{\"name\": \"FloatDistribution\", \"attributes\": {\"step\": null, \"low\": 0.0001, \"high\": 0.1, \"log\": true}}"}
{"op_code":5,"worker_id":"1ada749f-658c-4c7d-b283-e7becb3481b1-140611610289984","trial_id":38,"param_name":"dropout","param_value_internal":0.2869393973454306,"distribution":"{\"name\": \"FloatDistribution\", \"attributes\": {\"step\": null, \"low\": 0.0, \"high\": 0.5, \"log\": false}}"}
{"op_code":5,"worker_id":"1ada749f-658c-4c7d-b283-e7becb3481b1-140611610289984","trial_id":38,"param_name":"layers","param_value_internal":0,"distribution":"{\"name\": \"CategoricalDistribution\", \"attributes\": {\"choices\": [1, 2, 3]}}"}
{"op_code":5,"worker_id":"1ada749f-658c-4c7d-b283-e7becb3481b1-140611610289984","trial_id":38,"param_name":"nodes","param_value_internal":2,"distribution":"{\"name\": \"CategoricalDistribution\", \"attributes\": {\"choices\": [16, 32, 64]}}"}
{"op_code":6,"worker_id":"1ada749f-658c-4c7d-b283-e7becb3481b1-140611610289984","trial_id":38,"state":1,"values":[0.7559339525283798],"datetime_complete":"2026-03-30T13:24:31.542211"}
{"op_code":4,"worker_id":"1ada749f-658c-4c7d-b283-e7becb3481b1-140611610289984","study_id":0,"datetime_start":"2026-03-30T13:24:31.561734"}
{"op_code":5,"worker_id":"1ada749f-658c-4c7d-b283-e7becb3481b1-140611610289984","trial_id":39,"param_name":"lr","param_value_internal":0.050496401756920634,"distribution":"{\"name\": \"FloatDistribution\", \"attributes\": {\"step\": null, \"low\": 0.0001, \"high\": 0.1, \"log\": true}}"}
{"op_code":5,"worker_id":"1ada749f-658c-4c7d-b283-e7becb3481b1-140611610289984","trial_id":39,"param_name":"dropout","param_value_internal":0.4168853513252776,"distribution":"{\"name\": \"FloatDistribution\", \"attributes\": {\"step\": null, \"low\": 0.0, \"high\": 0.5, \"log\": false}}"}
{"op_code":5,"worker_id":"1ada749f-658c-4c7d-b283-e7becb3481b1-140611610289984","trial_id":39,"param_name":"layers","param_value_internal":1,"distribution":"{\"name\": \"CategoricalDistribution\", \"attributes\": {\"choices\": [1, 2, 3]}}"}
{"op_code":5,"worker_id":"1ada749f-658c-4c7d-b283-e7becb3481b1-140611610289984","trial_id":39,"param_name":"nodes","param_value_internal":0,"distribution":"{\"name\": \"CategoricalDistribution\", \"attributes\": {\"choices\": [16, 32, 64]}}"}
{"op_code":6,"worker_id":"1ada749f-658c-4c7d-b283-e7becb3481b1-140611610289984","trial_id":39,"state":1,"values":[0.7564499484004128],"datetime_complete":"2026-03-30T13:24:32.192578"}
