{"op_code":0,"worker_id":"50d6e145-61d3-4161-a223-ad93d7e1a337-140218449991488","study_name":"tabpfn_deephit","directions":[2]}
{"op_code":4,"worker_id":"50d6e145-61d3-4161-a223-ad93d7e1a337-140218449991488","study_id":0,"datetime_start":"2026-03-31T12:11:06.195980"}
{"op_code":5,"worker_id":"50d6e145-61d3-4161-a223-ad93d7e1a337-140218449991488","trial_id":0,"param_name":"lr","param_value_internal":0.0009343128190489391,"distribution":"{\"name\": \"FloatDistribution\", \"attributes\": {\"step\": null, \"low\": 0.0001, \"high\": 0.1, \"log\": true}}"}
{"op_code":5,"worker_id":"50d6e145-61d3-4161-a223-ad93d7e1a337-140218449991488","trial_id":0,"param_name":"dropout","param_value_internal":0.457439793566609,"distribution":"{\"name\": \"FloatDistribution\", \"attributes\": {\"step\": null, \"low\": 0.0, \"high\": 0.5, \"log\": false}}"}
{"op_code":5,"worker_id":"50d6e145-61d3-4161-a223-ad93d7e1a337-140218449991488","trial_id":0,"param_name":"nodes","param_value_internal":1,"distribution":"{\"name\": \"CategoricalDistribution\", \"attributes\": {\"choices\": [\"64-64\", \"128-64\", \"256-128\"]}}"}
{"op_code":6,"worker_id":"50d6e145-61d3-4161-a223-ad93d7e1a337-140218449991488","trial_id":0,"state":1,"values":[0.8340423757090424],"datetime_complete":"2026-03-31T12:11:08.192241"}
{"op_code":4,"worker_id":"50d6e145-61d3-4161-a223-ad93d7e1a337-140218449991488","study_id":0,"datetime_start":"2026-03-31T12:11:08.211026"}
{"op_code":5,"worker_id":"50d6e145-61d3-4161-a223-ad93d7e1a337-140218449991488","trial_id":1,"param_name":"lr","param_value_internal":0.002620775411854531,"distribution":"{\"name\": \"FloatDistribution\", \"attributes\": {\"step\": null, \"low\": 0.0001, \"high\": 0.1, \"log\": true}}"}
{"op_code":5,"worker_id":"50d6e145-61d3-4161-a223-ad93d7e1a337-140218449991488","trial_id":1,"param_name":"dropout","param_value_internal":0.022643905885959437,"distribution":"{\"name\": \"FloatDistribution\", \"attributes\": {\"step\": null, \"low\": 0.0, \"high\": 0.5, \"log\": false}}"}
{"op_code":5,"worker_id":"50d6e145-61d3-4161-a223-ad93d7e1a337-140218449991488","trial_id":1,"param_name":"nodes","param_value_internal":2,"distribution":"{\"name\": \"CategoricalDistribution\", \"attributes\": {\"choices\": [\"64-64\", \"128-64\", \"256-128\"]}}"}
{"op_code":6,"worker_id":"50d6e145-61d3-4161-a223-ad93d7e1a337-140218449991488","trial_id":1,"state":1,"values":[0.8185894227560894],"datetime_complete":"2026-03-31T12:11:10.219837"}
{"op_code":4,"worker_id":"50d6e145-61d3-4161-a223-ad93d7e1a337-140218449991488","study_id":0,"datetime_start":"2026-03-31T12:11:10.235633"}
{"op_code":5,"worker_id":"50d6e145-61d3-4161-a223-ad93d7e1a337-140218449991488","trial_id":2,"param_name":"lr","param_value_internal":0.005025773488027679,"distribution":"{\"name\": \"FloatDistribution\", \"attributes\": {\"step\": null, \"low\": 0.0001, \"high\": 0.1, \"log\": true}}"}
{"op_code":5,"worker_id":"50d6e145-61d3-4161-a223-ad93d7e1a337-140218449991488","trial_id":2,"param_name":"dropout","param_value_internal":0.17077757027106144,"distribution":"{\"name\": \"FloatDistribution\", \"attributes\": {\"step\": null, \"low\": 0.0, \"high\": 0.5, \"log\": false}}"}
{"op_code":5,"worker_id":"50d6e145-61d3-4161-a223-ad93d7e1a337-140218449991488","trial_id":2,"param_name":"nodes","param_value_internal":0,"distribution":"{\"name\": \"CategoricalDistribution\", \"attributes\": {\"choices\": [\"64-64\", \"128-64\", \"256-128\"]}}"}
{"op_code":6,"worker_id":"50d6e145-61d3-4161-a223-ad93d7e1a337-140218449991488","trial_id":2,"state":1,"values":[0.8302886219552886],"datetime_complete":"2026-03-31T12:11:12.245008"}
{"op_code":4,"worker_id":"50d6e145-61d3-4161-a223-ad93d7e1a337-140218449991488","study_id":0,"datetime_start":"2026-03-31T12:11:12.260586"}
{"op_code":5,"worker_id":"50d6e145-61d3-4161-a223-ad93d7e1a337-140218449991488","trial_id":3,"param_name":"lr","param_value_internal":0.01870748332863551,"distribution":"{\"name\": \"FloatDistribution\", \"attributes\": {\"step\": null, \"low\": 0.0001, \"high\": 0.1, \"log\": true}}"}
{"op_code":5,"worker_id":"50d6e145-61d3-4161-a223-ad93d7e1a337-140218449991488","trial_id":3,"param_name":"dropout","param_value_internal":0.3779992181028881,"distribution":"{\"name\": \"FloatDistribution\", \"attributes\": {\"step\": null, \"low\": 0.0, \"high\": 0.5, \"log\": false}}"}
{"op_code":5,"worker_id":"50d6e145-61d3-4161-a223-ad93d7e1a337-140218449991488","trial_id":3,"param_name":"nodes","param_value_internal":2,"distribution":"{\"name\": \"CategoricalDistribution\", \"attributes\": {\"choices\": [\"64-64\", \"128-64\", \"256-128\"]}}"}
{"op_code":6,"worker_id":"50d6e145-61d3-4161-a223-ad93d7e1a337-140218449991488","trial_id":3,"state":1,"values":[0.8285994327660995],"datetime_complete":"2026-03-31T12:11:14.261071"}
{"op_code":4,"worker_id":"50d6e145-61d3-4161-a223-ad93d7e1a337-140218449991488","study_id":0,"datetime_start":"2026-03-31T12:11:14.274237"}
{"op_code":5,"worker_id":"50d6e145-61d3-4161-a223-ad93d7e1a337-140218449991488","trial_id":4,"param_name":"lr","param_value_internal":0.013168201354903167,"distribution":"{\"name\": \"FloatDistribution\", \"attributes\": {\"step\": null, \"low\": 0.0001, \"high\": 0.1, \"log\": true}}"}
{"op_code":5,"worker_id":"50d6e145-61d3-4161-a223-ad93d7e1a337-140218449991488","trial_id":4,"param_name":"dropout","param_value_internal":0.19210260826453102,"distribution":"{\"name\": \"FloatDistribution\", \"attributes\": {\"step\": null, \"low\": 0.0, \"high\": 0.5, \"log\": false}}"}
{"op_code":5,"worker_id":"50d6e145-61d3-4161-a223-ad93d7e1a337-140218449991488","trial_id":4,"param_name":"nodes","param_value_internal":0,"distribution":"{\"name\": \"CategoricalDistribution\", \"attributes\": {\"choices\": [\"64-64\", \"128-64\", \"256-128\"]}}"}
{"op_code":6,"worker_id":"50d6e145-61d3-4161-a223-ad93d7e1a337-140218449991488","trial_id":4,"state":1,"values":[0.8200075075075075],"datetime_complete":"2026-03-31T12:11:16.266314"}
{"op_code":4,"worker_id":"50d6e145-61d3-4161-a223-ad93d7e1a337-140218449991488","study_id":0,"datetime_start":"2026-03-31T12:11:16.296482"}
{"op_code":5,"worker_id":"50d6e145-61d3-4161-a223-ad93d7e1a337-140218449991488","trial_id":5,"param_name":"lr","param_value_internal":0.0011511432788389073,"distribution":"{\"name\": \"FloatDistribution\", \"attributes\": {\"step\": null, \"low\": 0.0001, \"high\": 0.1, \"log\": true}}"}
{"op_code":5,"worker_id":"50d6e145-61d3-4161-a223-ad93d7e1a337-140218449991488","trial_id":5,"param_name":"dropout","param_value_internal":0.15752124982599708,"distribution":"{\"name\": \"FloatDistribution\", \"attributes\": {\"step\": null, \"low\": 0.0, \"high\": 0.5, \"log\": false}}"}
{"op_code":5,"worker_id":"50d6e145-61d3-4161-a223-ad93d7e1a337-140218449991488","trial_id":5,"param_name":"nodes","param_value_internal":1,"distribution":"{\"name\": \"CategoricalDistribution\", \"attributes\": {\"choices\": [\"64-64\", \"128-64\", \"256-128\"]}}"}
{"op_code":6,"worker_id":"50d6e145-61d3-4161-a223-ad93d7e1a337-140218449991488","trial_id":5,"state":1,"values":[0.8238446780113446],"datetime_complete":"2026-03-31T12:11:18.374092"}
{"op_code":4,"worker_id":"50d6e145-61d3-4161-a223-ad93d7e1a337-140218449991488","study_id":0,"datetime_start":"2026-03-31T12:11:18.392075"}
{"op_code":5,"worker_id":"50d6e145-61d3-4161-a223-ad93d7e1a337-140218449991488","trial_id":6,"param_name":"lr","param_value_internal":0.025861626278648457,"distribution":"{\"name\": \"FloatDistribution\", \"attributes\": {\"step\": null, \"low\": 0.0001, \"high\": 0.1, \"log\": true}}"}
{"op_code":5,"worker_id":"50d6e145-61d3-4161-a223-ad93d7e1a337-140218449991488","trial_id":6,"param_name":"dropout","param_value_internal":0.4972738454618197,"distribution":"{\"name\": \"FloatDistribution\", \"attributes\": {\"step\": null, \"low\": 0.0, \"high\": 0.5, \"log\": false}}"}
{"op_code":5,"worker_id":"50d6e145-61d3-4161-a223-ad93d7e1a337-140218449991488","trial_id":6,"param_name":"nodes","param_value_internal":1,"distribution":"{\"name\": \"CategoricalDistribution\", \"attributes\": {\"choices\": [\"64-64\", \"128-64\", \"256-128\"]}}"}
{"op_code":6,"worker_id":"50d6e145-61d3-4161-a223-ad93d7e1a337-140218449991488","trial_id":6,"state":1,"values":[0.8313313313313313],"datetime_complete":"2026-03-31T12:11:20.412410"}
{"op_code":4,"worker_id":"50d6e145-61d3-4161-a223-ad93d7e1a337-140218449991488","study_id":0,"datetime_start":"2026-03-31T12:11:20.428989"}
{"op_code":5,"worker_id":"50d6e145-61d3-4161-a223-ad93d7e1a337-140218449991488","trial_id":7,"param_name":"lr","param_value_internal":0.022715520244359005,"distribution":"{\"name\": \"FloatDistribution\", \"attributes\": {\"step\": null, \"low\": 0.0001, \"high\": 0.1, \"log\": true}}"}
{"op_code":5,"worker_id":"50d6e145-61d3-4161-a223-ad93d7e1a337-140218449991488","trial_id":7,"param_name":"dropout","param_value_internal":0.2283078501806593,"distribution":"{\"name\": \"FloatDistribution\", \"attributes\": {\"step\": null, \"low\": 0.0, \"high\": 0.5, \"log\": false}}"}
{"op_code":5,"worker_id":"50d6e145-61d3-4161-a223-ad93d7e1a337-140218449991488","trial_id":7,"param_name":"nodes","param_value_internal":2,"distribution":"{\"name\": \"CategoricalDistribution\", \"attributes\": {\"choices\": [\"64-64\", \"128-64\", \"256-128\"]}}"}
{"op_code":6,"worker_id":"50d6e145-61d3-4161-a223-ad93d7e1a337-140218449991488","trial_id":7,"state":1,"values":[0.8331456456456456],"datetime_complete":"2026-03-31T12:11:22.438438"}
{"op_code":4,"worker_id":"50d6e145-61d3-4161-a223-ad93d7e1a337-140218449991488","study_id":0,"datetime_start":"2026-03-31T12:11:22.451168"}
{"op_code":5,"worker_id":"50d6e145-61d3-4161-a223-ad93d7e1a337-140218449991488","trial_id":8,"param_name":"lr","param_value_internal":0.018622298535259905,"distribution":"{\"name\": \"FloatDistribution\", \"attributes\": {\"step\": null, \"low\": 0.0001, \"high\": 0.1, \"log\": true}}"}
{"op_code":5,"worker_id":"50d6e145-61d3-4161-a223-ad93d7e1a337-140218449991488","trial_id":8,"param_name":"dropout","param_value_internal":0.3654740004477592,"distribution":"{\"name\": \"FloatDistribution\", \"attributes\": {\"step\": null, \"low\": 0.0, \"high\": 0.5, \"log\": false}}"}
{"op_code":5,"worker_id":"50d6e145-61d3-4161-a223-ad93d7e1a337-140218449991488","trial_id":8,"param_name":"nodes","param_value_internal":0,"distribution":"{\"name\": \"CategoricalDistribution\", \"attributes\": {\"choices\": [\"64-64\", \"128-64\", \"256-128\"]}}"}
{"op_code":6,"worker_id":"50d6e145-61d3-4161-a223-ad93d7e1a337-140218449991488","trial_id":8,"state":1,"values":[0.8400066733400067],"datetime_complete":"2026-03-31T12:11:24.414097"}
{"op_code":4,"worker_id":"50d6e145-61d3-4161-a223-ad93d7e1a337-140218449991488","study_id":0,"datetime_start":"2026-03-31T12:11:24.432001"}
{"op_code":5,"worker_id":"50d6e145-61d3-4161-a223-ad93d7e1a337-140218449991488","trial_id":9,"param_name":"lr","param_value_internal":0.07736886879278186,"distribution":"{\"name\": \"FloatDistribution\", \"attributes\": {\"step\": null, \"low\": 0.0001, \"high\": 0.1, \"log\": true}}"}
{"op_code":5,"worker_id":"50d6e145-61d3-4161-a223-ad93d7e1a337-140218449991488","trial_id":9,"param_name":"dropout","param_value_internal":0.4713173907262595,"distribution":"{\"name\": \"FloatDistribution\", \"attributes\": {\"step\": null, \"low\": 0.0, \"high\": 0.5, \"log\": false}}"}
{"op_code":5,"worker_id":"50d6e145-61d3-4161-a223-ad93d7e1a337-140218449991488","trial_id":9,"param_name":"nodes","param_value_internal":2,"distribution":"{\"name\": \"CategoricalDistribution\", \"attributes\": {\"choices\": [\"64-64\", \"128-64\", \"256-128\"]}}"}
{"op_code":6,"worker_id":"50d6e145-61d3-4161-a223-ad93d7e1a337-140218449991488","trial_id":9,"state":1,"values":[0.8242617617617618],"datetime_complete":"2026-03-31T12:11:26.442608"}
{"op_code":4,"worker_id":"50d6e145-61d3-4161-a223-ad93d7e1a337-140218449991488","study_id":0,"datetime_start":"2026-03-31T12:11:26.452514"}
{"op_code":5,"worker_id":"50d6e145-61d3-4161-a223-ad93d7e1a337-140218449991488","trial_id":10,"param_name":"lr","param_value_internal":0.0001081716405870762,"distribution":"{\"name\": \"FloatDistribution\", \"attributes\": {\"step\": null, \"low\": 0.0001, \"high\": 0.1, \"log\": true}}"}
{"op_code":5,"worker_id":"50d6e145-61d3-4161-a223-ad93d7e1a337-140218449991488","trial_id":10,"param_name":"dropout","param_value_internal":0.3263063280590911,"distribution":"{\"name\": \"FloatDistribution\", \"attributes\": {\"step\": null, \"low\": 0.0, \"high\": 0.5, \"log\": false}}"}
{"op_code":5,"worker_id":"50d6e145-61d3-4161-a223-ad93d7e1a337-140218449991488","trial_id":10,"param_name":"nodes","param_value_internal":0,"distribution":"{\"name\": \"CategoricalDistribution\", \"attributes\": {\"choices\": [\"64-64\", \"128-64\", \"256-128\"]}}"}
{"op_code":6,"worker_id":"50d6e145-61d3-4161-a223-ad93d7e1a337-140218449991488","trial_id":10,"state":1,"values":[0.8231356356356356],"datetime_complete":"2026-03-31T12:11:28.458964"}
{"op_code":4,"worker_id":"50d6e145-61d3-4161-a223-ad93d7e1a337-140218449991488","study_id":0,"datetime_start":"2026-03-31T12:11:28.476689"}
{"op_code":5,"worker_id":"50d6e145-61d3-4161-a223-ad93d7e1a337-140218449991488","trial_id":11,"param_name":"lr","param_value_internal":0.0004751604566153117,"distribution":"{\"name\": \"FloatDistribution\", \"attributes\": {\"step\": null, \"low\": 0.0001, \"high\": 0.1, \"log\": true}}"}
{"op_code":5,"worker_id":"50d6e145-61d3-4161-a223-ad93d7e1a337-140218449991488","trial_id":11,"param_name":"dropout","param_value_internal":0.3712558084210776,"distribution":"{\"name\": \"FloatDistribution\", \"attributes\": {\"step\": null, \"low\": 0.0, \"high\": 0.5, \"log\": false}}"}
{"op_code":5,"worker_id":"50d6e145-61d3-4161-a223-ad93d7e1a337-140218449991488","trial_id":11,"param_name":"nodes","param_value_internal":1,"distribution":"{\"name\": \"CategoricalDistribution\", \"attributes\": {\"choices\": [\"64-64\", \"128-64\", \"256-128\"]}}"}
{"op_code":6,"worker_id":"50d6e145-61d3-4161-a223-ad93d7e1a337-140218449991488","trial_id":11,"state":1,"values":[0.8280780780780781],"datetime_complete":"2026-03-31T12:11:30.464189"}
{"op_code":4,"worker_id":"50d6e145-61d3-4161-a223-ad93d7e1a337-140218449991488","study_id":0,"datetime_start":"2026-03-31T12:11:30.481419"}
{"op_code":5,"worker_id":"50d6e145-61d3-4161-a223-ad93d7e1a337-140218449991488","trial_id":12,"param_name":"lr","param_value_internal":0.00040892362181022375,"distribution":"{\"name\": \"FloatDistribution\", \"attributes\": {\"step\": null, \"low\": 0.0001, \"high\": 0.1, \"log\": true}}"}
{"op_code":5,"worker_id":"50d6e145-61d3-4161-a223-ad93d7e1a337-140218449991488","trial_id":12,"param_name":"dropout","param_value_internal":0.41564440337821335,"distribution":"{\"name\": \"FloatDistribution\", \"attributes\": {\"step\": null, \"low\": 0.0, \"high\": 0.5, \"log\": false}}"}
{"op_code":5,"worker_id":"50d6e145-61d3-4161-a223-ad93d7e1a337-140218449991488","trial_id":12,"param_name":"nodes","param_value_internal":0,"distribution":"{\"name\": \"CategoricalDistribution\", \"attributes\": {\"choices\": [\"64-64\", \"128-64\", \"256-128\"]}}"}
{"op_code":6,"worker_id":"50d6e145-61d3-4161-a223-ad93d7e1a337-140218449991488","trial_id":12,"state":1,"values":[0.8303928928928929],"datetime_complete":"2026-03-31T12:11:32.508575"}
{"op_code":4,"worker_id":"50d6e145-61d3-4161-a223-ad93d7e1a337-140218449991488","study_id":0,"datetime_start":"2026-03-31T12:11:32.519870"}
{"op_code":5,"worker_id":"50d6e145-61d3-4161-a223-ad93d7e1a337-140218449991488","trial_id":13,"param_name":"lr","param_value_internal":0.004571888897792132,"distribution":"{\"name\": \"FloatDistribution\", \"attributes\": {\"step\": null, \"low\": 0.0001, \"high\": 0.1, \"log\": true}}"}
{"op_code":5,"worker_id":"50d6e145-61d3-4161-a223-ad93d7e1a337-140218449991488","trial_id":13,"param_name":"dropout","param_value_internal":0.2901439488276577,"distribution":"{\"name\": \"FloatDistribution\", \"attributes\": {\"step\": null, \"low\": 0.0, \"high\": 0.5, \"log\": false}}"}
{"op_code":5,"worker_id":"50d6e145-61d3-4161-a223-ad93d7e1a337-140218449991488","trial_id":13,"param_name":"nodes","param_value_internal":1,"distribution":"{\"name\": \"CategoricalDistribution\", \"attributes\": {\"choices\": [\"64-64\", \"128-64\", \"256-128\"]}}"}
{"op_code":6,"worker_id":"50d6e145-61d3-4161-a223-ad93d7e1a337-140218449991488","trial_id":13,"state":1,"values":[0.8323531865198532],"datetime_complete":"2026-03-31T12:11:34.553874"}
{"op_code":4,"worker_id":"50d6e145-61d3-4161-a223-ad93d7e1a337-140218449991488","study_id":0,"datetime_start":"2026-03-31T12:11:34.572054"}
{"op_code":5,"worker_id":"50d6e145-61d3-4161-a223-ad93d7e1a337-140218449991488","trial_id":14,"param_name":"lr","param_value_internal":0.09888063500097594,"distribution":"{\"name\": \"FloatDistribution\", \"attributes\": {\"step\": null, \"low\": 0.0001, \"high\": 0.1, \"log\": true}}"}
{"op_code":5,"worker_id":"50d6e145-61d3-4161-a223-ad93d7e1a337-140218449991488","trial_id":14,"param_name":"dropout","param_value_internal":0.44254712275868735,"distribution":"{\"name\": \"FloatDistribution\", \"attributes\": {\"step\": null, \"low\": 0.0, \"high\": 0.5, \"log\": false}}"}
{"op_code":5,"worker_id":"50d6e145-61d3-4161-a223-ad93d7e1a337-140218449991488","trial_id":14,"param_name":"nodes","param_value_internal":1,"distribution":"{\"name\": \"CategoricalDistribution\", \"attributes\": {\"choices\": [\"64-64\", \"128-64\", \"256-128\"]}}"}
{"op_code":6,"worker_id":"50d6e145-61d3-4161-a223-ad93d7e1a337-140218449991488","trial_id":14,"state":1,"values":[0.7878086419753086],"datetime_complete":"2026-03-31T12:11:36.565024"}
{"op_code":4,"worker_id":"50d6e145-61d3-4161-a223-ad93d7e1a337-140218449991488","study_id":0,"datetime_start":"2026-03-31T12:11:36.576272"}
{"op_code":5,"worker_id":"50d6e145-61d3-4161-a223-ad93d7e1a337-140218449991488","trial_id":15,"param_name":"lr","param_value_internal":0.001403405966328642,"distribution":"{\"name\": \"FloatDistribution\", \"attributes\": {\"step\": null, \"low\": 0.0001, \"high\": 0.1, \"log\": true}}"}
{"op_code":5,"worker_id":"50d6e145-61d3-4161-a223-ad93d7e1a337-140218449991488","trial_id":15,"param_name":"dropout","param_value_internal":0.31996509285826935,"distribution":"{\"name\": \"FloatDistribution\", \"attributes\": {\"step\": null, \"low\": 0.0, \"high\": 0.5, \"log\": false}}"}
{"op_code":5,"worker_id":"50d6e145-61d3-4161-a223-ad93d7e1a337-140218449991488","trial_id":15,"param_name":"nodes","param_value_internal":0,"distribution":"{\"name\": \"CategoricalDistribution\", \"attributes\": {\"choices\": [\"64-64\", \"128-64\", \"256-128\"]}}"}
{"op_code":6,"worker_id":"50d6e145-61d3-4161-a223-ad93d7e1a337-140218449991488","trial_id":15,"state":1,"values":[0.837233066399733],"datetime_complete":"2026-03-31T12:11:38.595134"}
{"op_code":4,"worker_id":"50d6e145-61d3-4161-a223-ad93d7e1a337-140218449991488","study_id":0,"datetime_start":"2026-03-31T12:11:38.612690"}
{"op_code":5,"worker_id":"50d6e145-61d3-4161-a223-ad93d7e1a337-140218449991488","trial_id":16,"param_name":"lr","param_value_internal":0.008121046811647147,"distribution":"{\"name\": \"FloatDistribution\", \"attributes\": {\"step\": null, \"low\": 0.0001, \"high\": 0.1, \"log\": true}}"}
{"op_code":5,"worker_id":"50d6e145-61d3-4161-a223-ad93d7e1a337-140218449991488","trial_id":16,"param_name":"dropout","param_value_internal":0.30249347267728544,"distribution":"{\"name\": \"FloatDistribution\", \"attributes\": {\"step\": null, \"low\": 0.0, \"high\": 0.5, \"log\": false}}"}
{"op_code":5,"worker_id":"50d6e145-61d3-4161-a223-ad93d7e1a337-140218449991488","trial_id":16,"param_name":"nodes","param_value_internal":0,"distribution":"{\"name\": \"CategoricalDistribution\", \"attributes\": {\"choices\": [\"64-64\", \"128-64\", \"256-128\"]}}"}
{"op_code":6,"worker_id":"50d6e145-61d3-4161-a223-ad93d7e1a337-140218449991488","trial_id":16,"state":1,"values":[0.8317275608942276],"datetime_complete":"2026-03-31T12:11:40.622385"}
{"op_code":4,"worker_id":"50d6e145-61d3-4161-a223-ad93d7e1a337-140218449991488","study_id":0,"datetime_start":"2026-03-31T12:11:40.640427"}
{"op_code":5,"worker_id":"50d6e145-61d3-4161-a223-ad93d7e1a337-140218449991488","trial_id":17,"param_name":"lr","param_value_internal":0.002032591222056335,"distribution":"{\"name\": \"FloatDistribution\", \"attributes\": {\"step\": null, \"low\": 0.0001, \"high\": 0.1, \"log\": true}}"}
{"op_code":5,"worker_id":"50d6e145-61d3-4161-a223-ad93d7e1a337-140218449991488","trial_id":17,"param_name":"dropout","param_value_internal":0.08507857336314112,"distribution":"{\"name\": \"FloatDistribution\", \"attributes\": {\"step\": null, \"low\": 0.0, \"high\": 0.5, \"log\": false}}"}
{"op_code":5,"worker_id":"50d6e145-61d3-4161-a223-ad93d7e1a337-140218449991488","trial_id":17,"param_name":"nodes","param_value_internal":0,"distribution":"{\"name\": \"CategoricalDistribution\", \"attributes\": {\"choices\": [\"64-64\", \"128-64\", \"256-128\"]}}"}
{"op_code":6,"worker_id":"50d6e145-61d3-4161-a223-ad93d7e1a337-140218449991488","trial_id":17,"state":1,"values":[0.8205497163830497],"datetime_complete":"2026-03-31T12:11:42.650296"}
{"op_code":4,"worker_id":"50d6e145-61d3-4161-a223-ad93d7e1a337-140218449991488","study_id":0,"datetime_start":"2026-03-31T12:11:42.669542"}
{"op_code":5,"worker_id":"50d6e145-61d3-4161-a223-ad93d7e1a337-140218449991488","trial_id":18,"param_name":"lr","param_value_internal":0.04542247448078249,"distribution":"{\"name\": \"FloatDistribution\", \"attributes\": {\"step\": null, \"low\": 0.0001, \"high\": 0.1, \"log\": true}}"}
{"op_code":5,"worker_id":"50d6e145-61d3-4161-a223-ad93d7e1a337-140218449991488","trial_id":18,"param_name":"dropout","param_value_internal":0.25518445218160024,"distribution":"{\"name\": \"FloatDistribution\", \"attributes\": {\"step\": null, \"low\": 0.0, \"high\": 0.5, \"log\": false}}"}
{"op_code":5,"worker_id":"50d6e145-61d3-4161-a223-ad93d7e1a337-140218449991488","trial_id":18,"param_name":"nodes","param_value_internal":0,"distribution":"{\"name\": \"CategoricalDistribution\", \"attributes\": {\"choices\": [\"64-64\", \"128-64\", \"256-128\"]}}"}
{"op_code":6,"worker_id":"50d6e145-61d3-4161-a223-ad93d7e1a337-140218449991488","trial_id":18,"state":1,"values":[0.8356064397731064],"datetime_complete":"2026-03-31T12:11:44.672753"}
{"op_code":4,"worker_id":"50d6e145-61d3-4161-a223-ad93d7e1a337-140218449991488","study_id":0,"datetime_start":"2026-03-31T12:11:44.690852"}
{"op_code":5,"worker_id":"50d6e145-61d3-4161-a223-ad93d7e1a337-140218449991488","trial_id":19,"param_name":"lr","param_value_internal":0.0002584812838370409,"distribution":"{\"name\": \"FloatDistribution\", \"attributes\": {\"step\": null, \"low\": 0.0001, \"high\": 0.1, \"log\": true}}"}
{"op_code":5,"worker_id":"50d6e145-61d3-4161-a223-ad93d7e1a337-140218449991488","trial_id":19,"param_name":"dropout","param_value_internal":0.3631207424662794,"distribution":"{\"name\": \"FloatDistribution\", \"attributes\": {\"step\": null, \"low\": 0.0, \"high\": 0.5, \"log\": false}}"}
{"op_code":5,"worker_id":"50d6e145-61d3-4161-a223-ad93d7e1a337-140218449991488","trial_id":19,"param_name":"nodes","param_value_internal":0,"distribution":"{\"name\": \"CategoricalDistribution\", \"attributes\": {\"choices\": [\"64-64\", \"128-64\", \"256-128\"]}}"}
{"op_code":6,"worker_id":"50d6e145-61d3-4161-a223-ad93d7e1a337-140218449991488","trial_id":19,"state":1,"values":[0.8329162495829162],"datetime_complete":"2026-03-31T12:11:46.693506"}
{"op_code":0,"worker_id":"1965ab69-9f95-4965-b5b2-fb6802cbaacb-140544486217536","study_name":"tabpfn_deephit","directions":[2]}
{"op_code":4,"worker_id":"1965ab69-9f95-4965-b5b2-fb6802cbaacb-140544486217536","study_id":0,"datetime_start":"2026-04-01T02:39:48.939517"}
{"op_code":5,"worker_id":"1965ab69-9f95-4965-b5b2-fb6802cbaacb-140544486217536","trial_id":20,"param_name":"lr","param_value_internal":0.001696886961393335,"distribution":"{\"name\": \"FloatDistribution\", \"attributes\": {\"step\": null, \"low\": 0.0001, \"high\": 0.1, \"log\": true}}"}
{"op_code":5,"worker_id":"1965ab69-9f95-4965-b5b2-fb6802cbaacb-140544486217536","trial_id":20,"param_name":"dropout","param_value_internal":0.2520359661839856,"distribution":"{\"name\": \"FloatDistribution\", \"attributes\": {\"step\": null, \"low\": 0.0, \"high\": 0.5, \"log\": false}}"}
{"op_code":5,"worker_id":"1965ab69-9f95-4965-b5b2-fb6802cbaacb-140544486217536","trial_id":20,"param_name":"nodes","param_value_internal":0,"distribution":"{\"name\": \"CategoricalDistribution\", \"attributes\": {\"choices\": [\"64-64\", \"128-64\", \"256-128\"]}}"}
{"op_code":6,"worker_id":"1965ab69-9f95-4965-b5b2-fb6802cbaacb-140544486217536","trial_id":20,"state":1,"values":[0.8389431097764432],"datetime_complete":"2026-04-01T02:39:50.907840"}
{"op_code":4,"worker_id":"1965ab69-9f95-4965-b5b2-fb6802cbaacb-140544486217536","study_id":0,"datetime_start":"2026-04-01T02:39:50.920944"}
{"op_code":5,"worker_id":"1965ab69-9f95-4965-b5b2-fb6802cbaacb-140544486217536","trial_id":21,"param_name":"lr","param_value_internal":0.0014019380606166908,"distribution":"{\"name\": \"FloatDistribution\", \"attributes\": {\"step\": null, \"low\": 0.0001, \"high\": 0.1, \"log\": true}}"}
{"op_code":5,"worker_id":"1965ab69-9f95-4965-b5b2-fb6802cbaacb-140544486217536","trial_id":21,"param_name":"dropout","param_value_internal":0.269415924597433,"distribution":"{\"name\": \"FloatDistribution\", \"attributes\": {\"step\": null, \"low\": 0.0, \"high\": 0.5, \"log\": false}}"}
{"op_code":5,"worker_id":"1965ab69-9f95-4965-b5b2-fb6802cbaacb-140544486217536","trial_id":21,"param_name":"nodes","param_value_internal":0,"distribution":"{\"name\": \"CategoricalDistribution\", \"attributes\": {\"choices\": [\"64-64\", \"128-64\", \"256-128\"]}}"}
{"op_code":6,"worker_id":"1965ab69-9f95-4965-b5b2-fb6802cbaacb-140544486217536","trial_id":21,"state":1,"values":[0.833229062395729],"datetime_complete":"2026-04-01T02:39:52.854556"}
{"op_code":4,"worker_id":"1965ab69-9f95-4965-b5b2-fb6802cbaacb-140544486217536","study_id":0,"datetime_start":"2026-04-01T02:39:52.867806"}
{"op_code":5,"worker_id":"1965ab69-9f95-4965-b5b2-fb6802cbaacb-140544486217536","trial_id":22,"param_name":"lr","param_value_internal":0.006137788972952958,"distribution":"{\"name\": \"FloatDistribution\", \"attributes\": {\"step\": null, \"low\": 0.0001, \"high\": 0.1, \"log\": true}}"}
{"op_code":5,"worker_id":"1965ab69-9f95-4965-b5b2-fb6802cbaacb-140544486217536","trial_id":22,"param_name":"dropout","param_value_internal":0.3469275000888182,"distribution":"{\"name\": \"FloatDistribution\", \"attributes\": {\"step\": null, \"low\": 0.0, \"high\": 0.5, \"log\": false}}"}
{"op_code":5,"worker_id":"1965ab69-9f95-4965-b5b2-fb6802cbaacb-140544486217536","trial_id":22,"param_name":"nodes","param_value_internal":0,"distribution":"{\"name\": \"CategoricalDistribution\", \"attributes\": {\"choices\": [\"64-64\", \"128-64\", \"256-128\"]}}"}
{"op_code":6,"worker_id":"1965ab69-9f95-4965-b5b2-fb6802cbaacb-140544486217536","trial_id":22,"state":1,"values":[0.8368993993993994],"datetime_complete":"2026-04-01T02:39:54.793353"}
{"op_code":4,"worker_id":"1965ab69-9f95-4965-b5b2-fb6802cbaacb-140544486217536","study_id":0,"datetime_start":"2026-04-01T02:39:54.814817"}
{"op_code":5,"worker_id":"1965ab69-9f95-4965-b5b2-fb6802cbaacb-140544486217536","trial_id":23,"param_name":"lr","param_value_internal":0.0006908461085307864,"distribution":"{\"name\": \"FloatDistribution\", \"attributes\": {\"step\": null, \"low\": 0.0001, \"high\": 0.1, \"log\": true}}"}
{"op_code":5,"worker_id":"1965ab69-9f95-4965-b5b2-fb6802cbaacb-140544486217536","trial_id":23,"param_name":"dropout","param_value_internal":0.21007567400170502,"distribution":"{\"name\": \"FloatDistribution\", \"attributes\": {\"step\": null, \"low\": 0.0, \"high\": 0.5, \"log\": false}}"}
{"op_code":5,"worker_id":"1965ab69-9f95-4965-b5b2-fb6802cbaacb-140544486217536","trial_id":23,"param_name":"nodes","param_value_internal":0,"distribution":"{\"name\": \"CategoricalDistribution\", \"attributes\": {\"choices\": [\"64-64\", \"128-64\", \"256-128\"]}}"}
{"op_code":6,"worker_id":"1965ab69-9f95-4965-b5b2-fb6802cbaacb-140544486217536","trial_id":23,"state":1,"values":[0.8322072072072072],"datetime_complete":"2026-04-01T02:39:56.746103"}
{"op_code":4,"worker_id":"1965ab69-9f95-4965-b5b2-fb6802cbaacb-140544486217536","study_id":0,"datetime_start":"2026-04-01T02:39:56.759593"}
{"op_code":5,"worker_id":"1965ab69-9f95-4965-b5b2-fb6802cbaacb-140544486217536","trial_id":24,"param_name":"lr","param_value_internal":0.0022779071889002587,"distribution":"{\"name\": \"FloatDistribution\", \"attributes\": {\"step\": null, \"low\": 0.0001, \"high\": 0.1, \"log\": true}}"}
{"op_code":5,"worker_id":"1965ab69-9f95-4965-b5b2-fb6802cbaacb-140544486217536","trial_id":24,"param_name":"dropout","param_value_internal":0.1094374708200816,"distribution":"{\"name\": \"FloatDistribution\", \"attributes\": {\"step\": null, \"low\": 0.0, \"high\": 0.5, \"log\": false}}"}
{"op_code":5,"worker_id":"1965ab69-9f95-4965-b5b2-fb6802cbaacb-140544486217536","trial_id":24,"param_name":"nodes","param_value_internal":0,"distribution":"{\"name\": \"CategoricalDistribution\", \"attributes\": {\"choices\": [\"64-64\", \"128-64\", \"256-128\"]}}"}
{"op_code":6,"worker_id":"1965ab69-9f95-4965-b5b2-fb6802cbaacb-140544486217536","trial_id":24,"state":1,"values":[0.8316024357691024],"datetime_complete":"2026-04-01T02:39:58.695477"}
{"op_code":4,"worker_id":"1965ab69-9f95-4965-b5b2-fb6802cbaacb-140544486217536","study_id":0,"datetime_start":"2026-04-01T02:39:58.713722"}
{"op_code":5,"worker_id":"1965ab69-9f95-4965-b5b2-fb6802cbaacb-140544486217536","trial_id":25,"param_name":"lr","param_value_internal":0.011345732255014137,"distribution":"{\"name\": \"FloatDistribution\", \"attributes\": {\"step\": null, \"low\": 0.0001, \"high\": 0.1, \"log\": true}}"}
{"op_code":5,"worker_id":"1965ab69-9f95-4965-b5b2-fb6802cbaacb-140544486217536","trial_id":25,"param_name":"dropout","param_value_internal":0.40978741705812594,"distribution":"{\"name\": \"FloatDistribution\", \"attributes\": {\"step\": null, \"low\": 0.0, \"high\": 0.5, \"log\": false}}"}
{"op_code":5,"worker_id":"1965ab69-9f95-4965-b5b2-fb6802cbaacb-140544486217536","trial_id":25,"param_name":"nodes","param_value_internal":0,"distribution":"{\"name\": \"CategoricalDistribution\", \"attributes\": {\"choices\": [\"64-64\", \"128-64\", \"256-128\"]}}"}
{"op_code":6,"worker_id":"1965ab69-9f95-4965-b5b2-fb6802cbaacb-140544486217536","trial_id":25,"state":1,"values":[0.8286828495161829],"datetime_complete":"2026-04-01T02:40:00.646752"}
{"op_code":4,"worker_id":"1965ab69-9f95-4965-b5b2-fb6802cbaacb-140544486217536","study_id":0,"datetime_start":"2026-04-01T02:40:00.659374"}
{"op_code":5,"worker_id":"1965ab69-9f95-4965-b5b2-fb6802cbaacb-140544486217536","trial_id":26,"param_name":"lr","param_value_internal":0.003508403627775356,"distribution":"{\"name\": \"FloatDistribution\", \"attributes\": {\"step\": null, \"low\": 0.0001, \"high\": 0.1, \"log\": true}}"}
{"op_code":5,"worker_id":"1965ab69-9f95-4965-b5b2-fb6802cbaacb-140544486217536","trial_id":26,"param_name":"dropout","param_value_internal":0.2943217212600791,"distribution":"{\"name\": \"FloatDistribution\", \"attributes\": {\"step\": null, \"low\": 0.0, \"high\": 0.5, \"log\": false}}"}
{"op_code":5,"worker_id":"1965ab69-9f95-4965-b5b2-fb6802cbaacb-140544486217536","trial_id":26,"param_name":"nodes","param_value_internal":0,"distribution":"{\"name\": \"CategoricalDistribution\", \"attributes\": {\"choices\": [\"64-64\", \"128-64\", \"256-128\"]}}"}
{"op_code":6,"worker_id":"1965ab69-9f95-4965-b5b2-fb6802cbaacb-140544486217536","trial_id":26,"state":1,"values":[0.8346888555221889],"datetime_complete":"2026-04-01T02:40:02.600494"}
{"op_code":4,"worker_id":"1965ab69-9f95-4965-b5b2-fb6802cbaacb-140544486217536","study_id":0,"datetime_start":"2026-04-01T02:40:02.613951"}
{"op_code":5,"worker_id":"1965ab69-9f95-4965-b5b2-fb6802cbaacb-140544486217536","trial_id":27,"param_name":"lr","param_value_internal":0.0002139649687397627,"distribution":"{\"name\": \"FloatDistribution\", \"attributes\": {\"step\": null, \"low\": 0.0001, \"high\": 0.1, \"log\": true}}"}
{"op_code":5,"worker_id":"1965ab69-9f95-4965-b5b2-fb6802cbaacb-140544486217536","trial_id":27,"param_name":"dropout","param_value_internal":0.3288727891290205,"distribution":"{\"name\": \"FloatDistribution\", \"attributes\": {\"step\": null, \"low\": 0.0, \"high\": 0.5, \"log\": false}}"}
{"op_code":5,"worker_id":"1965ab69-9f95-4965-b5b2-fb6802cbaacb-140544486217536","trial_id":27,"param_name":"nodes","param_value_internal":0,"distribution":"{\"name\": \"CategoricalDistribution\", \"attributes\": {\"choices\": [\"64-64\", \"128-64\", \"256-128\"]}}"}
{"op_code":6,"worker_id":"1965ab69-9f95-4965-b5b2-fb6802cbaacb-140544486217536","trial_id":27,"state":1,"values":[0.8119369369369369],"datetime_complete":"2026-04-01T02:40:04.552250"}
{"op_code":4,"worker_id":"1965ab69-9f95-4965-b5b2-fb6802cbaacb-140544486217536","study_id":0,"datetime_start":"2026-04-01T02:40:04.569927"}
{"op_code":5,"worker_id":"1965ab69-9f95-4965-b5b2-fb6802cbaacb-140544486217536","trial_id":28,"param_name":"lr","param_value_internal":0.0018761174644385495,"distribution":"{\"name\": \"FloatDistribution\", \"attributes\": {\"step\": null, \"low\": 0.0001, \"high\": 0.1, \"log\": true}}"}
{"op_code":5,"worker_id":"1965ab69-9f95-4965-b5b2-fb6802cbaacb-140544486217536","trial_id":28,"param_name":"dropout","param_value_internal":0.2504262246145089,"distribution":"{\"name\": \"FloatDistribution\", \"attributes\": {\"step\": null, \"low\": 0.0, \"high\": 0.5, \"log\": false}}"}
{"op_code":5,"worker_id":"1965ab69-9f95-4965-b5b2-fb6802cbaacb-140544486217536","trial_id":28,"param_name":"nodes","param_value_internal":0,"distribution":"{\"name\": \"CategoricalDistribution\", \"attributes\": {\"choices\": [\"64-64\", \"128-64\", \"256-128\"]}}"}
{"op_code":6,"worker_id":"1965ab69-9f95-4965-b5b2-fb6802cbaacb-140544486217536","trial_id":28,"state":1,"values":[0.8395895895895896],"datetime_complete":"2026-04-01T02:40:06.492113"}
{"op_code":4,"worker_id":"1965ab69-9f95-4965-b5b2-fb6802cbaacb-140544486217536","study_id":0,"datetime_start":"2026-04-01T02:40:06.506999"}
{"op_code":5,"worker_id":"1965ab69-9f95-4965-b5b2-fb6802cbaacb-140544486217536","trial_id":29,"param_name":"lr","param_value_internal":0.0007936583980122003,"distribution":"{\"name\": \"FloatDistribution\", \"attributes\": {\"step\": null, \"low\": 0.0001, \"high\": 0.1, \"log\": true}}"}
{"op_code":5,"worker_id":"1965ab69-9f95-4965-b5b2-fb6802cbaacb-140544486217536","trial_id":29,"param_name":"dropout","param_value_internal":0.24568562655226342,"distribution":"{\"name\": \"FloatDistribution\", \"attributes\": {\"step\": null, \"low\": 0.0, \"high\": 0.5, \"log\": false}}"}
{"op_code":5,"worker_id":"1965ab69-9f95-4965-b5b2-fb6802cbaacb-140544486217536","trial_id":29,"param_name":"nodes","param_value_internal":2,"distribution":"{\"name\": \"CategoricalDistribution\", \"attributes\": {\"choices\": [\"64-64\", \"128-64\", \"256-128\"]}}"}
{"op_code":6,"worker_id":"1965ab69-9f95-4965-b5b2-fb6802cbaacb-140544486217536","trial_id":29,"state":1,"values":[0.8244703036369703],"datetime_complete":"2026-04-01T02:40:08.437048"}
{"op_code":4,"worker_id":"1965ab69-9f95-4965-b5b2-fb6802cbaacb-140544486217536","study_id":0,"datetime_start":"2026-04-01T02:40:08.451616"}
{"op_code":5,"worker_id":"1965ab69-9f95-4965-b5b2-fb6802cbaacb-140544486217536","trial_id":30,"param_name":"lr","param_value_internal":0.04106655953180798,"distribution":"{\"name\": \"FloatDistribution\", \"attributes\": {\"step\": null, \"low\": 0.0001, \"high\": 0.1, \"log\": true}}"}
{"op_code":5,"worker_id":"1965ab69-9f95-4965-b5b2-fb6802cbaacb-140544486217536","trial_id":30,"param_name":"dropout","param_value_internal":0.11444362334373215,"distribution":"{\"name\": \"FloatDistribution\", \"attributes\": {\"step\": null, \"low\": 0.0, \"high\": 0.5, \"log\": false}}"}
{"op_code":5,"worker_id":"1965ab69-9f95-4965-b5b2-fb6802cbaacb-140544486217536","trial_id":30,"param_name":"nodes","param_value_internal":0,"distribution":"{\"name\": \"CategoricalDistribution\", \"attributes\": {\"choices\": [\"64-64\", \"128-64\", \"256-128\"]}}"}
{"op_code":6,"worker_id":"1965ab69-9f95-4965-b5b2-fb6802cbaacb-140544486217536","trial_id":30,"state":1,"values":[0.8354187520854187],"datetime_complete":"2026-04-01T02:40:10.395472"}
{"op_code":4,"worker_id":"1965ab69-9f95-4965-b5b2-fb6802cbaacb-140544486217536","study_id":0,"datetime_start":"2026-04-01T02:40:10.410357"}
{"op_code":5,"worker_id":"1965ab69-9f95-4965-b5b2-fb6802cbaacb-140544486217536","trial_id":31,"param_name":"lr","param_value_internal":0.0012977230374271549,"distribution":"{\"name\": \"FloatDistribution\", \"attributes\": {\"step\": null, \"low\": 0.0001, \"high\": 0.1, \"log\": true}}"}
{"op_code":5,"worker_id":"1965ab69-9f95-4965-b5b2-fb6802cbaacb-140544486217536","trial_id":31,"param_name":"dropout","param_value_internal":0.30734421145288415,"distribution":"{\"name\": \"FloatDistribution\", \"attributes\": {\"step\": null, \"low\": 0.0, \"high\": 0.5, \"log\": false}}"}
{"op_code":5,"worker_id":"1965ab69-9f95-4965-b5b2-fb6802cbaacb-140544486217536","trial_id":31,"param_name":"nodes","param_value_internal":0,"distribution":"{\"name\": \"CategoricalDistribution\", \"attributes\": {\"choices\": [\"64-64\", \"128-64\", \"256-128\"]}}"}
{"op_code":6,"worker_id":"1965ab69-9f95-4965-b5b2-fb6802cbaacb-140544486217536","trial_id":31,"state":1,"values":[0.8279529529529529],"datetime_complete":"2026-04-01T02:40:12.345740"}
{"op_code":4,"worker_id":"1965ab69-9f95-4965-b5b2-fb6802cbaacb-140544486217536","study_id":0,"datetime_start":"2026-04-01T02:40:12.356804"}
{"op_code":5,"worker_id":"1965ab69-9f95-4965-b5b2-fb6802cbaacb-140544486217536","trial_id":32,"param_name":"lr","param_value_internal":0.0018032687039341569,"distribution":"{\"name\": \"FloatDistribution\", \"attributes\": {\"step\": null, \"low\": 0.0001, \"high\": 0.1, \"log\": true}}"}
{"op_code":5,"worker_id":"1965ab69-9f95-4965-b5b2-fb6802cbaacb-140544486217536","trial_id":32,"param_name":"dropout","param_value_internal":0.3967936186368112,"distribution":"{\"name\": \"FloatDistribution\", \"attributes\": {\"step\": null, \"low\": 0.0, \"high\": 0.5, \"log\": false}}"}
{"op_code":5,"worker_id":"1965ab69-9f95-4965-b5b2-fb6802cbaacb-140544486217536","trial_id":32,"param_name":"nodes","param_value_internal":0,"distribution":"{\"name\": \"CategoricalDistribution\", \"attributes\": {\"choices\": [\"64-64\", \"128-64\", \"256-128\"]}}"}
{"op_code":6,"worker_id":"1965ab69-9f95-4965-b5b2-fb6802cbaacb-140544486217536","trial_id":32,"state":1,"values":[0.8287037037037037],"datetime_complete":"2026-04-01T02:40:14.299713"}
{"op_code":4,"worker_id":"1965ab69-9f95-4965-b5b2-fb6802cbaacb-140544486217536","study_id":0,"datetime_start":"2026-04-01T02:40:14.318333"}
{"op_code":5,"worker_id":"1965ab69-9f95-4965-b5b2-fb6802cbaacb-140544486217536","trial_id":33,"param_name":"lr","param_value_internal":0.003182829617525738,"distribution":"{\"name\": \"FloatDistribution\", \"attributes\": {\"step\": null, \"low\": 0.0001, \"high\": 0.1, \"log\": true}}"}
{"op_code":5,"worker_id":"1965ab69-9f95-4965-b5b2-fb6802cbaacb-140544486217536","trial_id":33,"param_name":"dropout","param_value_internal":0.2704912302901883,"distribution":"{\"name\": \"FloatDistribution\", \"attributes\": {\"step\": null, \"low\": 0.0, \"high\": 0.5, \"log\": false}}"}
{"op_code":5,"worker_id":"1965ab69-9f95-4965-b5b2-fb6802cbaacb-140544486217536","trial_id":33,"param_name":"nodes","param_value_internal":0,"distribution":"{\"name\": \"CategoricalDistribution\", \"attributes\": {\"choices\": [\"64-64\", \"128-64\", \"256-128\"]}}"}
{"op_code":6,"worker_id":"1965ab69-9f95-4965-b5b2-fb6802cbaacb-140544486217536","trial_id":33,"state":1,"values":[0.8354396062729396],"datetime_complete":"2026-04-01T02:40:16.245929"}
{"op_code":4,"worker_id":"1965ab69-9f95-4965-b5b2-fb6802cbaacb-140544486217536","study_id":0,"datetime_start":"2026-04-01T02:40:16.263729"}
{"op_code":5,"worker_id":"1965ab69-9f95-4965-b5b2-fb6802cbaacb-140544486217536","trial_id":34,"param_name":"lr","param_value_internal":0.0006078344203489536,"distribution":"{\"name\": \"FloatDistribution\", \"attributes\": {\"step\": null, \"low\": 0.0001, \"high\": 0.1, \"log\": true}}"}
{"op_code":5,"worker_id":"1965ab69-9f95-4965-b5b2-fb6802cbaacb-140544486217536","trial_id":34,"param_name":"dropout","param_value_internal":0.22645157979446734,"distribution":"{\"name\": \"FloatDistribution\", \"attributes\": {\"step\": null, \"low\": 0.0, \"high\": 0.5, \"log\": false}}"}
{"op_code":5,"worker_id":"1965ab69-9f95-4965-b5b2-fb6802cbaacb-140544486217536","trial_id":34,"param_name":"nodes","param_value_internal":0,"distribution":"{\"name\": \"CategoricalDistribution\", \"attributes\": {\"choices\": [\"64-64\", \"128-64\", \"256-128\"]}}"}
{"op_code":6,"worker_id":"1965ab69-9f95-4965-b5b2-fb6802cbaacb-140544486217536","trial_id":34,"state":1,"values":[0.8254087420754087],"datetime_complete":"2026-04-01T02:40:18.199978"}
{"op_code":4,"worker_id":"1965ab69-9f95-4965-b5b2-fb6802cbaacb-140544486217536","study_id":0,"datetime_start":"2026-04-01T02:40:18.265943"}
{"op_code":5,"worker_id":"1965ab69-9f95-4965-b5b2-fb6802cbaacb-140544486217536","trial_id":35,"param_name":"lr","param_value_internal":0.004074665047128987,"distribution":"{\"name\": \"FloatDistribution\", \"attributes\": {\"step\": null, \"low\": 0.0001, \"high\": 0.1, \"log\": true}}"}
{"op_code":5,"worker_id":"1965ab69-9f95-4965-b5b2-fb6802cbaacb-140544486217536","trial_id":35,"param_name":"dropout","param_value_internal":0.1817724351390162,"distribution":"{\"name\": \"FloatDistribution\", \"attributes\": {\"step\": null, \"low\": 0.0, \"high\": 0.5, \"log\": false}}"}
{"op_code":5,"worker_id":"1965ab69-9f95-4965-b5b2-fb6802cbaacb-140544486217536","trial_id":35,"param_name":"nodes","param_value_internal":2,"distribution":"{\"name\": \"CategoricalDistribution\", \"attributes\": {\"choices\": [\"64-64\", \"128-64\", \"256-128\"]}}"}
{"op_code":6,"worker_id":"1965ab69-9f95-4965-b5b2-fb6802cbaacb-140544486217536","trial_id":35,"state":1,"values":[0.8266391391391391],"datetime_complete":"2026-04-01T02:40:20.221967"}
{"op_code":4,"worker_id":"1965ab69-9f95-4965-b5b2-fb6802cbaacb-140544486217536","study_id":0,"datetime_start":"2026-04-01T02:40:20.235260"}
{"op_code":5,"worker_id":"1965ab69-9f95-4965-b5b2-fb6802cbaacb-140544486217536","trial_id":36,"param_name":"lr","param_value_internal":0.00679207221996481,"distribution":"{\"name\": \"FloatDistribution\", \"attributes\": {\"step\": null, \"low\": 0.0001, \"high\": 0.1, \"log\": true}}"}
{"op_code":5,"worker_id":"1965ab69-9f95-4965-b5b2-fb6802cbaacb-140544486217536","trial_id":36,"param_name":"dropout","param_value_internal":0.017681255017730407,"distribution":"{\"name\": \"FloatDistribution\", \"attributes\": {\"step\": null, \"low\": 0.0, \"high\": 0.5, \"log\": false}}"}
{"op_code":5,"worker_id":"1965ab69-9f95-4965-b5b2-fb6802cbaacb-140544486217536","trial_id":36,"param_name":"nodes","param_value_internal":0,"distribution":"{\"name\": \"CategoricalDistribution\", \"attributes\": {\"choices\": [\"64-64\", \"128-64\", \"256-128\"]}}"}
{"op_code":6,"worker_id":"1965ab69-9f95-4965-b5b2-fb6802cbaacb-140544486217536","trial_id":36,"state":1,"values":[0.8275984317650984],"datetime_complete":"2026-04-01T02:40:22.169182"}
{"op_code":4,"worker_id":"1965ab69-9f95-4965-b5b2-fb6802cbaacb-140544486217536","study_id":0,"datetime_start":"2026-04-01T02:40:22.189602"}
{"op_code":5,"worker_id":"1965ab69-9f95-4965-b5b2-fb6802cbaacb-140544486217536","trial_id":37,"param_name":"lr","param_value_internal":0.0009578827847318916,"distribution":"{\"name\": \"FloatDistribution\", \"attributes\": {\"step\": null, \"low\": 0.0001, \"high\": 0.1, \"log\": true}}"}
{"op_code":5,"worker_id":"1965ab69-9f95-4965-b5b2-fb6802cbaacb-140544486217536","trial_id":37,"param_name":"dropout","param_value_internal":0.34276002872254285,"distribution":"{\"name\": \"FloatDistribution\", \"attributes\": {\"step\": null, \"low\": 0.0, \"high\": 0.5, \"log\": false}}"}
{"op_code":5,"worker_id":"1965ab69-9f95-4965-b5b2-fb6802cbaacb-140544486217536","trial_id":37,"param_name":"nodes","param_value_internal":0,"distribution":"{\"name\": \"CategoricalDistribution\", \"attributes\": {\"choices\": [\"64-64\", \"128-64\", \"256-128\"]}}"}
{"op_code":6,"worker_id":"1965ab69-9f95-4965-b5b2-fb6802cbaacb-140544486217536","trial_id":37,"state":1,"values":[0.831101935268602],"datetime_complete":"2026-04-01T02:40:24.125491"}
{"op_code":4,"worker_id":"1965ab69-9f95-4965-b5b2-fb6802cbaacb-140544486217536","study_id":0,"datetime_start":"2026-04-01T02:40:24.144268"}
{"op_code":5,"worker_id":"1965ab69-9f95-4965-b5b2-fb6802cbaacb-140544486217536","trial_id":38,"param_name":"lr","param_value_internal":0.002649194188122707,"distribution":"{\"name\": \"FloatDistribution\", \"attributes\": {\"step\": null, \"low\": 0.0001, \"high\": 0.1, \"log\": true}}"}
{"op_code":5,"worker_id":"1965ab69-9f95-4965-b5b2-fb6802cbaacb-140544486217536","trial_id":38,"param_name":"dropout","param_value_internal":0.15294819513521446,"distribution":"{\"name\": \"FloatDistribution\", \"attributes\": {\"step\": null, \"low\": 0.0, \"high\": 0.5, \"log\": false}}"}
{"op_code":5,"worker_id":"1965ab69-9f95-4965-b5b2-fb6802cbaacb-140544486217536","trial_id":38,"param_name":"nodes","param_value_internal":0,"distribution":"{\"name\": \"CategoricalDistribution\", \"attributes\": {\"choices\": [\"64-64\", \"128-64\", \"256-128\"]}}"}
{"op_code":6,"worker_id":"1965ab69-9f95-4965-b5b2-fb6802cbaacb-140544486217536","trial_id":38,"state":1,"values":[0.8299132465799133],"datetime_complete":"2026-04-01T02:40:26.082463"}
{"op_code":4,"worker_id":"1965ab69-9f95-4965-b5b2-fb6802cbaacb-140544486217536","study_id":0,"datetime_start":"2026-04-01T02:40:26.095330"}
{"op_code":5,"worker_id":"1965ab69-9f95-4965-b5b2-fb6802cbaacb-140544486217536","trial_id":39,"param_name":"lr","param_value_internal":0.013881767828607056,"distribution":"{\"name\": \"FloatDistribution\", \"attributes\": {\"step\": null, \"low\": 0.0001, \"high\": 0.1, \"log\": true}}"}
{"op_code":5,"worker_id":"1965ab69-9f95-4965-b5b2-fb6802cbaacb-140544486217536","trial_id":39,"param_name":"dropout","param_value_internal":0.2100898704817903,"distribution":"{\"name\": \"FloatDistribution\", \"attributes\": {\"step\": null, \"low\": 0.0, \"high\": 0.5, \"log\": false}}"}
{"op_code":5,"worker_id":"1965ab69-9f95-4965-b5b2-fb6802cbaacb-140544486217536","trial_id":39,"param_name":"nodes","param_value_internal":2,"distribution":"{\"name\": \"CategoricalDistribution\", \"attributes\": {\"choices\": [\"64-64\", \"128-64\", \"256-128\"]}}"}
{"op_code":6,"worker_id":"1965ab69-9f95-4965-b5b2-fb6802cbaacb-140544486217536","trial_id":39,"state":1,"values":[0.8318526860193527],"datetime_complete":"2026-04-01T02:40:28.026219"}
