{"op_code":0,"worker_id":"844aa633-c800-48b2-a115-facba5a3715b-140218449991488","study_name":"tabpfn_deephit","directions":[2]}
{"op_code":4,"worker_id":"844aa633-c800-48b2-a115-facba5a3715b-140218449991488","study_id":0,"datetime_start":"2026-03-31T12:20:08.068899"}
{"op_code":5,"worker_id":"844aa633-c800-48b2-a115-facba5a3715b-140218449991488","trial_id":0,"param_name":"lr","param_value_internal":0.0042225195027794414,"distribution":"{\"name\": \"FloatDistribution\", \"attributes\": {\"step\": null, \"low\": 0.0001, \"high\": 0.1, \"log\": true}}"}
{"op_code":5,"worker_id":"844aa633-c800-48b2-a115-facba5a3715b-140218449991488","trial_id":0,"param_name":"dropout","param_value_internal":0.4414472013691326,"distribution":"{\"name\": \"FloatDistribution\", \"attributes\": {\"step\": null, \"low\": 0.0, \"high\": 0.5, \"log\": false}}"}
{"op_code":5,"worker_id":"844aa633-c800-48b2-a115-facba5a3715b-140218449991488","trial_id":0,"param_name":"nodes","param_value_internal":2,"distribution":"{\"name\": \"CategoricalDistribution\", \"attributes\": {\"choices\": [\"64-64\", \"128-64\", \"256-128\"]}}"}
{"op_code":6,"worker_id":"844aa633-c800-48b2-a115-facba5a3715b-140218449991488","trial_id":0,"state":1,"values":[0.8743509865005192],"datetime_complete":"2026-03-31T12:20:08.629792"}
{"op_code":4,"worker_id":"844aa633-c800-48b2-a115-facba5a3715b-140218449991488","study_id":0,"datetime_start":"2026-03-31T12:20:08.643143"}
{"op_code":5,"worker_id":"844aa633-c800-48b2-a115-facba5a3715b-140218449991488","trial_id":1,"param_name":"lr","param_value_internal":0.07961544946992899,"distribution":"{\"name\": \"FloatDistribution\", \"attributes\": {\"step\": null, \"low\": 0.0001, \"high\": 0.1, \"log\": true}}"}
{"op_code":5,"worker_id":"844aa633-c800-48b2-a115-facba5a3715b-140218449991488","trial_id":1,"param_name":"dropout","param_value_internal":0.3828981447313855,"distribution":"{\"name\": \"FloatDistribution\", \"attributes\": {\"step\": null, \"low\": 0.0, \"high\": 0.5, \"log\": false}}"}
{"op_code":5,"worker_id":"844aa633-c800-48b2-a115-facba5a3715b-140218449991488","trial_id":1,"param_name":"nodes","param_value_internal":2,"distribution":"{\"name\": \"CategoricalDistribution\", \"attributes\": {\"choices\": [\"64-64\", \"128-64\", \"256-128\"]}}"}
{"op_code":6,"worker_id":"844aa633-c800-48b2-a115-facba5a3715b-140218449991488","trial_id":1,"state":1,"values":[0.867601246105919],"datetime_complete":"2026-03-31T12:20:09.197284"}
{"op_code":4,"worker_id":"844aa633-c800-48b2-a115-facba5a3715b-140218449991488","study_id":0,"datetime_start":"2026-03-31T12:20:09.222914"}
{"op_code":5,"worker_id":"844aa633-c800-48b2-a115-facba5a3715b-140218449991488","trial_id":2,"param_name":"lr","param_value_internal":0.011353759451599173,"distribution":"{\"name\": \"FloatDistribution\", \"attributes\": {\"step\": null, \"low\": 0.0001, \"high\": 0.1, \"log\": true}}"}
{"op_code":5,"worker_id":"844aa633-c800-48b2-a115-facba5a3715b-140218449991488","trial_id":2,"param_name":"dropout","param_value_internal":0.2954227026381386,"distribution":"{\"name\": \"FloatDistribution\", \"attributes\": {\"step\": null, \"low\": 0.0, \"high\": 0.5, \"log\": false}}"}
{"op_code":5,"worker_id":"844aa633-c800-48b2-a115-facba5a3715b-140218449991488","trial_id":2,"param_name":"nodes","param_value_internal":0,"distribution":"{\"name\": \"CategoricalDistribution\", \"attributes\": {\"choices\": [\"64-64\", \"128-64\", \"256-128\"]}}"}
{"op_code":6,"worker_id":"844aa633-c800-48b2-a115-facba5a3715b-140218449991488","trial_id":2,"state":1,"values":[0.8598130841121495],"datetime_complete":"2026-03-31T12:20:09.778540"}
{"op_code":4,"worker_id":"844aa633-c800-48b2-a115-facba5a3715b-140218449991488","study_id":0,"datetime_start":"2026-03-31T12:20:09.802960"}
{"op_code":5,"worker_id":"844aa633-c800-48b2-a115-facba5a3715b-140218449991488","trial_id":3,"param_name":"lr","param_value_internal":0.02155555638321861,"distribution":"{\"name\": \"FloatDistribution\", \"attributes\": {\"step\": null, \"low\": 0.0001, \"high\": 0.1, \"log\": true}}"}
{"op_code":5,"worker_id":"844aa633-c800-48b2-a115-facba5a3715b-140218449991488","trial_id":3,"param_name":"dropout","param_value_internal":0.43164445415809355,"distribution":"{\"name\": \"FloatDistribution\", \"attributes\": {\"step\": null, \"low\": 0.0, \"high\": 0.5, \"log\": false}}"}
{"op_code":5,"worker_id":"844aa633-c800-48b2-a115-facba5a3715b-140218449991488","trial_id":3,"param_name":"nodes","param_value_internal":0,"distribution":"{\"name\": \"CategoricalDistribution\", \"attributes\": {\"choices\": [\"64-64\", \"128-64\", \"256-128\"]}}"}
{"op_code":6,"worker_id":"844aa633-c800-48b2-a115-facba5a3715b-140218449991488","trial_id":3,"state":1,"values":[0.885773624091381],"datetime_complete":"2026-03-31T12:20:10.378285"}
{"op_code":4,"worker_id":"844aa633-c800-48b2-a115-facba5a3715b-140218449991488","study_id":0,"datetime_start":"2026-03-31T12:20:10.410538"}
{"op_code":5,"worker_id":"844aa633-c800-48b2-a115-facba5a3715b-140218449991488","trial_id":4,"param_name":"lr","param_value_internal":0.014520776838705115,"distribution":"{\"name\": \"FloatDistribution\", \"attributes\": {\"step\": null, \"low\": 0.0001, \"high\": 0.1, \"log\": true}}"}
{"op_code":5,"worker_id":"844aa633-c800-48b2-a115-facba5a3715b-140218449991488","trial_id":4,"param_name":"dropout","param_value_internal":0.4622039293670174,"distribution":"{\"name\": \"FloatDistribution\", \"attributes\": {\"step\": null, \"low\": 0.0, \"high\": 0.5, \"log\": false}}"}
{"op_code":5,"worker_id":"844aa633-c800-48b2-a115-facba5a3715b-140218449991488","trial_id":4,"param_name":"nodes","param_value_internal":2,"distribution":"{\"name\": \"CategoricalDistribution\", \"attributes\": {\"choices\": [\"64-64\", \"128-64\", \"256-128\"]}}"}
{"op_code":6,"worker_id":"844aa633-c800-48b2-a115-facba5a3715b-140218449991488","trial_id":4,"state":1,"values":[0.8753894080996885],"datetime_complete":"2026-03-31T12:20:10.989267"}
{"op_code":4,"worker_id":"844aa633-c800-48b2-a115-facba5a3715b-140218449991488","study_id":0,"datetime_start":"2026-03-31T12:20:11.014520"}
{"op_code":5,"worker_id":"844aa633-c800-48b2-a115-facba5a3715b-140218449991488","trial_id":5,"param_name":"lr","param_value_internal":0.022896410158655296,"distribution":"{\"name\": \"FloatDistribution\", \"attributes\": {\"step\": null, \"low\": 0.0001, \"high\": 0.1, \"log\": true}}"}
{"op_code":5,"worker_id":"844aa633-c800-48b2-a115-facba5a3715b-140218449991488","trial_id":5,"param_name":"dropout","param_value_internal":0.16442315769038002,"distribution":"{\"name\": \"FloatDistribution\", \"attributes\": {\"step\": null, \"low\": 0.0, \"high\": 0.5, \"log\": false}}"}
{"op_code":5,"worker_id":"844aa633-c800-48b2-a115-facba5a3715b-140218449991488","trial_id":5,"param_name":"nodes","param_value_internal":1,"distribution":"{\"name\": \"CategoricalDistribution\", \"attributes\": {\"choices\": [\"64-64\", \"128-64\", \"256-128\"]}}"}
{"op_code":6,"worker_id":"844aa633-c800-48b2-a115-facba5a3715b-140218449991488","trial_id":5,"state":1,"values":[0.8520249221183801],"datetime_complete":"2026-03-31T12:20:11.585747"}
{"op_code":4,"worker_id":"844aa633-c800-48b2-a115-facba5a3715b-140218449991488","study_id":0,"datetime_start":"2026-03-31T12:20:11.609778"}
{"op_code":5,"worker_id":"844aa633-c800-48b2-a115-facba5a3715b-140218449991488","trial_id":6,"param_name":"lr","param_value_internal":0.0007302834858247765,"distribution":"{\"name\": \"FloatDistribution\", \"attributes\": {\"step\": null, \"low\": 0.0001, \"high\": 0.1, \"log\": true}}"}
{"op_code":5,"worker_id":"844aa633-c800-48b2-a115-facba5a3715b-140218449991488","trial_id":6,"param_name":"dropout","param_value_internal":0.374046390207447,"distribution":"{\"name\": \"FloatDistribution\", \"attributes\": {\"step\": null, \"low\": 0.0, \"high\": 0.5, \"log\": false}}"}
{"op_code":5,"worker_id":"844aa633-c800-48b2-a115-facba5a3715b-140218449991488","trial_id":6,"param_name":"nodes","param_value_internal":1,"distribution":"{\"name\": \"CategoricalDistribution\", \"attributes\": {\"choices\": [\"64-64\", \"128-64\", \"256-128\"]}}"}
{"op_code":6,"worker_id":"844aa633-c800-48b2-a115-facba5a3715b-140218449991488","trial_id":6,"state":1,"values":[0.885773624091381],"datetime_complete":"2026-03-31T12:20:12.205235"}
{"op_code":4,"worker_id":"844aa633-c800-48b2-a115-facba5a3715b-140218449991488","study_id":0,"datetime_start":"2026-03-31T12:20:12.234023"}
{"op_code":5,"worker_id":"844aa633-c800-48b2-a115-facba5a3715b-140218449991488","trial_id":7,"param_name":"lr","param_value_internal":0.024011996396692437,"distribution":"{\"name\": \"FloatDistribution\", \"attributes\": {\"step\": null, \"low\": 0.0001, \"high\": 0.1, \"log\": true}}"}
{"op_code":5,"worker_id":"844aa633-c800-48b2-a115-facba5a3715b-140218449991488","trial_id":7,"param_name":"dropout","param_value_internal":0.10708361151479456,"distribution":"{\"name\": \"FloatDistribution\", \"attributes\": {\"step\": null, \"low\": 0.0, \"high\": 0.5, \"log\": false}}"}
{"op_code":5,"worker_id":"844aa633-c800-48b2-a115-facba5a3715b-140218449991488","trial_id":7,"param_name":"nodes","param_value_internal":2,"distribution":"{\"name\": \"CategoricalDistribution\", \"attributes\": {\"choices\": [\"64-64\", \"128-64\", \"256-128\"]}}"}
{"op_code":6,"worker_id":"844aa633-c800-48b2-a115-facba5a3715b-140218449991488","trial_id":7,"state":1,"values":[0.8618899273104881],"datetime_complete":"2026-03-31T12:20:12.837171"}
{"op_code":4,"worker_id":"844aa633-c800-48b2-a115-facba5a3715b-140218449991488","study_id":0,"datetime_start":"2026-03-31T12:20:12.867416"}
{"op_code":5,"worker_id":"844aa633-c800-48b2-a115-facba5a3715b-140218449991488","trial_id":8,"param_name":"lr","param_value_internal":0.08195986596547697,"distribution":"{\"name\": \"FloatDistribution\", \"attributes\": {\"step\": null, \"low\": 0.0001, \"high\": 0.1, \"log\": true}}"}
{"op_code":5,"worker_id":"844aa633-c800-48b2-a115-facba5a3715b-140218449991488","trial_id":8,"param_name":"dropout","param_value_internal":0.019108693129871457,"distribution":"{\"name\": \"FloatDistribution\", \"attributes\": {\"step\": null, \"low\": 0.0, \"high\": 0.5, \"log\": false}}"}
{"op_code":5,"worker_id":"844aa633-c800-48b2-a115-facba5a3715b-140218449991488","trial_id":8,"param_name":"nodes","param_value_internal":0,"distribution":"{\"name\": \"CategoricalDistribution\", \"attributes\": {\"choices\": [\"64-64\", \"128-64\", \"256-128\"]}}"}
{"op_code":6,"worker_id":"844aa633-c800-48b2-a115-facba5a3715b-140218449991488","trial_id":8,"state":1,"values":[0.8868120456905504],"datetime_complete":"2026-03-31T12:20:13.417611"}
{"op_code":4,"worker_id":"844aa633-c800-48b2-a115-facba5a3715b-140218449991488","study_id":0,"datetime_start":"2026-03-31T12:20:13.441972"}
{"op_code":5,"worker_id":"844aa633-c800-48b2-a115-facba5a3715b-140218449991488","trial_id":9,"param_name":"lr","param_value_internal":0.004989733210356715,"distribution":"{\"name\": \"FloatDistribution\", \"attributes\": {\"step\": null, \"low\": 0.0001, \"high\": 0.1, \"log\": true}}"}
{"op_code":5,"worker_id":"844aa633-c800-48b2-a115-facba5a3715b-140218449991488","trial_id":9,"param_name":"dropout","param_value_internal":0.060151352592483054,"distribution":"{\"name\": \"FloatDistribution\", \"attributes\": {\"step\": null, \"low\": 0.0, \"high\": 0.5, \"log\": false}}"}
{"op_code":5,"worker_id":"844aa633-c800-48b2-a115-facba5a3715b-140218449991488","trial_id":9,"param_name":"nodes","param_value_internal":2,"distribution":"{\"name\": \"CategoricalDistribution\", \"attributes\": {\"choices\": [\"64-64\", \"128-64\", \"256-128\"]}}"}
{"op_code":6,"worker_id":"844aa633-c800-48b2-a115-facba5a3715b-140218449991488","trial_id":9,"state":1,"values":[0.8603322949117341],"datetime_complete":"2026-03-31T12:20:14.031712"}
{"op_code":4,"worker_id":"844aa633-c800-48b2-a115-facba5a3715b-140218449991488","study_id":0,"datetime_start":"2026-03-31T12:20:14.057325"}
{"op_code":5,"worker_id":"844aa633-c800-48b2-a115-facba5a3715b-140218449991488","trial_id":10,"param_name":"lr","param_value_internal":0.0001023327960877046,"distribution":"{\"name\": \"FloatDistribution\", \"attributes\": {\"step\": null, \"low\": 0.0001, \"high\": 0.1, \"log\": true}}"}
{"op_code":5,"worker_id":"844aa633-c800-48b2-a115-facba5a3715b-140218449991488","trial_id":10,"param_name":"dropout","param_value_internal":0.20708200266867222,"distribution":"{\"name\": \"FloatDistribution\", \"attributes\": {\"step\": null, \"low\": 0.0, \"high\": 0.5, \"log\": false}}"}
{"op_code":5,"worker_id":"844aa633-c800-48b2-a115-facba5a3715b-140218449991488","trial_id":10,"param_name":"nodes","param_value_internal":0,"distribution":"{\"name\": \"CategoricalDistribution\", \"attributes\": {\"choices\": [\"64-64\", \"128-64\", \"256-128\"]}}"}
{"op_code":6,"worker_id":"844aa633-c800-48b2-a115-facba5a3715b-140218449991488","trial_id":10,"state":1,"values":[0.8400830737279336],"datetime_complete":"2026-03-31T12:20:14.618320"}
{"op_code":4,"worker_id":"844aa633-c800-48b2-a115-facba5a3715b-140218449991488","study_id":0,"datetime_start":"2026-03-31T12:20:14.682492"}
{"op_code":5,"worker_id":"844aa633-c800-48b2-a115-facba5a3715b-140218449991488","trial_id":11,"param_name":"lr","param_value_internal":0.09020600593645182,"distribution":"{\"name\": \"FloatDistribution\", \"attributes\": {\"step\": null, \"low\": 0.0001, \"high\": 0.1, \"log\": true}}"}
{"op_code":5,"worker_id":"844aa633-c800-48b2-a115-facba5a3715b-140218449991488","trial_id":11,"param_name":"dropout","param_value_internal":0.010622310398408802,"distribution":"{\"name\": \"FloatDistribution\", \"attributes\": {\"step\": null, \"low\": 0.0, \"high\": 0.5, \"log\": false}}"}
{"op_code":5,"worker_id":"844aa633-c800-48b2-a115-facba5a3715b-140218449991488","trial_id":11,"param_name":"nodes","param_value_internal":0,"distribution":"{\"name\": \"CategoricalDistribution\", \"attributes\": {\"choices\": [\"64-64\", \"128-64\", \"256-128\"]}}"}
{"op_code":6,"worker_id":"844aa633-c800-48b2-a115-facba5a3715b-140218449991488","trial_id":11,"state":1,"values":[0.8665628245067497],"datetime_complete":"2026-03-31T12:20:15.267299"}
{"op_code":4,"worker_id":"844aa633-c800-48b2-a115-facba5a3715b-140218449991488","study_id":0,"datetime_start":"2026-03-31T12:20:15.290357"}
{"op_code":5,"worker_id":"844aa633-c800-48b2-a115-facba5a3715b-140218449991488","trial_id":12,"param_name":"lr","param_value_internal":0.04285927030978318,"distribution":"{\"name\": \"FloatDistribution\", \"attributes\": {\"step\": null, \"low\": 0.0001, \"high\": 0.1, \"log\": true}}"}
{"op_code":5,"worker_id":"844aa633-c800-48b2-a115-facba5a3715b-140218449991488","trial_id":12,"param_name":"dropout","param_value_internal":0.2835043754984582,"distribution":"{\"name\": \"FloatDistribution\", \"attributes\": {\"step\": null, \"low\": 0.0, \"high\": 0.5, \"log\": false}}"}
{"op_code":5,"worker_id":"844aa633-c800-48b2-a115-facba5a3715b-140218449991488","trial_id":12,"param_name":"nodes","param_value_internal":0,"distribution":"{\"name\": \"CategoricalDistribution\", \"attributes\": {\"choices\": [\"64-64\", \"128-64\", \"256-128\"]}}"}
{"op_code":6,"worker_id":"844aa633-c800-48b2-a115-facba5a3715b-140218449991488","trial_id":12,"state":1,"values":[0.8733125649013499],"datetime_complete":"2026-03-31T12:20:15.868704"}
{"op_code":4,"worker_id":"844aa633-c800-48b2-a115-facba5a3715b-140218449991488","study_id":0,"datetime_start":"2026-03-31T12:20:15.895152"}
{"op_code":5,"worker_id":"844aa633-c800-48b2-a115-facba5a3715b-140218449991488","trial_id":13,"param_name":"lr","param_value_internal":0.0009847051419671852,"distribution":"{\"name\": \"FloatDistribution\", \"attributes\": {\"step\": null, \"low\": 0.0001, \"high\": 0.1, \"log\": true}}"}
{"op_code":5,"worker_id":"844aa633-c800-48b2-a115-facba5a3715b-140218449991488","trial_id":13,"param_name":"dropout","param_value_internal":0.34911534403648825,"distribution":"{\"name\": \"FloatDistribution\", \"attributes\": {\"step\": null, \"low\": 0.0, \"high\": 0.5, \"log\": false}}"}
{"op_code":5,"worker_id":"844aa633-c800-48b2-a115-facba5a3715b-140218449991488","trial_id":13,"param_name":"nodes","param_value_internal":0,"distribution":"{\"name\": \"CategoricalDistribution\", \"attributes\": {\"choices\": [\"64-64\", \"128-64\", \"256-128\"]}}"}
{"op_code":6,"worker_id":"844aa633-c800-48b2-a115-facba5a3715b-140218449991488","trial_id":13,"state":1,"values":[0.883177570093458],"datetime_complete":"2026-03-31T12:20:16.475030"}
{"op_code":4,"worker_id":"844aa633-c800-48b2-a115-facba5a3715b-140218449991488","study_id":0,"datetime_start":"2026-03-31T12:20:16.503373"}
{"op_code":5,"worker_id":"844aa633-c800-48b2-a115-facba5a3715b-140218449991488","trial_id":14,"param_name":"lr","param_value_internal":0.04256030730938426,"distribution":"{\"name\": \"FloatDistribution\", \"attributes\": {\"step\": null, \"low\": 0.0001, \"high\": 0.1, \"log\": true}}"}
{"op_code":5,"worker_id":"844aa633-c800-48b2-a115-facba5a3715b-140218449991488","trial_id":14,"param_name":"dropout","param_value_internal":0.16212065906118353,"distribution":"{\"name\": \"FloatDistribution\", \"attributes\": {\"step\": null, \"low\": 0.0, \"high\": 0.5, \"log\": false}}"}
{"op_code":5,"worker_id":"844aa633-c800-48b2-a115-facba5a3715b-140218449991488","trial_id":14,"param_name":"nodes","param_value_internal":0,"distribution":"{\"name\": \"CategoricalDistribution\", \"attributes\": {\"choices\": [\"64-64\", \"128-64\", \"256-128\"]}}"}
{"op_code":6,"worker_id":"844aa633-c800-48b2-a115-facba5a3715b-140218449991488","trial_id":14,"state":1,"values":[0.838006230529595],"datetime_complete":"2026-03-31T12:20:17.098734"}
{"op_code":4,"worker_id":"844aa633-c800-48b2-a115-facba5a3715b-140218449991488","study_id":0,"datetime_start":"2026-03-31T12:20:17.128126"}
{"op_code":5,"worker_id":"844aa633-c800-48b2-a115-facba5a3715b-140218449991488","trial_id":15,"param_name":"lr","param_value_internal":0.007386097321353725,"distribution":"{\"name\": \"FloatDistribution\", \"attributes\": {\"step\": null, \"low\": 0.0001, \"high\": 0.1, \"log\": true}}"}
{"op_code":5,"worker_id":"844aa633-c800-48b2-a115-facba5a3715b-140218449991488","trial_id":15,"param_name":"dropout","param_value_internal":0.21896094234222335,"distribution":"{\"name\": \"FloatDistribution\", \"attributes\": {\"step\": null, \"low\": 0.0, \"high\": 0.5, \"log\": false}}"}
{"op_code":5,"worker_id":"844aa633-c800-48b2-a115-facba5a3715b-140218449991488","trial_id":15,"param_name":"nodes","param_value_internal":0,"distribution":"{\"name\": \"CategoricalDistribution\", \"attributes\": {\"choices\": [\"64-64\", \"128-64\", \"256-128\"]}}"}
{"op_code":6,"worker_id":"844aa633-c800-48b2-a115-facba5a3715b-140218449991488","trial_id":15,"state":1,"values":[0.8826583592938733],"datetime_complete":"2026-03-31T12:20:17.722365"}
{"op_code":4,"worker_id":"844aa633-c800-48b2-a115-facba5a3715b-140218449991488","study_id":0,"datetime_start":"2026-03-31T12:20:17.752985"}
{"op_code":5,"worker_id":"844aa633-c800-48b2-a115-facba5a3715b-140218449991488","trial_id":16,"param_name":"lr","param_value_internal":0.0015500343657173933,"distribution":"{\"name\": \"FloatDistribution\", \"attributes\": {\"step\": null, \"low\": 0.0001, \"high\": 0.1, \"log\": true}}"}
{"op_code":5,"worker_id":"844aa633-c800-48b2-a115-facba5a3715b-140218449991488","trial_id":16,"param_name":"dropout","param_value_internal":0.49378802349562645,"distribution":"{\"name\": \"FloatDistribution\", \"attributes\": {\"step\": null, \"low\": 0.0, \"high\": 0.5, \"log\": false}}"}
{"op_code":5,"worker_id":"844aa633-c800-48b2-a115-facba5a3715b-140218449991488","trial_id":16,"param_name":"nodes","param_value_internal":0,"distribution":"{\"name\": \"CategoricalDistribution\", \"attributes\": {\"choices\": [\"64-64\", \"128-64\", \"256-128\"]}}"}
{"op_code":6,"worker_id":"844aa633-c800-48b2-a115-facba5a3715b-140218449991488","trial_id":16,"state":1,"values":[0.897196261682243],"datetime_complete":"2026-03-31T12:20:18.354102"}
{"op_code":4,"worker_id":"844aa633-c800-48b2-a115-facba5a3715b-140218449991488","study_id":0,"datetime_start":"2026-03-31T12:20:18.384406"}
{"op_code":5,"worker_id":"844aa633-c800-48b2-a115-facba5a3715b-140218449991488","trial_id":17,"param_name":"lr","param_value_internal":0.0017237775341119304,"distribution":"{\"name\": \"FloatDistribution\", \"attributes\": {\"step\": null, \"low\": 0.0001, \"high\": 0.1, \"log\": true}}"}
{"op_code":5,"worker_id":"844aa633-c800-48b2-a115-facba5a3715b-140218449991488","trial_id":17,"param_name":"dropout","param_value_internal":0.4863068460870916,"distribution":"{\"name\": \"FloatDistribution\", \"attributes\": {\"step\": null, \"low\": 0.0, \"high\": 0.5, \"log\": false}}"}
{"op_code":5,"worker_id":"844aa633-c800-48b2-a115-facba5a3715b-140218449991488","trial_id":17,"param_name":"nodes","param_value_internal":1,"distribution":"{\"name\": \"CategoricalDistribution\", \"attributes\": {\"choices\": [\"64-64\", \"128-64\", \"256-128\"]}}"}
{"op_code":6,"worker_id":"844aa633-c800-48b2-a115-facba5a3715b-140218449991488","trial_id":17,"state":1,"values":[0.8836967808930426],"datetime_complete":"2026-03-31T12:20:18.950344"}
{"op_code":4,"worker_id":"844aa633-c800-48b2-a115-facba5a3715b-140218449991488","study_id":0,"datetime_start":"2026-03-31T12:20:18.968967"}
{"op_code":5,"worker_id":"844aa633-c800-48b2-a115-facba5a3715b-140218449991488","trial_id":18,"param_name":"lr","param_value_internal":0.0002785514203363656,"distribution":"{\"name\": \"FloatDistribution\", \"attributes\": {\"step\": null, \"low\": 0.0001, \"high\": 0.1, \"log\": true}}"}
{"op_code":5,"worker_id":"844aa633-c800-48b2-a115-facba5a3715b-140218449991488","trial_id":18,"param_name":"dropout","param_value_internal":0.008953272018499324,"distribution":"{\"name\": \"FloatDistribution\", \"attributes\": {\"step\": null, \"low\": 0.0, \"high\": 0.5, \"log\": false}}"}
{"op_code":5,"worker_id":"844aa633-c800-48b2-a115-facba5a3715b-140218449991488","trial_id":18,"param_name":"nodes","param_value_internal":0,"distribution":"{\"name\": \"CategoricalDistribution\", \"attributes\": {\"choices\": [\"64-64\", \"128-64\", \"256-128\"]}}"}
{"op_code":6,"worker_id":"844aa633-c800-48b2-a115-facba5a3715b-140218449991488","trial_id":18,"state":1,"values":[0.887331256490135],"datetime_complete":"2026-03-31T12:20:19.519490"}
{"op_code":4,"worker_id":"844aa633-c800-48b2-a115-facba5a3715b-140218449991488","study_id":0,"datetime_start":"2026-03-31T12:20:19.538954"}
{"op_code":5,"worker_id":"844aa633-c800-48b2-a115-facba5a3715b-140218449991488","trial_id":19,"param_name":"lr","param_value_internal":0.0002104528525314528,"distribution":"{\"name\": \"FloatDistribution\", \"attributes\": {\"step\": null, \"low\": 0.0001, \"high\": 0.1, \"log\": true}}"}
{"op_code":5,"worker_id":"844aa633-c800-48b2-a115-facba5a3715b-140218449991488","trial_id":19,"param_name":"dropout","param_value_internal":0.11319198166331584,"distribution":"{\"name\": \"FloatDistribution\", \"attributes\": {\"step\": null, \"low\": 0.0, \"high\": 0.5, \"log\": false}}"}
{"op_code":5,"worker_id":"844aa633-c800-48b2-a115-facba5a3715b-140218449991488","trial_id":19,"param_name":"nodes","param_value_internal":0,"distribution":"{\"name\": \"CategoricalDistribution\", \"attributes\": {\"choices\": [\"64-64\", \"128-64\", \"256-128\"]}}"}
{"op_code":6,"worker_id":"844aa633-c800-48b2-a115-facba5a3715b-140218449991488","trial_id":19,"state":1,"values":[0.881619937694704],"datetime_complete":"2026-03-31T12:20:20.097665"}
{"op_code":0,"worker_id":"451af38c-b49a-426c-ac1e-3081092d1a02-140544486217536","study_name":"tabpfn_deephit","directions":[2]}
{"op_code":4,"worker_id":"451af38c-b49a-426c-ac1e-3081092d1a02-140544486217536","study_id":0,"datetime_start":"2026-04-01T03:26:09.026892"}
{"op_code":5,"worker_id":"451af38c-b49a-426c-ac1e-3081092d1a02-140544486217536","trial_id":20,"param_name":"lr","param_value_internal":0.0004206839168244981,"distribution":"{\"name\": \"FloatDistribution\", \"attributes\": {\"step\": null, \"low\": 0.0001, \"high\": 0.1, \"log\": true}}"}
{"op_code":5,"worker_id":"451af38c-b49a-426c-ac1e-3081092d1a02-140544486217536","trial_id":20,"param_name":"dropout","param_value_internal":0.3085447160907799,"distribution":"{\"name\": \"FloatDistribution\", \"attributes\": {\"step\": null, \"low\": 0.0, \"high\": 0.5, \"log\": false}}"}
{"op_code":5,"worker_id":"451af38c-b49a-426c-ac1e-3081092d1a02-140544486217536","trial_id":20,"param_name":"nodes","param_value_internal":1,"distribution":"{\"name\": \"CategoricalDistribution\", \"attributes\": {\"choices\": [\"64-64\", \"128-64\", \"256-128\"]}}"}
{"op_code":6,"worker_id":"451af38c-b49a-426c-ac1e-3081092d1a02-140544486217536","trial_id":20,"state":1,"values":[0.8447559709241952],"datetime_complete":"2026-04-01T03:26:09.569508"}
{"op_code":4,"worker_id":"451af38c-b49a-426c-ac1e-3081092d1a02-140544486217536","study_id":0,"datetime_start":"2026-04-01T03:26:09.588668"}
{"op_code":5,"worker_id":"451af38c-b49a-426c-ac1e-3081092d1a02-140544486217536","trial_id":21,"param_name":"lr","param_value_internal":0.0024966031298637235,"distribution":"{\"name\": \"FloatDistribution\", \"attributes\": {\"step\": null, \"low\": 0.0001, \"high\": 0.1, \"log\": true}}"}
{"op_code":5,"worker_id":"451af38c-b49a-426c-ac1e-3081092d1a02-140544486217536","trial_id":21,"param_name":"dropout","param_value_internal":0.029802067090184126,"distribution":"{\"name\": \"FloatDistribution\", \"attributes\": {\"step\": null, \"low\": 0.0, \"high\": 0.5, \"log\": false}}"}
{"op_code":5,"worker_id":"451af38c-b49a-426c-ac1e-3081092d1a02-140544486217536","trial_id":21,"param_name":"nodes","param_value_internal":0,"distribution":"{\"name\": \"CategoricalDistribution\", \"attributes\": {\"choices\": [\"64-64\", \"128-64\", \"256-128\"]}}"}
{"op_code":6,"worker_id":"451af38c-b49a-426c-ac1e-3081092d1a02-140544486217536","trial_id":21,"state":1,"values":[0.8473520249221184],"datetime_complete":"2026-04-01T03:26:10.126270"}
{"op_code":4,"worker_id":"451af38c-b49a-426c-ac1e-3081092d1a02-140544486217536","study_id":0,"datetime_start":"2026-04-01T03:26:10.145738"}
{"op_code":5,"worker_id":"451af38c-b49a-426c-ac1e-3081092d1a02-140544486217536","trial_id":22,"param_name":"lr","param_value_internal":0.000391206848684605,"distribution":"{\"name\": \"FloatDistribution\", \"attributes\": {\"step\": null, \"low\": 0.0001, \"high\": 0.1, \"log\": true}}"}
{"op_code":5,"worker_id":"451af38c-b49a-426c-ac1e-3081092d1a02-140544486217536","trial_id":22,"param_name":"dropout","param_value_internal":0.07876893149181868,"distribution":"{\"name\": \"FloatDistribution\", \"attributes\": {\"step\": null, \"low\": 0.0, \"high\": 0.5, \"log\": false}}"}
{"op_code":5,"worker_id":"451af38c-b49a-426c-ac1e-3081092d1a02-140544486217536","trial_id":22,"param_name":"nodes","param_value_internal":0,"distribution":"{\"name\": \"CategoricalDistribution\", \"attributes\": {\"choices\": [\"64-64\", \"128-64\", \"256-128\"]}}"}
{"op_code":6,"worker_id":"451af38c-b49a-426c-ac1e-3081092d1a02-140544486217536","trial_id":22,"state":1,"values":[0.8753894080996885],"datetime_complete":"2026-04-01T03:26:10.679247"}
{"op_code":4,"worker_id":"451af38c-b49a-426c-ac1e-3081092d1a02-140544486217536","study_id":0,"datetime_start":"2026-04-01T03:26:10.698133"}
{"op_code":5,"worker_id":"451af38c-b49a-426c-ac1e-3081092d1a02-140544486217536","trial_id":23,"param_name":"lr","param_value_internal":0.001213022155830397,"distribution":"{\"name\": \"FloatDistribution\", \"attributes\": {\"step\": null, \"low\": 0.0001, \"high\": 0.1, \"log\": true}}"}
{"op_code":5,"worker_id":"451af38c-b49a-426c-ac1e-3081092d1a02-140544486217536","trial_id":23,"param_name":"dropout","param_value_internal":0.00403843297568755,"distribution":"{\"name\": \"FloatDistribution\", \"attributes\": {\"step\": null, \"low\": 0.0, \"high\": 0.5, \"log\": false}}"}
{"op_code":5,"worker_id":"451af38c-b49a-426c-ac1e-3081092d1a02-140544486217536","trial_id":23,"param_name":"nodes","param_value_internal":0,"distribution":"{\"name\": \"CategoricalDistribution\", \"attributes\": {\"choices\": [\"64-64\", \"128-64\", \"256-128\"]}}"}
{"op_code":6,"worker_id":"451af38c-b49a-426c-ac1e-3081092d1a02-140544486217536","trial_id":23,"state":1,"values":[0.8442367601246106],"datetime_complete":"2026-04-01T03:26:11.222293"}
{"op_code":4,"worker_id":"451af38c-b49a-426c-ac1e-3081092d1a02-140544486217536","study_id":0,"datetime_start":"2026-04-01T03:26:11.241372"}
{"op_code":5,"worker_id":"451af38c-b49a-426c-ac1e-3081092d1a02-140544486217536","trial_id":24,"param_name":"lr","param_value_internal":0.00016949657097628624,"distribution":"{\"name\": \"FloatDistribution\", \"attributes\": {\"step\": null, \"low\": 0.0001, \"high\": 0.1, \"log\": true}}"}
{"op_code":5,"worker_id":"451af38c-b49a-426c-ac1e-3081092d1a02-140544486217536","trial_id":24,"param_name":"dropout","param_value_internal":0.1399111284993925,"distribution":"{\"name\": \"FloatDistribution\", \"attributes\": {\"step\": null, \"low\": 0.0, \"high\": 0.5, \"log\": false}}"}
{"op_code":5,"worker_id":"451af38c-b49a-426c-ac1e-3081092d1a02-140544486217536","trial_id":24,"param_name":"nodes","param_value_internal":0,"distribution":"{\"name\": \"CategoricalDistribution\", \"attributes\": {\"choices\": [\"64-64\", \"128-64\", \"256-128\"]}}"}
{"op_code":6,"worker_id":"451af38c-b49a-426c-ac1e-3081092d1a02-140544486217536","trial_id":24,"state":1,"values":[0.847871235721703],"datetime_complete":"2026-04-01T03:26:11.776600"}
{"op_code":4,"worker_id":"451af38c-b49a-426c-ac1e-3081092d1a02-140544486217536","study_id":0,"datetime_start":"2026-04-01T03:26:11.800306"}
{"op_code":5,"worker_id":"451af38c-b49a-426c-ac1e-3081092d1a02-140544486217536","trial_id":25,"param_name":"lr","param_value_internal":0.0005541835586953926,"distribution":"{\"name\": \"FloatDistribution\", \"attributes\": {\"step\": null, \"low\": 0.0001, \"high\": 0.1, \"log\": true}}"}
{"op_code":5,"worker_id":"451af38c-b49a-426c-ac1e-3081092d1a02-140544486217536","trial_id":25,"param_name":"dropout","param_value_internal":0.05625780921182577,"distribution":"{\"name\": \"FloatDistribution\", \"attributes\": {\"step\": null, \"low\": 0.0, \"high\": 0.5, \"log\": false}}"}
{"op_code":5,"worker_id":"451af38c-b49a-426c-ac1e-3081092d1a02-140544486217536","trial_id":25,"param_name":"nodes","param_value_internal":0,"distribution":"{\"name\": \"CategoricalDistribution\", \"attributes\": {\"choices\": [\"64-64\", \"128-64\", \"256-128\"]}}"}
{"op_code":6,"worker_id":"451af38c-b49a-426c-ac1e-3081092d1a02-140544486217536","trial_id":25,"state":1,"values":[0.8494288681204569],"datetime_complete":"2026-04-01T03:26:12.329053"}
{"op_code":4,"worker_id":"451af38c-b49a-426c-ac1e-3081092d1a02-140544486217536","study_id":0,"datetime_start":"2026-04-01T03:26:12.340774"}
{"op_code":5,"worker_id":"451af38c-b49a-426c-ac1e-3081092d1a02-140544486217536","trial_id":26,"param_name":"lr","param_value_internal":0.0021908012700823155,"distribution":"{\"name\": \"FloatDistribution\", \"attributes\": {\"step\": null, \"low\": 0.0001, \"high\": 0.1, \"log\": true}}"}
{"op_code":5,"worker_id":"451af38c-b49a-426c-ac1e-3081092d1a02-140544486217536","trial_id":26,"param_name":"dropout","param_value_internal":0.241418409548063,"distribution":"{\"name\": \"FloatDistribution\", \"attributes\": {\"step\": null, \"low\": 0.0, \"high\": 0.5, \"log\": false}}"}
{"op_code":5,"worker_id":"451af38c-b49a-426c-ac1e-3081092d1a02-140544486217536","trial_id":26,"param_name":"nodes","param_value_internal":0,"distribution":"{\"name\": \"CategoricalDistribution\", \"attributes\": {\"choices\": [\"64-64\", \"128-64\", \"256-128\"]}}"}
{"op_code":6,"worker_id":"451af38c-b49a-426c-ac1e-3081092d1a02-140544486217536","trial_id":26,"state":1,"values":[0.8800623052959502],"datetime_complete":"2026-04-01T03:26:12.867699"}
{"op_code":4,"worker_id":"451af38c-b49a-426c-ac1e-3081092d1a02-140544486217536","study_id":0,"datetime_start":"2026-04-01T03:26:12.885366"}
{"op_code":5,"worker_id":"451af38c-b49a-426c-ac1e-3081092d1a02-140544486217536","trial_id":27,"param_name":"lr","param_value_internal":0.00030868748276463375,"distribution":"{\"name\": \"FloatDistribution\", \"attributes\": {\"step\": null, \"low\": 0.0001, \"high\": 0.1, \"log\": true}}"}
{"op_code":5,"worker_id":"451af38c-b49a-426c-ac1e-3081092d1a02-140544486217536","trial_id":27,"param_name":"dropout","param_value_internal":0.09292463364182299,"distribution":"{\"name\": \"FloatDistribution\", \"attributes\": {\"step\": null, \"low\": 0.0, \"high\": 0.5, \"log\": false}}"}
{"op_code":5,"worker_id":"451af38c-b49a-426c-ac1e-3081092d1a02-140544486217536","trial_id":27,"param_name":"nodes","param_value_internal":0,"distribution":"{\"name\": \"CategoricalDistribution\", \"attributes\": {\"choices\": [\"64-64\", \"128-64\", \"256-128\"]}}"}
{"op_code":6,"worker_id":"451af38c-b49a-426c-ac1e-3081092d1a02-140544486217536","trial_id":27,"state":1,"values":[0.9055036344755971],"datetime_complete":"2026-04-01T03:26:13.415815"}
{"op_code":4,"worker_id":"451af38c-b49a-426c-ac1e-3081092d1a02-140544486217536","study_id":0,"datetime_start":"2026-04-01T03:26:13.435868"}
{"op_code":5,"worker_id":"451af38c-b49a-426c-ac1e-3081092d1a02-140544486217536","trial_id":28,"param_name":"lr","param_value_internal":0.0002553855997574852,"distribution":"{\"name\": \"FloatDistribution\", \"attributes\": {\"step\": null, \"low\": 0.0001, \"high\": 0.1, \"log\": true}}"}
{"op_code":5,"worker_id":"451af38c-b49a-426c-ac1e-3081092d1a02-140544486217536","trial_id":28,"param_name":"dropout","param_value_internal":0.10034192706814575,"distribution":"{\"name\": \"FloatDistribution\", \"attributes\": {\"step\": null, \"low\": 0.0, \"high\": 0.5, \"log\": false}}"}
{"op_code":5,"worker_id":"451af38c-b49a-426c-ac1e-3081092d1a02-140544486217536","trial_id":28,"param_name":"nodes","param_value_internal":1,"distribution":"{\"name\": \"CategoricalDistribution\", \"attributes\": {\"choices\": [\"64-64\", \"128-64\", \"256-128\"]}}"}
{"op_code":6,"worker_id":"451af38c-b49a-426c-ac1e-3081092d1a02-140544486217536","trial_id":28,"state":1,"values":[0.867601246105919],"datetime_complete":"2026-04-01T03:26:13.964644"}
{"op_code":4,"worker_id":"451af38c-b49a-426c-ac1e-3081092d1a02-140544486217536","study_id":0,"datetime_start":"2026-04-01T03:26:13.988502"}
{"op_code":5,"worker_id":"451af38c-b49a-426c-ac1e-3081092d1a02-140544486217536","trial_id":29,"param_name":"lr","param_value_internal":0.0037382811752402784,"distribution":"{\"name\": \"FloatDistribution\", \"attributes\": {\"step\": null, \"low\": 0.0001, \"high\": 0.1, \"log\": true}}"}
{"op_code":5,"worker_id":"451af38c-b49a-426c-ac1e-3081092d1a02-140544486217536","trial_id":29,"param_name":"dropout","param_value_internal":0.41491484988545424,"distribution":"{\"name\": \"FloatDistribution\", \"attributes\": {\"step\": null, \"low\": 0.0, \"high\": 0.5, \"log\": false}}"}
{"op_code":5,"worker_id":"451af38c-b49a-426c-ac1e-3081092d1a02-140544486217536","trial_id":29,"param_name":"nodes","param_value_internal":0,"distribution":"{\"name\": \"CategoricalDistribution\", \"attributes\": {\"choices\": [\"64-64\", \"128-64\", \"256-128\"]}}"}
{"op_code":6,"worker_id":"451af38c-b49a-426c-ac1e-3081092d1a02-140544486217536","trial_id":29,"state":1,"values":[0.8473520249221184],"datetime_complete":"2026-04-01T03:26:14.512999"}
{"op_code":4,"worker_id":"451af38c-b49a-426c-ac1e-3081092d1a02-140544486217536","study_id":0,"datetime_start":"2026-04-01T03:26:14.530535"}
{"op_code":5,"worker_id":"451af38c-b49a-426c-ac1e-3081092d1a02-140544486217536","trial_id":30,"param_name":"lr","param_value_internal":0.00012955568582529185,"distribution":"{\"name\": \"FloatDistribution\", \"attributes\": {\"step\": null, \"low\": 0.0001, \"high\": 0.1, \"log\": true}}"}
{"op_code":5,"worker_id":"451af38c-b49a-426c-ac1e-3081092d1a02-140544486217536","trial_id":30,"param_name":"dropout","param_value_internal":0.051747688417273556,"distribution":"{\"name\": \"FloatDistribution\", \"attributes\": {\"step\": null, \"low\": 0.0, \"high\": 0.5, \"log\": false}}"}
{"op_code":5,"worker_id":"451af38c-b49a-426c-ac1e-3081092d1a02-140544486217536","trial_id":30,"param_name":"nodes","param_value_internal":2,"distribution":"{\"name\": \"CategoricalDistribution\", \"attributes\": {\"choices\": [\"64-64\", \"128-64\", \"256-128\"]}}"}
{"op_code":6,"worker_id":"451af38c-b49a-426c-ac1e-3081092d1a02-140544486217536","trial_id":30,"state":1,"values":[0.8271028037383178],"datetime_complete":"2026-04-01T03:26:15.057290"}
{"op_code":4,"worker_id":"451af38c-b49a-426c-ac1e-3081092d1a02-140544486217536","study_id":0,"datetime_start":"2026-04-01T03:26:15.075178"}
{"op_code":5,"worker_id":"451af38c-b49a-426c-ac1e-3081092d1a02-140544486217536","trial_id":31,"param_name":"lr","param_value_internal":0.00029069200797297477,"distribution":"{\"name\": \"FloatDistribution\", \"attributes\": {\"step\": null, \"low\": 0.0001, \"high\": 0.1, \"log\": true}}"}
{"op_code":5,"worker_id":"451af38c-b49a-426c-ac1e-3081092d1a02-140544486217536","trial_id":31,"param_name":"dropout","param_value_internal":0.0009738654689807058,"distribution":"{\"name\": \"FloatDistribution\", \"attributes\": {\"step\": null, \"low\": 0.0, \"high\": 0.5, \"log\": false}}"}
{"op_code":5,"worker_id":"451af38c-b49a-426c-ac1e-3081092d1a02-140544486217536","trial_id":31,"param_name":"nodes","param_value_internal":0,"distribution":"{\"name\": \"CategoricalDistribution\", \"attributes\": {\"choices\": [\"64-64\", \"128-64\", \"256-128\"]}}"}
{"op_code":6,"worker_id":"451af38c-b49a-426c-ac1e-3081092d1a02-140544486217536","trial_id":31,"state":1,"values":[0.8494288681204569],"datetime_complete":"2026-04-01T03:26:15.601344"}
{"op_code":4,"worker_id":"451af38c-b49a-426c-ac1e-3081092d1a02-140544486217536","study_id":0,"datetime_start":"2026-04-01T03:26:15.618550"}
{"op_code":5,"worker_id":"451af38c-b49a-426c-ac1e-3081092d1a02-140544486217536","trial_id":32,"param_name":"lr","param_value_internal":0.0008091154311237012,"distribution":"{\"name\": \"FloatDistribution\", \"attributes\": {\"step\": null, \"low\": 0.0001, \"high\": 0.1, \"log\": true}}"}
{"op_code":5,"worker_id":"451af38c-b49a-426c-ac1e-3081092d1a02-140544486217536","trial_id":32,"param_name":"dropout","param_value_internal":0.04464241439573355,"distribution":"{\"name\": \"FloatDistribution\", \"attributes\": {\"step\": null, \"low\": 0.0, \"high\": 0.5, \"log\": false}}"}
{"op_code":5,"worker_id":"451af38c-b49a-426c-ac1e-3081092d1a02-140544486217536","trial_id":32,"param_name":"nodes","param_value_internal":0,"distribution":"{\"name\": \"CategoricalDistribution\", \"attributes\": {\"choices\": [\"64-64\", \"128-64\", \"256-128\"]}}"}
{"op_code":6,"worker_id":"451af38c-b49a-426c-ac1e-3081092d1a02-140544486217536","trial_id":32,"state":1,"values":[0.8717549325025961],"datetime_complete":"2026-04-01T03:26:16.143787"}
{"op_code":4,"worker_id":"451af38c-b49a-426c-ac1e-3081092d1a02-140544486217536","study_id":0,"datetime_start":"2026-04-01T03:26:16.157987"}
{"op_code":5,"worker_id":"451af38c-b49a-426c-ac1e-3081092d1a02-140544486217536","trial_id":33,"param_name":"lr","param_value_internal":0.0005447833557976681,"distribution":"{\"name\": \"FloatDistribution\", \"attributes\": {\"step\": null, \"low\": 0.0001, \"high\": 0.1, \"log\": true}}"}
{"op_code":5,"worker_id":"451af38c-b49a-426c-ac1e-3081092d1a02-140544486217536","trial_id":33,"param_name":"dropout","param_value_internal":0.08067219757500015,"distribution":"{\"name\": \"FloatDistribution\", \"attributes\": {\"step\": null, \"low\": 0.0, \"high\": 0.5, \"log\": false}}"}
{"op_code":5,"worker_id":"451af38c-b49a-426c-ac1e-3081092d1a02-140544486217536","trial_id":33,"param_name":"nodes","param_value_internal":0,"distribution":"{\"name\": \"CategoricalDistribution\", \"attributes\": {\"choices\": [\"64-64\", \"128-64\", \"256-128\"]}}"}
{"op_code":6,"worker_id":"451af38c-b49a-426c-ac1e-3081092d1a02-140544486217536","trial_id":33,"state":1,"values":[0.8317757009345794],"datetime_complete":"2026-04-01T03:26:16.683923"}
{"op_code":4,"worker_id":"451af38c-b49a-426c-ac1e-3081092d1a02-140544486217536","study_id":0,"datetime_start":"2026-04-01T03:26:16.708922"}
{"op_code":5,"worker_id":"451af38c-b49a-426c-ac1e-3081092d1a02-140544486217536","trial_id":34,"param_name":"lr","param_value_internal":0.0014719896863609463,"distribution":"{\"name\": \"FloatDistribution\", \"attributes\": {\"step\": null, \"low\": 0.0001, \"high\": 0.1, \"log\": true}}"}
{"op_code":5,"worker_id":"451af38c-b49a-426c-ac1e-3081092d1a02-140544486217536","trial_id":34,"param_name":"dropout","param_value_internal":0.14303638717083056,"distribution":"{\"name\": \"FloatDistribution\", \"attributes\": {\"step\": null, \"low\": 0.0, \"high\": 0.5, \"log\": false}}"}
{"op_code":5,"worker_id":"451af38c-b49a-426c-ac1e-3081092d1a02-140544486217536","trial_id":34,"param_name":"nodes","param_value_internal":0,"distribution":"{\"name\": \"CategoricalDistribution\", \"attributes\": {\"choices\": [\"64-64\", \"128-64\", \"256-128\"]}}"}
{"op_code":6,"worker_id":"451af38c-b49a-426c-ac1e-3081092d1a02-140544486217536","trial_id":34,"state":1,"values":[0.8489096573208723],"datetime_complete":"2026-04-01T03:26:17.243693"}
{"op_code":4,"worker_id":"451af38c-b49a-426c-ac1e-3081092d1a02-140544486217536","study_id":0,"datetime_start":"2026-04-01T03:26:17.261654"}
{"op_code":5,"worker_id":"451af38c-b49a-426c-ac1e-3081092d1a02-140544486217536","trial_id":35,"param_name":"lr","param_value_internal":0.005357079501417275,"distribution":"{\"name\": \"FloatDistribution\", \"attributes\": {\"step\": null, \"low\": 0.0001, \"high\": 0.1, \"log\": true}}"}
{"op_code":5,"worker_id":"451af38c-b49a-426c-ac1e-3081092d1a02-140544486217536","trial_id":35,"param_name":"dropout","param_value_internal":0.02370439722694183,"distribution":"{\"name\": \"FloatDistribution\", \"attributes\": {\"step\": null, \"low\": 0.0, \"high\": 0.5, \"log\": false}}"}
{"op_code":5,"worker_id":"451af38c-b49a-426c-ac1e-3081092d1a02-140544486217536","trial_id":35,"param_name":"nodes","param_value_internal":0,"distribution":"{\"name\": \"CategoricalDistribution\", \"attributes\": {\"choices\": [\"64-64\", \"128-64\", \"256-128\"]}}"}
{"op_code":6,"worker_id":"451af38c-b49a-426c-ac1e-3081092d1a02-140544486217536","trial_id":35,"state":1,"values":[0.8696780893042575],"datetime_complete":"2026-04-01T03:26:17.787509"}
{"op_code":4,"worker_id":"451af38c-b49a-426c-ac1e-3081092d1a02-140544486217536","study_id":0,"datetime_start":"2026-04-01T03:26:17.806622"}
{"op_code":5,"worker_id":"451af38c-b49a-426c-ac1e-3081092d1a02-140544486217536","trial_id":36,"param_name":"lr","param_value_internal":0.010232456022698917,"distribution":"{\"name\": \"FloatDistribution\", \"attributes\": {\"step\": null, \"low\": 0.0001, \"high\": 0.1, \"log\": true}}"}
{"op_code":5,"worker_id":"451af38c-b49a-426c-ac1e-3081092d1a02-140544486217536","trial_id":36,"param_name":"dropout","param_value_internal":0.1950582677410227,"distribution":"{\"name\": \"FloatDistribution\", \"attributes\": {\"step\": null, \"low\": 0.0, \"high\": 0.5, \"log\": false}}"}
{"op_code":5,"worker_id":"451af38c-b49a-426c-ac1e-3081092d1a02-140544486217536","trial_id":36,"param_name":"nodes","param_value_internal":2,"distribution":"{\"name\": \"CategoricalDistribution\", \"attributes\": {\"choices\": [\"64-64\", \"128-64\", \"256-128\"]}}"}
{"op_code":6,"worker_id":"451af38c-b49a-426c-ac1e-3081092d1a02-140544486217536","trial_id":36,"state":1,"values":[0.8738317757009346],"datetime_complete":"2026-04-01T03:26:18.334169"}
{"op_code":4,"worker_id":"451af38c-b49a-426c-ac1e-3081092d1a02-140544486217536","study_id":0,"datetime_start":"2026-04-01T03:26:18.352490"}
{"op_code":5,"worker_id":"451af38c-b49a-426c-ac1e-3081092d1a02-140544486217536","trial_id":37,"param_name":"lr","param_value_internal":0.0003674555251814874,"distribution":"{\"name\": \"FloatDistribution\", \"attributes\": {\"step\": null, \"low\": 0.0001, \"high\": 0.1, \"log\": true}}"}
{"op_code":5,"worker_id":"451af38c-b49a-426c-ac1e-3081092d1a02-140544486217536","trial_id":37,"param_name":"dropout","param_value_internal":0.08515283221323032,"distribution":"{\"name\": \"FloatDistribution\", \"attributes\": {\"step\": null, \"low\": 0.0, \"high\": 0.5, \"log\": false}}"}
{"op_code":5,"worker_id":"451af38c-b49a-426c-ac1e-3081092d1a02-140544486217536","trial_id":37,"param_name":"nodes","param_value_internal":0,"distribution":"{\"name\": \"CategoricalDistribution\", \"attributes\": {\"choices\": [\"64-64\", \"128-64\", \"256-128\"]}}"}
{"op_code":6,"worker_id":"451af38c-b49a-426c-ac1e-3081092d1a02-140544486217536","trial_id":37,"state":1,"values":[0.8665628245067497],"datetime_complete":"2026-04-01T03:26:18.879884"}
{"op_code":4,"worker_id":"451af38c-b49a-426c-ac1e-3081092d1a02-140544486217536","study_id":0,"datetime_start":"2026-04-01T03:26:18.904513"}
{"op_code":5,"worker_id":"451af38c-b49a-426c-ac1e-3081092d1a02-140544486217536","trial_id":38,"param_name":"lr","param_value_internal":0.05044981661129323,"distribution":"{\"name\": \"FloatDistribution\", \"attributes\": {\"step\": null, \"low\": 0.0001, \"high\": 0.1, \"log\": true}}"}
{"op_code":5,"worker_id":"451af38c-b49a-426c-ac1e-3081092d1a02-140544486217536","trial_id":38,"param_name":"dropout","param_value_internal":0.4954431535105538,"distribution":"{\"name\": \"FloatDistribution\", \"attributes\": {\"step\": null, \"low\": 0.0, \"high\": 0.5, \"log\": false}}"}
{"op_code":5,"worker_id":"451af38c-b49a-426c-ac1e-3081092d1a02-140544486217536","trial_id":38,"param_name":"nodes","param_value_internal":0,"distribution":"{\"name\": \"CategoricalDistribution\", \"attributes\": {\"choices\": [\"64-64\", \"128-64\", \"256-128\"]}}"}
{"op_code":6,"worker_id":"451af38c-b49a-426c-ac1e-3081092d1a02-140544486217536","trial_id":38,"state":1,"values":[0.8618899273104881],"datetime_complete":"2026-04-01T03:26:19.433280"}
{"op_code":4,"worker_id":"451af38c-b49a-426c-ac1e-3081092d1a02-140544486217536","study_id":0,"datetime_start":"2026-04-01T03:26:19.446953"}
{"op_code":5,"worker_id":"451af38c-b49a-426c-ac1e-3081092d1a02-140544486217536","trial_id":39,"param_name":"lr","param_value_internal":0.00016352934250841422,"distribution":"{\"name\": \"FloatDistribution\", \"attributes\": {\"step\": null, \"low\": 0.0001, \"high\": 0.1, \"log\": true}}"}
{"op_code":5,"worker_id":"451af38c-b49a-426c-ac1e-3081092d1a02-140544486217536","trial_id":39,"param_name":"dropout","param_value_internal":0.41408355359835025,"distribution":"{\"name\": \"FloatDistribution\", \"attributes\": {\"step\": null, \"low\": 0.0, \"high\": 0.5, \"log\": false}}"}
{"op_code":5,"worker_id":"451af38c-b49a-426c-ac1e-3081092d1a02-140544486217536","trial_id":39,"param_name":"nodes","param_value_internal":1,"distribution":"{\"name\": \"CategoricalDistribution\", \"attributes\": {\"choices\": [\"64-64\", \"128-64\", \"256-128\"]}}"}
{"op_code":6,"worker_id":"451af38c-b49a-426c-ac1e-3081092d1a02-140544486217536","trial_id":39,"state":1,"values":[0.8743509865005192],"datetime_complete":"2026-04-01T03:26:19.973336"}
