{"op_code":0,"worker_id":"3c3eaa54-dd5f-4558-8ecb-7f20a12c092c-140544486217536","study_name":"tabicl_pchazard","directions":[2]}
{"op_code":4,"worker_id":"3c3eaa54-dd5f-4558-8ecb-7f20a12c092c-140544486217536","study_id":0,"datetime_start":"2026-04-01T03:19:49.346742"}
{"op_code":5,"worker_id":"3c3eaa54-dd5f-4558-8ecb-7f20a12c092c-140544486217536","trial_id":0,"param_name":"lr","param_value_internal":0.007412790221849851,"distribution":"{\"name\": \"FloatDistribution\", \"attributes\": {\"step\": null, \"low\": 0.0001, \"high\": 0.1, \"log\": true}}"}
{"op_code":5,"worker_id":"3c3eaa54-dd5f-4558-8ecb-7f20a12c092c-140544486217536","trial_id":0,"param_name":"dropout","param_value_internal":0.09851601503139196,"distribution":"{\"name\": \"FloatDistribution\", \"attributes\": {\"step\": null, \"low\": 0.0, \"high\": 0.5, \"log\": false}}"}
{"op_code":5,"worker_id":"3c3eaa54-dd5f-4558-8ecb-7f20a12c092c-140544486217536","trial_id":0,"param_name":"nodes","param_value_internal":0,"distribution":"{\"name\": \"CategoricalDistribution\", \"attributes\": {\"choices\": [\"64-64\", \"128-64\", \"256-128\"]}}"}
{"op_code":6,"worker_id":"3c3eaa54-dd5f-4558-8ecb-7f20a12c092c-140544486217536","trial_id":0,"state":1,"values":[0.5833801235261089],"datetime_complete":"2026-04-01T03:19:49.820519"}
{"op_code":4,"worker_id":"3c3eaa54-dd5f-4558-8ecb-7f20a12c092c-140544486217536","study_id":0,"datetime_start":"2026-04-01T03:19:49.836321"}
{"op_code":5,"worker_id":"3c3eaa54-dd5f-4558-8ecb-7f20a12c092c-140544486217536","trial_id":1,"param_name":"lr","param_value_internal":0.015807106344039926,"distribution":"{\"name\": \"FloatDistribution\", \"attributes\": {\"step\": null, \"low\": 0.0001, \"high\": 0.1, \"log\": true}}"}
{"op_code":5,"worker_id":"3c3eaa54-dd5f-4558-8ecb-7f20a12c092c-140544486217536","trial_id":1,"param_name":"dropout","param_value_internal":0.3398732474754417,"distribution":"{\"name\": \"FloatDistribution\", \"attributes\": {\"step\": null, \"low\": 0.0, \"high\": 0.5, \"log\": false}}"}
{"op_code":5,"worker_id":"3c3eaa54-dd5f-4558-8ecb-7f20a12c092c-140544486217536","trial_id":1,"param_name":"nodes","param_value_internal":2,"distribution":"{\"name\": \"CategoricalDistribution\", \"attributes\": {\"choices\": [\"64-64\", \"128-64\", \"256-128\"]}}"}
{"op_code":6,"worker_id":"3c3eaa54-dd5f-4558-8ecb-7f20a12c092c-140544486217536","trial_id":1,"state":1,"values":[0.6131386861313869],"datetime_complete":"2026-04-01T03:19:50.310899"}
{"op_code":4,"worker_id":"3c3eaa54-dd5f-4558-8ecb-7f20a12c092c-140544486217536","study_id":0,"datetime_start":"2026-04-01T03:19:50.323584"}
{"op_code":5,"worker_id":"3c3eaa54-dd5f-4558-8ecb-7f20a12c092c-140544486217536","trial_id":2,"param_name":"lr","param_value_internal":0.0030810185495869827,"distribution":"{\"name\": \"FloatDistribution\", \"attributes\": {\"step\": null, \"low\": 0.0001, \"high\": 0.1, \"log\": true}}"}
{"op_code":5,"worker_id":"3c3eaa54-dd5f-4558-8ecb-7f20a12c092c-140544486217536","trial_id":2,"param_name":"dropout","param_value_internal":0.2255941847629238,"distribution":"{\"name\": \"FloatDistribution\", \"attributes\": {\"step\": null, \"low\": 0.0, \"high\": 0.5, \"log\": false}}"}
{"op_code":5,"worker_id":"3c3eaa54-dd5f-4558-8ecb-7f20a12c092c-140544486217536","trial_id":2,"param_name":"nodes","param_value_internal":0,"distribution":"{\"name\": \"CategoricalDistribution\", \"attributes\": {\"choices\": [\"64-64\", \"128-64\", \"256-128\"]}}"}
{"op_code":6,"worker_id":"3c3eaa54-dd5f-4558-8ecb-7f20a12c092c-140544486217536","trial_id":2,"state":1,"values":[0.613700168444694],"datetime_complete":"2026-04-01T03:19:50.797392"}
{"op_code":4,"worker_id":"3c3eaa54-dd5f-4558-8ecb-7f20a12c092c-140544486217536","study_id":0,"datetime_start":"2026-04-01T03:19:50.816124"}
{"op_code":5,"worker_id":"3c3eaa54-dd5f-4558-8ecb-7f20a12c092c-140544486217536","trial_id":3,"param_name":"lr","param_value_internal":0.00015257192141726305,"distribution":"{\"name\": \"FloatDistribution\", \"attributes\": {\"step\": null, \"low\": 0.0001, \"high\": 0.1, \"log\": true}}"}
{"op_code":5,"worker_id":"3c3eaa54-dd5f-4558-8ecb-7f20a12c092c-140544486217536","trial_id":3,"param_name":"dropout","param_value_internal":0.10867686460852571,"distribution":"{\"name\": \"FloatDistribution\", \"attributes\": {\"step\": null, \"low\": 0.0, \"high\": 0.5, \"log\": false}}"}
{"op_code":5,"worker_id":"3c3eaa54-dd5f-4558-8ecb-7f20a12c092c-140544486217536","trial_id":3,"param_name":"nodes","param_value_internal":0,"distribution":"{\"name\": \"CategoricalDistribution\", \"attributes\": {\"choices\": [\"64-64\", \"128-64\", \"256-128\"]}}"}
{"op_code":6,"worker_id":"3c3eaa54-dd5f-4558-8ecb-7f20a12c092c-140544486217536","trial_id":3,"state":1,"values":[0.5654126895002808],"datetime_complete":"2026-04-01T03:19:51.295866"}
{"op_code":4,"worker_id":"3c3eaa54-dd5f-4558-8ecb-7f20a12c092c-140544486217536","study_id":0,"datetime_start":"2026-04-01T03:19:51.312130"}
{"op_code":5,"worker_id":"3c3eaa54-dd5f-4558-8ecb-7f20a12c092c-140544486217536","trial_id":4,"param_name":"lr","param_value_internal":0.0272571511356785,"distribution":"{\"name\": \"FloatDistribution\", \"attributes\": {\"step\": null, \"low\": 0.0001, \"high\": 0.1, \"log\": true}}"}
{"op_code":5,"worker_id":"3c3eaa54-dd5f-4558-8ecb-7f20a12c092c-140544486217536","trial_id":4,"param_name":"dropout","param_value_internal":0.0664028272000845,"distribution":"{\"name\": \"FloatDistribution\", \"attributes\": {\"step\": null, \"low\": 0.0, \"high\": 0.5, \"log\": false}}"}
{"op_code":5,"worker_id":"3c3eaa54-dd5f-4558-8ecb-7f20a12c092c-140544486217536","trial_id":4,"param_name":"nodes","param_value_internal":2,"distribution":"{\"name\": \"CategoricalDistribution\", \"attributes\": {\"choices\": [\"64-64\", \"128-64\", \"256-128\"]}}"}
{"op_code":6,"worker_id":"3c3eaa54-dd5f-4558-8ecb-7f20a12c092c-140544486217536","trial_id":4,"state":1,"values":[0.6030320044918585],"datetime_complete":"2026-04-01T03:19:51.788390"}
{"op_code":4,"worker_id":"3c3eaa54-dd5f-4558-8ecb-7f20a12c092c-140544486217536","study_id":0,"datetime_start":"2026-04-01T03:19:51.804169"}
{"op_code":5,"worker_id":"3c3eaa54-dd5f-4558-8ecb-7f20a12c092c-140544486217536","trial_id":5,"param_name":"lr","param_value_internal":0.048737084303139645,"distribution":"{\"name\": \"FloatDistribution\", \"attributes\": {\"step\": null, \"low\": 0.0001, \"high\": 0.1, \"log\": true}}"}
{"op_code":5,"worker_id":"3c3eaa54-dd5f-4558-8ecb-7f20a12c092c-140544486217536","trial_id":5,"param_name":"dropout","param_value_internal":0.4281584113236106,"distribution":"{\"name\": \"FloatDistribution\", \"attributes\": {\"step\": null, \"low\": 0.0, \"high\": 0.5, \"log\": false}}"}
{"op_code":5,"worker_id":"3c3eaa54-dd5f-4558-8ecb-7f20a12c092c-140544486217536","trial_id":5,"param_name":"nodes","param_value_internal":1,"distribution":"{\"name\": \"CategoricalDistribution\", \"attributes\": {\"choices\": [\"64-64\", \"128-64\", \"256-128\"]}}"}
{"op_code":6,"worker_id":"3c3eaa54-dd5f-4558-8ecb-7f20a12c092c-140544486217536","trial_id":5,"state":1,"values":[0.6019090398652442],"datetime_complete":"2026-04-01T03:19:52.279404"}
{"op_code":4,"worker_id":"3c3eaa54-dd5f-4558-8ecb-7f20a12c092c-140544486217536","study_id":0,"datetime_start":"2026-04-01T03:19:52.295115"}
{"op_code":5,"worker_id":"3c3eaa54-dd5f-4558-8ecb-7f20a12c092c-140544486217536","trial_id":6,"param_name":"lr","param_value_internal":0.00022283454653385044,"distribution":"{\"name\": \"FloatDistribution\", \"attributes\": {\"step\": null, \"low\": 0.0001, \"high\": 0.1, \"log\": true}}"}
{"op_code":5,"worker_id":"3c3eaa54-dd5f-4558-8ecb-7f20a12c092c-140544486217536","trial_id":6,"param_name":"dropout","param_value_internal":0.1847487525629451,"distribution":"{\"name\": \"FloatDistribution\", \"attributes\": {\"step\": null, \"low\": 0.0, \"high\": 0.5, \"log\": false}}"}
{"op_code":5,"worker_id":"3c3eaa54-dd5f-4558-8ecb-7f20a12c092c-140544486217536","trial_id":6,"param_name":"nodes","param_value_internal":2,"distribution":"{\"name\": \"CategoricalDistribution\", \"attributes\": {\"choices\": [\"64-64\", \"128-64\", \"256-128\"]}}"}
{"op_code":6,"worker_id":"3c3eaa54-dd5f-4558-8ecb-7f20a12c092c-140544486217536","trial_id":6,"state":1,"values":[0.6120157215047726],"datetime_complete":"2026-04-01T03:19:52.772752"}
{"op_code":4,"worker_id":"3c3eaa54-dd5f-4558-8ecb-7f20a12c092c-140544486217536","study_id":0,"datetime_start":"2026-04-01T03:19:52.791801"}
{"op_code":5,"worker_id":"3c3eaa54-dd5f-4558-8ecb-7f20a12c092c-140544486217536","trial_id":7,"param_name":"lr","param_value_internal":0.00034075886246609093,"distribution":"{\"name\": \"FloatDistribution\", \"attributes\": {\"step\": null, \"low\": 0.0001, \"high\": 0.1, \"log\": true}}"}
{"op_code":5,"worker_id":"3c3eaa54-dd5f-4558-8ecb-7f20a12c092c-140544486217536","trial_id":7,"param_name":"dropout","param_value_internal":0.06717011477494006,"distribution":"{\"name\": \"FloatDistribution\", \"attributes\": {\"step\": null, \"low\": 0.0, \"high\": 0.5, \"log\": false}}"}
{"op_code":5,"worker_id":"3c3eaa54-dd5f-4558-8ecb-7f20a12c092c-140544486217536","trial_id":7,"param_name":"nodes","param_value_internal":0,"distribution":"{\"name\": \"CategoricalDistribution\", \"attributes\": {\"choices\": [\"64-64\", \"128-64\", \"256-128\"]}}"}
{"op_code":6,"worker_id":"3c3eaa54-dd5f-4558-8ecb-7f20a12c092c-140544486217536","trial_id":7,"state":1,"values":[0.5974171813587872],"datetime_complete":"2026-04-01T03:19:53.263353"}
{"op_code":4,"worker_id":"3c3eaa54-dd5f-4558-8ecb-7f20a12c092c-140544486217536","study_id":0,"datetime_start":"2026-04-01T03:19:53.280017"}
{"op_code":5,"worker_id":"3c3eaa54-dd5f-4558-8ecb-7f20a12c092c-140544486217536","trial_id":8,"param_name":"lr","param_value_internal":0.0001869741198128149,"distribution":"{\"name\": \"FloatDistribution\", \"attributes\": {\"step\": null, \"low\": 0.0001, \"high\": 0.1, \"log\": true}}"}
{"op_code":5,"worker_id":"3c3eaa54-dd5f-4558-8ecb-7f20a12c092c-140544486217536","trial_id":8,"param_name":"dropout","param_value_internal":0.31641906651886637,"distribution":"{\"name\": \"FloatDistribution\", \"attributes\": {\"step\": null, \"low\": 0.0, \"high\": 0.5, \"log\": false}}"}
{"op_code":5,"worker_id":"3c3eaa54-dd5f-4558-8ecb-7f20a12c092c-140544486217536","trial_id":8,"param_name":"nodes","param_value_internal":2,"distribution":"{\"name\": \"CategoricalDistribution\", \"attributes\": {\"choices\": [\"64-64\", \"128-64\", \"256-128\"]}}"}
{"op_code":6,"worker_id":"3c3eaa54-dd5f-4558-8ecb-7f20a12c092c-140544486217536","trial_id":8,"state":1,"values":[0.5996631106120157],"datetime_complete":"2026-04-01T03:19:53.765124"}
{"op_code":4,"worker_id":"3c3eaa54-dd5f-4558-8ecb-7f20a12c092c-140544486217536","study_id":0,"datetime_start":"2026-04-01T03:19:53.780714"}
{"op_code":5,"worker_id":"3c3eaa54-dd5f-4558-8ecb-7f20a12c092c-140544486217536","trial_id":9,"param_name":"lr","param_value_internal":0.00020951223356348533,"distribution":"{\"name\": \"FloatDistribution\", \"attributes\": {\"step\": null, \"low\": 0.0001, \"high\": 0.1, \"log\": true}}"}
{"op_code":5,"worker_id":"3c3eaa54-dd5f-4558-8ecb-7f20a12c092c-140544486217536","trial_id":9,"param_name":"dropout","param_value_internal":0.062294275677061195,"distribution":"{\"name\": \"FloatDistribution\", \"attributes\": {\"step\": null, \"low\": 0.0, \"high\": 0.5, \"log\": false}}"}
{"op_code":5,"worker_id":"3c3eaa54-dd5f-4558-8ecb-7f20a12c092c-140544486217536","trial_id":9,"param_name":"nodes","param_value_internal":2,"distribution":"{\"name\": \"CategoricalDistribution\", \"attributes\": {\"choices\": [\"64-64\", \"128-64\", \"256-128\"]}}"}
{"op_code":6,"worker_id":"3c3eaa54-dd5f-4558-8ecb-7f20a12c092c-140544486217536","trial_id":9,"state":1,"values":[0.5946097697922516],"datetime_complete":"2026-04-01T03:19:54.258621"}
{"op_code":4,"worker_id":"3c3eaa54-dd5f-4558-8ecb-7f20a12c092c-140544486217536","study_id":0,"datetime_start":"2026-04-01T03:19:54.274209"}
{"op_code":5,"worker_id":"3c3eaa54-dd5f-4558-8ecb-7f20a12c092c-140544486217536","trial_id":10,"param_name":"lr","param_value_internal":0.0015125714211358502,"distribution":"{\"name\": \"FloatDistribution\", \"attributes\": {\"step\": null, \"low\": 0.0001, \"high\": 0.1, \"log\": true}}"}
{"op_code":5,"worker_id":"3c3eaa54-dd5f-4558-8ecb-7f20a12c092c-140544486217536","trial_id":10,"param_name":"dropout","param_value_internal":0.24480267218704513,"distribution":"{\"name\": \"FloatDistribution\", \"attributes\": {\"step\": null, \"low\": 0.0, \"high\": 0.5, \"log\": false}}"}
{"op_code":5,"worker_id":"3c3eaa54-dd5f-4558-8ecb-7f20a12c092c-140544486217536","trial_id":10,"param_name":"nodes","param_value_internal":1,"distribution":"{\"name\": \"CategoricalDistribution\", \"attributes\": {\"choices\": [\"64-64\", \"128-64\", \"256-128\"]}}"}
{"op_code":6,"worker_id":"3c3eaa54-dd5f-4558-8ecb-7f20a12c092c-140544486217536","trial_id":10,"state":1,"values":[0.5766423357664233],"datetime_complete":"2026-04-01T03:19:54.753076"}
{"op_code":4,"worker_id":"3c3eaa54-dd5f-4558-8ecb-7f20a12c092c-140544486217536","study_id":0,"datetime_start":"2026-04-01T03:19:54.764713"}
{"op_code":5,"worker_id":"3c3eaa54-dd5f-4558-8ecb-7f20a12c092c-140544486217536","trial_id":11,"param_name":"lr","param_value_internal":0.005711883748939863,"distribution":"{\"name\": \"FloatDistribution\", \"attributes\": {\"step\": null, \"low\": 0.0001, \"high\": 0.1, \"log\": true}}"}
{"op_code":5,"worker_id":"3c3eaa54-dd5f-4558-8ecb-7f20a12c092c-140544486217536","trial_id":11,"param_name":"dropout","param_value_internal":0.37294942447513657,"distribution":"{\"name\": \"FloatDistribution\", \"attributes\": {\"step\": null, \"low\": 0.0, \"high\": 0.5, \"log\": false}}"}
{"op_code":5,"worker_id":"3c3eaa54-dd5f-4558-8ecb-7f20a12c092c-140544486217536","trial_id":11,"param_name":"nodes","param_value_internal":0,"distribution":"{\"name\": \"CategoricalDistribution\", \"attributes\": {\"choices\": [\"64-64\", \"128-64\", \"256-128\"]}}"}
{"op_code":6,"worker_id":"3c3eaa54-dd5f-4558-8ecb-7f20a12c092c-140544486217536","trial_id":11,"state":1,"values":[0.6159460976979225],"datetime_complete":"2026-04-01T03:19:55.240804"}
{"op_code":4,"worker_id":"3c3eaa54-dd5f-4558-8ecb-7f20a12c092c-140544486217536","study_id":0,"datetime_start":"2026-04-01T03:19:55.253717"}
{"op_code":5,"worker_id":"3c3eaa54-dd5f-4558-8ecb-7f20a12c092c-140544486217536","trial_id":12,"param_name":"lr","param_value_internal":0.001896486414091798,"distribution":"{\"name\": \"FloatDistribution\", \"attributes\": {\"step\": null, \"low\": 0.0001, \"high\": 0.1, \"log\": true}}"}
{"op_code":5,"worker_id":"3c3eaa54-dd5f-4558-8ecb-7f20a12c092c-140544486217536","trial_id":12,"param_name":"dropout","param_value_internal":0.4453929339773293,"distribution":"{\"name\": \"FloatDistribution\", \"attributes\": {\"step\": null, \"low\": 0.0, \"high\": 0.5, \"log\": false}}"}
{"op_code":5,"worker_id":"3c3eaa54-dd5f-4558-8ecb-7f20a12c092c-140544486217536","trial_id":12,"param_name":"nodes","param_value_internal":0,"distribution":"{\"name\": \"CategoricalDistribution\", \"attributes\": {\"choices\": [\"64-64\", \"128-64\", \"256-128\"]}}"}
{"op_code":6,"worker_id":"3c3eaa54-dd5f-4558-8ecb-7f20a12c092c-140544486217536","trial_id":12,"state":1,"values":[0.6058394160583942],"datetime_complete":"2026-04-01T03:19:55.732608"}
{"op_code":4,"worker_id":"3c3eaa54-dd5f-4558-8ecb-7f20a12c092c-140544486217536","study_id":0,"datetime_start":"2026-04-01T03:19:55.745117"}
{"op_code":5,"worker_id":"3c3eaa54-dd5f-4558-8ecb-7f20a12c092c-140544486217536","trial_id":13,"param_name":"lr","param_value_internal":0.0042610251977799884,"distribution":"{\"name\": \"FloatDistribution\", \"attributes\": {\"step\": null, \"low\": 0.0001, \"high\": 0.1, \"log\": true}}"}
{"op_code":5,"worker_id":"3c3eaa54-dd5f-4558-8ecb-7f20a12c092c-140544486217536","trial_id":13,"param_name":"dropout","param_value_internal":0.3513022342239832,"distribution":"{\"name\": \"FloatDistribution\", \"attributes\": {\"step\": null, \"low\": 0.0, \"high\": 0.5, \"log\": false}}"}
{"op_code":5,"worker_id":"3c3eaa54-dd5f-4558-8ecb-7f20a12c092c-140544486217536","trial_id":13,"param_name":"nodes","param_value_internal":0,"distribution":"{\"name\": \"CategoricalDistribution\", \"attributes\": {\"choices\": [\"64-64\", \"128-64\", \"256-128\"]}}"}
{"op_code":6,"worker_id":"3c3eaa54-dd5f-4558-8ecb-7f20a12c092c-140544486217536","trial_id":13,"state":1,"values":[0.5996631106120157],"datetime_complete":"2026-04-01T03:19:56.223288"}
{"op_code":4,"worker_id":"3c3eaa54-dd5f-4558-8ecb-7f20a12c092c-140544486217536","study_id":0,"datetime_start":"2026-04-01T03:19:56.238582"}
{"op_code":5,"worker_id":"3c3eaa54-dd5f-4558-8ecb-7f20a12c092c-140544486217536","trial_id":14,"param_name":"lr","param_value_internal":0.0009640963822686179,"distribution":"{\"name\": \"FloatDistribution\", \"attributes\": {\"step\": null, \"low\": 0.0001, \"high\": 0.1, \"log\": true}}"}
{"op_code":5,"worker_id":"3c3eaa54-dd5f-4558-8ecb-7f20a12c092c-140544486217536","trial_id":14,"param_name":"dropout","param_value_internal":0.22177598012418767,"distribution":"{\"name\": \"FloatDistribution\", \"attributes\": {\"step\": null, \"low\": 0.0, \"high\": 0.5, \"log\": false}}"}
{"op_code":5,"worker_id":"3c3eaa54-dd5f-4558-8ecb-7f20a12c092c-140544486217536","trial_id":14,"param_name":"nodes","param_value_internal":0,"distribution":"{\"name\": \"CategoricalDistribution\", \"attributes\": {\"choices\": [\"64-64\", \"128-64\", \"256-128\"]}}"}
{"op_code":6,"worker_id":"3c3eaa54-dd5f-4558-8ecb-7f20a12c092c-140544486217536","trial_id":14,"state":1,"values":[0.5934868051656372],"datetime_complete":"2026-04-01T03:19:56.713396"}
{"op_code":4,"worker_id":"3c3eaa54-dd5f-4558-8ecb-7f20a12c092c-140544486217536","study_id":0,"datetime_start":"2026-04-01T03:19:56.725769"}
{"op_code":5,"worker_id":"3c3eaa54-dd5f-4558-8ecb-7f20a12c092c-140544486217536","trial_id":15,"param_name":"lr","param_value_internal":0.008448128882542965,"distribution":"{\"name\": \"FloatDistribution\", \"attributes\": {\"step\": null, \"low\": 0.0001, \"high\": 0.1, \"log\": true}}"}
{"op_code":5,"worker_id":"3c3eaa54-dd5f-4558-8ecb-7f20a12c092c-140544486217536","trial_id":15,"param_name":"dropout","param_value_internal":0.3924620794468491,"distribution":"{\"name\": \"FloatDistribution\", \"attributes\": {\"step\": null, \"low\": 0.0, \"high\": 0.5, \"log\": false}}"}
{"op_code":5,"worker_id":"3c3eaa54-dd5f-4558-8ecb-7f20a12c092c-140544486217536","trial_id":15,"param_name":"nodes","param_value_internal":0,"distribution":"{\"name\": \"CategoricalDistribution\", \"attributes\": {\"choices\": [\"64-64\", \"128-64\", \"256-128\"]}}"}
{"op_code":6,"worker_id":"3c3eaa54-dd5f-4558-8ecb-7f20a12c092c-140544486217536","trial_id":15,"state":1,"values":[0.6030320044918585],"datetime_complete":"2026-04-01T03:19:57.202117"}
{"op_code":4,"worker_id":"3c3eaa54-dd5f-4558-8ecb-7f20a12c092c-140544486217536","study_id":0,"datetime_start":"2026-04-01T03:19:57.218544"}
{"op_code":5,"worker_id":"3c3eaa54-dd5f-4558-8ecb-7f20a12c092c-140544486217536","trial_id":16,"param_name":"lr","param_value_internal":0.0005788804960346042,"distribution":"{\"name\": \"FloatDistribution\", \"attributes\": {\"step\": null, \"low\": 0.0001, \"high\": 0.1, \"log\": true}}"}
{"op_code":5,"worker_id":"3c3eaa54-dd5f-4558-8ecb-7f20a12c092c-140544486217536","trial_id":16,"param_name":"dropout","param_value_internal":0.4862876853072996,"distribution":"{\"name\": \"FloatDistribution\", \"attributes\": {\"step\": null, \"low\": 0.0, \"high\": 0.5, \"log\": false}}"}
{"op_code":5,"worker_id":"3c3eaa54-dd5f-4558-8ecb-7f20a12c092c-140544486217536","trial_id":16,"param_name":"nodes","param_value_internal":0,"distribution":"{\"name\": \"CategoricalDistribution\", \"attributes\": {\"choices\": [\"64-64\", \"128-64\", \"256-128\"]}}"}
{"op_code":6,"worker_id":"3c3eaa54-dd5f-4558-8ecb-7f20a12c092c-140544486217536","trial_id":16,"state":1,"values":[0.6120157215047726],"datetime_complete":"2026-04-01T03:19:57.694298"}
{"op_code":4,"worker_id":"3c3eaa54-dd5f-4558-8ecb-7f20a12c092c-140544486217536","study_id":0,"datetime_start":"2026-04-01T03:19:57.712611"}
{"op_code":5,"worker_id":"3c3eaa54-dd5f-4558-8ecb-7f20a12c092c-140544486217536","trial_id":17,"param_name":"lr","param_value_internal":0.0032711472862389595,"distribution":"{\"name\": \"FloatDistribution\", \"attributes\": {\"step\": null, \"low\": 0.0001, \"high\": 0.1, \"log\": true}}"}
{"op_code":5,"worker_id":"3c3eaa54-dd5f-4558-8ecb-7f20a12c092c-140544486217536","trial_id":17,"param_name":"dropout","param_value_internal":0.29874164039804973,"distribution":"{\"name\": \"FloatDistribution\", \"attributes\": {\"step\": null, \"low\": 0.0, \"high\": 0.5, \"log\": false}}"}
{"op_code":5,"worker_id":"3c3eaa54-dd5f-4558-8ecb-7f20a12c092c-140544486217536","trial_id":17,"param_name":"nodes","param_value_internal":1,"distribution":"{\"name\": \"CategoricalDistribution\", \"attributes\": {\"choices\": [\"64-64\", \"128-64\", \"256-128\"]}}"}
{"op_code":6,"worker_id":"3c3eaa54-dd5f-4558-8ecb-7f20a12c092c-140544486217536","trial_id":17,"state":1,"values":[0.6092083099382369],"datetime_complete":"2026-04-01T03:19:58.192164"}
{"op_code":4,"worker_id":"3c3eaa54-dd5f-4558-8ecb-7f20a12c092c-140544486217536","study_id":0,"datetime_start":"2026-04-01T03:19:58.208828"}
{"op_code":5,"worker_id":"3c3eaa54-dd5f-4558-8ecb-7f20a12c092c-140544486217536","trial_id":18,"param_name":"lr","param_value_internal":0.08416133926736583,"distribution":"{\"name\": \"FloatDistribution\", \"attributes\": {\"step\": null, \"low\": 0.0001, \"high\": 0.1, \"log\": true}}"}
{"op_code":5,"worker_id":"3c3eaa54-dd5f-4558-8ecb-7f20a12c092c-140544486217536","trial_id":18,"param_name":"dropout","param_value_internal":0.16738705269096238,"distribution":"{\"name\": \"FloatDistribution\", \"attributes\": {\"step\": null, \"low\": 0.0, \"high\": 0.5, \"log\": false}}"}
{"op_code":5,"worker_id":"3c3eaa54-dd5f-4558-8ecb-7f20a12c092c-140544486217536","trial_id":18,"param_name":"nodes","param_value_internal":0,"distribution":"{\"name\": \"CategoricalDistribution\", \"attributes\": {\"choices\": [\"64-64\", \"128-64\", \"256-128\"]}}"}
{"op_code":6,"worker_id":"3c3eaa54-dd5f-4558-8ecb-7f20a12c092c-140544486217536","trial_id":18,"state":1,"values":[0.5901179112857945],"datetime_complete":"2026-04-01T03:19:58.693170"}
{"op_code":4,"worker_id":"3c3eaa54-dd5f-4558-8ecb-7f20a12c092c-140544486217536","study_id":0,"datetime_start":"2026-04-01T03:19:58.706520"}
{"op_code":5,"worker_id":"3c3eaa54-dd5f-4558-8ecb-7f20a12c092c-140544486217536","trial_id":19,"param_name":"lr","param_value_internal":0.008393018141260998,"distribution":"{\"name\": \"FloatDistribution\", \"attributes\": {\"step\": null, \"low\": 0.0001, \"high\": 0.1, \"log\": true}}"}
{"op_code":5,"worker_id":"3c3eaa54-dd5f-4558-8ecb-7f20a12c092c-140544486217536","trial_id":19,"param_name":"dropout","param_value_internal":0.29445206565858867,"distribution":"{\"name\": \"FloatDistribution\", \"attributes\": {\"step\": null, \"low\": 0.0, \"high\": 0.5, \"log\": false}}"}
{"op_code":5,"worker_id":"3c3eaa54-dd5f-4558-8ecb-7f20a12c092c-140544486217536","trial_id":19,"param_name":"nodes","param_value_internal":0,"distribution":"{\"name\": \"CategoricalDistribution\", \"attributes\": {\"choices\": [\"64-64\", \"128-64\", \"256-128\"]}}"}
{"op_code":6,"worker_id":"3c3eaa54-dd5f-4558-8ecb-7f20a12c092c-140544486217536","trial_id":19,"state":1,"values":[0.6002245929253228],"datetime_complete":"2026-04-01T03:19:59.183762"}
