{"op_code":0,"worker_id":"862390ce-27f8-417c-8cab-4e5948c6e6a1-139699157092160","study_name":"gbsa_tuning","directions":[2]}
{"op_code":4,"worker_id":"862390ce-27f8-417c-8cab-4e5948c6e6a1-139699157092160","study_id":0,"datetime_start":"2026-03-26T20:43:05.118365"}
{"op_code":5,"worker_id":"862390ce-27f8-417c-8cab-4e5948c6e6a1-139699157092160","trial_id":0,"param_name":"learning_rate","param_value_internal":0.028975263970688548,"distribution":"{\"name\": \"FloatDistribution\", \"attributes\": {\"step\": null, \"low\": 0.01, \"high\": 0.2, \"log\": true}}"}
{"op_code":5,"worker_id":"862390ce-27f8-417c-8cab-4e5948c6e6a1-139699157092160","trial_id":0,"param_name":"n_estimators","param_value_internal":137.0,"distribution":"{\"name\": \"IntDistribution\", \"attributes\": {\"log\": false, \"step\": 1, \"low\": 50, \"high\": 200}}"}
{"op_code":5,"worker_id":"862390ce-27f8-417c-8cab-4e5948c6e6a1-139699157092160","trial_id":0,"param_name":"max_depth","param_value_internal":4.0,"distribution":"{\"name\": \"IntDistribution\", \"attributes\": {\"log\": false, \"step\": 1, \"low\": 2, \"high\": 5}}"}
{"op_code":6,"worker_id":"862390ce-27f8-417c-8cab-4e5948c6e6a1-139699157092160","trial_id":0,"state":1,"values":[0.7762882042979187],"datetime_complete":"2026-03-26T20:43:51.555281"}
{"op_code":4,"worker_id":"862390ce-27f8-417c-8cab-4e5948c6e6a1-139699157092160","study_id":0,"datetime_start":"2026-03-26T20:43:51.571755"}
{"op_code":5,"worker_id":"862390ce-27f8-417c-8cab-4e5948c6e6a1-139699157092160","trial_id":1,"param_name":"learning_rate","param_value_internal":0.09250968282186166,"distribution":"{\"name\": \"FloatDistribution\", \"attributes\": {\"step\": null, \"low\": 0.01, \"high\": 0.2, \"log\": true}}"}
{"op_code":5,"worker_id":"862390ce-27f8-417c-8cab-4e5948c6e6a1-139699157092160","trial_id":1,"param_name":"n_estimators","param_value_internal":81.0,"distribution":"{\"name\": \"IntDistribution\", \"attributes\": {\"log\": false, \"step\": 1, \"low\": 50, \"high\": 200}}"}
{"op_code":5,"worker_id":"862390ce-27f8-417c-8cab-4e5948c6e6a1-139699157092160","trial_id":1,"param_name":"max_depth","param_value_internal":4.0,"distribution":"{\"name\": \"IntDistribution\", \"attributes\": {\"log\": false, \"step\": 1, \"low\": 2, \"high\": 5}}"}
{"op_code":6,"worker_id":"862390ce-27f8-417c-8cab-4e5948c6e6a1-139699157092160","trial_id":1,"state":1,"values":[0.7825968988800028],"datetime_complete":"2026-03-26T20:44:19.526745"}
{"op_code":4,"worker_id":"862390ce-27f8-417c-8cab-4e5948c6e6a1-139699157092160","study_id":0,"datetime_start":"2026-03-26T20:44:19.542212"}
{"op_code":5,"worker_id":"862390ce-27f8-417c-8cab-4e5948c6e6a1-139699157092160","trial_id":2,"param_name":"learning_rate","param_value_internal":0.18278059514991446,"distribution":"{\"name\": \"FloatDistribution\", \"attributes\": {\"step\": null, \"low\": 0.01, \"high\": 0.2, \"log\": true}}"}
{"op_code":5,"worker_id":"862390ce-27f8-417c-8cab-4e5948c6e6a1-139699157092160","trial_id":2,"param_name":"n_estimators","param_value_internal":199.0,"distribution":"{\"name\": \"IntDistribution\", \"attributes\": {\"log\": false, \"step\": 1, \"low\": 50, \"high\": 200}}"}
{"op_code":5,"worker_id":"862390ce-27f8-417c-8cab-4e5948c6e6a1-139699157092160","trial_id":2,"param_name":"max_depth","param_value_internal":4.0,"distribution":"{\"name\": \"IntDistribution\", \"attributes\": {\"log\": false, \"step\": 1, \"low\": 2, \"high\": 5}}"}
{"op_code":6,"worker_id":"862390ce-27f8-417c-8cab-4e5948c6e6a1-139699157092160","trial_id":2,"state":1,"values":[0.7919153819466066],"datetime_complete":"2026-03-26T20:45:27.351262"}
{"op_code":4,"worker_id":"862390ce-27f8-417c-8cab-4e5948c6e6a1-139699157092160","study_id":0,"datetime_start":"2026-03-26T20:45:27.392533"}
{"op_code":5,"worker_id":"862390ce-27f8-417c-8cab-4e5948c6e6a1-139699157092160","trial_id":3,"param_name":"learning_rate","param_value_internal":0.026625270339107106,"distribution":"{\"name\": \"FloatDistribution\", \"attributes\": {\"step\": null, \"low\": 0.01, \"high\": 0.2, \"log\": true}}"}
{"op_code":5,"worker_id":"862390ce-27f8-417c-8cab-4e5948c6e6a1-139699157092160","trial_id":3,"param_name":"n_estimators","param_value_internal":127.0,"distribution":"{\"name\": \"IntDistribution\", \"attributes\": {\"log\": false, \"step\": 1, \"low\": 50, \"high\": 200}}"}
{"op_code":5,"worker_id":"862390ce-27f8-417c-8cab-4e5948c6e6a1-139699157092160","trial_id":3,"param_name":"max_depth","param_value_internal":4.0,"distribution":"{\"name\": \"IntDistribution\", \"attributes\": {\"log\": false, \"step\": 1, \"low\": 2, \"high\": 5}}"}
{"op_code":6,"worker_id":"862390ce-27f8-417c-8cab-4e5948c6e6a1-139699157092160","trial_id":3,"state":1,"values":[0.7745119842957243],"datetime_complete":"2026-03-26T20:46:10.749396"}
{"op_code":4,"worker_id":"862390ce-27f8-417c-8cab-4e5948c6e6a1-139699157092160","study_id":0,"datetime_start":"2026-03-26T20:46:10.771614"}
{"op_code":5,"worker_id":"862390ce-27f8-417c-8cab-4e5948c6e6a1-139699157092160","trial_id":4,"param_name":"learning_rate","param_value_internal":0.09388402082969041,"distribution":"{\"name\": \"FloatDistribution\", \"attributes\": {\"step\": null, \"low\": 0.01, \"high\": 0.2, \"log\": true}}"}
{"op_code":5,"worker_id":"862390ce-27f8-417c-8cab-4e5948c6e6a1-139699157092160","trial_id":4,"param_name":"n_estimators","param_value_internal":188.0,"distribution":"{\"name\": \"IntDistribution\", \"attributes\": {\"log\": false, \"step\": 1, \"low\": 50, \"high\": 200}}"}
{"op_code":5,"worker_id":"862390ce-27f8-417c-8cab-4e5948c6e6a1-139699157092160","trial_id":4,"param_name":"max_depth","param_value_internal":5.0,"distribution":"{\"name\": \"IntDistribution\", \"attributes\": {\"log\": false, \"step\": 1, \"low\": 2, \"high\": 5}}"}
{"op_code":6,"worker_id":"862390ce-27f8-417c-8cab-4e5948c6e6a1-139699157092160","trial_id":4,"state":1,"values":[0.7911206791743394],"datetime_complete":"2026-03-26T20:47:15.686882"}
{"op_code":4,"worker_id":"862390ce-27f8-417c-8cab-4e5948c6e6a1-139699157092160","study_id":0,"datetime_start":"2026-03-26T20:47:15.707765"}
{"op_code":5,"worker_id":"862390ce-27f8-417c-8cab-4e5948c6e6a1-139699157092160","trial_id":5,"param_name":"learning_rate","param_value_internal":0.01805634176636125,"distribution":"{\"name\": \"FloatDistribution\", \"attributes\": {\"step\": null, \"low\": 0.01, \"high\": 0.2, \"log\": true}}"}
{"op_code":5,"worker_id":"862390ce-27f8-417c-8cab-4e5948c6e6a1-139699157092160","trial_id":5,"param_name":"n_estimators","param_value_internal":102.0,"distribution":"{\"name\": \"IntDistribution\", \"attributes\": {\"log\": false, \"step\": 1, \"low\": 50, \"high\": 200}}"}
{"op_code":5,"worker_id":"862390ce-27f8-417c-8cab-4e5948c6e6a1-139699157092160","trial_id":5,"param_name":"max_depth","param_value_internal":5.0,"distribution":"{\"name\": \"IntDistribution\", \"attributes\": {\"log\": false, \"step\": 1, \"low\": 2, \"high\": 5}}"}
{"op_code":6,"worker_id":"862390ce-27f8-417c-8cab-4e5948c6e6a1-139699157092160","trial_id":5,"state":1,"values":[0.7658621783751887],"datetime_complete":"2026-03-26T20:47:50.653993"}
{"op_code":4,"worker_id":"862390ce-27f8-417c-8cab-4e5948c6e6a1-139699157092160","study_id":0,"datetime_start":"2026-03-26T20:47:50.668783"}
{"op_code":5,"worker_id":"862390ce-27f8-417c-8cab-4e5948c6e6a1-139699157092160","trial_id":6,"param_name":"learning_rate","param_value_internal":0.012426270927776786,"distribution":"{\"name\": \"FloatDistribution\", \"attributes\": {\"step\": null, \"low\": 0.01, \"high\": 0.2, \"log\": true}}"}
{"op_code":5,"worker_id":"862390ce-27f8-417c-8cab-4e5948c6e6a1-139699157092160","trial_id":6,"param_name":"n_estimators","param_value_internal":190.0,"distribution":"{\"name\": \"IntDistribution\", \"attributes\": {\"log\": false, \"step\": 1, \"low\": 50, \"high\": 200}}"}
{"op_code":5,"worker_id":"862390ce-27f8-417c-8cab-4e5948c6e6a1-139699157092160","trial_id":6,"param_name":"max_depth","param_value_internal":3.0,"distribution":"{\"name\": \"IntDistribution\", \"attributes\": {\"log\": false, \"step\": 1, \"low\": 2, \"high\": 5}}"}
{"op_code":6,"worker_id":"862390ce-27f8-417c-8cab-4e5948c6e6a1-139699157092160","trial_id":6,"state":1,"values":[0.7636337487731034],"datetime_complete":"2026-03-26T20:48:54.016081"}
{"op_code":4,"worker_id":"862390ce-27f8-417c-8cab-4e5948c6e6a1-139699157092160","study_id":0,"datetime_start":"2026-03-26T20:48:54.037498"}
{"op_code":5,"worker_id":"862390ce-27f8-417c-8cab-4e5948c6e6a1-139699157092160","trial_id":7,"param_name":"learning_rate","param_value_internal":0.013692446008299872,"distribution":"{\"name\": \"FloatDistribution\", \"attributes\": {\"step\": null, \"low\": 0.01, \"high\": 0.2, \"log\": true}}"}
{"op_code":5,"worker_id":"862390ce-27f8-417c-8cab-4e5948c6e6a1-139699157092160","trial_id":7,"param_name":"n_estimators","param_value_internal":167.0,"distribution":"{\"name\": \"IntDistribution\", \"attributes\": {\"log\": false, \"step\": 1, \"low\": 50, \"high\": 200}}"}
{"op_code":5,"worker_id":"862390ce-27f8-417c-8cab-4e5948c6e6a1-139699157092160","trial_id":7,"param_name":"max_depth","param_value_internal":4.0,"distribution":"{\"name\": \"IntDistribution\", \"attributes\": {\"log\": false, \"step\": 1, \"low\": 2, \"high\": 5}}"}
{"op_code":6,"worker_id":"862390ce-27f8-417c-8cab-4e5948c6e6a1-139699157092160","trial_id":7,"state":1,"values":[0.7678489353058567],"datetime_complete":"2026-03-26T20:49:51.700208"}
{"op_code":4,"worker_id":"862390ce-27f8-417c-8cab-4e5948c6e6a1-139699157092160","study_id":0,"datetime_start":"2026-03-26T20:49:51.718253"}
{"op_code":5,"worker_id":"862390ce-27f8-417c-8cab-4e5948c6e6a1-139699157092160","trial_id":8,"param_name":"learning_rate","param_value_internal":0.18649394048123955,"distribution":"{\"name\": \"FloatDistribution\", \"attributes\": {\"step\": null, \"low\": 0.01, \"high\": 0.2, \"log\": true}}"}
{"op_code":5,"worker_id":"862390ce-27f8-417c-8cab-4e5948c6e6a1-139699157092160","trial_id":8,"param_name":"n_estimators","param_value_internal":120.0,"distribution":"{\"name\": \"IntDistribution\", \"attributes\": {\"log\": false, \"step\": 1, \"low\": 50, \"high\": 200}}"}
{"op_code":5,"worker_id":"862390ce-27f8-417c-8cab-4e5948c6e6a1-139699157092160","trial_id":8,"param_name":"max_depth","param_value_internal":5.0,"distribution":"{\"name\": \"IntDistribution\", \"attributes\": {\"log\": false, \"step\": 1, \"low\": 2, \"high\": 5}}"}
{"op_code":6,"worker_id":"862390ce-27f8-417c-8cab-4e5948c6e6a1-139699157092160","trial_id":8,"state":1,"values":[0.7891665406410404],"datetime_complete":"2026-03-26T20:50:33.597258"}
{"op_code":4,"worker_id":"862390ce-27f8-417c-8cab-4e5948c6e6a1-139699157092160","study_id":0,"datetime_start":"2026-03-26T20:50:33.616630"}
{"op_code":5,"worker_id":"862390ce-27f8-417c-8cab-4e5948c6e6a1-139699157092160","trial_id":9,"param_name":"learning_rate","param_value_internal":0.06597125585635925,"distribution":"{\"name\": \"FloatDistribution\", \"attributes\": {\"step\": null, \"low\": 0.01, \"high\": 0.2, \"log\": true}}"}
{"op_code":5,"worker_id":"862390ce-27f8-417c-8cab-4e5948c6e6a1-139699157092160","trial_id":9,"param_name":"n_estimators","param_value_internal":80.0,"distribution":"{\"name\": \"IntDistribution\", \"attributes\": {\"log\": false, \"step\": 1, \"low\": 50, \"high\": 200}}"}
{"op_code":5,"worker_id":"862390ce-27f8-417c-8cab-4e5948c6e6a1-139699157092160","trial_id":9,"param_name":"max_depth","param_value_internal":3.0,"distribution":"{\"name\": \"IntDistribution\", \"attributes\": {\"log\": false, \"step\": 1, \"low\": 2, \"high\": 5}}"}
{"op_code":6,"worker_id":"862390ce-27f8-417c-8cab-4e5948c6e6a1-139699157092160","trial_id":9,"state":1,"values":[0.7760524622442051],"datetime_complete":"2026-03-26T20:51:00.942760"}
{"op_code":4,"worker_id":"862390ce-27f8-417c-8cab-4e5948c6e6a1-139699157092160","study_id":0,"datetime_start":"2026-03-26T20:51:00.991079"}
{"op_code":5,"worker_id":"862390ce-27f8-417c-8cab-4e5948c6e6a1-139699157092160","trial_id":10,"param_name":"learning_rate","param_value_internal":0.16549124288318362,"distribution":"{\"name\": \"FloatDistribution\", \"attributes\": {\"step\": null, \"low\": 0.01, \"high\": 0.2, \"log\": true}}"}
{"op_code":5,"worker_id":"862390ce-27f8-417c-8cab-4e5948c6e6a1-139699157092160","trial_id":10,"param_name":"n_estimators","param_value_internal":155.0,"distribution":"{\"name\": \"IntDistribution\", \"attributes\": {\"log\": false, \"step\": 1, \"low\": 50, \"high\": 200}}"}
{"op_code":5,"worker_id":"862390ce-27f8-417c-8cab-4e5948c6e6a1-139699157092160","trial_id":10,"param_name":"max_depth","param_value_internal":2.0,"distribution":"{\"name\": \"IntDistribution\", \"attributes\": {\"log\": false, \"step\": 1, \"low\": 2, \"high\": 5}}"}
{"op_code":6,"worker_id":"862390ce-27f8-417c-8cab-4e5948c6e6a1-139699157092160","trial_id":10,"state":1,"values":[0.7915476836489904],"datetime_complete":"2026-03-26T20:51:53.447998"}
{"op_code":4,"worker_id":"862390ce-27f8-417c-8cab-4e5948c6e6a1-139699157092160","study_id":0,"datetime_start":"2026-03-26T20:51:53.474857"}
{"op_code":5,"worker_id":"862390ce-27f8-417c-8cab-4e5948c6e6a1-139699157092160","trial_id":11,"param_name":"learning_rate","param_value_internal":0.19353318851325002,"distribution":"{\"name\": \"FloatDistribution\", \"attributes\": {\"step\": null, \"low\": 0.01, \"high\": 0.2, \"log\": true}}"}
{"op_code":5,"worker_id":"862390ce-27f8-417c-8cab-4e5948c6e6a1-139699157092160","trial_id":11,"param_name":"n_estimators","param_value_internal":163.0,"distribution":"{\"name\": \"IntDistribution\", \"attributes\": {\"log\": false, \"step\": 1, \"low\": 50, \"high\": 200}}"}
{"op_code":5,"worker_id":"862390ce-27f8-417c-8cab-4e5948c6e6a1-139699157092160","trial_id":11,"param_name":"max_depth","param_value_internal":2.0,"distribution":"{\"name\": \"IntDistribution\", \"attributes\": {\"log\": false, \"step\": 1, \"low\": 2, \"high\": 5}}"}
{"op_code":6,"worker_id":"862390ce-27f8-417c-8cab-4e5948c6e6a1-139699157092160","trial_id":11,"state":1,"values":[0.7923245945681473],"datetime_complete":"2026-03-26T20:52:47.563703"}
{"op_code":4,"worker_id":"862390ce-27f8-417c-8cab-4e5948c6e6a1-139699157092160","study_id":0,"datetime_start":"2026-03-26T20:52:56.953380"}
{"op_code":5,"worker_id":"862390ce-27f8-417c-8cab-4e5948c6e6a1-139699157092160","trial_id":12,"param_name":"learning_rate","param_value_internal":0.1186042013131558,"distribution":"{\"name\": \"FloatDistribution\", \"attributes\": {\"step\": null, \"low\": 0.01, \"high\": 0.2, \"log\": true}}"}
{"op_code":5,"worker_id":"862390ce-27f8-417c-8cab-4e5948c6e6a1-139699157092160","trial_id":12,"param_name":"n_estimators","param_value_internal":169.0,"distribution":"{\"name\": \"IntDistribution\", \"attributes\": {\"log\": false, \"step\": 1, \"low\": 50, \"high\": 200}}"}
{"op_code":5,"worker_id":"862390ce-27f8-417c-8cab-4e5948c6e6a1-139699157092160","trial_id":12,"param_name":"max_depth","param_value_internal":2.0,"distribution":"{\"name\": \"IntDistribution\", \"attributes\": {\"log\": false, \"step\": 1, \"low\": 2, \"high\": 5}}"}
{"op_code":6,"worker_id":"862390ce-27f8-417c-8cab-4e5948c6e6a1-139699157092160","trial_id":12,"state":1,"values":[0.7895016205412875],"datetime_complete":"2026-03-26T20:53:56.870438"}
{"op_code":4,"worker_id":"862390ce-27f8-417c-8cab-4e5948c6e6a1-139699157092160","study_id":0,"datetime_start":"2026-03-26T20:53:56.887680"}
{"op_code":5,"worker_id":"862390ce-27f8-417c-8cab-4e5948c6e6a1-139699157092160","trial_id":13,"param_name":"learning_rate","param_value_internal":0.05270400845170527,"distribution":"{\"name\": \"FloatDistribution\", \"attributes\": {\"step\": null, \"low\": 0.01, \"high\": 0.2, \"log\": true}}"}
{"op_code":5,"worker_id":"862390ce-27f8-417c-8cab-4e5948c6e6a1-139699157092160","trial_id":13,"param_name":"n_estimators","param_value_internal":200.0,"distribution":"{\"name\": \"IntDistribution\", \"attributes\": {\"log\": false, \"step\": 1, \"low\": 50, \"high\": 200}}"}
{"op_code":5,"worker_id":"862390ce-27f8-417c-8cab-4e5948c6e6a1-139699157092160","trial_id":13,"param_name":"max_depth","param_value_internal":3.0,"distribution":"{\"name\": \"IntDistribution\", \"attributes\": {\"log\": false, \"step\": 1, \"low\": 2, \"high\": 5}}"}
{"op_code":6,"worker_id":"862390ce-27f8-417c-8cab-4e5948c6e6a1-139699157092160","trial_id":13,"state":1,"values":[0.7862560900030543],"datetime_complete":"2026-03-26T20:55:04.256098"}
{"op_code":4,"worker_id":"862390ce-27f8-417c-8cab-4e5948c6e6a1-139699157092160","study_id":0,"datetime_start":"2026-03-26T20:55:04.472489"}
{"op_code":5,"worker_id":"862390ce-27f8-417c-8cab-4e5948c6e6a1-139699157092160","trial_id":14,"param_name":"learning_rate","param_value_internal":0.19657974887574303,"distribution":"{\"name\": \"FloatDistribution\", \"attributes\": {\"step\": null, \"low\": 0.01, \"high\": 0.2, \"log\": true}}"}
{"op_code":5,"worker_id":"862390ce-27f8-417c-8cab-4e5948c6e6a1-139699157092160","trial_id":14,"param_name":"n_estimators","param_value_internal":55.0,"distribution":"{\"name\": \"IntDistribution\", \"attributes\": {\"log\": false, \"step\": 1, \"low\": 50, \"high\": 200}}"}
{"op_code":5,"worker_id":"862390ce-27f8-417c-8cab-4e5948c6e6a1-139699157092160","trial_id":14,"param_name":"max_depth","param_value_internal":2.0,"distribution":"{\"name\": \"IntDistribution\", \"attributes\": {\"log\": false, \"step\": 1, \"low\": 2, \"high\": 5}}"}
{"op_code":6,"worker_id":"862390ce-27f8-417c-8cab-4e5948c6e6a1-139699157092160","trial_id":14,"state":1,"values":[0.782190651567314],"datetime_complete":"2026-03-26T20:55:22.902580"}
{"op_code":4,"worker_id":"862390ce-27f8-417c-8cab-4e5948c6e6a1-139699157092160","study_id":0,"datetime_start":"2026-03-26T20:55:22.929857"}
{"op_code":5,"worker_id":"862390ce-27f8-417c-8cab-4e5948c6e6a1-139699157092160","trial_id":15,"param_name":"learning_rate","param_value_internal":0.12412026336186446,"distribution":"{\"name\": \"FloatDistribution\", \"attributes\": {\"step\": null, \"low\": 0.01, \"high\": 0.2, \"log\": true}}"}
{"op_code":5,"worker_id":"862390ce-27f8-417c-8cab-4e5948c6e6a1-139699157092160","trial_id":15,"param_name":"n_estimators","param_value_internal":153.0,"distribution":"{\"name\": \"IntDistribution\", \"attributes\": {\"log\": false, \"step\": 1, \"low\": 50, \"high\": 200}}"}
{"op_code":5,"worker_id":"862390ce-27f8-417c-8cab-4e5948c6e6a1-139699157092160","trial_id":15,"param_name":"max_depth","param_value_internal":3.0,"distribution":"{\"name\": \"IntDistribution\", \"attributes\": {\"log\": false, \"step\": 1, \"low\": 2, \"high\": 5}}"}
{"op_code":6,"worker_id":"862390ce-27f8-417c-8cab-4e5948c6e6a1-139699157092160","trial_id":15,"state":1,"values":[0.7899849658841217],"datetime_complete":"2026-03-26T20:56:15.047651"}
{"op_code":4,"worker_id":"862390ce-27f8-417c-8cab-4e5948c6e6a1-139699157092160","study_id":0,"datetime_start":"2026-03-26T20:56:15.329810"}
{"op_code":5,"worker_id":"862390ce-27f8-417c-8cab-4e5948c6e6a1-139699157092160","trial_id":16,"param_name":"learning_rate","param_value_internal":0.0720032568284599,"distribution":"{\"name\": \"FloatDistribution\", \"attributes\": {\"step\": null, \"low\": 0.01, \"high\": 0.2, \"log\": true}}"}
{"op_code":5,"worker_id":"862390ce-27f8-417c-8cab-4e5948c6e6a1-139699157092160","trial_id":16,"param_name":"n_estimators","param_value_internal":176.0,"distribution":"{\"name\": \"IntDistribution\", \"attributes\": {\"log\": false, \"step\": 1, \"low\": 50, \"high\": 200}}"}
{"op_code":5,"worker_id":"862390ce-27f8-417c-8cab-4e5948c6e6a1-139699157092160","trial_id":16,"param_name":"max_depth","param_value_internal":2.0,"distribution":"{\"name\": \"IntDistribution\", \"attributes\": {\"log\": false, \"step\": 1, \"low\": 2, \"high\": 5}}"}
{"op_code":6,"worker_id":"862390ce-27f8-417c-8cab-4e5948c6e6a1-139699157092160","trial_id":16,"state":1,"values":[0.7835828640732075],"datetime_complete":"2026-03-26T20:57:13.731251"}
{"op_code":4,"worker_id":"862390ce-27f8-417c-8cab-4e5948c6e6a1-139699157092160","study_id":0,"datetime_start":"2026-03-26T20:57:13.777072"}
{"op_code":5,"worker_id":"862390ce-27f8-417c-8cab-4e5948c6e6a1-139699157092160","trial_id":17,"param_name":"learning_rate","param_value_internal":0.03368487539535552,"distribution":"{\"name\": \"FloatDistribution\", \"attributes\": {\"step\": null, \"low\": 0.01, \"high\": 0.2, \"log\": true}}"}
{"op_code":5,"worker_id":"862390ce-27f8-417c-8cab-4e5948c6e6a1-139699157092160","trial_id":17,"param_name":"n_estimators","param_value_internal":144.0,"distribution":"{\"name\": \"IntDistribution\", \"attributes\": {\"log\": false, \"step\": 1, \"low\": 50, \"high\": 200}}"}
{"op_code":5,"worker_id":"862390ce-27f8-417c-8cab-4e5948c6e6a1-139699157092160","trial_id":17,"param_name":"max_depth","param_value_internal":3.0,"distribution":"{\"name\": \"IntDistribution\", \"attributes\": {\"log\": false, \"step\": 1, \"low\": 2, \"high\": 5}}"}
{"op_code":6,"worker_id":"862390ce-27f8-417c-8cab-4e5948c6e6a1-139699157092160","trial_id":17,"state":1,"values":[0.7739070612899687],"datetime_complete":"2026-03-26T20:58:03.354568"}
{"op_code":4,"worker_id":"862390ce-27f8-417c-8cab-4e5948c6e6a1-139699157092160","study_id":0,"datetime_start":"2026-03-26T20:58:03.415515"}
{"op_code":5,"worker_id":"862390ce-27f8-417c-8cab-4e5948c6e6a1-139699157092160","trial_id":18,"param_name":"learning_rate","param_value_internal":0.131982141619279,"distribution":"{\"name\": \"FloatDistribution\", \"attributes\": {\"step\": null, \"low\": 0.01, \"high\": 0.2, \"log\": true}}"}
{"op_code":5,"worker_id":"862390ce-27f8-417c-8cab-4e5948c6e6a1-139699157092160","trial_id":18,"param_name":"n_estimators","param_value_internal":199.0,"distribution":"{\"name\": \"IntDistribution\", \"attributes\": {\"log\": false, \"step\": 1, \"low\": 50, \"high\": 200}}"}
{"op_code":5,"worker_id":"862390ce-27f8-417c-8cab-4e5948c6e6a1-139699157092160","trial_id":18,"param_name":"max_depth","param_value_internal":4.0,"distribution":"{\"name\": \"IntDistribution\", \"attributes\": {\"log\": false, \"step\": 1, \"low\": 2, \"high\": 5}}"}
{"op_code":6,"worker_id":"862390ce-27f8-417c-8cab-4e5948c6e6a1-139699157092160","trial_id":18,"state":1,"values":[0.7936856713310975],"datetime_complete":"2026-03-26T20:59:12.528391"}
{"op_code":4,"worker_id":"862390ce-27f8-417c-8cab-4e5948c6e6a1-139699157092160","study_id":0,"datetime_start":"2026-03-26T20:59:52.036484"}
{"op_code":5,"worker_id":"862390ce-27f8-417c-8cab-4e5948c6e6a1-139699157092160","trial_id":19,"param_name":"learning_rate","param_value_internal":0.13178015115449493,"distribution":"{\"name\": \"FloatDistribution\", \"attributes\": {\"step\": null, \"low\": 0.01, \"high\": 0.2, \"log\": true}}"}
{"op_code":5,"worker_id":"862390ce-27f8-417c-8cab-4e5948c6e6a1-139699157092160","trial_id":19,"param_name":"n_estimators","param_value_internal":179.0,"distribution":"{\"name\": \"IntDistribution\", \"attributes\": {\"log\": false, \"step\": 1, \"low\": 50, \"high\": 200}}"}
{"op_code":5,"worker_id":"862390ce-27f8-417c-8cab-4e5948c6e6a1-139699157092160","trial_id":19,"param_name":"max_depth","param_value_internal":5.0,"distribution":"{\"name\": \"IntDistribution\", \"attributes\": {\"log\": false, \"step\": 1, \"low\": 2, \"high\": 5}}"}
{"op_code":6,"worker_id":"862390ce-27f8-417c-8cab-4e5948c6e6a1-139699157092160","trial_id":19,"state":1,"values":[0.7912600486903714],"datetime_complete":"2026-03-26T21:00:55.127314"}
