{"op_code":0,"worker_id":"d7151c9a-3d36-427c-9d61-c90bcb54b14c-140544486217536","study_name":"mtlr_tuning","directions":[2]}
{"op_code":4,"worker_id":"d7151c9a-3d36-427c-9d61-c90bcb54b14c-140544486217536","study_id":0,"datetime_start":"2026-04-01T07:14:24.254873"}
{"op_code":5,"worker_id":"d7151c9a-3d36-427c-9d61-c90bcb54b14c-140544486217536","trial_id":0,"param_name":"lr","param_value_internal":0.028441303126746125,"distribution":"{\"name\": \"FloatDistribution\", \"attributes\": {\"step\": null, \"low\": 0.0001, \"high\": 0.1, \"log\": true}}"}
{"op_code":5,"worker_id":"d7151c9a-3d36-427c-9d61-c90bcb54b14c-140544486217536","trial_id":0,"param_name":"dropout","param_value_internal":0.0027742849347708876,"distribution":"{\"name\": \"FloatDistribution\", \"attributes\": {\"step\": null, \"low\": 0.0, \"high\": 0.5, \"log\": false}}"}
{"op_code":5,"worker_id":"d7151c9a-3d36-427c-9d61-c90bcb54b14c-140544486217536","trial_id":0,"param_name":"layers","param_value_internal":3.0,"distribution":"{\"name\": \"IntDistribution\", \"attributes\": {\"log\": false, \"step\": 1, \"low\": 1, \"high\": 3}}"}
{"op_code":5,"worker_id":"d7151c9a-3d36-427c-9d61-c90bcb54b14c-140544486217536","trial_id":0,"param_name":"nodes","param_value_internal":2,"distribution":"{\"name\": \"CategoricalDistribution\", \"attributes\": {\"choices\": [32, 64, 128]}}"}
{"op_code":6,"worker_id":"d7151c9a-3d36-427c-9d61-c90bcb54b14c-140544486217536","trial_id":0,"state":1,"values":[0.9110430566189069],"datetime_complete":"2026-04-01T07:14:25.834618"}
{"op_code":4,"worker_id":"d7151c9a-3d36-427c-9d61-c90bcb54b14c-140544486217536","study_id":0,"datetime_start":"2026-04-01T07:14:25.860468"}
{"op_code":5,"worker_id":"d7151c9a-3d36-427c-9d61-c90bcb54b14c-140544486217536","trial_id":1,"param_name":"lr","param_value_internal":0.00016379738974735367,"distribution":"{\"name\": \"FloatDistribution\", \"attributes\": {\"step\": null, \"low\": 0.0001, \"high\": 0.1, \"log\": true}}"}
{"op_code":5,"worker_id":"d7151c9a-3d36-427c-9d61-c90bcb54b14c-140544486217536","trial_id":1,"param_name":"dropout","param_value_internal":0.05278570146982492,"distribution":"{\"name\": \"FloatDistribution\", \"attributes\": {\"step\": null, \"low\": 0.0, \"high\": 0.5, \"log\": false}}"}
{"op_code":5,"worker_id":"d7151c9a-3d36-427c-9d61-c90bcb54b14c-140544486217536","trial_id":1,"param_name":"layers","param_value_internal":3.0,"distribution":"{\"name\": \"IntDistribution\", \"attributes\": {\"log\": false, \"step\": 1, \"low\": 1, \"high\": 3}}"}
{"op_code":5,"worker_id":"d7151c9a-3d36-427c-9d61-c90bcb54b14c-140544486217536","trial_id":1,"param_name":"nodes","param_value_internal":1,"distribution":"{\"name\": \"CategoricalDistribution\", \"attributes\": {\"choices\": [32, 64, 128]}}"}
{"op_code":6,"worker_id":"d7151c9a-3d36-427c-9d61-c90bcb54b14c-140544486217536","trial_id":1,"state":1,"values":[0.9085894491231907],"datetime_complete":"2026-04-01T07:14:27.446384"}
{"op_code":4,"worker_id":"d7151c9a-3d36-427c-9d61-c90bcb54b14c-140544486217536","study_id":0,"datetime_start":"2026-04-01T07:14:27.471680"}
{"op_code":5,"worker_id":"d7151c9a-3d36-427c-9d61-c90bcb54b14c-140544486217536","trial_id":2,"param_name":"lr","param_value_internal":0.0003835370973428108,"distribution":"{\"name\": \"FloatDistribution\", \"attributes\": {\"step\": null, \"low\": 0.0001, \"high\": 0.1, \"log\": true}}"}
{"op_code":5,"worker_id":"d7151c9a-3d36-427c-9d61-c90bcb54b14c-140544486217536","trial_id":2,"param_name":"dropout","param_value_internal":0.4019907063245164,"distribution":"{\"name\": \"FloatDistribution\", \"attributes\": {\"step\": null, \"low\": 0.0, \"high\": 0.5, \"log\": false}}"}
{"op_code":5,"worker_id":"d7151c9a-3d36-427c-9d61-c90bcb54b14c-140544486217536","trial_id":2,"param_name":"layers","param_value_internal":1.0,"distribution":"{\"name\": \"IntDistribution\", \"attributes\": {\"log\": false, \"step\": 1, \"low\": 1, \"high\": 3}}"}
{"op_code":5,"worker_id":"d7151c9a-3d36-427c-9d61-c90bcb54b14c-140544486217536","trial_id":2,"param_name":"nodes","param_value_internal":0,"distribution":"{\"name\": \"CategoricalDistribution\", \"attributes\": {\"choices\": [32, 64, 128]}}"}
{"op_code":6,"worker_id":"d7151c9a-3d36-427c-9d61-c90bcb54b14c-140544486217536","trial_id":2,"state":1,"values":[0.9081045608662365],"datetime_complete":"2026-04-01T07:14:28.742591"}
{"op_code":4,"worker_id":"d7151c9a-3d36-427c-9d61-c90bcb54b14c-140544486217536","study_id":0,"datetime_start":"2026-04-01T07:14:28.767760"}
{"op_code":5,"worker_id":"d7151c9a-3d36-427c-9d61-c90bcb54b14c-140544486217536","trial_id":3,"param_name":"lr","param_value_internal":0.08017772593552135,"distribution":"{\"name\": \"FloatDistribution\", \"attributes\": {\"step\": null, \"low\": 0.0001, \"high\": 0.1, \"log\": true}}"}
{"op_code":5,"worker_id":"d7151c9a-3d36-427c-9d61-c90bcb54b14c-140544486217536","trial_id":3,"param_name":"dropout","param_value_internal":0.3218786269808416,"distribution":"{\"name\": \"FloatDistribution\", \"attributes\": {\"step\": null, \"low\": 0.0, \"high\": 0.5, \"log\": false}}"}
{"op_code":5,"worker_id":"d7151c9a-3d36-427c-9d61-c90bcb54b14c-140544486217536","trial_id":3,"param_name":"layers","param_value_internal":2.0,"distribution":"{\"name\": \"IntDistribution\", \"attributes\": {\"log\": false, \"step\": 1, \"low\": 1, \"high\": 3}}"}
{"op_code":5,"worker_id":"d7151c9a-3d36-427c-9d61-c90bcb54b14c-140544486217536","trial_id":3,"param_name":"nodes","param_value_internal":0,"distribution":"{\"name\": \"CategoricalDistribution\", \"attributes\": {\"choices\": [32, 64, 128]}}"}
{"op_code":6,"worker_id":"d7151c9a-3d36-427c-9d61-c90bcb54b14c-140544486217536","trial_id":3,"state":1,"values":[0.9125925115753399],"datetime_complete":"2026-04-01T07:14:30.197855"}
{"op_code":4,"worker_id":"d7151c9a-3d36-427c-9d61-c90bcb54b14c-140544486217536","study_id":0,"datetime_start":"2026-04-01T07:14:30.221968"}
{"op_code":5,"worker_id":"d7151c9a-3d36-427c-9d61-c90bcb54b14c-140544486217536","trial_id":4,"param_name":"lr","param_value_internal":0.0016499765011709863,"distribution":"{\"name\": \"FloatDistribution\", \"attributes\": {\"step\": null, \"low\": 0.0001, \"high\": 0.1, \"log\": true}}"}
{"op_code":5,"worker_id":"d7151c9a-3d36-427c-9d61-c90bcb54b14c-140544486217536","trial_id":4,"param_name":"dropout","param_value_internal":0.1424670207072362,"distribution":"{\"name\": \"FloatDistribution\", \"attributes\": {\"step\": null, \"low\": 0.0, \"high\": 0.5, \"log\": false}}"}
{"op_code":5,"worker_id":"d7151c9a-3d36-427c-9d61-c90bcb54b14c-140544486217536","trial_id":4,"param_name":"layers","param_value_internal":3.0,"distribution":"{\"name\": \"IntDistribution\", \"attributes\": {\"log\": false, \"step\": 1, \"low\": 1, \"high\": 3}}"}
{"op_code":5,"worker_id":"d7151c9a-3d36-427c-9d61-c90bcb54b14c-140544486217536","trial_id":4,"param_name":"nodes","param_value_internal":2,"distribution":"{\"name\": \"CategoricalDistribution\", \"attributes\": {\"choices\": [32, 64, 128]}}"}
{"op_code":6,"worker_id":"d7151c9a-3d36-427c-9d61-c90bcb54b14c-140544486217536","trial_id":4,"state":1,"values":[0.907991541798826],"datetime_complete":"2026-04-01T07:14:31.823148"}
{"op_code":4,"worker_id":"d7151c9a-3d36-427c-9d61-c90bcb54b14c-140544486217536","study_id":0,"datetime_start":"2026-04-01T07:14:31.850252"}
{"op_code":5,"worker_id":"d7151c9a-3d36-427c-9d61-c90bcb54b14c-140544486217536","trial_id":5,"param_name":"lr","param_value_internal":0.0017891054811431674,"distribution":"{\"name\": \"FloatDistribution\", \"attributes\": {\"step\": null, \"low\": 0.0001, \"high\": 0.1, \"log\": true}}"}
{"op_code":5,"worker_id":"d7151c9a-3d36-427c-9d61-c90bcb54b14c-140544486217536","trial_id":5,"param_name":"dropout","param_value_internal":0.11095309665099334,"distribution":"{\"name\": \"FloatDistribution\", \"attributes\": {\"step\": null, \"low\": 0.0, \"high\": 0.5, \"log\": false}}"}
{"op_code":5,"worker_id":"d7151c9a-3d36-427c-9d61-c90bcb54b14c-140544486217536","trial_id":5,"param_name":"layers","param_value_internal":1.0,"distribution":"{\"name\": \"IntDistribution\", \"attributes\": {\"log\": false, \"step\": 1, \"low\": 1, \"high\": 3}}"}
{"op_code":5,"worker_id":"d7151c9a-3d36-427c-9d61-c90bcb54b14c-140544486217536","trial_id":5,"param_name":"nodes","param_value_internal":2,"distribution":"{\"name\": \"CategoricalDistribution\", \"attributes\": {\"choices\": [32, 64, 128]}}"}
{"op_code":6,"worker_id":"d7151c9a-3d36-427c-9d61-c90bcb54b14c-140544486217536","trial_id":5,"state":1,"values":[0.9058332421889241],"datetime_complete":"2026-04-01T07:14:33.133777"}
{"op_code":4,"worker_id":"d7151c9a-3d36-427c-9d61-c90bcb54b14c-140544486217536","study_id":0,"datetime_start":"2026-04-01T07:14:33.162238"}
{"op_code":5,"worker_id":"d7151c9a-3d36-427c-9d61-c90bcb54b14c-140544486217536","trial_id":6,"param_name":"lr","param_value_internal":0.00010145020112739328,"distribution":"{\"name\": \"FloatDistribution\", \"attributes\": {\"step\": null, \"low\": 0.0001, \"high\": 0.1, \"log\": true}}"}
{"op_code":5,"worker_id":"d7151c9a-3d36-427c-9d61-c90bcb54b14c-140544486217536","trial_id":6,"param_name":"dropout","param_value_internal":0.062073916230427295,"distribution":"{\"name\": \"FloatDistribution\", \"attributes\": {\"step\": null, \"low\": 0.0, \"high\": 0.5, \"log\": false}}"}
{"op_code":5,"worker_id":"d7151c9a-3d36-427c-9d61-c90bcb54b14c-140544486217536","trial_id":6,"param_name":"layers","param_value_internal":3.0,"distribution":"{\"name\": \"IntDistribution\", \"attributes\": {\"log\": false, \"step\": 1, \"low\": 1, \"high\": 3}}"}
{"op_code":5,"worker_id":"d7151c9a-3d36-427c-9d61-c90bcb54b14c-140544486217536","trial_id":6,"param_name":"nodes","param_value_internal":2,"distribution":"{\"name\": \"CategoricalDistribution\", \"attributes\": {\"choices\": [32, 64, 128]}}"}
{"op_code":6,"worker_id":"d7151c9a-3d36-427c-9d61-c90bcb54b14c-140544486217536","trial_id":6,"state":1,"values":[0.9046775310802435],"datetime_complete":"2026-04-01T07:14:34.777843"}
{"op_code":4,"worker_id":"d7151c9a-3d36-427c-9d61-c90bcb54b14c-140544486217536","study_id":0,"datetime_start":"2026-04-01T07:14:34.806240"}
{"op_code":5,"worker_id":"d7151c9a-3d36-427c-9d61-c90bcb54b14c-140544486217536","trial_id":7,"param_name":"lr","param_value_internal":0.0003022658322013613,"distribution":"{\"name\": \"FloatDistribution\", \"attributes\": {\"step\": null, \"low\": 0.0001, \"high\": 0.1, \"log\": true}}"}
{"op_code":5,"worker_id":"d7151c9a-3d36-427c-9d61-c90bcb54b14c-140544486217536","trial_id":7,"param_name":"dropout","param_value_internal":0.46846541075867815,"distribution":"{\"name\": \"FloatDistribution\", \"attributes\": {\"step\": null, \"low\": 0.0, \"high\": 0.5, \"log\": false}}"}
{"op_code":5,"worker_id":"d7151c9a-3d36-427c-9d61-c90bcb54b14c-140544486217536","trial_id":7,"param_name":"layers","param_value_internal":3.0,"distribution":"{\"name\": \"IntDistribution\", \"attributes\": {\"log\": false, \"step\": 1, \"low\": 1, \"high\": 3}}"}
{"op_code":5,"worker_id":"d7151c9a-3d36-427c-9d61-c90bcb54b14c-140544486217536","trial_id":7,"param_name":"nodes","param_value_internal":2,"distribution":"{\"name\": \"CategoricalDistribution\", \"attributes\": {\"choices\": [32, 64, 128]}}"}
{"op_code":6,"worker_id":"d7151c9a-3d36-427c-9d61-c90bcb54b14c-140544486217536","trial_id":7,"state":1,"values":[0.9034124466805206],"datetime_complete":"2026-04-01T07:14:36.420824"}
{"op_code":4,"worker_id":"d7151c9a-3d36-427c-9d61-c90bcb54b14c-140544486217536","study_id":0,"datetime_start":"2026-04-01T07:14:36.431010"}
{"op_code":5,"worker_id":"d7151c9a-3d36-427c-9d61-c90bcb54b14c-140544486217536","trial_id":8,"param_name":"lr","param_value_internal":0.00419201702748499,"distribution":"{\"name\": \"FloatDistribution\", \"attributes\": {\"step\": null, \"low\": 0.0001, \"high\": 0.1, \"log\": true}}"}
{"op_code":5,"worker_id":"d7151c9a-3d36-427c-9d61-c90bcb54b14c-140544486217536","trial_id":8,"param_name":"dropout","param_value_internal":0.4869646233992744,"distribution":"{\"name\": \"FloatDistribution\", \"attributes\": {\"step\": null, \"low\": 0.0, \"high\": 0.5, \"log\": false}}"}
{"op_code":5,"worker_id":"d7151c9a-3d36-427c-9d61-c90bcb54b14c-140544486217536","trial_id":8,"param_name":"layers","param_value_internal":1.0,"distribution":"{\"name\": \"IntDistribution\", \"attributes\": {\"log\": false, \"step\": 1, \"low\": 1, \"high\": 3}}"}
{"op_code":5,"worker_id":"d7151c9a-3d36-427c-9d61-c90bcb54b14c-140544486217536","trial_id":8,"param_name":"nodes","param_value_internal":0,"distribution":"{\"name\": \"CategoricalDistribution\", \"attributes\": {\"choices\": [32, 64, 128]}}"}
{"op_code":6,"worker_id":"d7151c9a-3d36-427c-9d61-c90bcb54b14c-140544486217536","trial_id":8,"state":1,"values":[0.9153013234168216],"datetime_complete":"2026-04-01T07:14:37.649297"}
{"op_code":4,"worker_id":"d7151c9a-3d36-427c-9d61-c90bcb54b14c-140544486217536","study_id":0,"datetime_start":"2026-04-01T07:14:37.668072"}
{"op_code":5,"worker_id":"d7151c9a-3d36-427c-9d61-c90bcb54b14c-140544486217536","trial_id":9,"param_name":"lr","param_value_internal":0.02756123619470895,"distribution":"{\"name\": \"FloatDistribution\", \"attributes\": {\"step\": null, \"low\": 0.0001, \"high\": 0.1, \"log\": true}}"}
{"op_code":5,"worker_id":"d7151c9a-3d36-427c-9d61-c90bcb54b14c-140544486217536","trial_id":9,"param_name":"dropout","param_value_internal":0.2803552342310199,"distribution":"{\"name\": \"FloatDistribution\", \"attributes\": {\"step\": null, \"low\": 0.0, \"high\": 0.5, \"log\": false}}"}
{"op_code":5,"worker_id":"d7151c9a-3d36-427c-9d61-c90bcb54b14c-140544486217536","trial_id":9,"param_name":"layers","param_value_internal":2.0,"distribution":"{\"name\": \"IntDistribution\", \"attributes\": {\"log\": false, \"step\": 1, \"low\": 1, \"high\": 3}}"}
{"op_code":5,"worker_id":"d7151c9a-3d36-427c-9d61-c90bcb54b14c-140544486217536","trial_id":9,"param_name":"nodes","param_value_internal":2,"distribution":"{\"name\": \"CategoricalDistribution\", \"attributes\": {\"choices\": [32, 64, 128]}}"}
{"op_code":6,"worker_id":"d7151c9a-3d36-427c-9d61-c90bcb54b14c-140544486217536","trial_id":9,"state":1,"values":[0.9146523752233038],"datetime_complete":"2026-04-01T07:14:39.078865"}
{"op_code":4,"worker_id":"d7151c9a-3d36-427c-9d61-c90bcb54b14c-140544486217536","study_id":0,"datetime_start":"2026-04-01T07:14:39.099454"}
{"op_code":5,"worker_id":"d7151c9a-3d36-427c-9d61-c90bcb54b14c-140544486217536","trial_id":10,"param_name":"lr","param_value_internal":0.0055762226781227945,"distribution":"{\"name\": \"FloatDistribution\", \"attributes\": {\"step\": null, \"low\": 0.0001, \"high\": 0.1, \"log\": true}}"}
{"op_code":5,"worker_id":"d7151c9a-3d36-427c-9d61-c90bcb54b14c-140544486217536","trial_id":10,"param_name":"dropout","param_value_internal":0.4739315842613066,"distribution":"{\"name\": \"FloatDistribution\", \"attributes\": {\"step\": null, \"low\": 0.0, \"high\": 0.5, \"log\": false}}"}
{"op_code":5,"worker_id":"d7151c9a-3d36-427c-9d61-c90bcb54b14c-140544486217536","trial_id":10,"param_name":"layers","param_value_internal":1.0,"distribution":"{\"name\": \"IntDistribution\", \"attributes\": {\"log\": false, \"step\": 1, \"low\": 1, \"high\": 3}}"}
{"op_code":5,"worker_id":"d7151c9a-3d36-427c-9d61-c90bcb54b14c-140544486217536","trial_id":10,"param_name":"nodes","param_value_internal":0,"distribution":"{\"name\": \"CategoricalDistribution\", \"attributes\": {\"choices\": [32, 64, 128]}}"}
{"op_code":6,"worker_id":"d7151c9a-3d36-427c-9d61-c90bcb54b14c-140544486217536","trial_id":10,"state":1,"values":[0.914517481497685],"datetime_complete":"2026-04-01T07:14:40.326161"}
{"op_code":4,"worker_id":"d7151c9a-3d36-427c-9d61-c90bcb54b14c-140544486217536","study_id":0,"datetime_start":"2026-04-01T07:14:40.345577"}
{"op_code":5,"worker_id":"d7151c9a-3d36-427c-9d61-c90bcb54b14c-140544486217536","trial_id":11,"param_name":"lr","param_value_internal":0.009668566294726413,"distribution":"{\"name\": \"FloatDistribution\", \"attributes\": {\"step\": null, \"low\": 0.0001, \"high\": 0.1, \"log\": true}}"}
{"op_code":5,"worker_id":"d7151c9a-3d36-427c-9d61-c90bcb54b14c-140544486217536","trial_id":11,"param_name":"dropout","param_value_internal":0.24340869931835946,"distribution":"{\"name\": \"FloatDistribution\", \"attributes\": {\"step\": null, \"low\": 0.0, \"high\": 0.5, \"log\": false}}"}
{"op_code":5,"worker_id":"d7151c9a-3d36-427c-9d61-c90bcb54b14c-140544486217536","trial_id":11,"param_name":"layers","param_value_internal":2.0,"distribution":"{\"name\": \"IntDistribution\", \"attributes\": {\"log\": false, \"step\": 1, \"low\": 1, \"high\": 3}}"}
{"op_code":5,"worker_id":"d7151c9a-3d36-427c-9d61-c90bcb54b14c-140544486217536","trial_id":11,"param_name":"nodes","param_value_internal":1,"distribution":"{\"name\": \"CategoricalDistribution\", \"attributes\": {\"choices\": [32, 64, 128]}}"}
{"op_code":6,"worker_id":"d7151c9a-3d36-427c-9d61-c90bcb54b14c-140544486217536","trial_id":11,"state":1,"values":[0.9137992635531736],"datetime_complete":"2026-04-01T07:14:41.744492"}
{"op_code":4,"worker_id":"d7151c9a-3d36-427c-9d61-c90bcb54b14c-140544486217536","study_id":0,"datetime_start":"2026-04-01T07:14:41.761440"}
{"op_code":5,"worker_id":"d7151c9a-3d36-427c-9d61-c90bcb54b14c-140544486217536","trial_id":12,"param_name":"lr","param_value_internal":0.019531616087010272,"distribution":"{\"name\": \"FloatDistribution\", \"attributes\": {\"step\": null, \"low\": 0.0001, \"high\": 0.1, \"log\": true}}"}
{"op_code":5,"worker_id":"d7151c9a-3d36-427c-9d61-c90bcb54b14c-140544486217536","trial_id":12,"param_name":"dropout","param_value_internal":0.23886437670206875,"distribution":"{\"name\": \"FloatDistribution\", \"attributes\": {\"step\": null, \"low\": 0.0, \"high\": 0.5, \"log\": false}}"}
{"op_code":5,"worker_id":"d7151c9a-3d36-427c-9d61-c90bcb54b14c-140544486217536","trial_id":12,"param_name":"layers","param_value_internal":2.0,"distribution":"{\"name\": \"IntDistribution\", \"attributes\": {\"log\": false, \"step\": 1, \"low\": 1, \"high\": 3}}"}
{"op_code":5,"worker_id":"d7151c9a-3d36-427c-9d61-c90bcb54b14c-140544486217536","trial_id":12,"param_name":"nodes","param_value_internal":0,"distribution":"{\"name\": \"CategoricalDistribution\", \"attributes\": {\"choices\": [32, 64, 128]}}"}
{"op_code":6,"worker_id":"d7151c9a-3d36-427c-9d61-c90bcb54b14c-140544486217536","trial_id":12,"state":1,"values":[0.9153414269568705],"datetime_complete":"2026-04-01T07:14:43.150595"}
{"op_code":4,"worker_id":"d7151c9a-3d36-427c-9d61-c90bcb54b14c-140544486217536","study_id":0,"datetime_start":"2026-04-01T07:14:43.169513"}
{"op_code":5,"worker_id":"d7151c9a-3d36-427c-9d61-c90bcb54b14c-140544486217536","trial_id":13,"param_name":"lr","param_value_internal":0.014474223243770245,"distribution":"{\"name\": \"FloatDistribution\", \"attributes\": {\"step\": null, \"low\": 0.0001, \"high\": 0.1, \"log\": true}}"}
{"op_code":5,"worker_id":"d7151c9a-3d36-427c-9d61-c90bcb54b14c-140544486217536","trial_id":13,"param_name":"dropout","param_value_internal":0.21540704757664103,"distribution":"{\"name\": \"FloatDistribution\", \"attributes\": {\"step\": null, \"low\": 0.0, \"high\": 0.5, \"log\": false}}"}
{"op_code":5,"worker_id":"d7151c9a-3d36-427c-9d61-c90bcb54b14c-140544486217536","trial_id":13,"param_name":"layers","param_value_internal":2.0,"distribution":"{\"name\": \"IntDistribution\", \"attributes\": {\"log\": false, \"step\": 1, \"low\": 1, \"high\": 3}}"}
{"op_code":5,"worker_id":"d7151c9a-3d36-427c-9d61-c90bcb54b14c-140544486217536","trial_id":13,"param_name":"nodes","param_value_internal":0,"distribution":"{\"name\": \"CategoricalDistribution\", \"attributes\": {\"choices\": [32, 64, 128]}}"}
{"op_code":6,"worker_id":"d7151c9a-3d36-427c-9d61-c90bcb54b14c-140544486217536","trial_id":13,"state":1,"values":[0.913904991067848],"datetime_complete":"2026-04-01T07:14:44.571074"}
{"op_code":4,"worker_id":"d7151c9a-3d36-427c-9d61-c90bcb54b14c-140544486217536","study_id":0,"datetime_start":"2026-04-01T07:14:44.590182"}
{"op_code":5,"worker_id":"d7151c9a-3d36-427c-9d61-c90bcb54b14c-140544486217536","trial_id":14,"param_name":"lr","param_value_internal":0.0027699204399553915,"distribution":"{\"name\": \"FloatDistribution\", \"attributes\": {\"step\": null, \"low\": 0.0001, \"high\": 0.1, \"log\": true}}"}
{"op_code":5,"worker_id":"d7151c9a-3d36-427c-9d61-c90bcb54b14c-140544486217536","trial_id":14,"param_name":"dropout","param_value_internal":0.3527908800143856,"distribution":"{\"name\": \"FloatDistribution\", \"attributes\": {\"step\": null, \"low\": 0.0, \"high\": 0.5, \"log\": false}}"}
{"op_code":5,"worker_id":"d7151c9a-3d36-427c-9d61-c90bcb54b14c-140544486217536","trial_id":14,"param_name":"layers","param_value_internal":1.0,"distribution":"{\"name\": \"IntDistribution\", \"attributes\": {\"log\": false, \"step\": 1, \"low\": 1, \"high\": 3}}"}
{"op_code":5,"worker_id":"d7151c9a-3d36-427c-9d61-c90bcb54b14c-140544486217536","trial_id":14,"param_name":"nodes","param_value_internal":0,"distribution":"{\"name\": \"CategoricalDistribution\", \"attributes\": {\"choices\": [32, 64, 128]}}"}
{"op_code":6,"worker_id":"d7151c9a-3d36-427c-9d61-c90bcb54b14c-140544486217536","trial_id":14,"state":1,"values":[0.9119289802763498],"datetime_complete":"2026-04-01T07:14:45.834833"}
{"op_code":4,"worker_id":"d7151c9a-3d36-427c-9d61-c90bcb54b14c-140544486217536","study_id":0,"datetime_start":"2026-04-01T07:14:45.854240"}
{"op_code":5,"worker_id":"d7151c9a-3d36-427c-9d61-c90bcb54b14c-140544486217536","trial_id":15,"param_name":"lr","param_value_internal":0.0008493789398465441,"distribution":"{\"name\": \"FloatDistribution\", \"attributes\": {\"step\": null, \"low\": 0.0001, \"high\": 0.1, \"log\": true}}"}
{"op_code":5,"worker_id":"d7151c9a-3d36-427c-9d61-c90bcb54b14c-140544486217536","trial_id":15,"param_name":"dropout","param_value_internal":0.17824073402869767,"distribution":"{\"name\": \"FloatDistribution\", \"attributes\": {\"step\": null, \"low\": 0.0, \"high\": 0.5, \"log\": false}}"}
{"op_code":5,"worker_id":"d7151c9a-3d36-427c-9d61-c90bcb54b14c-140544486217536","trial_id":15,"param_name":"layers","param_value_internal":1.0,"distribution":"{\"name\": \"IntDistribution\", \"attributes\": {\"log\": false, \"step\": 1, \"low\": 1, \"high\": 3}}"}
{"op_code":5,"worker_id":"d7151c9a-3d36-427c-9d61-c90bcb54b14c-140544486217536","trial_id":15,"param_name":"nodes","param_value_internal":0,"distribution":"{\"name\": \"CategoricalDistribution\", \"attributes\": {\"choices\": [32, 64, 128]}}"}
{"op_code":6,"worker_id":"d7151c9a-3d36-427c-9d61-c90bcb54b14c-140544486217536","trial_id":15,"state":1,"values":[0.9107513945094607],"datetime_complete":"2026-04-01T07:14:47.079191"}
{"op_code":4,"worker_id":"d7151c9a-3d36-427c-9d61-c90bcb54b14c-140544486217536","study_id":0,"datetime_start":"2026-04-01T07:14:47.097844"}
{"op_code":5,"worker_id":"d7151c9a-3d36-427c-9d61-c90bcb54b14c-140544486217536","trial_id":16,"param_name":"lr","param_value_internal":0.07382106960999969,"distribution":"{\"name\": \"FloatDistribution\", \"attributes\": {\"step\": null, \"low\": 0.0001, \"high\": 0.1, \"log\": true}}"}
{"op_code":5,"worker_id":"d7151c9a-3d36-427c-9d61-c90bcb54b14c-140544486217536","trial_id":16,"param_name":"dropout","param_value_internal":0.395928790688568,"distribution":"{\"name\": \"FloatDistribution\", \"attributes\": {\"step\": null, \"low\": 0.0, \"high\": 0.5, \"log\": false}}"}
{"op_code":5,"worker_id":"d7151c9a-3d36-427c-9d61-c90bcb54b14c-140544486217536","trial_id":16,"param_name":"layers","param_value_internal":2.0,"distribution":"{\"name\": \"IntDistribution\", \"attributes\": {\"log\": false, \"step\": 1, \"low\": 1, \"high\": 3}}"}
{"op_code":5,"worker_id":"d7151c9a-3d36-427c-9d61-c90bcb54b14c-140544486217536","trial_id":16,"param_name":"nodes","param_value_internal":0,"distribution":"{\"name\": \"CategoricalDistribution\", \"attributes\": {\"choices\": [32, 64, 128]}}"}
{"op_code":6,"worker_id":"d7151c9a-3d36-427c-9d61-c90bcb54b14c-140544486217536","trial_id":16,"state":1,"values":[0.9078128987567903],"datetime_complete":"2026-04-01T07:14:48.493035"}
{"op_code":4,"worker_id":"d7151c9a-3d36-427c-9d61-c90bcb54b14c-140544486217536","study_id":0,"datetime_start":"2026-04-01T07:14:48.512532"}
{"op_code":5,"worker_id":"d7151c9a-3d36-427c-9d61-c90bcb54b14c-140544486217536","trial_id":17,"param_name":"lr","param_value_internal":0.005979553716586331,"distribution":"{\"name\": \"FloatDistribution\", \"attributes\": {\"step\": null, \"low\": 0.0001, \"high\": 0.1, \"log\": true}}"}
{"op_code":5,"worker_id":"d7151c9a-3d36-427c-9d61-c90bcb54b14c-140544486217536","trial_id":17,"param_name":"dropout","param_value_internal":0.3080075356949433,"distribution":"{\"name\": \"FloatDistribution\", \"attributes\": {\"step\": null, \"low\": 0.0, \"high\": 0.5, \"log\": false}}"}
{"op_code":5,"worker_id":"d7151c9a-3d36-427c-9d61-c90bcb54b14c-140544486217536","trial_id":17,"param_name":"layers","param_value_internal":1.0,"distribution":"{\"name\": \"IntDistribution\", \"attributes\": {\"log\": false, \"step\": 1, \"low\": 1, \"high\": 3}}"}
{"op_code":5,"worker_id":"d7151c9a-3d36-427c-9d61-c90bcb54b14c-140544486217536","trial_id":17,"param_name":"nodes","param_value_internal":0,"distribution":"{\"name\": \"CategoricalDistribution\", \"attributes\": {\"choices\": [32, 64, 128]}}"}
{"op_code":6,"worker_id":"d7151c9a-3d36-427c-9d61-c90bcb54b14c-140544486217536","trial_id":17,"state":1,"values":[0.9022931933355208],"datetime_complete":"2026-04-01T07:14:49.744104"}
{"op_code":4,"worker_id":"d7151c9a-3d36-427c-9d61-c90bcb54b14c-140544486217536","study_id":0,"datetime_start":"2026-04-01T07:14:49.756307"}
{"op_code":5,"worker_id":"d7151c9a-3d36-427c-9d61-c90bcb54b14c-140544486217536","trial_id":18,"param_name":"lr","param_value_internal":0.02626946966263126,"distribution":"{\"name\": \"FloatDistribution\", \"attributes\": {\"step\": null, \"low\": 0.0001, \"high\": 0.1, \"log\": true}}"}
{"op_code":5,"worker_id":"d7151c9a-3d36-427c-9d61-c90bcb54b14c-140544486217536","trial_id":18,"param_name":"dropout","param_value_internal":0.4057088285242516,"distribution":"{\"name\": \"FloatDistribution\", \"attributes\": {\"step\": null, \"low\": 0.0, \"high\": 0.5, \"log\": false}}"}
{"op_code":5,"worker_id":"d7151c9a-3d36-427c-9d61-c90bcb54b14c-140544486217536","trial_id":18,"param_name":"layers","param_value_internal":2.0,"distribution":"{\"name\": \"IntDistribution\", \"attributes\": {\"log\": false, \"step\": 1, \"low\": 1, \"high\": 3}}"}
{"op_code":5,"worker_id":"d7151c9a-3d36-427c-9d61-c90bcb54b14c-140544486217536","trial_id":18,"param_name":"nodes","param_value_internal":1,"distribution":"{\"name\": \"CategoricalDistribution\", \"attributes\": {\"choices\": [32, 64, 128]}}"}
{"op_code":6,"worker_id":"d7151c9a-3d36-427c-9d61-c90bcb54b14c-140544486217536","trial_id":18,"state":1,"values":[0.909865470852018],"datetime_complete":"2026-04-01T07:14:51.150971"}
{"op_code":4,"worker_id":"d7151c9a-3d36-427c-9d61-c90bcb54b14c-140544486217536","study_id":0,"datetime_start":"2026-04-01T07:14:51.167776"}
{"op_code":5,"worker_id":"d7151c9a-3d36-427c-9d61-c90bcb54b14c-140544486217536","trial_id":19,"param_name":"lr","param_value_internal":0.0049717754449030566,"distribution":"{\"name\": \"FloatDistribution\", \"attributes\": {\"step\": null, \"low\": 0.0001, \"high\": 0.1, \"log\": true}}"}
{"op_code":5,"worker_id":"d7151c9a-3d36-427c-9d61-c90bcb54b14c-140544486217536","trial_id":19,"param_name":"dropout","param_value_internal":0.22100268592113548,"distribution":"{\"name\": \"FloatDistribution\", \"attributes\": {\"step\": null, \"low\": 0.0, \"high\": 0.5, \"log\": false}}"}
{"op_code":5,"worker_id":"d7151c9a-3d36-427c-9d61-c90bcb54b14c-140544486217536","trial_id":19,"param_name":"layers","param_value_internal":1.0,"distribution":"{\"name\": \"IntDistribution\", \"attributes\": {\"log\": false, \"step\": 1, \"low\": 1, \"high\": 3}}"}
{"op_code":5,"worker_id":"d7151c9a-3d36-427c-9d61-c90bcb54b14c-140544486217536","trial_id":19,"param_name":"nodes","param_value_internal":0,"distribution":"{\"name\": \"CategoricalDistribution\", \"attributes\": {\"choices\": [32, 64, 128]}}"}
{"op_code":6,"worker_id":"d7151c9a-3d36-427c-9d61-c90bcb54b14c-140544486217536","trial_id":19,"state":1,"values":[0.9074957162127675],"datetime_complete":"2026-04-01T07:14:52.391085"}
