{"op_code":0,"worker_id":"8a06ccf6-ea5b-4437-b1d7-a223725b2f88-139952901822272","study_name":"deephit_single_tuning","directions":[2]}
{"op_code":4,"worker_id":"8a06ccf6-ea5b-4437-b1d7-a223725b2f88-139952901822272","study_id":0,"datetime_start":"2026-03-26T11:41:06.723207"}
{"op_code":5,"worker_id":"8a06ccf6-ea5b-4437-b1d7-a223725b2f88-139952901822272","trial_id":0,"param_name":"lr","param_value_internal":0.00550149515943284,"distribution":"{\"name\": \"FloatDistribution\", \"attributes\": {\"step\": null, \"low\": 0.0001, \"high\": 0.1, \"log\": true}}"}
{"op_code":5,"worker_id":"8a06ccf6-ea5b-4437-b1d7-a223725b2f88-139952901822272","trial_id":0,"param_name":"dropout","param_value_internal":0.15426399049549583,"distribution":"{\"name\": \"FloatDistribution\", \"attributes\": {\"step\": null, \"low\": 0.0, \"high\": 0.5, \"log\": false}}"}
{"op_code":5,"worker_id":"8a06ccf6-ea5b-4437-b1d7-a223725b2f88-139952901822272","trial_id":0,"param_name":"layers","param_value_internal":3.0,"distribution":"{\"name\": \"IntDistribution\", \"attributes\": {\"log\": false, \"step\": 1, \"low\": 1, \"high\": 3}}"}
{"op_code":5,"worker_id":"8a06ccf6-ea5b-4437-b1d7-a223725b2f88-139952901822272","trial_id":0,"param_name":"nodes","param_value_internal":0,"distribution":"{\"name\": \"CategoricalDistribution\", \"attributes\": {\"choices\": [32, 64, 128]}}"}
{"op_code":5,"worker_id":"8a06ccf6-ea5b-4437-b1d7-a223725b2f88-139952901822272","trial_id":0,"param_name":"alpha","param_value_internal":0.15019498466646508,"distribution":"{\"name\": \"FloatDistribution\", \"attributes\": {\"step\": null, \"low\": 0.0, \"high\": 0.5, \"log\": false}}"}
{"op_code":5,"worker_id":"8a06ccf6-ea5b-4437-b1d7-a223725b2f88-139952901822272","trial_id":0,"param_name":"sigma","param_value_internal":0.13232114710164686,"distribution":"{\"name\": \"FloatDistribution\", \"attributes\": {\"step\": null, \"low\": 0.01, \"high\": 1.0, \"log\": true}}"}
{"op_code":6,"worker_id":"8a06ccf6-ea5b-4437-b1d7-a223725b2f88-139952901822272","trial_id":0,"state":1,"values":[0.6528037531302501],"datetime_complete":"2026-03-26T11:41:08.997263"}
{"op_code":4,"worker_id":"8a06ccf6-ea5b-4437-b1d7-a223725b2f88-139952901822272","study_id":0,"datetime_start":"2026-03-26T11:41:09.021328"}
{"op_code":5,"worker_id":"8a06ccf6-ea5b-4437-b1d7-a223725b2f88-139952901822272","trial_id":1,"param_name":"lr","param_value_internal":0.00617776701173918,"distribution":"{\"name\": \"FloatDistribution\", \"attributes\": {\"step\": null, \"low\": 0.0001, \"high\": 0.1, \"log\": true}}"}
{"op_code":5,"worker_id":"8a06ccf6-ea5b-4437-b1d7-a223725b2f88-139952901822272","trial_id":1,"param_name":"dropout","param_value_internal":0.24705699757565003,"distribution":"{\"name\": \"FloatDistribution\", \"attributes\": {\"step\": null, \"low\": 0.0, \"high\": 0.5, \"log\": false}}"}
{"op_code":5,"worker_id":"8a06ccf6-ea5b-4437-b1d7-a223725b2f88-139952901822272","trial_id":1,"param_name":"layers","param_value_internal":1.0,"distribution":"{\"name\": \"IntDistribution\", \"attributes\": {\"log\": false, \"step\": 1, \"low\": 1, \"high\": 3}}"}
{"op_code":5,"worker_id":"8a06ccf6-ea5b-4437-b1d7-a223725b2f88-139952901822272","trial_id":1,"param_name":"nodes","param_value_internal":1,"distribution":"{\"name\": \"CategoricalDistribution\", \"attributes\": {\"choices\": [32, 64, 128]}}"}
{"op_code":5,"worker_id":"8a06ccf6-ea5b-4437-b1d7-a223725b2f88-139952901822272","trial_id":1,"param_name":"alpha","param_value_internal":0.1521254834120766,"distribution":"{\"name\": \"FloatDistribution\", \"attributes\": {\"step\": null, \"low\": 0.0, \"high\": 0.5, \"log\": false}}"}
{"op_code":5,"worker_id":"8a06ccf6-ea5b-4437-b1d7-a223725b2f88-139952901822272","trial_id":1,"param_name":"sigma","param_value_internal":0.2458373973869075,"distribution":"{\"name\": \"FloatDistribution\", \"attributes\": {\"step\": null, \"low\": 0.01, \"high\": 1.0, \"log\": true}}"}
{"op_code":6,"worker_id":"8a06ccf6-ea5b-4437-b1d7-a223725b2f88-139952901822272","trial_id":1,"state":1,"values":[0.6229752432877929],"datetime_complete":"2026-03-26T11:41:10.900102"}
{"op_code":4,"worker_id":"8a06ccf6-ea5b-4437-b1d7-a223725b2f88-139952901822272","study_id":0,"datetime_start":"2026-03-26T11:41:10.929444"}
{"op_code":5,"worker_id":"8a06ccf6-ea5b-4437-b1d7-a223725b2f88-139952901822272","trial_id":2,"param_name":"lr","param_value_internal":0.06686317072493948,"distribution":"{\"name\": \"FloatDistribution\", \"attributes\": {\"step\": null, \"low\": 0.0001, \"high\": 0.1, \"log\": true}}"}
{"op_code":5,"worker_id":"8a06ccf6-ea5b-4437-b1d7-a223725b2f88-139952901822272","trial_id":2,"param_name":"dropout","param_value_internal":0.26377848564568696,"distribution":"{\"name\": \"FloatDistribution\", \"attributes\": {\"step\": null, \"low\": 0.0, \"high\": 0.5, \"log\": false}}"}
{"op_code":5,"worker_id":"8a06ccf6-ea5b-4437-b1d7-a223725b2f88-139952901822272","trial_id":2,"param_name":"layers","param_value_internal":3.0,"distribution":"{\"name\": \"IntDistribution\", \"attributes\": {\"log\": false, \"step\": 1, \"low\": 1, \"high\": 3}}"}
{"op_code":5,"worker_id":"8a06ccf6-ea5b-4437-b1d7-a223725b2f88-139952901822272","trial_id":2,"param_name":"nodes","param_value_internal":1,"distribution":"{\"name\": \"CategoricalDistribution\", \"attributes\": {\"choices\": [32, 64, 128]}}"}
{"op_code":5,"worker_id":"8a06ccf6-ea5b-4437-b1d7-a223725b2f88-139952901822272","trial_id":2,"param_name":"alpha","param_value_internal":0.37818045359500374,"distribution":"{\"name\": \"FloatDistribution\", \"attributes\": {\"step\": null, \"low\": 0.0, \"high\": 0.5, \"log\": false}}"}
{"op_code":5,"worker_id":"8a06ccf6-ea5b-4437-b1d7-a223725b2f88-139952901822272","trial_id":2,"param_name":"sigma","param_value_internal":0.07588208466298707,"distribution":"{\"name\": \"FloatDistribution\", \"attributes\": {\"step\": null, \"low\": 0.01, \"high\": 1.0, \"log\": true}}"}
{"op_code":6,"worker_id":"8a06ccf6-ea5b-4437-b1d7-a223725b2f88-139952901822272","trial_id":2,"state":1,"values":[0.6366056994325926],"datetime_complete":"2026-03-26T11:41:13.131147"}
{"op_code":4,"worker_id":"8a06ccf6-ea5b-4437-b1d7-a223725b2f88-139952901822272","study_id":0,"datetime_start":"2026-03-26T11:41:13.152152"}
{"op_code":5,"worker_id":"8a06ccf6-ea5b-4437-b1d7-a223725b2f88-139952901822272","trial_id":3,"param_name":"lr","param_value_internal":0.007647712227892203,"distribution":"{\"name\": \"FloatDistribution\", \"attributes\": {\"step\": null, \"low\": 0.0001, \"high\": 0.1, \"log\": true}}"}
{"op_code":5,"worker_id":"8a06ccf6-ea5b-4437-b1d7-a223725b2f88-139952901822272","trial_id":3,"param_name":"dropout","param_value_internal":0.18283477836078976,"distribution":"{\"name\": \"FloatDistribution\", \"attributes\": {\"step\": null, \"low\": 0.0, \"high\": 0.5, \"log\": false}}"}
{"op_code":5,"worker_id":"8a06ccf6-ea5b-4437-b1d7-a223725b2f88-139952901822272","trial_id":3,"param_name":"layers","param_value_internal":2.0,"distribution":"{\"name\": \"IntDistribution\", \"attributes\": {\"log\": false, \"step\": 1, \"low\": 1, \"high\": 3}}"}
{"op_code":5,"worker_id":"8a06ccf6-ea5b-4437-b1d7-a223725b2f88-139952901822272","trial_id":3,"param_name":"nodes","param_value_internal":0,"distribution":"{\"name\": \"CategoricalDistribution\", \"attributes\": {\"choices\": [32, 64, 128]}}"}
{"op_code":5,"worker_id":"8a06ccf6-ea5b-4437-b1d7-a223725b2f88-139952901822272","trial_id":3,"param_name":"alpha","param_value_internal":0.09129891228389303,"distribution":"{\"name\": \"FloatDistribution\", \"attributes\": {\"step\": null, \"low\": 0.0, \"high\": 0.5, \"log\": false}}"}
{"op_code":5,"worker_id":"8a06ccf6-ea5b-4437-b1d7-a223725b2f88-139952901822272","trial_id":3,"param_name":"sigma","param_value_internal":0.025557024666963527,"distribution":"{\"name\": \"FloatDistribution\", \"attributes\": {\"step\": null, \"low\": 0.01, \"high\": 1.0, \"log\": true}}"}
{"op_code":6,"worker_id":"8a06ccf6-ea5b-4437-b1d7-a223725b2f88-139952901822272","trial_id":3,"state":1,"values":[0.6469394871144641],"datetime_complete":"2026-03-26T11:41:15.209373"}
{"op_code":4,"worker_id":"8a06ccf6-ea5b-4437-b1d7-a223725b2f88-139952901822272","study_id":0,"datetime_start":"2026-03-26T11:41:15.232539"}
{"op_code":5,"worker_id":"8a06ccf6-ea5b-4437-b1d7-a223725b2f88-139952901822272","trial_id":4,"param_name":"lr","param_value_internal":0.0009081351363643831,"distribution":"{\"name\": \"FloatDistribution\", \"attributes\": {\"step\": null, \"low\": 0.0001, \"high\": 0.1, \"log\": true}}"}
{"op_code":5,"worker_id":"8a06ccf6-ea5b-4437-b1d7-a223725b2f88-139952901822272","trial_id":4,"param_name":"dropout","param_value_internal":0.15925559892029006,"distribution":"{\"name\": \"FloatDistribution\", \"attributes\": {\"step\": null, \"low\": 0.0, \"high\": 0.5, \"log\": false}}"}
{"op_code":5,"worker_id":"8a06ccf6-ea5b-4437-b1d7-a223725b2f88-139952901822272","trial_id":4,"param_name":"layers","param_value_internal":2.0,"distribution":"{\"name\": \"IntDistribution\", \"attributes\": {\"log\": false, \"step\": 1, \"low\": 1, \"high\": 3}}"}
{"op_code":5,"worker_id":"8a06ccf6-ea5b-4437-b1d7-a223725b2f88-139952901822272","trial_id":4,"param_name":"nodes","param_value_internal":0,"distribution":"{\"name\": \"CategoricalDistribution\", \"attributes\": {\"choices\": [32, 64, 128]}}"}
{"op_code":5,"worker_id":"8a06ccf6-ea5b-4437-b1d7-a223725b2f88-139952901822272","trial_id":4,"param_name":"alpha","param_value_internal":0.43289340281827837,"distribution":"{\"name\": \"FloatDistribution\", \"attributes\": {\"step\": null, \"low\": 0.0, \"high\": 0.5, \"log\": false}}"}
{"op_code":5,"worker_id":"8a06ccf6-ea5b-4437-b1d7-a223725b2f88-139952901822272","trial_id":4,"param_name":"sigma","param_value_internal":0.9056063234289993,"distribution":"{\"name\": \"FloatDistribution\", \"attributes\": {\"step\": null, \"low\": 0.01, \"high\": 1.0, \"log\": true}}"}
{"op_code":6,"worker_id":"8a06ccf6-ea5b-4437-b1d7-a223725b2f88-139952901822272","trial_id":4,"state":1,"values":[0.6179034456525184],"datetime_complete":"2026-03-26T11:41:17.264895"}
{"op_code":4,"worker_id":"8a06ccf6-ea5b-4437-b1d7-a223725b2f88-139952901822272","study_id":0,"datetime_start":"2026-03-26T11:41:17.293694"}
{"op_code":5,"worker_id":"8a06ccf6-ea5b-4437-b1d7-a223725b2f88-139952901822272","trial_id":5,"param_name":"lr","param_value_internal":0.017272416618791725,"distribution":"{\"name\": \"FloatDistribution\", \"attributes\": {\"step\": null, \"low\": 0.0001, \"high\": 0.1, \"log\": true}}"}
{"op_code":5,"worker_id":"8a06ccf6-ea5b-4437-b1d7-a223725b2f88-139952901822272","trial_id":5,"param_name":"dropout","param_value_internal":0.19909351283951882,"distribution":"{\"name\": \"FloatDistribution\", \"attributes\": {\"step\": null, \"low\": 0.0, \"high\": 0.5, \"log\": false}}"}
{"op_code":5,"worker_id":"8a06ccf6-ea5b-4437-b1d7-a223725b2f88-139952901822272","trial_id":5,"param_name":"layers","param_value_internal":1.0,"distribution":"{\"name\": \"IntDistribution\", \"attributes\": {\"log\": false, \"step\": 1, \"low\": 1, \"high\": 3}}"}
{"op_code":5,"worker_id":"8a06ccf6-ea5b-4437-b1d7-a223725b2f88-139952901822272","trial_id":5,"param_name":"nodes","param_value_internal":1,"distribution":"{\"name\": \"CategoricalDistribution\", \"attributes\": {\"choices\": [32, 64, 128]}}"}
{"op_code":5,"worker_id":"8a06ccf6-ea5b-4437-b1d7-a223725b2f88-139952901822272","trial_id":5,"param_name":"alpha","param_value_internal":0.44946556309594365,"distribution":"{\"name\": \"FloatDistribution\", \"attributes\": {\"step\": null, \"low\": 0.0, \"high\": 0.5, \"log\": false}}"}
{"op_code":5,"worker_id":"8a06ccf6-ea5b-4437-b1d7-a223725b2f88-139952901822272","trial_id":5,"param_name":"sigma","param_value_internal":0.07383397448590116,"distribution":"{\"name\": \"FloatDistribution\", \"attributes\": {\"step\": null, \"low\": 0.01, \"high\": 1.0, \"log\": true}}"}
{"op_code":6,"worker_id":"8a06ccf6-ea5b-4437-b1d7-a223725b2f88-139952901822272","trial_id":5,"state":1,"values":[0.5372301645164358],"datetime_complete":"2026-03-26T11:41:19.175703"}
{"op_code":4,"worker_id":"8a06ccf6-ea5b-4437-b1d7-a223725b2f88-139952901822272","study_id":0,"datetime_start":"2026-03-26T11:41:19.204922"}
{"op_code":5,"worker_id":"8a06ccf6-ea5b-4437-b1d7-a223725b2f88-139952901822272","trial_id":6,"param_name":"lr","param_value_internal":0.00017932564077445876,"distribution":"{\"name\": \"FloatDistribution\", \"attributes\": {\"step\": null, \"low\": 0.0001, \"high\": 0.1, \"log\": true}}"}
{"op_code":5,"worker_id":"8a06ccf6-ea5b-4437-b1d7-a223725b2f88-139952901822272","trial_id":6,"param_name":"dropout","param_value_internal":0.19812154902651918,"distribution":"{\"name\": \"FloatDistribution\", \"attributes\": {\"step\": null, \"low\": 0.0, \"high\": 0.5, \"log\": false}}"}
{"op_code":5,"worker_id":"8a06ccf6-ea5b-4437-b1d7-a223725b2f88-139952901822272","trial_id":6,"param_name":"layers","param_value_internal":1.0,"distribution":"{\"name\": \"IntDistribution\", \"attributes\": {\"log\": false, \"step\": 1, \"low\": 1, \"high\": 3}}"}
{"op_code":5,"worker_id":"8a06ccf6-ea5b-4437-b1d7-a223725b2f88-139952901822272","trial_id":6,"param_name":"nodes","param_value_internal":1,"distribution":"{\"name\": \"CategoricalDistribution\", \"attributes\": {\"choices\": [32, 64, 128]}}"}
{"op_code":5,"worker_id":"8a06ccf6-ea5b-4437-b1d7-a223725b2f88-139952901822272","trial_id":6,"param_name":"alpha","param_value_internal":0.22112701130306,"distribution":"{\"name\": \"FloatDistribution\", \"attributes\": {\"step\": null, \"low\": 0.0, \"high\": 0.5, \"log\": false}}"}
{"op_code":5,"worker_id":"8a06ccf6-ea5b-4437-b1d7-a223725b2f88-139952901822272","trial_id":6,"param_name":"sigma","param_value_internal":0.49267606978372996,"distribution":"{\"name\": \"FloatDistribution\", \"attributes\": {\"step\": null, \"low\": 0.01, \"high\": 1.0, \"log\": true}}"}
{"op_code":6,"worker_id":"8a06ccf6-ea5b-4437-b1d7-a223725b2f88-139952901822272","trial_id":6,"state":1,"values":[0.6551494595365644],"datetime_complete":"2026-03-26T11:41:21.064250"}
{"op_code":4,"worker_id":"8a06ccf6-ea5b-4437-b1d7-a223725b2f88-139952901822272","study_id":0,"datetime_start":"2026-03-26T11:41:21.083890"}
{"op_code":5,"worker_id":"8a06ccf6-ea5b-4437-b1d7-a223725b2f88-139952901822272","trial_id":7,"param_name":"lr","param_value_internal":0.05953427095230994,"distribution":"{\"name\": \"FloatDistribution\", \"attributes\": {\"step\": null, \"low\": 0.0001, \"high\": 0.1, \"log\": true}}"}
{"op_code":5,"worker_id":"8a06ccf6-ea5b-4437-b1d7-a223725b2f88-139952901822272","trial_id":7,"param_name":"dropout","param_value_internal":0.46343154887358745,"distribution":"{\"name\": \"FloatDistribution\", \"attributes\": {\"step\": null, \"low\": 0.0, \"high\": 0.5, \"log\": false}}"}
{"op_code":5,"worker_id":"8a06ccf6-ea5b-4437-b1d7-a223725b2f88-139952901822272","trial_id":7,"param_name":"layers","param_value_internal":1.0,"distribution":"{\"name\": \"IntDistribution\", \"attributes\": {\"log\": false, \"step\": 1, \"low\": 1, \"high\": 3}}"}
{"op_code":5,"worker_id":"8a06ccf6-ea5b-4437-b1d7-a223725b2f88-139952901822272","trial_id":7,"param_name":"nodes","param_value_internal":1,"distribution":"{\"name\": \"CategoricalDistribution\", \"attributes\": {\"choices\": [32, 64, 128]}}"}
{"op_code":5,"worker_id":"8a06ccf6-ea5b-4437-b1d7-a223725b2f88-139952901822272","trial_id":7,"param_name":"alpha","param_value_internal":0.41359898915627175,"distribution":"{\"name\": \"FloatDistribution\", \"attributes\": {\"step\": null, \"low\": 0.0, \"high\": 0.5, \"log\": false}}"}
{"op_code":5,"worker_id":"8a06ccf6-ea5b-4437-b1d7-a223725b2f88-139952901822272","trial_id":7,"param_name":"sigma","param_value_internal":0.02925044837752406,"distribution":"{\"name\": \"FloatDistribution\", \"attributes\": {\"step\": null, \"low\": 0.01, \"high\": 1.0, \"log\": true}}"}
{"op_code":6,"worker_id":"8a06ccf6-ea5b-4437-b1d7-a223725b2f88-139952901822272","trial_id":7,"state":1,"values":[0.5155957777284687],"datetime_complete":"2026-03-26T11:41:22.948297"}
{"op_code":4,"worker_id":"8a06ccf6-ea5b-4437-b1d7-a223725b2f88-139952901822272","study_id":0,"datetime_start":"2026-03-26T11:41:22.975173"}
{"op_code":5,"worker_id":"8a06ccf6-ea5b-4437-b1d7-a223725b2f88-139952901822272","trial_id":8,"param_name":"lr","param_value_internal":0.00138741969161027,"distribution":"{\"name\": \"FloatDistribution\", \"attributes\": {\"step\": null, \"low\": 0.0001, \"high\": 0.1, \"log\": true}}"}
{"op_code":5,"worker_id":"8a06ccf6-ea5b-4437-b1d7-a223725b2f88-139952901822272","trial_id":8,"param_name":"dropout","param_value_internal":0.2582424658272838,"distribution":"{\"name\": \"FloatDistribution\", \"attributes\": {\"step\": null, \"low\": 0.0, \"high\": 0.5, \"log\": false}}"}
{"op_code":5,"worker_id":"8a06ccf6-ea5b-4437-b1d7-a223725b2f88-139952901822272","trial_id":8,"param_name":"layers","param_value_internal":3.0,"distribution":"{\"name\": \"IntDistribution\", \"attributes\": {\"log\": false, \"step\": 1, \"low\": 1, \"high\": 3}}"}
{"op_code":5,"worker_id":"8a06ccf6-ea5b-4437-b1d7-a223725b2f88-139952901822272","trial_id":8,"param_name":"nodes","param_value_internal":0,"distribution":"{\"name\": \"CategoricalDistribution\", \"attributes\": {\"choices\": [32, 64, 128]}}"}
{"op_code":5,"worker_id":"8a06ccf6-ea5b-4437-b1d7-a223725b2f88-139952901822272","trial_id":8,"param_name":"alpha","param_value_internal":0.04254308443428245,"distribution":"{\"name\": \"FloatDistribution\", \"attributes\": {\"step\": null, \"low\": 0.0, \"high\": 0.5, \"log\": false}}"}
{"op_code":5,"worker_id":"8a06ccf6-ea5b-4437-b1d7-a223725b2f88-139952901822272","trial_id":8,"param_name":"sigma","param_value_internal":0.08971935710855487,"distribution":"{\"name\": \"FloatDistribution\", \"attributes\": {\"step\": null, \"low\": 0.01, \"high\": 1.0, \"log\": true}}"}
{"op_code":6,"worker_id":"8a06ccf6-ea5b-4437-b1d7-a223725b2f88-139952901822272","trial_id":8,"state":1,"values":[0.6518527910736361],"datetime_complete":"2026-03-26T11:41:25.245963"}
{"op_code":4,"worker_id":"8a06ccf6-ea5b-4437-b1d7-a223725b2f88-139952901822272","study_id":0,"datetime_start":"2026-03-26T11:41:25.267871"}
{"op_code":5,"worker_id":"8a06ccf6-ea5b-4437-b1d7-a223725b2f88-139952901822272","trial_id":9,"param_name":"lr","param_value_internal":0.004294026740767651,"distribution":"{\"name\": \"FloatDistribution\", \"attributes\": {\"step\": null, \"low\": 0.0001, \"high\": 0.1, \"log\": true}}"}
{"op_code":5,"worker_id":"8a06ccf6-ea5b-4437-b1d7-a223725b2f88-139952901822272","trial_id":9,"param_name":"dropout","param_value_internal":0.13562134328363173,"distribution":"{\"name\": \"FloatDistribution\", \"attributes\": {\"step\": null, \"low\": 0.0, \"high\": 0.5, \"log\": false}}"}
{"op_code":5,"worker_id":"8a06ccf6-ea5b-4437-b1d7-a223725b2f88-139952901822272","trial_id":9,"param_name":"layers","param_value_internal":3.0,"distribution":"{\"name\": \"IntDistribution\", \"attributes\": {\"log\": false, \"step\": 1, \"low\": 1, \"high\": 3}}"}
{"op_code":5,"worker_id":"8a06ccf6-ea5b-4437-b1d7-a223725b2f88-139952901822272","trial_id":9,"param_name":"nodes","param_value_internal":0,"distribution":"{\"name\": \"CategoricalDistribution\", \"attributes\": {\"choices\": [32, 64, 128]}}"}
{"op_code":5,"worker_id":"8a06ccf6-ea5b-4437-b1d7-a223725b2f88-139952901822272","trial_id":9,"param_name":"alpha","param_value_internal":0.08641713288430236,"distribution":"{\"name\": \"FloatDistribution\", \"attributes\": {\"step\": null, \"low\": 0.0, \"high\": 0.5, \"log\": false}}"}
{"op_code":5,"worker_id":"8a06ccf6-ea5b-4437-b1d7-a223725b2f88-139952901822272","trial_id":9,"param_name":"sigma","param_value_internal":0.02526327576771905,"distribution":"{\"name\": \"FloatDistribution\", \"attributes\": {\"step\": null, \"low\": 0.01, \"high\": 1.0, \"log\": true}}"}
{"op_code":6,"worker_id":"8a06ccf6-ea5b-4437-b1d7-a223725b2f88-139952901822272","trial_id":9,"state":1,"values":[0.6330712904555108],"datetime_complete":"2026-03-26T11:41:27.447069"}
{"op_code":4,"worker_id":"8a06ccf6-ea5b-4437-b1d7-a223725b2f88-139952901822272","study_id":0,"datetime_start":"2026-03-26T11:41:27.502901"}
{"op_code":5,"worker_id":"8a06ccf6-ea5b-4437-b1d7-a223725b2f88-139952901822272","trial_id":10,"param_name":"lr","param_value_internal":0.00011034049783073306,"distribution":"{\"name\": \"FloatDistribution\", \"attributes\": {\"step\": null, \"low\": 0.0001, \"high\": 0.1, \"log\": true}}"}
{"op_code":5,"worker_id":"8a06ccf6-ea5b-4437-b1d7-a223725b2f88-139952901822272","trial_id":10,"param_name":"dropout","param_value_internal":0.047565132888099326,"distribution":"{\"name\": \"FloatDistribution\", \"attributes\": {\"step\": null, \"low\": 0.0, \"high\": 0.5, \"log\": false}}"}
{"op_code":5,"worker_id":"8a06ccf6-ea5b-4437-b1d7-a223725b2f88-139952901822272","trial_id":10,"param_name":"layers","param_value_internal":1.0,"distribution":"{\"name\": \"IntDistribution\", \"attributes\": {\"log\": false, \"step\": 1, \"low\": 1, \"high\": 3}}"}
{"op_code":5,"worker_id":"8a06ccf6-ea5b-4437-b1d7-a223725b2f88-139952901822272","trial_id":10,"param_name":"nodes","param_value_internal":2,"distribution":"{\"name\": \"CategoricalDistribution\", \"attributes\": {\"choices\": [32, 64, 128]}}"}
{"op_code":5,"worker_id":"8a06ccf6-ea5b-4437-b1d7-a223725b2f88-139952901822272","trial_id":10,"param_name":"alpha","param_value_internal":0.28042283382444094,"distribution":"{\"name\": \"FloatDistribution\", \"attributes\": {\"step\": null, \"low\": 0.0, \"high\": 0.5, \"log\": false}}"}
{"op_code":5,"worker_id":"8a06ccf6-ea5b-4437-b1d7-a223725b2f88-139952901822272","trial_id":10,"param_name":"sigma","param_value_internal":0.8938521177013075,"distribution":"{\"name\": \"FloatDistribution\", \"attributes\": {\"step\": null, \"low\": 0.01, \"high\": 1.0, \"log\": true}}"}
{"op_code":6,"worker_id":"8a06ccf6-ea5b-4437-b1d7-a223725b2f88-139952901822272","trial_id":10,"state":1,"values":[0.6355596411703173],"datetime_complete":"2026-03-26T11:41:29.437842"}
{"op_code":4,"worker_id":"8a06ccf6-ea5b-4437-b1d7-a223725b2f88-139952901822272","study_id":0,"datetime_start":"2026-03-26T11:41:29.467675"}
{"op_code":5,"worker_id":"8a06ccf6-ea5b-4437-b1d7-a223725b2f88-139952901822272","trial_id":11,"param_name":"lr","param_value_internal":0.00015530339753538382,"distribution":"{\"name\": \"FloatDistribution\", \"attributes\": {\"step\": null, \"low\": 0.0001, \"high\": 0.1, \"log\": true}}"}
{"op_code":5,"worker_id":"8a06ccf6-ea5b-4437-b1d7-a223725b2f88-139952901822272","trial_id":11,"param_name":"dropout","param_value_internal":0.38137086811563936,"distribution":"{\"name\": \"FloatDistribution\", \"attributes\": {\"step\": null, \"low\": 0.0, \"high\": 0.5, \"log\": false}}"}
{"op_code":5,"worker_id":"8a06ccf6-ea5b-4437-b1d7-a223725b2f88-139952901822272","trial_id":11,"param_name":"layers","param_value_internal":2.0,"distribution":"{\"name\": \"IntDistribution\", \"attributes\": {\"log\": false, \"step\": 1, \"low\": 1, \"high\": 3}}"}
{"op_code":5,"worker_id":"8a06ccf6-ea5b-4437-b1d7-a223725b2f88-139952901822272","trial_id":11,"param_name":"nodes","param_value_internal":2,"distribution":"{\"name\": \"CategoricalDistribution\", \"attributes\": {\"choices\": [32, 64, 128]}}"}
{"op_code":5,"worker_id":"8a06ccf6-ea5b-4437-b1d7-a223725b2f88-139952901822272","trial_id":11,"param_name":"alpha","param_value_internal":0.22094884455075084,"distribution":"{\"name\": \"FloatDistribution\", \"attributes\": {\"step\": null, \"low\": 0.0, \"high\": 0.5, \"log\": false}}"}
{"op_code":5,"worker_id":"8a06ccf6-ea5b-4437-b1d7-a223725b2f88-139952901822272","trial_id":11,"param_name":"sigma","param_value_internal":0.3202162249119597,"distribution":"{\"name\": \"FloatDistribution\", \"attributes\": {\"step\": null, \"low\": 0.01, \"high\": 1.0, \"log\": true}}"}
{"op_code":6,"worker_id":"8a06ccf6-ea5b-4437-b1d7-a223725b2f88-139952901822272","trial_id":11,"state":1,"values":[0.6430722414175675],"datetime_complete":"2026-03-26T11:41:31.513089"}
{"op_code":4,"worker_id":"8a06ccf6-ea5b-4437-b1d7-a223725b2f88-139952901822272","study_id":0,"datetime_start":"2026-03-26T11:41:31.541282"}
{"op_code":5,"worker_id":"8a06ccf6-ea5b-4437-b1d7-a223725b2f88-139952901822272","trial_id":12,"param_name":"lr","param_value_internal":0.0006124407186650283,"distribution":"{\"name\": \"FloatDistribution\", \"attributes\": {\"step\": null, \"low\": 0.0001, \"high\": 0.1, \"log\": true}}"}
{"op_code":5,"worker_id":"8a06ccf6-ea5b-4437-b1d7-a223725b2f88-139952901822272","trial_id":12,"param_name":"dropout","param_value_internal":0.06319985616112558,"distribution":"{\"name\": \"FloatDistribution\", \"attributes\": {\"step\": null, \"low\": 0.0, \"high\": 0.5, \"log\": false}}"}
{"op_code":5,"worker_id":"8a06ccf6-ea5b-4437-b1d7-a223725b2f88-139952901822272","trial_id":12,"param_name":"layers","param_value_internal":2.0,"distribution":"{\"name\": \"IntDistribution\", \"attributes\": {\"log\": false, \"step\": 1, \"low\": 1, \"high\": 3}}"}
{"op_code":5,"worker_id":"8a06ccf6-ea5b-4437-b1d7-a223725b2f88-139952901822272","trial_id":12,"param_name":"nodes","param_value_internal":0,"distribution":"{\"name\": \"CategoricalDistribution\", \"attributes\": {\"choices\": [32, 64, 128]}}"}
{"op_code":5,"worker_id":"8a06ccf6-ea5b-4437-b1d7-a223725b2f88-139952901822272","trial_id":12,"param_name":"alpha","param_value_internal":0.26056484213623676,"distribution":"{\"name\": \"FloatDistribution\", \"attributes\": {\"step\": null, \"low\": 0.0, \"high\": 0.5, \"log\": false}}"}
{"op_code":5,"worker_id":"8a06ccf6-ea5b-4437-b1d7-a223725b2f88-139952901822272","trial_id":12,"param_name":"sigma","param_value_internal":0.26217333322879327,"distribution":"{\"name\": \"FloatDistribution\", \"attributes\": {\"step\": null, \"low\": 0.01, \"high\": 1.0, \"log\": true}}"}
{"op_code":6,"worker_id":"8a06ccf6-ea5b-4437-b1d7-a223725b2f88-139952901822272","trial_id":12,"state":1,"values":[0.6341014993501759],"datetime_complete":"2026-03-26T11:41:33.616389"}
{"op_code":4,"worker_id":"8a06ccf6-ea5b-4437-b1d7-a223725b2f88-139952901822272","study_id":0,"datetime_start":"2026-03-26T11:41:33.640721"}
{"op_code":5,"worker_id":"8a06ccf6-ea5b-4437-b1d7-a223725b2f88-139952901822272","trial_id":13,"param_name":"lr","param_value_internal":0.000343225963089058,"distribution":"{\"name\": \"FloatDistribution\", \"attributes\": {\"step\": null, \"low\": 0.0001, \"high\": 0.1, \"log\": true}}"}
{"op_code":5,"worker_id":"8a06ccf6-ea5b-4437-b1d7-a223725b2f88-139952901822272","trial_id":13,"param_name":"dropout","param_value_internal":0.34802168472972633,"distribution":"{\"name\": \"FloatDistribution\", \"attributes\": {\"step\": null, \"low\": 0.0, \"high\": 0.5, \"log\": false}}"}
{"op_code":5,"worker_id":"8a06ccf6-ea5b-4437-b1d7-a223725b2f88-139952901822272","trial_id":13,"param_name":"layers","param_value_internal":3.0,"distribution":"{\"name\": \"IntDistribution\", \"attributes\": {\"log\": false, \"step\": 1, \"low\": 1, \"high\": 3}}"}
{"op_code":5,"worker_id":"8a06ccf6-ea5b-4437-b1d7-a223725b2f88-139952901822272","trial_id":13,"param_name":"nodes","param_value_internal":1,"distribution":"{\"name\": \"CategoricalDistribution\", \"attributes\": {\"choices\": [32, 64, 128]}}"}
{"op_code":5,"worker_id":"8a06ccf6-ea5b-4437-b1d7-a223725b2f88-139952901822272","trial_id":13,"param_name":"alpha","param_value_internal":0.16858496844740678,"distribution":"{\"name\": \"FloatDistribution\", \"attributes\": {\"step\": null, \"low\": 0.0, \"high\": 0.5, \"log\": false}}"}
{"op_code":5,"worker_id":"8a06ccf6-ea5b-4437-b1d7-a223725b2f88-139952901822272","trial_id":13,"param_name":"sigma","param_value_internal":0.4315954576638917,"distribution":"{\"name\": \"FloatDistribution\", \"attributes\": {\"step\": null, \"low\": 0.01, \"high\": 1.0, \"log\": true}}"}
{"op_code":6,"worker_id":"8a06ccf6-ea5b-4437-b1d7-a223725b2f88-139952901822272","trial_id":13,"state":1,"values":[0.6516308999270929],"datetime_complete":"2026-03-26T11:41:35.942476"}
{"op_code":4,"worker_id":"8a06ccf6-ea5b-4437-b1d7-a223725b2f88-139952901822272","study_id":0,"datetime_start":"2026-03-26T11:41:35.967753"}
{"op_code":5,"worker_id":"8a06ccf6-ea5b-4437-b1d7-a223725b2f88-139952901822272","trial_id":14,"param_name":"lr","param_value_internal":0.0019365869934458095,"distribution":"{\"name\": \"FloatDistribution\", \"attributes\": {\"step\": null, \"low\": 0.0001, \"high\": 0.1, \"log\": true}}"}
{"op_code":5,"worker_id":"8a06ccf6-ea5b-4437-b1d7-a223725b2f88-139952901822272","trial_id":14,"param_name":"dropout","param_value_internal":0.09429718711588439,"distribution":"{\"name\": \"FloatDistribution\", \"attributes\": {\"step\": null, \"low\": 0.0, \"high\": 0.5, \"log\": false}}"}
{"op_code":5,"worker_id":"8a06ccf6-ea5b-4437-b1d7-a223725b2f88-139952901822272","trial_id":14,"param_name":"layers","param_value_internal":2.0,"distribution":"{\"name\": \"IntDistribution\", \"attributes\": {\"log\": false, \"step\": 1, \"low\": 1, \"high\": 3}}"}
{"op_code":5,"worker_id":"8a06ccf6-ea5b-4437-b1d7-a223725b2f88-139952901822272","trial_id":14,"param_name":"nodes","param_value_internal":2,"distribution":"{\"name\": \"CategoricalDistribution\", \"attributes\": {\"choices\": [32, 64, 128]}}"}
{"op_code":5,"worker_id":"8a06ccf6-ea5b-4437-b1d7-a223725b2f88-139952901822272","trial_id":14,"param_name":"alpha","param_value_internal":0.3260691521920119,"distribution":"{\"name\": \"FloatDistribution\", \"attributes\": {\"step\": null, \"low\": 0.0, \"high\": 0.5, \"log\": false}}"}
{"op_code":5,"worker_id":"8a06ccf6-ea5b-4437-b1d7-a223725b2f88-139952901822272","trial_id":14,"param_name":"sigma","param_value_internal":0.15127908349839256,"distribution":"{\"name\": \"FloatDistribution\", \"attributes\": {\"step\": null, \"low\": 0.01, \"high\": 1.0, \"log\": true}}"}
{"op_code":6,"worker_id":"8a06ccf6-ea5b-4437-b1d7-a223725b2f88-139952901822272","trial_id":14,"state":1,"values":[0.5532380258027705],"datetime_complete":"2026-03-26T11:41:38.082975"}
{"op_code":4,"worker_id":"8a06ccf6-ea5b-4437-b1d7-a223725b2f88-139952901822272","study_id":0,"datetime_start":"2026-03-26T11:41:38.104983"}
{"op_code":5,"worker_id":"8a06ccf6-ea5b-4437-b1d7-a223725b2f88-139952901822272","trial_id":15,"param_name":"lr","param_value_internal":0.018801665699408207,"distribution":"{\"name\": \"FloatDistribution\", \"attributes\": {\"step\": null, \"low\": 0.0001, \"high\": 0.1, \"log\": true}}"}
{"op_code":5,"worker_id":"8a06ccf6-ea5b-4437-b1d7-a223725b2f88-139952901822272","trial_id":15,"param_name":"dropout","param_value_internal":0.3176366913597737,"distribution":"{\"name\": \"FloatDistribution\", \"attributes\": {\"step\": null, \"low\": 0.0, \"high\": 0.5, \"log\": false}}"}
{"op_code":5,"worker_id":"8a06ccf6-ea5b-4437-b1d7-a223725b2f88-139952901822272","trial_id":15,"param_name":"layers","param_value_internal":3.0,"distribution":"{\"name\": \"IntDistribution\", \"attributes\": {\"log\": false, \"step\": 1, \"low\": 1, \"high\": 3}}"}
{"op_code":5,"worker_id":"8a06ccf6-ea5b-4437-b1d7-a223725b2f88-139952901822272","trial_id":15,"param_name":"nodes","param_value_internal":1,"distribution":"{\"name\": \"CategoricalDistribution\", \"attributes\": {\"choices\": [32, 64, 128]}}"}
{"op_code":5,"worker_id":"8a06ccf6-ea5b-4437-b1d7-a223725b2f88-139952901822272","trial_id":15,"param_name":"alpha","param_value_internal":0.1732530086563543,"distribution":"{\"name\": \"FloatDistribution\", \"attributes\": {\"step\": null, \"low\": 0.0, \"high\": 0.5, \"log\": false}}"}
{"op_code":5,"worker_id":"8a06ccf6-ea5b-4437-b1d7-a223725b2f88-139952901822272","trial_id":15,"param_name":"sigma","param_value_internal":0.010968956953297826,"distribution":"{\"name\": \"FloatDistribution\", \"attributes\": {\"step\": null, \"low\": 0.01, \"high\": 1.0, \"log\": true}}"}
{"op_code":6,"worker_id":"8a06ccf6-ea5b-4437-b1d7-a223725b2f88-139952901822272","trial_id":15,"state":1,"values":[0.49957206707452373],"datetime_complete":"2026-03-26T11:41:40.321745"}
{"op_code":4,"worker_id":"8a06ccf6-ea5b-4437-b1d7-a223725b2f88-139952901822272","study_id":0,"datetime_start":"2026-03-26T11:41:40.341925"}
{"op_code":5,"worker_id":"8a06ccf6-ea5b-4437-b1d7-a223725b2f88-139952901822272","trial_id":16,"param_name":"lr","param_value_internal":0.0002621645729171307,"distribution":"{\"name\": \"FloatDistribution\", \"attributes\": {\"step\": null, \"low\": 0.0001, \"high\": 0.1, \"log\": true}}"}
{"op_code":5,"worker_id":"8a06ccf6-ea5b-4437-b1d7-a223725b2f88-139952901822272","trial_id":16,"param_name":"dropout","param_value_internal":0.0046539315294327754,"distribution":"{\"name\": \"FloatDistribution\", \"attributes\": {\"step\": null, \"low\": 0.0, \"high\": 0.5, \"log\": false}}"}
{"op_code":5,"worker_id":"8a06ccf6-ea5b-4437-b1d7-a223725b2f88-139952901822272","trial_id":16,"param_name":"layers","param_value_internal":1.0,"distribution":"{\"name\": \"IntDistribution\", \"attributes\": {\"log\": false, \"step\": 1, \"low\": 1, \"high\": 3}}"}
{"op_code":5,"worker_id":"8a06ccf6-ea5b-4437-b1d7-a223725b2f88-139952901822272","trial_id":16,"param_name":"nodes","param_value_internal":0,"distribution":"{\"name\": \"CategoricalDistribution\", \"attributes\": {\"choices\": [32, 64, 128]}}"}
{"op_code":5,"worker_id":"8a06ccf6-ea5b-4437-b1d7-a223725b2f88-139952901822272","trial_id":16,"param_name":"alpha","param_value_internal":0.0003721401307534289,"distribution":"{\"name\": \"FloatDistribution\", \"attributes\": {\"step\": null, \"low\": 0.0, \"high\": 0.5, \"log\": false}}"}
{"op_code":5,"worker_id":"8a06ccf6-ea5b-4437-b1d7-a223725b2f88-139952901822272","trial_id":16,"param_name":"sigma","param_value_internal":0.1472595205199286,"distribution":"{\"name\": \"FloatDistribution\", \"attributes\": {\"step\": null, \"low\": 0.01, \"high\": 1.0, \"log\": true}}"}
{"op_code":6,"worker_id":"8a06ccf6-ea5b-4437-b1d7-a223725b2f88-139952901822272","trial_id":16,"state":1,"values":[0.610707832757473],"datetime_complete":"2026-03-26T11:41:42.260835"}
{"op_code":4,"worker_id":"8a06ccf6-ea5b-4437-b1d7-a223725b2f88-139952901822272","study_id":0,"datetime_start":"2026-03-26T11:41:42.300402"}
{"op_code":5,"worker_id":"8a06ccf6-ea5b-4437-b1d7-a223725b2f88-139952901822272","trial_id":17,"param_name":"lr","param_value_internal":0.015112964703539074,"distribution":"{\"name\": \"FloatDistribution\", \"attributes\": {\"step\": null, \"low\": 0.0001, \"high\": 0.1, \"log\": true}}"}
{"op_code":5,"worker_id":"8a06ccf6-ea5b-4437-b1d7-a223725b2f88-139952901822272","trial_id":17,"param_name":"dropout","param_value_internal":0.11703972296557935,"distribution":"{\"name\": \"FloatDistribution\", \"attributes\": {\"step\": null, \"low\": 0.0, \"high\": 0.5, \"log\": false}}"}
{"op_code":5,"worker_id":"8a06ccf6-ea5b-4437-b1d7-a223725b2f88-139952901822272","trial_id":17,"param_name":"layers","param_value_internal":2.0,"distribution":"{\"name\": \"IntDistribution\", \"attributes\": {\"log\": false, \"step\": 1, \"low\": 1, \"high\": 3}}"}
{"op_code":5,"worker_id":"8a06ccf6-ea5b-4437-b1d7-a223725b2f88-139952901822272","trial_id":17,"param_name":"nodes","param_value_internal":0,"distribution":"{\"name\": \"CategoricalDistribution\", \"attributes\": {\"choices\": [32, 64, 128]}}"}
{"op_code":5,"worker_id":"8a06ccf6-ea5b-4437-b1d7-a223725b2f88-139952901822272","trial_id":17,"param_name":"alpha","param_value_internal":0.21525613638835636,"distribution":"{\"name\": \"FloatDistribution\", \"attributes\": {\"step\": null, \"low\": 0.0, \"high\": 0.5, \"log\": false}}"}
{"op_code":5,"worker_id":"8a06ccf6-ea5b-4437-b1d7-a223725b2f88-139952901822272","trial_id":17,"param_name":"sigma","param_value_internal":0.04694217855828553,"distribution":"{\"name\": \"FloatDistribution\", \"attributes\": {\"step\": null, \"low\": 0.01, \"high\": 1.0, \"log\": true}}"}
{"op_code":6,"worker_id":"8a06ccf6-ea5b-4437-b1d7-a223725b2f88-139952901822272","trial_id":17,"state":1,"values":[0.6033854249215457],"datetime_complete":"2026-03-26T11:41:44.383104"}
{"op_code":4,"worker_id":"8a06ccf6-ea5b-4437-b1d7-a223725b2f88-139952901822272","study_id":0,"datetime_start":"2026-03-26T11:41:44.407253"}
{"op_code":5,"worker_id":"8a06ccf6-ea5b-4437-b1d7-a223725b2f88-139952901822272","trial_id":18,"param_name":"lr","param_value_internal":0.0020442397020682865,"distribution":"{\"name\": \"FloatDistribution\", \"attributes\": {\"step\": null, \"low\": 0.0001, \"high\": 0.1, \"log\": true}}"}
{"op_code":5,"worker_id":"8a06ccf6-ea5b-4437-b1d7-a223725b2f88-139952901822272","trial_id":18,"param_name":"dropout","param_value_internal":0.21692514739214852,"distribution":"{\"name\": \"FloatDistribution\", \"attributes\": {\"step\": null, \"low\": 0.0, \"high\": 0.5, \"log\": false}}"}
{"op_code":5,"worker_id":"8a06ccf6-ea5b-4437-b1d7-a223725b2f88-139952901822272","trial_id":18,"param_name":"layers","param_value_internal":1.0,"distribution":"{\"name\": \"IntDistribution\", \"attributes\": {\"log\": false, \"step\": 1, \"low\": 1, \"high\": 3}}"}
{"op_code":5,"worker_id":"8a06ccf6-ea5b-4437-b1d7-a223725b2f88-139952901822272","trial_id":18,"param_name":"nodes","param_value_internal":1,"distribution":"{\"name\": \"CategoricalDistribution\", \"attributes\": {\"choices\": [32, 64, 128]}}"}
{"op_code":5,"worker_id":"8a06ccf6-ea5b-4437-b1d7-a223725b2f88-139952901822272","trial_id":18,"param_name":"alpha","param_value_internal":0.3310953469598891,"distribution":"{\"name\": \"FloatDistribution\", \"attributes\": {\"step\": null, \"low\": 0.0, \"high\": 0.5, \"log\": false}}"}
{"op_code":5,"worker_id":"8a06ccf6-ea5b-4437-b1d7-a223725b2f88-139952901822272","trial_id":18,"param_name":"sigma","param_value_internal":0.5657351616023018,"distribution":"{\"name\": \"FloatDistribution\", \"attributes\": {\"step\": null, \"low\": 0.01, \"high\": 1.0, \"log\": true}}"}
{"op_code":6,"worker_id":"8a06ccf6-ea5b-4437-b1d7-a223725b2f88-139952901822272","trial_id":18,"state":1,"values":[0.5959045234095159],"datetime_complete":"2026-03-26T11:41:46.284437"}
{"op_code":4,"worker_id":"8a06ccf6-ea5b-4437-b1d7-a223725b2f88-139952901822272","study_id":0,"datetime_start":"2026-03-26T11:41:46.308725"}
{"op_code":5,"worker_id":"8a06ccf6-ea5b-4437-b1d7-a223725b2f88-139952901822272","trial_id":19,"param_name":"lr","param_value_internal":0.0004762494519048844,"distribution":"{\"name\": \"FloatDistribution\", \"attributes\": {\"step\": null, \"low\": 0.0001, \"high\": 0.1, \"log\": true}}"}
{"op_code":5,"worker_id":"8a06ccf6-ea5b-4437-b1d7-a223725b2f88-139952901822272","trial_id":19,"param_name":"dropout","param_value_internal":0.42469928684648783,"distribution":"{\"name\": \"FloatDistribution\", \"attributes\": {\"step\": null, \"low\": 0.0, \"high\": 0.5, \"log\": false}}"}
{"op_code":5,"worker_id":"8a06ccf6-ea5b-4437-b1d7-a223725b2f88-139952901822272","trial_id":19,"param_name":"layers","param_value_internal":3.0,"distribution":"{\"name\": \"IntDistribution\", \"attributes\": {\"log\": false, \"step\": 1, \"low\": 1, \"high\": 3}}"}
{"op_code":5,"worker_id":"8a06ccf6-ea5b-4437-b1d7-a223725b2f88-139952901822272","trial_id":19,"param_name":"nodes","param_value_internal":2,"distribution":"{\"name\": \"CategoricalDistribution\", \"attributes\": {\"choices\": [32, 64, 128]}}"}
{"op_code":5,"worker_id":"8a06ccf6-ea5b-4437-b1d7-a223725b2f88-139952901822272","trial_id":19,"param_name":"alpha","param_value_internal":0.1184255606330909,"distribution":"{\"name\": \"FloatDistribution\", \"attributes\": {\"step\": null, \"low\": 0.0, \"high\": 0.5, \"log\": false}}"}
{"op_code":5,"worker_id":"8a06ccf6-ea5b-4437-b1d7-a223725b2f88-139952901822272","trial_id":19,"param_name":"sigma","param_value_internal":0.16537539754713676,"distribution":"{\"name\": \"FloatDistribution\", \"attributes\": {\"step\": null, \"low\": 0.01, \"high\": 1.0, \"log\": true}}"}
{"op_code":6,"worker_id":"8a06ccf6-ea5b-4437-b1d7-a223725b2f88-139952901822272","trial_id":19,"state":1,"values":[0.6745490854914888],"datetime_complete":"2026-03-26T11:41:48.554224"}
{"op_code":0,"worker_id":"1a710376-6863-4310-8d0f-a87d648921ef-139699157092160","study_name":"deephit_single_tuning","directions":[2]}
{"op_code":4,"worker_id":"1a710376-6863-4310-8d0f-a87d648921ef-139699157092160","study_id":0,"datetime_start":"2026-03-26T16:46:41.987943"}
{"op_code":5,"worker_id":"1a710376-6863-4310-8d0f-a87d648921ef-139699157092160","trial_id":20,"param_name":"lr","param_value_internal":0.00043671482565321506,"distribution":"{\"name\": \"FloatDistribution\", \"attributes\": {\"step\": null, \"low\": 0.0001, \"high\": 0.1, \"log\": true}}"}
{"op_code":5,"worker_id":"1a710376-6863-4310-8d0f-a87d648921ef-139699157092160","trial_id":20,"param_name":"dropout","param_value_internal":0.48134793060408076,"distribution":"{\"name\": \"FloatDistribution\", \"attributes\": {\"step\": null, \"low\": 0.0, \"high\": 0.5, \"log\": false}}"}
{"op_code":5,"worker_id":"1a710376-6863-4310-8d0f-a87d648921ef-139699157092160","trial_id":20,"param_name":"layers","param_value_internal":2.0,"distribution":"{\"name\": \"IntDistribution\", \"attributes\": {\"log\": false, \"step\": 1, \"low\": 1, \"high\": 3}}"}
{"op_code":5,"worker_id":"1a710376-6863-4310-8d0f-a87d648921ef-139699157092160","trial_id":20,"param_name":"nodes","param_value_internal":2,"distribution":"{\"name\": \"CategoricalDistribution\", \"attributes\": {\"choices\": [32, 64, 128]}}"}
{"op_code":5,"worker_id":"1a710376-6863-4310-8d0f-a87d648921ef-139699157092160","trial_id":20,"param_name":"alpha","param_value_internal":0.49618955651248153,"distribution":"{\"name\": \"FloatDistribution\", \"attributes\": {\"step\": null, \"low\": 0.0, \"high\": 0.5, \"log\": false}}"}
{"op_code":5,"worker_id":"1a710376-6863-4310-8d0f-a87d648921ef-139699157092160","trial_id":20,"param_name":"sigma","param_value_internal":0.525292040135835,"distribution":"{\"name\": \"FloatDistribution\", \"attributes\": {\"step\": null, \"low\": 0.01, \"high\": 1.0, \"log\": true}}"}
{"op_code":6,"worker_id":"1a710376-6863-4310-8d0f-a87d648921ef-139699157092160","trial_id":20,"state":1,"values":[0.644879069325134],"datetime_complete":"2026-03-26T16:46:43.985790"}
{"op_code":4,"worker_id":"1a710376-6863-4310-8d0f-a87d648921ef-139699157092160","study_id":0,"datetime_start":"2026-03-26T16:46:44.080780"}
{"op_code":5,"worker_id":"1a710376-6863-4310-8d0f-a87d648921ef-139699157092160","trial_id":21,"param_name":"lr","param_value_internal":0.0007907152768775448,"distribution":"{\"name\": \"FloatDistribution\", \"attributes\": {\"step\": null, \"low\": 0.0001, \"high\": 0.1, \"log\": true}}"}
{"op_code":5,"worker_id":"1a710376-6863-4310-8d0f-a87d648921ef-139699157092160","trial_id":21,"param_name":"dropout","param_value_internal":0.4037181932559752,"distribution":"{\"name\": \"FloatDistribution\", \"attributes\": {\"step\": null, \"low\": 0.0, \"high\": 0.5, \"log\": false}}"}
{"op_code":5,"worker_id":"1a710376-6863-4310-8d0f-a87d648921ef-139699157092160","trial_id":21,"param_name":"layers","param_value_internal":3.0,"distribution":"{\"name\": \"IntDistribution\", \"attributes\": {\"log\": false, \"step\": 1, \"low\": 1, \"high\": 3}}"}
{"op_code":5,"worker_id":"1a710376-6863-4310-8d0f-a87d648921ef-139699157092160","trial_id":21,"param_name":"nodes","param_value_internal":2,"distribution":"{\"name\": \"CategoricalDistribution\", \"attributes\": {\"choices\": [32, 64, 128]}}"}
{"op_code":5,"worker_id":"1a710376-6863-4310-8d0f-a87d648921ef-139699157092160","trial_id":21,"param_name":"alpha","param_value_internal":0.11638376411906554,"distribution":"{\"name\": \"FloatDistribution\", \"attributes\": {\"step\": null, \"low\": 0.0, \"high\": 0.5, \"log\": false}}"}
{"op_code":5,"worker_id":"1a710376-6863-4310-8d0f-a87d648921ef-139699157092160","trial_id":21,"param_name":"sigma","param_value_internal":0.1896808061617381,"distribution":"{\"name\": \"FloatDistribution\", \"attributes\": {\"step\": null, \"low\": 0.01, \"high\": 1.0, \"log\": true}}"}
{"op_code":6,"worker_id":"1a710376-6863-4310-8d0f-a87d648921ef-139699157092160","trial_id":21,"state":1,"values":[0.6687799156813643],"datetime_complete":"2026-03-26T16:46:46.327462"}
{"op_code":4,"worker_id":"1a710376-6863-4310-8d0f-a87d648921ef-139699157092160","study_id":0,"datetime_start":"2026-03-26T16:46:46.360659"}
{"op_code":5,"worker_id":"1a710376-6863-4310-8d0f-a87d648921ef-139699157092160","trial_id":22,"param_name":"lr","param_value_internal":0.00021846200580303876,"distribution":"{\"name\": \"FloatDistribution\", \"attributes\": {\"step\": null, \"low\": 0.0001, \"high\": 0.1, \"log\": true}}"}
{"op_code":5,"worker_id":"1a710376-6863-4310-8d0f-a87d648921ef-139699157092160","trial_id":22,"param_name":"dropout","param_value_internal":0.4079781508324148,"distribution":"{\"name\": \"FloatDistribution\", \"attributes\": {\"step\": null, \"low\": 0.0, \"high\": 0.5, \"log\": false}}"}
{"op_code":5,"worker_id":"1a710376-6863-4310-8d0f-a87d648921ef-139699157092160","trial_id":22,"param_name":"layers","param_value_internal":3.0,"distribution":"{\"name\": \"IntDistribution\", \"attributes\": {\"log\": false, \"step\": 1, \"low\": 1, \"high\": 3}}"}
{"op_code":5,"worker_id":"1a710376-6863-4310-8d0f-a87d648921ef-139699157092160","trial_id":22,"param_name":"nodes","param_value_internal":2,"distribution":"{\"name\": \"CategoricalDistribution\", \"attributes\": {\"choices\": [32, 64, 128]}}"}
{"op_code":5,"worker_id":"1a710376-6863-4310-8d0f-a87d648921ef-139699157092160","trial_id":22,"param_name":"alpha","param_value_internal":0.09760045232685041,"distribution":"{\"name\": \"FloatDistribution\", \"attributes\": {\"step\": null, \"low\": 0.0, \"high\": 0.5, \"log\": false}}"}
{"op_code":5,"worker_id":"1a710376-6863-4310-8d0f-a87d648921ef-139699157092160","trial_id":22,"param_name":"sigma","param_value_internal":0.2093503669283896,"distribution":"{\"name\": \"FloatDistribution\", \"attributes\": {\"step\": null, \"low\": 0.01, \"high\": 1.0, \"log\": true}}"}
{"op_code":6,"worker_id":"1a710376-6863-4310-8d0f-a87d648921ef-139699157092160","trial_id":22,"state":1,"values":[0.6666877991568136],"datetime_complete":"2026-03-26T16:46:48.535868"}
{"op_code":4,"worker_id":"1a710376-6863-4310-8d0f-a87d648921ef-139699157092160","study_id":0,"datetime_start":"2026-03-26T16:46:48.574162"}
{"op_code":5,"worker_id":"1a710376-6863-4310-8d0f-a87d648921ef-139699157092160","trial_id":23,"param_name":"lr","param_value_internal":0.0008340348581538687,"distribution":"{\"name\": \"FloatDistribution\", \"attributes\": {\"step\": null, \"low\": 0.0001, \"high\": 0.1, \"log\": true}}"}
{"op_code":5,"worker_id":"1a710376-6863-4310-8d0f-a87d648921ef-139699157092160","trial_id":23,"param_name":"dropout","param_value_internal":0.42598124829013984,"distribution":"{\"name\": \"FloatDistribution\", \"attributes\": {\"step\": null, \"low\": 0.0, \"high\": 0.5, \"log\": false}}"}
{"op_code":5,"worker_id":"1a710376-6863-4310-8d0f-a87d648921ef-139699157092160","trial_id":23,"param_name":"layers","param_value_internal":3.0,"distribution":"{\"name\": \"IntDistribution\", \"attributes\": {\"log\": false, \"step\": 1, \"low\": 1, \"high\": 3}}"}
{"op_code":5,"worker_id":"1a710376-6863-4310-8d0f-a87d648921ef-139699157092160","trial_id":23,"param_name":"nodes","param_value_internal":2,"distribution":"{\"name\": \"CategoricalDistribution\", \"attributes\": {\"choices\": [32, 64, 128]}}"}
{"op_code":5,"worker_id":"1a710376-6863-4310-8d0f-a87d648921ef-139699157092160","trial_id":23,"param_name":"alpha","param_value_internal":0.09866446260523894,"distribution":"{\"name\": \"FloatDistribution\", \"attributes\": {\"step\": null, \"low\": 0.0, \"high\": 0.5, \"log\": false}}"}
{"op_code":5,"worker_id":"1a710376-6863-4310-8d0f-a87d648921ef-139699157092160","trial_id":23,"param_name":"sigma","param_value_internal":0.23785857538127772,"distribution":"{\"name\": \"FloatDistribution\", \"attributes\": {\"step\": null, \"low\": 0.01, \"high\": 1.0, \"log\": true}}"}
{"op_code":6,"worker_id":"1a710376-6863-4310-8d0f-a87d648921ef-139699157092160","trial_id":23,"state":1,"values":[0.6624084699020509],"datetime_complete":"2026-03-26T16:46:50.745059"}
{"op_code":4,"worker_id":"1a710376-6863-4310-8d0f-a87d648921ef-139699157092160","study_id":0,"datetime_start":"2026-03-26T16:46:50.763932"}
{"op_code":5,"worker_id":"1a710376-6863-4310-8d0f-a87d648921ef-139699157092160","trial_id":24,"param_name":"lr","param_value_internal":0.00028347787728395335,"distribution":"{\"name\": \"FloatDistribution\", \"attributes\": {\"step\": null, \"low\": 0.0001, \"high\": 0.1, \"log\": true}}"}
{"op_code":5,"worker_id":"1a710376-6863-4310-8d0f-a87d648921ef-139699157092160","trial_id":24,"param_name":"dropout","param_value_internal":0.3991924350368039,"distribution":"{\"name\": \"FloatDistribution\", \"attributes\": {\"step\": null, \"low\": 0.0, \"high\": 0.5, \"log\": false}}"}
{"op_code":5,"worker_id":"1a710376-6863-4310-8d0f-a87d648921ef-139699157092160","trial_id":24,"param_name":"layers","param_value_internal":3.0,"distribution":"{\"name\": \"IntDistribution\", \"attributes\": {\"log\": false, \"step\": 1, \"low\": 1, \"high\": 3}}"}
{"op_code":5,"worker_id":"1a710376-6863-4310-8d0f-a87d648921ef-139699157092160","trial_id":24,"param_name":"nodes","param_value_internal":2,"distribution":"{\"name\": \"CategoricalDistribution\", \"attributes\": {\"choices\": [32, 64, 128]}}"}
{"op_code":5,"worker_id":"1a710376-6863-4310-8d0f-a87d648921ef-139699157092160","trial_id":24,"param_name":"alpha","param_value_internal":0.04141391193918084,"distribution":"{\"name\": \"FloatDistribution\", \"attributes\": {\"step\": null, \"low\": 0.0, \"high\": 0.5, \"log\": false}}"}
{"op_code":5,"worker_id":"1a710376-6863-4310-8d0f-a87d648921ef-139699157092160","trial_id":24,"param_name":"sigma","param_value_internal":0.17551916363178446,"distribution":"{\"name\": \"FloatDistribution\", \"attributes\": {\"step\": null, \"low\": 0.01, \"high\": 1.0, \"log\": true}}"}
{"op_code":6,"worker_id":"1a710376-6863-4310-8d0f-a87d648921ef-139699157092160","trial_id":24,"state":1,"values":[0.6498240720195264],"datetime_complete":"2026-03-26T16:46:52.963763"}
{"op_code":4,"worker_id":"1a710376-6863-4310-8d0f-a87d648921ef-139699157092160","study_id":0,"datetime_start":"2026-03-26T16:46:54.138359"}
{"op_code":5,"worker_id":"1a710376-6863-4310-8d0f-a87d648921ef-139699157092160","trial_id":25,"param_name":"lr","param_value_internal":0.00045437124783178734,"distribution":"{\"name\": \"FloatDistribution\", \"attributes\": {\"step\": null, \"low\": 0.0001, \"high\": 0.1, \"log\": true}}"}
{"op_code":5,"worker_id":"1a710376-6863-4310-8d0f-a87d648921ef-139699157092160","trial_id":25,"param_name":"dropout","param_value_internal":0.44160297204467014,"distribution":"{\"name\": \"FloatDistribution\", \"attributes\": {\"step\": null, \"low\": 0.0, \"high\": 0.5, \"log\": false}}"}
{"op_code":5,"worker_id":"1a710376-6863-4310-8d0f-a87d648921ef-139699157092160","trial_id":25,"param_name":"layers","param_value_internal":3.0,"distribution":"{\"name\": \"IntDistribution\", \"attributes\": {\"log\": false, \"step\": 1, \"low\": 1, \"high\": 3}}"}
{"op_code":5,"worker_id":"1a710376-6863-4310-8d0f-a87d648921ef-139699157092160","trial_id":25,"param_name":"nodes","param_value_internal":2,"distribution":"{\"name\": \"CategoricalDistribution\", \"attributes\": {\"choices\": [32, 64, 128]}}"}
{"op_code":5,"worker_id":"1a710376-6863-4310-8d0f-a87d648921ef-139699157092160","trial_id":25,"param_name":"alpha","param_value_internal":0.12077929873603162,"distribution":"{\"name\": \"FloatDistribution\", \"attributes\": {\"step\": null, \"low\": 0.0, \"high\": 0.5, \"log\": false}}"}
{"op_code":5,"worker_id":"1a710376-6863-4310-8d0f-a87d648921ef-139699157092160","trial_id":25,"param_name":"sigma","param_value_internal":0.05892351191178652,"distribution":"{\"name\": \"FloatDistribution\", \"attributes\": {\"step\": null, \"low\": 0.01, \"high\": 1.0, \"log\": true}}"}
{"op_code":6,"worker_id":"1a710376-6863-4310-8d0f-a87d648921ef-139699157092160","trial_id":25,"state":1,"values":[0.5862364091672743],"datetime_complete":"2026-03-26T16:46:56.272590"}
{"op_code":4,"worker_id":"1a710376-6863-4310-8d0f-a87d648921ef-139699157092160","study_id":0,"datetime_start":"2026-03-26T16:46:56.288009"}
{"op_code":5,"worker_id":"1a710376-6863-4310-8d0f-a87d648921ef-139699157092160","trial_id":26,"param_name":"lr","param_value_internal":0.0011883818709583235,"distribution":"{\"name\": \"FloatDistribution\", \"attributes\": {\"step\": null, \"low\": 0.0001, \"high\": 0.1, \"log\": true}}"}
{"op_code":5,"worker_id":"1a710376-6863-4310-8d0f-a87d648921ef-139699157092160","trial_id":26,"param_name":"dropout","param_value_internal":0.32141239788862214,"distribution":"{\"name\": \"FloatDistribution\", \"attributes\": {\"step\": null, \"low\": 0.0, \"high\": 0.5, \"log\": false}}"}
{"op_code":5,"worker_id":"1a710376-6863-4310-8d0f-a87d648921ef-139699157092160","trial_id":26,"param_name":"layers","param_value_internal":3.0,"distribution":"{\"name\": \"IntDistribution\", \"attributes\": {\"log\": false, \"step\": 1, \"low\": 1, \"high\": 3}}"}
{"op_code":5,"worker_id":"1a710376-6863-4310-8d0f-a87d648921ef-139699157092160","trial_id":26,"param_name":"nodes","param_value_internal":2,"distribution":"{\"name\": \"CategoricalDistribution\", \"attributes\": {\"choices\": [32, 64, 128]}}"}
{"op_code":5,"worker_id":"1a710376-6863-4310-8d0f-a87d648921ef-139699157092160","trial_id":26,"param_name":"alpha","param_value_internal":0.049026990451245256,"distribution":"{\"name\": \"FloatDistribution\", \"attributes\": {\"step\": null, \"low\": 0.0, \"high\": 0.5, \"log\": false}}"}
{"op_code":5,"worker_id":"1a710376-6863-4310-8d0f-a87d648921ef-139699157092160","trial_id":26,"param_name":"sigma","param_value_internal":0.1098154501413547,"distribution":"{\"name\": \"FloatDistribution\", \"attributes\": {\"step\": null, \"low\": 0.01, \"high\": 1.0, \"log\": true}}"}
{"op_code":6,"worker_id":"1a710376-6863-4310-8d0f-a87d648921ef-139699157092160","trial_id":26,"state":1,"values":[0.6687799156813643],"datetime_complete":"2026-03-26T16:46:58.429820"}
{"op_code":4,"worker_id":"1a710376-6863-4310-8d0f-a87d648921ef-139699157092160","study_id":0,"datetime_start":"2026-03-26T16:46:58.723738"}
{"op_code":5,"worker_id":"1a710376-6863-4310-8d0f-a87d648921ef-139699157092160","trial_id":27,"param_name":"lr","param_value_internal":0.00113686951444014,"distribution":"{\"name\": \"FloatDistribution\", \"attributes\": {\"step\": null, \"low\": 0.0001, \"high\": 0.1, \"log\": true}}"}
{"op_code":5,"worker_id":"1a710376-6863-4310-8d0f-a87d648921ef-139699157092160","trial_id":27,"param_name":"dropout","param_value_internal":0.3198648277570131,"distribution":"{\"name\": \"FloatDistribution\", \"attributes\": {\"step\": null, \"low\": 0.0, \"high\": 0.5, \"log\": false}}"}
{"op_code":5,"worker_id":"1a710376-6863-4310-8d0f-a87d648921ef-139699157092160","trial_id":27,"param_name":"layers","param_value_internal":3.0,"distribution":"{\"name\": \"IntDistribution\", \"attributes\": {\"log\": false, \"step\": 1, \"low\": 1, \"high\": 3}}"}
{"op_code":5,"worker_id":"1a710376-6863-4310-8d0f-a87d648921ef-139699157092160","trial_id":27,"param_name":"nodes","param_value_internal":2,"distribution":"{\"name\": \"CategoricalDistribution\", \"attributes\": {\"choices\": [32, 64, 128]}}"}
{"op_code":5,"worker_id":"1a710376-6863-4310-8d0f-a87d648921ef-139699157092160","trial_id":27,"param_name":"alpha","param_value_internal":0.04489912589463781,"distribution":"{\"name\": \"FloatDistribution\", \"attributes\": {\"step\": null, \"low\": 0.0, \"high\": 0.5, \"log\": false}}"}
{"op_code":5,"worker_id":"1a710376-6863-4310-8d0f-a87d648921ef-139699157092160","trial_id":27,"param_name":"sigma","param_value_internal":0.04318920705086426,"distribution":"{\"name\": \"FloatDistribution\", \"attributes\": {\"step\": null, \"low\": 0.01, \"high\": 1.0, \"log\": true}}"}
{"op_code":6,"worker_id":"1a710376-6863-4310-8d0f-a87d648921ef-139699157092160","trial_id":27,"state":1,"values":[0.6326433575300345],"datetime_complete":"2026-03-26T16:47:00.922703"}
{"op_code":4,"worker_id":"1a710376-6863-4310-8d0f-a87d648921ef-139699157092160","study_id":0,"datetime_start":"2026-03-26T16:47:00.939734"}
{"op_code":5,"worker_id":"1a710376-6863-4310-8d0f-a87d648921ef-139699157092160","trial_id":28,"param_name":"lr","param_value_internal":0.002467605871841201,"distribution":"{\"name\": \"FloatDistribution\", \"attributes\": {\"step\": null, \"low\": 0.0001, \"high\": 0.1, \"log\": true}}"}
{"op_code":5,"worker_id":"1a710376-6863-4310-8d0f-a87d648921ef-139699157092160","trial_id":28,"param_name":"dropout","param_value_internal":0.3605006598873969,"distribution":"{\"name\": \"FloatDistribution\", \"attributes\": {\"step\": null, \"low\": 0.0, \"high\": 0.5, \"log\": false}}"}
{"op_code":5,"worker_id":"1a710376-6863-4310-8d0f-a87d648921ef-139699157092160","trial_id":28,"param_name":"layers","param_value_internal":3.0,"distribution":"{\"name\": \"IntDistribution\", \"attributes\": {\"log\": false, \"step\": 1, \"low\": 1, \"high\": 3}}"}
{"op_code":5,"worker_id":"1a710376-6863-4310-8d0f-a87d648921ef-139699157092160","trial_id":28,"param_name":"nodes","param_value_internal":2,"distribution":"{\"name\": \"CategoricalDistribution\", \"attributes\": {\"choices\": [32, 64, 128]}}"}
{"op_code":5,"worker_id":"1a710376-6863-4310-8d0f-a87d648921ef-139699157092160","trial_id":28,"param_name":"alpha","param_value_internal":0.0006899559502286517,"distribution":"{\"name\": \"FloatDistribution\", \"attributes\": {\"step\": null, \"low\": 0.0, \"high\": 0.5, \"log\": false}}"}
{"op_code":5,"worker_id":"1a710376-6863-4310-8d0f-a87d648921ef-139699157092160","trial_id":28,"param_name":"sigma","param_value_internal":0.10740403496962873,"distribution":"{\"name\": \"FloatDistribution\", \"attributes\": {\"step\": null, \"low\": 0.01, \"high\": 1.0, \"log\": true}}"}
{"op_code":6,"worker_id":"1a710376-6863-4310-8d0f-a87d648921ef-139699157092160","trial_id":28,"state":1,"values":[0.6735664246996544],"datetime_complete":"2026-03-26T16:47:03.105371"}
{"op_code":4,"worker_id":"1a710376-6863-4310-8d0f-a87d648921ef-139699157092160","study_id":0,"datetime_start":"2026-03-26T16:47:03.127304"}
{"op_code":5,"worker_id":"1a710376-6863-4310-8d0f-a87d648921ef-139699157092160","trial_id":29,"param_name":"lr","param_value_internal":0.00240018497789039,"distribution":"{\"name\": \"FloatDistribution\", \"attributes\": {\"step\": null, \"low\": 0.0001, \"high\": 0.1, \"log\": true}}"}
{"op_code":5,"worker_id":"1a710376-6863-4310-8d0f-a87d648921ef-139699157092160","trial_id":29,"param_name":"dropout","param_value_internal":0.3667790984838347,"distribution":"{\"name\": \"FloatDistribution\", \"attributes\": {\"step\": null, \"low\": 0.0, \"high\": 0.5, \"log\": false}}"}
{"op_code":5,"worker_id":"1a710376-6863-4310-8d0f-a87d648921ef-139699157092160","trial_id":29,"param_name":"layers","param_value_internal":3.0,"distribution":"{\"name\": \"IntDistribution\", \"attributes\": {\"log\": false, \"step\": 1, \"low\": 1, \"high\": 3}}"}
{"op_code":5,"worker_id":"1a710376-6863-4310-8d0f-a87d648921ef-139699157092160","trial_id":29,"param_name":"nodes","param_value_internal":2,"distribution":"{\"name\": \"CategoricalDistribution\", \"attributes\": {\"choices\": [32, 64, 128]}}"}
{"op_code":5,"worker_id":"1a710376-6863-4310-8d0f-a87d648921ef-139699157092160","trial_id":29,"param_name":"alpha","param_value_internal":0.0001519234722236057,"distribution":"{\"name\": \"FloatDistribution\", \"attributes\": {\"step\": null, \"low\": 0.0, \"high\": 0.5, \"log\": false}}"}
{"op_code":5,"worker_id":"1a710376-6863-4310-8d0f-a87d648921ef-139699157092160","trial_id":29,"param_name":"sigma","param_value_internal":0.11725383952321031,"distribution":"{\"name\": \"FloatDistribution\", \"attributes\": {\"step\": null, \"low\": 0.01, \"high\": 1.0, \"log\": true}}"}
{"op_code":6,"worker_id":"1a710376-6863-4310-8d0f-a87d648921ef-139699157092160","trial_id":29,"state":1,"values":[0.6744539892858274],"datetime_complete":"2026-03-26T16:47:05.287639"}
{"op_code":4,"worker_id":"1a710376-6863-4310-8d0f-a87d648921ef-139699157092160","study_id":0,"datetime_start":"2026-03-26T16:47:05.316128"}
{"op_code":5,"worker_id":"1a710376-6863-4310-8d0f-a87d648921ef-139699157092160","trial_id":30,"param_name":"lr","param_value_internal":0.0027256900688121654,"distribution":"{\"name\": \"FloatDistribution\", \"attributes\": {\"step\": null, \"low\": 0.0001, \"high\": 0.1, \"log\": true}}"}
{"op_code":5,"worker_id":"1a710376-6863-4310-8d0f-a87d648921ef-139699157092160","trial_id":30,"param_name":"dropout","param_value_internal":0.3616397050203123,"distribution":"{\"name\": \"FloatDistribution\", \"attributes\": {\"step\": null, \"low\": 0.0, \"high\": 0.5, \"log\": false}}"}
{"op_code":5,"worker_id":"1a710376-6863-4310-8d0f-a87d648921ef-139699157092160","trial_id":30,"param_name":"layers","param_value_internal":3.0,"distribution":"{\"name\": \"IntDistribution\", \"attributes\": {\"log\": false, \"step\": 1, \"low\": 1, \"high\": 3}}"}
{"op_code":5,"worker_id":"1a710376-6863-4310-8d0f-a87d648921ef-139699157092160","trial_id":30,"param_name":"nodes","param_value_internal":2,"distribution":"{\"name\": \"CategoricalDistribution\", \"attributes\": {\"choices\": [32, 64, 128]}}"}
{"op_code":5,"worker_id":"1a710376-6863-4310-8d0f-a87d648921ef-139699157092160","trial_id":30,"param_name":"alpha","param_value_internal":0.003026973484508028,"distribution":"{\"name\": \"FloatDistribution\", \"attributes\": {\"step\": null, \"low\": 0.0, \"high\": 0.5, \"log\": false}}"}
{"op_code":5,"worker_id":"1a710376-6863-4310-8d0f-a87d648921ef-139699157092160","trial_id":30,"param_name":"sigma","param_value_internal":0.10750634784050163,"distribution":"{\"name\": \"FloatDistribution\", \"attributes\": {\"step\": null, \"low\": 0.01, \"high\": 1.0, \"log\": true}}"}
{"op_code":6,"worker_id":"1a710376-6863-4310-8d0f-a87d648921ef-139699157092160","trial_id":30,"state":1,"values":[0.6563223127397216],"datetime_complete":"2026-03-26T16:47:07.507065"}
{"op_code":4,"worker_id":"1a710376-6863-4310-8d0f-a87d648921ef-139699157092160","study_id":0,"datetime_start":"2026-03-26T16:47:07.529835"}
{"op_code":5,"worker_id":"1a710376-6863-4310-8d0f-a87d648921ef-139699157092160","trial_id":31,"param_name":"lr","param_value_internal":0.00277451753412652,"distribution":"{\"name\": \"FloatDistribution\", \"attributes\": {\"step\": null, \"low\": 0.0001, \"high\": 0.1, \"log\": true}}"}
{"op_code":5,"worker_id":"1a710376-6863-4310-8d0f-a87d648921ef-139699157092160","trial_id":31,"param_name":"dropout","param_value_internal":0.4511082110120671,"distribution":"{\"name\": \"FloatDistribution\", \"attributes\": {\"step\": null, \"low\": 0.0, \"high\": 0.5, \"log\": false}}"}
{"op_code":5,"worker_id":"1a710376-6863-4310-8d0f-a87d648921ef-139699157092160","trial_id":31,"param_name":"layers","param_value_internal":3.0,"distribution":"{\"name\": \"IntDistribution\", \"attributes\": {\"log\": false, \"step\": 1, \"low\": 1, \"high\": 3}}"}
{"op_code":5,"worker_id":"1a710376-6863-4310-8d0f-a87d648921ef-139699157092160","trial_id":31,"param_name":"nodes","param_value_internal":2,"distribution":"{\"name\": \"CategoricalDistribution\", \"attributes\": {\"choices\": [32, 64, 128]}}"}
{"op_code":5,"worker_id":"1a710376-6863-4310-8d0f-a87d648921ef-139699157092160","trial_id":31,"param_name":"alpha","param_value_internal":0.13177723158008314,"distribution":"{\"name\": \"FloatDistribution\", \"attributes\": {\"step\": null, \"low\": 0.0, \"high\": 0.5, \"log\": false}}"}
{"op_code":5,"worker_id":"1a710376-6863-4310-8d0f-a87d648921ef-139699157092160","trial_id":31,"param_name":"sigma","param_value_internal":0.11995090779260732,"distribution":"{\"name\": \"FloatDistribution\", \"attributes\": {\"step\": null, \"low\": 0.01, \"high\": 1.0, \"log\": true}}"}
{"op_code":6,"worker_id":"1a710376-6863-4310-8d0f-a87d648921ef-139699157092160","trial_id":31,"state":1,"values":[0.6507433353409199],"datetime_complete":"2026-03-26T16:47:09.739113"}
{"op_code":4,"worker_id":"1a710376-6863-4310-8d0f-a87d648921ef-139699157092160","study_id":0,"datetime_start":"2026-03-26T16:47:09.754442"}
{"op_code":5,"worker_id":"1a710376-6863-4310-8d0f-a87d648921ef-139699157092160","trial_id":32,"param_name":"lr","param_value_internal":0.0046436252304483,"distribution":"{\"name\": \"FloatDistribution\", \"attributes\": {\"step\": null, \"low\": 0.0001, \"high\": 0.1, \"log\": true}}"}
{"op_code":5,"worker_id":"1a710376-6863-4310-8d0f-a87d648921ef-139699157092160","trial_id":32,"param_name":"dropout","param_value_internal":0.48868404543415633,"distribution":"{\"name\": \"FloatDistribution\", \"attributes\": {\"step\": null, \"low\": 0.0, \"high\": 0.5, \"log\": false}}"}
{"op_code":5,"worker_id":"1a710376-6863-4310-8d0f-a87d648921ef-139699157092160","trial_id":32,"param_name":"layers","param_value_internal":3.0,"distribution":"{\"name\": \"IntDistribution\", \"attributes\": {\"log\": false, \"step\": 1, \"low\": 1, \"high\": 3}}"}
{"op_code":5,"worker_id":"1a710376-6863-4310-8d0f-a87d648921ef-139699157092160","trial_id":32,"param_name":"nodes","param_value_internal":2,"distribution":"{\"name\": \"CategoricalDistribution\", \"attributes\": {\"choices\": [32, 64, 128]}}"}
{"op_code":5,"worker_id":"1a710376-6863-4310-8d0f-a87d648921ef-139699157092160","trial_id":32,"param_name":"alpha","param_value_internal":0.020261324508533927,"distribution":"{\"name\": \"FloatDistribution\", \"attributes\": {\"step\": null, \"low\": 0.0, \"high\": 0.5, \"log\": false}}"}
{"op_code":5,"worker_id":"1a710376-6863-4310-8d0f-a87d648921ef-139699157092160","trial_id":32,"param_name":"sigma","param_value_internal":0.33855170350014124,"distribution":"{\"name\": \"FloatDistribution\", \"attributes\": {\"step\": null, \"low\": 0.01, \"high\": 1.0, \"log\": true}}"}
{"op_code":6,"worker_id":"1a710376-6863-4310-8d0f-a87d648921ef-139699157092160","trial_id":32,"state":1,"values":[0.6569245887089105],"datetime_complete":"2026-03-26T16:47:12.078620"}
{"op_code":4,"worker_id":"1a710376-6863-4310-8d0f-a87d648921ef-139699157092160","study_id":0,"datetime_start":"2026-03-26T16:47:12.096973"}
{"op_code":5,"worker_id":"1a710376-6863-4310-8d0f-a87d648921ef-139699157092160","trial_id":33,"param_name":"lr","param_value_internal":0.0007277312195320379,"distribution":"{\"name\": \"FloatDistribution\", \"attributes\": {\"step\": null, \"low\": 0.0001, \"high\": 0.1, \"log\": true}}"}
{"op_code":5,"worker_id":"1a710376-6863-4310-8d0f-a87d648921ef-139699157092160","trial_id":33,"param_name":"dropout","param_value_internal":0.28532419319794144,"distribution":"{\"name\": \"FloatDistribution\", \"attributes\": {\"step\": null, \"low\": 0.0, \"high\": 0.5, \"log\": false}}"}
{"op_code":5,"worker_id":"1a710376-6863-4310-8d0f-a87d648921ef-139699157092160","trial_id":33,"param_name":"layers","param_value_internal":3.0,"distribution":"{\"name\": \"IntDistribution\", \"attributes\": {\"log\": false, \"step\": 1, \"low\": 1, \"high\": 3}}"}
{"op_code":5,"worker_id":"1a710376-6863-4310-8d0f-a87d648921ef-139699157092160","trial_id":33,"param_name":"nodes","param_value_internal":2,"distribution":"{\"name\": \"CategoricalDistribution\", \"attributes\": {\"choices\": [32, 64, 128]}}"}
{"op_code":5,"worker_id":"1a710376-6863-4310-8d0f-a87d648921ef-139699157092160","trial_id":33,"param_name":"alpha","param_value_internal":0.06429792691256386,"distribution":"{\"name\": \"FloatDistribution\", \"attributes\": {\"step\": null, \"low\": 0.0, \"high\": 0.5, \"log\": false}}"}
{"op_code":5,"worker_id":"1a710376-6863-4310-8d0f-a87d648921ef-139699157092160","trial_id":33,"param_name":"sigma","param_value_internal":0.1859895172154618,"distribution":"{\"name\": \"FloatDistribution\", \"attributes\": {\"step\": null, \"low\": 0.01, \"high\": 1.0, \"log\": true}}"}
{"op_code":6,"worker_id":"1a710376-6863-4310-8d0f-a87d648921ef-139699157092160","trial_id":33,"state":1,"values":[0.6615526040510984],"datetime_complete":"2026-03-26T16:47:14.245874"}
{"op_code":4,"worker_id":"1a710376-6863-4310-8d0f-a87d648921ef-139699157092160","study_id":0,"datetime_start":"2026-03-26T16:47:14.299058"}
{"op_code":5,"worker_id":"1a710376-6863-4310-8d0f-a87d648921ef-139699157092160","trial_id":34,"param_name":"lr","param_value_internal":0.0069274558162192084,"distribution":"{\"name\": \"FloatDistribution\", \"attributes\": {\"step\": null, \"low\": 0.0001, \"high\": 0.1, \"log\": true}}"}
{"op_code":5,"worker_id":"1a710376-6863-4310-8d0f-a87d648921ef-139699157092160","trial_id":34,"param_name":"dropout","param_value_internal":0.37725162065924034,"distribution":"{\"name\": \"FloatDistribution\", \"attributes\": {\"step\": null, \"low\": 0.0, \"high\": 0.5, \"log\": false}}"}
{"op_code":5,"worker_id":"1a710376-6863-4310-8d0f-a87d648921ef-139699157092160","trial_id":34,"param_name":"layers","param_value_internal":3.0,"distribution":"{\"name\": \"IntDistribution\", \"attributes\": {\"log\": false, \"step\": 1, \"low\": 1, \"high\": 3}}"}
{"op_code":5,"worker_id":"1a710376-6863-4310-8d0f-a87d648921ef-139699157092160","trial_id":34,"param_name":"nodes","param_value_internal":2,"distribution":"{\"name\": \"CategoricalDistribution\", \"attributes\": {\"choices\": [32, 64, 128]}}"}
{"op_code":5,"worker_id":"1a710376-6863-4310-8d0f-a87d648921ef-139699157092160","trial_id":34,"param_name":"alpha","param_value_internal":0.1871779473452736,"distribution":"{\"name\": \"FloatDistribution\", \"attributes\": {\"step\": null, \"low\": 0.0, \"high\": 0.5, \"log\": false}}"}
{"op_code":5,"worker_id":"1a710376-6863-4310-8d0f-a87d648921ef-139699157092160","trial_id":34,"param_name":"sigma","param_value_internal":0.08223372653484073,"distribution":"{\"name\": \"FloatDistribution\", \"attributes\": {\"step\": null, \"low\": 0.01, \"high\": 1.0, \"log\": true}}"}
{"op_code":6,"worker_id":"1a710376-6863-4310-8d0f-a87d648921ef-139699157092160","trial_id":34,"state":1,"values":[0.6390465020445685],"datetime_complete":"2026-03-26T16:47:16.548900"}
{"op_code":4,"worker_id":"1a710376-6863-4310-8d0f-a87d648921ef-139699157092160","study_id":0,"datetime_start":"2026-03-26T16:47:16.562850"}
{"op_code":5,"worker_id":"1a710376-6863-4310-8d0f-a87d648921ef-139699157092160","trial_id":35,"param_name":"lr","param_value_internal":0.0016943513857587387,"distribution":"{\"name\": \"FloatDistribution\", \"attributes\": {\"step\": null, \"low\": 0.0001, \"high\": 0.1, \"log\": true}}"}
{"op_code":5,"worker_id":"1a710376-6863-4310-8d0f-a87d648921ef-139699157092160","trial_id":35,"param_name":"dropout","param_value_internal":0.4221165291429157,"distribution":"{\"name\": \"FloatDistribution\", \"attributes\": {\"step\": null, \"low\": 0.0, \"high\": 0.5, \"log\": false}}"}
{"op_code":5,"worker_id":"1a710376-6863-4310-8d0f-a87d648921ef-139699157092160","trial_id":35,"param_name":"layers","param_value_internal":3.0,"distribution":"{\"name\": \"IntDistribution\", \"attributes\": {\"log\": false, \"step\": 1, \"low\": 1, \"high\": 3}}"}
{"op_code":5,"worker_id":"1a710376-6863-4310-8d0f-a87d648921ef-139699157092160","trial_id":35,"param_name":"nodes","param_value_internal":2,"distribution":"{\"name\": \"CategoricalDistribution\", \"attributes\": {\"choices\": [32, 64, 128]}}"}
{"op_code":5,"worker_id":"1a710376-6863-4310-8d0f-a87d648921ef-139699157092160","trial_id":35,"param_name":"alpha","param_value_internal":0.13680382263310578,"distribution":"{\"name\": \"FloatDistribution\", \"attributes\": {\"step\": null, \"low\": 0.0, \"high\": 0.5, \"log\": false}}"}
{"op_code":5,"worker_id":"1a710376-6863-4310-8d0f-a87d648921ef-139699157092160","trial_id":35,"param_name":"sigma","param_value_internal":0.06640532342209933,"distribution":"{\"name\": \"FloatDistribution\", \"attributes\": {\"step\": null, \"low\": 0.01, \"high\": 1.0, \"log\": true}}"}
{"op_code":6,"worker_id":"1a710376-6863-4310-8d0f-a87d648921ef-139699157092160","trial_id":35,"state":1,"values":[0.6402510539829461],"datetime_complete":"2026-03-26T16:47:18.692712"}
{"op_code":4,"worker_id":"1a710376-6863-4310-8d0f-a87d648921ef-139699157092160","study_id":0,"datetime_start":"2026-03-26T16:47:18.718672"}
{"op_code":5,"worker_id":"1a710376-6863-4310-8d0f-a87d648921ef-139699157092160","trial_id":36,"param_name":"lr","param_value_internal":0.0005608199593475591,"distribution":"{\"name\": \"FloatDistribution\", \"attributes\": {\"step\": null, \"low\": 0.0001, \"high\": 0.1, \"log\": true}}"}
{"op_code":5,"worker_id":"1a710376-6863-4310-8d0f-a87d648921ef-139699157092160","trial_id":36,"param_name":"dropout","param_value_internal":0.34088918145385627,"distribution":"{\"name\": \"FloatDistribution\", \"attributes\": {\"step\": null, \"low\": 0.0, \"high\": 0.5, \"log\": false}}"}
{"op_code":5,"worker_id":"1a710376-6863-4310-8d0f-a87d648921ef-139699157092160","trial_id":36,"param_name":"layers","param_value_internal":3.0,"distribution":"{\"name\": \"IntDistribution\", \"attributes\": {\"log\": false, \"step\": 1, \"low\": 1, \"high\": 3}}"}
{"op_code":5,"worker_id":"1a710376-6863-4310-8d0f-a87d648921ef-139699157092160","trial_id":36,"param_name":"nodes","param_value_internal":2,"distribution":"{\"name\": \"CategoricalDistribution\", \"attributes\": {\"choices\": [32, 64, 128]}}"}
{"op_code":5,"worker_id":"1a710376-6863-4310-8d0f-a87d648921ef-139699157092160","trial_id":36,"param_name":"alpha","param_value_internal":0.07151765919950691,"distribution":"{\"name\": \"FloatDistribution\", \"attributes\": {\"step\": null, \"low\": 0.0, \"high\": 0.5, \"log\": false}}"}
{"op_code":5,"worker_id":"1a710376-6863-4310-8d0f-a87d648921ef-139699157092160","trial_id":36,"param_name":"sigma","param_value_internal":0.14154372330875095,"distribution":"{\"name\": \"FloatDistribution\", \"attributes\": {\"step\": null, \"low\": 0.01, \"high\": 1.0, \"log\": true}}"}
{"op_code":6,"worker_id":"1a710376-6863-4310-8d0f-a87d648921ef-139699157092160","trial_id":36,"state":1,"values":[0.6589533077630203],"datetime_complete":"2026-03-26T16:47:20.982775"}
{"op_code":4,"worker_id":"1a710376-6863-4310-8d0f-a87d648921ef-139699157092160","study_id":0,"datetime_start":"2026-03-26T16:47:21.015223"}
{"op_code":5,"worker_id":"1a710376-6863-4310-8d0f-a87d648921ef-139699157092160","trial_id":37,"param_name":"lr","param_value_internal":0.010136872196821974,"distribution":"{\"name\": \"FloatDistribution\", \"attributes\": {\"step\": null, \"low\": 0.0001, \"high\": 0.1, \"log\": true}}"}
{"op_code":5,"worker_id":"1a710376-6863-4310-8d0f-a87d648921ef-139699157092160","trial_id":37,"param_name":"dropout","param_value_internal":0.2996314584375192,"distribution":"{\"name\": \"FloatDistribution\", \"attributes\": {\"step\": null, \"low\": 0.0, \"high\": 0.5, \"log\": false}}"}
{"op_code":5,"worker_id":"1a710376-6863-4310-8d0f-a87d648921ef-139699157092160","trial_id":37,"param_name":"layers","param_value_internal":2.0,"distribution":"{\"name\": \"IntDistribution\", \"attributes\": {\"log\": false, \"step\": 1, \"low\": 1, \"high\": 3}}"}
{"op_code":5,"worker_id":"1a710376-6863-4310-8d0f-a87d648921ef-139699157092160","trial_id":37,"param_name":"nodes","param_value_internal":2,"distribution":"{\"name\": \"CategoricalDistribution\", \"attributes\": {\"choices\": [32, 64, 128]}}"}
{"op_code":5,"worker_id":"1a710376-6863-4310-8d0f-a87d648921ef-139699157092160","trial_id":37,"param_name":"alpha","param_value_internal":0.02708874661762327,"distribution":"{\"name\": \"FloatDistribution\", \"attributes\": {\"step\": null, \"low\": 0.0, \"high\": 0.5, \"log\": false}}"}
{"op_code":5,"worker_id":"1a710376-6863-4310-8d0f-a87d648921ef-139699157092160","trial_id":37,"param_name":"sigma","param_value_internal":0.28110358386444606,"distribution":"{\"name\": \"FloatDistribution\", \"attributes\": {\"step\": null, \"low\": 0.01, \"high\": 1.0, \"log\": true}}"}
{"op_code":6,"worker_id":"1a710376-6863-4310-8d0f-a87d648921ef-139699157092160","trial_id":37,"state":1,"values":[0.6507116366056994],"datetime_complete":"2026-03-26T16:47:23.025893"}
{"op_code":4,"worker_id":"1a710376-6863-4310-8d0f-a87d648921ef-139699157092160","study_id":0,"datetime_start":"2026-03-26T16:47:23.086975"}
{"op_code":5,"worker_id":"1a710376-6863-4310-8d0f-a87d648921ef-139699157092160","trial_id":38,"param_name":"lr","param_value_internal":0.0030868219863599464,"distribution":"{\"name\": \"FloatDistribution\", \"attributes\": {\"step\": null, \"low\": 0.0001, \"high\": 0.1, \"log\": true}}"}
{"op_code":5,"worker_id":"1a710376-6863-4310-8d0f-a87d648921ef-139699157092160","trial_id":38,"param_name":"dropout","param_value_internal":0.38856596356441264,"distribution":"{\"name\": \"FloatDistribution\", \"attributes\": {\"step\": null, \"low\": 0.0, \"high\": 0.5, \"log\": false}}"}
{"op_code":5,"worker_id":"1a710376-6863-4310-8d0f-a87d648921ef-139699157092160","trial_id":38,"param_name":"layers","param_value_internal":3.0,"distribution":"{\"name\": \"IntDistribution\", \"attributes\": {\"log\": false, \"step\": 1, \"low\": 1, \"high\": 3}}"}
{"op_code":5,"worker_id":"1a710376-6863-4310-8d0f-a87d648921ef-139699157092160","trial_id":38,"param_name":"nodes","param_value_internal":2,"distribution":"{\"name\": \"CategoricalDistribution\", \"attributes\": {\"choices\": [32, 64, 128]}}"}
{"op_code":5,"worker_id":"1a710376-6863-4310-8d0f-a87d648921ef-139699157092160","trial_id":38,"param_name":"alpha","param_value_internal":0.14892924481302428,"distribution":"{\"name\": \"FloatDistribution\", \"attributes\": {\"step\": null, \"low\": 0.0, \"high\": 0.5, \"log\": false}}"}
{"op_code":5,"worker_id":"1a710376-6863-4310-8d0f-a87d648921ef-139699157092160","trial_id":38,"param_name":"sigma","param_value_internal":0.050879745701602024,"distribution":"{\"name\": \"FloatDistribution\", \"attributes\": {\"step\": null, \"low\": 0.01, \"high\": 1.0, \"log\": true}}"}
{"op_code":6,"worker_id":"1a710376-6863-4310-8d0f-a87d648921ef-139699157092160","trial_id":38,"state":1,"values":[0.5736203125495293],"datetime_complete":"2026-03-26T16:47:25.288411"}
{"op_code":4,"worker_id":"1a710376-6863-4310-8d0f-a87d648921ef-139699157092160","study_id":0,"datetime_start":"2026-03-26T16:47:25.302663"}
{"op_code":5,"worker_id":"1a710376-6863-4310-8d0f-a87d648921ef-139699157092160","trial_id":39,"param_name":"lr","param_value_internal":0.00102704823406192,"distribution":"{\"name\": \"FloatDistribution\", \"attributes\": {\"step\": null, \"low\": 0.0001, \"high\": 0.1, \"log\": true}}"}
{"op_code":5,"worker_id":"1a710376-6863-4310-8d0f-a87d648921ef-139699157092160","trial_id":39,"param_name":"dropout","param_value_internal":0.354412312795212,"distribution":"{\"name\": \"FloatDistribution\", \"attributes\": {\"step\": null, \"low\": 0.0, \"high\": 0.5, \"log\": false}}"}
{"op_code":5,"worker_id":"1a710376-6863-4310-8d0f-a87d648921ef-139699157092160","trial_id":39,"param_name":"layers","param_value_internal":3.0,"distribution":"{\"name\": \"IntDistribution\", \"attributes\": {\"log\": false, \"step\": 1, \"low\": 1, \"high\": 3}}"}
{"op_code":5,"worker_id":"1a710376-6863-4310-8d0f-a87d648921ef-139699157092160","trial_id":39,"param_name":"nodes","param_value_internal":2,"distribution":"{\"name\": \"CategoricalDistribution\", \"attributes\": {\"choices\": [32, 64, 128]}}"}
{"op_code":5,"worker_id":"1a710376-6863-4310-8d0f-a87d648921ef-139699157092160","trial_id":39,"param_name":"alpha","param_value_internal":0.1140414526959203,"distribution":"{\"name\": \"FloatDistribution\", \"attributes\": {\"step\": null, \"low\": 0.0, \"high\": 0.5, \"log\": false}}"}
{"op_code":5,"worker_id":"1a710376-6863-4310-8d0f-a87d648921ef-139699157092160","trial_id":39,"param_name":"sigma","param_value_internal":0.09231067979068712,"distribution":"{\"name\": \"FloatDistribution\", \"attributes\": {\"step\": null, \"low\": 0.01, \"high\": 1.0, \"log\": true}}"}
{"op_code":6,"worker_id":"1a710376-6863-4310-8d0f-a87d648921ef-139699157092160","trial_id":39,"state":1,"values":[0.6652613560718927],"datetime_complete":"2026-03-26T16:47:27.463214"}
