{"op_code":0,"worker_id":"414b8b94-89fa-4fdc-965d-0815e329c924-140544486217536","study_name":"deepsurv_tuning","directions":[2]}
{"op_code":4,"worker_id":"414b8b94-89fa-4fdc-965d-0815e329c924-140544486217536","study_id":0,"datetime_start":"2026-04-01T06:22:12.426099"}
{"op_code":5,"worker_id":"414b8b94-89fa-4fdc-965d-0815e329c924-140544486217536","trial_id":0,"param_name":"lr","param_value_internal":0.02209486729755382,"distribution":"{\"name\": \"FloatDistribution\", \"attributes\": {\"step\": null, \"low\": 0.0001, \"high\": 0.1, \"log\": true}}"}
{"op_code":5,"worker_id":"414b8b94-89fa-4fdc-965d-0815e329c924-140544486217536","trial_id":0,"param_name":"dropout","param_value_internal":0.18268434583924315,"distribution":"{\"name\": \"FloatDistribution\", \"attributes\": {\"step\": null, \"low\": 0.0, \"high\": 0.5, \"log\": false}}"}
{"op_code":5,"worker_id":"414b8b94-89fa-4fdc-965d-0815e329c924-140544486217536","trial_id":0,"param_name":"layers","param_value_internal":1,"distribution":"{\"name\": \"CategoricalDistribution\", \"attributes\": {\"choices\": [1, 2, 3]}}"}
{"op_code":5,"worker_id":"414b8b94-89fa-4fdc-965d-0815e329c924-140544486217536","trial_id":0,"param_name":"nodes","param_value_internal":2,"distribution":"{\"name\": \"CategoricalDistribution\", \"attributes\": {\"choices\": [16, 32, 64]}}"}
{"op_code":6,"worker_id":"414b8b94-89fa-4fdc-965d-0815e329c924-140544486217536","trial_id":0,"state":1,"values":[0.9282470517061213],"datetime_complete":"2026-04-01T06:22:14.021465"}
{"op_code":4,"worker_id":"414b8b94-89fa-4fdc-965d-0815e329c924-140544486217536","study_id":0,"datetime_start":"2026-04-01T06:22:14.040865"}
{"op_code":5,"worker_id":"414b8b94-89fa-4fdc-965d-0815e329c924-140544486217536","trial_id":1,"param_name":"lr","param_value_internal":0.01452403318425848,"distribution":"{\"name\": \"FloatDistribution\", \"attributes\": {\"step\": null, \"low\": 0.0001, \"high\": 0.1, \"log\": true}}"}
{"op_code":5,"worker_id":"414b8b94-89fa-4fdc-965d-0815e329c924-140544486217536","trial_id":1,"param_name":"dropout","param_value_internal":0.4021277475271837,"distribution":"{\"name\": \"FloatDistribution\", \"attributes\": {\"step\": null, \"low\": 0.0, \"high\": 0.5, \"log\": false}}"}
{"op_code":5,"worker_id":"414b8b94-89fa-4fdc-965d-0815e329c924-140544486217536","trial_id":1,"param_name":"layers","param_value_internal":0,"distribution":"{\"name\": \"CategoricalDistribution\", \"attributes\": {\"choices\": [1, 2, 3]}}"}
{"op_code":5,"worker_id":"414b8b94-89fa-4fdc-965d-0815e329c924-140544486217536","trial_id":1,"param_name":"nodes","param_value_internal":0,"distribution":"{\"name\": \"CategoricalDistribution\", \"attributes\": {\"choices\": [16, 32, 64]}}"}
{"op_code":6,"worker_id":"414b8b94-89fa-4fdc-965d-0815e329c924-140544486217536","trial_id":1,"state":1,"values":[0.9270410207657315],"datetime_complete":"2026-04-01T06:22:15.388434"}
{"op_code":4,"worker_id":"414b8b94-89fa-4fdc-965d-0815e329c924-140544486217536","study_id":0,"datetime_start":"2026-04-01T06:22:15.406652"}
{"op_code":5,"worker_id":"414b8b94-89fa-4fdc-965d-0815e329c924-140544486217536","trial_id":2,"param_name":"lr","param_value_internal":0.008228618328241045,"distribution":"{\"name\": \"FloatDistribution\", \"attributes\": {\"step\": null, \"low\": 0.0001, \"high\": 0.1, \"log\": true}}"}
{"op_code":5,"worker_id":"414b8b94-89fa-4fdc-965d-0815e329c924-140544486217536","trial_id":2,"param_name":"dropout","param_value_internal":0.3439405242865821,"distribution":"{\"name\": \"FloatDistribution\", \"attributes\": {\"step\": null, \"low\": 0.0, \"high\": 0.5, \"log\": false}}"}
{"op_code":5,"worker_id":"414b8b94-89fa-4fdc-965d-0815e329c924-140544486217536","trial_id":2,"param_name":"layers","param_value_internal":0,"distribution":"{\"name\": \"CategoricalDistribution\", \"attributes\": {\"choices\": [1, 2, 3]}}"}
{"op_code":5,"worker_id":"414b8b94-89fa-4fdc-965d-0815e329c924-140544486217536","trial_id":2,"param_name":"nodes","param_value_internal":0,"distribution":"{\"name\": \"CategoricalDistribution\", \"attributes\": {\"choices\": [16, 32, 64]}}"}
{"op_code":6,"worker_id":"414b8b94-89fa-4fdc-965d-0815e329c924-140544486217536","trial_id":2,"state":1,"values":[0.9299048531942142],"datetime_complete":"2026-04-01T06:22:16.753896"}
{"op_code":4,"worker_id":"414b8b94-89fa-4fdc-965d-0815e329c924-140544486217536","study_id":0,"datetime_start":"2026-04-01T06:22:16.774372"}
{"op_code":5,"worker_id":"414b8b94-89fa-4fdc-965d-0815e329c924-140544486217536","trial_id":3,"param_name":"lr","param_value_internal":0.003780962088741272,"distribution":"{\"name\": \"FloatDistribution\", \"attributes\": {\"step\": null, \"low\": 0.0001, \"high\": 0.1, \"log\": true}}"}
{"op_code":5,"worker_id":"414b8b94-89fa-4fdc-965d-0815e329c924-140544486217536","trial_id":3,"param_name":"dropout","param_value_internal":0.22252726574542742,"distribution":"{\"name\": \"FloatDistribution\", \"attributes\": {\"step\": null, \"low\": 0.0, \"high\": 0.5, \"log\": false}}"}
{"op_code":5,"worker_id":"414b8b94-89fa-4fdc-965d-0815e329c924-140544486217536","trial_id":3,"param_name":"layers","param_value_internal":0,"distribution":"{\"name\": \"CategoricalDistribution\", \"attributes\": {\"choices\": [1, 2, 3]}}"}
{"op_code":5,"worker_id":"414b8b94-89fa-4fdc-965d-0815e329c924-140544486217536","trial_id":3,"param_name":"nodes","param_value_internal":1,"distribution":"{\"name\": \"CategoricalDistribution\", \"attributes\": {\"choices\": [16, 32, 64]}}"}
{"op_code":6,"worker_id":"414b8b94-89fa-4fdc-965d-0815e329c924-140544486217536","trial_id":3,"state":1,"values":[0.9260196264839681],"datetime_complete":"2026-04-01T06:22:18.099385"}
{"op_code":4,"worker_id":"414b8b94-89fa-4fdc-965d-0815e329c924-140544486217536","study_id":0,"datetime_start":"2026-04-01T06:22:18.122966"}
{"op_code":5,"worker_id":"414b8b94-89fa-4fdc-965d-0815e329c924-140544486217536","trial_id":4,"param_name":"lr","param_value_internal":0.03949423474398562,"distribution":"{\"name\": \"FloatDistribution\", \"attributes\": {\"step\": null, \"low\": 0.0001, \"high\": 0.1, \"log\": true}}"}
{"op_code":5,"worker_id":"414b8b94-89fa-4fdc-965d-0815e329c924-140544486217536","trial_id":4,"param_name":"dropout","param_value_internal":0.26304313420287595,"distribution":"{\"name\": \"FloatDistribution\", \"attributes\": {\"step\": null, \"low\": 0.0, \"high\": 0.5, \"log\": false}}"}
{"op_code":5,"worker_id":"414b8b94-89fa-4fdc-965d-0815e329c924-140544486217536","trial_id":4,"param_name":"layers","param_value_internal":2,"distribution":"{\"name\": \"CategoricalDistribution\", \"attributes\": {\"choices\": [1, 2, 3]}}"}
{"op_code":5,"worker_id":"414b8b94-89fa-4fdc-965d-0815e329c924-140544486217536","trial_id":4,"param_name":"nodes","param_value_internal":2,"distribution":"{\"name\": \"CategoricalDistribution\", \"attributes\": {\"choices\": [16, 32, 64]}}"}
{"op_code":6,"worker_id":"414b8b94-89fa-4fdc-965d-0815e329c924-140544486217536","trial_id":4,"state":1,"values":[0.9279209912238661],"datetime_complete":"2026-04-01T06:22:19.935953"}
{"op_code":4,"worker_id":"414b8b94-89fa-4fdc-965d-0815e329c924-140544486217536","study_id":0,"datetime_start":"2026-04-01T06:22:19.959917"}
{"op_code":5,"worker_id":"414b8b94-89fa-4fdc-965d-0815e329c924-140544486217536","trial_id":5,"param_name":"lr","param_value_internal":0.0004424887180516379,"distribution":"{\"name\": \"FloatDistribution\", \"attributes\": {\"step\": null, \"low\": 0.0001, \"high\": 0.1, \"log\": true}}"}
{"op_code":5,"worker_id":"414b8b94-89fa-4fdc-965d-0815e329c924-140544486217536","trial_id":5,"param_name":"dropout","param_value_internal":0.13378648851071845,"distribution":"{\"name\": \"FloatDistribution\", \"attributes\": {\"step\": null, \"low\": 0.0, \"high\": 0.5, \"log\": false}}"}
{"op_code":5,"worker_id":"414b8b94-89fa-4fdc-965d-0815e329c924-140544486217536","trial_id":5,"param_name":"layers","param_value_internal":1,"distribution":"{\"name\": \"CategoricalDistribution\", \"attributes\": {\"choices\": [1, 2, 3]}}"}
{"op_code":5,"worker_id":"414b8b94-89fa-4fdc-965d-0815e329c924-140544486217536","trial_id":5,"param_name":"nodes","param_value_internal":0,"distribution":"{\"name\": \"CategoricalDistribution\", \"attributes\": {\"choices\": [16, 32, 64]}}"}
{"op_code":6,"worker_id":"414b8b94-89fa-4fdc-965d-0815e329c924-140544486217536","trial_id":5,"state":1,"values":[0.9138571776518931],"datetime_complete":"2026-04-01T06:22:21.559036"}
{"op_code":4,"worker_id":"414b8b94-89fa-4fdc-965d-0815e329c924-140544486217536","study_id":0,"datetime_start":"2026-04-01T06:22:21.578418"}
{"op_code":5,"worker_id":"414b8b94-89fa-4fdc-965d-0815e329c924-140544486217536","trial_id":6,"param_name":"lr","param_value_internal":0.0006613971733643473,"distribution":"{\"name\": \"FloatDistribution\", \"attributes\": {\"step\": null, \"low\": 0.0001, \"high\": 0.1, \"log\": true}}"}
{"op_code":5,"worker_id":"414b8b94-89fa-4fdc-965d-0815e329c924-140544486217536","trial_id":6,"param_name":"dropout","param_value_internal":0.3040833076398269,"distribution":"{\"name\": \"FloatDistribution\", \"attributes\": {\"step\": null, \"low\": 0.0, \"high\": 0.5, \"log\": false}}"}
{"op_code":5,"worker_id":"414b8b94-89fa-4fdc-965d-0815e329c924-140544486217536","trial_id":6,"param_name":"layers","param_value_internal":0,"distribution":"{\"name\": \"CategoricalDistribution\", \"attributes\": {\"choices\": [1, 2, 3]}}"}
{"op_code":5,"worker_id":"414b8b94-89fa-4fdc-965d-0815e329c924-140544486217536","trial_id":6,"param_name":"nodes","param_value_internal":2,"distribution":"{\"name\": \"CategoricalDistribution\", \"attributes\": {\"choices\": [16, 32, 64]}}"}
{"op_code":6,"worker_id":"414b8b94-89fa-4fdc-965d-0815e329c924-140544486217536","trial_id":6,"state":1,"values":[0.9285220424742884],"datetime_complete":"2026-04-01T06:22:22.932160"}
{"op_code":4,"worker_id":"414b8b94-89fa-4fdc-965d-0815e329c924-140544486217536","study_id":0,"datetime_start":"2026-04-01T06:22:22.952315"}
{"op_code":5,"worker_id":"414b8b94-89fa-4fdc-965d-0815e329c924-140544486217536","trial_id":7,"param_name":"lr","param_value_internal":0.007005410983804221,"distribution":"{\"name\": \"FloatDistribution\", \"attributes\": {\"step\": null, \"low\": 0.0001, \"high\": 0.1, \"log\": true}}"}
{"op_code":5,"worker_id":"414b8b94-89fa-4fdc-965d-0815e329c924-140544486217536","trial_id":7,"param_name":"dropout","param_value_internal":0.17329511212002263,"distribution":"{\"name\": \"FloatDistribution\", \"attributes\": {\"step\": null, \"low\": 0.0, \"high\": 0.5, \"log\": false}}"}
{"op_code":5,"worker_id":"414b8b94-89fa-4fdc-965d-0815e329c924-140544486217536","trial_id":7,"param_name":"layers","param_value_internal":0,"distribution":"{\"name\": \"CategoricalDistribution\", \"attributes\": {\"choices\": [1, 2, 3]}}"}
{"op_code":5,"worker_id":"414b8b94-89fa-4fdc-965d-0815e329c924-140544486217536","trial_id":7,"param_name":"nodes","param_value_internal":0,"distribution":"{\"name\": \"CategoricalDistribution\", \"attributes\": {\"choices\": [16, 32, 64]}}"}
{"op_code":6,"worker_id":"414b8b94-89fa-4fdc-965d-0815e329c924-140544486217536","trial_id":7,"state":1,"values":[0.9283157993981631],"datetime_complete":"2026-04-01T06:22:24.300024"}
{"op_code":4,"worker_id":"414b8b94-89fa-4fdc-965d-0815e329c924-140544486217536","study_id":0,"datetime_start":"2026-04-01T06:22:24.319894"}
{"op_code":5,"worker_id":"414b8b94-89fa-4fdc-965d-0815e329c924-140544486217536","trial_id":8,"param_name":"lr","param_value_internal":0.09412953123225117,"distribution":"{\"name\": \"FloatDistribution\", \"attributes\": {\"step\": null, \"low\": 0.0001, \"high\": 0.1, \"log\": true}}"}
{"op_code":5,"worker_id":"414b8b94-89fa-4fdc-965d-0815e329c924-140544486217536","trial_id":8,"param_name":"dropout","param_value_internal":0.19324351836741888,"distribution":"{\"name\": \"FloatDistribution\", \"attributes\": {\"step\": null, \"low\": 0.0, \"high\": 0.5, \"log\": false}}"}
{"op_code":5,"worker_id":"414b8b94-89fa-4fdc-965d-0815e329c924-140544486217536","trial_id":8,"param_name":"layers","param_value_internal":0,"distribution":"{\"name\": \"CategoricalDistribution\", \"attributes\": {\"choices\": [1, 2, 3]}}"}
{"op_code":5,"worker_id":"414b8b94-89fa-4fdc-965d-0815e329c924-140544486217536","trial_id":8,"param_name":"nodes","param_value_internal":1,"distribution":"{\"name\": \"CategoricalDistribution\", \"attributes\": {\"choices\": [16, 32, 64]}}"}
{"op_code":6,"worker_id":"414b8b94-89fa-4fdc-965d-0815e329c924-140544486217536","trial_id":8,"state":1,"values":[0.9238197003386315],"datetime_complete":"2026-04-01T06:22:25.662911"}
{"op_code":4,"worker_id":"414b8b94-89fa-4fdc-965d-0815e329c924-140544486217536","study_id":0,"datetime_start":"2026-04-01T06:22:25.677149"}
{"op_code":5,"worker_id":"414b8b94-89fa-4fdc-965d-0815e329c924-140544486217536","trial_id":9,"param_name":"lr","param_value_internal":0.0011260117617561505,"distribution":"{\"name\": \"FloatDistribution\", \"attributes\": {\"step\": null, \"low\": 0.0001, \"high\": 0.1, \"log\": true}}"}
{"op_code":5,"worker_id":"414b8b94-89fa-4fdc-965d-0815e329c924-140544486217536","trial_id":9,"param_name":"dropout","param_value_internal":0.13877127479917467,"distribution":"{\"name\": \"FloatDistribution\", \"attributes\": {\"step\": null, \"low\": 0.0, \"high\": 0.5, \"log\": false}}"}
{"op_code":5,"worker_id":"414b8b94-89fa-4fdc-965d-0815e329c924-140544486217536","trial_id":9,"param_name":"layers","param_value_internal":2,"distribution":"{\"name\": \"CategoricalDistribution\", \"attributes\": {\"choices\": [1, 2, 3]}}"}
{"op_code":5,"worker_id":"414b8b94-89fa-4fdc-965d-0815e329c924-140544486217536","trial_id":9,"param_name":"nodes","param_value_internal":0,"distribution":"{\"name\": \"CategoricalDistribution\", \"attributes\": {\"choices\": [16, 32, 64]}}"}
{"op_code":6,"worker_id":"414b8b94-89fa-4fdc-965d-0815e329c924-140544486217536","trial_id":9,"state":1,"values":[0.9207515890537961],"datetime_complete":"2026-04-01T06:22:27.495737"}
{"op_code":4,"worker_id":"414b8b94-89fa-4fdc-965d-0815e329c924-140544486217536","study_id":0,"datetime_start":"2026-04-01T06:22:27.514927"}
{"op_code":5,"worker_id":"414b8b94-89fa-4fdc-965d-0815e329c924-140544486217536","trial_id":10,"param_name":"lr","param_value_internal":0.00013849806198607385,"distribution":"{\"name\": \"FloatDistribution\", \"attributes\": {\"step\": null, \"low\": 0.0001, \"high\": 0.1, \"log\": true}}"}
{"op_code":5,"worker_id":"414b8b94-89fa-4fdc-965d-0815e329c924-140544486217536","trial_id":10,"param_name":"dropout","param_value_internal":0.008641107168428697,"distribution":"{\"name\": \"FloatDistribution\", \"attributes\": {\"step\": null, \"low\": 0.0, \"high\": 0.5, \"log\": false}}"}
{"op_code":5,"worker_id":"414b8b94-89fa-4fdc-965d-0815e329c924-140544486217536","trial_id":10,"param_name":"layers","param_value_internal":1,"distribution":"{\"name\": \"CategoricalDistribution\", \"attributes\": {\"choices\": [1, 2, 3]}}"}
{"op_code":5,"worker_id":"414b8b94-89fa-4fdc-965d-0815e329c924-140544486217536","trial_id":10,"param_name":"nodes","param_value_internal":0,"distribution":"{\"name\": \"CategoricalDistribution\", \"attributes\": {\"choices\": [16, 32, 64]}}"}
{"op_code":6,"worker_id":"414b8b94-89fa-4fdc-965d-0815e329c924-140544486217536","trial_id":10,"state":1,"values":[0.8548834431986926],"datetime_complete":"2026-04-01T06:22:29.125457"}
{"op_code":4,"worker_id":"414b8b94-89fa-4fdc-965d-0815e329c924-140544486217536","study_id":0,"datetime_start":"2026-04-01T06:22:29.147302"}
{"op_code":5,"worker_id":"414b8b94-89fa-4fdc-965d-0815e329c924-140544486217536","trial_id":11,"param_name":"lr","param_value_internal":0.001271774514270145,"distribution":"{\"name\": \"FloatDistribution\", \"attributes\": {\"step\": null, \"low\": 0.0001, \"high\": 0.1, \"log\": true}}"}
{"op_code":5,"worker_id":"414b8b94-89fa-4fdc-965d-0815e329c924-140544486217536","trial_id":11,"param_name":"dropout","param_value_internal":0.3675714578421802,"distribution":"{\"name\": \"FloatDistribution\", \"attributes\": {\"step\": null, \"low\": 0.0, \"high\": 0.5, \"log\": false}}"}
{"op_code":5,"worker_id":"414b8b94-89fa-4fdc-965d-0815e329c924-140544486217536","trial_id":11,"param_name":"layers","param_value_internal":0,"distribution":"{\"name\": \"CategoricalDistribution\", \"attributes\": {\"choices\": [1, 2, 3]}}"}
{"op_code":5,"worker_id":"414b8b94-89fa-4fdc-965d-0815e329c924-140544486217536","trial_id":11,"param_name":"nodes","param_value_internal":2,"distribution":"{\"name\": \"CategoricalDistribution\", \"attributes\": {\"choices\": [16, 32, 64]}}"}
{"op_code":6,"worker_id":"414b8b94-89fa-4fdc-965d-0815e329c924-140544486217536","trial_id":11,"state":1,"values":[0.9281999104315783],"datetime_complete":"2026-04-01T06:22:30.496727"}
{"op_code":4,"worker_id":"414b8b94-89fa-4fdc-965d-0815e329c924-140544486217536","study_id":0,"datetime_start":"2026-04-01T06:22:30.512057"}
{"op_code":5,"worker_id":"414b8b94-89fa-4fdc-965d-0815e329c924-140544486217536","trial_id":12,"param_name":"lr","param_value_internal":0.0013158747664089164,"distribution":"{\"name\": \"FloatDistribution\", \"attributes\": {\"step\": null, \"low\": 0.0001, \"high\": 0.1, \"log\": true}}"}
{"op_code":5,"worker_id":"414b8b94-89fa-4fdc-965d-0815e329c924-140544486217536","trial_id":12,"param_name":"dropout","param_value_internal":0.4935034947510927,"distribution":"{\"name\": \"FloatDistribution\", \"attributes\": {\"step\": null, \"low\": 0.0, \"high\": 0.5, \"log\": false}}"}
{"op_code":5,"worker_id":"414b8b94-89fa-4fdc-965d-0815e329c924-140544486217536","trial_id":12,"param_name":"layers","param_value_internal":0,"distribution":"{\"name\": \"CategoricalDistribution\", \"attributes\": {\"choices\": [1, 2, 3]}}"}
{"op_code":5,"worker_id":"414b8b94-89fa-4fdc-965d-0815e329c924-140544486217536","trial_id":12,"param_name":"nodes","param_value_internal":2,"distribution":"{\"name\": \"CategoricalDistribution\", \"attributes\": {\"choices\": [16, 32, 64]}}"}
{"op_code":6,"worker_id":"414b8b94-89fa-4fdc-965d-0815e329c924-140544486217536","trial_id":12,"state":1,"values":[0.9303566237419172],"datetime_complete":"2026-04-01T06:22:31.863703"}
{"op_code":4,"worker_id":"414b8b94-89fa-4fdc-965d-0815e329c924-140544486217536","study_id":0,"datetime_start":"2026-04-01T06:22:31.883531"}
{"op_code":5,"worker_id":"414b8b94-89fa-4fdc-965d-0815e329c924-140544486217536","trial_id":13,"param_name":"lr","param_value_internal":0.0032806203397799023,"distribution":"{\"name\": \"FloatDistribution\", \"attributes\": {\"step\": null, \"low\": 0.0001, \"high\": 0.1, \"log\": true}}"}
{"op_code":5,"worker_id":"414b8b94-89fa-4fdc-965d-0815e329c924-140544486217536","trial_id":13,"param_name":"dropout","param_value_internal":0.48006708620882055,"distribution":"{\"name\": \"FloatDistribution\", \"attributes\": {\"step\": null, \"low\": 0.0, \"high\": 0.5, \"log\": false}}"}
{"op_code":5,"worker_id":"414b8b94-89fa-4fdc-965d-0815e329c924-140544486217536","trial_id":13,"param_name":"layers","param_value_internal":0,"distribution":"{\"name\": \"CategoricalDistribution\", \"attributes\": {\"choices\": [1, 2, 3]}}"}
{"op_code":5,"worker_id":"414b8b94-89fa-4fdc-965d-0815e329c924-140544486217536","trial_id":13,"param_name":"nodes","param_value_internal":2,"distribution":"{\"name\": \"CategoricalDistribution\", \"attributes\": {\"choices\": [16, 32, 64]}}"}
{"op_code":6,"worker_id":"414b8b94-89fa-4fdc-965d-0815e329c924-140544486217536","trial_id":13,"state":1,"values":[0.9281331269593093],"datetime_complete":"2026-04-01T06:22:33.240015"}
{"op_code":4,"worker_id":"414b8b94-89fa-4fdc-965d-0815e329c924-140544486217536","study_id":0,"datetime_start":"2026-04-01T06:22:33.259071"}
{"op_code":5,"worker_id":"414b8b94-89fa-4fdc-965d-0815e329c924-140544486217536","trial_id":14,"param_name":"lr","param_value_internal":0.00741234634167621,"distribution":"{\"name\": \"FloatDistribution\", \"attributes\": {\"step\": null, \"low\": 0.0001, \"high\": 0.1, \"log\": true}}"}
{"op_code":5,"worker_id":"414b8b94-89fa-4fdc-965d-0815e329c924-140544486217536","trial_id":14,"param_name":"dropout","param_value_internal":0.4995616172977315,"distribution":"{\"name\": \"FloatDistribution\", \"attributes\": {\"step\": null, \"low\": 0.0, \"high\": 0.5, \"log\": false}}"}
{"op_code":5,"worker_id":"414b8b94-89fa-4fdc-965d-0815e329c924-140544486217536","trial_id":14,"param_name":"layers","param_value_internal":0,"distribution":"{\"name\": \"CategoricalDistribution\", \"attributes\": {\"choices\": [1, 2, 3]}}"}
{"op_code":5,"worker_id":"414b8b94-89fa-4fdc-965d-0815e329c924-140544486217536","trial_id":14,"param_name":"nodes","param_value_internal":1,"distribution":"{\"name\": \"CategoricalDistribution\", \"attributes\": {\"choices\": [16, 32, 64]}}"}
{"op_code":6,"worker_id":"414b8b94-89fa-4fdc-965d-0815e329c924-140544486217536","trial_id":14,"state":1,"values":[0.9299598513478476],"datetime_complete":"2026-04-01T06:22:34.591011"}
{"op_code":4,"worker_id":"414b8b94-89fa-4fdc-965d-0815e329c924-140544486217536","study_id":0,"datetime_start":"2026-04-01T06:22:34.615336"}
{"op_code":5,"worker_id":"414b8b94-89fa-4fdc-965d-0815e329c924-140544486217536","trial_id":15,"param_name":"lr","param_value_internal":0.00021573996693859706,"distribution":"{\"name\": \"FloatDistribution\", \"attributes\": {\"step\": null, \"low\": 0.0001, \"high\": 0.1, \"log\": true}}"}
{"op_code":5,"worker_id":"414b8b94-89fa-4fdc-965d-0815e329c924-140544486217536","trial_id":15,"param_name":"dropout","param_value_internal":0.48599793424948134,"distribution":"{\"name\": \"FloatDistribution\", \"attributes\": {\"step\": null, \"low\": 0.0, \"high\": 0.5, \"log\": false}}"}
{"op_code":5,"worker_id":"414b8b94-89fa-4fdc-965d-0815e329c924-140544486217536","trial_id":15,"param_name":"layers","param_value_internal":2,"distribution":"{\"name\": \"CategoricalDistribution\", \"attributes\": {\"choices\": [1, 2, 3]}}"}
{"op_code":5,"worker_id":"414b8b94-89fa-4fdc-965d-0815e329c924-140544486217536","trial_id":15,"param_name":"nodes","param_value_internal":1,"distribution":"{\"name\": \"CategoricalDistribution\", \"attributes\": {\"choices\": [16, 32, 64]}}"}
{"op_code":6,"worker_id":"414b8b94-89fa-4fdc-965d-0815e329c924-140544486217536","trial_id":15,"state":1,"values":[0.8831387446278589],"datetime_complete":"2026-04-01T06:22:36.427993"}
{"op_code":4,"worker_id":"414b8b94-89fa-4fdc-965d-0815e329c924-140544486217536","study_id":0,"datetime_start":"2026-04-01T06:22:36.445854"}
{"op_code":5,"worker_id":"414b8b94-89fa-4fdc-965d-0815e329c924-140544486217536","trial_id":16,"param_name":"lr","param_value_internal":0.0015823372558877748,"distribution":"{\"name\": \"FloatDistribution\", \"attributes\": {\"step\": null, \"low\": 0.0001, \"high\": 0.1, \"log\": true}}"}
{"op_code":5,"worker_id":"414b8b94-89fa-4fdc-965d-0815e329c924-140544486217536","trial_id":16,"param_name":"dropout","param_value_internal":0.43159521489381664,"distribution":"{\"name\": \"FloatDistribution\", \"attributes\": {\"step\": null, \"low\": 0.0, \"high\": 0.5, \"log\": false}}"}
{"op_code":5,"worker_id":"414b8b94-89fa-4fdc-965d-0815e329c924-140544486217536","trial_id":16,"param_name":"layers","param_value_internal":0,"distribution":"{\"name\": \"CategoricalDistribution\", \"attributes\": {\"choices\": [1, 2, 3]}}"}
{"op_code":5,"worker_id":"414b8b94-89fa-4fdc-965d-0815e329c924-140544486217536","trial_id":16,"param_name":"nodes","param_value_internal":1,"distribution":"{\"name\": \"CategoricalDistribution\", \"attributes\": {\"choices\": [16, 32, 64]}}"}
{"op_code":6,"worker_id":"414b8b94-89fa-4fdc-965d-0815e329c924-140544486217536","trial_id":16,"state":1,"values":[0.9286143608036016],"datetime_complete":"2026-04-01T06:22:37.802995"}
{"op_code":4,"worker_id":"414b8b94-89fa-4fdc-965d-0815e329c924-140544486217536","study_id":0,"datetime_start":"2026-04-01T06:22:37.822026"}
{"op_code":5,"worker_id":"414b8b94-89fa-4fdc-965d-0815e329c924-140544486217536","trial_id":17,"param_name":"lr","param_value_internal":0.002649078230376567,"distribution":"{\"name\": \"FloatDistribution\", \"attributes\": {\"step\": null, \"low\": 0.0001, \"high\": 0.1, \"log\": true}}"}
{"op_code":5,"worker_id":"414b8b94-89fa-4fdc-965d-0815e329c924-140544486217536","trial_id":17,"param_name":"dropout","param_value_internal":0.44428869800398707,"distribution":"{\"name\": \"FloatDistribution\", \"attributes\": {\"step\": null, \"low\": 0.0, \"high\": 0.5, \"log\": false}}"}
{"op_code":5,"worker_id":"414b8b94-89fa-4fdc-965d-0815e329c924-140544486217536","trial_id":17,"param_name":"layers","param_value_internal":0,"distribution":"{\"name\": \"CategoricalDistribution\", \"attributes\": {\"choices\": [1, 2, 3]}}"}
{"op_code":5,"worker_id":"414b8b94-89fa-4fdc-965d-0815e329c924-140544486217536","trial_id":17,"param_name":"nodes","param_value_internal":1,"distribution":"{\"name\": \"CategoricalDistribution\", \"attributes\": {\"choices\": [16, 32, 64]}}"}
{"op_code":6,"worker_id":"414b8b94-89fa-4fdc-965d-0815e329c924-140544486217536","trial_id":17,"state":1,"values":[0.929869497238307],"datetime_complete":"2026-04-01T06:22:39.164992"}
{"op_code":4,"worker_id":"414b8b94-89fa-4fdc-965d-0815e329c924-140544486217536","study_id":0,"datetime_start":"2026-04-01T06:22:39.186632"}
{"op_code":5,"worker_id":"414b8b94-89fa-4fdc-965d-0815e329c924-140544486217536","trial_id":18,"param_name":"lr","param_value_internal":0.0004084917994266645,"distribution":"{\"name\": \"FloatDistribution\", \"attributes\": {\"step\": null, \"low\": 0.0001, \"high\": 0.1, \"log\": true}}"}
{"op_code":5,"worker_id":"414b8b94-89fa-4fdc-965d-0815e329c924-140544486217536","trial_id":18,"param_name":"dropout","param_value_internal":0.4967798918796581,"distribution":"{\"name\": \"FloatDistribution\", \"attributes\": {\"step\": null, \"low\": 0.0, \"high\": 0.5, \"log\": false}}"}
{"op_code":5,"worker_id":"414b8b94-89fa-4fdc-965d-0815e329c924-140544486217536","trial_id":18,"param_name":"layers","param_value_internal":2,"distribution":"{\"name\": \"CategoricalDistribution\", \"attributes\": {\"choices\": [1, 2, 3]}}"}
{"op_code":5,"worker_id":"414b8b94-89fa-4fdc-965d-0815e329c924-140544486217536","trial_id":18,"param_name":"nodes","param_value_internal":1,"distribution":"{\"name\": \"CategoricalDistribution\", \"attributes\": {\"choices\": [16, 32, 64]}}"}
{"op_code":6,"worker_id":"414b8b94-89fa-4fdc-965d-0815e329c924-140544486217536","trial_id":18,"state":1,"values":[0.9010583216134886],"datetime_complete":"2026-04-01T06:22:41.023283"}
{"op_code":4,"worker_id":"414b8b94-89fa-4fdc-965d-0815e329c924-140544486217536","study_id":0,"datetime_start":"2026-04-01T06:22:41.042341"}
{"op_code":5,"worker_id":"414b8b94-89fa-4fdc-965d-0815e329c924-140544486217536","trial_id":19,"param_name":"lr","param_value_internal":0.008723341907078356,"distribution":"{\"name\": \"FloatDistribution\", \"attributes\": {\"step\": null, \"low\": 0.0001, \"high\": 0.1, \"log\": true}}"}
{"op_code":5,"worker_id":"414b8b94-89fa-4fdc-965d-0815e329c924-140544486217536","trial_id":19,"param_name":"dropout","param_value_internal":0.3956570208326877,"distribution":"{\"name\": \"FloatDistribution\", \"attributes\": {\"step\": null, \"low\": 0.0, \"high\": 0.5, \"log\": false}}"}
{"op_code":5,"worker_id":"414b8b94-89fa-4fdc-965d-0815e329c924-140544486217536","trial_id":19,"param_name":"layers","param_value_internal":1,"distribution":"{\"name\": \"CategoricalDistribution\", \"attributes\": {\"choices\": [1, 2, 3]}}"}
{"op_code":5,"worker_id":"414b8b94-89fa-4fdc-965d-0815e329c924-140544486217536","trial_id":19,"param_name":"nodes","param_value_internal":2,"distribution":"{\"name\": \"CategoricalDistribution\", \"attributes\": {\"choices\": [16, 32, 64]}}"}
{"op_code":6,"worker_id":"414b8b94-89fa-4fdc-965d-0815e329c924-140544486217536","trial_id":19,"state":1,"values":[0.9292291615924323],"datetime_complete":"2026-04-01T06:22:42.649827"}
