{"op_code":0,"worker_id":"1cece0ec-7cbd-4ce4-9072-ec811a3b25db-139699157092160","study_name":"deephit_single_tuning","directions":[2]}
{"op_code":4,"worker_id":"1cece0ec-7cbd-4ce4-9072-ec811a3b25db-139699157092160","study_id":0,"datetime_start":"2026-03-27T00:07:24.008653"}
{"op_code":5,"worker_id":"1cece0ec-7cbd-4ce4-9072-ec811a3b25db-139699157092160","trial_id":0,"param_name":"lr","param_value_internal":0.008579325490515379,"distribution":"{\"name\": \"FloatDistribution\", \"attributes\": {\"step\": null, \"low\": 0.0001, \"high\": 0.1, \"log\": true}}"}
{"op_code":5,"worker_id":"1cece0ec-7cbd-4ce4-9072-ec811a3b25db-139699157092160","trial_id":0,"param_name":"dropout","param_value_internal":0.34594374065356526,"distribution":"{\"name\": \"FloatDistribution\", \"attributes\": {\"step\": null, \"low\": 0.0, \"high\": 0.5, \"log\": false}}"}
{"op_code":5,"worker_id":"1cece0ec-7cbd-4ce4-9072-ec811a3b25db-139699157092160","trial_id":0,"param_name":"layers","param_value_internal":3.0,"distribution":"{\"name\": \"IntDistribution\", \"attributes\": {\"log\": false, \"step\": 1, \"low\": 1, \"high\": 3}}"}
{"op_code":5,"worker_id":"1cece0ec-7cbd-4ce4-9072-ec811a3b25db-139699157092160","trial_id":0,"param_name":"nodes","param_value_internal":0,"distribution":"{\"name\": \"CategoricalDistribution\", \"attributes\": {\"choices\": [32, 64, 128]}}"}
{"op_code":5,"worker_id":"1cece0ec-7cbd-4ce4-9072-ec811a3b25db-139699157092160","trial_id":0,"param_name":"alpha","param_value_internal":0.36147340472512735,"distribution":"{\"name\": \"FloatDistribution\", \"attributes\": {\"step\": null, \"low\": 0.0, \"high\": 0.5, \"log\": false}}"}
{"op_code":5,"worker_id":"1cece0ec-7cbd-4ce4-9072-ec811a3b25db-139699157092160","trial_id":0,"param_name":"sigma","param_value_internal":0.05810631840467492,"distribution":"{\"name\": \"FloatDistribution\", \"attributes\": {\"step\": null, \"low\": 0.01, \"high\": 1.0, \"log\": true}}"}
{"op_code":6,"worker_id":"1cece0ec-7cbd-4ce4-9072-ec811a3b25db-139699157092160","trial_id":0,"state":1,"values":[0.7766213828952641],"datetime_complete":"2026-03-27T00:07:26.495570"}
{"op_code":4,"worker_id":"1cece0ec-7cbd-4ce4-9072-ec811a3b25db-139699157092160","study_id":0,"datetime_start":"2026-03-27T00:07:26.512340"}
{"op_code":5,"worker_id":"1cece0ec-7cbd-4ce4-9072-ec811a3b25db-139699157092160","trial_id":1,"param_name":"lr","param_value_internal":0.004288414663231952,"distribution":"{\"name\": \"FloatDistribution\", \"attributes\": {\"step\": null, \"low\": 0.0001, \"high\": 0.1, \"log\": true}}"}
{"op_code":5,"worker_id":"1cece0ec-7cbd-4ce4-9072-ec811a3b25db-139699157092160","trial_id":1,"param_name":"dropout","param_value_internal":0.34329593318478735,"distribution":"{\"name\": \"FloatDistribution\", \"attributes\": {\"step\": null, \"low\": 0.0, \"high\": 0.5, \"log\": false}}"}
{"op_code":5,"worker_id":"1cece0ec-7cbd-4ce4-9072-ec811a3b25db-139699157092160","trial_id":1,"param_name":"layers","param_value_internal":2.0,"distribution":"{\"name\": \"IntDistribution\", \"attributes\": {\"log\": false, \"step\": 1, \"low\": 1, \"high\": 3}}"}
{"op_code":5,"worker_id":"1cece0ec-7cbd-4ce4-9072-ec811a3b25db-139699157092160","trial_id":1,"param_name":"nodes","param_value_internal":0,"distribution":"{\"name\": \"CategoricalDistribution\", \"attributes\": {\"choices\": [32, 64, 128]}}"}
{"op_code":5,"worker_id":"1cece0ec-7cbd-4ce4-9072-ec811a3b25db-139699157092160","trial_id":1,"param_name":"alpha","param_value_internal":0.20381022760977702,"distribution":"{\"name\": \"FloatDistribution\", \"attributes\": {\"step\": null, \"low\": 0.0, \"high\": 0.5, \"log\": false}}"}
{"op_code":5,"worker_id":"1cece0ec-7cbd-4ce4-9072-ec811a3b25db-139699157092160","trial_id":1,"param_name":"sigma","param_value_internal":0.23196328534802815,"distribution":"{\"name\": \"FloatDistribution\", \"attributes\": {\"step\": null, \"low\": 0.01, \"high\": 1.0, \"log\": true}}"}
{"op_code":6,"worker_id":"1cece0ec-7cbd-4ce4-9072-ec811a3b25db-139699157092160","trial_id":1,"state":1,"values":[0.7509439606273881],"datetime_complete":"2026-03-27T00:07:28.784923"}
{"op_code":4,"worker_id":"1cece0ec-7cbd-4ce4-9072-ec811a3b25db-139699157092160","study_id":0,"datetime_start":"2026-03-27T00:07:28.804180"}
{"op_code":5,"worker_id":"1cece0ec-7cbd-4ce4-9072-ec811a3b25db-139699157092160","trial_id":2,"param_name":"lr","param_value_internal":0.09196021650365808,"distribution":"{\"name\": \"FloatDistribution\", \"attributes\": {\"step\": null, \"low\": 0.0001, \"high\": 0.1, \"log\": true}}"}
{"op_code":5,"worker_id":"1cece0ec-7cbd-4ce4-9072-ec811a3b25db-139699157092160","trial_id":2,"param_name":"dropout","param_value_internal":0.2280697182494426,"distribution":"{\"name\": \"FloatDistribution\", \"attributes\": {\"step\": null, \"low\": 0.0, \"high\": 0.5, \"log\": false}}"}
{"op_code":5,"worker_id":"1cece0ec-7cbd-4ce4-9072-ec811a3b25db-139699157092160","trial_id":2,"param_name":"layers","param_value_internal":2.0,"distribution":"{\"name\": \"IntDistribution\", \"attributes\": {\"log\": false, \"step\": 1, \"low\": 1, \"high\": 3}}"}
{"op_code":5,"worker_id":"1cece0ec-7cbd-4ce4-9072-ec811a3b25db-139699157092160","trial_id":2,"param_name":"nodes","param_value_internal":2,"distribution":"{\"name\": \"CategoricalDistribution\", \"attributes\": {\"choices\": [32, 64, 128]}}"}
{"op_code":5,"worker_id":"1cece0ec-7cbd-4ce4-9072-ec811a3b25db-139699157092160","trial_id":2,"param_name":"alpha","param_value_internal":0.42766732713533856,"distribution":"{\"name\": \"FloatDistribution\", \"attributes\": {\"step\": null, \"low\": 0.0, \"high\": 0.5, \"log\": false}}"}
{"op_code":5,"worker_id":"1cece0ec-7cbd-4ce4-9072-ec811a3b25db-139699157092160","trial_id":2,"param_name":"sigma","param_value_internal":0.028000175815344808,"distribution":"{\"name\": \"FloatDistribution\", \"attributes\": {\"step\": null, \"low\": 0.01, \"high\": 1.0, \"log\": true}}"}
{"op_code":6,"worker_id":"1cece0ec-7cbd-4ce4-9072-ec811a3b25db-139699157092160","trial_id":2,"state":1,"values":[0.5068885138757979],"datetime_complete":"2026-03-27T00:07:31.072581"}
{"op_code":4,"worker_id":"1cece0ec-7cbd-4ce4-9072-ec811a3b25db-139699157092160","study_id":0,"datetime_start":"2026-03-27T00:07:31.093105"}
{"op_code":5,"worker_id":"1cece0ec-7cbd-4ce4-9072-ec811a3b25db-139699157092160","trial_id":3,"param_name":"lr","param_value_internal":0.032209514163532994,"distribution":"{\"name\": \"FloatDistribution\", \"attributes\": {\"step\": null, \"low\": 0.0001, \"high\": 0.1, \"log\": true}}"}
{"op_code":5,"worker_id":"1cece0ec-7cbd-4ce4-9072-ec811a3b25db-139699157092160","trial_id":3,"param_name":"dropout","param_value_internal":0.07580869907884658,"distribution":"{\"name\": \"FloatDistribution\", \"attributes\": {\"step\": null, \"low\": 0.0, \"high\": 0.5, \"log\": false}}"}
{"op_code":5,"worker_id":"1cece0ec-7cbd-4ce4-9072-ec811a3b25db-139699157092160","trial_id":3,"param_name":"layers","param_value_internal":2.0,"distribution":"{\"name\": \"IntDistribution\", \"attributes\": {\"log\": false, \"step\": 1, \"low\": 1, \"high\": 3}}"}
{"op_code":5,"worker_id":"1cece0ec-7cbd-4ce4-9072-ec811a3b25db-139699157092160","trial_id":3,"param_name":"nodes","param_value_internal":2,"distribution":"{\"name\": \"CategoricalDistribution\", \"attributes\": {\"choices\": [32, 64, 128]}}"}
{"op_code":5,"worker_id":"1cece0ec-7cbd-4ce4-9072-ec811a3b25db-139699157092160","trial_id":3,"param_name":"alpha","param_value_internal":0.2038537583918879,"distribution":"{\"name\": \"FloatDistribution\", \"attributes\": {\"step\": null, \"low\": 0.0, \"high\": 0.5, \"log\": false}}"}
{"op_code":5,"worker_id":"1cece0ec-7cbd-4ce4-9072-ec811a3b25db-139699157092160","trial_id":3,"param_name":"sigma","param_value_internal":0.06686654019456378,"distribution":"{\"name\": \"FloatDistribution\", \"attributes\": {\"step\": null, \"low\": 0.01, \"high\": 1.0, \"log\": true}}"}
{"op_code":6,"worker_id":"1cece0ec-7cbd-4ce4-9072-ec811a3b25db-139699157092160","trial_id":3,"state":1,"values":[0.5068885138757979],"datetime_complete":"2026-03-27T00:07:33.386591"}
{"op_code":4,"worker_id":"1cece0ec-7cbd-4ce4-9072-ec811a3b25db-139699157092160","study_id":0,"datetime_start":"2026-03-27T00:07:33.402918"}
{"op_code":5,"worker_id":"1cece0ec-7cbd-4ce4-9072-ec811a3b25db-139699157092160","trial_id":4,"param_name":"lr","param_value_internal":0.00086024384793041,"distribution":"{\"name\": \"FloatDistribution\", \"attributes\": {\"step\": null, \"low\": 0.0001, \"high\": 0.1, \"log\": true}}"}
{"op_code":5,"worker_id":"1cece0ec-7cbd-4ce4-9072-ec811a3b25db-139699157092160","trial_id":4,"param_name":"dropout","param_value_internal":0.0984447741624383,"distribution":"{\"name\": \"FloatDistribution\", \"attributes\": {\"step\": null, \"low\": 0.0, \"high\": 0.5, \"log\": false}}"}
{"op_code":5,"worker_id":"1cece0ec-7cbd-4ce4-9072-ec811a3b25db-139699157092160","trial_id":4,"param_name":"layers","param_value_internal":3.0,"distribution":"{\"name\": \"IntDistribution\", \"attributes\": {\"log\": false, \"step\": 1, \"low\": 1, \"high\": 3}}"}
{"op_code":5,"worker_id":"1cece0ec-7cbd-4ce4-9072-ec811a3b25db-139699157092160","trial_id":4,"param_name":"nodes","param_value_internal":2,"distribution":"{\"name\": \"CategoricalDistribution\", \"attributes\": {\"choices\": [32, 64, 128]}}"}
{"op_code":5,"worker_id":"1cece0ec-7cbd-4ce4-9072-ec811a3b25db-139699157092160","trial_id":4,"param_name":"alpha","param_value_internal":0.15267593792841067,"distribution":"{\"name\": \"FloatDistribution\", \"attributes\": {\"step\": null, \"low\": 0.0, \"high\": 0.5, \"log\": false}}"}
{"op_code":5,"worker_id":"1cece0ec-7cbd-4ce4-9072-ec811a3b25db-139699157092160","trial_id":4,"param_name":"sigma","param_value_internal":0.20612891118150367,"distribution":"{\"name\": \"FloatDistribution\", \"attributes\": {\"step\": null, \"low\": 0.01, \"high\": 1.0, \"log\": true}}"}
{"op_code":6,"worker_id":"1cece0ec-7cbd-4ce4-9072-ec811a3b25db-139699157092160","trial_id":4,"state":1,"values":[0.6976405217322594],"datetime_complete":"2026-03-27T00:07:35.926799"}
{"op_code":4,"worker_id":"1cece0ec-7cbd-4ce4-9072-ec811a3b25db-139699157092160","study_id":0,"datetime_start":"2026-03-27T00:07:35.947855"}
{"op_code":5,"worker_id":"1cece0ec-7cbd-4ce4-9072-ec811a3b25db-139699157092160","trial_id":5,"param_name":"lr","param_value_internal":0.0001575794815094522,"distribution":"{\"name\": \"FloatDistribution\", \"attributes\": {\"step\": null, \"low\": 0.0001, \"high\": 0.1, \"log\": true}}"}
{"op_code":5,"worker_id":"1cece0ec-7cbd-4ce4-9072-ec811a3b25db-139699157092160","trial_id":5,"param_name":"dropout","param_value_internal":0.0224804587855299,"distribution":"{\"name\": \"FloatDistribution\", \"attributes\": {\"step\": null, \"low\": 0.0, \"high\": 0.5, \"log\": false}}"}
{"op_code":5,"worker_id":"1cece0ec-7cbd-4ce4-9072-ec811a3b25db-139699157092160","trial_id":5,"param_name":"layers","param_value_internal":3.0,"distribution":"{\"name\": \"IntDistribution\", \"attributes\": {\"log\": false, \"step\": 1, \"low\": 1, \"high\": 3}}"}
{"op_code":5,"worker_id":"1cece0ec-7cbd-4ce4-9072-ec811a3b25db-139699157092160","trial_id":5,"param_name":"nodes","param_value_internal":2,"distribution":"{\"name\": \"CategoricalDistribution\", \"attributes\": {\"choices\": [32, 64, 128]}}"}
{"op_code":5,"worker_id":"1cece0ec-7cbd-4ce4-9072-ec811a3b25db-139699157092160","trial_id":5,"param_name":"alpha","param_value_internal":0.17799942297743532,"distribution":"{\"name\": \"FloatDistribution\", \"attributes\": {\"step\": null, \"low\": 0.0, \"high\": 0.5, \"log\": false}}"}
{"op_code":5,"worker_id":"1cece0ec-7cbd-4ce4-9072-ec811a3b25db-139699157092160","trial_id":5,"param_name":"sigma","param_value_internal":0.04360661099427842,"distribution":"{\"name\": \"FloatDistribution\", \"attributes\": {\"step\": null, \"low\": 0.01, \"high\": 1.0, \"log\": true}}"}
{"op_code":6,"worker_id":"1cece0ec-7cbd-4ce4-9072-ec811a3b25db-139699157092160","trial_id":5,"state":1,"values":[0.7034213986984914],"datetime_complete":"2026-03-27T00:07:38.459184"}
{"op_code":4,"worker_id":"1cece0ec-7cbd-4ce4-9072-ec811a3b25db-139699157092160","study_id":0,"datetime_start":"2026-03-27T00:07:38.482563"}
{"op_code":5,"worker_id":"1cece0ec-7cbd-4ce4-9072-ec811a3b25db-139699157092160","trial_id":6,"param_name":"lr","param_value_internal":0.011322886384536114,"distribution":"{\"name\": \"FloatDistribution\", \"attributes\": {\"step\": null, \"low\": 0.0001, \"high\": 0.1, \"log\": true}}"}
{"op_code":5,"worker_id":"1cece0ec-7cbd-4ce4-9072-ec811a3b25db-139699157092160","trial_id":6,"param_name":"dropout","param_value_internal":0.43613539224763903,"distribution":"{\"name\": \"FloatDistribution\", \"attributes\": {\"step\": null, \"low\": 0.0, \"high\": 0.5, \"log\": false}}"}
{"op_code":5,"worker_id":"1cece0ec-7cbd-4ce4-9072-ec811a3b25db-139699157092160","trial_id":6,"param_name":"layers","param_value_internal":1.0,"distribution":"{\"name\": \"IntDistribution\", \"attributes\": {\"log\": false, \"step\": 1, \"low\": 1, \"high\": 3}}"}
{"op_code":5,"worker_id":"1cece0ec-7cbd-4ce4-9072-ec811a3b25db-139699157092160","trial_id":6,"param_name":"nodes","param_value_internal":2,"distribution":"{\"name\": \"CategoricalDistribution\", \"attributes\": {\"choices\": [32, 64, 128]}}"}
{"op_code":5,"worker_id":"1cece0ec-7cbd-4ce4-9072-ec811a3b25db-139699157092160","trial_id":6,"param_name":"alpha","param_value_internal":0.19734701723419834,"distribution":"{\"name\": \"FloatDistribution\", \"attributes\": {\"step\": null, \"low\": 0.0, \"high\": 0.5, \"log\": false}}"}
{"op_code":5,"worker_id":"1cece0ec-7cbd-4ce4-9072-ec811a3b25db-139699157092160","trial_id":6,"param_name":"sigma","param_value_internal":0.21985289279650522,"distribution":"{\"name\": \"FloatDistribution\", \"attributes\": {\"step\": null, \"low\": 0.01, \"high\": 1.0, \"log\": true}}"}
{"op_code":6,"worker_id":"1cece0ec-7cbd-4ce4-9072-ec811a3b25db-139699157092160","trial_id":6,"state":1,"values":[0.7197212987995192],"datetime_complete":"2026-03-27T00:07:40.577851"}
{"op_code":4,"worker_id":"1cece0ec-7cbd-4ce4-9072-ec811a3b25db-139699157092160","study_id":0,"datetime_start":"2026-03-27T00:07:40.601858"}
{"op_code":5,"worker_id":"1cece0ec-7cbd-4ce4-9072-ec811a3b25db-139699157092160","trial_id":7,"param_name":"lr","param_value_internal":0.020261119119351162,"distribution":"{\"name\": \"FloatDistribution\", \"attributes\": {\"step\": null, \"low\": 0.0001, \"high\": 0.1, \"log\": true}}"}
{"op_code":5,"worker_id":"1cece0ec-7cbd-4ce4-9072-ec811a3b25db-139699157092160","trial_id":7,"param_name":"dropout","param_value_internal":0.12582893606604306,"distribution":"{\"name\": \"FloatDistribution\", \"attributes\": {\"step\": null, \"low\": 0.0, \"high\": 0.5, \"log\": false}}"}
{"op_code":5,"worker_id":"1cece0ec-7cbd-4ce4-9072-ec811a3b25db-139699157092160","trial_id":7,"param_name":"layers","param_value_internal":2.0,"distribution":"{\"name\": \"IntDistribution\", \"attributes\": {\"log\": false, \"step\": 1, \"low\": 1, \"high\": 3}}"}
{"op_code":5,"worker_id":"1cece0ec-7cbd-4ce4-9072-ec811a3b25db-139699157092160","trial_id":7,"param_name":"nodes","param_value_internal":1,"distribution":"{\"name\": \"CategoricalDistribution\", \"attributes\": {\"choices\": [32, 64, 128]}}"}
{"op_code":5,"worker_id":"1cece0ec-7cbd-4ce4-9072-ec811a3b25db-139699157092160","trial_id":7,"param_name":"alpha","param_value_internal":0.2762099530071915,"distribution":"{\"name\": \"FloatDistribution\", \"attributes\": {\"step\": null, \"low\": 0.0, \"high\": 0.5, \"log\": false}}"}
{"op_code":5,"worker_id":"1cece0ec-7cbd-4ce4-9072-ec811a3b25db-139699157092160","trial_id":7,"param_name":"sigma","param_value_internal":0.14969976295901333,"distribution":"{\"name\": \"FloatDistribution\", \"attributes\": {\"step\": null, \"low\": 0.01, \"high\": 1.0, \"log\": true}}"}
{"op_code":6,"worker_id":"1cece0ec-7cbd-4ce4-9072-ec811a3b25db-139699157092160","trial_id":7,"state":1,"values":[0.7057312096806055],"datetime_complete":"2026-03-27T00:07:42.922636"}
{"op_code":4,"worker_id":"1cece0ec-7cbd-4ce4-9072-ec811a3b25db-139699157092160","study_id":0,"datetime_start":"2026-03-27T00:07:42.944385"}
{"op_code":5,"worker_id":"1cece0ec-7cbd-4ce4-9072-ec811a3b25db-139699157092160","trial_id":8,"param_name":"lr","param_value_internal":0.000252613754101115,"distribution":"{\"name\": \"FloatDistribution\", \"attributes\": {\"step\": null, \"low\": 0.0001, \"high\": 0.1, \"log\": true}}"}
{"op_code":5,"worker_id":"1cece0ec-7cbd-4ce4-9072-ec811a3b25db-139699157092160","trial_id":8,"param_name":"dropout","param_value_internal":0.11371271662804655,"distribution":"{\"name\": \"FloatDistribution\", \"attributes\": {\"step\": null, \"low\": 0.0, \"high\": 0.5, \"log\": false}}"}
{"op_code":5,"worker_id":"1cece0ec-7cbd-4ce4-9072-ec811a3b25db-139699157092160","trial_id":8,"param_name":"layers","param_value_internal":1.0,"distribution":"{\"name\": \"IntDistribution\", \"attributes\": {\"log\": false, \"step\": 1, \"low\": 1, \"high\": 3}}"}
{"op_code":5,"worker_id":"1cece0ec-7cbd-4ce4-9072-ec811a3b25db-139699157092160","trial_id":8,"param_name":"nodes","param_value_internal":0,"distribution":"{\"name\": \"CategoricalDistribution\", \"attributes\": {\"choices\": [32, 64, 128]}}"}
{"op_code":5,"worker_id":"1cece0ec-7cbd-4ce4-9072-ec811a3b25db-139699157092160","trial_id":8,"param_name":"alpha","param_value_internal":0.30311983435831574,"distribution":"{\"name\": \"FloatDistribution\", \"attributes\": {\"step\": null, \"low\": 0.0, \"high\": 0.5, \"log\": false}}"}
{"op_code":5,"worker_id":"1cece0ec-7cbd-4ce4-9072-ec811a3b25db-139699157092160","trial_id":8,"param_name":"sigma","param_value_internal":0.11106368542962053,"distribution":"{\"name\": \"FloatDistribution\", \"attributes\": {\"step\": null, \"low\": 0.01, \"high\": 1.0, \"log\": true}}"}
{"op_code":6,"worker_id":"1cece0ec-7cbd-4ce4-9072-ec811a3b25db-139699157092160","trial_id":8,"state":1,"values":[0.7366448619757421],"datetime_complete":"2026-03-27T00:07:45.025297"}
{"op_code":4,"worker_id":"1cece0ec-7cbd-4ce4-9072-ec811a3b25db-139699157092160","study_id":0,"datetime_start":"2026-03-27T00:07:45.049867"}
{"op_code":5,"worker_id":"1cece0ec-7cbd-4ce4-9072-ec811a3b25db-139699157092160","trial_id":9,"param_name":"lr","param_value_internal":0.0001398721256171467,"distribution":"{\"name\": \"FloatDistribution\", \"attributes\": {\"step\": null, \"low\": 0.0001, \"high\": 0.1, \"log\": true}}"}
{"op_code":5,"worker_id":"1cece0ec-7cbd-4ce4-9072-ec811a3b25db-139699157092160","trial_id":9,"param_name":"dropout","param_value_internal":0.0032691519246314527,"distribution":"{\"name\": \"FloatDistribution\", \"attributes\": {\"step\": null, \"low\": 0.0, \"high\": 0.5, \"log\": false}}"}
{"op_code":5,"worker_id":"1cece0ec-7cbd-4ce4-9072-ec811a3b25db-139699157092160","trial_id":9,"param_name":"layers","param_value_internal":1.0,"distribution":"{\"name\": \"IntDistribution\", \"attributes\": {\"log\": false, \"step\": 1, \"low\": 1, \"high\": 3}}"}
{"op_code":5,"worker_id":"1cece0ec-7cbd-4ce4-9072-ec811a3b25db-139699157092160","trial_id":9,"param_name":"nodes","param_value_internal":2,"distribution":"{\"name\": \"CategoricalDistribution\", \"attributes\": {\"choices\": [32, 64, 128]}}"}
{"op_code":5,"worker_id":"1cece0ec-7cbd-4ce4-9072-ec811a3b25db-139699157092160","trial_id":9,"param_name":"alpha","param_value_internal":0.11067670831130555,"distribution":"{\"name\": \"FloatDistribution\", \"attributes\": {\"step\": null, \"low\": 0.0, \"high\": 0.5, \"log\": false}}"}
{"op_code":5,"worker_id":"1cece0ec-7cbd-4ce4-9072-ec811a3b25db-139699157092160","trial_id":9,"param_name":"sigma","param_value_internal":0.08877833728946881,"distribution":"{\"name\": \"FloatDistribution\", \"attributes\": {\"step\": null, \"low\": 0.01, \"high\": 1.0, \"log\": true}}"}
{"op_code":6,"worker_id":"1cece0ec-7cbd-4ce4-9072-ec811a3b25db-139699157092160","trial_id":9,"state":1,"values":[0.7295009566596493],"datetime_complete":"2026-03-27T00:07:47.141917"}
{"op_code":4,"worker_id":"1cece0ec-7cbd-4ce4-9072-ec811a3b25db-139699157092160","study_id":0,"datetime_start":"2026-03-27T00:07:47.168051"}
{"op_code":5,"worker_id":"1cece0ec-7cbd-4ce4-9072-ec811a3b25db-139699157092160","trial_id":10,"param_name":"lr","param_value_internal":0.001956038507811858,"distribution":"{\"name\": \"FloatDistribution\", \"attributes\": {\"step\": null, \"low\": 0.0001, \"high\": 0.1, \"log\": true}}"}
{"op_code":5,"worker_id":"1cece0ec-7cbd-4ce4-9072-ec811a3b25db-139699157092160","trial_id":10,"param_name":"dropout","param_value_internal":0.46885325761180563,"distribution":"{\"name\": \"FloatDistribution\", \"attributes\": {\"step\": null, \"low\": 0.0, \"high\": 0.5, \"log\": false}}"}
{"op_code":5,"worker_id":"1cece0ec-7cbd-4ce4-9072-ec811a3b25db-139699157092160","trial_id":10,"param_name":"layers","param_value_internal":3.0,"distribution":"{\"name\": \"IntDistribution\", \"attributes\": {\"log\": false, \"step\": 1, \"low\": 1, \"high\": 3}}"}
{"op_code":5,"worker_id":"1cece0ec-7cbd-4ce4-9072-ec811a3b25db-139699157092160","trial_id":10,"param_name":"nodes","param_value_internal":0,"distribution":"{\"name\": \"CategoricalDistribution\", \"attributes\": {\"choices\": [32, 64, 128]}}"}
{"op_code":5,"worker_id":"1cece0ec-7cbd-4ce4-9072-ec811a3b25db-139699157092160","trial_id":10,"param_name":"alpha","param_value_internal":0.0005175874875130992,"distribution":"{\"name\": \"FloatDistribution\", \"attributes\": {\"step\": null, \"low\": 0.0, \"high\": 0.5, \"log\": false}}"}
{"op_code":5,"worker_id":"1cece0ec-7cbd-4ce4-9072-ec811a3b25db-139699157092160","trial_id":10,"param_name":"sigma","param_value_internal":0.9431792842802831,"distribution":"{\"name\": \"FloatDistribution\", \"attributes\": {\"step\": null, \"low\": 0.01, \"high\": 1.0, \"log\": true}}"}
{"op_code":6,"worker_id":"1cece0ec-7cbd-4ce4-9072-ec811a3b25db-139699157092160","trial_id":10,"state":1,"values":[0.7708475609411951],"datetime_complete":"2026-03-27T00:07:49.681093"}
{"op_code":4,"worker_id":"1cece0ec-7cbd-4ce4-9072-ec811a3b25db-139699157092160","study_id":0,"datetime_start":"2026-03-27T00:07:49.700665"}
{"op_code":5,"worker_id":"1cece0ec-7cbd-4ce4-9072-ec811a3b25db-139699157092160","trial_id":11,"param_name":"lr","param_value_internal":0.0018385187454689885,"distribution":"{\"name\": \"FloatDistribution\", \"attributes\": {\"step\": null, \"low\": 0.0001, \"high\": 0.1, \"log\": true}}"}
{"op_code":5,"worker_id":"1cece0ec-7cbd-4ce4-9072-ec811a3b25db-139699157092160","trial_id":11,"param_name":"dropout","param_value_internal":0.47230575080943665,"distribution":"{\"name\": \"FloatDistribution\", \"attributes\": {\"step\": null, \"low\": 0.0, \"high\": 0.5, \"log\": false}}"}
{"op_code":5,"worker_id":"1cece0ec-7cbd-4ce4-9072-ec811a3b25db-139699157092160","trial_id":11,"param_name":"layers","param_value_internal":3.0,"distribution":"{\"name\": \"IntDistribution\", \"attributes\": {\"log\": false, \"step\": 1, \"low\": 1, \"high\": 3}}"}
{"op_code":5,"worker_id":"1cece0ec-7cbd-4ce4-9072-ec811a3b25db-139699157092160","trial_id":11,"param_name":"nodes","param_value_internal":0,"distribution":"{\"name\": \"CategoricalDistribution\", \"attributes\": {\"choices\": [32, 64, 128]}}"}
{"op_code":5,"worker_id":"1cece0ec-7cbd-4ce4-9072-ec811a3b25db-139699157092160","trial_id":11,"param_name":"alpha","param_value_internal":0.016418956877640056,"distribution":"{\"name\": \"FloatDistribution\", \"attributes\": {\"step\": null, \"low\": 0.0, \"high\": 0.5, \"log\": false}}"}
{"op_code":5,"worker_id":"1cece0ec-7cbd-4ce4-9072-ec811a3b25db-139699157092160","trial_id":11,"param_name":"sigma","param_value_internal":0.7849695233011041,"distribution":"{\"name\": \"FloatDistribution\", \"attributes\": {\"step\": null, \"low\": 0.01, \"high\": 1.0, \"log\": true}}"}
{"op_code":6,"worker_id":"1cece0ec-7cbd-4ce4-9072-ec811a3b25db-139699157092160","trial_id":11,"state":1,"values":[0.7945749778472618],"datetime_complete":"2026-03-27T00:07:52.504539"}
{"op_code":4,"worker_id":"1cece0ec-7cbd-4ce4-9072-ec811a3b25db-139699157092160","study_id":0,"datetime_start":"2026-03-27T00:07:52.523758"}
{"op_code":5,"worker_id":"1cece0ec-7cbd-4ce4-9072-ec811a3b25db-139699157092160","trial_id":12,"param_name":"lr","param_value_internal":0.004492490655942982,"distribution":"{\"name\": \"FloatDistribution\", \"attributes\": {\"step\": null, \"low\": 0.0001, \"high\": 0.1, \"log\": true}}"}
{"op_code":5,"worker_id":"1cece0ec-7cbd-4ce4-9072-ec811a3b25db-139699157092160","trial_id":12,"param_name":"dropout","param_value_internal":0.3694140633681971,"distribution":"{\"name\": \"FloatDistribution\", \"attributes\": {\"step\": null, \"low\": 0.0, \"high\": 0.5, \"log\": false}}"}
{"op_code":5,"worker_id":"1cece0ec-7cbd-4ce4-9072-ec811a3b25db-139699157092160","trial_id":12,"param_name":"layers","param_value_internal":3.0,"distribution":"{\"name\": \"IntDistribution\", \"attributes\": {\"log\": false, \"step\": 1, \"low\": 1, \"high\": 3}}"}
{"op_code":5,"worker_id":"1cece0ec-7cbd-4ce4-9072-ec811a3b25db-139699157092160","trial_id":12,"param_name":"nodes","param_value_internal":0,"distribution":"{\"name\": \"CategoricalDistribution\", \"attributes\": {\"choices\": [32, 64, 128]}}"}
{"op_code":5,"worker_id":"1cece0ec-7cbd-4ce4-9072-ec811a3b25db-139699157092160","trial_id":12,"param_name":"alpha","param_value_internal":0.3928443673629923,"distribution":"{\"name\": \"FloatDistribution\", \"attributes\": {\"step\": null, \"low\": 0.0, \"high\": 0.5, \"log\": false}}"}
{"op_code":5,"worker_id":"1cece0ec-7cbd-4ce4-9072-ec811a3b25db-139699157092160","trial_id":12,"param_name":"sigma","param_value_internal":0.011146340203989406,"distribution":"{\"name\": \"FloatDistribution\", \"attributes\": {\"step\": null, \"low\": 0.01, \"high\": 1.0, \"log\": true}}"}
{"op_code":6,"worker_id":"1cece0ec-7cbd-4ce4-9072-ec811a3b25db-139699157092160","trial_id":12,"state":1,"values":[0.5735612008195102],"datetime_complete":"2026-03-27T00:07:55.066338"}
{"op_code":4,"worker_id":"1cece0ec-7cbd-4ce4-9072-ec811a3b25db-139699157092160","study_id":0,"datetime_start":"2026-03-27T00:07:55.089021"}
{"op_code":5,"worker_id":"1cece0ec-7cbd-4ce4-9072-ec811a3b25db-139699157092160","trial_id":13,"param_name":"lr","param_value_internal":0.0009099427039945182,"distribution":"{\"name\": \"FloatDistribution\", \"attributes\": {\"step\": null, \"low\": 0.0001, \"high\": 0.1, \"log\": true}}"}
{"op_code":5,"worker_id":"1cece0ec-7cbd-4ce4-9072-ec811a3b25db-139699157092160","trial_id":13,"param_name":"dropout","param_value_internal":0.31045920903433005,"distribution":"{\"name\": \"FloatDistribution\", \"attributes\": {\"step\": null, \"low\": 0.0, \"high\": 0.5, \"log\": false}}"}
{"op_code":5,"worker_id":"1cece0ec-7cbd-4ce4-9072-ec811a3b25db-139699157092160","trial_id":13,"param_name":"layers","param_value_internal":3.0,"distribution":"{\"name\": \"IntDistribution\", \"attributes\": {\"log\": false, \"step\": 1, \"low\": 1, \"high\": 3}}"}
{"op_code":5,"worker_id":"1cece0ec-7cbd-4ce4-9072-ec811a3b25db-139699157092160","trial_id":13,"param_name":"nodes","param_value_internal":0,"distribution":"{\"name\": \"CategoricalDistribution\", \"attributes\": {\"choices\": [32, 64, 128]}}"}
{"op_code":5,"worker_id":"1cece0ec-7cbd-4ce4-9072-ec811a3b25db-139699157092160","trial_id":13,"param_name":"alpha","param_value_internal":0.48544295616639876,"distribution":"{\"name\": \"FloatDistribution\", \"attributes\": {\"step\": null, \"low\": 0.0, \"high\": 0.5, \"log\": false}}"}
{"op_code":5,"worker_id":"1cece0ec-7cbd-4ce4-9072-ec811a3b25db-139699157092160","trial_id":13,"param_name":"sigma","param_value_internal":0.7286474459827421,"distribution":"{\"name\": \"FloatDistribution\", \"attributes\": {\"step\": null, \"low\": 0.01, \"high\": 1.0, \"log\": true}}"}
{"op_code":6,"worker_id":"1cece0ec-7cbd-4ce4-9072-ec811a3b25db-139699157092160","trial_id":13,"state":1,"values":[0.7224910965746505],"datetime_complete":"2026-03-27T00:07:57.610390"}
{"op_code":4,"worker_id":"1cece0ec-7cbd-4ce4-9072-ec811a3b25db-139699157092160","study_id":0,"datetime_start":"2026-03-27T00:07:57.629299"}
{"op_code":5,"worker_id":"1cece0ec-7cbd-4ce4-9072-ec811a3b25db-139699157092160","trial_id":14,"param_name":"lr","param_value_internal":0.007889734663033592,"distribution":"{\"name\": \"FloatDistribution\", \"attributes\": {\"step\": null, \"low\": 0.0001, \"high\": 0.1, \"log\": true}}"}
{"op_code":5,"worker_id":"1cece0ec-7cbd-4ce4-9072-ec811a3b25db-139699157092160","trial_id":14,"param_name":"dropout","param_value_internal":0.4096208312997112,"distribution":"{\"name\": \"FloatDistribution\", \"attributes\": {\"step\": null, \"low\": 0.0, \"high\": 0.5, \"log\": false}}"}
{"op_code":5,"worker_id":"1cece0ec-7cbd-4ce4-9072-ec811a3b25db-139699157092160","trial_id":14,"param_name":"layers","param_value_internal":3.0,"distribution":"{\"name\": \"IntDistribution\", \"attributes\": {\"log\": false, \"step\": 1, \"low\": 1, \"high\": 3}}"}
{"op_code":5,"worker_id":"1cece0ec-7cbd-4ce4-9072-ec811a3b25db-139699157092160","trial_id":14,"param_name":"nodes","param_value_internal":1,"distribution":"{\"name\": \"CategoricalDistribution\", \"attributes\": {\"choices\": [32, 64, 128]}}"}
{"op_code":5,"worker_id":"1cece0ec-7cbd-4ce4-9072-ec811a3b25db-139699157092160","trial_id":14,"param_name":"alpha","param_value_internal":0.029812487617856487,"distribution":"{\"name\": \"FloatDistribution\", \"attributes\": {\"step\": null, \"low\": 0.0, \"high\": 0.5, \"log\": false}}"}
{"op_code":5,"worker_id":"1cece0ec-7cbd-4ce4-9072-ec811a3b25db-139699157092160","trial_id":14,"param_name":"sigma","param_value_internal":0.4336107905765448,"distribution":"{\"name\": \"FloatDistribution\", \"attributes\": {\"step\": null, \"low\": 0.01, \"high\": 1.0, \"log\": true}}"}
{"op_code":6,"worker_id":"1cece0ec-7cbd-4ce4-9072-ec811a3b25db-139699157092160","trial_id":14,"state":1,"values":[0.7720144599529289],"datetime_complete":"2026-03-27T00:08:00.137091"}
{"op_code":4,"worker_id":"1cece0ec-7cbd-4ce4-9072-ec811a3b25db-139699157092160","study_id":0,"datetime_start":"2026-03-27T00:08:00.161304"}
{"op_code":5,"worker_id":"1cece0ec-7cbd-4ce4-9072-ec811a3b25db-139699157092160","trial_id":15,"param_name":"lr","param_value_internal":0.001562314365875439,"distribution":"{\"name\": \"FloatDistribution\", \"attributes\": {\"step\": null, \"low\": 0.0001, \"high\": 0.1, \"log\": true}}"}
{"op_code":5,"worker_id":"1cece0ec-7cbd-4ce4-9072-ec811a3b25db-139699157092160","trial_id":15,"param_name":"dropout","param_value_internal":0.2380192506199143,"distribution":"{\"name\": \"FloatDistribution\", \"attributes\": {\"step\": null, \"low\": 0.0, \"high\": 0.5, \"log\": false}}"}
{"op_code":5,"worker_id":"1cece0ec-7cbd-4ce4-9072-ec811a3b25db-139699157092160","trial_id":15,"param_name":"layers","param_value_internal":2.0,"distribution":"{\"name\": \"IntDistribution\", \"attributes\": {\"log\": false, \"step\": 1, \"low\": 1, \"high\": 3}}"}
{"op_code":5,"worker_id":"1cece0ec-7cbd-4ce4-9072-ec811a3b25db-139699157092160","trial_id":15,"param_name":"nodes","param_value_internal":0,"distribution":"{\"name\": \"CategoricalDistribution\", \"attributes\": {\"choices\": [32, 64, 128]}}"}
{"op_code":5,"worker_id":"1cece0ec-7cbd-4ce4-9072-ec811a3b25db-139699157092160","trial_id":15,"param_name":"alpha","param_value_internal":0.3497837474336614,"distribution":"{\"name\": \"FloatDistribution\", \"attributes\": {\"step\": null, \"low\": 0.0, \"high\": 0.5, \"log\": false}}"}
{"op_code":5,"worker_id":"1cece0ec-7cbd-4ce4-9072-ec811a3b25db-139699157092160","trial_id":15,"param_name":"sigma","param_value_internal":0.01733424404119508,"distribution":"{\"name\": \"FloatDistribution\", \"attributes\": {\"step\": null, \"low\": 0.01, \"high\": 1.0, \"log\": true}}"}
{"op_code":6,"worker_id":"1cece0ec-7cbd-4ce4-9072-ec811a3b25db-139699157092160","trial_id":15,"state":1,"values":[0.44111604648406416],"datetime_complete":"2026-03-27T00:08:02.461318"}
{"op_code":4,"worker_id":"1cece0ec-7cbd-4ce4-9072-ec811a3b25db-139699157092160","study_id":0,"datetime_start":"2026-03-27T00:08:02.492571"}
{"op_code":5,"worker_id":"1cece0ec-7cbd-4ce4-9072-ec811a3b25db-139699157092160","trial_id":16,"param_name":"lr","param_value_internal":0.0005839616876639357,"distribution":"{\"name\": \"FloatDistribution\", \"attributes\": {\"step\": null, \"low\": 0.0001, \"high\": 0.1, \"log\": true}}"}
{"op_code":5,"worker_id":"1cece0ec-7cbd-4ce4-9072-ec811a3b25db-139699157092160","trial_id":16,"param_name":"dropout","param_value_internal":0.49781659250297733,"distribution":"{\"name\": \"FloatDistribution\", \"attributes\": {\"step\": null, \"low\": 0.0, \"high\": 0.5, \"log\": false}}"}
{"op_code":5,"worker_id":"1cece0ec-7cbd-4ce4-9072-ec811a3b25db-139699157092160","trial_id":16,"param_name":"layers","param_value_internal":3.0,"distribution":"{\"name\": \"IntDistribution\", \"attributes\": {\"log\": false, \"step\": 1, \"low\": 1, \"high\": 3}}"}
{"op_code":5,"worker_id":"1cece0ec-7cbd-4ce4-9072-ec811a3b25db-139699157092160","trial_id":16,"param_name":"nodes","param_value_internal":0,"distribution":"{\"name\": \"CategoricalDistribution\", \"attributes\": {\"choices\": [32, 64, 128]}}"}
{"op_code":5,"worker_id":"1cece0ec-7cbd-4ce4-9072-ec811a3b25db-139699157092160","trial_id":16,"param_name":"alpha","param_value_internal":0.0810882050045775,"distribution":"{\"name\": \"FloatDistribution\", \"attributes\": {\"step\": null, \"low\": 0.0, \"high\": 0.5, \"log\": false}}"}
{"op_code":5,"worker_id":"1cece0ec-7cbd-4ce4-9072-ec811a3b25db-139699157092160","trial_id":16,"param_name":"sigma","param_value_internal":0.4045371477315505,"distribution":"{\"name\": \"FloatDistribution\", \"attributes\": {\"step\": null, \"low\": 0.01, \"high\": 1.0, \"log\": true}}"}
{"op_code":6,"worker_id":"1cece0ec-7cbd-4ce4-9072-ec811a3b25db-139699157092160","trial_id":16,"state":1,"values":[0.7863460116605241],"datetime_complete":"2026-03-27T00:08:05.028224"}
{"op_code":4,"worker_id":"1cece0ec-7cbd-4ce4-9072-ec811a3b25db-139699157092160","study_id":0,"datetime_start":"2026-03-27T00:08:05.042923"}
{"op_code":5,"worker_id":"1cece0ec-7cbd-4ce4-9072-ec811a3b25db-139699157092160","trial_id":17,"param_name":"lr","param_value_internal":0.00046005846243193596,"distribution":"{\"name\": \"FloatDistribution\", \"attributes\": {\"step\": null, \"low\": 0.0001, \"high\": 0.1, \"log\": true}}"}
{"op_code":5,"worker_id":"1cece0ec-7cbd-4ce4-9072-ec811a3b25db-139699157092160","trial_id":17,"param_name":"dropout","param_value_internal":0.49889710310095753,"distribution":"{\"name\": \"FloatDistribution\", \"attributes\": {\"step\": null, \"low\": 0.0, \"high\": 0.5, \"log\": false}}"}
{"op_code":5,"worker_id":"1cece0ec-7cbd-4ce4-9072-ec811a3b25db-139699157092160","trial_id":17,"param_name":"layers","param_value_internal":3.0,"distribution":"{\"name\": \"IntDistribution\", \"attributes\": {\"log\": false, \"step\": 1, \"low\": 1, \"high\": 3}}"}
{"op_code":5,"worker_id":"1cece0ec-7cbd-4ce4-9072-ec811a3b25db-139699157092160","trial_id":17,"param_name":"nodes","param_value_internal":0,"distribution":"{\"name\": \"CategoricalDistribution\", \"attributes\": {\"choices\": [32, 64, 128]}}"}
{"op_code":5,"worker_id":"1cece0ec-7cbd-4ce4-9072-ec811a3b25db-139699157092160","trial_id":17,"param_name":"alpha","param_value_internal":0.07665706180838378,"distribution":"{\"name\": \"FloatDistribution\", \"attributes\": {\"step\": null, \"low\": 0.0, \"high\": 0.5, \"log\": false}}"}
{"op_code":5,"worker_id":"1cece0ec-7cbd-4ce4-9072-ec811a3b25db-139699157092160","trial_id":17,"param_name":"sigma","param_value_internal":0.472386308865788,"distribution":"{\"name\": \"FloatDistribution\", \"attributes\": {\"step\": null, \"low\": 0.01, \"high\": 1.0, \"log\": true}}"}
{"op_code":6,"worker_id":"1cece0ec-7cbd-4ce4-9072-ec811a3b25db-139699157092160","trial_id":17,"state":1,"values":[0.7754502508762325],"datetime_complete":"2026-03-27T00:08:07.528518"}
{"op_code":4,"worker_id":"1cece0ec-7cbd-4ce4-9072-ec811a3b25db-139699157092160","study_id":0,"datetime_start":"2026-03-27T00:08:07.551994"}
{"op_code":5,"worker_id":"1cece0ec-7cbd-4ce4-9072-ec811a3b25db-139699157092160","trial_id":18,"param_name":"lr","param_value_internal":0.0004566880843686922,"distribution":"{\"name\": \"FloatDistribution\", \"attributes\": {\"step\": null, \"low\": 0.0001, \"high\": 0.1, \"log\": true}}"}
{"op_code":5,"worker_id":"1cece0ec-7cbd-4ce4-9072-ec811a3b25db-139699157092160","trial_id":18,"param_name":"dropout","param_value_internal":0.4210577227708853,"distribution":"{\"name\": \"FloatDistribution\", \"attributes\": {\"step\": null, \"low\": 0.0, \"high\": 0.5, \"log\": false}}"}
{"op_code":5,"worker_id":"1cece0ec-7cbd-4ce4-9072-ec811a3b25db-139699157092160","trial_id":18,"param_name":"layers","param_value_internal":3.0,"distribution":"{\"name\": \"IntDistribution\", \"attributes\": {\"log\": false, \"step\": 1, \"low\": 1, \"high\": 3}}"}
{"op_code":5,"worker_id":"1cece0ec-7cbd-4ce4-9072-ec811a3b25db-139699157092160","trial_id":18,"param_name":"nodes","param_value_internal":1,"distribution":"{\"name\": \"CategoricalDistribution\", \"attributes\": {\"choices\": [32, 64, 128]}}"}
{"op_code":5,"worker_id":"1cece0ec-7cbd-4ce4-9072-ec811a3b25db-139699157092160","trial_id":18,"param_name":"alpha","param_value_internal":0.07329525872986042,"distribution":"{\"name\": \"FloatDistribution\", \"attributes\": {\"step\": null, \"low\": 0.0, \"high\": 0.5, \"log\": false}}"}
{"op_code":5,"worker_id":"1cece0ec-7cbd-4ce4-9072-ec811a3b25db-139699157092160","trial_id":18,"param_name":"sigma","param_value_internal":0.42148872196075765,"distribution":"{\"name\": \"FloatDistribution\", \"attributes\": {\"step\": null, \"low\": 0.01, \"high\": 1.0, \"log\": true}}"}
{"op_code":6,"worker_id":"1cece0ec-7cbd-4ce4-9072-ec811a3b25db-139699157092160","trial_id":18,"state":1,"values":[0.7882466319371935],"datetime_complete":"2026-03-27T00:08:10.049606"}
{"op_code":4,"worker_id":"1cece0ec-7cbd-4ce4-9072-ec811a3b25db-139699157092160","study_id":0,"datetime_start":"2026-03-27T00:08:10.068581"}
{"op_code":5,"worker_id":"1cece0ec-7cbd-4ce4-9072-ec811a3b25db-139699157092160","trial_id":19,"param_name":"lr","param_value_internal":0.0003292550063500396,"distribution":"{\"name\": \"FloatDistribution\", \"attributes\": {\"step\": null, \"low\": 0.0001, \"high\": 0.1, \"log\": true}}"}
{"op_code":5,"worker_id":"1cece0ec-7cbd-4ce4-9072-ec811a3b25db-139699157092160","trial_id":19,"param_name":"dropout","param_value_internal":0.2913476269270604,"distribution":"{\"name\": \"FloatDistribution\", \"attributes\": {\"step\": null, \"low\": 0.0, \"high\": 0.5, \"log\": false}}"}
{"op_code":5,"worker_id":"1cece0ec-7cbd-4ce4-9072-ec811a3b25db-139699157092160","trial_id":19,"param_name":"layers","param_value_internal":2.0,"distribution":"{\"name\": \"IntDistribution\", \"attributes\": {\"log\": false, \"step\": 1, \"low\": 1, \"high\": 3}}"}
{"op_code":5,"worker_id":"1cece0ec-7cbd-4ce4-9072-ec811a3b25db-139699157092160","trial_id":19,"param_name":"nodes","param_value_internal":1,"distribution":"{\"name\": \"CategoricalDistribution\", \"attributes\": {\"choices\": [32, 64, 128]}}"}
{"op_code":5,"worker_id":"1cece0ec-7cbd-4ce4-9072-ec811a3b25db-139699157092160","trial_id":19,"param_name":"alpha","param_value_internal":0.0354268232321962,"distribution":"{\"name\": \"FloatDistribution\", \"attributes\": {\"step\": null, \"low\": 0.0, \"high\": 0.5, \"log\": false}}"}
{"op_code":5,"worker_id":"1cece0ec-7cbd-4ce4-9072-ec811a3b25db-139699157092160","trial_id":19,"param_name":"sigma","param_value_internal":0.6322625508244438,"distribution":"{\"name\": \"FloatDistribution\", \"attributes\": {\"step\": null, \"low\": 0.01, \"high\": 1.0, \"log\": true}}"}
{"op_code":6,"worker_id":"1cece0ec-7cbd-4ce4-9072-ec811a3b25db-139699157092160","trial_id":19,"state":1,"values":[0.7844891324592643],"datetime_complete":"2026-03-27T00:08:12.325200"}
