{"op_code":0,"worker_id":"e44c9c00-9362-4bae-8ffd-f952315e6579-139699157092160","study_name":"embedding_cox_tuning","directions":[2]}
{"op_code":4,"worker_id":"e44c9c00-9362-4bae-8ffd-f952315e6579-139699157092160","study_id":0,"datetime_start":"2026-03-26T14:26:55.426434"}
{"op_code":5,"worker_id":"e44c9c00-9362-4bae-8ffd-f952315e6579-139699157092160","trial_id":0,"param_name":"lr","param_value_internal":0.001597718996077808,"distribution":"{\"name\": \"FloatDistribution\", \"attributes\": {\"step\": null, \"low\": 0.0001, \"high\": 0.1, \"log\": true}}"}
{"op_code":5,"worker_id":"e44c9c00-9362-4bae-8ffd-f952315e6579-139699157092160","trial_id":0,"param_name":"dropout","param_value_internal":0.4225620334883098,"distribution":"{\"name\": \"FloatDistribution\", \"attributes\": {\"step\": null, \"low\": 0.0, \"high\": 0.5, \"log\": false}}"}
{"op_code":5,"worker_id":"e44c9c00-9362-4bae-8ffd-f952315e6579-139699157092160","trial_id":0,"param_name":"nodes","param_value_internal":0,"distribution":"{\"name\": \"CategoricalDistribution\", \"attributes\": {\"choices\": [[64, 64], [128, 64], [256, 128]]}}"}
{"op_code":6,"worker_id":"e44c9c00-9362-4bae-8ffd-f952315e6579-139699157092160","trial_id":0,"state":1,"values":[0.7791335474504745],"datetime_complete":"2026-03-26T14:27:00.532536"}
{"op_code":4,"worker_id":"e44c9c00-9362-4bae-8ffd-f952315e6579-139699157092160","study_id":0,"datetime_start":"2026-03-26T14:27:00.551815"}
{"op_code":5,"worker_id":"e44c9c00-9362-4bae-8ffd-f952315e6579-139699157092160","trial_id":1,"param_name":"lr","param_value_internal":0.00015354190993322405,"distribution":"{\"name\": \"FloatDistribution\", \"attributes\": {\"step\": null, \"low\": 0.0001, \"high\": 0.1, \"log\": true}}"}
{"op_code":5,"worker_id":"e44c9c00-9362-4bae-8ffd-f952315e6579-139699157092160","trial_id":1,"param_name":"dropout","param_value_internal":0.32303279507771915,"distribution":"{\"name\": \"FloatDistribution\", \"attributes\": {\"step\": null, \"low\": 0.0, \"high\": 0.5, \"log\": false}}"}
{"op_code":5,"worker_id":"e44c9c00-9362-4bae-8ffd-f952315e6579-139699157092160","trial_id":1,"param_name":"nodes","param_value_internal":1,"distribution":"{\"name\": \"CategoricalDistribution\", \"attributes\": {\"choices\": [[64, 64], [128, 64], [256, 128]]}}"}
{"op_code":6,"worker_id":"e44c9c00-9362-4bae-8ffd-f952315e6579-139699157092160","trial_id":1,"state":1,"values":[0.7774388671881713],"datetime_complete":"2026-03-26T14:27:05.722973"}
{"op_code":4,"worker_id":"e44c9c00-9362-4bae-8ffd-f952315e6579-139699157092160","study_id":0,"datetime_start":"2026-03-26T14:27:05.739520"}
{"op_code":5,"worker_id":"e44c9c00-9362-4bae-8ffd-f952315e6579-139699157092160","trial_id":2,"param_name":"lr","param_value_internal":0.00021231916825418805,"distribution":"{\"name\": \"FloatDistribution\", \"attributes\": {\"step\": null, \"low\": 0.0001, \"high\": 0.1, \"log\": true}}"}
{"op_code":5,"worker_id":"e44c9c00-9362-4bae-8ffd-f952315e6579-139699157092160","trial_id":2,"param_name":"dropout","param_value_internal":0.3929851074402978,"distribution":"{\"name\": \"FloatDistribution\", \"attributes\": {\"step\": null, \"low\": 0.0, \"high\": 0.5, \"log\": false}}"}
{"op_code":5,"worker_id":"e44c9c00-9362-4bae-8ffd-f952315e6579-139699157092160","trial_id":2,"param_name":"nodes","param_value_internal":0,"distribution":"{\"name\": \"CategoricalDistribution\", \"attributes\": {\"choices\": [[64, 64], [128, 64], [256, 128]]}}"}
{"op_code":6,"worker_id":"e44c9c00-9362-4bae-8ffd-f952315e6579-139699157092160","trial_id":2,"state":1,"values":[0.7756949163029616],"datetime_complete":"2026-03-26T14:27:10.919642"}
{"op_code":4,"worker_id":"e44c9c00-9362-4bae-8ffd-f952315e6579-139699157092160","study_id":0,"datetime_start":"2026-03-26T14:27:10.938353"}
{"op_code":5,"worker_id":"e44c9c00-9362-4bae-8ffd-f952315e6579-139699157092160","trial_id":3,"param_name":"lr","param_value_internal":0.009115928397413792,"distribution":"{\"name\": \"FloatDistribution\", \"attributes\": {\"step\": null, \"low\": 0.0001, \"high\": 0.1, \"log\": true}}"}
{"op_code":5,"worker_id":"e44c9c00-9362-4bae-8ffd-f952315e6579-139699157092160","trial_id":3,"param_name":"dropout","param_value_internal":0.4779596235157792,"distribution":"{\"name\": \"FloatDistribution\", \"attributes\": {\"step\": null, \"low\": 0.0, \"high\": 0.5, \"log\": false}}"}
{"op_code":5,"worker_id":"e44c9c00-9362-4bae-8ffd-f952315e6579-139699157092160","trial_id":3,"param_name":"nodes","param_value_internal":1,"distribution":"{\"name\": \"CategoricalDistribution\", \"attributes\": {\"choices\": [[64, 64], [128, 64], [256, 128]]}}"}
{"op_code":6,"worker_id":"e44c9c00-9362-4bae-8ffd-f952315e6579-139699157092160","trial_id":3,"state":1,"values":[0.7770848062003068],"datetime_complete":"2026-03-26T14:27:16.075966"}
{"op_code":4,"worker_id":"e44c9c00-9362-4bae-8ffd-f952315e6579-139699157092160","study_id":0,"datetime_start":"2026-03-26T14:27:16.101595"}
{"op_code":5,"worker_id":"e44c9c00-9362-4bae-8ffd-f952315e6579-139699157092160","trial_id":4,"param_name":"lr","param_value_internal":0.026694806619128583,"distribution":"{\"name\": \"FloatDistribution\", \"attributes\": {\"step\": null, \"low\": 0.0001, \"high\": 0.1, \"log\": true}}"}
{"op_code":5,"worker_id":"e44c9c00-9362-4bae-8ffd-f952315e6579-139699157092160","trial_id":4,"param_name":"dropout","param_value_internal":0.24761554756786258,"distribution":"{\"name\": \"FloatDistribution\", \"attributes\": {\"step\": null, \"low\": 0.0, \"high\": 0.5, \"log\": false}}"}
{"op_code":5,"worker_id":"e44c9c00-9362-4bae-8ffd-f952315e6579-139699157092160","trial_id":4,"param_name":"nodes","param_value_internal":2,"distribution":"{\"name\": \"CategoricalDistribution\", \"attributes\": {\"choices\": [[64, 64], [128, 64], [256, 128]]}}"}
{"op_code":6,"worker_id":"e44c9c00-9362-4bae-8ffd-f952315e6579-139699157092160","trial_id":4,"state":1,"values":[0.773520133924428],"datetime_complete":"2026-03-26T14:27:21.265307"}
{"op_code":4,"worker_id":"e44c9c00-9362-4bae-8ffd-f952315e6579-139699157092160","study_id":0,"datetime_start":"2026-03-26T14:27:21.283144"}
{"op_code":5,"worker_id":"e44c9c00-9362-4bae-8ffd-f952315e6579-139699157092160","trial_id":5,"param_name":"lr","param_value_internal":0.004191563045901158,"distribution":"{\"name\": \"FloatDistribution\", \"attributes\": {\"step\": null, \"low\": 0.0001, \"high\": 0.1, \"log\": true}}"}
{"op_code":5,"worker_id":"e44c9c00-9362-4bae-8ffd-f952315e6579-139699157092160","trial_id":5,"param_name":"dropout","param_value_internal":0.4884834335716798,"distribution":"{\"name\": \"FloatDistribution\", \"attributes\": {\"step\": null, \"low\": 0.0, \"high\": 0.5, \"log\": false}}"}
{"op_code":5,"worker_id":"e44c9c00-9362-4bae-8ffd-f952315e6579-139699157092160","trial_id":5,"param_name":"nodes","param_value_internal":1,"distribution":"{\"name\": \"CategoricalDistribution\", \"attributes\": {\"choices\": [[64, 64], [128, 64], [256, 128]]}}"}
{"op_code":6,"worker_id":"e44c9c00-9362-4bae-8ffd-f952315e6579-139699157092160","trial_id":5,"state":1,"values":[0.775445125703109],"datetime_complete":"2026-03-26T14:27:26.447655"}
{"op_code":4,"worker_id":"e44c9c00-9362-4bae-8ffd-f952315e6579-139699157092160","study_id":0,"datetime_start":"2026-03-26T14:27:26.476873"}
{"op_code":5,"worker_id":"e44c9c00-9362-4bae-8ffd-f952315e6579-139699157092160","trial_id":6,"param_name":"lr","param_value_internal":0.01756667857314981,"distribution":"{\"name\": \"FloatDistribution\", \"attributes\": {\"step\": null, \"low\": 0.0001, \"high\": 0.1, \"log\": true}}"}
{"op_code":5,"worker_id":"e44c9c00-9362-4bae-8ffd-f952315e6579-139699157092160","trial_id":6,"param_name":"dropout","param_value_internal":0.024341564646730374,"distribution":"{\"name\": \"FloatDistribution\", \"attributes\": {\"step\": null, \"low\": 0.0, \"high\": 0.5, \"log\": false}}"}
{"op_code":5,"worker_id":"e44c9c00-9362-4bae-8ffd-f952315e6579-139699157092160","trial_id":6,"param_name":"nodes","param_value_internal":1,"distribution":"{\"name\": \"CategoricalDistribution\", \"attributes\": {\"choices\": [[64, 64], [128, 64], [256, 128]]}}"}
{"op_code":6,"worker_id":"e44c9c00-9362-4bae-8ffd-f952315e6579-139699157092160","trial_id":6,"state":1,"values":[0.7753099179472255],"datetime_complete":"2026-03-26T14:27:31.623991"}
{"op_code":4,"worker_id":"e44c9c00-9362-4bae-8ffd-f952315e6579-139699157092160","study_id":0,"datetime_start":"2026-03-26T14:27:31.651086"}
{"op_code":5,"worker_id":"e44c9c00-9362-4bae-8ffd-f952315e6579-139699157092160","trial_id":7,"param_name":"lr","param_value_internal":0.003373460517812183,"distribution":"{\"name\": \"FloatDistribution\", \"attributes\": {\"step\": null, \"low\": 0.0001, \"high\": 0.1, \"log\": true}}"}
{"op_code":5,"worker_id":"e44c9c00-9362-4bae-8ffd-f952315e6579-139699157092160","trial_id":7,"param_name":"dropout","param_value_internal":0.30221399116347575,"distribution":"{\"name\": \"FloatDistribution\", \"attributes\": {\"step\": null, \"low\": 0.0, \"high\": 0.5, \"log\": false}}"}
{"op_code":5,"worker_id":"e44c9c00-9362-4bae-8ffd-f952315e6579-139699157092160","trial_id":7,"param_name":"nodes","param_value_internal":0,"distribution":"{\"name\": \"CategoricalDistribution\", \"attributes\": {\"choices\": [[64, 64], [128, 64], [256, 128]]}}"}
{"op_code":6,"worker_id":"e44c9c00-9362-4bae-8ffd-f952315e6579-139699157092160","trial_id":7,"state":1,"values":[0.7809737479246183],"datetime_complete":"2026-03-26T14:27:36.803834"}
{"op_code":4,"worker_id":"e44c9c00-9362-4bae-8ffd-f952315e6579-139699157092160","study_id":0,"datetime_start":"2026-03-26T14:27:36.826924"}
{"op_code":5,"worker_id":"e44c9c00-9362-4bae-8ffd-f952315e6579-139699157092160","trial_id":8,"param_name":"lr","param_value_internal":0.0031212627709092376,"distribution":"{\"name\": \"FloatDistribution\", \"attributes\": {\"step\": null, \"low\": 0.0001, \"high\": 0.1, \"log\": true}}"}
{"op_code":5,"worker_id":"e44c9c00-9362-4bae-8ffd-f952315e6579-139699157092160","trial_id":8,"param_name":"dropout","param_value_internal":0.10188435010281544,"distribution":"{\"name\": \"FloatDistribution\", \"attributes\": {\"step\": null, \"low\": 0.0, \"high\": 0.5, \"log\": false}}"}
{"op_code":5,"worker_id":"e44c9c00-9362-4bae-8ffd-f952315e6579-139699157092160","trial_id":8,"param_name":"nodes","param_value_internal":1,"distribution":"{\"name\": \"CategoricalDistribution\", \"attributes\": {\"choices\": [[64, 64], [128, 64], [256, 128]]}}"}
{"op_code":6,"worker_id":"e44c9c00-9362-4bae-8ffd-f952315e6579-139699157092160","trial_id":8,"state":1,"values":[0.7789490690716842],"datetime_complete":"2026-03-26T14:27:42.007691"}
{"op_code":4,"worker_id":"e44c9c00-9362-4bae-8ffd-f952315e6579-139699157092160","study_id":0,"datetime_start":"2026-03-26T14:27:42.027512"}
{"op_code":5,"worker_id":"e44c9c00-9362-4bae-8ffd-f952315e6579-139699157092160","trial_id":9,"param_name":"lr","param_value_internal":0.07012976872699604,"distribution":"{\"name\": \"FloatDistribution\", \"attributes\": {\"step\": null, \"low\": 0.0001, \"high\": 0.1, \"log\": true}}"}
{"op_code":5,"worker_id":"e44c9c00-9362-4bae-8ffd-f952315e6579-139699157092160","trial_id":9,"param_name":"dropout","param_value_internal":0.320443664795161,"distribution":"{\"name\": \"FloatDistribution\", \"attributes\": {\"step\": null, \"low\": 0.0, \"high\": 0.5, \"log\": false}}"}
{"op_code":5,"worker_id":"e44c9c00-9362-4bae-8ffd-f952315e6579-139699157092160","trial_id":9,"param_name":"nodes","param_value_internal":1,"distribution":"{\"name\": \"CategoricalDistribution\", \"attributes\": {\"choices\": [[64, 64], [128, 64], [256, 128]]}}"}
{"op_code":6,"worker_id":"e44c9c00-9362-4bae-8ffd-f952315e6579-139699157092160","trial_id":9,"state":1,"values":[0.6980272271753839],"datetime_complete":"2026-03-26T14:27:47.168988"}
{"op_code":4,"worker_id":"e44c9c00-9362-4bae-8ffd-f952315e6579-139699157092160","study_id":0,"datetime_start":"2026-03-26T14:27:47.188274"}
{"op_code":5,"worker_id":"e44c9c00-9362-4bae-8ffd-f952315e6579-139699157092160","trial_id":10,"param_name":"lr","param_value_internal":0.0006761876263378365,"distribution":"{\"name\": \"FloatDistribution\", \"attributes\": {\"step\": null, \"low\": 0.0001, \"high\": 0.1, \"log\": true}}"}
{"op_code":5,"worker_id":"e44c9c00-9362-4bae-8ffd-f952315e6579-139699157092160","trial_id":10,"param_name":"dropout","param_value_internal":0.18539230223908,"distribution":"{\"name\": \"FloatDistribution\", \"attributes\": {\"step\": null, \"low\": 0.0, \"high\": 0.5, \"log\": false}}"}
{"op_code":5,"worker_id":"e44c9c00-9362-4bae-8ffd-f952315e6579-139699157092160","trial_id":10,"param_name":"nodes","param_value_internal":0,"distribution":"{\"name\": \"CategoricalDistribution\", \"attributes\": {\"choices\": [[64, 64], [128, 64], [256, 128]]}}"}
{"op_code":6,"worker_id":"e44c9c00-9362-4bae-8ffd-f952315e6579-139699157092160","trial_id":10,"state":1,"values":[0.7758312698872849],"datetime_complete":"2026-03-26T14:27:52.335722"}
{"op_code":4,"worker_id":"e44c9c00-9362-4bae-8ffd-f952315e6579-139699157092160","study_id":0,"datetime_start":"2026-03-26T14:27:55.510662"}
{"op_code":5,"worker_id":"e44c9c00-9362-4bae-8ffd-f952315e6579-139699157092160","trial_id":11,"param_name":"lr","param_value_internal":0.001249267756499513,"distribution":"{\"name\": \"FloatDistribution\", \"attributes\": {\"step\": null, \"low\": 0.0001, \"high\": 0.1, \"log\": true}}"}
{"op_code":5,"worker_id":"e44c9c00-9362-4bae-8ffd-f952315e6579-139699157092160","trial_id":11,"param_name":"dropout","param_value_internal":0.37336067390130884,"distribution":"{\"name\": \"FloatDistribution\", \"attributes\": {\"step\": null, \"low\": 0.0, \"high\": 0.5, \"log\": false}}"}
{"op_code":5,"worker_id":"e44c9c00-9362-4bae-8ffd-f952315e6579-139699157092160","trial_id":11,"param_name":"nodes","param_value_internal":0,"distribution":"{\"name\": \"CategoricalDistribution\", \"attributes\": {\"choices\": [[64, 64], [128, 64], [256, 128]]}}"}
{"op_code":6,"worker_id":"e44c9c00-9362-4bae-8ffd-f952315e6579-139699157092160","trial_id":11,"state":1,"values":[0.7783727173665196],"datetime_complete":"2026-03-26T14:28:00.708947"}
{"op_code":4,"worker_id":"e44c9c00-9362-4bae-8ffd-f952315e6579-139699157092160","study_id":0,"datetime_start":"2026-03-26T14:28:00.728003"}
{"op_code":5,"worker_id":"e44c9c00-9362-4bae-8ffd-f952315e6579-139699157092160","trial_id":12,"param_name":"lr","param_value_internal":0.0009627079918295647,"distribution":"{\"name\": \"FloatDistribution\", \"attributes\": {\"step\": null, \"low\": 0.0001, \"high\": 0.1, \"log\": true}}"}
{"op_code":5,"worker_id":"e44c9c00-9362-4bae-8ffd-f952315e6579-139699157092160","trial_id":12,"param_name":"dropout","param_value_internal":0.22434461400718003,"distribution":"{\"name\": \"FloatDistribution\", \"attributes\": {\"step\": null, \"low\": 0.0, \"high\": 0.5, \"log\": false}}"}
{"op_code":5,"worker_id":"e44c9c00-9362-4bae-8ffd-f952315e6579-139699157092160","trial_id":12,"param_name":"nodes","param_value_internal":0,"distribution":"{\"name\": \"CategoricalDistribution\", \"attributes\": {\"choices\": [[64, 64], [128, 64], [256, 128]]}}"}
{"op_code":6,"worker_id":"e44c9c00-9362-4bae-8ffd-f952315e6579-139699157092160","trial_id":12,"state":1,"values":[0.7800948975113752],"datetime_complete":"2026-03-26T14:28:05.835210"}
{"op_code":4,"worker_id":"e44c9c00-9362-4bae-8ffd-f952315e6579-139699157092160","study_id":0,"datetime_start":"2026-03-26T14:28:05.848367"}
{"op_code":5,"worker_id":"e44c9c00-9362-4bae-8ffd-f952315e6579-139699157092160","trial_id":13,"param_name":"lr","param_value_internal":0.000352943789694868,"distribution":"{\"name\": \"FloatDistribution\", \"attributes\": {\"step\": null, \"low\": 0.0001, \"high\": 0.1, \"log\": true}}"}
{"op_code":5,"worker_id":"e44c9c00-9362-4bae-8ffd-f952315e6579-139699157092160","trial_id":13,"param_name":"dropout","param_value_internal":0.1837772773102374,"distribution":"{\"name\": \"FloatDistribution\", \"attributes\": {\"step\": null, \"low\": 0.0, \"high\": 0.5, \"log\": false}}"}
{"op_code":5,"worker_id":"e44c9c00-9362-4bae-8ffd-f952315e6579-139699157092160","trial_id":13,"param_name":"nodes","param_value_internal":0,"distribution":"{\"name\": \"CategoricalDistribution\", \"attributes\": {\"choices\": [[64, 64], [128, 64], [256, 128]]}}"}
{"op_code":6,"worker_id":"e44c9c00-9362-4bae-8ffd-f952315e6579-139699157092160","trial_id":13,"state":1,"values":[0.7803401047974691],"datetime_complete":"2026-03-26T14:28:10.986540"}
{"op_code":4,"worker_id":"e44c9c00-9362-4bae-8ffd-f952315e6579-139699157092160","study_id":0,"datetime_start":"2026-03-26T14:28:11.006676"}
{"op_code":5,"worker_id":"e44c9c00-9362-4bae-8ffd-f952315e6579-139699157092160","trial_id":14,"param_name":"lr","param_value_internal":0.0003723112038798149,"distribution":"{\"name\": \"FloatDistribution\", \"attributes\": {\"step\": null, \"low\": 0.0001, \"high\": 0.1, \"log\": true}}"}
{"op_code":5,"worker_id":"e44c9c00-9362-4bae-8ffd-f952315e6579-139699157092160","trial_id":14,"param_name":"dropout","param_value_internal":0.1406931895916264,"distribution":"{\"name\": \"FloatDistribution\", \"attributes\": {\"step\": null, \"low\": 0.0, \"high\": 0.5, \"log\": false}}"}
{"op_code":5,"worker_id":"e44c9c00-9362-4bae-8ffd-f952315e6579-139699157092160","trial_id":14,"param_name":"nodes","param_value_internal":2,"distribution":"{\"name\": \"CategoricalDistribution\", \"attributes\": {\"choices\": [[64, 64], [128, 64], [256, 128]]}}"}
{"op_code":6,"worker_id":"e44c9c00-9362-4bae-8ffd-f952315e6579-139699157092160","trial_id":14,"state":1,"values":[0.7811799970437626],"datetime_complete":"2026-03-26T14:28:16.136030"}
{"op_code":4,"worker_id":"e44c9c00-9362-4bae-8ffd-f952315e6579-139699157092160","study_id":0,"datetime_start":"2026-03-26T14:28:16.170847"}
{"op_code":5,"worker_id":"e44c9c00-9362-4bae-8ffd-f952315e6579-139699157092160","trial_id":15,"param_name":"lr","param_value_internal":0.004581125050223236,"distribution":"{\"name\": \"FloatDistribution\", \"attributes\": {\"step\": null, \"low\": 0.0001, \"high\": 0.1, \"log\": true}}"}
{"op_code":5,"worker_id":"e44c9c00-9362-4bae-8ffd-f952315e6579-139699157092160","trial_id":15,"param_name":"dropout","param_value_internal":0.10451235934751388,"distribution":"{\"name\": \"FloatDistribution\", \"attributes\": {\"step\": null, \"low\": 0.0, \"high\": 0.5, \"log\": false}}"}
{"op_code":5,"worker_id":"e44c9c00-9362-4bae-8ffd-f952315e6579-139699157092160","trial_id":15,"param_name":"nodes","param_value_internal":2,"distribution":"{\"name\": \"CategoricalDistribution\", \"attributes\": {\"choices\": [[64, 64], [128, 64], [256, 128]]}}"}
{"op_code":6,"worker_id":"e44c9c00-9362-4bae-8ffd-f952315e6579-139699157092160","trial_id":15,"state":1,"values":[0.7744528382743365],"datetime_complete":"2026-03-26T14:28:21.600517"}
{"op_code":4,"worker_id":"e44c9c00-9362-4bae-8ffd-f952315e6579-139699157092160","study_id":0,"datetime_start":"2026-03-26T14:28:21.623321"}
{"op_code":5,"worker_id":"e44c9c00-9362-4bae-8ffd-f952315e6579-139699157092160","trial_id":16,"param_name":"lr","param_value_internal":0.00042372357313399245,"distribution":"{\"name\": \"FloatDistribution\", \"attributes\": {\"step\": null, \"low\": 0.0001, \"high\": 0.1, \"log\": true}}"}
{"op_code":5,"worker_id":"e44c9c00-9362-4bae-8ffd-f952315e6579-139699157092160","trial_id":16,"param_name":"dropout","param_value_internal":0.11863070311824098,"distribution":"{\"name\": \"FloatDistribution\", \"attributes\": {\"step\": null, \"low\": 0.0, \"high\": 0.5, \"log\": false}}"}
{"op_code":5,"worker_id":"e44c9c00-9362-4bae-8ffd-f952315e6579-139699157092160","trial_id":16,"param_name":"nodes","param_value_internal":2,"distribution":"{\"name\": \"CategoricalDistribution\", \"attributes\": {\"choices\": [[64, 64], [128, 64], [256, 128]]}}"}
{"op_code":6,"worker_id":"e44c9c00-9362-4bae-8ffd-f952315e6579-139699157092160","trial_id":16,"state":1,"values":[0.77952083746309],"datetime_complete":"2026-03-26T14:28:26.839571"}
{"op_code":4,"worker_id":"e44c9c00-9362-4bae-8ffd-f952315e6579-139699157092160","study_id":0,"datetime_start":"2026-03-26T14:28:26.857488"}
{"op_code":5,"worker_id":"e44c9c00-9362-4bae-8ffd-f952315e6579-139699157092160","trial_id":17,"param_name":"lr","param_value_internal":0.00011258893208427257,"distribution":"{\"name\": \"FloatDistribution\", \"attributes\": {\"step\": null, \"low\": 0.0001, \"high\": 0.1, \"log\": true}}"}
{"op_code":5,"worker_id":"e44c9c00-9362-4bae-8ffd-f952315e6579-139699157092160","trial_id":17,"param_name":"dropout","param_value_internal":0.31358145592097386,"distribution":"{\"name\": \"FloatDistribution\", \"attributes\": {\"step\": null, \"low\": 0.0, \"high\": 0.5, \"log\": false}}"}
{"op_code":5,"worker_id":"e44c9c00-9362-4bae-8ffd-f952315e6579-139699157092160","trial_id":17,"param_name":"nodes","param_value_internal":2,"distribution":"{\"name\": \"CategoricalDistribution\", \"attributes\": {\"choices\": [[64, 64], [128, 64], [256, 128]]}}"}
{"op_code":6,"worker_id":"e44c9c00-9362-4bae-8ffd-f952315e6579-139699157092160","trial_id":17,"state":1,"values":[0.778341779998648],"datetime_complete":"2026-03-26T14:28:32.025646"}
{"op_code":4,"worker_id":"e44c9c00-9362-4bae-8ffd-f952315e6579-139699157092160","study_id":0,"datetime_start":"2026-03-26T14:28:32.045388"}
{"op_code":5,"worker_id":"e44c9c00-9362-4bae-8ffd-f952315e6579-139699157092160","trial_id":18,"param_name":"lr","param_value_internal":0.002236812819023886,"distribution":"{\"name\": \"FloatDistribution\", \"attributes\": {\"step\": null, \"low\": 0.0001, \"high\": 0.1, \"log\": true}}"}
{"op_code":5,"worker_id":"e44c9c00-9362-4bae-8ffd-f952315e6579-139699157092160","trial_id":18,"param_name":"dropout","param_value_internal":0.0006617970197356216,"distribution":"{\"name\": \"FloatDistribution\", \"attributes\": {\"step\": null, \"low\": 0.0, \"high\": 0.5, \"log\": false}}"}
{"op_code":5,"worker_id":"e44c9c00-9362-4bae-8ffd-f952315e6579-139699157092160","trial_id":18,"param_name":"nodes","param_value_internal":2,"distribution":"{\"name\": \"CategoricalDistribution\", \"attributes\": {\"choices\": [[64, 64], [128, 64], [256, 128]]}}"}
{"op_code":6,"worker_id":"e44c9c00-9362-4bae-8ffd-f952315e6579-139699157092160","trial_id":18,"state":1,"values":[0.7744058593083092],"datetime_complete":"2026-03-26T14:28:37.276094"}
{"op_code":4,"worker_id":"e44c9c00-9362-4bae-8ffd-f952315e6579-139699157092160","study_id":0,"datetime_start":"2026-03-26T14:28:37.302385"}
{"op_code":5,"worker_id":"e44c9c00-9362-4bae-8ffd-f952315e6579-139699157092160","trial_id":19,"param_name":"lr","param_value_internal":0.014082819703472681,"distribution":"{\"name\": \"FloatDistribution\", \"attributes\": {\"step\": null, \"low\": 0.0001, \"high\": 0.1, \"log\": true}}"}
{"op_code":5,"worker_id":"e44c9c00-9362-4bae-8ffd-f952315e6579-139699157092160","trial_id":19,"param_name":"dropout","param_value_internal":0.17675050484776,"distribution":"{\"name\": \"FloatDistribution\", \"attributes\": {\"step\": null, \"low\": 0.0, \"high\": 0.5, \"log\": false}}"}
{"op_code":5,"worker_id":"e44c9c00-9362-4bae-8ffd-f952315e6579-139699157092160","trial_id":19,"param_name":"nodes","param_value_internal":2,"distribution":"{\"name\": \"CategoricalDistribution\", \"attributes\": {\"choices\": [[64, 64], [128, 64], [256, 128]]}}"}
{"op_code":6,"worker_id":"e44c9c00-9362-4bae-8ffd-f952315e6579-139699157092160","trial_id":19,"state":1,"values":[0.7807365614376022],"datetime_complete":"2026-03-26T14:28:42.524494"}
