{"op_code":0,"worker_id":"3aa1f02a-3407-40ba-99ec-6bf45562d9fc-140544486217536","study_name":"tabpfn_cox","directions":[2]}
{"op_code":4,"worker_id":"3aa1f02a-3407-40ba-99ec-6bf45562d9fc-140544486217536","study_id":0,"datetime_start":"2026-03-31T19:52:39.867688"}
{"op_code":5,"worker_id":"3aa1f02a-3407-40ba-99ec-6bf45562d9fc-140544486217536","trial_id":0,"param_name":"lr","param_value_internal":0.0001165044250055846,"distribution":"{\"name\": \"FloatDistribution\", \"attributes\": {\"step\": null, \"low\": 0.0001, \"high\": 0.1, \"log\": true}}"}
{"op_code":5,"worker_id":"3aa1f02a-3407-40ba-99ec-6bf45562d9fc-140544486217536","trial_id":0,"param_name":"dropout","param_value_internal":0.3539646906807161,"distribution":"{\"name\": \"FloatDistribution\", \"attributes\": {\"step\": null, \"low\": 0.0, \"high\": 0.5, \"log\": false}}"}
{"op_code":5,"worker_id":"3aa1f02a-3407-40ba-99ec-6bf45562d9fc-140544486217536","trial_id":0,"param_name":"nodes","param_value_internal":2,"distribution":"{\"name\": \"CategoricalDistribution\", \"attributes\": {\"choices\": [\"64-64\", \"128-64\", \"256-128\"]}}"}
{"op_code":6,"worker_id":"3aa1f02a-3407-40ba-99ec-6bf45562d9fc-140544486217536","trial_id":0,"state":1,"values":[0.7775431375761833],"datetime_complete":"2026-03-31T19:52:45.811630"}
{"op_code":4,"worker_id":"3aa1f02a-3407-40ba-99ec-6bf45562d9fc-140544486217536","study_id":0,"datetime_start":"2026-03-31T19:52:45.823600"}
{"op_code":5,"worker_id":"3aa1f02a-3407-40ba-99ec-6bf45562d9fc-140544486217536","trial_id":1,"param_name":"lr","param_value_internal":0.07045377027994706,"distribution":"{\"name\": \"FloatDistribution\", \"attributes\": {\"step\": null, \"low\": 0.0001, \"high\": 0.1, \"log\": true}}"}
{"op_code":5,"worker_id":"3aa1f02a-3407-40ba-99ec-6bf45562d9fc-140544486217536","trial_id":1,"param_name":"dropout","param_value_internal":0.03648788874869208,"distribution":"{\"name\": \"FloatDistribution\", \"attributes\": {\"step\": null, \"low\": 0.0, \"high\": 0.5, \"log\": false}}"}
{"op_code":5,"worker_id":"3aa1f02a-3407-40ba-99ec-6bf45562d9fc-140544486217536","trial_id":1,"param_name":"nodes","param_value_internal":0,"distribution":"{\"name\": \"CategoricalDistribution\", \"attributes\": {\"choices\": [\"64-64\", \"128-64\", \"256-128\"]}}"}
{"op_code":6,"worker_id":"3aa1f02a-3407-40ba-99ec-6bf45562d9fc-140544486217536","trial_id":1,"state":1,"values":[0.762450285368573],"datetime_complete":"2026-03-31T19:52:50.845883"}
{"op_code":4,"worker_id":"3aa1f02a-3407-40ba-99ec-6bf45562d9fc-140544486217536","study_id":0,"datetime_start":"2026-03-31T19:52:50.861885"}
{"op_code":5,"worker_id":"3aa1f02a-3407-40ba-99ec-6bf45562d9fc-140544486217536","trial_id":2,"param_name":"lr","param_value_internal":0.00010751191274350382,"distribution":"{\"name\": \"FloatDistribution\", \"attributes\": {\"step\": null, \"low\": 0.0001, \"high\": 0.1, \"log\": true}}"}
{"op_code":5,"worker_id":"3aa1f02a-3407-40ba-99ec-6bf45562d9fc-140544486217536","trial_id":2,"param_name":"dropout","param_value_internal":0.46676152359686846,"distribution":"{\"name\": \"FloatDistribution\", \"attributes\": {\"step\": null, \"low\": 0.0, \"high\": 0.5, \"log\": false}}"}
{"op_code":5,"worker_id":"3aa1f02a-3407-40ba-99ec-6bf45562d9fc-140544486217536","trial_id":2,"param_name":"nodes","param_value_internal":1,"distribution":"{\"name\": \"CategoricalDistribution\", \"attributes\": {\"choices\": [\"64-64\", \"128-64\", \"256-128\"]}}"}
{"op_code":6,"worker_id":"3aa1f02a-3407-40ba-99ec-6bf45562d9fc-140544486217536","trial_id":2,"state":1,"values":[0.7759722067853668],"datetime_complete":"2026-03-31T19:52:55.919031"}
{"op_code":4,"worker_id":"3aa1f02a-3407-40ba-99ec-6bf45562d9fc-140544486217536","study_id":0,"datetime_start":"2026-03-31T19:52:55.935227"}
{"op_code":5,"worker_id":"3aa1f02a-3407-40ba-99ec-6bf45562d9fc-140544486217536","trial_id":3,"param_name":"lr","param_value_internal":0.00010175556048211562,"distribution":"{\"name\": \"FloatDistribution\", \"attributes\": {\"step\": null, \"low\": 0.0001, \"high\": 0.1, \"log\": true}}"}
{"op_code":5,"worker_id":"3aa1f02a-3407-40ba-99ec-6bf45562d9fc-140544486217536","trial_id":3,"param_name":"dropout","param_value_internal":0.2061174552756535,"distribution":"{\"name\": \"FloatDistribution\", \"attributes\": {\"step\": null, \"low\": 0.0, \"high\": 0.5, \"log\": false}}"}
{"op_code":5,"worker_id":"3aa1f02a-3407-40ba-99ec-6bf45562d9fc-140544486217536","trial_id":3,"param_name":"nodes","param_value_internal":0,"distribution":"{\"name\": \"CategoricalDistribution\", \"attributes\": {\"choices\": [\"64-64\", \"128-64\", \"256-128\"]}}"}
{"op_code":6,"worker_id":"3aa1f02a-3407-40ba-99ec-6bf45562d9fc-140544486217536","trial_id":3,"state":1,"values":[0.7795414623750044],"datetime_complete":"2026-03-31T19:53:00.974598"}
{"op_code":4,"worker_id":"3aa1f02a-3407-40ba-99ec-6bf45562d9fc-140544486217536","study_id":0,"datetime_start":"2026-03-31T19:53:00.995399"}
{"op_code":5,"worker_id":"3aa1f02a-3407-40ba-99ec-6bf45562d9fc-140544486217536","trial_id":4,"param_name":"lr","param_value_internal":0.01448073649763524,"distribution":"{\"name\": \"FloatDistribution\", \"attributes\": {\"step\": null, \"low\": 0.0001, \"high\": 0.1, \"log\": true}}"}
{"op_code":5,"worker_id":"3aa1f02a-3407-40ba-99ec-6bf45562d9fc-140544486217536","trial_id":4,"param_name":"dropout","param_value_internal":0.008667046044458226,"distribution":"{\"name\": \"FloatDistribution\", \"attributes\": {\"step\": null, \"low\": 0.0, \"high\": 0.5, \"log\": false}}"}
{"op_code":5,"worker_id":"3aa1f02a-3407-40ba-99ec-6bf45562d9fc-140544486217536","trial_id":4,"param_name":"nodes","param_value_internal":1,"distribution":"{\"name\": \"CategoricalDistribution\", \"attributes\": {\"choices\": [\"64-64\", \"128-64\", \"256-128\"]}}"}
{"op_code":6,"worker_id":"3aa1f02a-3407-40ba-99ec-6bf45562d9fc-140544486217536","trial_id":4,"state":1,"values":[0.7784609461563758],"datetime_complete":"2026-03-31T19:53:06.048196"}
{"op_code":4,"worker_id":"3aa1f02a-3407-40ba-99ec-6bf45562d9fc-140544486217536","study_id":0,"datetime_start":"2026-03-31T19:53:06.060593"}
{"op_code":5,"worker_id":"3aa1f02a-3407-40ba-99ec-6bf45562d9fc-140544486217536","trial_id":5,"param_name":"lr","param_value_internal":0.000829704916776653,"distribution":"{\"name\": \"FloatDistribution\", \"attributes\": {\"step\": null, \"low\": 0.0001, \"high\": 0.1, \"log\": true}}"}
{"op_code":5,"worker_id":"3aa1f02a-3407-40ba-99ec-6bf45562d9fc-140544486217536","trial_id":5,"param_name":"dropout","param_value_internal":0.38541047074383017,"distribution":"{\"name\": \"FloatDistribution\", \"attributes\": {\"step\": null, \"low\": 0.0, \"high\": 0.5, \"log\": false}}"}
{"op_code":5,"worker_id":"3aa1f02a-3407-40ba-99ec-6bf45562d9fc-140544486217536","trial_id":5,"param_name":"nodes","param_value_internal":1,"distribution":"{\"name\": \"CategoricalDistribution\", \"attributes\": {\"choices\": [\"64-64\", \"128-64\", \"256-128\"]}}"}
{"op_code":6,"worker_id":"3aa1f02a-3407-40ba-99ec-6bf45562d9fc-140544486217536","trial_id":5,"state":1,"values":[0.7791839639018209],"datetime_complete":"2026-03-31T19:53:11.076011"}
{"op_code":4,"worker_id":"3aa1f02a-3407-40ba-99ec-6bf45562d9fc-140544486217536","study_id":0,"datetime_start":"2026-03-31T19:53:11.092610"}
{"op_code":5,"worker_id":"3aa1f02a-3407-40ba-99ec-6bf45562d9fc-140544486217536","trial_id":6,"param_name":"lr","param_value_internal":0.024612598755970445,"distribution":"{\"name\": \"FloatDistribution\", \"attributes\": {\"step\": null, \"low\": 0.0001, \"high\": 0.1, \"log\": true}}"}
{"op_code":5,"worker_id":"3aa1f02a-3407-40ba-99ec-6bf45562d9fc-140544486217536","trial_id":6,"param_name":"dropout","param_value_internal":0.4753675503097874,"distribution":"{\"name\": \"FloatDistribution\", \"attributes\": {\"step\": null, \"low\": 0.0, \"high\": 0.5, \"log\": false}}"}
{"op_code":5,"worker_id":"3aa1f02a-3407-40ba-99ec-6bf45562d9fc-140544486217536","trial_id":6,"param_name":"nodes","param_value_internal":0,"distribution":"{\"name\": \"CategoricalDistribution\", \"attributes\": {\"choices\": [\"64-64\", \"128-64\", \"256-128\"]}}"}
{"op_code":6,"worker_id":"3aa1f02a-3407-40ba-99ec-6bf45562d9fc-140544486217536","trial_id":6,"state":1,"values":[0.77547835472786],"datetime_complete":"2026-03-31T19:53:16.117510"}
{"op_code":4,"worker_id":"3aa1f02a-3407-40ba-99ec-6bf45562d9fc-140544486217536","study_id":0,"datetime_start":"2026-03-31T19:53:16.133852"}
{"op_code":5,"worker_id":"3aa1f02a-3407-40ba-99ec-6bf45562d9fc-140544486217536","trial_id":7,"param_name":"lr","param_value_internal":0.061025757046910864,"distribution":"{\"name\": \"FloatDistribution\", \"attributes\": {\"step\": null, \"low\": 0.0001, \"high\": 0.1, \"log\": true}}"}
{"op_code":5,"worker_id":"3aa1f02a-3407-40ba-99ec-6bf45562d9fc-140544486217536","trial_id":7,"param_name":"dropout","param_value_internal":0.3202778577749394,"distribution":"{\"name\": \"FloatDistribution\", \"attributes\": {\"step\": null, \"low\": 0.0, \"high\": 0.5, \"log\": false}}"}
{"op_code":5,"worker_id":"3aa1f02a-3407-40ba-99ec-6bf45562d9fc-140544486217536","trial_id":7,"param_name":"nodes","param_value_internal":2,"distribution":"{\"name\": \"CategoricalDistribution\", \"attributes\": {\"choices\": [\"64-64\", \"128-64\", \"256-128\"]}}"}
{"op_code":6,"worker_id":"3aa1f02a-3407-40ba-99ec-6bf45562d9fc-140544486217536","trial_id":7,"state":1,"values":[0.7302353187866594],"datetime_complete":"2026-03-31T19:53:21.170568"}
{"op_code":4,"worker_id":"3aa1f02a-3407-40ba-99ec-6bf45562d9fc-140544486217536","study_id":0,"datetime_start":"2026-03-31T19:53:21.193573"}
{"op_code":5,"worker_id":"3aa1f02a-3407-40ba-99ec-6bf45562d9fc-140544486217536","trial_id":8,"param_name":"lr","param_value_internal":0.08105631465350024,"distribution":"{\"name\": \"FloatDistribution\", \"attributes\": {\"step\": null, \"low\": 0.0001, \"high\": 0.1, \"log\": true}}"}
{"op_code":5,"worker_id":"3aa1f02a-3407-40ba-99ec-6bf45562d9fc-140544486217536","trial_id":8,"param_name":"dropout","param_value_internal":0.24392672494958356,"distribution":"{\"name\": \"FloatDistribution\", \"attributes\": {\"step\": null, \"low\": 0.0, \"high\": 0.5, \"log\": false}}"}
{"op_code":5,"worker_id":"3aa1f02a-3407-40ba-99ec-6bf45562d9fc-140544486217536","trial_id":8,"param_name":"nodes","param_value_internal":2,"distribution":"{\"name\": \"CategoricalDistribution\", \"attributes\": {\"choices\": [\"64-64\", \"128-64\", \"256-128\"]}}"}
{"op_code":6,"worker_id":"3aa1f02a-3407-40ba-99ec-6bf45562d9fc-140544486217536","trial_id":8,"state":1,"values":[0.7617696632753964],"datetime_complete":"2026-03-31T19:53:26.272013"}
{"op_code":4,"worker_id":"3aa1f02a-3407-40ba-99ec-6bf45562d9fc-140544486217536","study_id":0,"datetime_start":"2026-03-31T19:53:26.283914"}
{"op_code":5,"worker_id":"3aa1f02a-3407-40ba-99ec-6bf45562d9fc-140544486217536","trial_id":9,"param_name":"lr","param_value_internal":0.004122145115983775,"distribution":"{\"name\": \"FloatDistribution\", \"attributes\": {\"step\": null, \"low\": 0.0001, \"high\": 0.1, \"log\": true}}"}
{"op_code":5,"worker_id":"3aa1f02a-3407-40ba-99ec-6bf45562d9fc-140544486217536","trial_id":9,"param_name":"dropout","param_value_internal":0.16458338087098978,"distribution":"{\"name\": \"FloatDistribution\", \"attributes\": {\"step\": null, \"low\": 0.0, \"high\": 0.5, \"log\": false}}"}
{"op_code":5,"worker_id":"3aa1f02a-3407-40ba-99ec-6bf45562d9fc-140544486217536","trial_id":9,"param_name":"nodes","param_value_internal":0,"distribution":"{\"name\": \"CategoricalDistribution\", \"attributes\": {\"choices\": [\"64-64\", \"128-64\", \"256-128\"]}}"}
{"op_code":6,"worker_id":"3aa1f02a-3407-40ba-99ec-6bf45562d9fc-140544486217536","trial_id":9,"state":1,"values":[0.777139805965412],"datetime_complete":"2026-03-31T19:53:31.284810"}
{"op_code":4,"worker_id":"3aa1f02a-3407-40ba-99ec-6bf45562d9fc-140544486217536","study_id":0,"datetime_start":"2026-03-31T19:53:31.297214"}
{"op_code":5,"worker_id":"3aa1f02a-3407-40ba-99ec-6bf45562d9fc-140544486217536","trial_id":10,"param_name":"lr","param_value_internal":0.000834473685077899,"distribution":"{\"name\": \"FloatDistribution\", \"attributes\": {\"step\": null, \"low\": 0.0001, \"high\": 0.1, \"log\": true}}"}
{"op_code":5,"worker_id":"3aa1f02a-3407-40ba-99ec-6bf45562d9fc-140544486217536","trial_id":10,"param_name":"dropout","param_value_internal":0.14976884299825127,"distribution":"{\"name\": \"FloatDistribution\", \"attributes\": {\"step\": null, \"low\": 0.0, \"high\": 0.5, \"log\": false}}"}
{"op_code":5,"worker_id":"3aa1f02a-3407-40ba-99ec-6bf45562d9fc-140544486217536","trial_id":10,"param_name":"nodes","param_value_internal":0,"distribution":"{\"name\": \"CategoricalDistribution\", \"attributes\": {\"choices\": [\"64-64\", \"128-64\", \"256-128\"]}}"}
{"op_code":6,"worker_id":"3aa1f02a-3407-40ba-99ec-6bf45562d9fc-140544486217536","trial_id":10,"state":1,"values":[0.7775843874000121],"datetime_complete":"2026-03-31T19:53:36.333352"}
{"op_code":4,"worker_id":"3aa1f02a-3407-40ba-99ec-6bf45562d9fc-140544486217536","study_id":0,"datetime_start":"2026-03-31T19:53:36.356540"}
{"op_code":5,"worker_id":"3aa1f02a-3407-40ba-99ec-6bf45562d9fc-140544486217536","trial_id":11,"param_name":"lr","param_value_internal":0.0005732388600588183,"distribution":"{\"name\": \"FloatDistribution\", \"attributes\": {\"step\": null, \"low\": 0.0001, \"high\": 0.1, \"log\": true}}"}
{"op_code":5,"worker_id":"3aa1f02a-3407-40ba-99ec-6bf45562d9fc-140544486217536","trial_id":11,"param_name":"dropout","param_value_internal":0.36576217071332545,"distribution":"{\"name\": \"FloatDistribution\", \"attributes\": {\"step\": null, \"low\": 0.0, \"high\": 0.5, \"log\": false}}"}
{"op_code":5,"worker_id":"3aa1f02a-3407-40ba-99ec-6bf45562d9fc-140544486217536","trial_id":11,"param_name":"nodes","param_value_internal":1,"distribution":"{\"name\": \"CategoricalDistribution\", \"attributes\": {\"choices\": [\"64-64\", \"128-64\", \"256-128\"]}}"}
{"op_code":6,"worker_id":"3aa1f02a-3407-40ba-99ec-6bf45562d9fc-140544486217536","trial_id":11,"state":1,"values":[0.7815684328848179],"datetime_complete":"2026-03-31T19:53:41.428020"}
{"op_code":4,"worker_id":"3aa1f02a-3407-40ba-99ec-6bf45562d9fc-140544486217536","study_id":0,"datetime_start":"2026-03-31T19:53:41.455148"}
{"op_code":5,"worker_id":"3aa1f02a-3407-40ba-99ec-6bf45562d9fc-140544486217536","trial_id":12,"param_name":"lr","param_value_internal":0.0004015316448486814,"distribution":"{\"name\": \"FloatDistribution\", \"attributes\": {\"step\": null, \"low\": 0.0001, \"high\": 0.1, \"log\": true}}"}
{"op_code":5,"worker_id":"3aa1f02a-3407-40ba-99ec-6bf45562d9fc-140544486217536","trial_id":12,"param_name":"dropout","param_value_internal":0.2370608209438291,"distribution":"{\"name\": \"FloatDistribution\", \"attributes\": {\"step\": null, \"low\": 0.0, \"high\": 0.5, \"log\": false}}"}
{"op_code":5,"worker_id":"3aa1f02a-3407-40ba-99ec-6bf45562d9fc-140544486217536","trial_id":12,"param_name":"nodes","param_value_internal":1,"distribution":"{\"name\": \"CategoricalDistribution\", \"attributes\": {\"choices\": [\"64-64\", \"128-64\", \"256-128\"]}}"}
{"op_code":6,"worker_id":"3aa1f02a-3407-40ba-99ec-6bf45562d9fc-140544486217536","trial_id":12,"state":1,"values":[0.7768327239435748],"datetime_complete":"2026-03-31T19:53:46.534401"}
{"op_code":4,"worker_id":"3aa1f02a-3407-40ba-99ec-6bf45562d9fc-140544486217536","study_id":0,"datetime_start":"2026-03-31T19:53:46.557598"}
{"op_code":5,"worker_id":"3aa1f02a-3407-40ba-99ec-6bf45562d9fc-140544486217536","trial_id":13,"param_name":"lr","param_value_internal":0.00029758082405955105,"distribution":"{\"name\": \"FloatDistribution\", \"attributes\": {\"step\": null, \"low\": 0.0001, \"high\": 0.1, \"log\": true}}"}
{"op_code":5,"worker_id":"3aa1f02a-3407-40ba-99ec-6bf45562d9fc-140544486217536","trial_id":13,"param_name":"dropout","param_value_internal":0.145710318423482,"distribution":"{\"name\": \"FloatDistribution\", \"attributes\": {\"step\": null, \"low\": 0.0, \"high\": 0.5, \"log\": false}}"}
{"op_code":5,"worker_id":"3aa1f02a-3407-40ba-99ec-6bf45562d9fc-140544486217536","trial_id":13,"param_name":"nodes","param_value_internal":1,"distribution":"{\"name\": \"CategoricalDistribution\", \"attributes\": {\"choices\": [\"64-64\", \"128-64\", \"256-128\"]}}"}
{"op_code":6,"worker_id":"3aa1f02a-3407-40ba-99ec-6bf45562d9fc-140544486217536","trial_id":13,"state":1,"values":[0.7784070922197103],"datetime_complete":"2026-03-31T19:53:51.593591"}
{"op_code":4,"worker_id":"3aa1f02a-3407-40ba-99ec-6bf45562d9fc-140544486217536","study_id":0,"datetime_start":"2026-03-31T19:53:51.621694"}
{"op_code":5,"worker_id":"3aa1f02a-3407-40ba-99ec-6bf45562d9fc-140544486217536","trial_id":14,"param_name":"lr","param_value_internal":0.002630146675682591,"distribution":"{\"name\": \"FloatDistribution\", \"attributes\": {\"step\": null, \"low\": 0.0001, \"high\": 0.1, \"log\": true}}"}
{"op_code":5,"worker_id":"3aa1f02a-3407-40ba-99ec-6bf45562d9fc-140544486217536","trial_id":14,"param_name":"dropout","param_value_internal":0.3112035819162951,"distribution":"{\"name\": \"FloatDistribution\", \"attributes\": {\"step\": null, \"low\": 0.0, \"high\": 0.5, \"log\": false}}"}
{"op_code":5,"worker_id":"3aa1f02a-3407-40ba-99ec-6bf45562d9fc-140544486217536","trial_id":14,"param_name":"nodes","param_value_internal":0,"distribution":"{\"name\": \"CategoricalDistribution\", \"attributes\": {\"choices\": [\"64-64\", \"128-64\", \"256-128\"]}}"}
{"op_code":6,"worker_id":"3aa1f02a-3407-40ba-99ec-6bf45562d9fc-140544486217536","trial_id":14,"state":1,"values":[0.7749696069006372],"datetime_complete":"2026-03-31T19:53:56.693225"}
{"op_code":4,"worker_id":"3aa1f02a-3407-40ba-99ec-6bf45562d9fc-140544486217536","study_id":0,"datetime_start":"2026-03-31T19:53:56.725084"}
{"op_code":5,"worker_id":"3aa1f02a-3407-40ba-99ec-6bf45562d9fc-140544486217536","trial_id":15,"param_name":"lr","param_value_internal":0.00031295092265260025,"distribution":"{\"name\": \"FloatDistribution\", \"attributes\": {\"step\": null, \"low\": 0.0001, \"high\": 0.1, \"log\": true}}"}
{"op_code":5,"worker_id":"3aa1f02a-3407-40ba-99ec-6bf45562d9fc-140544486217536","trial_id":15,"param_name":"dropout","param_value_internal":0.41050052836835116,"distribution":"{\"name\": \"FloatDistribution\", \"attributes\": {\"step\": null, \"low\": 0.0, \"high\": 0.5, \"log\": false}}"}
{"op_code":5,"worker_id":"3aa1f02a-3407-40ba-99ec-6bf45562d9fc-140544486217536","trial_id":15,"param_name":"nodes","param_value_internal":1,"distribution":"{\"name\": \"CategoricalDistribution\", \"attributes\": {\"choices\": [\"64-64\", \"128-64\", \"256-128\"]}}"}
{"op_code":6,"worker_id":"3aa1f02a-3407-40ba-99ec-6bf45562d9fc-140544486217536","trial_id":15,"state":1,"values":[0.7804672917542748],"datetime_complete":"2026-03-31T19:54:01.802879"}
{"op_code":4,"worker_id":"3aa1f02a-3407-40ba-99ec-6bf45562d9fc-140544486217536","study_id":0,"datetime_start":"2026-03-31T19:54:01.825895"}
{"op_code":5,"worker_id":"3aa1f02a-3407-40ba-99ec-6bf45562d9fc-140544486217536","trial_id":16,"param_name":"lr","param_value_internal":0.002008126771246566,"distribution":"{\"name\": \"FloatDistribution\", \"attributes\": {\"step\": null, \"low\": 0.0001, \"high\": 0.1, \"log\": true}}"}
{"op_code":5,"worker_id":"3aa1f02a-3407-40ba-99ec-6bf45562d9fc-140544486217536","trial_id":16,"param_name":"dropout","param_value_internal":0.4191841568650391,"distribution":"{\"name\": \"FloatDistribution\", \"attributes\": {\"step\": null, \"low\": 0.0, \"high\": 0.5, \"log\": false}}"}
{"op_code":5,"worker_id":"3aa1f02a-3407-40ba-99ec-6bf45562d9fc-140544486217536","trial_id":16,"param_name":"nodes","param_value_internal":1,"distribution":"{\"name\": \"CategoricalDistribution\", \"attributes\": {\"choices\": [\"64-64\", \"128-64\", \"256-128\"]}}"}
{"op_code":6,"worker_id":"3aa1f02a-3407-40ba-99ec-6bf45562d9fc-140544486217536","trial_id":16,"state":1,"values":[0.7751689810491434],"datetime_complete":"2026-03-31T19:54:06.943364"}
{"op_code":4,"worker_id":"3aa1f02a-3407-40ba-99ec-6bf45562d9fc-140544486217536","study_id":0,"datetime_start":"2026-03-31T19:54:06.963055"}
{"op_code":5,"worker_id":"3aa1f02a-3407-40ba-99ec-6bf45562d9fc-140544486217536","trial_id":17,"param_name":"lr","param_value_internal":0.00029234009563704454,"distribution":"{\"name\": \"FloatDistribution\", \"attributes\": {\"step\": null, \"low\": 0.0001, \"high\": 0.1, \"log\": true}}"}
{"op_code":5,"worker_id":"3aa1f02a-3407-40ba-99ec-6bf45562d9fc-140544486217536","trial_id":17,"param_name":"dropout","param_value_internal":0.42094621972144336,"distribution":"{\"name\": \"FloatDistribution\", \"attributes\": {\"step\": null, \"low\": 0.0, \"high\": 0.5, \"log\": false}}"}
{"op_code":5,"worker_id":"3aa1f02a-3407-40ba-99ec-6bf45562d9fc-140544486217536","trial_id":17,"param_name":"nodes","param_value_internal":1,"distribution":"{\"name\": \"CategoricalDistribution\", \"attributes\": {\"choices\": [\"64-64\", \"128-64\", \"256-128\"]}}"}
{"op_code":6,"worker_id":"3aa1f02a-3407-40ba-99ec-6bf45562d9fc-140544486217536","trial_id":17,"state":1,"values":[0.7789880272386337],"datetime_complete":"2026-03-31T19:54:12.181043"}
{"op_code":4,"worker_id":"3aa1f02a-3407-40ba-99ec-6bf45562d9fc-140544486217536","study_id":0,"datetime_start":"2026-03-31T19:54:12.205307"}
{"op_code":5,"worker_id":"3aa1f02a-3407-40ba-99ec-6bf45562d9fc-140544486217536","trial_id":18,"param_name":"lr","param_value_internal":0.0010044942851583345,"distribution":"{\"name\": \"FloatDistribution\", \"attributes\": {\"step\": null, \"low\": 0.0001, \"high\": 0.1, \"log\": true}}"}
{"op_code":5,"worker_id":"3aa1f02a-3407-40ba-99ec-6bf45562d9fc-140544486217536","trial_id":18,"param_name":"dropout","param_value_internal":0.3001280552441766,"distribution":"{\"name\": \"FloatDistribution\", \"attributes\": {\"step\": null, \"low\": 0.0, \"high\": 0.5, \"log\": false}}"}
{"op_code":5,"worker_id":"3aa1f02a-3407-40ba-99ec-6bf45562d9fc-140544486217536","trial_id":18,"param_name":"nodes","param_value_internal":1,"distribution":"{\"name\": \"CategoricalDistribution\", \"attributes\": {\"choices\": [\"64-64\", \"128-64\", \"256-128\"]}}"}
{"op_code":6,"worker_id":"3aa1f02a-3407-40ba-99ec-6bf45562d9fc-140544486217536","trial_id":18,"state":1,"values":[0.7753420011435368],"datetime_complete":"2026-03-31T19:54:17.358202"}
{"op_code":4,"worker_id":"3aa1f02a-3407-40ba-99ec-6bf45562d9fc-140544486217536","study_id":0,"datetime_start":"2026-03-31T19:54:17.377102"}
{"op_code":5,"worker_id":"3aa1f02a-3407-40ba-99ec-6bf45562d9fc-140544486217536","trial_id":19,"param_name":"lr","param_value_internal":0.005939853463443691,"distribution":"{\"name\": \"FloatDistribution\", \"attributes\": {\"step\": null, \"low\": 0.0001, \"high\": 0.1, \"log\": true}}"}
{"op_code":5,"worker_id":"3aa1f02a-3407-40ba-99ec-6bf45562d9fc-140544486217536","trial_id":19,"param_name":"dropout","param_value_internal":0.3866602416165417,"distribution":"{\"name\": \"FloatDistribution\", \"attributes\": {\"step\": null, \"low\": 0.0, \"high\": 0.5, \"log\": false}}"}
{"op_code":5,"worker_id":"3aa1f02a-3407-40ba-99ec-6bf45562d9fc-140544486217536","trial_id":19,"param_name":"nodes","param_value_internal":1,"distribution":"{\"name\": \"CategoricalDistribution\", \"attributes\": {\"choices\": [\"64-64\", \"128-64\", \"256-128\"]}}"}
{"op_code":6,"worker_id":"3aa1f02a-3407-40ba-99ec-6bf45562d9fc-140544486217536","trial_id":19,"state":1,"values":[0.7827291570942249],"datetime_complete":"2026-03-31T19:54:22.566310"}
