{"op_code":0,"worker_id":"1edc04dd-fd67-4094-b02d-01f359c0aa06-139699157092160","study_name":"deephit_single_tuning","directions":[2]}
{"op_code":4,"worker_id":"1edc04dd-fd67-4094-b02d-01f359c0aa06-139699157092160","study_id":0,"datetime_start":"2026-03-26T21:04:43.051189"}
{"op_code":5,"worker_id":"1edc04dd-fd67-4094-b02d-01f359c0aa06-139699157092160","trial_id":0,"param_name":"lr","param_value_internal":0.0018733763760415323,"distribution":"{\"name\": \"FloatDistribution\", \"attributes\": {\"step\": null, \"low\": 0.0001, \"high\": 0.1, \"log\": true}}"}
{"op_code":5,"worker_id":"1edc04dd-fd67-4094-b02d-01f359c0aa06-139699157092160","trial_id":0,"param_name":"dropout","param_value_internal":0.007386439127537614,"distribution":"{\"name\": \"FloatDistribution\", \"attributes\": {\"step\": null, \"low\": 0.0, \"high\": 0.5, \"log\": false}}"}
{"op_code":5,"worker_id":"1edc04dd-fd67-4094-b02d-01f359c0aa06-139699157092160","trial_id":0,"param_name":"layers","param_value_internal":3.0,"distribution":"{\"name\": \"IntDistribution\", \"attributes\": {\"log\": false, \"step\": 1, \"low\": 1, \"high\": 3}}"}
{"op_code":5,"worker_id":"1edc04dd-fd67-4094-b02d-01f359c0aa06-139699157092160","trial_id":0,"param_name":"nodes","param_value_internal":0,"distribution":"{\"name\": \"CategoricalDistribution\", \"attributes\": {\"choices\": [32, 64, 128]}}"}
{"op_code":5,"worker_id":"1edc04dd-fd67-4094-b02d-01f359c0aa06-139699157092160","trial_id":0,"param_name":"alpha","param_value_internal":0.3411985462641869,"distribution":"{\"name\": \"FloatDistribution\", \"attributes\": {\"step\": null, \"low\": 0.0, \"high\": 0.5, \"log\": false}}"}
{"op_code":5,"worker_id":"1edc04dd-fd67-4094-b02d-01f359c0aa06-139699157092160","trial_id":0,"param_name":"sigma","param_value_internal":0.05569357598900192,"distribution":"{\"name\": \"FloatDistribution\", \"attributes\": {\"step\": null, \"low\": 0.01, \"high\": 1.0, \"log\": true}}"}
{"op_code":6,"worker_id":"1edc04dd-fd67-4094-b02d-01f359c0aa06-139699157092160","trial_id":0,"state":1,"values":[0.5739026634081917],"datetime_complete":"2026-03-26T21:04:45.633358"}
{"op_code":4,"worker_id":"1edc04dd-fd67-4094-b02d-01f359c0aa06-139699157092160","study_id":0,"datetime_start":"2026-03-26T21:04:45.657647"}
{"op_code":5,"worker_id":"1edc04dd-fd67-4094-b02d-01f359c0aa06-139699157092160","trial_id":1,"param_name":"lr","param_value_internal":0.007852198711928972,"distribution":"{\"name\": \"FloatDistribution\", \"attributes\": {\"step\": null, \"low\": 0.0001, \"high\": 0.1, \"log\": true}}"}
{"op_code":5,"worker_id":"1edc04dd-fd67-4094-b02d-01f359c0aa06-139699157092160","trial_id":1,"param_name":"dropout","param_value_internal":0.28816793707165106,"distribution":"{\"name\": \"FloatDistribution\", \"attributes\": {\"step\": null, \"low\": 0.0, \"high\": 0.5, \"log\": false}}"}
{"op_code":5,"worker_id":"1edc04dd-fd67-4094-b02d-01f359c0aa06-139699157092160","trial_id":1,"param_name":"layers","param_value_internal":2.0,"distribution":"{\"name\": \"IntDistribution\", \"attributes\": {\"log\": false, \"step\": 1, \"low\": 1, \"high\": 3}}"}
{"op_code":5,"worker_id":"1edc04dd-fd67-4094-b02d-01f359c0aa06-139699157092160","trial_id":1,"param_name":"nodes","param_value_internal":2,"distribution":"{\"name\": \"CategoricalDistribution\", \"attributes\": {\"choices\": [32, 64, 128]}}"}
{"op_code":5,"worker_id":"1edc04dd-fd67-4094-b02d-01f359c0aa06-139699157092160","trial_id":1,"param_name":"alpha","param_value_internal":0.08390711806370715,"distribution":"{\"name\": \"FloatDistribution\", \"attributes\": {\"step\": null, \"low\": 0.0, \"high\": 0.5, \"log\": false}}"}
{"op_code":5,"worker_id":"1edc04dd-fd67-4094-b02d-01f359c0aa06-139699157092160","trial_id":1,"param_name":"sigma","param_value_internal":0.6656553143646972,"distribution":"{\"name\": \"FloatDistribution\", \"attributes\": {\"step\": null, \"low\": 0.01, \"high\": 1.0, \"log\": true}}"}
{"op_code":6,"worker_id":"1edc04dd-fd67-4094-b02d-01f359c0aa06-139699157092160","trial_id":1,"state":1,"values":[0.6750108647187307],"datetime_complete":"2026-03-26T21:04:48.040067"}
{"op_code":4,"worker_id":"1edc04dd-fd67-4094-b02d-01f359c0aa06-139699157092160","study_id":0,"datetime_start":"2026-03-26T21:04:48.064085"}
{"op_code":5,"worker_id":"1edc04dd-fd67-4094-b02d-01f359c0aa06-139699157092160","trial_id":2,"param_name":"lr","param_value_internal":0.027637394166447067,"distribution":"{\"name\": \"FloatDistribution\", \"attributes\": {\"step\": null, \"low\": 0.0001, \"high\": 0.1, \"log\": true}}"}
{"op_code":5,"worker_id":"1edc04dd-fd67-4094-b02d-01f359c0aa06-139699157092160","trial_id":2,"param_name":"dropout","param_value_internal":0.48916949440047003,"distribution":"{\"name\": \"FloatDistribution\", \"attributes\": {\"step\": null, \"low\": 0.0, \"high\": 0.5, \"log\": false}}"}
{"op_code":5,"worker_id":"1edc04dd-fd67-4094-b02d-01f359c0aa06-139699157092160","trial_id":2,"param_name":"layers","param_value_internal":3.0,"distribution":"{\"name\": \"IntDistribution\", \"attributes\": {\"log\": false, \"step\": 1, \"low\": 1, \"high\": 3}}"}
{"op_code":5,"worker_id":"1edc04dd-fd67-4094-b02d-01f359c0aa06-139699157092160","trial_id":2,"param_name":"nodes","param_value_internal":0,"distribution":"{\"name\": \"CategoricalDistribution\", \"attributes\": {\"choices\": [32, 64, 128]}}"}
{"op_code":5,"worker_id":"1edc04dd-fd67-4094-b02d-01f359c0aa06-139699157092160","trial_id":2,"param_name":"alpha","param_value_internal":0.4354927673581639,"distribution":"{\"name\": \"FloatDistribution\", \"attributes\": {\"step\": null, \"low\": 0.0, \"high\": 0.5, \"log\": false}}"}
{"op_code":5,"worker_id":"1edc04dd-fd67-4094-b02d-01f359c0aa06-139699157092160","trial_id":2,"param_name":"sigma","param_value_internal":0.010366407930229657,"distribution":"{\"name\": \"FloatDistribution\", \"attributes\": {\"step\": null, \"low\": 0.01, \"high\": 1.0, \"log\": true}}"}
{"op_code":6,"worker_id":"1edc04dd-fd67-4094-b02d-01f359c0aa06-139699157092160","trial_id":2,"state":1,"values":[0.006888513875797922],"datetime_complete":"2026-03-26T21:04:50.641833"}
{"op_code":4,"worker_id":"1edc04dd-fd67-4094-b02d-01f359c0aa06-139699157092160","study_id":0,"datetime_start":"2026-03-26T21:04:50.667739"}
{"op_code":5,"worker_id":"1edc04dd-fd67-4094-b02d-01f359c0aa06-139699157092160","trial_id":3,"param_name":"lr","param_value_internal":0.00012445972564755978,"distribution":"{\"name\": \"FloatDistribution\", \"attributes\": {\"step\": null, \"low\": 0.0001, \"high\": 0.1, \"log\": true}}"}
{"op_code":5,"worker_id":"1edc04dd-fd67-4094-b02d-01f359c0aa06-139699157092160","trial_id":3,"param_name":"dropout","param_value_internal":0.2212472846192458,"distribution":"{\"name\": \"FloatDistribution\", \"attributes\": {\"step\": null, \"low\": 0.0, \"high\": 0.5, \"log\": false}}"}
{"op_code":5,"worker_id":"1edc04dd-fd67-4094-b02d-01f359c0aa06-139699157092160","trial_id":3,"param_name":"layers","param_value_internal":2.0,"distribution":"{\"name\": \"IntDistribution\", \"attributes\": {\"log\": false, \"step\": 1, \"low\": 1, \"high\": 3}}"}
{"op_code":5,"worker_id":"1edc04dd-fd67-4094-b02d-01f359c0aa06-139699157092160","trial_id":3,"param_name":"nodes","param_value_internal":1,"distribution":"{\"name\": \"CategoricalDistribution\", \"attributes\": {\"choices\": [32, 64, 128]}}"}
{"op_code":5,"worker_id":"1edc04dd-fd67-4094-b02d-01f359c0aa06-139699157092160","trial_id":3,"param_name":"alpha","param_value_internal":0.44709602199645276,"distribution":"{\"name\": \"FloatDistribution\", \"attributes\": {\"step\": null, \"low\": 0.0, \"high\": 0.5, \"log\": false}}"}
{"op_code":5,"worker_id":"1edc04dd-fd67-4094-b02d-01f359c0aa06-139699157092160","trial_id":3,"param_name":"sigma","param_value_internal":0.27315895173981775,"distribution":"{\"name\": \"FloatDistribution\", \"attributes\": {\"step\": null, \"low\": 0.01, \"high\": 1.0, \"log\": true}}"}
{"op_code":6,"worker_id":"1edc04dd-fd67-4094-b02d-01f359c0aa06-139699157092160","trial_id":3,"state":1,"values":[0.6604676626462505],"datetime_complete":"2026-03-26T21:04:53.002197"}
{"op_code":4,"worker_id":"1edc04dd-fd67-4094-b02d-01f359c0aa06-139699157092160","study_id":0,"datetime_start":"2026-03-26T21:04:53.027565"}
{"op_code":5,"worker_id":"1edc04dd-fd67-4094-b02d-01f359c0aa06-139699157092160","trial_id":4,"param_name":"lr","param_value_internal":0.014832917146586841,"distribution":"{\"name\": \"FloatDistribution\", \"attributes\": {\"step\": null, \"low\": 0.0001, \"high\": 0.1, \"log\": true}}"}
{"op_code":5,"worker_id":"1edc04dd-fd67-4094-b02d-01f359c0aa06-139699157092160","trial_id":4,"param_name":"dropout","param_value_internal":0.34777833961784016,"distribution":"{\"name\": \"FloatDistribution\", \"attributes\": {\"step\": null, \"low\": 0.0, \"high\": 0.5, \"log\": false}}"}
{"op_code":5,"worker_id":"1edc04dd-fd67-4094-b02d-01f359c0aa06-139699157092160","trial_id":4,"param_name":"layers","param_value_internal":1.0,"distribution":"{\"name\": \"IntDistribution\", \"attributes\": {\"log\": false, \"step\": 1, \"low\": 1, \"high\": 3}}"}
{"op_code":5,"worker_id":"1edc04dd-fd67-4094-b02d-01f359c0aa06-139699157092160","trial_id":4,"param_name":"nodes","param_value_internal":1,"distribution":"{\"name\": \"CategoricalDistribution\", \"attributes\": {\"choices\": [32, 64, 128]}}"}
{"op_code":5,"worker_id":"1edc04dd-fd67-4094-b02d-01f359c0aa06-139699157092160","trial_id":4,"param_name":"alpha","param_value_internal":0.42598411992289453,"distribution":"{\"name\": \"FloatDistribution\", \"attributes\": {\"step\": null, \"low\": 0.0, \"high\": 0.5, \"log\": false}}"}
{"op_code":5,"worker_id":"1edc04dd-fd67-4094-b02d-01f359c0aa06-139699157092160","trial_id":4,"param_name":"sigma","param_value_internal":0.08395261591033044,"distribution":"{\"name\": \"FloatDistribution\", \"attributes\": {\"step\": null, \"low\": 0.01, \"high\": 1.0, \"log\": true}}"}
{"op_code":6,"worker_id":"1edc04dd-fd67-4094-b02d-01f359c0aa06-139699157092160","trial_id":4,"state":1,"values":[0.6917524085811524],"datetime_complete":"2026-03-26T21:04:55.170395"}
{"op_code":4,"worker_id":"1edc04dd-fd67-4094-b02d-01f359c0aa06-139699157092160","study_id":0,"datetime_start":"2026-03-26T21:04:55.193801"}
{"op_code":5,"worker_id":"1edc04dd-fd67-4094-b02d-01f359c0aa06-139699157092160","trial_id":5,"param_name":"lr","param_value_internal":0.015975041456352014,"distribution":"{\"name\": \"FloatDistribution\", \"attributes\": {\"step\": null, \"low\": 0.0001, \"high\": 0.1, \"log\": true}}"}
{"op_code":5,"worker_id":"1edc04dd-fd67-4094-b02d-01f359c0aa06-139699157092160","trial_id":5,"param_name":"dropout","param_value_internal":0.4145791416256161,"distribution":"{\"name\": \"FloatDistribution\", \"attributes\": {\"step\": null, \"low\": 0.0, \"high\": 0.5, \"log\": false}}"}
{"op_code":5,"worker_id":"1edc04dd-fd67-4094-b02d-01f359c0aa06-139699157092160","trial_id":5,"param_name":"layers","param_value_internal":1.0,"distribution":"{\"name\": \"IntDistribution\", \"attributes\": {\"log\": false, \"step\": 1, \"low\": 1, \"high\": 3}}"}
{"op_code":5,"worker_id":"1edc04dd-fd67-4094-b02d-01f359c0aa06-139699157092160","trial_id":5,"param_name":"nodes","param_value_internal":1,"distribution":"{\"name\": \"CategoricalDistribution\", \"attributes\": {\"choices\": [32, 64, 128]}}"}
{"op_code":5,"worker_id":"1edc04dd-fd67-4094-b02d-01f359c0aa06-139699157092160","trial_id":5,"param_name":"alpha","param_value_internal":0.3136389099819113,"distribution":"{\"name\": \"FloatDistribution\", \"attributes\": {\"step\": null, \"low\": 0.0, \"high\": 0.5, \"log\": false}}"}
{"op_code":5,"worker_id":"1edc04dd-fd67-4094-b02d-01f359c0aa06-139699157092160","trial_id":5,"param_name":"sigma","param_value_internal":0.058313078946062864,"distribution":"{\"name\": \"FloatDistribution\", \"attributes\": {\"step\": null, \"low\": 0.01, \"high\": 1.0, \"log\": true}}"}
{"op_code":6,"worker_id":"1edc04dd-fd67-4094-b02d-01f359c0aa06-139699157092160","trial_id":5,"state":1,"values":[0.754924398489663],"datetime_complete":"2026-03-26T21:04:57.307277"}
{"op_code":4,"worker_id":"1edc04dd-fd67-4094-b02d-01f359c0aa06-139699157092160","study_id":0,"datetime_start":"2026-03-26T21:04:57.326381"}
{"op_code":5,"worker_id":"1edc04dd-fd67-4094-b02d-01f359c0aa06-139699157092160","trial_id":6,"param_name":"lr","param_value_internal":0.001521619274682323,"distribution":"{\"name\": \"FloatDistribution\", \"attributes\": {\"step\": null, \"low\": 0.0001, \"high\": 0.1, \"log\": true}}"}
{"op_code":5,"worker_id":"1edc04dd-fd67-4094-b02d-01f359c0aa06-139699157092160","trial_id":6,"param_name":"dropout","param_value_internal":0.4714281822770455,"distribution":"{\"name\": \"FloatDistribution\", \"attributes\": {\"step\": null, \"low\": 0.0, \"high\": 0.5, \"log\": false}}"}
{"op_code":5,"worker_id":"1edc04dd-fd67-4094-b02d-01f359c0aa06-139699157092160","trial_id":6,"param_name":"layers","param_value_internal":1.0,"distribution":"{\"name\": \"IntDistribution\", \"attributes\": {\"log\": false, \"step\": 1, \"low\": 1, \"high\": 3}}"}
{"op_code":5,"worker_id":"1edc04dd-fd67-4094-b02d-01f359c0aa06-139699157092160","trial_id":6,"param_name":"nodes","param_value_internal":1,"distribution":"{\"name\": \"CategoricalDistribution\", \"attributes\": {\"choices\": [32, 64, 128]}}"}
{"op_code":5,"worker_id":"1edc04dd-fd67-4094-b02d-01f359c0aa06-139699157092160","trial_id":6,"param_name":"alpha","param_value_internal":0.2671333537310715,"distribution":"{\"name\": \"FloatDistribution\", \"attributes\": {\"step\": null, \"low\": 0.0, \"high\": 0.5, \"log\": false}}"}
{"op_code":5,"worker_id":"1edc04dd-fd67-4094-b02d-01f359c0aa06-139699157092160","trial_id":6,"param_name":"sigma","param_value_internal":0.09492403208381227,"distribution":"{\"name\": \"FloatDistribution\", \"attributes\": {\"step\": null, \"low\": 0.01, \"high\": 1.0, \"log\": true}}"}
{"op_code":6,"worker_id":"1edc04dd-fd67-4094-b02d-01f359c0aa06-139699157092160","trial_id":6,"state":1,"values":[0.7435926379537078],"datetime_complete":"2026-03-26T21:04:59.418062"}
{"op_code":4,"worker_id":"1edc04dd-fd67-4094-b02d-01f359c0aa06-139699157092160","study_id":0,"datetime_start":"2026-03-26T21:04:59.440118"}
{"op_code":5,"worker_id":"1edc04dd-fd67-4094-b02d-01f359c0aa06-139699157092160","trial_id":7,"param_name":"lr","param_value_internal":0.05558213517665562,"distribution":"{\"name\": \"FloatDistribution\", \"attributes\": {\"step\": null, \"low\": 0.0001, \"high\": 0.1, \"log\": true}}"}
{"op_code":5,"worker_id":"1edc04dd-fd67-4094-b02d-01f359c0aa06-139699157092160","trial_id":7,"param_name":"dropout","param_value_internal":0.058513535761246904,"distribution":"{\"name\": \"FloatDistribution\", \"attributes\": {\"step\": null, \"low\": 0.0, \"high\": 0.5, \"log\": false}}"}
{"op_code":5,"worker_id":"1edc04dd-fd67-4094-b02d-01f359c0aa06-139699157092160","trial_id":7,"param_name":"layers","param_value_internal":3.0,"distribution":"{\"name\": \"IntDistribution\", \"attributes\": {\"log\": false, \"step\": 1, \"low\": 1, \"high\": 3}}"}
{"op_code":5,"worker_id":"1edc04dd-fd67-4094-b02d-01f359c0aa06-139699157092160","trial_id":7,"param_name":"nodes","param_value_internal":2,"distribution":"{\"name\": \"CategoricalDistribution\", \"attributes\": {\"choices\": [32, 64, 128]}}"}
{"op_code":5,"worker_id":"1edc04dd-fd67-4094-b02d-01f359c0aa06-139699157092160","trial_id":7,"param_name":"alpha","param_value_internal":0.03195464384940844,"distribution":"{\"name\": \"FloatDistribution\", \"attributes\": {\"step\": null, \"low\": 0.0, \"high\": 0.5, \"log\": false}}"}
{"op_code":5,"worker_id":"1edc04dd-fd67-4094-b02d-01f359c0aa06-139699157092160","trial_id":7,"param_name":"sigma","param_value_internal":0.09957142445141406,"distribution":"{\"name\": \"FloatDistribution\", \"attributes\": {\"step\": null, \"low\": 0.01, \"high\": 1.0, \"log\": true}}"}
{"op_code":6,"worker_id":"1edc04dd-fd67-4094-b02d-01f359c0aa06-139699157092160","trial_id":7,"state":1,"values":[0.6971269168468046],"datetime_complete":"2026-03-26T21:05:01.975071"}
{"op_code":4,"worker_id":"1edc04dd-fd67-4094-b02d-01f359c0aa06-139699157092160","study_id":0,"datetime_start":"2026-03-26T21:05:01.997795"}
{"op_code":5,"worker_id":"1edc04dd-fd67-4094-b02d-01f359c0aa06-139699157092160","trial_id":8,"param_name":"lr","param_value_internal":0.0006079752808592584,"distribution":"{\"name\": \"FloatDistribution\", \"attributes\": {\"step\": null, \"low\": 0.0001, \"high\": 0.1, \"log\": true}}"}
{"op_code":5,"worker_id":"1edc04dd-fd67-4094-b02d-01f359c0aa06-139699157092160","trial_id":8,"param_name":"dropout","param_value_internal":0.20977025032372282,"distribution":"{\"name\": \"FloatDistribution\", \"attributes\": {\"step\": null, \"low\": 0.0, \"high\": 0.5, \"log\": false}}"}
{"op_code":5,"worker_id":"1edc04dd-fd67-4094-b02d-01f359c0aa06-139699157092160","trial_id":8,"param_name":"layers","param_value_internal":1.0,"distribution":"{\"name\": \"IntDistribution\", \"attributes\": {\"log\": false, \"step\": 1, \"low\": 1, \"high\": 3}}"}
{"op_code":5,"worker_id":"1edc04dd-fd67-4094-b02d-01f359c0aa06-139699157092160","trial_id":8,"param_name":"nodes","param_value_internal":0,"distribution":"{\"name\": \"CategoricalDistribution\", \"attributes\": {\"choices\": [32, 64, 128]}}"}
{"op_code":5,"worker_id":"1edc04dd-fd67-4094-b02d-01f359c0aa06-139699157092160","trial_id":8,"param_name":"alpha","param_value_internal":0.4733053805276492,"distribution":"{\"name\": \"FloatDistribution\", \"attributes\": {\"step\": null, \"low\": 0.0, \"high\": 0.5, \"log\": false}}"}
{"op_code":5,"worker_id":"1edc04dd-fd67-4094-b02d-01f359c0aa06-139699157092160","trial_id":8,"param_name":"sigma","param_value_internal":0.027596974358069497,"distribution":"{\"name\": \"FloatDistribution\", \"attributes\": {\"step\": null, \"low\": 0.01, \"high\": 1.0, \"log\": true}}"}
{"op_code":6,"worker_id":"1edc04dd-fd67-4094-b02d-01f359c0aa06-139699157092160","trial_id":8,"state":1,"values":[0.5486640628968444],"datetime_complete":"2026-03-26T21:05:04.119310"}
{"op_code":4,"worker_id":"1edc04dd-fd67-4094-b02d-01f359c0aa06-139699157092160","study_id":0,"datetime_start":"2026-03-26T21:05:04.145579"}
{"op_code":5,"worker_id":"1edc04dd-fd67-4094-b02d-01f359c0aa06-139699157092160","trial_id":9,"param_name":"lr","param_value_internal":0.0001623122222946612,"distribution":"{\"name\": \"FloatDistribution\", \"attributes\": {\"step\": null, \"low\": 0.0001, \"high\": 0.1, \"log\": true}}"}
{"op_code":5,"worker_id":"1edc04dd-fd67-4094-b02d-01f359c0aa06-139699157092160","trial_id":9,"param_name":"dropout","param_value_internal":0.025000612672775868,"distribution":"{\"name\": \"FloatDistribution\", \"attributes\": {\"step\": null, \"low\": 0.0, \"high\": 0.5, \"log\": false}}"}
{"op_code":5,"worker_id":"1edc04dd-fd67-4094-b02d-01f359c0aa06-139699157092160","trial_id":9,"param_name":"layers","param_value_internal":3.0,"distribution":"{\"name\": \"IntDistribution\", \"attributes\": {\"log\": false, \"step\": 1, \"low\": 1, \"high\": 3}}"}
{"op_code":5,"worker_id":"1edc04dd-fd67-4094-b02d-01f359c0aa06-139699157092160","trial_id":9,"param_name":"nodes","param_value_internal":1,"distribution":"{\"name\": \"CategoricalDistribution\", \"attributes\": {\"choices\": [32, 64, 128]}}"}
{"op_code":5,"worker_id":"1edc04dd-fd67-4094-b02d-01f359c0aa06-139699157092160","trial_id":9,"param_name":"alpha","param_value_internal":0.44660606630170063,"distribution":"{\"name\": \"FloatDistribution\", \"attributes\": {\"step\": null, \"low\": 0.0, \"high\": 0.5, \"log\": false}}"}
{"op_code":5,"worker_id":"1edc04dd-fd67-4094-b02d-01f359c0aa06-139699157092160","trial_id":9,"param_name":"sigma","param_value_internal":0.015825285505016,"distribution":"{\"name\": \"FloatDistribution\", \"attributes\": {\"step\": null, \"low\": 0.01, \"high\": 1.0, \"log\": true}}"}
{"op_code":6,"worker_id":"1edc04dd-fd67-4094-b02d-01f359c0aa06-139699157092160","trial_id":9,"state":1,"values":[0.48623990427759495],"datetime_complete":"2026-03-26T21:05:06.686379"}
{"op_code":4,"worker_id":"1edc04dd-fd67-4094-b02d-01f359c0aa06-139699157092160","study_id":0,"datetime_start":"2026-03-26T21:05:06.714540"}
{"op_code":5,"worker_id":"1edc04dd-fd67-4094-b02d-01f359c0aa06-139699157092160","trial_id":10,"param_name":"lr","param_value_internal":0.0733562159629855,"distribution":"{\"name\": \"FloatDistribution\", \"attributes\": {\"step\": null, \"low\": 0.0001, \"high\": 0.1, \"log\": true}}"}
{"op_code":5,"worker_id":"1edc04dd-fd67-4094-b02d-01f359c0aa06-139699157092160","trial_id":10,"param_name":"dropout","param_value_internal":0.35049278015964347,"distribution":"{\"name\": \"FloatDistribution\", \"attributes\": {\"step\": null, \"low\": 0.0, \"high\": 0.5, \"log\": false}}"}
{"op_code":5,"worker_id":"1edc04dd-fd67-4094-b02d-01f359c0aa06-139699157092160","trial_id":10,"param_name":"layers","param_value_internal":1.0,"distribution":"{\"name\": \"IntDistribution\", \"attributes\": {\"log\": false, \"step\": 1, \"low\": 1, \"high\": 3}}"}
{"op_code":5,"worker_id":"1edc04dd-fd67-4094-b02d-01f359c0aa06-139699157092160","trial_id":10,"param_name":"nodes","param_value_internal":1,"distribution":"{\"name\": \"CategoricalDistribution\", \"attributes\": {\"choices\": [32, 64, 128]}}"}
{"op_code":5,"worker_id":"1edc04dd-fd67-4094-b02d-01f359c0aa06-139699157092160","trial_id":10,"param_name":"alpha","param_value_internal":0.17885989465528618,"distribution":"{\"name\": \"FloatDistribution\", \"attributes\": {\"step\": null, \"low\": 0.0, \"high\": 0.5, \"log\": false}}"}
{"op_code":5,"worker_id":"1edc04dd-fd67-4094-b02d-01f359c0aa06-139699157092160","trial_id":10,"param_name":"sigma","param_value_internal":0.2580150317805772,"distribution":"{\"name\": \"FloatDistribution\", \"attributes\": {\"step\": null, \"low\": 0.01, \"high\": 1.0, \"log\": true}}"}
{"op_code":6,"worker_id":"1edc04dd-fd67-4094-b02d-01f359c0aa06-139699157092160","trial_id":10,"state":1,"values":[0.6973780752798018],"datetime_complete":"2026-03-26T21:05:08.844044"}
{"op_code":4,"worker_id":"1edc04dd-fd67-4094-b02d-01f359c0aa06-139699157092160","study_id":0,"datetime_start":"2026-03-26T21:05:08.866840"}
{"op_code":5,"worker_id":"1edc04dd-fd67-4094-b02d-01f359c0aa06-139699157092160","trial_id":11,"param_name":"lr","param_value_internal":0.003064655082526414,"distribution":"{\"name\": \"FloatDistribution\", \"attributes\": {\"step\": null, \"low\": 0.0001, \"high\": 0.1, \"log\": true}}"}
{"op_code":5,"worker_id":"1edc04dd-fd67-4094-b02d-01f359c0aa06-139699157092160","trial_id":11,"param_name":"dropout","param_value_internal":0.49145821977313014,"distribution":"{\"name\": \"FloatDistribution\", \"attributes\": {\"step\": null, \"low\": 0.0, \"high\": 0.5, \"log\": false}}"}
{"op_code":5,"worker_id":"1edc04dd-fd67-4094-b02d-01f359c0aa06-139699157092160","trial_id":11,"param_name":"layers","param_value_internal":2.0,"distribution":"{\"name\": \"IntDistribution\", \"attributes\": {\"log\": false, \"step\": 1, \"low\": 1, \"high\": 3}}"}
{"op_code":5,"worker_id":"1edc04dd-fd67-4094-b02d-01f359c0aa06-139699157092160","trial_id":11,"param_name":"nodes","param_value_internal":1,"distribution":"{\"name\": \"CategoricalDistribution\", \"attributes\": {\"choices\": [32, 64, 128]}}"}
{"op_code":5,"worker_id":"1edc04dd-fd67-4094-b02d-01f359c0aa06-139699157092160","trial_id":11,"param_name":"alpha","param_value_internal":0.2707020413584526,"distribution":"{\"name\": \"FloatDistribution\", \"attributes\": {\"step\": null, \"low\": 0.0, \"high\": 0.5, \"log\": false}}"}
{"op_code":5,"worker_id":"1edc04dd-fd67-4094-b02d-01f359c0aa06-139699157092160","trial_id":11,"param_name":"sigma","param_value_internal":0.03996795703133321,"distribution":"{\"name\": \"FloatDistribution\", \"attributes\": {\"step\": null, \"low\": 0.01, \"high\": 1.0, \"log\": true}}"}
{"op_code":6,"worker_id":"1edc04dd-fd67-4094-b02d-01f359c0aa06-139699157092160","trial_id":11,"state":1,"values":[0.5288211356876379],"datetime_complete":"2026-03-26T21:05:11.192094"}
{"op_code":4,"worker_id":"1edc04dd-fd67-4094-b02d-01f359c0aa06-139699157092160","study_id":0,"datetime_start":"2026-03-26T21:05:11.214541"}
{"op_code":5,"worker_id":"1edc04dd-fd67-4094-b02d-01f359c0aa06-139699157092160","trial_id":12,"param_name":"lr","param_value_internal":0.0010813971230365978,"distribution":"{\"name\": \"FloatDistribution\", \"attributes\": {\"step\": null, \"low\": 0.0001, \"high\": 0.1, \"log\": true}}"}
{"op_code":5,"worker_id":"1edc04dd-fd67-4094-b02d-01f359c0aa06-139699157092160","trial_id":12,"param_name":"dropout","param_value_internal":0.4134313719747077,"distribution":"{\"name\": \"FloatDistribution\", \"attributes\": {\"step\": null, \"low\": 0.0, \"high\": 0.5, \"log\": false}}"}
{"op_code":5,"worker_id":"1edc04dd-fd67-4094-b02d-01f359c0aa06-139699157092160","trial_id":12,"param_name":"layers","param_value_internal":1.0,"distribution":"{\"name\": \"IntDistribution\", \"attributes\": {\"log\": false, \"step\": 1, \"low\": 1, \"high\": 3}}"}
{"op_code":5,"worker_id":"1edc04dd-fd67-4094-b02d-01f359c0aa06-139699157092160","trial_id":12,"param_name":"nodes","param_value_internal":1,"distribution":"{\"name\": \"CategoricalDistribution\", \"attributes\": {\"choices\": [32, 64, 128]}}"}
{"op_code":5,"worker_id":"1edc04dd-fd67-4094-b02d-01f359c0aa06-139699157092160","trial_id":12,"param_name":"alpha","param_value_internal":0.25991623137809794,"distribution":"{\"name\": \"FloatDistribution\", \"attributes\": {\"step\": null, \"low\": 0.0, \"high\": 0.5, \"log\": false}}"}
{"op_code":5,"worker_id":"1edc04dd-fd67-4094-b02d-01f359c0aa06-139699157092160","trial_id":12,"param_name":"sigma","param_value_internal":0.2398699488620525,"distribution":"{\"name\": \"FloatDistribution\", \"attributes\": {\"step\": null, \"low\": 0.01, \"high\": 1.0, \"log\": true}}"}
{"op_code":6,"worker_id":"1edc04dd-fd67-4094-b02d-01f359c0aa06-139699157092160","trial_id":12,"state":1,"values":[0.6811162722444534],"datetime_complete":"2026-03-26T21:05:13.315399"}
{"op_code":4,"worker_id":"1edc04dd-fd67-4094-b02d-01f359c0aa06-139699157092160","study_id":0,"datetime_start":"2026-03-26T21:05:13.339834"}
{"op_code":5,"worker_id":"1edc04dd-fd67-4094-b02d-01f359c0aa06-139699157092160","trial_id":13,"param_name":"lr","param_value_internal":0.005903431936587813,"distribution":"{\"name\": \"FloatDistribution\", \"attributes\": {\"step\": null, \"low\": 0.0001, \"high\": 0.1, \"log\": true}}"}
{"op_code":5,"worker_id":"1edc04dd-fd67-4094-b02d-01f359c0aa06-139699157092160","trial_id":13,"param_name":"dropout","param_value_internal":0.4225309384017812,"distribution":"{\"name\": \"FloatDistribution\", \"attributes\": {\"step\": null, \"low\": 0.0, \"high\": 0.5, \"log\": false}}"}
{"op_code":5,"worker_id":"1edc04dd-fd67-4094-b02d-01f359c0aa06-139699157092160","trial_id":13,"param_name":"layers","param_value_internal":1.0,"distribution":"{\"name\": \"IntDistribution\", \"attributes\": {\"log\": false, \"step\": 1, \"low\": 1, \"high\": 3}}"}
{"op_code":5,"worker_id":"1edc04dd-fd67-4094-b02d-01f359c0aa06-139699157092160","trial_id":13,"param_name":"nodes","param_value_internal":1,"distribution":"{\"name\": \"CategoricalDistribution\", \"attributes\": {\"choices\": [32, 64, 128]}}"}
{"op_code":5,"worker_id":"1edc04dd-fd67-4094-b02d-01f359c0aa06-139699157092160","trial_id":13,"param_name":"alpha","param_value_internal":0.3426929034589402,"distribution":"{\"name\": \"FloatDistribution\", \"attributes\": {\"step\": null, \"low\": 0.0, \"high\": 0.5, \"log\": false}}"}
{"op_code":5,"worker_id":"1edc04dd-fd67-4094-b02d-01f359c0aa06-139699157092160","trial_id":13,"param_name":"sigma","param_value_internal":0.15232648848691308,"distribution":"{\"name\": \"FloatDistribution\", \"attributes\": {\"step\": null, \"low\": 0.01, \"high\": 1.0, \"log\": true}}"}
{"op_code":6,"worker_id":"1edc04dd-fd67-4094-b02d-01f359c0aa06-139699157092160","trial_id":13,"state":1,"values":[0.6505469045428635],"datetime_complete":"2026-03-26T21:05:15.484121"}
{"op_code":4,"worker_id":"1edc04dd-fd67-4094-b02d-01f359c0aa06-139699157092160","study_id":0,"datetime_start":"2026-03-26T21:05:15.506626"}
{"op_code":5,"worker_id":"1edc04dd-fd67-4094-b02d-01f359c0aa06-139699157092160","trial_id":14,"param_name":"lr","param_value_internal":0.000495254331013469,"distribution":"{\"name\": \"FloatDistribution\", \"attributes\": {\"step\": null, \"low\": 0.0001, \"high\": 0.1, \"log\": true}}"}
{"op_code":5,"worker_id":"1edc04dd-fd67-4094-b02d-01f359c0aa06-139699157092160","trial_id":14,"param_name":"dropout","param_value_internal":0.4135388670102149,"distribution":"{\"name\": \"FloatDistribution\", \"attributes\": {\"step\": null, \"low\": 0.0, \"high\": 0.5, \"log\": false}}"}
{"op_code":5,"worker_id":"1edc04dd-fd67-4094-b02d-01f359c0aa06-139699157092160","trial_id":14,"param_name":"layers","param_value_internal":1.0,"distribution":"{\"name\": \"IntDistribution\", \"attributes\": {\"log\": false, \"step\": 1, \"low\": 1, \"high\": 3}}"}
{"op_code":5,"worker_id":"1edc04dd-fd67-4094-b02d-01f359c0aa06-139699157092160","trial_id":14,"param_name":"nodes","param_value_internal":1,"distribution":"{\"name\": \"CategoricalDistribution\", \"attributes\": {\"choices\": [32, 64, 128]}}"}
{"op_code":5,"worker_id":"1edc04dd-fd67-4094-b02d-01f359c0aa06-139699157092160","trial_id":14,"param_name":"alpha","param_value_internal":0.17190705261719572,"distribution":"{\"name\": \"FloatDistribution\", \"attributes\": {\"step\": null, \"low\": 0.0, \"high\": 0.5, \"log\": false}}"}
{"op_code":5,"worker_id":"1edc04dd-fd67-4094-b02d-01f359c0aa06-139699157092160","trial_id":14,"param_name":"sigma","param_value_internal":0.028042520365998556,"distribution":"{\"name\": \"FloatDistribution\", \"attributes\": {\"step\": null, \"low\": 0.01, \"high\": 1.0, \"log\": true}}"}
{"op_code":6,"worker_id":"1edc04dd-fd67-4094-b02d-01f359c0aa06-139699157092160","trial_id":14,"state":1,"values":[0.3971943627630814],"datetime_complete":"2026-03-26T21:05:17.609574"}
{"op_code":4,"worker_id":"1edc04dd-fd67-4094-b02d-01f359c0aa06-139699157092160","study_id":0,"datetime_start":"2026-03-26T21:05:17.632151"}
{"op_code":5,"worker_id":"1edc04dd-fd67-4094-b02d-01f359c0aa06-139699157092160","trial_id":15,"param_name":"lr","param_value_internal":0.013452674123898856,"distribution":"{\"name\": \"FloatDistribution\", \"attributes\": {\"step\": null, \"low\": 0.0001, \"high\": 0.1, \"log\": true}}"}
{"op_code":5,"worker_id":"1edc04dd-fd67-4094-b02d-01f359c0aa06-139699157092160","trial_id":15,"param_name":"dropout","param_value_internal":0.12774372802274495,"distribution":"{\"name\": \"FloatDistribution\", \"attributes\": {\"step\": null, \"low\": 0.0, \"high\": 0.5, \"log\": false}}"}
{"op_code":5,"worker_id":"1edc04dd-fd67-4094-b02d-01f359c0aa06-139699157092160","trial_id":15,"param_name":"layers","param_value_internal":2.0,"distribution":"{\"name\": \"IntDistribution\", \"attributes\": {\"log\": false, \"step\": 1, \"low\": 1, \"high\": 3}}"}
{"op_code":5,"worker_id":"1edc04dd-fd67-4094-b02d-01f359c0aa06-139699157092160","trial_id":15,"param_name":"nodes","param_value_internal":2,"distribution":"{\"name\": \"CategoricalDistribution\", \"attributes\": {\"choices\": [32, 64, 128]}}"}
{"op_code":5,"worker_id":"1edc04dd-fd67-4094-b02d-01f359c0aa06-139699157092160","trial_id":15,"param_name":"alpha","param_value_internal":0.34116423736172996,"distribution":"{\"name\": \"FloatDistribution\", \"attributes\": {\"step\": null, \"low\": 0.0, \"high\": 0.5, \"log\": false}}"}
{"op_code":5,"worker_id":"1edc04dd-fd67-4094-b02d-01f359c0aa06-139699157092160","trial_id":15,"param_name":"sigma","param_value_internal":0.996423075196373,"distribution":"{\"name\": \"FloatDistribution\", \"attributes\": {\"step\": null, \"low\": 0.01, \"high\": 1.0, \"log\": true}}"}
{"op_code":6,"worker_id":"1edc04dd-fd67-4094-b02d-01f359c0aa06-139699157092160","trial_id":15,"state":1,"values":[0.6232482404799666],"datetime_complete":"2026-03-26T21:05:19.941539"}
{"op_code":4,"worker_id":"1edc04dd-fd67-4094-b02d-01f359c0aa06-139699157092160","study_id":0,"datetime_start":"2026-03-26T21:05:19.966172"}
{"op_code":5,"worker_id":"1edc04dd-fd67-4094-b02d-01f359c0aa06-139699157092160","trial_id":16,"param_name":"lr","param_value_internal":0.003678351782243026,"distribution":"{\"name\": \"FloatDistribution\", \"attributes\": {\"step\": null, \"low\": 0.0001, \"high\": 0.1, \"log\": true}}"}
{"op_code":5,"worker_id":"1edc04dd-fd67-4094-b02d-01f359c0aa06-139699157092160","trial_id":16,"param_name":"dropout","param_value_internal":0.3257041203984061,"distribution":"{\"name\": \"FloatDistribution\", \"attributes\": {\"step\": null, \"low\": 0.0, \"high\": 0.5, \"log\": false}}"}
{"op_code":5,"worker_id":"1edc04dd-fd67-4094-b02d-01f359c0aa06-139699157092160","trial_id":16,"param_name":"layers","param_value_internal":1.0,"distribution":"{\"name\": \"IntDistribution\", \"attributes\": {\"log\": false, \"step\": 1, \"low\": 1, \"high\": 3}}"}
{"op_code":5,"worker_id":"1edc04dd-fd67-4094-b02d-01f359c0aa06-139699157092160","trial_id":16,"param_name":"nodes","param_value_internal":1,"distribution":"{\"name\": \"CategoricalDistribution\", \"attributes\": {\"choices\": [32, 64, 128]}}"}
{"op_code":5,"worker_id":"1edc04dd-fd67-4094-b02d-01f359c0aa06-139699157092160","trial_id":16,"param_name":"alpha","param_value_internal":0.17960598946035056,"distribution":"{\"name\": \"FloatDistribution\", \"attributes\": {\"step\": null, \"low\": 0.0, \"high\": 0.5, \"log\": false}}"}
{"op_code":5,"worker_id":"1edc04dd-fd67-4094-b02d-01f359c0aa06-139699157092160","trial_id":16,"param_name":"sigma","param_value_internal":0.05738841873677501,"distribution":"{\"name\": \"FloatDistribution\", \"attributes\": {\"step\": null, \"low\": 0.01, \"high\": 1.0, \"log\": true}}"}
{"op_code":6,"worker_id":"1edc04dd-fd67-4094-b02d-01f359c0aa06-139699157092160","trial_id":16,"state":1,"values":[0.7665270714926713],"datetime_complete":"2026-03-26T21:05:22.056384"}
{"op_code":4,"worker_id":"1edc04dd-fd67-4094-b02d-01f359c0aa06-139699157092160","study_id":0,"datetime_start":"2026-03-26T21:05:22.075408"}
{"op_code":5,"worker_id":"1edc04dd-fd67-4094-b02d-01f359c0aa06-139699157092160","trial_id":17,"param_name":"lr","param_value_internal":0.004925091579240685,"distribution":"{\"name\": \"FloatDistribution\", \"attributes\": {\"step\": null, \"low\": 0.0001, \"high\": 0.1, \"log\": true}}"}
{"op_code":5,"worker_id":"1edc04dd-fd67-4094-b02d-01f359c0aa06-139699157092160","trial_id":17,"param_name":"dropout","param_value_internal":0.30289545944515756,"distribution":"{\"name\": \"FloatDistribution\", \"attributes\": {\"step\": null, \"low\": 0.0, \"high\": 0.5, \"log\": false}}"}
{"op_code":5,"worker_id":"1edc04dd-fd67-4094-b02d-01f359c0aa06-139699157092160","trial_id":17,"param_name":"layers","param_value_internal":2.0,"distribution":"{\"name\": \"IntDistribution\", \"attributes\": {\"log\": false, \"step\": 1, \"low\": 1, \"high\": 3}}"}
{"op_code":5,"worker_id":"1edc04dd-fd67-4094-b02d-01f359c0aa06-139699157092160","trial_id":17,"param_name":"nodes","param_value_internal":1,"distribution":"{\"name\": \"CategoricalDistribution\", \"attributes\": {\"choices\": [32, 64, 128]}}"}
{"op_code":5,"worker_id":"1edc04dd-fd67-4094-b02d-01f359c0aa06-139699157092160","trial_id":17,"param_name":"alpha","param_value_internal":0.1780775791748388,"distribution":"{\"name\": \"FloatDistribution\", \"attributes\": {\"step\": null, \"low\": 0.0, \"high\": 0.5, \"log\": false}}"}
{"op_code":5,"worker_id":"1edc04dd-fd67-4094-b02d-01f359c0aa06-139699157092160","trial_id":17,"param_name":"sigma","param_value_internal":0.04804048782868247,"distribution":"{\"name\": \"FloatDistribution\", \"attributes\": {\"step\": null, \"low\": 0.01, \"high\": 1.0, \"log\": true}}"}
{"op_code":6,"worker_id":"1edc04dd-fd67-4094-b02d-01f359c0aa06-139699157092160","trial_id":17,"state":1,"values":[0.7444406504156813],"datetime_complete":"2026-03-26T21:05:24.364067"}
{"op_code":4,"worker_id":"1edc04dd-fd67-4094-b02d-01f359c0aa06-139699157092160","study_id":0,"datetime_start":"2026-03-26T21:05:24.386112"}
{"op_code":5,"worker_id":"1edc04dd-fd67-4094-b02d-01f359c0aa06-139699157092160","trial_id":18,"param_name":"lr","param_value_internal":0.015690103213762335,"distribution":"{\"name\": \"FloatDistribution\", \"attributes\": {\"step\": null, \"low\": 0.0001, \"high\": 0.1, \"log\": true}}"}
{"op_code":5,"worker_id":"1edc04dd-fd67-4094-b02d-01f359c0aa06-139699157092160","trial_id":18,"param_name":"dropout","param_value_internal":0.17130751796054278,"distribution":"{\"name\": \"FloatDistribution\", \"attributes\": {\"step\": null, \"low\": 0.0, \"high\": 0.5, \"log\": false}}"}
{"op_code":5,"worker_id":"1edc04dd-fd67-4094-b02d-01f359c0aa06-139699157092160","trial_id":18,"param_name":"layers","param_value_internal":1.0,"distribution":"{\"name\": \"IntDistribution\", \"attributes\": {\"log\": false, \"step\": 1, \"low\": 1, \"high\": 3}}"}
{"op_code":5,"worker_id":"1edc04dd-fd67-4094-b02d-01f359c0aa06-139699157092160","trial_id":18,"param_name":"nodes","param_value_internal":2,"distribution":"{\"name\": \"CategoricalDistribution\", \"attributes\": {\"choices\": [32, 64, 128]}}"}
{"op_code":5,"worker_id":"1edc04dd-fd67-4094-b02d-01f359c0aa06-139699157092160","trial_id":18,"param_name":"alpha","param_value_internal":0.11834338159119633,"distribution":"{\"name\": \"FloatDistribution\", \"attributes\": {\"step\": null, \"low\": 0.0, \"high\": 0.5, \"log\": false}}"}
{"op_code":5,"worker_id":"1edc04dd-fd67-4094-b02d-01f359c0aa06-139699157092160","trial_id":18,"param_name":"sigma","param_value_internal":0.023311549124937745,"distribution":"{\"name\": \"FloatDistribution\", \"attributes\": {\"step\": null, \"low\": 0.01, \"high\": 1.0, \"log\": true}}"}
{"op_code":6,"worker_id":"1edc04dd-fd67-4094-b02d-01f359c0aa06-139699157092160","trial_id":18,"state":1,"values":[0.5022082188069692],"datetime_complete":"2026-03-26T21:05:26.478296"}
{"op_code":4,"worker_id":"1edc04dd-fd67-4094-b02d-01f359c0aa06-139699157092160","study_id":0,"datetime_start":"2026-03-26T21:05:26.502397"}
{"op_code":5,"worker_id":"1edc04dd-fd67-4094-b02d-01f359c0aa06-139699157092160","trial_id":19,"param_name":"lr","param_value_internal":0.0323998414944786,"distribution":"{\"name\": \"FloatDistribution\", \"attributes\": {\"step\": null, \"low\": 0.0001, \"high\": 0.1, \"log\": true}}"}
{"op_code":5,"worker_id":"1edc04dd-fd67-4094-b02d-01f359c0aa06-139699157092160","trial_id":19,"param_name":"dropout","param_value_internal":0.3439007681625959,"distribution":"{\"name\": \"FloatDistribution\", \"attributes\": {\"step\": null, \"low\": 0.0, \"high\": 0.5, \"log\": false}}"}
{"op_code":5,"worker_id":"1edc04dd-fd67-4094-b02d-01f359c0aa06-139699157092160","trial_id":19,"param_name":"layers","param_value_internal":2.0,"distribution":"{\"name\": \"IntDistribution\", \"attributes\": {\"log\": false, \"step\": 1, \"low\": 1, \"high\": 3}}"}
{"op_code":5,"worker_id":"1edc04dd-fd67-4094-b02d-01f359c0aa06-139699157092160","trial_id":19,"param_name":"nodes","param_value_internal":0,"distribution":"{\"name\": \"CategoricalDistribution\", \"attributes\": {\"choices\": [32, 64, 128]}}"}
{"op_code":5,"worker_id":"1edc04dd-fd67-4094-b02d-01f359c0aa06-139699157092160","trial_id":19,"param_name":"alpha","param_value_internal":0.20330361199778577,"distribution":"{\"name\": \"FloatDistribution\", \"attributes\": {\"step\": null, \"low\": 0.0, \"high\": 0.5, \"log\": false}}"}
{"op_code":5,"worker_id":"1edc04dd-fd67-4094-b02d-01f359c0aa06-139699157092160","trial_id":19,"param_name":"sigma","param_value_internal":0.15357549308813168,"distribution":"{\"name\": \"FloatDistribution\", \"attributes\": {\"step\": null, \"low\": 0.01, \"high\": 1.0, \"log\": true}}"}
{"op_code":6,"worker_id":"1edc04dd-fd67-4094-b02d-01f359c0aa06-139699157092160","trial_id":19,"state":1,"values":[0.7538209945873947],"datetime_complete":"2026-03-26T21:05:28.820640"}
