{"op_code":0,"worker_id":"d0572770-d8d9-4a5c-8957-b1e7cda86e57-140218449991488","study_name":"tabpfn_deephit","directions":[2]}
{"op_code":4,"worker_id":"d0572770-d8d9-4a5c-8957-b1e7cda86e57-140218449991488","study_id":0,"datetime_start":"2026-03-31T11:27:19.060801"}
{"op_code":5,"worker_id":"d0572770-d8d9-4a5c-8957-b1e7cda86e57-140218449991488","trial_id":0,"param_name":"lr","param_value_internal":0.00015896153387493024,"distribution":"{\"name\": \"FloatDistribution\", \"attributes\": {\"step\": null, \"low\": 0.0001, \"high\": 0.1, \"log\": true}}"}
{"op_code":5,"worker_id":"d0572770-d8d9-4a5c-8957-b1e7cda86e57-140218449991488","trial_id":0,"param_name":"dropout","param_value_internal":0.3308327401762404,"distribution":"{\"name\": \"FloatDistribution\", \"attributes\": {\"step\": null, \"low\": 0.0, \"high\": 0.5, \"log\": false}}"}
{"op_code":5,"worker_id":"d0572770-d8d9-4a5c-8957-b1e7cda86e57-140218449991488","trial_id":0,"param_name":"nodes","param_value_internal":2,"distribution":"{\"name\": \"CategoricalDistribution\", \"attributes\": {\"choices\": [\"64-64\", \"128-64\", \"256-128\"]}}"}
{"op_code":6,"worker_id":"d0572770-d8d9-4a5c-8957-b1e7cda86e57-140218449991488","trial_id":0,"state":1,"values":[0.797714664142936],"datetime_complete":"2026-03-31T11:27:26.591940"}
{"op_code":4,"worker_id":"d0572770-d8d9-4a5c-8957-b1e7cda86e57-140218449991488","study_id":0,"datetime_start":"2026-03-31T11:27:26.613819"}
{"op_code":5,"worker_id":"d0572770-d8d9-4a5c-8957-b1e7cda86e57-140218449991488","trial_id":1,"param_name":"lr","param_value_internal":0.00012691150769555788,"distribution":"{\"name\": \"FloatDistribution\", \"attributes\": {\"step\": null, \"low\": 0.0001, \"high\": 0.1, \"log\": true}}"}
{"op_code":5,"worker_id":"d0572770-d8d9-4a5c-8957-b1e7cda86e57-140218449991488","trial_id":1,"param_name":"dropout","param_value_internal":0.144078493237128,"distribution":"{\"name\": \"FloatDistribution\", \"attributes\": {\"step\": null, \"low\": 0.0, \"high\": 0.5, \"log\": false}}"}
{"op_code":5,"worker_id":"d0572770-d8d9-4a5c-8957-b1e7cda86e57-140218449991488","trial_id":1,"param_name":"nodes","param_value_internal":0,"distribution":"{\"name\": \"CategoricalDistribution\", \"attributes\": {\"choices\": [\"64-64\", \"128-64\", \"256-128\"]}}"}
{"op_code":6,"worker_id":"d0572770-d8d9-4a5c-8957-b1e7cda86e57-140218449991488","trial_id":1,"state":1,"values":[0.7952547142356281],"datetime_complete":"2026-03-31T11:27:34.138898"}
{"op_code":4,"worker_id":"d0572770-d8d9-4a5c-8957-b1e7cda86e57-140218449991488","study_id":0,"datetime_start":"2026-03-31T11:27:34.153110"}
{"op_code":5,"worker_id":"d0572770-d8d9-4a5c-8957-b1e7cda86e57-140218449991488","trial_id":2,"param_name":"lr","param_value_internal":0.002606981392176397,"distribution":"{\"name\": \"FloatDistribution\", \"attributes\": {\"step\": null, \"low\": 0.0001, \"high\": 0.1, \"log\": true}}"}
{"op_code":5,"worker_id":"d0572770-d8d9-4a5c-8957-b1e7cda86e57-140218449991488","trial_id":2,"param_name":"dropout","param_value_internal":0.3754616171734063,"distribution":"{\"name\": \"FloatDistribution\", \"attributes\": {\"step\": null, \"low\": 0.0, \"high\": 0.5, \"log\": false}}"}
{"op_code":5,"worker_id":"d0572770-d8d9-4a5c-8957-b1e7cda86e57-140218449991488","trial_id":2,"param_name":"nodes","param_value_internal":1,"distribution":"{\"name\": \"CategoricalDistribution\", \"attributes\": {\"choices\": [\"64-64\", \"128-64\", \"256-128\"]}}"}
{"op_code":6,"worker_id":"d0572770-d8d9-4a5c-8957-b1e7cda86e57-140218449991488","trial_id":2,"state":1,"values":[0.7923364597345042],"datetime_complete":"2026-03-31T11:27:41.612480"}
{"op_code":4,"worker_id":"d0572770-d8d9-4a5c-8957-b1e7cda86e57-140218449991488","study_id":0,"datetime_start":"2026-03-31T11:27:41.640720"}
{"op_code":5,"worker_id":"d0572770-d8d9-4a5c-8957-b1e7cda86e57-140218449991488","trial_id":3,"param_name":"lr","param_value_internal":0.00810203047166021,"distribution":"{\"name\": \"FloatDistribution\", \"attributes\": {\"step\": null, \"low\": 0.0001, \"high\": 0.1, \"log\": true}}"}
{"op_code":5,"worker_id":"d0572770-d8d9-4a5c-8957-b1e7cda86e57-140218449991488","trial_id":3,"param_name":"dropout","param_value_internal":0.11764031957306526,"distribution":"{\"name\": \"FloatDistribution\", \"attributes\": {\"step\": null, \"low\": 0.0, \"high\": 0.5, \"log\": false}}"}
{"op_code":5,"worker_id":"d0572770-d8d9-4a5c-8957-b1e7cda86e57-140218449991488","trial_id":3,"param_name":"nodes","param_value_internal":0,"distribution":"{\"name\": \"CategoricalDistribution\", \"attributes\": {\"choices\": [\"64-64\", \"128-64\", \"256-128\"]}}"}
{"op_code":6,"worker_id":"d0572770-d8d9-4a5c-8957-b1e7cda86e57-140218449991488","trial_id":3,"state":1,"values":[0.7879390271568387],"datetime_complete":"2026-03-31T11:27:49.817996"}
{"op_code":4,"worker_id":"d0572770-d8d9-4a5c-8957-b1e7cda86e57-140218449991488","study_id":0,"datetime_start":"2026-03-31T11:27:49.838084"}
{"op_code":5,"worker_id":"d0572770-d8d9-4a5c-8957-b1e7cda86e57-140218449991488","trial_id":4,"param_name":"lr","param_value_internal":0.0006076229718711218,"distribution":"{\"name\": \"FloatDistribution\", \"attributes\": {\"step\": null, \"low\": 0.0001, \"high\": 0.1, \"log\": true}}"}
{"op_code":5,"worker_id":"d0572770-d8d9-4a5c-8957-b1e7cda86e57-140218449991488","trial_id":4,"param_name":"dropout","param_value_internal":0.15994527371815248,"distribution":"{\"name\": \"FloatDistribution\", \"attributes\": {\"step\": null, \"low\": 0.0, \"high\": 0.5, \"log\": false}}"}
{"op_code":5,"worker_id":"d0572770-d8d9-4a5c-8957-b1e7cda86e57-140218449991488","trial_id":4,"param_name":"nodes","param_value_internal":2,"distribution":"{\"name\": \"CategoricalDistribution\", \"attributes\": {\"choices\": [\"64-64\", \"128-64\", \"256-128\"]}}"}
{"op_code":6,"worker_id":"d0572770-d8d9-4a5c-8957-b1e7cda86e57-140218449991488","trial_id":4,"state":1,"values":[0.7834384760455646],"datetime_complete":"2026-03-31T11:27:57.474471"}
{"op_code":4,"worker_id":"d0572770-d8d9-4a5c-8957-b1e7cda86e57-140218449991488","study_id":0,"datetime_start":"2026-03-31T11:27:57.497306"}
{"op_code":5,"worker_id":"d0572770-d8d9-4a5c-8957-b1e7cda86e57-140218449991488","trial_id":5,"param_name":"lr","param_value_internal":0.05939364717526341,"distribution":"{\"name\": \"FloatDistribution\", \"attributes\": {\"step\": null, \"low\": 0.0001, \"high\": 0.1, \"log\": true}}"}
{"op_code":5,"worker_id":"d0572770-d8d9-4a5c-8957-b1e7cda86e57-140218449991488","trial_id":5,"param_name":"dropout","param_value_internal":0.1816502306047587,"distribution":"{\"name\": \"FloatDistribution\", \"attributes\": {\"step\": null, \"low\": 0.0, \"high\": 0.5, \"log\": false}}"}
{"op_code":5,"worker_id":"d0572770-d8d9-4a5c-8957-b1e7cda86e57-140218449991488","trial_id":5,"param_name":"nodes","param_value_internal":2,"distribution":"{\"name\": \"CategoricalDistribution\", \"attributes\": {\"choices\": [\"64-64\", \"128-64\", \"256-128\"]}}"}
{"op_code":6,"worker_id":"d0572770-d8d9-4a5c-8957-b1e7cda86e57-140218449991488","trial_id":5,"state":1,"values":[0.8006558338737508],"datetime_complete":"2026-03-31T11:28:05.127221"}
{"op_code":4,"worker_id":"d0572770-d8d9-4a5c-8957-b1e7cda86e57-140218449991488","study_id":0,"datetime_start":"2026-03-31T11:28:05.148860"}
{"op_code":5,"worker_id":"d0572770-d8d9-4a5c-8957-b1e7cda86e57-140218449991488","trial_id":6,"param_name":"lr","param_value_internal":0.00035237304532840684,"distribution":"{\"name\": \"FloatDistribution\", \"attributes\": {\"step\": null, \"low\": 0.0001, \"high\": 0.1, \"log\": true}}"}
{"op_code":5,"worker_id":"d0572770-d8d9-4a5c-8957-b1e7cda86e57-140218449991488","trial_id":6,"param_name":"dropout","param_value_internal":0.49205753934434715,"distribution":"{\"name\": \"FloatDistribution\", \"attributes\": {\"step\": null, \"low\": 0.0, \"high\": 0.5, \"log\": false}}"}
{"op_code":5,"worker_id":"d0572770-d8d9-4a5c-8957-b1e7cda86e57-140218449991488","trial_id":6,"param_name":"nodes","param_value_internal":0,"distribution":"{\"name\": \"CategoricalDistribution\", \"attributes\": {\"choices\": [\"64-64\", \"128-64\", \"256-128\"]}}"}
{"op_code":6,"worker_id":"d0572770-d8d9-4a5c-8957-b1e7cda86e57-140218449991488","trial_id":6,"state":1,"values":[0.788900321042368],"datetime_complete":"2026-03-31T11:28:12.643755"}
{"op_code":4,"worker_id":"d0572770-d8d9-4a5c-8957-b1e7cda86e57-140218449991488","study_id":0,"datetime_start":"2026-03-31T11:28:12.662034"}
{"op_code":5,"worker_id":"d0572770-d8d9-4a5c-8957-b1e7cda86e57-140218449991488","trial_id":7,"param_name":"lr","param_value_internal":0.011275740364643815,"distribution":"{\"name\": \"FloatDistribution\", \"attributes\": {\"step\": null, \"low\": 0.0001, \"high\": 0.1, \"log\": true}}"}
{"op_code":5,"worker_id":"d0572770-d8d9-4a5c-8957-b1e7cda86e57-140218449991488","trial_id":7,"param_name":"dropout","param_value_internal":0.21284225705630033,"distribution":"{\"name\": \"FloatDistribution\", \"attributes\": {\"step\": null, \"low\": 0.0, \"high\": 0.5, \"log\": false}}"}
{"op_code":5,"worker_id":"d0572770-d8d9-4a5c-8957-b1e7cda86e57-140218449991488","trial_id":7,"param_name":"nodes","param_value_internal":2,"distribution":"{\"name\": \"CategoricalDistribution\", \"attributes\": {\"choices\": [\"64-64\", \"128-64\", \"256-128\"]}}"}
{"op_code":6,"worker_id":"d0572770-d8d9-4a5c-8957-b1e7cda86e57-140218449991488","trial_id":7,"state":1,"values":[0.7832494254006155],"datetime_complete":"2026-03-31T11:28:20.239936"}
{"op_code":4,"worker_id":"d0572770-d8d9-4a5c-8957-b1e7cda86e57-140218449991488","study_id":0,"datetime_start":"2026-03-31T11:28:20.258738"}
{"op_code":5,"worker_id":"d0572770-d8d9-4a5c-8957-b1e7cda86e57-140218449991488","trial_id":8,"param_name":"lr","param_value_internal":0.0004804904511236802,"distribution":"{\"name\": \"FloatDistribution\", \"attributes\": {\"step\": null, \"low\": 0.0001, \"high\": 0.1, \"log\": true}}"}
{"op_code":5,"worker_id":"d0572770-d8d9-4a5c-8957-b1e7cda86e57-140218449991488","trial_id":8,"param_name":"dropout","param_value_internal":0.4195299119460871,"distribution":"{\"name\": \"FloatDistribution\", \"attributes\": {\"step\": null, \"low\": 0.0, \"high\": 0.5, \"log\": false}}"}
{"op_code":5,"worker_id":"d0572770-d8d9-4a5c-8957-b1e7cda86e57-140218449991488","trial_id":8,"param_name":"nodes","param_value_internal":0,"distribution":"{\"name\": \"CategoricalDistribution\", \"attributes\": {\"choices\": [\"64-64\", \"128-64\", \"256-128\"]}}"}
{"op_code":6,"worker_id":"d0572770-d8d9-4a5c-8957-b1e7cda86e57-140218449991488","trial_id":8,"state":1,"values":[0.7917715993226259],"datetime_complete":"2026-03-31T11:28:27.803795"}
{"op_code":4,"worker_id":"d0572770-d8d9-4a5c-8957-b1e7cda86e57-140218449991488","study_id":0,"datetime_start":"2026-03-31T11:28:27.825693"}
{"op_code":5,"worker_id":"d0572770-d8d9-4a5c-8957-b1e7cda86e57-140218449991488","trial_id":9,"param_name":"lr","param_value_internal":0.006382538317960118,"distribution":"{\"name\": \"FloatDistribution\", \"attributes\": {\"step\": null, \"low\": 0.0001, \"high\": 0.1, \"log\": true}}"}
{"op_code":5,"worker_id":"d0572770-d8d9-4a5c-8957-b1e7cda86e57-140218449991488","trial_id":9,"param_name":"dropout","param_value_internal":0.07622724891476584,"distribution":"{\"name\": \"FloatDistribution\", \"attributes\": {\"step\": null, \"low\": 0.0, \"high\": 0.5, \"log\": false}}"}
{"op_code":5,"worker_id":"d0572770-d8d9-4a5c-8957-b1e7cda86e57-140218449991488","trial_id":9,"param_name":"nodes","param_value_internal":1,"distribution":"{\"name\": \"CategoricalDistribution\", \"attributes\": {\"choices\": [\"64-64\", \"128-64\", \"256-128\"]}}"}
{"op_code":6,"worker_id":"d0572770-d8d9-4a5c-8957-b1e7cda86e57-140218449991488","trial_id":9,"state":1,"values":[0.7798407849841082],"datetime_complete":"2026-03-31T11:28:35.420391"}
{"op_code":4,"worker_id":"d0572770-d8d9-4a5c-8957-b1e7cda86e57-140218449991488","study_id":0,"datetime_start":"2026-03-31T11:28:35.442080"}
{"op_code":5,"worker_id":"d0572770-d8d9-4a5c-8957-b1e7cda86e57-140218449991488","trial_id":10,"param_name":"lr","param_value_internal":0.09870072461495255,"distribution":"{\"name\": \"FloatDistribution\", \"attributes\": {\"step\": null, \"low\": 0.0001, \"high\": 0.1, \"log\": true}}"}
{"op_code":5,"worker_id":"d0572770-d8d9-4a5c-8957-b1e7cda86e57-140218449991488","trial_id":10,"param_name":"dropout","param_value_internal":0.2949215586305425,"distribution":"{\"name\": \"FloatDistribution\", \"attributes\": {\"step\": null, \"low\": 0.0, \"high\": 0.5, \"log\": false}}"}
{"op_code":5,"worker_id":"d0572770-d8d9-4a5c-8957-b1e7cda86e57-140218449991488","trial_id":10,"param_name":"nodes","param_value_internal":2,"distribution":"{\"name\": \"CategoricalDistribution\", \"attributes\": {\"choices\": [\"64-64\", \"128-64\", \"256-128\"]}}"}
{"op_code":6,"worker_id":"d0572770-d8d9-4a5c-8957-b1e7cda86e57-140218449991488","trial_id":10,"state":1,"values":[0.7989475035003013],"datetime_complete":"2026-03-31T11:28:43.111264"}
{"op_code":4,"worker_id":"d0572770-d8d9-4a5c-8957-b1e7cda86e57-140218449991488","study_id":0,"datetime_start":"2026-03-31T11:28:43.132772"}
{"op_code":5,"worker_id":"d0572770-d8d9-4a5c-8957-b1e7cda86e57-140218449991488","trial_id":11,"param_name":"lr","param_value_internal":0.09259558989817114,"distribution":"{\"name\": \"FloatDistribution\", \"attributes\": {\"step\": null, \"low\": 0.0001, \"high\": 0.1, \"log\": true}}"}
{"op_code":5,"worker_id":"d0572770-d8d9-4a5c-8957-b1e7cda86e57-140218449991488","trial_id":11,"param_name":"dropout","param_value_internal":0.26286536811963224,"distribution":"{\"name\": \"FloatDistribution\", \"attributes\": {\"step\": null, \"low\": 0.0, \"high\": 0.5, \"log\": false}}"}
{"op_code":5,"worker_id":"d0572770-d8d9-4a5c-8957-b1e7cda86e57-140218449991488","trial_id":11,"param_name":"nodes","param_value_internal":2,"distribution":"{\"name\": \"CategoricalDistribution\", \"attributes\": {\"choices\": [\"64-64\", \"128-64\", \"256-128\"]}}"}
{"op_code":6,"worker_id":"d0572770-d8d9-4a5c-8957-b1e7cda86e57-140218449991488","trial_id":11,"state":1,"values":[0.7942120712846965],"datetime_complete":"2026-03-31T11:28:50.748422"}
{"op_code":4,"worker_id":"d0572770-d8d9-4a5c-8957-b1e7cda86e57-140218449991488","study_id":0,"datetime_start":"2026-03-31T11:28:50.772056"}
{"op_code":5,"worker_id":"d0572770-d8d9-4a5c-8957-b1e7cda86e57-140218449991488","trial_id":12,"param_name":"lr","param_value_internal":0.08978124885887583,"distribution":"{\"name\": \"FloatDistribution\", \"attributes\": {\"step\": null, \"low\": 0.0001, \"high\": 0.1, \"log\": true}}"}
{"op_code":5,"worker_id":"d0572770-d8d9-4a5c-8957-b1e7cda86e57-140218449991488","trial_id":12,"param_name":"dropout","param_value_internal":0.01596395498437389,"distribution":"{\"name\": \"FloatDistribution\", \"attributes\": {\"step\": null, \"low\": 0.0, \"high\": 0.5, \"log\": false}}"}
{"op_code":5,"worker_id":"d0572770-d8d9-4a5c-8957-b1e7cda86e57-140218449991488","trial_id":12,"param_name":"nodes","param_value_internal":2,"distribution":"{\"name\": \"CategoricalDistribution\", \"attributes\": {\"choices\": [\"64-64\", \"128-64\", \"256-128\"]}}"}
{"op_code":6,"worker_id":"d0572770-d8d9-4a5c-8957-b1e7cda86e57-140218449991488","trial_id":12,"state":1,"values":[0.7940551019613145],"datetime_complete":"2026-03-31T11:28:58.606533"}
{"op_code":4,"worker_id":"d0572770-d8d9-4a5c-8957-b1e7cda86e57-140218449991488","study_id":0,"datetime_start":"2026-03-31T11:28:58.625315"}
{"op_code":5,"worker_id":"d0572770-d8d9-4a5c-8957-b1e7cda86e57-140218449991488","trial_id":13,"param_name":"lr","param_value_internal":0.029332084540670187,"distribution":"{\"name\": \"FloatDistribution\", \"attributes\": {\"step\": null, \"low\": 0.0001, \"high\": 0.1, \"log\": true}}"}
{"op_code":5,"worker_id":"d0572770-d8d9-4a5c-8957-b1e7cda86e57-140218449991488","trial_id":13,"param_name":"dropout","param_value_internal":0.2818578209178514,"distribution":"{\"name\": \"FloatDistribution\", \"attributes\": {\"step\": null, \"low\": 0.0, \"high\": 0.5, \"log\": false}}"}
{"op_code":5,"worker_id":"d0572770-d8d9-4a5c-8957-b1e7cda86e57-140218449991488","trial_id":13,"param_name":"nodes","param_value_internal":2,"distribution":"{\"name\": \"CategoricalDistribution\", \"attributes\": {\"choices\": [\"64-64\", \"128-64\", \"256-128\"]}}"}
{"op_code":6,"worker_id":"d0572770-d8d9-4a5c-8957-b1e7cda86e57-140218449991488","trial_id":13,"state":1,"values":[0.7832918185755435],"datetime_complete":"2026-03-31T11:29:06.224560"}
{"op_code":4,"worker_id":"d0572770-d8d9-4a5c-8957-b1e7cda86e57-140218449991488","study_id":0,"datetime_start":"2026-03-31T11:29:07.187372"}
{"op_code":5,"worker_id":"d0572770-d8d9-4a5c-8957-b1e7cda86e57-140218449991488","trial_id":14,"param_name":"lr","param_value_internal":0.032009477214554084,"distribution":"{\"name\": \"FloatDistribution\", \"attributes\": {\"step\": null, \"low\": 0.0001, \"high\": 0.1, \"log\": true}}"}
{"op_code":5,"worker_id":"d0572770-d8d9-4a5c-8957-b1e7cda86e57-140218449991488","trial_id":14,"param_name":"dropout","param_value_internal":0.19647452994474868,"distribution":"{\"name\": \"FloatDistribution\", \"attributes\": {\"step\": null, \"low\": 0.0, \"high\": 0.5, \"log\": false}}"}
{"op_code":5,"worker_id":"d0572770-d8d9-4a5c-8957-b1e7cda86e57-140218449991488","trial_id":14,"param_name":"nodes","param_value_internal":2,"distribution":"{\"name\": \"CategoricalDistribution\", \"attributes\": {\"choices\": [\"64-64\", \"128-64\", \"256-128\"]}}"}
{"op_code":6,"worker_id":"d0572770-d8d9-4a5c-8957-b1e7cda86e57-140218449991488","trial_id":14,"state":1,"values":[0.7945328845003677],"datetime_complete":"2026-03-31T11:29:17.566887"}
{"op_code":4,"worker_id":"d0572770-d8d9-4a5c-8957-b1e7cda86e57-140218449991488","study_id":0,"datetime_start":"2026-03-31T11:29:17.586794"}
{"op_code":5,"worker_id":"d0572770-d8d9-4a5c-8957-b1e7cda86e57-140218449991488","trial_id":15,"param_name":"lr","param_value_internal":0.03179602087481102,"distribution":"{\"name\": \"FloatDistribution\", \"attributes\": {\"step\": null, \"low\": 0.0001, \"high\": 0.1, \"log\": true}}"}
{"op_code":5,"worker_id":"d0572770-d8d9-4a5c-8957-b1e7cda86e57-140218449991488","trial_id":15,"param_name":"dropout","param_value_internal":0.2983467502874642,"distribution":"{\"name\": \"FloatDistribution\", \"attributes\": {\"step\": null, \"low\": 0.0, \"high\": 0.5, \"log\": false}}"}
{"op_code":5,"worker_id":"d0572770-d8d9-4a5c-8957-b1e7cda86e57-140218449991488","trial_id":15,"param_name":"nodes","param_value_internal":2,"distribution":"{\"name\": \"CategoricalDistribution\", \"attributes\": {\"choices\": [\"64-64\", \"128-64\", \"256-128\"]}}"}
{"op_code":6,"worker_id":"d0572770-d8d9-4a5c-8957-b1e7cda86e57-140218449991488","trial_id":15,"state":1,"values":[0.7957244764442897],"datetime_complete":"2026-03-31T11:29:25.147851"}
{"op_code":4,"worker_id":"d0572770-d8d9-4a5c-8957-b1e7cda86e57-140218449991488","study_id":0,"datetime_start":"2026-03-31T11:29:25.162641"}
{"op_code":5,"worker_id":"d0572770-d8d9-4a5c-8957-b1e7cda86e57-140218449991488","trial_id":16,"param_name":"lr","param_value_internal":0.0017026198662900092,"distribution":"{\"name\": \"FloatDistribution\", \"attributes\": {\"step\": null, \"low\": 0.0001, \"high\": 0.1, \"log\": true}}"}
{"op_code":5,"worker_id":"d0572770-d8d9-4a5c-8957-b1e7cda86e57-140218449991488","trial_id":16,"param_name":"dropout","param_value_internal":0.22298258920187078,"distribution":"{\"name\": \"FloatDistribution\", \"attributes\": {\"step\": null, \"low\": 0.0, \"high\": 0.5, \"log\": false}}"}
{"op_code":5,"worker_id":"d0572770-d8d9-4a5c-8957-b1e7cda86e57-140218449991488","trial_id":16,"param_name":"nodes","param_value_internal":1,"distribution":"{\"name\": \"CategoricalDistribution\", \"attributes\": {\"choices\": [\"64-64\", \"128-64\", \"256-128\"]}}"}
{"op_code":6,"worker_id":"d0572770-d8d9-4a5c-8957-b1e7cda86e57-140218449991488","trial_id":16,"state":1,"values":[0.7894124764259575],"datetime_complete":"2026-03-31T11:29:32.654324"}
{"op_code":4,"worker_id":"d0572770-d8d9-4a5c-8957-b1e7cda86e57-140218449991488","study_id":0,"datetime_start":"2026-03-31T11:29:32.673210"}
{"op_code":5,"worker_id":"d0572770-d8d9-4a5c-8957-b1e7cda86e57-140218449991488","trial_id":17,"param_name":"lr","param_value_internal":0.05262886133896259,"distribution":"{\"name\": \"FloatDistribution\", \"attributes\": {\"step\": null, \"low\": 0.0001, \"high\": 0.1, \"log\": true}}"}
{"op_code":5,"worker_id":"d0572770-d8d9-4a5c-8957-b1e7cda86e57-140218449991488","trial_id":17,"param_name":"dropout","param_value_internal":0.3587596818742928,"distribution":"{\"name\": \"FloatDistribution\", \"attributes\": {\"step\": null, \"low\": 0.0, \"high\": 0.5, \"log\": false}}"}
{"op_code":5,"worker_id":"d0572770-d8d9-4a5c-8957-b1e7cda86e57-140218449991488","trial_id":17,"param_name":"nodes","param_value_internal":2,"distribution":"{\"name\": \"CategoricalDistribution\", \"attributes\": {\"choices\": [\"64-64\", \"128-64\", \"256-128\"]}}"}
{"op_code":6,"worker_id":"d0572770-d8d9-4a5c-8957-b1e7cda86e57-140218449991488","trial_id":17,"state":1,"values":[0.7862834018116781],"datetime_complete":"2026-03-31T11:29:40.195171"}
{"op_code":4,"worker_id":"d0572770-d8d9-4a5c-8957-b1e7cda86e57-140218449991488","study_id":0,"datetime_start":"2026-03-31T11:29:40.211171"}
{"op_code":5,"worker_id":"d0572770-d8d9-4a5c-8957-b1e7cda86e57-140218449991488","trial_id":18,"param_name":"lr","param_value_internal":0.017538996590903067,"distribution":"{\"name\": \"FloatDistribution\", \"attributes\": {\"step\": null, \"low\": 0.0001, \"high\": 0.1, \"log\": true}}"}
{"op_code":5,"worker_id":"d0572770-d8d9-4a5c-8957-b1e7cda86e57-140218449991488","trial_id":18,"param_name":"dropout","param_value_internal":0.06984780173465531,"distribution":"{\"name\": \"FloatDistribution\", \"attributes\": {\"step\": null, \"low\": 0.0, \"high\": 0.5, \"log\": false}}"}
{"op_code":5,"worker_id":"d0572770-d8d9-4a5c-8957-b1e7cda86e57-140218449991488","trial_id":18,"param_name":"nodes","param_value_internal":2,"distribution":"{\"name\": \"CategoricalDistribution\", \"attributes\": {\"choices\": [\"64-64\", \"128-64\", \"256-128\"]}}"}
{"op_code":6,"worker_id":"d0572770-d8d9-4a5c-8957-b1e7cda86e57-140218449991488","trial_id":18,"state":1,"values":[0.7774621841422027],"datetime_complete":"2026-03-31T11:29:47.697043"}
{"op_code":4,"worker_id":"d0572770-d8d9-4a5c-8957-b1e7cda86e57-140218449991488","study_id":0,"datetime_start":"2026-03-31T11:29:47.719844"}
{"op_code":5,"worker_id":"d0572770-d8d9-4a5c-8957-b1e7cda86e57-140218449991488","trial_id":19,"param_name":"lr","param_value_internal":0.005077510684869049,"distribution":"{\"name\": \"FloatDistribution\", \"attributes\": {\"step\": null, \"low\": 0.0001, \"high\": 0.1, \"log\": true}}"}
{"op_code":5,"worker_id":"d0572770-d8d9-4a5c-8957-b1e7cda86e57-140218449991488","trial_id":19,"param_name":"dropout","param_value_internal":0.42646139739896727,"distribution":"{\"name\": \"FloatDistribution\", \"attributes\": {\"step\": null, \"low\": 0.0, \"high\": 0.5, \"log\": false}}"}
{"op_code":5,"worker_id":"d0572770-d8d9-4a5c-8957-b1e7cda86e57-140218449991488","trial_id":19,"param_name":"nodes","param_value_internal":1,"distribution":"{\"name\": \"CategoricalDistribution\", \"attributes\": {\"choices\": [\"64-64\", \"128-64\", \"256-128\"]}}"}
{"op_code":6,"worker_id":"d0572770-d8d9-4a5c-8957-b1e7cda86e57-140218449991488","trial_id":19,"state":1,"values":[0.7958940491440016],"datetime_complete":"2026-03-31T11:29:55.253310"}
