{"op_code":0,"worker_id":"e0472e4b-3f09-4982-b505-0cecd1deb1ed-139952901822272","study_name":"deepsurv_tuning","directions":[2]}
{"op_code":4,"worker_id":"e0472e4b-3f09-4982-b505-0cecd1deb1ed-139952901822272","study_id":0,"datetime_start":"2026-03-26T11:39:30.351663"}
{"op_code":5,"worker_id":"e0472e4b-3f09-4982-b505-0cecd1deb1ed-139952901822272","trial_id":0,"param_name":"lr","param_value_internal":0.036305248452479025,"distribution":"{\"name\": \"FloatDistribution\", \"attributes\": {\"step\": null, \"low\": 0.0001, \"high\": 0.1, \"log\": true}}"}
{"op_code":5,"worker_id":"e0472e4b-3f09-4982-b505-0cecd1deb1ed-139952901822272","trial_id":0,"param_name":"dropout","param_value_internal":0.15820931813340672,"distribution":"{\"name\": \"FloatDistribution\", \"attributes\": {\"step\": null, \"low\": 0.0, \"high\": 0.5, \"log\": false}}"}
{"op_code":5,"worker_id":"e0472e4b-3f09-4982-b505-0cecd1deb1ed-139952901822272","trial_id":0,"param_name":"layers","param_value_internal":2,"distribution":"{\"name\": \"CategoricalDistribution\", \"attributes\": {\"choices\": [1, 2, 3]}}"}
{"op_code":5,"worker_id":"e0472e4b-3f09-4982-b505-0cecd1deb1ed-139952901822272","trial_id":0,"param_name":"nodes","param_value_internal":0,"distribution":"{\"name\": \"CategoricalDistribution\", \"attributes\": {\"choices\": [16, 32, 64]}}"}
{"op_code":6,"worker_id":"e0472e4b-3f09-4982-b505-0cecd1deb1ed-139952901822272","trial_id":0,"state":1,"values":[0.6527730149328179],"datetime_complete":"2026-03-26T11:39:32.319113"}
{"op_code":4,"worker_id":"e0472e4b-3f09-4982-b505-0cecd1deb1ed-139952901822272","study_id":0,"datetime_start":"2026-03-26T11:39:32.336758"}
{"op_code":5,"worker_id":"e0472e4b-3f09-4982-b505-0cecd1deb1ed-139952901822272","trial_id":1,"param_name":"lr","param_value_internal":0.01385913848809446,"distribution":"{\"name\": \"FloatDistribution\", \"attributes\": {\"step\": null, \"low\": 0.0001, \"high\": 0.1, \"log\": true}}"}
{"op_code":5,"worker_id":"e0472e4b-3f09-4982-b505-0cecd1deb1ed-139952901822272","trial_id":1,"param_name":"dropout","param_value_internal":0.13231706250218767,"distribution":"{\"name\": \"FloatDistribution\", \"attributes\": {\"step\": null, \"low\": 0.0, \"high\": 0.5, \"log\": false}}"}
{"op_code":5,"worker_id":"e0472e4b-3f09-4982-b505-0cecd1deb1ed-139952901822272","trial_id":1,"param_name":"layers","param_value_internal":2,"distribution":"{\"name\": \"CategoricalDistribution\", \"attributes\": {\"choices\": [1, 2, 3]}}"}
{"op_code":5,"worker_id":"e0472e4b-3f09-4982-b505-0cecd1deb1ed-139952901822272","trial_id":1,"param_name":"nodes","param_value_internal":2,"distribution":"{\"name\": \"CategoricalDistribution\", \"attributes\": {\"choices\": [16, 32, 64]}}"}
{"op_code":6,"worker_id":"e0472e4b-3f09-4982-b505-0cecd1deb1ed-139952901822272","trial_id":1,"state":1,"values":[0.6256196028306886],"datetime_complete":"2026-03-26T11:39:34.418309"}
{"op_code":4,"worker_id":"e0472e4b-3f09-4982-b505-0cecd1deb1ed-139952901822272","study_id":0,"datetime_start":"2026-03-26T11:39:34.437132"}
{"op_code":5,"worker_id":"e0472e4b-3f09-4982-b505-0cecd1deb1ed-139952901822272","trial_id":2,"param_name":"lr","param_value_internal":0.0001766451197448987,"distribution":"{\"name\": \"FloatDistribution\", \"attributes\": {\"step\": null, \"low\": 0.0001, \"high\": 0.1, \"log\": true}}"}
{"op_code":5,"worker_id":"e0472e4b-3f09-4982-b505-0cecd1deb1ed-139952901822272","trial_id":2,"param_name":"dropout","param_value_internal":0.1530373397927408,"distribution":"{\"name\": \"FloatDistribution\", \"attributes\": {\"step\": null, \"low\": 0.0, \"high\": 0.5, \"log\": false}}"}
{"op_code":5,"worker_id":"e0472e4b-3f09-4982-b505-0cecd1deb1ed-139952901822272","trial_id":2,"param_name":"layers","param_value_internal":1,"distribution":"{\"name\": \"CategoricalDistribution\", \"attributes\": {\"choices\": [1, 2, 3]}}"}
{"op_code":5,"worker_id":"e0472e4b-3f09-4982-b505-0cecd1deb1ed-139952901822272","trial_id":2,"param_name":"nodes","param_value_internal":0,"distribution":"{\"name\": \"CategoricalDistribution\", \"attributes\": {\"choices\": [16, 32, 64]}}"}
{"op_code":6,"worker_id":"e0472e4b-3f09-4982-b505-0cecd1deb1ed-139952901822272","trial_id":2,"state":1,"values":[0.5783895002649874],"datetime_complete":"2026-03-26T11:39:36.290077"}
{"op_code":4,"worker_id":"e0472e4b-3f09-4982-b505-0cecd1deb1ed-139952901822272","study_id":0,"datetime_start":"2026-03-26T11:39:36.313314"}
{"op_code":5,"worker_id":"e0472e4b-3f09-4982-b505-0cecd1deb1ed-139952901822272","trial_id":3,"param_name":"lr","param_value_internal":0.006062137455317682,"distribution":"{\"name\": \"FloatDistribution\", \"attributes\": {\"step\": null, \"low\": 0.0001, \"high\": 0.1, \"log\": true}}"}
{"op_code":5,"worker_id":"e0472e4b-3f09-4982-b505-0cecd1deb1ed-139952901822272","trial_id":3,"param_name":"dropout","param_value_internal":0.1695219144193425,"distribution":"{\"name\": \"FloatDistribution\", \"attributes\": {\"step\": null, \"low\": 0.0, \"high\": 0.5, \"log\": false}}"}
{"op_code":5,"worker_id":"e0472e4b-3f09-4982-b505-0cecd1deb1ed-139952901822272","trial_id":3,"param_name":"layers","param_value_internal":2,"distribution":"{\"name\": \"CategoricalDistribution\", \"attributes\": {\"choices\": [1, 2, 3]}}"}
{"op_code":5,"worker_id":"e0472e4b-3f09-4982-b505-0cecd1deb1ed-139952901822272","trial_id":3,"param_name":"nodes","param_value_internal":1,"distribution":"{\"name\": \"CategoricalDistribution\", \"attributes\": {\"choices\": [16, 32, 64]}}"}
{"op_code":6,"worker_id":"e0472e4b-3f09-4982-b505-0cecd1deb1ed-139952901822272","trial_id":3,"state":1,"values":[0.6353461982105558],"datetime_complete":"2026-03-26T11:39:38.489903"}
{"op_code":4,"worker_id":"e0472e4b-3f09-4982-b505-0cecd1deb1ed-139952901822272","study_id":0,"datetime_start":"2026-03-26T11:39:38.510450"}
{"op_code":5,"worker_id":"e0472e4b-3f09-4982-b505-0cecd1deb1ed-139952901822272","trial_id":4,"param_name":"lr","param_value_internal":0.0012078107595368298,"distribution":"{\"name\": \"FloatDistribution\", \"attributes\": {\"step\": null, \"low\": 0.0001, \"high\": 0.1, \"log\": true}}"}
{"op_code":5,"worker_id":"e0472e4b-3f09-4982-b505-0cecd1deb1ed-139952901822272","trial_id":4,"param_name":"dropout","param_value_internal":0.21770270825633203,"distribution":"{\"name\": \"FloatDistribution\", \"attributes\": {\"step\": null, \"low\": 0.0, \"high\": 0.5, \"log\": false}}"}
{"op_code":5,"worker_id":"e0472e4b-3f09-4982-b505-0cecd1deb1ed-139952901822272","trial_id":4,"param_name":"layers","param_value_internal":2,"distribution":"{\"name\": \"CategoricalDistribution\", \"attributes\": {\"choices\": [1, 2, 3]}}"}
{"op_code":5,"worker_id":"e0472e4b-3f09-4982-b505-0cecd1deb1ed-139952901822272","trial_id":4,"param_name":"nodes","param_value_internal":1,"distribution":"{\"name\": \"CategoricalDistribution\", \"attributes\": {\"choices\": [16, 32, 64]}}"}
{"op_code":6,"worker_id":"e0472e4b-3f09-4982-b505-0cecd1deb1ed-139952901822272","trial_id":4,"state":1,"values":[0.6209433550519063],"datetime_complete":"2026-03-26T11:39:40.667413"}
{"op_code":4,"worker_id":"e0472e4b-3f09-4982-b505-0cecd1deb1ed-139952901822272","study_id":0,"datetime_start":"2026-03-26T11:39:40.696685"}
{"op_code":5,"worker_id":"e0472e4b-3f09-4982-b505-0cecd1deb1ed-139952901822272","trial_id":5,"param_name":"lr","param_value_internal":0.04248772298171868,"distribution":"{\"name\": \"FloatDistribution\", \"attributes\": {\"step\": null, \"low\": 0.0001, \"high\": 0.1, \"log\": true}}"}
{"op_code":5,"worker_id":"e0472e4b-3f09-4982-b505-0cecd1deb1ed-139952901822272","trial_id":5,"param_name":"dropout","param_value_internal":0.06225579944038029,"distribution":"{\"name\": \"FloatDistribution\", \"attributes\": {\"step\": null, \"low\": 0.0, \"high\": 0.5, \"log\": false}}"}
{"op_code":5,"worker_id":"e0472e4b-3f09-4982-b505-0cecd1deb1ed-139952901822272","trial_id":5,"param_name":"layers","param_value_internal":0,"distribution":"{\"name\": \"CategoricalDistribution\", \"attributes\": {\"choices\": [1, 2, 3]}}"}
{"op_code":5,"worker_id":"e0472e4b-3f09-4982-b505-0cecd1deb1ed-139952901822272","trial_id":5,"param_name":"nodes","param_value_internal":0,"distribution":"{\"name\": \"CategoricalDistribution\", \"attributes\": {\"choices\": [16, 32, 64]}}"}
{"op_code":6,"worker_id":"e0472e4b-3f09-4982-b505-0cecd1deb1ed-139952901822272","trial_id":5,"state":1,"values":[0.6370296474109175],"datetime_complete":"2026-03-26T11:39:42.314487"}
{"op_code":4,"worker_id":"e0472e4b-3f09-4982-b505-0cecd1deb1ed-139952901822272","study_id":0,"datetime_start":"2026-03-26T11:39:42.338325"}
{"op_code":5,"worker_id":"e0472e4b-3f09-4982-b505-0cecd1deb1ed-139952901822272","trial_id":6,"param_name":"lr","param_value_internal":0.0019776775602335346,"distribution":"{\"name\": \"FloatDistribution\", \"attributes\": {\"step\": null, \"low\": 0.0001, \"high\": 0.1, \"log\": true}}"}
{"op_code":5,"worker_id":"e0472e4b-3f09-4982-b505-0cecd1deb1ed-139952901822272","trial_id":6,"param_name":"dropout","param_value_internal":0.17376307364605187,"distribution":"{\"name\": \"FloatDistribution\", \"attributes\": {\"step\": null, \"low\": 0.0, \"high\": 0.5, \"log\": false}}"}
{"op_code":5,"worker_id":"e0472e4b-3f09-4982-b505-0cecd1deb1ed-139952901822272","trial_id":6,"param_name":"layers","param_value_internal":2,"distribution":"{\"name\": \"CategoricalDistribution\", \"attributes\": {\"choices\": [1, 2, 3]}}"}
{"op_code":5,"worker_id":"e0472e4b-3f09-4982-b505-0cecd1deb1ed-139952901822272","trial_id":6,"param_name":"nodes","param_value_internal":0,"distribution":"{\"name\": \"CategoricalDistribution\", \"attributes\": {\"choices\": [16, 32, 64]}}"}
{"op_code":6,"worker_id":"e0472e4b-3f09-4982-b505-0cecd1deb1ed-139952901822272","trial_id":6,"state":1,"values":[0.6165165071546591],"datetime_complete":"2026-03-26T11:39:44.462572"}
{"op_code":4,"worker_id":"e0472e4b-3f09-4982-b505-0cecd1deb1ed-139952901822272","study_id":0,"datetime_start":"2026-03-26T11:39:44.530156"}
{"op_code":5,"worker_id":"e0472e4b-3f09-4982-b505-0cecd1deb1ed-139952901822272","trial_id":7,"param_name":"lr","param_value_internal":0.000627238128880808,"distribution":"{\"name\": \"FloatDistribution\", \"attributes\": {\"step\": null, \"low\": 0.0001, \"high\": 0.1, \"log\": true}}"}
{"op_code":5,"worker_id":"e0472e4b-3f09-4982-b505-0cecd1deb1ed-139952901822272","trial_id":7,"param_name":"dropout","param_value_internal":0.10982398239048113,"distribution":"{\"name\": \"FloatDistribution\", \"attributes\": {\"step\": null, \"low\": 0.0, \"high\": 0.5, \"log\": false}}"}
{"op_code":5,"worker_id":"e0472e4b-3f09-4982-b505-0cecd1deb1ed-139952901822272","trial_id":7,"param_name":"layers","param_value_internal":1,"distribution":"{\"name\": \"CategoricalDistribution\", \"attributes\": {\"choices\": [1, 2, 3]}}"}
{"op_code":5,"worker_id":"e0472e4b-3f09-4982-b505-0cecd1deb1ed-139952901822272","trial_id":7,"param_name":"nodes","param_value_internal":2,"distribution":"{\"name\": \"CategoricalDistribution\", \"attributes\": {\"choices\": [16, 32, 64]}}"}
{"op_code":6,"worker_id":"e0472e4b-3f09-4982-b505-0cecd1deb1ed-139952901822272","trial_id":7,"state":1,"values":[0.6290488512017957],"datetime_complete":"2026-03-26T11:39:46.410493"}
{"op_code":4,"worker_id":"e0472e4b-3f09-4982-b505-0cecd1deb1ed-139952901822272","study_id":0,"datetime_start":"2026-03-26T11:39:46.436921"}
{"op_code":5,"worker_id":"e0472e4b-3f09-4982-b505-0cecd1deb1ed-139952901822272","trial_id":8,"param_name":"lr","param_value_internal":0.018933342114545705,"distribution":"{\"name\": \"FloatDistribution\", \"attributes\": {\"step\": null, \"low\": 0.0001, \"high\": 0.1, \"log\": true}}"}
{"op_code":5,"worker_id":"e0472e4b-3f09-4982-b505-0cecd1deb1ed-139952901822272","trial_id":8,"param_name":"dropout","param_value_internal":0.20362540112586308,"distribution":"{\"name\": \"FloatDistribution\", \"attributes\": {\"step\": null, \"low\": 0.0, \"high\": 0.5, \"log\": false}}"}
{"op_code":5,"worker_id":"e0472e4b-3f09-4982-b505-0cecd1deb1ed-139952901822272","trial_id":8,"param_name":"layers","param_value_internal":2,"distribution":"{\"name\": \"CategoricalDistribution\", \"attributes\": {\"choices\": [1, 2, 3]}}"}
{"op_code":5,"worker_id":"e0472e4b-3f09-4982-b505-0cecd1deb1ed-139952901822272","trial_id":8,"param_name":"nodes","param_value_internal":2,"distribution":"{\"name\": \"CategoricalDistribution\", \"attributes\": {\"choices\": [16, 32, 64]}}"}
{"op_code":6,"worker_id":"e0472e4b-3f09-4982-b505-0cecd1deb1ed-139952901822272","trial_id":8,"state":1,"values":[0.6306699504317735],"datetime_complete":"2026-03-26T11:39:48.567499"}
{"op_code":4,"worker_id":"e0472e4b-3f09-4982-b505-0cecd1deb1ed-139952901822272","study_id":0,"datetime_start":"2026-03-26T11:39:48.601938"}
{"op_code":5,"worker_id":"e0472e4b-3f09-4982-b505-0cecd1deb1ed-139952901822272","trial_id":9,"param_name":"lr","param_value_internal":0.00042796235968229783,"distribution":"{\"name\": \"FloatDistribution\", \"attributes\": {\"step\": null, \"low\": 0.0001, \"high\": 0.1, \"log\": true}}"}
{"op_code":5,"worker_id":"e0472e4b-3f09-4982-b505-0cecd1deb1ed-139952901822272","trial_id":9,"param_name":"dropout","param_value_internal":0.08268735706967678,"distribution":"{\"name\": \"FloatDistribution\", \"attributes\": {\"step\": null, \"low\": 0.0, \"high\": 0.5, \"log\": false}}"}
{"op_code":5,"worker_id":"e0472e4b-3f09-4982-b505-0cecd1deb1ed-139952901822272","trial_id":9,"param_name":"layers","param_value_internal":0,"distribution":"{\"name\": \"CategoricalDistribution\", \"attributes\": {\"choices\": [1, 2, 3]}}"}
{"op_code":5,"worker_id":"e0472e4b-3f09-4982-b505-0cecd1deb1ed-139952901822272","trial_id":9,"param_name":"nodes","param_value_internal":2,"distribution":"{\"name\": \"CategoricalDistribution\", \"attributes\": {\"choices\": [16, 32, 64]}}"}
{"op_code":6,"worker_id":"e0472e4b-3f09-4982-b505-0cecd1deb1ed-139952901822272","trial_id":9,"state":1,"values":[0.6205692552296037],"datetime_complete":"2026-03-26T11:39:49.807188"}
{"op_code":4,"worker_id":"e0472e4b-3f09-4982-b505-0cecd1deb1ed-139952901822272","study_id":0,"datetime_start":"2026-03-26T11:39:49.825910"}
{"op_code":5,"worker_id":"e0472e4b-3f09-4982-b505-0cecd1deb1ed-139952901822272","trial_id":10,"param_name":"lr","param_value_internal":0.06003354619367363,"distribution":"{\"name\": \"FloatDistribution\", \"attributes\": {\"step\": null, \"low\": 0.0001, \"high\": 0.1, \"log\": true}}"}
{"op_code":5,"worker_id":"e0472e4b-3f09-4982-b505-0cecd1deb1ed-139952901822272","trial_id":10,"param_name":"dropout","param_value_internal":0.3505208585624852,"distribution":"{\"name\": \"FloatDistribution\", \"attributes\": {\"step\": null, \"low\": 0.0, \"high\": 0.5, \"log\": false}}"}
{"op_code":5,"worker_id":"e0472e4b-3f09-4982-b505-0cecd1deb1ed-139952901822272","trial_id":10,"param_name":"layers","param_value_internal":1,"distribution":"{\"name\": \"CategoricalDistribution\", \"attributes\": {\"choices\": [1, 2, 3]}}"}
{"op_code":5,"worker_id":"e0472e4b-3f09-4982-b505-0cecd1deb1ed-139952901822272","trial_id":10,"param_name":"nodes","param_value_internal":0,"distribution":"{\"name\": \"CategoricalDistribution\", \"attributes\": {\"choices\": [16, 32, 64]}}"}
{"op_code":6,"worker_id":"e0472e4b-3f09-4982-b505-0cecd1deb1ed-139952901822272","trial_id":10,"state":1,"values":[0.6332262992175078],"datetime_complete":"2026-03-26T11:39:51.283685"}
{"op_code":4,"worker_id":"e0472e4b-3f09-4982-b505-0cecd1deb1ed-139952901822272","study_id":0,"datetime_start":"2026-03-26T11:39:51.306990"}
{"op_code":5,"worker_id":"e0472e4b-3f09-4982-b505-0cecd1deb1ed-139952901822272","trial_id":11,"param_name":"lr","param_value_internal":0.09919334655939337,"distribution":"{\"name\": \"FloatDistribution\", \"attributes\": {\"step\": null, \"low\": 0.0001, \"high\": 0.1, \"log\": true}}"}
{"op_code":5,"worker_id":"e0472e4b-3f09-4982-b505-0cecd1deb1ed-139952901822272","trial_id":11,"param_name":"dropout","param_value_internal":0.029989410815505574,"distribution":"{\"name\": \"FloatDistribution\", \"attributes\": {\"step\": null, \"low\": 0.0, \"high\": 0.5, \"log\": false}}"}
{"op_code":5,"worker_id":"e0472e4b-3f09-4982-b505-0cecd1deb1ed-139952901822272","trial_id":11,"param_name":"layers","param_value_internal":0,"distribution":"{\"name\": \"CategoricalDistribution\", \"attributes\": {\"choices\": [1, 2, 3]}}"}
{"op_code":5,"worker_id":"e0472e4b-3f09-4982-b505-0cecd1deb1ed-139952901822272","trial_id":11,"param_name":"nodes","param_value_internal":0,"distribution":"{\"name\": \"CategoricalDistribution\", \"attributes\": {\"choices\": [16, 32, 64]}}"}
{"op_code":6,"worker_id":"e0472e4b-3f09-4982-b505-0cecd1deb1ed-139952901822272","trial_id":11,"state":1,"values":[0.6309193503133086],"datetime_complete":"2026-03-26T11:39:52.881372"}
{"op_code":4,"worker_id":"e0472e4b-3f09-4982-b505-0cecd1deb1ed-139952901822272","study_id":0,"datetime_start":"2026-03-26T11:39:52.895323"}
{"op_code":5,"worker_id":"e0472e4b-3f09-4982-b505-0cecd1deb1ed-139952901822272","trial_id":12,"param_name":"lr","param_value_internal":0.02788029260600276,"distribution":"{\"name\": \"FloatDistribution\", \"attributes\": {\"step\": null, \"low\": 0.0001, \"high\": 0.1, \"log\": true}}"}
{"op_code":5,"worker_id":"e0472e4b-3f09-4982-b505-0cecd1deb1ed-139952901822272","trial_id":12,"param_name":"dropout","param_value_internal":0.3152189881041234,"distribution":"{\"name\": \"FloatDistribution\", \"attributes\": {\"step\": null, \"low\": 0.0, \"high\": 0.5, \"log\": false}}"}
{"op_code":5,"worker_id":"e0472e4b-3f09-4982-b505-0cecd1deb1ed-139952901822272","trial_id":12,"param_name":"layers","param_value_internal":0,"distribution":"{\"name\": \"CategoricalDistribution\", \"attributes\": {\"choices\": [1, 2, 3]}}"}
{"op_code":5,"worker_id":"e0472e4b-3f09-4982-b505-0cecd1deb1ed-139952901822272","trial_id":12,"param_name":"nodes","param_value_internal":0,"distribution":"{\"name\": \"CategoricalDistribution\", \"attributes\": {\"choices\": [16, 32, 64]}}"}
{"op_code":6,"worker_id":"e0472e4b-3f09-4982-b505-0cecd1deb1ed-139952901822272","trial_id":12,"state":1,"values":[0.6302958506094709],"datetime_complete":"2026-03-26T11:39:54.482893"}
{"op_code":4,"worker_id":"e0472e4b-3f09-4982-b505-0cecd1deb1ed-139952901822272","study_id":0,"datetime_start":"2026-03-26T11:39:54.502591"}
{"op_code":5,"worker_id":"e0472e4b-3f09-4982-b505-0cecd1deb1ed-139952901822272","trial_id":13,"param_name":"lr","param_value_internal":0.005890860233325065,"distribution":"{\"name\": \"FloatDistribution\", \"attributes\": {\"step\": null, \"low\": 0.0001, \"high\": 0.1, \"log\": true}}"}
{"op_code":5,"worker_id":"e0472e4b-3f09-4982-b505-0cecd1deb1ed-139952901822272","trial_id":13,"param_name":"dropout","param_value_internal":0.44277950903615526,"distribution":"{\"name\": \"FloatDistribution\", \"attributes\": {\"step\": null, \"low\": 0.0, \"high\": 0.5, \"log\": false}}"}
{"op_code":5,"worker_id":"e0472e4b-3f09-4982-b505-0cecd1deb1ed-139952901822272","trial_id":13,"param_name":"layers","param_value_internal":0,"distribution":"{\"name\": \"CategoricalDistribution\", \"attributes\": {\"choices\": [1, 2, 3]}}"}
{"op_code":5,"worker_id":"e0472e4b-3f09-4982-b505-0cecd1deb1ed-139952901822272","trial_id":13,"param_name":"nodes","param_value_internal":0,"distribution":"{\"name\": \"CategoricalDistribution\", \"attributes\": {\"choices\": [16, 32, 64]}}"}
{"op_code":6,"worker_id":"e0472e4b-3f09-4982-b505-0cecd1deb1ed-139952901822272","trial_id":13,"state":1,"values":[0.6418617701156591],"datetime_complete":"2026-03-26T11:39:56.084275"}
{"op_code":4,"worker_id":"e0472e4b-3f09-4982-b505-0cecd1deb1ed-139952901822272","study_id":0,"datetime_start":"2026-03-26T11:39:56.100835"}
{"op_code":5,"worker_id":"e0472e4b-3f09-4982-b505-0cecd1deb1ed-139952901822272","trial_id":14,"param_name":"lr","param_value_internal":0.006498677907697057,"distribution":"{\"name\": \"FloatDistribution\", \"attributes\": {\"step\": null, \"low\": 0.0001, \"high\": 0.1, \"log\": true}}"}
{"op_code":5,"worker_id":"e0472e4b-3f09-4982-b505-0cecd1deb1ed-139952901822272","trial_id":14,"param_name":"dropout","param_value_internal":0.49819238336699767,"distribution":"{\"name\": \"FloatDistribution\", \"attributes\": {\"step\": null, \"low\": 0.0, \"high\": 0.5, \"log\": false}}"}
{"op_code":5,"worker_id":"e0472e4b-3f09-4982-b505-0cecd1deb1ed-139952901822272","trial_id":14,"param_name":"layers","param_value_internal":0,"distribution":"{\"name\": \"CategoricalDistribution\", \"attributes\": {\"choices\": [1, 2, 3]}}"}
{"op_code":5,"worker_id":"e0472e4b-3f09-4982-b505-0cecd1deb1ed-139952901822272","trial_id":14,"param_name":"nodes","param_value_internal":0,"distribution":"{\"name\": \"CategoricalDistribution\", \"attributes\": {\"choices\": [16, 32, 64]}}"}
{"op_code":6,"worker_id":"e0472e4b-3f09-4982-b505-0cecd1deb1ed-139952901822272","trial_id":14,"state":1,"values":[0.6383078218037846],"datetime_complete":"2026-03-26T11:39:57.691044"}
{"op_code":4,"worker_id":"e0472e4b-3f09-4982-b505-0cecd1deb1ed-139952901822272","study_id":0,"datetime_start":"2026-03-26T11:39:57.711811"}
{"op_code":5,"worker_id":"e0472e4b-3f09-4982-b505-0cecd1deb1ed-139952901822272","trial_id":15,"param_name":"lr","param_value_internal":0.004953648969094844,"distribution":"{\"name\": \"FloatDistribution\", \"attributes\": {\"step\": null, \"low\": 0.0001, \"high\": 0.1, \"log\": true}}"}
{"op_code":5,"worker_id":"e0472e4b-3f09-4982-b505-0cecd1deb1ed-139952901822272","trial_id":15,"param_name":"dropout","param_value_internal":0.4703839745105658,"distribution":"{\"name\": \"FloatDistribution\", \"attributes\": {\"step\": null, \"low\": 0.0, \"high\": 0.5, \"log\": false}}"}
{"op_code":5,"worker_id":"e0472e4b-3f09-4982-b505-0cecd1deb1ed-139952901822272","trial_id":15,"param_name":"layers","param_value_internal":2,"distribution":"{\"name\": \"CategoricalDistribution\", \"attributes\": {\"choices\": [1, 2, 3]}}"}
{"op_code":5,"worker_id":"e0472e4b-3f09-4982-b505-0cecd1deb1ed-139952901822272","trial_id":15,"param_name":"nodes","param_value_internal":0,"distribution":"{\"name\": \"CategoricalDistribution\", \"attributes\": {\"choices\": [16, 32, 64]}}"}
{"op_code":6,"worker_id":"e0472e4b-3f09-4982-b505-0cecd1deb1ed-139952901822272","trial_id":15,"state":1,"values":[0.6326027995136703],"datetime_complete":"2026-03-26T11:39:59.877669"}
{"op_code":4,"worker_id":"e0472e4b-3f09-4982-b505-0cecd1deb1ed-139952901822272","study_id":0,"datetime_start":"2026-03-26T11:39:59.908262"}
{"op_code":5,"worker_id":"e0472e4b-3f09-4982-b505-0cecd1deb1ed-139952901822272","trial_id":16,"param_name":"lr","param_value_internal":0.0120329545020987,"distribution":"{\"name\": \"FloatDistribution\", \"attributes\": {\"step\": null, \"low\": 0.0001, \"high\": 0.1, \"log\": true}}"}
{"op_code":5,"worker_id":"e0472e4b-3f09-4982-b505-0cecd1deb1ed-139952901822272","trial_id":16,"param_name":"dropout","param_value_internal":0.2919990999733657,"distribution":"{\"name\": \"FloatDistribution\", \"attributes\": {\"step\": null, \"low\": 0.0, \"high\": 0.5, \"log\": false}}"}
{"op_code":5,"worker_id":"e0472e4b-3f09-4982-b505-0cecd1deb1ed-139952901822272","trial_id":16,"param_name":"layers","param_value_internal":0,"distribution":"{\"name\": \"CategoricalDistribution\", \"attributes\": {\"choices\": [1, 2, 3]}}"}
{"op_code":5,"worker_id":"e0472e4b-3f09-4982-b505-0cecd1deb1ed-139952901822272","trial_id":16,"param_name":"nodes","param_value_internal":1,"distribution":"{\"name\": \"CategoricalDistribution\", \"attributes\": {\"choices\": [16, 32, 64]}}"}
{"op_code":6,"worker_id":"e0472e4b-3f09-4982-b505-0cecd1deb1ed-139952901822272","trial_id":16,"state":1,"values":[0.6295788259500577],"datetime_complete":"2026-03-26T11:40:01.528312"}
{"op_code":4,"worker_id":"e0472e4b-3f09-4982-b505-0cecd1deb1ed-139952901822272","study_id":0,"datetime_start":"2026-03-26T11:40:01.552630"}
{"op_code":5,"worker_id":"e0472e4b-3f09-4982-b505-0cecd1deb1ed-139952901822272","trial_id":17,"param_name":"lr","param_value_internal":0.0025008643305227,"distribution":"{\"name\": \"FloatDistribution\", \"attributes\": {\"step\": null, \"low\": 0.0001, \"high\": 0.1, \"log\": true}}"}
{"op_code":5,"worker_id":"e0472e4b-3f09-4982-b505-0cecd1deb1ed-139952901822272","trial_id":17,"param_name":"dropout","param_value_internal":0.40675588675561775,"distribution":"{\"name\": \"FloatDistribution\", \"attributes\": {\"step\": null, \"low\": 0.0, \"high\": 0.5, \"log\": false}}"}
{"op_code":5,"worker_id":"e0472e4b-3f09-4982-b505-0cecd1deb1ed-139952901822272","trial_id":17,"param_name":"layers","param_value_internal":2,"distribution":"{\"name\": \"CategoricalDistribution\", \"attributes\": {\"choices\": [1, 2, 3]}}"}
{"op_code":5,"worker_id":"e0472e4b-3f09-4982-b505-0cecd1deb1ed-139952901822272","trial_id":17,"param_name":"nodes","param_value_internal":0,"distribution":"{\"name\": \"CategoricalDistribution\", \"attributes\": {\"choices\": [16, 32, 64]}}"}
{"op_code":6,"worker_id":"e0472e4b-3f09-4982-b505-0cecd1deb1ed-139952901822272","trial_id":17,"state":1,"values":[0.6330392493063566],"datetime_complete":"2026-03-26T11:40:03.724326"}
{"op_code":4,"worker_id":"e0472e4b-3f09-4982-b505-0cecd1deb1ed-139952901822272","study_id":0,"datetime_start":"2026-03-26T11:40:03.737775"}
{"op_code":5,"worker_id":"e0472e4b-3f09-4982-b505-0cecd1deb1ed-139952901822272","trial_id":18,"param_name":"lr","param_value_internal":0.009807690392126475,"distribution":"{\"name\": \"FloatDistribution\", \"attributes\": {\"step\": null, \"low\": 0.0001, \"high\": 0.1, \"log\": true}}"}
{"op_code":5,"worker_id":"e0472e4b-3f09-4982-b505-0cecd1deb1ed-139952901822272","trial_id":18,"param_name":"dropout","param_value_internal":0.41848641352023486,"distribution":"{\"name\": \"FloatDistribution\", \"attributes\": {\"step\": null, \"low\": 0.0, \"high\": 0.5, \"log\": false}}"}
{"op_code":5,"worker_id":"e0472e4b-3f09-4982-b505-0cecd1deb1ed-139952901822272","trial_id":18,"param_name":"layers","param_value_internal":0,"distribution":"{\"name\": \"CategoricalDistribution\", \"attributes\": {\"choices\": [1, 2, 3]}}"}
{"op_code":5,"worker_id":"e0472e4b-3f09-4982-b505-0cecd1deb1ed-139952901822272","trial_id":18,"param_name":"nodes","param_value_internal":0,"distribution":"{\"name\": \"CategoricalDistribution\", \"attributes\": {\"choices\": [16, 32, 64]}}"}
{"op_code":6,"worker_id":"e0472e4b-3f09-4982-b505-0cecd1deb1ed-139952901822272","trial_id":18,"state":1,"values":[0.640303020856065],"datetime_complete":"2026-03-26T11:40:05.315180"}
{"op_code":4,"worker_id":"e0472e4b-3f09-4982-b505-0cecd1deb1ed-139952901822272","study_id":0,"datetime_start":"2026-03-26T11:40:05.329777"}
{"op_code":5,"worker_id":"e0472e4b-3f09-4982-b505-0cecd1deb1ed-139952901822272","trial_id":19,"param_name":"lr","param_value_internal":0.038959950551881804,"distribution":"{\"name\": \"FloatDistribution\", \"attributes\": {\"step\": null, \"low\": 0.0001, \"high\": 0.1, \"log\": true}}"}
{"op_code":5,"worker_id":"e0472e4b-3f09-4982-b505-0cecd1deb1ed-139952901822272","trial_id":19,"param_name":"dropout","param_value_internal":0.2676768889829111,"distribution":"{\"name\": \"FloatDistribution\", \"attributes\": {\"step\": null, \"low\": 0.0, \"high\": 0.5, \"log\": false}}"}
{"op_code":5,"worker_id":"e0472e4b-3f09-4982-b505-0cecd1deb1ed-139952901822272","trial_id":19,"param_name":"layers","param_value_internal":1,"distribution":"{\"name\": \"CategoricalDistribution\", \"attributes\": {\"choices\": [1, 2, 3]}}"}
{"op_code":5,"worker_id":"e0472e4b-3f09-4982-b505-0cecd1deb1ed-139952901822272","trial_id":19,"param_name":"nodes","param_value_internal":1,"distribution":"{\"name\": \"CategoricalDistribution\", \"attributes\": {\"choices\": [16, 32, 64]}}"}
{"op_code":6,"worker_id":"e0472e4b-3f09-4982-b505-0cecd1deb1ed-139952901822272","trial_id":19,"state":1,"values":[0.6341615487732644],"datetime_complete":"2026-03-26T11:40:07.147728"}
