{"op_code":0,"worker_id":"8003df1f-5c8f-419f-9f30-ec6c147a13b8-140544486217536","study_name":"tabdpt_pchazard","directions":[2]}
{"op_code":4,"worker_id":"8003df1f-5c8f-419f-9f30-ec6c147a13b8-140544486217536","study_id":0,"datetime_start":"2026-03-31T20:12:22.389423"}
{"op_code":5,"worker_id":"8003df1f-5c8f-419f-9f30-ec6c147a13b8-140544486217536","trial_id":0,"param_name":"lr","param_value_internal":0.0013564649043048278,"distribution":"{\"name\": \"FloatDistribution\", \"attributes\": {\"step\": null, \"low\": 0.0001, \"high\": 0.1, \"log\": true}}"}
{"op_code":5,"worker_id":"8003df1f-5c8f-419f-9f30-ec6c147a13b8-140544486217536","trial_id":0,"param_name":"dropout","param_value_internal":0.13505689914766789,"distribution":"{\"name\": \"FloatDistribution\", \"attributes\": {\"step\": null, \"low\": 0.0, \"high\": 0.5, \"log\": false}}"}
{"op_code":5,"worker_id":"8003df1f-5c8f-419f-9f30-ec6c147a13b8-140544486217536","trial_id":0,"param_name":"nodes","param_value_internal":1,"distribution":"{\"name\": \"CategoricalDistribution\", \"attributes\": {\"choices\": [\"64-64\", \"128-64\", \"256-128\"]}}"}
{"op_code":6,"worker_id":"8003df1f-5c8f-419f-9f30-ec6c147a13b8-140544486217536","trial_id":0,"state":1,"values":[0.4923831054471538],"datetime_complete":"2026-03-31T20:12:29.164779"}
{"op_code":4,"worker_id":"8003df1f-5c8f-419f-9f30-ec6c147a13b8-140544486217536","study_id":0,"datetime_start":"2026-03-31T20:12:29.193231"}
{"op_code":5,"worker_id":"8003df1f-5c8f-419f-9f30-ec6c147a13b8-140544486217536","trial_id":1,"param_name":"lr","param_value_internal":0.004990444167279444,"distribution":"{\"name\": \"FloatDistribution\", \"attributes\": {\"step\": null, \"low\": 0.0001, \"high\": 0.1, \"log\": true}}"}
{"op_code":5,"worker_id":"8003df1f-5c8f-419f-9f30-ec6c147a13b8-140544486217536","trial_id":1,"param_name":"dropout","param_value_internal":0.09242434940906902,"distribution":"{\"name\": \"FloatDistribution\", \"attributes\": {\"step\": null, \"low\": 0.0, \"high\": 0.5, \"log\": false}}"}
{"op_code":5,"worker_id":"8003df1f-5c8f-419f-9f30-ec6c147a13b8-140544486217536","trial_id":1,"param_name":"nodes","param_value_internal":1,"distribution":"{\"name\": \"CategoricalDistribution\", \"attributes\": {\"choices\": [\"64-64\", \"128-64\", \"256-128\"]}}"}
{"op_code":6,"worker_id":"8003df1f-5c8f-419f-9f30-ec6c147a13b8-140544486217536","trial_id":1,"state":1,"values":[0.4933433096796149],"datetime_complete":"2026-03-31T20:12:35.958898"}
{"op_code":4,"worker_id":"8003df1f-5c8f-419f-9f30-ec6c147a13b8-140544486217536","study_id":0,"datetime_start":"2026-03-31T20:12:35.983941"}
{"op_code":5,"worker_id":"8003df1f-5c8f-419f-9f30-ec6c147a13b8-140544486217536","trial_id":2,"param_name":"lr","param_value_internal":0.00029241075319455176,"distribution":"{\"name\": \"FloatDistribution\", \"attributes\": {\"step\": null, \"low\": 0.0001, \"high\": 0.1, \"log\": true}}"}
{"op_code":5,"worker_id":"8003df1f-5c8f-419f-9f30-ec6c147a13b8-140544486217536","trial_id":2,"param_name":"dropout","param_value_internal":0.41204936584459706,"distribution":"{\"name\": \"FloatDistribution\", \"attributes\": {\"step\": null, \"low\": 0.0, \"high\": 0.5, \"log\": false}}"}
{"op_code":5,"worker_id":"8003df1f-5c8f-419f-9f30-ec6c147a13b8-140544486217536","trial_id":2,"param_name":"nodes","param_value_internal":2,"distribution":"{\"name\": \"CategoricalDistribution\", \"attributes\": {\"choices\": [\"64-64\", \"128-64\", \"256-128\"]}}"}
{"op_code":6,"worker_id":"8003df1f-5c8f-419f-9f30-ec6c147a13b8-140544486217536","trial_id":2,"state":1,"values":[0.5287837833192588],"datetime_complete":"2026-03-31T20:12:42.741716"}
{"op_code":4,"worker_id":"8003df1f-5c8f-419f-9f30-ec6c147a13b8-140544486217536","study_id":0,"datetime_start":"2026-03-31T20:12:42.762448"}
{"op_code":5,"worker_id":"8003df1f-5c8f-419f-9f30-ec6c147a13b8-140544486217536","trial_id":3,"param_name":"lr","param_value_internal":0.0008054212341360034,"distribution":"{\"name\": \"FloatDistribution\", \"attributes\": {\"step\": null, \"low\": 0.0001, \"high\": 0.1, \"log\": true}}"}
{"op_code":5,"worker_id":"8003df1f-5c8f-419f-9f30-ec6c147a13b8-140544486217536","trial_id":3,"param_name":"dropout","param_value_internal":0.2824409975845246,"distribution":"{\"name\": \"FloatDistribution\", \"attributes\": {\"step\": null, \"low\": 0.0, \"high\": 0.5, \"log\": false}}"}
{"op_code":5,"worker_id":"8003df1f-5c8f-419f-9f30-ec6c147a13b8-140544486217536","trial_id":3,"param_name":"nodes","param_value_internal":0,"distribution":"{\"name\": \"CategoricalDistribution\", \"attributes\": {\"choices\": [\"64-64\", \"128-64\", \"256-128\"]}}"}
{"op_code":6,"worker_id":"8003df1f-5c8f-419f-9f30-ec6c147a13b8-140544486217536","trial_id":3,"state":1,"values":[0.529265031263929],"datetime_complete":"2026-03-31T20:12:49.440022"}
{"op_code":4,"worker_id":"8003df1f-5c8f-419f-9f30-ec6c147a13b8-140544486217536","study_id":0,"datetime_start":"2026-03-31T20:12:49.460502"}
{"op_code":5,"worker_id":"8003df1f-5c8f-419f-9f30-ec6c147a13b8-140544486217536","trial_id":4,"param_name":"lr","param_value_internal":0.005476532248192948,"distribution":"{\"name\": \"FloatDistribution\", \"attributes\": {\"step\": null, \"low\": 0.0001, \"high\": 0.1, \"log\": true}}"}
{"op_code":5,"worker_id":"8003df1f-5c8f-419f-9f30-ec6c147a13b8-140544486217536","trial_id":4,"param_name":"dropout","param_value_internal":0.46668204900291516,"distribution":"{\"name\": \"FloatDistribution\", \"attributes\": {\"step\": null, \"low\": 0.0, \"high\": 0.5, \"log\": false}}"}
{"op_code":5,"worker_id":"8003df1f-5c8f-419f-9f30-ec6c147a13b8-140544486217536","trial_id":4,"param_name":"nodes","param_value_internal":1,"distribution":"{\"name\": \"CategoricalDistribution\", \"attributes\": {\"choices\": [\"64-64\", \"128-64\", \"256-128\"]}}"}
{"op_code":6,"worker_id":"8003df1f-5c8f-419f-9f30-ec6c147a13b8-140544486217536","trial_id":4,"state":1,"values":[0.5244147394787169],"datetime_complete":"2026-03-31T20:12:56.220989"}
{"op_code":4,"worker_id":"8003df1f-5c8f-419f-9f30-ec6c147a13b8-140544486217536","study_id":0,"datetime_start":"2026-03-31T20:12:56.247024"}
{"op_code":5,"worker_id":"8003df1f-5c8f-419f-9f30-ec6c147a13b8-140544486217536","trial_id":5,"param_name":"lr","param_value_internal":0.020185450649628716,"distribution":"{\"name\": \"FloatDistribution\", \"attributes\": {\"step\": null, \"low\": 0.0001, \"high\": 0.1, \"log\": true}}"}
{"op_code":5,"worker_id":"8003df1f-5c8f-419f-9f30-ec6c147a13b8-140544486217536","trial_id":5,"param_name":"dropout","param_value_internal":0.26495324775153983,"distribution":"{\"name\": \"FloatDistribution\", \"attributes\": {\"step\": null, \"low\": 0.0, \"high\": 0.5, \"log\": false}}"}
{"op_code":5,"worker_id":"8003df1f-5c8f-419f-9f30-ec6c147a13b8-140544486217536","trial_id":5,"param_name":"nodes","param_value_internal":0,"distribution":"{\"name\": \"CategoricalDistribution\", \"attributes\": {\"choices\": [\"64-64\", \"128-64\", \"256-128\"]}}"}
{"op_code":6,"worker_id":"8003df1f-5c8f-419f-9f30-ec6c147a13b8-140544486217536","trial_id":5,"state":1,"values":[0.5078724142948973],"datetime_complete":"2026-03-31T20:13:03.005264"}
{"op_code":4,"worker_id":"8003df1f-5c8f-419f-9f30-ec6c147a13b8-140544486217536","study_id":0,"datetime_start":"2026-03-31T20:13:03.031955"}
{"op_code":5,"worker_id":"8003df1f-5c8f-419f-9f30-ec6c147a13b8-140544486217536","trial_id":6,"param_name":"lr","param_value_internal":0.020205403855872002,"distribution":"{\"name\": \"FloatDistribution\", \"attributes\": {\"step\": null, \"low\": 0.0001, \"high\": 0.1, \"log\": true}}"}
{"op_code":5,"worker_id":"8003df1f-5c8f-419f-9f30-ec6c147a13b8-140544486217536","trial_id":6,"param_name":"dropout","param_value_internal":0.49446120643987246,"distribution":"{\"name\": \"FloatDistribution\", \"attributes\": {\"step\": null, \"low\": 0.0, \"high\": 0.5, \"log\": false}}"}
{"op_code":5,"worker_id":"8003df1f-5c8f-419f-9f30-ec6c147a13b8-140544486217536","trial_id":6,"param_name":"nodes","param_value_internal":0,"distribution":"{\"name\": \"CategoricalDistribution\", \"attributes\": {\"choices\": [\"64-64\", \"128-64\", \"256-128\"]}}"}
{"op_code":6,"worker_id":"8003df1f-5c8f-419f-9f30-ec6c147a13b8-140544486217536","trial_id":6,"state":1,"values":[0.5373992673572957],"datetime_complete":"2026-03-31T20:13:09.797616"}
{"op_code":4,"worker_id":"8003df1f-5c8f-419f-9f30-ec6c147a13b8-140544486217536","study_id":0,"datetime_start":"2026-03-31T20:13:09.820163"}
{"op_code":5,"worker_id":"8003df1f-5c8f-419f-9f30-ec6c147a13b8-140544486217536","trial_id":7,"param_name":"lr","param_value_internal":0.005706117137488633,"distribution":"{\"name\": \"FloatDistribution\", \"attributes\": {\"step\": null, \"low\": 0.0001, \"high\": 0.1, \"log\": true}}"}
{"op_code":5,"worker_id":"8003df1f-5c8f-419f-9f30-ec6c147a13b8-140544486217536","trial_id":7,"param_name":"dropout","param_value_internal":0.3063267807400633,"distribution":"{\"name\": \"FloatDistribution\", \"attributes\": {\"step\": null, \"low\": 0.0, \"high\": 0.5, \"log\": false}}"}
{"op_code":5,"worker_id":"8003df1f-5c8f-419f-9f30-ec6c147a13b8-140544486217536","trial_id":7,"param_name":"nodes","param_value_internal":0,"distribution":"{\"name\": \"CategoricalDistribution\", \"attributes\": {\"choices\": [\"64-64\", \"128-64\", \"256-128\"]}}"}
{"op_code":6,"worker_id":"8003df1f-5c8f-419f-9f30-ec6c147a13b8-140544486217536","trial_id":7,"state":1,"values":[0.5181653911686419],"datetime_complete":"2026-03-31T20:13:16.513125"}
{"op_code":4,"worker_id":"8003df1f-5c8f-419f-9f30-ec6c147a13b8-140544486217536","study_id":0,"datetime_start":"2026-03-31T20:13:16.536483"}
{"op_code":5,"worker_id":"8003df1f-5c8f-419f-9f30-ec6c147a13b8-140544486217536","trial_id":8,"param_name":"lr","param_value_internal":0.0003421880626726217,"distribution":"{\"name\": \"FloatDistribution\", \"attributes\": {\"step\": null, \"low\": 0.0001, \"high\": 0.1, \"log\": true}}"}
{"op_code":5,"worker_id":"8003df1f-5c8f-419f-9f30-ec6c147a13b8-140544486217536","trial_id":8,"param_name":"dropout","param_value_internal":0.03116485950514658,"distribution":"{\"name\": \"FloatDistribution\", \"attributes\": {\"step\": null, \"low\": 0.0, \"high\": 0.5, \"log\": false}}"}
{"op_code":5,"worker_id":"8003df1f-5c8f-419f-9f30-ec6c147a13b8-140544486217536","trial_id":8,"param_name":"nodes","param_value_internal":0,"distribution":"{\"name\": \"CategoricalDistribution\", \"attributes\": {\"choices\": [\"64-64\", \"128-64\", \"256-128\"]}}"}
{"op_code":6,"worker_id":"8003df1f-5c8f-419f-9f30-ec6c147a13b8-140544486217536","trial_id":8,"state":1,"values":[0.5084602242844588],"datetime_complete":"2026-03-31T20:13:23.235901"}
{"op_code":4,"worker_id":"8003df1f-5c8f-419f-9f30-ec6c147a13b8-140544486217536","study_id":0,"datetime_start":"2026-03-31T20:13:23.259117"}
{"op_code":5,"worker_id":"8003df1f-5c8f-419f-9f30-ec6c147a13b8-140544486217536","trial_id":9,"param_name":"lr","param_value_internal":0.003396443935125084,"distribution":"{\"name\": \"FloatDistribution\", \"attributes\": {\"step\": null, \"low\": 0.0001, \"high\": 0.1, \"log\": true}}"}
{"op_code":5,"worker_id":"8003df1f-5c8f-419f-9f30-ec6c147a13b8-140544486217536","trial_id":9,"param_name":"dropout","param_value_internal":0.0030701481918400386,"distribution":"{\"name\": \"FloatDistribution\", \"attributes\": {\"step\": null, \"low\": 0.0, \"high\": 0.5, \"log\": false}}"}
{"op_code":5,"worker_id":"8003df1f-5c8f-419f-9f30-ec6c147a13b8-140544486217536","trial_id":9,"param_name":"nodes","param_value_internal":0,"distribution":"{\"name\": \"CategoricalDistribution\", \"attributes\": {\"choices\": [\"64-64\", \"128-64\", \"256-128\"]}}"}
{"op_code":6,"worker_id":"8003df1f-5c8f-419f-9f30-ec6c147a13b8-140544486217536","trial_id":9,"state":1,"values":[0.5010914015888057],"datetime_complete":"2026-03-31T20:13:29.969246"}
{"op_code":4,"worker_id":"8003df1f-5c8f-419f-9f30-ec6c147a13b8-140544486217536","study_id":0,"datetime_start":"2026-03-31T20:13:29.986731"}
{"op_code":5,"worker_id":"8003df1f-5c8f-419f-9f30-ec6c147a13b8-140544486217536","trial_id":10,"param_name":"lr","param_value_internal":0.09404434974158683,"distribution":"{\"name\": \"FloatDistribution\", \"attributes\": {\"step\": null, \"low\": 0.0001, \"high\": 0.1, \"log\": true}}"}
{"op_code":5,"worker_id":"8003df1f-5c8f-419f-9f30-ec6c147a13b8-140544486217536","trial_id":10,"param_name":"dropout","param_value_internal":0.38089002732741645,"distribution":"{\"name\": \"FloatDistribution\", \"attributes\": {\"step\": null, \"low\": 0.0, \"high\": 0.5, \"log\": false}}"}
{"op_code":5,"worker_id":"8003df1f-5c8f-419f-9f30-ec6c147a13b8-140544486217536","trial_id":10,"param_name":"nodes","param_value_internal":2,"distribution":"{\"name\": \"CategoricalDistribution\", \"attributes\": {\"choices\": [\"64-64\", \"128-64\", \"256-128\"]}}"}
{"op_code":6,"worker_id":"8003df1f-5c8f-419f-9f30-ec6c147a13b8-140544486217536","trial_id":10,"state":1,"values":[0.5295343009472564],"datetime_complete":"2026-03-31T20:13:36.692939"}
{"op_code":4,"worker_id":"8003df1f-5c8f-419f-9f30-ec6c147a13b8-140544486217536","study_id":0,"datetime_start":"2026-03-31T20:13:36.711076"}
{"op_code":5,"worker_id":"8003df1f-5c8f-419f-9f30-ec6c147a13b8-140544486217536","trial_id":11,"param_name":"lr","param_value_internal":0.07781119467913018,"distribution":"{\"name\": \"FloatDistribution\", \"attributes\": {\"step\": null, \"low\": 0.0001, \"high\": 0.1, \"log\": true}}"}
{"op_code":5,"worker_id":"8003df1f-5c8f-419f-9f30-ec6c147a13b8-140544486217536","trial_id":11,"param_name":"dropout","param_value_internal":0.49756362230984275,"distribution":"{\"name\": \"FloatDistribution\", \"attributes\": {\"step\": null, \"low\": 0.0, \"high\": 0.5, \"log\": false}}"}
{"op_code":5,"worker_id":"8003df1f-5c8f-419f-9f30-ec6c147a13b8-140544486217536","trial_id":11,"param_name":"nodes","param_value_internal":2,"distribution":"{\"name\": \"CategoricalDistribution\", \"attributes\": {\"choices\": [\"64-64\", \"128-64\", \"256-128\"]}}"}
{"op_code":6,"worker_id":"8003df1f-5c8f-419f-9f30-ec6c147a13b8-140544486217536","trial_id":11,"state":1,"values":[0.5130481213569817],"datetime_complete":"2026-03-31T20:13:43.415896"}
{"op_code":4,"worker_id":"8003df1f-5c8f-419f-9f30-ec6c147a13b8-140544486217536","study_id":0,"datetime_start":"2026-03-31T20:13:43.433668"}
{"op_code":5,"worker_id":"8003df1f-5c8f-419f-9f30-ec6c147a13b8-140544486217536","trial_id":12,"param_name":"lr","param_value_internal":0.07942485226688609,"distribution":"{\"name\": \"FloatDistribution\", \"attributes\": {\"step\": null, \"low\": 0.0001, \"high\": 0.1, \"log\": true}}"}
{"op_code":5,"worker_id":"8003df1f-5c8f-419f-9f30-ec6c147a13b8-140544486217536","trial_id":12,"param_name":"dropout","param_value_internal":0.3819508184010713,"distribution":"{\"name\": \"FloatDistribution\", \"attributes\": {\"step\": null, \"low\": 0.0, \"high\": 0.5, \"log\": false}}"}
{"op_code":5,"worker_id":"8003df1f-5c8f-419f-9f30-ec6c147a13b8-140544486217536","trial_id":12,"param_name":"nodes","param_value_internal":2,"distribution":"{\"name\": \"CategoricalDistribution\", \"attributes\": {\"choices\": [\"64-64\", \"128-64\", \"256-128\"]}}"}
{"op_code":6,"worker_id":"8003df1f-5c8f-419f-9f30-ec6c147a13b8-140544486217536","trial_id":12,"state":1,"values":[0.509724073053438],"datetime_complete":"2026-03-31T20:13:50.156192"}
{"op_code":4,"worker_id":"8003df1f-5c8f-419f-9f30-ec6c147a13b8-140544486217536","study_id":0,"datetime_start":"2026-03-31T20:13:50.172977"}
{"op_code":5,"worker_id":"8003df1f-5c8f-419f-9f30-ec6c147a13b8-140544486217536","trial_id":13,"param_name":"lr","param_value_internal":0.023549828036375918,"distribution":"{\"name\": \"FloatDistribution\", \"attributes\": {\"step\": null, \"low\": 0.0001, \"high\": 0.1, \"log\": true}}"}
{"op_code":5,"worker_id":"8003df1f-5c8f-419f-9f30-ec6c147a13b8-140544486217536","trial_id":13,"param_name":"dropout","param_value_internal":0.3726366339693086,"distribution":"{\"name\": \"FloatDistribution\", \"attributes\": {\"step\": null, \"low\": 0.0, \"high\": 0.5, \"log\": false}}"}
{"op_code":5,"worker_id":"8003df1f-5c8f-419f-9f30-ec6c147a13b8-140544486217536","trial_id":13,"param_name":"nodes","param_value_internal":2,"distribution":"{\"name\": \"CategoricalDistribution\", \"attributes\": {\"choices\": [\"64-64\", \"128-64\", \"256-128\"]}}"}
{"op_code":6,"worker_id":"8003df1f-5c8f-419f-9f30-ec6c147a13b8-140544486217536","trial_id":13,"state":1,"values":[0.5251664029351542],"datetime_complete":"2026-03-31T20:13:56.872666"}
{"op_code":4,"worker_id":"8003df1f-5c8f-419f-9f30-ec6c147a13b8-140544486217536","study_id":0,"datetime_start":"2026-03-31T20:13:56.892451"}
{"op_code":5,"worker_id":"8003df1f-5c8f-419f-9f30-ec6c147a13b8-140544486217536","trial_id":14,"param_name":"lr","param_value_internal":0.023048416897006426,"distribution":"{\"name\": \"FloatDistribution\", \"attributes\": {\"step\": null, \"low\": 0.0001, \"high\": 0.1, \"log\": true}}"}
{"op_code":5,"worker_id":"8003df1f-5c8f-419f-9f30-ec6c147a13b8-140544486217536","trial_id":14,"param_name":"dropout","param_value_internal":0.43434099131953635,"distribution":"{\"name\": \"FloatDistribution\", \"attributes\": {\"step\": null, \"low\": 0.0, \"high\": 0.5, \"log\": false}}"}
{"op_code":5,"worker_id":"8003df1f-5c8f-419f-9f30-ec6c147a13b8-140544486217536","trial_id":14,"param_name":"nodes","param_value_internal":2,"distribution":"{\"name\": \"CategoricalDistribution\", \"attributes\": {\"choices\": [\"64-64\", \"128-64\", \"256-128\"]}}"}
{"op_code":6,"worker_id":"8003df1f-5c8f-419f-9f30-ec6c147a13b8-140544486217536","trial_id":14,"state":1,"values":[0.5209978790715581],"datetime_complete":"2026-03-31T20:14:03.612028"}
{"op_code":4,"worker_id":"8003df1f-5c8f-419f-9f30-ec6c147a13b8-140544486217536","study_id":0,"datetime_start":"2026-03-31T20:14:03.625098"}
{"op_code":5,"worker_id":"8003df1f-5c8f-419f-9f30-ec6c147a13b8-140544486217536","trial_id":15,"param_name":"lr","param_value_internal":0.03659241999724438,"distribution":"{\"name\": \"FloatDistribution\", \"attributes\": {\"step\": null, \"low\": 0.0001, \"high\": 0.1, \"log\": true}}"}
{"op_code":5,"worker_id":"8003df1f-5c8f-419f-9f30-ec6c147a13b8-140544486217536","trial_id":15,"param_name":"dropout","param_value_internal":0.3409882086509942,"distribution":"{\"name\": \"FloatDistribution\", \"attributes\": {\"step\": null, \"low\": 0.0, \"high\": 0.5, \"log\": false}}"}
{"op_code":5,"worker_id":"8003df1f-5c8f-419f-9f30-ec6c147a13b8-140544486217536","trial_id":15,"param_name":"nodes","param_value_internal":0,"distribution":"{\"name\": \"CategoricalDistribution\", \"attributes\": {\"choices\": [\"64-64\", \"128-64\", \"256-128\"]}}"}
{"op_code":6,"worker_id":"8003df1f-5c8f-419f-9f30-ec6c147a13b8-140544486217536","trial_id":15,"state":1,"values":[0.5278063916602023],"datetime_complete":"2026-03-31T20:14:10.320555"}
{"op_code":4,"worker_id":"8003df1f-5c8f-419f-9f30-ec6c147a13b8-140544486217536","study_id":0,"datetime_start":"2026-03-31T20:14:10.331756"}
{"op_code":5,"worker_id":"8003df1f-5c8f-419f-9f30-ec6c147a13b8-140544486217536","trial_id":16,"param_name":"lr","param_value_internal":0.00010494338588365184,"distribution":"{\"name\": \"FloatDistribution\", \"attributes\": {\"step\": null, \"low\": 0.0001, \"high\": 0.1, \"log\": true}}"}
{"op_code":5,"worker_id":"8003df1f-5c8f-419f-9f30-ec6c147a13b8-140544486217536","trial_id":16,"param_name":"dropout","param_value_internal":0.2051343989770206,"distribution":"{\"name\": \"FloatDistribution\", \"attributes\": {\"step\": null, \"low\": 0.0, \"high\": 0.5, \"log\": false}}"}
{"op_code":5,"worker_id":"8003df1f-5c8f-419f-9f30-ec6c147a13b8-140544486217536","trial_id":16,"param_name":"nodes","param_value_internal":2,"distribution":"{\"name\": \"CategoricalDistribution\", \"attributes\": {\"choices\": [\"64-64\", \"128-64\", \"256-128\"]}}"}
{"op_code":6,"worker_id":"8003df1f-5c8f-419f-9f30-ec6c147a13b8-140544486217536","trial_id":16,"state":1,"values":[0.5249143206784221],"datetime_complete":"2026-03-31T20:14:17.073172"}
{"op_code":4,"worker_id":"8003df1f-5c8f-419f-9f30-ec6c147a13b8-140544486217536","study_id":0,"datetime_start":"2026-03-31T20:14:17.092874"}
{"op_code":5,"worker_id":"8003df1f-5c8f-419f-9f30-ec6c147a13b8-140544486217536","trial_id":17,"param_name":"lr","param_value_internal":0.011615664374899935,"distribution":"{\"name\": \"FloatDistribution\", \"attributes\": {\"step\": null, \"low\": 0.0001, \"high\": 0.1, \"log\": true}}"}
{"op_code":5,"worker_id":"8003df1f-5c8f-419f-9f30-ec6c147a13b8-140544486217536","trial_id":17,"param_name":"dropout","param_value_internal":0.49907614754465235,"distribution":"{\"name\": \"FloatDistribution\", \"attributes\": {\"step\": null, \"low\": 0.0, \"high\": 0.5, \"log\": false}}"}
{"op_code":5,"worker_id":"8003df1f-5c8f-419f-9f30-ec6c147a13b8-140544486217536","trial_id":17,"param_name":"nodes","param_value_internal":2,"distribution":"{\"name\": \"CategoricalDistribution\", \"attributes\": {\"choices\": [\"64-64\", \"128-64\", \"256-128\"]}}"}
{"op_code":6,"worker_id":"8003df1f-5c8f-419f-9f30-ec6c147a13b8-140544486217536","trial_id":17,"state":1,"values":[0.5274695180989332],"datetime_complete":"2026-03-31T20:14:24.073751"}
{"op_code":4,"worker_id":"8003df1f-5c8f-419f-9f30-ec6c147a13b8-140544486217536","study_id":0,"datetime_start":"2026-03-31T20:14:24.091482"}
{"op_code":5,"worker_id":"8003df1f-5c8f-419f-9f30-ec6c147a13b8-140544486217536","trial_id":18,"param_name":"lr","param_value_internal":0.04925821052570738,"distribution":"{\"name\": \"FloatDistribution\", \"attributes\": {\"step\": null, \"low\": 0.0001, \"high\": 0.1, \"log\": true}}"}
{"op_code":5,"worker_id":"8003df1f-5c8f-419f-9f30-ec6c147a13b8-140544486217536","trial_id":18,"param_name":"dropout","param_value_internal":0.19205268461348862,"distribution":"{\"name\": \"FloatDistribution\", \"attributes\": {\"step\": null, \"low\": 0.0, \"high\": 0.5, \"log\": false}}"}
{"op_code":5,"worker_id":"8003df1f-5c8f-419f-9f30-ec6c147a13b8-140544486217536","trial_id":18,"param_name":"nodes","param_value_internal":0,"distribution":"{\"name\": \"CategoricalDistribution\", \"attributes\": {\"choices\": [\"64-64\", \"128-64\", \"256-128\"]}}"}
{"op_code":6,"worker_id":"8003df1f-5c8f-419f-9f30-ec6c147a13b8-140544486217536","trial_id":18,"state":1,"values":[0.5198531964603068],"datetime_complete":"2026-03-31T20:14:30.826090"}
{"op_code":4,"worker_id":"8003df1f-5c8f-419f-9f30-ec6c147a13b8-140544486217536","study_id":0,"datetime_start":"2026-03-31T20:14:30.842683"}
{"op_code":5,"worker_id":"8003df1f-5c8f-419f-9f30-ec6c147a13b8-140544486217536","trial_id":19,"param_name":"lr","param_value_internal":0.01039951159098341,"distribution":"{\"name\": \"FloatDistribution\", \"attributes\": {\"step\": null, \"low\": 0.0001, \"high\": 0.1, \"log\": true}}"}
{"op_code":5,"worker_id":"8003df1f-5c8f-419f-9f30-ec6c147a13b8-140544486217536","trial_id":19,"param_name":"dropout","param_value_internal":0.4198457909738812,"distribution":"{\"name\": \"FloatDistribution\", \"attributes\": {\"step\": null, \"low\": 0.0, \"high\": 0.5, \"log\": false}}"}
{"op_code":5,"worker_id":"8003df1f-5c8f-419f-9f30-ec6c147a13b8-140544486217536","trial_id":19,"param_name":"nodes","param_value_internal":1,"distribution":"{\"name\": \"CategoricalDistribution\", \"attributes\": {\"choices\": [\"64-64\", \"128-64\", \"256-128\"]}}"}
{"op_code":6,"worker_id":"8003df1f-5c8f-419f-9f30-ec6c147a13b8-140544486217536","trial_id":19,"state":1,"values":[0.5137562433327107],"datetime_complete":"2026-03-31T20:14:37.848724"}
