{"op_code":0,"worker_id":"b0063ce4-bcba-4750-b817-a989077f111a-140544486217536","study_name":"tabdpt_pchazard","directions":[2]}
{"op_code":4,"worker_id":"b0063ce4-bcba-4750-b817-a989077f111a-140544486217536","study_id":0,"datetime_start":"2026-04-01T06:45:33.267664"}
{"op_code":5,"worker_id":"b0063ce4-bcba-4750-b817-a989077f111a-140544486217536","trial_id":0,"param_name":"lr","param_value_internal":0.005480613230250616,"distribution":"{\"name\": \"FloatDistribution\", \"attributes\": {\"step\": null, \"low\": 0.0001, \"high\": 0.1, \"log\": true}}"}
{"op_code":5,"worker_id":"b0063ce4-bcba-4750-b817-a989077f111a-140544486217536","trial_id":0,"param_name":"dropout","param_value_internal":0.025281569740119914,"distribution":"{\"name\": \"FloatDistribution\", \"attributes\": {\"step\": null, \"low\": 0.0, \"high\": 0.5, \"log\": false}}"}
{"op_code":5,"worker_id":"b0063ce4-bcba-4750-b817-a989077f111a-140544486217536","trial_id":0,"param_name":"nodes","param_value_internal":1,"distribution":"{\"name\": \"CategoricalDistribution\", \"attributes\": {\"choices\": [\"64-64\", \"128-64\", \"256-128\"]}}"}
{"op_code":6,"worker_id":"b0063ce4-bcba-4750-b817-a989077f111a-140544486217536","trial_id":0,"state":1,"values":[0.6967168026152419],"datetime_complete":"2026-04-01T06:45:38.112017"}
{"op_code":4,"worker_id":"b0063ce4-bcba-4750-b817-a989077f111a-140544486217536","study_id":0,"datetime_start":"2026-04-01T06:45:38.131222"}
{"op_code":5,"worker_id":"b0063ce4-bcba-4750-b817-a989077f111a-140544486217536","trial_id":1,"param_name":"lr","param_value_internal":0.0009282746224570205,"distribution":"{\"name\": \"FloatDistribution\", \"attributes\": {\"step\": null, \"low\": 0.0001, \"high\": 0.1, \"log\": true}}"}
{"op_code":5,"worker_id":"b0063ce4-bcba-4750-b817-a989077f111a-140544486217536","trial_id":1,"param_name":"dropout","param_value_internal":0.37986628865455324,"distribution":"{\"name\": \"FloatDistribution\", \"attributes\": {\"step\": null, \"low\": 0.0, \"high\": 0.5, \"log\": false}}"}
{"op_code":5,"worker_id":"b0063ce4-bcba-4750-b817-a989077f111a-140544486217536","trial_id":1,"param_name":"nodes","param_value_internal":1,"distribution":"{\"name\": \"CategoricalDistribution\", \"attributes\": {\"choices\": [\"64-64\", \"128-64\", \"256-128\"]}}"}
{"op_code":6,"worker_id":"b0063ce4-bcba-4750-b817-a989077f111a-140544486217536","trial_id":1,"state":1,"values":[0.7448056642620271],"datetime_complete":"2026-04-01T06:45:42.961202"}
{"op_code":4,"worker_id":"b0063ce4-bcba-4750-b817-a989077f111a-140544486217536","study_id":0,"datetime_start":"2026-04-01T06:45:42.973310"}
{"op_code":5,"worker_id":"b0063ce4-bcba-4750-b817-a989077f111a-140544486217536","trial_id":2,"param_name":"lr","param_value_internal":0.00332125140762715,"distribution":"{\"name\": \"FloatDistribution\", \"attributes\": {\"step\": null, \"low\": 0.0001, \"high\": 0.1, \"log\": true}}"}
{"op_code":5,"worker_id":"b0063ce4-bcba-4750-b817-a989077f111a-140544486217536","trial_id":2,"param_name":"dropout","param_value_internal":0.23095849248078765,"distribution":"{\"name\": \"FloatDistribution\", \"attributes\": {\"step\": null, \"low\": 0.0, \"high\": 0.5, \"log\": false}}"}
{"op_code":5,"worker_id":"b0063ce4-bcba-4750-b817-a989077f111a-140544486217536","trial_id":2,"param_name":"nodes","param_value_internal":0,"distribution":"{\"name\": \"CategoricalDistribution\", \"attributes\": {\"choices\": [\"64-64\", \"128-64\", \"256-128\"]}}"}
{"op_code":6,"worker_id":"b0063ce4-bcba-4750-b817-a989077f111a-140544486217536","trial_id":2,"state":1,"values":[0.7393009257076398],"datetime_complete":"2026-04-01T06:45:47.791113"}
{"op_code":4,"worker_id":"b0063ce4-bcba-4750-b817-a989077f111a-140544486217536","study_id":0,"datetime_start":"2026-04-01T06:45:47.808679"}
{"op_code":5,"worker_id":"b0063ce4-bcba-4750-b817-a989077f111a-140544486217536","trial_id":3,"param_name":"lr","param_value_internal":0.0757290346298199,"distribution":"{\"name\": \"FloatDistribution\", \"attributes\": {\"step\": null, \"low\": 0.0001, \"high\": 0.1, \"log\": true}}"}
{"op_code":5,"worker_id":"b0063ce4-bcba-4750-b817-a989077f111a-140544486217536","trial_id":3,"param_name":"dropout","param_value_internal":0.40568407166417336,"distribution":"{\"name\": \"FloatDistribution\", \"attributes\": {\"step\": null, \"low\": 0.0, \"high\": 0.5, \"log\": false}}"}
{"op_code":5,"worker_id":"b0063ce4-bcba-4750-b817-a989077f111a-140544486217536","trial_id":3,"param_name":"nodes","param_value_internal":2,"distribution":"{\"name\": \"CategoricalDistribution\", \"attributes\": {\"choices\": [\"64-64\", \"128-64\", \"256-128\"]}}"}
{"op_code":6,"worker_id":"b0063ce4-bcba-4750-b817-a989077f111a-140544486217536","trial_id":3,"state":1,"values":[0.7346448834614236],"datetime_complete":"2026-04-01T06:45:52.647173"}
{"op_code":4,"worker_id":"b0063ce4-bcba-4750-b817-a989077f111a-140544486217536","study_id":0,"datetime_start":"2026-04-01T06:45:52.660098"}
{"op_code":5,"worker_id":"b0063ce4-bcba-4750-b817-a989077f111a-140544486217536","trial_id":4,"param_name":"lr","param_value_internal":0.0001290540731457897,"distribution":"{\"name\": \"FloatDistribution\", \"attributes\": {\"step\": null, \"low\": 0.0001, \"high\": 0.1, \"log\": true}}"}
{"op_code":5,"worker_id":"b0063ce4-bcba-4750-b817-a989077f111a-140544486217536","trial_id":4,"param_name":"dropout","param_value_internal":0.0841757277456886,"distribution":"{\"name\": \"FloatDistribution\", \"attributes\": {\"step\": null, \"low\": 0.0, \"high\": 0.5, \"log\": false}}"}
{"op_code":5,"worker_id":"b0063ce4-bcba-4750-b817-a989077f111a-140544486217536","trial_id":4,"param_name":"nodes","param_value_internal":2,"distribution":"{\"name\": \"CategoricalDistribution\", \"attributes\": {\"choices\": [\"64-64\", \"128-64\", \"256-128\"]}}"}
{"op_code":6,"worker_id":"b0063ce4-bcba-4750-b817-a989077f111a-140544486217536","trial_id":4,"state":1,"values":[0.7440434092445031],"datetime_complete":"2026-04-01T06:45:57.489941"}
{"op_code":4,"worker_id":"b0063ce4-bcba-4750-b817-a989077f111a-140544486217536","study_id":0,"datetime_start":"2026-04-01T06:45:57.514037"}
{"op_code":5,"worker_id":"b0063ce4-bcba-4750-b817-a989077f111a-140544486217536","trial_id":5,"param_name":"lr","param_value_internal":0.011051701907126356,"distribution":"{\"name\": \"FloatDistribution\", \"attributes\": {\"step\": null, \"low\": 0.0001, \"high\": 0.1, \"log\": true}}"}
{"op_code":5,"worker_id":"b0063ce4-bcba-4750-b817-a989077f111a-140544486217536","trial_id":5,"param_name":"dropout","param_value_internal":0.3881901564628791,"distribution":"{\"name\": \"FloatDistribution\", \"attributes\": {\"step\": null, \"low\": 0.0, \"high\": 0.5, \"log\": false}}"}
{"op_code":5,"worker_id":"b0063ce4-bcba-4750-b817-a989077f111a-140544486217536","trial_id":5,"param_name":"nodes","param_value_internal":2,"distribution":"{\"name\": \"CategoricalDistribution\", \"attributes\": {\"choices\": [\"64-64\", \"128-64\", \"256-128\"]}}"}
{"op_code":6,"worker_id":"b0063ce4-bcba-4750-b817-a989077f111a-140544486217536","trial_id":5,"state":1,"values":[0.7400867556226131],"datetime_complete":"2026-04-01T06:46:02.334412"}
{"op_code":4,"worker_id":"b0063ce4-bcba-4750-b817-a989077f111a-140544486217536","study_id":0,"datetime_start":"2026-04-01T06:46:02.353731"}
{"op_code":5,"worker_id":"b0063ce4-bcba-4750-b817-a989077f111a-140544486217536","trial_id":6,"param_name":"lr","param_value_internal":0.0011375449585729809,"distribution":"{\"name\": \"FloatDistribution\", \"attributes\": {\"step\": null, \"low\": 0.0001, \"high\": 0.1, \"log\": true}}"}
{"op_code":5,"worker_id":"b0063ce4-bcba-4750-b817-a989077f111a-140544486217536","trial_id":6,"param_name":"dropout","param_value_internal":0.26217613939269263,"distribution":"{\"name\": \"FloatDistribution\", \"attributes\": {\"step\": null, \"low\": 0.0, \"high\": 0.5, \"log\": false}}"}
{"op_code":5,"worker_id":"b0063ce4-bcba-4750-b817-a989077f111a-140544486217536","trial_id":6,"param_name":"nodes","param_value_internal":2,"distribution":"{\"name\": \"CategoricalDistribution\", \"attributes\": {\"choices\": [\"64-64\", \"128-64\", \"256-128\"]}}"}
{"op_code":6,"worker_id":"b0063ce4-bcba-4750-b817-a989077f111a-140544486217536","trial_id":6,"state":1,"values":[0.7283621732912129],"datetime_complete":"2026-04-01T06:46:07.173324"}
{"op_code":4,"worker_id":"b0063ce4-bcba-4750-b817-a989077f111a-140544486217536","study_id":0,"datetime_start":"2026-04-01T06:46:07.192057"}
{"op_code":5,"worker_id":"b0063ce4-bcba-4750-b817-a989077f111a-140544486217536","trial_id":7,"param_name":"lr","param_value_internal":0.0011260554197342104,"distribution":"{\"name\": \"FloatDistribution\", \"attributes\": {\"step\": null, \"low\": 0.0001, \"high\": 0.1, \"log\": true}}"}
{"op_code":5,"worker_id":"b0063ce4-bcba-4750-b817-a989077f111a-140544486217536","trial_id":7,"param_name":"dropout","param_value_internal":0.33415184267812803,"distribution":"{\"name\": \"FloatDistribution\", \"attributes\": {\"step\": null, \"low\": 0.0, \"high\": 0.5, \"log\": false}}"}
{"op_code":5,"worker_id":"b0063ce4-bcba-4750-b817-a989077f111a-140544486217536","trial_id":7,"param_name":"nodes","param_value_internal":2,"distribution":"{\"name\": \"CategoricalDistribution\", \"attributes\": {\"choices\": [\"64-64\", \"128-64\", \"256-128\"]}}"}
{"op_code":6,"worker_id":"b0063ce4-bcba-4750-b817-a989077f111a-140544486217536","trial_id":7,"state":1,"values":[0.7298631084288116],"datetime_complete":"2026-04-01T06:46:12.014112"}
{"op_code":4,"worker_id":"b0063ce4-bcba-4750-b817-a989077f111a-140544486217536","study_id":0,"datetime_start":"2026-04-01T06:46:12.030620"}
{"op_code":5,"worker_id":"b0063ce4-bcba-4750-b817-a989077f111a-140544486217536","trial_id":8,"param_name":"lr","param_value_internal":0.000518696674189427,"distribution":"{\"name\": \"FloatDistribution\", \"attributes\": {\"step\": null, \"low\": 0.0001, \"high\": 0.1, \"log\": true}}"}
{"op_code":5,"worker_id":"b0063ce4-bcba-4750-b817-a989077f111a-140544486217536","trial_id":8,"param_name":"dropout","param_value_internal":0.1963221660994095,"distribution":"{\"name\": \"FloatDistribution\", \"attributes\": {\"step\": null, \"low\": 0.0, \"high\": 0.5, \"log\": false}}"}
{"op_code":5,"worker_id":"b0063ce4-bcba-4750-b817-a989077f111a-140544486217536","trial_id":8,"param_name":"nodes","param_value_internal":2,"distribution":"{\"name\": \"CategoricalDistribution\", \"attributes\": {\"choices\": [\"64-64\", \"128-64\", \"256-128\"]}}"}
{"op_code":6,"worker_id":"b0063ce4-bcba-4750-b817-a989077f111a-140544486217536","trial_id":8,"state":1,"values":[0.7295409181636726],"datetime_complete":"2026-04-01T06:46:16.858984"}
{"op_code":4,"worker_id":"b0063ce4-bcba-4750-b817-a989077f111a-140544486217536","study_id":0,"datetime_start":"2026-04-01T06:46:16.871212"}
{"op_code":5,"worker_id":"b0063ce4-bcba-4750-b817-a989077f111a-140544486217536","trial_id":9,"param_name":"lr","param_value_internal":0.00044671346524928577,"distribution":"{\"name\": \"FloatDistribution\", \"attributes\": {\"step\": null, \"low\": 0.0001, \"high\": 0.1, \"log\": true}}"}
{"op_code":5,"worker_id":"b0063ce4-bcba-4750-b817-a989077f111a-140544486217536","trial_id":9,"param_name":"dropout","param_value_internal":0.3111321449764881,"distribution":"{\"name\": \"FloatDistribution\", \"attributes\": {\"step\": null, \"low\": 0.0, \"high\": 0.5, \"log\": false}}"}
{"op_code":5,"worker_id":"b0063ce4-bcba-4750-b817-a989077f111a-140544486217536","trial_id":9,"param_name":"nodes","param_value_internal":2,"distribution":"{\"name\": \"CategoricalDistribution\", \"attributes\": {\"choices\": [\"64-64\", \"128-64\", \"256-128\"]}}"}
{"op_code":6,"worker_id":"b0063ce4-bcba-4750-b817-a989077f111a-140544486217536","trial_id":9,"state":1,"values":[0.7294976975183491],"datetime_complete":"2026-04-01T06:46:21.698534"}
{"op_code":4,"worker_id":"b0063ce4-bcba-4750-b817-a989077f111a-140544486217536","study_id":0,"datetime_start":"2026-04-01T06:46:21.722160"}
{"op_code":5,"worker_id":"b0063ce4-bcba-4750-b817-a989077f111a-140544486217536","trial_id":10,"param_name":"lr","param_value_internal":0.02392410714979516,"distribution":"{\"name\": \"FloatDistribution\", \"attributes\": {\"step\": null, \"low\": 0.0001, \"high\": 0.1, \"log\": true}}"}
{"op_code":5,"worker_id":"b0063ce4-bcba-4750-b817-a989077f111a-140544486217536","trial_id":10,"param_name":"dropout","param_value_internal":0.4961266757336632,"distribution":"{\"name\": \"FloatDistribution\", \"attributes\": {\"step\": null, \"low\": 0.0, \"high\": 0.5, \"log\": false}}"}
{"op_code":5,"worker_id":"b0063ce4-bcba-4750-b817-a989077f111a-140544486217536","trial_id":10,"param_name":"nodes","param_value_internal":1,"distribution":"{\"name\": \"CategoricalDistribution\", \"attributes\": {\"choices\": [\"64-64\", \"128-64\", \"256-128\"]}}"}
{"op_code":6,"worker_id":"b0063ce4-bcba-4750-b817-a989077f111a-140544486217536","trial_id":10,"state":1,"values":[0.7527739795998554],"datetime_complete":"2026-04-01T06:46:26.570920"}
{"op_code":4,"worker_id":"b0063ce4-bcba-4750-b817-a989077f111a-140544486217536","study_id":0,"datetime_start":"2026-04-01T06:46:26.588125"}
{"op_code":5,"worker_id":"b0063ce4-bcba-4750-b817-a989077f111a-140544486217536","trial_id":11,"param_name":"lr","param_value_internal":0.03420225900677109,"distribution":"{\"name\": \"FloatDistribution\", \"attributes\": {\"step\": null, \"low\": 0.0001, \"high\": 0.1, \"log\": true}}"}
{"op_code":5,"worker_id":"b0063ce4-bcba-4750-b817-a989077f111a-140544486217536","trial_id":11,"param_name":"dropout","param_value_internal":0.49949103100156994,"distribution":"{\"name\": \"FloatDistribution\", \"attributes\": {\"step\": null, \"low\": 0.0, \"high\": 0.5, \"log\": false}}"}
{"op_code":5,"worker_id":"b0063ce4-bcba-4750-b817-a989077f111a-140544486217536","trial_id":11,"param_name":"nodes","param_value_internal":1,"distribution":"{\"name\": \"CategoricalDistribution\", \"attributes\": {\"choices\": [\"64-64\", \"128-64\", \"256-128\"]}}"}
{"op_code":6,"worker_id":"b0063ce4-bcba-4750-b817-a989077f111a-140544486217536","trial_id":11,"state":1,"values":[0.7514302104452513],"datetime_complete":"2026-04-01T06:46:31.417383"}
{"op_code":4,"worker_id":"b0063ce4-bcba-4750-b817-a989077f111a-140544486217536","study_id":0,"datetime_start":"2026-04-01T06:46:31.427490"}
{"op_code":5,"worker_id":"b0063ce4-bcba-4750-b817-a989077f111a-140544486217536","trial_id":12,"param_name":"lr","param_value_internal":0.04115151788254613,"distribution":"{\"name\": \"FloatDistribution\", \"attributes\": {\"step\": null, \"low\": 0.0001, \"high\": 0.1, \"log\": true}}"}
{"op_code":5,"worker_id":"b0063ce4-bcba-4750-b817-a989077f111a-140544486217536","trial_id":12,"param_name":"dropout","param_value_internal":0.4922448227333402,"distribution":"{\"name\": \"FloatDistribution\", \"attributes\": {\"step\": null, \"low\": 0.0, \"high\": 0.5, \"log\": false}}"}
{"op_code":5,"worker_id":"b0063ce4-bcba-4750-b817-a989077f111a-140544486217536","trial_id":12,"param_name":"nodes","param_value_internal":1,"distribution":"{\"name\": \"CategoricalDistribution\", \"attributes\": {\"choices\": [\"64-64\", \"128-64\", \"256-128\"]}}"}
{"op_code":6,"worker_id":"b0063ce4-bcba-4750-b817-a989077f111a-140544486217536","trial_id":12,"state":1,"values":[0.7216904773130903],"datetime_complete":"2026-04-01T06:46:36.266047"}
{"op_code":4,"worker_id":"b0063ce4-bcba-4750-b817-a989077f111a-140544486217536","study_id":0,"datetime_start":"2026-04-01T06:46:36.288469"}
{"op_code":5,"worker_id":"b0063ce4-bcba-4750-b817-a989077f111a-140544486217536","trial_id":13,"param_name":"lr","param_value_internal":0.018632194286206452,"distribution":"{\"name\": \"FloatDistribution\", \"attributes\": {\"step\": null, \"low\": 0.0001, \"high\": 0.1, \"log\": true}}"}
{"op_code":5,"worker_id":"b0063ce4-bcba-4750-b817-a989077f111a-140544486217536","trial_id":13,"param_name":"dropout","param_value_internal":0.48873619596233786,"distribution":"{\"name\": \"FloatDistribution\", \"attributes\": {\"step\": null, \"low\": 0.0, \"high\": 0.5, \"log\": false}}"}
{"op_code":5,"worker_id":"b0063ce4-bcba-4750-b817-a989077f111a-140544486217536","trial_id":13,"param_name":"nodes","param_value_internal":1,"distribution":"{\"name\": \"CategoricalDistribution\", \"attributes\": {\"choices\": [\"64-64\", \"128-64\", \"256-128\"]}}"}
{"op_code":6,"worker_id":"b0063ce4-bcba-4750-b817-a989077f111a-140544486217536","trial_id":13,"state":1,"values":[0.745045342386094],"datetime_complete":"2026-04-01T06:46:41.112439"}
{"op_code":4,"worker_id":"b0063ce4-bcba-4750-b817-a989077f111a-140544486217536","study_id":0,"datetime_start":"2026-04-01T06:46:41.124022"}
{"op_code":5,"worker_id":"b0063ce4-bcba-4750-b817-a989077f111a-140544486217536","trial_id":14,"param_name":"lr","param_value_internal":0.02687190897413118,"distribution":"{\"name\": \"FloatDistribution\", \"attributes\": {\"step\": null, \"low\": 0.0001, \"high\": 0.1, \"log\": true}}"}
{"op_code":5,"worker_id":"b0063ce4-bcba-4750-b817-a989077f111a-140544486217536","trial_id":14,"param_name":"dropout","param_value_internal":0.44591371935848007,"distribution":"{\"name\": \"FloatDistribution\", \"attributes\": {\"step\": null, \"low\": 0.0, \"high\": 0.5, \"log\": false}}"}
{"op_code":5,"worker_id":"b0063ce4-bcba-4750-b817-a989077f111a-140544486217536","trial_id":14,"param_name":"nodes","param_value_internal":1,"distribution":"{\"name\": \"CategoricalDistribution\", \"attributes\": {\"choices\": [\"64-64\", \"128-64\", \"256-128\"]}}"}
{"op_code":6,"worker_id":"b0063ce4-bcba-4750-b817-a989077f111a-140544486217536","trial_id":14,"state":1,"values":[0.741143696858252],"datetime_complete":"2026-04-01T06:46:45.952933"}
{"op_code":4,"worker_id":"b0063ce4-bcba-4750-b817-a989077f111a-140544486217536","study_id":0,"datetime_start":"2026-04-01T06:46:45.977134"}
{"op_code":5,"worker_id":"b0063ce4-bcba-4750-b817-a989077f111a-140544486217536","trial_id":15,"param_name":"lr","param_value_internal":0.06548714365291397,"distribution":"{\"name\": \"FloatDistribution\", \"attributes\": {\"step\": null, \"low\": 0.0001, \"high\": 0.1, \"log\": true}}"}
{"op_code":5,"worker_id":"b0063ce4-bcba-4750-b817-a989077f111a-140544486217536","trial_id":15,"param_name":"dropout","param_value_internal":0.45466290659521763,"distribution":"{\"name\": \"FloatDistribution\", \"attributes\": {\"step\": null, \"low\": 0.0, \"high\": 0.5, \"log\": false}}"}
{"op_code":5,"worker_id":"b0063ce4-bcba-4750-b817-a989077f111a-140544486217536","trial_id":15,"param_name":"nodes","param_value_internal":0,"distribution":"{\"name\": \"CategoricalDistribution\", \"attributes\": {\"choices\": [\"64-64\", \"128-64\", \"256-128\"]}}"}
{"op_code":6,"worker_id":"b0063ce4-bcba-4750-b817-a989077f111a-140544486217536","trial_id":15,"state":1,"values":[0.7327588916654879],"datetime_complete":"2026-04-01T06:46:50.779807"}
{"op_code":4,"worker_id":"b0063ce4-bcba-4750-b817-a989077f111a-140544486217536","study_id":0,"datetime_start":"2026-04-01T06:46:50.792493"}
{"op_code":5,"worker_id":"b0063ce4-bcba-4750-b817-a989077f111a-140544486217536","trial_id":16,"param_name":"lr","param_value_internal":0.007595163263514313,"distribution":"{\"name\": \"FloatDistribution\", \"attributes\": {\"step\": null, \"low\": 0.0001, \"high\": 0.1, \"log\": true}}"}
{"op_code":5,"worker_id":"b0063ce4-bcba-4750-b817-a989077f111a-140544486217536","trial_id":16,"param_name":"dropout","param_value_internal":0.3308285940431098,"distribution":"{\"name\": \"FloatDistribution\", \"attributes\": {\"step\": null, \"low\": 0.0, \"high\": 0.5, \"log\": false}}"}
{"op_code":5,"worker_id":"b0063ce4-bcba-4750-b817-a989077f111a-140544486217536","trial_id":16,"param_name":"nodes","param_value_internal":1,"distribution":"{\"name\": \"CategoricalDistribution\", \"attributes\": {\"choices\": [\"64-64\", \"128-64\", \"256-128\"]}}"}
{"op_code":6,"worker_id":"b0063ce4-bcba-4750-b817-a989077f111a-140544486217536","trial_id":16,"state":1,"values":[0.7278160215003064],"datetime_complete":"2026-04-01T06:46:55.627295"}
{"op_code":4,"worker_id":"b0063ce4-bcba-4750-b817-a989077f111a-140544486217536","study_id":0,"datetime_start":"2026-04-01T06:46:55.646957"}
{"op_code":5,"worker_id":"b0063ce4-bcba-4750-b817-a989077f111a-140544486217536","trial_id":17,"param_name":"lr","param_value_internal":0.0147315094583484,"distribution":"{\"name\": \"FloatDistribution\", \"attributes\": {\"step\": null, \"low\": 0.0001, \"high\": 0.1, \"log\": true}}"}
{"op_code":5,"worker_id":"b0063ce4-bcba-4750-b817-a989077f111a-140544486217536","trial_id":17,"param_name":"dropout","param_value_internal":0.1816413786521066,"distribution":"{\"name\": \"FloatDistribution\", \"attributes\": {\"step\": null, \"low\": 0.0, \"high\": 0.5, \"log\": false}}"}
{"op_code":5,"worker_id":"b0063ce4-bcba-4750-b817-a989077f111a-140544486217536","trial_id":17,"param_name":"nodes","param_value_internal":1,"distribution":"{\"name\": \"CategoricalDistribution\", \"attributes\": {\"choices\": [\"64-64\", \"128-64\", \"256-128\"]}}"}
{"op_code":6,"worker_id":"b0063ce4-bcba-4750-b817-a989077f111a-140544486217536","trial_id":17,"state":1,"values":[0.7366683954924796],"datetime_complete":"2026-04-01T06:47:00.467556"}
{"op_code":4,"worker_id":"b0063ce4-bcba-4750-b817-a989077f111a-140544486217536","study_id":0,"datetime_start":"2026-04-01T06:47:00.491756"}
{"op_code":5,"worker_id":"b0063ce4-bcba-4750-b817-a989077f111a-140544486217536","trial_id":18,"param_name":"lr","param_value_internal":0.09931248172004326,"distribution":"{\"name\": \"FloatDistribution\", \"attributes\": {\"step\": null, \"low\": 0.0001, \"high\": 0.1, \"log\": true}}"}
{"op_code":5,"worker_id":"b0063ce4-bcba-4750-b817-a989077f111a-140544486217536","trial_id":18,"param_name":"dropout","param_value_internal":0.4415827358310791,"distribution":"{\"name\": \"FloatDistribution\", \"attributes\": {\"step\": null, \"low\": 0.0, \"high\": 0.5, \"log\": false}}"}
{"op_code":5,"worker_id":"b0063ce4-bcba-4750-b817-a989077f111a-140544486217536","trial_id":18,"param_name":"nodes","param_value_internal":1,"distribution":"{\"name\": \"CategoricalDistribution\", \"attributes\": {\"choices\": [\"64-64\", \"128-64\", \"256-128\"]}}"}
{"op_code":6,"worker_id":"b0063ce4-bcba-4750-b817-a989077f111a-140544486217536","trial_id":18,"state":1,"values":[0.7133292470177754],"datetime_complete":"2026-04-01T06:47:05.325783"}
{"op_code":4,"worker_id":"b0063ce4-bcba-4750-b817-a989077f111a-140544486217536","study_id":0,"datetime_start":"2026-04-01T06:47:05.338722"}
{"op_code":5,"worker_id":"b0063ce4-bcba-4750-b817-a989077f111a-140544486217536","trial_id":19,"param_name":"lr","param_value_internal":0.03636513334545476,"distribution":"{\"name\": \"FloatDistribution\", \"attributes\": {\"step\": null, \"low\": 0.0001, \"high\": 0.1, \"log\": true}}"}
{"op_code":5,"worker_id":"b0063ce4-bcba-4750-b817-a989077f111a-140544486217536","trial_id":19,"param_name":"dropout","param_value_internal":0.12059573657908065,"distribution":"{\"name\": \"FloatDistribution\", \"attributes\": {\"step\": null, \"low\": 0.0, \"high\": 0.5, \"log\": false}}"}
{"op_code":5,"worker_id":"b0063ce4-bcba-4750-b817-a989077f111a-140544486217536","trial_id":19,"param_name":"nodes","param_value_internal":0,"distribution":"{\"name\": \"CategoricalDistribution\", \"attributes\": {\"choices\": [\"64-64\", \"128-64\", \"256-128\"]}}"}
{"op_code":6,"worker_id":"b0063ce4-bcba-4750-b817-a989077f111a-140544486217536","trial_id":19,"state":1,"values":[0.7339612114353969],"datetime_complete":"2026-04-01T06:47:10.163573"}
