{"op_code":0,"worker_id":"82a39f9f-bd0d-4409-bd64-6ada9205787d-139906009941824","study_name":"rsf_tuning","directions":[2]}
{"op_code":4,"worker_id":"82a39f9f-bd0d-4409-bd64-6ada9205787d-139906009941824","study_id":0,"datetime_start":"2026-04-06T04:45:48.313507"}
{"op_code":5,"worker_id":"82a39f9f-bd0d-4409-bd64-6ada9205787d-139906009941824","trial_id":0,"param_name":"n_estimators","param_value_internal":140.0,"distribution":"{\"name\": \"IntDistribution\", \"attributes\": {\"log\": false, \"step\": 1, \"low\": 50, \"high\": 200}}"}
{"op_code":5,"worker_id":"82a39f9f-bd0d-4409-bd64-6ada9205787d-139906009941824","trial_id":0,"param_name":"min_samples_split","param_value_internal":5.0,"distribution":"{\"name\": \"IntDistribution\", \"attributes\": {\"log\": false, \"step\": 1, \"low\": 5, \"high\": 20}}"}
{"op_code":5,"worker_id":"82a39f9f-bd0d-4409-bd64-6ada9205787d-139906009941824","trial_id":0,"param_name":"min_samples_leaf","param_value_internal":17.0,"distribution":"{\"name\": \"IntDistribution\", \"attributes\": {\"log\": false, \"step\": 1, \"low\": 5, \"high\": 20}}"}
{"op_code":6,"worker_id":"82a39f9f-bd0d-4409-bd64-6ada9205787d-139906009941824","trial_id":0,"state":1,"values":[0.5648954703832753],"datetime_complete":"2026-04-06T04:45:48.495879"}
{"op_code":4,"worker_id":"82a39f9f-bd0d-4409-bd64-6ada9205787d-139906009941824","study_id":0,"datetime_start":"2026-04-06T04:45:48.506496"}
{"op_code":5,"worker_id":"82a39f9f-bd0d-4409-bd64-6ada9205787d-139906009941824","trial_id":1,"param_name":"n_estimators","param_value_internal":110.0,"distribution":"{\"name\": \"IntDistribution\", \"attributes\": {\"log\": false, \"step\": 1, \"low\": 50, \"high\": 200}}"}
{"op_code":5,"worker_id":"82a39f9f-bd0d-4409-bd64-6ada9205787d-139906009941824","trial_id":1,"param_name":"min_samples_split","param_value_internal":17.0,"distribution":"{\"name\": \"IntDistribution\", \"attributes\": {\"log\": false, \"step\": 1, \"low\": 5, \"high\": 20}}"}
{"op_code":5,"worker_id":"82a39f9f-bd0d-4409-bd64-6ada9205787d-139906009941824","trial_id":1,"param_name":"min_samples_leaf","param_value_internal":19.0,"distribution":"{\"name\": \"IntDistribution\", \"attributes\": {\"log\": false, \"step\": 1, \"low\": 5, \"high\": 20}}"}
{"op_code":6,"worker_id":"82a39f9f-bd0d-4409-bd64-6ada9205787d-139906009941824","trial_id":1,"state":1,"values":[0.5692508710801394],"datetime_complete":"2026-04-06T04:45:48.666817"}
{"op_code":4,"worker_id":"82a39f9f-bd0d-4409-bd64-6ada9205787d-139906009941824","study_id":0,"datetime_start":"2026-04-06T04:45:48.677749"}
{"op_code":5,"worker_id":"82a39f9f-bd0d-4409-bd64-6ada9205787d-139906009941824","trial_id":2,"param_name":"n_estimators","param_value_internal":109.0,"distribution":"{\"name\": \"IntDistribution\", \"attributes\": {\"log\": false, \"step\": 1, \"low\": 50, \"high\": 200}}"}
{"op_code":5,"worker_id":"82a39f9f-bd0d-4409-bd64-6ada9205787d-139906009941824","trial_id":2,"param_name":"min_samples_split","param_value_internal":14.0,"distribution":"{\"name\": \"IntDistribution\", \"attributes\": {\"log\": false, \"step\": 1, \"low\": 5, \"high\": 20}}"}
{"op_code":5,"worker_id":"82a39f9f-bd0d-4409-bd64-6ada9205787d-139906009941824","trial_id":2,"param_name":"min_samples_leaf","param_value_internal":10.0,"distribution":"{\"name\": \"IntDistribution\", \"attributes\": {\"log\": false, \"step\": 1, \"low\": 5, \"high\": 20}}"}
{"op_code":6,"worker_id":"82a39f9f-bd0d-4409-bd64-6ada9205787d-139906009941824","trial_id":2,"state":1,"values":[0.5487804878048781],"datetime_complete":"2026-04-06T04:45:48.843566"}
{"op_code":4,"worker_id":"82a39f9f-bd0d-4409-bd64-6ada9205787d-139906009941824","study_id":0,"datetime_start":"2026-04-06T04:45:48.853065"}
{"op_code":5,"worker_id":"82a39f9f-bd0d-4409-bd64-6ada9205787d-139906009941824","trial_id":3,"param_name":"n_estimators","param_value_internal":81.0,"distribution":"{\"name\": \"IntDistribution\", \"attributes\": {\"log\": false, \"step\": 1, \"low\": 50, \"high\": 200}}"}
{"op_code":5,"worker_id":"82a39f9f-bd0d-4409-bd64-6ada9205787d-139906009941824","trial_id":3,"param_name":"min_samples_split","param_value_internal":15.0,"distribution":"{\"name\": \"IntDistribution\", \"attributes\": {\"log\": false, \"step\": 1, \"low\": 5, \"high\": 20}}"}
{"op_code":5,"worker_id":"82a39f9f-bd0d-4409-bd64-6ada9205787d-139906009941824","trial_id":3,"param_name":"min_samples_leaf","param_value_internal":8.0,"distribution":"{\"name\": \"IntDistribution\", \"attributes\": {\"log\": false, \"step\": 1, \"low\": 5, \"high\": 20}}"}
{"op_code":6,"worker_id":"82a39f9f-bd0d-4409-bd64-6ada9205787d-139906009941824","trial_id":3,"state":1,"values":[0.5152439024390244],"datetime_complete":"2026-04-06T04:45:48.976581"}
{"op_code":4,"worker_id":"82a39f9f-bd0d-4409-bd64-6ada9205787d-139906009941824","study_id":0,"datetime_start":"2026-04-06T04:45:48.987915"}
{"op_code":5,"worker_id":"82a39f9f-bd0d-4409-bd64-6ada9205787d-139906009941824","trial_id":4,"param_name":"n_estimators","param_value_internal":51.0,"distribution":"{\"name\": \"IntDistribution\", \"attributes\": {\"log\": false, \"step\": 1, \"low\": 50, \"high\": 200}}"}
{"op_code":5,"worker_id":"82a39f9f-bd0d-4409-bd64-6ada9205787d-139906009941824","trial_id":4,"param_name":"min_samples_split","param_value_internal":5.0,"distribution":"{\"name\": \"IntDistribution\", \"attributes\": {\"log\": false, \"step\": 1, \"low\": 5, \"high\": 20}}"}
{"op_code":5,"worker_id":"82a39f9f-bd0d-4409-bd64-6ada9205787d-139906009941824","trial_id":4,"param_name":"min_samples_leaf","param_value_internal":15.0,"distribution":"{\"name\": \"IntDistribution\", \"attributes\": {\"log\": false, \"step\": 1, \"low\": 5, \"high\": 20}}"}
{"op_code":6,"worker_id":"82a39f9f-bd0d-4409-bd64-6ada9205787d-139906009941824","trial_id":4,"state":1,"values":[0.5627177700348432],"datetime_complete":"2026-04-06T04:45:49.098647"}
{"op_code":4,"worker_id":"82a39f9f-bd0d-4409-bd64-6ada9205787d-139906009941824","study_id":0,"datetime_start":"2026-04-06T04:45:49.107956"}
{"op_code":5,"worker_id":"82a39f9f-bd0d-4409-bd64-6ada9205787d-139906009941824","trial_id":5,"param_name":"n_estimators","param_value_internal":89.0,"distribution":"{\"name\": \"IntDistribution\", \"attributes\": {\"log\": false, \"step\": 1, \"low\": 50, \"high\": 200}}"}
{"op_code":5,"worker_id":"82a39f9f-bd0d-4409-bd64-6ada9205787d-139906009941824","trial_id":5,"param_name":"min_samples_split","param_value_internal":14.0,"distribution":"{\"name\": \"IntDistribution\", \"attributes\": {\"log\": false, \"step\": 1, \"low\": 5, \"high\": 20}}"}
{"op_code":5,"worker_id":"82a39f9f-bd0d-4409-bd64-6ada9205787d-139906009941824","trial_id":5,"param_name":"min_samples_leaf","param_value_internal":14.0,"distribution":"{\"name\": \"IntDistribution\", \"attributes\": {\"log\": false, \"step\": 1, \"low\": 5, \"high\": 20}}"}
{"op_code":6,"worker_id":"82a39f9f-bd0d-4409-bd64-6ada9205787d-139906009941824","trial_id":5,"state":1,"values":[0.5644599303135889],"datetime_complete":"2026-04-06T04:45:49.236068"}
{"op_code":4,"worker_id":"82a39f9f-bd0d-4409-bd64-6ada9205787d-139906009941824","study_id":0,"datetime_start":"2026-04-06T04:45:49.245592"}
{"op_code":5,"worker_id":"82a39f9f-bd0d-4409-bd64-6ada9205787d-139906009941824","trial_id":6,"param_name":"n_estimators","param_value_internal":199.0,"distribution":"{\"name\": \"IntDistribution\", \"attributes\": {\"log\": false, \"step\": 1, \"low\": 50, \"high\": 200}}"}
{"op_code":5,"worker_id":"82a39f9f-bd0d-4409-bd64-6ada9205787d-139906009941824","trial_id":6,"param_name":"min_samples_split","param_value_internal":15.0,"distribution":"{\"name\": \"IntDistribution\", \"attributes\": {\"log\": false, \"step\": 1, \"low\": 5, \"high\": 20}}"}
{"op_code":5,"worker_id":"82a39f9f-bd0d-4409-bd64-6ada9205787d-139906009941824","trial_id":6,"param_name":"min_samples_leaf","param_value_internal":16.0,"distribution":"{\"name\": \"IntDistribution\", \"attributes\": {\"log\": false, \"step\": 1, \"low\": 5, \"high\": 20}}"}
{"op_code":6,"worker_id":"82a39f9f-bd0d-4409-bd64-6ada9205787d-139906009941824","trial_id":6,"state":1,"values":[0.5683797909407665],"datetime_complete":"2026-04-06T04:45:49.478779"}
{"op_code":4,"worker_id":"82a39f9f-bd0d-4409-bd64-6ada9205787d-139906009941824","study_id":0,"datetime_start":"2026-04-06T04:45:49.488769"}
{"op_code":5,"worker_id":"82a39f9f-bd0d-4409-bd64-6ada9205787d-139906009941824","trial_id":7,"param_name":"n_estimators","param_value_internal":89.0,"distribution":"{\"name\": \"IntDistribution\", \"attributes\": {\"log\": false, \"step\": 1, \"low\": 50, \"high\": 200}}"}
{"op_code":5,"worker_id":"82a39f9f-bd0d-4409-bd64-6ada9205787d-139906009941824","trial_id":7,"param_name":"min_samples_split","param_value_internal":13.0,"distribution":"{\"name\": \"IntDistribution\", \"attributes\": {\"log\": false, \"step\": 1, \"low\": 5, \"high\": 20}}"}
{"op_code":5,"worker_id":"82a39f9f-bd0d-4409-bd64-6ada9205787d-139906009941824","trial_id":7,"param_name":"min_samples_leaf","param_value_internal":5.0,"distribution":"{\"name\": \"IntDistribution\", \"attributes\": {\"log\": false, \"step\": 1, \"low\": 5, \"high\": 20}}"}
{"op_code":6,"worker_id":"82a39f9f-bd0d-4409-bd64-6ada9205787d-139906009941824","trial_id":7,"state":1,"values":[0.524390243902439],"datetime_complete":"2026-04-06T04:45:49.635711"}
{"op_code":4,"worker_id":"82a39f9f-bd0d-4409-bd64-6ada9205787d-139906009941824","study_id":0,"datetime_start":"2026-04-06T04:45:49.645305"}
{"op_code":5,"worker_id":"82a39f9f-bd0d-4409-bd64-6ada9205787d-139906009941824","trial_id":8,"param_name":"n_estimators","param_value_internal":69.0,"distribution":"{\"name\": \"IntDistribution\", \"attributes\": {\"log\": false, \"step\": 1, \"low\": 50, \"high\": 200}}"}
{"op_code":5,"worker_id":"82a39f9f-bd0d-4409-bd64-6ada9205787d-139906009941824","trial_id":8,"param_name":"min_samples_split","param_value_internal":13.0,"distribution":"{\"name\": \"IntDistribution\", \"attributes\": {\"log\": false, \"step\": 1, \"low\": 5, \"high\": 20}}"}
{"op_code":5,"worker_id":"82a39f9f-bd0d-4409-bd64-6ada9205787d-139906009941824","trial_id":8,"param_name":"min_samples_leaf","param_value_internal":15.0,"distribution":"{\"name\": \"IntDistribution\", \"attributes\": {\"log\": false, \"step\": 1, \"low\": 5, \"high\": 20}}"}
{"op_code":6,"worker_id":"82a39f9f-bd0d-4409-bd64-6ada9205787d-139906009941824","trial_id":8,"state":1,"values":[0.5609756097560976],"datetime_complete":"2026-04-06T04:45:49.760326"}
{"op_code":4,"worker_id":"82a39f9f-bd0d-4409-bd64-6ada9205787d-139906009941824","study_id":0,"datetime_start":"2026-04-06T04:45:49.769985"}
{"op_code":5,"worker_id":"82a39f9f-bd0d-4409-bd64-6ada9205787d-139906009941824","trial_id":9,"param_name":"n_estimators","param_value_internal":50.0,"distribution":"{\"name\": \"IntDistribution\", \"attributes\": {\"log\": false, \"step\": 1, \"low\": 50, \"high\": 200}}"}
{"op_code":5,"worker_id":"82a39f9f-bd0d-4409-bd64-6ada9205787d-139906009941824","trial_id":9,"param_name":"min_samples_split","param_value_internal":5.0,"distribution":"{\"name\": \"IntDistribution\", \"attributes\": {\"log\": false, \"step\": 1, \"low\": 5, \"high\": 20}}"}
{"op_code":5,"worker_id":"82a39f9f-bd0d-4409-bd64-6ada9205787d-139906009941824","trial_id":9,"param_name":"min_samples_leaf","param_value_internal":14.0,"distribution":"{\"name\": \"IntDistribution\", \"attributes\": {\"log\": false, \"step\": 1, \"low\": 5, \"high\": 20}}"}
{"op_code":6,"worker_id":"82a39f9f-bd0d-4409-bd64-6ada9205787d-139906009941824","trial_id":9,"state":1,"values":[0.5566202090592335],"datetime_complete":"2026-04-06T04:45:49.876320"}
{"op_code":4,"worker_id":"82a39f9f-bd0d-4409-bd64-6ada9205787d-139906009941824","study_id":0,"datetime_start":"2026-04-06T04:45:49.885990"}
{"op_code":5,"worker_id":"82a39f9f-bd0d-4409-bd64-6ada9205787d-139906009941824","trial_id":10,"param_name":"n_estimators","param_value_internal":146.0,"distribution":"{\"name\": \"IntDistribution\", \"attributes\": {\"log\": false, \"step\": 1, \"low\": 50, \"high\": 200}}"}
{"op_code":5,"worker_id":"82a39f9f-bd0d-4409-bd64-6ada9205787d-139906009941824","trial_id":10,"param_name":"min_samples_split","param_value_internal":20.0,"distribution":"{\"name\": \"IntDistribution\", \"attributes\": {\"log\": false, \"step\": 1, \"low\": 5, \"high\": 20}}"}
{"op_code":5,"worker_id":"82a39f9f-bd0d-4409-bd64-6ada9205787d-139906009941824","trial_id":10,"param_name":"min_samples_leaf","param_value_internal":20.0,"distribution":"{\"name\": \"IntDistribution\", \"attributes\": {\"log\": false, \"step\": 1, \"low\": 5, \"high\": 20}}"}
{"op_code":6,"worker_id":"82a39f9f-bd0d-4409-bd64-6ada9205787d-139906009941824","trial_id":10,"state":1,"values":[0.5657665505226481],"datetime_complete":"2026-04-06T04:45:50.075309"}
{"op_code":4,"worker_id":"82a39f9f-bd0d-4409-bd64-6ada9205787d-139906009941824","study_id":0,"datetime_start":"2026-04-06T04:45:50.087932"}
{"op_code":5,"worker_id":"82a39f9f-bd0d-4409-bd64-6ada9205787d-139906009941824","trial_id":11,"param_name":"n_estimators","param_value_internal":190.0,"distribution":"{\"name\": \"IntDistribution\", \"attributes\": {\"log\": false, \"step\": 1, \"low\": 50, \"high\": 200}}"}
{"op_code":5,"worker_id":"82a39f9f-bd0d-4409-bd64-6ada9205787d-139906009941824","trial_id":11,"param_name":"min_samples_split","param_value_internal":18.0,"distribution":"{\"name\": \"IntDistribution\", \"attributes\": {\"log\": false, \"step\": 1, \"low\": 5, \"high\": 20}}"}
{"op_code":5,"worker_id":"82a39f9f-bd0d-4409-bd64-6ada9205787d-139906009941824","trial_id":11,"param_name":"min_samples_leaf","param_value_internal":20.0,"distribution":"{\"name\": \"IntDistribution\", \"attributes\": {\"log\": false, \"step\": 1, \"low\": 5, \"high\": 20}}"}
{"op_code":6,"worker_id":"82a39f9f-bd0d-4409-bd64-6ada9205787d-139906009941824","trial_id":11,"state":1,"values":[0.5648954703832753],"datetime_complete":"2026-04-06T04:45:50.302546"}
{"op_code":4,"worker_id":"82a39f9f-bd0d-4409-bd64-6ada9205787d-139906009941824","study_id":0,"datetime_start":"2026-04-06T04:45:50.312432"}
{"op_code":5,"worker_id":"82a39f9f-bd0d-4409-bd64-6ada9205787d-139906009941824","trial_id":12,"param_name":"n_estimators","param_value_internal":193.0,"distribution":"{\"name\": \"IntDistribution\", \"attributes\": {\"log\": false, \"step\": 1, \"low\": 50, \"high\": 200}}"}
{"op_code":5,"worker_id":"82a39f9f-bd0d-4409-bd64-6ada9205787d-139906009941824","trial_id":12,"param_name":"min_samples_split","param_value_internal":9.0,"distribution":"{\"name\": \"IntDistribution\", \"attributes\": {\"log\": false, \"step\": 1, \"low\": 5, \"high\": 20}}"}
{"op_code":5,"worker_id":"82a39f9f-bd0d-4409-bd64-6ada9205787d-139906009941824","trial_id":12,"param_name":"min_samples_leaf","param_value_internal":18.0,"distribution":"{\"name\": \"IntDistribution\", \"attributes\": {\"log\": false, \"step\": 1, \"low\": 5, \"high\": 20}}"}
{"op_code":6,"worker_id":"82a39f9f-bd0d-4409-bd64-6ada9205787d-139906009941824","trial_id":12,"state":1,"values":[0.5622822299651568],"datetime_complete":"2026-04-06T04:45:50.537323"}
{"op_code":4,"worker_id":"82a39f9f-bd0d-4409-bd64-6ada9205787d-139906009941824","study_id":0,"datetime_start":"2026-04-06T04:45:50.548982"}
{"op_code":5,"worker_id":"82a39f9f-bd0d-4409-bd64-6ada9205787d-139906009941824","trial_id":13,"param_name":"n_estimators","param_value_internal":165.0,"distribution":"{\"name\": \"IntDistribution\", \"attributes\": {\"log\": false, \"step\": 1, \"low\": 50, \"high\": 200}}"}
{"op_code":5,"worker_id":"82a39f9f-bd0d-4409-bd64-6ada9205787d-139906009941824","trial_id":13,"param_name":"min_samples_split","param_value_internal":17.0,"distribution":"{\"name\": \"IntDistribution\", \"attributes\": {\"log\": false, \"step\": 1, \"low\": 5, \"high\": 20}}"}
{"op_code":5,"worker_id":"82a39f9f-bd0d-4409-bd64-6ada9205787d-139906009941824","trial_id":13,"param_name":"min_samples_leaf","param_value_internal":18.0,"distribution":"{\"name\": \"IntDistribution\", \"attributes\": {\"log\": false, \"step\": 1, \"low\": 5, \"high\": 20}}"}
{"op_code":6,"worker_id":"82a39f9f-bd0d-4409-bd64-6ada9205787d-139906009941824","trial_id":13,"state":1,"values":[0.561411149825784],"datetime_complete":"2026-04-06T04:45:50.750487"}
{"op_code":4,"worker_id":"82a39f9f-bd0d-4409-bd64-6ada9205787d-139906009941824","study_id":0,"datetime_start":"2026-04-06T04:45:50.764535"}
{"op_code":5,"worker_id":"82a39f9f-bd0d-4409-bd64-6ada9205787d-139906009941824","trial_id":14,"param_name":"n_estimators","param_value_internal":113.0,"distribution":"{\"name\": \"IntDistribution\", \"attributes\": {\"log\": false, \"step\": 1, \"low\": 50, \"high\": 200}}"}
{"op_code":5,"worker_id":"82a39f9f-bd0d-4409-bd64-6ada9205787d-139906009941824","trial_id":14,"param_name":"min_samples_split","param_value_internal":10.0,"distribution":"{\"name\": \"IntDistribution\", \"attributes\": {\"log\": false, \"step\": 1, \"low\": 5, \"high\": 20}}"}
{"op_code":5,"worker_id":"82a39f9f-bd0d-4409-bd64-6ada9205787d-139906009941824","trial_id":14,"param_name":"min_samples_leaf","param_value_internal":12.0,"distribution":"{\"name\": \"IntDistribution\", \"attributes\": {\"log\": false, \"step\": 1, \"low\": 5, \"high\": 20}}"}
{"op_code":6,"worker_id":"82a39f9f-bd0d-4409-bd64-6ada9205787d-139906009941824","trial_id":14,"state":1,"values":[0.5601045296167247],"datetime_complete":"2026-04-06T04:45:50.974182"}
{"op_code":4,"worker_id":"82a39f9f-bd0d-4409-bd64-6ada9205787d-139906009941824","study_id":0,"datetime_start":"2026-04-06T04:45:50.983898"}
{"op_code":5,"worker_id":"82a39f9f-bd0d-4409-bd64-6ada9205787d-139906009941824","trial_id":15,"param_name":"n_estimators","param_value_internal":173.0,"distribution":"{\"name\": \"IntDistribution\", \"attributes\": {\"log\": false, \"step\": 1, \"low\": 50, \"high\": 200}}"}
{"op_code":5,"worker_id":"82a39f9f-bd0d-4409-bd64-6ada9205787d-139906009941824","trial_id":15,"param_name":"min_samples_split","param_value_internal":17.0,"distribution":"{\"name\": \"IntDistribution\", \"attributes\": {\"log\": false, \"step\": 1, \"low\": 5, \"high\": 20}}"}
{"op_code":5,"worker_id":"82a39f9f-bd0d-4409-bd64-6ada9205787d-139906009941824","trial_id":15,"param_name":"min_samples_leaf","param_value_internal":17.0,"distribution":"{\"name\": \"IntDistribution\", \"attributes\": {\"log\": false, \"step\": 1, \"low\": 5, \"high\": 20}}"}
{"op_code":6,"worker_id":"82a39f9f-bd0d-4409-bd64-6ada9205787d-139906009941824","trial_id":15,"state":1,"values":[0.5675087108013938],"datetime_complete":"2026-04-06T04:45:51.198760"}
{"op_code":4,"worker_id":"82a39f9f-bd0d-4409-bd64-6ada9205787d-139906009941824","study_id":0,"datetime_start":"2026-04-06T04:45:51.208807"}
{"op_code":5,"worker_id":"82a39f9f-bd0d-4409-bd64-6ada9205787d-139906009941824","trial_id":16,"param_name":"n_estimators","param_value_internal":133.0,"distribution":"{\"name\": \"IntDistribution\", \"attributes\": {\"log\": false, \"step\": 1, \"low\": 50, \"high\": 200}}"}
{"op_code":5,"worker_id":"82a39f9f-bd0d-4409-bd64-6ada9205787d-139906009941824","trial_id":16,"param_name":"min_samples_split","param_value_internal":20.0,"distribution":"{\"name\": \"IntDistribution\", \"attributes\": {\"log\": false, \"step\": 1, \"low\": 5, \"high\": 20}}"}
{"op_code":5,"worker_id":"82a39f9f-bd0d-4409-bd64-6ada9205787d-139906009941824","trial_id":16,"param_name":"min_samples_leaf","param_value_internal":12.0,"distribution":"{\"name\": \"IntDistribution\", \"attributes\": {\"log\": false, \"step\": 1, \"low\": 5, \"high\": 20}}"}
{"op_code":6,"worker_id":"82a39f9f-bd0d-4409-bd64-6ada9205787d-139906009941824","trial_id":16,"state":1,"values":[0.5679442508710801],"datetime_complete":"2026-04-06T04:45:51.383271"}
{"op_code":4,"worker_id":"82a39f9f-bd0d-4409-bd64-6ada9205787d-139906009941824","study_id":0,"datetime_start":"2026-04-06T04:45:51.393212"}
{"op_code":5,"worker_id":"82a39f9f-bd0d-4409-bd64-6ada9205787d-139906009941824","trial_id":17,"param_name":"n_estimators","param_value_internal":159.0,"distribution":"{\"name\": \"IntDistribution\", \"attributes\": {\"log\": false, \"step\": 1, \"low\": 50, \"high\": 200}}"}
{"op_code":5,"worker_id":"82a39f9f-bd0d-4409-bd64-6ada9205787d-139906009941824","trial_id":17,"param_name":"min_samples_split","param_value_internal":11.0,"distribution":"{\"name\": \"IntDistribution\", \"attributes\": {\"log\": false, \"step\": 1, \"low\": 5, \"high\": 20}}"}
{"op_code":5,"worker_id":"82a39f9f-bd0d-4409-bd64-6ada9205787d-139906009941824","trial_id":17,"param_name":"min_samples_leaf","param_value_internal":20.0,"distribution":"{\"name\": \"IntDistribution\", \"attributes\": {\"log\": false, \"step\": 1, \"low\": 5, \"high\": 20}}"}
{"op_code":6,"worker_id":"82a39f9f-bd0d-4409-bd64-6ada9205787d-139906009941824","trial_id":17,"state":1,"values":[0.5648954703832753],"datetime_complete":"2026-04-06T04:45:51.596912"}
{"op_code":4,"worker_id":"82a39f9f-bd0d-4409-bd64-6ada9205787d-139906009941824","study_id":0,"datetime_start":"2026-04-06T04:45:51.608114"}
{"op_code":5,"worker_id":"82a39f9f-bd0d-4409-bd64-6ada9205787d-139906009941824","trial_id":18,"param_name":"n_estimators","param_value_internal":114.0,"distribution":"{\"name\": \"IntDistribution\", \"attributes\": {\"log\": false, \"step\": 1, \"low\": 50, \"high\": 200}}"}
{"op_code":5,"worker_id":"82a39f9f-bd0d-4409-bd64-6ada9205787d-139906009941824","trial_id":18,"param_name":"min_samples_split","param_value_internal":16.0,"distribution":"{\"name\": \"IntDistribution\", \"attributes\": {\"log\": false, \"step\": 1, \"low\": 5, \"high\": 20}}"}
{"op_code":5,"worker_id":"82a39f9f-bd0d-4409-bd64-6ada9205787d-139906009941824","trial_id":18,"param_name":"min_samples_leaf","param_value_internal":16.0,"distribution":"{\"name\": \"IntDistribution\", \"attributes\": {\"log\": false, \"step\": 1, \"low\": 5, \"high\": 20}}"}
{"op_code":6,"worker_id":"82a39f9f-bd0d-4409-bd64-6ada9205787d-139906009941824","trial_id":18,"state":1,"values":[0.5631533101045296],"datetime_complete":"2026-04-06T04:45:51.773327"}
{"op_code":4,"worker_id":"82a39f9f-bd0d-4409-bd64-6ada9205787d-139906009941824","study_id":0,"datetime_start":"2026-04-06T04:45:51.785168"}
{"op_code":5,"worker_id":"82a39f9f-bd0d-4409-bd64-6ada9205787d-139906009941824","trial_id":19,"param_name":"n_estimators","param_value_internal":182.0,"distribution":"{\"name\": \"IntDistribution\", \"attributes\": {\"log\": false, \"step\": 1, \"low\": 50, \"high\": 200}}"}
{"op_code":5,"worker_id":"82a39f9f-bd0d-4409-bd64-6ada9205787d-139906009941824","trial_id":19,"param_name":"min_samples_split","param_value_internal":18.0,"distribution":"{\"name\": \"IntDistribution\", \"attributes\": {\"log\": false, \"step\": 1, \"low\": 5, \"high\": 20}}"}
{"op_code":5,"worker_id":"82a39f9f-bd0d-4409-bd64-6ada9205787d-139906009941824","trial_id":19,"param_name":"min_samples_leaf","param_value_internal":18.0,"distribution":"{\"name\": \"IntDistribution\", \"attributes\": {\"log\": false, \"step\": 1, \"low\": 5, \"high\": 20}}"}
{"op_code":6,"worker_id":"82a39f9f-bd0d-4409-bd64-6ada9205787d-139906009941824","trial_id":19,"state":1,"values":[0.5640243902439024],"datetime_complete":"2026-04-06T04:45:51.995487"}
