{"op_code":0,"worker_id":"9477e958-5e90-4fa0-8970-320378babd20-140544486217536","study_name":"tabdpt_mtlr","directions":[2]}
{"op_code":4,"worker_id":"9477e958-5e90-4fa0-8970-320378babd20-140544486217536","study_id":0,"datetime_start":"2026-04-01T03:30:19.216228"}
{"op_code":5,"worker_id":"9477e958-5e90-4fa0-8970-320378babd20-140544486217536","trial_id":0,"param_name":"lr","param_value_internal":0.00014988534938168165,"distribution":"{\"name\": \"FloatDistribution\", \"attributes\": {\"step\": null, \"low\": 0.0001, \"high\": 0.1, \"log\": true}}"}
{"op_code":5,"worker_id":"9477e958-5e90-4fa0-8970-320378babd20-140544486217536","trial_id":0,"param_name":"dropout","param_value_internal":0.16855047710388987,"distribution":"{\"name\": \"FloatDistribution\", \"attributes\": {\"step\": null, \"low\": 0.0, \"high\": 0.5, \"log\": false}}"}
{"op_code":5,"worker_id":"9477e958-5e90-4fa0-8970-320378babd20-140544486217536","trial_id":0,"param_name":"nodes","param_value_internal":1,"distribution":"{\"name\": \"CategoricalDistribution\", \"attributes\": {\"choices\": [\"64-64\", \"128-64\", \"256-128\"]}}"}
{"op_code":6,"worker_id":"9477e958-5e90-4fa0-8970-320378babd20-140544486217536","trial_id":0,"state":1,"values":[0.7477477477477478],"datetime_complete":"2026-04-01T03:30:19.443915"}
{"op_code":4,"worker_id":"9477e958-5e90-4fa0-8970-320378babd20-140544486217536","study_id":0,"datetime_start":"2026-04-01T03:30:19.454647"}
{"op_code":5,"worker_id":"9477e958-5e90-4fa0-8970-320378babd20-140544486217536","trial_id":1,"param_name":"lr","param_value_internal":0.00036076282889686807,"distribution":"{\"name\": \"FloatDistribution\", \"attributes\": {\"step\": null, \"low\": 0.0001, \"high\": 0.1, \"log\": true}}"}
{"op_code":5,"worker_id":"9477e958-5e90-4fa0-8970-320378babd20-140544486217536","trial_id":1,"param_name":"dropout","param_value_internal":0.17196907916038107,"distribution":"{\"name\": \"FloatDistribution\", \"attributes\": {\"step\": null, \"low\": 0.0, \"high\": 0.5, \"log\": false}}"}
{"op_code":5,"worker_id":"9477e958-5e90-4fa0-8970-320378babd20-140544486217536","trial_id":1,"param_name":"nodes","param_value_internal":0,"distribution":"{\"name\": \"CategoricalDistribution\", \"attributes\": {\"choices\": [\"64-64\", \"128-64\", \"256-128\"]}}"}
{"op_code":6,"worker_id":"9477e958-5e90-4fa0-8970-320378babd20-140544486217536","trial_id":1,"state":1,"values":[0.6891891891891891],"datetime_complete":"2026-04-01T03:30:19.641845"}
{"op_code":4,"worker_id":"9477e958-5e90-4fa0-8970-320378babd20-140544486217536","study_id":0,"datetime_start":"2026-04-01T03:30:19.652252"}
{"op_code":5,"worker_id":"9477e958-5e90-4fa0-8970-320378babd20-140544486217536","trial_id":2,"param_name":"lr","param_value_internal":0.0014071408330437903,"distribution":"{\"name\": \"FloatDistribution\", \"attributes\": {\"step\": null, \"low\": 0.0001, \"high\": 0.1, \"log\": true}}"}
{"op_code":5,"worker_id":"9477e958-5e90-4fa0-8970-320378babd20-140544486217536","trial_id":2,"param_name":"dropout","param_value_internal":0.35478921990846496,"distribution":"{\"name\": \"FloatDistribution\", \"attributes\": {\"step\": null, \"low\": 0.0, \"high\": 0.5, \"log\": false}}"}
{"op_code":5,"worker_id":"9477e958-5e90-4fa0-8970-320378babd20-140544486217536","trial_id":2,"param_name":"nodes","param_value_internal":1,"distribution":"{\"name\": \"CategoricalDistribution\", \"attributes\": {\"choices\": [\"64-64\", \"128-64\", \"256-128\"]}}"}
{"op_code":6,"worker_id":"9477e958-5e90-4fa0-8970-320378babd20-140544486217536","trial_id":2,"state":1,"values":[0.7117117117117117],"datetime_complete":"2026-04-01T03:30:19.837311"}
{"op_code":4,"worker_id":"9477e958-5e90-4fa0-8970-320378babd20-140544486217536","study_id":0,"datetime_start":"2026-04-01T03:30:19.848144"}
{"op_code":5,"worker_id":"9477e958-5e90-4fa0-8970-320378babd20-140544486217536","trial_id":3,"param_name":"lr","param_value_internal":0.0007377355995758803,"distribution":"{\"name\": \"FloatDistribution\", \"attributes\": {\"step\": null, \"low\": 0.0001, \"high\": 0.1, \"log\": true}}"}
{"op_code":5,"worker_id":"9477e958-5e90-4fa0-8970-320378babd20-140544486217536","trial_id":3,"param_name":"dropout","param_value_internal":0.15237678946000688,"distribution":"{\"name\": \"FloatDistribution\", \"attributes\": {\"step\": null, \"low\": 0.0, \"high\": 0.5, \"log\": false}}"}
{"op_code":5,"worker_id":"9477e958-5e90-4fa0-8970-320378babd20-140544486217536","trial_id":3,"param_name":"nodes","param_value_internal":0,"distribution":"{\"name\": \"CategoricalDistribution\", \"attributes\": {\"choices\": [\"64-64\", \"128-64\", \"256-128\"]}}"}
{"op_code":6,"worker_id":"9477e958-5e90-4fa0-8970-320378babd20-140544486217536","trial_id":3,"state":1,"values":[0.7522522522522522],"datetime_complete":"2026-04-01T03:30:20.035310"}
{"op_code":4,"worker_id":"9477e958-5e90-4fa0-8970-320378babd20-140544486217536","study_id":0,"datetime_start":"2026-04-01T03:30:20.046069"}
{"op_code":5,"worker_id":"9477e958-5e90-4fa0-8970-320378babd20-140544486217536","trial_id":4,"param_name":"lr","param_value_internal":0.0031328980224070643,"distribution":"{\"name\": \"FloatDistribution\", \"attributes\": {\"step\": null, \"low\": 0.0001, \"high\": 0.1, \"log\": true}}"}
{"op_code":5,"worker_id":"9477e958-5e90-4fa0-8970-320378babd20-140544486217536","trial_id":4,"param_name":"dropout","param_value_internal":0.030053134173368967,"distribution":"{\"name\": \"FloatDistribution\", \"attributes\": {\"step\": null, \"low\": 0.0, \"high\": 0.5, \"log\": false}}"}
{"op_code":5,"worker_id":"9477e958-5e90-4fa0-8970-320378babd20-140544486217536","trial_id":4,"param_name":"nodes","param_value_internal":0,"distribution":"{\"name\": \"CategoricalDistribution\", \"attributes\": {\"choices\": [\"64-64\", \"128-64\", \"256-128\"]}}"}
{"op_code":6,"worker_id":"9477e958-5e90-4fa0-8970-320378babd20-140544486217536","trial_id":4,"state":1,"values":[0.6846846846846847],"datetime_complete":"2026-04-01T03:30:20.233642"}
{"op_code":4,"worker_id":"9477e958-5e90-4fa0-8970-320378babd20-140544486217536","study_id":0,"datetime_start":"2026-04-01T03:30:20.246412"}
{"op_code":5,"worker_id":"9477e958-5e90-4fa0-8970-320378babd20-140544486217536","trial_id":5,"param_name":"lr","param_value_internal":0.0005593398770489961,"distribution":"{\"name\": \"FloatDistribution\", \"attributes\": {\"step\": null, \"low\": 0.0001, \"high\": 0.1, \"log\": true}}"}
{"op_code":5,"worker_id":"9477e958-5e90-4fa0-8970-320378babd20-140544486217536","trial_id":5,"param_name":"dropout","param_value_internal":0.38227396577553147,"distribution":"{\"name\": \"FloatDistribution\", \"attributes\": {\"step\": null, \"low\": 0.0, \"high\": 0.5, \"log\": false}}"}
{"op_code":5,"worker_id":"9477e958-5e90-4fa0-8970-320378babd20-140544486217536","trial_id":5,"param_name":"nodes","param_value_internal":1,"distribution":"{\"name\": \"CategoricalDistribution\", \"attributes\": {\"choices\": [\"64-64\", \"128-64\", \"256-128\"]}}"}
{"op_code":6,"worker_id":"9477e958-5e90-4fa0-8970-320378babd20-140544486217536","trial_id":5,"state":1,"values":[0.7342342342342343],"datetime_complete":"2026-04-01T03:30:20.435136"}
{"op_code":4,"worker_id":"9477e958-5e90-4fa0-8970-320378babd20-140544486217536","study_id":0,"datetime_start":"2026-04-01T03:30:20.446778"}
{"op_code":5,"worker_id":"9477e958-5e90-4fa0-8970-320378babd20-140544486217536","trial_id":6,"param_name":"lr","param_value_internal":0.0009098047561590627,"distribution":"{\"name\": \"FloatDistribution\", \"attributes\": {\"step\": null, \"low\": 0.0001, \"high\": 0.1, \"log\": true}}"}
{"op_code":5,"worker_id":"9477e958-5e90-4fa0-8970-320378babd20-140544486217536","trial_id":6,"param_name":"dropout","param_value_internal":0.3302681927861184,"distribution":"{\"name\": \"FloatDistribution\", \"attributes\": {\"step\": null, \"low\": 0.0, \"high\": 0.5, \"log\": false}}"}
{"op_code":5,"worker_id":"9477e958-5e90-4fa0-8970-320378babd20-140544486217536","trial_id":6,"param_name":"nodes","param_value_internal":1,"distribution":"{\"name\": \"CategoricalDistribution\", \"attributes\": {\"choices\": [\"64-64\", \"128-64\", \"256-128\"]}}"}
{"op_code":6,"worker_id":"9477e958-5e90-4fa0-8970-320378babd20-140544486217536","trial_id":6,"state":1,"values":[0.7387387387387387],"datetime_complete":"2026-04-01T03:30:20.641245"}
{"op_code":4,"worker_id":"9477e958-5e90-4fa0-8970-320378babd20-140544486217536","study_id":0,"datetime_start":"2026-04-01T03:30:20.656120"}
{"op_code":5,"worker_id":"9477e958-5e90-4fa0-8970-320378babd20-140544486217536","trial_id":7,"param_name":"lr","param_value_internal":0.06638585322177741,"distribution":"{\"name\": \"FloatDistribution\", \"attributes\": {\"step\": null, \"low\": 0.0001, \"high\": 0.1, \"log\": true}}"}
{"op_code":5,"worker_id":"9477e958-5e90-4fa0-8970-320378babd20-140544486217536","trial_id":7,"param_name":"dropout","param_value_internal":0.243366676421783,"distribution":"{\"name\": \"FloatDistribution\", \"attributes\": {\"step\": null, \"low\": 0.0, \"high\": 0.5, \"log\": false}}"}
{"op_code":5,"worker_id":"9477e958-5e90-4fa0-8970-320378babd20-140544486217536","trial_id":7,"param_name":"nodes","param_value_internal":0,"distribution":"{\"name\": \"CategoricalDistribution\", \"attributes\": {\"choices\": [\"64-64\", \"128-64\", \"256-128\"]}}"}
{"op_code":6,"worker_id":"9477e958-5e90-4fa0-8970-320378babd20-140544486217536","trial_id":7,"state":1,"values":[0.6666666666666666],"datetime_complete":"2026-04-01T03:30:20.853047"}
{"op_code":4,"worker_id":"9477e958-5e90-4fa0-8970-320378babd20-140544486217536","study_id":0,"datetime_start":"2026-04-01T03:30:20.867458"}
{"op_code":5,"worker_id":"9477e958-5e90-4fa0-8970-320378babd20-140544486217536","trial_id":8,"param_name":"lr","param_value_internal":0.03173585186740493,"distribution":"{\"name\": \"FloatDistribution\", \"attributes\": {\"step\": null, \"low\": 0.0001, \"high\": 0.1, \"log\": true}}"}
{"op_code":5,"worker_id":"9477e958-5e90-4fa0-8970-320378babd20-140544486217536","trial_id":8,"param_name":"dropout","param_value_internal":0.1714450723123886,"distribution":"{\"name\": \"FloatDistribution\", \"attributes\": {\"step\": null, \"low\": 0.0, \"high\": 0.5, \"log\": false}}"}
{"op_code":5,"worker_id":"9477e958-5e90-4fa0-8970-320378babd20-140544486217536","trial_id":8,"param_name":"nodes","param_value_internal":1,"distribution":"{\"name\": \"CategoricalDistribution\", \"attributes\": {\"choices\": [\"64-64\", \"128-64\", \"256-128\"]}}"}
{"op_code":6,"worker_id":"9477e958-5e90-4fa0-8970-320378babd20-140544486217536","trial_id":8,"state":1,"values":[0.6126126126126126],"datetime_complete":"2026-04-01T03:30:21.067219"}
{"op_code":4,"worker_id":"9477e958-5e90-4fa0-8970-320378babd20-140544486217536","study_id":0,"datetime_start":"2026-04-01T03:30:21.083131"}
{"op_code":5,"worker_id":"9477e958-5e90-4fa0-8970-320378babd20-140544486217536","trial_id":9,"param_name":"lr","param_value_internal":0.008262935658193908,"distribution":"{\"name\": \"FloatDistribution\", \"attributes\": {\"step\": null, \"low\": 0.0001, \"high\": 0.1, \"log\": true}}"}
{"op_code":5,"worker_id":"9477e958-5e90-4fa0-8970-320378babd20-140544486217536","trial_id":9,"param_name":"dropout","param_value_internal":0.3103199933040834,"distribution":"{\"name\": \"FloatDistribution\", \"attributes\": {\"step\": null, \"low\": 0.0, \"high\": 0.5, \"log\": false}}"}
{"op_code":5,"worker_id":"9477e958-5e90-4fa0-8970-320378babd20-140544486217536","trial_id":9,"param_name":"nodes","param_value_internal":0,"distribution":"{\"name\": \"CategoricalDistribution\", \"attributes\": {\"choices\": [\"64-64\", \"128-64\", \"256-128\"]}}"}
{"op_code":6,"worker_id":"9477e958-5e90-4fa0-8970-320378babd20-140544486217536","trial_id":9,"state":1,"values":[0.6666666666666666],"datetime_complete":"2026-04-01T03:30:21.292387"}
{"op_code":4,"worker_id":"9477e958-5e90-4fa0-8970-320378babd20-140544486217536","study_id":0,"datetime_start":"2026-04-01T03:30:21.307543"}
{"op_code":5,"worker_id":"9477e958-5e90-4fa0-8970-320378babd20-140544486217536","trial_id":10,"param_name":"lr","param_value_internal":0.009452622344647147,"distribution":"{\"name\": \"FloatDistribution\", \"attributes\": {\"step\": null, \"low\": 0.0001, \"high\": 0.1, \"log\": true}}"}
{"op_code":5,"worker_id":"9477e958-5e90-4fa0-8970-320378babd20-140544486217536","trial_id":10,"param_name":"dropout","param_value_internal":0.005940955528874248,"distribution":"{\"name\": \"FloatDistribution\", \"attributes\": {\"step\": null, \"low\": 0.0, \"high\": 0.5, \"log\": false}}"}
{"op_code":5,"worker_id":"9477e958-5e90-4fa0-8970-320378babd20-140544486217536","trial_id":10,"param_name":"nodes","param_value_internal":2,"distribution":"{\"name\": \"CategoricalDistribution\", \"attributes\": {\"choices\": [\"64-64\", \"128-64\", \"256-128\"]}}"}
{"op_code":6,"worker_id":"9477e958-5e90-4fa0-8970-320378babd20-140544486217536","trial_id":10,"state":1,"values":[0.6306306306306306],"datetime_complete":"2026-04-01T03:30:21.518865"}
{"op_code":4,"worker_id":"9477e958-5e90-4fa0-8970-320378babd20-140544486217536","study_id":0,"datetime_start":"2026-04-01T03:30:21.536304"}
{"op_code":5,"worker_id":"9477e958-5e90-4fa0-8970-320378babd20-140544486217536","trial_id":11,"param_name":"lr","param_value_internal":0.0001430546061689651,"distribution":"{\"name\": \"FloatDistribution\", \"attributes\": {\"step\": null, \"low\": 0.0001, \"high\": 0.1, \"log\": true}}"}
{"op_code":5,"worker_id":"9477e958-5e90-4fa0-8970-320378babd20-140544486217536","trial_id":11,"param_name":"dropout","param_value_internal":0.11210030526330428,"distribution":"{\"name\": \"FloatDistribution\", \"attributes\": {\"step\": null, \"low\": 0.0, \"high\": 0.5, \"log\": false}}"}
{"op_code":5,"worker_id":"9477e958-5e90-4fa0-8970-320378babd20-140544486217536","trial_id":11,"param_name":"nodes","param_value_internal":2,"distribution":"{\"name\": \"CategoricalDistribution\", \"attributes\": {\"choices\": [\"64-64\", \"128-64\", \"256-128\"]}}"}
{"op_code":6,"worker_id":"9477e958-5e90-4fa0-8970-320378babd20-140544486217536","trial_id":11,"state":1,"values":[0.7522522522522522],"datetime_complete":"2026-04-01T03:30:21.749793"}
{"op_code":4,"worker_id":"9477e958-5e90-4fa0-8970-320378babd20-140544486217536","study_id":0,"datetime_start":"2026-04-01T03:30:21.767114"}
{"op_code":5,"worker_id":"9477e958-5e90-4fa0-8970-320378babd20-140544486217536","trial_id":12,"param_name":"lr","param_value_internal":0.0001234024608483761,"distribution":"{\"name\": \"FloatDistribution\", \"attributes\": {\"step\": null, \"low\": 0.0001, \"high\": 0.1, \"log\": true}}"}
{"op_code":5,"worker_id":"9477e958-5e90-4fa0-8970-320378babd20-140544486217536","trial_id":12,"param_name":"dropout","param_value_internal":0.08546308636721478,"distribution":"{\"name\": \"FloatDistribution\", \"attributes\": {\"step\": null, \"low\": 0.0, \"high\": 0.5, \"log\": false}}"}
{"op_code":5,"worker_id":"9477e958-5e90-4fa0-8970-320378babd20-140544486217536","trial_id":12,"param_name":"nodes","param_value_internal":2,"distribution":"{\"name\": \"CategoricalDistribution\", \"attributes\": {\"choices\": [\"64-64\", \"128-64\", \"256-128\"]}}"}
{"op_code":6,"worker_id":"9477e958-5e90-4fa0-8970-320378babd20-140544486217536","trial_id":12,"state":1,"values":[0.6711711711711712],"datetime_complete":"2026-04-01T03:30:21.986610"}
{"op_code":4,"worker_id":"9477e958-5e90-4fa0-8970-320378babd20-140544486217536","study_id":0,"datetime_start":"2026-04-01T03:30:22.004762"}
{"op_code":5,"worker_id":"9477e958-5e90-4fa0-8970-320378babd20-140544486217536","trial_id":13,"param_name":"lr","param_value_internal":0.00031357892849032283,"distribution":"{\"name\": \"FloatDistribution\", \"attributes\": {\"step\": null, \"low\": 0.0001, \"high\": 0.1, \"log\": true}}"}
{"op_code":5,"worker_id":"9477e958-5e90-4fa0-8970-320378babd20-140544486217536","trial_id":13,"param_name":"dropout","param_value_internal":0.4807758173349008,"distribution":"{\"name\": \"FloatDistribution\", \"attributes\": {\"step\": null, \"low\": 0.0, \"high\": 0.5, \"log\": false}}"}
{"op_code":5,"worker_id":"9477e958-5e90-4fa0-8970-320378babd20-140544486217536","trial_id":13,"param_name":"nodes","param_value_internal":2,"distribution":"{\"name\": \"CategoricalDistribution\", \"attributes\": {\"choices\": [\"64-64\", \"128-64\", \"256-128\"]}}"}
{"op_code":6,"worker_id":"9477e958-5e90-4fa0-8970-320378babd20-140544486217536","trial_id":13,"state":1,"values":[0.7162162162162162],"datetime_complete":"2026-04-01T03:30:22.224211"}
{"op_code":4,"worker_id":"9477e958-5e90-4fa0-8970-320378babd20-140544486217536","study_id":0,"datetime_start":"2026-04-01T03:30:22.244014"}
{"op_code":5,"worker_id":"9477e958-5e90-4fa0-8970-320378babd20-140544486217536","trial_id":14,"param_name":"lr","param_value_internal":0.0020755144626099205,"distribution":"{\"name\": \"FloatDistribution\", \"attributes\": {\"step\": null, \"low\": 0.0001, \"high\": 0.1, \"log\": true}}"}
{"op_code":5,"worker_id":"9477e958-5e90-4fa0-8970-320378babd20-140544486217536","trial_id":14,"param_name":"dropout","param_value_internal":0.10569210288806428,"distribution":"{\"name\": \"FloatDistribution\", \"attributes\": {\"step\": null, \"low\": 0.0, \"high\": 0.5, \"log\": false}}"}
{"op_code":5,"worker_id":"9477e958-5e90-4fa0-8970-320378babd20-140544486217536","trial_id":14,"param_name":"nodes","param_value_internal":2,"distribution":"{\"name\": \"CategoricalDistribution\", \"attributes\": {\"choices\": [\"64-64\", \"128-64\", \"256-128\"]}}"}
{"op_code":6,"worker_id":"9477e958-5e90-4fa0-8970-320378babd20-140544486217536","trial_id":14,"state":1,"values":[0.6711711711711712],"datetime_complete":"2026-04-01T03:30:22.481993"}
{"op_code":4,"worker_id":"9477e958-5e90-4fa0-8970-320378babd20-140544486217536","study_id":0,"datetime_start":"2026-04-01T03:30:22.504045"}
{"op_code":5,"worker_id":"9477e958-5e90-4fa0-8970-320378babd20-140544486217536","trial_id":15,"param_name":"lr","param_value_internal":0.00020579556597123276,"distribution":"{\"name\": \"FloatDistribution\", \"attributes\": {\"step\": null, \"low\": 0.0001, \"high\": 0.1, \"log\": true}}"}
{"op_code":5,"worker_id":"9477e958-5e90-4fa0-8970-320378babd20-140544486217536","trial_id":15,"param_name":"dropout","param_value_internal":0.2215296888060261,"distribution":"{\"name\": \"FloatDistribution\", \"attributes\": {\"step\": null, \"low\": 0.0, \"high\": 0.5, \"log\": false}}"}
{"op_code":5,"worker_id":"9477e958-5e90-4fa0-8970-320378babd20-140544486217536","trial_id":15,"param_name":"nodes","param_value_internal":0,"distribution":"{\"name\": \"CategoricalDistribution\", \"attributes\": {\"choices\": [\"64-64\", \"128-64\", \"256-128\"]}}"}
{"op_code":6,"worker_id":"9477e958-5e90-4fa0-8970-320378babd20-140544486217536","trial_id":15,"state":1,"values":[0.6351351351351351],"datetime_complete":"2026-04-01T03:30:22.734328"}
{"op_code":4,"worker_id":"9477e958-5e90-4fa0-8970-320378babd20-140544486217536","study_id":0,"datetime_start":"2026-04-01T03:30:22.753585"}
{"op_code":5,"worker_id":"9477e958-5e90-4fa0-8970-320378babd20-140544486217536","trial_id":16,"param_name":"lr","param_value_internal":0.0006787818457734772,"distribution":"{\"name\": \"FloatDistribution\", \"attributes\": {\"step\": null, \"low\": 0.0001, \"high\": 0.1, \"log\": true}}"}
{"op_code":5,"worker_id":"9477e958-5e90-4fa0-8970-320378babd20-140544486217536","trial_id":16,"param_name":"dropout","param_value_internal":0.08898340827355924,"distribution":"{\"name\": \"FloatDistribution\", \"attributes\": {\"step\": null, \"low\": 0.0, \"high\": 0.5, \"log\": false}}"}
{"op_code":5,"worker_id":"9477e958-5e90-4fa0-8970-320378babd20-140544486217536","trial_id":16,"param_name":"nodes","param_value_internal":2,"distribution":"{\"name\": \"CategoricalDistribution\", \"attributes\": {\"choices\": [\"64-64\", \"128-64\", \"256-128\"]}}"}
{"op_code":6,"worker_id":"9477e958-5e90-4fa0-8970-320378babd20-140544486217536","trial_id":16,"state":1,"values":[0.6756756756756757],"datetime_complete":"2026-04-01T03:30:22.978201"}
{"op_code":4,"worker_id":"9477e958-5e90-4fa0-8970-320378babd20-140544486217536","study_id":0,"datetime_start":"2026-04-01T03:30:22.995538"}
{"op_code":5,"worker_id":"9477e958-5e90-4fa0-8970-320378babd20-140544486217536","trial_id":17,"param_name":"lr","param_value_internal":0.00010636480230011515,"distribution":"{\"name\": \"FloatDistribution\", \"attributes\": {\"step\": null, \"low\": 0.0001, \"high\": 0.1, \"log\": true}}"}
{"op_code":5,"worker_id":"9477e958-5e90-4fa0-8970-320378babd20-140544486217536","trial_id":17,"param_name":"dropout","param_value_internal":0.13146954278913442,"distribution":"{\"name\": \"FloatDistribution\", \"attributes\": {\"step\": null, \"low\": 0.0, \"high\": 0.5, \"log\": false}}"}
{"op_code":5,"worker_id":"9477e958-5e90-4fa0-8970-320378babd20-140544486217536","trial_id":17,"param_name":"nodes","param_value_internal":2,"distribution":"{\"name\": \"CategoricalDistribution\", \"attributes\": {\"choices\": [\"64-64\", \"128-64\", \"256-128\"]}}"}
{"op_code":6,"worker_id":"9477e958-5e90-4fa0-8970-320378babd20-140544486217536","trial_id":17,"state":1,"values":[0.7027027027027027],"datetime_complete":"2026-04-01T03:30:23.184602"}
{"op_code":4,"worker_id":"9477e958-5e90-4fa0-8970-320378babd20-140544486217536","study_id":0,"datetime_start":"2026-04-01T03:30:23.194858"}
{"op_code":5,"worker_id":"9477e958-5e90-4fa0-8970-320378babd20-140544486217536","trial_id":18,"param_name":"lr","param_value_internal":0.005332099879572242,"distribution":"{\"name\": \"FloatDistribution\", \"attributes\": {\"step\": null, \"low\": 0.0001, \"high\": 0.1, \"log\": true}}"}
{"op_code":5,"worker_id":"9477e958-5e90-4fa0-8970-320378babd20-140544486217536","trial_id":18,"param_name":"dropout","param_value_internal":0.04321711364550966,"distribution":"{\"name\": \"FloatDistribution\", \"attributes\": {\"step\": null, \"low\": 0.0, \"high\": 0.5, \"log\": false}}"}
{"op_code":5,"worker_id":"9477e958-5e90-4fa0-8970-320378babd20-140544486217536","trial_id":18,"param_name":"nodes","param_value_internal":0,"distribution":"{\"name\": \"CategoricalDistribution\", \"attributes\": {\"choices\": [\"64-64\", \"128-64\", \"256-128\"]}}"}
{"op_code":6,"worker_id":"9477e958-5e90-4fa0-8970-320378babd20-140544486217536","trial_id":18,"state":1,"values":[0.6846846846846847],"datetime_complete":"2026-04-01T03:30:23.382933"}
{"op_code":4,"worker_id":"9477e958-5e90-4fa0-8970-320378babd20-140544486217536","study_id":0,"datetime_start":"2026-04-01T03:30:23.394451"}
{"op_code":5,"worker_id":"9477e958-5e90-4fa0-8970-320378babd20-140544486217536","trial_id":19,"param_name":"lr","param_value_internal":0.0003240871907282302,"distribution":"{\"name\": \"FloatDistribution\", \"attributes\": {\"step\": null, \"low\": 0.0001, \"high\": 0.1, \"log\": true}}"}
{"op_code":5,"worker_id":"9477e958-5e90-4fa0-8970-320378babd20-140544486217536","trial_id":19,"param_name":"dropout","param_value_internal":0.267026226006857,"distribution":"{\"name\": \"FloatDistribution\", \"attributes\": {\"step\": null, \"low\": 0.0, \"high\": 0.5, \"log\": false}}"}
{"op_code":5,"worker_id":"9477e958-5e90-4fa0-8970-320378babd20-140544486217536","trial_id":19,"param_name":"nodes","param_value_internal":2,"distribution":"{\"name\": \"CategoricalDistribution\", \"attributes\": {\"choices\": [\"64-64\", \"128-64\", \"256-128\"]}}"}
{"op_code":6,"worker_id":"9477e958-5e90-4fa0-8970-320378babd20-140544486217536","trial_id":19,"state":1,"values":[0.6801801801801802],"datetime_complete":"2026-04-01T03:30:23.583840"}
