{"op_code":0,"worker_id":"57c7fc9c-a46d-4503-bcc2-1efa2f00da13-140218449991488","study_name":"tabpfn_deephit","directions":[2]}
{"op_code":4,"worker_id":"57c7fc9c-a46d-4503-bcc2-1efa2f00da13-140218449991488","study_id":0,"datetime_start":"2026-03-31T11:38:15.808186"}
{"op_code":5,"worker_id":"57c7fc9c-a46d-4503-bcc2-1efa2f00da13-140218449991488","trial_id":0,"param_name":"lr","param_value_internal":0.00029240162731116446,"distribution":"{\"name\": \"FloatDistribution\", \"attributes\": {\"step\": null, \"low\": 0.0001, \"high\": 0.1, \"log\": true}}"}
{"op_code":5,"worker_id":"57c7fc9c-a46d-4503-bcc2-1efa2f00da13-140218449991488","trial_id":0,"param_name":"dropout","param_value_internal":0.058675782611783966,"distribution":"{\"name\": \"FloatDistribution\", \"attributes\": {\"step\": null, \"low\": 0.0, \"high\": 0.5, \"log\": false}}"}
{"op_code":5,"worker_id":"57c7fc9c-a46d-4503-bcc2-1efa2f00da13-140218449991488","trial_id":0,"param_name":"nodes","param_value_internal":0,"distribution":"{\"name\": \"CategoricalDistribution\", \"attributes\": {\"choices\": [\"64-64\", \"128-64\", \"256-128\"]}}"}
{"op_code":6,"worker_id":"57c7fc9c-a46d-4503-bcc2-1efa2f00da13-140218449991488","trial_id":0,"state":1,"values":[0.7890450602260681],"datetime_complete":"2026-03-31T11:38:23.424407"}
{"op_code":4,"worker_id":"57c7fc9c-a46d-4503-bcc2-1efa2f00da13-140218449991488","study_id":0,"datetime_start":"2026-03-31T11:38:23.438270"}
{"op_code":5,"worker_id":"57c7fc9c-a46d-4503-bcc2-1efa2f00da13-140218449991488","trial_id":1,"param_name":"lr","param_value_internal":0.03794103738990119,"distribution":"{\"name\": \"FloatDistribution\", \"attributes\": {\"step\": null, \"low\": 0.0001, \"high\": 0.1, \"log\": true}}"}
{"op_code":5,"worker_id":"57c7fc9c-a46d-4503-bcc2-1efa2f00da13-140218449991488","trial_id":1,"param_name":"dropout","param_value_internal":0.41725065141801215,"distribution":"{\"name\": \"FloatDistribution\", \"attributes\": {\"step\": null, \"low\": 0.0, \"high\": 0.5, \"log\": false}}"}
{"op_code":5,"worker_id":"57c7fc9c-a46d-4503-bcc2-1efa2f00da13-140218449991488","trial_id":1,"param_name":"nodes","param_value_internal":0,"distribution":"{\"name\": \"CategoricalDistribution\", \"attributes\": {\"choices\": [\"64-64\", \"128-64\", \"256-128\"]}}"}
{"op_code":6,"worker_id":"57c7fc9c-a46d-4503-bcc2-1efa2f00da13-140218449991488","trial_id":1,"state":1,"values":[0.7991315815381516],"datetime_complete":"2026-03-31T11:38:31.155094"}
{"op_code":4,"worker_id":"57c7fc9c-a46d-4503-bcc2-1efa2f00da13-140218449991488","study_id":0,"datetime_start":"2026-03-31T11:38:31.172999"}
{"op_code":5,"worker_id":"57c7fc9c-a46d-4503-bcc2-1efa2f00da13-140218449991488","trial_id":2,"param_name":"lr","param_value_internal":0.09997915467092007,"distribution":"{\"name\": \"FloatDistribution\", \"attributes\": {\"step\": null, \"low\": 0.0001, \"high\": 0.1, \"log\": true}}"}
{"op_code":5,"worker_id":"57c7fc9c-a46d-4503-bcc2-1efa2f00da13-140218449991488","trial_id":2,"param_name":"dropout","param_value_internal":0.48863798561390936,"distribution":"{\"name\": \"FloatDistribution\", \"attributes\": {\"step\": null, \"low\": 0.0, \"high\": 0.5, \"log\": false}}"}
{"op_code":5,"worker_id":"57c7fc9c-a46d-4503-bcc2-1efa2f00da13-140218449991488","trial_id":2,"param_name":"nodes","param_value_internal":2,"distribution":"{\"name\": \"CategoricalDistribution\", \"attributes\": {\"choices\": [\"64-64\", \"128-64\", \"256-128\"]}}"}
{"op_code":6,"worker_id":"57c7fc9c-a46d-4503-bcc2-1efa2f00da13-140218449991488","trial_id":2,"state":1,"values":[0.4709012274166554],"datetime_complete":"2026-03-31T11:38:38.861506"}
{"op_code":4,"worker_id":"57c7fc9c-a46d-4503-bcc2-1efa2f00da13-140218449991488","study_id":0,"datetime_start":"2026-03-31T11:38:38.888783"}
{"op_code":5,"worker_id":"57c7fc9c-a46d-4503-bcc2-1efa2f00da13-140218449991488","trial_id":3,"param_name":"lr","param_value_internal":0.026555063661230192,"distribution":"{\"name\": \"FloatDistribution\", \"attributes\": {\"step\": null, \"low\": 0.0001, \"high\": 0.1, \"log\": true}}"}
{"op_code":5,"worker_id":"57c7fc9c-a46d-4503-bcc2-1efa2f00da13-140218449991488","trial_id":3,"param_name":"dropout","param_value_internal":0.40852383166735473,"distribution":"{\"name\": \"FloatDistribution\", \"attributes\": {\"step\": null, \"low\": 0.0, \"high\": 0.5, \"log\": false}}"}
{"op_code":5,"worker_id":"57c7fc9c-a46d-4503-bcc2-1efa2f00da13-140218449991488","trial_id":3,"param_name":"nodes","param_value_internal":2,"distribution":"{\"name\": \"CategoricalDistribution\", \"attributes\": {\"choices\": [\"64-64\", \"128-64\", \"256-128\"]}}"}
{"op_code":6,"worker_id":"57c7fc9c-a46d-4503-bcc2-1efa2f00da13-140218449991488","trial_id":3,"state":1,"values":[0.797460225152311],"datetime_complete":"2026-03-31T11:38:46.426331"}
{"op_code":4,"worker_id":"57c7fc9c-a46d-4503-bcc2-1efa2f00da13-140218449991488","study_id":0,"datetime_start":"2026-03-31T11:38:46.439624"}
{"op_code":5,"worker_id":"57c7fc9c-a46d-4503-bcc2-1efa2f00da13-140218449991488","trial_id":4,"param_name":"lr","param_value_internal":0.02596446811037054,"distribution":"{\"name\": \"FloatDistribution\", \"attributes\": {\"step\": null, \"low\": 0.0001, \"high\": 0.1, \"log\": true}}"}
{"op_code":5,"worker_id":"57c7fc9c-a46d-4503-bcc2-1efa2f00da13-140218449991488","trial_id":4,"param_name":"dropout","param_value_internal":0.269418881746168,"distribution":"{\"name\": \"FloatDistribution\", \"attributes\": {\"step\": null, \"low\": 0.0, \"high\": 0.5, \"log\": false}}"}
{"op_code":5,"worker_id":"57c7fc9c-a46d-4503-bcc2-1efa2f00da13-140218449991488","trial_id":4,"param_name":"nodes","param_value_internal":0,"distribution":"{\"name\": \"CategoricalDistribution\", \"attributes\": {\"choices\": [\"64-64\", \"128-64\", \"256-128\"]}}"}
{"op_code":6,"worker_id":"57c7fc9c-a46d-4503-bcc2-1efa2f00da13-140218449991488","trial_id":4,"state":1,"values":[0.7988671409045014],"datetime_complete":"2026-03-31T11:38:53.937247"}
{"op_code":4,"worker_id":"57c7fc9c-a46d-4503-bcc2-1efa2f00da13-140218449991488","study_id":0,"datetime_start":"2026-03-31T11:38:53.949075"}
{"op_code":5,"worker_id":"57c7fc9c-a46d-4503-bcc2-1efa2f00da13-140218449991488","trial_id":5,"param_name":"lr","param_value_internal":0.0017516140779333964,"distribution":"{\"name\": \"FloatDistribution\", \"attributes\": {\"step\": null, \"low\": 0.0001, \"high\": 0.1, \"log\": true}}"}
{"op_code":5,"worker_id":"57c7fc9c-a46d-4503-bcc2-1efa2f00da13-140218449991488","trial_id":5,"param_name":"dropout","param_value_internal":0.2096508532209888,"distribution":"{\"name\": \"FloatDistribution\", \"attributes\": {\"step\": null, \"low\": 0.0, \"high\": 0.5, \"log\": false}}"}
{"op_code":5,"worker_id":"57c7fc9c-a46d-4503-bcc2-1efa2f00da13-140218449991488","trial_id":5,"param_name":"nodes","param_value_internal":0,"distribution":"{\"name\": \"CategoricalDistribution\", \"attributes\": {\"choices\": [\"64-64\", \"128-64\", \"256-128\"]}}"}
{"op_code":6,"worker_id":"57c7fc9c-a46d-4503-bcc2-1efa2f00da13-140218449991488","trial_id":5,"state":1,"values":[0.7952519741466352],"datetime_complete":"2026-03-31T11:39:01.454675"}
{"op_code":4,"worker_id":"57c7fc9c-a46d-4503-bcc2-1efa2f00da13-140218449991488","study_id":0,"datetime_start":"2026-03-31T11:39:01.470412"}
{"op_code":5,"worker_id":"57c7fc9c-a46d-4503-bcc2-1efa2f00da13-140218449991488","trial_id":6,"param_name":"lr","param_value_internal":0.0135138487883705,"distribution":"{\"name\": \"FloatDistribution\", \"attributes\": {\"step\": null, \"low\": 0.0001, \"high\": 0.1, \"log\": true}}"}
{"op_code":5,"worker_id":"57c7fc9c-a46d-4503-bcc2-1efa2f00da13-140218449991488","trial_id":6,"param_name":"dropout","param_value_internal":0.4322093058065568,"distribution":"{\"name\": \"FloatDistribution\", \"attributes\": {\"step\": null, \"low\": 0.0, \"high\": 0.5, \"log\": false}}"}
{"op_code":5,"worker_id":"57c7fc9c-a46d-4503-bcc2-1efa2f00da13-140218449991488","trial_id":6,"param_name":"nodes","param_value_internal":1,"distribution":"{\"name\": \"CategoricalDistribution\", \"attributes\": {\"choices\": [\"64-64\", \"128-64\", \"256-128\"]}}"}
{"op_code":6,"worker_id":"57c7fc9c-a46d-4503-bcc2-1efa2f00da13-140218449991488","trial_id":6,"state":1,"values":[0.7984870790414199],"datetime_complete":"2026-03-31T11:39:08.986986"}
{"op_code":4,"worker_id":"57c7fc9c-a46d-4503-bcc2-1efa2f00da13-140218449991488","study_id":0,"datetime_start":"2026-03-31T11:39:08.999900"}
{"op_code":5,"worker_id":"57c7fc9c-a46d-4503-bcc2-1efa2f00da13-140218449991488","trial_id":7,"param_name":"lr","param_value_internal":0.00348813367142336,"distribution":"{\"name\": \"FloatDistribution\", \"attributes\": {\"step\": null, \"low\": 0.0001, \"high\": 0.1, \"log\": true}}"}
{"op_code":5,"worker_id":"57c7fc9c-a46d-4503-bcc2-1efa2f00da13-140218449991488","trial_id":7,"param_name":"dropout","param_value_internal":0.38112625369161385,"distribution":"{\"name\": \"FloatDistribution\", \"attributes\": {\"step\": null, \"low\": 0.0, \"high\": 0.5, \"log\": false}}"}
{"op_code":5,"worker_id":"57c7fc9c-a46d-4503-bcc2-1efa2f00da13-140218449991488","trial_id":7,"param_name":"nodes","param_value_internal":1,"distribution":"{\"name\": \"CategoricalDistribution\", \"attributes\": {\"choices\": [\"64-64\", \"128-64\", \"256-128\"]}}"}
{"op_code":6,"worker_id":"57c7fc9c-a46d-4503-bcc2-1efa2f00da13-140218449991488","trial_id":7,"state":1,"values":[0.7999157453219192],"datetime_complete":"2026-03-31T11:39:16.499927"}
{"op_code":4,"worker_id":"57c7fc9c-a46d-4503-bcc2-1efa2f00da13-140218449991488","study_id":0,"datetime_start":"2026-03-31T11:39:16.511125"}
{"op_code":5,"worker_id":"57c7fc9c-a46d-4503-bcc2-1efa2f00da13-140218449991488","trial_id":8,"param_name":"lr","param_value_internal":0.027902001602777542,"distribution":"{\"name\": \"FloatDistribution\", \"attributes\": {\"step\": null, \"low\": 0.0001, \"high\": 0.1, \"log\": true}}"}
{"op_code":5,"worker_id":"57c7fc9c-a46d-4503-bcc2-1efa2f00da13-140218449991488","trial_id":8,"param_name":"dropout","param_value_internal":0.23200713417098495,"distribution":"{\"name\": \"FloatDistribution\", \"attributes\": {\"step\": null, \"low\": 0.0, \"high\": 0.5, \"log\": false}}"}
{"op_code":5,"worker_id":"57c7fc9c-a46d-4503-bcc2-1efa2f00da13-140218449991488","trial_id":8,"param_name":"nodes","param_value_internal":2,"distribution":"{\"name\": \"CategoricalDistribution\", \"attributes\": {\"choices\": [\"64-64\", \"128-64\", \"256-128\"]}}"}
{"op_code":6,"worker_id":"57c7fc9c-a46d-4503-bcc2-1efa2f00da13-140218449991488","trial_id":8,"state":1,"values":[0.7948570303431317],"datetime_complete":"2026-03-31T11:39:24.005135"}
{"op_code":4,"worker_id":"57c7fc9c-a46d-4503-bcc2-1efa2f00da13-140218449991488","study_id":0,"datetime_start":"2026-03-31T11:39:24.019313"}
{"op_code":5,"worker_id":"57c7fc9c-a46d-4503-bcc2-1efa2f00da13-140218449991488","trial_id":9,"param_name":"lr","param_value_internal":0.0007145879502769766,"distribution":"{\"name\": \"FloatDistribution\", \"attributes\": {\"step\": null, \"low\": 0.0001, \"high\": 0.1, \"log\": true}}"}
{"op_code":5,"worker_id":"57c7fc9c-a46d-4503-bcc2-1efa2f00da13-140218449991488","trial_id":9,"param_name":"dropout","param_value_internal":0.3978664554698506,"distribution":"{\"name\": \"FloatDistribution\", \"attributes\": {\"step\": null, \"low\": 0.0, \"high\": 0.5, \"log\": false}}"}
{"op_code":5,"worker_id":"57c7fc9c-a46d-4503-bcc2-1efa2f00da13-140218449991488","trial_id":9,"param_name":"nodes","param_value_internal":2,"distribution":"{\"name\": \"CategoricalDistribution\", \"attributes\": {\"choices\": [\"64-64\", \"128-64\", \"256-128\"]}}"}
{"op_code":6,"worker_id":"57c7fc9c-a46d-4503-bcc2-1efa2f00da13-140218449991488","trial_id":9,"state":1,"values":[0.8023437911399796],"datetime_complete":"2026-03-31T11:39:31.523789"}
{"op_code":4,"worker_id":"57c7fc9c-a46d-4503-bcc2-1efa2f00da13-140218449991488","study_id":0,"datetime_start":"2026-03-31T11:39:31.535735"}
{"op_code":5,"worker_id":"57c7fc9c-a46d-4503-bcc2-1efa2f00da13-140218449991488","trial_id":10,"param_name":"lr","param_value_internal":0.0001028654413304489,"distribution":"{\"name\": \"FloatDistribution\", \"attributes\": {\"step\": null, \"low\": 0.0001, \"high\": 0.1, \"log\": true}}"}
{"op_code":5,"worker_id":"57c7fc9c-a46d-4503-bcc2-1efa2f00da13-140218449991488","trial_id":10,"param_name":"dropout","param_value_internal":0.3060735766374737,"distribution":"{\"name\": \"FloatDistribution\", \"attributes\": {\"step\": null, \"low\": 0.0, \"high\": 0.5, \"log\": false}}"}
{"op_code":5,"worker_id":"57c7fc9c-a46d-4503-bcc2-1efa2f00da13-140218449991488","trial_id":10,"param_name":"nodes","param_value_internal":2,"distribution":"{\"name\": \"CategoricalDistribution\", \"attributes\": {\"choices\": [\"64-64\", \"128-64\", \"256-128\"]}}"}
{"op_code":6,"worker_id":"57c7fc9c-a46d-4503-bcc2-1efa2f00da13-140218449991488","trial_id":10,"state":1,"values":[0.7908629464868318],"datetime_complete":"2026-03-31T11:39:39.046407"}
{"op_code":4,"worker_id":"57c7fc9c-a46d-4503-bcc2-1efa2f00da13-140218449991488","study_id":0,"datetime_start":"2026-03-31T11:39:39.070489"}
{"op_code":5,"worker_id":"57c7fc9c-a46d-4503-bcc2-1efa2f00da13-140218449991488","trial_id":11,"param_name":"lr","param_value_internal":0.0014142931962308535,"distribution":"{\"name\": \"FloatDistribution\", \"attributes\": {\"step\": null, \"low\": 0.0001, \"high\": 0.1, \"log\": true}}"}
{"op_code":5,"worker_id":"57c7fc9c-a46d-4503-bcc2-1efa2f00da13-140218449991488","trial_id":11,"param_name":"dropout","param_value_internal":0.341913687297939,"distribution":"{\"name\": \"FloatDistribution\", \"attributes\": {\"step\": null, \"low\": 0.0, \"high\": 0.5, \"log\": false}}"}
{"op_code":5,"worker_id":"57c7fc9c-a46d-4503-bcc2-1efa2f00da13-140218449991488","trial_id":11,"param_name":"nodes","param_value_internal":1,"distribution":"{\"name\": \"CategoricalDistribution\", \"attributes\": {\"choices\": [\"64-64\", \"128-64\", \"256-128\"]}}"}
{"op_code":6,"worker_id":"57c7fc9c-a46d-4503-bcc2-1efa2f00da13-140218449991488","trial_id":11,"state":1,"values":[0.7976078997918817],"datetime_complete":"2026-03-31T11:39:46.554157"}
{"op_code":4,"worker_id":"57c7fc9c-a46d-4503-bcc2-1efa2f00da13-140218449991488","study_id":0,"datetime_start":"2026-03-31T11:39:46.577677"}
{"op_code":5,"worker_id":"57c7fc9c-a46d-4503-bcc2-1efa2f00da13-140218449991488","trial_id":12,"param_name":"lr","param_value_internal":0.005093452327121129,"distribution":"{\"name\": \"FloatDistribution\", \"attributes\": {\"step\": null, \"low\": 0.0001, \"high\": 0.1, \"log\": true}}"}
{"op_code":5,"worker_id":"57c7fc9c-a46d-4503-bcc2-1efa2f00da13-140218449991488","trial_id":12,"param_name":"dropout","param_value_internal":0.35273084736319027,"distribution":"{\"name\": \"FloatDistribution\", \"attributes\": {\"step\": null, \"low\": 0.0, \"high\": 0.5, \"log\": false}}"}
{"op_code":5,"worker_id":"57c7fc9c-a46d-4503-bcc2-1efa2f00da13-140218449991488","trial_id":12,"param_name":"nodes","param_value_internal":1,"distribution":"{\"name\": \"CategoricalDistribution\", \"attributes\": {\"choices\": [\"64-64\", \"128-64\", \"256-128\"]}}"}
{"op_code":6,"worker_id":"57c7fc9c-a46d-4503-bcc2-1efa2f00da13-140218449991488","trial_id":12,"state":1,"values":[0.8006117622278036],"datetime_complete":"2026-03-31T11:39:54.315349"}
{"op_code":4,"worker_id":"57c7fc9c-a46d-4503-bcc2-1efa2f00da13-140218449991488","study_id":0,"datetime_start":"2026-03-31T11:39:54.343399"}
{"op_code":5,"worker_id":"57c7fc9c-a46d-4503-bcc2-1efa2f00da13-140218449991488","trial_id":13,"param_name":"lr","param_value_internal":0.0005554652106965714,"distribution":"{\"name\": \"FloatDistribution\", \"attributes\": {\"step\": null, \"low\": 0.0001, \"high\": 0.1, \"log\": true}}"}
{"op_code":5,"worker_id":"57c7fc9c-a46d-4503-bcc2-1efa2f00da13-140218449991488","trial_id":13,"param_name":"dropout","param_value_internal":0.14259101421173548,"distribution":"{\"name\": \"FloatDistribution\", \"attributes\": {\"step\": null, \"low\": 0.0, \"high\": 0.5, \"log\": false}}"}
{"op_code":5,"worker_id":"57c7fc9c-a46d-4503-bcc2-1efa2f00da13-140218449991488","trial_id":13,"param_name":"nodes","param_value_internal":1,"distribution":"{\"name\": \"CategoricalDistribution\", \"attributes\": {\"choices\": [\"64-64\", \"128-64\", \"256-128\"]}}"}
{"op_code":6,"worker_id":"57c7fc9c-a46d-4503-bcc2-1efa2f00da13-140218449991488","trial_id":13,"state":1,"values":[0.7962753937418007],"datetime_complete":"2026-03-31T11:40:01.935742"}
{"op_code":4,"worker_id":"57c7fc9c-a46d-4503-bcc2-1efa2f00da13-140218449991488","study_id":0,"datetime_start":"2026-03-31T11:40:01.968025"}
{"op_code":5,"worker_id":"57c7fc9c-a46d-4503-bcc2-1efa2f00da13-140218449991488","trial_id":14,"param_name":"lr","param_value_internal":0.006283578199370435,"distribution":"{\"name\": \"FloatDistribution\", \"attributes\": {\"step\": null, \"low\": 0.0001, \"high\": 0.1, \"log\": true}}"}
{"op_code":5,"worker_id":"57c7fc9c-a46d-4503-bcc2-1efa2f00da13-140218449991488","trial_id":14,"param_name":"dropout","param_value_internal":0.48924372732631416,"distribution":"{\"name\": \"FloatDistribution\", \"attributes\": {\"step\": null, \"low\": 0.0, \"high\": 0.5, \"log\": false}}"}
{"op_code":5,"worker_id":"57c7fc9c-a46d-4503-bcc2-1efa2f00da13-140218449991488","trial_id":14,"param_name":"nodes","param_value_internal":2,"distribution":"{\"name\": \"CategoricalDistribution\", \"attributes\": {\"choices\": [\"64-64\", \"128-64\", \"256-128\"]}}"}
{"op_code":6,"worker_id":"57c7fc9c-a46d-4503-bcc2-1efa2f00da13-140218449991488","trial_id":14,"state":1,"values":[0.7967046804847392],"datetime_complete":"2026-03-31T11:40:09.749800"}
{"op_code":4,"worker_id":"57c7fc9c-a46d-4503-bcc2-1efa2f00da13-140218449991488","study_id":0,"datetime_start":"2026-03-31T11:40:09.768727"}
{"op_code":5,"worker_id":"57c7fc9c-a46d-4503-bcc2-1efa2f00da13-140218449991488","trial_id":15,"param_name":"lr","param_value_internal":0.0006834821897819465,"distribution":"{\"name\": \"FloatDistribution\", \"attributes\": {\"step\": null, \"low\": 0.0001, \"high\": 0.1, \"log\": true}}"}
{"op_code":5,"worker_id":"57c7fc9c-a46d-4503-bcc2-1efa2f00da13-140218449991488","trial_id":15,"param_name":"dropout","param_value_internal":0.33794886417074377,"distribution":"{\"name\": \"FloatDistribution\", \"attributes\": {\"step\": null, \"low\": 0.0, \"high\": 0.5, \"log\": false}}"}
{"op_code":5,"worker_id":"57c7fc9c-a46d-4503-bcc2-1efa2f00da13-140218449991488","trial_id":15,"param_name":"nodes","param_value_internal":1,"distribution":"{\"name\": \"CategoricalDistribution\", \"attributes\": {\"choices\": [\"64-64\", \"128-64\", \"256-128\"]}}"}
{"op_code":6,"worker_id":"57c7fc9c-a46d-4503-bcc2-1efa2f00da13-140218449991488","trial_id":15,"state":1,"values":[0.797913551952854],"datetime_complete":"2026-03-31T11:40:17.255866"}
{"op_code":4,"worker_id":"57c7fc9c-a46d-4503-bcc2-1efa2f00da13-140218449991488","study_id":0,"datetime_start":"2026-03-31T11:40:17.285525"}
{"op_code":5,"worker_id":"57c7fc9c-a46d-4503-bcc2-1efa2f00da13-140218449991488","trial_id":16,"param_name":"lr","param_value_internal":0.006511794591117091,"distribution":"{\"name\": \"FloatDistribution\", \"attributes\": {\"step\": null, \"low\": 0.0001, \"high\": 0.1, \"log\": true}}"}
{"op_code":5,"worker_id":"57c7fc9c-a46d-4503-bcc2-1efa2f00da13-140218449991488","trial_id":16,"param_name":"dropout","param_value_internal":0.1651448046233967,"distribution":"{\"name\": \"FloatDistribution\", \"attributes\": {\"step\": null, \"low\": 0.0, \"high\": 0.5, \"log\": false}}"}
{"op_code":5,"worker_id":"57c7fc9c-a46d-4503-bcc2-1efa2f00da13-140218449991488","trial_id":16,"param_name":"nodes","param_value_internal":2,"distribution":"{\"name\": \"CategoricalDistribution\", \"attributes\": {\"choices\": [\"64-64\", \"128-64\", \"256-128\"]}}"}
{"op_code":6,"worker_id":"57c7fc9c-a46d-4503-bcc2-1efa2f00da13-140218449991488","trial_id":16,"state":1,"values":[0.7849158941413235],"datetime_complete":"2026-03-31T11:40:24.781116"}
{"op_code":4,"worker_id":"57c7fc9c-a46d-4503-bcc2-1efa2f00da13-140218449991488","study_id":0,"datetime_start":"2026-03-31T11:40:24.809063"}
{"op_code":5,"worker_id":"57c7fc9c-a46d-4503-bcc2-1efa2f00da13-140218449991488","trial_id":17,"param_name":"lr","param_value_internal":0.00017051208718347433,"distribution":"{\"name\": \"FloatDistribution\", \"attributes\": {\"step\": null, \"low\": 0.0001, \"high\": 0.1, \"log\": true}}"}
{"op_code":5,"worker_id":"57c7fc9c-a46d-4503-bcc2-1efa2f00da13-140218449991488","trial_id":17,"param_name":"dropout","param_value_internal":0.003143207347782645,"distribution":"{\"name\": \"FloatDistribution\", \"attributes\": {\"step\": null, \"low\": 0.0, \"high\": 0.5, \"log\": false}}"}
{"op_code":5,"worker_id":"57c7fc9c-a46d-4503-bcc2-1efa2f00da13-140218449991488","trial_id":17,"param_name":"nodes","param_value_internal":1,"distribution":"{\"name\": \"CategoricalDistribution\", \"attributes\": {\"choices\": [\"64-64\", \"128-64\", \"256-128\"]}}"}
{"op_code":6,"worker_id":"57c7fc9c-a46d-4503-bcc2-1efa2f00da13-140218449991488","trial_id":17,"state":1,"values":[0.792655647925343],"datetime_complete":"2026-03-31T11:40:32.376849"}
{"op_code":4,"worker_id":"57c7fc9c-a46d-4503-bcc2-1efa2f00da13-140218449991488","study_id":0,"datetime_start":"2026-03-31T11:40:32.400601"}
{"op_code":5,"worker_id":"57c7fc9c-a46d-4503-bcc2-1efa2f00da13-140218449991488","trial_id":18,"param_name":"lr","param_value_internal":0.0011110099949110822,"distribution":"{\"name\": \"FloatDistribution\", \"attributes\": {\"step\": null, \"low\": 0.0001, \"high\": 0.1, \"log\": true}}"}
{"op_code":5,"worker_id":"57c7fc9c-a46d-4503-bcc2-1efa2f00da13-140218449991488","trial_id":18,"param_name":"dropout","param_value_internal":0.2935225554348955,"distribution":"{\"name\": \"FloatDistribution\", \"attributes\": {\"step\": null, \"low\": 0.0, \"high\": 0.5, \"log\": false}}"}
{"op_code":5,"worker_id":"57c7fc9c-a46d-4503-bcc2-1efa2f00da13-140218449991488","trial_id":18,"param_name":"nodes","param_value_internal":2,"distribution":"{\"name\": \"CategoricalDistribution\", \"attributes\": {\"choices\": [\"64-64\", \"128-64\", \"256-128\"]}}"}
{"op_code":6,"worker_id":"57c7fc9c-a46d-4503-bcc2-1efa2f00da13-140218449991488","trial_id":18,"state":1,"values":[0.7971202300519036],"datetime_complete":"2026-03-31T11:40:40.001825"}
{"op_code":4,"worker_id":"57c7fc9c-a46d-4503-bcc2-1efa2f00da13-140218449991488","study_id":0,"datetime_start":"2026-03-31T11:40:40.022919"}
{"op_code":5,"worker_id":"57c7fc9c-a46d-4503-bcc2-1efa2f00da13-140218449991488","trial_id":19,"param_name":"lr","param_value_internal":0.0033811228176290763,"distribution":"{\"name\": \"FloatDistribution\", \"attributes\": {\"step\": null, \"low\": 0.0001, \"high\": 0.1, \"log\": true}}"}
{"op_code":5,"worker_id":"57c7fc9c-a46d-4503-bcc2-1efa2f00da13-140218449991488","trial_id":19,"param_name":"dropout","param_value_internal":0.37141071845862883,"distribution":"{\"name\": \"FloatDistribution\", \"attributes\": {\"step\": null, \"low\": 0.0, \"high\": 0.5, \"log\": false}}"}
{"op_code":5,"worker_id":"57c7fc9c-a46d-4503-bcc2-1efa2f00da13-140218449991488","trial_id":19,"param_name":"nodes","param_value_internal":1,"distribution":"{\"name\": \"CategoricalDistribution\", \"attributes\": {\"choices\": [\"64-64\", \"128-64\", \"256-128\"]}}"}
{"op_code":6,"worker_id":"57c7fc9c-a46d-4503-bcc2-1efa2f00da13-140218449991488","trial_id":19,"state":1,"values":[0.8026952338868651],"datetime_complete":"2026-03-31T11:40:47.607999"}
{"op_code":0,"worker_id":"d61217bd-f757-4b59-b453-9b1236d731bf-140544486217536","study_name":"tabpfn_deephit","directions":[2]}
{"op_code":4,"worker_id":"d61217bd-f757-4b59-b453-9b1236d731bf-140544486217536","study_id":0,"datetime_start":"2026-03-31T23:48:37.966687"}
{"op_code":5,"worker_id":"d61217bd-f757-4b59-b453-9b1236d731bf-140544486217536","trial_id":20,"param_name":"lr","param_value_internal":0.0025445225722864205,"distribution":"{\"name\": \"FloatDistribution\", \"attributes\": {\"step\": null, \"low\": 0.0001, \"high\": 0.1, \"log\": true}}"}
{"op_code":5,"worker_id":"d61217bd-f757-4b59-b453-9b1236d731bf-140544486217536","trial_id":20,"param_name":"dropout","param_value_internal":0.445868290166586,"distribution":"{\"name\": \"FloatDistribution\", \"attributes\": {\"step\": null, \"low\": 0.0, \"high\": 0.5, \"log\": false}}"}
{"op_code":5,"worker_id":"d61217bd-f757-4b59-b453-9b1236d731bf-140544486217536","trial_id":20,"param_name":"nodes","param_value_internal":2,"distribution":"{\"name\": \"CategoricalDistribution\", \"attributes\": {\"choices\": [\"64-64\", \"128-64\", \"256-128\"]}}"}
{"op_code":6,"worker_id":"d61217bd-f757-4b59-b453-9b1236d731bf-140544486217536","trial_id":20,"state":1,"values":[0.8000977629009252],"datetime_complete":"2026-03-31T23:48:45.202809"}
{"op_code":4,"worker_id":"d61217bd-f757-4b59-b453-9b1236d731bf-140544486217536","study_id":0,"datetime_start":"2026-03-31T23:48:45.226862"}
{"op_code":5,"worker_id":"d61217bd-f757-4b59-b453-9b1236d731bf-140544486217536","trial_id":21,"param_name":"lr","param_value_internal":0.005136091610585029,"distribution":"{\"name\": \"FloatDistribution\", \"attributes\": {\"step\": null, \"low\": 0.0001, \"high\": 0.1, \"log\": true}}"}
{"op_code":5,"worker_id":"d61217bd-f757-4b59-b453-9b1236d731bf-140544486217536","trial_id":21,"param_name":"dropout","param_value_internal":0.36544752755603754,"distribution":"{\"name\": \"FloatDistribution\", \"attributes\": {\"step\": null, \"low\": 0.0, \"high\": 0.5, \"log\": false}}"}
{"op_code":5,"worker_id":"d61217bd-f757-4b59-b453-9b1236d731bf-140544486217536","trial_id":21,"param_name":"nodes","param_value_internal":1,"distribution":"{\"name\": \"CategoricalDistribution\", \"attributes\": {\"choices\": [\"64-64\", \"128-64\", \"256-128\"]}}"}
{"op_code":6,"worker_id":"d61217bd-f757-4b59-b453-9b1236d731bf-140544486217536","trial_id":21,"state":1,"values":[0.8004984305276678],"datetime_complete":"2026-03-31T23:48:52.355488"}
{"op_code":4,"worker_id":"d61217bd-f757-4b59-b453-9b1236d731bf-140544486217536","study_id":0,"datetime_start":"2026-03-31T23:48:52.380365"}
{"op_code":5,"worker_id":"d61217bd-f757-4b59-b453-9b1236d731bf-140544486217536","trial_id":22,"param_name":"lr","param_value_internal":0.012229290540577644,"distribution":"{\"name\": \"FloatDistribution\", \"attributes\": {\"step\": null, \"low\": 0.0001, \"high\": 0.1, \"log\": true}}"}
{"op_code":5,"worker_id":"d61217bd-f757-4b59-b453-9b1236d731bf-140544486217536","trial_id":22,"param_name":"dropout","param_value_internal":0.3242721764364484,"distribution":"{\"name\": \"FloatDistribution\", \"attributes\": {\"step\": null, \"low\": 0.0, \"high\": 0.5, \"log\": false}}"}
{"op_code":5,"worker_id":"d61217bd-f757-4b59-b453-9b1236d731bf-140544486217536","trial_id":22,"param_name":"nodes","param_value_internal":1,"distribution":"{\"name\": \"CategoricalDistribution\", \"attributes\": {\"choices\": [\"64-64\", \"128-64\", \"256-128\"]}}"}
{"op_code":6,"worker_id":"d61217bd-f757-4b59-b453-9b1236d731bf-140544486217536","trial_id":22,"state":1,"values":[0.7984115245746627],"datetime_complete":"2026-03-31T23:48:59.507761"}
{"op_code":4,"worker_id":"d61217bd-f757-4b59-b453-9b1236d731bf-140544486217536","study_id":0,"datetime_start":"2026-03-31T23:48:59.531442"}
{"op_code":5,"worker_id":"d61217bd-f757-4b59-b453-9b1236d731bf-140544486217536","trial_id":23,"param_name":"lr","param_value_internal":0.0004854473114642415,"distribution":"{\"name\": \"FloatDistribution\", \"attributes\": {\"step\": null, \"low\": 0.0001, \"high\": 0.1, \"log\": true}}"}
{"op_code":5,"worker_id":"d61217bd-f757-4b59-b453-9b1236d731bf-140544486217536","trial_id":23,"param_name":"dropout","param_value_internal":0.3822568757614756,"distribution":"{\"name\": \"FloatDistribution\", \"attributes\": {\"step\": null, \"low\": 0.0, \"high\": 0.5, \"log\": false}}"}
{"op_code":5,"worker_id":"d61217bd-f757-4b59-b453-9b1236d731bf-140544486217536","trial_id":23,"param_name":"nodes","param_value_internal":1,"distribution":"{\"name\": \"CategoricalDistribution\", \"attributes\": {\"choices\": [\"64-64\", \"128-64\", \"256-128\"]}}"}
{"op_code":6,"worker_id":"d61217bd-f757-4b59-b453-9b1236d731bf-140544486217536","trial_id":23,"state":1,"values":[0.7935726044082597],"datetime_complete":"2026-03-31T23:49:06.664721"}
{"op_code":4,"worker_id":"d61217bd-f757-4b59-b453-9b1236d731bf-140544486217536","study_id":0,"datetime_start":"2026-03-31T23:49:06.689506"}
{"op_code":5,"worker_id":"d61217bd-f757-4b59-b453-9b1236d731bf-140544486217536","trial_id":24,"param_name":"lr","param_value_internal":0.002879315603157789,"distribution":"{\"name\": \"FloatDistribution\", \"attributes\": {\"step\": null, \"low\": 0.0001, \"high\": 0.1, \"log\": true}}"}
{"op_code":5,"worker_id":"d61217bd-f757-4b59-b453-9b1236d731bf-140544486217536","trial_id":24,"param_name":"dropout","param_value_internal":0.460138813913862,"distribution":"{\"name\": \"FloatDistribution\", \"attributes\": {\"step\": null, \"low\": 0.0, \"high\": 0.5, \"log\": false}}"}
{"op_code":5,"worker_id":"d61217bd-f757-4b59-b453-9b1236d731bf-140544486217536","trial_id":24,"param_name":"nodes","param_value_internal":1,"distribution":"{\"name\": \"CategoricalDistribution\", \"attributes\": {\"choices\": [\"64-64\", \"128-64\", \"256-128\"]}}"}
{"op_code":6,"worker_id":"d61217bd-f757-4b59-b453-9b1236d731bf-140544486217536","trial_id":24,"state":1,"values":[0.7991041071866035],"datetime_complete":"2026-03-31T23:49:13.826685"}
{"op_code":4,"worker_id":"d61217bd-f757-4b59-b453-9b1236d731bf-140544486217536","study_id":0,"datetime_start":"2026-03-31T23:49:13.851863"}
{"op_code":5,"worker_id":"d61217bd-f757-4b59-b453-9b1236d731bf-140544486217536","trial_id":25,"param_name":"lr","param_value_internal":0.010911329907561192,"distribution":"{\"name\": \"FloatDistribution\", \"attributes\": {\"step\": null, \"low\": 0.0001, \"high\": 0.1, \"log\": true}}"}
{"op_code":5,"worker_id":"d61217bd-f757-4b59-b453-9b1236d731bf-140544486217536","trial_id":25,"param_name":"dropout","param_value_internal":0.2564436640912515,"distribution":"{\"name\": \"FloatDistribution\", \"attributes\": {\"step\": null, \"low\": 0.0, \"high\": 0.5, \"log\": false}}"}
{"op_code":5,"worker_id":"d61217bd-f757-4b59-b453-9b1236d731bf-140544486217536","trial_id":25,"param_name":"nodes","param_value_internal":1,"distribution":"{\"name\": \"CategoricalDistribution\", \"attributes\": {\"choices\": [\"64-64\", \"128-64\", \"256-128\"]}}"}
{"op_code":6,"worker_id":"d61217bd-f757-4b59-b453-9b1236d731bf-140544486217536","trial_id":25,"state":1,"values":[0.8014268346570629],"datetime_complete":"2026-03-31T23:49:20.970809"}
{"op_code":4,"worker_id":"d61217bd-f757-4b59-b453-9b1236d731bf-140544486217536","study_id":0,"datetime_start":"2026-03-31T23:49:20.994402"}
{"op_code":5,"worker_id":"d61217bd-f757-4b59-b453-9b1236d731bf-140544486217536","trial_id":26,"param_name":"lr","param_value_internal":0.011399454560081715,"distribution":"{\"name\": \"FloatDistribution\", \"attributes\": {\"step\": null, \"low\": 0.0001, \"high\": 0.1, \"log\": true}}"}
{"op_code":5,"worker_id":"d61217bd-f757-4b59-b453-9b1236d731bf-140544486217536","trial_id":26,"param_name":"dropout","param_value_internal":0.19642466838918285,"distribution":"{\"name\": \"FloatDistribution\", \"attributes\": {\"step\": null, \"low\": 0.0, \"high\": 0.5, \"log\": false}}"}
{"op_code":5,"worker_id":"d61217bd-f757-4b59-b453-9b1236d731bf-140544486217536","trial_id":26,"param_name":"nodes","param_value_internal":1,"distribution":"{\"name\": \"CategoricalDistribution\", \"attributes\": {\"choices\": [\"64-64\", \"128-64\", \"256-128\"]}}"}
{"op_code":6,"worker_id":"d61217bd-f757-4b59-b453-9b1236d731bf-140544486217536","trial_id":26,"state":1,"values":[0.7983840502231146],"datetime_complete":"2026-03-31T23:49:28.133111"}
{"op_code":4,"worker_id":"d61217bd-f757-4b59-b453-9b1236d731bf-140544486217536","study_id":0,"datetime_start":"2026-03-31T23:49:28.152930"}
{"op_code":5,"worker_id":"d61217bd-f757-4b59-b453-9b1236d731bf-140544486217536","trial_id":27,"param_name":"lr","param_value_internal":0.0009666028096849866,"distribution":"{\"name\": \"FloatDistribution\", \"attributes\": {\"step\": null, \"low\": 0.0001, \"high\": 0.1, \"log\": true}}"}
{"op_code":5,"worker_id":"d61217bd-f757-4b59-b453-9b1236d731bf-140544486217536","trial_id":27,"param_name":"dropout","param_value_internal":0.2712916960353631,"distribution":"{\"name\": \"FloatDistribution\", \"attributes\": {\"step\": null, \"low\": 0.0, \"high\": 0.5, \"log\": false}}"}
{"op_code":5,"worker_id":"d61217bd-f757-4b59-b453-9b1236d731bf-140544486217536","trial_id":27,"param_name":"nodes","param_value_internal":1,"distribution":"{\"name\": \"CategoricalDistribution\", \"attributes\": {\"choices\": [\"64-64\", \"128-64\", \"256-128\"]}}"}
{"op_code":6,"worker_id":"d61217bd-f757-4b59-b453-9b1236d731bf-140544486217536","trial_id":27,"state":1,"values":[0.798569502096064],"datetime_complete":"2026-03-31T23:49:35.301108"}
{"op_code":4,"worker_id":"d61217bd-f757-4b59-b453-9b1236d731bf-140544486217536","study_id":0,"datetime_start":"2026-03-31T23:49:35.324982"}
{"op_code":5,"worker_id":"d61217bd-f757-4b59-b453-9b1236d731bf-140544486217536","trial_id":28,"param_name":"lr","param_value_internal":0.002040341162114737,"distribution":"{\"name\": \"FloatDistribution\", \"attributes\": {\"step\": null, \"low\": 0.0001, \"high\": 0.1, \"log\": true}}"}
{"op_code":5,"worker_id":"d61217bd-f757-4b59-b453-9b1236d731bf-140544486217536","trial_id":28,"param_name":"dropout","param_value_internal":0.09562232266359486,"distribution":"{\"name\": \"FloatDistribution\", \"attributes\": {\"step\": null, \"low\": 0.0, \"high\": 0.5, \"log\": false}}"}
{"op_code":5,"worker_id":"d61217bd-f757-4b59-b453-9b1236d731bf-140544486217536","trial_id":28,"param_name":"nodes","param_value_internal":0,"distribution":"{\"name\": \"CategoricalDistribution\", \"attributes\": {\"choices\": [\"64-64\", \"128-64\", \"256-128\"]}}"}
{"op_code":6,"worker_id":"d61217bd-f757-4b59-b453-9b1236d731bf-140544486217536","trial_id":28,"state":1,"values":[0.8007869112189225],"datetime_complete":"2026-03-31T23:49:42.447022"}
{"op_code":4,"worker_id":"d61217bd-f757-4b59-b453-9b1236d731bf-140544486217536","study_id":0,"datetime_start":"2026-03-31T23:49:42.470447"}
{"op_code":5,"worker_id":"d61217bd-f757-4b59-b453-9b1236d731bf-140544486217536","trial_id":29,"param_name":"lr","param_value_internal":0.00026949802403836815,"distribution":"{\"name\": \"FloatDistribution\", \"attributes\": {\"step\": null, \"low\": 0.0001, \"high\": 0.1, \"log\": true}}"}
{"op_code":5,"worker_id":"d61217bd-f757-4b59-b453-9b1236d731bf-140544486217536","trial_id":29,"param_name":"dropout","param_value_internal":0.24493783918216366,"distribution":"{\"name\": \"FloatDistribution\", \"attributes\": {\"step\": null, \"low\": 0.0, \"high\": 0.5, \"log\": false}}"}
{"op_code":5,"worker_id":"d61217bd-f757-4b59-b453-9b1236d731bf-140544486217536","trial_id":29,"param_name":"nodes","param_value_internal":2,"distribution":"{\"name\": \"CategoricalDistribution\", \"attributes\": {\"choices\": [\"64-64\", \"128-64\", \"256-128\"]}}"}
{"op_code":6,"worker_id":"d61217bd-f757-4b59-b453-9b1236d731bf-140544486217536","trial_id":29,"state":1,"values":[0.8001229477231776],"datetime_complete":"2026-03-31T23:49:49.605664"}
{"op_code":4,"worker_id":"d61217bd-f757-4b59-b453-9b1236d731bf-140544486217536","study_id":0,"datetime_start":"2026-03-31T23:49:49.629495"}
{"op_code":5,"worker_id":"d61217bd-f757-4b59-b453-9b1236d731bf-140544486217536","trial_id":30,"param_name":"lr","param_value_internal":0.0002679082163581388,"distribution":"{\"name\": \"FloatDistribution\", \"attributes\": {\"step\": null, \"low\": 0.0001, \"high\": 0.1, \"log\": true}}"}
{"op_code":5,"worker_id":"d61217bd-f757-4b59-b453-9b1236d731bf-140544486217536","trial_id":30,"param_name":"dropout","param_value_internal":0.39255814944442546,"distribution":"{\"name\": \"FloatDistribution\", \"attributes\": {\"step\": null, \"low\": 0.0, \"high\": 0.5, \"log\": false}}"}
{"op_code":5,"worker_id":"d61217bd-f757-4b59-b453-9b1236d731bf-140544486217536","trial_id":30,"param_name":"nodes","param_value_internal":0,"distribution":"{\"name\": \"CategoricalDistribution\", \"attributes\": {\"choices\": [\"64-64\", \"128-64\", \"256-128\"]}}"}
{"op_code":6,"worker_id":"d61217bd-f757-4b59-b453-9b1236d731bf-140544486217536","trial_id":30,"state":1,"values":[0.7823974119160841],"datetime_complete":"2026-03-31T23:49:56.769389"}
{"op_code":4,"worker_id":"d61217bd-f757-4b59-b453-9b1236d731bf-140544486217536","study_id":0,"datetime_start":"2026-03-31T23:49:56.798128"}
{"op_code":5,"worker_id":"d61217bd-f757-4b59-b453-9b1236d731bf-140544486217536","trial_id":31,"param_name":"lr","param_value_internal":0.0020298035518519905,"distribution":"{\"name\": \"FloatDistribution\", \"attributes\": {\"step\": null, \"low\": 0.0001, \"high\": 0.1, \"log\": true}}"}
{"op_code":5,"worker_id":"d61217bd-f757-4b59-b453-9b1236d731bf-140544486217536","trial_id":31,"param_name":"dropout","param_value_internal":0.06544157582950674,"distribution":"{\"name\": \"FloatDistribution\", \"attributes\": {\"step\": null, \"low\": 0.0, \"high\": 0.5, \"log\": false}}"}
{"op_code":5,"worker_id":"d61217bd-f757-4b59-b453-9b1236d731bf-140544486217536","trial_id":31,"param_name":"nodes","param_value_internal":0,"distribution":"{\"name\": \"CategoricalDistribution\", \"attributes\": {\"choices\": [\"64-64\", \"128-64\", \"256-128\"]}}"}
{"op_code":6,"worker_id":"d61217bd-f757-4b59-b453-9b1236d731bf-140544486217536","trial_id":31,"state":1,"values":[0.7931959768391217],"datetime_complete":"2026-03-31T23:50:03.963608"}
{"op_code":4,"worker_id":"d61217bd-f757-4b59-b453-9b1236d731bf-140544486217536","study_id":0,"datetime_start":"2026-03-31T23:50:03.989464"}
{"op_code":5,"worker_id":"d61217bd-f757-4b59-b453-9b1236d731bf-140544486217536","trial_id":32,"param_name":"lr","param_value_internal":0.00080914940210411,"distribution":"{\"name\": \"FloatDistribution\", \"attributes\": {\"step\": null, \"low\": 0.0001, \"high\": 0.1, \"log\": true}}"}
{"op_code":5,"worker_id":"d61217bd-f757-4b59-b453-9b1236d731bf-140544486217536","trial_id":32,"param_name":"dropout","param_value_internal":0.1081065770912894,"distribution":"{\"name\": \"FloatDistribution\", \"attributes\": {\"step\": null, \"low\": 0.0, \"high\": 0.5, \"log\": false}}"}
{"op_code":5,"worker_id":"d61217bd-f757-4b59-b453-9b1236d731bf-140544486217536","trial_id":32,"param_name":"nodes","param_value_internal":0,"distribution":"{\"name\": \"CategoricalDistribution\", \"attributes\": {\"choices\": [\"64-64\", \"128-64\", \"256-128\"]}}"}
{"op_code":6,"worker_id":"d61217bd-f757-4b59-b453-9b1236d731bf-140544486217536","trial_id":32,"state":1,"values":[0.7973972630966799],"datetime_complete":"2026-03-31T23:50:11.142947"}
{"op_code":4,"worker_id":"d61217bd-f757-4b59-b453-9b1236d731bf-140544486217536","study_id":0,"datetime_start":"2026-03-31T23:50:11.188718"}
{"op_code":5,"worker_id":"d61217bd-f757-4b59-b453-9b1236d731bf-140544486217536","trial_id":33,"param_name":"lr","param_value_internal":0.009600094075630249,"distribution":"{\"name\": \"FloatDistribution\", \"attributes\": {\"step\": null, \"low\": 0.0001, \"high\": 0.1, \"log\": true}}"}
{"op_code":5,"worker_id":"d61217bd-f757-4b59-b453-9b1236d731bf-140544486217536","trial_id":33,"param_name":"dropout","param_value_internal":0.08237893433631255,"distribution":"{\"name\": \"FloatDistribution\", \"attributes\": {\"step\": null, \"low\": 0.0, \"high\": 0.5, \"log\": false}}"}
{"op_code":5,"worker_id":"d61217bd-f757-4b59-b453-9b1236d731bf-140544486217536","trial_id":33,"param_name":"nodes","param_value_internal":0,"distribution":"{\"name\": \"CategoricalDistribution\", \"attributes\": {\"choices\": [\"64-64\", \"128-64\", \"256-128\"]}}"}
{"op_code":6,"worker_id":"d61217bd-f757-4b59-b453-9b1236d731bf-140544486217536","trial_id":33,"state":1,"values":[0.7936275531113558],"datetime_complete":"2026-03-31T23:50:18.403689"}
{"op_code":4,"worker_id":"d61217bd-f757-4b59-b453-9b1236d731bf-140544486217536","study_id":0,"datetime_start":"2026-03-31T23:50:18.429501"}
{"op_code":5,"worker_id":"d61217bd-f757-4b59-b453-9b1236d731bf-140544486217536","trial_id":34,"param_name":"lr","param_value_internal":0.08792571528853048,"distribution":"{\"name\": \"FloatDistribution\", \"attributes\": {\"step\": null, \"low\": 0.0001, \"high\": 0.1, \"log\": true}}"}
{"op_code":5,"worker_id":"d61217bd-f757-4b59-b453-9b1236d731bf-140544486217536","trial_id":34,"param_name":"dropout","param_value_internal":0.007758729805999218,"distribution":"{\"name\": \"FloatDistribution\", \"attributes\": {\"step\": null, \"low\": 0.0, \"high\": 0.5, \"log\": false}}"}
{"op_code":5,"worker_id":"d61217bd-f757-4b59-b453-9b1236d731bf-140544486217536","trial_id":34,"param_name":"nodes","param_value_internal":0,"distribution":"{\"name\": \"CategoricalDistribution\", \"attributes\": {\"choices\": [\"64-64\", \"128-64\", \"256-128\"]}}"}
{"op_code":6,"worker_id":"d61217bd-f757-4b59-b453-9b1236d731bf-140544486217536","trial_id":34,"state":1,"values":[0.7992792561777224],"datetime_complete":"2026-03-31T23:50:25.563999"}
{"op_code":4,"worker_id":"d61217bd-f757-4b59-b453-9b1236d731bf-140544486217536","study_id":0,"datetime_start":"2026-03-31T23:50:25.589372"}
{"op_code":5,"worker_id":"d61217bd-f757-4b59-b453-9b1236d731bf-140544486217536","trial_id":35,"param_name":"lr","param_value_internal":0.0033813039346774505,"distribution":"{\"name\": \"FloatDistribution\", \"attributes\": {\"step\": null, \"low\": 0.0001, \"high\": 0.1, \"log\": true}}"}
{"op_code":5,"worker_id":"d61217bd-f757-4b59-b453-9b1236d731bf-140544486217536","trial_id":35,"param_name":"dropout","param_value_internal":0.1471772620527741,"distribution":"{\"name\": \"FloatDistribution\", \"attributes\": {\"step\": null, \"low\": 0.0, \"high\": 0.5, \"log\": false}}"}
{"op_code":5,"worker_id":"d61217bd-f757-4b59-b453-9b1236d731bf-140544486217536","trial_id":35,"param_name":"nodes","param_value_internal":0,"distribution":"{\"name\": \"CategoricalDistribution\", \"attributes\": {\"choices\": [\"64-64\", \"128-64\", \"256-128\"]}}"}
{"op_code":6,"worker_id":"d61217bd-f757-4b59-b453-9b1236d731bf-140544486217536","trial_id":35,"state":1,"values":[0.796217010744761],"datetime_complete":"2026-03-31T23:50:32.756606"}
{"op_code":4,"worker_id":"d61217bd-f757-4b59-b453-9b1236d731bf-140544486217536","study_id":0,"datetime_start":"2026-03-31T23:50:32.780264"}
{"op_code":5,"worker_id":"d61217bd-f757-4b59-b453-9b1236d731bf-140544486217536","trial_id":36,"param_name":"lr","param_value_internal":0.018915670834065975,"distribution":"{\"name\": \"FloatDistribution\", \"attributes\": {\"step\": null, \"low\": 0.0001, \"high\": 0.1, \"log\": true}}"}
{"op_code":5,"worker_id":"d61217bd-f757-4b59-b453-9b1236d731bf-140544486217536","trial_id":36,"param_name":"dropout","param_value_internal":0.1897613022835306,"distribution":"{\"name\": \"FloatDistribution\", \"attributes\": {\"step\": null, \"low\": 0.0, \"high\": 0.5, \"log\": false}}"}
{"op_code":5,"worker_id":"d61217bd-f757-4b59-b453-9b1236d731bf-140544486217536","trial_id":36,"param_name":"nodes","param_value_internal":0,"distribution":"{\"name\": \"CategoricalDistribution\", \"attributes\": {\"choices\": [\"64-64\", \"128-64\", \"256-128\"]}}"}
{"op_code":6,"worker_id":"d61217bd-f757-4b59-b453-9b1236d731bf-140544486217536","trial_id":36,"state":1,"values":[0.7978219707810271],"datetime_complete":"2026-03-31T23:50:39.929491"}
{"op_code":4,"worker_id":"d61217bd-f757-4b59-b453-9b1236d731bf-140544486217536","study_id":0,"datetime_start":"2026-03-31T23:50:39.946998"}
{"op_code":5,"worker_id":"d61217bd-f757-4b59-b453-9b1236d731bf-140544486217536","trial_id":37,"param_name":"lr","param_value_internal":0.0003697631169723322,"distribution":"{\"name\": \"FloatDistribution\", \"attributes\": {\"step\": null, \"low\": 0.0001, \"high\": 0.1, \"log\": true}}"}
{"op_code":5,"worker_id":"d61217bd-f757-4b59-b453-9b1236d731bf-140544486217536","trial_id":37,"param_name":"dropout","param_value_internal":0.4162493504199594,"distribution":"{\"name\": \"FloatDistribution\", \"attributes\": {\"step\": null, \"low\": 0.0, \"high\": 0.5, \"log\": false}}"}
{"op_code":5,"worker_id":"d61217bd-f757-4b59-b453-9b1236d731bf-140544486217536","trial_id":37,"param_name":"nodes","param_value_internal":2,"distribution":"{\"name\": \"CategoricalDistribution\", \"attributes\": {\"choices\": [\"64-64\", \"128-64\", \"256-128\"]}}"}
{"op_code":6,"worker_id":"d61217bd-f757-4b59-b453-9b1236d731bf-140544486217536","trial_id":37,"state":1,"values":[0.7969931611759938],"datetime_complete":"2026-03-31T23:50:47.088230"}
{"op_code":4,"worker_id":"d61217bd-f757-4b59-b453-9b1236d731bf-140544486217536","study_id":0,"datetime_start":"2026-03-31T23:50:47.110775"}
{"op_code":5,"worker_id":"d61217bd-f757-4b59-b453-9b1236d731bf-140544486217536","trial_id":38,"param_name":"lr","param_value_internal":0.0013824432164971899,"distribution":"{\"name\": \"FloatDistribution\", \"attributes\": {\"step\": null, \"low\": 0.0001, \"high\": 0.1, \"log\": true}}"}
{"op_code":5,"worker_id":"d61217bd-f757-4b59-b453-9b1236d731bf-140544486217536","trial_id":38,"param_name":"dropout","param_value_internal":0.2754846405004759,"distribution":"{\"name\": \"FloatDistribution\", \"attributes\": {\"step\": null, \"low\": 0.0, \"high\": 0.5, \"log\": false}}"}
{"op_code":5,"worker_id":"d61217bd-f757-4b59-b453-9b1236d731bf-140544486217536","trial_id":38,"param_name":"nodes","param_value_internal":0,"distribution":"{\"name\": \"CategoricalDistribution\", \"attributes\": {\"choices\": [\"64-64\", \"128-64\", \"256-128\"]}}"}
{"op_code":6,"worker_id":"d61217bd-f757-4b59-b453-9b1236d731bf-140544486217536","trial_id":38,"state":1,"values":[0.7983714578119885],"datetime_complete":"2026-03-31T23:50:54.251326"}
{"op_code":4,"worker_id":"d61217bd-f757-4b59-b453-9b1236d731bf-140544486217536","study_id":0,"datetime_start":"2026-03-31T23:50:54.273125"}
{"op_code":5,"worker_id":"d61217bd-f757-4b59-b453-9b1236d731bf-140544486217536","trial_id":39,"param_name":"lr","param_value_internal":0.04416398892110787,"distribution":"{\"name\": \"FloatDistribution\", \"attributes\": {\"step\": null, \"low\": 0.0001, \"high\": 0.1, \"log\": true}}"}
{"op_code":5,"worker_id":"d61217bd-f757-4b59-b453-9b1236d731bf-140544486217536","trial_id":39,"param_name":"dropout","param_value_internal":0.46857446529572566,"distribution":"{\"name\": \"FloatDistribution\", \"attributes\": {\"step\": null, \"low\": 0.0, \"high\": 0.5, \"log\": false}}"}
{"op_code":5,"worker_id":"d61217bd-f757-4b59-b453-9b1236d731bf-140544486217536","trial_id":39,"param_name":"nodes","param_value_internal":1,"distribution":"{\"name\": \"CategoricalDistribution\", \"attributes\": {\"choices\": [\"64-64\", \"128-64\", \"256-128\"]}}"}
{"op_code":6,"worker_id":"d61217bd-f757-4b59-b453-9b1236d731bf-140544486217536","trial_id":39,"state":1,"values":[0.7954534527246543],"datetime_complete":"2026-03-31T23:51:01.430478"}
