{"op_code":0,"worker_id":"912d024c-5c55-4dcf-921d-ef6a26de10cd-139906009941824","study_name":"gbsa_tuning","directions":[2]}
{"op_code":4,"worker_id":"912d024c-5c55-4dcf-921d-ef6a26de10cd-139906009941824","study_id":0,"datetime_start":"2026-04-06T00:06:04.801088"}
{"op_code":5,"worker_id":"912d024c-5c55-4dcf-921d-ef6a26de10cd-139906009941824","trial_id":0,"param_name":"learning_rate","param_value_internal":0.02207730783926651,"distribution":"{\"name\": \"FloatDistribution\", \"attributes\": {\"step\": null, \"low\": 0.01, \"high\": 0.2, \"log\": true}}"}
{"op_code":5,"worker_id":"912d024c-5c55-4dcf-921d-ef6a26de10cd-139906009941824","trial_id":0,"param_name":"n_estimators","param_value_internal":133.0,"distribution":"{\"name\": \"IntDistribution\", \"attributes\": {\"log\": false, \"step\": 1, \"low\": 50, \"high\": 200}}"}
{"op_code":5,"worker_id":"912d024c-5c55-4dcf-921d-ef6a26de10cd-139906009941824","trial_id":0,"param_name":"max_depth","param_value_internal":4.0,"distribution":"{\"name\": \"IntDistribution\", \"attributes\": {\"log\": false, \"step\": 1, \"low\": 2, \"high\": 5}}"}
{"op_code":6,"worker_id":"912d024c-5c55-4dcf-921d-ef6a26de10cd-139906009941824","trial_id":0,"state":1,"values":[0.6194001518602885],"datetime_complete":"2026-04-06T00:06:05.348976"}
{"op_code":4,"worker_id":"912d024c-5c55-4dcf-921d-ef6a26de10cd-139906009941824","study_id":0,"datetime_start":"2026-04-06T00:06:05.368924"}
{"op_code":5,"worker_id":"912d024c-5c55-4dcf-921d-ef6a26de10cd-139906009941824","trial_id":1,"param_name":"learning_rate","param_value_internal":0.10193080262203504,"distribution":"{\"name\": \"FloatDistribution\", \"attributes\": {\"step\": null, \"low\": 0.01, \"high\": 0.2, \"log\": true}}"}
{"op_code":5,"worker_id":"912d024c-5c55-4dcf-921d-ef6a26de10cd-139906009941824","trial_id":1,"param_name":"n_estimators","param_value_internal":158.0,"distribution":"{\"name\": \"IntDistribution\", \"attributes\": {\"log\": false, \"step\": 1, \"low\": 50, \"high\": 200}}"}
{"op_code":5,"worker_id":"912d024c-5c55-4dcf-921d-ef6a26de10cd-139906009941824","trial_id":1,"param_name":"max_depth","param_value_internal":2.0,"distribution":"{\"name\": \"IntDistribution\", \"attributes\": {\"log\": false, \"step\": 1, \"low\": 2, \"high\": 5}}"}
{"op_code":6,"worker_id":"912d024c-5c55-4dcf-921d-ef6a26de10cd-139906009941824","trial_id":1,"state":1,"values":[0.6417995444191344],"datetime_complete":"2026-04-06T00:06:05.832600"}
{"op_code":4,"worker_id":"912d024c-5c55-4dcf-921d-ef6a26de10cd-139906009941824","study_id":0,"datetime_start":"2026-04-06T00:06:05.843539"}
{"op_code":5,"worker_id":"912d024c-5c55-4dcf-921d-ef6a26de10cd-139906009941824","trial_id":2,"param_name":"learning_rate","param_value_internal":0.053334170108023854,"distribution":"{\"name\": \"FloatDistribution\", \"attributes\": {\"step\": null, \"low\": 0.01, \"high\": 0.2, \"log\": true}}"}
{"op_code":5,"worker_id":"912d024c-5c55-4dcf-921d-ef6a26de10cd-139906009941824","trial_id":2,"param_name":"n_estimators","param_value_internal":123.0,"distribution":"{\"name\": \"IntDistribution\", \"attributes\": {\"log\": false, \"step\": 1, \"low\": 50, \"high\": 200}}"}
{"op_code":5,"worker_id":"912d024c-5c55-4dcf-921d-ef6a26de10cd-139906009941824","trial_id":2,"param_name":"max_depth","param_value_internal":2.0,"distribution":"{\"name\": \"IntDistribution\", \"attributes\": {\"log\": false, \"step\": 1, \"low\": 2, \"high\": 5}}"}
{"op_code":6,"worker_id":"912d024c-5c55-4dcf-921d-ef6a26de10cd-139906009941824","trial_id":2,"state":1,"values":[0.6087699316628702],"datetime_complete":"2026-04-06T00:06:06.210149"}
{"op_code":4,"worker_id":"912d024c-5c55-4dcf-921d-ef6a26de10cd-139906009941824","study_id":0,"datetime_start":"2026-04-06T00:06:06.227422"}
{"op_code":5,"worker_id":"912d024c-5c55-4dcf-921d-ef6a26de10cd-139906009941824","trial_id":3,"param_name":"learning_rate","param_value_internal":0.19452206724208373,"distribution":"{\"name\": \"FloatDistribution\", \"attributes\": {\"step\": null, \"low\": 0.01, \"high\": 0.2, \"log\": true}}"}
{"op_code":5,"worker_id":"912d024c-5c55-4dcf-921d-ef6a26de10cd-139906009941824","trial_id":3,"param_name":"n_estimators","param_value_internal":69.0,"distribution":"{\"name\": \"IntDistribution\", \"attributes\": {\"log\": false, \"step\": 1, \"low\": 50, \"high\": 200}}"}
{"op_code":5,"worker_id":"912d024c-5c55-4dcf-921d-ef6a26de10cd-139906009941824","trial_id":3,"param_name":"max_depth","param_value_internal":4.0,"distribution":"{\"name\": \"IntDistribution\", \"attributes\": {\"log\": false, \"step\": 1, \"low\": 2, \"high\": 5}}"}
{"op_code":6,"worker_id":"912d024c-5c55-4dcf-921d-ef6a26de10cd-139906009941824","trial_id":3,"state":1,"values":[0.6431283219438116],"datetime_complete":"2026-04-06T00:06:06.528456"}
{"op_code":4,"worker_id":"912d024c-5c55-4dcf-921d-ef6a26de10cd-139906009941824","study_id":0,"datetime_start":"2026-04-06T00:06:06.547851"}
{"op_code":5,"worker_id":"912d024c-5c55-4dcf-921d-ef6a26de10cd-139906009941824","trial_id":4,"param_name":"learning_rate","param_value_internal":0.022996408617645264,"distribution":"{\"name\": \"FloatDistribution\", \"attributes\": {\"step\": null, \"low\": 0.01, \"high\": 0.2, \"log\": true}}"}
{"op_code":5,"worker_id":"912d024c-5c55-4dcf-921d-ef6a26de10cd-139906009941824","trial_id":4,"param_name":"n_estimators","param_value_internal":86.0,"distribution":"{\"name\": \"IntDistribution\", \"attributes\": {\"log\": false, \"step\": 1, \"low\": 50, \"high\": 200}}"}
{"op_code":5,"worker_id":"912d024c-5c55-4dcf-921d-ef6a26de10cd-139906009941824","trial_id":4,"param_name":"max_depth","param_value_internal":2.0,"distribution":"{\"name\": \"IntDistribution\", \"attributes\": {\"log\": false, \"step\": 1, \"low\": 2, \"high\": 5}}"}
{"op_code":6,"worker_id":"912d024c-5c55-4dcf-921d-ef6a26de10cd-139906009941824","trial_id":4,"state":1,"values":[0.6068716780561884],"datetime_complete":"2026-04-06T00:06:06.820689"}
{"op_code":4,"worker_id":"912d024c-5c55-4dcf-921d-ef6a26de10cd-139906009941824","study_id":0,"datetime_start":"2026-04-06T00:06:06.837816"}
{"op_code":5,"worker_id":"912d024c-5c55-4dcf-921d-ef6a26de10cd-139906009941824","trial_id":5,"param_name":"learning_rate","param_value_internal":0.03932524392305061,"distribution":"{\"name\": \"FloatDistribution\", \"attributes\": {\"step\": null, \"low\": 0.01, \"high\": 0.2, \"log\": true}}"}
{"op_code":5,"worker_id":"912d024c-5c55-4dcf-921d-ef6a26de10cd-139906009941824","trial_id":5,"param_name":"n_estimators","param_value_internal":92.0,"distribution":"{\"name\": \"IntDistribution\", \"attributes\": {\"log\": false, \"step\": 1, \"low\": 50, \"high\": 200}}"}
{"op_code":5,"worker_id":"912d024c-5c55-4dcf-921d-ef6a26de10cd-139906009941824","trial_id":5,"param_name":"max_depth","param_value_internal":3.0,"distribution":"{\"name\": \"IntDistribution\", \"attributes\": {\"log\": false, \"step\": 1, \"low\": 2, \"high\": 5}}"}
{"op_code":6,"worker_id":"912d024c-5c55-4dcf-921d-ef6a26de10cd-139906009941824","trial_id":5,"state":1,"values":[0.6264236902050114],"datetime_complete":"2026-04-06T00:06:07.178494"}
{"op_code":4,"worker_id":"912d024c-5c55-4dcf-921d-ef6a26de10cd-139906009941824","study_id":0,"datetime_start":"2026-04-06T00:06:07.219123"}
{"op_code":5,"worker_id":"912d024c-5c55-4dcf-921d-ef6a26de10cd-139906009941824","trial_id":6,"param_name":"learning_rate","param_value_internal":0.02836013518167044,"distribution":"{\"name\": \"FloatDistribution\", \"attributes\": {\"step\": null, \"low\": 0.01, \"high\": 0.2, \"log\": true}}"}
{"op_code":5,"worker_id":"912d024c-5c55-4dcf-921d-ef6a26de10cd-139906009941824","trial_id":6,"param_name":"n_estimators","param_value_internal":52.0,"distribution":"{\"name\": \"IntDistribution\", \"attributes\": {\"log\": false, \"step\": 1, \"low\": 50, \"high\": 200}}"}
{"op_code":5,"worker_id":"912d024c-5c55-4dcf-921d-ef6a26de10cd-139906009941824","trial_id":6,"param_name":"max_depth","param_value_internal":5.0,"distribution":"{\"name\": \"IntDistribution\", \"attributes\": {\"log\": false, \"step\": 1, \"low\": 2, \"high\": 5}}"}
{"op_code":6,"worker_id":"912d024c-5c55-4dcf-921d-ef6a26de10cd-139906009941824","trial_id":6,"state":1,"values":[0.5867501898253606],"datetime_complete":"2026-04-06T00:06:07.490604"}
{"op_code":4,"worker_id":"912d024c-5c55-4dcf-921d-ef6a26de10cd-139906009941824","study_id":0,"datetime_start":"2026-04-06T00:06:07.502245"}
{"op_code":5,"worker_id":"912d024c-5c55-4dcf-921d-ef6a26de10cd-139906009941824","trial_id":7,"param_name":"learning_rate","param_value_internal":0.045985186153479525,"distribution":"{\"name\": \"FloatDistribution\", \"attributes\": {\"step\": null, \"low\": 0.01, \"high\": 0.2, \"log\": true}}"}
{"op_code":5,"worker_id":"912d024c-5c55-4dcf-921d-ef6a26de10cd-139906009941824","trial_id":7,"param_name":"n_estimators","param_value_internal":96.0,"distribution":"{\"name\": \"IntDistribution\", \"attributes\": {\"log\": false, \"step\": 1, \"low\": 50, \"high\": 200}}"}
{"op_code":5,"worker_id":"912d024c-5c55-4dcf-921d-ef6a26de10cd-139906009941824","trial_id":7,"param_name":"max_depth","param_value_internal":4.0,"distribution":"{\"name\": \"IntDistribution\", \"attributes\": {\"log\": false, \"step\": 1, \"low\": 2, \"high\": 5}}"}
{"op_code":6,"worker_id":"912d024c-5c55-4dcf-921d-ef6a26de10cd-139906009941824","trial_id":7,"state":1,"values":[0.6036446469248291],"datetime_complete":"2026-04-06T00:06:08.026314"}
{"op_code":4,"worker_id":"912d024c-5c55-4dcf-921d-ef6a26de10cd-139906009941824","study_id":0,"datetime_start":"2026-04-06T00:06:08.051202"}
{"op_code":5,"worker_id":"912d024c-5c55-4dcf-921d-ef6a26de10cd-139906009941824","trial_id":8,"param_name":"learning_rate","param_value_internal":0.0655688337855698,"distribution":"{\"name\": \"FloatDistribution\", \"attributes\": {\"step\": null, \"low\": 0.01, \"high\": 0.2, \"log\": true}}"}
{"op_code":5,"worker_id":"912d024c-5c55-4dcf-921d-ef6a26de10cd-139906009941824","trial_id":8,"param_name":"n_estimators","param_value_internal":119.0,"distribution":"{\"name\": \"IntDistribution\", \"attributes\": {\"log\": false, \"step\": 1, \"low\": 50, \"high\": 200}}"}
{"op_code":5,"worker_id":"912d024c-5c55-4dcf-921d-ef6a26de10cd-139906009941824","trial_id":8,"param_name":"max_depth","param_value_internal":3.0,"distribution":"{\"name\": \"IntDistribution\", \"attributes\": {\"log\": false, \"step\": 1, \"low\": 2, \"high\": 5}}"}
{"op_code":6,"worker_id":"912d024c-5c55-4dcf-921d-ef6a26de10cd-139906009941824","trial_id":8,"state":1,"values":[0.6416097190584662],"datetime_complete":"2026-04-06T00:06:08.477468"}
{"op_code":4,"worker_id":"912d024c-5c55-4dcf-921d-ef6a26de10cd-139906009941824","study_id":0,"datetime_start":"2026-04-06T00:06:08.497241"}
{"op_code":5,"worker_id":"912d024c-5c55-4dcf-921d-ef6a26de10cd-139906009941824","trial_id":9,"param_name":"learning_rate","param_value_internal":0.019487484466093705,"distribution":"{\"name\": \"FloatDistribution\", \"attributes\": {\"step\": null, \"low\": 0.01, \"high\": 0.2, \"log\": true}}"}
{"op_code":5,"worker_id":"912d024c-5c55-4dcf-921d-ef6a26de10cd-139906009941824","trial_id":9,"param_name":"n_estimators","param_value_internal":69.0,"distribution":"{\"name\": \"IntDistribution\", \"attributes\": {\"log\": false, \"step\": 1, \"low\": 50, \"high\": 200}}"}
{"op_code":5,"worker_id":"912d024c-5c55-4dcf-921d-ef6a26de10cd-139906009941824","trial_id":9,"param_name":"max_depth","param_value_internal":3.0,"distribution":"{\"name\": \"IntDistribution\", \"attributes\": {\"log\": false, \"step\": 1, \"low\": 2, \"high\": 5}}"}
{"op_code":6,"worker_id":"912d024c-5c55-4dcf-921d-ef6a26de10cd-139906009941824","trial_id":9,"state":1,"values":[0.6133257403189066],"datetime_complete":"2026-04-06T00:06:08.762116"}
{"op_code":4,"worker_id":"912d024c-5c55-4dcf-921d-ef6a26de10cd-139906009941824","study_id":0,"datetime_start":"2026-04-06T00:06:08.779869"}
{"op_code":5,"worker_id":"912d024c-5c55-4dcf-921d-ef6a26de10cd-139906009941824","trial_id":10,"param_name":"learning_rate","param_value_internal":0.19347041981436117,"distribution":"{\"name\": \"FloatDistribution\", \"attributes\": {\"step\": null, \"low\": 0.01, \"high\": 0.2, \"log\": true}}"}
{"op_code":5,"worker_id":"912d024c-5c55-4dcf-921d-ef6a26de10cd-139906009941824","trial_id":10,"param_name":"n_estimators","param_value_internal":51.0,"distribution":"{\"name\": \"IntDistribution\", \"attributes\": {\"log\": false, \"step\": 1, \"low\": 50, \"high\": 200}}"}
{"op_code":5,"worker_id":"912d024c-5c55-4dcf-921d-ef6a26de10cd-139906009941824","trial_id":10,"param_name":"max_depth","param_value_internal":5.0,"distribution":"{\"name\": \"IntDistribution\", \"attributes\": {\"log\": false, \"step\": 1, \"low\": 2, \"high\": 5}}"}
{"op_code":6,"worker_id":"912d024c-5c55-4dcf-921d-ef6a26de10cd-139906009941824","trial_id":10,"state":1,"values":[0.6602126044039484],"datetime_complete":"2026-04-06T00:06:09.050780"}
{"op_code":4,"worker_id":"912d024c-5c55-4dcf-921d-ef6a26de10cd-139906009941824","study_id":0,"datetime_start":"2026-04-06T00:06:09.068713"}
{"op_code":5,"worker_id":"912d024c-5c55-4dcf-921d-ef6a26de10cd-139906009941824","trial_id":11,"param_name":"learning_rate","param_value_internal":0.18318940098430014,"distribution":"{\"name\": \"FloatDistribution\", \"attributes\": {\"step\": null, \"low\": 0.01, \"high\": 0.2, \"log\": true}}"}
{"op_code":5,"worker_id":"912d024c-5c55-4dcf-921d-ef6a26de10cd-139906009941824","trial_id":11,"param_name":"n_estimators","param_value_internal":63.0,"distribution":"{\"name\": \"IntDistribution\", \"attributes\": {\"log\": false, \"step\": 1, \"low\": 50, \"high\": 200}}"}
{"op_code":5,"worker_id":"912d024c-5c55-4dcf-921d-ef6a26de10cd-139906009941824","trial_id":11,"param_name":"max_depth","param_value_internal":5.0,"distribution":"{\"name\": \"IntDistribution\", \"attributes\": {\"log\": false, \"step\": 1, \"low\": 2, \"high\": 5}}"}
{"op_code":6,"worker_id":"912d024c-5c55-4dcf-921d-ef6a26de10cd-139906009941824","trial_id":11,"state":1,"values":[0.6013667425968109],"datetime_complete":"2026-04-06T00:06:09.392714"}
{"op_code":4,"worker_id":"912d024c-5c55-4dcf-921d-ef6a26de10cd-139906009941824","study_id":0,"datetime_start":"2026-04-06T00:06:09.405711"}
{"op_code":5,"worker_id":"912d024c-5c55-4dcf-921d-ef6a26de10cd-139906009941824","trial_id":12,"param_name":"learning_rate","param_value_internal":0.19404291802715365,"distribution":"{\"name\": \"FloatDistribution\", \"attributes\": {\"step\": null, \"low\": 0.01, \"high\": 0.2, \"log\": true}}"}
{"op_code":5,"worker_id":"912d024c-5c55-4dcf-921d-ef6a26de10cd-139906009941824","trial_id":12,"param_name":"n_estimators","param_value_internal":198.0,"distribution":"{\"name\": \"IntDistribution\", \"attributes\": {\"log\": false, \"step\": 1, \"low\": 50, \"high\": 200}}"}
{"op_code":5,"worker_id":"912d024c-5c55-4dcf-921d-ef6a26de10cd-139906009941824","trial_id":12,"param_name":"max_depth","param_value_internal":5.0,"distribution":"{\"name\": \"IntDistribution\", \"attributes\": {\"log\": false, \"step\": 1, \"low\": 2, \"high\": 5}}"}
{"op_code":6,"worker_id":"912d024c-5c55-4dcf-921d-ef6a26de10cd-139906009941824","trial_id":12,"state":1,"values":[0.6438876233864844],"datetime_complete":"2026-04-06T00:06:10.299358"}
{"op_code":4,"worker_id":"912d024c-5c55-4dcf-921d-ef6a26de10cd-139906009941824","study_id":0,"datetime_start":"2026-04-06T00:06:10.311417"}
{"op_code":5,"worker_id":"912d024c-5c55-4dcf-921d-ef6a26de10cd-139906009941824","trial_id":13,"param_name":"learning_rate","param_value_internal":0.010547278240608688,"distribution":"{\"name\": \"FloatDistribution\", \"attributes\": {\"step\": null, \"low\": 0.01, \"high\": 0.2, \"log\": true}}"}
{"op_code":5,"worker_id":"912d024c-5c55-4dcf-921d-ef6a26de10cd-139906009941824","trial_id":13,"param_name":"n_estimators","param_value_internal":196.0,"distribution":"{\"name\": \"IntDistribution\", \"attributes\": {\"log\": false, \"step\": 1, \"low\": 50, \"high\": 200}}"}
{"op_code":5,"worker_id":"912d024c-5c55-4dcf-921d-ef6a26de10cd-139906009941824","trial_id":13,"param_name":"max_depth","param_value_internal":5.0,"distribution":"{\"name\": \"IntDistribution\", \"attributes\": {\"log\": false, \"step\": 1, \"low\": 2, \"high\": 5}}"}
{"op_code":6,"worker_id":"912d024c-5c55-4dcf-921d-ef6a26de10cd-139906009941824","trial_id":13,"state":1,"values":[0.6315489749430524],"datetime_complete":"2026-04-06T00:06:11.194365"}
{"op_code":4,"worker_id":"912d024c-5c55-4dcf-921d-ef6a26de10cd-139906009941824","study_id":0,"datetime_start":"2026-04-06T00:06:11.223662"}
{"op_code":5,"worker_id":"912d024c-5c55-4dcf-921d-ef6a26de10cd-139906009941824","trial_id":14,"param_name":"learning_rate","param_value_internal":0.11287919907983121,"distribution":"{\"name\": \"FloatDistribution\", \"attributes\": {\"step\": null, \"low\": 0.01, \"high\": 0.2, \"log\": true}}"}
{"op_code":5,"worker_id":"912d024c-5c55-4dcf-921d-ef6a26de10cd-139906009941824","trial_id":14,"param_name":"n_estimators","param_value_internal":200.0,"distribution":"{\"name\": \"IntDistribution\", \"attributes\": {\"log\": false, \"step\": 1, \"low\": 50, \"high\": 200}}"}
{"op_code":5,"worker_id":"912d024c-5c55-4dcf-921d-ef6a26de10cd-139906009941824","trial_id":14,"param_name":"max_depth","param_value_internal":5.0,"distribution":"{\"name\": \"IntDistribution\", \"attributes\": {\"log\": false, \"step\": 1, \"low\": 2, \"high\": 5}}"}
{"op_code":6,"worker_id":"912d024c-5c55-4dcf-921d-ef6a26de10cd-139906009941824","trial_id":14,"state":1,"values":[0.6135155656795748],"datetime_complete":"2026-04-06T00:06:12.132161"}
{"op_code":4,"worker_id":"912d024c-5c55-4dcf-921d-ef6a26de10cd-139906009941824","study_id":0,"datetime_start":"2026-04-06T00:06:12.145423"}
{"op_code":5,"worker_id":"912d024c-5c55-4dcf-921d-ef6a26de10cd-139906009941824","trial_id":15,"param_name":"learning_rate","param_value_internal":0.12231369931471399,"distribution":"{\"name\": \"FloatDistribution\", \"attributes\": {\"step\": null, \"low\": 0.01, \"high\": 0.2, \"log\": true}}"}
{"op_code":5,"worker_id":"912d024c-5c55-4dcf-921d-ef6a26de10cd-139906009941824","trial_id":15,"param_name":"n_estimators","param_value_internal":172.0,"distribution":"{\"name\": \"IntDistribution\", \"attributes\": {\"log\": false, \"step\": 1, \"low\": 50, \"high\": 200}}"}
{"op_code":5,"worker_id":"912d024c-5c55-4dcf-921d-ef6a26de10cd-139906009941824","trial_id":15,"param_name":"max_depth","param_value_internal":4.0,"distribution":"{\"name\": \"IntDistribution\", \"attributes\": {\"log\": false, \"step\": 1, \"low\": 2, \"high\": 5}}"}
{"op_code":6,"worker_id":"912d024c-5c55-4dcf-921d-ef6a26de10cd-139906009941824","trial_id":15,"state":1,"values":[0.6567957479119211],"datetime_complete":"2026-04-06T00:06:12.836022"}
{"op_code":4,"worker_id":"912d024c-5c55-4dcf-921d-ef6a26de10cd-139906009941824","study_id":0,"datetime_start":"2026-04-06T00:06:12.855435"}
{"op_code":5,"worker_id":"912d024c-5c55-4dcf-921d-ef6a26de10cd-139906009941824","trial_id":16,"param_name":"learning_rate","param_value_internal":0.1160938111292745,"distribution":"{\"name\": \"FloatDistribution\", \"attributes\": {\"step\": null, \"low\": 0.01, \"high\": 0.2, \"log\": true}}"}
{"op_code":5,"worker_id":"912d024c-5c55-4dcf-921d-ef6a26de10cd-139906009941824","trial_id":16,"param_name":"n_estimators","param_value_internal":170.0,"distribution":"{\"name\": \"IntDistribution\", \"attributes\": {\"log\": false, \"step\": 1, \"low\": 50, \"high\": 200}}"}
{"op_code":5,"worker_id":"912d024c-5c55-4dcf-921d-ef6a26de10cd-139906009941824","trial_id":16,"param_name":"max_depth","param_value_internal":4.0,"distribution":"{\"name\": \"IntDistribution\", \"attributes\": {\"log\": false, \"step\": 1, \"low\": 2, \"high\": 5}}"}
{"op_code":6,"worker_id":"912d024c-5c55-4dcf-921d-ef6a26de10cd-139906009941824","trial_id":16,"state":1,"values":[0.6381928625664389],"datetime_complete":"2026-04-06T00:06:13.535750"}
{"op_code":4,"worker_id":"912d024c-5c55-4dcf-921d-ef6a26de10cd-139906009941824","study_id":0,"datetime_start":"2026-04-06T00:06:13.555466"}
{"op_code":5,"worker_id":"912d024c-5c55-4dcf-921d-ef6a26de10cd-139906009941824","trial_id":17,"param_name":"learning_rate","param_value_internal":0.08022842119488191,"distribution":"{\"name\": \"FloatDistribution\", \"attributes\": {\"step\": null, \"low\": 0.01, \"high\": 0.2, \"log\": true}}"}
{"op_code":5,"worker_id":"912d024c-5c55-4dcf-921d-ef6a26de10cd-139906009941824","trial_id":17,"param_name":"n_estimators","param_value_internal":155.0,"distribution":"{\"name\": \"IntDistribution\", \"attributes\": {\"log\": false, \"step\": 1, \"low\": 50, \"high\": 200}}"}
{"op_code":5,"worker_id":"912d024c-5c55-4dcf-921d-ef6a26de10cd-139906009941824","trial_id":17,"param_name":"max_depth","param_value_internal":4.0,"distribution":"{\"name\": \"IntDistribution\", \"attributes\": {\"log\": false, \"step\": 1, \"low\": 2, \"high\": 5}}"}
{"op_code":6,"worker_id":"912d024c-5c55-4dcf-921d-ef6a26de10cd-139906009941824","trial_id":17,"state":1,"values":[0.6256643887623387],"datetime_complete":"2026-04-06T00:06:14.182841"}
{"op_code":4,"worker_id":"912d024c-5c55-4dcf-921d-ef6a26de10cd-139906009941824","study_id":0,"datetime_start":"2026-04-06T00:06:14.202077"}
{"op_code":5,"worker_id":"912d024c-5c55-4dcf-921d-ef6a26de10cd-139906009941824","trial_id":18,"param_name":"learning_rate","param_value_internal":0.14349218487194115,"distribution":"{\"name\": \"FloatDistribution\", \"attributes\": {\"step\": null, \"low\": 0.01, \"high\": 0.2, \"log\": true}}"}
{"op_code":5,"worker_id":"912d024c-5c55-4dcf-921d-ef6a26de10cd-139906009941824","trial_id":18,"param_name":"n_estimators","param_value_internal":177.0,"distribution":"{\"name\": \"IntDistribution\", \"attributes\": {\"log\": false, \"step\": 1, \"low\": 50, \"high\": 200}}"}
{"op_code":5,"worker_id":"912d024c-5c55-4dcf-921d-ef6a26de10cd-139906009941824","trial_id":18,"param_name":"max_depth","param_value_internal":5.0,"distribution":"{\"name\": \"IntDistribution\", \"attributes\": {\"log\": false, \"step\": 1, \"low\": 2, \"high\": 5}}"}
{"op_code":6,"worker_id":"912d024c-5c55-4dcf-921d-ef6a26de10cd-139906009941824","trial_id":18,"state":1,"values":[0.619969627942293],"datetime_complete":"2026-04-06T00:06:15.027677"}
{"op_code":4,"worker_id":"912d024c-5c55-4dcf-921d-ef6a26de10cd-139906009941824","study_id":0,"datetime_start":"2026-04-06T00:06:15.040056"}
{"op_code":5,"worker_id":"912d024c-5c55-4dcf-921d-ef6a26de10cd-139906009941824","trial_id":19,"param_name":"learning_rate","param_value_internal":0.08238191506478806,"distribution":"{\"name\": \"FloatDistribution\", \"attributes\": {\"step\": null, \"low\": 0.01, \"high\": 0.2, \"log\": true}}"}
{"op_code":5,"worker_id":"912d024c-5c55-4dcf-921d-ef6a26de10cd-139906009941824","trial_id":19,"param_name":"n_estimators","param_value_internal":141.0,"distribution":"{\"name\": \"IntDistribution\", \"attributes\": {\"log\": false, \"step\": 1, \"low\": 50, \"high\": 200}}"}
{"op_code":5,"worker_id":"912d024c-5c55-4dcf-921d-ef6a26de10cd-139906009941824","trial_id":19,"param_name":"max_depth","param_value_internal":4.0,"distribution":"{\"name\": \"IntDistribution\", \"attributes\": {\"log\": false, \"step\": 1, \"low\": 2, \"high\": 5}}"}
{"op_code":6,"worker_id":"912d024c-5c55-4dcf-921d-ef6a26de10cd-139906009941824","trial_id":19,"state":1,"values":[0.6283219438116933],"datetime_complete":"2026-04-06T00:06:15.614736"}
