{"op_code":0,"worker_id":"c7a1995d-6e97-4320-a415-8e50d588b0d2-140062064023360","study_name":"survtrace_tuning","directions":[2]}
{"op_code":4,"worker_id":"c7a1995d-6e97-4320-a415-8e50d588b0d2-140062064023360","study_id":0,"datetime_start":"2026-04-14T08:44:31.098552"}
{"op_code":5,"worker_id":"c7a1995d-6e97-4320-a415-8e50d588b0d2-140062064023360","trial_id":0,"param_name":"learning_rate","param_value_internal":0.00033382330915184905,"distribution":"{\"name\": \"FloatDistribution\", \"attributes\": {\"step\": null, \"low\": 0.0001, \"high\": 0.01, \"log\": true}}"}
{"op_code":5,"worker_id":"c7a1995d-6e97-4320-a415-8e50d588b0d2-140062064023360","trial_id":0,"param_name":"hidden_size","param_value_internal":2,"distribution":"{\"name\": \"CategoricalDistribution\", \"attributes\": {\"choices\": [8, 16, 32]}}"}
{"op_code":5,"worker_id":"c7a1995d-6e97-4320-a415-8e50d588b0d2-140062064023360","trial_id":0,"param_name":"num_hidden_layers","param_value_internal":2,"distribution":"{\"name\": \"CategoricalDistribution\", \"attributes\": {\"choices\": [1, 2, 3, 4]}}"}
{"op_code":5,"worker_id":"c7a1995d-6e97-4320-a415-8e50d588b0d2-140062064023360","trial_id":0,"param_name":"num_attention_heads","param_value_internal":2,"distribution":"{\"name\": \"CategoricalDistribution\", \"attributes\": {\"choices\": [2, 4, 8]}}"}
{"op_code":5,"worker_id":"c7a1995d-6e97-4320-a415-8e50d588b0d2-140062064023360","trial_id":0,"param_name":"intermediate_size","param_value_internal":1,"distribution":"{\"name\": \"CategoricalDistribution\", \"attributes\": {\"choices\": [32, 64, 128]}}"}
{"op_code":6,"worker_id":"c7a1995d-6e97-4320-a415-8e50d588b0d2-140062064023360","trial_id":0,"state":1,"values":[0.6262832386274448],"datetime_complete":"2026-04-14T08:44:31.955233"}
{"op_code":4,"worker_id":"c7a1995d-6e97-4320-a415-8e50d588b0d2-140062064023360","study_id":0,"datetime_start":"2026-04-14T08:44:31.967632"}
{"op_code":5,"worker_id":"c7a1995d-6e97-4320-a415-8e50d588b0d2-140062064023360","trial_id":1,"param_name":"learning_rate","param_value_internal":0.008670092897090123,"distribution":"{\"name\": \"FloatDistribution\", \"attributes\": {\"step\": null, \"low\": 0.0001, \"high\": 0.01, \"log\": true}}"}
{"op_code":5,"worker_id":"c7a1995d-6e97-4320-a415-8e50d588b0d2-140062064023360","trial_id":1,"param_name":"hidden_size","param_value_internal":0,"distribution":"{\"name\": \"CategoricalDistribution\", \"attributes\": {\"choices\": [8, 16, 32]}}"}
{"op_code":5,"worker_id":"c7a1995d-6e97-4320-a415-8e50d588b0d2-140062064023360","trial_id":1,"param_name":"num_hidden_layers","param_value_internal":1,"distribution":"{\"name\": \"CategoricalDistribution\", \"attributes\": {\"choices\": [1, 2, 3, 4]}}"}
{"op_code":5,"worker_id":"c7a1995d-6e97-4320-a415-8e50d588b0d2-140062064023360","trial_id":1,"param_name":"num_attention_heads","param_value_internal":2,"distribution":"{\"name\": \"CategoricalDistribution\", \"attributes\": {\"choices\": [2, 4, 8]}}"}
{"op_code":5,"worker_id":"c7a1995d-6e97-4320-a415-8e50d588b0d2-140062064023360","trial_id":1,"param_name":"intermediate_size","param_value_internal":2,"distribution":"{\"name\": \"CategoricalDistribution\", \"attributes\": {\"choices\": [32, 64, 128]}}"}
{"op_code":6,"worker_id":"c7a1995d-6e97-4320-a415-8e50d588b0d2-140062064023360","trial_id":1,"state":1,"values":[0.5153674693121527],"datetime_complete":"2026-04-14T08:44:32.603024"}
{"op_code":4,"worker_id":"c7a1995d-6e97-4320-a415-8e50d588b0d2-140062064023360","study_id":0,"datetime_start":"2026-04-14T08:44:32.620361"}
{"op_code":5,"worker_id":"c7a1995d-6e97-4320-a415-8e50d588b0d2-140062064023360","trial_id":2,"param_name":"learning_rate","param_value_internal":0.00015834761528295185,"distribution":"{\"name\": \"FloatDistribution\", \"attributes\": {\"step\": null, \"low\": 0.0001, \"high\": 0.01, \"log\": true}}"}
{"op_code":5,"worker_id":"c7a1995d-6e97-4320-a415-8e50d588b0d2-140062064023360","trial_id":2,"param_name":"hidden_size","param_value_internal":2,"distribution":"{\"name\": \"CategoricalDistribution\", \"attributes\": {\"choices\": [8, 16, 32]}}"}
{"op_code":5,"worker_id":"c7a1995d-6e97-4320-a415-8e50d588b0d2-140062064023360","trial_id":2,"param_name":"num_hidden_layers","param_value_internal":0,"distribution":"{\"name\": \"CategoricalDistribution\", \"attributes\": {\"choices\": [1, 2, 3, 4]}}"}
{"op_code":5,"worker_id":"c7a1995d-6e97-4320-a415-8e50d588b0d2-140062064023360","trial_id":2,"param_name":"num_attention_heads","param_value_internal":2,"distribution":"{\"name\": \"CategoricalDistribution\", \"attributes\": {\"choices\": [2, 4, 8]}}"}
{"op_code":5,"worker_id":"c7a1995d-6e97-4320-a415-8e50d588b0d2-140062064023360","trial_id":2,"param_name":"intermediate_size","param_value_internal":0,"distribution":"{\"name\": \"CategoricalDistribution\", \"attributes\": {\"choices\": [32, 64, 128]}}"}
{"op_code":6,"worker_id":"c7a1995d-6e97-4320-a415-8e50d588b0d2-140062064023360","trial_id":2,"state":1,"values":[0.6040247386431419],"datetime_complete":"2026-04-14T08:44:33.232530"}
{"op_code":4,"worker_id":"c7a1995d-6e97-4320-a415-8e50d588b0d2-140062064023360","study_id":0,"datetime_start":"2026-04-14T08:44:33.245673"}
{"op_code":5,"worker_id":"c7a1995d-6e97-4320-a415-8e50d588b0d2-140062064023360","trial_id":3,"param_name":"learning_rate","param_value_internal":0.00016132083029832375,"distribution":"{\"name\": \"FloatDistribution\", \"attributes\": {\"step\": null, \"low\": 0.0001, \"high\": 0.01, \"log\": true}}"}
{"op_code":5,"worker_id":"c7a1995d-6e97-4320-a415-8e50d588b0d2-140062064023360","trial_id":3,"param_name":"hidden_size","param_value_internal":0,"distribution":"{\"name\": \"CategoricalDistribution\", \"attributes\": {\"choices\": [8, 16, 32]}}"}
{"op_code":5,"worker_id":"c7a1995d-6e97-4320-a415-8e50d588b0d2-140062064023360","trial_id":3,"param_name":"num_hidden_layers","param_value_internal":0,"distribution":"{\"name\": \"CategoricalDistribution\", \"attributes\": {\"choices\": [1, 2, 3, 4]}}"}
{"op_code":5,"worker_id":"c7a1995d-6e97-4320-a415-8e50d588b0d2-140062064023360","trial_id":3,"param_name":"num_attention_heads","param_value_internal":1,"distribution":"{\"name\": \"CategoricalDistribution\", \"attributes\": {\"choices\": [2, 4, 8]}}"}
{"op_code":5,"worker_id":"c7a1995d-6e97-4320-a415-8e50d588b0d2-140062064023360","trial_id":3,"param_name":"intermediate_size","param_value_internal":0,"distribution":"{\"name\": \"CategoricalDistribution\", \"attributes\": {\"choices\": [32, 64, 128]}}"}
{"op_code":6,"worker_id":"c7a1995d-6e97-4320-a415-8e50d588b0d2-140062064023360","trial_id":3,"state":1,"values":[0.6451197689385615],"datetime_complete":"2026-04-14T08:44:33.869511"}
{"op_code":4,"worker_id":"c7a1995d-6e97-4320-a415-8e50d588b0d2-140062064023360","study_id":0,"datetime_start":"2026-04-14T08:44:33.883438"}
{"op_code":5,"worker_id":"c7a1995d-6e97-4320-a415-8e50d588b0d2-140062064023360","trial_id":4,"param_name":"learning_rate","param_value_internal":0.0007210093703827969,"distribution":"{\"name\": \"FloatDistribution\", \"attributes\": {\"step\": null, \"low\": 0.0001, \"high\": 0.01, \"log\": true}}"}
{"op_code":5,"worker_id":"c7a1995d-6e97-4320-a415-8e50d588b0d2-140062064023360","trial_id":4,"param_name":"hidden_size","param_value_internal":0,"distribution":"{\"name\": \"CategoricalDistribution\", \"attributes\": {\"choices\": [8, 16, 32]}}"}
{"op_code":5,"worker_id":"c7a1995d-6e97-4320-a415-8e50d588b0d2-140062064023360","trial_id":4,"param_name":"num_hidden_layers","param_value_internal":2,"distribution":"{\"name\": \"CategoricalDistribution\", \"attributes\": {\"choices\": [1, 2, 3, 4]}}"}
{"op_code":5,"worker_id":"c7a1995d-6e97-4320-a415-8e50d588b0d2-140062064023360","trial_id":4,"param_name":"num_attention_heads","param_value_internal":0,"distribution":"{\"name\": \"CategoricalDistribution\", \"attributes\": {\"choices\": [2, 4, 8]}}"}
{"op_code":5,"worker_id":"c7a1995d-6e97-4320-a415-8e50d588b0d2-140062064023360","trial_id":4,"param_name":"intermediate_size","param_value_internal":0,"distribution":"{\"name\": \"CategoricalDistribution\", \"attributes\": {\"choices\": [32, 64, 128]}}"}
{"op_code":6,"worker_id":"c7a1995d-6e97-4320-a415-8e50d588b0d2-140062064023360","trial_id":4,"state":1,"values":[0.5568706244309798],"datetime_complete":"2026-04-14T08:44:34.713097"}
{"op_code":4,"worker_id":"c7a1995d-6e97-4320-a415-8e50d588b0d2-140062064023360","study_id":0,"datetime_start":"2026-04-14T08:44:34.726836"}
{"op_code":5,"worker_id":"c7a1995d-6e97-4320-a415-8e50d588b0d2-140062064023360","trial_id":5,"param_name":"learning_rate","param_value_internal":0.0005028664100325528,"distribution":"{\"name\": \"FloatDistribution\", \"attributes\": {\"step\": null, \"low\": 0.0001, \"high\": 0.01, \"log\": true}}"}
{"op_code":5,"worker_id":"c7a1995d-6e97-4320-a415-8e50d588b0d2-140062064023360","trial_id":5,"param_name":"hidden_size","param_value_internal":2,"distribution":"{\"name\": \"CategoricalDistribution\", \"attributes\": {\"choices\": [8, 16, 32]}}"}
{"op_code":5,"worker_id":"c7a1995d-6e97-4320-a415-8e50d588b0d2-140062064023360","trial_id":5,"param_name":"num_hidden_layers","param_value_internal":3,"distribution":"{\"name\": \"CategoricalDistribution\", \"attributes\": {\"choices\": [1, 2, 3, 4]}}"}
{"op_code":5,"worker_id":"c7a1995d-6e97-4320-a415-8e50d588b0d2-140062064023360","trial_id":5,"param_name":"num_attention_heads","param_value_internal":2,"distribution":"{\"name\": \"CategoricalDistribution\", \"attributes\": {\"choices\": [2, 4, 8]}}"}
{"op_code":5,"worker_id":"c7a1995d-6e97-4320-a415-8e50d588b0d2-140062064023360","trial_id":5,"param_name":"intermediate_size","param_value_internal":2,"distribution":"{\"name\": \"CategoricalDistribution\", \"attributes\": {\"choices\": [32, 64, 128]}}"}
{"op_code":6,"worker_id":"c7a1995d-6e97-4320-a415-8e50d588b0d2-140062064023360","trial_id":5,"state":1,"values":[0.5987819043732144],"datetime_complete":"2026-04-14T08:44:35.828130"}
{"op_code":4,"worker_id":"c7a1995d-6e97-4320-a415-8e50d588b0d2-140062064023360","study_id":0,"datetime_start":"2026-04-14T08:44:35.843559"}
{"op_code":5,"worker_id":"c7a1995d-6e97-4320-a415-8e50d588b0d2-140062064023360","trial_id":6,"param_name":"learning_rate","param_value_internal":0.005574262209898316,"distribution":"{\"name\": \"FloatDistribution\", \"attributes\": {\"step\": null, \"low\": 0.0001, \"high\": 0.01, \"log\": true}}"}
{"op_code":5,"worker_id":"c7a1995d-6e97-4320-a415-8e50d588b0d2-140062064023360","trial_id":6,"param_name":"hidden_size","param_value_internal":0,"distribution":"{\"name\": \"CategoricalDistribution\", \"attributes\": {\"choices\": [8, 16, 32]}}"}
{"op_code":5,"worker_id":"c7a1995d-6e97-4320-a415-8e50d588b0d2-140062064023360","trial_id":6,"param_name":"num_hidden_layers","param_value_internal":0,"distribution":"{\"name\": \"CategoricalDistribution\", \"attributes\": {\"choices\": [1, 2, 3, 4]}}"}
{"op_code":5,"worker_id":"c7a1995d-6e97-4320-a415-8e50d588b0d2-140062064023360","trial_id":6,"param_name":"num_attention_heads","param_value_internal":2,"distribution":"{\"name\": \"CategoricalDistribution\", \"attributes\": {\"choices\": [2, 4, 8]}}"}
{"op_code":5,"worker_id":"c7a1995d-6e97-4320-a415-8e50d588b0d2-140062064023360","trial_id":6,"param_name":"intermediate_size","param_value_internal":0,"distribution":"{\"name\": \"CategoricalDistribution\", \"attributes\": {\"choices\": [32, 64, 128]}}"}
{"op_code":6,"worker_id":"c7a1995d-6e97-4320-a415-8e50d588b0d2-140062064023360","trial_id":6,"state":1,"values":[0.6195020877154428],"datetime_complete":"2026-04-14T08:44:36.461755"}
{"op_code":4,"worker_id":"c7a1995d-6e97-4320-a415-8e50d588b0d2-140062064023360","study_id":0,"datetime_start":"2026-04-14T08:44:36.475324"}
{"op_code":5,"worker_id":"c7a1995d-6e97-4320-a415-8e50d588b0d2-140062064023360","trial_id":7,"param_name":"learning_rate","param_value_internal":0.0007519579538868436,"distribution":"{\"name\": \"FloatDistribution\", \"attributes\": {\"step\": null, \"low\": 0.0001, \"high\": 0.01, \"log\": true}}"}
{"op_code":5,"worker_id":"c7a1995d-6e97-4320-a415-8e50d588b0d2-140062064023360","trial_id":7,"param_name":"hidden_size","param_value_internal":1,"distribution":"{\"name\": \"CategoricalDistribution\", \"attributes\": {\"choices\": [8, 16, 32]}}"}
{"op_code":5,"worker_id":"c7a1995d-6e97-4320-a415-8e50d588b0d2-140062064023360","trial_id":7,"param_name":"num_hidden_layers","param_value_internal":0,"distribution":"{\"name\": \"CategoricalDistribution\", \"attributes\": {\"choices\": [1, 2, 3, 4]}}"}
{"op_code":5,"worker_id":"c7a1995d-6e97-4320-a415-8e50d588b0d2-140062064023360","trial_id":7,"param_name":"num_attention_heads","param_value_internal":0,"distribution":"{\"name\": \"CategoricalDistribution\", \"attributes\": {\"choices\": [2, 4, 8]}}"}
{"op_code":5,"worker_id":"c7a1995d-6e97-4320-a415-8e50d588b0d2-140062064023360","trial_id":7,"param_name":"intermediate_size","param_value_internal":1,"distribution":"{\"name\": \"CategoricalDistribution\", \"attributes\": {\"choices\": [32, 64, 128]}}"}
{"op_code":6,"worker_id":"c7a1995d-6e97-4320-a415-8e50d588b0d2-140062064023360","trial_id":7,"state":1,"values":[0.5148965560543748],"datetime_complete":"2026-04-14T08:44:37.088474"}
{"op_code":4,"worker_id":"c7a1995d-6e97-4320-a415-8e50d588b0d2-140062064023360","study_id":0,"datetime_start":"2026-04-14T08:44:37.102738"}
{"op_code":5,"worker_id":"c7a1995d-6e97-4320-a415-8e50d588b0d2-140062064023360","trial_id":8,"param_name":"learning_rate","param_value_internal":0.00011970673916424394,"distribution":"{\"name\": \"FloatDistribution\", \"attributes\": {\"step\": null, \"low\": 0.0001, \"high\": 0.01, \"log\": true}}"}
{"op_code":5,"worker_id":"c7a1995d-6e97-4320-a415-8e50d588b0d2-140062064023360","trial_id":8,"param_name":"hidden_size","param_value_internal":2,"distribution":"{\"name\": \"CategoricalDistribution\", \"attributes\": {\"choices\": [8, 16, 32]}}"}
{"op_code":5,"worker_id":"c7a1995d-6e97-4320-a415-8e50d588b0d2-140062064023360","trial_id":8,"param_name":"num_hidden_layers","param_value_internal":2,"distribution":"{\"name\": \"CategoricalDistribution\", \"attributes\": {\"choices\": [1, 2, 3, 4]}}"}
{"op_code":5,"worker_id":"c7a1995d-6e97-4320-a415-8e50d588b0d2-140062064023360","trial_id":8,"param_name":"num_attention_heads","param_value_internal":0,"distribution":"{\"name\": \"CategoricalDistribution\", \"attributes\": {\"choices\": [2, 4, 8]}}"}
{"op_code":5,"worker_id":"c7a1995d-6e97-4320-a415-8e50d588b0d2-140062064023360","trial_id":8,"param_name":"intermediate_size","param_value_internal":0,"distribution":"{\"name\": \"CategoricalDistribution\", \"attributes\": {\"choices\": [32, 64, 128]}}"}
{"op_code":6,"worker_id":"c7a1995d-6e97-4320-a415-8e50d588b0d2-140062064023360","trial_id":8,"state":1,"values":[0.6253100178947038],"datetime_complete":"2026-04-14T08:44:37.954695"}
{"op_code":4,"worker_id":"c7a1995d-6e97-4320-a415-8e50d588b0d2-140062064023360","study_id":0,"datetime_start":"2026-04-14T08:44:37.969077"}
{"op_code":5,"worker_id":"c7a1995d-6e97-4320-a415-8e50d588b0d2-140062064023360","trial_id":9,"param_name":"learning_rate","param_value_internal":0.00021229675605161303,"distribution":"{\"name\": \"FloatDistribution\", \"attributes\": {\"step\": null, \"low\": 0.0001, \"high\": 0.01, \"log\": true}}"}
{"op_code":5,"worker_id":"c7a1995d-6e97-4320-a415-8e50d588b0d2-140062064023360","trial_id":9,"param_name":"hidden_size","param_value_internal":2,"distribution":"{\"name\": \"CategoricalDistribution\", \"attributes\": {\"choices\": [8, 16, 32]}}"}
{"op_code":5,"worker_id":"c7a1995d-6e97-4320-a415-8e50d588b0d2-140062064023360","trial_id":9,"param_name":"num_hidden_layers","param_value_internal":0,"distribution":"{\"name\": \"CategoricalDistribution\", \"attributes\": {\"choices\": [1, 2, 3, 4]}}"}
{"op_code":5,"worker_id":"c7a1995d-6e97-4320-a415-8e50d588b0d2-140062064023360","trial_id":9,"param_name":"num_attention_heads","param_value_internal":0,"distribution":"{\"name\": \"CategoricalDistribution\", \"attributes\": {\"choices\": [2, 4, 8]}}"}
{"op_code":5,"worker_id":"c7a1995d-6e97-4320-a415-8e50d588b0d2-140062064023360","trial_id":9,"param_name":"intermediate_size","param_value_internal":0,"distribution":"{\"name\": \"CategoricalDistribution\", \"attributes\": {\"choices\": [32, 64, 128]}}"}
{"op_code":6,"worker_id":"c7a1995d-6e97-4320-a415-8e50d588b0d2-140062064023360","trial_id":9,"state":1,"values":[0.6185602611998869],"datetime_complete":"2026-04-14T08:44:38.591450"}
{"op_code":4,"worker_id":"c7a1995d-6e97-4320-a415-8e50d588b0d2-140062064023360","study_id":0,"datetime_start":"2026-04-14T08:44:38.609197"}
{"op_code":5,"worker_id":"c7a1995d-6e97-4320-a415-8e50d588b0d2-140062064023360","trial_id":10,"param_name":"learning_rate","param_value_internal":0.002128856955221446,"distribution":"{\"name\": \"FloatDistribution\", \"attributes\": {\"step\": null, \"low\": 0.0001, \"high\": 0.01, \"log\": true}}"}
{"op_code":5,"worker_id":"c7a1995d-6e97-4320-a415-8e50d588b0d2-140062064023360","trial_id":10,"param_name":"hidden_size","param_value_internal":1,"distribution":"{\"name\": \"CategoricalDistribution\", \"attributes\": {\"choices\": [8, 16, 32]}}"}
{"op_code":5,"worker_id":"c7a1995d-6e97-4320-a415-8e50d588b0d2-140062064023360","trial_id":10,"param_name":"num_hidden_layers","param_value_internal":3,"distribution":"{\"name\": \"CategoricalDistribution\", \"attributes\": {\"choices\": [1, 2, 3, 4]}}"}
{"op_code":5,"worker_id":"c7a1995d-6e97-4320-a415-8e50d588b0d2-140062064023360","trial_id":10,"param_name":"num_attention_heads","param_value_internal":1,"distribution":"{\"name\": \"CategoricalDistribution\", \"attributes\": {\"choices\": [2, 4, 8]}}"}
{"op_code":5,"worker_id":"c7a1995d-6e97-4320-a415-8e50d588b0d2-140062064023360","trial_id":10,"param_name":"intermediate_size","param_value_internal":1,"distribution":"{\"name\": \"CategoricalDistribution\", \"attributes\": {\"choices\": [32, 64, 128]}}"}
{"op_code":6,"worker_id":"c7a1995d-6e97-4320-a415-8e50d588b0d2-140062064023360","trial_id":10,"state":1,"values":[0.5201707845414875],"datetime_complete":"2026-04-14T08:44:39.642909"}
{"op_code":4,"worker_id":"c7a1995d-6e97-4320-a415-8e50d588b0d2-140062064023360","study_id":0,"datetime_start":"2026-04-14T08:44:39.656455"}
{"op_code":5,"worker_id":"c7a1995d-6e97-4320-a415-8e50d588b0d2-140062064023360","trial_id":11,"param_name":"learning_rate","param_value_internal":0.00031885635938290675,"distribution":"{\"name\": \"FloatDistribution\", \"attributes\": {\"step\": null, \"low\": 0.0001, \"high\": 0.01, \"log\": true}}"}
{"op_code":5,"worker_id":"c7a1995d-6e97-4320-a415-8e50d588b0d2-140062064023360","trial_id":11,"param_name":"hidden_size","param_value_internal":0,"distribution":"{\"name\": \"CategoricalDistribution\", \"attributes\": {\"choices\": [8, 16, 32]}}"}
{"op_code":5,"worker_id":"c7a1995d-6e97-4320-a415-8e50d588b0d2-140062064023360","trial_id":11,"param_name":"num_hidden_layers","param_value_internal":2,"distribution":"{\"name\": \"CategoricalDistribution\", \"attributes\": {\"choices\": [1, 2, 3, 4]}}"}
{"op_code":5,"worker_id":"c7a1995d-6e97-4320-a415-8e50d588b0d2-140062064023360","trial_id":11,"param_name":"num_attention_heads","param_value_internal":1,"distribution":"{\"name\": \"CategoricalDistribution\", \"attributes\": {\"choices\": [2, 4, 8]}}"}
{"op_code":5,"worker_id":"c7a1995d-6e97-4320-a415-8e50d588b0d2-140062064023360","trial_id":11,"param_name":"intermediate_size","param_value_internal":1,"distribution":"{\"name\": \"CategoricalDistribution\", \"attributes\": {\"choices\": [32, 64, 128]}}"}
{"op_code":6,"worker_id":"c7a1995d-6e97-4320-a415-8e50d588b0d2-140062064023360","trial_id":11,"state":1,"values":[0.5968982513421028],"datetime_complete":"2026-04-14T08:44:40.479528"}
{"op_code":4,"worker_id":"c7a1995d-6e97-4320-a415-8e50d588b0d2-140062064023360","study_id":0,"datetime_start":"2026-04-14T08:44:40.493350"}
{"op_code":5,"worker_id":"c7a1995d-6e97-4320-a415-8e50d588b0d2-140062064023360","trial_id":12,"param_name":"learning_rate","param_value_internal":0.0017089183604073568,"distribution":"{\"name\": \"FloatDistribution\", \"attributes\": {\"step\": null, \"low\": 0.0001, \"high\": 0.01, \"log\": true}}"}
{"op_code":5,"worker_id":"c7a1995d-6e97-4320-a415-8e50d588b0d2-140062064023360","trial_id":12,"param_name":"hidden_size","param_value_internal":2,"distribution":"{\"name\": \"CategoricalDistribution\", \"attributes\": {\"choices\": [8, 16, 32]}}"}
{"op_code":5,"worker_id":"c7a1995d-6e97-4320-a415-8e50d588b0d2-140062064023360","trial_id":12,"param_name":"num_hidden_layers","param_value_internal":1,"distribution":"{\"name\": \"CategoricalDistribution\", \"attributes\": {\"choices\": [1, 2, 3, 4]}}"}
{"op_code":5,"worker_id":"c7a1995d-6e97-4320-a415-8e50d588b0d2-140062064023360","trial_id":12,"param_name":"num_attention_heads","param_value_internal":1,"distribution":"{\"name\": \"CategoricalDistribution\", \"attributes\": {\"choices\": [2, 4, 8]}}"}
{"op_code":5,"worker_id":"c7a1995d-6e97-4320-a415-8e50d588b0d2-140062064023360","trial_id":12,"param_name":"intermediate_size","param_value_internal":1,"distribution":"{\"name\": \"CategoricalDistribution\", \"attributes\": {\"choices\": [32, 64, 128]}}"}
{"op_code":6,"worker_id":"c7a1995d-6e97-4320-a415-8e50d588b0d2-140062064023360","trial_id":12,"state":1,"values":[0.5823784258939503],"datetime_complete":"2026-04-14T08:44:41.823226"}
{"op_code":4,"worker_id":"c7a1995d-6e97-4320-a415-8e50d588b0d2-140062064023360","study_id":0,"datetime_start":"2026-04-14T08:44:41.847243"}
{"op_code":5,"worker_id":"c7a1995d-6e97-4320-a415-8e50d588b0d2-140062064023360","trial_id":13,"param_name":"learning_rate","param_value_internal":0.0003111754463518234,"distribution":"{\"name\": \"FloatDistribution\", \"attributes\": {\"step\": null, \"low\": 0.0001, \"high\": 0.01, \"log\": true}}"}
{"op_code":5,"worker_id":"c7a1995d-6e97-4320-a415-8e50d588b0d2-140062064023360","trial_id":13,"param_name":"hidden_size","param_value_internal":0,"distribution":"{\"name\": \"CategoricalDistribution\", \"attributes\": {\"choices\": [8, 16, 32]}}"}
{"op_code":5,"worker_id":"c7a1995d-6e97-4320-a415-8e50d588b0d2-140062064023360","trial_id":13,"param_name":"num_hidden_layers","param_value_internal":2,"distribution":"{\"name\": \"CategoricalDistribution\", \"attributes\": {\"choices\": [1, 2, 3, 4]}}"}
{"op_code":5,"worker_id":"c7a1995d-6e97-4320-a415-8e50d588b0d2-140062064023360","trial_id":13,"param_name":"num_attention_heads","param_value_internal":1,"distribution":"{\"name\": \"CategoricalDistribution\", \"attributes\": {\"choices\": [2, 4, 8]}}"}
{"op_code":5,"worker_id":"c7a1995d-6e97-4320-a415-8e50d588b0d2-140062064023360","trial_id":13,"param_name":"intermediate_size","param_value_internal":1,"distribution":"{\"name\": \"CategoricalDistribution\", \"attributes\": {\"choices\": [32, 64, 128]}}"}
{"op_code":6,"worker_id":"c7a1995d-6e97-4320-a415-8e50d588b0d2-140062064023360","trial_id":13,"state":1,"values":[0.6347596772674473],"datetime_complete":"2026-04-14T08:44:42.625129"}
{"op_code":4,"worker_id":"c7a1995d-6e97-4320-a415-8e50d588b0d2-140062064023360","study_id":0,"datetime_start":"2026-04-14T08:44:42.637388"}
{"op_code":5,"worker_id":"c7a1995d-6e97-4320-a415-8e50d588b0d2-140062064023360","trial_id":14,"param_name":"learning_rate","param_value_internal":0.00024523953345396174,"distribution":"{\"name\": \"FloatDistribution\", \"attributes\": {\"step\": null, \"low\": 0.0001, \"high\": 0.01, \"log\": true}}"}
{"op_code":5,"worker_id":"c7a1995d-6e97-4320-a415-8e50d588b0d2-140062064023360","trial_id":14,"param_name":"hidden_size","param_value_internal":0,"distribution":"{\"name\": \"CategoricalDistribution\", \"attributes\": {\"choices\": [8, 16, 32]}}"}
{"op_code":5,"worker_id":"c7a1995d-6e97-4320-a415-8e50d588b0d2-140062064023360","trial_id":14,"param_name":"num_hidden_layers","param_value_internal":0,"distribution":"{\"name\": \"CategoricalDistribution\", \"attributes\": {\"choices\": [1, 2, 3, 4]}}"}
{"op_code":5,"worker_id":"c7a1995d-6e97-4320-a415-8e50d588b0d2-140062064023360","trial_id":14,"param_name":"num_attention_heads","param_value_internal":1,"distribution":"{\"name\": \"CategoricalDistribution\", \"attributes\": {\"choices\": [2, 4, 8]}}"}
{"op_code":5,"worker_id":"c7a1995d-6e97-4320-a415-8e50d588b0d2-140062064023360","trial_id":14,"param_name":"intermediate_size","param_value_internal":2,"distribution":"{\"name\": \"CategoricalDistribution\", \"attributes\": {\"choices\": [32, 64, 128]}}"}
{"op_code":6,"worker_id":"c7a1995d-6e97-4320-a415-8e50d588b0d2-140062064023360","trial_id":14,"state":1,"values":[0.5964273380843249],"datetime_complete":"2026-04-14T08:44:43.042067"}
{"op_code":4,"worker_id":"c7a1995d-6e97-4320-a415-8e50d588b0d2-140062064023360","study_id":0,"datetime_start":"2026-04-14T08:44:43.055734"}
{"op_code":5,"worker_id":"c7a1995d-6e97-4320-a415-8e50d588b0d2-140062064023360","trial_id":15,"param_name":"learning_rate","param_value_internal":0.00010257408463862525,"distribution":"{\"name\": \"FloatDistribution\", \"attributes\": {\"step\": null, \"low\": 0.0001, \"high\": 0.01, \"log\": true}}"}
{"op_code":5,"worker_id":"c7a1995d-6e97-4320-a415-8e50d588b0d2-140062064023360","trial_id":15,"param_name":"hidden_size","param_value_internal":0,"distribution":"{\"name\": \"CategoricalDistribution\", \"attributes\": {\"choices\": [8, 16, 32]}}"}
{"op_code":5,"worker_id":"c7a1995d-6e97-4320-a415-8e50d588b0d2-140062064023360","trial_id":15,"param_name":"num_hidden_layers","param_value_internal":2,"distribution":"{\"name\": \"CategoricalDistribution\", \"attributes\": {\"choices\": [1, 2, 3, 4]}}"}
{"op_code":5,"worker_id":"c7a1995d-6e97-4320-a415-8e50d588b0d2-140062064023360","trial_id":15,"param_name":"num_attention_heads","param_value_internal":1,"distribution":"{\"name\": \"CategoricalDistribution\", \"attributes\": {\"choices\": [2, 4, 8]}}"}
{"op_code":5,"worker_id":"c7a1995d-6e97-4320-a415-8e50d588b0d2-140062064023360","trial_id":15,"param_name":"intermediate_size","param_value_internal":0,"distribution":"{\"name\": \"CategoricalDistribution\", \"attributes\": {\"choices\": [32, 64, 128]}}"}
{"op_code":6,"worker_id":"c7a1995d-6e97-4320-a415-8e50d588b0d2-140062064023360","trial_id":15,"state":1,"values":[0.6249803786142593],"datetime_complete":"2026-04-14T08:44:43.873343"}
{"op_code":4,"worker_id":"c7a1995d-6e97-4320-a415-8e50d588b0d2-140062064023360","study_id":0,"datetime_start":"2026-04-14T08:44:43.888222"}
{"op_code":5,"worker_id":"c7a1995d-6e97-4320-a415-8e50d588b0d2-140062064023360","trial_id":16,"param_name":"learning_rate","param_value_internal":0.0004524067790811249,"distribution":"{\"name\": \"FloatDistribution\", \"attributes\": {\"step\": null, \"low\": 0.0001, \"high\": 0.01, \"log\": true}}"}
{"op_code":5,"worker_id":"c7a1995d-6e97-4320-a415-8e50d588b0d2-140062064023360","trial_id":16,"param_name":"hidden_size","param_value_internal":0,"distribution":"{\"name\": \"CategoricalDistribution\", \"attributes\": {\"choices\": [8, 16, 32]}}"}
{"op_code":5,"worker_id":"c7a1995d-6e97-4320-a415-8e50d588b0d2-140062064023360","trial_id":16,"param_name":"num_hidden_layers","param_value_internal":3,"distribution":"{\"name\": \"CategoricalDistribution\", \"attributes\": {\"choices\": [1, 2, 3, 4]}}"}
{"op_code":5,"worker_id":"c7a1995d-6e97-4320-a415-8e50d588b0d2-140062064023360","trial_id":16,"param_name":"num_attention_heads","param_value_internal":1,"distribution":"{\"name\": \"CategoricalDistribution\", \"attributes\": {\"choices\": [2, 4, 8]}}"}
{"op_code":5,"worker_id":"c7a1995d-6e97-4320-a415-8e50d588b0d2-140062064023360","trial_id":16,"param_name":"intermediate_size","param_value_internal":1,"distribution":"{\"name\": \"CategoricalDistribution\", \"attributes\": {\"choices\": [32, 64, 128]}}"}
{"op_code":6,"worker_id":"c7a1995d-6e97-4320-a415-8e50d588b0d2-140062064023360","trial_id":16,"state":1,"values":[0.6195962703669984],"datetime_complete":"2026-04-14T08:44:44.958093"}
{"op_code":4,"worker_id":"c7a1995d-6e97-4320-a415-8e50d588b0d2-140062064023360","study_id":0,"datetime_start":"2026-04-14T08:44:44.971286"}
{"op_code":5,"worker_id":"c7a1995d-6e97-4320-a415-8e50d588b0d2-140062064023360","trial_id":17,"param_name":"learning_rate","param_value_internal":0.0013955849369804785,"distribution":"{\"name\": \"FloatDistribution\", \"attributes\": {\"step\": null, \"low\": 0.0001, \"high\": 0.01, \"log\": true}}"}
{"op_code":5,"worker_id":"c7a1995d-6e97-4320-a415-8e50d588b0d2-140062064023360","trial_id":17,"param_name":"hidden_size","param_value_internal":0,"distribution":"{\"name\": \"CategoricalDistribution\", \"attributes\": {\"choices\": [8, 16, 32]}}"}
{"op_code":5,"worker_id":"c7a1995d-6e97-4320-a415-8e50d588b0d2-140062064023360","trial_id":17,"param_name":"num_hidden_layers","param_value_internal":1,"distribution":"{\"name\": \"CategoricalDistribution\", \"attributes\": {\"choices\": [1, 2, 3, 4]}}"}
{"op_code":5,"worker_id":"c7a1995d-6e97-4320-a415-8e50d588b0d2-140062064023360","trial_id":17,"param_name":"num_attention_heads","param_value_internal":1,"distribution":"{\"name\": \"CategoricalDistribution\", \"attributes\": {\"choices\": [2, 4, 8]}}"}
{"op_code":5,"worker_id":"c7a1995d-6e97-4320-a415-8e50d588b0d2-140062064023360","trial_id":17,"param_name":"intermediate_size","param_value_internal":1,"distribution":"{\"name\": \"CategoricalDistribution\", \"attributes\": {\"choices\": [32, 64, 128]}}"}
{"op_code":6,"worker_id":"c7a1995d-6e97-4320-a415-8e50d588b0d2-140062064023360","trial_id":17,"state":1,"values":[0.4821837817474021],"datetime_complete":"2026-04-14T08:44:45.613290"}
{"op_code":4,"worker_id":"c7a1995d-6e97-4320-a415-8e50d588b0d2-140062064023360","study_id":0,"datetime_start":"2026-04-14T08:44:45.624813"}
{"op_code":5,"worker_id":"c7a1995d-6e97-4320-a415-8e50d588b0d2-140062064023360","trial_id":18,"param_name":"learning_rate","param_value_internal":0.0001844179025046257,"distribution":"{\"name\": \"FloatDistribution\", \"attributes\": {\"step\": null, \"low\": 0.0001, \"high\": 0.01, \"log\": true}}"}
{"op_code":5,"worker_id":"c7a1995d-6e97-4320-a415-8e50d588b0d2-140062064023360","trial_id":18,"param_name":"hidden_size","param_value_internal":1,"distribution":"{\"name\": \"CategoricalDistribution\", \"attributes\": {\"choices\": [8, 16, 32]}}"}
{"op_code":5,"worker_id":"c7a1995d-6e97-4320-a415-8e50d588b0d2-140062064023360","trial_id":18,"param_name":"num_hidden_layers","param_value_internal":0,"distribution":"{\"name\": \"CategoricalDistribution\", \"attributes\": {\"choices\": [1, 2, 3, 4]}}"}
{"op_code":5,"worker_id":"c7a1995d-6e97-4320-a415-8e50d588b0d2-140062064023360","trial_id":18,"param_name":"num_attention_heads","param_value_internal":1,"distribution":"{\"name\": \"CategoricalDistribution\", \"attributes\": {\"choices\": [2, 4, 8]}}"}
{"op_code":5,"worker_id":"c7a1995d-6e97-4320-a415-8e50d588b0d2-140062064023360","trial_id":18,"param_name":"intermediate_size","param_value_internal":0,"distribution":"{\"name\": \"CategoricalDistribution\", \"attributes\": {\"choices\": [32, 64, 128]}}"}
{"op_code":6,"worker_id":"c7a1995d-6e97-4320-a415-8e50d588b0d2-140062064023360","trial_id":18,"state":1,"values":[0.623237999560481],"datetime_complete":"2026-04-14T08:44:46.234657"}
{"op_code":4,"worker_id":"c7a1995d-6e97-4320-a415-8e50d588b0d2-140062064023360","study_id":0,"datetime_start":"2026-04-14T08:44:46.244162"}
{"op_code":5,"worker_id":"c7a1995d-6e97-4320-a415-8e50d588b0d2-140062064023360","trial_id":19,"param_name":"learning_rate","param_value_internal":0.002656450462145418,"distribution":"{\"name\": \"FloatDistribution\", \"attributes\": {\"step\": null, \"low\": 0.0001, \"high\": 0.01, \"log\": true}}"}
{"op_code":5,"worker_id":"c7a1995d-6e97-4320-a415-8e50d588b0d2-140062064023360","trial_id":19,"param_name":"hidden_size","param_value_internal":0,"distribution":"{\"name\": \"CategoricalDistribution\", \"attributes\": {\"choices\": [8, 16, 32]}}"}
{"op_code":5,"worker_id":"c7a1995d-6e97-4320-a415-8e50d588b0d2-140062064023360","trial_id":19,"param_name":"num_hidden_layers","param_value_internal":2,"distribution":"{\"name\": \"CategoricalDistribution\", \"attributes\": {\"choices\": [1, 2, 3, 4]}}"}
{"op_code":5,"worker_id":"c7a1995d-6e97-4320-a415-8e50d588b0d2-140062064023360","trial_id":19,"param_name":"num_attention_heads","param_value_internal":1,"distribution":"{\"name\": \"CategoricalDistribution\", \"attributes\": {\"choices\": [2, 4, 8]}}"}
{"op_code":5,"worker_id":"c7a1995d-6e97-4320-a415-8e50d588b0d2-140062064023360","trial_id":19,"param_name":"intermediate_size","param_value_internal":2,"distribution":"{\"name\": \"CategoricalDistribution\", \"attributes\": {\"choices\": [32, 64, 128]}}"}
{"op_code":6,"worker_id":"c7a1995d-6e97-4320-a415-8e50d588b0d2-140062064023360","trial_id":19,"state":1,"values":[0.5523341600477192],"datetime_complete":"2026-04-14T08:44:47.065388"}
