{"op_code":0,"worker_id":"7d8645c4-f153-45cf-9c43-d229d0689f12-139697814206272","study_name":"rsf_tuning","directions":[2]}
{"op_code":4,"worker_id":"7d8645c4-f153-45cf-9c43-d229d0689f12-139697814206272","study_id":0,"datetime_start":"2026-04-05T22:15:59.051666"}
{"op_code":5,"worker_id":"7d8645c4-f153-45cf-9c43-d229d0689f12-139697814206272","trial_id":0,"param_name":"n_estimators","param_value_internal":189.0,"distribution":"{\"name\": \"IntDistribution\", \"attributes\": {\"log\": false, \"step\": 1, \"low\": 50, \"high\": 200}}"}
{"op_code":5,"worker_id":"7d8645c4-f153-45cf-9c43-d229d0689f12-139697814206272","trial_id":0,"param_name":"min_samples_split","param_value_internal":19.0,"distribution":"{\"name\": \"IntDistribution\", \"attributes\": {\"log\": false, \"step\": 1, \"low\": 5, \"high\": 20}}"}
{"op_code":5,"worker_id":"7d8645c4-f153-45cf-9c43-d229d0689f12-139697814206272","trial_id":0,"param_name":"min_samples_leaf","param_value_internal":12.0,"distribution":"{\"name\": \"IntDistribution\", \"attributes\": {\"log\": false, \"step\": 1, \"low\": 5, \"high\": 20}}"}
{"op_code":6,"worker_id":"7d8645c4-f153-45cf-9c43-d229d0689f12-139697814206272","trial_id":0,"state":1,"values":[0.6594704684317719],"datetime_complete":"2026-04-05T22:15:59.274720"}
{"op_code":4,"worker_id":"7d8645c4-f153-45cf-9c43-d229d0689f12-139697814206272","study_id":0,"datetime_start":"2026-04-05T22:15:59.286398"}
{"op_code":5,"worker_id":"7d8645c4-f153-45cf-9c43-d229d0689f12-139697814206272","trial_id":1,"param_name":"n_estimators","param_value_internal":140.0,"distribution":"{\"name\": \"IntDistribution\", \"attributes\": {\"log\": false, \"step\": 1, \"low\": 50, \"high\": 200}}"}
{"op_code":5,"worker_id":"7d8645c4-f153-45cf-9c43-d229d0689f12-139697814206272","trial_id":1,"param_name":"min_samples_split","param_value_internal":15.0,"distribution":"{\"name\": \"IntDistribution\", \"attributes\": {\"log\": false, \"step\": 1, \"low\": 5, \"high\": 20}}"}
{"op_code":5,"worker_id":"7d8645c4-f153-45cf-9c43-d229d0689f12-139697814206272","trial_id":1,"param_name":"min_samples_leaf","param_value_internal":19.0,"distribution":"{\"name\": \"IntDistribution\", \"attributes\": {\"log\": false, \"step\": 1, \"low\": 5, \"high\": 20}}"}
{"op_code":6,"worker_id":"7d8645c4-f153-45cf-9c43-d229d0689f12-139697814206272","trial_id":1,"state":1,"values":[0.6643584521384929],"datetime_complete":"2026-04-05T22:15:59.462050"}
{"op_code":4,"worker_id":"7d8645c4-f153-45cf-9c43-d229d0689f12-139697814206272","study_id":0,"datetime_start":"2026-04-05T22:15:59.472705"}
{"op_code":5,"worker_id":"7d8645c4-f153-45cf-9c43-d229d0689f12-139697814206272","trial_id":2,"param_name":"n_estimators","param_value_internal":75.0,"distribution":"{\"name\": \"IntDistribution\", \"attributes\": {\"log\": false, \"step\": 1, \"low\": 50, \"high\": 200}}"}
{"op_code":5,"worker_id":"7d8645c4-f153-45cf-9c43-d229d0689f12-139697814206272","trial_id":2,"param_name":"min_samples_split","param_value_internal":19.0,"distribution":"{\"name\": \"IntDistribution\", \"attributes\": {\"log\": false, \"step\": 1, \"low\": 5, \"high\": 20}}"}
{"op_code":5,"worker_id":"7d8645c4-f153-45cf-9c43-d229d0689f12-139697814206272","trial_id":2,"param_name":"min_samples_leaf","param_value_internal":7.0,"distribution":"{\"name\": \"IntDistribution\", \"attributes\": {\"log\": false, \"step\": 1, \"low\": 5, \"high\": 20}}"}
{"op_code":6,"worker_id":"7d8645c4-f153-45cf-9c43-d229d0689f12-139697814206272","trial_id":2,"state":1,"values":[0.6635437881873727],"datetime_complete":"2026-04-05T22:15:59.596181"}
{"op_code":4,"worker_id":"7d8645c4-f153-45cf-9c43-d229d0689f12-139697814206272","study_id":0,"datetime_start":"2026-04-05T22:15:59.605839"}
{"op_code":5,"worker_id":"7d8645c4-f153-45cf-9c43-d229d0689f12-139697814206272","trial_id":3,"param_name":"n_estimators","param_value_internal":84.0,"distribution":"{\"name\": \"IntDistribution\", \"attributes\": {\"log\": false, \"step\": 1, \"low\": 50, \"high\": 200}}"}
{"op_code":5,"worker_id":"7d8645c4-f153-45cf-9c43-d229d0689f12-139697814206272","trial_id":3,"param_name":"min_samples_split","param_value_internal":20.0,"distribution":"{\"name\": \"IntDistribution\", \"attributes\": {\"log\": false, \"step\": 1, \"low\": 5, \"high\": 20}}"}
{"op_code":5,"worker_id":"7d8645c4-f153-45cf-9c43-d229d0689f12-139697814206272","trial_id":3,"param_name":"min_samples_leaf","param_value_internal":13.0,"distribution":"{\"name\": \"IntDistribution\", \"attributes\": {\"log\": false, \"step\": 1, \"low\": 5, \"high\": 20}}"}
{"op_code":6,"worker_id":"7d8645c4-f153-45cf-9c43-d229d0689f12-139697814206272","trial_id":3,"state":1,"values":[0.6594704684317719],"datetime_complete":"2026-04-05T22:15:59.731590"}
{"op_code":4,"worker_id":"7d8645c4-f153-45cf-9c43-d229d0689f12-139697814206272","study_id":0,"datetime_start":"2026-04-05T22:15:59.741097"}
{"op_code":5,"worker_id":"7d8645c4-f153-45cf-9c43-d229d0689f12-139697814206272","trial_id":4,"param_name":"n_estimators","param_value_internal":52.0,"distribution":"{\"name\": \"IntDistribution\", \"attributes\": {\"log\": false, \"step\": 1, \"low\": 50, \"high\": 200}}"}
{"op_code":5,"worker_id":"7d8645c4-f153-45cf-9c43-d229d0689f12-139697814206272","trial_id":4,"param_name":"min_samples_split","param_value_internal":6.0,"distribution":"{\"name\": \"IntDistribution\", \"attributes\": {\"log\": false, \"step\": 1, \"low\": 5, \"high\": 20}}"}
{"op_code":5,"worker_id":"7d8645c4-f153-45cf-9c43-d229d0689f12-139697814206272","trial_id":4,"param_name":"min_samples_leaf","param_value_internal":14.0,"distribution":"{\"name\": \"IntDistribution\", \"attributes\": {\"log\": false, \"step\": 1, \"low\": 5, \"high\": 20}}"}
{"op_code":6,"worker_id":"7d8645c4-f153-45cf-9c43-d229d0689f12-139697814206272","trial_id":4,"state":1,"values":[0.670061099796334],"datetime_complete":"2026-04-05T22:15:59.849802"}
{"op_code":4,"worker_id":"7d8645c4-f153-45cf-9c43-d229d0689f12-139697814206272","study_id":0,"datetime_start":"2026-04-05T22:15:59.859495"}
{"op_code":5,"worker_id":"7d8645c4-f153-45cf-9c43-d229d0689f12-139697814206272","trial_id":5,"param_name":"n_estimators","param_value_internal":177.0,"distribution":"{\"name\": \"IntDistribution\", \"attributes\": {\"log\": false, \"step\": 1, \"low\": 50, \"high\": 200}}"}
{"op_code":5,"worker_id":"7d8645c4-f153-45cf-9c43-d229d0689f12-139697814206272","trial_id":5,"param_name":"min_samples_split","param_value_internal":10.0,"distribution":"{\"name\": \"IntDistribution\", \"attributes\": {\"log\": false, \"step\": 1, \"low\": 5, \"high\": 20}}"}
{"op_code":5,"worker_id":"7d8645c4-f153-45cf-9c43-d229d0689f12-139697814206272","trial_id":5,"param_name":"min_samples_leaf","param_value_internal":7.0,"distribution":"{\"name\": \"IntDistribution\", \"attributes\": {\"log\": false, \"step\": 1, \"low\": 5, \"high\": 20}}"}
{"op_code":6,"worker_id":"7d8645c4-f153-45cf-9c43-d229d0689f12-139697814206272","trial_id":5,"state":1,"values":[0.6574338085539715],"datetime_complete":"2026-04-05T22:16:00.085923"}
{"op_code":4,"worker_id":"7d8645c4-f153-45cf-9c43-d229d0689f12-139697814206272","study_id":0,"datetime_start":"2026-04-05T22:16:00.096062"}
{"op_code":5,"worker_id":"7d8645c4-f153-45cf-9c43-d229d0689f12-139697814206272","trial_id":6,"param_name":"n_estimators","param_value_internal":57.0,"distribution":"{\"name\": \"IntDistribution\", \"attributes\": {\"log\": false, \"step\": 1, \"low\": 50, \"high\": 200}}"}
{"op_code":5,"worker_id":"7d8645c4-f153-45cf-9c43-d229d0689f12-139697814206272","trial_id":6,"param_name":"min_samples_split","param_value_internal":18.0,"distribution":"{\"name\": \"IntDistribution\", \"attributes\": {\"log\": false, \"step\": 1, \"low\": 5, \"high\": 20}}"}
{"op_code":5,"worker_id":"7d8645c4-f153-45cf-9c43-d229d0689f12-139697814206272","trial_id":6,"param_name":"min_samples_leaf","param_value_internal":7.0,"distribution":"{\"name\": \"IntDistribution\", \"attributes\": {\"log\": false, \"step\": 1, \"low\": 5, \"high\": 20}}"}
{"op_code":6,"worker_id":"7d8645c4-f153-45cf-9c43-d229d0689f12-139697814206272","trial_id":6,"state":1,"values":[0.6590631364562118],"datetime_complete":"2026-04-05T22:16:00.209414"}
{"op_code":4,"worker_id":"7d8645c4-f153-45cf-9c43-d229d0689f12-139697814206272","study_id":0,"datetime_start":"2026-04-05T22:16:00.218832"}
{"op_code":5,"worker_id":"7d8645c4-f153-45cf-9c43-d229d0689f12-139697814206272","trial_id":7,"param_name":"n_estimators","param_value_internal":62.0,"distribution":"{\"name\": \"IntDistribution\", \"attributes\": {\"log\": false, \"step\": 1, \"low\": 50, \"high\": 200}}"}
{"op_code":5,"worker_id":"7d8645c4-f153-45cf-9c43-d229d0689f12-139697814206272","trial_id":7,"param_name":"min_samples_split","param_value_internal":15.0,"distribution":"{\"name\": \"IntDistribution\", \"attributes\": {\"log\": false, \"step\": 1, \"low\": 5, \"high\": 20}}"}
{"op_code":5,"worker_id":"7d8645c4-f153-45cf-9c43-d229d0689f12-139697814206272","trial_id":7,"param_name":"min_samples_leaf","param_value_internal":17.0,"distribution":"{\"name\": \"IntDistribution\", \"attributes\": {\"log\": false, \"step\": 1, \"low\": 5, \"high\": 20}}"}
{"op_code":6,"worker_id":"7d8645c4-f153-45cf-9c43-d229d0689f12-139697814206272","trial_id":7,"state":1,"values":[0.6590631364562118],"datetime_complete":"2026-04-05T22:16:00.321988"}
{"op_code":4,"worker_id":"7d8645c4-f153-45cf-9c43-d229d0689f12-139697814206272","study_id":0,"datetime_start":"2026-04-05T22:16:00.336283"}
{"op_code":5,"worker_id":"7d8645c4-f153-45cf-9c43-d229d0689f12-139697814206272","trial_id":8,"param_name":"n_estimators","param_value_internal":137.0,"distribution":"{\"name\": \"IntDistribution\", \"attributes\": {\"log\": false, \"step\": 1, \"low\": 50, \"high\": 200}}"}
{"op_code":5,"worker_id":"7d8645c4-f153-45cf-9c43-d229d0689f12-139697814206272","trial_id":8,"param_name":"min_samples_split","param_value_internal":20.0,"distribution":"{\"name\": \"IntDistribution\", \"attributes\": {\"log\": false, \"step\": 1, \"low\": 5, \"high\": 20}}"}
{"op_code":5,"worker_id":"7d8645c4-f153-45cf-9c43-d229d0689f12-139697814206272","trial_id":8,"param_name":"min_samples_leaf","param_value_internal":7.0,"distribution":"{\"name\": \"IntDistribution\", \"attributes\": {\"log\": false, \"step\": 1, \"low\": 5, \"high\": 20}}"}
{"op_code":6,"worker_id":"7d8645c4-f153-45cf-9c43-d229d0689f12-139697814206272","trial_id":8,"state":1,"values":[0.6631364562118126],"datetime_complete":"2026-04-05T22:16:00.521891"}
{"op_code":4,"worker_id":"7d8645c4-f153-45cf-9c43-d229d0689f12-139697814206272","study_id":0,"datetime_start":"2026-04-05T22:16:00.532001"}
{"op_code":5,"worker_id":"7d8645c4-f153-45cf-9c43-d229d0689f12-139697814206272","trial_id":9,"param_name":"n_estimators","param_value_internal":59.0,"distribution":"{\"name\": \"IntDistribution\", \"attributes\": {\"log\": false, \"step\": 1, \"low\": 50, \"high\": 200}}"}
{"op_code":5,"worker_id":"7d8645c4-f153-45cf-9c43-d229d0689f12-139697814206272","trial_id":9,"param_name":"min_samples_split","param_value_internal":16.0,"distribution":"{\"name\": \"IntDistribution\", \"attributes\": {\"log\": false, \"step\": 1, \"low\": 5, \"high\": 20}}"}
{"op_code":5,"worker_id":"7d8645c4-f153-45cf-9c43-d229d0689f12-139697814206272","trial_id":9,"param_name":"min_samples_leaf","param_value_internal":15.0,"distribution":"{\"name\": \"IntDistribution\", \"attributes\": {\"log\": false, \"step\": 1, \"low\": 5, \"high\": 20}}"}
{"op_code":6,"worker_id":"7d8645c4-f153-45cf-9c43-d229d0689f12-139697814206272","trial_id":9,"state":1,"values":[0.6586558044806518],"datetime_complete":"2026-04-05T22:16:00.632704"}
{"op_code":4,"worker_id":"7d8645c4-f153-45cf-9c43-d229d0689f12-139697814206272","study_id":0,"datetime_start":"2026-04-05T22:16:00.642394"}
{"op_code":5,"worker_id":"7d8645c4-f153-45cf-9c43-d229d0689f12-139697814206272","trial_id":10,"param_name":"n_estimators","param_value_internal":103.0,"distribution":"{\"name\": \"IntDistribution\", \"attributes\": {\"log\": false, \"step\": 1, \"low\": 50, \"high\": 200}}"}
{"op_code":5,"worker_id":"7d8645c4-f153-45cf-9c43-d229d0689f12-139697814206272","trial_id":10,"param_name":"min_samples_split","param_value_internal":7.0,"distribution":"{\"name\": \"IntDistribution\", \"attributes\": {\"log\": false, \"step\": 1, \"low\": 5, \"high\": 20}}"}
{"op_code":5,"worker_id":"7d8645c4-f153-45cf-9c43-d229d0689f12-139697814206272","trial_id":10,"param_name":"min_samples_leaf","param_value_internal":12.0,"distribution":"{\"name\": \"IntDistribution\", \"attributes\": {\"log\": false, \"step\": 1, \"low\": 5, \"high\": 20}}"}
{"op_code":6,"worker_id":"7d8645c4-f153-45cf-9c43-d229d0689f12-139697814206272","trial_id":10,"state":1,"values":[0.6594704684317719],"datetime_complete":"2026-04-05T22:16:00.783319"}
{"op_code":4,"worker_id":"7d8645c4-f153-45cf-9c43-d229d0689f12-139697814206272","study_id":0,"datetime_start":"2026-04-05T22:16:00.795559"}
{"op_code":5,"worker_id":"7d8645c4-f153-45cf-9c43-d229d0689f12-139697814206272","trial_id":11,"param_name":"n_estimators","param_value_internal":144.0,"distribution":"{\"name\": \"IntDistribution\", \"attributes\": {\"log\": false, \"step\": 1, \"low\": 50, \"high\": 200}}"}
{"op_code":5,"worker_id":"7d8645c4-f153-45cf-9c43-d229d0689f12-139697814206272","trial_id":11,"param_name":"min_samples_split","param_value_internal":5.0,"distribution":"{\"name\": \"IntDistribution\", \"attributes\": {\"log\": false, \"step\": 1, \"low\": 5, \"high\": 20}}"}
{"op_code":5,"worker_id":"7d8645c4-f153-45cf-9c43-d229d0689f12-139697814206272","trial_id":11,"param_name":"min_samples_leaf","param_value_internal":20.0,"distribution":"{\"name\": \"IntDistribution\", \"attributes\": {\"log\": false, \"step\": 1, \"low\": 5, \"high\": 20}}"}
{"op_code":6,"worker_id":"7d8645c4-f153-45cf-9c43-d229d0689f12-139697814206272","trial_id":11,"state":1,"values":[0.664765784114053],"datetime_complete":"2026-04-05T22:16:00.986171"}
{"op_code":4,"worker_id":"7d8645c4-f153-45cf-9c43-d229d0689f12-139697814206272","study_id":0,"datetime_start":"2026-04-05T22:16:01.001806"}
{"op_code":5,"worker_id":"7d8645c4-f153-45cf-9c43-d229d0689f12-139697814206272","trial_id":12,"param_name":"n_estimators","param_value_internal":163.0,"distribution":"{\"name\": \"IntDistribution\", \"attributes\": {\"log\": false, \"step\": 1, \"low\": 50, \"high\": 200}}"}
{"op_code":5,"worker_id":"7d8645c4-f153-45cf-9c43-d229d0689f12-139697814206272","trial_id":12,"param_name":"min_samples_split","param_value_internal":6.0,"distribution":"{\"name\": \"IntDistribution\", \"attributes\": {\"log\": false, \"step\": 1, \"low\": 5, \"high\": 20}}"}
{"op_code":5,"worker_id":"7d8645c4-f153-45cf-9c43-d229d0689f12-139697814206272","trial_id":12,"param_name":"min_samples_leaf","param_value_internal":20.0,"distribution":"{\"name\": \"IntDistribution\", \"attributes\": {\"log\": false, \"step\": 1, \"low\": 5, \"high\": 20}}"}
{"op_code":6,"worker_id":"7d8645c4-f153-45cf-9c43-d229d0689f12-139697814206272","trial_id":12,"state":1,"values":[0.6680244399185336],"datetime_complete":"2026-04-05T22:16:01.209643"}
{"op_code":4,"worker_id":"7d8645c4-f153-45cf-9c43-d229d0689f12-139697814206272","study_id":0,"datetime_start":"2026-04-05T22:16:01.223812"}
{"op_code":5,"worker_id":"7d8645c4-f153-45cf-9c43-d229d0689f12-139697814206272","trial_id":13,"param_name":"n_estimators","param_value_internal":162.0,"distribution":"{\"name\": \"IntDistribution\", \"attributes\": {\"log\": false, \"step\": 1, \"low\": 50, \"high\": 200}}"}
{"op_code":5,"worker_id":"7d8645c4-f153-45cf-9c43-d229d0689f12-139697814206272","trial_id":13,"param_name":"min_samples_split","param_value_internal":9.0,"distribution":"{\"name\": \"IntDistribution\", \"attributes\": {\"log\": false, \"step\": 1, \"low\": 5, \"high\": 20}}"}
{"op_code":5,"worker_id":"7d8645c4-f153-45cf-9c43-d229d0689f12-139697814206272","trial_id":13,"param_name":"min_samples_leaf","param_value_internal":17.0,"distribution":"{\"name\": \"IntDistribution\", \"attributes\": {\"log\": false, \"step\": 1, \"low\": 5, \"high\": 20}}"}
{"op_code":6,"worker_id":"7d8645c4-f153-45cf-9c43-d229d0689f12-139697814206272","trial_id":13,"state":1,"values":[0.6643584521384929],"datetime_complete":"2026-04-05T22:16:01.423534"}
{"op_code":4,"worker_id":"7d8645c4-f153-45cf-9c43-d229d0689f12-139697814206272","study_id":0,"datetime_start":"2026-04-05T22:16:01.433364"}
{"op_code":5,"worker_id":"7d8645c4-f153-45cf-9c43-d229d0689f12-139697814206272","trial_id":14,"param_name":"n_estimators","param_value_internal":119.0,"distribution":"{\"name\": \"IntDistribution\", \"attributes\": {\"log\": false, \"step\": 1, \"low\": 50, \"high\": 200}}"}
{"op_code":5,"worker_id":"7d8645c4-f153-45cf-9c43-d229d0689f12-139697814206272","trial_id":14,"param_name":"min_samples_split","param_value_internal":5.0,"distribution":"{\"name\": \"IntDistribution\", \"attributes\": {\"log\": false, \"step\": 1, \"low\": 5, \"high\": 20}}"}
{"op_code":5,"worker_id":"7d8645c4-f153-45cf-9c43-d229d0689f12-139697814206272","trial_id":14,"param_name":"min_samples_leaf","param_value_internal":10.0,"distribution":"{\"name\": \"IntDistribution\", \"attributes\": {\"log\": false, \"step\": 1, \"low\": 5, \"high\": 20}}"}
{"op_code":6,"worker_id":"7d8645c4-f153-45cf-9c43-d229d0689f12-139697814206272","trial_id":14,"state":1,"values":[0.6639511201629328],"datetime_complete":"2026-04-05T22:16:01.599391"}
{"op_code":4,"worker_id":"7d8645c4-f153-45cf-9c43-d229d0689f12-139697814206272","study_id":0,"datetime_start":"2026-04-05T22:16:01.609755"}
{"op_code":5,"worker_id":"7d8645c4-f153-45cf-9c43-d229d0689f12-139697814206272","trial_id":15,"param_name":"n_estimators","param_value_internal":167.0,"distribution":"{\"name\": \"IntDistribution\", \"attributes\": {\"log\": false, \"step\": 1, \"low\": 50, \"high\": 200}}"}
{"op_code":5,"worker_id":"7d8645c4-f153-45cf-9c43-d229d0689f12-139697814206272","trial_id":15,"param_name":"min_samples_split","param_value_internal":11.0,"distribution":"{\"name\": \"IntDistribution\", \"attributes\": {\"log\": false, \"step\": 1, \"low\": 5, \"high\": 20}}"}
{"op_code":5,"worker_id":"7d8645c4-f153-45cf-9c43-d229d0689f12-139697814206272","trial_id":15,"param_name":"min_samples_leaf","param_value_internal":17.0,"distribution":"{\"name\": \"IntDistribution\", \"attributes\": {\"log\": false, \"step\": 1, \"low\": 5, \"high\": 20}}"}
{"op_code":6,"worker_id":"7d8645c4-f153-45cf-9c43-d229d0689f12-139697814206272","trial_id":15,"state":1,"values":[0.6635437881873727],"datetime_complete":"2026-04-05T22:16:01.819929"}
{"op_code":4,"worker_id":"7d8645c4-f153-45cf-9c43-d229d0689f12-139697814206272","study_id":0,"datetime_start":"2026-04-05T22:16:01.830726"}
{"op_code":5,"worker_id":"7d8645c4-f153-45cf-9c43-d229d0689f12-139697814206272","trial_id":16,"param_name":"n_estimators","param_value_internal":197.0,"distribution":"{\"name\": \"IntDistribution\", \"attributes\": {\"log\": false, \"step\": 1, \"low\": 50, \"high\": 200}}"}
{"op_code":5,"worker_id":"7d8645c4-f153-45cf-9c43-d229d0689f12-139697814206272","trial_id":16,"param_name":"min_samples_split","param_value_internal":8.0,"distribution":"{\"name\": \"IntDistribution\", \"attributes\": {\"log\": false, \"step\": 1, \"low\": 5, \"high\": 20}}"}
{"op_code":5,"worker_id":"7d8645c4-f153-45cf-9c43-d229d0689f12-139697814206272","trial_id":16,"param_name":"min_samples_leaf","param_value_internal":10.0,"distribution":"{\"name\": \"IntDistribution\", \"attributes\": {\"log\": false, \"step\": 1, \"low\": 5, \"high\": 20}}"}
{"op_code":6,"worker_id":"7d8645c4-f153-45cf-9c43-d229d0689f12-139697814206272","trial_id":16,"state":1,"values":[0.6558044806517311],"datetime_complete":"2026-04-05T22:16:02.063947"}
{"op_code":4,"worker_id":"7d8645c4-f153-45cf-9c43-d229d0689f12-139697814206272","study_id":0,"datetime_start":"2026-04-05T22:16:02.076173"}
{"op_code":5,"worker_id":"7d8645c4-f153-45cf-9c43-d229d0689f12-139697814206272","trial_id":17,"param_name":"n_estimators","param_value_internal":124.0,"distribution":"{\"name\": \"IntDistribution\", \"attributes\": {\"log\": false, \"step\": 1, \"low\": 50, \"high\": 200}}"}
{"op_code":5,"worker_id":"7d8645c4-f153-45cf-9c43-d229d0689f12-139697814206272","trial_id":17,"param_name":"min_samples_split","param_value_internal":12.0,"distribution":"{\"name\": \"IntDistribution\", \"attributes\": {\"log\": false, \"step\": 1, \"low\": 5, \"high\": 20}}"}
{"op_code":5,"worker_id":"7d8645c4-f153-45cf-9c43-d229d0689f12-139697814206272","trial_id":17,"param_name":"min_samples_leaf","param_value_internal":15.0,"distribution":"{\"name\": \"IntDistribution\", \"attributes\": {\"log\": false, \"step\": 1, \"low\": 5, \"high\": 20}}"}
{"op_code":6,"worker_id":"7d8645c4-f153-45cf-9c43-d229d0689f12-139697814206272","trial_id":17,"state":1,"values":[0.665173116089613],"datetime_complete":"2026-04-05T22:16:02.256034"}
{"op_code":4,"worker_id":"7d8645c4-f153-45cf-9c43-d229d0689f12-139697814206272","study_id":0,"datetime_start":"2026-04-05T22:16:02.267276"}
{"op_code":5,"worker_id":"7d8645c4-f153-45cf-9c43-d229d0689f12-139697814206272","trial_id":18,"param_name":"n_estimators","param_value_internal":100.0,"distribution":"{\"name\": \"IntDistribution\", \"attributes\": {\"log\": false, \"step\": 1, \"low\": 50, \"high\": 200}}"}
{"op_code":5,"worker_id":"7d8645c4-f153-45cf-9c43-d229d0689f12-139697814206272","trial_id":18,"param_name":"min_samples_split","param_value_internal":7.0,"distribution":"{\"name\": \"IntDistribution\", \"attributes\": {\"log\": false, \"step\": 1, \"low\": 5, \"high\": 20}}"}
{"op_code":5,"worker_id":"7d8645c4-f153-45cf-9c43-d229d0689f12-139697814206272","trial_id":18,"param_name":"min_samples_leaf","param_value_internal":19.0,"distribution":"{\"name\": \"IntDistribution\", \"attributes\": {\"log\": false, \"step\": 1, \"low\": 5, \"high\": 20}}"}
{"op_code":6,"worker_id":"7d8645c4-f153-45cf-9c43-d229d0689f12-139697814206272","trial_id":18,"state":1,"values":[0.6582484725050917],"datetime_complete":"2026-04-05T22:16:02.411878"}
{"op_code":4,"worker_id":"7d8645c4-f153-45cf-9c43-d229d0689f12-139697814206272","study_id":0,"datetime_start":"2026-04-05T22:16:02.421893"}
{"op_code":5,"worker_id":"7d8645c4-f153-45cf-9c43-d229d0689f12-139697814206272","trial_id":19,"param_name":"n_estimators","param_value_internal":160.0,"distribution":"{\"name\": \"IntDistribution\", \"attributes\": {\"log\": false, \"step\": 1, \"low\": 50, \"high\": 200}}"}
{"op_code":5,"worker_id":"7d8645c4-f153-45cf-9c43-d229d0689f12-139697814206272","trial_id":19,"param_name":"min_samples_split","param_value_internal":6.0,"distribution":"{\"name\": \"IntDistribution\", \"attributes\": {\"log\": false, \"step\": 1, \"low\": 5, \"high\": 20}}"}
{"op_code":5,"worker_id":"7d8645c4-f153-45cf-9c43-d229d0689f12-139697814206272","trial_id":19,"param_name":"min_samples_leaf","param_value_internal":15.0,"distribution":"{\"name\": \"IntDistribution\", \"attributes\": {\"log\": false, \"step\": 1, \"low\": 5, \"high\": 20}}"}
{"op_code":6,"worker_id":"7d8645c4-f153-45cf-9c43-d229d0689f12-139697814206272","trial_id":19,"state":1,"values":[0.6574338085539715],"datetime_complete":"2026-04-05T22:16:02.623314"}
