{"op_code":0,"worker_id":"eca364de-bf60-4efa-acc8-21e91816ae90-139952901822272","study_name":"gbsa_tuning","directions":[2]}
{"op_code":4,"worker_id":"eca364de-bf60-4efa-acc8-21e91816ae90-139952901822272","study_id":0,"datetime_start":"2026-03-26T09:25:24.349580"}
{"op_code":5,"worker_id":"eca364de-bf60-4efa-acc8-21e91816ae90-139952901822272","trial_id":0,"param_name":"learning_rate","param_value_internal":0.034615785524906635,"distribution":"{\"name\": \"FloatDistribution\", \"attributes\": {\"step\": null, \"low\": 0.01, \"high\": 0.2, \"log\": true}}"}
{"op_code":5,"worker_id":"eca364de-bf60-4efa-acc8-21e91816ae90-139952901822272","trial_id":0,"param_name":"n_estimators","param_value_internal":142.0,"distribution":"{\"name\": \"IntDistribution\", \"attributes\": {\"log\": false, \"step\": 1, \"low\": 50, \"high\": 200}}"}
{"op_code":5,"worker_id":"eca364de-bf60-4efa-acc8-21e91816ae90-139952901822272","trial_id":0,"param_name":"max_depth","param_value_internal":2.0,"distribution":"{\"name\": \"IntDistribution\", \"attributes\": {\"log\": false, \"step\": 1, \"low\": 2, \"high\": 5}}"}
{"op_code":6,"worker_id":"eca364de-bf60-4efa-acc8-21e91816ae90-139952901822272","trial_id":0,"state":1,"values":[0.5987285887633188],"datetime_complete":"2026-03-26T09:26:22.914477"}
{"op_code":4,"worker_id":"eca364de-bf60-4efa-acc8-21e91816ae90-139952901822272","study_id":0,"datetime_start":"2026-03-26T09:26:22.940246"}
{"op_code":5,"worker_id":"eca364de-bf60-4efa-acc8-21e91816ae90-139952901822272","trial_id":1,"param_name":"learning_rate","param_value_internal":0.013902913502600799,"distribution":"{\"name\": \"FloatDistribution\", \"attributes\": {\"step\": null, \"low\": 0.01, \"high\": 0.2, \"log\": true}}"}
{"op_code":5,"worker_id":"eca364de-bf60-4efa-acc8-21e91816ae90-139952901822272","trial_id":1,"param_name":"n_estimators","param_value_internal":174.0,"distribution":"{\"name\": \"IntDistribution\", \"attributes\": {\"log\": false, \"step\": 1, \"low\": 50, \"high\": 200}}"}
{"op_code":5,"worker_id":"eca364de-bf60-4efa-acc8-21e91816ae90-139952901822272","trial_id":1,"param_name":"max_depth","param_value_internal":3.0,"distribution":"{\"name\": \"IntDistribution\", \"attributes\": {\"log\": false, \"step\": 1, \"low\": 2, \"high\": 5}}"}
{"op_code":6,"worker_id":"eca364de-bf60-4efa-acc8-21e91816ae90-139952901822272","trial_id":1,"state":1,"values":[0.5987285887633188],"datetime_complete":"2026-03-26T09:27:35.161751"}
{"op_code":4,"worker_id":"eca364de-bf60-4efa-acc8-21e91816ae90-139952901822272","study_id":0,"datetime_start":"2026-03-26T09:27:35.195446"}
{"op_code":5,"worker_id":"eca364de-bf60-4efa-acc8-21e91816ae90-139952901822272","trial_id":2,"param_name":"learning_rate","param_value_internal":0.022574918229792896,"distribution":"{\"name\": \"FloatDistribution\", \"attributes\": {\"step\": null, \"low\": 0.01, \"high\": 0.2, \"log\": true}}"}
{"op_code":5,"worker_id":"eca364de-bf60-4efa-acc8-21e91816ae90-139952901822272","trial_id":2,"param_name":"n_estimators","param_value_internal":103.0,"distribution":"{\"name\": \"IntDistribution\", \"attributes\": {\"log\": false, \"step\": 1, \"low\": 50, \"high\": 200}}"}
{"op_code":5,"worker_id":"eca364de-bf60-4efa-acc8-21e91816ae90-139952901822272","trial_id":2,"param_name":"max_depth","param_value_internal":5.0,"distribution":"{\"name\": \"IntDistribution\", \"attributes\": {\"log\": false, \"step\": 1, \"low\": 2, \"high\": 5}}"}
{"op_code":6,"worker_id":"eca364de-bf60-4efa-acc8-21e91816ae90-139952901822272","trial_id":2,"state":1,"values":[0.6046244489997491],"datetime_complete":"2026-03-26T09:28:18.857603"}
{"op_code":4,"worker_id":"eca364de-bf60-4efa-acc8-21e91816ae90-139952901822272","study_id":0,"datetime_start":"2026-03-26T09:28:18.877892"}
{"op_code":5,"worker_id":"eca364de-bf60-4efa-acc8-21e91816ae90-139952901822272","trial_id":3,"param_name":"learning_rate","param_value_internal":0.018512653874307127,"distribution":"{\"name\": \"FloatDistribution\", \"attributes\": {\"step\": null, \"low\": 0.01, \"high\": 0.2, \"log\": true}}"}
{"op_code":5,"worker_id":"eca364de-bf60-4efa-acc8-21e91816ae90-139952901822272","trial_id":3,"param_name":"n_estimators","param_value_internal":104.0,"distribution":"{\"name\": \"IntDistribution\", \"attributes\": {\"log\": false, \"step\": 1, \"low\": 50, \"high\": 200}}"}
{"op_code":5,"worker_id":"eca364de-bf60-4efa-acc8-21e91816ae90-139952901822272","trial_id":3,"param_name":"max_depth","param_value_internal":2.0,"distribution":"{\"name\": \"IntDistribution\", \"attributes\": {\"log\": false, \"step\": 1, \"low\": 2, \"high\": 5}}"}
{"op_code":6,"worker_id":"eca364de-bf60-4efa-acc8-21e91816ae90-139952901822272","trial_id":3,"state":1,"values":[0.5874862930272902],"datetime_complete":"2026-03-26T09:29:02.432003"}
{"op_code":4,"worker_id":"eca364de-bf60-4efa-acc8-21e91816ae90-139952901822272","study_id":0,"datetime_start":"2026-03-26T09:29:02.453819"}
{"op_code":5,"worker_id":"eca364de-bf60-4efa-acc8-21e91816ae90-139952901822272","trial_id":4,"param_name":"learning_rate","param_value_internal":0.059438868130957626,"distribution":"{\"name\": \"FloatDistribution\", \"attributes\": {\"step\": null, \"low\": 0.01, \"high\": 0.2, \"log\": true}}"}
{"op_code":5,"worker_id":"eca364de-bf60-4efa-acc8-21e91816ae90-139952901822272","trial_id":4,"param_name":"n_estimators","param_value_internal":50.0,"distribution":"{\"name\": \"IntDistribution\", \"attributes\": {\"log\": false, \"step\": 1, \"low\": 50, \"high\": 200}}"}
{"op_code":5,"worker_id":"eca364de-bf60-4efa-acc8-21e91816ae90-139952901822272","trial_id":4,"param_name":"max_depth","param_value_internal":4.0,"distribution":"{\"name\": \"IntDistribution\", \"attributes\": {\"log\": false, \"step\": 1, \"low\": 2, \"high\": 5}}"}
{"op_code":6,"worker_id":"eca364de-bf60-4efa-acc8-21e91816ae90-139952901822272","trial_id":4,"state":1,"values":[0.6043196586347912],"datetime_complete":"2026-03-26T09:29:23.651257"}
{"op_code":4,"worker_id":"eca364de-bf60-4efa-acc8-21e91816ae90-139952901822272","study_id":0,"datetime_start":"2026-03-26T09:29:23.674683"}
{"op_code":5,"worker_id":"eca364de-bf60-4efa-acc8-21e91816ae90-139952901822272","trial_id":5,"param_name":"learning_rate","param_value_internal":0.06125254175130186,"distribution":"{\"name\": \"FloatDistribution\", \"attributes\": {\"step\": null, \"low\": 0.01, \"high\": 0.2, \"log\": true}}"}
{"op_code":5,"worker_id":"eca364de-bf60-4efa-acc8-21e91816ae90-139952901822272","trial_id":5,"param_name":"n_estimators","param_value_internal":129.0,"distribution":"{\"name\": \"IntDistribution\", \"attributes\": {\"log\": false, \"step\": 1, \"low\": 50, \"high\": 200}}"}
{"op_code":5,"worker_id":"eca364de-bf60-4efa-acc8-21e91816ae90-139952901822272","trial_id":5,"param_name":"max_depth","param_value_internal":4.0,"distribution":"{\"name\": \"IntDistribution\", \"attributes\": {\"log\": false, \"step\": 1, \"low\": 2, \"high\": 5}}"}
{"op_code":6,"worker_id":"eca364de-bf60-4efa-acc8-21e91816ae90-139952901822272","trial_id":5,"state":1,"values":[0.608967711700398],"datetime_complete":"2026-03-26T09:30:17.668442"}
{"op_code":4,"worker_id":"eca364de-bf60-4efa-acc8-21e91816ae90-139952901822272","study_id":0,"datetime_start":"2026-03-26T09:30:17.684099"}
{"op_code":5,"worker_id":"eca364de-bf60-4efa-acc8-21e91816ae90-139952901822272","trial_id":6,"param_name":"learning_rate","param_value_internal":0.017115667057596547,"distribution":"{\"name\": \"FloatDistribution\", \"attributes\": {\"step\": null, \"low\": 0.01, \"high\": 0.2, \"log\": true}}"}
{"op_code":5,"worker_id":"eca364de-bf60-4efa-acc8-21e91816ae90-139952901822272","trial_id":6,"param_name":"n_estimators","param_value_internal":146.0,"distribution":"{\"name\": \"IntDistribution\", \"attributes\": {\"log\": false, \"step\": 1, \"low\": 50, \"high\": 200}}"}
{"op_code":5,"worker_id":"eca364de-bf60-4efa-acc8-21e91816ae90-139952901822272","trial_id":6,"param_name":"max_depth","param_value_internal":5.0,"distribution":"{\"name\": \"IntDistribution\", \"attributes\": {\"log\": false, \"step\": 1, \"low\": 2, \"high\": 5}}"}
{"op_code":6,"worker_id":"eca364de-bf60-4efa-acc8-21e91816ae90-139952901822272","trial_id":6,"state":1,"values":[0.6060286617525904],"datetime_complete":"2026-03-26T09:31:19.003460"}
{"op_code":4,"worker_id":"eca364de-bf60-4efa-acc8-21e91816ae90-139952901822272","study_id":0,"datetime_start":"2026-03-26T09:31:22.449316"}
{"op_code":5,"worker_id":"eca364de-bf60-4efa-acc8-21e91816ae90-139952901822272","trial_id":7,"param_name":"learning_rate","param_value_internal":0.08260999730725174,"distribution":"{\"name\": \"FloatDistribution\", \"attributes\": {\"step\": null, \"low\": 0.01, \"high\": 0.2, \"log\": true}}"}
{"op_code":5,"worker_id":"eca364de-bf60-4efa-acc8-21e91816ae90-139952901822272","trial_id":7,"param_name":"n_estimators","param_value_internal":150.0,"distribution":"{\"name\": \"IntDistribution\", \"attributes\": {\"log\": false, \"step\": 1, \"low\": 50, \"high\": 200}}"}
{"op_code":5,"worker_id":"eca364de-bf60-4efa-acc8-21e91816ae90-139952901822272","trial_id":7,"param_name":"max_depth","param_value_internal":3.0,"distribution":"{\"name\": \"IntDistribution\", \"attributes\": {\"log\": false, \"step\": 1, \"low\": 2, \"high\": 5}}"}
{"op_code":6,"worker_id":"eca364de-bf60-4efa-acc8-21e91816ae90-139952901822272","trial_id":7,"state":1,"values":[0.6139045135328068],"datetime_complete":"2026-03-26T09:32:25.015667"}
{"op_code":4,"worker_id":"eca364de-bf60-4efa-acc8-21e91816ae90-139952901822272","study_id":0,"datetime_start":"2026-03-26T09:32:25.030025"}
{"op_code":5,"worker_id":"eca364de-bf60-4efa-acc8-21e91816ae90-139952901822272","trial_id":8,"param_name":"learning_rate","param_value_internal":0.014144276836407505,"distribution":"{\"name\": \"FloatDistribution\", \"attributes\": {\"step\": null, \"low\": 0.01, \"high\": 0.2, \"log\": true}}"}
{"op_code":5,"worker_id":"eca364de-bf60-4efa-acc8-21e91816ae90-139952901822272","trial_id":8,"param_name":"n_estimators","param_value_internal":154.0,"distribution":"{\"name\": \"IntDistribution\", \"attributes\": {\"log\": false, \"step\": 1, \"low\": 50, \"high\": 200}}"}
{"op_code":5,"worker_id":"eca364de-bf60-4efa-acc8-21e91816ae90-139952901822272","trial_id":8,"param_name":"max_depth","param_value_internal":4.0,"distribution":"{\"name\": \"IntDistribution\", \"attributes\": {\"log\": false, \"step\": 1, \"low\": 2, \"high\": 5}}"}
{"op_code":6,"worker_id":"eca364de-bf60-4efa-acc8-21e91816ae90-139952901822272","trial_id":8,"state":1,"values":[0.6002886341839582],"datetime_complete":"2026-03-26T09:33:29.297350"}
{"op_code":4,"worker_id":"eca364de-bf60-4efa-acc8-21e91816ae90-139952901822272","study_id":0,"datetime_start":"2026-03-26T09:33:29.320195"}
{"op_code":5,"worker_id":"eca364de-bf60-4efa-acc8-21e91816ae90-139952901822272","trial_id":9,"param_name":"learning_rate","param_value_internal":0.06360242637782536,"distribution":"{\"name\": \"FloatDistribution\", \"attributes\": {\"step\": null, \"low\": 0.01, \"high\": 0.2, \"log\": true}}"}
{"op_code":5,"worker_id":"eca364de-bf60-4efa-acc8-21e91816ae90-139952901822272","trial_id":9,"param_name":"n_estimators","param_value_internal":164.0,"distribution":"{\"name\": \"IntDistribution\", \"attributes\": {\"log\": false, \"step\": 1, \"low\": 50, \"high\": 200}}"}
{"op_code":5,"worker_id":"eca364de-bf60-4efa-acc8-21e91816ae90-139952901822272","trial_id":9,"param_name":"max_depth","param_value_internal":3.0,"distribution":"{\"name\": \"IntDistribution\", \"attributes\": {\"log\": false, \"step\": 1, \"low\": 2, \"high\": 5}}"}
{"op_code":6,"worker_id":"eca364de-bf60-4efa-acc8-21e91816ae90-139952901822272","trial_id":9,"state":1,"values":[0.6129299864448495],"datetime_complete":"2026-03-26T09:34:37.577896"}
{"op_code":4,"worker_id":"eca364de-bf60-4efa-acc8-21e91816ae90-139952901822272","study_id":0,"datetime_start":"2026-03-26T09:34:37.608728"}
{"op_code":5,"worker_id":"eca364de-bf60-4efa-acc8-21e91816ae90-139952901822272","trial_id":10,"param_name":"learning_rate","param_value_internal":0.17822875789649748,"distribution":"{\"name\": \"FloatDistribution\", \"attributes\": {\"step\": null, \"low\": 0.01, \"high\": 0.2, \"log\": true}}"}
{"op_code":5,"worker_id":"eca364de-bf60-4efa-acc8-21e91816ae90-139952901822272","trial_id":10,"param_name":"n_estimators","param_value_internal":194.0,"distribution":"{\"name\": \"IntDistribution\", \"attributes\": {\"log\": false, \"step\": 1, \"low\": 50, \"high\": 200}}"}
{"op_code":5,"worker_id":"eca364de-bf60-4efa-acc8-21e91816ae90-139952901822272","trial_id":10,"param_name":"max_depth","param_value_internal":3.0,"distribution":"{\"name\": \"IntDistribution\", \"attributes\": {\"log\": false, \"step\": 1, \"low\": 2, \"high\": 5}}"}
{"op_code":6,"worker_id":"eca364de-bf60-4efa-acc8-21e91816ae90-139952901822272","trial_id":10,"state":1,"values":[0.6118758242803338],"datetime_complete":"2026-03-26T09:35:58.710320"}
{"op_code":4,"worker_id":"eca364de-bf60-4efa-acc8-21e91816ae90-139952901822272","study_id":0,"datetime_start":"2026-03-26T09:35:58.737692"}
{"op_code":5,"worker_id":"eca364de-bf60-4efa-acc8-21e91816ae90-139952901822272","trial_id":11,"param_name":"learning_rate","param_value_internal":0.12140312363065577,"distribution":"{\"name\": \"FloatDistribution\", \"attributes\": {\"step\": null, \"low\": 0.01, \"high\": 0.2, \"log\": true}}"}
{"op_code":5,"worker_id":"eca364de-bf60-4efa-acc8-21e91816ae90-139952901822272","trial_id":11,"param_name":"n_estimators","param_value_internal":184.0,"distribution":"{\"name\": \"IntDistribution\", \"attributes\": {\"log\": false, \"step\": 1, \"low\": 50, \"high\": 200}}"}
{"op_code":5,"worker_id":"eca364de-bf60-4efa-acc8-21e91816ae90-139952901822272","trial_id":11,"param_name":"max_depth","param_value_internal":3.0,"distribution":"{\"name\": \"IntDistribution\", \"attributes\": {\"log\": false, \"step\": 1, \"low\": 2, \"high\": 5}}"}
{"op_code":6,"worker_id":"eca364de-bf60-4efa-acc8-21e91816ae90-139952901822272","trial_id":11,"state":1,"values":[0.6160242961462352],"datetime_complete":"2026-03-26T09:37:15.609064"}
{"op_code":4,"worker_id":"eca364de-bf60-4efa-acc8-21e91816ae90-139952901822272","study_id":0,"datetime_start":"2026-03-26T09:37:15.631296"}
{"op_code":5,"worker_id":"eca364de-bf60-4efa-acc8-21e91816ae90-139952901822272","trial_id":12,"param_name":"learning_rate","param_value_internal":0.1472276253399675,"distribution":"{\"name\": \"FloatDistribution\", \"attributes\": {\"step\": null, \"low\": 0.01, \"high\": 0.2, \"log\": true}}"}
{"op_code":5,"worker_id":"eca364de-bf60-4efa-acc8-21e91816ae90-139952901822272","trial_id":12,"param_name":"n_estimators","param_value_internal":178.0,"distribution":"{\"name\": \"IntDistribution\", \"attributes\": {\"log\": false, \"step\": 1, \"low\": 50, \"high\": 200}}"}
{"op_code":5,"worker_id":"eca364de-bf60-4efa-acc8-21e91816ae90-139952901822272","trial_id":12,"param_name":"max_depth","param_value_internal":3.0,"distribution":"{\"name\": \"IntDistribution\", \"attributes\": {\"log\": false, \"step\": 1, \"low\": 2, \"high\": 5}}"}
{"op_code":6,"worker_id":"eca364de-bf60-4efa-acc8-21e91816ae90-139952901822272","trial_id":12,"state":1,"values":[0.6154273195291562],"datetime_complete":"2026-03-26T09:38:30.221310"}
{"op_code":4,"worker_id":"eca364de-bf60-4efa-acc8-21e91816ae90-139952901822272","study_id":0,"datetime_start":"2026-03-26T09:38:30.258134"}
{"op_code":5,"worker_id":"eca364de-bf60-4efa-acc8-21e91816ae90-139952901822272","trial_id":13,"param_name":"learning_rate","param_value_internal":0.19373784505102087,"distribution":"{\"name\": \"FloatDistribution\", \"attributes\": {\"step\": null, \"low\": 0.01, \"high\": 0.2, \"log\": true}}"}
{"op_code":5,"worker_id":"eca364de-bf60-4efa-acc8-21e91816ae90-139952901822272","trial_id":13,"param_name":"n_estimators","param_value_internal":197.0,"distribution":"{\"name\": \"IntDistribution\", \"attributes\": {\"log\": false, \"step\": 1, \"low\": 50, \"high\": 200}}"}
{"op_code":5,"worker_id":"eca364de-bf60-4efa-acc8-21e91816ae90-139952901822272","trial_id":13,"param_name":"max_depth","param_value_internal":2.0,"distribution":"{\"name\": \"IntDistribution\", \"attributes\": {\"log\": false, \"step\": 1, \"low\": 2, \"high\": 5}}"}
{"op_code":6,"worker_id":"eca364de-bf60-4efa-acc8-21e91816ae90-139952901822272","trial_id":13,"state":1,"values":[0.6138202951424895],"datetime_complete":"2026-03-26T09:39:52.415097"}
{"op_code":4,"worker_id":"eca364de-bf60-4efa-acc8-21e91816ae90-139952901822272","study_id":0,"datetime_start":"2026-03-26T09:39:52.443876"}
{"op_code":5,"worker_id":"eca364de-bf60-4efa-acc8-21e91816ae90-139952901822272","trial_id":14,"param_name":"learning_rate","param_value_internal":0.11627765755232577,"distribution":"{\"name\": \"FloatDistribution\", \"attributes\": {\"step\": null, \"low\": 0.01, \"high\": 0.2, \"log\": true}}"}
{"op_code":5,"worker_id":"eca364de-bf60-4efa-acc8-21e91816ae90-139952901822272","trial_id":14,"param_name":"n_estimators","param_value_internal":176.0,"distribution":"{\"name\": \"IntDistribution\", \"attributes\": {\"log\": false, \"step\": 1, \"low\": 50, \"high\": 200}}"}
{"op_code":5,"worker_id":"eca364de-bf60-4efa-acc8-21e91816ae90-139952901822272","trial_id":14,"param_name":"max_depth","param_value_internal":3.0,"distribution":"{\"name\": \"IntDistribution\", \"attributes\": {\"log\": false, \"step\": 1, \"low\": 2, \"high\": 5}}"}
{"op_code":6,"worker_id":"eca364de-bf60-4efa-acc8-21e91816ae90-139952901822272","trial_id":14,"state":1,"values":[0.6144768548384325],"datetime_complete":"2026-03-26T09:41:05.688624"}
{"op_code":4,"worker_id":"eca364de-bf60-4efa-acc8-21e91816ae90-139952901822272","study_id":0,"datetime_start":"2026-03-26T09:41:05.714440"}
{"op_code":5,"worker_id":"eca364de-bf60-4efa-acc8-21e91816ae90-139952901822272","trial_id":15,"param_name":"learning_rate","param_value_internal":0.11866798120196582,"distribution":"{\"name\": \"FloatDistribution\", \"attributes\": {\"step\": null, \"low\": 0.01, \"high\": 0.2, \"log\": true}}"}
{"op_code":5,"worker_id":"eca364de-bf60-4efa-acc8-21e91816ae90-139952901822272","trial_id":15,"param_name":"n_estimators","param_value_internal":189.0,"distribution":"{\"name\": \"IntDistribution\", \"attributes\": {\"log\": false, \"step\": 1, \"low\": 50, \"high\": 200}}"}
{"op_code":5,"worker_id":"eca364de-bf60-4efa-acc8-21e91816ae90-139952901822272","trial_id":15,"param_name":"max_depth","param_value_internal":4.0,"distribution":"{\"name\": \"IntDistribution\", \"attributes\": {\"log\": false, \"step\": 1, \"low\": 2, \"high\": 5}}"}
{"op_code":6,"worker_id":"eca364de-bf60-4efa-acc8-21e91816ae90-139952901822272","trial_id":15,"state":1,"values":[0.616102785394354],"datetime_complete":"2026-03-26T09:42:24.768682"}
{"op_code":4,"worker_id":"eca364de-bf60-4efa-acc8-21e91816ae90-139952901822272","study_id":0,"datetime_start":"2026-03-26T09:42:24.801941"}
{"op_code":5,"worker_id":"eca364de-bf60-4efa-acc8-21e91816ae90-139952901822272","trial_id":16,"param_name":"learning_rate","param_value_internal":0.10299942954406625,"distribution":"{\"name\": \"FloatDistribution\", \"attributes\": {\"step\": null, \"low\": 0.01, \"high\": 0.2, \"log\": true}}"}
{"op_code":5,"worker_id":"eca364de-bf60-4efa-acc8-21e91816ae90-139952901822272","trial_id":16,"param_name":"n_estimators","param_value_internal":199.0,"distribution":"{\"name\": \"IntDistribution\", \"attributes\": {\"log\": false, \"step\": 1, \"low\": 50, \"high\": 200}}"}
{"op_code":5,"worker_id":"eca364de-bf60-4efa-acc8-21e91816ae90-139952901822272","trial_id":16,"param_name":"max_depth","param_value_internal":4.0,"distribution":"{\"name\": \"IntDistribution\", \"attributes\": {\"log\": false, \"step\": 1, \"low\": 2, \"high\": 5}}"}
{"op_code":6,"worker_id":"eca364de-bf60-4efa-acc8-21e91816ae90-139952901822272","trial_id":16,"state":1,"values":[0.6129265489595305],"datetime_complete":"2026-03-26T09:43:49.049337"}
{"op_code":4,"worker_id":"eca364de-bf60-4efa-acc8-21e91816ae90-139952901822272","study_id":0,"datetime_start":"2026-03-26T09:43:49.075885"}
{"op_code":5,"worker_id":"eca364de-bf60-4efa-acc8-21e91816ae90-139952901822272","trial_id":17,"param_name":"learning_rate","param_value_internal":0.04097453720170855,"distribution":"{\"name\": \"FloatDistribution\", \"attributes\": {\"step\": null, \"low\": 0.01, \"high\": 0.2, \"log\": true}}"}
{"op_code":5,"worker_id":"eca364de-bf60-4efa-acc8-21e91816ae90-139952901822272","trial_id":17,"param_name":"n_estimators","param_value_internal":107.0,"distribution":"{\"name\": \"IntDistribution\", \"attributes\": {\"log\": false, \"step\": 1, \"low\": 50, \"high\": 200}}"}
{"op_code":5,"worker_id":"eca364de-bf60-4efa-acc8-21e91816ae90-139952901822272","trial_id":17,"param_name":"max_depth","param_value_internal":5.0,"distribution":"{\"name\": \"IntDistribution\", \"attributes\": {\"log\": false, \"step\": 1, \"low\": 2, \"high\": 5}}"}
{"op_code":6,"worker_id":"eca364de-bf60-4efa-acc8-21e91816ae90-139952901822272","trial_id":17,"state":1,"values":[0.6087603167528138],"datetime_complete":"2026-03-26T09:44:34.978940"}
{"op_code":4,"worker_id":"eca364de-bf60-4efa-acc8-21e91816ae90-139952901822272","study_id":0,"datetime_start":"2026-03-26T09:44:35.012898"}
{"op_code":5,"worker_id":"eca364de-bf60-4efa-acc8-21e91816ae90-139952901822272","trial_id":18,"param_name":"learning_rate","param_value_internal":0.1216655860487486,"distribution":"{\"name\": \"FloatDistribution\", \"attributes\": {\"step\": null, \"low\": 0.01, \"high\": 0.2, \"log\": true}}"}
{"op_code":5,"worker_id":"eca364de-bf60-4efa-acc8-21e91816ae90-139952901822272","trial_id":18,"param_name":"n_estimators","param_value_internal":75.0,"distribution":"{\"name\": \"IntDistribution\", \"attributes\": {\"log\": false, \"step\": 1, \"low\": 50, \"high\": 200}}"}
{"op_code":5,"worker_id":"eca364de-bf60-4efa-acc8-21e91816ae90-139952901822272","trial_id":18,"param_name":"max_depth","param_value_internal":4.0,"distribution":"{\"name\": \"IntDistribution\", \"attributes\": {\"log\": false, \"step\": 1, \"low\": 2, \"high\": 5}}"}
{"op_code":6,"worker_id":"eca364de-bf60-4efa-acc8-21e91816ae90-139952901822272","trial_id":18,"state":1,"values":[0.6090175552375245],"datetime_complete":"2026-03-26T09:45:06.805177"}
{"op_code":4,"worker_id":"eca364de-bf60-4efa-acc8-21e91816ae90-139952901822272","study_id":0,"datetime_start":"2026-03-26T09:45:06.828055"}
{"op_code":5,"worker_id":"eca364de-bf60-4efa-acc8-21e91816ae90-139952901822272","trial_id":19,"param_name":"learning_rate","param_value_internal":0.08149450644101289,"distribution":"{\"name\": \"FloatDistribution\", \"attributes\": {\"step\": null, \"low\": 0.01, \"high\": 0.2, \"log\": true}}"}
{"op_code":5,"worker_id":"eca364de-bf60-4efa-acc8-21e91816ae90-139952901822272","trial_id":19,"param_name":"n_estimators","param_value_internal":183.0,"distribution":"{\"name\": \"IntDistribution\", \"attributes\": {\"log\": false, \"step\": 1, \"low\": 50, \"high\": 200}}"}
{"op_code":5,"worker_id":"eca364de-bf60-4efa-acc8-21e91816ae90-139952901822272","trial_id":19,"param_name":"max_depth","param_value_internal":4.0,"distribution":"{\"name\": \"IntDistribution\", \"attributes\": {\"log\": false, \"step\": 1, \"low\": 2, \"high\": 5}}"}
{"op_code":6,"worker_id":"eca364de-bf60-4efa-acc8-21e91816ae90-139952901822272","trial_id":19,"state":1,"values":[0.6141697728165952],"datetime_complete":"2026-03-26T09:46:23.198774"}
{"op_code":0,"worker_id":"a9b1a9ce-2e21-4319-89b5-b34a05c7c1a1-139699157092160","study_name":"gbsa_tuning","directions":[2]}
{"op_code":4,"worker_id":"a9b1a9ce-2e21-4319-89b5-b34a05c7c1a1-139699157092160","study_id":0,"datetime_start":"2026-03-26T13:56:08.872900"}
{"op_code":5,"worker_id":"a9b1a9ce-2e21-4319-89b5-b34a05c7c1a1-139699157092160","trial_id":20,"param_name":"learning_rate","param_value_internal":0.1464654863216333,"distribution":"{\"name\": \"FloatDistribution\", \"attributes\": {\"step\": null, \"low\": 0.01, \"high\": 0.2, \"log\": true}}"}
{"op_code":5,"worker_id":"a9b1a9ce-2e21-4319-89b5-b34a05c7c1a1-139699157092160","trial_id":20,"param_name":"n_estimators","param_value_internal":128.0,"distribution":"{\"name\": \"IntDistribution\", \"attributes\": {\"log\": false, \"step\": 1, \"low\": 50, \"high\": 200}}"}
{"op_code":5,"worker_id":"a9b1a9ce-2e21-4319-89b5-b34a05c7c1a1-139699157092160","trial_id":20,"param_name":"max_depth","param_value_internal":2.0,"distribution":"{\"name\": \"IntDistribution\", \"attributes\": {\"log\": false, \"step\": 1, \"low\": 2, \"high\": 5}}"}
{"op_code":6,"worker_id":"a9b1a9ce-2e21-4319-89b5-b34a05c7c1a1-139699157092160","trial_id":20,"state":1,"values":[0.6113281182861615],"datetime_complete":"2026-03-26T13:57:03.417207"}
{"op_code":4,"worker_id":"a9b1a9ce-2e21-4319-89b5-b34a05c7c1a1-139699157092160","study_id":0,"datetime_start":"2026-03-26T13:57:03.443342"}
{"op_code":5,"worker_id":"a9b1a9ce-2e21-4319-89b5-b34a05c7c1a1-139699157092160","trial_id":21,"param_name":"learning_rate","param_value_internal":0.14784446392069994,"distribution":"{\"name\": \"FloatDistribution\", \"attributes\": {\"step\": null, \"low\": 0.01, \"high\": 0.2, \"log\": true}}"}
{"op_code":5,"worker_id":"a9b1a9ce-2e21-4319-89b5-b34a05c7c1a1-139699157092160","trial_id":21,"param_name":"n_estimators","param_value_internal":183.0,"distribution":"{\"name\": \"IntDistribution\", \"attributes\": {\"log\": false, \"step\": 1, \"low\": 50, \"high\": 200}}"}
{"op_code":5,"worker_id":"a9b1a9ce-2e21-4319-89b5-b34a05c7c1a1-139699157092160","trial_id":21,"param_name":"max_depth","param_value_internal":3.0,"distribution":"{\"name\": \"IntDistribution\", \"attributes\": {\"log\": false, \"step\": 1, \"low\": 2, \"high\": 5}}"}
{"op_code":6,"worker_id":"a9b1a9ce-2e21-4319-89b5-b34a05c7c1a1-139699157092160","trial_id":21,"state":1,"values":[0.6172428846918466],"datetime_complete":"2026-03-26T13:58:20.685097"}
{"op_code":4,"worker_id":"a9b1a9ce-2e21-4319-89b5-b34a05c7c1a1-139699157092160","study_id":0,"datetime_start":"2026-03-26T13:58:20.709784"}
{"op_code":5,"worker_id":"a9b1a9ce-2e21-4319-89b5-b34a05c7c1a1-139699157092160","trial_id":22,"param_name":"learning_rate","param_value_internal":0.09282250492654724,"distribution":"{\"name\": \"FloatDistribution\", \"attributes\": {\"step\": null, \"low\": 0.01, \"high\": 0.2, \"log\": true}}"}
{"op_code":5,"worker_id":"a9b1a9ce-2e21-4319-89b5-b34a05c7c1a1-139699157092160","trial_id":22,"param_name":"n_estimators","param_value_internal":163.0,"distribution":"{\"name\": \"IntDistribution\", \"attributes\": {\"log\": false, \"step\": 1, \"low\": 50, \"high\": 200}}"}
{"op_code":5,"worker_id":"a9b1a9ce-2e21-4319-89b5-b34a05c7c1a1-139699157092160","trial_id":22,"param_name":"max_depth","param_value_internal":3.0,"distribution":"{\"name\": \"IntDistribution\", \"attributes\": {\"log\": false, \"step\": 1, \"low\": 2, \"high\": 5}}"}
{"op_code":6,"worker_id":"a9b1a9ce-2e21-4319-89b5-b34a05c7c1a1-139699157092160","trial_id":22,"state":1,"values":[0.6150400295165406],"datetime_complete":"2026-03-26T13:59:29.631100"}
{"op_code":4,"worker_id":"a9b1a9ce-2e21-4319-89b5-b34a05c7c1a1-139699157092160","study_id":0,"datetime_start":"2026-03-26T13:59:29.655647"}
{"op_code":5,"worker_id":"a9b1a9ce-2e21-4319-89b5-b34a05c7c1a1-139699157092160","trial_id":23,"param_name":"learning_rate","param_value_internal":0.15391012554848768,"distribution":"{\"name\": \"FloatDistribution\", \"attributes\": {\"step\": null, \"low\": 0.01, \"high\": 0.2, \"log\": true}}"}
{"op_code":5,"worker_id":"a9b1a9ce-2e21-4319-89b5-b34a05c7c1a1-139699157092160","trial_id":23,"param_name":"n_estimators","param_value_internal":186.0,"distribution":"{\"name\": \"IntDistribution\", \"attributes\": {\"log\": false, \"step\": 1, \"low\": 50, \"high\": 200}}"}
{"op_code":5,"worker_id":"a9b1a9ce-2e21-4319-89b5-b34a05c7c1a1-139699157092160","trial_id":23,"param_name":"max_depth","param_value_internal":3.0,"distribution":"{\"name\": \"IntDistribution\", \"attributes\": {\"log\": false, \"step\": 1, \"low\": 2, \"high\": 5}}"}
{"op_code":6,"worker_id":"a9b1a9ce-2e21-4319-89b5-b34a05c7c1a1-139699157092160","trial_id":23,"state":1,"values":[0.6180071522611206],"datetime_complete":"2026-03-26T14:00:48.129379"}
{"op_code":4,"worker_id":"a9b1a9ce-2e21-4319-89b5-b34a05c7c1a1-139699157092160","study_id":0,"datetime_start":"2026-03-26T14:00:48.170661"}
{"op_code":5,"worker_id":"a9b1a9ce-2e21-4319-89b5-b34a05c7c1a1-139699157092160","trial_id":24,"param_name":"learning_rate","param_value_internal":0.160759911904789,"distribution":"{\"name\": \"FloatDistribution\", \"attributes\": {\"step\": null, \"low\": 0.01, \"high\": 0.2, \"log\": true}}"}
{"op_code":5,"worker_id":"a9b1a9ce-2e21-4319-89b5-b34a05c7c1a1-139699157092160","trial_id":24,"param_name":"n_estimators","param_value_internal":167.0,"distribution":"{\"name\": \"IntDistribution\", \"attributes\": {\"log\": false, \"step\": 1, \"low\": 50, \"high\": 200}}"}
{"op_code":5,"worker_id":"a9b1a9ce-2e21-4319-89b5-b34a05c7c1a1-139699157092160","trial_id":24,"param_name":"max_depth","param_value_internal":4.0,"distribution":"{\"name\": \"IntDistribution\", \"attributes\": {\"log\": false, \"step\": 1, \"low\": 2, \"high\": 5}}"}
{"op_code":6,"worker_id":"a9b1a9ce-2e21-4319-89b5-b34a05c7c1a1-139699157092160","trial_id":24,"state":1,"values":[0.6137057122985204],"datetime_complete":"2026-03-26T14:01:59.017979"}
{"op_code":4,"worker_id":"a9b1a9ce-2e21-4319-89b5-b34a05c7c1a1-139699157092160","study_id":0,"datetime_start":"2026-03-26T14:01:59.043601"}
{"op_code":5,"worker_id":"a9b1a9ce-2e21-4319-89b5-b34a05c7c1a1-139699157092160","trial_id":25,"param_name":"learning_rate","param_value_internal":0.1917863986585804,"distribution":"{\"name\": \"FloatDistribution\", \"attributes\": {\"step\": null, \"low\": 0.01, \"high\": 0.2, \"log\": true}}"}
{"op_code":5,"worker_id":"a9b1a9ce-2e21-4319-89b5-b34a05c7c1a1-139699157092160","trial_id":25,"param_name":"n_estimators","param_value_internal":189.0,"distribution":"{\"name\": \"IntDistribution\", \"attributes\": {\"log\": false, \"step\": 1, \"low\": 50, \"high\": 200}}"}
{"op_code":5,"worker_id":"a9b1a9ce-2e21-4319-89b5-b34a05c7c1a1-139699157092160","trial_id":25,"param_name":"max_depth","param_value_internal":3.0,"distribution":"{\"name\": \"IntDistribution\", \"attributes\": {\"log\": false, \"step\": 1, \"low\": 2, \"high\": 5}}"}
{"op_code":6,"worker_id":"a9b1a9ce-2e21-4319-89b5-b34a05c7c1a1-139699157092160","trial_id":25,"state":1,"values":[0.6188882943312429],"datetime_complete":"2026-03-26T14:03:18.495795"}
{"op_code":4,"worker_id":"a9b1a9ce-2e21-4319-89b5-b34a05c7c1a1-139699157092160","study_id":0,"datetime_start":"2026-03-26T14:03:18.519775"}
{"op_code":5,"worker_id":"a9b1a9ce-2e21-4319-89b5-b34a05c7c1a1-139699157092160","trial_id":26,"param_name":"learning_rate","param_value_internal":0.01052592748751064,"distribution":"{\"name\": \"FloatDistribution\", \"attributes\": {\"step\": null, \"low\": 0.01, \"high\": 0.2, \"log\": true}}"}
{"op_code":5,"worker_id":"a9b1a9ce-2e21-4319-89b5-b34a05c7c1a1-139699157092160","trial_id":26,"param_name":"n_estimators","param_value_internal":160.0,"distribution":"{\"name\": \"IntDistribution\", \"attributes\": {\"log\": false, \"step\": 1, \"low\": 50, \"high\": 200}}"}
{"op_code":5,"worker_id":"a9b1a9ce-2e21-4319-89b5-b34a05c7c1a1-139699157092160","trial_id":26,"param_name":"max_depth","param_value_internal":2.0,"distribution":"{\"name\": \"IntDistribution\", \"attributes\": {\"log\": false, \"step\": 1, \"low\": 2, \"high\": 5}}"}
{"op_code":6,"worker_id":"a9b1a9ce-2e21-4319-89b5-b34a05c7c1a1-139699157092160","trial_id":26,"state":1,"values":[0.5847666692256835],"datetime_complete":"2026-03-26T14:04:25.878431"}
{"op_code":4,"worker_id":"a9b1a9ce-2e21-4319-89b5-b34a05c7c1a1-139699157092160","study_id":0,"datetime_start":"2026-03-26T14:04:25.900214"}
{"op_code":5,"worker_id":"a9b1a9ce-2e21-4319-89b5-b34a05c7c1a1-139699157092160","trial_id":27,"param_name":"learning_rate","param_value_internal":0.18003166283277725,"distribution":"{\"name\": \"FloatDistribution\", \"attributes\": {\"step\": null, \"low\": 0.01, \"high\": 0.2, \"log\": true}}"}
{"op_code":5,"worker_id":"a9b1a9ce-2e21-4319-89b5-b34a05c7c1a1-139699157092160","trial_id":27,"param_name":"n_estimators","param_value_internal":172.0,"distribution":"{\"name\": \"IntDistribution\", \"attributes\": {\"log\": false, \"step\": 1, \"low\": 50, \"high\": 200}}"}
{"op_code":5,"worker_id":"a9b1a9ce-2e21-4319-89b5-b34a05c7c1a1-139699157092160","trial_id":27,"param_name":"max_depth","param_value_internal":3.0,"distribution":"{\"name\": \"IntDistribution\", \"attributes\": {\"log\": false, \"step\": 1, \"low\": 2, \"high\": 5}}"}
{"op_code":6,"worker_id":"a9b1a9ce-2e21-4319-89b5-b34a05c7c1a1-139699157092160","trial_id":27,"state":1,"values":[0.615669089329931],"datetime_complete":"2026-03-26T14:05:37.892778"}
{"op_code":4,"worker_id":"a9b1a9ce-2e21-4319-89b5-b34a05c7c1a1-139699157092160","study_id":0,"datetime_start":"2026-03-26T14:05:37.920871"}
{"op_code":5,"worker_id":"a9b1a9ce-2e21-4319-89b5-b34a05c7c1a1-139699157092160","trial_id":28,"param_name":"learning_rate","param_value_internal":0.14138001722190066,"distribution":"{\"name\": \"FloatDistribution\", \"attributes\": {\"step\": null, \"low\": 0.01, \"high\": 0.2, \"log\": true}}"}
{"op_code":5,"worker_id":"a9b1a9ce-2e21-4319-89b5-b34a05c7c1a1-139699157092160","trial_id":28,"param_name":"n_estimators","param_value_internal":138.0,"distribution":"{\"name\": \"IntDistribution\", \"attributes\": {\"log\": false, \"step\": 1, \"low\": 50, \"high\": 200}}"}
{"op_code":5,"worker_id":"a9b1a9ce-2e21-4319-89b5-b34a05c7c1a1-139699157092160","trial_id":28,"param_name":"max_depth","param_value_internal":3.0,"distribution":"{\"name\": \"IntDistribution\", \"attributes\": {\"log\": false, \"step\": 1, \"low\": 2, \"high\": 5}}"}
{"op_code":6,"worker_id":"a9b1a9ce-2e21-4319-89b5-b34a05c7c1a1-139699157092160","trial_id":28,"state":1,"values":[0.6148629990226083],"datetime_complete":"2026-03-26T14:06:36.211923"}
{"op_code":4,"worker_id":"a9b1a9ce-2e21-4319-89b5-b34a05c7c1a1-139699157092160","study_id":0,"datetime_start":"2026-03-26T14:06:36.241337"}
{"op_code":5,"worker_id":"a9b1a9ce-2e21-4319-89b5-b34a05c7c1a1-139699157092160","trial_id":29,"param_name":"learning_rate","param_value_internal":0.03274445843047595,"distribution":"{\"name\": \"FloatDistribution\", \"attributes\": {\"step\": null, \"low\": 0.01, \"high\": 0.2, \"log\": true}}"}
{"op_code":5,"worker_id":"a9b1a9ce-2e21-4319-89b5-b34a05c7c1a1-139699157092160","trial_id":29,"param_name":"n_estimators","param_value_internal":200.0,"distribution":"{\"name\": \"IntDistribution\", \"attributes\": {\"log\": false, \"step\": 1, \"low\": 50, \"high\": 200}}"}
{"op_code":5,"worker_id":"a9b1a9ce-2e21-4319-89b5-b34a05c7c1a1-139699157092160","trial_id":29,"param_name":"max_depth","param_value_internal":2.0,"distribution":"{\"name\": \"IntDistribution\", \"attributes\": {\"log\": false, \"step\": 1, \"low\": 2, \"high\": 5}}"}
{"op_code":6,"worker_id":"a9b1a9ce-2e21-4319-89b5-b34a05c7c1a1-139699157092160","trial_id":29,"state":1,"values":[0.6012322239040437],"datetime_complete":"2026-03-26T14:08:00.521785"}
{"op_code":4,"worker_id":"a9b1a9ce-2e21-4319-89b5-b34a05c7c1a1-139699157092160","study_id":0,"datetime_start":"2026-03-26T14:08:00.559935"}
{"op_code":5,"worker_id":"a9b1a9ce-2e21-4319-89b5-b34a05c7c1a1-139699157092160","trial_id":30,"param_name":"learning_rate","param_value_internal":0.0734813590294766,"distribution":"{\"name\": \"FloatDistribution\", \"attributes\": {\"step\": null, \"low\": 0.01, \"high\": 0.2, \"log\": true}}"}
{"op_code":5,"worker_id":"a9b1a9ce-2e21-4319-89b5-b34a05c7c1a1-139699157092160","trial_id":30,"param_name":"n_estimators","param_value_internal":117.0,"distribution":"{\"name\": \"IntDistribution\", \"attributes\": {\"log\": false, \"step\": 1, \"low\": 50, \"high\": 200}}"}
{"op_code":5,"worker_id":"a9b1a9ce-2e21-4319-89b5-b34a05c7c1a1-139699157092160","trial_id":30,"param_name":"max_depth","param_value_internal":2.0,"distribution":"{\"name\": \"IntDistribution\", \"attributes\": {\"log\": false, \"step\": 1, \"low\": 2, \"high\": 5}}"}
{"op_code":6,"worker_id":"a9b1a9ce-2e21-4319-89b5-b34a05c7c1a1-139699157092160","trial_id":30,"state":1,"values":[0.6039048687396231],"datetime_complete":"2026-03-26T14:08:49.935663"}
{"op_code":4,"worker_id":"a9b1a9ce-2e21-4319-89b5-b34a05c7c1a1-139699157092160","study_id":0,"datetime_start":"2026-03-26T14:08:49.955267"}
{"op_code":5,"worker_id":"a9b1a9ce-2e21-4319-89b5-b34a05c7c1a1-139699157092160","trial_id":31,"param_name":"learning_rate","param_value_internal":0.19436054778752515,"distribution":"{\"name\": \"FloatDistribution\", \"attributes\": {\"step\": null, \"low\": 0.01, \"high\": 0.2, \"log\": true}}"}
{"op_code":5,"worker_id":"a9b1a9ce-2e21-4319-89b5-b34a05c7c1a1-139699157092160","trial_id":31,"param_name":"n_estimators","param_value_internal":188.0,"distribution":"{\"name\": \"IntDistribution\", \"attributes\": {\"log\": false, \"step\": 1, \"low\": 50, \"high\": 200}}"}
{"op_code":5,"worker_id":"a9b1a9ce-2e21-4319-89b5-b34a05c7c1a1-139699157092160","trial_id":31,"param_name":"max_depth","param_value_internal":3.0,"distribution":"{\"name\": \"IntDistribution\", \"attributes\": {\"log\": false, \"step\": 1, \"low\": 2, \"high\": 5}}"}
{"op_code":6,"worker_id":"a9b1a9ce-2e21-4319-89b5-b34a05c7c1a1-139699157092160","trial_id":31,"state":1,"values":[0.6184620461516779],"datetime_complete":"2026-03-26T14:10:09.500060"}
{"op_code":4,"worker_id":"a9b1a9ce-2e21-4319-89b5-b34a05c7c1a1-139699157092160","study_id":0,"datetime_start":"2026-03-26T14:10:09.535159"}
{"op_code":5,"worker_id":"a9b1a9ce-2e21-4319-89b5-b34a05c7c1a1-139699157092160","trial_id":32,"param_name":"learning_rate","param_value_internal":0.1903715311771747,"distribution":"{\"name\": \"FloatDistribution\", \"attributes\": {\"step\": null, \"low\": 0.01, \"high\": 0.2, \"log\": true}}"}
{"op_code":5,"worker_id":"a9b1a9ce-2e21-4319-89b5-b34a05c7c1a1-139699157092160","trial_id":32,"param_name":"n_estimators","param_value_internal":181.0,"distribution":"{\"name\": \"IntDistribution\", \"attributes\": {\"log\": false, \"step\": 1, \"low\": 50, \"high\": 200}}"}
{"op_code":5,"worker_id":"a9b1a9ce-2e21-4319-89b5-b34a05c7c1a1-139699157092160","trial_id":32,"param_name":"max_depth","param_value_internal":3.0,"distribution":"{\"name\": \"IntDistribution\", \"attributes\": {\"log\": false, \"step\": 1, \"low\": 2, \"high\": 5}}"}
{"op_code":6,"worker_id":"a9b1a9ce-2e21-4319-89b5-b34a05c7c1a1-139699157092160","trial_id":32,"state":1,"values":[0.6160443481439298],"datetime_complete":"2026-03-26T14:11:25.298501"}
{"op_code":4,"worker_id":"a9b1a9ce-2e21-4319-89b5-b34a05c7c1a1-139699157092160","study_id":0,"datetime_start":"2026-03-26T14:11:25.329863"}
{"op_code":5,"worker_id":"a9b1a9ce-2e21-4319-89b5-b34a05c7c1a1-139699157092160","trial_id":33,"param_name":"learning_rate","param_value_internal":0.1996603037218075,"distribution":"{\"name\": \"FloatDistribution\", \"attributes\": {\"step\": null, \"low\": 0.01, \"high\": 0.2, \"log\": true}}"}
{"op_code":5,"worker_id":"a9b1a9ce-2e21-4319-89b5-b34a05c7c1a1-139699157092160","trial_id":33,"param_name":"n_estimators","param_value_internal":189.0,"distribution":"{\"name\": \"IntDistribution\", \"attributes\": {\"log\": false, \"step\": 1, \"low\": 50, \"high\": 200}}"}
{"op_code":5,"worker_id":"a9b1a9ce-2e21-4319-89b5-b34a05c7c1a1-139699157092160","trial_id":33,"param_name":"max_depth","param_value_internal":3.0,"distribution":"{\"name\": \"IntDistribution\", \"attributes\": {\"log\": false, \"step\": 1, \"low\": 2, \"high\": 5}}"}
{"op_code":6,"worker_id":"a9b1a9ce-2e21-4319-89b5-b34a05c7c1a1-139699157092160","trial_id":33,"state":1,"values":[0.6175998102508103],"datetime_complete":"2026-03-26T14:12:44.055674"}
{"op_code":4,"worker_id":"a9b1a9ce-2e21-4319-89b5-b34a05c7c1a1-139699157092160","study_id":0,"datetime_start":"2026-03-26T14:12:44.082146"}
{"op_code":5,"worker_id":"a9b1a9ce-2e21-4319-89b5-b34a05c7c1a1-139699157092160","trial_id":34,"param_name":"learning_rate","param_value_internal":0.17012651086303623,"distribution":"{\"name\": \"FloatDistribution\", \"attributes\": {\"step\": null, \"low\": 0.01, \"high\": 0.2, \"log\": true}}"}
{"op_code":5,"worker_id":"a9b1a9ce-2e21-4319-89b5-b34a05c7c1a1-139699157092160","trial_id":34,"param_name":"n_estimators","param_value_internal":190.0,"distribution":"{\"name\": \"IntDistribution\", \"attributes\": {\"log\": false, \"step\": 1, \"low\": 50, \"high\": 200}}"}
{"op_code":5,"worker_id":"a9b1a9ce-2e21-4319-89b5-b34a05c7c1a1-139699157092160","trial_id":34,"param_name":"max_depth","param_value_internal":3.0,"distribution":"{\"name\": \"IntDistribution\", \"attributes\": {\"log\": false, \"step\": 1, \"low\": 2, \"high\": 5}}"}
{"op_code":6,"worker_id":"a9b1a9ce-2e21-4319-89b5-b34a05c7c1a1-139699157092160","trial_id":34,"state":1,"values":[0.6155487773437635],"datetime_complete":"2026-03-26T14:14:04.141528"}
{"op_code":4,"worker_id":"a9b1a9ce-2e21-4319-89b5-b34a05c7c1a1-139699157092160","study_id":0,"datetime_start":"2026-03-26T14:14:04.173782"}
{"op_code":5,"worker_id":"a9b1a9ce-2e21-4319-89b5-b34a05c7c1a1-139699157092160","trial_id":35,"param_name":"learning_rate","param_value_internal":0.10414901640213849,"distribution":"{\"name\": \"FloatDistribution\", \"attributes\": {\"step\": null, \"low\": 0.01, \"high\": 0.2, \"log\": true}}"}
{"op_code":5,"worker_id":"a9b1a9ce-2e21-4319-89b5-b34a05c7c1a1-139699157092160","trial_id":35,"param_name":"n_estimators","param_value_internal":173.0,"distribution":"{\"name\": \"IntDistribution\", \"attributes\": {\"log\": false, \"step\": 1, \"low\": 50, \"high\": 200}}"}
{"op_code":5,"worker_id":"a9b1a9ce-2e21-4319-89b5-b34a05c7c1a1-139699157092160","trial_id":35,"param_name":"max_depth","param_value_internal":2.0,"distribution":"{\"name\": \"IntDistribution\", \"attributes\": {\"log\": false, \"step\": 1, \"low\": 2, \"high\": 5}}"}
{"op_code":6,"worker_id":"a9b1a9ce-2e21-4319-89b5-b34a05c7c1a1-139699157092160","trial_id":35,"state":1,"values":[0.6111052546546416],"datetime_complete":"2026-03-26T14:15:16.635478"}
{"op_code":4,"worker_id":"a9b1a9ce-2e21-4319-89b5-b34a05c7c1a1-139699157092160","study_id":0,"datetime_start":"2026-03-26T14:15:16.661096"}
{"op_code":5,"worker_id":"a9b1a9ce-2e21-4319-89b5-b34a05c7c1a1-139699157092160","trial_id":36,"param_name":"learning_rate","param_value_internal":0.19693034663080797,"distribution":"{\"name\": \"FloatDistribution\", \"attributes\": {\"step\": null, \"low\": 0.01, \"high\": 0.2, \"log\": true}}"}
{"op_code":5,"worker_id":"a9b1a9ce-2e21-4319-89b5-b34a05c7c1a1-139699157092160","trial_id":36,"param_name":"n_estimators","param_value_internal":77.0,"distribution":"{\"name\": \"IntDistribution\", \"attributes\": {\"log\": false, \"step\": 1, \"low\": 50, \"high\": 200}}"}
{"op_code":5,"worker_id":"a9b1a9ce-2e21-4319-89b5-b34a05c7c1a1-139699157092160","trial_id":36,"param_name":"max_depth","param_value_internal":3.0,"distribution":"{\"name\": \"IntDistribution\", \"attributes\": {\"log\": false, \"step\": 1, \"low\": 2, \"high\": 5}}"}
{"op_code":6,"worker_id":"a9b1a9ce-2e21-4319-89b5-b34a05c7c1a1-139699157092160","trial_id":36,"state":1,"values":[0.6144951880934675],"datetime_complete":"2026-03-26T14:15:49.273801"}
{"op_code":4,"worker_id":"a9b1a9ce-2e21-4319-89b5-b34a05c7c1a1-139699157092160","study_id":0,"datetime_start":"2026-03-26T14:15:49.293025"}
{"op_code":5,"worker_id":"a9b1a9ce-2e21-4319-89b5-b34a05c7c1a1-139699157092160","trial_id":37,"param_name":"learning_rate","param_value_internal":0.025513596221073773,"distribution":"{\"name\": \"FloatDistribution\", \"attributes\": {\"step\": null, \"low\": 0.01, \"high\": 0.2, \"log\": true}}"}
{"op_code":5,"worker_id":"a9b1a9ce-2e21-4319-89b5-b34a05c7c1a1-139699157092160","trial_id":37,"param_name":"n_estimators","param_value_internal":138.0,"distribution":"{\"name\": \"IntDistribution\", \"attributes\": {\"log\": false, \"step\": 1, \"low\": 50, \"high\": 200}}"}
{"op_code":5,"worker_id":"a9b1a9ce-2e21-4319-89b5-b34a05c7c1a1-139699157092160","trial_id":37,"param_name":"max_depth","param_value_internal":3.0,"distribution":"{\"name\": \"IntDistribution\", \"attributes\": {\"log\": false, \"step\": 1, \"low\": 2, \"high\": 5}}"}
{"op_code":6,"worker_id":"a9b1a9ce-2e21-4319-89b5-b34a05c7c1a1-139699157092160","trial_id":37,"state":1,"values":[0.602662790710998],"datetime_complete":"2026-03-26T14:16:47.560274"}
{"op_code":4,"worker_id":"a9b1a9ce-2e21-4319-89b5-b34a05c7c1a1-139699157092160","study_id":0,"datetime_start":"2026-03-26T14:16:47.593208"}
{"op_code":5,"worker_id":"a9b1a9ce-2e21-4319-89b5-b34a05c7c1a1-139699157092160","trial_id":38,"param_name":"learning_rate","param_value_internal":0.1347837819085956,"distribution":"{\"name\": \"FloatDistribution\", \"attributes\": {\"step\": null, \"low\": 0.01, \"high\": 0.2, \"log\": true}}"}
{"op_code":5,"worker_id":"a9b1a9ce-2e21-4319-89b5-b34a05c7c1a1-139699157092160","trial_id":38,"param_name":"n_estimators","param_value_internal":156.0,"distribution":"{\"name\": \"IntDistribution\", \"attributes\": {\"log\": false, \"step\": 1, \"low\": 50, \"high\": 200}}"}
{"op_code":5,"worker_id":"a9b1a9ce-2e21-4319-89b5-b34a05c7c1a1-139699157092160","trial_id":38,"param_name":"max_depth","param_value_internal":3.0,"distribution":"{\"name\": \"IntDistribution\", \"attributes\": {\"log\": false, \"step\": 1, \"low\": 2, \"high\": 5}}"}
{"op_code":6,"worker_id":"a9b1a9ce-2e21-4319-89b5-b34a05c7c1a1-139699157092160","trial_id":38,"state":1,"values":[0.6138661282800771],"datetime_complete":"2026-03-26T14:17:52.617902"}
{"op_code":4,"worker_id":"a9b1a9ce-2e21-4319-89b5-b34a05c7c1a1-139699157092160","study_id":0,"datetime_start":"2026-03-26T14:17:52.654759"}
{"op_code":5,"worker_id":"a9b1a9ce-2e21-4319-89b5-b34a05c7c1a1-139699157092160","trial_id":39,"param_name":"learning_rate","param_value_internal":0.16335175396501325,"distribution":"{\"name\": \"FloatDistribution\", \"attributes\": {\"step\": null, \"low\": 0.01, \"high\": 0.2, \"log\": true}}"}
{"op_code":5,"worker_id":"a9b1a9ce-2e21-4319-89b5-b34a05c7c1a1-139699157092160","trial_id":39,"param_name":"n_estimators","param_value_internal":190.0,"distribution":"{\"name\": \"IntDistribution\", \"attributes\": {\"log\": false, \"step\": 1, \"low\": 50, \"high\": 200}}"}
{"op_code":5,"worker_id":"a9b1a9ce-2e21-4319-89b5-b34a05c7c1a1-139699157092160","trial_id":39,"param_name":"max_depth","param_value_internal":2.0,"distribution":"{\"name\": \"IntDistribution\", \"attributes\": {\"log\": false, \"step\": 1, \"low\": 2, \"high\": 5}}"}
{"op_code":6,"worker_id":"a9b1a9ce-2e21-4319-89b5-b34a05c7c1a1-139699157092160","trial_id":39,"state":1,"values":[0.61400420060706],"datetime_complete":"2026-03-26T14:19:12.008357"}
