{"op_code":0,"worker_id":"e34fdc89-62c1-437d-bbbd-4ff5ea9aed26-139952901822272","study_name":"deephit_single_tuning","directions":[2]}
{"op_code":4,"worker_id":"e34fdc89-62c1-437d-bbbd-4ff5ea9aed26-139952901822272","study_id":0,"datetime_start":"2026-03-26T11:50:42.165856"}
{"op_code":5,"worker_id":"e34fdc89-62c1-437d-bbbd-4ff5ea9aed26-139952901822272","trial_id":0,"param_name":"lr","param_value_internal":0.08062442885299695,"distribution":"{\"name\": \"FloatDistribution\", \"attributes\": {\"step\": null, \"low\": 0.0001, \"high\": 0.1, \"log\": true}}"}
{"op_code":5,"worker_id":"e34fdc89-62c1-437d-bbbd-4ff5ea9aed26-139952901822272","trial_id":0,"param_name":"dropout","param_value_internal":0.48963308210472767,"distribution":"{\"name\": \"FloatDistribution\", \"attributes\": {\"step\": null, \"low\": 0.0, \"high\": 0.5, \"log\": false}}"}
{"op_code":5,"worker_id":"e34fdc89-62c1-437d-bbbd-4ff5ea9aed26-139952901822272","trial_id":0,"param_name":"layers","param_value_internal":3.0,"distribution":"{\"name\": \"IntDistribution\", \"attributes\": {\"log\": false, \"step\": 1, \"low\": 1, \"high\": 3}}"}
{"op_code":5,"worker_id":"e34fdc89-62c1-437d-bbbd-4ff5ea9aed26-139952901822272","trial_id":0,"param_name":"nodes","param_value_internal":2,"distribution":"{\"name\": \"CategoricalDistribution\", \"attributes\": {\"choices\": [32, 64, 128]}}"}
{"op_code":5,"worker_id":"e34fdc89-62c1-437d-bbbd-4ff5ea9aed26-139952901822272","trial_id":0,"param_name":"alpha","param_value_internal":0.4114309560672095,"distribution":"{\"name\": \"FloatDistribution\", \"attributes\": {\"step\": null, \"low\": 0.0, \"high\": 0.5, \"log\": false}}"}
{"op_code":5,"worker_id":"e34fdc89-62c1-437d-bbbd-4ff5ea9aed26-139952901822272","trial_id":0,"param_name":"sigma","param_value_internal":0.21784100730615322,"distribution":"{\"name\": \"FloatDistribution\", \"attributes\": {\"step\": null, \"low\": 0.01, \"high\": 1.0, \"log\": true}}"}
{"op_code":6,"worker_id":"e34fdc89-62c1-437d-bbbd-4ff5ea9aed26-139952901822272","trial_id":0,"state":1,"values":[0.5791692139386724],"datetime_complete":"2026-03-26T11:50:44.383059"}
{"op_code":4,"worker_id":"e34fdc89-62c1-437d-bbbd-4ff5ea9aed26-139952901822272","study_id":0,"datetime_start":"2026-03-26T11:50:44.402102"}
{"op_code":5,"worker_id":"e34fdc89-62c1-437d-bbbd-4ff5ea9aed26-139952901822272","trial_id":1,"param_name":"lr","param_value_internal":0.08506052564483417,"distribution":"{\"name\": \"FloatDistribution\", \"attributes\": {\"step\": null, \"low\": 0.0001, \"high\": 0.1, \"log\": true}}"}
{"op_code":5,"worker_id":"e34fdc89-62c1-437d-bbbd-4ff5ea9aed26-139952901822272","trial_id":1,"param_name":"dropout","param_value_internal":0.22909817221587342,"distribution":"{\"name\": \"FloatDistribution\", \"attributes\": {\"step\": null, \"low\": 0.0, \"high\": 0.5, \"log\": false}}"}
{"op_code":5,"worker_id":"e34fdc89-62c1-437d-bbbd-4ff5ea9aed26-139952901822272","trial_id":1,"param_name":"layers","param_value_internal":3.0,"distribution":"{\"name\": \"IntDistribution\", \"attributes\": {\"log\": false, \"step\": 1, \"low\": 1, \"high\": 3}}"}
{"op_code":5,"worker_id":"e34fdc89-62c1-437d-bbbd-4ff5ea9aed26-139952901822272","trial_id":1,"param_name":"nodes","param_value_internal":2,"distribution":"{\"name\": \"CategoricalDistribution\", \"attributes\": {\"choices\": [32, 64, 128]}}"}
{"op_code":5,"worker_id":"e34fdc89-62c1-437d-bbbd-4ff5ea9aed26-139952901822272","trial_id":1,"param_name":"alpha","param_value_internal":0.47109131628286355,"distribution":"{\"name\": \"FloatDistribution\", \"attributes\": {\"step\": null, \"low\": 0.0, \"high\": 0.5, \"log\": false}}"}
{"op_code":5,"worker_id":"e34fdc89-62c1-437d-bbbd-4ff5ea9aed26-139952901822272","trial_id":1,"param_name":"sigma","param_value_internal":0.1312165849046565,"distribution":"{\"name\": \"FloatDistribution\", \"attributes\": {\"step\": null, \"low\": 0.01, \"high\": 1.0, \"log\": true}}"}
{"op_code":6,"worker_id":"e34fdc89-62c1-437d-bbbd-4ff5ea9aed26-139952901822272","trial_id":1,"state":1,"values":[0.5553428359985842],"datetime_complete":"2026-03-26T11:50:46.650165"}
{"op_code":4,"worker_id":"e34fdc89-62c1-437d-bbbd-4ff5ea9aed26-139952901822272","study_id":0,"datetime_start":"2026-03-26T11:50:47.237104"}
{"op_code":5,"worker_id":"e34fdc89-62c1-437d-bbbd-4ff5ea9aed26-139952901822272","trial_id":2,"param_name":"lr","param_value_internal":0.005544590369216341,"distribution":"{\"name\": \"FloatDistribution\", \"attributes\": {\"step\": null, \"low\": 0.0001, \"high\": 0.1, \"log\": true}}"}
{"op_code":5,"worker_id":"e34fdc89-62c1-437d-bbbd-4ff5ea9aed26-139952901822272","trial_id":2,"param_name":"dropout","param_value_internal":0.17755968460478644,"distribution":"{\"name\": \"FloatDistribution\", \"attributes\": {\"step\": null, \"low\": 0.0, \"high\": 0.5, \"log\": false}}"}
{"op_code":5,"worker_id":"e34fdc89-62c1-437d-bbbd-4ff5ea9aed26-139952901822272","trial_id":2,"param_name":"layers","param_value_internal":1.0,"distribution":"{\"name\": \"IntDistribution\", \"attributes\": {\"log\": false, \"step\": 1, \"low\": 1, \"high\": 3}}"}
{"op_code":5,"worker_id":"e34fdc89-62c1-437d-bbbd-4ff5ea9aed26-139952901822272","trial_id":2,"param_name":"nodes","param_value_internal":0,"distribution":"{\"name\": \"CategoricalDistribution\", \"attributes\": {\"choices\": [32, 64, 128]}}"}
{"op_code":5,"worker_id":"e34fdc89-62c1-437d-bbbd-4ff5ea9aed26-139952901822272","trial_id":2,"param_name":"alpha","param_value_internal":0.13634455095744974,"distribution":"{\"name\": \"FloatDistribution\", \"attributes\": {\"step\": null, \"low\": 0.0, \"high\": 0.5, \"log\": false}}"}
{"op_code":5,"worker_id":"e34fdc89-62c1-437d-bbbd-4ff5ea9aed26-139952901822272","trial_id":2,"param_name":"sigma","param_value_internal":0.02557132223692214,"distribution":"{\"name\": \"FloatDistribution\", \"attributes\": {\"step\": null, \"low\": 0.01, \"high\": 1.0, \"log\": true}}"}
{"op_code":6,"worker_id":"e34fdc89-62c1-437d-bbbd-4ff5ea9aed26-139952901822272","trial_id":2,"state":1,"values":[0.5264004633353712],"datetime_complete":"2026-03-26T11:50:49.725511"}
{"op_code":4,"worker_id":"e34fdc89-62c1-437d-bbbd-4ff5ea9aed26-139952901822272","study_id":0,"datetime_start":"2026-03-26T11:50:49.747187"}
{"op_code":5,"worker_id":"e34fdc89-62c1-437d-bbbd-4ff5ea9aed26-139952901822272","trial_id":3,"param_name":"lr","param_value_internal":0.00013036783035526008,"distribution":"{\"name\": \"FloatDistribution\", \"attributes\": {\"step\": null, \"low\": 0.0001, \"high\": 0.1, \"log\": true}}"}
{"op_code":5,"worker_id":"e34fdc89-62c1-437d-bbbd-4ff5ea9aed26-139952901822272","trial_id":3,"param_name":"dropout","param_value_internal":0.43239751261046194,"distribution":"{\"name\": \"FloatDistribution\", \"attributes\": {\"step\": null, \"low\": 0.0, \"high\": 0.5, \"log\": false}}"}
{"op_code":5,"worker_id":"e34fdc89-62c1-437d-bbbd-4ff5ea9aed26-139952901822272","trial_id":3,"param_name":"layers","param_value_internal":3.0,"distribution":"{\"name\": \"IntDistribution\", \"attributes\": {\"log\": false, \"step\": 1, \"low\": 1, \"high\": 3}}"}
{"op_code":5,"worker_id":"e34fdc89-62c1-437d-bbbd-4ff5ea9aed26-139952901822272","trial_id":3,"param_name":"nodes","param_value_internal":2,"distribution":"{\"name\": \"CategoricalDistribution\", \"attributes\": {\"choices\": [32, 64, 128]}}"}
{"op_code":5,"worker_id":"e34fdc89-62c1-437d-bbbd-4ff5ea9aed26-139952901822272","trial_id":3,"param_name":"alpha","param_value_internal":0.31046668927006904,"distribution":"{\"name\": \"FloatDistribution\", \"attributes\": {\"step\": null, \"low\": 0.0, \"high\": 0.5, \"log\": false}}"}
{"op_code":5,"worker_id":"e34fdc89-62c1-437d-bbbd-4ff5ea9aed26-139952901822272","trial_id":3,"param_name":"sigma","param_value_internal":0.011247480563453798,"distribution":"{\"name\": \"FloatDistribution\", \"attributes\": {\"step\": null, \"low\": 0.01, \"high\": 1.0, \"log\": true}}"}
{"op_code":6,"worker_id":"e34fdc89-62c1-437d-bbbd-4ff5ea9aed26-139952901822272","trial_id":3,"state":1,"values":[0.4826088355481193],"datetime_complete":"2026-03-26T11:50:52.103669"}
{"op_code":4,"worker_id":"e34fdc89-62c1-437d-bbbd-4ff5ea9aed26-139952901822272","study_id":0,"datetime_start":"2026-03-26T11:50:52.128773"}
{"op_code":5,"worker_id":"e34fdc89-62c1-437d-bbbd-4ff5ea9aed26-139952901822272","trial_id":4,"param_name":"lr","param_value_internal":0.00045726663053231485,"distribution":"{\"name\": \"FloatDistribution\", \"attributes\": {\"step\": null, \"low\": 0.0001, \"high\": 0.1, \"log\": true}}"}
{"op_code":5,"worker_id":"e34fdc89-62c1-437d-bbbd-4ff5ea9aed26-139952901822272","trial_id":4,"param_name":"dropout","param_value_internal":0.10025917839329901,"distribution":"{\"name\": \"FloatDistribution\", \"attributes\": {\"step\": null, \"low\": 0.0, \"high\": 0.5, \"log\": false}}"}
{"op_code":5,"worker_id":"e34fdc89-62c1-437d-bbbd-4ff5ea9aed26-139952901822272","trial_id":4,"param_name":"layers","param_value_internal":1.0,"distribution":"{\"name\": \"IntDistribution\", \"attributes\": {\"log\": false, \"step\": 1, \"low\": 1, \"high\": 3}}"}
{"op_code":5,"worker_id":"e34fdc89-62c1-437d-bbbd-4ff5ea9aed26-139952901822272","trial_id":4,"param_name":"nodes","param_value_internal":1,"distribution":"{\"name\": \"CategoricalDistribution\", \"attributes\": {\"choices\": [32, 64, 128]}}"}
{"op_code":5,"worker_id":"e34fdc89-62c1-437d-bbbd-4ff5ea9aed26-139952901822272","trial_id":4,"param_name":"alpha","param_value_internal":0.20406092859247116,"distribution":"{\"name\": \"FloatDistribution\", \"attributes\": {\"step\": null, \"low\": 0.0, \"high\": 0.5, \"log\": false}}"}
{"op_code":5,"worker_id":"e34fdc89-62c1-437d-bbbd-4ff5ea9aed26-139952901822272","trial_id":4,"param_name":"sigma","param_value_internal":0.12683703718421144,"distribution":"{\"name\": \"FloatDistribution\", \"attributes\": {\"step\": null, \"low\": 0.01, \"high\": 1.0, \"log\": true}}"}
{"op_code":6,"worker_id":"e34fdc89-62c1-437d-bbbd-4ff5ea9aed26-139952901822272","trial_id":4,"state":1,"values":[0.5908491264197689],"datetime_complete":"2026-03-26T11:50:53.902661"}
{"op_code":4,"worker_id":"e34fdc89-62c1-437d-bbbd-4ff5ea9aed26-139952901822272","study_id":0,"datetime_start":"2026-03-26T11:50:53.926599"}
{"op_code":5,"worker_id":"e34fdc89-62c1-437d-bbbd-4ff5ea9aed26-139952901822272","trial_id":5,"param_name":"lr","param_value_internal":0.00029766552088898414,"distribution":"{\"name\": \"FloatDistribution\", \"attributes\": {\"step\": null, \"low\": 0.0001, \"high\": 0.1, \"log\": true}}"}
{"op_code":5,"worker_id":"e34fdc89-62c1-437d-bbbd-4ff5ea9aed26-139952901822272","trial_id":5,"param_name":"dropout","param_value_internal":0.2541378637129692,"distribution":"{\"name\": \"FloatDistribution\", \"attributes\": {\"step\": null, \"low\": 0.0, \"high\": 0.5, \"log\": false}}"}
{"op_code":5,"worker_id":"e34fdc89-62c1-437d-bbbd-4ff5ea9aed26-139952901822272","trial_id":5,"param_name":"layers","param_value_internal":1.0,"distribution":"{\"name\": \"IntDistribution\", \"attributes\": {\"log\": false, \"step\": 1, \"low\": 1, \"high\": 3}}"}
{"op_code":5,"worker_id":"e34fdc89-62c1-437d-bbbd-4ff5ea9aed26-139952901822272","trial_id":5,"param_name":"nodes","param_value_internal":0,"distribution":"{\"name\": \"CategoricalDistribution\", \"attributes\": {\"choices\": [32, 64, 128]}}"}
{"op_code":5,"worker_id":"e34fdc89-62c1-437d-bbbd-4ff5ea9aed26-139952901822272","trial_id":5,"param_name":"alpha","param_value_internal":0.10736971363064862,"distribution":"{\"name\": \"FloatDistribution\", \"attributes\": {\"step\": null, \"low\": 0.0, \"high\": 0.5, \"log\": false}}"}
{"op_code":5,"worker_id":"e34fdc89-62c1-437d-bbbd-4ff5ea9aed26-139952901822272","trial_id":5,"param_name":"sigma","param_value_internal":0.21070205104904488,"distribution":"{\"name\": \"FloatDistribution\", \"attributes\": {\"step\": null, \"low\": 0.01, \"high\": 1.0, \"log\": true}}"}
{"op_code":6,"worker_id":"e34fdc89-62c1-437d-bbbd-4ff5ea9aed26-139952901822272","trial_id":5,"state":1,"values":[0.6073232729495801],"datetime_complete":"2026-03-26T11:50:55.700017"}
{"op_code":4,"worker_id":"e34fdc89-62c1-437d-bbbd-4ff5ea9aed26-139952901822272","study_id":0,"datetime_start":"2026-03-26T11:50:55.720538"}
{"op_code":5,"worker_id":"e34fdc89-62c1-437d-bbbd-4ff5ea9aed26-139952901822272","trial_id":6,"param_name":"lr","param_value_internal":0.0052151324625978514,"distribution":"{\"name\": \"FloatDistribution\", \"attributes\": {\"step\": null, \"low\": 0.0001, \"high\": 0.1, \"log\": true}}"}
{"op_code":5,"worker_id":"e34fdc89-62c1-437d-bbbd-4ff5ea9aed26-139952901822272","trial_id":6,"param_name":"dropout","param_value_internal":0.11889689238419332,"distribution":"{\"name\": \"FloatDistribution\", \"attributes\": {\"step\": null, \"low\": 0.0, \"high\": 0.5, \"log\": false}}"}
{"op_code":5,"worker_id":"e34fdc89-62c1-437d-bbbd-4ff5ea9aed26-139952901822272","trial_id":6,"param_name":"layers","param_value_internal":1.0,"distribution":"{\"name\": \"IntDistribution\", \"attributes\": {\"log\": false, \"step\": 1, \"low\": 1, \"high\": 3}}"}
{"op_code":5,"worker_id":"e34fdc89-62c1-437d-bbbd-4ff5ea9aed26-139952901822272","trial_id":6,"param_name":"nodes","param_value_internal":0,"distribution":"{\"name\": \"CategoricalDistribution\", \"attributes\": {\"choices\": [32, 64, 128]}}"}
{"op_code":5,"worker_id":"e34fdc89-62c1-437d-bbbd-4ff5ea9aed26-139952901822272","trial_id":6,"param_name":"alpha","param_value_internal":0.0702130500307035,"distribution":"{\"name\": \"FloatDistribution\", \"attributes\": {\"step\": null, \"low\": 0.0, \"high\": 0.5, \"log\": false}}"}
{"op_code":5,"worker_id":"e34fdc89-62c1-437d-bbbd-4ff5ea9aed26-139952901822272","trial_id":6,"param_name":"sigma","param_value_internal":0.12392000479414203,"distribution":"{\"name\": \"FloatDistribution\", \"attributes\": {\"step\": null, \"low\": 0.01, \"high\": 1.0, \"log\": true}}"}
{"op_code":6,"worker_id":"e34fdc89-62c1-437d-bbbd-4ff5ea9aed26-139952901822272","trial_id":6,"state":1,"values":[0.6033656166543325],"datetime_complete":"2026-03-26T11:50:57.491005"}
{"op_code":4,"worker_id":"e34fdc89-62c1-437d-bbbd-4ff5ea9aed26-139952901822272","study_id":0,"datetime_start":"2026-03-26T11:50:57.509358"}
{"op_code":5,"worker_id":"e34fdc89-62c1-437d-bbbd-4ff5ea9aed26-139952901822272","trial_id":7,"param_name":"lr","param_value_internal":0.08570328543207587,"distribution":"{\"name\": \"FloatDistribution\", \"attributes\": {\"step\": null, \"low\": 0.0001, \"high\": 0.1, \"log\": true}}"}
{"op_code":5,"worker_id":"e34fdc89-62c1-437d-bbbd-4ff5ea9aed26-139952901822272","trial_id":7,"param_name":"dropout","param_value_internal":0.255694664598713,"distribution":"{\"name\": \"FloatDistribution\", \"attributes\": {\"step\": null, \"low\": 0.0, \"high\": 0.5, \"log\": false}}"}
{"op_code":5,"worker_id":"e34fdc89-62c1-437d-bbbd-4ff5ea9aed26-139952901822272","trial_id":7,"param_name":"layers","param_value_internal":3.0,"distribution":"{\"name\": \"IntDistribution\", \"attributes\": {\"log\": false, \"step\": 1, \"low\": 1, \"high\": 3}}"}
{"op_code":5,"worker_id":"e34fdc89-62c1-437d-bbbd-4ff5ea9aed26-139952901822272","trial_id":7,"param_name":"nodes","param_value_internal":2,"distribution":"{\"name\": \"CategoricalDistribution\", \"attributes\": {\"choices\": [32, 64, 128]}}"}
{"op_code":5,"worker_id":"e34fdc89-62c1-437d-bbbd-4ff5ea9aed26-139952901822272","trial_id":7,"param_name":"alpha","param_value_internal":0.31196712019008027,"distribution":"{\"name\": \"FloatDistribution\", \"attributes\": {\"step\": null, \"low\": 0.0, \"high\": 0.5, \"log\": false}}"}
{"op_code":5,"worker_id":"e34fdc89-62c1-437d-bbbd-4ff5ea9aed26-139952901822272","trial_id":7,"param_name":"sigma","param_value_internal":0.03353897441163735,"distribution":"{\"name\": \"FloatDistribution\", \"attributes\": {\"step\": null, \"low\": 0.01, \"high\": 1.0, \"log\": true}}"}
{"op_code":6,"worker_id":"e34fdc89-62c1-437d-bbbd-4ff5ea9aed26-139952901822272","trial_id":7,"state":1,"values":[0.5081083689951414],"datetime_complete":"2026-03-26T11:50:59.637646"}
{"op_code":4,"worker_id":"e34fdc89-62c1-437d-bbbd-4ff5ea9aed26-139952901822272","study_id":0,"datetime_start":"2026-03-26T11:50:59.659053"}
{"op_code":5,"worker_id":"e34fdc89-62c1-437d-bbbd-4ff5ea9aed26-139952901822272","trial_id":8,"param_name":"lr","param_value_internal":0.0003957207994695145,"distribution":"{\"name\": \"FloatDistribution\", \"attributes\": {\"step\": null, \"low\": 0.0001, \"high\": 0.1, \"log\": true}}"}
{"op_code":5,"worker_id":"e34fdc89-62c1-437d-bbbd-4ff5ea9aed26-139952901822272","trial_id":8,"param_name":"dropout","param_value_internal":0.3701728783732986,"distribution":"{\"name\": \"FloatDistribution\", \"attributes\": {\"step\": null, \"low\": 0.0, \"high\": 0.5, \"log\": false}}"}
{"op_code":5,"worker_id":"e34fdc89-62c1-437d-bbbd-4ff5ea9aed26-139952901822272","trial_id":8,"param_name":"layers","param_value_internal":2.0,"distribution":"{\"name\": \"IntDistribution\", \"attributes\": {\"log\": false, \"step\": 1, \"low\": 1, \"high\": 3}}"}
{"op_code":5,"worker_id":"e34fdc89-62c1-437d-bbbd-4ff5ea9aed26-139952901822272","trial_id":8,"param_name":"nodes","param_value_internal":2,"distribution":"{\"name\": \"CategoricalDistribution\", \"attributes\": {\"choices\": [32, 64, 128]}}"}
{"op_code":5,"worker_id":"e34fdc89-62c1-437d-bbbd-4ff5ea9aed26-139952901822272","trial_id":8,"param_name":"alpha","param_value_internal":0.14267723371928065,"distribution":"{\"name\": \"FloatDistribution\", \"attributes\": {\"step\": null, \"low\": 0.0, \"high\": 0.5, \"log\": false}}"}
{"op_code":5,"worker_id":"e34fdc89-62c1-437d-bbbd-4ff5ea9aed26-139952901822272","trial_id":8,"param_name":"sigma","param_value_internal":0.02530227254560528,"distribution":"{\"name\": \"FloatDistribution\", \"attributes\": {\"step\": null, \"low\": 0.01, \"high\": 1.0, \"log\": true}}"}
{"op_code":6,"worker_id":"e34fdc89-62c1-437d-bbbd-4ff5ea9aed26-139952901822272","trial_id":8,"state":1,"values":[0.5505325139161492],"datetime_complete":"2026-03-26T11:51:01.642559"}
{"op_code":4,"worker_id":"e34fdc89-62c1-437d-bbbd-4ff5ea9aed26-139952901822272","study_id":0,"datetime_start":"2026-03-26T11:51:01.662233"}
{"op_code":5,"worker_id":"e34fdc89-62c1-437d-bbbd-4ff5ea9aed26-139952901822272","trial_id":9,"param_name":"lr","param_value_internal":0.00042087337659974466,"distribution":"{\"name\": \"FloatDistribution\", \"attributes\": {\"step\": null, \"low\": 0.0001, \"high\": 0.1, \"log\": true}}"}
{"op_code":5,"worker_id":"e34fdc89-62c1-437d-bbbd-4ff5ea9aed26-139952901822272","trial_id":9,"param_name":"dropout","param_value_internal":0.4117736163381797,"distribution":"{\"name\": \"FloatDistribution\", \"attributes\": {\"step\": null, \"low\": 0.0, \"high\": 0.5, \"log\": false}}"}
{"op_code":5,"worker_id":"e34fdc89-62c1-437d-bbbd-4ff5ea9aed26-139952901822272","trial_id":9,"param_name":"layers","param_value_internal":3.0,"distribution":"{\"name\": \"IntDistribution\", \"attributes\": {\"log\": false, \"step\": 1, \"low\": 1, \"high\": 3}}"}
{"op_code":5,"worker_id":"e34fdc89-62c1-437d-bbbd-4ff5ea9aed26-139952901822272","trial_id":9,"param_name":"nodes","param_value_internal":2,"distribution":"{\"name\": \"CategoricalDistribution\", \"attributes\": {\"choices\": [32, 64, 128]}}"}
{"op_code":5,"worker_id":"e34fdc89-62c1-437d-bbbd-4ff5ea9aed26-139952901822272","trial_id":9,"param_name":"alpha","param_value_internal":0.02770855691858598,"distribution":"{\"name\": \"FloatDistribution\", \"attributes\": {\"step\": null, \"low\": 0.0, \"high\": 0.5, \"log\": false}}"}
{"op_code":5,"worker_id":"e34fdc89-62c1-437d-bbbd-4ff5ea9aed26-139952901822272","trial_id":9,"param_name":"sigma","param_value_internal":0.6544415954488256,"distribution":"{\"name\": \"FloatDistribution\", \"attributes\": {\"step\": null, \"low\": 0.01, \"high\": 1.0, \"log\": true}}"}
{"op_code":6,"worker_id":"e34fdc89-62c1-437d-bbbd-4ff5ea9aed26-139952901822272","trial_id":9,"state":1,"values":[0.6340937610605232],"datetime_complete":"2026-03-26T11:51:03.779031"}
{"op_code":4,"worker_id":"e34fdc89-62c1-437d-bbbd-4ff5ea9aed26-139952901822272","study_id":0,"datetime_start":"2026-03-26T11:51:03.799792"}
{"op_code":5,"worker_id":"e34fdc89-62c1-437d-bbbd-4ff5ea9aed26-139952901822272","trial_id":10,"param_name":"lr","param_value_internal":0.001484712323762485,"distribution":"{\"name\": \"FloatDistribution\", \"attributes\": {\"step\": null, \"low\": 0.0001, \"high\": 0.1, \"log\": true}}"}
{"op_code":5,"worker_id":"e34fdc89-62c1-437d-bbbd-4ff5ea9aed26-139952901822272","trial_id":10,"param_name":"dropout","param_value_internal":0.3532685026856738,"distribution":"{\"name\": \"FloatDistribution\", \"attributes\": {\"step\": null, \"low\": 0.0, \"high\": 0.5, \"log\": false}}"}
{"op_code":5,"worker_id":"e34fdc89-62c1-437d-bbbd-4ff5ea9aed26-139952901822272","trial_id":10,"param_name":"layers","param_value_internal":2.0,"distribution":"{\"name\": \"IntDistribution\", \"attributes\": {\"log\": false, \"step\": 1, \"low\": 1, \"high\": 3}}"}
{"op_code":5,"worker_id":"e34fdc89-62c1-437d-bbbd-4ff5ea9aed26-139952901822272","trial_id":10,"param_name":"nodes","param_value_internal":1,"distribution":"{\"name\": \"CategoricalDistribution\", \"attributes\": {\"choices\": [32, 64, 128]}}"}
{"op_code":5,"worker_id":"e34fdc89-62c1-437d-bbbd-4ff5ea9aed26-139952901822272","trial_id":10,"param_name":"alpha","param_value_internal":0.00016233224237211658,"distribution":"{\"name\": \"FloatDistribution\", \"attributes\": {\"step\": null, \"low\": 0.0, \"high\": 0.5, \"log\": false}}"}
{"op_code":5,"worker_id":"e34fdc89-62c1-437d-bbbd-4ff5ea9aed26-139952901822272","trial_id":10,"param_name":"sigma","param_value_internal":0.8345484394727103,"distribution":"{\"name\": \"FloatDistribution\", \"attributes\": {\"step\": null, \"low\": 0.01, \"high\": 1.0, \"log\": true}}"}
{"op_code":6,"worker_id":"e34fdc89-62c1-437d-bbbd-4ff5ea9aed26-139952901822272","trial_id":10,"state":1,"values":[0.6126001480099103],"datetime_complete":"2026-03-26T11:51:05.776683"}
{"op_code":4,"worker_id":"e34fdc89-62c1-437d-bbbd-4ff5ea9aed26-139952901822272","study_id":0,"datetime_start":"2026-03-26T11:51:05.801837"}
{"op_code":5,"worker_id":"e34fdc89-62c1-437d-bbbd-4ff5ea9aed26-139952901822272","trial_id":11,"param_name":"lr","param_value_internal":0.0014266964423438012,"distribution":"{\"name\": \"FloatDistribution\", \"attributes\": {\"step\": null, \"low\": 0.0001, \"high\": 0.1, \"log\": true}}"}
{"op_code":5,"worker_id":"e34fdc89-62c1-437d-bbbd-4ff5ea9aed26-139952901822272","trial_id":11,"param_name":"dropout","param_value_internal":0.34474033772525353,"distribution":"{\"name\": \"FloatDistribution\", \"attributes\": {\"step\": null, \"low\": 0.0, \"high\": 0.5, \"log\": false}}"}
{"op_code":5,"worker_id":"e34fdc89-62c1-437d-bbbd-4ff5ea9aed26-139952901822272","trial_id":11,"param_name":"layers","param_value_internal":2.0,"distribution":"{\"name\": \"IntDistribution\", \"attributes\": {\"log\": false, \"step\": 1, \"low\": 1, \"high\": 3}}"}
{"op_code":5,"worker_id":"e34fdc89-62c1-437d-bbbd-4ff5ea9aed26-139952901822272","trial_id":11,"param_name":"nodes","param_value_internal":1,"distribution":"{\"name\": \"CategoricalDistribution\", \"attributes\": {\"choices\": [32, 64, 128]}}"}
{"op_code":5,"worker_id":"e34fdc89-62c1-437d-bbbd-4ff5ea9aed26-139952901822272","trial_id":11,"param_name":"alpha","param_value_internal":0.006735573865377459,"distribution":"{\"name\": \"FloatDistribution\", \"attributes\": {\"step\": null, \"low\": 0.0, \"high\": 0.5, \"log\": false}}"}
{"op_code":5,"worker_id":"e34fdc89-62c1-437d-bbbd-4ff5ea9aed26-139952901822272","trial_id":11,"param_name":"sigma","param_value_internal":0.7908927945987426,"distribution":"{\"name\": \"FloatDistribution\", \"attributes\": {\"step\": null, \"low\": 0.01, \"high\": 1.0, \"log\": true}}"}
{"op_code":6,"worker_id":"e34fdc89-62c1-437d-bbbd-4ff5ea9aed26-139952901822272","trial_id":11,"state":1,"values":[0.6071945686798159],"datetime_complete":"2026-03-26T11:51:07.842783"}
{"op_code":4,"worker_id":"e34fdc89-62c1-437d-bbbd-4ff5ea9aed26-139952901822272","study_id":0,"datetime_start":"2026-03-26T11:51:07.872698"}
{"op_code":5,"worker_id":"e34fdc89-62c1-437d-bbbd-4ff5ea9aed26-139952901822272","trial_id":12,"param_name":"lr","param_value_internal":0.0013938902715941747,"distribution":"{\"name\": \"FloatDistribution\", \"attributes\": {\"step\": null, \"low\": 0.0001, \"high\": 0.1, \"log\": true}}"}
{"op_code":5,"worker_id":"e34fdc89-62c1-437d-bbbd-4ff5ea9aed26-139952901822272","trial_id":12,"param_name":"dropout","param_value_internal":0.34191300288932786,"distribution":"{\"name\": \"FloatDistribution\", \"attributes\": {\"step\": null, \"low\": 0.0, \"high\": 0.5, \"log\": false}}"}
{"op_code":5,"worker_id":"e34fdc89-62c1-437d-bbbd-4ff5ea9aed26-139952901822272","trial_id":12,"param_name":"layers","param_value_internal":2.0,"distribution":"{\"name\": \"IntDistribution\", \"attributes\": {\"log\": false, \"step\": 1, \"low\": 1, \"high\": 3}}"}
{"op_code":5,"worker_id":"e34fdc89-62c1-437d-bbbd-4ff5ea9aed26-139952901822272","trial_id":12,"param_name":"nodes","param_value_internal":1,"distribution":"{\"name\": \"CategoricalDistribution\", \"attributes\": {\"choices\": [32, 64, 128]}}"}
{"op_code":5,"worker_id":"e34fdc89-62c1-437d-bbbd-4ff5ea9aed26-139952901822272","trial_id":12,"param_name":"alpha","param_value_internal":0.008328375408171608,"distribution":"{\"name\": \"FloatDistribution\", \"attributes\": {\"step\": null, \"low\": 0.0, \"high\": 0.5, \"log\": false}}"}
{"op_code":5,"worker_id":"e34fdc89-62c1-437d-bbbd-4ff5ea9aed26-139952901822272","trial_id":12,"param_name":"sigma","param_value_internal":0.9203937406493168,"distribution":"{\"name\": \"FloatDistribution\", \"attributes\": {\"step\": null, \"low\": 0.01, \"high\": 1.0, \"log\": true}}"}
{"op_code":6,"worker_id":"e34fdc89-62c1-437d-bbbd-4ff5ea9aed26-139952901822272","trial_id":12,"state":1,"values":[0.6126323240773512],"datetime_complete":"2026-03-26T11:51:09.835222"}
{"op_code":4,"worker_id":"e34fdc89-62c1-437d-bbbd-4ff5ea9aed26-139952901822272","study_id":0,"datetime_start":"2026-03-26T11:51:09.857626"}
{"op_code":5,"worker_id":"e34fdc89-62c1-437d-bbbd-4ff5ea9aed26-139952901822272","trial_id":13,"param_name":"lr","param_value_internal":0.0014081280694599547,"distribution":"{\"name\": \"FloatDistribution\", \"attributes\": {\"step\": null, \"low\": 0.0001, \"high\": 0.1, \"log\": true}}"}
{"op_code":5,"worker_id":"e34fdc89-62c1-437d-bbbd-4ff5ea9aed26-139952901822272","trial_id":13,"param_name":"dropout","param_value_internal":0.02036652538446765,"distribution":"{\"name\": \"FloatDistribution\", \"attributes\": {\"step\": null, \"low\": 0.0, \"high\": 0.5, \"log\": false}}"}
{"op_code":5,"worker_id":"e34fdc89-62c1-437d-bbbd-4ff5ea9aed26-139952901822272","trial_id":13,"param_name":"layers","param_value_internal":2.0,"distribution":"{\"name\": \"IntDistribution\", \"attributes\": {\"log\": false, \"step\": 1, \"low\": 1, \"high\": 3}}"}
{"op_code":5,"worker_id":"e34fdc89-62c1-437d-bbbd-4ff5ea9aed26-139952901822272","trial_id":13,"param_name":"nodes","param_value_internal":1,"distribution":"{\"name\": \"CategoricalDistribution\", \"attributes\": {\"choices\": [32, 64, 128]}}"}
{"op_code":5,"worker_id":"e34fdc89-62c1-437d-bbbd-4ff5ea9aed26-139952901822272","trial_id":13,"param_name":"alpha","param_value_internal":0.06144497567074417,"distribution":"{\"name\": \"FloatDistribution\", \"attributes\": {\"step\": null, \"low\": 0.0, \"high\": 0.5, \"log\": false}}"}
{"op_code":5,"worker_id":"e34fdc89-62c1-437d-bbbd-4ff5ea9aed26-139952901822272","trial_id":13,"param_name":"sigma","param_value_internal":0.4280110019695036,"distribution":"{\"name\": \"FloatDistribution\", \"attributes\": {\"step\": null, \"low\": 0.01, \"high\": 1.0, \"log\": true}}"}
{"op_code":6,"worker_id":"e34fdc89-62c1-437d-bbbd-4ff5ea9aed26-139952901822272","trial_id":13,"state":1,"values":[0.5808423694456064],"datetime_complete":"2026-03-26T11:51:11.827881"}
{"op_code":4,"worker_id":"e34fdc89-62c1-437d-bbbd-4ff5ea9aed26-139952901822272","study_id":0,"datetime_start":"2026-03-26T11:51:11.886743"}
{"op_code":5,"worker_id":"e34fdc89-62c1-437d-bbbd-4ff5ea9aed26-139952901822272","trial_id":14,"param_name":"lr","param_value_internal":0.016335722702464233,"distribution":"{\"name\": \"FloatDistribution\", \"attributes\": {\"step\": null, \"low\": 0.0001, \"high\": 0.1, \"log\": true}}"}
{"op_code":5,"worker_id":"e34fdc89-62c1-437d-bbbd-4ff5ea9aed26-139952901822272","trial_id":14,"param_name":"dropout","param_value_internal":0.43495104453161804,"distribution":"{\"name\": \"FloatDistribution\", \"attributes\": {\"step\": null, \"low\": 0.0, \"high\": 0.5, \"log\": false}}"}
{"op_code":5,"worker_id":"e34fdc89-62c1-437d-bbbd-4ff5ea9aed26-139952901822272","trial_id":14,"param_name":"layers","param_value_internal":2.0,"distribution":"{\"name\": \"IntDistribution\", \"attributes\": {\"log\": false, \"step\": 1, \"low\": 1, \"high\": 3}}"}
{"op_code":5,"worker_id":"e34fdc89-62c1-437d-bbbd-4ff5ea9aed26-139952901822272","trial_id":14,"param_name":"nodes","param_value_internal":1,"distribution":"{\"name\": \"CategoricalDistribution\", \"attributes\": {\"choices\": [32, 64, 128]}}"}
{"op_code":5,"worker_id":"e34fdc89-62c1-437d-bbbd-4ff5ea9aed26-139952901822272","trial_id":14,"param_name":"alpha","param_value_internal":0.20967304908168796,"distribution":"{\"name\": \"FloatDistribution\", \"attributes\": {\"step\": null, \"low\": 0.0, \"high\": 0.5, \"log\": false}}"}
{"op_code":5,"worker_id":"e34fdc89-62c1-437d-bbbd-4ff5ea9aed26-139952901822272","trial_id":14,"param_name":"sigma","param_value_internal":0.49166956714821447,"distribution":"{\"name\": \"FloatDistribution\", \"attributes\": {\"step\": null, \"low\": 0.01, \"high\": 1.0, \"log\": true}}"}
{"op_code":6,"worker_id":"e34fdc89-62c1-437d-bbbd-4ff5ea9aed26-139952901822272","trial_id":14,"state":1,"values":[0.5631455323530358],"datetime_complete":"2026-03-26T11:51:13.935688"}
{"op_code":4,"worker_id":"e34fdc89-62c1-437d-bbbd-4ff5ea9aed26-139952901822272","study_id":0,"datetime_start":"2026-03-26T11:51:13.950778"}
{"op_code":5,"worker_id":"e34fdc89-62c1-437d-bbbd-4ff5ea9aed26-139952901822272","trial_id":15,"param_name":"lr","param_value_internal":0.0001085521076723996,"distribution":"{\"name\": \"FloatDistribution\", \"attributes\": {\"step\": null, \"low\": 0.0001, \"high\": 0.1, \"log\": true}}"}
{"op_code":5,"worker_id":"e34fdc89-62c1-437d-bbbd-4ff5ea9aed26-139952901822272","trial_id":15,"param_name":"dropout","param_value_internal":0.31692986957598035,"distribution":"{\"name\": \"FloatDistribution\", \"attributes\": {\"step\": null, \"low\": 0.0, \"high\": 0.5, \"log\": false}}"}
{"op_code":5,"worker_id":"e34fdc89-62c1-437d-bbbd-4ff5ea9aed26-139952901822272","trial_id":15,"param_name":"layers","param_value_internal":3.0,"distribution":"{\"name\": \"IntDistribution\", \"attributes\": {\"log\": false, \"step\": 1, \"low\": 1, \"high\": 3}}"}
{"op_code":5,"worker_id":"e34fdc89-62c1-437d-bbbd-4ff5ea9aed26-139952901822272","trial_id":15,"param_name":"nodes","param_value_internal":2,"distribution":"{\"name\": \"CategoricalDistribution\", \"attributes\": {\"choices\": [32, 64, 128]}}"}
{"op_code":5,"worker_id":"e34fdc89-62c1-437d-bbbd-4ff5ea9aed26-139952901822272","trial_id":15,"param_name":"alpha","param_value_internal":0.04896798703927412,"distribution":"{\"name\": \"FloatDistribution\", \"attributes\": {\"step\": null, \"low\": 0.0, \"high\": 0.5, \"log\": false}}"}
{"op_code":5,"worker_id":"e34fdc89-62c1-437d-bbbd-4ff5ea9aed26-139952901822272","trial_id":15,"param_name":"sigma","param_value_internal":0.4250371886011467,"distribution":"{\"name\": \"FloatDistribution\", \"attributes\": {\"step\": null, \"low\": 0.01, \"high\": 1.0, \"log\": true}}"}
{"op_code":6,"worker_id":"e34fdc89-62c1-437d-bbbd-4ff5ea9aed26-139952901822272","trial_id":15,"state":1,"values":[0.6107982882332121],"datetime_complete":"2026-03-26T11:51:16.109356"}
{"op_code":4,"worker_id":"e34fdc89-62c1-437d-bbbd-4ff5ea9aed26-139952901822272","study_id":0,"datetime_start":"2026-03-26T11:51:16.125213"}
{"op_code":5,"worker_id":"e34fdc89-62c1-437d-bbbd-4ff5ea9aed26-139952901822272","trial_id":16,"param_name":"lr","param_value_internal":0.0027246261819171267,"distribution":"{\"name\": \"FloatDistribution\", \"attributes\": {\"step\": null, \"low\": 0.0001, \"high\": 0.1, \"log\": true}}"}
{"op_code":5,"worker_id":"e34fdc89-62c1-437d-bbbd-4ff5ea9aed26-139952901822272","trial_id":16,"param_name":"dropout","param_value_internal":0.4277170112632491,"distribution":"{\"name\": \"FloatDistribution\", \"attributes\": {\"step\": null, \"low\": 0.0, \"high\": 0.5, \"log\": false}}"}
{"op_code":5,"worker_id":"e34fdc89-62c1-437d-bbbd-4ff5ea9aed26-139952901822272","trial_id":16,"param_name":"layers","param_value_internal":2.0,"distribution":"{\"name\": \"IntDistribution\", \"attributes\": {\"log\": false, \"step\": 1, \"low\": 1, \"high\": 3}}"}
{"op_code":5,"worker_id":"e34fdc89-62c1-437d-bbbd-4ff5ea9aed26-139952901822272","trial_id":16,"param_name":"nodes","param_value_internal":1,"distribution":"{\"name\": \"CategoricalDistribution\", \"attributes\": {\"choices\": [32, 64, 128]}}"}
{"op_code":5,"worker_id":"e34fdc89-62c1-437d-bbbd-4ff5ea9aed26-139952901822272","trial_id":16,"param_name":"alpha","param_value_internal":0.18795120563326134,"distribution":"{\"name\": \"FloatDistribution\", \"attributes\": {\"step\": null, \"low\": 0.0, \"high\": 0.5, \"log\": false}}"}
{"op_code":5,"worker_id":"e34fdc89-62c1-437d-bbbd-4ff5ea9aed26-139952901822272","trial_id":16,"param_name":"sigma","param_value_internal":0.923255815334219,"distribution":"{\"name\": \"FloatDistribution\", \"attributes\": {\"step\": null, \"low\": 0.01, \"high\": 1.0, \"log\": true}}"}
{"op_code":6,"worker_id":"e34fdc89-62c1-437d-bbbd-4ff5ea9aed26-139952901822272","trial_id":16,"state":1,"values":[0.6054248849705589],"datetime_complete":"2026-03-26T11:51:18.099485"}
{"op_code":4,"worker_id":"e34fdc89-62c1-437d-bbbd-4ff5ea9aed26-139952901822272","study_id":0,"datetime_start":"2026-03-26T11:51:18.578705"}
{"op_code":5,"worker_id":"e34fdc89-62c1-437d-bbbd-4ff5ea9aed26-139952901822272","trial_id":17,"param_name":"lr","param_value_internal":0.0008036438638840291,"distribution":"{\"name\": \"FloatDistribution\", \"attributes\": {\"step\": null, \"low\": 0.0001, \"high\": 0.1, \"log\": true}}"}
{"op_code":5,"worker_id":"e34fdc89-62c1-437d-bbbd-4ff5ea9aed26-139952901822272","trial_id":17,"param_name":"dropout","param_value_internal":0.4963664644783661,"distribution":"{\"name\": \"FloatDistribution\", \"attributes\": {\"step\": null, \"low\": 0.0, \"high\": 0.5, \"log\": false}}"}
{"op_code":5,"worker_id":"e34fdc89-62c1-437d-bbbd-4ff5ea9aed26-139952901822272","trial_id":17,"param_name":"layers","param_value_internal":3.0,"distribution":"{\"name\": \"IntDistribution\", \"attributes\": {\"log\": false, \"step\": 1, \"low\": 1, \"high\": 3}}"}
{"op_code":5,"worker_id":"e34fdc89-62c1-437d-bbbd-4ff5ea9aed26-139952901822272","trial_id":17,"param_name":"nodes","param_value_internal":1,"distribution":"{\"name\": \"CategoricalDistribution\", \"attributes\": {\"choices\": [32, 64, 128]}}"}
{"op_code":5,"worker_id":"e34fdc89-62c1-437d-bbbd-4ff5ea9aed26-139952901822272","trial_id":17,"param_name":"alpha","param_value_internal":0.3011997336561806,"distribution":"{\"name\": \"FloatDistribution\", \"attributes\": {\"step\": null, \"low\": 0.0, \"high\": 0.5, \"log\": false}}"}
{"op_code":5,"worker_id":"e34fdc89-62c1-437d-bbbd-4ff5ea9aed26-139952901822272","trial_id":17,"param_name":"sigma","param_value_internal":0.28023923042159166,"distribution":"{\"name\": \"FloatDistribution\", \"attributes\": {\"step\": null, \"low\": 0.01, \"high\": 1.0, \"log\": true}}"}
{"op_code":6,"worker_id":"e34fdc89-62c1-437d-bbbd-4ff5ea9aed26-139952901822272","trial_id":17,"state":1,"values":[0.607258920814698],"datetime_complete":"2026-03-26T11:51:20.718971"}
{"op_code":4,"worker_id":"e34fdc89-62c1-437d-bbbd-4ff5ea9aed26-139952901822272","study_id":0,"datetime_start":"2026-03-26T11:51:20.735784"}
{"op_code":5,"worker_id":"e34fdc89-62c1-437d-bbbd-4ff5ea9aed26-139952901822272","trial_id":18,"param_name":"lr","param_value_internal":0.01799677294984512,"distribution":"{\"name\": \"FloatDistribution\", \"attributes\": {\"step\": null, \"low\": 0.0001, \"high\": 0.1, \"log\": true}}"}
{"op_code":5,"worker_id":"e34fdc89-62c1-437d-bbbd-4ff5ea9aed26-139952901822272","trial_id":18,"param_name":"dropout","param_value_internal":0.297300363546335,"distribution":"{\"name\": \"FloatDistribution\", \"attributes\": {\"step\": null, \"low\": 0.0, \"high\": 0.5, \"log\": false}}"}
{"op_code":5,"worker_id":"e34fdc89-62c1-437d-bbbd-4ff5ea9aed26-139952901822272","trial_id":18,"param_name":"layers","param_value_internal":2.0,"distribution":"{\"name\": \"IntDistribution\", \"attributes\": {\"log\": false, \"step\": 1, \"low\": 1, \"high\": 3}}"}
{"op_code":5,"worker_id":"e34fdc89-62c1-437d-bbbd-4ff5ea9aed26-139952901822272","trial_id":18,"param_name":"nodes","param_value_internal":2,"distribution":"{\"name\": \"CategoricalDistribution\", \"attributes\": {\"choices\": [32, 64, 128]}}"}
{"op_code":5,"worker_id":"e34fdc89-62c1-437d-bbbd-4ff5ea9aed26-139952901822272","trial_id":18,"param_name":"alpha","param_value_internal":0.11364092020158297,"distribution":"{\"name\": \"FloatDistribution\", \"attributes\": {\"step\": null, \"low\": 0.0, \"high\": 0.5, \"log\": false}}"}
{"op_code":5,"worker_id":"e34fdc89-62c1-437d-bbbd-4ff5ea9aed26-139952901822272","trial_id":18,"param_name":"sigma","param_value_internal":0.06374899879578713,"distribution":"{\"name\": \"FloatDistribution\", \"attributes\": {\"step\": null, \"low\": 0.01, \"high\": 1.0, \"log\": true}}"}
{"op_code":6,"worker_id":"e34fdc89-62c1-437d-bbbd-4ff5ea9aed26-139952901822272","trial_id":18,"state":1,"values":[0.5055342835998584],"datetime_complete":"2026-03-26T11:51:22.703600"}
{"op_code":4,"worker_id":"e34fdc89-62c1-437d-bbbd-4ff5ea9aed26-139952901822272","study_id":0,"datetime_start":"2026-03-26T11:51:22.787832"}
{"op_code":5,"worker_id":"e34fdc89-62c1-437d-bbbd-4ff5ea9aed26-139952901822272","trial_id":19,"param_name":"lr","param_value_internal":0.00025895275044327513,"distribution":"{\"name\": \"FloatDistribution\", \"attributes\": {\"step\": null, \"low\": 0.0001, \"high\": 0.1, \"log\": true}}"}
{"op_code":5,"worker_id":"e34fdc89-62c1-437d-bbbd-4ff5ea9aed26-139952901822272","trial_id":19,"param_name":"dropout","param_value_internal":0.38120332557623016,"distribution":"{\"name\": \"FloatDistribution\", \"attributes\": {\"step\": null, \"low\": 0.0, \"high\": 0.5, \"log\": false}}"}
{"op_code":5,"worker_id":"e34fdc89-62c1-437d-bbbd-4ff5ea9aed26-139952901822272","trial_id":19,"param_name":"layers","param_value_internal":2.0,"distribution":"{\"name\": \"IntDistribution\", \"attributes\": {\"log\": false, \"step\": 1, \"low\": 1, \"high\": 3}}"}
{"op_code":5,"worker_id":"e34fdc89-62c1-437d-bbbd-4ff5ea9aed26-139952901822272","trial_id":19,"param_name":"nodes","param_value_internal":0,"distribution":"{\"name\": \"CategoricalDistribution\", \"attributes\": {\"choices\": [32, 64, 128]}}"}
{"op_code":5,"worker_id":"e34fdc89-62c1-437d-bbbd-4ff5ea9aed26-139952901822272","trial_id":19,"param_name":"alpha","param_value_internal":0.03083001254763533,"distribution":"{\"name\": \"FloatDistribution\", \"attributes\": {\"step\": null, \"low\": 0.0, \"high\": 0.5, \"log\": false}}"}
{"op_code":5,"worker_id":"e34fdc89-62c1-437d-bbbd-4ff5ea9aed26-139952901822272","trial_id":19,"param_name":"sigma","param_value_internal":0.5443431074121534,"distribution":"{\"name\": \"FloatDistribution\", \"attributes\": {\"step\": null, \"low\": 0.01, \"high\": 1.0, \"log\": true}}"}
{"op_code":6,"worker_id":"e34fdc89-62c1-437d-bbbd-4ff5ea9aed26-139952901822272","trial_id":19,"state":1,"values":[0.610605231828566],"datetime_complete":"2026-03-26T11:51:24.771073"}
