{"op_code":0,"worker_id":"3b21d912-0f52-472f-89f2-e3cd32eb40f2-140544486217536","study_name":"tabpfn_mtlr","directions":[2]}
{"op_code":4,"worker_id":"3b21d912-0f52-472f-89f2-e3cd32eb40f2-140544486217536","study_id":0,"datetime_start":"2026-04-01T03:22:23.956549"}
{"op_code":5,"worker_id":"3b21d912-0f52-472f-89f2-e3cd32eb40f2-140544486217536","trial_id":0,"param_name":"lr","param_value_internal":0.033102142696421706,"distribution":"{\"name\": \"FloatDistribution\", \"attributes\": {\"step\": null, \"low\": 0.0001, \"high\": 0.1, \"log\": true}}"}
{"op_code":5,"worker_id":"3b21d912-0f52-472f-89f2-e3cd32eb40f2-140544486217536","trial_id":0,"param_name":"dropout","param_value_internal":0.12242806541501977,"distribution":"{\"name\": \"FloatDistribution\", \"attributes\": {\"step\": null, \"low\": 0.0, \"high\": 0.5, \"log\": false}}"}
{"op_code":5,"worker_id":"3b21d912-0f52-472f-89f2-e3cd32eb40f2-140544486217536","trial_id":0,"param_name":"nodes","param_value_internal":0,"distribution":"{\"name\": \"CategoricalDistribution\", \"attributes\": {\"choices\": [\"64-64\", \"128-64\", \"256-128\"]}}"}
{"op_code":6,"worker_id":"3b21d912-0f52-472f-89f2-e3cd32eb40f2-140544486217536","trial_id":0,"state":1,"values":[0.8572911261027504],"datetime_complete":"2026-04-01T03:22:24.417501"}
{"op_code":4,"worker_id":"3b21d912-0f52-472f-89f2-e3cd32eb40f2-140544486217536","study_id":0,"datetime_start":"2026-04-01T03:22:24.442621"}
{"op_code":5,"worker_id":"3b21d912-0f52-472f-89f2-e3cd32eb40f2-140544486217536","trial_id":1,"param_name":"lr","param_value_internal":0.0014743337800338836,"distribution":"{\"name\": \"FloatDistribution\", \"attributes\": {\"step\": null, \"low\": 0.0001, \"high\": 0.1, \"log\": true}}"}
{"op_code":5,"worker_id":"3b21d912-0f52-472f-89f2-e3cd32eb40f2-140544486217536","trial_id":1,"param_name":"dropout","param_value_internal":0.38951194188538923,"distribution":"{\"name\": \"FloatDistribution\", \"attributes\": {\"step\": null, \"low\": 0.0, \"high\": 0.5, \"log\": false}}"}
{"op_code":5,"worker_id":"3b21d912-0f52-472f-89f2-e3cd32eb40f2-140544486217536","trial_id":1,"param_name":"nodes","param_value_internal":2,"distribution":"{\"name\": \"CategoricalDistribution\", \"attributes\": {\"choices\": [\"64-64\", \"128-64\", \"256-128\"]}}"}
{"op_code":6,"worker_id":"3b21d912-0f52-472f-89f2-e3cd32eb40f2-140544486217536","trial_id":1,"state":1,"values":[0.856772184743124],"datetime_complete":"2026-04-01T03:22:24.902895"}
{"op_code":4,"worker_id":"3b21d912-0f52-472f-89f2-e3cd32eb40f2-140544486217536","study_id":0,"datetime_start":"2026-04-01T03:22:24.919175"}
{"op_code":5,"worker_id":"3b21d912-0f52-472f-89f2-e3cd32eb40f2-140544486217536","trial_id":2,"param_name":"lr","param_value_internal":0.03204215159500996,"distribution":"{\"name\": \"FloatDistribution\", \"attributes\": {\"step\": null, \"low\": 0.0001, \"high\": 0.1, \"log\": true}}"}
{"op_code":5,"worker_id":"3b21d912-0f52-472f-89f2-e3cd32eb40f2-140544486217536","trial_id":2,"param_name":"dropout","param_value_internal":0.09257288284946169,"distribution":"{\"name\": \"FloatDistribution\", \"attributes\": {\"step\": null, \"low\": 0.0, \"high\": 0.5, \"log\": false}}"}
{"op_code":5,"worker_id":"3b21d912-0f52-472f-89f2-e3cd32eb40f2-140544486217536","trial_id":2,"param_name":"nodes","param_value_internal":1,"distribution":"{\"name\": \"CategoricalDistribution\", \"attributes\": {\"choices\": [\"64-64\", \"128-64\", \"256-128\"]}}"}
{"op_code":6,"worker_id":"3b21d912-0f52-472f-89f2-e3cd32eb40f2-140544486217536","trial_id":2,"state":1,"values":[0.8500259470679813],"datetime_complete":"2026-04-01T03:22:25.386302"}
{"op_code":4,"worker_id":"3b21d912-0f52-472f-89f2-e3cd32eb40f2-140544486217536","study_id":0,"datetime_start":"2026-04-01T03:22:25.409188"}
{"op_code":5,"worker_id":"3b21d912-0f52-472f-89f2-e3cd32eb40f2-140544486217536","trial_id":3,"param_name":"lr","param_value_internal":0.010233326653035977,"distribution":"{\"name\": \"FloatDistribution\", \"attributes\": {\"step\": null, \"low\": 0.0001, \"high\": 0.1, \"log\": true}}"}
{"op_code":5,"worker_id":"3b21d912-0f52-472f-89f2-e3cd32eb40f2-140544486217536","trial_id":3,"param_name":"dropout","param_value_internal":0.4469081149817118,"distribution":"{\"name\": \"FloatDistribution\", \"attributes\": {\"step\": null, \"low\": 0.0, \"high\": 0.5, \"log\": false}}"}
{"op_code":5,"worker_id":"3b21d912-0f52-472f-89f2-e3cd32eb40f2-140544486217536","trial_id":3,"param_name":"nodes","param_value_internal":2,"distribution":"{\"name\": \"CategoricalDistribution\", \"attributes\": {\"choices\": [\"64-64\", \"128-64\", \"256-128\"]}}"}
{"op_code":6,"worker_id":"3b21d912-0f52-472f-89f2-e3cd32eb40f2-140544486217536","trial_id":3,"state":1,"values":[0.8624805396990141],"datetime_complete":"2026-04-01T03:22:25.871986"}
{"op_code":4,"worker_id":"3b21d912-0f52-472f-89f2-e3cd32eb40f2-140544486217536","study_id":0,"datetime_start":"2026-04-01T03:22:25.898308"}
{"op_code":5,"worker_id":"3b21d912-0f52-472f-89f2-e3cd32eb40f2-140544486217536","trial_id":4,"param_name":"lr","param_value_internal":0.0001759735053595897,"distribution":"{\"name\": \"FloatDistribution\", \"attributes\": {\"step\": null, \"low\": 0.0001, \"high\": 0.1, \"log\": true}}"}
{"op_code":5,"worker_id":"3b21d912-0f52-472f-89f2-e3cd32eb40f2-140544486217536","trial_id":4,"param_name":"dropout","param_value_internal":0.004904053520188523,"distribution":"{\"name\": \"FloatDistribution\", \"attributes\": {\"step\": null, \"low\": 0.0, \"high\": 0.5, \"log\": false}}"}
{"op_code":5,"worker_id":"3b21d912-0f52-472f-89f2-e3cd32eb40f2-140544486217536","trial_id":4,"param_name":"nodes","param_value_internal":2,"distribution":"{\"name\": \"CategoricalDistribution\", \"attributes\": {\"choices\": [\"64-64\", \"128-64\", \"256-128\"]}}"}
{"op_code":6,"worker_id":"3b21d912-0f52-472f-89f2-e3cd32eb40f2-140544486217536","trial_id":4,"state":1,"values":[0.8469122989102231],"datetime_complete":"2026-04-01T03:22:26.373871"}
{"op_code":4,"worker_id":"3b21d912-0f52-472f-89f2-e3cd32eb40f2-140544486217536","study_id":0,"datetime_start":"2026-04-01T03:22:26.393862"}
{"op_code":5,"worker_id":"3b21d912-0f52-472f-89f2-e3cd32eb40f2-140544486217536","trial_id":5,"param_name":"lr","param_value_internal":0.0012598618542336967,"distribution":"{\"name\": \"FloatDistribution\", \"attributes\": {\"step\": null, \"low\": 0.0001, \"high\": 0.1, \"log\": true}}"}
{"op_code":5,"worker_id":"3b21d912-0f52-472f-89f2-e3cd32eb40f2-140544486217536","trial_id":5,"param_name":"dropout","param_value_internal":0.20873051565221917,"distribution":"{\"name\": \"FloatDistribution\", \"attributes\": {\"step\": null, \"low\": 0.0, \"high\": 0.5, \"log\": false}}"}
{"op_code":5,"worker_id":"3b21d912-0f52-472f-89f2-e3cd32eb40f2-140544486217536","trial_id":5,"param_name":"nodes","param_value_internal":2,"distribution":"{\"name\": \"CategoricalDistribution\", \"attributes\": {\"choices\": [\"64-64\", \"128-64\", \"256-128\"]}}"}
{"op_code":6,"worker_id":"3b21d912-0f52-472f-89f2-e3cd32eb40f2-140544486217536","trial_id":5,"state":1,"values":[0.8443175921120913],"datetime_complete":"2026-04-01T03:22:26.866090"}
{"op_code":4,"worker_id":"3b21d912-0f52-472f-89f2-e3cd32eb40f2-140544486217536","study_id":0,"datetime_start":"2026-04-01T03:22:26.888786"}
{"op_code":5,"worker_id":"3b21d912-0f52-472f-89f2-e3cd32eb40f2-140544486217536","trial_id":6,"param_name":"lr","param_value_internal":0.0001124995121709723,"distribution":"{\"name\": \"FloatDistribution\", \"attributes\": {\"step\": null, \"low\": 0.0001, \"high\": 0.1, \"log\": true}}"}
{"op_code":5,"worker_id":"3b21d912-0f52-472f-89f2-e3cd32eb40f2-140544486217536","trial_id":6,"param_name":"dropout","param_value_internal":0.16357038561633575,"distribution":"{\"name\": \"FloatDistribution\", \"attributes\": {\"step\": null, \"low\": 0.0, \"high\": 0.5, \"log\": false}}"}
{"op_code":5,"worker_id":"3b21d912-0f52-472f-89f2-e3cd32eb40f2-140544486217536","trial_id":6,"param_name":"nodes","param_value_internal":2,"distribution":"{\"name\": \"CategoricalDistribution\", \"attributes\": {\"choices\": [\"64-64\", \"128-64\", \"256-128\"]}}"}
{"op_code":6,"worker_id":"3b21d912-0f52-472f-89f2-e3cd32eb40f2-140544486217536","trial_id":6,"state":1,"values":[0.8546964193046186],"datetime_complete":"2026-04-01T03:22:27.359792"}
{"op_code":4,"worker_id":"3b21d912-0f52-472f-89f2-e3cd32eb40f2-140544486217536","study_id":0,"datetime_start":"2026-04-01T03:22:27.379274"}
{"op_code":5,"worker_id":"3b21d912-0f52-472f-89f2-e3cd32eb40f2-140544486217536","trial_id":7,"param_name":"lr","param_value_internal":0.003857045769501384,"distribution":"{\"name\": \"FloatDistribution\", \"attributes\": {\"step\": null, \"low\": 0.0001, \"high\": 0.1, \"log\": true}}"}
{"op_code":5,"worker_id":"3b21d912-0f52-472f-89f2-e3cd32eb40f2-140544486217536","trial_id":7,"param_name":"dropout","param_value_internal":0.26114594224089677,"distribution":"{\"name\": \"FloatDistribution\", \"attributes\": {\"step\": null, \"low\": 0.0, \"high\": 0.5, \"log\": false}}"}
{"op_code":5,"worker_id":"3b21d912-0f52-472f-89f2-e3cd32eb40f2-140544486217536","trial_id":7,"param_name":"nodes","param_value_internal":0,"distribution":"{\"name\": \"CategoricalDistribution\", \"attributes\": {\"choices\": [\"64-64\", \"128-64\", \"256-128\"]}}"}
{"op_code":6,"worker_id":"3b21d912-0f52-472f-89f2-e3cd32eb40f2-140544486217536","trial_id":7,"state":1,"values":[0.851063829787234],"datetime_complete":"2026-04-01T03:22:27.865173"}
{"op_code":4,"worker_id":"3b21d912-0f52-472f-89f2-e3cd32eb40f2-140544486217536","study_id":0,"datetime_start":"2026-04-01T03:22:27.890306"}
{"op_code":5,"worker_id":"3b21d912-0f52-472f-89f2-e3cd32eb40f2-140544486217536","trial_id":8,"param_name":"lr","param_value_internal":0.0007781100986918597,"distribution":"{\"name\": \"FloatDistribution\", \"attributes\": {\"step\": null, \"low\": 0.0001, \"high\": 0.1, \"log\": true}}"}
{"op_code":5,"worker_id":"3b21d912-0f52-472f-89f2-e3cd32eb40f2-140544486217536","trial_id":8,"param_name":"dropout","param_value_internal":0.0011677090460762707,"distribution":"{\"name\": \"FloatDistribution\", \"attributes\": {\"step\": null, \"low\": 0.0, \"high\": 0.5, \"log\": false}}"}
{"op_code":5,"worker_id":"3b21d912-0f52-472f-89f2-e3cd32eb40f2-140544486217536","trial_id":8,"param_name":"nodes","param_value_internal":2,"distribution":"{\"name\": \"CategoricalDistribution\", \"attributes\": {\"choices\": [\"64-64\", \"128-64\", \"256-128\"]}}"}
{"op_code":6,"worker_id":"3b21d912-0f52-472f-89f2-e3cd32eb40f2-140544486217536","trial_id":8,"state":1,"values":[0.7981318111053451],"datetime_complete":"2026-04-01T03:22:28.342311"}
{"op_code":4,"worker_id":"3b21d912-0f52-472f-89f2-e3cd32eb40f2-140544486217536","study_id":0,"datetime_start":"2026-04-01T03:22:28.362741"}
{"op_code":5,"worker_id":"3b21d912-0f52-472f-89f2-e3cd32eb40f2-140544486217536","trial_id":9,"param_name":"lr","param_value_internal":0.0611801916069767,"distribution":"{\"name\": \"FloatDistribution\", \"attributes\": {\"step\": null, \"low\": 0.0001, \"high\": 0.1, \"log\": true}}"}
{"op_code":5,"worker_id":"3b21d912-0f52-472f-89f2-e3cd32eb40f2-140544486217536","trial_id":9,"param_name":"dropout","param_value_internal":0.23849591475535825,"distribution":"{\"name\": \"FloatDistribution\", \"attributes\": {\"step\": null, \"low\": 0.0, \"high\": 0.5, \"log\": false}}"}
{"op_code":5,"worker_id":"3b21d912-0f52-472f-89f2-e3cd32eb40f2-140544486217536","trial_id":9,"param_name":"nodes","param_value_internal":0,"distribution":"{\"name\": \"CategoricalDistribution\", \"attributes\": {\"choices\": [\"64-64\", \"128-64\", \"256-128\"]}}"}
{"op_code":6,"worker_id":"3b21d912-0f52-472f-89f2-e3cd32eb40f2-140544486217536","trial_id":9,"state":1,"values":[0.8624805396990141],"datetime_complete":"2026-04-01T03:22:28.804186"}
{"op_code":4,"worker_id":"3b21d912-0f52-472f-89f2-e3cd32eb40f2-140544486217536","study_id":0,"datetime_start":"2026-04-01T03:22:28.819574"}
{"op_code":5,"worker_id":"3b21d912-0f52-472f-89f2-e3cd32eb40f2-140544486217536","trial_id":10,"param_name":"lr","param_value_internal":0.008337442325195078,"distribution":"{\"name\": \"FloatDistribution\", \"attributes\": {\"step\": null, \"low\": 0.0001, \"high\": 0.1, \"log\": true}}"}
{"op_code":5,"worker_id":"3b21d912-0f52-472f-89f2-e3cd32eb40f2-140544486217536","trial_id":10,"param_name":"dropout","param_value_internal":0.4991819682627464,"distribution":"{\"name\": \"FloatDistribution\", \"attributes\": {\"step\": null, \"low\": 0.0, \"high\": 0.5, \"log\": false}}"}
{"op_code":5,"worker_id":"3b21d912-0f52-472f-89f2-e3cd32eb40f2-140544486217536","trial_id":10,"param_name":"nodes","param_value_internal":1,"distribution":"{\"name\": \"CategoricalDistribution\", \"attributes\": {\"choices\": [\"64-64\", \"128-64\", \"256-128\"]}}"}
{"op_code":6,"worker_id":"3b21d912-0f52-472f-89f2-e3cd32eb40f2-140544486217536","trial_id":10,"state":1,"values":[0.869745718733783],"datetime_complete":"2026-04-01T03:22:29.262258"}
{"op_code":4,"worker_id":"3b21d912-0f52-472f-89f2-e3cd32eb40f2-140544486217536","study_id":0,"datetime_start":"2026-04-01T03:22:29.282962"}
{"op_code":5,"worker_id":"3b21d912-0f52-472f-89f2-e3cd32eb40f2-140544486217536","trial_id":11,"param_name":"lr","param_value_internal":0.008151010308635085,"distribution":"{\"name\": \"FloatDistribution\", \"attributes\": {\"step\": null, \"low\": 0.0001, \"high\": 0.1, \"log\": true}}"}
{"op_code":5,"worker_id":"3b21d912-0f52-472f-89f2-e3cd32eb40f2-140544486217536","trial_id":11,"param_name":"dropout","param_value_internal":0.49277781300496515,"distribution":"{\"name\": \"FloatDistribution\", \"attributes\": {\"step\": null, \"low\": 0.0, \"high\": 0.5, \"log\": false}}"}
{"op_code":5,"worker_id":"3b21d912-0f52-472f-89f2-e3cd32eb40f2-140544486217536","trial_id":11,"param_name":"nodes","param_value_internal":1,"distribution":"{\"name\": \"CategoricalDistribution\", \"attributes\": {\"choices\": [\"64-64\", \"128-64\", \"256-128\"]}}"}
{"op_code":6,"worker_id":"3b21d912-0f52-472f-89f2-e3cd32eb40f2-140544486217536","trial_id":11,"state":1,"values":[0.8707836014530358],"datetime_complete":"2026-04-01T03:22:29.729977"}
{"op_code":4,"worker_id":"3b21d912-0f52-472f-89f2-e3cd32eb40f2-140544486217536","study_id":0,"datetime_start":"2026-04-01T03:22:29.749009"}
{"op_code":5,"worker_id":"3b21d912-0f52-472f-89f2-e3cd32eb40f2-140544486217536","trial_id":12,"param_name":"lr","param_value_internal":0.008089545167672966,"distribution":"{\"name\": \"FloatDistribution\", \"attributes\": {\"step\": null, \"low\": 0.0001, \"high\": 0.1, \"log\": true}}"}
{"op_code":5,"worker_id":"3b21d912-0f52-472f-89f2-e3cd32eb40f2-140544486217536","trial_id":12,"param_name":"dropout","param_value_internal":0.49674214038192943,"distribution":"{\"name\": \"FloatDistribution\", \"attributes\": {\"step\": null, \"low\": 0.0, \"high\": 0.5, \"log\": false}}"}
{"op_code":5,"worker_id":"3b21d912-0f52-472f-89f2-e3cd32eb40f2-140544486217536","trial_id":12,"param_name":"nodes","param_value_internal":1,"distribution":"{\"name\": \"CategoricalDistribution\", \"attributes\": {\"choices\": [\"64-64\", \"128-64\", \"256-128\"]}}"}
{"op_code":6,"worker_id":"3b21d912-0f52-472f-89f2-e3cd32eb40f2-140544486217536","trial_id":12,"state":1,"values":[0.8629994810586403],"datetime_complete":"2026-04-01T03:22:30.195408"}
{"op_code":4,"worker_id":"3b21d912-0f52-472f-89f2-e3cd32eb40f2-140544486217536","study_id":0,"datetime_start":"2026-04-01T03:22:30.214465"}
{"op_code":5,"worker_id":"3b21d912-0f52-472f-89f2-e3cd32eb40f2-140544486217536","trial_id":13,"param_name":"lr","param_value_internal":0.010651848096702755,"distribution":"{\"name\": \"FloatDistribution\", \"attributes\": {\"step\": null, \"low\": 0.0001, \"high\": 0.1, \"log\": true}}"}
{"op_code":5,"worker_id":"3b21d912-0f52-472f-89f2-e3cd32eb40f2-140544486217536","trial_id":13,"param_name":"dropout","param_value_internal":0.36161857175758694,"distribution":"{\"name\": \"FloatDistribution\", \"attributes\": {\"step\": null, \"low\": 0.0, \"high\": 0.5, \"log\": false}}"}
{"op_code":5,"worker_id":"3b21d912-0f52-472f-89f2-e3cd32eb40f2-140544486217536","trial_id":13,"param_name":"nodes","param_value_internal":1,"distribution":"{\"name\": \"CategoricalDistribution\", \"attributes\": {\"choices\": [\"64-64\", \"128-64\", \"256-128\"]}}"}
{"op_code":6,"worker_id":"3b21d912-0f52-472f-89f2-e3cd32eb40f2-140544486217536","trial_id":13,"state":1,"values":[0.8702646600934094],"datetime_complete":"2026-04-01T03:22:30.668305"}
{"op_code":4,"worker_id":"3b21d912-0f52-472f-89f2-e3cd32eb40f2-140544486217536","study_id":0,"datetime_start":"2026-04-01T03:22:30.688366"}
{"op_code":5,"worker_id":"3b21d912-0f52-472f-89f2-e3cd32eb40f2-140544486217536","trial_id":14,"param_name":"lr","param_value_internal":0.017882188339963356,"distribution":"{\"name\": \"FloatDistribution\", \"attributes\": {\"step\": null, \"low\": 0.0001, \"high\": 0.1, \"log\": true}}"}
{"op_code":5,"worker_id":"3b21d912-0f52-472f-89f2-e3cd32eb40f2-140544486217536","trial_id":14,"param_name":"dropout","param_value_internal":0.34749025368748065,"distribution":"{\"name\": \"FloatDistribution\", \"attributes\": {\"step\": null, \"low\": 0.0, \"high\": 0.5, \"log\": false}}"}
{"op_code":5,"worker_id":"3b21d912-0f52-472f-89f2-e3cd32eb40f2-140544486217536","trial_id":14,"param_name":"nodes","param_value_internal":1,"distribution":"{\"name\": \"CategoricalDistribution\", \"attributes\": {\"choices\": [\"64-64\", \"128-64\", \"256-128\"]}}"}
{"op_code":6,"worker_id":"3b21d912-0f52-472f-89f2-e3cd32eb40f2-140544486217536","trial_id":14,"state":1,"values":[0.8770108977685521],"datetime_complete":"2026-04-01T03:22:31.149493"}
{"op_code":4,"worker_id":"3b21d912-0f52-472f-89f2-e3cd32eb40f2-140544486217536","study_id":0,"datetime_start":"2026-04-01T03:22:31.168867"}
{"op_code":5,"worker_id":"3b21d912-0f52-472f-89f2-e3cd32eb40f2-140544486217536","trial_id":15,"param_name":"lr","param_value_internal":0.02460544001463544,"distribution":"{\"name\": \"FloatDistribution\", \"attributes\": {\"step\": null, \"low\": 0.0001, \"high\": 0.1, \"log\": true}}"}
{"op_code":5,"worker_id":"3b21d912-0f52-472f-89f2-e3cd32eb40f2-140544486217536","trial_id":15,"param_name":"dropout","param_value_internal":0.33083162742143746,"distribution":"{\"name\": \"FloatDistribution\", \"attributes\": {\"step\": null, \"low\": 0.0, \"high\": 0.5, \"log\": false}}"}
{"op_code":5,"worker_id":"3b21d912-0f52-472f-89f2-e3cd32eb40f2-140544486217536","trial_id":15,"param_name":"nodes","param_value_internal":1,"distribution":"{\"name\": \"CategoricalDistribution\", \"attributes\": {\"choices\": [\"64-64\", \"128-64\", \"256-128\"]}}"}
{"op_code":6,"worker_id":"3b21d912-0f52-472f-89f2-e3cd32eb40f2-140544486217536","trial_id":15,"state":1,"values":[0.8624805396990141],"datetime_complete":"2026-04-01T03:22:31.639663"}
{"op_code":4,"worker_id":"3b21d912-0f52-472f-89f2-e3cd32eb40f2-140544486217536","study_id":0,"datetime_start":"2026-04-01T03:22:31.657064"}
{"op_code":5,"worker_id":"3b21d912-0f52-472f-89f2-e3cd32eb40f2-140544486217536","trial_id":16,"param_name":"lr","param_value_internal":0.003273672559024298,"distribution":"{\"name\": \"FloatDistribution\", \"attributes\": {\"step\": null, \"low\": 0.0001, \"high\": 0.1, \"log\": true}}"}
{"op_code":5,"worker_id":"3b21d912-0f52-472f-89f2-e3cd32eb40f2-140544486217536","trial_id":16,"param_name":"dropout","param_value_internal":0.2964165457896297,"distribution":"{\"name\": \"FloatDistribution\", \"attributes\": {\"step\": null, \"low\": 0.0, \"high\": 0.5, \"log\": false}}"}
{"op_code":5,"worker_id":"3b21d912-0f52-472f-89f2-e3cd32eb40f2-140544486217536","trial_id":16,"param_name":"nodes","param_value_internal":1,"distribution":"{\"name\": \"CategoricalDistribution\", \"attributes\": {\"choices\": [\"64-64\", \"128-64\", \"256-128\"]}}"}
{"op_code":6,"worker_id":"3b21d912-0f52-472f-89f2-e3cd32eb40f2-140544486217536","trial_id":16,"state":1,"values":[0.8463933575505967],"datetime_complete":"2026-04-01T03:22:32.128953"}
{"op_code":4,"worker_id":"3b21d912-0f52-472f-89f2-e3cd32eb40f2-140544486217536","study_id":0,"datetime_start":"2026-04-01T03:22:32.152399"}
{"op_code":5,"worker_id":"3b21d912-0f52-472f-89f2-e3cd32eb40f2-140544486217536","trial_id":17,"param_name":"lr","param_value_internal":0.07872213463904089,"distribution":"{\"name\": \"FloatDistribution\", \"attributes\": {\"step\": null, \"low\": 0.0001, \"high\": 0.1, \"log\": true}}"}
{"op_code":5,"worker_id":"3b21d912-0f52-472f-89f2-e3cd32eb40f2-140544486217536","trial_id":17,"param_name":"dropout","param_value_internal":0.41281838566340334,"distribution":"{\"name\": \"FloatDistribution\", \"attributes\": {\"step\": null, \"low\": 0.0, \"high\": 0.5, \"log\": false}}"}
{"op_code":5,"worker_id":"3b21d912-0f52-472f-89f2-e3cd32eb40f2-140544486217536","trial_id":17,"param_name":"nodes","param_value_internal":1,"distribution":"{\"name\": \"CategoricalDistribution\", \"attributes\": {\"choices\": [\"64-64\", \"128-64\", \"256-128\"]}}"}
{"op_code":6,"worker_id":"3b21d912-0f52-472f-89f2-e3cd32eb40f2-140544486217536","trial_id":17,"state":1,"values":[0.843798650752465],"datetime_complete":"2026-04-01T03:22:32.629659"}
{"op_code":4,"worker_id":"3b21d912-0f52-472f-89f2-e3cd32eb40f2-140544486217536","study_id":0,"datetime_start":"2026-04-01T03:22:32.652490"}
{"op_code":5,"worker_id":"3b21d912-0f52-472f-89f2-e3cd32eb40f2-140544486217536","trial_id":18,"param_name":"lr","param_value_internal":0.017081847418169892,"distribution":"{\"name\": \"FloatDistribution\", \"attributes\": {\"step\": null, \"low\": 0.0001, \"high\": 0.1, \"log\": true}}"}
{"op_code":5,"worker_id":"3b21d912-0f52-472f-89f2-e3cd32eb40f2-140544486217536","trial_id":18,"param_name":"dropout","param_value_internal":0.43838178799661787,"distribution":"{\"name\": \"FloatDistribution\", \"attributes\": {\"step\": null, \"low\": 0.0, \"high\": 0.5, \"log\": false}}"}
{"op_code":5,"worker_id":"3b21d912-0f52-472f-89f2-e3cd32eb40f2-140544486217536","trial_id":18,"param_name":"nodes","param_value_internal":1,"distribution":"{\"name\": \"CategoricalDistribution\", \"attributes\": {\"choices\": [\"64-64\", \"128-64\", \"256-128\"]}}"}
{"op_code":6,"worker_id":"3b21d912-0f52-472f-89f2-e3cd32eb40f2-140544486217536","trial_id":18,"state":1,"values":[0.8588479501816295],"datetime_complete":"2026-04-01T03:22:33.134333"}
{"op_code":4,"worker_id":"3b21d912-0f52-472f-89f2-e3cd32eb40f2-140544486217536","study_id":0,"datetime_start":"2026-04-01T03:22:33.152840"}
{"op_code":5,"worker_id":"3b21d912-0f52-472f-89f2-e3cd32eb40f2-140544486217536","trial_id":19,"param_name":"lr","param_value_internal":0.0003748129598473806,"distribution":"{\"name\": \"FloatDistribution\", \"attributes\": {\"step\": null, \"low\": 0.0001, \"high\": 0.1, \"log\": true}}"}
{"op_code":5,"worker_id":"3b21d912-0f52-472f-89f2-e3cd32eb40f2-140544486217536","trial_id":19,"param_name":"dropout","param_value_internal":0.3195259055849459,"distribution":"{\"name\": \"FloatDistribution\", \"attributes\": {\"step\": null, \"low\": 0.0, \"high\": 0.5, \"log\": false}}"}
{"op_code":5,"worker_id":"3b21d912-0f52-472f-89f2-e3cd32eb40f2-140544486217536","trial_id":19,"param_name":"nodes","param_value_internal":1,"distribution":"{\"name\": \"CategoricalDistribution\", \"attributes\": {\"choices\": [\"64-64\", \"128-64\", \"256-128\"]}}"}
{"op_code":6,"worker_id":"3b21d912-0f52-472f-89f2-e3cd32eb40f2-140544486217536","trial_id":19,"state":1,"values":[0.8386092371562014],"datetime_complete":"2026-04-01T03:22:33.595594"}
