{"op_code":0,"worker_id":"d8d68e8b-6874-4e3f-892e-cb0538a3fbab-139952901822272","study_name":"deepsurv_tuning","directions":[2]}
{"op_code":4,"worker_id":"d8d68e8b-6874-4e3f-892e-cb0538a3fbab-139952901822272","study_id":0,"datetime_start":"2026-03-26T11:44:37.175998"}
{"op_code":5,"worker_id":"d8d68e8b-6874-4e3f-892e-cb0538a3fbab-139952901822272","trial_id":0,"param_name":"lr","param_value_internal":0.0700819025313828,"distribution":"{\"name\": \"FloatDistribution\", \"attributes\": {\"step\": null, \"low\": 0.0001, \"high\": 0.1, \"log\": true}}"}
{"op_code":5,"worker_id":"d8d68e8b-6874-4e3f-892e-cb0538a3fbab-139952901822272","trial_id":0,"param_name":"dropout","param_value_internal":0.37569486477785086,"distribution":"{\"name\": \"FloatDistribution\", \"attributes\": {\"step\": null, \"low\": 0.0, \"high\": 0.5, \"log\": false}}"}
{"op_code":5,"worker_id":"d8d68e8b-6874-4e3f-892e-cb0538a3fbab-139952901822272","trial_id":0,"param_name":"layers","param_value_internal":2,"distribution":"{\"name\": \"CategoricalDistribution\", \"attributes\": {\"choices\": [1, 2, 3]}}"}
{"op_code":5,"worker_id":"d8d68e8b-6874-4e3f-892e-cb0538a3fbab-139952901822272","trial_id":0,"param_name":"nodes","param_value_internal":1,"distribution":"{\"name\": \"CategoricalDistribution\", \"attributes\": {\"choices\": [16, 32, 64]}}"}
{"op_code":6,"worker_id":"d8d68e8b-6874-4e3f-892e-cb0538a3fbab-139952901822272","trial_id":0,"state":1,"values":[0.658129210518146],"datetime_complete":"2026-03-26T11:44:39.058908"}
{"op_code":4,"worker_id":"d8d68e8b-6874-4e3f-892e-cb0538a3fbab-139952901822272","study_id":0,"datetime_start":"2026-03-26T11:44:39.071916"}
{"op_code":5,"worker_id":"d8d68e8b-6874-4e3f-892e-cb0538a3fbab-139952901822272","trial_id":1,"param_name":"lr","param_value_internal":0.00020881474842560573,"distribution":"{\"name\": \"FloatDistribution\", \"attributes\": {\"step\": null, \"low\": 0.0001, \"high\": 0.1, \"log\": true}}"}
{"op_code":5,"worker_id":"d8d68e8b-6874-4e3f-892e-cb0538a3fbab-139952901822272","trial_id":1,"param_name":"dropout","param_value_internal":0.22738919378016398,"distribution":"{\"name\": \"FloatDistribution\", \"attributes\": {\"step\": null, \"low\": 0.0, \"high\": 0.5, \"log\": false}}"}
{"op_code":5,"worker_id":"d8d68e8b-6874-4e3f-892e-cb0538a3fbab-139952901822272","trial_id":1,"param_name":"layers","param_value_internal":0,"distribution":"{\"name\": \"CategoricalDistribution\", \"attributes\": {\"choices\": [1, 2, 3]}}"}
{"op_code":5,"worker_id":"d8d68e8b-6874-4e3f-892e-cb0538a3fbab-139952901822272","trial_id":1,"param_name":"nodes","param_value_internal":2,"distribution":"{\"name\": \"CategoricalDistribution\", \"attributes\": {\"choices\": [16, 32, 64]}}"}
{"op_code":6,"worker_id":"d8d68e8b-6874-4e3f-892e-cb0538a3fbab-139952901822272","trial_id":1,"state":1,"values":[0.5859178541492037],"datetime_complete":"2026-03-26T11:44:40.608762"}
{"op_code":4,"worker_id":"d8d68e8b-6874-4e3f-892e-cb0538a3fbab-139952901822272","study_id":0,"datetime_start":"2026-03-26T11:44:40.632993"}
{"op_code":5,"worker_id":"d8d68e8b-6874-4e3f-892e-cb0538a3fbab-139952901822272","trial_id":2,"param_name":"lr","param_value_internal":0.0011698045381748473,"distribution":"{\"name\": \"FloatDistribution\", \"attributes\": {\"step\": null, \"low\": 0.0001, \"high\": 0.1, \"log\": true}}"}
{"op_code":5,"worker_id":"d8d68e8b-6874-4e3f-892e-cb0538a3fbab-139952901822272","trial_id":2,"param_name":"dropout","param_value_internal":0.34854416686723244,"distribution":"{\"name\": \"FloatDistribution\", \"attributes\": {\"step\": null, \"low\": 0.0, \"high\": 0.5, \"log\": false}}"}
{"op_code":5,"worker_id":"d8d68e8b-6874-4e3f-892e-cb0538a3fbab-139952901822272","trial_id":2,"param_name":"layers","param_value_internal":1,"distribution":"{\"name\": \"CategoricalDistribution\", \"attributes\": {\"choices\": [1, 2, 3]}}"}
{"op_code":5,"worker_id":"d8d68e8b-6874-4e3f-892e-cb0538a3fbab-139952901822272","trial_id":2,"param_name":"nodes","param_value_internal":2,"distribution":"{\"name\": \"CategoricalDistribution\", \"attributes\": {\"choices\": [16, 32, 64]}}"}
{"op_code":6,"worker_id":"d8d68e8b-6874-4e3f-892e-cb0538a3fbab-139952901822272","trial_id":2,"state":1,"values":[0.6645711092483934],"datetime_complete":"2026-03-26T11:44:42.483380"}
{"op_code":4,"worker_id":"d8d68e8b-6874-4e3f-892e-cb0538a3fbab-139952901822272","study_id":0,"datetime_start":"2026-03-26T11:44:42.496503"}
{"op_code":5,"worker_id":"d8d68e8b-6874-4e3f-892e-cb0538a3fbab-139952901822272","trial_id":3,"param_name":"lr","param_value_internal":0.029856607286849444,"distribution":"{\"name\": \"FloatDistribution\", \"attributes\": {\"step\": null, \"low\": 0.0001, \"high\": 0.1, \"log\": true}}"}
{"op_code":5,"worker_id":"d8d68e8b-6874-4e3f-892e-cb0538a3fbab-139952901822272","trial_id":3,"param_name":"dropout","param_value_internal":0.09405600490337218,"distribution":"{\"name\": \"FloatDistribution\", \"attributes\": {\"step\": null, \"low\": 0.0, \"high\": 0.5, \"log\": false}}"}
{"op_code":5,"worker_id":"d8d68e8b-6874-4e3f-892e-cb0538a3fbab-139952901822272","trial_id":3,"param_name":"layers","param_value_internal":0,"distribution":"{\"name\": \"CategoricalDistribution\", \"attributes\": {\"choices\": [1, 2, 3]}}"}
{"op_code":5,"worker_id":"d8d68e8b-6874-4e3f-892e-cb0538a3fbab-139952901822272","trial_id":3,"param_name":"nodes","param_value_internal":0,"distribution":"{\"name\": \"CategoricalDistribution\", \"attributes\": {\"choices\": [16, 32, 64]}}"}
{"op_code":6,"worker_id":"d8d68e8b-6874-4e3f-892e-cb0538a3fbab-139952901822272","trial_id":3,"state":1,"values":[0.66539380956816],"datetime_complete":"2026-03-26T11:44:44.039050"}
{"op_code":4,"worker_id":"d8d68e8b-6874-4e3f-892e-cb0538a3fbab-139952901822272","study_id":0,"datetime_start":"2026-03-26T11:44:44.051734"}
{"op_code":5,"worker_id":"d8d68e8b-6874-4e3f-892e-cb0538a3fbab-139952901822272","trial_id":4,"param_name":"lr","param_value_internal":0.0015194627109135616,"distribution":"{\"name\": \"FloatDistribution\", \"attributes\": {\"step\": null, \"low\": 0.0001, \"high\": 0.1, \"log\": true}}"}
{"op_code":5,"worker_id":"d8d68e8b-6874-4e3f-892e-cb0538a3fbab-139952901822272","trial_id":4,"param_name":"dropout","param_value_internal":0.14194697671392442,"distribution":"{\"name\": \"FloatDistribution\", \"attributes\": {\"step\": null, \"low\": 0.0, \"high\": 0.5, \"log\": false}}"}
{"op_code":5,"worker_id":"d8d68e8b-6874-4e3f-892e-cb0538a3fbab-139952901822272","trial_id":4,"param_name":"layers","param_value_internal":1,"distribution":"{\"name\": \"CategoricalDistribution\", \"attributes\": {\"choices\": [1, 2, 3]}}"}
{"op_code":5,"worker_id":"d8d68e8b-6874-4e3f-892e-cb0538a3fbab-139952901822272","trial_id":4,"param_name":"nodes","param_value_internal":0,"distribution":"{\"name\": \"CategoricalDistribution\", \"attributes\": {\"choices\": [16, 32, 64]}}"}
{"op_code":6,"worker_id":"d8d68e8b-6874-4e3f-892e-cb0538a3fbab-139952901822272","trial_id":4,"state":1,"values":[0.6046692123808637],"datetime_complete":"2026-03-26T11:44:45.900979"}
{"op_code":4,"worker_id":"d8d68e8b-6874-4e3f-892e-cb0538a3fbab-139952901822272","study_id":0,"datetime_start":"2026-03-26T11:44:45.919809"}
{"op_code":5,"worker_id":"d8d68e8b-6874-4e3f-892e-cb0538a3fbab-139952901822272","trial_id":5,"param_name":"lr","param_value_internal":0.003612462556799453,"distribution":"{\"name\": \"FloatDistribution\", \"attributes\": {\"step\": null, \"low\": 0.0001, \"high\": 0.1, \"log\": true}}"}
{"op_code":5,"worker_id":"d8d68e8b-6874-4e3f-892e-cb0538a3fbab-139952901822272","trial_id":5,"param_name":"dropout","param_value_internal":0.11290055057269816,"distribution":"{\"name\": \"FloatDistribution\", \"attributes\": {\"step\": null, \"low\": 0.0, \"high\": 0.5, \"log\": false}}"}
{"op_code":5,"worker_id":"d8d68e8b-6874-4e3f-892e-cb0538a3fbab-139952901822272","trial_id":5,"param_name":"layers","param_value_internal":2,"distribution":"{\"name\": \"CategoricalDistribution\", \"attributes\": {\"choices\": [1, 2, 3]}}"}
{"op_code":5,"worker_id":"d8d68e8b-6874-4e3f-892e-cb0538a3fbab-139952901822272","trial_id":5,"param_name":"nodes","param_value_internal":0,"distribution":"{\"name\": \"CategoricalDistribution\", \"attributes\": {\"choices\": [16, 32, 64]}}"}
{"op_code":6,"worker_id":"d8d68e8b-6874-4e3f-892e-cb0538a3fbab-139952901822272","trial_id":5,"state":1,"values":[0.6314923473347615],"datetime_complete":"2026-03-26T11:44:48.051698"}
{"op_code":4,"worker_id":"d8d68e8b-6874-4e3f-892e-cb0538a3fbab-139952901822272","study_id":0,"datetime_start":"2026-03-26T11:44:48.076854"}
{"op_code":5,"worker_id":"d8d68e8b-6874-4e3f-892e-cb0538a3fbab-139952901822272","trial_id":6,"param_name":"lr","param_value_internal":0.052992235552355015,"distribution":"{\"name\": \"FloatDistribution\", \"attributes\": {\"step\": null, \"low\": 0.0001, \"high\": 0.1, \"log\": true}}"}
{"op_code":5,"worker_id":"d8d68e8b-6874-4e3f-892e-cb0538a3fbab-139952901822272","trial_id":6,"param_name":"dropout","param_value_internal":0.23245866740980475,"distribution":"{\"name\": \"FloatDistribution\", \"attributes\": {\"step\": null, \"low\": 0.0, \"high\": 0.5, \"log\": false}}"}
{"op_code":5,"worker_id":"d8d68e8b-6874-4e3f-892e-cb0538a3fbab-139952901822272","trial_id":6,"param_name":"layers","param_value_internal":1,"distribution":"{\"name\": \"CategoricalDistribution\", \"attributes\": {\"choices\": [1, 2, 3]}}"}
{"op_code":5,"worker_id":"d8d68e8b-6874-4e3f-892e-cb0538a3fbab-139952901822272","trial_id":6,"param_name":"nodes","param_value_internal":1,"distribution":"{\"name\": \"CategoricalDistribution\", \"attributes\": {\"choices\": [16, 32, 64]}}"}
{"op_code":6,"worker_id":"d8d68e8b-6874-4e3f-892e-cb0538a3fbab-139952901822272","trial_id":6,"state":1,"values":[0.6566700816491261],"datetime_complete":"2026-03-26T11:44:49.923196"}
{"op_code":4,"worker_id":"d8d68e8b-6874-4e3f-892e-cb0538a3fbab-139952901822272","study_id":0,"datetime_start":"2026-03-26T11:44:49.942589"}
{"op_code":5,"worker_id":"d8d68e8b-6874-4e3f-892e-cb0538a3fbab-139952901822272","trial_id":7,"param_name":"lr","param_value_internal":0.0017453100772630876,"distribution":"{\"name\": \"FloatDistribution\", \"attributes\": {\"step\": null, \"low\": 0.0001, \"high\": 0.1, \"log\": true}}"}
{"op_code":5,"worker_id":"d8d68e8b-6874-4e3f-892e-cb0538a3fbab-139952901822272","trial_id":7,"param_name":"dropout","param_value_internal":0.3097222704553648,"distribution":"{\"name\": \"FloatDistribution\", \"attributes\": {\"step\": null, \"low\": 0.0, \"high\": 0.5, \"log\": false}}"}
{"op_code":5,"worker_id":"d8d68e8b-6874-4e3f-892e-cb0538a3fbab-139952901822272","trial_id":7,"param_name":"layers","param_value_internal":1,"distribution":"{\"name\": \"CategoricalDistribution\", \"attributes\": {\"choices\": [1, 2, 3]}}"}
{"op_code":5,"worker_id":"d8d68e8b-6874-4e3f-892e-cb0538a3fbab-139952901822272","trial_id":7,"param_name":"nodes","param_value_internal":1,"distribution":"{\"name\": \"CategoricalDistribution\", \"attributes\": {\"choices\": [16, 32, 64]}}"}
{"op_code":6,"worker_id":"d8d68e8b-6874-4e3f-892e-cb0538a3fbab-139952901822272","trial_id":7,"state":1,"values":[0.6512682003042439],"datetime_complete":"2026-03-26T11:44:51.790513"}
{"op_code":4,"worker_id":"d8d68e8b-6874-4e3f-892e-cb0538a3fbab-139952901822272","study_id":0,"datetime_start":"2026-03-26T11:44:51.826163"}
{"op_code":5,"worker_id":"d8d68e8b-6874-4e3f-892e-cb0538a3fbab-139952901822272","trial_id":8,"param_name":"lr","param_value_internal":0.010437919370196195,"distribution":"{\"name\": \"FloatDistribution\", \"attributes\": {\"step\": null, \"low\": 0.0001, \"high\": 0.1, \"log\": true}}"}
{"op_code":5,"worker_id":"d8d68e8b-6874-4e3f-892e-cb0538a3fbab-139952901822272","trial_id":8,"param_name":"dropout","param_value_internal":0.298404831760919,"distribution":"{\"name\": \"FloatDistribution\", \"attributes\": {\"step\": null, \"low\": 0.0, \"high\": 0.5, \"log\": false}}"}
{"op_code":5,"worker_id":"d8d68e8b-6874-4e3f-892e-cb0538a3fbab-139952901822272","trial_id":8,"param_name":"layers","param_value_internal":0,"distribution":"{\"name\": \"CategoricalDistribution\", \"attributes\": {\"choices\": [1, 2, 3]}}"}
{"op_code":5,"worker_id":"d8d68e8b-6874-4e3f-892e-cb0538a3fbab-139952901822272","trial_id":8,"param_name":"nodes","param_value_internal":0,"distribution":"{\"name\": \"CategoricalDistribution\", \"attributes\": {\"choices\": [16, 32, 64]}}"}
{"op_code":6,"worker_id":"d8d68e8b-6874-4e3f-892e-cb0538a3fbab-139952901822272","trial_id":8,"state":1,"values":[0.6663562137158113],"datetime_complete":"2026-03-26T11:44:53.398857"}
{"op_code":4,"worker_id":"d8d68e8b-6874-4e3f-892e-cb0538a3fbab-139952901822272","study_id":0,"datetime_start":"2026-03-26T11:44:53.427313"}
{"op_code":5,"worker_id":"d8d68e8b-6874-4e3f-892e-cb0538a3fbab-139952901822272","trial_id":9,"param_name":"lr","param_value_internal":0.0044844402528005,"distribution":"{\"name\": \"FloatDistribution\", \"attributes\": {\"step\": null, \"low\": 0.0001, \"high\": 0.1, \"log\": true}}"}
{"op_code":5,"worker_id":"d8d68e8b-6874-4e3f-892e-cb0538a3fbab-139952901822272","trial_id":9,"param_name":"dropout","param_value_internal":0.44225537179847635,"distribution":"{\"name\": \"FloatDistribution\", \"attributes\": {\"step\": null, \"low\": 0.0, \"high\": 0.5, \"log\": false}}"}
{"op_code":5,"worker_id":"d8d68e8b-6874-4e3f-892e-cb0538a3fbab-139952901822272","trial_id":9,"param_name":"layers","param_value_internal":1,"distribution":"{\"name\": \"CategoricalDistribution\", \"attributes\": {\"choices\": [1, 2, 3]}}"}
{"op_code":5,"worker_id":"d8d68e8b-6874-4e3f-892e-cb0538a3fbab-139952901822272","trial_id":9,"param_name":"nodes","param_value_internal":1,"distribution":"{\"name\": \"CategoricalDistribution\", \"attributes\": {\"choices\": [16, 32, 64]}}"}
{"op_code":6,"worker_id":"d8d68e8b-6874-4e3f-892e-cb0538a3fbab-139952901822272","trial_id":9,"state":1,"values":[0.6573530781410077],"datetime_complete":"2026-03-26T11:44:55.292429"}
{"op_code":4,"worker_id":"d8d68e8b-6874-4e3f-892e-cb0538a3fbab-139952901822272","study_id":0,"datetime_start":"2026-03-26T11:44:55.316097"}
{"op_code":5,"worker_id":"d8d68e8b-6874-4e3f-892e-cb0538a3fbab-139952901822272","trial_id":10,"param_name":"lr","param_value_internal":0.013931431961804384,"distribution":"{\"name\": \"FloatDistribution\", \"attributes\": {\"step\": null, \"low\": 0.0001, \"high\": 0.1, \"log\": true}}"}
{"op_code":5,"worker_id":"d8d68e8b-6874-4e3f-892e-cb0538a3fbab-139952901822272","trial_id":10,"param_name":"dropout","param_value_internal":0.4998510610878839,"distribution":"{\"name\": \"FloatDistribution\", \"attributes\": {\"step\": null, \"low\": 0.0, \"high\": 0.5, \"log\": false}}"}
{"op_code":5,"worker_id":"d8d68e8b-6874-4e3f-892e-cb0538a3fbab-139952901822272","trial_id":10,"param_name":"layers","param_value_internal":0,"distribution":"{\"name\": \"CategoricalDistribution\", \"attributes\": {\"choices\": [1, 2, 3]}}"}
{"op_code":5,"worker_id":"d8d68e8b-6874-4e3f-892e-cb0538a3fbab-139952901822272","trial_id":10,"param_name":"nodes","param_value_internal":0,"distribution":"{\"name\": \"CategoricalDistribution\", \"attributes\": {\"choices\": [16, 32, 64]}}"}
{"op_code":6,"worker_id":"d8d68e8b-6874-4e3f-892e-cb0538a3fbab-139952901822272","trial_id":10,"state":1,"values":[0.6547452733538233],"datetime_complete":"2026-03-26T11:44:56.864475"}
{"op_code":4,"worker_id":"d8d68e8b-6874-4e3f-892e-cb0538a3fbab-139952901822272","study_id":0,"datetime_start":"2026-03-26T11:44:56.886849"}
{"op_code":5,"worker_id":"d8d68e8b-6874-4e3f-892e-cb0538a3fbab-139952901822272","trial_id":11,"param_name":"lr","param_value_internal":0.016299167925599458,"distribution":"{\"name\": \"FloatDistribution\", \"attributes\": {\"step\": null, \"low\": 0.0001, \"high\": 0.1, \"log\": true}}"}
{"op_code":5,"worker_id":"d8d68e8b-6874-4e3f-892e-cb0538a3fbab-139952901822272","trial_id":11,"param_name":"dropout","param_value_internal":0.02125921361594829,"distribution":"{\"name\": \"FloatDistribution\", \"attributes\": {\"step\": null, \"low\": 0.0, \"high\": 0.5, \"log\": false}}"}
{"op_code":5,"worker_id":"d8d68e8b-6874-4e3f-892e-cb0538a3fbab-139952901822272","trial_id":11,"param_name":"layers","param_value_internal":0,"distribution":"{\"name\": \"CategoricalDistribution\", \"attributes\": {\"choices\": [1, 2, 3]}}"}
{"op_code":5,"worker_id":"d8d68e8b-6874-4e3f-892e-cb0538a3fbab-139952901822272","trial_id":11,"param_name":"nodes","param_value_internal":0,"distribution":"{\"name\": \"CategoricalDistribution\", \"attributes\": {\"choices\": [16, 32, 64]}}"}
{"op_code":6,"worker_id":"d8d68e8b-6874-4e3f-892e-cb0538a3fbab-139952901822272","trial_id":11,"state":1,"values":[0.6621650988792649],"datetime_complete":"2026-03-26T11:44:58.479472"}
{"op_code":4,"worker_id":"d8d68e8b-6874-4e3f-892e-cb0538a3fbab-139952901822272","study_id":0,"datetime_start":"2026-03-26T11:44:58.498129"}
{"op_code":5,"worker_id":"d8d68e8b-6874-4e3f-892e-cb0538a3fbab-139952901822272","trial_id":12,"param_name":"lr","param_value_internal":0.017231888311459675,"distribution":"{\"name\": \"FloatDistribution\", \"attributes\": {\"step\": null, \"low\": 0.0001, \"high\": 0.1, \"log\": true}}"}
{"op_code":5,"worker_id":"d8d68e8b-6874-4e3f-892e-cb0538a3fbab-139952901822272","trial_id":12,"param_name":"dropout","param_value_internal":0.011352384504271937,"distribution":"{\"name\": \"FloatDistribution\", \"attributes\": {\"step\": null, \"low\": 0.0, \"high\": 0.5, \"log\": false}}"}
{"op_code":5,"worker_id":"d8d68e8b-6874-4e3f-892e-cb0538a3fbab-139952901822272","trial_id":12,"param_name":"layers","param_value_internal":0,"distribution":"{\"name\": \"CategoricalDistribution\", \"attributes\": {\"choices\": [1, 2, 3]}}"}
{"op_code":5,"worker_id":"d8d68e8b-6874-4e3f-892e-cb0538a3fbab-139952901822272","trial_id":12,"param_name":"nodes","param_value_internal":0,"distribution":"{\"name\": \"CategoricalDistribution\", \"attributes\": {\"choices\": [16, 32, 64]}}"}
{"op_code":6,"worker_id":"d8d68e8b-6874-4e3f-892e-cb0538a3fbab-139952901822272","trial_id":12,"state":1,"values":[0.6480705349104343],"datetime_complete":"2026-03-26T11:45:00.124826"}
{"op_code":4,"worker_id":"d8d68e8b-6874-4e3f-892e-cb0538a3fbab-139952901822272","study_id":0,"datetime_start":"2026-03-26T11:45:00.147559"}
{"op_code":5,"worker_id":"d8d68e8b-6874-4e3f-892e-cb0538a3fbab-139952901822272","trial_id":13,"param_name":"lr","param_value_internal":0.03572374533461254,"distribution":"{\"name\": \"FloatDistribution\", \"attributes\": {\"step\": null, \"low\": 0.0001, \"high\": 0.1, \"log\": true}}"}
{"op_code":5,"worker_id":"d8d68e8b-6874-4e3f-892e-cb0538a3fbab-139952901822272","trial_id":13,"param_name":"dropout","param_value_internal":0.16367014807895736,"distribution":"{\"name\": \"FloatDistribution\", \"attributes\": {\"step\": null, \"low\": 0.0, \"high\": 0.5, \"log\": false}}"}
{"op_code":5,"worker_id":"d8d68e8b-6874-4e3f-892e-cb0538a3fbab-139952901822272","trial_id":13,"param_name":"layers","param_value_internal":0,"distribution":"{\"name\": \"CategoricalDistribution\", \"attributes\": {\"choices\": [1, 2, 3]}}"}
{"op_code":5,"worker_id":"d8d68e8b-6874-4e3f-892e-cb0538a3fbab-139952901822272","trial_id":13,"param_name":"nodes","param_value_internal":0,"distribution":"{\"name\": \"CategoricalDistribution\", \"attributes\": {\"choices\": [16, 32, 64]}}"}
{"op_code":6,"worker_id":"d8d68e8b-6874-4e3f-892e-cb0538a3fbab-139952901822272","trial_id":13,"state":1,"values":[0.6582223464034026],"datetime_complete":"2026-03-26T11:45:01.749328"}
{"op_code":4,"worker_id":"d8d68e8b-6874-4e3f-892e-cb0538a3fbab-139952901822272","study_id":0,"datetime_start":"2026-03-26T11:45:01.777986"}
{"op_code":5,"worker_id":"d8d68e8b-6874-4e3f-892e-cb0538a3fbab-139952901822272","trial_id":14,"param_name":"lr","param_value_internal":0.008088900184462646,"distribution":"{\"name\": \"FloatDistribution\", \"attributes\": {\"step\": null, \"low\": 0.0001, \"high\": 0.1, \"log\": true}}"}
{"op_code":5,"worker_id":"d8d68e8b-6874-4e3f-892e-cb0538a3fbab-139952901822272","trial_id":14,"param_name":"dropout","param_value_internal":0.30749977090942826,"distribution":"{\"name\": \"FloatDistribution\", \"attributes\": {\"step\": null, \"low\": 0.0, \"high\": 0.5, \"log\": false}}"}
{"op_code":5,"worker_id":"d8d68e8b-6874-4e3f-892e-cb0538a3fbab-139952901822272","trial_id":14,"param_name":"layers","param_value_internal":0,"distribution":"{\"name\": \"CategoricalDistribution\", \"attributes\": {\"choices\": [1, 2, 3]}}"}
{"op_code":5,"worker_id":"d8d68e8b-6874-4e3f-892e-cb0538a3fbab-139952901822272","trial_id":14,"param_name":"nodes","param_value_internal":0,"distribution":"{\"name\": \"CategoricalDistribution\", \"attributes\": {\"choices\": [16, 32, 64]}}"}
{"op_code":6,"worker_id":"d8d68e8b-6874-4e3f-892e-cb0538a3fbab-139952901822272","trial_id":14,"state":1,"values":[0.6655024681009593],"datetime_complete":"2026-03-26T11:45:03.404787"}
{"op_code":4,"worker_id":"d8d68e8b-6874-4e3f-892e-cb0538a3fbab-139952901822272","study_id":0,"datetime_start":"2026-03-26T11:45:03.426337"}
{"op_code":5,"worker_id":"d8d68e8b-6874-4e3f-892e-cb0538a3fbab-139952901822272","trial_id":15,"param_name":"lr","param_value_internal":0.0071012085570413015,"distribution":"{\"name\": \"FloatDistribution\", \"attributes\": {\"step\": null, \"low\": 0.0001, \"high\": 0.1, \"log\": true}}"}
{"op_code":5,"worker_id":"d8d68e8b-6874-4e3f-892e-cb0538a3fbab-139952901822272","trial_id":15,"param_name":"dropout","param_value_internal":0.292035468008899,"distribution":"{\"name\": \"FloatDistribution\", \"attributes\": {\"step\": null, \"low\": 0.0, \"high\": 0.5, \"log\": false}}"}
{"op_code":5,"worker_id":"d8d68e8b-6874-4e3f-892e-cb0538a3fbab-139952901822272","trial_id":15,"param_name":"layers","param_value_internal":0,"distribution":"{\"name\": \"CategoricalDistribution\", \"attributes\": {\"choices\": [1, 2, 3]}}"}
{"op_code":5,"worker_id":"d8d68e8b-6874-4e3f-892e-cb0538a3fbab-139952901822272","trial_id":15,"param_name":"nodes","param_value_internal":0,"distribution":"{\"name\": \"CategoricalDistribution\", \"attributes\": {\"choices\": [16, 32, 64]}}"}
{"op_code":6,"worker_id":"d8d68e8b-6874-4e3f-892e-cb0538a3fbab-139952901822272","trial_id":15,"state":1,"values":[0.6481947160907764],"datetime_complete":"2026-03-26T11:45:05.018145"}
{"op_code":4,"worker_id":"d8d68e8b-6874-4e3f-892e-cb0538a3fbab-139952901822272","study_id":0,"datetime_start":"2026-03-26T11:45:05.035063"}
{"op_code":5,"worker_id":"d8d68e8b-6874-4e3f-892e-cb0538a3fbab-139952901822272","trial_id":16,"param_name":"lr","param_value_internal":0.0004595548601053865,"distribution":"{\"name\": \"FloatDistribution\", \"attributes\": {\"step\": null, \"low\": 0.0001, \"high\": 0.1, \"log\": true}}"}
{"op_code":5,"worker_id":"d8d68e8b-6874-4e3f-892e-cb0538a3fbab-139952901822272","trial_id":16,"param_name":"dropout","param_value_internal":0.39008640037671594,"distribution":"{\"name\": \"FloatDistribution\", \"attributes\": {\"step\": null, \"low\": 0.0, \"high\": 0.5, \"log\": false}}"}
{"op_code":5,"worker_id":"d8d68e8b-6874-4e3f-892e-cb0538a3fbab-139952901822272","trial_id":16,"param_name":"layers","param_value_internal":0,"distribution":"{\"name\": \"CategoricalDistribution\", \"attributes\": {\"choices\": [1, 2, 3]}}"}
{"op_code":5,"worker_id":"d8d68e8b-6874-4e3f-892e-cb0538a3fbab-139952901822272","trial_id":16,"param_name":"nodes","param_value_internal":2,"distribution":"{\"name\": \"CategoricalDistribution\", \"attributes\": {\"choices\": [16, 32, 64]}}"}
{"op_code":6,"worker_id":"d8d68e8b-6874-4e3f-892e-cb0538a3fbab-139952901822272","trial_id":16,"state":1,"values":[0.6228928005960697],"datetime_complete":"2026-03-26T11:45:06.598266"}
{"op_code":4,"worker_id":"d8d68e8b-6874-4e3f-892e-cb0538a3fbab-139952901822272","study_id":0,"datetime_start":"2026-03-26T11:45:06.612041"}
{"op_code":5,"worker_id":"d8d68e8b-6874-4e3f-892e-cb0538a3fbab-139952901822272","trial_id":17,"param_name":"lr","param_value_internal":0.008976453216569405,"distribution":"{\"name\": \"FloatDistribution\", \"attributes\": {\"step\": null, \"low\": 0.0001, \"high\": 0.1, \"log\": true}}"}
{"op_code":5,"worker_id":"d8d68e8b-6874-4e3f-892e-cb0538a3fbab-139952901822272","trial_id":17,"param_name":"dropout","param_value_internal":0.2765813622894493,"distribution":"{\"name\": \"FloatDistribution\", \"attributes\": {\"step\": null, \"low\": 0.0, \"high\": 0.5, \"log\": false}}"}
{"op_code":5,"worker_id":"d8d68e8b-6874-4e3f-892e-cb0538a3fbab-139952901822272","trial_id":17,"param_name":"layers","param_value_internal":2,"distribution":"{\"name\": \"CategoricalDistribution\", \"attributes\": {\"choices\": [1, 2, 3]}}"}
{"op_code":5,"worker_id":"d8d68e8b-6874-4e3f-892e-cb0538a3fbab-139952901822272","trial_id":17,"param_name":"nodes","param_value_internal":0,"distribution":"{\"name\": \"CategoricalDistribution\", \"attributes\": {\"choices\": [16, 32, 64]}}"}
{"op_code":6,"worker_id":"d8d68e8b-6874-4e3f-892e-cb0538a3fbab-139952901822272","trial_id":17,"state":1,"values":[0.6615441929775543],"datetime_complete":"2026-03-26T11:45:08.751357"}
{"op_code":4,"worker_id":"d8d68e8b-6874-4e3f-892e-cb0538a3fbab-139952901822272","study_id":0,"datetime_start":"2026-03-26T11:45:08.764418"}
{"op_code":5,"worker_id":"d8d68e8b-6874-4e3f-892e-cb0538a3fbab-139952901822272","trial_id":18,"param_name":"lr","param_value_internal":0.0007171978984419132,"distribution":"{\"name\": \"FloatDistribution\", \"attributes\": {\"step\": null, \"low\": 0.0001, \"high\": 0.1, \"log\": true}}"}
{"op_code":5,"worker_id":"d8d68e8b-6874-4e3f-892e-cb0538a3fbab-139952901822272","trial_id":18,"param_name":"dropout","param_value_internal":0.191367678589372,"distribution":"{\"name\": \"FloatDistribution\", \"attributes\": {\"step\": null, \"low\": 0.0, \"high\": 0.5, \"log\": false}}"}
{"op_code":5,"worker_id":"d8d68e8b-6874-4e3f-892e-cb0538a3fbab-139952901822272","trial_id":18,"param_name":"layers","param_value_internal":0,"distribution":"{\"name\": \"CategoricalDistribution\", \"attributes\": {\"choices\": [1, 2, 3]}}"}
{"op_code":5,"worker_id":"d8d68e8b-6874-4e3f-892e-cb0538a3fbab-139952901822272","trial_id":18,"param_name":"nodes","param_value_internal":0,"distribution":"{\"name\": \"CategoricalDistribution\", \"attributes\": {\"choices\": [16, 32, 64]}}"}
{"op_code":6,"worker_id":"d8d68e8b-6874-4e3f-892e-cb0538a3fbab-139952901822272","trial_id":18,"state":1,"values":[0.6237620688584645],"datetime_complete":"2026-03-26T11:45:10.309591"}
{"op_code":4,"worker_id":"d8d68e8b-6874-4e3f-892e-cb0538a3fbab-139952901822272","study_id":0,"datetime_start":"2026-03-26T11:45:10.324342"}
{"op_code":5,"worker_id":"d8d68e8b-6874-4e3f-892e-cb0538a3fbab-139952901822272","trial_id":19,"param_name":"lr","param_value_internal":0.0001263221807958885,"distribution":"{\"name\": \"FloatDistribution\", \"attributes\": {\"step\": null, \"low\": 0.0001, \"high\": 0.1, \"log\": true}}"}
{"op_code":5,"worker_id":"d8d68e8b-6874-4e3f-892e-cb0538a3fbab-139952901822272","trial_id":19,"param_name":"dropout","param_value_internal":0.33211591574500643,"distribution":"{\"name\": \"FloatDistribution\", \"attributes\": {\"step\": null, \"low\": 0.0, \"high\": 0.5, \"log\": false}}"}
{"op_code":5,"worker_id":"d8d68e8b-6874-4e3f-892e-cb0538a3fbab-139952901822272","trial_id":19,"param_name":"layers","param_value_internal":0,"distribution":"{\"name\": \"CategoricalDistribution\", \"attributes\": {\"choices\": [1, 2, 3]}}"}
{"op_code":5,"worker_id":"d8d68e8b-6874-4e3f-892e-cb0538a3fbab-139952901822272","trial_id":19,"param_name":"nodes","param_value_internal":2,"distribution":"{\"name\": \"CategoricalDistribution\", \"attributes\": {\"choices\": [16, 32, 64]}}"}
{"op_code":6,"worker_id":"d8d68e8b-6874-4e3f-892e-cb0538a3fbab-139952901822272","trial_id":19,"state":1,"values":[0.5332339883890597],"datetime_complete":"2026-03-26T11:45:11.880425"}
