{"op_code":0,"worker_id":"a44e83ee-e209-454c-b8e8-1c706109229a-140277033953088","study_name":"survtrace_tuning","directions":[2]}
{"op_code":4,"worker_id":"a44e83ee-e209-454c-b8e8-1c706109229a-140277033953088","study_id":0,"datetime_start":"2026-04-01T16:15:13.494132"}
{"op_code":5,"worker_id":"a44e83ee-e209-454c-b8e8-1c706109229a-140277033953088","trial_id":0,"param_name":"learning_rate","param_value_internal":0.0021618182525596336,"distribution":"{\"name\": \"FloatDistribution\", \"attributes\": {\"step\": null, \"low\": 0.0001, \"high\": 0.01, \"log\": true}}"}
{"op_code":5,"worker_id":"a44e83ee-e209-454c-b8e8-1c706109229a-140277033953088","trial_id":0,"param_name":"hidden_size","param_value_internal":2,"distribution":"{\"name\": \"CategoricalDistribution\", \"attributes\": {\"choices\": [8, 16, 32]}}"}
{"op_code":5,"worker_id":"a44e83ee-e209-454c-b8e8-1c706109229a-140277033953088","trial_id":0,"param_name":"num_hidden_layers","param_value_internal":0,"distribution":"{\"name\": \"CategoricalDistribution\", \"attributes\": {\"choices\": [1, 2, 3, 4]}}"}
{"op_code":5,"worker_id":"a44e83ee-e209-454c-b8e8-1c706109229a-140277033953088","trial_id":0,"param_name":"num_attention_heads","param_value_internal":0,"distribution":"{\"name\": \"CategoricalDistribution\", \"attributes\": {\"choices\": [2, 4, 8]}}"}
{"op_code":5,"worker_id":"a44e83ee-e209-454c-b8e8-1c706109229a-140277033953088","trial_id":0,"param_name":"intermediate_size","param_value_internal":1,"distribution":"{\"name\": \"CategoricalDistribution\", \"attributes\": {\"choices\": [32, 64, 128]}}"}
{"op_code":6,"worker_id":"a44e83ee-e209-454c-b8e8-1c706109229a-140277033953088","trial_id":0,"state":1,"values":[0.897221963992439],"datetime_complete":"2026-04-01T16:15:45.080318"}
{"op_code":4,"worker_id":"a44e83ee-e209-454c-b8e8-1c706109229a-140277033953088","study_id":0,"datetime_start":"2026-04-01T16:15:45.094623"}
{"op_code":5,"worker_id":"a44e83ee-e209-454c-b8e8-1c706109229a-140277033953088","trial_id":1,"param_name":"learning_rate","param_value_internal":0.0012114185224793923,"distribution":"{\"name\": \"FloatDistribution\", \"attributes\": {\"step\": null, \"low\": 0.0001, \"high\": 0.01, \"log\": true}}"}
{"op_code":5,"worker_id":"a44e83ee-e209-454c-b8e8-1c706109229a-140277033953088","trial_id":1,"param_name":"hidden_size","param_value_internal":1,"distribution":"{\"name\": \"CategoricalDistribution\", \"attributes\": {\"choices\": [8, 16, 32]}}"}
{"op_code":5,"worker_id":"a44e83ee-e209-454c-b8e8-1c706109229a-140277033953088","trial_id":1,"param_name":"num_hidden_layers","param_value_internal":0,"distribution":"{\"name\": \"CategoricalDistribution\", \"attributes\": {\"choices\": [1, 2, 3, 4]}}"}
{"op_code":5,"worker_id":"a44e83ee-e209-454c-b8e8-1c706109229a-140277033953088","trial_id":1,"param_name":"num_attention_heads","param_value_internal":0,"distribution":"{\"name\": \"CategoricalDistribution\", \"attributes\": {\"choices\": [2, 4, 8]}}"}
{"op_code":5,"worker_id":"a44e83ee-e209-454c-b8e8-1c706109229a-140277033953088","trial_id":1,"param_name":"intermediate_size","param_value_internal":0,"distribution":"{\"name\": \"CategoricalDistribution\", \"attributes\": {\"choices\": [32, 64, 128]}}"}
{"op_code":6,"worker_id":"a44e83ee-e209-454c-b8e8-1c706109229a-140277033953088","trial_id":1,"state":1,"values":[0.9009094852963961],"datetime_complete":"2026-04-01T16:16:17.332912"}
{"op_code":4,"worker_id":"a44e83ee-e209-454c-b8e8-1c706109229a-140277033953088","study_id":0,"datetime_start":"2026-04-01T16:16:17.345708"}
{"op_code":5,"worker_id":"a44e83ee-e209-454c-b8e8-1c706109229a-140277033953088","trial_id":2,"param_name":"learning_rate","param_value_internal":0.00014644072374904202,"distribution":"{\"name\": \"FloatDistribution\", \"attributes\": {\"step\": null, \"low\": 0.0001, \"high\": 0.01, \"log\": true}}"}
{"op_code":5,"worker_id":"a44e83ee-e209-454c-b8e8-1c706109229a-140277033953088","trial_id":2,"param_name":"hidden_size","param_value_internal":2,"distribution":"{\"name\": \"CategoricalDistribution\", \"attributes\": {\"choices\": [8, 16, 32]}}"}
{"op_code":5,"worker_id":"a44e83ee-e209-454c-b8e8-1c706109229a-140277033953088","trial_id":2,"param_name":"num_hidden_layers","param_value_internal":1,"distribution":"{\"name\": \"CategoricalDistribution\", \"attributes\": {\"choices\": [1, 2, 3, 4]}}"}
{"op_code":5,"worker_id":"a44e83ee-e209-454c-b8e8-1c706109229a-140277033953088","trial_id":2,"param_name":"num_attention_heads","param_value_internal":0,"distribution":"{\"name\": \"CategoricalDistribution\", \"attributes\": {\"choices\": [2, 4, 8]}}"}
{"op_code":5,"worker_id":"a44e83ee-e209-454c-b8e8-1c706109229a-140277033953088","trial_id":2,"param_name":"intermediate_size","param_value_internal":2,"distribution":"{\"name\": \"CategoricalDistribution\", \"attributes\": {\"choices\": [32, 64, 128]}}"}
{"op_code":6,"worker_id":"a44e83ee-e209-454c-b8e8-1c706109229a-140277033953088","trial_id":2,"state":1,"values":[0.9010024480183446],"datetime_complete":"2026-04-01T16:17:01.596884"}
{"op_code":4,"worker_id":"a44e83ee-e209-454c-b8e8-1c706109229a-140277033953088","study_id":0,"datetime_start":"2026-04-01T16:17:01.612941"}
{"op_code":5,"worker_id":"a44e83ee-e209-454c-b8e8-1c706109229a-140277033953088","trial_id":3,"param_name":"learning_rate","param_value_internal":0.003873341539589011,"distribution":"{\"name\": \"FloatDistribution\", \"attributes\": {\"step\": null, \"low\": 0.0001, \"high\": 0.01, \"log\": true}}"}
{"op_code":5,"worker_id":"a44e83ee-e209-454c-b8e8-1c706109229a-140277033953088","trial_id":3,"param_name":"hidden_size","param_value_internal":1,"distribution":"{\"name\": \"CategoricalDistribution\", \"attributes\": {\"choices\": [8, 16, 32]}}"}
{"op_code":5,"worker_id":"a44e83ee-e209-454c-b8e8-1c706109229a-140277033953088","trial_id":3,"param_name":"num_hidden_layers","param_value_internal":3,"distribution":"{\"name\": \"CategoricalDistribution\", \"attributes\": {\"choices\": [1, 2, 3, 4]}}"}
{"op_code":5,"worker_id":"a44e83ee-e209-454c-b8e8-1c706109229a-140277033953088","trial_id":3,"param_name":"num_attention_heads","param_value_internal":2,"distribution":"{\"name\": \"CategoricalDistribution\", \"attributes\": {\"choices\": [2, 4, 8]}}"}
{"op_code":5,"worker_id":"a44e83ee-e209-454c-b8e8-1c706109229a-140277033953088","trial_id":3,"param_name":"intermediate_size","param_value_internal":0,"distribution":"{\"name\": \"CategoricalDistribution\", \"attributes\": {\"choices\": [32, 64, 128]}}"}
{"op_code":6,"worker_id":"a44e83ee-e209-454c-b8e8-1c706109229a-140277033953088","trial_id":3,"state":1,"values":[0.901684174645967],"datetime_complete":"2026-04-01T16:17:52.577254"}
{"op_code":4,"worker_id":"a44e83ee-e209-454c-b8e8-1c706109229a-140277033953088","study_id":0,"datetime_start":"2026-04-01T16:17:52.606894"}
{"op_code":5,"worker_id":"a44e83ee-e209-454c-b8e8-1c706109229a-140277033953088","trial_id":4,"param_name":"learning_rate","param_value_internal":0.0005314921176857263,"distribution":"{\"name\": \"FloatDistribution\", \"attributes\": {\"step\": null, \"low\": 0.0001, \"high\": 0.01, \"log\": true}}"}
{"op_code":5,"worker_id":"a44e83ee-e209-454c-b8e8-1c706109229a-140277033953088","trial_id":4,"param_name":"hidden_size","param_value_internal":0,"distribution":"{\"name\": \"CategoricalDistribution\", \"attributes\": {\"choices\": [8, 16, 32]}}"}
{"op_code":5,"worker_id":"a44e83ee-e209-454c-b8e8-1c706109229a-140277033953088","trial_id":4,"param_name":"num_hidden_layers","param_value_internal":2,"distribution":"{\"name\": \"CategoricalDistribution\", \"attributes\": {\"choices\": [1, 2, 3, 4]}}"}
{"op_code":5,"worker_id":"a44e83ee-e209-454c-b8e8-1c706109229a-140277033953088","trial_id":4,"param_name":"num_attention_heads","param_value_internal":1,"distribution":"{\"name\": \"CategoricalDistribution\", \"attributes\": {\"choices\": [2, 4, 8]}}"}
{"op_code":5,"worker_id":"a44e83ee-e209-454c-b8e8-1c706109229a-140277033953088","trial_id":4,"param_name":"intermediate_size","param_value_internal":0,"distribution":"{\"name\": \"CategoricalDistribution\", \"attributes\": {\"choices\": [32, 64, 128]}}"}
{"op_code":6,"worker_id":"a44e83ee-e209-454c-b8e8-1c706109229a-140277033953088","trial_id":4,"state":1,"values":[0.9023039261256236],"datetime_complete":"2026-04-01T16:18:49.747698"}
{"op_code":4,"worker_id":"a44e83ee-e209-454c-b8e8-1c706109229a-140277033953088","study_id":0,"datetime_start":"2026-04-01T16:18:49.763966"}
{"op_code":5,"worker_id":"a44e83ee-e209-454c-b8e8-1c706109229a-140277033953088","trial_id":5,"param_name":"learning_rate","param_value_internal":0.0001440858149475797,"distribution":"{\"name\": \"FloatDistribution\", \"attributes\": {\"step\": null, \"low\": 0.0001, \"high\": 0.01, \"log\": true}}"}
{"op_code":5,"worker_id":"a44e83ee-e209-454c-b8e8-1c706109229a-140277033953088","trial_id":5,"param_name":"hidden_size","param_value_internal":0,"distribution":"{\"name\": \"CategoricalDistribution\", \"attributes\": {\"choices\": [8, 16, 32]}}"}
{"op_code":5,"worker_id":"a44e83ee-e209-454c-b8e8-1c706109229a-140277033953088","trial_id":5,"param_name":"num_hidden_layers","param_value_internal":1,"distribution":"{\"name\": \"CategoricalDistribution\", \"attributes\": {\"choices\": [1, 2, 3, 4]}}"}
{"op_code":5,"worker_id":"a44e83ee-e209-454c-b8e8-1c706109229a-140277033953088","trial_id":5,"param_name":"num_attention_heads","param_value_internal":2,"distribution":"{\"name\": \"CategoricalDistribution\", \"attributes\": {\"choices\": [2, 4, 8]}}"}
{"op_code":5,"worker_id":"a44e83ee-e209-454c-b8e8-1c706109229a-140277033953088","trial_id":5,"param_name":"intermediate_size","param_value_internal":0,"distribution":"{\"name\": \"CategoricalDistribution\", \"attributes\": {\"choices\": [32, 64, 128]}}"}
{"op_code":6,"worker_id":"a44e83ee-e209-454c-b8e8-1c706109229a-140277033953088","trial_id":5,"state":1,"values":[0.904922376127173],"datetime_complete":"2026-04-01T16:19:33.985378"}
{"op_code":4,"worker_id":"a44e83ee-e209-454c-b8e8-1c706109229a-140277033953088","study_id":0,"datetime_start":"2026-04-01T16:19:34.003927"}
{"op_code":5,"worker_id":"a44e83ee-e209-454c-b8e8-1c706109229a-140277033953088","trial_id":6,"param_name":"learning_rate","param_value_internal":0.00031676035289180987,"distribution":"{\"name\": \"FloatDistribution\", \"attributes\": {\"step\": null, \"low\": 0.0001, \"high\": 0.01, \"log\": true}}"}
{"op_code":5,"worker_id":"a44e83ee-e209-454c-b8e8-1c706109229a-140277033953088","trial_id":6,"param_name":"hidden_size","param_value_internal":1,"distribution":"{\"name\": \"CategoricalDistribution\", \"attributes\": {\"choices\": [8, 16, 32]}}"}
{"op_code":5,"worker_id":"a44e83ee-e209-454c-b8e8-1c706109229a-140277033953088","trial_id":6,"param_name":"num_hidden_layers","param_value_internal":1,"distribution":"{\"name\": \"CategoricalDistribution\", \"attributes\": {\"choices\": [1, 2, 3, 4]}}"}
{"op_code":5,"worker_id":"a44e83ee-e209-454c-b8e8-1c706109229a-140277033953088","trial_id":6,"param_name":"num_attention_heads","param_value_internal":1,"distribution":"{\"name\": \"CategoricalDistribution\", \"attributes\": {\"choices\": [2, 4, 8]}}"}
{"op_code":5,"worker_id":"a44e83ee-e209-454c-b8e8-1c706109229a-140277033953088","trial_id":6,"param_name":"intermediate_size","param_value_internal":2,"distribution":"{\"name\": \"CategoricalDistribution\", \"attributes\": {\"choices\": [32, 64, 128]}}"}
{"op_code":6,"worker_id":"a44e83ee-e209-454c-b8e8-1c706109229a-140277033953088","trial_id":6,"state":1,"values":[0.8999953518639026],"datetime_complete":"2026-04-01T16:20:18.901343"}
{"op_code":4,"worker_id":"a44e83ee-e209-454c-b8e8-1c706109229a-140277033953088","study_id":0,"datetime_start":"2026-04-01T16:20:18.916158"}
{"op_code":5,"worker_id":"a44e83ee-e209-454c-b8e8-1c706109229a-140277033953088","trial_id":7,"param_name":"learning_rate","param_value_internal":0.002620647037207889,"distribution":"{\"name\": \"FloatDistribution\", \"attributes\": {\"step\": null, \"low\": 0.0001, \"high\": 0.01, \"log\": true}}"}
{"op_code":5,"worker_id":"a44e83ee-e209-454c-b8e8-1c706109229a-140277033953088","trial_id":7,"param_name":"hidden_size","param_value_internal":0,"distribution":"{\"name\": \"CategoricalDistribution\", \"attributes\": {\"choices\": [8, 16, 32]}}"}
{"op_code":5,"worker_id":"a44e83ee-e209-454c-b8e8-1c706109229a-140277033953088","trial_id":7,"param_name":"num_hidden_layers","param_value_internal":2,"distribution":"{\"name\": \"CategoricalDistribution\", \"attributes\": {\"choices\": [1, 2, 3, 4]}}"}
{"op_code":5,"worker_id":"a44e83ee-e209-454c-b8e8-1c706109229a-140277033953088","trial_id":7,"param_name":"num_attention_heads","param_value_internal":1,"distribution":"{\"name\": \"CategoricalDistribution\", \"attributes\": {\"choices\": [2, 4, 8]}}"}
{"op_code":5,"worker_id":"a44e83ee-e209-454c-b8e8-1c706109229a-140277033953088","trial_id":7,"param_name":"intermediate_size","param_value_internal":0,"distribution":"{\"name\": \"CategoricalDistribution\", \"attributes\": {\"choices\": [32, 64, 128]}}"}
{"op_code":6,"worker_id":"a44e83ee-e209-454c-b8e8-1c706109229a-140277033953088","trial_id":7,"state":1,"values":[0.9012193610362245],"datetime_complete":"2026-04-01T16:21:09.775209"}
{"op_code":4,"worker_id":"a44e83ee-e209-454c-b8e8-1c706109229a-140277033953088","study_id":0,"datetime_start":"2026-04-01T16:21:09.798645"}
{"op_code":5,"worker_id":"a44e83ee-e209-454c-b8e8-1c706109229a-140277033953088","trial_id":8,"param_name":"learning_rate","param_value_internal":0.004153255364453841,"distribution":"{\"name\": \"FloatDistribution\", \"attributes\": {\"step\": null, \"low\": 0.0001, \"high\": 0.01, \"log\": true}}"}
{"op_code":5,"worker_id":"a44e83ee-e209-454c-b8e8-1c706109229a-140277033953088","trial_id":8,"param_name":"hidden_size","param_value_internal":1,"distribution":"{\"name\": \"CategoricalDistribution\", \"attributes\": {\"choices\": [8, 16, 32]}}"}
{"op_code":5,"worker_id":"a44e83ee-e209-454c-b8e8-1c706109229a-140277033953088","trial_id":8,"param_name":"num_hidden_layers","param_value_internal":0,"distribution":"{\"name\": \"CategoricalDistribution\", \"attributes\": {\"choices\": [1, 2, 3, 4]}}"}
{"op_code":5,"worker_id":"a44e83ee-e209-454c-b8e8-1c706109229a-140277033953088","trial_id":8,"param_name":"num_attention_heads","param_value_internal":0,"distribution":"{\"name\": \"CategoricalDistribution\", \"attributes\": {\"choices\": [2, 4, 8]}}"}
{"op_code":5,"worker_id":"a44e83ee-e209-454c-b8e8-1c706109229a-140277033953088","trial_id":8,"param_name":"intermediate_size","param_value_internal":2,"distribution":"{\"name\": \"CategoricalDistribution\", \"attributes\": {\"choices\": [32, 64, 128]}}"}
{"op_code":6,"worker_id":"a44e83ee-e209-454c-b8e8-1c706109229a-140277033953088","trial_id":8,"state":1,"values":[0.8999953518639026],"datetime_complete":"2026-04-01T16:21:42.088186"}
{"op_code":4,"worker_id":"a44e83ee-e209-454c-b8e8-1c706109229a-140277033953088","study_id":0,"datetime_start":"2026-04-01T16:21:42.108129"}
{"op_code":5,"worker_id":"a44e83ee-e209-454c-b8e8-1c706109229a-140277033953088","trial_id":9,"param_name":"learning_rate","param_value_internal":0.000271668145838157,"distribution":"{\"name\": \"FloatDistribution\", \"attributes\": {\"step\": null, \"low\": 0.0001, \"high\": 0.01, \"log\": true}}"}
{"op_code":5,"worker_id":"a44e83ee-e209-454c-b8e8-1c706109229a-140277033953088","trial_id":9,"param_name":"hidden_size","param_value_internal":1,"distribution":"{\"name\": \"CategoricalDistribution\", \"attributes\": {\"choices\": [8, 16, 32]}}"}
{"op_code":5,"worker_id":"a44e83ee-e209-454c-b8e8-1c706109229a-140277033953088","trial_id":9,"param_name":"num_hidden_layers","param_value_internal":2,"distribution":"{\"name\": \"CategoricalDistribution\", \"attributes\": {\"choices\": [1, 2, 3, 4]}}"}
{"op_code":5,"worker_id":"a44e83ee-e209-454c-b8e8-1c706109229a-140277033953088","trial_id":9,"param_name":"num_attention_heads","param_value_internal":2,"distribution":"{\"name\": \"CategoricalDistribution\", \"attributes\": {\"choices\": [2, 4, 8]}}"}
{"op_code":5,"worker_id":"a44e83ee-e209-454c-b8e8-1c706109229a-140277033953088","trial_id":9,"param_name":"intermediate_size","param_value_internal":0,"distribution":"{\"name\": \"CategoricalDistribution\", \"attributes\": {\"choices\": [32, 64, 128]}}"}
{"op_code":6,"worker_id":"a44e83ee-e209-454c-b8e8-1c706109229a-140277033953088","trial_id":9,"state":1,"values":[0.9010024480183446],"datetime_complete":"2026-04-01T16:22:38.889743"}
{"op_code":4,"worker_id":"a44e83ee-e209-454c-b8e8-1c706109229a-140277033953088","study_id":0,"datetime_start":"2026-04-01T16:22:38.911835"}
{"op_code":5,"worker_id":"a44e83ee-e209-454c-b8e8-1c706109229a-140277033953088","trial_id":10,"param_name":"learning_rate","param_value_internal":0.00010654819379124599,"distribution":"{\"name\": \"FloatDistribution\", \"attributes\": {\"step\": null, \"low\": 0.0001, \"high\": 0.01, \"log\": true}}"}
{"op_code":5,"worker_id":"a44e83ee-e209-454c-b8e8-1c706109229a-140277033953088","trial_id":10,"param_name":"hidden_size","param_value_internal":0,"distribution":"{\"name\": \"CategoricalDistribution\", \"attributes\": {\"choices\": [8, 16, 32]}}"}
{"op_code":5,"worker_id":"a44e83ee-e209-454c-b8e8-1c706109229a-140277033953088","trial_id":10,"param_name":"num_hidden_layers","param_value_internal":1,"distribution":"{\"name\": \"CategoricalDistribution\", \"attributes\": {\"choices\": [1, 2, 3, 4]}}"}
{"op_code":5,"worker_id":"a44e83ee-e209-454c-b8e8-1c706109229a-140277033953088","trial_id":10,"param_name":"num_attention_heads","param_value_internal":2,"distribution":"{\"name\": \"CategoricalDistribution\", \"attributes\": {\"choices\": [2, 4, 8]}}"}
{"op_code":5,"worker_id":"a44e83ee-e209-454c-b8e8-1c706109229a-140277033953088","trial_id":10,"param_name":"intermediate_size","param_value_internal":1,"distribution":"{\"name\": \"CategoricalDistribution\", \"attributes\": {\"choices\": [32, 64, 128]}}"}
{"op_code":6,"worker_id":"a44e83ee-e209-454c-b8e8-1c706109229a-140277033953088","trial_id":10,"state":1,"values":[0.9011883734622417],"datetime_complete":"2026-04-01T16:23:23.955300"}
{"op_code":4,"worker_id":"a44e83ee-e209-454c-b8e8-1c706109229a-140277033953088","study_id":0,"datetime_start":"2026-04-01T16:23:23.972239"}
{"op_code":5,"worker_id":"a44e83ee-e209-454c-b8e8-1c706109229a-140277033953088","trial_id":11,"param_name":"learning_rate","param_value_internal":0.000507595388113076,"distribution":"{\"name\": \"FloatDistribution\", \"attributes\": {\"step\": null, \"low\": 0.0001, \"high\": 0.01, \"log\": true}}"}
{"op_code":5,"worker_id":"a44e83ee-e209-454c-b8e8-1c706109229a-140277033953088","trial_id":11,"param_name":"hidden_size","param_value_internal":0,"distribution":"{\"name\": \"CategoricalDistribution\", \"attributes\": {\"choices\": [8, 16, 32]}}"}
{"op_code":5,"worker_id":"a44e83ee-e209-454c-b8e8-1c706109229a-140277033953088","trial_id":11,"param_name":"num_hidden_layers","param_value_internal":2,"distribution":"{\"name\": \"CategoricalDistribution\", \"attributes\": {\"choices\": [1, 2, 3, 4]}}"}
{"op_code":5,"worker_id":"a44e83ee-e209-454c-b8e8-1c706109229a-140277033953088","trial_id":11,"param_name":"num_attention_heads","param_value_internal":1,"distribution":"{\"name\": \"CategoricalDistribution\", \"attributes\": {\"choices\": [2, 4, 8]}}"}
{"op_code":5,"worker_id":"a44e83ee-e209-454c-b8e8-1c706109229a-140277033953088","trial_id":11,"param_name":"intermediate_size","param_value_internal":0,"distribution":"{\"name\": \"CategoricalDistribution\", \"attributes\": {\"choices\": [32, 64, 128]}}"}
{"op_code":6,"worker_id":"a44e83ee-e209-454c-b8e8-1c706109229a-140277033953088","trial_id":11,"state":1,"values":[0.8983839980167952],"datetime_complete":"2026-04-01T16:24:20.484678"}
{"op_code":4,"worker_id":"a44e83ee-e209-454c-b8e8-1c706109229a-140277033953088","study_id":0,"datetime_start":"2026-04-01T16:24:20.505611"}
{"op_code":5,"worker_id":"a44e83ee-e209-454c-b8e8-1c706109229a-140277033953088","trial_id":12,"param_name":"learning_rate","param_value_internal":0.000716696749922938,"distribution":"{\"name\": \"FloatDistribution\", \"attributes\": {\"step\": null, \"low\": 0.0001, \"high\": 0.01, \"log\": true}}"}
{"op_code":5,"worker_id":"a44e83ee-e209-454c-b8e8-1c706109229a-140277033953088","trial_id":12,"param_name":"hidden_size","param_value_internal":0,"distribution":"{\"name\": \"CategoricalDistribution\", \"attributes\": {\"choices\": [8, 16, 32]}}"}
{"op_code":5,"worker_id":"a44e83ee-e209-454c-b8e8-1c706109229a-140277033953088","trial_id":12,"param_name":"num_hidden_layers","param_value_internal":3,"distribution":"{\"name\": \"CategoricalDistribution\", \"attributes\": {\"choices\": [1, 2, 3, 4]}}"}
{"op_code":5,"worker_id":"a44e83ee-e209-454c-b8e8-1c706109229a-140277033953088","trial_id":12,"param_name":"num_attention_heads","param_value_internal":2,"distribution":"{\"name\": \"CategoricalDistribution\", \"attributes\": {\"choices\": [2, 4, 8]}}"}
{"op_code":5,"worker_id":"a44e83ee-e209-454c-b8e8-1c706109229a-140277033953088","trial_id":12,"param_name":"intermediate_size","param_value_internal":0,"distribution":"{\"name\": \"CategoricalDistribution\", \"attributes\": {\"choices\": [32, 64, 128]}}"}
{"op_code":6,"worker_id":"a44e83ee-e209-454c-b8e8-1c706109229a-140277033953088","trial_id":12,"state":1,"values":[0.9023039261256236],"datetime_complete":"2026-04-01T16:25:27.211619"}
{"op_code":4,"worker_id":"a44e83ee-e209-454c-b8e8-1c706109229a-140277033953088","study_id":0,"datetime_start":"2026-04-01T16:25:27.233140"}
{"op_code":5,"worker_id":"a44e83ee-e209-454c-b8e8-1c706109229a-140277033953088","trial_id":13,"param_name":"learning_rate","param_value_internal":0.00022287687817287461,"distribution":"{\"name\": \"FloatDistribution\", \"attributes\": {\"step\": null, \"low\": 0.0001, \"high\": 0.01, \"log\": true}}"}
{"op_code":5,"worker_id":"a44e83ee-e209-454c-b8e8-1c706109229a-140277033953088","trial_id":13,"param_name":"hidden_size","param_value_internal":0,"distribution":"{\"name\": \"CategoricalDistribution\", \"attributes\": {\"choices\": [8, 16, 32]}}"}
{"op_code":5,"worker_id":"a44e83ee-e209-454c-b8e8-1c706109229a-140277033953088","trial_id":13,"param_name":"num_hidden_layers","param_value_internal":2,"distribution":"{\"name\": \"CategoricalDistribution\", \"attributes\": {\"choices\": [1, 2, 3, 4]}}"}
{"op_code":5,"worker_id":"a44e83ee-e209-454c-b8e8-1c706109229a-140277033953088","trial_id":13,"param_name":"num_attention_heads","param_value_internal":1,"distribution":"{\"name\": \"CategoricalDistribution\", \"attributes\": {\"choices\": [2, 4, 8]}}"}
{"op_code":5,"worker_id":"a44e83ee-e209-454c-b8e8-1c706109229a-140277033953088","trial_id":13,"param_name":"intermediate_size","param_value_internal":0,"distribution":"{\"name\": \"CategoricalDistribution\", \"attributes\": {\"choices\": [32, 64, 128]}}"}
{"op_code":6,"worker_id":"a44e83ee-e209-454c-b8e8-1c706109229a-140277033953088","trial_id":13,"state":1,"values":[0.9032490471321001],"datetime_complete":"2026-04-01T16:26:24.034274"}
{"op_code":4,"worker_id":"a44e83ee-e209-454c-b8e8-1c706109229a-140277033953088","study_id":0,"datetime_start":"2026-04-01T16:26:24.061608"}
{"op_code":5,"worker_id":"a44e83ee-e209-454c-b8e8-1c706109229a-140277033953088","trial_id":14,"param_name":"learning_rate","param_value_internal":0.00021245497180096934,"distribution":"{\"name\": \"FloatDistribution\", \"attributes\": {\"step\": null, \"low\": 0.0001, \"high\": 0.01, \"log\": true}}"}
{"op_code":5,"worker_id":"a44e83ee-e209-454c-b8e8-1c706109229a-140277033953088","trial_id":14,"param_name":"hidden_size","param_value_internal":0,"distribution":"{\"name\": \"CategoricalDistribution\", \"attributes\": {\"choices\": [8, 16, 32]}}"}
{"op_code":5,"worker_id":"a44e83ee-e209-454c-b8e8-1c706109229a-140277033953088","trial_id":14,"param_name":"num_hidden_layers","param_value_internal":1,"distribution":"{\"name\": \"CategoricalDistribution\", \"attributes\": {\"choices\": [1, 2, 3, 4]}}"}
{"op_code":5,"worker_id":"a44e83ee-e209-454c-b8e8-1c706109229a-140277033953088","trial_id":14,"param_name":"num_attention_heads","param_value_internal":2,"distribution":"{\"name\": \"CategoricalDistribution\", \"attributes\": {\"choices\": [2, 4, 8]}}"}
{"op_code":5,"worker_id":"a44e83ee-e209-454c-b8e8-1c706109229a-140277033953088","trial_id":14,"param_name":"intermediate_size","param_value_internal":0,"distribution":"{\"name\": \"CategoricalDistribution\", \"attributes\": {\"choices\": [32, 64, 128]}}"}
{"op_code":6,"worker_id":"a44e83ee-e209-454c-b8e8-1c706109229a-140277033953088","trial_id":14,"state":1,"values":[0.9021489882557094],"datetime_complete":"2026-04-01T16:27:08.900639"}
{"op_code":4,"worker_id":"a44e83ee-e209-454c-b8e8-1c706109229a-140277033953088","study_id":0,"datetime_start":"2026-04-01T16:27:08.926488"}
{"op_code":5,"worker_id":"a44e83ee-e209-454c-b8e8-1c706109229a-140277033953088","trial_id":15,"param_name":"learning_rate","param_value_internal":0.008290114850024786,"distribution":"{\"name\": \"FloatDistribution\", \"attributes\": {\"step\": null, \"low\": 0.0001, \"high\": 0.01, \"log\": true}}"}
{"op_code":5,"worker_id":"a44e83ee-e209-454c-b8e8-1c706109229a-140277033953088","trial_id":15,"param_name":"hidden_size","param_value_internal":0,"distribution":"{\"name\": \"CategoricalDistribution\", \"attributes\": {\"choices\": [8, 16, 32]}}"}
{"op_code":5,"worker_id":"a44e83ee-e209-454c-b8e8-1c706109229a-140277033953088","trial_id":15,"param_name":"num_hidden_layers","param_value_internal":2,"distribution":"{\"name\": \"CategoricalDistribution\", \"attributes\": {\"choices\": [1, 2, 3, 4]}}"}
{"op_code":5,"worker_id":"a44e83ee-e209-454c-b8e8-1c706109229a-140277033953088","trial_id":15,"param_name":"num_attention_heads","param_value_internal":1,"distribution":"{\"name\": \"CategoricalDistribution\", \"attributes\": {\"choices\": [2, 4, 8]}}"}
{"op_code":5,"worker_id":"a44e83ee-e209-454c-b8e8-1c706109229a-140277033953088","trial_id":15,"param_name":"intermediate_size","param_value_internal":1,"distribution":"{\"name\": \"CategoricalDistribution\", \"attributes\": {\"choices\": [32, 64, 128]}}"}
{"op_code":6,"worker_id":"a44e83ee-e209-454c-b8e8-1c706109229a-140277033953088","trial_id":15,"state":1,"values":[0.8970050509745592],"datetime_complete":"2026-04-01T16:27:59.483925"}
{"op_code":4,"worker_id":"a44e83ee-e209-454c-b8e8-1c706109229a-140277033953088","study_id":0,"datetime_start":"2026-04-01T16:27:59.495371"}
{"op_code":5,"worker_id":"a44e83ee-e209-454c-b8e8-1c706109229a-140277033953088","trial_id":16,"param_name":"learning_rate","param_value_internal":0.00010262147495682832,"distribution":"{\"name\": \"FloatDistribution\", \"attributes\": {\"step\": null, \"low\": 0.0001, \"high\": 0.01, \"log\": true}}"}
{"op_code":5,"worker_id":"a44e83ee-e209-454c-b8e8-1c706109229a-140277033953088","trial_id":16,"param_name":"hidden_size","param_value_internal":2,"distribution":"{\"name\": \"CategoricalDistribution\", \"attributes\": {\"choices\": [8, 16, 32]}}"}
{"op_code":5,"worker_id":"a44e83ee-e209-454c-b8e8-1c706109229a-140277033953088","trial_id":16,"param_name":"num_hidden_layers","param_value_internal":1,"distribution":"{\"name\": \"CategoricalDistribution\", \"attributes\": {\"choices\": [1, 2, 3, 4]}}"}
{"op_code":5,"worker_id":"a44e83ee-e209-454c-b8e8-1c706109229a-140277033953088","trial_id":16,"param_name":"num_attention_heads","param_value_internal":2,"distribution":"{\"name\": \"CategoricalDistribution\", \"attributes\": {\"choices\": [2, 4, 8]}}"}
{"op_code":5,"worker_id":"a44e83ee-e209-454c-b8e8-1c706109229a-140277033953088","trial_id":16,"param_name":"intermediate_size","param_value_internal":0,"distribution":"{\"name\": \"CategoricalDistribution\", \"attributes\": {\"choices\": [32, 64, 128]}}"}
{"op_code":6,"worker_id":"a44e83ee-e209-454c-b8e8-1c706109229a-140277033953088","trial_id":16,"state":1,"values":[0.8994065879582287],"datetime_complete":"2026-04-01T16:28:30.874750"}
{"op_code":4,"worker_id":"a44e83ee-e209-454c-b8e8-1c706109229a-140277033953088","study_id":0,"datetime_start":"2026-04-01T16:28:30.894778"}
{"op_code":5,"worker_id":"a44e83ee-e209-454c-b8e8-1c706109229a-140277033953088","trial_id":17,"param_name":"learning_rate","param_value_internal":0.00019166100380025233,"distribution":"{\"name\": \"FloatDistribution\", \"attributes\": {\"step\": null, \"low\": 0.0001, \"high\": 0.01, \"log\": true}}"}
{"op_code":5,"worker_id":"a44e83ee-e209-454c-b8e8-1c706109229a-140277033953088","trial_id":17,"param_name":"hidden_size","param_value_internal":0,"distribution":"{\"name\": \"CategoricalDistribution\", \"attributes\": {\"choices\": [8, 16, 32]}}"}
{"op_code":5,"worker_id":"a44e83ee-e209-454c-b8e8-1c706109229a-140277033953088","trial_id":17,"param_name":"num_hidden_layers","param_value_internal":3,"distribution":"{\"name\": \"CategoricalDistribution\", \"attributes\": {\"choices\": [1, 2, 3, 4]}}"}
{"op_code":5,"worker_id":"a44e83ee-e209-454c-b8e8-1c706109229a-140277033953088","trial_id":17,"param_name":"num_attention_heads","param_value_internal":1,"distribution":"{\"name\": \"CategoricalDistribution\", \"attributes\": {\"choices\": [2, 4, 8]}}"}
{"op_code":5,"worker_id":"a44e83ee-e209-454c-b8e8-1c706109229a-140277033953088","trial_id":17,"param_name":"intermediate_size","param_value_internal":0,"distribution":"{\"name\": \"CategoricalDistribution\", \"attributes\": {\"choices\": [32, 64, 128]}}"}
{"op_code":6,"worker_id":"a44e83ee-e209-454c-b8e8-1c706109229a-140277033953088","trial_id":17,"state":1,"values":[0.9023349136996065],"datetime_complete":"2026-04-01T16:29:41.405071"}
{"op_code":4,"worker_id":"a44e83ee-e209-454c-b8e8-1c706109229a-140277033953088","study_id":0,"datetime_start":"2026-04-01T16:29:41.425690"}
{"op_code":5,"worker_id":"a44e83ee-e209-454c-b8e8-1c706109229a-140277033953088","trial_id":18,"param_name":"learning_rate","param_value_internal":0.00034739949720132316,"distribution":"{\"name\": \"FloatDistribution\", \"attributes\": {\"step\": null, \"low\": 0.0001, \"high\": 0.01, \"log\": true}}"}
{"op_code":5,"worker_id":"a44e83ee-e209-454c-b8e8-1c706109229a-140277033953088","trial_id":18,"param_name":"hidden_size","param_value_internal":0,"distribution":"{\"name\": \"CategoricalDistribution\", \"attributes\": {\"choices\": [8, 16, 32]}}"}
{"op_code":5,"worker_id":"a44e83ee-e209-454c-b8e8-1c706109229a-140277033953088","trial_id":18,"param_name":"num_hidden_layers","param_value_internal":1,"distribution":"{\"name\": \"CategoricalDistribution\", \"attributes\": {\"choices\": [1, 2, 3, 4]}}"}
{"op_code":5,"worker_id":"a44e83ee-e209-454c-b8e8-1c706109229a-140277033953088","trial_id":18,"param_name":"num_attention_heads","param_value_internal":2,"distribution":"{\"name\": \"CategoricalDistribution\", \"attributes\": {\"choices\": [2, 4, 8]}}"}
{"op_code":5,"worker_id":"a44e83ee-e209-454c-b8e8-1c706109229a-140277033953088","trial_id":18,"param_name":"intermediate_size","param_value_internal":2,"distribution":"{\"name\": \"CategoricalDistribution\", \"attributes\": {\"choices\": [32, 64, 128]}}"}
{"op_code":6,"worker_id":"a44e83ee-e209-454c-b8e8-1c706109229a-140277033953088","trial_id":18,"state":1,"values":[0.8982755415078554],"datetime_complete":"2026-04-01T16:30:24.405098"}
{"op_code":4,"worker_id":"a44e83ee-e209-454c-b8e8-1c706109229a-140277033953088","study_id":0,"datetime_start":"2026-04-01T16:30:24.418268"}
{"op_code":5,"worker_id":"a44e83ee-e209-454c-b8e8-1c706109229a-140277033953088","trial_id":19,"param_name":"learning_rate","param_value_internal":0.0009262498709898368,"distribution":"{\"name\": \"FloatDistribution\", \"attributes\": {\"step\": null, \"low\": 0.0001, \"high\": 0.01, \"log\": true}}"}
{"op_code":5,"worker_id":"a44e83ee-e209-454c-b8e8-1c706109229a-140277033953088","trial_id":19,"param_name":"hidden_size","param_value_internal":0,"distribution":"{\"name\": \"CategoricalDistribution\", \"attributes\": {\"choices\": [8, 16, 32]}}"}
{"op_code":5,"worker_id":"a44e83ee-e209-454c-b8e8-1c706109229a-140277033953088","trial_id":19,"param_name":"num_hidden_layers","param_value_internal":2,"distribution":"{\"name\": \"CategoricalDistribution\", \"attributes\": {\"choices\": [1, 2, 3, 4]}}"}
{"op_code":5,"worker_id":"a44e83ee-e209-454c-b8e8-1c706109229a-140277033953088","trial_id":19,"param_name":"num_attention_heads","param_value_internal":1,"distribution":"{\"name\": \"CategoricalDistribution\", \"attributes\": {\"choices\": [2, 4, 8]}}"}
{"op_code":5,"worker_id":"a44e83ee-e209-454c-b8e8-1c706109229a-140277033953088","trial_id":19,"param_name":"intermediate_size","param_value_internal":1,"distribution":"{\"name\": \"CategoricalDistribution\", \"attributes\": {\"choices\": [32, 64, 128]}}"}
{"op_code":6,"worker_id":"a44e83ee-e209-454c-b8e8-1c706109229a-140277033953088","trial_id":19,"state":1,"values":[0.9003981903256794],"datetime_complete":"2026-04-01T16:31:17.861997"}
