{"op_code":0,"worker_id":"6be10d8e-5cbc-4da0-8209-49d904bbd492-139906009941824","study_name":"rsf_tuning","directions":[2]}
{"op_code":4,"worker_id":"6be10d8e-5cbc-4da0-8209-49d904bbd492-139906009941824","study_id":0,"datetime_start":"2026-04-05T23:06:30.770754"}
{"op_code":5,"worker_id":"6be10d8e-5cbc-4da0-8209-49d904bbd492-139906009941824","trial_id":0,"param_name":"n_estimators","param_value_internal":116.0,"distribution":"{\"name\": \"IntDistribution\", \"attributes\": {\"log\": false, \"step\": 1, \"low\": 50, \"high\": 200}}"}
{"op_code":5,"worker_id":"6be10d8e-5cbc-4da0-8209-49d904bbd492-139906009941824","trial_id":0,"param_name":"min_samples_split","param_value_internal":8.0,"distribution":"{\"name\": \"IntDistribution\", \"attributes\": {\"log\": false, \"step\": 1, \"low\": 5, \"high\": 20}}"}
{"op_code":5,"worker_id":"6be10d8e-5cbc-4da0-8209-49d904bbd492-139906009941824","trial_id":0,"param_name":"min_samples_leaf","param_value_internal":13.0,"distribution":"{\"name\": \"IntDistribution\", \"attributes\": {\"log\": false, \"step\": 1, \"low\": 5, \"high\": 20}}"}
{"op_code":6,"worker_id":"6be10d8e-5cbc-4da0-8209-49d904bbd492-139906009941824","trial_id":0,"state":1,"values":[0.6625766871165644],"datetime_complete":"2026-04-05T23:06:31.180801"}
{"op_code":4,"worker_id":"6be10d8e-5cbc-4da0-8209-49d904bbd492-139906009941824","study_id":0,"datetime_start":"2026-04-05T23:06:31.193962"}
{"op_code":5,"worker_id":"6be10d8e-5cbc-4da0-8209-49d904bbd492-139906009941824","trial_id":1,"param_name":"n_estimators","param_value_internal":190.0,"distribution":"{\"name\": \"IntDistribution\", \"attributes\": {\"log\": false, \"step\": 1, \"low\": 50, \"high\": 200}}"}
{"op_code":5,"worker_id":"6be10d8e-5cbc-4da0-8209-49d904bbd492-139906009941824","trial_id":1,"param_name":"min_samples_split","param_value_internal":5.0,"distribution":"{\"name\": \"IntDistribution\", \"attributes\": {\"log\": false, \"step\": 1, \"low\": 5, \"high\": 20}}"}
{"op_code":5,"worker_id":"6be10d8e-5cbc-4da0-8209-49d904bbd492-139906009941824","trial_id":1,"param_name":"min_samples_leaf","param_value_internal":12.0,"distribution":"{\"name\": \"IntDistribution\", \"attributes\": {\"log\": false, \"step\": 1, \"low\": 5, \"high\": 20}}"}
{"op_code":6,"worker_id":"6be10d8e-5cbc-4da0-8209-49d904bbd492-139906009941824","trial_id":1,"state":1,"values":[0.6704754601226994],"datetime_complete":"2026-04-05T23:06:31.870855"}
{"op_code":4,"worker_id":"6be10d8e-5cbc-4da0-8209-49d904bbd492-139906009941824","study_id":0,"datetime_start":"2026-04-05T23:06:31.888754"}
{"op_code":5,"worker_id":"6be10d8e-5cbc-4da0-8209-49d904bbd492-139906009941824","trial_id":2,"param_name":"n_estimators","param_value_internal":186.0,"distribution":"{\"name\": \"IntDistribution\", \"attributes\": {\"log\": false, \"step\": 1, \"low\": 50, \"high\": 200}}"}
{"op_code":5,"worker_id":"6be10d8e-5cbc-4da0-8209-49d904bbd492-139906009941824","trial_id":2,"param_name":"min_samples_split","param_value_internal":8.0,"distribution":"{\"name\": \"IntDistribution\", \"attributes\": {\"log\": false, \"step\": 1, \"low\": 5, \"high\": 20}}"}
{"op_code":5,"worker_id":"6be10d8e-5cbc-4da0-8209-49d904bbd492-139906009941824","trial_id":2,"param_name":"min_samples_leaf","param_value_internal":6.0,"distribution":"{\"name\": \"IntDistribution\", \"attributes\": {\"log\": false, \"step\": 1, \"low\": 5, \"high\": 20}}"}
{"op_code":6,"worker_id":"6be10d8e-5cbc-4da0-8209-49d904bbd492-139906009941824","trial_id":2,"state":1,"values":[0.6608895705521473],"datetime_complete":"2026-04-05T23:06:32.780821"}
{"op_code":4,"worker_id":"6be10d8e-5cbc-4da0-8209-49d904bbd492-139906009941824","study_id":0,"datetime_start":"2026-04-05T23:06:32.794600"}
{"op_code":5,"worker_id":"6be10d8e-5cbc-4da0-8209-49d904bbd492-139906009941824","trial_id":3,"param_name":"n_estimators","param_value_internal":114.0,"distribution":"{\"name\": \"IntDistribution\", \"attributes\": {\"log\": false, \"step\": 1, \"low\": 50, \"high\": 200}}"}
{"op_code":5,"worker_id":"6be10d8e-5cbc-4da0-8209-49d904bbd492-139906009941824","trial_id":3,"param_name":"min_samples_split","param_value_internal":5.0,"distribution":"{\"name\": \"IntDistribution\", \"attributes\": {\"log\": false, \"step\": 1, \"low\": 5, \"high\": 20}}"}
{"op_code":5,"worker_id":"6be10d8e-5cbc-4da0-8209-49d904bbd492-139906009941824","trial_id":3,"param_name":"min_samples_leaf","param_value_internal":10.0,"distribution":"{\"name\": \"IntDistribution\", \"attributes\": {\"log\": false, \"step\": 1, \"low\": 5, \"high\": 20}}"}
{"op_code":6,"worker_id":"6be10d8e-5cbc-4da0-8209-49d904bbd492-139906009941824","trial_id":3,"state":1,"values":[0.6674846625766871],"datetime_complete":"2026-04-05T23:06:33.241492"}
{"op_code":4,"worker_id":"6be10d8e-5cbc-4da0-8209-49d904bbd492-139906009941824","study_id":0,"datetime_start":"2026-04-05T23:06:33.263509"}
{"op_code":5,"worker_id":"6be10d8e-5cbc-4da0-8209-49d904bbd492-139906009941824","trial_id":4,"param_name":"n_estimators","param_value_internal":155.0,"distribution":"{\"name\": \"IntDistribution\", \"attributes\": {\"log\": false, \"step\": 1, \"low\": 50, \"high\": 200}}"}
{"op_code":5,"worker_id":"6be10d8e-5cbc-4da0-8209-49d904bbd492-139906009941824","trial_id":4,"param_name":"min_samples_split","param_value_internal":14.0,"distribution":"{\"name\": \"IntDistribution\", \"attributes\": {\"log\": false, \"step\": 1, \"low\": 5, \"high\": 20}}"}
{"op_code":5,"worker_id":"6be10d8e-5cbc-4da0-8209-49d904bbd492-139906009941824","trial_id":4,"param_name":"min_samples_leaf","param_value_internal":12.0,"distribution":"{\"name\": \"IntDistribution\", \"attributes\": {\"log\": false, \"step\": 1, \"low\": 5, \"high\": 20}}"}
{"op_code":6,"worker_id":"6be10d8e-5cbc-4da0-8209-49d904bbd492-139906009941824","trial_id":4,"state":1,"values":[0.6703987730061349],"datetime_complete":"2026-04-05T23:06:33.792088"}
{"op_code":4,"worker_id":"6be10d8e-5cbc-4da0-8209-49d904bbd492-139906009941824","study_id":0,"datetime_start":"2026-04-05T23:06:33.803978"}
{"op_code":5,"worker_id":"6be10d8e-5cbc-4da0-8209-49d904bbd492-139906009941824","trial_id":5,"param_name":"n_estimators","param_value_internal":69.0,"distribution":"{\"name\": \"IntDistribution\", \"attributes\": {\"log\": false, \"step\": 1, \"low\": 50, \"high\": 200}}"}
{"op_code":5,"worker_id":"6be10d8e-5cbc-4da0-8209-49d904bbd492-139906009941824","trial_id":5,"param_name":"min_samples_split","param_value_internal":9.0,"distribution":"{\"name\": \"IntDistribution\", \"attributes\": {\"log\": false, \"step\": 1, \"low\": 5, \"high\": 20}}"}
{"op_code":5,"worker_id":"6be10d8e-5cbc-4da0-8209-49d904bbd492-139906009941824","trial_id":5,"param_name":"min_samples_leaf","param_value_internal":5.0,"distribution":"{\"name\": \"IntDistribution\", \"attributes\": {\"log\": false, \"step\": 1, \"low\": 5, \"high\": 20}}"}
{"op_code":6,"worker_id":"6be10d8e-5cbc-4da0-8209-49d904bbd492-139906009941824","trial_id":5,"state":1,"values":[0.6618098159509203],"datetime_complete":"2026-04-05T23:06:34.198939"}
{"op_code":4,"worker_id":"6be10d8e-5cbc-4da0-8209-49d904bbd492-139906009941824","study_id":0,"datetime_start":"2026-04-05T23:06:34.222355"}
{"op_code":5,"worker_id":"6be10d8e-5cbc-4da0-8209-49d904bbd492-139906009941824","trial_id":6,"param_name":"n_estimators","param_value_internal":127.0,"distribution":"{\"name\": \"IntDistribution\", \"attributes\": {\"log\": false, \"step\": 1, \"low\": 50, \"high\": 200}}"}
{"op_code":5,"worker_id":"6be10d8e-5cbc-4da0-8209-49d904bbd492-139906009941824","trial_id":6,"param_name":"min_samples_split","param_value_internal":8.0,"distribution":"{\"name\": \"IntDistribution\", \"attributes\": {\"log\": false, \"step\": 1, \"low\": 5, \"high\": 20}}"}
{"op_code":5,"worker_id":"6be10d8e-5cbc-4da0-8209-49d904bbd492-139906009941824","trial_id":6,"param_name":"min_samples_leaf","param_value_internal":16.0,"distribution":"{\"name\": \"IntDistribution\", \"attributes\": {\"log\": false, \"step\": 1, \"low\": 5, \"high\": 20}}"}
{"op_code":6,"worker_id":"6be10d8e-5cbc-4da0-8209-49d904bbd492-139906009941824","trial_id":6,"state":1,"values":[0.6751533742331288],"datetime_complete":"2026-04-05T23:06:34.639375"}
{"op_code":4,"worker_id":"6be10d8e-5cbc-4da0-8209-49d904bbd492-139906009941824","study_id":0,"datetime_start":"2026-04-05T23:06:34.653915"}
{"op_code":5,"worker_id":"6be10d8e-5cbc-4da0-8209-49d904bbd492-139906009941824","trial_id":7,"param_name":"n_estimators","param_value_internal":196.0,"distribution":"{\"name\": \"IntDistribution\", \"attributes\": {\"log\": false, \"step\": 1, \"low\": 50, \"high\": 200}}"}
{"op_code":5,"worker_id":"6be10d8e-5cbc-4da0-8209-49d904bbd492-139906009941824","trial_id":7,"param_name":"min_samples_split","param_value_internal":7.0,"distribution":"{\"name\": \"IntDistribution\", \"attributes\": {\"log\": false, \"step\": 1, \"low\": 5, \"high\": 20}}"}
{"op_code":5,"worker_id":"6be10d8e-5cbc-4da0-8209-49d904bbd492-139906009941824","trial_id":7,"param_name":"min_samples_leaf","param_value_internal":12.0,"distribution":"{\"name\": \"IntDistribution\", \"attributes\": {\"log\": false, \"step\": 1, \"low\": 5, \"high\": 20}}"}
{"op_code":6,"worker_id":"6be10d8e-5cbc-4da0-8209-49d904bbd492-139906009941824","trial_id":7,"state":1,"values":[0.6713190184049079],"datetime_complete":"2026-04-05T23:06:35.337365"}
{"op_code":4,"worker_id":"6be10d8e-5cbc-4da0-8209-49d904bbd492-139906009941824","study_id":0,"datetime_start":"2026-04-05T23:06:35.360332"}
{"op_code":5,"worker_id":"6be10d8e-5cbc-4da0-8209-49d904bbd492-139906009941824","trial_id":8,"param_name":"n_estimators","param_value_internal":128.0,"distribution":"{\"name\": \"IntDistribution\", \"attributes\": {\"log\": false, \"step\": 1, \"low\": 50, \"high\": 200}}"}
{"op_code":5,"worker_id":"6be10d8e-5cbc-4da0-8209-49d904bbd492-139906009941824","trial_id":8,"param_name":"min_samples_split","param_value_internal":8.0,"distribution":"{\"name\": \"IntDistribution\", \"attributes\": {\"log\": false, \"step\": 1, \"low\": 5, \"high\": 20}}"}
{"op_code":5,"worker_id":"6be10d8e-5cbc-4da0-8209-49d904bbd492-139906009941824","trial_id":8,"param_name":"min_samples_leaf","param_value_internal":12.0,"distribution":"{\"name\": \"IntDistribution\", \"attributes\": {\"log\": false, \"step\": 1, \"low\": 5, \"high\": 20}}"}
{"op_code":6,"worker_id":"6be10d8e-5cbc-4da0-8209-49d904bbd492-139906009941824","trial_id":8,"state":1,"values":[0.6700153374233129],"datetime_complete":"2026-04-05T23:06:35.834119"}
{"op_code":4,"worker_id":"6be10d8e-5cbc-4da0-8209-49d904bbd492-139906009941824","study_id":0,"datetime_start":"2026-04-05T23:06:35.857850"}
{"op_code":5,"worker_id":"6be10d8e-5cbc-4da0-8209-49d904bbd492-139906009941824","trial_id":9,"param_name":"n_estimators","param_value_internal":50.0,"distribution":"{\"name\": \"IntDistribution\", \"attributes\": {\"log\": false, \"step\": 1, \"low\": 50, \"high\": 200}}"}
{"op_code":5,"worker_id":"6be10d8e-5cbc-4da0-8209-49d904bbd492-139906009941824","trial_id":9,"param_name":"min_samples_split","param_value_internal":15.0,"distribution":"{\"name\": \"IntDistribution\", \"attributes\": {\"log\": false, \"step\": 1, \"low\": 5, \"high\": 20}}"}
{"op_code":5,"worker_id":"6be10d8e-5cbc-4da0-8209-49d904bbd492-139906009941824","trial_id":9,"param_name":"min_samples_leaf","param_value_internal":6.0,"distribution":"{\"name\": \"IntDistribution\", \"attributes\": {\"log\": false, \"step\": 1, \"low\": 5, \"high\": 20}}"}
{"op_code":6,"worker_id":"6be10d8e-5cbc-4da0-8209-49d904bbd492-139906009941824","trial_id":9,"state":1,"values":[0.6548312883435583],"datetime_complete":"2026-04-05T23:06:36.158621"}
{"op_code":4,"worker_id":"6be10d8e-5cbc-4da0-8209-49d904bbd492-139906009941824","study_id":0,"datetime_start":"2026-04-05T23:06:36.173881"}
{"op_code":5,"worker_id":"6be10d8e-5cbc-4da0-8209-49d904bbd492-139906009941824","trial_id":10,"param_name":"n_estimators","param_value_internal":87.0,"distribution":"{\"name\": \"IntDistribution\", \"attributes\": {\"log\": false, \"step\": 1, \"low\": 50, \"high\": 200}}"}
{"op_code":5,"worker_id":"6be10d8e-5cbc-4da0-8209-49d904bbd492-139906009941824","trial_id":10,"param_name":"min_samples_split","param_value_internal":20.0,"distribution":"{\"name\": \"IntDistribution\", \"attributes\": {\"log\": false, \"step\": 1, \"low\": 5, \"high\": 20}}"}
{"op_code":5,"worker_id":"6be10d8e-5cbc-4da0-8209-49d904bbd492-139906009941824","trial_id":10,"param_name":"min_samples_leaf","param_value_internal":20.0,"distribution":"{\"name\": \"IntDistribution\", \"attributes\": {\"log\": false, \"step\": 1, \"low\": 5, \"high\": 20}}"}
{"op_code":6,"worker_id":"6be10d8e-5cbc-4da0-8209-49d904bbd492-139906009941824","trial_id":10,"state":1,"values":[0.6723926380368098],"datetime_complete":"2026-04-05T23:06:36.494419"}
{"op_code":4,"worker_id":"6be10d8e-5cbc-4da0-8209-49d904bbd492-139906009941824","study_id":0,"datetime_start":"2026-04-05T23:06:36.516510"}
{"op_code":5,"worker_id":"6be10d8e-5cbc-4da0-8209-49d904bbd492-139906009941824","trial_id":11,"param_name":"n_estimators","param_value_internal":89.0,"distribution":"{\"name\": \"IntDistribution\", \"attributes\": {\"log\": false, \"step\": 1, \"low\": 50, \"high\": 200}}"}
{"op_code":5,"worker_id":"6be10d8e-5cbc-4da0-8209-49d904bbd492-139906009941824","trial_id":11,"param_name":"min_samples_split","param_value_internal":20.0,"distribution":"{\"name\": \"IntDistribution\", \"attributes\": {\"log\": false, \"step\": 1, \"low\": 5, \"high\": 20}}"}
{"op_code":5,"worker_id":"6be10d8e-5cbc-4da0-8209-49d904bbd492-139906009941824","trial_id":11,"param_name":"min_samples_leaf","param_value_internal":20.0,"distribution":"{\"name\": \"IntDistribution\", \"attributes\": {\"log\": false, \"step\": 1, \"low\": 5, \"high\": 20}}"}
{"op_code":6,"worker_id":"6be10d8e-5cbc-4da0-8209-49d904bbd492-139906009941824","trial_id":11,"state":1,"values":[0.6720092024539878],"datetime_complete":"2026-04-05T23:06:36.828980"}
{"op_code":4,"worker_id":"6be10d8e-5cbc-4da0-8209-49d904bbd492-139906009941824","study_id":0,"datetime_start":"2026-04-05T23:06:36.850375"}
{"op_code":5,"worker_id":"6be10d8e-5cbc-4da0-8209-49d904bbd492-139906009941824","trial_id":12,"param_name":"n_estimators","param_value_internal":88.0,"distribution":"{\"name\": \"IntDistribution\", \"attributes\": {\"log\": false, \"step\": 1, \"low\": 50, \"high\": 200}}"}
{"op_code":5,"worker_id":"6be10d8e-5cbc-4da0-8209-49d904bbd492-139906009941824","trial_id":12,"param_name":"min_samples_split","param_value_internal":19.0,"distribution":"{\"name\": \"IntDistribution\", \"attributes\": {\"log\": false, \"step\": 1, \"low\": 5, \"high\": 20}}"}
{"op_code":5,"worker_id":"6be10d8e-5cbc-4da0-8209-49d904bbd492-139906009941824","trial_id":12,"param_name":"min_samples_leaf","param_value_internal":20.0,"distribution":"{\"name\": \"IntDistribution\", \"attributes\": {\"log\": false, \"step\": 1, \"low\": 5, \"high\": 20}}"}
{"op_code":6,"worker_id":"6be10d8e-5cbc-4da0-8209-49d904bbd492-139906009941824","trial_id":12,"state":1,"values":[0.6712423312883435],"datetime_complete":"2026-04-05T23:06:37.161283"}
{"op_code":4,"worker_id":"6be10d8e-5cbc-4da0-8209-49d904bbd492-139906009941824","study_id":0,"datetime_start":"2026-04-05T23:06:37.179271"}
{"op_code":5,"worker_id":"6be10d8e-5cbc-4da0-8209-49d904bbd492-139906009941824","trial_id":13,"param_name":"n_estimators","param_value_internal":144.0,"distribution":"{\"name\": \"IntDistribution\", \"attributes\": {\"log\": false, \"step\": 1, \"low\": 50, \"high\": 200}}"}
{"op_code":5,"worker_id":"6be10d8e-5cbc-4da0-8209-49d904bbd492-139906009941824","trial_id":13,"param_name":"min_samples_split","param_value_internal":11.0,"distribution":"{\"name\": \"IntDistribution\", \"attributes\": {\"log\": false, \"step\": 1, \"low\": 5, \"high\": 20}}"}
{"op_code":5,"worker_id":"6be10d8e-5cbc-4da0-8209-49d904bbd492-139906009941824","trial_id":13,"param_name":"min_samples_leaf","param_value_internal":16.0,"distribution":"{\"name\": \"IntDistribution\", \"attributes\": {\"log\": false, \"step\": 1, \"low\": 5, \"high\": 20}}"}
{"op_code":6,"worker_id":"6be10d8e-5cbc-4da0-8209-49d904bbd492-139906009941824","trial_id":13,"state":1,"values":[0.6753834355828221],"datetime_complete":"2026-04-05T23:06:37.666604"}
{"op_code":4,"worker_id":"6be10d8e-5cbc-4da0-8209-49d904bbd492-139906009941824","study_id":0,"datetime_start":"2026-04-05T23:06:37.690099"}
{"op_code":5,"worker_id":"6be10d8e-5cbc-4da0-8209-49d904bbd492-139906009941824","trial_id":14,"param_name":"n_estimators","param_value_internal":149.0,"distribution":"{\"name\": \"IntDistribution\", \"attributes\": {\"log\": false, \"step\": 1, \"low\": 50, \"high\": 200}}"}
{"op_code":5,"worker_id":"6be10d8e-5cbc-4da0-8209-49d904bbd492-139906009941824","trial_id":14,"param_name":"min_samples_split","param_value_internal":12.0,"distribution":"{\"name\": \"IntDistribution\", \"attributes\": {\"log\": false, \"step\": 1, \"low\": 5, \"high\": 20}}"}
{"op_code":5,"worker_id":"6be10d8e-5cbc-4da0-8209-49d904bbd492-139906009941824","trial_id":14,"param_name":"min_samples_leaf","param_value_internal":16.0,"distribution":"{\"name\": \"IntDistribution\", \"attributes\": {\"log\": false, \"step\": 1, \"low\": 5, \"high\": 20}}"}
{"op_code":6,"worker_id":"6be10d8e-5cbc-4da0-8209-49d904bbd492-139906009941824","trial_id":14,"state":1,"values":[0.6761503067484662],"datetime_complete":"2026-04-05T23:06:38.188887"}
{"op_code":4,"worker_id":"6be10d8e-5cbc-4da0-8209-49d904bbd492-139906009941824","study_id":0,"datetime_start":"2026-04-05T23:06:38.206284"}
{"op_code":5,"worker_id":"6be10d8e-5cbc-4da0-8209-49d904bbd492-139906009941824","trial_id":15,"param_name":"n_estimators","param_value_internal":160.0,"distribution":"{\"name\": \"IntDistribution\", \"attributes\": {\"log\": false, \"step\": 1, \"low\": 50, \"high\": 200}}"}
{"op_code":5,"worker_id":"6be10d8e-5cbc-4da0-8209-49d904bbd492-139906009941824","trial_id":15,"param_name":"min_samples_split","param_value_internal":11.0,"distribution":"{\"name\": \"IntDistribution\", \"attributes\": {\"log\": false, \"step\": 1, \"low\": 5, \"high\": 20}}"}
{"op_code":5,"worker_id":"6be10d8e-5cbc-4da0-8209-49d904bbd492-139906009941824","trial_id":15,"param_name":"min_samples_leaf","param_value_internal":17.0,"distribution":"{\"name\": \"IntDistribution\", \"attributes\": {\"log\": false, \"step\": 1, \"low\": 5, \"high\": 20}}"}
{"op_code":6,"worker_id":"6be10d8e-5cbc-4da0-8209-49d904bbd492-139906009941824","trial_id":15,"state":1,"values":[0.6732361963190184],"datetime_complete":"2026-04-05T23:06:38.686686"}
{"op_code":4,"worker_id":"6be10d8e-5cbc-4da0-8209-49d904bbd492-139906009941824","study_id":0,"datetime_start":"2026-04-05T23:06:38.700665"}
{"op_code":5,"worker_id":"6be10d8e-5cbc-4da0-8209-49d904bbd492-139906009941824","trial_id":16,"param_name":"n_estimators","param_value_internal":149.0,"distribution":"{\"name\": \"IntDistribution\", \"attributes\": {\"log\": false, \"step\": 1, \"low\": 50, \"high\": 200}}"}
{"op_code":5,"worker_id":"6be10d8e-5cbc-4da0-8209-49d904bbd492-139906009941824","trial_id":16,"param_name":"min_samples_split","param_value_internal":12.0,"distribution":"{\"name\": \"IntDistribution\", \"attributes\": {\"log\": false, \"step\": 1, \"low\": 5, \"high\": 20}}"}
{"op_code":5,"worker_id":"6be10d8e-5cbc-4da0-8209-49d904bbd492-139906009941824","trial_id":16,"param_name":"min_samples_leaf","param_value_internal":16.0,"distribution":"{\"name\": \"IntDistribution\", \"attributes\": {\"log\": false, \"step\": 1, \"low\": 5, \"high\": 20}}"}
{"op_code":6,"worker_id":"6be10d8e-5cbc-4da0-8209-49d904bbd492-139906009941824","trial_id":16,"state":1,"values":[0.6761503067484662],"datetime_complete":"2026-04-05T23:06:39.156275"}
{"op_code":4,"worker_id":"6be10d8e-5cbc-4da0-8209-49d904bbd492-139906009941824","study_id":0,"datetime_start":"2026-04-05T23:06:39.171803"}
{"op_code":5,"worker_id":"6be10d8e-5cbc-4da0-8209-49d904bbd492-139906009941824","trial_id":17,"param_name":"n_estimators","param_value_internal":171.0,"distribution":"{\"name\": \"IntDistribution\", \"attributes\": {\"log\": false, \"step\": 1, \"low\": 50, \"high\": 200}}"}
{"op_code":5,"worker_id":"6be10d8e-5cbc-4da0-8209-49d904bbd492-139906009941824","trial_id":17,"param_name":"min_samples_split","param_value_internal":16.0,"distribution":"{\"name\": \"IntDistribution\", \"attributes\": {\"log\": false, \"step\": 1, \"low\": 5, \"high\": 20}}"}
{"op_code":5,"worker_id":"6be10d8e-5cbc-4da0-8209-49d904bbd492-139906009941824","trial_id":17,"param_name":"min_samples_leaf","param_value_internal":18.0,"distribution":"{\"name\": \"IntDistribution\", \"attributes\": {\"log\": false, \"step\": 1, \"low\": 5, \"high\": 20}}"}
{"op_code":6,"worker_id":"6be10d8e-5cbc-4da0-8209-49d904bbd492-139906009941824","trial_id":17,"state":1,"values":[0.6715490797546012],"datetime_complete":"2026-04-05T23:06:39.671080"}
{"op_code":4,"worker_id":"6be10d8e-5cbc-4da0-8209-49d904bbd492-139906009941824","study_id":0,"datetime_start":"2026-04-05T23:06:39.686225"}
{"op_code":5,"worker_id":"6be10d8e-5cbc-4da0-8209-49d904bbd492-139906009941824","trial_id":18,"param_name":"n_estimators","param_value_internal":144.0,"distribution":"{\"name\": \"IntDistribution\", \"attributes\": {\"log\": false, \"step\": 1, \"low\": 50, \"high\": 200}}"}
{"op_code":5,"worker_id":"6be10d8e-5cbc-4da0-8209-49d904bbd492-139906009941824","trial_id":18,"param_name":"min_samples_split","param_value_internal":12.0,"distribution":"{\"name\": \"IntDistribution\", \"attributes\": {\"log\": false, \"step\": 1, \"low\": 5, \"high\": 20}}"}
{"op_code":5,"worker_id":"6be10d8e-5cbc-4da0-8209-49d904bbd492-139906009941824","trial_id":18,"param_name":"min_samples_leaf","param_value_internal":14.0,"distribution":"{\"name\": \"IntDistribution\", \"attributes\": {\"log\": false, \"step\": 1, \"low\": 5, \"high\": 20}}"}
{"op_code":6,"worker_id":"6be10d8e-5cbc-4da0-8209-49d904bbd492-139906009941824","trial_id":18,"state":1,"values":[0.6701687116564418],"datetime_complete":"2026-04-05T23:06:40.201961"}
{"op_code":4,"worker_id":"6be10d8e-5cbc-4da0-8209-49d904bbd492-139906009941824","study_id":0,"datetime_start":"2026-04-05T23:06:40.217636"}
{"op_code":5,"worker_id":"6be10d8e-5cbc-4da0-8209-49d904bbd492-139906009941824","trial_id":19,"param_name":"n_estimators","param_value_internal":171.0,"distribution":"{\"name\": \"IntDistribution\", \"attributes\": {\"log\": false, \"step\": 1, \"low\": 50, \"high\": 200}}"}
{"op_code":5,"worker_id":"6be10d8e-5cbc-4da0-8209-49d904bbd492-139906009941824","trial_id":19,"param_name":"min_samples_split","param_value_internal":17.0,"distribution":"{\"name\": \"IntDistribution\", \"attributes\": {\"log\": false, \"step\": 1, \"low\": 5, \"high\": 20}}"}
{"op_code":5,"worker_id":"6be10d8e-5cbc-4da0-8209-49d904bbd492-139906009941824","trial_id":19,"param_name":"min_samples_leaf","param_value_internal":9.0,"distribution":"{\"name\": \"IntDistribution\", \"attributes\": {\"log\": false, \"step\": 1, \"low\": 5, \"high\": 20}}"}
{"op_code":6,"worker_id":"6be10d8e-5cbc-4da0-8209-49d904bbd492-139906009941824","trial_id":19,"state":1,"values":[0.6726993865030675],"datetime_complete":"2026-04-05T23:06:40.905180"}
