{"op_code":0,"worker_id":"38b48471-f038-419f-8d2c-1b4f89e098a4-139906009941824","study_name":"gbsa_tuning","directions":[2]}
{"op_code":4,"worker_id":"38b48471-f038-419f-8d2c-1b4f89e098a4-139906009941824","study_id":0,"datetime_start":"2026-04-06T01:43:01.853335"}
{"op_code":5,"worker_id":"38b48471-f038-419f-8d2c-1b4f89e098a4-139906009941824","trial_id":0,"param_name":"learning_rate","param_value_internal":0.0804130134157491,"distribution":"{\"name\": \"FloatDistribution\", \"attributes\": {\"step\": null, \"low\": 0.01, \"high\": 0.2, \"log\": true}}"}
{"op_code":5,"worker_id":"38b48471-f038-419f-8d2c-1b4f89e098a4-139906009941824","trial_id":0,"param_name":"n_estimators","param_value_internal":131.0,"distribution":"{\"name\": \"IntDistribution\", \"attributes\": {\"log\": false, \"step\": 1, \"low\": 50, \"high\": 200}}"}
{"op_code":5,"worker_id":"38b48471-f038-419f-8d2c-1b4f89e098a4-139906009941824","trial_id":0,"param_name":"max_depth","param_value_internal":2.0,"distribution":"{\"name\": \"IntDistribution\", \"attributes\": {\"log\": false, \"step\": 1, \"low\": 2, \"high\": 5}}"}
{"op_code":6,"worker_id":"38b48471-f038-419f-8d2c-1b4f89e098a4-139906009941824","trial_id":0,"state":1,"values":[0.5408163265306123],"datetime_complete":"2026-04-06T01:43:19.060950"}
{"op_code":4,"worker_id":"38b48471-f038-419f-8d2c-1b4f89e098a4-139906009941824","study_id":0,"datetime_start":"2026-04-06T01:43:19.075821"}
{"op_code":5,"worker_id":"38b48471-f038-419f-8d2c-1b4f89e098a4-139906009941824","trial_id":1,"param_name":"learning_rate","param_value_internal":0.03542022835878834,"distribution":"{\"name\": \"FloatDistribution\", \"attributes\": {\"step\": null, \"low\": 0.01, \"high\": 0.2, \"log\": true}}"}
{"op_code":5,"worker_id":"38b48471-f038-419f-8d2c-1b4f89e098a4-139906009941824","trial_id":1,"param_name":"n_estimators","param_value_internal":162.0,"distribution":"{\"name\": \"IntDistribution\", \"attributes\": {\"log\": false, \"step\": 1, \"low\": 50, \"high\": 200}}"}
{"op_code":5,"worker_id":"38b48471-f038-419f-8d2c-1b4f89e098a4-139906009941824","trial_id":1,"param_name":"max_depth","param_value_internal":5.0,"distribution":"{\"name\": \"IntDistribution\", \"attributes\": {\"log\": false, \"step\": 1, \"low\": 2, \"high\": 5}}"}
{"op_code":6,"worker_id":"38b48471-f038-419f-8d2c-1b4f89e098a4-139906009941824","trial_id":1,"state":1,"values":[0.4914965986394558],"datetime_complete":"2026-04-06T01:44:06.308195"}
{"op_code":4,"worker_id":"38b48471-f038-419f-8d2c-1b4f89e098a4-139906009941824","study_id":0,"datetime_start":"2026-04-06T01:44:06.322536"}
{"op_code":5,"worker_id":"38b48471-f038-419f-8d2c-1b4f89e098a4-139906009941824","trial_id":2,"param_name":"learning_rate","param_value_internal":0.01772909676492081,"distribution":"{\"name\": \"FloatDistribution\", \"attributes\": {\"step\": null, \"low\": 0.01, \"high\": 0.2, \"log\": true}}"}
{"op_code":5,"worker_id":"38b48471-f038-419f-8d2c-1b4f89e098a4-139906009941824","trial_id":2,"param_name":"n_estimators","param_value_internal":92.0,"distribution":"{\"name\": \"IntDistribution\", \"attributes\": {\"log\": false, \"step\": 1, \"low\": 50, \"high\": 200}}"}
{"op_code":5,"worker_id":"38b48471-f038-419f-8d2c-1b4f89e098a4-139906009941824","trial_id":2,"param_name":"max_depth","param_value_internal":4.0,"distribution":"{\"name\": \"IntDistribution\", \"attributes\": {\"log\": false, \"step\": 1, \"low\": 2, \"high\": 5}}"}
{"op_code":6,"worker_id":"38b48471-f038-419f-8d2c-1b4f89e098a4-139906009941824","trial_id":2,"state":1,"values":[0.46598639455782315],"datetime_complete":"2026-04-06T01:44:28.121922"}
{"op_code":4,"worker_id":"38b48471-f038-419f-8d2c-1b4f89e098a4-139906009941824","study_id":0,"datetime_start":"2026-04-06T01:44:28.136835"}
{"op_code":5,"worker_id":"38b48471-f038-419f-8d2c-1b4f89e098a4-139906009941824","trial_id":3,"param_name":"learning_rate","param_value_internal":0.0468194183242177,"distribution":"{\"name\": \"FloatDistribution\", \"attributes\": {\"step\": null, \"low\": 0.01, \"high\": 0.2, \"log\": true}}"}
{"op_code":5,"worker_id":"38b48471-f038-419f-8d2c-1b4f89e098a4-139906009941824","trial_id":3,"param_name":"n_estimators","param_value_internal":175.0,"distribution":"{\"name\": \"IntDistribution\", \"attributes\": {\"log\": false, \"step\": 1, \"low\": 50, \"high\": 200}}"}
{"op_code":5,"worker_id":"38b48471-f038-419f-8d2c-1b4f89e098a4-139906009941824","trial_id":3,"param_name":"max_depth","param_value_internal":4.0,"distribution":"{\"name\": \"IntDistribution\", \"attributes\": {\"log\": false, \"step\": 1, \"low\": 2, \"high\": 5}}"}
{"op_code":6,"worker_id":"38b48471-f038-419f-8d2c-1b4f89e098a4-139906009941824","trial_id":3,"state":1,"values":[0.5051020408163265],"datetime_complete":"2026-04-06T01:45:10.196782"}
{"op_code":4,"worker_id":"38b48471-f038-419f-8d2c-1b4f89e098a4-139906009941824","study_id":0,"datetime_start":"2026-04-06T01:45:10.209724"}
{"op_code":5,"worker_id":"38b48471-f038-419f-8d2c-1b4f89e098a4-139906009941824","trial_id":4,"param_name":"learning_rate","param_value_internal":0.01812740234687673,"distribution":"{\"name\": \"FloatDistribution\", \"attributes\": {\"step\": null, \"low\": 0.01, \"high\": 0.2, \"log\": true}}"}
{"op_code":5,"worker_id":"38b48471-f038-419f-8d2c-1b4f89e098a4-139906009941824","trial_id":4,"param_name":"n_estimators","param_value_internal":160.0,"distribution":"{\"name\": \"IntDistribution\", \"attributes\": {\"log\": false, \"step\": 1, \"low\": 50, \"high\": 200}}"}
{"op_code":5,"worker_id":"38b48471-f038-419f-8d2c-1b4f89e098a4-139906009941824","trial_id":4,"param_name":"max_depth","param_value_internal":5.0,"distribution":"{\"name\": \"IntDistribution\", \"attributes\": {\"log\": false, \"step\": 1, \"low\": 2, \"high\": 5}}"}
{"op_code":6,"worker_id":"38b48471-f038-419f-8d2c-1b4f89e098a4-139906009941824","trial_id":4,"state":1,"values":[0.4931972789115646],"datetime_complete":"2026-04-06T01:45:56.194219"}
{"op_code":4,"worker_id":"38b48471-f038-419f-8d2c-1b4f89e098a4-139906009941824","study_id":0,"datetime_start":"2026-04-06T01:45:56.209239"}
{"op_code":5,"worker_id":"38b48471-f038-419f-8d2c-1b4f89e098a4-139906009941824","trial_id":5,"param_name":"learning_rate","param_value_internal":0.020274613452438545,"distribution":"{\"name\": \"FloatDistribution\", \"attributes\": {\"step\": null, \"low\": 0.01, \"high\": 0.2, \"log\": true}}"}
{"op_code":5,"worker_id":"38b48471-f038-419f-8d2c-1b4f89e098a4-139906009941824","trial_id":5,"param_name":"n_estimators","param_value_internal":126.0,"distribution":"{\"name\": \"IntDistribution\", \"attributes\": {\"log\": false, \"step\": 1, \"low\": 50, \"high\": 200}}"}
{"op_code":5,"worker_id":"38b48471-f038-419f-8d2c-1b4f89e098a4-139906009941824","trial_id":5,"param_name":"max_depth","param_value_internal":2.0,"distribution":"{\"name\": \"IntDistribution\", \"attributes\": {\"log\": false, \"step\": 1, \"low\": 2, \"high\": 5}}"}
{"op_code":6,"worker_id":"38b48471-f038-419f-8d2c-1b4f89e098a4-139906009941824","trial_id":5,"state":1,"values":[0.49829931972789115],"datetime_complete":"2026-04-06T01:46:12.521457"}
{"op_code":4,"worker_id":"38b48471-f038-419f-8d2c-1b4f89e098a4-139906009941824","study_id":0,"datetime_start":"2026-04-06T01:46:12.536141"}
{"op_code":5,"worker_id":"38b48471-f038-419f-8d2c-1b4f89e098a4-139906009941824","trial_id":6,"param_name":"learning_rate","param_value_internal":0.19520356238451714,"distribution":"{\"name\": \"FloatDistribution\", \"attributes\": {\"step\": null, \"low\": 0.01, \"high\": 0.2, \"log\": true}}"}
{"op_code":5,"worker_id":"38b48471-f038-419f-8d2c-1b4f89e098a4-139906009941824","trial_id":6,"param_name":"n_estimators","param_value_internal":188.0,"distribution":"{\"name\": \"IntDistribution\", \"attributes\": {\"log\": false, \"step\": 1, \"low\": 50, \"high\": 200}}"}
{"op_code":5,"worker_id":"38b48471-f038-419f-8d2c-1b4f89e098a4-139906009941824","trial_id":6,"param_name":"max_depth","param_value_internal":4.0,"distribution":"{\"name\": \"IntDistribution\", \"attributes\": {\"log\": false, \"step\": 1, \"low\": 2, \"high\": 5}}"}
{"op_code":6,"worker_id":"38b48471-f038-419f-8d2c-1b4f89e098a4-139906009941824","trial_id":6,"state":1,"values":[0.5017006802721088],"datetime_complete":"2026-04-06T01:46:57.407926"}
{"op_code":4,"worker_id":"38b48471-f038-419f-8d2c-1b4f89e098a4-139906009941824","study_id":0,"datetime_start":"2026-04-06T01:46:57.433625"}
{"op_code":5,"worker_id":"38b48471-f038-419f-8d2c-1b4f89e098a4-139906009941824","trial_id":7,"param_name":"learning_rate","param_value_internal":0.03366036563323434,"distribution":"{\"name\": \"FloatDistribution\", \"attributes\": {\"step\": null, \"low\": 0.01, \"high\": 0.2, \"log\": true}}"}
{"op_code":5,"worker_id":"38b48471-f038-419f-8d2c-1b4f89e098a4-139906009941824","trial_id":7,"param_name":"n_estimators","param_value_internal":96.0,"distribution":"{\"name\": \"IntDistribution\", \"attributes\": {\"log\": false, \"step\": 1, \"low\": 50, \"high\": 200}}"}
{"op_code":5,"worker_id":"38b48471-f038-419f-8d2c-1b4f89e098a4-139906009941824","trial_id":7,"param_name":"max_depth","param_value_internal":3.0,"distribution":"{\"name\": \"IntDistribution\", \"attributes\": {\"log\": false, \"step\": 1, \"low\": 2, \"high\": 5}}"}
{"op_code":6,"worker_id":"38b48471-f038-419f-8d2c-1b4f89e098a4-139906009941824","trial_id":7,"state":1,"values":[0.5068027210884354],"datetime_complete":"2026-04-06T01:47:15.406557"}
{"op_code":4,"worker_id":"38b48471-f038-419f-8d2c-1b4f89e098a4-139906009941824","study_id":0,"datetime_start":"2026-04-06T01:47:15.427088"}
{"op_code":5,"worker_id":"38b48471-f038-419f-8d2c-1b4f89e098a4-139906009941824","trial_id":8,"param_name":"learning_rate","param_value_internal":0.13459702286802214,"distribution":"{\"name\": \"FloatDistribution\", \"attributes\": {\"step\": null, \"low\": 0.01, \"high\": 0.2, \"log\": true}}"}
{"op_code":5,"worker_id":"38b48471-f038-419f-8d2c-1b4f89e098a4-139906009941824","trial_id":8,"param_name":"n_estimators","param_value_internal":178.0,"distribution":"{\"name\": \"IntDistribution\", \"attributes\": {\"log\": false, \"step\": 1, \"low\": 50, \"high\": 200}}"}
{"op_code":5,"worker_id":"38b48471-f038-419f-8d2c-1b4f89e098a4-139906009941824","trial_id":8,"param_name":"max_depth","param_value_internal":2.0,"distribution":"{\"name\": \"IntDistribution\", \"attributes\": {\"log\": false, \"step\": 1, \"low\": 2, \"high\": 5}}"}
{"op_code":6,"worker_id":"38b48471-f038-419f-8d2c-1b4f89e098a4-139906009941824","trial_id":8,"state":1,"values":[0.5340136054421769],"datetime_complete":"2026-04-06T01:47:38.640791"}
{"op_code":4,"worker_id":"38b48471-f038-419f-8d2c-1b4f89e098a4-139906009941824","study_id":0,"datetime_start":"2026-04-06T01:47:38.655174"}
{"op_code":5,"worker_id":"38b48471-f038-419f-8d2c-1b4f89e098a4-139906009941824","trial_id":9,"param_name":"learning_rate","param_value_internal":0.041384276921650816,"distribution":"{\"name\": \"FloatDistribution\", \"attributes\": {\"step\": null, \"low\": 0.01, \"high\": 0.2, \"log\": true}}"}
{"op_code":5,"worker_id":"38b48471-f038-419f-8d2c-1b4f89e098a4-139906009941824","trial_id":9,"param_name":"n_estimators","param_value_internal":81.0,"distribution":"{\"name\": \"IntDistribution\", \"attributes\": {\"log\": false, \"step\": 1, \"low\": 50, \"high\": 200}}"}
{"op_code":5,"worker_id":"38b48471-f038-419f-8d2c-1b4f89e098a4-139906009941824","trial_id":9,"param_name":"max_depth","param_value_internal":4.0,"distribution":"{\"name\": \"IntDistribution\", \"attributes\": {\"log\": false, \"step\": 1, \"low\": 2, \"high\": 5}}"}
{"op_code":6,"worker_id":"38b48471-f038-419f-8d2c-1b4f89e098a4-139906009941824","trial_id":9,"state":1,"values":[0.5119047619047619],"datetime_complete":"2026-04-06T01:47:57.895658"}
{"op_code":4,"worker_id":"38b48471-f038-419f-8d2c-1b4f89e098a4-139906009941824","study_id":0,"datetime_start":"2026-04-06T01:47:57.910504"}
{"op_code":5,"worker_id":"38b48471-f038-419f-8d2c-1b4f89e098a4-139906009941824","trial_id":10,"param_name":"learning_rate","param_value_internal":0.0859122202761365,"distribution":"{\"name\": \"FloatDistribution\", \"attributes\": {\"step\": null, \"low\": 0.01, \"high\": 0.2, \"log\": true}}"}
{"op_code":5,"worker_id":"38b48471-f038-419f-8d2c-1b4f89e098a4-139906009941824","trial_id":10,"param_name":"n_estimators","param_value_internal":50.0,"distribution":"{\"name\": \"IntDistribution\", \"attributes\": {\"log\": false, \"step\": 1, \"low\": 50, \"high\": 200}}"}
{"op_code":5,"worker_id":"38b48471-f038-419f-8d2c-1b4f89e098a4-139906009941824","trial_id":10,"param_name":"max_depth","param_value_internal":3.0,"distribution":"{\"name\": \"IntDistribution\", \"attributes\": {\"log\": false, \"step\": 1, \"low\": 2, \"high\": 5}}"}
{"op_code":6,"worker_id":"38b48471-f038-419f-8d2c-1b4f89e098a4-139906009941824","trial_id":10,"state":1,"values":[0.5544217687074829],"datetime_complete":"2026-04-06T01:48:07.235602"}
{"op_code":4,"worker_id":"38b48471-f038-419f-8d2c-1b4f89e098a4-139906009941824","study_id":0,"datetime_start":"2026-04-06T01:48:07.250210"}
{"op_code":5,"worker_id":"38b48471-f038-419f-8d2c-1b4f89e098a4-139906009941824","trial_id":11,"param_name":"learning_rate","param_value_internal":0.08684932166733576,"distribution":"{\"name\": \"FloatDistribution\", \"attributes\": {\"step\": null, \"low\": 0.01, \"high\": 0.2, \"log\": true}}"}
{"op_code":5,"worker_id":"38b48471-f038-419f-8d2c-1b4f89e098a4-139906009941824","trial_id":11,"param_name":"n_estimators","param_value_internal":56.0,"distribution":"{\"name\": \"IntDistribution\", \"attributes\": {\"log\": false, \"step\": 1, \"low\": 50, \"high\": 200}}"}
{"op_code":5,"worker_id":"38b48471-f038-419f-8d2c-1b4f89e098a4-139906009941824","trial_id":11,"param_name":"max_depth","param_value_internal":3.0,"distribution":"{\"name\": \"IntDistribution\", \"attributes\": {\"log\": false, \"step\": 1, \"low\": 2, \"high\": 5}}"}
{"op_code":6,"worker_id":"38b48471-f038-419f-8d2c-1b4f89e098a4-139906009941824","trial_id":11,"state":1,"values":[0.5357142857142857],"datetime_complete":"2026-04-06T01:48:17.752588"}
{"op_code":4,"worker_id":"38b48471-f038-419f-8d2c-1b4f89e098a4-139906009941824","study_id":0,"datetime_start":"2026-04-06T01:48:17.767254"}
{"op_code":5,"worker_id":"38b48471-f038-419f-8d2c-1b4f89e098a4-139906009941824","trial_id":12,"param_name":"learning_rate","param_value_internal":0.0817563623050862,"distribution":"{\"name\": \"FloatDistribution\", \"attributes\": {\"step\": null, \"low\": 0.01, \"high\": 0.2, \"log\": true}}"}
{"op_code":5,"worker_id":"38b48471-f038-419f-8d2c-1b4f89e098a4-139906009941824","trial_id":12,"param_name":"n_estimators","param_value_internal":131.0,"distribution":"{\"name\": \"IntDistribution\", \"attributes\": {\"log\": false, \"step\": 1, \"low\": 50, \"high\": 200}}"}
{"op_code":5,"worker_id":"38b48471-f038-419f-8d2c-1b4f89e098a4-139906009941824","trial_id":12,"param_name":"max_depth","param_value_internal":2.0,"distribution":"{\"name\": \"IntDistribution\", \"attributes\": {\"log\": false, \"step\": 1, \"low\": 2, \"high\": 5}}"}
{"op_code":6,"worker_id":"38b48471-f038-419f-8d2c-1b4f89e098a4-139906009941824","trial_id":12,"state":1,"values":[0.5391156462585034],"datetime_complete":"2026-04-06T01:48:34.831992"}
{"op_code":4,"worker_id":"38b48471-f038-419f-8d2c-1b4f89e098a4-139906009941824","study_id":0,"datetime_start":"2026-04-06T01:48:36.763720"}
{"op_code":5,"worker_id":"38b48471-f038-419f-8d2c-1b4f89e098a4-139906009941824","trial_id":13,"param_name":"learning_rate","param_value_internal":0.0774092225823211,"distribution":"{\"name\": \"FloatDistribution\", \"attributes\": {\"step\": null, \"low\": 0.01, \"high\": 0.2, \"log\": true}}"}
{"op_code":5,"worker_id":"38b48471-f038-419f-8d2c-1b4f89e098a4-139906009941824","trial_id":13,"param_name":"n_estimators","param_value_internal":52.0,"distribution":"{\"name\": \"IntDistribution\", \"attributes\": {\"log\": false, \"step\": 1, \"low\": 50, \"high\": 200}}"}
{"op_code":5,"worker_id":"38b48471-f038-419f-8d2c-1b4f89e098a4-139906009941824","trial_id":13,"param_name":"max_depth","param_value_internal":3.0,"distribution":"{\"name\": \"IntDistribution\", \"attributes\": {\"log\": false, \"step\": 1, \"low\": 2, \"high\": 5}}"}
{"op_code":6,"worker_id":"38b48471-f038-419f-8d2c-1b4f89e098a4-139906009941824","trial_id":13,"state":1,"values":[0.5170068027210885],"datetime_complete":"2026-04-06T01:48:46.530344"}
{"op_code":4,"worker_id":"38b48471-f038-419f-8d2c-1b4f89e098a4-139906009941824","study_id":0,"datetime_start":"2026-04-06T01:48:46.548098"}
{"op_code":5,"worker_id":"38b48471-f038-419f-8d2c-1b4f89e098a4-139906009941824","trial_id":14,"param_name":"learning_rate","param_value_internal":0.12223055811777589,"distribution":"{\"name\": \"FloatDistribution\", \"attributes\": {\"step\": null, \"low\": 0.01, \"high\": 0.2, \"log\": true}}"}
{"op_code":5,"worker_id":"38b48471-f038-419f-8d2c-1b4f89e098a4-139906009941824","trial_id":14,"param_name":"n_estimators","param_value_internal":145.0,"distribution":"{\"name\": \"IntDistribution\", \"attributes\": {\"log\": false, \"step\": 1, \"low\": 50, \"high\": 200}}"}
{"op_code":5,"worker_id":"38b48471-f038-419f-8d2c-1b4f89e098a4-139906009941824","trial_id":14,"param_name":"max_depth","param_value_internal":2.0,"distribution":"{\"name\": \"IntDistribution\", \"attributes\": {\"log\": false, \"step\": 1, \"low\": 2, \"high\": 5}}"}
{"op_code":6,"worker_id":"38b48471-f038-419f-8d2c-1b4f89e098a4-139906009941824","trial_id":14,"state":1,"values":[0.5510204081632653],"datetime_complete":"2026-04-06T01:49:05.595724"}
{"op_code":4,"worker_id":"38b48471-f038-419f-8d2c-1b4f89e098a4-139906009941824","study_id":0,"datetime_start":"2026-04-06T01:49:05.612826"}
{"op_code":5,"worker_id":"38b48471-f038-419f-8d2c-1b4f89e098a4-139906009941824","trial_id":15,"param_name":"learning_rate","param_value_internal":0.13566295229632533,"distribution":"{\"name\": \"FloatDistribution\", \"attributes\": {\"step\": null, \"low\": 0.01, \"high\": 0.2, \"log\": true}}"}
{"op_code":5,"worker_id":"38b48471-f038-419f-8d2c-1b4f89e098a4-139906009941824","trial_id":15,"param_name":"n_estimators","param_value_internal":149.0,"distribution":"{\"name\": \"IntDistribution\", \"attributes\": {\"log\": false, \"step\": 1, \"low\": 50, \"high\": 200}}"}
{"op_code":5,"worker_id":"38b48471-f038-419f-8d2c-1b4f89e098a4-139906009941824","trial_id":15,"param_name":"max_depth","param_value_internal":3.0,"distribution":"{\"name\": \"IntDistribution\", \"attributes\": {\"log\": false, \"step\": 1, \"low\": 2, \"high\": 5}}"}
{"op_code":6,"worker_id":"38b48471-f038-419f-8d2c-1b4f89e098a4-139906009941824","trial_id":15,"state":1,"values":[0.5561224489795918],"datetime_complete":"2026-04-06T01:49:33.264564"}
{"op_code":4,"worker_id":"38b48471-f038-419f-8d2c-1b4f89e098a4-139906009941824","study_id":0,"datetime_start":"2026-04-06T01:49:33.285782"}
{"op_code":5,"worker_id":"38b48471-f038-419f-8d2c-1b4f89e098a4-139906009941824","trial_id":16,"param_name":"learning_rate","param_value_internal":0.011237698756654995,"distribution":"{\"name\": \"FloatDistribution\", \"attributes\": {\"step\": null, \"low\": 0.01, \"high\": 0.2, \"log\": true}}"}
{"op_code":5,"worker_id":"38b48471-f038-419f-8d2c-1b4f89e098a4-139906009941824","trial_id":16,"param_name":"n_estimators","param_value_internal":109.0,"distribution":"{\"name\": \"IntDistribution\", \"attributes\": {\"log\": false, \"step\": 1, \"low\": 50, \"high\": 200}}"}
{"op_code":5,"worker_id":"38b48471-f038-419f-8d2c-1b4f89e098a4-139906009941824","trial_id":16,"param_name":"max_depth","param_value_internal":3.0,"distribution":"{\"name\": \"IntDistribution\", \"attributes\": {\"log\": false, \"step\": 1, \"low\": 2, \"high\": 5}}"}
{"op_code":6,"worker_id":"38b48471-f038-419f-8d2c-1b4f89e098a4-139906009941824","trial_id":16,"state":1,"values":[0.48299319727891155],"datetime_complete":"2026-04-06T01:49:53.358088"}
{"op_code":4,"worker_id":"38b48471-f038-419f-8d2c-1b4f89e098a4-139906009941824","study_id":0,"datetime_start":"2026-04-06T01:49:53.380393"}
{"op_code":5,"worker_id":"38b48471-f038-419f-8d2c-1b4f89e098a4-139906009941824","trial_id":17,"param_name":"learning_rate","param_value_internal":0.1966755529188911,"distribution":"{\"name\": \"FloatDistribution\", \"attributes\": {\"step\": null, \"low\": 0.01, \"high\": 0.2, \"log\": true}}"}
{"op_code":5,"worker_id":"38b48471-f038-419f-8d2c-1b4f89e098a4-139906009941824","trial_id":17,"param_name":"n_estimators","param_value_internal":73.0,"distribution":"{\"name\": \"IntDistribution\", \"attributes\": {\"log\": false, \"step\": 1, \"low\": 50, \"high\": 200}}"}
{"op_code":5,"worker_id":"38b48471-f038-419f-8d2c-1b4f89e098a4-139906009941824","trial_id":17,"param_name":"max_depth","param_value_internal":3.0,"distribution":"{\"name\": \"IntDistribution\", \"attributes\": {\"log\": false, \"step\": 1, \"low\": 2, \"high\": 5}}"}
{"op_code":6,"worker_id":"38b48471-f038-419f-8d2c-1b4f89e098a4-139906009941824","trial_id":17,"state":1,"values":[0.5663265306122449],"datetime_complete":"2026-04-06T01:50:07.095473"}
{"op_code":4,"worker_id":"38b48471-f038-419f-8d2c-1b4f89e098a4-139906009941824","study_id":0,"datetime_start":"2026-04-06T01:50:07.109497"}
{"op_code":5,"worker_id":"38b48471-f038-419f-8d2c-1b4f89e098a4-139906009941824","trial_id":18,"param_name":"learning_rate","param_value_internal":0.19466449007365558,"distribution":"{\"name\": \"FloatDistribution\", \"attributes\": {\"step\": null, \"low\": 0.01, \"high\": 0.2, \"log\": true}}"}
{"op_code":5,"worker_id":"38b48471-f038-419f-8d2c-1b4f89e098a4-139906009941824","trial_id":18,"param_name":"n_estimators","param_value_internal":70.0,"distribution":"{\"name\": \"IntDistribution\", \"attributes\": {\"log\": false, \"step\": 1, \"low\": 50, \"high\": 200}}"}
{"op_code":5,"worker_id":"38b48471-f038-419f-8d2c-1b4f89e098a4-139906009941824","trial_id":18,"param_name":"max_depth","param_value_internal":3.0,"distribution":"{\"name\": \"IntDistribution\", \"attributes\": {\"log\": false, \"step\": 1, \"low\": 2, \"high\": 5}}"}
{"op_code":6,"worker_id":"38b48471-f038-419f-8d2c-1b4f89e098a4-139906009941824","trial_id":18,"state":1,"values":[0.5663265306122449],"datetime_complete":"2026-04-06T01:50:20.392861"}
{"op_code":4,"worker_id":"38b48471-f038-419f-8d2c-1b4f89e098a4-139906009941824","study_id":0,"datetime_start":"2026-04-06T01:50:20.412197"}
{"op_code":5,"worker_id":"38b48471-f038-419f-8d2c-1b4f89e098a4-139906009941824","trial_id":19,"param_name":"learning_rate","param_value_internal":0.19747900687250025,"distribution":"{\"name\": \"FloatDistribution\", \"attributes\": {\"step\": null, \"low\": 0.01, \"high\": 0.2, \"log\": true}}"}
{"op_code":5,"worker_id":"38b48471-f038-419f-8d2c-1b4f89e098a4-139906009941824","trial_id":19,"param_name":"n_estimators","param_value_internal":69.0,"distribution":"{\"name\": \"IntDistribution\", \"attributes\": {\"log\": false, \"step\": 1, \"low\": 50, \"high\": 200}}"}
{"op_code":5,"worker_id":"38b48471-f038-419f-8d2c-1b4f89e098a4-139906009941824","trial_id":19,"param_name":"max_depth","param_value_internal":4.0,"distribution":"{\"name\": \"IntDistribution\", \"attributes\": {\"log\": false, \"step\": 1, \"low\": 2, \"high\": 5}}"}
{"op_code":6,"worker_id":"38b48471-f038-419f-8d2c-1b4f89e098a4-139906009941824","trial_id":19,"state":1,"values":[0.5085034013605442],"datetime_complete":"2026-04-06T01:50:36.943437"}
