{"op_code":0,"worker_id":"a733c2a0-ab7e-48a3-8cd1-47ce766b8e8c-140485451474752","study_name":"deepsurv_tuning","directions":[2]}
{"op_code":4,"worker_id":"a733c2a0-ab7e-48a3-8cd1-47ce766b8e8c-140485451474752","study_id":0,"datetime_start":"2026-04-06T09:30:44.989855"}
{"op_code":5,"worker_id":"a733c2a0-ab7e-48a3-8cd1-47ce766b8e8c-140485451474752","trial_id":0,"param_name":"lr","param_value_internal":0.007400044968177079,"distribution":"{\"name\": \"FloatDistribution\", \"attributes\": {\"step\": null, \"low\": 0.0001, \"high\": 0.1, \"log\": true}}"}
{"op_code":5,"worker_id":"a733c2a0-ab7e-48a3-8cd1-47ce766b8e8c-140485451474752","trial_id":0,"param_name":"dropout","param_value_internal":0.2464905499168018,"distribution":"{\"name\": \"FloatDistribution\", \"attributes\": {\"step\": null, \"low\": 0.0, \"high\": 0.5, \"log\": false}}"}
{"op_code":5,"worker_id":"a733c2a0-ab7e-48a3-8cd1-47ce766b8e8c-140485451474752","trial_id":0,"param_name":"layers","param_value_internal":0,"distribution":"{\"name\": \"CategoricalDistribution\", \"attributes\": {\"choices\": [1, 2, 3]}}"}
{"op_code":5,"worker_id":"a733c2a0-ab7e-48a3-8cd1-47ce766b8e8c-140485451474752","trial_id":0,"param_name":"nodes","param_value_internal":0,"distribution":"{\"name\": \"CategoricalDistribution\", \"attributes\": {\"choices\": [16, 32, 64]}}"}
{"op_code":6,"worker_id":"a733c2a0-ab7e-48a3-8cd1-47ce766b8e8c-140485451474752","trial_id":0,"state":1,"values":[0.7229438995044558],"datetime_complete":"2026-04-06T09:30:46.230887"}
{"op_code":4,"worker_id":"a733c2a0-ab7e-48a3-8cd1-47ce766b8e8c-140485451474752","study_id":0,"datetime_start":"2026-04-06T09:30:46.250865"}
{"op_code":5,"worker_id":"a733c2a0-ab7e-48a3-8cd1-47ce766b8e8c-140485451474752","trial_id":1,"param_name":"lr","param_value_internal":0.023951822273996556,"distribution":"{\"name\": \"FloatDistribution\", \"attributes\": {\"step\": null, \"low\": 0.0001, \"high\": 0.1, \"log\": true}}"}
{"op_code":5,"worker_id":"a733c2a0-ab7e-48a3-8cd1-47ce766b8e8c-140485451474752","trial_id":1,"param_name":"dropout","param_value_internal":0.15355319049765187,"distribution":"{\"name\": \"FloatDistribution\", \"attributes\": {\"step\": null, \"low\": 0.0, \"high\": 0.5, \"log\": false}}"}
{"op_code":5,"worker_id":"a733c2a0-ab7e-48a3-8cd1-47ce766b8e8c-140485451474752","trial_id":1,"param_name":"layers","param_value_internal":0,"distribution":"{\"name\": \"CategoricalDistribution\", \"attributes\": {\"choices\": [1, 2, 3]}}"}
{"op_code":5,"worker_id":"a733c2a0-ab7e-48a3-8cd1-47ce766b8e8c-140485451474752","trial_id":1,"param_name":"nodes","param_value_internal":1,"distribution":"{\"name\": \"CategoricalDistribution\", \"attributes\": {\"choices\": [16, 32, 64]}}"}
{"op_code":6,"worker_id":"a733c2a0-ab7e-48a3-8cd1-47ce766b8e8c-140485451474752","trial_id":1,"state":1,"values":[0.7056712278483595],"datetime_complete":"2026-04-06T09:30:47.603467"}
{"op_code":4,"worker_id":"a733c2a0-ab7e-48a3-8cd1-47ce766b8e8c-140485451474752","study_id":0,"datetime_start":"2026-04-06T09:30:47.620426"}
{"op_code":5,"worker_id":"a733c2a0-ab7e-48a3-8cd1-47ce766b8e8c-140485451474752","trial_id":2,"param_name":"lr","param_value_internal":0.00016039396953297977,"distribution":"{\"name\": \"FloatDistribution\", \"attributes\": {\"step\": null, \"low\": 0.0001, \"high\": 0.1, \"log\": true}}"}
{"op_code":5,"worker_id":"a733c2a0-ab7e-48a3-8cd1-47ce766b8e8c-140485451474752","trial_id":2,"param_name":"dropout","param_value_internal":0.48618275381283893,"distribution":"{\"name\": \"FloatDistribution\", \"attributes\": {\"step\": null, \"low\": 0.0, \"high\": 0.5, \"log\": false}}"}
{"op_code":5,"worker_id":"a733c2a0-ab7e-48a3-8cd1-47ce766b8e8c-140485451474752","trial_id":2,"param_name":"layers","param_value_internal":2,"distribution":"{\"name\": \"CategoricalDistribution\", \"attributes\": {\"choices\": [1, 2, 3]}}"}
{"op_code":5,"worker_id":"a733c2a0-ab7e-48a3-8cd1-47ce766b8e8c-140485451474752","trial_id":2,"param_name":"nodes","param_value_internal":0,"distribution":"{\"name\": \"CategoricalDistribution\", \"attributes\": {\"choices\": [16, 32, 64]}}"}
{"op_code":6,"worker_id":"a733c2a0-ab7e-48a3-8cd1-47ce766b8e8c-140485451474752","trial_id":2,"state":1,"values":[0.4957888941003732],"datetime_complete":"2026-04-06T09:30:49.593047"}
{"op_code":4,"worker_id":"a733c2a0-ab7e-48a3-8cd1-47ce766b8e8c-140485451474752","study_id":0,"datetime_start":"2026-04-06T09:30:49.619456"}
{"op_code":5,"worker_id":"a733c2a0-ab7e-48a3-8cd1-47ce766b8e8c-140485451474752","trial_id":3,"param_name":"lr","param_value_internal":0.0437988307202515,"distribution":"{\"name\": \"FloatDistribution\", \"attributes\": {\"step\": null, \"low\": 0.0001, \"high\": 0.1, \"log\": true}}"}
{"op_code":5,"worker_id":"a733c2a0-ab7e-48a3-8cd1-47ce766b8e8c-140485451474752","trial_id":3,"param_name":"dropout","param_value_internal":0.4671027663747907,"distribution":"{\"name\": \"FloatDistribution\", \"attributes\": {\"step\": null, \"low\": 0.0, \"high\": 0.5, \"log\": false}}"}
{"op_code":5,"worker_id":"a733c2a0-ab7e-48a3-8cd1-47ce766b8e8c-140485451474752","trial_id":3,"param_name":"layers","param_value_internal":0,"distribution":"{\"name\": \"CategoricalDistribution\", \"attributes\": {\"choices\": [1, 2, 3]}}"}
{"op_code":5,"worker_id":"a733c2a0-ab7e-48a3-8cd1-47ce766b8e8c-140485451474752","trial_id":3,"param_name":"nodes","param_value_internal":1,"distribution":"{\"name\": \"CategoricalDistribution\", \"attributes\": {\"choices\": [16, 32, 64]}}"}
{"op_code":6,"worker_id":"a733c2a0-ab7e-48a3-8cd1-47ce766b8e8c-140485451474752","trial_id":3,"state":1,"values":[0.7210269796276281],"datetime_complete":"2026-04-06T09:30:51.079750"}
{"op_code":4,"worker_id":"a733c2a0-ab7e-48a3-8cd1-47ce766b8e8c-140485451474752","study_id":0,"datetime_start":"2026-04-06T09:30:51.101806"}
{"op_code":5,"worker_id":"a733c2a0-ab7e-48a3-8cd1-47ce766b8e8c-140485451474752","trial_id":4,"param_name":"lr","param_value_internal":0.0030489990983633797,"distribution":"{\"name\": \"FloatDistribution\", \"attributes\": {\"step\": null, \"low\": 0.0001, \"high\": 0.1, \"log\": true}}"}
{"op_code":5,"worker_id":"a733c2a0-ab7e-48a3-8cd1-47ce766b8e8c-140485451474752","trial_id":4,"param_name":"dropout","param_value_internal":0.40181079245848056,"distribution":"{\"name\": \"FloatDistribution\", \"attributes\": {\"step\": null, \"low\": 0.0, \"high\": 0.5, \"log\": false}}"}
{"op_code":5,"worker_id":"a733c2a0-ab7e-48a3-8cd1-47ce766b8e8c-140485451474752","trial_id":4,"param_name":"layers","param_value_internal":1,"distribution":"{\"name\": \"CategoricalDistribution\", \"attributes\": {\"choices\": [1, 2, 3]}}"}
{"op_code":5,"worker_id":"a733c2a0-ab7e-48a3-8cd1-47ce766b8e8c-140485451474752","trial_id":4,"param_name":"nodes","param_value_internal":2,"distribution":"{\"name\": \"CategoricalDistribution\", \"attributes\": {\"choices\": [16, 32, 64]}}"}
{"op_code":6,"worker_id":"a733c2a0-ab7e-48a3-8cd1-47ce766b8e8c-140485451474752","trial_id":4,"state":1,"values":[0.7216183698023941],"datetime_complete":"2026-04-06T09:30:52.809317"}
{"op_code":4,"worker_id":"a733c2a0-ab7e-48a3-8cd1-47ce766b8e8c-140485451474752","study_id":0,"datetime_start":"2026-04-06T09:30:52.833880"}
{"op_code":5,"worker_id":"a733c2a0-ab7e-48a3-8cd1-47ce766b8e8c-140485451474752","trial_id":5,"param_name":"lr","param_value_internal":0.00011627987297146614,"distribution":"{\"name\": \"FloatDistribution\", \"attributes\": {\"step\": null, \"low\": 0.0001, \"high\": 0.1, \"log\": true}}"}
{"op_code":5,"worker_id":"a733c2a0-ab7e-48a3-8cd1-47ce766b8e8c-140485451474752","trial_id":5,"param_name":"dropout","param_value_internal":0.4238604581503138,"distribution":"{\"name\": \"FloatDistribution\", \"attributes\": {\"step\": null, \"low\": 0.0, \"high\": 0.5, \"log\": false}}"}
{"op_code":5,"worker_id":"a733c2a0-ab7e-48a3-8cd1-47ce766b8e8c-140485451474752","trial_id":5,"param_name":"layers","param_value_internal":0,"distribution":"{\"name\": \"CategoricalDistribution\", \"attributes\": {\"choices\": [1, 2, 3]}}"}
{"op_code":5,"worker_id":"a733c2a0-ab7e-48a3-8cd1-47ce766b8e8c-140485451474752","trial_id":5,"param_name":"nodes","param_value_internal":0,"distribution":"{\"name\": \"CategoricalDistribution\", \"attributes\": {\"choices\": [16, 32, 64]}}"}
{"op_code":6,"worker_id":"a733c2a0-ab7e-48a3-8cd1-47ce766b8e8c-140485451474752","trial_id":5,"state":1,"values":[0.4008707710504313],"datetime_complete":"2026-04-06T09:30:54.168311"}
{"op_code":4,"worker_id":"a733c2a0-ab7e-48a3-8cd1-47ce766b8e8c-140485451474752","study_id":0,"datetime_start":"2026-04-06T09:30:54.192285"}
{"op_code":5,"worker_id":"a733c2a0-ab7e-48a3-8cd1-47ce766b8e8c-140485451474752","trial_id":6,"param_name":"lr","param_value_internal":0.00011126663477545747,"distribution":"{\"name\": \"FloatDistribution\", \"attributes\": {\"step\": null, \"low\": 0.0001, \"high\": 0.1, \"log\": true}}"}
{"op_code":5,"worker_id":"a733c2a0-ab7e-48a3-8cd1-47ce766b8e8c-140485451474752","trial_id":6,"param_name":"dropout","param_value_internal":0.19433812775816517,"distribution":"{\"name\": \"FloatDistribution\", \"attributes\": {\"step\": null, \"low\": 0.0, \"high\": 0.5, \"log\": false}}"}
{"op_code":5,"worker_id":"a733c2a0-ab7e-48a3-8cd1-47ce766b8e8c-140485451474752","trial_id":6,"param_name":"layers","param_value_internal":1,"distribution":"{\"name\": \"CategoricalDistribution\", \"attributes\": {\"choices\": [1, 2, 3]}}"}
{"op_code":5,"worker_id":"a733c2a0-ab7e-48a3-8cd1-47ce766b8e8c-140485451474752","trial_id":6,"param_name":"nodes","param_value_internal":2,"distribution":"{\"name\": \"CategoricalDistribution\", \"attributes\": {\"choices\": [16, 32, 64]}}"}
{"op_code":6,"worker_id":"a733c2a0-ab7e-48a3-8cd1-47ce766b8e8c-140485451474752","trial_id":6,"state":1,"values":[0.6629279931480311],"datetime_complete":"2026-04-06T09:30:55.890446"}
{"op_code":4,"worker_id":"a733c2a0-ab7e-48a3-8cd1-47ce766b8e8c-140485451474752","study_id":0,"datetime_start":"2026-04-06T09:30:55.918424"}
{"op_code":5,"worker_id":"a733c2a0-ab7e-48a3-8cd1-47ce766b8e8c-140485451474752","trial_id":7,"param_name":"lr","param_value_internal":0.0298603411581907,"distribution":"{\"name\": \"FloatDistribution\", \"attributes\": {\"step\": null, \"low\": 0.0001, \"high\": 0.1, \"log\": true}}"}
{"op_code":5,"worker_id":"a733c2a0-ab7e-48a3-8cd1-47ce766b8e8c-140485451474752","trial_id":7,"param_name":"dropout","param_value_internal":0.3241212959338356,"distribution":"{\"name\": \"FloatDistribution\", \"attributes\": {\"step\": null, \"low\": 0.0, \"high\": 0.5, \"log\": false}}"}
{"op_code":5,"worker_id":"a733c2a0-ab7e-48a3-8cd1-47ce766b8e8c-140485451474752","trial_id":7,"param_name":"layers","param_value_internal":0,"distribution":"{\"name\": \"CategoricalDistribution\", \"attributes\": {\"choices\": [1, 2, 3]}}"}
{"op_code":5,"worker_id":"a733c2a0-ab7e-48a3-8cd1-47ce766b8e8c-140485451474752","trial_id":7,"param_name":"nodes","param_value_internal":0,"distribution":"{\"name\": \"CategoricalDistribution\", \"attributes\": {\"choices\": [16, 32, 64]}}"}
{"op_code":6,"worker_id":"a733c2a0-ab7e-48a3-8cd1-47ce766b8e8c-140485451474752","trial_id":7,"state":1,"values":[0.7235148969145747],"datetime_complete":"2026-04-06T09:30:57.332502"}
{"op_code":4,"worker_id":"a733c2a0-ab7e-48a3-8cd1-47ce766b8e8c-140485451474752","study_id":0,"datetime_start":"2026-04-06T09:30:57.354808"}
{"op_code":5,"worker_id":"a733c2a0-ab7e-48a3-8cd1-47ce766b8e8c-140485451474752","trial_id":8,"param_name":"lr","param_value_internal":0.0008817905586439304,"distribution":"{\"name\": \"FloatDistribution\", \"attributes\": {\"step\": null, \"low\": 0.0001, \"high\": 0.1, \"log\": true}}"}
{"op_code":5,"worker_id":"a733c2a0-ab7e-48a3-8cd1-47ce766b8e8c-140485451474752","trial_id":8,"param_name":"dropout","param_value_internal":0.23069743073082966,"distribution":"{\"name\": \"FloatDistribution\", \"attributes\": {\"step\": null, \"low\": 0.0, \"high\": 0.5, \"log\": false}}"}
{"op_code":5,"worker_id":"a733c2a0-ab7e-48a3-8cd1-47ce766b8e8c-140485451474752","trial_id":8,"param_name":"layers","param_value_internal":2,"distribution":"{\"name\": \"CategoricalDistribution\", \"attributes\": {\"choices\": [1, 2, 3]}}"}
{"op_code":5,"worker_id":"a733c2a0-ab7e-48a3-8cd1-47ce766b8e8c-140485451474752","trial_id":8,"param_name":"nodes","param_value_internal":1,"distribution":"{\"name\": \"CategoricalDistribution\", \"attributes\": {\"choices\": [16, 32, 64]}}"}
{"op_code":6,"worker_id":"a733c2a0-ab7e-48a3-8cd1-47ce766b8e8c-140485451474752","trial_id":8,"state":1,"values":[0.7079756102534821],"datetime_complete":"2026-04-06T09:30:59.266391"}
{"op_code":4,"worker_id":"a733c2a0-ab7e-48a3-8cd1-47ce766b8e8c-140485451474752","study_id":0,"datetime_start":"2026-04-06T09:30:59.279474"}
{"op_code":5,"worker_id":"a733c2a0-ab7e-48a3-8cd1-47ce766b8e8c-140485451474752","trial_id":9,"param_name":"lr","param_value_internal":0.00219728792251671,"distribution":"{\"name\": \"FloatDistribution\", \"attributes\": {\"step\": null, \"low\": 0.0001, \"high\": 0.1, \"log\": true}}"}
{"op_code":5,"worker_id":"a733c2a0-ab7e-48a3-8cd1-47ce766b8e8c-140485451474752","trial_id":9,"param_name":"dropout","param_value_internal":0.3000856154065401,"distribution":"{\"name\": \"FloatDistribution\", \"attributes\": {\"step\": null, \"low\": 0.0, \"high\": 0.5, \"log\": false}}"}
{"op_code":5,"worker_id":"a733c2a0-ab7e-48a3-8cd1-47ce766b8e8c-140485451474752","trial_id":9,"param_name":"layers","param_value_internal":2,"distribution":"{\"name\": \"CategoricalDistribution\", \"attributes\": {\"choices\": [1, 2, 3]}}"}
{"op_code":5,"worker_id":"a733c2a0-ab7e-48a3-8cd1-47ce766b8e8c-140485451474752","trial_id":9,"param_name":"nodes","param_value_internal":2,"distribution":"{\"name\": \"CategoricalDistribution\", \"attributes\": {\"choices\": [16, 32, 64]}}"}
{"op_code":6,"worker_id":"a733c2a0-ab7e-48a3-8cd1-47ce766b8e8c-140485451474752","trial_id":9,"state":1,"values":[0.7193751656912127],"datetime_complete":"2026-04-06T09:31:01.229022"}
{"op_code":4,"worker_id":"a733c2a0-ab7e-48a3-8cd1-47ce766b8e8c-140485451474752","study_id":0,"datetime_start":"2026-04-06T09:31:01.244305"}
{"op_code":5,"worker_id":"a733c2a0-ab7e-48a3-8cd1-47ce766b8e8c-140485451474752","trial_id":10,"param_name":"lr","param_value_internal":0.07163953832931433,"distribution":"{\"name\": \"FloatDistribution\", \"attributes\": {\"step\": null, \"low\": 0.0001, \"high\": 0.1, \"log\": true}}"}
{"op_code":5,"worker_id":"a733c2a0-ab7e-48a3-8cd1-47ce766b8e8c-140485451474752","trial_id":10,"param_name":"dropout","param_value_internal":0.0019716880787476465,"distribution":"{\"name\": \"FloatDistribution\", \"attributes\": {\"step\": null, \"low\": 0.0, \"high\": 0.5, \"log\": false}}"}
{"op_code":5,"worker_id":"a733c2a0-ab7e-48a3-8cd1-47ce766b8e8c-140485451474752","trial_id":10,"param_name":"layers","param_value_internal":0,"distribution":"{\"name\": \"CategoricalDistribution\", \"attributes\": {\"choices\": [1, 2, 3]}}"}
{"op_code":5,"worker_id":"a733c2a0-ab7e-48a3-8cd1-47ce766b8e8c-140485451474752","trial_id":10,"param_name":"nodes","param_value_internal":0,"distribution":"{\"name\": \"CategoricalDistribution\", \"attributes\": {\"choices\": [16, 32, 64]}}"}
{"op_code":6,"worker_id":"a733c2a0-ab7e-48a3-8cd1-47ce766b8e8c-140485451474752","trial_id":10,"state":1,"values":[0.7078124681363053],"datetime_complete":"2026-04-06T09:31:02.621683"}
{"op_code":4,"worker_id":"a733c2a0-ab7e-48a3-8cd1-47ce766b8e8c-140485451474752","study_id":0,"datetime_start":"2026-04-06T09:31:02.638887"}
{"op_code":5,"worker_id":"a733c2a0-ab7e-48a3-8cd1-47ce766b8e8c-140485451474752","trial_id":11,"param_name":"lr","param_value_internal":0.013627733328928072,"distribution":"{\"name\": \"FloatDistribution\", \"attributes\": {\"step\": null, \"low\": 0.0001, \"high\": 0.1, \"log\": true}}"}
{"op_code":5,"worker_id":"a733c2a0-ab7e-48a3-8cd1-47ce766b8e8c-140485451474752","trial_id":11,"param_name":"dropout","param_value_internal":0.3334430960380104,"distribution":"{\"name\": \"FloatDistribution\", \"attributes\": {\"step\": null, \"low\": 0.0, \"high\": 0.5, \"log\": false}}"}
{"op_code":5,"worker_id":"a733c2a0-ab7e-48a3-8cd1-47ce766b8e8c-140485451474752","trial_id":11,"param_name":"layers","param_value_internal":0,"distribution":"{\"name\": \"CategoricalDistribution\", \"attributes\": {\"choices\": [1, 2, 3]}}"}
{"op_code":5,"worker_id":"a733c2a0-ab7e-48a3-8cd1-47ce766b8e8c-140485451474752","trial_id":11,"param_name":"nodes","param_value_internal":0,"distribution":"{\"name\": \"CategoricalDistribution\", \"attributes\": {\"choices\": [16, 32, 64]}}"}
{"op_code":6,"worker_id":"a733c2a0-ab7e-48a3-8cd1-47ce766b8e8c-140485451474752","trial_id":11,"state":1,"values":[0.7259212431429329],"datetime_complete":"2026-04-06T09:31:03.822816"}
{"op_code":4,"worker_id":"a733c2a0-ab7e-48a3-8cd1-47ce766b8e8c-140485451474752","study_id":0,"datetime_start":"2026-04-06T09:31:03.845300"}
{"op_code":5,"worker_id":"a733c2a0-ab7e-48a3-8cd1-47ce766b8e8c-140485451474752","trial_id":12,"param_name":"lr","param_value_internal":0.015022929219128534,"distribution":"{\"name\": \"FloatDistribution\", \"attributes\": {\"step\": null, \"low\": 0.0001, \"high\": 0.1, \"log\": true}}"}
{"op_code":5,"worker_id":"a733c2a0-ab7e-48a3-8cd1-47ce766b8e8c-140485451474752","trial_id":12,"param_name":"dropout","param_value_internal":0.33189854031743593,"distribution":"{\"name\": \"FloatDistribution\", \"attributes\": {\"step\": null, \"low\": 0.0, \"high\": 0.5, \"log\": false}}"}
{"op_code":5,"worker_id":"a733c2a0-ab7e-48a3-8cd1-47ce766b8e8c-140485451474752","trial_id":12,"param_name":"layers","param_value_internal":0,"distribution":"{\"name\": \"CategoricalDistribution\", \"attributes\": {\"choices\": [1, 2, 3]}}"}
{"op_code":5,"worker_id":"a733c2a0-ab7e-48a3-8cd1-47ce766b8e8c-140485451474752","trial_id":12,"param_name":"nodes","param_value_internal":0,"distribution":"{\"name\": \"CategoricalDistribution\", \"attributes\": {\"choices\": [16, 32, 64]}}"}
{"op_code":6,"worker_id":"a733c2a0-ab7e-48a3-8cd1-47ce766b8e8c-140485451474752","trial_id":12,"state":1,"values":[0.7156228969961458],"datetime_complete":"2026-04-06T09:31:05.097229"}
{"op_code":4,"worker_id":"a733c2a0-ab7e-48a3-8cd1-47ce766b8e8c-140485451474752","study_id":0,"datetime_start":"2026-04-06T09:31:05.109542"}
{"op_code":5,"worker_id":"a733c2a0-ab7e-48a3-8cd1-47ce766b8e8c-140485451474752","trial_id":13,"param_name":"lr","param_value_internal":0.008567879413512046,"distribution":"{\"name\": \"FloatDistribution\", \"attributes\": {\"step\": null, \"low\": 0.0001, \"high\": 0.1, \"log\": true}}"}
{"op_code":5,"worker_id":"a733c2a0-ab7e-48a3-8cd1-47ce766b8e8c-140485451474752","trial_id":13,"param_name":"dropout","param_value_internal":0.34559318618034995,"distribution":"{\"name\": \"FloatDistribution\", \"attributes\": {\"step\": null, \"low\": 0.0, \"high\": 0.5, \"log\": false}}"}
{"op_code":5,"worker_id":"a733c2a0-ab7e-48a3-8cd1-47ce766b8e8c-140485451474752","trial_id":13,"param_name":"layers","param_value_internal":0,"distribution":"{\"name\": \"CategoricalDistribution\", \"attributes\": {\"choices\": [1, 2, 3]}}"}
{"op_code":5,"worker_id":"a733c2a0-ab7e-48a3-8cd1-47ce766b8e8c-140485451474752","trial_id":13,"param_name":"nodes","param_value_internal":0,"distribution":"{\"name\": \"CategoricalDistribution\", \"attributes\": {\"choices\": [16, 32, 64]}}"}
{"op_code":6,"worker_id":"a733c2a0-ab7e-48a3-8cd1-47ce766b8e8c-140485451474752","trial_id":13,"state":1,"values":[0.7217407263902768],"datetime_complete":"2026-04-06T09:31:06.394074"}
{"op_code":4,"worker_id":"a733c2a0-ab7e-48a3-8cd1-47ce766b8e8c-140485451474752","study_id":0,"datetime_start":"2026-04-06T09:31:06.408017"}
{"op_code":5,"worker_id":"a733c2a0-ab7e-48a3-8cd1-47ce766b8e8c-140485451474752","trial_id":14,"param_name":"lr","param_value_internal":0.09811519131689031,"distribution":"{\"name\": \"FloatDistribution\", \"attributes\": {\"step\": null, \"low\": 0.0001, \"high\": 0.1, \"log\": true}}"}
{"op_code":5,"worker_id":"a733c2a0-ab7e-48a3-8cd1-47ce766b8e8c-140485451474752","trial_id":14,"param_name":"dropout","param_value_internal":0.06208948986326723,"distribution":"{\"name\": \"FloatDistribution\", \"attributes\": {\"step\": null, \"low\": 0.0, \"high\": 0.5, \"log\": false}}"}
{"op_code":5,"worker_id":"a733c2a0-ab7e-48a3-8cd1-47ce766b8e8c-140485451474752","trial_id":14,"param_name":"layers","param_value_internal":0,"distribution":"{\"name\": \"CategoricalDistribution\", \"attributes\": {\"choices\": [1, 2, 3]}}"}
{"op_code":5,"worker_id":"a733c2a0-ab7e-48a3-8cd1-47ce766b8e8c-140485451474752","trial_id":14,"param_name":"nodes","param_value_internal":0,"distribution":"{\"name\": \"CategoricalDistribution\", \"attributes\": {\"choices\": [16, 32, 64]}}"}
{"op_code":6,"worker_id":"a733c2a0-ab7e-48a3-8cd1-47ce766b8e8c-140485451474752","trial_id":14,"state":1,"values":[0.6922731814752126],"datetime_complete":"2026-04-06T09:31:07.632948"}
{"op_code":4,"worker_id":"a733c2a0-ab7e-48a3-8cd1-47ce766b8e8c-140485451474752","study_id":0,"datetime_start":"2026-04-06T09:31:07.648338"}
{"op_code":5,"worker_id":"a733c2a0-ab7e-48a3-8cd1-47ce766b8e8c-140485451474752","trial_id":15,"param_name":"lr","param_value_internal":0.025380943209319894,"distribution":"{\"name\": \"FloatDistribution\", \"attributes\": {\"step\": null, \"low\": 0.0001, \"high\": 0.1, \"log\": true}}"}
{"op_code":5,"worker_id":"a733c2a0-ab7e-48a3-8cd1-47ce766b8e8c-140485451474752","trial_id":15,"param_name":"dropout","param_value_internal":0.3714770376043077,"distribution":"{\"name\": \"FloatDistribution\", \"attributes\": {\"step\": null, \"low\": 0.0, \"high\": 0.5, \"log\": false}}"}
{"op_code":5,"worker_id":"a733c2a0-ab7e-48a3-8cd1-47ce766b8e8c-140485451474752","trial_id":15,"param_name":"layers","param_value_internal":1,"distribution":"{\"name\": \"CategoricalDistribution\", \"attributes\": {\"choices\": [1, 2, 3]}}"}
{"op_code":5,"worker_id":"a733c2a0-ab7e-48a3-8cd1-47ce766b8e8c-140485451474752","trial_id":15,"param_name":"nodes","param_value_internal":0,"distribution":"{\"name\": \"CategoricalDistribution\", \"attributes\": {\"choices\": [16, 32, 64]}}"}
{"op_code":6,"worker_id":"a733c2a0-ab7e-48a3-8cd1-47ce766b8e8c-140485451474752","trial_id":15,"state":1,"values":[0.7168260701103248],"datetime_complete":"2026-04-06T09:31:09.297994"}
{"op_code":4,"worker_id":"a733c2a0-ab7e-48a3-8cd1-47ce766b8e8c-140485451474752","study_id":0,"datetime_start":"2026-04-06T09:31:09.314958"}
{"op_code":5,"worker_id":"a733c2a0-ab7e-48a3-8cd1-47ce766b8e8c-140485451474752","trial_id":16,"param_name":"lr","param_value_internal":0.0074151758798432915,"distribution":"{\"name\": \"FloatDistribution\", \"attributes\": {\"step\": null, \"low\": 0.0001, \"high\": 0.1, \"log\": true}}"}
{"op_code":5,"worker_id":"a733c2a0-ab7e-48a3-8cd1-47ce766b8e8c-140485451474752","trial_id":16,"param_name":"dropout","param_value_internal":0.29991262730224627,"distribution":"{\"name\": \"FloatDistribution\", \"attributes\": {\"step\": null, \"low\": 0.0, \"high\": 0.5, \"log\": false}}"}
{"op_code":5,"worker_id":"a733c2a0-ab7e-48a3-8cd1-47ce766b8e8c-140485451474752","trial_id":16,"param_name":"layers","param_value_internal":0,"distribution":"{\"name\": \"CategoricalDistribution\", \"attributes\": {\"choices\": [1, 2, 3]}}"}
{"op_code":5,"worker_id":"a733c2a0-ab7e-48a3-8cd1-47ce766b8e8c-140485451474752","trial_id":16,"param_name":"nodes","param_value_internal":0,"distribution":"{\"name\": \"CategoricalDistribution\", \"attributes\": {\"choices\": [16, 32, 64]}}"}
{"op_code":6,"worker_id":"a733c2a0-ab7e-48a3-8cd1-47ce766b8e8c-140485451474752","trial_id":16,"state":1,"values":[0.7162958582295001],"datetime_complete":"2026-04-06T09:31:10.733017"}
{"op_code":4,"worker_id":"a733c2a0-ab7e-48a3-8cd1-47ce766b8e8c-140485451474752","study_id":0,"datetime_start":"2026-04-06T09:31:10.747682"}
{"op_code":5,"worker_id":"a733c2a0-ab7e-48a3-8cd1-47ce766b8e8c-140485451474752","trial_id":17,"param_name":"lr","param_value_internal":0.001309290800095219,"distribution":"{\"name\": \"FloatDistribution\", \"attributes\": {\"step\": null, \"low\": 0.0001, \"high\": 0.1, \"log\": true}}"}
{"op_code":5,"worker_id":"a733c2a0-ab7e-48a3-8cd1-47ce766b8e8c-140485451474752","trial_id":17,"param_name":"dropout","param_value_internal":0.1424094621062141,"distribution":"{\"name\": \"FloatDistribution\", \"attributes\": {\"step\": null, \"low\": 0.0, \"high\": 0.5, \"log\": false}}"}
{"op_code":5,"worker_id":"a733c2a0-ab7e-48a3-8cd1-47ce766b8e8c-140485451474752","trial_id":17,"param_name":"layers","param_value_internal":0,"distribution":"{\"name\": \"CategoricalDistribution\", \"attributes\": {\"choices\": [1, 2, 3]}}"}
{"op_code":5,"worker_id":"a733c2a0-ab7e-48a3-8cd1-47ce766b8e8c-140485451474752","trial_id":17,"param_name":"nodes","param_value_internal":0,"distribution":"{\"name\": \"CategoricalDistribution\", \"attributes\": {\"choices\": [16, 32, 64]}}"}
{"op_code":6,"worker_id":"a733c2a0-ab7e-48a3-8cd1-47ce766b8e8c-140485451474752","trial_id":17,"state":1,"values":[0.6879091298407325],"datetime_complete":"2026-04-06T09:31:12.141341"}
{"op_code":4,"worker_id":"a733c2a0-ab7e-48a3-8cd1-47ce766b8e8c-140485451474752","study_id":0,"datetime_start":"2026-04-06T09:31:12.154851"}
{"op_code":5,"worker_id":"a733c2a0-ab7e-48a3-8cd1-47ce766b8e8c-140485451474752","trial_id":18,"param_name":"lr","param_value_internal":0.00041422109750565973,"distribution":"{\"name\": \"FloatDistribution\", \"attributes\": {\"step\": null, \"low\": 0.0001, \"high\": 0.1, \"log\": true}}"}
{"op_code":5,"worker_id":"a733c2a0-ab7e-48a3-8cd1-47ce766b8e8c-140485451474752","trial_id":18,"param_name":"dropout","param_value_internal":0.27646970825790457,"distribution":"{\"name\": \"FloatDistribution\", \"attributes\": {\"step\": null, \"low\": 0.0, \"high\": 0.5, \"log\": false}}"}
{"op_code":5,"worker_id":"a733c2a0-ab7e-48a3-8cd1-47ce766b8e8c-140485451474752","trial_id":18,"param_name":"layers","param_value_internal":2,"distribution":"{\"name\": \"CategoricalDistribution\", \"attributes\": {\"choices\": [1, 2, 3]}}"}
{"op_code":5,"worker_id":"a733c2a0-ab7e-48a3-8cd1-47ce766b8e8c-140485451474752","trial_id":18,"param_name":"nodes","param_value_internal":2,"distribution":"{\"name\": \"CategoricalDistribution\", \"attributes\": {\"choices\": [16, 32, 64]}}"}
{"op_code":6,"worker_id":"a733c2a0-ab7e-48a3-8cd1-47ce766b8e8c-140485451474752","trial_id":18,"state":1,"values":[0.7162754654648531],"datetime_complete":"2026-04-06T09:31:13.958585"}
{"op_code":4,"worker_id":"a733c2a0-ab7e-48a3-8cd1-47ce766b8e8c-140485451474752","study_id":0,"datetime_start":"2026-04-06T09:31:13.971266"}
{"op_code":5,"worker_id":"a733c2a0-ab7e-48a3-8cd1-47ce766b8e8c-140485451474752","trial_id":19,"param_name":"lr","param_value_internal":0.013789304786033438,"distribution":"{\"name\": \"FloatDistribution\", \"attributes\": {\"step\": null, \"low\": 0.0001, \"high\": 0.1, \"log\": true}}"}
{"op_code":5,"worker_id":"a733c2a0-ab7e-48a3-8cd1-47ce766b8e8c-140485451474752","trial_id":19,"param_name":"dropout","param_value_internal":0.43129857798171434,"distribution":"{\"name\": \"FloatDistribution\", \"attributes\": {\"step\": null, \"low\": 0.0, \"high\": 0.5, \"log\": false}}"}
{"op_code":5,"worker_id":"a733c2a0-ab7e-48a3-8cd1-47ce766b8e8c-140485451474752","trial_id":19,"param_name":"layers","param_value_internal":1,"distribution":"{\"name\": \"CategoricalDistribution\", \"attributes\": {\"choices\": [1, 2, 3]}}"}
{"op_code":5,"worker_id":"a733c2a0-ab7e-48a3-8cd1-47ce766b8e8c-140485451474752","trial_id":19,"param_name":"nodes","param_value_internal":1,"distribution":"{\"name\": \"CategoricalDistribution\", \"attributes\": {\"choices\": [16, 32, 64]}}"}
{"op_code":6,"worker_id":"a733c2a0-ab7e-48a3-8cd1-47ce766b8e8c-140485451474752","trial_id":19,"state":1,"values":[0.7266553826702286],"datetime_complete":"2026-04-06T09:31:15.638113"}
