{"op_code":0,"worker_id":"86f3f628-2510-4ba5-b98a-ed2e24b8bc24-140485451474752","study_name":"mtlr_tuning","directions":[2]}
{"op_code":4,"worker_id":"86f3f628-2510-4ba5-b98a-ed2e24b8bc24-140485451474752","study_id":0,"datetime_start":"2026-04-06T10:59:19.450750"}
{"op_code":5,"worker_id":"86f3f628-2510-4ba5-b98a-ed2e24b8bc24-140485451474752","trial_id":0,"param_name":"lr","param_value_internal":0.005888728159098727,"distribution":"{\"name\": \"FloatDistribution\", \"attributes\": {\"step\": null, \"low\": 0.0001, \"high\": 0.1, \"log\": true}}"}
{"op_code":5,"worker_id":"86f3f628-2510-4ba5-b98a-ed2e24b8bc24-140485451474752","trial_id":0,"param_name":"dropout","param_value_internal":0.0296340465671438,"distribution":"{\"name\": \"FloatDistribution\", \"attributes\": {\"step\": null, \"low\": 0.0, \"high\": 0.5, \"log\": false}}"}
{"op_code":5,"worker_id":"86f3f628-2510-4ba5-b98a-ed2e24b8bc24-140485451474752","trial_id":0,"param_name":"layers","param_value_internal":3.0,"distribution":"{\"name\": \"IntDistribution\", \"attributes\": {\"log\": false, \"step\": 1, \"low\": 1, \"high\": 3}}"}
{"op_code":5,"worker_id":"86f3f628-2510-4ba5-b98a-ed2e24b8bc24-140485451474752","trial_id":0,"param_name":"nodes","param_value_internal":2,"distribution":"{\"name\": \"CategoricalDistribution\", \"attributes\": {\"choices\": [32, 64, 128]}}"}
{"op_code":6,"worker_id":"86f3f628-2510-4ba5-b98a-ed2e24b8bc24-140485451474752","trial_id":0,"state":1,"values":[0.7319534378461277],"datetime_complete":"2026-04-06T10:59:21.377265"}
{"op_code":4,"worker_id":"86f3f628-2510-4ba5-b98a-ed2e24b8bc24-140485451474752","study_id":0,"datetime_start":"2026-04-06T10:59:21.395601"}
{"op_code":5,"worker_id":"86f3f628-2510-4ba5-b98a-ed2e24b8bc24-140485451474752","trial_id":1,"param_name":"lr","param_value_internal":0.0003188948515268891,"distribution":"{\"name\": \"FloatDistribution\", \"attributes\": {\"step\": null, \"low\": 0.0001, \"high\": 0.1, \"log\": true}}"}
{"op_code":5,"worker_id":"86f3f628-2510-4ba5-b98a-ed2e24b8bc24-140485451474752","trial_id":1,"param_name":"dropout","param_value_internal":0.21080236400144436,"distribution":"{\"name\": \"FloatDistribution\", \"attributes\": {\"step\": null, \"low\": 0.0, \"high\": 0.5, \"log\": false}}"}
{"op_code":5,"worker_id":"86f3f628-2510-4ba5-b98a-ed2e24b8bc24-140485451474752","trial_id":1,"param_name":"layers","param_value_internal":1.0,"distribution":"{\"name\": \"IntDistribution\", \"attributes\": {\"log\": false, \"step\": 1, \"low\": 1, \"high\": 3}}"}
{"op_code":5,"worker_id":"86f3f628-2510-4ba5-b98a-ed2e24b8bc24-140485451474752","trial_id":1,"param_name":"nodes","param_value_internal":0,"distribution":"{\"name\": \"CategoricalDistribution\", \"attributes\": {\"choices\": [32, 64, 128]}}"}
{"op_code":6,"worker_id":"86f3f628-2510-4ba5-b98a-ed2e24b8bc24-140485451474752","trial_id":1,"state":1,"values":[0.6955248359887535],"datetime_complete":"2026-04-06T10:59:22.865898"}
{"op_code":4,"worker_id":"86f3f628-2510-4ba5-b98a-ed2e24b8bc24-140485451474752","study_id":0,"datetime_start":"2026-04-06T10:59:22.877771"}
{"op_code":5,"worker_id":"86f3f628-2510-4ba5-b98a-ed2e24b8bc24-140485451474752","trial_id":2,"param_name":"lr","param_value_internal":0.01829626684588766,"distribution":"{\"name\": \"FloatDistribution\", \"attributes\": {\"step\": null, \"low\": 0.0001, \"high\": 0.1, \"log\": true}}"}
{"op_code":5,"worker_id":"86f3f628-2510-4ba5-b98a-ed2e24b8bc24-140485451474752","trial_id":2,"param_name":"dropout","param_value_internal":0.06072645460590881,"distribution":"{\"name\": \"FloatDistribution\", \"attributes\": {\"step\": null, \"low\": 0.0, \"high\": 0.5, \"log\": false}}"}
{"op_code":5,"worker_id":"86f3f628-2510-4ba5-b98a-ed2e24b8bc24-140485451474752","trial_id":2,"param_name":"layers","param_value_internal":1.0,"distribution":"{\"name\": \"IntDistribution\", \"attributes\": {\"log\": false, \"step\": 1, \"low\": 1, \"high\": 3}}"}
{"op_code":5,"worker_id":"86f3f628-2510-4ba5-b98a-ed2e24b8bc24-140485451474752","trial_id":2,"param_name":"nodes","param_value_internal":2,"distribution":"{\"name\": \"CategoricalDistribution\", \"attributes\": {\"choices\": [32, 64, 128]}}"}
{"op_code":6,"worker_id":"86f3f628-2510-4ba5-b98a-ed2e24b8bc24-140485451474752","trial_id":2,"state":1,"values":[0.7179219562068672],"datetime_complete":"2026-04-06T10:59:24.348630"}
{"op_code":4,"worker_id":"86f3f628-2510-4ba5-b98a-ed2e24b8bc24-140485451474752","study_id":0,"datetime_start":"2026-04-06T10:59:27.121944"}
{"op_code":5,"worker_id":"86f3f628-2510-4ba5-b98a-ed2e24b8bc24-140485451474752","trial_id":3,"param_name":"lr","param_value_internal":0.0005046040587010405,"distribution":"{\"name\": \"FloatDistribution\", \"attributes\": {\"step\": null, \"low\": 0.0001, \"high\": 0.1, \"log\": true}}"}
{"op_code":5,"worker_id":"86f3f628-2510-4ba5-b98a-ed2e24b8bc24-140485451474752","trial_id":3,"param_name":"dropout","param_value_internal":0.35574341571127294,"distribution":"{\"name\": \"FloatDistribution\", \"attributes\": {\"step\": null, \"low\": 0.0, \"high\": 0.5, \"log\": false}}"}
{"op_code":5,"worker_id":"86f3f628-2510-4ba5-b98a-ed2e24b8bc24-140485451474752","trial_id":3,"param_name":"layers","param_value_internal":1.0,"distribution":"{\"name\": \"IntDistribution\", \"attributes\": {\"log\": false, \"step\": 1, \"low\": 1, \"high\": 3}}"}
{"op_code":5,"worker_id":"86f3f628-2510-4ba5-b98a-ed2e24b8bc24-140485451474752","trial_id":3,"param_name":"nodes","param_value_internal":0,"distribution":"{\"name\": \"CategoricalDistribution\", \"attributes\": {\"choices\": [32, 64, 128]}}"}
{"op_code":6,"worker_id":"86f3f628-2510-4ba5-b98a-ed2e24b8bc24-140485451474752","trial_id":3,"state":1,"values":[0.7203714748232086],"datetime_complete":"2026-04-06T10:59:28.652046"}
{"op_code":4,"worker_id":"86f3f628-2510-4ba5-b98a-ed2e24b8bc24-140485451474752","study_id":0,"datetime_start":"2026-04-06T10:59:28.664056"}
{"op_code":5,"worker_id":"86f3f628-2510-4ba5-b98a-ed2e24b8bc24-140485451474752","trial_id":4,"param_name":"lr","param_value_internal":0.06356571279007413,"distribution":"{\"name\": \"FloatDistribution\", \"attributes\": {\"step\": null, \"low\": 0.0001, \"high\": 0.1, \"log\": true}}"}
{"op_code":5,"worker_id":"86f3f628-2510-4ba5-b98a-ed2e24b8bc24-140485451474752","trial_id":4,"param_name":"dropout","param_value_internal":0.4280127496034455,"distribution":"{\"name\": \"FloatDistribution\", \"attributes\": {\"step\": null, \"low\": 0.0, \"high\": 0.5, \"log\": false}}"}
{"op_code":5,"worker_id":"86f3f628-2510-4ba5-b98a-ed2e24b8bc24-140485451474752","trial_id":4,"param_name":"layers","param_value_internal":2.0,"distribution":"{\"name\": \"IntDistribution\", \"attributes\": {\"log\": false, \"step\": 1, \"low\": 1, \"high\": 3}}"}
{"op_code":5,"worker_id":"86f3f628-2510-4ba5-b98a-ed2e24b8bc24-140485451474752","trial_id":4,"param_name":"nodes","param_value_internal":0,"distribution":"{\"name\": \"CategoricalDistribution\", \"attributes\": {\"choices\": [32, 64, 128]}}"}
{"op_code":6,"worker_id":"86f3f628-2510-4ba5-b98a-ed2e24b8bc24-140485451474752","trial_id":4,"state":1,"values":[0.720307574337565],"datetime_complete":"2026-04-06T10:59:30.385298"}
{"op_code":4,"worker_id":"86f3f628-2510-4ba5-b98a-ed2e24b8bc24-140485451474752","study_id":0,"datetime_start":"2026-04-06T10:59:30.395064"}
{"op_code":5,"worker_id":"86f3f628-2510-4ba5-b98a-ed2e24b8bc24-140485451474752","trial_id":5,"param_name":"lr","param_value_internal":0.004508393369910778,"distribution":"{\"name\": \"FloatDistribution\", \"attributes\": {\"step\": null, \"low\": 0.0001, \"high\": 0.1, \"log\": true}}"}
{"op_code":5,"worker_id":"86f3f628-2510-4ba5-b98a-ed2e24b8bc24-140485451474752","trial_id":5,"param_name":"dropout","param_value_internal":0.1542456882789709,"distribution":"{\"name\": \"FloatDistribution\", \"attributes\": {\"step\": null, \"low\": 0.0, \"high\": 0.5, \"log\": false}}"}
{"op_code":5,"worker_id":"86f3f628-2510-4ba5-b98a-ed2e24b8bc24-140485451474752","trial_id":5,"param_name":"layers","param_value_internal":2.0,"distribution":"{\"name\": \"IntDistribution\", \"attributes\": {\"log\": false, \"step\": 1, \"low\": 1, \"high\": 3}}"}
{"op_code":5,"worker_id":"86f3f628-2510-4ba5-b98a-ed2e24b8bc24-140485451474752","trial_id":5,"param_name":"nodes","param_value_internal":0,"distribution":"{\"name\": \"CategoricalDistribution\", \"attributes\": {\"choices\": [32, 64, 128]}}"}
{"op_code":6,"worker_id":"86f3f628-2510-4ba5-b98a-ed2e24b8bc24-140485451474752","trial_id":5,"state":1,"values":[0.7280022578171594],"datetime_complete":"2026-04-06T10:59:32.103692"}
{"op_code":4,"worker_id":"86f3f628-2510-4ba5-b98a-ed2e24b8bc24-140485451474752","study_id":0,"datetime_start":"2026-04-06T10:59:32.121694"}
{"op_code":5,"worker_id":"86f3f628-2510-4ba5-b98a-ed2e24b8bc24-140485451474752","trial_id":6,"param_name":"lr","param_value_internal":0.049241932096261015,"distribution":"{\"name\": \"FloatDistribution\", \"attributes\": {\"step\": null, \"low\": 0.0001, \"high\": 0.1, \"log\": true}}"}
{"op_code":5,"worker_id":"86f3f628-2510-4ba5-b98a-ed2e24b8bc24-140485451474752","trial_id":6,"param_name":"dropout","param_value_internal":0.02955755907139712,"distribution":"{\"name\": \"FloatDistribution\", \"attributes\": {\"step\": null, \"low\": 0.0, \"high\": 0.5, \"log\": false}}"}
{"op_code":5,"worker_id":"86f3f628-2510-4ba5-b98a-ed2e24b8bc24-140485451474752","trial_id":6,"param_name":"layers","param_value_internal":1.0,"distribution":"{\"name\": \"IntDistribution\", \"attributes\": {\"log\": false, \"step\": 1, \"low\": 1, \"high\": 3}}"}
{"op_code":5,"worker_id":"86f3f628-2510-4ba5-b98a-ed2e24b8bc24-140485451474752","trial_id":6,"param_name":"nodes","param_value_internal":2,"distribution":"{\"name\": \"CategoricalDistribution\", \"attributes\": {\"choices\": [32, 64, 128]}}"}
{"op_code":6,"worker_id":"86f3f628-2510-4ba5-b98a-ed2e24b8bc24-140485451474752","trial_id":6,"state":1,"values":[0.7215882465706739],"datetime_complete":"2026-04-06T10:59:33.640527"}
{"op_code":4,"worker_id":"86f3f628-2510-4ba5-b98a-ed2e24b8bc24-140485451474752","study_id":0,"datetime_start":"2026-04-06T10:59:36.886159"}
{"op_code":5,"worker_id":"86f3f628-2510-4ba5-b98a-ed2e24b8bc24-140485451474752","trial_id":7,"param_name":"lr","param_value_internal":0.04919522617562648,"distribution":"{\"name\": \"FloatDistribution\", \"attributes\": {\"step\": null, \"low\": 0.0001, \"high\": 0.1, \"log\": true}}"}
{"op_code":5,"worker_id":"86f3f628-2510-4ba5-b98a-ed2e24b8bc24-140485451474752","trial_id":7,"param_name":"dropout","param_value_internal":0.10498136436631478,"distribution":"{\"name\": \"FloatDistribution\", \"attributes\": {\"step\": null, \"low\": 0.0, \"high\": 0.5, \"log\": false}}"}
{"op_code":5,"worker_id":"86f3f628-2510-4ba5-b98a-ed2e24b8bc24-140485451474752","trial_id":7,"param_name":"layers","param_value_internal":1.0,"distribution":"{\"name\": \"IntDistribution\", \"attributes\": {\"log\": false, \"step\": 1, \"low\": 1, \"high\": 3}}"}
{"op_code":5,"worker_id":"86f3f628-2510-4ba5-b98a-ed2e24b8bc24-140485451474752","trial_id":7,"param_name":"nodes","param_value_internal":2,"distribution":"{\"name\": \"CategoricalDistribution\", \"attributes\": {\"choices\": [32, 64, 128]}}"}
{"op_code":6,"worker_id":"86f3f628-2510-4ba5-b98a-ed2e24b8bc24-140485451474752","trial_id":7,"state":1,"values":[0.7153606117406492],"datetime_complete":"2026-04-06T10:59:38.375350"}
{"op_code":4,"worker_id":"86f3f628-2510-4ba5-b98a-ed2e24b8bc24-140485451474752","study_id":0,"datetime_start":"2026-04-06T10:59:38.394030"}
{"op_code":5,"worker_id":"86f3f628-2510-4ba5-b98a-ed2e24b8bc24-140485451474752","trial_id":8,"param_name":"lr","param_value_internal":0.00010845841626225849,"distribution":"{\"name\": \"FloatDistribution\", \"attributes\": {\"step\": null, \"low\": 0.0001, \"high\": 0.1, \"log\": true}}"}
{"op_code":5,"worker_id":"86f3f628-2510-4ba5-b98a-ed2e24b8bc24-140485451474752","trial_id":8,"param_name":"dropout","param_value_internal":0.4878291047829975,"distribution":"{\"name\": \"FloatDistribution\", \"attributes\": {\"step\": null, \"low\": 0.0, \"high\": 0.5, \"log\": false}}"}
{"op_code":5,"worker_id":"86f3f628-2510-4ba5-b98a-ed2e24b8bc24-140485451474752","trial_id":8,"param_name":"layers","param_value_internal":3.0,"distribution":"{\"name\": \"IntDistribution\", \"attributes\": {\"log\": false, \"step\": 1, \"low\": 1, \"high\": 3}}"}
{"op_code":5,"worker_id":"86f3f628-2510-4ba5-b98a-ed2e24b8bc24-140485451474752","trial_id":8,"param_name":"nodes","param_value_internal":1,"distribution":"{\"name\": \"CategoricalDistribution\", \"attributes\": {\"choices\": [32, 64, 128]}}"}
{"op_code":6,"worker_id":"86f3f628-2510-4ba5-b98a-ed2e24b8bc24-140485451474752","trial_id":8,"state":1,"values":[0.5892609908835307],"datetime_complete":"2026-04-06T10:59:40.332674"}
{"op_code":4,"worker_id":"86f3f628-2510-4ba5-b98a-ed2e24b8bc24-140485451474752","study_id":0,"datetime_start":"2026-04-06T10:59:40.350934"}
{"op_code":5,"worker_id":"86f3f628-2510-4ba5-b98a-ed2e24b8bc24-140485451474752","trial_id":9,"param_name":"lr","param_value_internal":0.0001101091287701195,"distribution":"{\"name\": \"FloatDistribution\", \"attributes\": {\"step\": null, \"low\": 0.0001, \"high\": 0.1, \"log\": true}}"}
{"op_code":5,"worker_id":"86f3f628-2510-4ba5-b98a-ed2e24b8bc24-140485451474752","trial_id":9,"param_name":"dropout","param_value_internal":0.4274271761152501,"distribution":"{\"name\": \"FloatDistribution\", \"attributes\": {\"step\": null, \"low\": 0.0, \"high\": 0.5, \"log\": false}}"}
{"op_code":5,"worker_id":"86f3f628-2510-4ba5-b98a-ed2e24b8bc24-140485451474752","trial_id":9,"param_name":"layers","param_value_internal":1.0,"distribution":"{\"name\": \"IntDistribution\", \"attributes\": {\"log\": false, \"step\": 1, \"low\": 1, \"high\": 3}}"}
{"op_code":5,"worker_id":"86f3f628-2510-4ba5-b98a-ed2e24b8bc24-140485451474752","trial_id":9,"param_name":"nodes","param_value_internal":0,"distribution":"{\"name\": \"CategoricalDistribution\", \"attributes\": {\"choices\": [32, 64, 128]}}"}
{"op_code":6,"worker_id":"86f3f628-2510-4ba5-b98a-ed2e24b8bc24-140485451474752","trial_id":9,"state":1,"values":[0.6154362273153275],"datetime_complete":"2026-04-06T10:59:41.884817"}
{"op_code":4,"worker_id":"86f3f628-2510-4ba5-b98a-ed2e24b8bc24-140485451474752","study_id":0,"datetime_start":"2026-04-06T10:59:41.902377"}
{"op_code":5,"worker_id":"86f3f628-2510-4ba5-b98a-ed2e24b8bc24-140485451474752","trial_id":10,"param_name":"lr","param_value_internal":0.003646581999171497,"distribution":"{\"name\": \"FloatDistribution\", \"attributes\": {\"step\": null, \"low\": 0.0001, \"high\": 0.1, \"log\": true}}"}
{"op_code":5,"worker_id":"86f3f628-2510-4ba5-b98a-ed2e24b8bc24-140485451474752","trial_id":10,"param_name":"dropout","param_value_internal":0.27427093011639536,"distribution":"{\"name\": \"FloatDistribution\", \"attributes\": {\"step\": null, \"low\": 0.0, \"high\": 0.5, \"log\": false}}"}
{"op_code":5,"worker_id":"86f3f628-2510-4ba5-b98a-ed2e24b8bc24-140485451474752","trial_id":10,"param_name":"layers","param_value_internal":3.0,"distribution":"{\"name\": \"IntDistribution\", \"attributes\": {\"log\": false, \"step\": 1, \"low\": 1, \"high\": 3}}"}
{"op_code":5,"worker_id":"86f3f628-2510-4ba5-b98a-ed2e24b8bc24-140485451474752","trial_id":10,"param_name":"nodes","param_value_internal":1,"distribution":"{\"name\": \"CategoricalDistribution\", \"attributes\": {\"choices\": [32, 64, 128]}}"}
{"op_code":6,"worker_id":"86f3f628-2510-4ba5-b98a-ed2e24b8bc24-140485451474752","trial_id":10,"state":1,"values":[0.7139814262588395],"datetime_complete":"2026-04-06T10:59:43.787200"}
{"op_code":4,"worker_id":"86f3f628-2510-4ba5-b98a-ed2e24b8bc24-140485451474752","study_id":0,"datetime_start":"2026-04-06T10:59:43.803665"}
{"op_code":5,"worker_id":"86f3f628-2510-4ba5-b98a-ed2e24b8bc24-140485451474752","trial_id":11,"param_name":"lr","param_value_internal":0.004792785504755369,"distribution":"{\"name\": \"FloatDistribution\", \"attributes\": {\"step\": null, \"low\": 0.0001, \"high\": 0.1, \"log\": true}}"}
{"op_code":5,"worker_id":"86f3f628-2510-4ba5-b98a-ed2e24b8bc24-140485451474752","trial_id":11,"param_name":"dropout","param_value_internal":0.2143917238989842,"distribution":"{\"name\": \"FloatDistribution\", \"attributes\": {\"step\": null, \"low\": 0.0, \"high\": 0.5, \"log\": false}}"}
{"op_code":5,"worker_id":"86f3f628-2510-4ba5-b98a-ed2e24b8bc24-140485451474752","trial_id":11,"param_name":"layers","param_value_internal":2.0,"distribution":"{\"name\": \"IntDistribution\", \"attributes\": {\"log\": false, \"step\": 1, \"low\": 1, \"high\": 3}}"}
{"op_code":5,"worker_id":"86f3f628-2510-4ba5-b98a-ed2e24b8bc24-140485451474752","trial_id":11,"param_name":"nodes","param_value_internal":2,"distribution":"{\"name\": \"CategoricalDistribution\", \"attributes\": {\"choices\": [32, 64, 128]}}"}
{"op_code":6,"worker_id":"86f3f628-2510-4ba5-b98a-ed2e24b8bc24-140485451474752","trial_id":11,"state":1,"values":[0.7270916758967368],"datetime_complete":"2026-04-06T10:59:45.499784"}
{"op_code":4,"worker_id":"86f3f628-2510-4ba5-b98a-ed2e24b8bc24-140485451474752","study_id":0,"datetime_start":"2026-04-06T10:59:45.518346"}
{"op_code":5,"worker_id":"86f3f628-2510-4ba5-b98a-ed2e24b8bc24-140485451474752","trial_id":12,"param_name":"lr","param_value_internal":0.010091294305526105,"distribution":"{\"name\": \"FloatDistribution\", \"attributes\": {\"step\": null, \"low\": 0.0001, \"high\": 0.1, \"log\": true}}"}
{"op_code":5,"worker_id":"86f3f628-2510-4ba5-b98a-ed2e24b8bc24-140485451474752","trial_id":12,"param_name":"dropout","param_value_internal":0.13588964480823112,"distribution":"{\"name\": \"FloatDistribution\", \"attributes\": {\"step\": null, \"low\": 0.0, \"high\": 0.5, \"log\": false}}"}
{"op_code":5,"worker_id":"86f3f628-2510-4ba5-b98a-ed2e24b8bc24-140485451474752","trial_id":12,"param_name":"layers","param_value_internal":3.0,"distribution":"{\"name\": \"IntDistribution\", \"attributes\": {\"log\": false, \"step\": 1, \"low\": 1, \"high\": 3}}"}
{"op_code":5,"worker_id":"86f3f628-2510-4ba5-b98a-ed2e24b8bc24-140485451474752","trial_id":12,"param_name":"nodes","param_value_internal":0,"distribution":"{\"name\": \"CategoricalDistribution\", \"attributes\": {\"choices\": [32, 64, 128]}}"}
{"op_code":6,"worker_id":"86f3f628-2510-4ba5-b98a-ed2e24b8bc24-140485451474752","trial_id":12,"state":1,"values":[0.7075274772088268],"datetime_complete":"2026-04-06T10:59:47.400362"}
{"op_code":4,"worker_id":"86f3f628-2510-4ba5-b98a-ed2e24b8bc24-140485451474752","study_id":0,"datetime_start":"2026-04-06T10:59:47.412638"}
{"op_code":5,"worker_id":"86f3f628-2510-4ba5-b98a-ed2e24b8bc24-140485451474752","trial_id":13,"param_name":"lr","param_value_internal":0.0011255302398287845,"distribution":"{\"name\": \"FloatDistribution\", \"attributes\": {\"step\": null, \"low\": 0.0001, \"high\": 0.1, \"log\": true}}"}
{"op_code":5,"worker_id":"86f3f628-2510-4ba5-b98a-ed2e24b8bc24-140485451474752","trial_id":13,"param_name":"dropout","param_value_internal":0.14650789621684623,"distribution":"{\"name\": \"FloatDistribution\", \"attributes\": {\"step\": null, \"low\": 0.0, \"high\": 0.5, \"log\": false}}"}
{"op_code":5,"worker_id":"86f3f628-2510-4ba5-b98a-ed2e24b8bc24-140485451474752","trial_id":13,"param_name":"layers","param_value_internal":2.0,"distribution":"{\"name\": \"IntDistribution\", \"attributes\": {\"log\": false, \"step\": 1, \"low\": 1, \"high\": 3}}"}
{"op_code":5,"worker_id":"86f3f628-2510-4ba5-b98a-ed2e24b8bc24-140485451474752","trial_id":13,"param_name":"nodes","param_value_internal":2,"distribution":"{\"name\": \"CategoricalDistribution\", \"attributes\": {\"choices\": [32, 64, 128]}}"}
{"op_code":6,"worker_id":"86f3f628-2510-4ba5-b98a-ed2e24b8bc24-140485451474752","trial_id":13,"state":1,"values":[0.7170619621709124],"datetime_complete":"2026-04-06T10:59:49.171643"}
{"op_code":4,"worker_id":"86f3f628-2510-4ba5-b98a-ed2e24b8bc24-140485451474752","study_id":0,"datetime_start":"2026-04-06T10:59:49.189544"}
{"op_code":5,"worker_id":"86f3f628-2510-4ba5-b98a-ed2e24b8bc24-140485451474752","trial_id":14,"param_name":"lr","param_value_internal":0.0016983104786116926,"distribution":"{\"name\": \"FloatDistribution\", \"attributes\": {\"step\": null, \"low\": 0.0001, \"high\": 0.1, \"log\": true}}"}
{"op_code":5,"worker_id":"86f3f628-2510-4ba5-b98a-ed2e24b8bc24-140485451474752","trial_id":14,"param_name":"dropout","param_value_internal":0.004196256458485259,"distribution":"{\"name\": \"FloatDistribution\", \"attributes\": {\"step\": null, \"low\": 0.0, \"high\": 0.5, \"log\": false}}"}
{"op_code":5,"worker_id":"86f3f628-2510-4ba5-b98a-ed2e24b8bc24-140485451474752","trial_id":14,"param_name":"layers","param_value_internal":2.0,"distribution":"{\"name\": \"IntDistribution\", \"attributes\": {\"log\": false, \"step\": 1, \"low\": 1, \"high\": 3}}"}
{"op_code":5,"worker_id":"86f3f628-2510-4ba5-b98a-ed2e24b8bc24-140485451474752","trial_id":14,"param_name":"nodes","param_value_internal":1,"distribution":"{\"name\": \"CategoricalDistribution\", \"attributes\": {\"choices\": [32, 64, 128]}}"}
{"op_code":6,"worker_id":"86f3f628-2510-4ba5-b98a-ed2e24b8bc24-140485451474752","trial_id":14,"state":1,"values":[0.7224056402828661],"datetime_complete":"2026-04-06T10:59:50.959421"}
{"op_code":4,"worker_id":"86f3f628-2510-4ba5-b98a-ed2e24b8bc24-140485451474752","study_id":0,"datetime_start":"2026-04-06T10:59:50.970817"}
{"op_code":5,"worker_id":"86f3f628-2510-4ba5-b98a-ed2e24b8bc24-140485451474752","trial_id":15,"param_name":"lr","param_value_internal":0.011523284140839283,"distribution":"{\"name\": \"FloatDistribution\", \"attributes\": {\"step\": null, \"low\": 0.0001, \"high\": 0.1, \"log\": true}}"}
{"op_code":5,"worker_id":"86f3f628-2510-4ba5-b98a-ed2e24b8bc24-140485451474752","trial_id":15,"param_name":"dropout","param_value_internal":0.08953720925837802,"distribution":"{\"name\": \"FloatDistribution\", \"attributes\": {\"step\": null, \"low\": 0.0, \"high\": 0.5, \"log\": false}}"}
{"op_code":5,"worker_id":"86f3f628-2510-4ba5-b98a-ed2e24b8bc24-140485451474752","trial_id":15,"param_name":"layers","param_value_internal":3.0,"distribution":"{\"name\": \"IntDistribution\", \"attributes\": {\"log\": false, \"step\": 1, \"low\": 1, \"high\": 3}}"}
{"op_code":5,"worker_id":"86f3f628-2510-4ba5-b98a-ed2e24b8bc24-140485451474752","trial_id":15,"param_name":"nodes","param_value_internal":0,"distribution":"{\"name\": \"CategoricalDistribution\", \"attributes\": {\"choices\": [32, 64, 128]}}"}
{"op_code":6,"worker_id":"86f3f628-2510-4ba5-b98a-ed2e24b8bc24-140485451474752","trial_id":15,"state":1,"values":[0.716154042770725],"datetime_complete":"2026-04-06T10:59:52.889471"}
{"op_code":4,"worker_id":"86f3f628-2510-4ba5-b98a-ed2e24b8bc24-140485451474752","study_id":0,"datetime_start":"2026-04-06T10:59:52.900574"}
{"op_code":5,"worker_id":"86f3f628-2510-4ba5-b98a-ed2e24b8bc24-140485451474752","trial_id":16,"param_name":"lr","param_value_internal":0.0057721888018617,"distribution":"{\"name\": \"FloatDistribution\", \"attributes\": {\"step\": null, \"low\": 0.0001, \"high\": 0.1, \"log\": true}}"}
{"op_code":5,"worker_id":"86f3f628-2510-4ba5-b98a-ed2e24b8bc24-140485451474752","trial_id":16,"param_name":"dropout","param_value_internal":0.17497046099547786,"distribution":"{\"name\": \"FloatDistribution\", \"attributes\": {\"step\": null, \"low\": 0.0, \"high\": 0.5, \"log\": false}}"}
{"op_code":5,"worker_id":"86f3f628-2510-4ba5-b98a-ed2e24b8bc24-140485451474752","trial_id":16,"param_name":"layers","param_value_internal":2.0,"distribution":"{\"name\": \"IntDistribution\", \"attributes\": {\"log\": false, \"step\": 1, \"low\": 1, \"high\": 3}}"}
{"op_code":5,"worker_id":"86f3f628-2510-4ba5-b98a-ed2e24b8bc24-140485451474752","trial_id":16,"param_name":"nodes","param_value_internal":2,"distribution":"{\"name\": \"CategoricalDistribution\", \"attributes\": {\"choices\": [32, 64, 128]}}"}
{"op_code":6,"worker_id":"86f3f628-2510-4ba5-b98a-ed2e24b8bc24-140485451474752","trial_id":16,"state":1,"values":[0.7236783249552696],"datetime_complete":"2026-04-06T10:59:54.698790"}
{"op_code":4,"worker_id":"86f3f628-2510-4ba5-b98a-ed2e24b8bc24-140485451474752","study_id":0,"datetime_start":"2026-04-06T10:59:54.711085"}
{"op_code":5,"worker_id":"86f3f628-2510-4ba5-b98a-ed2e24b8bc24-140485451474752","trial_id":17,"param_name":"lr","param_value_internal":0.0016818873374100445,"distribution":"{\"name\": \"FloatDistribution\", \"attributes\": {\"step\": null, \"low\": 0.0001, \"high\": 0.1, \"log\": true}}"}
{"op_code":5,"worker_id":"86f3f628-2510-4ba5-b98a-ed2e24b8bc24-140485451474752","trial_id":17,"param_name":"dropout","param_value_internal":0.26188818676160763,"distribution":"{\"name\": \"FloatDistribution\", \"attributes\": {\"step\": null, \"low\": 0.0, \"high\": 0.5, \"log\": false}}"}
{"op_code":5,"worker_id":"86f3f628-2510-4ba5-b98a-ed2e24b8bc24-140485451474752","trial_id":17,"param_name":"layers","param_value_internal":3.0,"distribution":"{\"name\": \"IntDistribution\", \"attributes\": {\"log\": false, \"step\": 1, \"low\": 1, \"high\": 3}}"}
{"op_code":5,"worker_id":"86f3f628-2510-4ba5-b98a-ed2e24b8bc24-140485451474752","trial_id":17,"param_name":"nodes","param_value_internal":0,"distribution":"{\"name\": \"CategoricalDistribution\", \"attributes\": {\"choices\": [32, 64, 128]}}"}
{"op_code":6,"worker_id":"86f3f628-2510-4ba5-b98a-ed2e24b8bc24-140485451474752","trial_id":17,"state":1,"values":[0.7197963704524154],"datetime_complete":"2026-04-06T10:59:56.624902"}
{"op_code":4,"worker_id":"86f3f628-2510-4ba5-b98a-ed2e24b8bc24-140485451474752","study_id":0,"datetime_start":"2026-04-06T10:59:56.639917"}
{"op_code":5,"worker_id":"86f3f628-2510-4ba5-b98a-ed2e24b8bc24-140485451474752","trial_id":18,"param_name":"lr","param_value_internal":0.022371605514404445,"distribution":"{\"name\": \"FloatDistribution\", \"attributes\": {\"step\": null, \"low\": 0.0001, \"high\": 0.1, \"log\": true}}"}
{"op_code":5,"worker_id":"86f3f628-2510-4ba5-b98a-ed2e24b8bc24-140485451474752","trial_id":18,"param_name":"dropout","param_value_internal":0.3145240202965842,"distribution":"{\"name\": \"FloatDistribution\", \"attributes\": {\"step\": null, \"low\": 0.0, \"high\": 0.5, \"log\": false}}"}
{"op_code":5,"worker_id":"86f3f628-2510-4ba5-b98a-ed2e24b8bc24-140485451474752","trial_id":18,"param_name":"layers","param_value_internal":2.0,"distribution":"{\"name\": \"IntDistribution\", \"attributes\": {\"log\": false, \"step\": 1, \"low\": 1, \"high\": 3}}"}
{"op_code":5,"worker_id":"86f3f628-2510-4ba5-b98a-ed2e24b8bc24-140485451474752","trial_id":18,"param_name":"nodes","param_value_internal":2,"distribution":"{\"name\": \"CategoricalDistribution\", \"attributes\": {\"choices\": [32, 64, 128]}}"}
{"op_code":6,"worker_id":"86f3f628-2510-4ba5-b98a-ed2e24b8bc24-140485451474752","trial_id":18,"state":1,"values":[0.7281593465110335],"datetime_complete":"2026-04-06T10:59:58.429059"}
{"op_code":4,"worker_id":"86f3f628-2510-4ba5-b98a-ed2e24b8bc24-140485451474752","study_id":0,"datetime_start":"2026-04-06T10:59:58.440752"}
{"op_code":5,"worker_id":"86f3f628-2510-4ba5-b98a-ed2e24b8bc24-140485451474752","trial_id":19,"param_name":"lr","param_value_internal":0.022203333712180633,"distribution":"{\"name\": \"FloatDistribution\", \"attributes\": {\"step\": null, \"low\": 0.0001, \"high\": 0.1, \"log\": true}}"}
{"op_code":5,"worker_id":"86f3f628-2510-4ba5-b98a-ed2e24b8bc24-140485451474752","trial_id":19,"param_name":"dropout","param_value_internal":0.3199620733557376,"distribution":"{\"name\": \"FloatDistribution\", \"attributes\": {\"step\": null, \"low\": 0.0, \"high\": 0.5, \"log\": false}}"}
{"op_code":5,"worker_id":"86f3f628-2510-4ba5-b98a-ed2e24b8bc24-140485451474752","trial_id":19,"param_name":"layers","param_value_internal":3.0,"distribution":"{\"name\": \"IntDistribution\", \"attributes\": {\"log\": false, \"step\": 1, \"low\": 1, \"high\": 3}}"}
{"op_code":5,"worker_id":"86f3f628-2510-4ba5-b98a-ed2e24b8bc24-140485451474752","trial_id":19,"param_name":"nodes","param_value_internal":2,"distribution":"{\"name\": \"CategoricalDistribution\", \"attributes\": {\"choices\": [32, 64, 128]}}"}
{"op_code":6,"worker_id":"86f3f628-2510-4ba5-b98a-ed2e24b8bc24-140485451474752","trial_id":19,"state":1,"values":[0.7353827639090057],"datetime_complete":"2026-04-06T11:00:00.424544"}
