{"op_code":0,"worker_id":"90812343-9874-4f83-be10-a54105d408ea-140544486217536","study_name":"tabicl_mtlr","directions":[2]}
{"op_code":4,"worker_id":"90812343-9874-4f83-be10-a54105d408ea-140544486217536","study_id":0,"datetime_start":"2026-03-31T21:44:42.517308"}
{"op_code":5,"worker_id":"90812343-9874-4f83-be10-a54105d408ea-140544486217536","trial_id":0,"param_name":"lr","param_value_internal":0.0017564773980066986,"distribution":"{\"name\": \"FloatDistribution\", \"attributes\": {\"step\": null, \"low\": 0.0001, \"high\": 0.1, \"log\": true}}"}
{"op_code":5,"worker_id":"90812343-9874-4f83-be10-a54105d408ea-140544486217536","trial_id":0,"param_name":"dropout","param_value_internal":0.18097954330027827,"distribution":"{\"name\": \"FloatDistribution\", \"attributes\": {\"step\": null, \"low\": 0.0, \"high\": 0.5, \"log\": false}}"}
{"op_code":5,"worker_id":"90812343-9874-4f83-be10-a54105d408ea-140544486217536","trial_id":0,"param_name":"nodes","param_value_internal":0,"distribution":"{\"name\": \"CategoricalDistribution\", \"attributes\": {\"choices\": [\"64-64\", \"128-64\", \"256-128\"]}}"}
{"op_code":6,"worker_id":"90812343-9874-4f83-be10-a54105d408ea-140544486217536","trial_id":0,"state":1,"values":[0.7852113844488511],"datetime_complete":"2026-03-31T21:44:48.674653"}
{"op_code":4,"worker_id":"90812343-9874-4f83-be10-a54105d408ea-140544486217536","study_id":0,"datetime_start":"2026-03-31T21:44:48.686224"}
{"op_code":5,"worker_id":"90812343-9874-4f83-be10-a54105d408ea-140544486217536","trial_id":1,"param_name":"lr","param_value_internal":0.0026417118844493386,"distribution":"{\"name\": \"FloatDistribution\", \"attributes\": {\"step\": null, \"low\": 0.0001, \"high\": 0.1, \"log\": true}}"}
{"op_code":5,"worker_id":"90812343-9874-4f83-be10-a54105d408ea-140544486217536","trial_id":1,"param_name":"dropout","param_value_internal":0.4017331656507046,"distribution":"{\"name\": \"FloatDistribution\", \"attributes\": {\"step\": null, \"low\": 0.0, \"high\": 0.5, \"log\": false}}"}
{"op_code":5,"worker_id":"90812343-9874-4f83-be10-a54105d408ea-140544486217536","trial_id":1,"param_name":"nodes","param_value_internal":2,"distribution":"{\"name\": \"CategoricalDistribution\", \"attributes\": {\"choices\": [\"64-64\", \"128-64\", \"256-128\"]}}"}
{"op_code":6,"worker_id":"90812343-9874-4f83-be10-a54105d408ea-140544486217536","trial_id":1,"state":1,"values":[0.783831409645406],"datetime_complete":"2026-03-31T21:44:54.880676"}
{"op_code":4,"worker_id":"90812343-9874-4f83-be10-a54105d408ea-140544486217536","study_id":0,"datetime_start":"2026-03-31T21:44:54.898452"}
{"op_code":5,"worker_id":"90812343-9874-4f83-be10-a54105d408ea-140544486217536","trial_id":2,"param_name":"lr","param_value_internal":0.05489957466241884,"distribution":"{\"name\": \"FloatDistribution\", \"attributes\": {\"step\": null, \"low\": 0.0001, \"high\": 0.1, \"log\": true}}"}
{"op_code":5,"worker_id":"90812343-9874-4f83-be10-a54105d408ea-140544486217536","trial_id":2,"param_name":"dropout","param_value_internal":0.25218015243636915,"distribution":"{\"name\": \"FloatDistribution\", \"attributes\": {\"step\": null, \"low\": 0.0, \"high\": 0.5, \"log\": false}}"}
{"op_code":5,"worker_id":"90812343-9874-4f83-be10-a54105d408ea-140544486217536","trial_id":2,"param_name":"nodes","param_value_internal":2,"distribution":"{\"name\": \"CategoricalDistribution\", \"attributes\": {\"choices\": [\"64-64\", \"128-64\", \"256-128\"]}}"}
{"op_code":6,"worker_id":"90812343-9874-4f83-be10-a54105d408ea-140544486217536","trial_id":2,"state":1,"values":[0.7827901351253935],"datetime_complete":"2026-03-31T21:45:01.133410"}
{"op_code":4,"worker_id":"90812343-9874-4f83-be10-a54105d408ea-140544486217536","study_id":0,"datetime_start":"2026-03-31T21:45:01.144579"}
{"op_code":5,"worker_id":"90812343-9874-4f83-be10-a54105d408ea-140544486217536","trial_id":3,"param_name":"lr","param_value_internal":0.0027328017957478183,"distribution":"{\"name\": \"FloatDistribution\", \"attributes\": {\"step\": null, \"low\": 0.0001, \"high\": 0.1, \"log\": true}}"}
{"op_code":5,"worker_id":"90812343-9874-4f83-be10-a54105d408ea-140544486217536","trial_id":3,"param_name":"dropout","param_value_internal":0.17096657853788305,"distribution":"{\"name\": \"FloatDistribution\", \"attributes\": {\"step\": null, \"low\": 0.0, \"high\": 0.5, \"log\": false}}"}
{"op_code":5,"worker_id":"90812343-9874-4f83-be10-a54105d408ea-140544486217536","trial_id":3,"param_name":"nodes","param_value_internal":2,"distribution":"{\"name\": \"CategoricalDistribution\", \"attributes\": {\"choices\": [\"64-64\", \"128-64\", \"256-128\"]}}"}
{"op_code":6,"worker_id":"90812343-9874-4f83-be10-a54105d408ea-140544486217536","trial_id":3,"state":1,"values":[0.7697558955018085],"datetime_complete":"2026-03-31T21:45:07.323928"}
{"op_code":4,"worker_id":"90812343-9874-4f83-be10-a54105d408ea-140544486217536","study_id":0,"datetime_start":"2026-03-31T21:45:07.341895"}
{"op_code":5,"worker_id":"90812343-9874-4f83-be10-a54105d408ea-140544486217536","trial_id":4,"param_name":"lr","param_value_internal":0.043623502900007306,"distribution":"{\"name\": \"FloatDistribution\", \"attributes\": {\"step\": null, \"low\": 0.0001, \"high\": 0.1, \"log\": true}}"}
{"op_code":5,"worker_id":"90812343-9874-4f83-be10-a54105d408ea-140544486217536","trial_id":4,"param_name":"dropout","param_value_internal":0.14133138867389006,"distribution":"{\"name\": \"FloatDistribution\", \"attributes\": {\"step\": null, \"low\": 0.0, \"high\": 0.5, \"log\": false}}"}
{"op_code":5,"worker_id":"90812343-9874-4f83-be10-a54105d408ea-140544486217536","trial_id":4,"param_name":"nodes","param_value_internal":1,"distribution":"{\"name\": \"CategoricalDistribution\", \"attributes\": {\"choices\": [\"64-64\", \"128-64\", \"256-128\"]}}"}
{"op_code":6,"worker_id":"90812343-9874-4f83-be10-a54105d408ea-140544486217536","trial_id":4,"state":1,"values":[0.7808986771236565],"datetime_complete":"2026-03-31T21:45:13.569795"}
{"op_code":4,"worker_id":"90812343-9874-4f83-be10-a54105d408ea-140544486217536","study_id":0,"datetime_start":"2026-03-31T21:45:13.588825"}
{"op_code":5,"worker_id":"90812343-9874-4f83-be10-a54105d408ea-140544486217536","trial_id":5,"param_name":"lr","param_value_internal":0.014547757732581379,"distribution":"{\"name\": \"FloatDistribution\", \"attributes\": {\"step\": null, \"low\": 0.0001, \"high\": 0.1, \"log\": true}}"}
{"op_code":5,"worker_id":"90812343-9874-4f83-be10-a54105d408ea-140544486217536","trial_id":5,"param_name":"dropout","param_value_internal":0.3102743905023437,"distribution":"{\"name\": \"FloatDistribution\", \"attributes\": {\"step\": null, \"low\": 0.0, \"high\": 0.5, \"log\": false}}"}
{"op_code":5,"worker_id":"90812343-9874-4f83-be10-a54105d408ea-140544486217536","trial_id":5,"param_name":"nodes","param_value_internal":2,"distribution":"{\"name\": \"CategoricalDistribution\", \"attributes\": {\"choices\": [\"64-64\", \"128-64\", \"256-128\"]}}"}
{"op_code":6,"worker_id":"90812343-9874-4f83-be10-a54105d408ea-140544486217536","trial_id":5,"state":1,"values":[0.7814559306305203],"datetime_complete":"2026-03-31T21:45:19.815549"}
{"op_code":4,"worker_id":"90812343-9874-4f83-be10-a54105d408ea-140544486217536","study_id":0,"datetime_start":"2026-03-31T21:45:19.829358"}
{"op_code":5,"worker_id":"90812343-9874-4f83-be10-a54105d408ea-140544486217536","trial_id":6,"param_name":"lr","param_value_internal":0.09433164133650178,"distribution":"{\"name\": \"FloatDistribution\", \"attributes\": {\"step\": null, \"low\": 0.0001, \"high\": 0.1, \"log\": true}}"}
{"op_code":5,"worker_id":"90812343-9874-4f83-be10-a54105d408ea-140544486217536","trial_id":6,"param_name":"dropout","param_value_internal":0.46552358099341806,"distribution":"{\"name\": \"FloatDistribution\", \"attributes\": {\"step\": null, \"low\": 0.0, \"high\": 0.5, \"log\": false}}"}
{"op_code":5,"worker_id":"90812343-9874-4f83-be10-a54105d408ea-140544486217536","trial_id":6,"param_name":"nodes","param_value_internal":2,"distribution":"{\"name\": \"CategoricalDistribution\", \"attributes\": {\"choices\": [\"64-64\", \"128-64\", \"256-128\"]}}"}
{"op_code":6,"worker_id":"90812343-9874-4f83-be10-a54105d408ea-140544486217536","trial_id":6,"state":1,"values":[0.4714616404765147],"datetime_complete":"2026-03-31T21:45:26.044027"}
{"op_code":4,"worker_id":"90812343-9874-4f83-be10-a54105d408ea-140544486217536","study_id":0,"datetime_start":"2026-03-31T21:45:26.064159"}
{"op_code":5,"worker_id":"90812343-9874-4f83-be10-a54105d408ea-140544486217536","trial_id":7,"param_name":"lr","param_value_internal":0.00010528835588037715,"distribution":"{\"name\": \"FloatDistribution\", \"attributes\": {\"step\": null, \"low\": 0.0001, \"high\": 0.1, \"log\": true}}"}
{"op_code":5,"worker_id":"90812343-9874-4f83-be10-a54105d408ea-140544486217536","trial_id":7,"param_name":"dropout","param_value_internal":0.349050741568967,"distribution":"{\"name\": \"FloatDistribution\", \"attributes\": {\"step\": null, \"low\": 0.0, \"high\": 0.5, \"log\": false}}"}
{"op_code":5,"worker_id":"90812343-9874-4f83-be10-a54105d408ea-140544486217536","trial_id":7,"param_name":"nodes","param_value_internal":0,"distribution":"{\"name\": \"CategoricalDistribution\", \"attributes\": {\"choices\": [\"64-64\", \"128-64\", \"256-128\"]}}"}
{"op_code":6,"worker_id":"90812343-9874-4f83-be10-a54105d408ea-140544486217536","trial_id":7,"state":1,"values":[0.784202149144839],"datetime_complete":"2026-03-31T21:45:32.306390"}
{"op_code":4,"worker_id":"90812343-9874-4f83-be10-a54105d408ea-140544486217536","study_id":0,"datetime_start":"2026-03-31T21:45:32.324810"}
{"op_code":5,"worker_id":"90812343-9874-4f83-be10-a54105d408ea-140544486217536","trial_id":8,"param_name":"lr","param_value_internal":0.015078865756322,"distribution":"{\"name\": \"FloatDistribution\", \"attributes\": {\"step\": null, \"low\": 0.0001, \"high\": 0.1, \"log\": true}}"}
{"op_code":5,"worker_id":"90812343-9874-4f83-be10-a54105d408ea-140544486217536","trial_id":8,"param_name":"dropout","param_value_internal":0.3791711442566788,"distribution":"{\"name\": \"FloatDistribution\", \"attributes\": {\"step\": null, \"low\": 0.0, \"high\": 0.5, \"log\": false}}"}
{"op_code":5,"worker_id":"90812343-9874-4f83-be10-a54105d408ea-140544486217536","trial_id":8,"param_name":"nodes","param_value_internal":1,"distribution":"{\"name\": \"CategoricalDistribution\", \"attributes\": {\"choices\": [\"64-64\", \"128-64\", \"256-128\"]}}"}
{"op_code":6,"worker_id":"90812343-9874-4f83-be10-a54105d408ea-140544486217536","trial_id":8,"state":1,"values":[0.7880651631883139],"datetime_complete":"2026-03-31T21:45:38.604525"}
{"op_code":4,"worker_id":"90812343-9874-4f83-be10-a54105d408ea-140544486217536","study_id":0,"datetime_start":"2026-03-31T21:45:38.614749"}
{"op_code":5,"worker_id":"90812343-9874-4f83-be10-a54105d408ea-140544486217536","trial_id":9,"param_name":"lr","param_value_internal":0.08047729959528727,"distribution":"{\"name\": \"FloatDistribution\", \"attributes\": {\"step\": null, \"low\": 0.0001, \"high\": 0.1, \"log\": true}}"}
{"op_code":5,"worker_id":"90812343-9874-4f83-be10-a54105d408ea-140544486217536","trial_id":9,"param_name":"dropout","param_value_internal":0.30498445238100014,"distribution":"{\"name\": \"FloatDistribution\", \"attributes\": {\"step\": null, \"low\": 0.0, \"high\": 0.5, \"log\": false}}"}
{"op_code":5,"worker_id":"90812343-9874-4f83-be10-a54105d408ea-140544486217536","trial_id":9,"param_name":"nodes","param_value_internal":2,"distribution":"{\"name\": \"CategoricalDistribution\", \"attributes\": {\"choices\": [\"64-64\", \"128-64\", \"256-128\"]}}"}
{"op_code":6,"worker_id":"90812343-9874-4f83-be10-a54105d408ea-140544486217536","trial_id":9,"state":1,"values":[0.6924086510460232],"datetime_complete":"2026-03-31T21:45:44.964073"}
{"op_code":4,"worker_id":"90812343-9874-4f83-be10-a54105d408ea-140544486217536","study_id":0,"datetime_start":"2026-03-31T21:45:44.981080"}
{"op_code":5,"worker_id":"90812343-9874-4f83-be10-a54105d408ea-140544486217536","trial_id":10,"param_name":"lr","param_value_internal":0.01139457459050817,"distribution":"{\"name\": \"FloatDistribution\", \"attributes\": {\"step\": null, \"low\": 0.0001, \"high\": 0.1, \"log\": true}}"}
{"op_code":5,"worker_id":"90812343-9874-4f83-be10-a54105d408ea-140544486217536","trial_id":10,"param_name":"dropout","param_value_internal":0.008042290294719867,"distribution":"{\"name\": \"FloatDistribution\", \"attributes\": {\"step\": null, \"low\": 0.0, \"high\": 0.5, \"log\": false}}"}
{"op_code":5,"worker_id":"90812343-9874-4f83-be10-a54105d408ea-140544486217536","trial_id":10,"param_name":"nodes","param_value_internal":1,"distribution":"{\"name\": \"CategoricalDistribution\", \"attributes\": {\"choices\": [\"64-64\", \"128-64\", \"256-128\"]}}"}
{"op_code":6,"worker_id":"90812343-9874-4f83-be10-a54105d408ea-140544486217536","trial_id":10,"state":1,"values":[0.7629693029982985],"datetime_complete":"2026-03-31T21:45:51.227103"}
{"op_code":4,"worker_id":"90812343-9874-4f83-be10-a54105d408ea-140544486217536","study_id":0,"datetime_start":"2026-03-31T21:45:51.238944"}
{"op_code":5,"worker_id":"90812343-9874-4f83-be10-a54105d408ea-140544486217536","trial_id":11,"param_name":"lr","param_value_internal":0.0006207487865423606,"distribution":"{\"name\": \"FloatDistribution\", \"attributes\": {\"step\": null, \"low\": 0.0001, \"high\": 0.1, \"log\": true}}"}
{"op_code":5,"worker_id":"90812343-9874-4f83-be10-a54105d408ea-140544486217536","trial_id":11,"param_name":"dropout","param_value_internal":0.16187139744769224,"distribution":"{\"name\": \"FloatDistribution\", \"attributes\": {\"step\": null, \"low\": 0.0, \"high\": 0.5, \"log\": false}}"}
{"op_code":5,"worker_id":"90812343-9874-4f83-be10-a54105d408ea-140544486217536","trial_id":11,"param_name":"nodes","param_value_internal":0,"distribution":"{\"name\": \"CategoricalDistribution\", \"attributes\": {\"choices\": [\"64-64\", \"128-64\", \"256-128\"]}}"}
{"op_code":6,"worker_id":"90812343-9874-4f83-be10-a54105d408ea-140544486217536","trial_id":11,"state":1,"values":[0.7774235664453291],"datetime_complete":"2026-03-31T21:45:57.483156"}
{"op_code":4,"worker_id":"90812343-9874-4f83-be10-a54105d408ea-140544486217536","study_id":0,"datetime_start":"2026-03-31T21:45:57.495974"}
{"op_code":5,"worker_id":"90812343-9874-4f83-be10-a54105d408ea-140544486217536","trial_id":12,"param_name":"lr","param_value_internal":0.0008784202561641303,"distribution":"{\"name\": \"FloatDistribution\", \"attributes\": {\"step\": null, \"low\": 0.0001, \"high\": 0.1, \"log\": true}}"}
{"op_code":5,"worker_id":"90812343-9874-4f83-be10-a54105d408ea-140544486217536","trial_id":12,"param_name":"dropout","param_value_internal":0.06365144460132585,"distribution":"{\"name\": \"FloatDistribution\", \"attributes\": {\"step\": null, \"low\": 0.0, \"high\": 0.5, \"log\": false}}"}
{"op_code":5,"worker_id":"90812343-9874-4f83-be10-a54105d408ea-140544486217536","trial_id":12,"param_name":"nodes","param_value_internal":0,"distribution":"{\"name\": \"CategoricalDistribution\", \"attributes\": {\"choices\": [\"64-64\", \"128-64\", \"256-128\"]}}"}
{"op_code":6,"worker_id":"90812343-9874-4f83-be10-a54105d408ea-140544486217536","trial_id":12,"state":1,"values":[0.7738992526852868],"datetime_complete":"2026-03-31T21:46:03.680448"}
{"op_code":4,"worker_id":"90812343-9874-4f83-be10-a54105d408ea-140544486217536","study_id":0,"datetime_start":"2026-03-31T21:46:03.692889"}
{"op_code":5,"worker_id":"90812343-9874-4f83-be10-a54105d408ea-140544486217536","trial_id":13,"param_name":"lr","param_value_internal":0.008634652790929535,"distribution":"{\"name\": \"FloatDistribution\", \"attributes\": {\"step\": null, \"low\": 0.0001, \"high\": 0.1, \"log\": true}}"}
{"op_code":5,"worker_id":"90812343-9874-4f83-be10-a54105d408ea-140544486217536","trial_id":13,"param_name":"dropout","param_value_internal":0.4813264712846109,"distribution":"{\"name\": \"FloatDistribution\", \"attributes\": {\"step\": null, \"low\": 0.0, \"high\": 0.5, \"log\": false}}"}
{"op_code":5,"worker_id":"90812343-9874-4f83-be10-a54105d408ea-140544486217536","trial_id":13,"param_name":"nodes","param_value_internal":1,"distribution":"{\"name\": \"CategoricalDistribution\", \"attributes\": {\"choices\": [\"64-64\", \"128-64\", \"256-128\"]}}"}
{"op_code":6,"worker_id":"90812343-9874-4f83-be10-a54105d408ea-140544486217536","trial_id":13,"state":1,"values":[0.7854917275888544],"datetime_complete":"2026-03-31T21:46:09.893873"}
{"op_code":4,"worker_id":"90812343-9874-4f83-be10-a54105d408ea-140544486217536","study_id":0,"datetime_start":"2026-03-31T21:46:09.908368"}
{"op_code":5,"worker_id":"90812343-9874-4f83-be10-a54105d408ea-140544486217536","trial_id":14,"param_name":"lr","param_value_internal":0.011309229797793498,"distribution":"{\"name\": \"FloatDistribution\", \"attributes\": {\"step\": null, \"low\": 0.0001, \"high\": 0.1, \"log\": true}}"}
{"op_code":5,"worker_id":"90812343-9874-4f83-be10-a54105d408ea-140544486217536","trial_id":14,"param_name":"dropout","param_value_internal":0.49208276013996755,"distribution":"{\"name\": \"FloatDistribution\", \"attributes\": {\"step\": null, \"low\": 0.0, \"high\": 0.5, \"log\": false}}"}
{"op_code":5,"worker_id":"90812343-9874-4f83-be10-a54105d408ea-140544486217536","trial_id":14,"param_name":"nodes","param_value_internal":1,"distribution":"{\"name\": \"CategoricalDistribution\", \"attributes\": {\"choices\": [\"64-64\", \"128-64\", \"256-128\"]}}"}
{"op_code":6,"worker_id":"90812343-9874-4f83-be10-a54105d408ea-140544486217536","trial_id":14,"state":1,"values":[0.7879255637471694],"datetime_complete":"2026-03-31T21:46:16.079105"}
{"op_code":4,"worker_id":"90812343-9874-4f83-be10-a54105d408ea-140544486217536","study_id":0,"datetime_start":"2026-03-31T21:46:16.090621"}
{"op_code":5,"worker_id":"90812343-9874-4f83-be10-a54105d408ea-140544486217536","trial_id":15,"param_name":"lr","param_value_internal":0.021702206633547206,"distribution":"{\"name\": \"FloatDistribution\", \"attributes\": {\"step\": null, \"low\": 0.0001, \"high\": 0.1, \"log\": true}}"}
{"op_code":5,"worker_id":"90812343-9874-4f83-be10-a54105d408ea-140544486217536","trial_id":15,"param_name":"dropout","param_value_internal":0.40741605240008766,"distribution":"{\"name\": \"FloatDistribution\", \"attributes\": {\"step\": null, \"low\": 0.0, \"high\": 0.5, \"log\": false}}"}
{"op_code":5,"worker_id":"90812343-9874-4f83-be10-a54105d408ea-140544486217536","trial_id":15,"param_name":"nodes","param_value_internal":1,"distribution":"{\"name\": \"CategoricalDistribution\", \"attributes\": {\"choices\": [\"64-64\", \"128-64\", \"256-128\"]}}"}
{"op_code":6,"worker_id":"90812343-9874-4f83-be10-a54105d408ea-140544486217536","trial_id":15,"state":1,"values":[0.788963405494039],"datetime_complete":"2026-03-31T21:46:22.303407"}
{"op_code":4,"worker_id":"90812343-9874-4f83-be10-a54105d408ea-140544486217536","study_id":0,"datetime_start":"2026-03-31T21:46:22.321181"}
{"op_code":5,"worker_id":"90812343-9874-4f83-be10-a54105d408ea-140544486217536","trial_id":16,"param_name":"lr","param_value_internal":0.025054438240768702,"distribution":"{\"name\": \"FloatDistribution\", \"attributes\": {\"step\": null, \"low\": 0.0001, \"high\": 0.1, \"log\": true}}"}
{"op_code":5,"worker_id":"90812343-9874-4f83-be10-a54105d408ea-140544486217536","trial_id":16,"param_name":"dropout","param_value_internal":0.39294514592950475,"distribution":"{\"name\": \"FloatDistribution\", \"attributes\": {\"step\": null, \"low\": 0.0, \"high\": 0.5, \"log\": false}}"}
{"op_code":5,"worker_id":"90812343-9874-4f83-be10-a54105d408ea-140544486217536","trial_id":16,"param_name":"nodes","param_value_internal":1,"distribution":"{\"name\": \"CategoricalDistribution\", \"attributes\": {\"choices\": [\"64-64\", \"128-64\", \"256-128\"]}}"}
{"op_code":6,"worker_id":"90812343-9874-4f83-be10-a54105d408ea-140544486217536","trial_id":16,"state":1,"values":[0.7819365188705261],"datetime_complete":"2026-03-31T21:46:28.582109"}
{"op_code":4,"worker_id":"90812343-9874-4f83-be10-a54105d408ea-140544486217536","study_id":0,"datetime_start":"2026-03-31T21:46:28.595236"}
{"op_code":5,"worker_id":"90812343-9874-4f83-be10-a54105d408ea-140544486217536","trial_id":17,"param_name":"lr","param_value_internal":0.006514358256074579,"distribution":"{\"name\": \"FloatDistribution\", \"attributes\": {\"step\": null, \"low\": 0.0001, \"high\": 0.1, \"log\": true}}"}
{"op_code":5,"worker_id":"90812343-9874-4f83-be10-a54105d408ea-140544486217536","trial_id":17,"param_name":"dropout","param_value_internal":0.40452293313441967,"distribution":"{\"name\": \"FloatDistribution\", \"attributes\": {\"step\": null, \"low\": 0.0, \"high\": 0.5, \"log\": false}}"}
{"op_code":5,"worker_id":"90812343-9874-4f83-be10-a54105d408ea-140544486217536","trial_id":17,"param_name":"nodes","param_value_internal":1,"distribution":"{\"name\": \"CategoricalDistribution\", \"attributes\": {\"choices\": [\"64-64\", \"128-64\", \"256-128\"]}}"}
{"op_code":6,"worker_id":"90812343-9874-4f83-be10-a54105d408ea-140544486217536","trial_id":17,"state":1,"values":[0.7897197598431909],"datetime_complete":"2026-03-31T21:46:34.876707"}
{"op_code":4,"worker_id":"90812343-9874-4f83-be10-a54105d408ea-140544486217536","study_id":0,"datetime_start":"2026-03-31T21:46:34.895149"}
{"op_code":5,"worker_id":"90812343-9874-4f83-be10-a54105d408ea-140544486217536","trial_id":18,"param_name":"lr","param_value_internal":0.005685889163272461,"distribution":"{\"name\": \"FloatDistribution\", \"attributes\": {\"step\": null, \"low\": 0.0001, \"high\": 0.1, \"log\": true}}"}
{"op_code":5,"worker_id":"90812343-9874-4f83-be10-a54105d408ea-140544486217536","trial_id":18,"param_name":"dropout","param_value_internal":0.4283904726423368,"distribution":"{\"name\": \"FloatDistribution\", \"attributes\": {\"step\": null, \"low\": 0.0, \"high\": 0.5, \"log\": false}}"}
{"op_code":5,"worker_id":"90812343-9874-4f83-be10-a54105d408ea-140544486217536","trial_id":18,"param_name":"nodes","param_value_internal":1,"distribution":"{\"name\": \"CategoricalDistribution\", \"attributes\": {\"choices\": [\"64-64\", \"128-64\", \"256-128\"]}}"}
{"op_code":6,"worker_id":"90812343-9874-4f83-be10-a54105d408ea-140544486217536","trial_id":18,"state":1,"values":[0.7889267892471814],"datetime_complete":"2026-03-31T21:46:41.229807"}
{"op_code":4,"worker_id":"90812343-9874-4f83-be10-a54105d408ea-140544486217536","study_id":0,"datetime_start":"2026-03-31T21:46:41.241074"}
{"op_code":5,"worker_id":"90812343-9874-4f83-be10-a54105d408ea-140544486217536","trial_id":19,"param_name":"lr","param_value_internal":0.029364303923830066,"distribution":"{\"name\": \"FloatDistribution\", \"attributes\": {\"step\": null, \"low\": 0.0001, \"high\": 0.1, \"log\": true}}"}
{"op_code":5,"worker_id":"90812343-9874-4f83-be10-a54105d408ea-140544486217536","trial_id":19,"param_name":"dropout","param_value_internal":0.2429599368082119,"distribution":"{\"name\": \"FloatDistribution\", \"attributes\": {\"step\": null, \"low\": 0.0, \"high\": 0.5, \"log\": false}}"}
{"op_code":5,"worker_id":"90812343-9874-4f83-be10-a54105d408ea-140544486217536","trial_id":19,"param_name":"nodes","param_value_internal":1,"distribution":"{\"name\": \"CategoricalDistribution\", \"attributes\": {\"choices\": [\"64-64\", \"128-64\", \"256-128\"]}}"}
{"op_code":6,"worker_id":"90812343-9874-4f83-be10-a54105d408ea-140544486217536","trial_id":19,"state":1,"values":[0.7844470202956991],"datetime_complete":"2026-03-31T21:46:47.593924"}
