{"op_code":0,"worker_id":"b0558a6a-6073-4087-acee-7fd84d054924-140277033953088","study_name":"survtrace_tuning","directions":[2]}
{"op_code":4,"worker_id":"b0558a6a-6073-4087-acee-7fd84d054924-140277033953088","study_id":0,"datetime_start":"2026-04-01T15:18:46.224365"}
{"op_code":5,"worker_id":"b0558a6a-6073-4087-acee-7fd84d054924-140277033953088","trial_id":0,"param_name":"learning_rate","param_value_internal":0.009005114670836619,"distribution":"{\"name\": \"FloatDistribution\", \"attributes\": {\"step\": null, \"low\": 0.0001, \"high\": 0.01, \"log\": true}}"}
{"op_code":5,"worker_id":"b0558a6a-6073-4087-acee-7fd84d054924-140277033953088","trial_id":0,"param_name":"hidden_size","param_value_internal":0,"distribution":"{\"name\": \"CategoricalDistribution\", \"attributes\": {\"choices\": [8, 16, 32]}}"}
{"op_code":5,"worker_id":"b0558a6a-6073-4087-acee-7fd84d054924-140277033953088","trial_id":0,"param_name":"num_hidden_layers","param_value_internal":0,"distribution":"{\"name\": \"CategoricalDistribution\", \"attributes\": {\"choices\": [1, 2, 3, 4]}}"}
{"op_code":5,"worker_id":"b0558a6a-6073-4087-acee-7fd84d054924-140277033953088","trial_id":0,"param_name":"num_attention_heads","param_value_internal":1,"distribution":"{\"name\": \"CategoricalDistribution\", \"attributes\": {\"choices\": [2, 4, 8]}}"}
{"op_code":5,"worker_id":"b0558a6a-6073-4087-acee-7fd84d054924-140277033953088","trial_id":0,"param_name":"intermediate_size","param_value_internal":2,"distribution":"{\"name\": \"CategoricalDistribution\", \"attributes\": {\"choices\": [32, 64, 128]}}"}
{"op_code":6,"worker_id":"b0558a6a-6073-4087-acee-7fd84d054924-140277033953088","trial_id":0,"state":1,"values":[0.66],"datetime_complete":"2026-04-01T15:18:47.186288"}
{"op_code":4,"worker_id":"b0558a6a-6073-4087-acee-7fd84d054924-140277033953088","study_id":0,"datetime_start":"2026-04-01T15:18:47.250732"}
{"op_code":5,"worker_id":"b0558a6a-6073-4087-acee-7fd84d054924-140277033953088","trial_id":1,"param_name":"learning_rate","param_value_internal":0.006382635252496921,"distribution":"{\"name\": \"FloatDistribution\", \"attributes\": {\"step\": null, \"low\": 0.0001, \"high\": 0.01, \"log\": true}}"}
{"op_code":5,"worker_id":"b0558a6a-6073-4087-acee-7fd84d054924-140277033953088","trial_id":1,"param_name":"hidden_size","param_value_internal":0,"distribution":"{\"name\": \"CategoricalDistribution\", \"attributes\": {\"choices\": [8, 16, 32]}}"}
{"op_code":5,"worker_id":"b0558a6a-6073-4087-acee-7fd84d054924-140277033953088","trial_id":1,"param_name":"num_hidden_layers","param_value_internal":0,"distribution":"{\"name\": \"CategoricalDistribution\", \"attributes\": {\"choices\": [1, 2, 3, 4]}}"}
{"op_code":5,"worker_id":"b0558a6a-6073-4087-acee-7fd84d054924-140277033953088","trial_id":1,"param_name":"num_attention_heads","param_value_internal":1,"distribution":"{\"name\": \"CategoricalDistribution\", \"attributes\": {\"choices\": [2, 4, 8]}}"}
{"op_code":5,"worker_id":"b0558a6a-6073-4087-acee-7fd84d054924-140277033953088","trial_id":1,"param_name":"intermediate_size","param_value_internal":0,"distribution":"{\"name\": \"CategoricalDistribution\", \"attributes\": {\"choices\": [32, 64, 128]}}"}
{"op_code":6,"worker_id":"b0558a6a-6073-4087-acee-7fd84d054924-140277033953088","trial_id":1,"state":1,"values":[0.64],"datetime_complete":"2026-04-01T15:18:48.151295"}
{"op_code":4,"worker_id":"b0558a6a-6073-4087-acee-7fd84d054924-140277033953088","study_id":0,"datetime_start":"2026-04-01T15:18:48.226020"}
{"op_code":5,"worker_id":"b0558a6a-6073-4087-acee-7fd84d054924-140277033953088","trial_id":2,"param_name":"learning_rate","param_value_internal":0.0002079126968503403,"distribution":"{\"name\": \"FloatDistribution\", \"attributes\": {\"step\": null, \"low\": 0.0001, \"high\": 0.01, \"log\": true}}"}
{"op_code":5,"worker_id":"b0558a6a-6073-4087-acee-7fd84d054924-140277033953088","trial_id":2,"param_name":"hidden_size","param_value_internal":1,"distribution":"{\"name\": \"CategoricalDistribution\", \"attributes\": {\"choices\": [8, 16, 32]}}"}
{"op_code":5,"worker_id":"b0558a6a-6073-4087-acee-7fd84d054924-140277033953088","trial_id":2,"param_name":"num_hidden_layers","param_value_internal":2,"distribution":"{\"name\": \"CategoricalDistribution\", \"attributes\": {\"choices\": [1, 2, 3, 4]}}"}
{"op_code":5,"worker_id":"b0558a6a-6073-4087-acee-7fd84d054924-140277033953088","trial_id":2,"param_name":"num_attention_heads","param_value_internal":1,"distribution":"{\"name\": \"CategoricalDistribution\", \"attributes\": {\"choices\": [2, 4, 8]}}"}
{"op_code":5,"worker_id":"b0558a6a-6073-4087-acee-7fd84d054924-140277033953088","trial_id":2,"param_name":"intermediate_size","param_value_internal":0,"distribution":"{\"name\": \"CategoricalDistribution\", \"attributes\": {\"choices\": [32, 64, 128]}}"}
{"op_code":6,"worker_id":"b0558a6a-6073-4087-acee-7fd84d054924-140277033953088","trial_id":2,"state":1,"values":[0.64],"datetime_complete":"2026-04-01T15:18:50.031500"}
{"op_code":4,"worker_id":"b0558a6a-6073-4087-acee-7fd84d054924-140277033953088","study_id":0,"datetime_start":"2026-04-01T15:18:50.115957"}
{"op_code":5,"worker_id":"b0558a6a-6073-4087-acee-7fd84d054924-140277033953088","trial_id":3,"param_name":"learning_rate","param_value_internal":0.0025394288331305357,"distribution":"{\"name\": \"FloatDistribution\", \"attributes\": {\"step\": null, \"low\": 0.0001, \"high\": 0.01, \"log\": true}}"}
{"op_code":5,"worker_id":"b0558a6a-6073-4087-acee-7fd84d054924-140277033953088","trial_id":3,"param_name":"hidden_size","param_value_internal":0,"distribution":"{\"name\": \"CategoricalDistribution\", \"attributes\": {\"choices\": [8, 16, 32]}}"}
{"op_code":5,"worker_id":"b0558a6a-6073-4087-acee-7fd84d054924-140277033953088","trial_id":3,"param_name":"num_hidden_layers","param_value_internal":1,"distribution":"{\"name\": \"CategoricalDistribution\", \"attributes\": {\"choices\": [1, 2, 3, 4]}}"}
{"op_code":5,"worker_id":"b0558a6a-6073-4087-acee-7fd84d054924-140277033953088","trial_id":3,"param_name":"num_attention_heads","param_value_internal":0,"distribution":"{\"name\": \"CategoricalDistribution\", \"attributes\": {\"choices\": [2, 4, 8]}}"}
{"op_code":5,"worker_id":"b0558a6a-6073-4087-acee-7fd84d054924-140277033953088","trial_id":3,"param_name":"intermediate_size","param_value_internal":1,"distribution":"{\"name\": \"CategoricalDistribution\", \"attributes\": {\"choices\": [32, 64, 128]}}"}
{"op_code":6,"worker_id":"b0558a6a-6073-4087-acee-7fd84d054924-140277033953088","trial_id":3,"state":1,"values":[0.7],"datetime_complete":"2026-04-01T15:18:51.328759"}
{"op_code":4,"worker_id":"b0558a6a-6073-4087-acee-7fd84d054924-140277033953088","study_id":0,"datetime_start":"2026-04-01T15:18:51.377795"}
{"op_code":5,"worker_id":"b0558a6a-6073-4087-acee-7fd84d054924-140277033953088","trial_id":4,"param_name":"learning_rate","param_value_internal":0.0008687254411468958,"distribution":"{\"name\": \"FloatDistribution\", \"attributes\": {\"step\": null, \"low\": 0.0001, \"high\": 0.01, \"log\": true}}"}
{"op_code":5,"worker_id":"b0558a6a-6073-4087-acee-7fd84d054924-140277033953088","trial_id":4,"param_name":"hidden_size","param_value_internal":0,"distribution":"{\"name\": \"CategoricalDistribution\", \"attributes\": {\"choices\": [8, 16, 32]}}"}
{"op_code":5,"worker_id":"b0558a6a-6073-4087-acee-7fd84d054924-140277033953088","trial_id":4,"param_name":"num_hidden_layers","param_value_internal":1,"distribution":"{\"name\": \"CategoricalDistribution\", \"attributes\": {\"choices\": [1, 2, 3, 4]}}"}
{"op_code":5,"worker_id":"b0558a6a-6073-4087-acee-7fd84d054924-140277033953088","trial_id":4,"param_name":"num_attention_heads","param_value_internal":0,"distribution":"{\"name\": \"CategoricalDistribution\", \"attributes\": {\"choices\": [2, 4, 8]}}"}
{"op_code":5,"worker_id":"b0558a6a-6073-4087-acee-7fd84d054924-140277033953088","trial_id":4,"param_name":"intermediate_size","param_value_internal":0,"distribution":"{\"name\": \"CategoricalDistribution\", \"attributes\": {\"choices\": [32, 64, 128]}}"}
{"op_code":6,"worker_id":"b0558a6a-6073-4087-acee-7fd84d054924-140277033953088","trial_id":4,"state":1,"values":[0.62],"datetime_complete":"2026-04-01T15:18:52.819831"}
{"op_code":4,"worker_id":"b0558a6a-6073-4087-acee-7fd84d054924-140277033953088","study_id":0,"datetime_start":"2026-04-01T15:18:52.831630"}
{"op_code":5,"worker_id":"b0558a6a-6073-4087-acee-7fd84d054924-140277033953088","trial_id":5,"param_name":"learning_rate","param_value_internal":0.0027332093139533485,"distribution":"{\"name\": \"FloatDistribution\", \"attributes\": {\"step\": null, \"low\": 0.0001, \"high\": 0.01, \"log\": true}}"}
{"op_code":5,"worker_id":"b0558a6a-6073-4087-acee-7fd84d054924-140277033953088","trial_id":5,"param_name":"hidden_size","param_value_internal":2,"distribution":"{\"name\": \"CategoricalDistribution\", \"attributes\": {\"choices\": [8, 16, 32]}}"}
{"op_code":5,"worker_id":"b0558a6a-6073-4087-acee-7fd84d054924-140277033953088","trial_id":5,"param_name":"num_hidden_layers","param_value_internal":2,"distribution":"{\"name\": \"CategoricalDistribution\", \"attributes\": {\"choices\": [1, 2, 3, 4]}}"}
{"op_code":5,"worker_id":"b0558a6a-6073-4087-acee-7fd84d054924-140277033953088","trial_id":5,"param_name":"num_attention_heads","param_value_internal":2,"distribution":"{\"name\": \"CategoricalDistribution\", \"attributes\": {\"choices\": [2, 4, 8]}}"}
{"op_code":5,"worker_id":"b0558a6a-6073-4087-acee-7fd84d054924-140277033953088","trial_id":5,"param_name":"intermediate_size","param_value_internal":1,"distribution":"{\"name\": \"CategoricalDistribution\", \"attributes\": {\"choices\": [32, 64, 128]}}"}
{"op_code":6,"worker_id":"b0558a6a-6073-4087-acee-7fd84d054924-140277033953088","trial_id":5,"state":1,"values":[0.72],"datetime_complete":"2026-04-01T15:18:54.372928"}
{"op_code":4,"worker_id":"b0558a6a-6073-4087-acee-7fd84d054924-140277033953088","study_id":0,"datetime_start":"2026-04-01T15:18:54.706100"}
{"op_code":5,"worker_id":"b0558a6a-6073-4087-acee-7fd84d054924-140277033953088","trial_id":6,"param_name":"learning_rate","param_value_internal":0.0051452367310574915,"distribution":"{\"name\": \"FloatDistribution\", \"attributes\": {\"step\": null, \"low\": 0.0001, \"high\": 0.01, \"log\": true}}"}
{"op_code":5,"worker_id":"b0558a6a-6073-4087-acee-7fd84d054924-140277033953088","trial_id":6,"param_name":"hidden_size","param_value_internal":2,"distribution":"{\"name\": \"CategoricalDistribution\", \"attributes\": {\"choices\": [8, 16, 32]}}"}
{"op_code":5,"worker_id":"b0558a6a-6073-4087-acee-7fd84d054924-140277033953088","trial_id":6,"param_name":"num_hidden_layers","param_value_internal":1,"distribution":"{\"name\": \"CategoricalDistribution\", \"attributes\": {\"choices\": [1, 2, 3, 4]}}"}
{"op_code":5,"worker_id":"b0558a6a-6073-4087-acee-7fd84d054924-140277033953088","trial_id":6,"param_name":"num_attention_heads","param_value_internal":0,"distribution":"{\"name\": \"CategoricalDistribution\", \"attributes\": {\"choices\": [2, 4, 8]}}"}
{"op_code":5,"worker_id":"b0558a6a-6073-4087-acee-7fd84d054924-140277033953088","trial_id":6,"param_name":"intermediate_size","param_value_internal":1,"distribution":"{\"name\": \"CategoricalDistribution\", \"attributes\": {\"choices\": [32, 64, 128]}}"}
{"op_code":6,"worker_id":"b0558a6a-6073-4087-acee-7fd84d054924-140277033953088","trial_id":6,"state":1,"values":[0.66],"datetime_complete":"2026-04-01T15:18:55.713998"}
{"op_code":4,"worker_id":"b0558a6a-6073-4087-acee-7fd84d054924-140277033953088","study_id":0,"datetime_start":"2026-04-01T15:18:55.979515"}
{"op_code":5,"worker_id":"b0558a6a-6073-4087-acee-7fd84d054924-140277033953088","trial_id":7,"param_name":"learning_rate","param_value_internal":0.009621193729817953,"distribution":"{\"name\": \"FloatDistribution\", \"attributes\": {\"step\": null, \"low\": 0.0001, \"high\": 0.01, \"log\": true}}"}
{"op_code":5,"worker_id":"b0558a6a-6073-4087-acee-7fd84d054924-140277033953088","trial_id":7,"param_name":"hidden_size","param_value_internal":0,"distribution":"{\"name\": \"CategoricalDistribution\", \"attributes\": {\"choices\": [8, 16, 32]}}"}
{"op_code":5,"worker_id":"b0558a6a-6073-4087-acee-7fd84d054924-140277033953088","trial_id":7,"param_name":"num_hidden_layers","param_value_internal":3,"distribution":"{\"name\": \"CategoricalDistribution\", \"attributes\": {\"choices\": [1, 2, 3, 4]}}"}
{"op_code":5,"worker_id":"b0558a6a-6073-4087-acee-7fd84d054924-140277033953088","trial_id":7,"param_name":"num_attention_heads","param_value_internal":2,"distribution":"{\"name\": \"CategoricalDistribution\", \"attributes\": {\"choices\": [2, 4, 8]}}"}
{"op_code":5,"worker_id":"b0558a6a-6073-4087-acee-7fd84d054924-140277033953088","trial_id":7,"param_name":"intermediate_size","param_value_internal":1,"distribution":"{\"name\": \"CategoricalDistribution\", \"attributes\": {\"choices\": [32, 64, 128]}}"}
{"op_code":6,"worker_id":"b0558a6a-6073-4087-acee-7fd84d054924-140277033953088","trial_id":7,"state":1,"values":[0.72],"datetime_complete":"2026-04-01T15:18:57.518211"}
{"op_code":4,"worker_id":"b0558a6a-6073-4087-acee-7fd84d054924-140277033953088","study_id":0,"datetime_start":"2026-04-01T15:18:57.540653"}
{"op_code":5,"worker_id":"b0558a6a-6073-4087-acee-7fd84d054924-140277033953088","trial_id":8,"param_name":"learning_rate","param_value_internal":0.0001919563145343063,"distribution":"{\"name\": \"FloatDistribution\", \"attributes\": {\"step\": null, \"low\": 0.0001, \"high\": 0.01, \"log\": true}}"}
{"op_code":5,"worker_id":"b0558a6a-6073-4087-acee-7fd84d054924-140277033953088","trial_id":8,"param_name":"hidden_size","param_value_internal":0,"distribution":"{\"name\": \"CategoricalDistribution\", \"attributes\": {\"choices\": [8, 16, 32]}}"}
{"op_code":5,"worker_id":"b0558a6a-6073-4087-acee-7fd84d054924-140277033953088","trial_id":8,"param_name":"num_hidden_layers","param_value_internal":0,"distribution":"{\"name\": \"CategoricalDistribution\", \"attributes\": {\"choices\": [1, 2, 3, 4]}}"}
{"op_code":5,"worker_id":"b0558a6a-6073-4087-acee-7fd84d054924-140277033953088","trial_id":8,"param_name":"num_attention_heads","param_value_internal":1,"distribution":"{\"name\": \"CategoricalDistribution\", \"attributes\": {\"choices\": [2, 4, 8]}}"}
{"op_code":5,"worker_id":"b0558a6a-6073-4087-acee-7fd84d054924-140277033953088","trial_id":8,"param_name":"intermediate_size","param_value_internal":0,"distribution":"{\"name\": \"CategoricalDistribution\", \"attributes\": {\"choices\": [32, 64, 128]}}"}
{"op_code":6,"worker_id":"b0558a6a-6073-4087-acee-7fd84d054924-140277033953088","trial_id":8,"state":1,"values":[0.6],"datetime_complete":"2026-04-01T15:18:58.490993"}
{"op_code":4,"worker_id":"b0558a6a-6073-4087-acee-7fd84d054924-140277033953088","study_id":0,"datetime_start":"2026-04-01T15:18:58.504029"}
{"op_code":5,"worker_id":"b0558a6a-6073-4087-acee-7fd84d054924-140277033953088","trial_id":9,"param_name":"learning_rate","param_value_internal":0.007539868995337189,"distribution":"{\"name\": \"FloatDistribution\", \"attributes\": {\"step\": null, \"low\": 0.0001, \"high\": 0.01, \"log\": true}}"}
{"op_code":5,"worker_id":"b0558a6a-6073-4087-acee-7fd84d054924-140277033953088","trial_id":9,"param_name":"hidden_size","param_value_internal":2,"distribution":"{\"name\": \"CategoricalDistribution\", \"attributes\": {\"choices\": [8, 16, 32]}}"}
{"op_code":5,"worker_id":"b0558a6a-6073-4087-acee-7fd84d054924-140277033953088","trial_id":9,"param_name":"num_hidden_layers","param_value_internal":3,"distribution":"{\"name\": \"CategoricalDistribution\", \"attributes\": {\"choices\": [1, 2, 3, 4]}}"}
{"op_code":5,"worker_id":"b0558a6a-6073-4087-acee-7fd84d054924-140277033953088","trial_id":9,"param_name":"num_attention_heads","param_value_internal":0,"distribution":"{\"name\": \"CategoricalDistribution\", \"attributes\": {\"choices\": [2, 4, 8]}}"}
{"op_code":5,"worker_id":"b0558a6a-6073-4087-acee-7fd84d054924-140277033953088","trial_id":9,"param_name":"intermediate_size","param_value_internal":2,"distribution":"{\"name\": \"CategoricalDistribution\", \"attributes\": {\"choices\": [32, 64, 128]}}"}
{"op_code":6,"worker_id":"b0558a6a-6073-4087-acee-7fd84d054924-140277033953088","trial_id":9,"state":1,"values":[0.62],"datetime_complete":"2026-04-01T15:18:59.880692"}
{"op_code":4,"worker_id":"b0558a6a-6073-4087-acee-7fd84d054924-140277033953088","study_id":0,"datetime_start":"2026-04-01T15:18:59.953810"}
{"op_code":5,"worker_id":"b0558a6a-6073-4087-acee-7fd84d054924-140277033953088","trial_id":10,"param_name":"learning_rate","param_value_internal":0.001002256870109878,"distribution":"{\"name\": \"FloatDistribution\", \"attributes\": {\"step\": null, \"low\": 0.0001, \"high\": 0.01, \"log\": true}}"}
{"op_code":5,"worker_id":"b0558a6a-6073-4087-acee-7fd84d054924-140277033953088","trial_id":10,"param_name":"hidden_size","param_value_internal":2,"distribution":"{\"name\": \"CategoricalDistribution\", \"attributes\": {\"choices\": [8, 16, 32]}}"}
{"op_code":5,"worker_id":"b0558a6a-6073-4087-acee-7fd84d054924-140277033953088","trial_id":10,"param_name":"num_hidden_layers","param_value_internal":2,"distribution":"{\"name\": \"CategoricalDistribution\", \"attributes\": {\"choices\": [1, 2, 3, 4]}}"}
{"op_code":5,"worker_id":"b0558a6a-6073-4087-acee-7fd84d054924-140277033953088","trial_id":10,"param_name":"num_attention_heads","param_value_internal":2,"distribution":"{\"name\": \"CategoricalDistribution\", \"attributes\": {\"choices\": [2, 4, 8]}}"}
{"op_code":5,"worker_id":"b0558a6a-6073-4087-acee-7fd84d054924-140277033953088","trial_id":10,"param_name":"intermediate_size","param_value_internal":1,"distribution":"{\"name\": \"CategoricalDistribution\", \"attributes\": {\"choices\": [32, 64, 128]}}"}
{"op_code":6,"worker_id":"b0558a6a-6073-4087-acee-7fd84d054924-140277033953088","trial_id":10,"state":1,"values":[0.62],"datetime_complete":"2026-04-01T15:19:01.692444"}
{"op_code":4,"worker_id":"b0558a6a-6073-4087-acee-7fd84d054924-140277033953088","study_id":0,"datetime_start":"2026-04-01T15:19:01.739316"}
{"op_code":5,"worker_id":"b0558a6a-6073-4087-acee-7fd84d054924-140277033953088","trial_id":11,"param_name":"learning_rate","param_value_internal":0.0030617027951368586,"distribution":"{\"name\": \"FloatDistribution\", \"attributes\": {\"step\": null, \"low\": 0.0001, \"high\": 0.01, \"log\": true}}"}
{"op_code":5,"worker_id":"b0558a6a-6073-4087-acee-7fd84d054924-140277033953088","trial_id":11,"param_name":"hidden_size","param_value_internal":1,"distribution":"{\"name\": \"CategoricalDistribution\", \"attributes\": {\"choices\": [8, 16, 32]}}"}
{"op_code":5,"worker_id":"b0558a6a-6073-4087-acee-7fd84d054924-140277033953088","trial_id":11,"param_name":"num_hidden_layers","param_value_internal":3,"distribution":"{\"name\": \"CategoricalDistribution\", \"attributes\": {\"choices\": [1, 2, 3, 4]}}"}
{"op_code":5,"worker_id":"b0558a6a-6073-4087-acee-7fd84d054924-140277033953088","trial_id":11,"param_name":"num_attention_heads","param_value_internal":2,"distribution":"{\"name\": \"CategoricalDistribution\", \"attributes\": {\"choices\": [2, 4, 8]}}"}
{"op_code":5,"worker_id":"b0558a6a-6073-4087-acee-7fd84d054924-140277033953088","trial_id":11,"param_name":"intermediate_size","param_value_internal":1,"distribution":"{\"name\": \"CategoricalDistribution\", \"attributes\": {\"choices\": [32, 64, 128]}}"}
{"op_code":6,"worker_id":"b0558a6a-6073-4087-acee-7fd84d054924-140277033953088","trial_id":11,"state":1,"values":[0.58],"datetime_complete":"2026-04-01T15:19:03.106635"}
{"op_code":4,"worker_id":"b0558a6a-6073-4087-acee-7fd84d054924-140277033953088","study_id":0,"datetime_start":"2026-04-01T15:19:03.137017"}
{"op_code":5,"worker_id":"b0558a6a-6073-4087-acee-7fd84d054924-140277033953088","trial_id":12,"param_name":"learning_rate","param_value_internal":0.0016016067893682556,"distribution":"{\"name\": \"FloatDistribution\", \"attributes\": {\"step\": null, \"low\": 0.0001, \"high\": 0.01, \"log\": true}}"}
{"op_code":5,"worker_id":"b0558a6a-6073-4087-acee-7fd84d054924-140277033953088","trial_id":12,"param_name":"hidden_size","param_value_internal":2,"distribution":"{\"name\": \"CategoricalDistribution\", \"attributes\": {\"choices\": [8, 16, 32]}}"}
{"op_code":5,"worker_id":"b0558a6a-6073-4087-acee-7fd84d054924-140277033953088","trial_id":12,"param_name":"num_hidden_layers","param_value_internal":2,"distribution":"{\"name\": \"CategoricalDistribution\", \"attributes\": {\"choices\": [1, 2, 3, 4]}}"}
{"op_code":5,"worker_id":"b0558a6a-6073-4087-acee-7fd84d054924-140277033953088","trial_id":12,"param_name":"num_attention_heads","param_value_internal":2,"distribution":"{\"name\": \"CategoricalDistribution\", \"attributes\": {\"choices\": [2, 4, 8]}}"}
{"op_code":5,"worker_id":"b0558a6a-6073-4087-acee-7fd84d054924-140277033953088","trial_id":12,"param_name":"intermediate_size","param_value_internal":1,"distribution":"{\"name\": \"CategoricalDistribution\", \"attributes\": {\"choices\": [32, 64, 128]}}"}
{"op_code":6,"worker_id":"b0558a6a-6073-4087-acee-7fd84d054924-140277033953088","trial_id":12,"state":1,"values":[0.72],"datetime_complete":"2026-04-01T15:19:04.397779"}
{"op_code":4,"worker_id":"b0558a6a-6073-4087-acee-7fd84d054924-140277033953088","study_id":0,"datetime_start":"2026-04-01T15:19:04.442870"}
{"op_code":5,"worker_id":"b0558a6a-6073-4087-acee-7fd84d054924-140277033953088","trial_id":13,"param_name":"learning_rate","param_value_internal":0.0031084775197497755,"distribution":"{\"name\": \"FloatDistribution\", \"attributes\": {\"step\": null, \"low\": 0.0001, \"high\": 0.01, \"log\": true}}"}
{"op_code":5,"worker_id":"b0558a6a-6073-4087-acee-7fd84d054924-140277033953088","trial_id":13,"param_name":"hidden_size","param_value_internal":2,"distribution":"{\"name\": \"CategoricalDistribution\", \"attributes\": {\"choices\": [8, 16, 32]}}"}
{"op_code":5,"worker_id":"b0558a6a-6073-4087-acee-7fd84d054924-140277033953088","trial_id":13,"param_name":"num_hidden_layers","param_value_internal":3,"distribution":"{\"name\": \"CategoricalDistribution\", \"attributes\": {\"choices\": [1, 2, 3, 4]}}"}
{"op_code":5,"worker_id":"b0558a6a-6073-4087-acee-7fd84d054924-140277033953088","trial_id":13,"param_name":"num_attention_heads","param_value_internal":2,"distribution":"{\"name\": \"CategoricalDistribution\", \"attributes\": {\"choices\": [2, 4, 8]}}"}
{"op_code":5,"worker_id":"b0558a6a-6073-4087-acee-7fd84d054924-140277033953088","trial_id":13,"param_name":"intermediate_size","param_value_internal":1,"distribution":"{\"name\": \"CategoricalDistribution\", \"attributes\": {\"choices\": [32, 64, 128]}}"}
{"op_code":6,"worker_id":"b0558a6a-6073-4087-acee-7fd84d054924-140277033953088","trial_id":13,"state":1,"values":[0.7],"datetime_complete":"2026-04-01T15:19:06.104574"}
{"op_code":4,"worker_id":"b0558a6a-6073-4087-acee-7fd84d054924-140277033953088","study_id":0,"datetime_start":"2026-04-01T15:19:06.139227"}
{"op_code":5,"worker_id":"b0558a6a-6073-4087-acee-7fd84d054924-140277033953088","trial_id":14,"param_name":"learning_rate","param_value_internal":0.00048077117827507424,"distribution":"{\"name\": \"FloatDistribution\", \"attributes\": {\"step\": null, \"low\": 0.0001, \"high\": 0.01, \"log\": true}}"}
{"op_code":5,"worker_id":"b0558a6a-6073-4087-acee-7fd84d054924-140277033953088","trial_id":14,"param_name":"hidden_size","param_value_internal":1,"distribution":"{\"name\": \"CategoricalDistribution\", \"attributes\": {\"choices\": [8, 16, 32]}}"}
{"op_code":5,"worker_id":"b0558a6a-6073-4087-acee-7fd84d054924-140277033953088","trial_id":14,"param_name":"num_hidden_layers","param_value_internal":2,"distribution":"{\"name\": \"CategoricalDistribution\", \"attributes\": {\"choices\": [1, 2, 3, 4]}}"}
{"op_code":5,"worker_id":"b0558a6a-6073-4087-acee-7fd84d054924-140277033953088","trial_id":14,"param_name":"num_attention_heads","param_value_internal":2,"distribution":"{\"name\": \"CategoricalDistribution\", \"attributes\": {\"choices\": [2, 4, 8]}}"}
{"op_code":5,"worker_id":"b0558a6a-6073-4087-acee-7fd84d054924-140277033953088","trial_id":14,"param_name":"intermediate_size","param_value_internal":1,"distribution":"{\"name\": \"CategoricalDistribution\", \"attributes\": {\"choices\": [32, 64, 128]}}"}
{"op_code":6,"worker_id":"b0558a6a-6073-4087-acee-7fd84d054924-140277033953088","trial_id":14,"state":1,"values":[0.66],"datetime_complete":"2026-04-01T15:19:07.933198"}
{"op_code":4,"worker_id":"b0558a6a-6073-4087-acee-7fd84d054924-140277033953088","study_id":0,"datetime_start":"2026-04-01T15:19:07.945658"}
{"op_code":5,"worker_id":"b0558a6a-6073-4087-acee-7fd84d054924-140277033953088","trial_id":15,"param_name":"learning_rate","param_value_internal":0.0039634030736252655,"distribution":"{\"name\": \"FloatDistribution\", \"attributes\": {\"step\": null, \"low\": 0.0001, \"high\": 0.01, \"log\": true}}"}
{"op_code":5,"worker_id":"b0558a6a-6073-4087-acee-7fd84d054924-140277033953088","trial_id":15,"param_name":"hidden_size","param_value_internal":0,"distribution":"{\"name\": \"CategoricalDistribution\", \"attributes\": {\"choices\": [8, 16, 32]}}"}
{"op_code":5,"worker_id":"b0558a6a-6073-4087-acee-7fd84d054924-140277033953088","trial_id":15,"param_name":"num_hidden_layers","param_value_internal":3,"distribution":"{\"name\": \"CategoricalDistribution\", \"attributes\": {\"choices\": [1, 2, 3, 4]}}"}
{"op_code":5,"worker_id":"b0558a6a-6073-4087-acee-7fd84d054924-140277033953088","trial_id":15,"param_name":"num_attention_heads","param_value_internal":2,"distribution":"{\"name\": \"CategoricalDistribution\", \"attributes\": {\"choices\": [2, 4, 8]}}"}
{"op_code":5,"worker_id":"b0558a6a-6073-4087-acee-7fd84d054924-140277033953088","trial_id":15,"param_name":"intermediate_size","param_value_internal":1,"distribution":"{\"name\": \"CategoricalDistribution\", \"attributes\": {\"choices\": [32, 64, 128]}}"}
{"op_code":6,"worker_id":"b0558a6a-6073-4087-acee-7fd84d054924-140277033953088","trial_id":15,"state":1,"values":[0.52],"datetime_complete":"2026-04-01T15:19:09.983185"}
{"op_code":4,"worker_id":"b0558a6a-6073-4087-acee-7fd84d054924-140277033953088","study_id":0,"datetime_start":"2026-04-01T15:19:10.067761"}
{"op_code":5,"worker_id":"b0558a6a-6073-4087-acee-7fd84d054924-140277033953088","trial_id":16,"param_name":"learning_rate","param_value_internal":0.0015953357826664094,"distribution":"{\"name\": \"FloatDistribution\", \"attributes\": {\"step\": null, \"low\": 0.0001, \"high\": 0.01, \"log\": true}}"}
{"op_code":5,"worker_id":"b0558a6a-6073-4087-acee-7fd84d054924-140277033953088","trial_id":16,"param_name":"hidden_size","param_value_internal":2,"distribution":"{\"name\": \"CategoricalDistribution\", \"attributes\": {\"choices\": [8, 16, 32]}}"}
{"op_code":5,"worker_id":"b0558a6a-6073-4087-acee-7fd84d054924-140277033953088","trial_id":16,"param_name":"num_hidden_layers","param_value_internal":2,"distribution":"{\"name\": \"CategoricalDistribution\", \"attributes\": {\"choices\": [1, 2, 3, 4]}}"}
{"op_code":5,"worker_id":"b0558a6a-6073-4087-acee-7fd84d054924-140277033953088","trial_id":16,"param_name":"num_attention_heads","param_value_internal":2,"distribution":"{\"name\": \"CategoricalDistribution\", \"attributes\": {\"choices\": [2, 4, 8]}}"}
{"op_code":5,"worker_id":"b0558a6a-6073-4087-acee-7fd84d054924-140277033953088","trial_id":16,"param_name":"intermediate_size","param_value_internal":2,"distribution":"{\"name\": \"CategoricalDistribution\", \"attributes\": {\"choices\": [32, 64, 128]}}"}
{"op_code":6,"worker_id":"b0558a6a-6073-4087-acee-7fd84d054924-140277033953088","trial_id":16,"state":1,"values":[0.8],"datetime_complete":"2026-04-01T15:19:11.807856"}
{"op_code":4,"worker_id":"b0558a6a-6073-4087-acee-7fd84d054924-140277033953088","study_id":0,"datetime_start":"2026-04-01T15:19:11.820382"}
{"op_code":5,"worker_id":"b0558a6a-6073-4087-acee-7fd84d054924-140277033953088","trial_id":17,"param_name":"learning_rate","param_value_internal":0.0016408312638485226,"distribution":"{\"name\": \"FloatDistribution\", \"attributes\": {\"step\": null, \"low\": 0.0001, \"high\": 0.01, \"log\": true}}"}
{"op_code":5,"worker_id":"b0558a6a-6073-4087-acee-7fd84d054924-140277033953088","trial_id":17,"param_name":"hidden_size","param_value_internal":2,"distribution":"{\"name\": \"CategoricalDistribution\", \"attributes\": {\"choices\": [8, 16, 32]}}"}
{"op_code":5,"worker_id":"b0558a6a-6073-4087-acee-7fd84d054924-140277033953088","trial_id":17,"param_name":"num_hidden_layers","param_value_internal":2,"distribution":"{\"name\": \"CategoricalDistribution\", \"attributes\": {\"choices\": [1, 2, 3, 4]}}"}
{"op_code":5,"worker_id":"b0558a6a-6073-4087-acee-7fd84d054924-140277033953088","trial_id":17,"param_name":"num_attention_heads","param_value_internal":2,"distribution":"{\"name\": \"CategoricalDistribution\", \"attributes\": {\"choices\": [2, 4, 8]}}"}
{"op_code":5,"worker_id":"b0558a6a-6073-4087-acee-7fd84d054924-140277033953088","trial_id":17,"param_name":"intermediate_size","param_value_internal":2,"distribution":"{\"name\": \"CategoricalDistribution\", \"attributes\": {\"choices\": [32, 64, 128]}}"}
{"op_code":6,"worker_id":"b0558a6a-6073-4087-acee-7fd84d054924-140277033953088","trial_id":17,"state":1,"values":[0.6],"datetime_complete":"2026-04-01T15:19:13.054970"}
{"op_code":4,"worker_id":"b0558a6a-6073-4087-acee-7fd84d054924-140277033953088","study_id":0,"datetime_start":"2026-04-01T15:19:13.077170"}
{"op_code":5,"worker_id":"b0558a6a-6073-4087-acee-7fd84d054924-140277033953088","trial_id":18,"param_name":"learning_rate","param_value_internal":0.00046180441991174645,"distribution":"{\"name\": \"FloatDistribution\", \"attributes\": {\"step\": null, \"low\": 0.0001, \"high\": 0.01, \"log\": true}}"}
{"op_code":5,"worker_id":"b0558a6a-6073-4087-acee-7fd84d054924-140277033953088","trial_id":18,"param_name":"hidden_size","param_value_internal":2,"distribution":"{\"name\": \"CategoricalDistribution\", \"attributes\": {\"choices\": [8, 16, 32]}}"}
{"op_code":5,"worker_id":"b0558a6a-6073-4087-acee-7fd84d054924-140277033953088","trial_id":18,"param_name":"num_hidden_layers","param_value_internal":2,"distribution":"{\"name\": \"CategoricalDistribution\", \"attributes\": {\"choices\": [1, 2, 3, 4]}}"}
{"op_code":5,"worker_id":"b0558a6a-6073-4087-acee-7fd84d054924-140277033953088","trial_id":18,"param_name":"num_attention_heads","param_value_internal":2,"distribution":"{\"name\": \"CategoricalDistribution\", \"attributes\": {\"choices\": [2, 4, 8]}}"}
{"op_code":5,"worker_id":"b0558a6a-6073-4087-acee-7fd84d054924-140277033953088","trial_id":18,"param_name":"intermediate_size","param_value_internal":2,"distribution":"{\"name\": \"CategoricalDistribution\", \"attributes\": {\"choices\": [32, 64, 128]}}"}
{"op_code":6,"worker_id":"b0558a6a-6073-4087-acee-7fd84d054924-140277033953088","trial_id":18,"state":1,"values":[0.62],"datetime_complete":"2026-04-01T15:19:14.797912"}
{"op_code":4,"worker_id":"b0558a6a-6073-4087-acee-7fd84d054924-140277033953088","study_id":0,"datetime_start":"2026-04-01T15:19:14.810938"}
{"op_code":5,"worker_id":"b0558a6a-6073-4087-acee-7fd84d054924-140277033953088","trial_id":19,"param_name":"learning_rate","param_value_internal":0.0017700994999660692,"distribution":"{\"name\": \"FloatDistribution\", \"attributes\": {\"step\": null, \"low\": 0.0001, \"high\": 0.01, \"log\": true}}"}
{"op_code":5,"worker_id":"b0558a6a-6073-4087-acee-7fd84d054924-140277033953088","trial_id":19,"param_name":"hidden_size","param_value_internal":2,"distribution":"{\"name\": \"CategoricalDistribution\", \"attributes\": {\"choices\": [8, 16, 32]}}"}
{"op_code":5,"worker_id":"b0558a6a-6073-4087-acee-7fd84d054924-140277033953088","trial_id":19,"param_name":"num_hidden_layers","param_value_internal":2,"distribution":"{\"name\": \"CategoricalDistribution\", \"attributes\": {\"choices\": [1, 2, 3, 4]}}"}
{"op_code":5,"worker_id":"b0558a6a-6073-4087-acee-7fd84d054924-140277033953088","trial_id":19,"param_name":"num_attention_heads","param_value_internal":2,"distribution":"{\"name\": \"CategoricalDistribution\", \"attributes\": {\"choices\": [2, 4, 8]}}"}
{"op_code":5,"worker_id":"b0558a6a-6073-4087-acee-7fd84d054924-140277033953088","trial_id":19,"param_name":"intermediate_size","param_value_internal":2,"distribution":"{\"name\": \"CategoricalDistribution\", \"attributes\": {\"choices\": [32, 64, 128]}}"}
{"op_code":6,"worker_id":"b0558a6a-6073-4087-acee-7fd84d054924-140277033953088","trial_id":19,"state":1,"values":[0.74],"datetime_complete":"2026-04-01T15:19:16.512720"}
