{"op_code":0,"worker_id":"8ab653da-d3fd-4907-99b4-faa346835455-139952901822272","study_name":"gbsa_tuning","directions":[2]}
{"op_code":4,"worker_id":"8ab653da-d3fd-4907-99b4-faa346835455-139952901822272","study_id":0,"datetime_start":"2026-03-26T08:56:58.222794"}
{"op_code":5,"worker_id":"8ab653da-d3fd-4907-99b4-faa346835455-139952901822272","trial_id":0,"param_name":"learning_rate","param_value_internal":0.011108454039181934,"distribution":"{\"name\": \"FloatDistribution\", \"attributes\": {\"step\": null, \"low\": 0.01, \"high\": 0.2, \"log\": true}}"}
{"op_code":5,"worker_id":"8ab653da-d3fd-4907-99b4-faa346835455-139952901822272","trial_id":0,"param_name":"n_estimators","param_value_internal":82.0,"distribution":"{\"name\": \"IntDistribution\", \"attributes\": {\"log\": false, \"step\": 1, \"low\": 50, \"high\": 200}}"}
{"op_code":5,"worker_id":"8ab653da-d3fd-4907-99b4-faa346835455-139952901822272","trial_id":0,"param_name":"max_depth","param_value_internal":3.0,"distribution":"{\"name\": \"IntDistribution\", \"attributes\": {\"log\": false, \"step\": 1, \"low\": 2, \"high\": 5}}"}
{"op_code":6,"worker_id":"8ab653da-d3fd-4907-99b4-faa346835455-139952901822272","trial_id":0,"state":1,"values":[0.6025247340196725],"datetime_complete":"2026-03-26T08:57:32.449852"}
{"op_code":4,"worker_id":"8ab653da-d3fd-4907-99b4-faa346835455-139952901822272","study_id":0,"datetime_start":"2026-03-26T08:57:32.469144"}
{"op_code":5,"worker_id":"8ab653da-d3fd-4907-99b4-faa346835455-139952901822272","trial_id":1,"param_name":"learning_rate","param_value_internal":0.025905206402336733,"distribution":"{\"name\": \"FloatDistribution\", \"attributes\": {\"step\": null, \"low\": 0.01, \"high\": 0.2, \"log\": true}}"}
{"op_code":5,"worker_id":"8ab653da-d3fd-4907-99b4-faa346835455-139952901822272","trial_id":1,"param_name":"n_estimators","param_value_internal":163.0,"distribution":"{\"name\": \"IntDistribution\", \"attributes\": {\"log\": false, \"step\": 1, \"low\": 50, \"high\": 200}}"}
{"op_code":5,"worker_id":"8ab653da-d3fd-4907-99b4-faa346835455-139952901822272","trial_id":1,"param_name":"max_depth","param_value_internal":4.0,"distribution":"{\"name\": \"IntDistribution\", \"attributes\": {\"log\": false, \"step\": 1, \"low\": 2, \"high\": 5}}"}
{"op_code":6,"worker_id":"8ab653da-d3fd-4907-99b4-faa346835455-139952901822272","trial_id":1,"state":1,"values":[0.6185839236041409],"datetime_complete":"2026-03-26T08:58:40.635559"}
{"op_code":4,"worker_id":"8ab653da-d3fd-4907-99b4-faa346835455-139952901822272","study_id":0,"datetime_start":"2026-03-26T08:58:40.657323"}
{"op_code":5,"worker_id":"8ab653da-d3fd-4907-99b4-faa346835455-139952901822272","trial_id":2,"param_name":"learning_rate","param_value_internal":0.030076059203066413,"distribution":"{\"name\": \"FloatDistribution\", \"attributes\": {\"step\": null, \"low\": 0.01, \"high\": 0.2, \"log\": true}}"}
{"op_code":5,"worker_id":"8ab653da-d3fd-4907-99b4-faa346835455-139952901822272","trial_id":2,"param_name":"n_estimators","param_value_internal":165.0,"distribution":"{\"name\": \"IntDistribution\", \"attributes\": {\"log\": false, \"step\": 1, \"low\": 50, \"high\": 200}}"}
{"op_code":5,"worker_id":"8ab653da-d3fd-4907-99b4-faa346835455-139952901822272","trial_id":2,"param_name":"max_depth","param_value_internal":4.0,"distribution":"{\"name\": \"IntDistribution\", \"attributes\": {\"log\": false, \"step\": 1, \"low\": 2, \"high\": 5}}"}
{"op_code":6,"worker_id":"8ab653da-d3fd-4907-99b4-faa346835455-139952901822272","trial_id":2,"state":1,"values":[0.6197883628229761],"datetime_complete":"2026-03-26T08:59:49.901223"}
{"op_code":4,"worker_id":"8ab653da-d3fd-4907-99b4-faa346835455-139952901822272","study_id":0,"datetime_start":"2026-03-26T08:59:49.922387"}
{"op_code":5,"worker_id":"8ab653da-d3fd-4907-99b4-faa346835455-139952901822272","trial_id":3,"param_name":"learning_rate","param_value_internal":0.0858167266675859,"distribution":"{\"name\": \"FloatDistribution\", \"attributes\": {\"step\": null, \"low\": 0.01, \"high\": 0.2, \"log\": true}}"}
{"op_code":5,"worker_id":"8ab653da-d3fd-4907-99b4-faa346835455-139952901822272","trial_id":3,"param_name":"n_estimators","param_value_internal":66.0,"distribution":"{\"name\": \"IntDistribution\", \"attributes\": {\"log\": false, \"step\": 1, \"low\": 50, \"high\": 200}}"}
{"op_code":5,"worker_id":"8ab653da-d3fd-4907-99b4-faa346835455-139952901822272","trial_id":3,"param_name":"max_depth","param_value_internal":3.0,"distribution":"{\"name\": \"IntDistribution\", \"attributes\": {\"log\": false, \"step\": 1, \"low\": 2, \"high\": 5}}"}
{"op_code":6,"worker_id":"8ab653da-d3fd-4907-99b4-faa346835455-139952901822272","trial_id":3,"state":1,"values":[0.6183264030283043],"datetime_complete":"2026-03-26T09:00:17.631370"}
{"op_code":4,"worker_id":"8ab653da-d3fd-4907-99b4-faa346835455-139952901822272","study_id":0,"datetime_start":"2026-03-26T09:00:17.645106"}
{"op_code":5,"worker_id":"8ab653da-d3fd-4907-99b4-faa346835455-139952901822272","trial_id":4,"param_name":"learning_rate","param_value_internal":0.18250971732302224,"distribution":"{\"name\": \"FloatDistribution\", \"attributes\": {\"step\": null, \"low\": 0.01, \"high\": 0.2, \"log\": true}}"}
{"op_code":5,"worker_id":"8ab653da-d3fd-4907-99b4-faa346835455-139952901822272","trial_id":4,"param_name":"n_estimators","param_value_internal":95.0,"distribution":"{\"name\": \"IntDistribution\", \"attributes\": {\"log\": false, \"step\": 1, \"low\": 50, \"high\": 200}}"}
{"op_code":5,"worker_id":"8ab653da-d3fd-4907-99b4-faa346835455-139952901822272","trial_id":4,"param_name":"max_depth","param_value_internal":4.0,"distribution":"{\"name\": \"IntDistribution\", \"attributes\": {\"log\": false, \"step\": 1, \"low\": 2, \"high\": 5}}"}
{"op_code":6,"worker_id":"8ab653da-d3fd-4907-99b4-faa346835455-139952901822272","trial_id":4,"state":1,"values":[0.6196036821427547],"datetime_complete":"2026-03-26T09:00:57.646575"}
{"op_code":4,"worker_id":"8ab653da-d3fd-4907-99b4-faa346835455-139952901822272","study_id":0,"datetime_start":"2026-03-26T09:00:57.659556"}
{"op_code":5,"worker_id":"8ab653da-d3fd-4907-99b4-faa346835455-139952901822272","trial_id":5,"param_name":"learning_rate","param_value_internal":0.15940578825191604,"distribution":"{\"name\": \"FloatDistribution\", \"attributes\": {\"step\": null, \"low\": 0.01, \"high\": 0.2, \"log\": true}}"}
{"op_code":5,"worker_id":"8ab653da-d3fd-4907-99b4-faa346835455-139952901822272","trial_id":5,"param_name":"n_estimators","param_value_internal":109.0,"distribution":"{\"name\": \"IntDistribution\", \"attributes\": {\"log\": false, \"step\": 1, \"low\": 50, \"high\": 200}}"}
{"op_code":5,"worker_id":"8ab653da-d3fd-4907-99b4-faa346835455-139952901822272","trial_id":5,"param_name":"max_depth","param_value_internal":5.0,"distribution":"{\"name\": \"IntDistribution\", \"attributes\": {\"log\": false, \"step\": 1, \"low\": 2, \"high\": 5}}"}
{"op_code":6,"worker_id":"8ab653da-d3fd-4907-99b4-faa346835455-139952901822272","trial_id":5,"state":1,"values":[0.6230816437727624],"datetime_complete":"2026-03-26T09:01:43.626060"}
{"op_code":4,"worker_id":"8ab653da-d3fd-4907-99b4-faa346835455-139952901822272","study_id":0,"datetime_start":"2026-03-26T09:01:43.641216"}
{"op_code":5,"worker_id":"8ab653da-d3fd-4907-99b4-faa346835455-139952901822272","trial_id":6,"param_name":"learning_rate","param_value_internal":0.020358947815242705,"distribution":"{\"name\": \"FloatDistribution\", \"attributes\": {\"step\": null, \"low\": 0.01, \"high\": 0.2, \"log\": true}}"}
{"op_code":5,"worker_id":"8ab653da-d3fd-4907-99b4-faa346835455-139952901822272","trial_id":6,"param_name":"n_estimators","param_value_internal":172.0,"distribution":"{\"name\": \"IntDistribution\", \"attributes\": {\"log\": false, \"step\": 1, \"low\": 50, \"high\": 200}}"}
{"op_code":5,"worker_id":"8ab653da-d3fd-4907-99b4-faa346835455-139952901822272","trial_id":6,"param_name":"max_depth","param_value_internal":2.0,"distribution":"{\"name\": \"IntDistribution\", \"attributes\": {\"log\": false, \"step\": 1, \"low\": 2, \"high\": 5}}"}
{"op_code":6,"worker_id":"8ab653da-d3fd-4907-99b4-faa346835455-139952901822272","trial_id":6,"state":1,"values":[0.6082681884660607],"datetime_complete":"2026-03-26T09:02:54.991976"}
{"op_code":4,"worker_id":"8ab653da-d3fd-4907-99b4-faa346835455-139952901822272","study_id":0,"datetime_start":"2026-03-26T09:02:55.022537"}
{"op_code":5,"worker_id":"8ab653da-d3fd-4907-99b4-faa346835455-139952901822272","trial_id":7,"param_name":"learning_rate","param_value_internal":0.07817288782609624,"distribution":"{\"name\": \"FloatDistribution\", \"attributes\": {\"step\": null, \"low\": 0.01, \"high\": 0.2, \"log\": true}}"}
{"op_code":5,"worker_id":"8ab653da-d3fd-4907-99b4-faa346835455-139952901822272","trial_id":7,"param_name":"n_estimators","param_value_internal":76.0,"distribution":"{\"name\": \"IntDistribution\", \"attributes\": {\"log\": false, \"step\": 1, \"low\": 50, \"high\": 200}}"}
{"op_code":5,"worker_id":"8ab653da-d3fd-4907-99b4-faa346835455-139952901822272","trial_id":7,"param_name":"max_depth","param_value_internal":4.0,"distribution":"{\"name\": \"IntDistribution\", \"attributes\": {\"log\": false, \"step\": 1, \"low\": 2, \"high\": 5}}"}
{"op_code":6,"worker_id":"8ab653da-d3fd-4907-99b4-faa346835455-139952901822272","trial_id":7,"state":1,"values":[0.6196920076854693],"datetime_complete":"2026-03-26T09:03:27.009103"}
{"op_code":4,"worker_id":"8ab653da-d3fd-4907-99b4-faa346835455-139952901822272","study_id":0,"datetime_start":"2026-03-26T09:03:27.024715"}
{"op_code":5,"worker_id":"8ab653da-d3fd-4907-99b4-faa346835455-139952901822272","trial_id":8,"param_name":"learning_rate","param_value_internal":0.0216733474823349,"distribution":"{\"name\": \"FloatDistribution\", \"attributes\": {\"step\": null, \"low\": 0.01, \"high\": 0.2, \"log\": true}}"}
{"op_code":5,"worker_id":"8ab653da-d3fd-4907-99b4-faa346835455-139952901822272","trial_id":8,"param_name":"n_estimators","param_value_internal":100.0,"distribution":"{\"name\": \"IntDistribution\", \"attributes\": {\"log\": false, \"step\": 1, \"low\": 50, \"high\": 200}}"}
{"op_code":5,"worker_id":"8ab653da-d3fd-4907-99b4-faa346835455-139952901822272","trial_id":8,"param_name":"max_depth","param_value_internal":2.0,"distribution":"{\"name\": \"IntDistribution\", \"attributes\": {\"log\": false, \"step\": 1, \"low\": 2, \"high\": 5}}"}
{"op_code":6,"worker_id":"8ab653da-d3fd-4907-99b4-faa346835455-139952901822272","trial_id":8,"state":1,"values":[0.6005758366551003],"datetime_complete":"2026-03-26T09:04:08.707718"}
{"op_code":4,"worker_id":"8ab653da-d3fd-4907-99b4-faa346835455-139952901822272","study_id":0,"datetime_start":"2026-03-26T09:04:08.720979"}
{"op_code":5,"worker_id":"8ab653da-d3fd-4907-99b4-faa346835455-139952901822272","trial_id":9,"param_name":"learning_rate","param_value_internal":0.1976980076297446,"distribution":"{\"name\": \"FloatDistribution\", \"attributes\": {\"step\": null, \"low\": 0.01, \"high\": 0.2, \"log\": true}}"}
{"op_code":5,"worker_id":"8ab653da-d3fd-4907-99b4-faa346835455-139952901822272","trial_id":9,"param_name":"n_estimators","param_value_internal":120.0,"distribution":"{\"name\": \"IntDistribution\", \"attributes\": {\"log\": false, \"step\": 1, \"low\": 50, \"high\": 200}}"}
{"op_code":5,"worker_id":"8ab653da-d3fd-4907-99b4-faa346835455-139952901822272","trial_id":9,"param_name":"max_depth","param_value_internal":5.0,"distribution":"{\"name\": \"IntDistribution\", \"attributes\": {\"log\": false, \"step\": 1, \"low\": 2, \"high\": 5}}"}
{"op_code":6,"worker_id":"8ab653da-d3fd-4907-99b4-faa346835455-139952901822272","trial_id":9,"state":1,"values":[0.6219196466978292],"datetime_complete":"2026-03-26T09:04:59.480985"}
{"op_code":4,"worker_id":"8ab653da-d3fd-4907-99b4-faa346835455-139952901822272","study_id":0,"datetime_start":"2026-03-26T09:04:59.495341"}
{"op_code":5,"worker_id":"8ab653da-d3fd-4907-99b4-faa346835455-139952901822272","trial_id":10,"param_name":"learning_rate","param_value_internal":0.08377912807878289,"distribution":"{\"name\": \"FloatDistribution\", \"attributes\": {\"step\": null, \"low\": 0.01, \"high\": 0.2, \"log\": true}}"}
{"op_code":5,"worker_id":"8ab653da-d3fd-4907-99b4-faa346835455-139952901822272","trial_id":10,"param_name":"n_estimators","param_value_internal":134.0,"distribution":"{\"name\": \"IntDistribution\", \"attributes\": {\"log\": false, \"step\": 1, \"low\": 50, \"high\": 200}}"}
{"op_code":5,"worker_id":"8ab653da-d3fd-4907-99b4-faa346835455-139952901822272","trial_id":10,"param_name":"max_depth","param_value_internal":5.0,"distribution":"{\"name\": \"IntDistribution\", \"attributes\": {\"log\": false, \"step\": 1, \"low\": 2, \"high\": 5}}"}
{"op_code":6,"worker_id":"8ab653da-d3fd-4907-99b4-faa346835455-139952901822272","trial_id":10,"state":1,"values":[0.6195899171231108],"datetime_complete":"2026-03-26T09:05:56.055898"}
{"op_code":4,"worker_id":"8ab653da-d3fd-4907-99b4-faa346835455-139952901822272","study_id":0,"datetime_start":"2026-03-26T09:05:56.077050"}
{"op_code":5,"worker_id":"8ab653da-d3fd-4907-99b4-faa346835455-139952901822272","trial_id":11,"param_name":"learning_rate","param_value_internal":0.19076355804504144,"distribution":"{\"name\": \"FloatDistribution\", \"attributes\": {\"step\": null, \"low\": 0.01, \"high\": 0.2, \"log\": true}}"}
{"op_code":5,"worker_id":"8ab653da-d3fd-4907-99b4-faa346835455-139952901822272","trial_id":11,"param_name":"n_estimators","param_value_internal":128.0,"distribution":"{\"name\": \"IntDistribution\", \"attributes\": {\"log\": false, \"step\": 1, \"low\": 50, \"high\": 200}}"}
{"op_code":5,"worker_id":"8ab653da-d3fd-4907-99b4-faa346835455-139952901822272","trial_id":11,"param_name":"max_depth","param_value_internal":5.0,"distribution":"{\"name\": \"IntDistribution\", \"attributes\": {\"log\": false, \"step\": 1, \"low\": 2, \"high\": 5}}"}
{"op_code":6,"worker_id":"8ab653da-d3fd-4907-99b4-faa346835455-139952901822272","trial_id":11,"state":1,"values":[0.6143064437498208],"datetime_complete":"2026-03-26T09:06:50.280754"}
{"op_code":4,"worker_id":"8ab653da-d3fd-4907-99b4-faa346835455-139952901822272","study_id":0,"datetime_start":"2026-03-26T09:06:50.301402"}
{"op_code":5,"worker_id":"8ab653da-d3fd-4907-99b4-faa346835455-139952901822272","trial_id":12,"param_name":"learning_rate","param_value_internal":0.12750160617466808,"distribution":"{\"name\": \"FloatDistribution\", \"attributes\": {\"step\": null, \"low\": 0.01, \"high\": 0.2, \"log\": true}}"}
{"op_code":5,"worker_id":"8ab653da-d3fd-4907-99b4-faa346835455-139952901822272","trial_id":12,"param_name":"n_estimators","param_value_internal":114.0,"distribution":"{\"name\": \"IntDistribution\", \"attributes\": {\"log\": false, \"step\": 1, \"low\": 50, \"high\": 200}}"}
{"op_code":5,"worker_id":"8ab653da-d3fd-4907-99b4-faa346835455-139952901822272","trial_id":12,"param_name":"max_depth","param_value_internal":5.0,"distribution":"{\"name\": \"IntDistribution\", \"attributes\": {\"log\": false, \"step\": 1, \"low\": 2, \"high\": 5}}"}
{"op_code":6,"worker_id":"8ab653da-d3fd-4907-99b4-faa346835455-139952901822272","trial_id":12,"state":1,"values":[0.623313354936767],"datetime_complete":"2026-03-26T09:07:38.382762"}
{"op_code":4,"worker_id":"8ab653da-d3fd-4907-99b4-faa346835455-139952901822272","study_id":0,"datetime_start":"2026-03-26T09:07:38.396990"}
{"op_code":5,"worker_id":"8ab653da-d3fd-4907-99b4-faa346835455-139952901822272","trial_id":13,"param_name":"learning_rate","param_value_internal":0.11019882819445352,"distribution":"{\"name\": \"FloatDistribution\", \"attributes\": {\"step\": null, \"low\": 0.01, \"high\": 0.2, \"log\": true}}"}
{"op_code":5,"worker_id":"8ab653da-d3fd-4907-99b4-faa346835455-139952901822272","trial_id":13,"param_name":"n_estimators","param_value_internal":200.0,"distribution":"{\"name\": \"IntDistribution\", \"attributes\": {\"log\": false, \"step\": 1, \"low\": 50, \"high\": 200}}"}
{"op_code":5,"worker_id":"8ab653da-d3fd-4907-99b4-faa346835455-139952901822272","trial_id":13,"param_name":"max_depth","param_value_internal":5.0,"distribution":"{\"name\": \"IntDistribution\", \"attributes\": {\"log\": false, \"step\": 1, \"low\": 2, \"high\": 5}}"}
{"op_code":6,"worker_id":"8ab653da-d3fd-4907-99b4-faa346835455-139952901822272","trial_id":13,"state":1,"values":[0.620696854119469],"datetime_complete":"2026-03-26T09:09:02.762420"}
{"op_code":4,"worker_id":"8ab653da-d3fd-4907-99b4-faa346835455-139952901822272","study_id":0,"datetime_start":"2026-03-26T09:09:02.789645"}
{"op_code":5,"worker_id":"8ab653da-d3fd-4907-99b4-faa346835455-139952901822272","trial_id":14,"param_name":"learning_rate","param_value_internal":0.062282572274896295,"distribution":"{\"name\": \"FloatDistribution\", \"attributes\": {\"step\": null, \"low\": 0.01, \"high\": 0.2, \"log\": true}}"}
{"op_code":5,"worker_id":"8ab653da-d3fd-4907-99b4-faa346835455-139952901822272","trial_id":14,"param_name":"n_estimators","param_value_internal":113.0,"distribution":"{\"name\": \"IntDistribution\", \"attributes\": {\"log\": false, \"step\": 1, \"low\": 50, \"high\": 200}}"}
{"op_code":5,"worker_id":"8ab653da-d3fd-4907-99b4-faa346835455-139952901822272","trial_id":14,"param_name":"max_depth","param_value_internal":5.0,"distribution":"{\"name\": \"IntDistribution\", \"attributes\": {\"log\": false, \"step\": 1, \"low\": 2, \"high\": 5}}"}
{"op_code":6,"worker_id":"8ab653da-d3fd-4907-99b4-faa346835455-139952901822272","trial_id":14,"state":1,"values":[0.6210432737805053],"datetime_complete":"2026-03-26T09:09:50.456504"}
{"op_code":4,"worker_id":"8ab653da-d3fd-4907-99b4-faa346835455-139952901822272","study_id":0,"datetime_start":"2026-03-26T09:09:50.474987"}
{"op_code":5,"worker_id":"8ab653da-d3fd-4907-99b4-faa346835455-139952901822272","trial_id":15,"param_name":"learning_rate","param_value_internal":0.12770881362726444,"distribution":"{\"name\": \"FloatDistribution\", \"attributes\": {\"step\": null, \"low\": 0.01, \"high\": 0.2, \"log\": true}}"}
{"op_code":5,"worker_id":"8ab653da-d3fd-4907-99b4-faa346835455-139952901822272","trial_id":15,"param_name":"n_estimators","param_value_internal":54.0,"distribution":"{\"name\": \"IntDistribution\", \"attributes\": {\"log\": false, \"step\": 1, \"low\": 50, \"high\": 200}}"}
{"op_code":5,"worker_id":"8ab653da-d3fd-4907-99b4-faa346835455-139952901822272","trial_id":15,"param_name":"max_depth","param_value_internal":5.0,"distribution":"{\"name\": \"IntDistribution\", \"attributes\": {\"log\": false, \"step\": 1, \"low\": 2, \"high\": 5}}"}
{"op_code":6,"worker_id":"8ab653da-d3fd-4907-99b4-faa346835455-139952901822272","trial_id":15,"state":1,"values":[0.6227834016804795],"datetime_complete":"2026-03-26T09:10:13.185844"}
{"op_code":4,"worker_id":"8ab653da-d3fd-4907-99b4-faa346835455-139952901822272","study_id":0,"datetime_start":"2026-03-26T09:10:13.206292"}
{"op_code":5,"worker_id":"8ab653da-d3fd-4907-99b4-faa346835455-139952901822272","trial_id":16,"param_name":"learning_rate","param_value_internal":0.04649529750133587,"distribution":"{\"name\": \"FloatDistribution\", \"attributes\": {\"step\": null, \"low\": 0.01, \"high\": 0.2, \"log\": true}}"}
{"op_code":5,"worker_id":"8ab653da-d3fd-4907-99b4-faa346835455-139952901822272","trial_id":16,"param_name":"n_estimators","param_value_internal":148.0,"distribution":"{\"name\": \"IntDistribution\", \"attributes\": {\"log\": false, \"step\": 1, \"low\": 50, \"high\": 200}}"}
{"op_code":5,"worker_id":"8ab653da-d3fd-4907-99b4-faa346835455-139952901822272","trial_id":16,"param_name":"max_depth","param_value_internal":3.0,"distribution":"{\"name\": \"IntDistribution\", \"attributes\": {\"log\": false, \"step\": 1, \"low\": 2, \"high\": 5}}"}
{"op_code":6,"worker_id":"8ab653da-d3fd-4907-99b4-faa346835455-139952901822272","trial_id":16,"state":1,"values":[0.6203452725760661],"datetime_complete":"2026-03-26T09:11:14.952267"}
{"op_code":4,"worker_id":"8ab653da-d3fd-4907-99b4-faa346835455-139952901822272","study_id":0,"datetime_start":"2026-03-26T09:11:14.965725"}
{"op_code":5,"worker_id":"8ab653da-d3fd-4907-99b4-faa346835455-139952901822272","trial_id":17,"param_name":"learning_rate","param_value_internal":0.12604334113160687,"distribution":"{\"name\": \"FloatDistribution\", \"attributes\": {\"step\": null, \"low\": 0.01, \"high\": 0.2, \"log\": true}}"}
{"op_code":5,"worker_id":"8ab653da-d3fd-4907-99b4-faa346835455-139952901822272","trial_id":17,"param_name":"n_estimators","param_value_internal":107.0,"distribution":"{\"name\": \"IntDistribution\", \"attributes\": {\"log\": false, \"step\": 1, \"low\": 50, \"high\": 200}}"}
{"op_code":5,"worker_id":"8ab653da-d3fd-4907-99b4-faa346835455-139952901822272","trial_id":17,"param_name":"max_depth","param_value_internal":4.0,"distribution":"{\"name\": \"IntDistribution\", \"attributes\": {\"log\": false, \"step\": 1, \"low\": 2, \"high\": 5}}"}
{"op_code":6,"worker_id":"8ab653da-d3fd-4907-99b4-faa346835455-139952901822272","trial_id":17,"state":1,"values":[0.6210702302773078],"datetime_complete":"2026-03-26T09:11:59.903472"}
{"op_code":4,"worker_id":"8ab653da-d3fd-4907-99b4-faa346835455-139952901822272","study_id":0,"datetime_start":"2026-03-26T09:11:59.920444"}
{"op_code":5,"worker_id":"8ab653da-d3fd-4907-99b4-faa346835455-139952901822272","trial_id":18,"param_name":"learning_rate","param_value_internal":0.0567384664280626,"distribution":"{\"name\": \"FloatDistribution\", \"attributes\": {\"step\": null, \"low\": 0.01, \"high\": 0.2, \"log\": true}}"}
{"op_code":5,"worker_id":"8ab653da-d3fd-4907-99b4-faa346835455-139952901822272","trial_id":18,"param_name":"n_estimators","param_value_internal":140.0,"distribution":"{\"name\": \"IntDistribution\", \"attributes\": {\"log\": false, \"step\": 1, \"low\": 50, \"high\": 200}}"}
{"op_code":5,"worker_id":"8ab653da-d3fd-4907-99b4-faa346835455-139952901822272","trial_id":18,"param_name":"max_depth","param_value_internal":5.0,"distribution":"{\"name\": \"IntDistribution\", \"attributes\": {\"log\": false, \"step\": 1, \"low\": 2, \"high\": 5}}"}
{"op_code":6,"worker_id":"8ab653da-d3fd-4907-99b4-faa346835455-139952901822272","trial_id":18,"state":1,"values":[0.6211465114278341],"datetime_complete":"2026-03-26T09:12:59.191444"}
{"op_code":4,"worker_id":"8ab653da-d3fd-4907-99b4-faa346835455-139952901822272","study_id":0,"datetime_start":"2026-03-26T09:12:59.210099"}
{"op_code":5,"worker_id":"8ab653da-d3fd-4907-99b4-faa346835455-139952901822272","trial_id":19,"param_name":"learning_rate","param_value_internal":0.14379077967293782,"distribution":"{\"name\": \"FloatDistribution\", \"attributes\": {\"step\": null, \"low\": 0.01, \"high\": 0.2, \"log\": true}}"}
{"op_code":5,"worker_id":"8ab653da-d3fd-4907-99b4-faa346835455-139952901822272","trial_id":19,"param_name":"n_estimators","param_value_internal":89.0,"distribution":"{\"name\": \"IntDistribution\", \"attributes\": {\"log\": false, \"step\": 1, \"low\": 50, \"high\": 200}}"}
{"op_code":5,"worker_id":"8ab653da-d3fd-4907-99b4-faa346835455-139952901822272","trial_id":19,"param_name":"max_depth","param_value_internal":4.0,"distribution":"{\"name\": \"IntDistribution\", \"attributes\": {\"log\": false, \"step\": 1, \"low\": 2, \"high\": 5}}"}
{"op_code":6,"worker_id":"8ab653da-d3fd-4907-99b4-faa346835455-139952901822272","trial_id":19,"state":1,"values":[0.6222219035875083],"datetime_complete":"2026-03-26T09:13:36.734812"}
{"op_code":0,"worker_id":"ff81c8c7-d777-4d9b-99b7-8ad09ded46eb-139699157092160","study_name":"gbsa_tuning","directions":[2]}
{"op_code":4,"worker_id":"ff81c8c7-d777-4d9b-99b7-8ad09ded46eb-139699157092160","study_id":0,"datetime_start":"2026-03-26T13:22:25.476722"}
{"op_code":5,"worker_id":"ff81c8c7-d777-4d9b-99b7-8ad09ded46eb-139699157092160","trial_id":20,"param_name":"learning_rate","param_value_internal":0.03733420753968975,"distribution":"{\"name\": \"FloatDistribution\", \"attributes\": {\"step\": null, \"low\": 0.01, \"high\": 0.2, \"log\": true}}"}
{"op_code":5,"worker_id":"ff81c8c7-d777-4d9b-99b7-8ad09ded46eb-139699157092160","trial_id":20,"param_name":"n_estimators","param_value_internal":116.0,"distribution":"{\"name\": \"IntDistribution\", \"attributes\": {\"log\": false, \"step\": 1, \"low\": 50, \"high\": 200}}"}
{"op_code":5,"worker_id":"ff81c8c7-d777-4d9b-99b7-8ad09ded46eb-139699157092160","trial_id":20,"param_name":"max_depth","param_value_internal":5.0,"distribution":"{\"name\": \"IntDistribution\", \"attributes\": {\"log\": false, \"step\": 1, \"low\": 2, \"high\": 5}}"}
{"op_code":6,"worker_id":"ff81c8c7-d777-4d9b-99b7-8ad09ded46eb-139699157092160","trial_id":20,"state":1,"values":[0.619669065986063],"datetime_complete":"2026-03-26T13:23:14.745632"}
{"op_code":4,"worker_id":"ff81c8c7-d777-4d9b-99b7-8ad09ded46eb-139699157092160","study_id":0,"datetime_start":"2026-03-26T13:23:14.774354"}
{"op_code":5,"worker_id":"ff81c8c7-d777-4d9b-99b7-8ad09ded46eb-139699157092160","trial_id":21,"param_name":"learning_rate","param_value_internal":0.11485927360936496,"distribution":"{\"name\": \"FloatDistribution\", \"attributes\": {\"step\": null, \"low\": 0.01, \"high\": 0.2, \"log\": true}}"}
{"op_code":5,"worker_id":"ff81c8c7-d777-4d9b-99b7-8ad09ded46eb-139699157092160","trial_id":21,"param_name":"n_estimators","param_value_internal":58.0,"distribution":"{\"name\": \"IntDistribution\", \"attributes\": {\"log\": false, \"step\": 1, \"low\": 50, \"high\": 200}}"}
{"op_code":5,"worker_id":"ff81c8c7-d777-4d9b-99b7-8ad09ded46eb-139699157092160","trial_id":21,"param_name":"max_depth","param_value_internal":5.0,"distribution":"{\"name\": \"IntDistribution\", \"attributes\": {\"log\": false, \"step\": 1, \"low\": 2, \"high\": 5}}"}
{"op_code":6,"worker_id":"ff81c8c7-d777-4d9b-99b7-8ad09ded46eb-139699157092160","trial_id":21,"state":1,"values":[0.622242551116974],"datetime_complete":"2026-03-26T13:23:39.535440"}
{"op_code":4,"worker_id":"ff81c8c7-d777-4d9b-99b7-8ad09ded46eb-139699157092160","study_id":0,"datetime_start":"2026-03-26T13:23:39.550298"}
{"op_code":5,"worker_id":"ff81c8c7-d777-4d9b-99b7-8ad09ded46eb-139699157092160","trial_id":22,"param_name":"learning_rate","param_value_internal":0.14397195026172635,"distribution":"{\"name\": \"FloatDistribution\", \"attributes\": {\"step\": null, \"low\": 0.01, \"high\": 0.2, \"log\": true}}"}
{"op_code":5,"worker_id":"ff81c8c7-d777-4d9b-99b7-8ad09ded46eb-139699157092160","trial_id":22,"param_name":"n_estimators","param_value_internal":55.0,"distribution":"{\"name\": \"IntDistribution\", \"attributes\": {\"log\": false, \"step\": 1, \"low\": 50, \"high\": 200}}"}
{"op_code":5,"worker_id":"ff81c8c7-d777-4d9b-99b7-8ad09ded46eb-139699157092160","trial_id":22,"param_name":"max_depth","param_value_internal":5.0,"distribution":"{\"name\": \"IntDistribution\", \"attributes\": {\"log\": false, \"step\": 1, \"low\": 2, \"high\": 5}}"}
{"op_code":6,"worker_id":"ff81c8c7-d777-4d9b-99b7-8ad09ded46eb-139699157092160","trial_id":22,"state":1,"values":[0.6203372429812738],"datetime_complete":"2026-03-26T13:24:02.803278"}
{"op_code":4,"worker_id":"ff81c8c7-d777-4d9b-99b7-8ad09ded46eb-139699157092160","study_id":0,"datetime_start":"2026-03-26T13:24:02.825219"}
{"op_code":5,"worker_id":"ff81c8c7-d777-4d9b-99b7-8ad09ded46eb-139699157092160","trial_id":23,"param_name":"learning_rate","param_value_internal":0.099457426342153,"distribution":"{\"name\": \"FloatDistribution\", \"attributes\": {\"step\": null, \"low\": 0.01, \"high\": 0.2, \"log\": true}}"}
{"op_code":5,"worker_id":"ff81c8c7-d777-4d9b-99b7-8ad09ded46eb-139699157092160","trial_id":23,"param_name":"n_estimators","param_value_internal":74.0,"distribution":"{\"name\": \"IntDistribution\", \"attributes\": {\"log\": false, \"step\": 1, \"low\": 50, \"high\": 200}}"}
{"op_code":5,"worker_id":"ff81c8c7-d777-4d9b-99b7-8ad09ded46eb-139699157092160","trial_id":23,"param_name":"max_depth","param_value_internal":5.0,"distribution":"{\"name\": \"IntDistribution\", \"attributes\": {\"log\": false, \"step\": 1, \"low\": 2, \"high\": 5}}"}
{"op_code":6,"worker_id":"ff81c8c7-d777-4d9b-99b7-8ad09ded46eb-139699157092160","trial_id":23,"state":1,"values":[0.621056465257664],"datetime_complete":"2026-03-26T13:24:34.454513"}
{"op_code":4,"worker_id":"ff81c8c7-d777-4d9b-99b7-8ad09ded46eb-139699157092160","study_id":0,"datetime_start":"2026-03-26T13:24:34.470133"}
{"op_code":5,"worker_id":"ff81c8c7-d777-4d9b-99b7-8ad09ded46eb-139699157092160","trial_id":24,"param_name":"learning_rate","param_value_internal":0.1608681058526869,"distribution":"{\"name\": \"FloatDistribution\", \"attributes\": {\"step\": null, \"low\": 0.01, \"high\": 0.2, \"log\": true}}"}
{"op_code":5,"worker_id":"ff81c8c7-d777-4d9b-99b7-8ad09ded46eb-139699157092160","trial_id":24,"param_name":"n_estimators","param_value_internal":150.0,"distribution":"{\"name\": \"IntDistribution\", \"attributes\": {\"log\": false, \"step\": 1, \"low\": 50, \"high\": 200}}"}
{"op_code":5,"worker_id":"ff81c8c7-d777-4d9b-99b7-8ad09ded46eb-139699157092160","trial_id":24,"param_name":"max_depth","param_value_internal":4.0,"distribution":"{\"name\": \"IntDistribution\", \"attributes\": {\"log\": false, \"step\": 1, \"low\": 2, \"high\": 5}}"}
{"op_code":6,"worker_id":"ff81c8c7-d777-4d9b-99b7-8ad09ded46eb-139699157092160","trial_id":24,"state":1,"values":[0.6215720799518224],"datetime_complete":"2026-03-26T13:25:38.574624"}
{"op_code":4,"worker_id":"ff81c8c7-d777-4d9b-99b7-8ad09ded46eb-139699157092160","study_id":0,"datetime_start":"2026-03-26T13:25:44.022793"}
{"op_code":5,"worker_id":"ff81c8c7-d777-4d9b-99b7-8ad09ded46eb-139699157092160","trial_id":25,"param_name":"learning_rate","param_value_internal":0.06494055424643966,"distribution":"{\"name\": \"FloatDistribution\", \"attributes\": {\"step\": null, \"low\": 0.01, \"high\": 0.2, \"log\": true}}"}
{"op_code":5,"worker_id":"ff81c8c7-d777-4d9b-99b7-8ad09ded46eb-139699157092160","trial_id":25,"param_name":"n_estimators","param_value_internal":50.0,"distribution":"{\"name\": \"IntDistribution\", \"attributes\": {\"log\": false, \"step\": 1, \"low\": 50, \"high\": 200}}"}
{"op_code":5,"worker_id":"ff81c8c7-d777-4d9b-99b7-8ad09ded46eb-139699157092160","trial_id":25,"param_name":"max_depth","param_value_internal":5.0,"distribution":"{\"name\": \"IntDistribution\", \"attributes\": {\"log\": false, \"step\": 1, \"low\": 2, \"high\": 5}}"}
{"op_code":6,"worker_id":"ff81c8c7-d777-4d9b-99b7-8ad09ded46eb-139699157092160","trial_id":25,"state":1,"values":[0.6169889019529121],"datetime_complete":"2026-03-26T13:26:05.609993"}
{"op_code":4,"worker_id":"ff81c8c7-d777-4d9b-99b7-8ad09ded46eb-139699157092160","study_id":0,"datetime_start":"2026-03-26T13:26:05.630686"}
{"op_code":5,"worker_id":"ff81c8c7-d777-4d9b-99b7-8ad09ded46eb-139699157092160","trial_id":26,"param_name":"learning_rate","param_value_internal":0.13822107652257573,"distribution":"{\"name\": \"FloatDistribution\", \"attributes\": {\"step\": null, \"low\": 0.01, \"high\": 0.2, \"log\": true}}"}
{"op_code":5,"worker_id":"ff81c8c7-d777-4d9b-99b7-8ad09ded46eb-139699157092160","trial_id":26,"param_name":"n_estimators","param_value_internal":103.0,"distribution":"{\"name\": \"IntDistribution\", \"attributes\": {\"log\": false, \"step\": 1, \"low\": 50, \"high\": 200}}"}
{"op_code":5,"worker_id":"ff81c8c7-d777-4d9b-99b7-8ad09ded46eb-139699157092160","trial_id":26,"param_name":"max_depth","param_value_internal":4.0,"distribution":"{\"name\": \"IntDistribution\", \"attributes\": {\"log\": false, \"step\": 1, \"low\": 2, \"high\": 5}}"}
{"op_code":6,"worker_id":"ff81c8c7-d777-4d9b-99b7-8ad09ded46eb-139699157092160","trial_id":26,"state":1,"values":[0.6228648447133721],"datetime_complete":"2026-03-26T13:26:49.281756"}
{"op_code":4,"worker_id":"ff81c8c7-d777-4d9b-99b7-8ad09ded46eb-139699157092160","study_id":0,"datetime_start":"2026-03-26T13:26:49.308353"}
{"op_code":5,"worker_id":"ff81c8c7-d777-4d9b-99b7-8ad09ded46eb-139699157092160","trial_id":27,"param_name":"learning_rate","param_value_internal":0.09127811918621154,"distribution":"{\"name\": \"FloatDistribution\", \"attributes\": {\"step\": null, \"low\": 0.01, \"high\": 0.2, \"log\": true}}"}
{"op_code":5,"worker_id":"ff81c8c7-d777-4d9b-99b7-8ad09ded46eb-139699157092160","trial_id":27,"param_name":"n_estimators","param_value_internal":101.0,"distribution":"{\"name\": \"IntDistribution\", \"attributes\": {\"log\": false, \"step\": 1, \"low\": 50, \"high\": 200}}"}
{"op_code":5,"worker_id":"ff81c8c7-d777-4d9b-99b7-8ad09ded46eb-139699157092160","trial_id":27,"param_name":"max_depth","param_value_internal":3.0,"distribution":"{\"name\": \"IntDistribution\", \"attributes\": {\"log\": false, \"step\": 1, \"low\": 2, \"high\": 5}}"}
{"op_code":6,"worker_id":"ff81c8c7-d777-4d9b-99b7-8ad09ded46eb-139699157092160","trial_id":27,"state":1,"values":[0.62064695592326],"datetime_complete":"2026-03-26T13:27:32.085796"}
{"op_code":4,"worker_id":"ff81c8c7-d777-4d9b-99b7-8ad09ded46eb-139699157092160","study_id":0,"datetime_start":"2026-03-26T13:27:32.106914"}
{"op_code":5,"worker_id":"ff81c8c7-d777-4d9b-99b7-8ad09ded46eb-139699157092160","trial_id":28,"param_name":"learning_rate","param_value_internal":0.1488263508851385,"distribution":"{\"name\": \"FloatDistribution\", \"attributes\": {\"step\": null, \"low\": 0.01, \"high\": 0.2, \"log\": true}}"}
{"op_code":5,"worker_id":"ff81c8c7-d777-4d9b-99b7-8ad09ded46eb-139699157092160","trial_id":28,"param_name":"n_estimators","param_value_internal":126.0,"distribution":"{\"name\": \"IntDistribution\", \"attributes\": {\"log\": false, \"step\": 1, \"low\": 50, \"high\": 200}}"}
{"op_code":5,"worker_id":"ff81c8c7-d777-4d9b-99b7-8ad09ded46eb-139699157092160","trial_id":28,"param_name":"max_depth","param_value_internal":4.0,"distribution":"{\"name\": \"IntDistribution\", \"attributes\": {\"log\": false, \"step\": 1, \"low\": 2, \"high\": 5}}"}
{"op_code":6,"worker_id":"ff81c8c7-d777-4d9b-99b7-8ad09ded46eb-139699157092160","trial_id":28,"state":1,"values":[0.6222236242149637],"datetime_complete":"2026-03-26T13:28:25.428866"}
{"op_code":4,"worker_id":"ff81c8c7-d777-4d9b-99b7-8ad09ded46eb-139699157092160","study_id":0,"datetime_start":"2026-03-26T13:28:25.459908"}
{"op_code":5,"worker_id":"ff81c8c7-d777-4d9b-99b7-8ad09ded46eb-139699157092160","trial_id":29,"param_name":"learning_rate","param_value_internal":0.013559951837461007,"distribution":"{\"name\": \"FloatDistribution\", \"attributes\": {\"step\": null, \"low\": 0.01, \"high\": 0.2, \"log\": true}}"}
{"op_code":5,"worker_id":"ff81c8c7-d777-4d9b-99b7-8ad09ded46eb-139699157092160","trial_id":29,"param_name":"n_estimators","param_value_internal":85.0,"distribution":"{\"name\": \"IntDistribution\", \"attributes\": {\"log\": false, \"step\": 1, \"low\": 50, \"high\": 200}}"}
{"op_code":5,"worker_id":"ff81c8c7-d777-4d9b-99b7-8ad09ded46eb-139699157092160","trial_id":29,"param_name":"max_depth","param_value_internal":3.0,"distribution":"{\"name\": \"IntDistribution\", \"attributes\": {\"log\": false, \"step\": 1, \"low\": 2, \"high\": 5}}"}
{"op_code":6,"worker_id":"ff81c8c7-d777-4d9b-99b7-8ad09ded46eb-139699157092160","trial_id":29,"state":1,"values":[0.6033569441656391],"datetime_complete":"2026-03-26T13:29:01.243427"}
{"op_code":4,"worker_id":"ff81c8c7-d777-4d9b-99b7-8ad09ded46eb-139699157092160","study_id":0,"datetime_start":"2026-03-26T13:29:01.271909"}
{"op_code":5,"worker_id":"ff81c8c7-d777-4d9b-99b7-8ad09ded46eb-139699157092160","trial_id":30,"param_name":"learning_rate","param_value_internal":0.01070886846060693,"distribution":"{\"name\": \"FloatDistribution\", \"attributes\": {\"step\": null, \"low\": 0.01, \"high\": 0.2, \"log\": true}}"}
{"op_code":5,"worker_id":"ff81c8c7-d777-4d9b-99b7-8ad09ded46eb-139699157092160","trial_id":30,"param_name":"n_estimators","param_value_internal":110.0,"distribution":"{\"name\": \"IntDistribution\", \"attributes\": {\"log\": false, \"step\": 1, \"low\": 50, \"high\": 200}}"}
{"op_code":5,"worker_id":"ff81c8c7-d777-4d9b-99b7-8ad09ded46eb-139699157092160","trial_id":30,"param_name":"max_depth","param_value_internal":4.0,"distribution":"{\"name\": \"IntDistribution\", \"attributes\": {\"log\": false, \"step\": 1, \"low\": 2, \"high\": 5}}"}
{"op_code":6,"worker_id":"ff81c8c7-d777-4d9b-99b7-8ad09ded46eb-139699157092160","trial_id":30,"state":1,"values":[0.6074916119411545],"datetime_complete":"2026-03-26T13:29:47.768441"}
{"op_code":4,"worker_id":"ff81c8c7-d777-4d9b-99b7-8ad09ded46eb-139699157092160","study_id":0,"datetime_start":"2026-03-26T13:29:47.801258"}
{"op_code":5,"worker_id":"ff81c8c7-d777-4d9b-99b7-8ad09ded46eb-139699157092160","trial_id":31,"param_name":"learning_rate","param_value_internal":0.129406887768689,"distribution":"{\"name\": \"FloatDistribution\", \"attributes\": {\"step\": null, \"low\": 0.01, \"high\": 0.2, \"log\": true}}"}
{"op_code":5,"worker_id":"ff81c8c7-d777-4d9b-99b7-8ad09ded46eb-139699157092160","trial_id":31,"param_name":"n_estimators","param_value_internal":76.0,"distribution":"{\"name\": \"IntDistribution\", \"attributes\": {\"log\": false, \"step\": 1, \"low\": 50, \"high\": 200}}"}
{"op_code":5,"worker_id":"ff81c8c7-d777-4d9b-99b7-8ad09ded46eb-139699157092160","trial_id":31,"param_name":"max_depth","param_value_internal":5.0,"distribution":"{\"name\": \"IntDistribution\", \"attributes\": {\"log\": false, \"step\": 1, \"low\": 2, \"high\": 5}}"}
{"op_code":6,"worker_id":"ff81c8c7-d777-4d9b-99b7-8ad09ded46eb-139699157092160","trial_id":31,"state":1,"values":[0.621229101545697],"datetime_complete":"2026-03-26T13:30:20.260796"}
{"op_code":4,"worker_id":"ff81c8c7-d777-4d9b-99b7-8ad09ded46eb-139699157092160","study_id":0,"datetime_start":"2026-03-26T13:30:20.281414"}
{"op_code":5,"worker_id":"ff81c8c7-d777-4d9b-99b7-8ad09ded46eb-139699157092160","trial_id":32,"param_name":"learning_rate","param_value_internal":0.10920575939029263,"distribution":"{\"name\": \"FloatDistribution\", \"attributes\": {\"step\": null, \"low\": 0.01, \"high\": 0.2, \"log\": true}}"}
{"op_code":5,"worker_id":"ff81c8c7-d777-4d9b-99b7-8ad09ded46eb-139699157092160","trial_id":32,"param_name":"n_estimators","param_value_internal":92.0,"distribution":"{\"name\": \"IntDistribution\", \"attributes\": {\"log\": false, \"step\": 1, \"low\": 50, \"high\": 200}}"}
{"op_code":5,"worker_id":"ff81c8c7-d777-4d9b-99b7-8ad09ded46eb-139699157092160","trial_id":32,"param_name":"max_depth","param_value_internal":5.0,"distribution":"{\"name\": \"IntDistribution\", \"attributes\": {\"log\": false, \"step\": 1, \"low\": 2, \"high\": 5}}"}
{"op_code":6,"worker_id":"ff81c8c7-d777-4d9b-99b7-8ad09ded46eb-139699157092160","trial_id":32,"state":1,"values":[0.6220790915087036],"datetime_complete":"2026-03-26T13:30:59.425978"}
{"op_code":4,"worker_id":"ff81c8c7-d777-4d9b-99b7-8ad09ded46eb-139699157092160","study_id":0,"datetime_start":"2026-03-26T13:30:59.456388"}
{"op_code":5,"worker_id":"ff81c8c7-d777-4d9b-99b7-8ad09ded46eb-139699157092160","trial_id":33,"param_name":"learning_rate","param_value_internal":0.16655382924201056,"distribution":"{\"name\": \"FloatDistribution\", \"attributes\": {\"step\": null, \"low\": 0.01, \"high\": 0.2, \"log\": true}}"}
{"op_code":5,"worker_id":"ff81c8c7-d777-4d9b-99b7-8ad09ded46eb-139699157092160","trial_id":33,"param_name":"n_estimators","param_value_internal":104.0,"distribution":"{\"name\": \"IntDistribution\", \"attributes\": {\"log\": false, \"step\": 1, \"low\": 50, \"high\": 200}}"}
{"op_code":5,"worker_id":"ff81c8c7-d777-4d9b-99b7-8ad09ded46eb-139699157092160","trial_id":33,"param_name":"max_depth","param_value_internal":4.0,"distribution":"{\"name\": \"IntDistribution\", \"attributes\": {\"log\": false, \"step\": 1, \"low\": 2, \"high\": 5}}"}
{"op_code":6,"worker_id":"ff81c8c7-d777-4d9b-99b7-8ad09ded46eb-139699157092160","trial_id":33,"state":1,"values":[0.6222144475352012],"datetime_complete":"2026-03-26T13:31:43.305937"}
{"op_code":4,"worker_id":"ff81c8c7-d777-4d9b-99b7-8ad09ded46eb-139699157092160","study_id":0,"datetime_start":"2026-03-26T13:31:43.362820"}
{"op_code":5,"worker_id":"ff81c8c7-d777-4d9b-99b7-8ad09ded46eb-139699157092160","trial_id":34,"param_name":"learning_rate","param_value_internal":0.06913119198003218,"distribution":"{\"name\": \"FloatDistribution\", \"attributes\": {\"step\": null, \"low\": 0.01, \"high\": 0.2, \"log\": true}}"}
{"op_code":5,"worker_id":"ff81c8c7-d777-4d9b-99b7-8ad09ded46eb-139699157092160","trial_id":34,"param_name":"n_estimators","param_value_internal":65.0,"distribution":"{\"name\": \"IntDistribution\", \"attributes\": {\"log\": false, \"step\": 1, \"low\": 50, \"high\": 200}}"}
{"op_code":5,"worker_id":"ff81c8c7-d777-4d9b-99b7-8ad09ded46eb-139699157092160","trial_id":34,"param_name":"max_depth","param_value_internal":5.0,"distribution":"{\"name\": \"IntDistribution\", \"attributes\": {\"log\": false, \"step\": 1, \"low\": 2, \"high\": 5}}"}
{"op_code":6,"worker_id":"ff81c8c7-d777-4d9b-99b7-8ad09ded46eb-139699157092160","trial_id":34,"state":1,"values":[0.6181078833414585],"datetime_complete":"2026-03-26T13:32:11.199917"}
{"op_code":4,"worker_id":"ff81c8c7-d777-4d9b-99b7-8ad09ded46eb-139699157092160","study_id":0,"datetime_start":"2026-03-26T13:32:11.214490"}
{"op_code":5,"worker_id":"ff81c8c7-d777-4d9b-99b7-8ad09ded46eb-139699157092160","trial_id":35,"param_name":"learning_rate","param_value_internal":0.12786035140770538,"distribution":"{\"name\": \"FloatDistribution\", \"attributes\": {\"step\": null, \"low\": 0.01, \"high\": 0.2, \"log\": true}}"}
{"op_code":5,"worker_id":"ff81c8c7-d777-4d9b-99b7-8ad09ded46eb-139699157092160","trial_id":35,"param_name":"n_estimators","param_value_internal":121.0,"distribution":"{\"name\": \"IntDistribution\", \"attributes\": {\"log\": false, \"step\": 1, \"low\": 50, \"high\": 200}}"}
{"op_code":5,"worker_id":"ff81c8c7-d777-4d9b-99b7-8ad09ded46eb-139699157092160","trial_id":35,"param_name":"max_depth","param_value_internal":4.0,"distribution":"{\"name\": \"IntDistribution\", \"attributes\": {\"log\": false, \"step\": 1, \"low\": 2, \"high\": 5}}"}
{"op_code":6,"worker_id":"ff81c8c7-d777-4d9b-99b7-8ad09ded46eb-139699157092160","trial_id":35,"state":1,"values":[0.6232588684006768],"datetime_complete":"2026-03-26T13:33:02.438944"}
{"op_code":4,"worker_id":"ff81c8c7-d777-4d9b-99b7-8ad09ded46eb-139699157092160","study_id":0,"datetime_start":"2026-03-26T13:33:02.461510"}
{"op_code":5,"worker_id":"ff81c8c7-d777-4d9b-99b7-8ad09ded46eb-139699157092160","trial_id":36,"param_name":"learning_rate","param_value_internal":0.10395151241818526,"distribution":"{\"name\": \"FloatDistribution\", \"attributes\": {\"step\": null, \"low\": 0.01, \"high\": 0.2, \"log\": true}}"}
{"op_code":5,"worker_id":"ff81c8c7-d777-4d9b-99b7-8ad09ded46eb-139699157092160","trial_id":36,"param_name":"n_estimators","param_value_internal":121.0,"distribution":"{\"name\": \"IntDistribution\", \"attributes\": {\"log\": false, \"step\": 1, \"low\": 50, \"high\": 200}}"}
{"op_code":5,"worker_id":"ff81c8c7-d777-4d9b-99b7-8ad09ded46eb-139699157092160","trial_id":36,"param_name":"max_depth","param_value_internal":4.0,"distribution":"{\"name\": \"IntDistribution\", \"attributes\": {\"log\": false, \"step\": 1, \"low\": 2, \"high\": 5}}"}
{"op_code":6,"worker_id":"ff81c8c7-d777-4d9b-99b7-8ad09ded46eb-139699157092160","trial_id":36,"state":1,"values":[0.6218359094949958],"datetime_complete":"2026-03-26T13:33:53.645730"}
{"op_code":4,"worker_id":"ff81c8c7-d777-4d9b-99b7-8ad09ded46eb-139699157092160","study_id":0,"datetime_start":"2026-03-26T13:33:53.667363"}
{"op_code":5,"worker_id":"ff81c8c7-d777-4d9b-99b7-8ad09ded46eb-139699157092160","trial_id":37,"param_name":"learning_rate","param_value_internal":0.04840806165689328,"distribution":"{\"name\": \"FloatDistribution\", \"attributes\": {\"step\": null, \"low\": 0.01, \"high\": 0.2, \"log\": true}}"}
{"op_code":5,"worker_id":"ff81c8c7-d777-4d9b-99b7-8ad09ded46eb-139699157092160","trial_id":37,"param_name":"n_estimators","param_value_internal":136.0,"distribution":"{\"name\": \"IntDistribution\", \"attributes\": {\"log\": false, \"step\": 1, \"low\": 50, \"high\": 200}}"}
{"op_code":5,"worker_id":"ff81c8c7-d777-4d9b-99b7-8ad09ded46eb-139699157092160","trial_id":37,"param_name":"max_depth","param_value_internal":4.0,"distribution":"{\"name\": \"IntDistribution\", \"attributes\": {\"log\": false, \"step\": 1, \"low\": 2, \"high\": 5}}"}
{"op_code":6,"worker_id":"ff81c8c7-d777-4d9b-99b7-8ad09ded46eb-139699157092160","trial_id":37,"state":1,"values":[0.6216661409193887],"datetime_complete":"2026-03-26T13:34:50.862927"}
{"op_code":4,"worker_id":"ff81c8c7-d777-4d9b-99b7-8ad09ded46eb-139699157092160","study_id":0,"datetime_start":"2026-03-26T13:34:54.521283"}
{"op_code":5,"worker_id":"ff81c8c7-d777-4d9b-99b7-8ad09ded46eb-139699157092160","trial_id":38,"param_name":"learning_rate","param_value_internal":0.07762591572385438,"distribution":"{\"name\": \"FloatDistribution\", \"attributes\": {\"step\": null, \"low\": 0.01, \"high\": 0.2, \"log\": true}}"}
{"op_code":5,"worker_id":"ff81c8c7-d777-4d9b-99b7-8ad09ded46eb-139699157092160","trial_id":38,"param_name":"n_estimators","param_value_internal":96.0,"distribution":"{\"name\": \"IntDistribution\", \"attributes\": {\"log\": false, \"step\": 1, \"low\": 50, \"high\": 200}}"}
{"op_code":5,"worker_id":"ff81c8c7-d777-4d9b-99b7-8ad09ded46eb-139699157092160","trial_id":38,"param_name":"max_depth","param_value_internal":3.0,"distribution":"{\"name\": \"IntDistribution\", \"attributes\": {\"log\": false, \"step\": 1, \"low\": 2, \"high\": 5}}"}
{"op_code":6,"worker_id":"ff81c8c7-d777-4d9b-99b7-8ad09ded46eb-139699157092160","trial_id":38,"state":1,"values":[0.6204353187462361],"datetime_complete":"2026-03-26T13:35:34.981727"}
{"op_code":4,"worker_id":"ff81c8c7-d777-4d9b-99b7-8ad09ded46eb-139699157092160","study_id":0,"datetime_start":"2026-03-26T13:35:35.021450"}
{"op_code":5,"worker_id":"ff81c8c7-d777-4d9b-99b7-8ad09ded46eb-139699157092160","trial_id":39,"param_name":"learning_rate","param_value_internal":0.16628714931625996,"distribution":"{\"name\": \"FloatDistribution\", \"attributes\": {\"step\": null, \"low\": 0.01, \"high\": 0.2, \"log\": true}}"}
{"op_code":5,"worker_id":"ff81c8c7-d777-4d9b-99b7-8ad09ded46eb-139699157092160","trial_id":39,"param_name":"n_estimators","param_value_internal":151.0,"distribution":"{\"name\": \"IntDistribution\", \"attributes\": {\"log\": false, \"step\": 1, \"low\": 50, \"high\": 200}}"}
{"op_code":5,"worker_id":"ff81c8c7-d777-4d9b-99b7-8ad09ded46eb-139699157092160","trial_id":39,"param_name":"max_depth","param_value_internal":2.0,"distribution":"{\"name\": \"IntDistribution\", \"attributes\": {\"log\": false, \"step\": 1, \"low\": 2, \"high\": 5}}"}
{"op_code":6,"worker_id":"ff81c8c7-d777-4d9b-99b7-8ad09ded46eb-139699157092160","trial_id":39,"state":1,"values":[0.6211981302514984],"datetime_complete":"2026-03-26T13:36:38.261550"}
