{"op_code":0,"worker_id":"0fc98ef3-e42b-4275-acf9-5dc7b5a35c25-139699157092160","study_name":"gbsa_tuning","directions":[2]}
{"op_code":4,"worker_id":"0fc98ef3-e42b-4275-acf9-5dc7b5a35c25-139699157092160","study_id":0,"datetime_start":"2026-03-27T00:24:21.128334"}
{"op_code":5,"worker_id":"0fc98ef3-e42b-4275-acf9-5dc7b5a35c25-139699157092160","trial_id":0,"param_name":"learning_rate","param_value_internal":0.016869195201073363,"distribution":"{\"name\": \"FloatDistribution\", \"attributes\": {\"step\": null, \"low\": 0.01, \"high\": 0.2, \"log\": true}}"}
{"op_code":5,"worker_id":"0fc98ef3-e42b-4275-acf9-5dc7b5a35c25-139699157092160","trial_id":0,"param_name":"n_estimators","param_value_internal":179.0,"distribution":"{\"name\": \"IntDistribution\", \"attributes\": {\"log\": false, \"step\": 1, \"low\": 50, \"high\": 200}}"}
{"op_code":5,"worker_id":"0fc98ef3-e42b-4275-acf9-5dc7b5a35c25-139699157092160","trial_id":0,"param_name":"max_depth","param_value_internal":2.0,"distribution":"{\"name\": \"IntDistribution\", \"attributes\": {\"log\": false, \"step\": 1, \"low\": 2, \"high\": 5}}"}
{"op_code":6,"worker_id":"0fc98ef3-e42b-4275-acf9-5dc7b5a35c25-139699157092160","trial_id":0,"state":1,"values":[0.7712623625418383],"datetime_complete":"2026-03-27T00:25:19.874086"}
{"op_code":4,"worker_id":"0fc98ef3-e42b-4275-acf9-5dc7b5a35c25-139699157092160","study_id":0,"datetime_start":"2026-03-27T00:25:19.891886"}
{"op_code":5,"worker_id":"0fc98ef3-e42b-4275-acf9-5dc7b5a35c25-139699157092160","trial_id":1,"param_name":"learning_rate","param_value_internal":0.06620377611730528,"distribution":"{\"name\": \"FloatDistribution\", \"attributes\": {\"step\": null, \"low\": 0.01, \"high\": 0.2, \"log\": true}}"}
{"op_code":5,"worker_id":"0fc98ef3-e42b-4275-acf9-5dc7b5a35c25-139699157092160","trial_id":1,"param_name":"n_estimators","param_value_internal":125.0,"distribution":"{\"name\": \"IntDistribution\", \"attributes\": {\"log\": false, \"step\": 1, \"low\": 50, \"high\": 200}}"}
{"op_code":5,"worker_id":"0fc98ef3-e42b-4275-acf9-5dc7b5a35c25-139699157092160","trial_id":1,"param_name":"max_depth","param_value_internal":5.0,"distribution":"{\"name\": \"IntDistribution\", \"attributes\": {\"log\": false, \"step\": 1, \"low\": 2, \"high\": 5}}"}
{"op_code":6,"worker_id":"0fc98ef3-e42b-4275-acf9-5dc7b5a35c25-139699157092160","trial_id":1,"state":1,"values":[0.7976760991361717],"datetime_complete":"2026-03-27T00:26:02.610529"}
{"op_code":4,"worker_id":"0fc98ef3-e42b-4275-acf9-5dc7b5a35c25-139699157092160","study_id":0,"datetime_start":"2026-03-27T00:26:02.629760"}
{"op_code":5,"worker_id":"0fc98ef3-e42b-4275-acf9-5dc7b5a35c25-139699157092160","trial_id":2,"param_name":"learning_rate","param_value_internal":0.03352877667714832,"distribution":"{\"name\": \"FloatDistribution\", \"attributes\": {\"step\": null, \"low\": 0.01, \"high\": 0.2, \"log\": true}}"}
{"op_code":5,"worker_id":"0fc98ef3-e42b-4275-acf9-5dc7b5a35c25-139699157092160","trial_id":2,"param_name":"n_estimators","param_value_internal":166.0,"distribution":"{\"name\": \"IntDistribution\", \"attributes\": {\"log\": false, \"step\": 1, \"low\": 50, \"high\": 200}}"}
{"op_code":5,"worker_id":"0fc98ef3-e42b-4275-acf9-5dc7b5a35c25-139699157092160","trial_id":2,"param_name":"max_depth","param_value_internal":3.0,"distribution":"{\"name\": \"IntDistribution\", \"attributes\": {\"log\": false, \"step\": 1, \"low\": 2, \"high\": 5}}"}
{"op_code":6,"worker_id":"0fc98ef3-e42b-4275-acf9-5dc7b5a35c25-139699157092160","trial_id":2,"state":1,"values":[0.7877981598672057],"datetime_complete":"2026-03-27T00:26:57.674143"}
{"op_code":4,"worker_id":"0fc98ef3-e42b-4275-acf9-5dc7b5a35c25-139699157092160","study_id":0,"datetime_start":"2026-03-27T00:26:57.702647"}
{"op_code":5,"worker_id":"0fc98ef3-e42b-4275-acf9-5dc7b5a35c25-139699157092160","trial_id":3,"param_name":"learning_rate","param_value_internal":0.04072559572458116,"distribution":"{\"name\": \"FloatDistribution\", \"attributes\": {\"step\": null, \"low\": 0.01, \"high\": 0.2, \"log\": true}}"}
{"op_code":5,"worker_id":"0fc98ef3-e42b-4275-acf9-5dc7b5a35c25-139699157092160","trial_id":3,"param_name":"n_estimators","param_value_internal":184.0,"distribution":"{\"name\": \"IntDistribution\", \"attributes\": {\"log\": false, \"step\": 1, \"low\": 50, \"high\": 200}}"}
{"op_code":5,"worker_id":"0fc98ef3-e42b-4275-acf9-5dc7b5a35c25-139699157092160","trial_id":3,"param_name":"max_depth","param_value_internal":5.0,"distribution":"{\"name\": \"IntDistribution\", \"attributes\": {\"log\": false, \"step\": 1, \"low\": 2, \"high\": 5}}"}
{"op_code":6,"worker_id":"0fc98ef3-e42b-4275-acf9-5dc7b5a35c25-139699157092160","trial_id":3,"state":1,"values":[0.7974447975279452],"datetime_complete":"2026-03-27T00:28:00.567955"}
{"op_code":4,"worker_id":"0fc98ef3-e42b-4275-acf9-5dc7b5a35c25-139699157092160","study_id":0,"datetime_start":"2026-03-27T00:28:00.591991"}
{"op_code":5,"worker_id":"0fc98ef3-e42b-4275-acf9-5dc7b5a35c25-139699157092160","trial_id":4,"param_name":"learning_rate","param_value_internal":0.02931392457653357,"distribution":"{\"name\": \"FloatDistribution\", \"attributes\": {\"step\": null, \"low\": 0.01, \"high\": 0.2, \"log\": true}}"}
{"op_code":5,"worker_id":"0fc98ef3-e42b-4275-acf9-5dc7b5a35c25-139699157092160","trial_id":4,"param_name":"n_estimators","param_value_internal":182.0,"distribution":"{\"name\": \"IntDistribution\", \"attributes\": {\"log\": false, \"step\": 1, \"low\": 50, \"high\": 200}}"}
{"op_code":5,"worker_id":"0fc98ef3-e42b-4275-acf9-5dc7b5a35c25-139699157092160","trial_id":4,"param_name":"max_depth","param_value_internal":2.0,"distribution":"{\"name\": \"IntDistribution\", \"attributes\": {\"log\": false, \"step\": 1, \"low\": 2, \"high\": 5}}"}
{"op_code":6,"worker_id":"0fc98ef3-e42b-4275-acf9-5dc7b5a35c25-139699157092160","trial_id":4,"state":1,"values":[0.781264267378612],"datetime_complete":"2026-03-27T00:29:00.179426"}
{"op_code":4,"worker_id":"0fc98ef3-e42b-4275-acf9-5dc7b5a35c25-139699157092160","study_id":0,"datetime_start":"2026-03-27T00:29:00.198341"}
{"op_code":5,"worker_id":"0fc98ef3-e42b-4275-acf9-5dc7b5a35c25-139699157092160","trial_id":5,"param_name":"learning_rate","param_value_internal":0.0336862518010255,"distribution":"{\"name\": \"FloatDistribution\", \"attributes\": {\"step\": null, \"low\": 0.01, \"high\": 0.2, \"log\": true}}"}
{"op_code":5,"worker_id":"0fc98ef3-e42b-4275-acf9-5dc7b5a35c25-139699157092160","trial_id":5,"param_name":"n_estimators","param_value_internal":121.0,"distribution":"{\"name\": \"IntDistribution\", \"attributes\": {\"log\": false, \"step\": 1, \"low\": 50, \"high\": 200}}"}
{"op_code":5,"worker_id":"0fc98ef3-e42b-4275-acf9-5dc7b5a35c25-139699157092160","trial_id":5,"param_name":"max_depth","param_value_internal":3.0,"distribution":"{\"name\": \"IntDistribution\", \"attributes\": {\"log\": false, \"step\": 1, \"low\": 2, \"high\": 5}}"}
{"op_code":6,"worker_id":"0fc98ef3-e42b-4275-acf9-5dc7b5a35c25-139699157092160","trial_id":5,"state":1,"values":[0.782680800757097],"datetime_complete":"2026-03-27T00:29:40.431256"}
{"op_code":4,"worker_id":"0fc98ef3-e42b-4275-acf9-5dc7b5a35c25-139699157092160","study_id":0,"datetime_start":"2026-03-27T00:29:40.449116"}
{"op_code":5,"worker_id":"0fc98ef3-e42b-4275-acf9-5dc7b5a35c25-139699157092160","trial_id":6,"param_name":"learning_rate","param_value_internal":0.050669207143948666,"distribution":"{\"name\": \"FloatDistribution\", \"attributes\": {\"step\": null, \"low\": 0.01, \"high\": 0.2, \"log\": true}}"}
{"op_code":5,"worker_id":"0fc98ef3-e42b-4275-acf9-5dc7b5a35c25-139699157092160","trial_id":6,"param_name":"n_estimators","param_value_internal":102.0,"distribution":"{\"name\": \"IntDistribution\", \"attributes\": {\"log\": false, \"step\": 1, \"low\": 50, \"high\": 200}}"}
{"op_code":5,"worker_id":"0fc98ef3-e42b-4275-acf9-5dc7b5a35c25-139699157092160","trial_id":6,"param_name":"max_depth","param_value_internal":5.0,"distribution":"{\"name\": \"IntDistribution\", \"attributes\": {\"log\": false, \"step\": 1, \"low\": 2, \"high\": 5}}"}
{"op_code":6,"worker_id":"0fc98ef3-e42b-4275-acf9-5dc7b5a35c25-139699157092160","trial_id":6,"state":1,"values":[0.7940644681423609],"datetime_complete":"2026-03-27T00:30:15.661823"}
{"op_code":4,"worker_id":"0fc98ef3-e42b-4275-acf9-5dc7b5a35c25-139699157092160","study_id":0,"datetime_start":"2026-03-27T00:30:15.684546"}
{"op_code":5,"worker_id":"0fc98ef3-e42b-4275-acf9-5dc7b5a35c25-139699157092160","trial_id":7,"param_name":"learning_rate","param_value_internal":0.13429765680717687,"distribution":"{\"name\": \"FloatDistribution\", \"attributes\": {\"step\": null, \"low\": 0.01, \"high\": 0.2, \"log\": true}}"}
{"op_code":5,"worker_id":"0fc98ef3-e42b-4275-acf9-5dc7b5a35c25-139699157092160","trial_id":7,"param_name":"n_estimators","param_value_internal":152.0,"distribution":"{\"name\": \"IntDistribution\", \"attributes\": {\"log\": false, \"step\": 1, \"low\": 50, \"high\": 200}}"}
{"op_code":5,"worker_id":"0fc98ef3-e42b-4275-acf9-5dc7b5a35c25-139699157092160","trial_id":7,"param_name":"max_depth","param_value_internal":3.0,"distribution":"{\"name\": \"IntDistribution\", \"attributes\": {\"log\": false, \"step\": 1, \"low\": 2, \"high\": 5}}"}
{"op_code":6,"worker_id":"0fc98ef3-e42b-4275-acf9-5dc7b5a35c25-139699157092160","trial_id":7,"state":1,"values":[0.7977547114474643],"datetime_complete":"2026-03-27T00:31:06.174055"}
{"op_code":4,"worker_id":"0fc98ef3-e42b-4275-acf9-5dc7b5a35c25-139699157092160","study_id":0,"datetime_start":"2026-03-27T00:31:06.197371"}
{"op_code":5,"worker_id":"0fc98ef3-e42b-4275-acf9-5dc7b5a35c25-139699157092160","trial_id":8,"param_name":"learning_rate","param_value_internal":0.06951837701343594,"distribution":"{\"name\": \"FloatDistribution\", \"attributes\": {\"step\": null, \"low\": 0.01, \"high\": 0.2, \"log\": true}}"}
{"op_code":5,"worker_id":"0fc98ef3-e42b-4275-acf9-5dc7b5a35c25-139699157092160","trial_id":8,"param_name":"n_estimators","param_value_internal":143.0,"distribution":"{\"name\": \"IntDistribution\", \"attributes\": {\"log\": false, \"step\": 1, \"low\": 50, \"high\": 200}}"}
{"op_code":5,"worker_id":"0fc98ef3-e42b-4275-acf9-5dc7b5a35c25-139699157092160","trial_id":8,"param_name":"max_depth","param_value_internal":5.0,"distribution":"{\"name\": \"IntDistribution\", \"attributes\": {\"log\": false, \"step\": 1, \"low\": 2, \"high\": 5}}"}
{"op_code":6,"worker_id":"0fc98ef3-e42b-4275-acf9-5dc7b5a35c25-139699157092160","trial_id":8,"state":1,"values":[0.7977894822774592],"datetime_complete":"2026-03-27T00:31:54.997095"}
{"op_code":4,"worker_id":"0fc98ef3-e42b-4275-acf9-5dc7b5a35c25-139699157092160","study_id":0,"datetime_start":"2026-03-27T00:31:55.014926"}
{"op_code":5,"worker_id":"0fc98ef3-e42b-4275-acf9-5dc7b5a35c25-139699157092160","trial_id":9,"param_name":"learning_rate","param_value_internal":0.024137510948493764,"distribution":"{\"name\": \"FloatDistribution\", \"attributes\": {\"step\": null, \"low\": 0.01, \"high\": 0.2, \"log\": true}}"}
{"op_code":5,"worker_id":"0fc98ef3-e42b-4275-acf9-5dc7b5a35c25-139699157092160","trial_id":9,"param_name":"n_estimators","param_value_internal":158.0,"distribution":"{\"name\": \"IntDistribution\", \"attributes\": {\"log\": false, \"step\": 1, \"low\": 50, \"high\": 200}}"}
{"op_code":5,"worker_id":"0fc98ef3-e42b-4275-acf9-5dc7b5a35c25-139699157092160","trial_id":9,"param_name":"max_depth","param_value_internal":5.0,"distribution":"{\"name\": \"IntDistribution\", \"attributes\": {\"log\": false, \"step\": 1, \"low\": 2, \"high\": 5}}"}
{"op_code":6,"worker_id":"0fc98ef3-e42b-4275-acf9-5dc7b5a35c25-139699157092160","trial_id":9,"state":1,"values":[0.7911996541058303],"datetime_complete":"2026-03-27T00:32:49.207042"}
{"op_code":4,"worker_id":"0fc98ef3-e42b-4275-acf9-5dc7b5a35c25-139699157092160","study_id":0,"datetime_start":"2026-03-27T00:32:49.229419"}
{"op_code":5,"worker_id":"0fc98ef3-e42b-4275-acf9-5dc7b5a35c25-139699157092160","trial_id":10,"param_name":"learning_rate","param_value_internal":0.11070979689312185,"distribution":"{\"name\": \"FloatDistribution\", \"attributes\": {\"step\": null, \"low\": 0.01, \"high\": 0.2, \"log\": true}}"}
{"op_code":5,"worker_id":"0fc98ef3-e42b-4275-acf9-5dc7b5a35c25-139699157092160","trial_id":10,"param_name":"n_estimators","param_value_internal":53.0,"distribution":"{\"name\": \"IntDistribution\", \"attributes\": {\"log\": false, \"step\": 1, \"low\": 50, \"high\": 200}}"}
{"op_code":5,"worker_id":"0fc98ef3-e42b-4275-acf9-5dc7b5a35c25-139699157092160","trial_id":10,"param_name":"max_depth","param_value_internal":4.0,"distribution":"{\"name\": \"IntDistribution\", \"attributes\": {\"log\": false, \"step\": 1, \"low\": 2, \"high\": 5}}"}
{"op_code":6,"worker_id":"0fc98ef3-e42b-4275-acf9-5dc7b5a35c25-139699157092160","trial_id":10,"state":1,"values":[0.7907975218980641],"datetime_complete":"2026-03-27T00:33:07.112261"}
{"op_code":4,"worker_id":"0fc98ef3-e42b-4275-acf9-5dc7b5a35c25-139699157092160","study_id":0,"datetime_start":"2026-03-27T00:33:07.130444"}
{"op_code":5,"worker_id":"0fc98ef3-e42b-4275-acf9-5dc7b5a35c25-139699157092160","trial_id":11,"param_name":"learning_rate","param_value_internal":0.17551812275757253,"distribution":"{\"name\": \"FloatDistribution\", \"attributes\": {\"step\": null, \"low\": 0.01, \"high\": 0.2, \"log\": true}}"}
{"op_code":5,"worker_id":"0fc98ef3-e42b-4275-acf9-5dc7b5a35c25-139699157092160","trial_id":11,"param_name":"n_estimators","param_value_internal":149.0,"distribution":"{\"name\": \"IntDistribution\", \"attributes\": {\"log\": false, \"step\": 1, \"low\": 50, \"high\": 200}}"}
{"op_code":5,"worker_id":"0fc98ef3-e42b-4275-acf9-5dc7b5a35c25-139699157092160","trial_id":11,"param_name":"max_depth","param_value_internal":4.0,"distribution":"{\"name\": \"IntDistribution\", \"attributes\": {\"log\": false, \"step\": 1, \"low\": 2, \"high\": 5}}"}
{"op_code":6,"worker_id":"0fc98ef3-e42b-4275-acf9-5dc7b5a35c25-139699157092160","trial_id":11,"state":1,"values":[0.8013376187121489],"datetime_complete":"2026-03-27T00:33:57.586502"}
{"op_code":4,"worker_id":"0fc98ef3-e42b-4275-acf9-5dc7b5a35c25-139699157092160","study_id":0,"datetime_start":"2026-03-27T00:33:57.602285"}
{"op_code":5,"worker_id":"0fc98ef3-e42b-4275-acf9-5dc7b5a35c25-139699157092160","trial_id":12,"param_name":"learning_rate","param_value_internal":0.16652767729432538,"distribution":"{\"name\": \"FloatDistribution\", \"attributes\": {\"step\": null, \"low\": 0.01, \"high\": 0.2, \"log\": true}}"}
{"op_code":5,"worker_id":"0fc98ef3-e42b-4275-acf9-5dc7b5a35c25-139699157092160","trial_id":12,"param_name":"n_estimators","param_value_internal":142.0,"distribution":"{\"name\": \"IntDistribution\", \"attributes\": {\"log\": false, \"step\": 1, \"low\": 50, \"high\": 200}}"}
{"op_code":5,"worker_id":"0fc98ef3-e42b-4275-acf9-5dc7b5a35c25-139699157092160","trial_id":12,"param_name":"max_depth","param_value_internal":4.0,"distribution":"{\"name\": \"IntDistribution\", \"attributes\": {\"log\": false, \"step\": 1, \"low\": 2, \"high\": 5}}"}
{"op_code":6,"worker_id":"0fc98ef3-e42b-4275-acf9-5dc7b5a35c25-139699157092160","trial_id":12,"state":1,"values":[0.8011834176399979],"datetime_complete":"2026-03-27T00:34:45.726701"}
{"op_code":4,"worker_id":"0fc98ef3-e42b-4275-acf9-5dc7b5a35c25-139699157092160","study_id":0,"datetime_start":"2026-03-27T00:34:45.746624"}
{"op_code":5,"worker_id":"0fc98ef3-e42b-4275-acf9-5dc7b5a35c25-139699157092160","trial_id":13,"param_name":"learning_rate","param_value_internal":0.19345917471232008,"distribution":"{\"name\": \"FloatDistribution\", \"attributes\": {\"step\": null, \"low\": 0.01, \"high\": 0.2, \"log\": true}}"}
{"op_code":5,"worker_id":"0fc98ef3-e42b-4275-acf9-5dc7b5a35c25-139699157092160","trial_id":13,"param_name":"n_estimators","param_value_internal":100.0,"distribution":"{\"name\": \"IntDistribution\", \"attributes\": {\"log\": false, \"step\": 1, \"low\": 50, \"high\": 200}}"}
{"op_code":5,"worker_id":"0fc98ef3-e42b-4275-acf9-5dc7b5a35c25-139699157092160","trial_id":13,"param_name":"max_depth","param_value_internal":4.0,"distribution":"{\"name\": \"IntDistribution\", \"attributes\": {\"log\": false, \"step\": 1, \"low\": 2, \"high\": 5}}"}
{"op_code":6,"worker_id":"0fc98ef3-e42b-4275-acf9-5dc7b5a35c25-139699157092160","trial_id":13,"state":1,"values":[0.8011894647408666],"datetime_complete":"2026-03-27T00:35:19.459476"}
{"op_code":4,"worker_id":"0fc98ef3-e42b-4275-acf9-5dc7b5a35c25-139699157092160","study_id":0,"datetime_start":"2026-03-27T00:35:19.478207"}
{"op_code":5,"worker_id":"0fc98ef3-e42b-4275-acf9-5dc7b5a35c25-139699157092160","trial_id":14,"param_name":"learning_rate","param_value_internal":0.19924272780295835,"distribution":"{\"name\": \"FloatDistribution\", \"attributes\": {\"step\": null, \"low\": 0.01, \"high\": 0.2, \"log\": true}}"}
{"op_code":5,"worker_id":"0fc98ef3-e42b-4275-acf9-5dc7b5a35c25-139699157092160","trial_id":14,"param_name":"n_estimators","param_value_internal":91.0,"distribution":"{\"name\": \"IntDistribution\", \"attributes\": {\"log\": false, \"step\": 1, \"low\": 50, \"high\": 200}}"}
{"op_code":5,"worker_id":"0fc98ef3-e42b-4275-acf9-5dc7b5a35c25-139699157092160","trial_id":14,"param_name":"max_depth","param_value_internal":4.0,"distribution":"{\"name\": \"IntDistribution\", \"attributes\": {\"log\": false, \"step\": 1, \"low\": 2, \"high\": 5}}"}
{"op_code":6,"worker_id":"0fc98ef3-e42b-4275-acf9-5dc7b5a35c25-139699157092160","trial_id":14,"state":1,"values":[0.7972104723692843],"datetime_complete":"2026-03-27T00:35:50.236351"}
{"op_code":4,"worker_id":"0fc98ef3-e42b-4275-acf9-5dc7b5a35c25-139699157092160","study_id":0,"datetime_start":"2026-03-27T00:35:50.253348"}
{"op_code":5,"worker_id":"0fc98ef3-e42b-4275-acf9-5dc7b5a35c25-139699157092160","trial_id":15,"param_name":"learning_rate","param_value_internal":0.10891814470683131,"distribution":"{\"name\": \"FloatDistribution\", \"attributes\": {\"step\": null, \"low\": 0.01, \"high\": 0.2, \"log\": true}}"}
{"op_code":5,"worker_id":"0fc98ef3-e42b-4275-acf9-5dc7b5a35c25-139699157092160","trial_id":15,"param_name":"n_estimators","param_value_internal":85.0,"distribution":"{\"name\": \"IntDistribution\", \"attributes\": {\"log\": false, \"step\": 1, \"low\": 50, \"high\": 200}}"}
{"op_code":5,"worker_id":"0fc98ef3-e42b-4275-acf9-5dc7b5a35c25-139699157092160","trial_id":15,"param_name":"max_depth","param_value_internal":4.0,"distribution":"{\"name\": \"IntDistribution\", \"attributes\": {\"log\": false, \"step\": 1, \"low\": 2, \"high\": 5}}"}
{"op_code":6,"worker_id":"0fc98ef3-e42b-4275-acf9-5dc7b5a35c25-139699157092160","trial_id":15,"state":1,"values":[0.7953509888521696],"datetime_complete":"2026-03-27T00:36:18.997035"}
{"op_code":4,"worker_id":"0fc98ef3-e42b-4275-acf9-5dc7b5a35c25-139699157092160","study_id":0,"datetime_start":"2026-03-27T00:36:19.012371"}
{"op_code":5,"worker_id":"0fc98ef3-e42b-4275-acf9-5dc7b5a35c25-139699157092160","trial_id":16,"param_name":"learning_rate","param_value_internal":0.07954503759473107,"distribution":"{\"name\": \"FloatDistribution\", \"attributes\": {\"step\": null, \"low\": 0.01, \"high\": 0.2, \"log\": true}}"}
{"op_code":5,"worker_id":"0fc98ef3-e42b-4275-acf9-5dc7b5a35c25-139699157092160","trial_id":16,"param_name":"n_estimators","param_value_internal":64.0,"distribution":"{\"name\": \"IntDistribution\", \"attributes\": {\"log\": false, \"step\": 1, \"low\": 50, \"high\": 200}}"}
{"op_code":5,"worker_id":"0fc98ef3-e42b-4275-acf9-5dc7b5a35c25-139699157092160","trial_id":16,"param_name":"max_depth","param_value_internal":4.0,"distribution":"{\"name\": \"IntDistribution\", \"attributes\": {\"log\": false, \"step\": 1, \"low\": 2, \"high\": 5}}"}
{"op_code":6,"worker_id":"0fc98ef3-e42b-4275-acf9-5dc7b5a35c25-139699157092160","trial_id":16,"state":1,"values":[0.7909562582958665],"datetime_complete":"2026-03-27T00:36:40.628892"}
{"op_code":4,"worker_id":"0fc98ef3-e42b-4275-acf9-5dc7b5a35c25-139699157092160","study_id":0,"datetime_start":"2026-03-27T00:36:40.646715"}
{"op_code":5,"worker_id":"0fc98ef3-e42b-4275-acf9-5dc7b5a35c25-139699157092160","trial_id":17,"param_name":"learning_rate","param_value_internal":0.010317171026302424,"distribution":"{\"name\": \"FloatDistribution\", \"attributes\": {\"step\": null, \"low\": 0.01, \"high\": 0.2, \"log\": true}}"}
{"op_code":5,"worker_id":"0fc98ef3-e42b-4275-acf9-5dc7b5a35c25-139699157092160","trial_id":17,"param_name":"n_estimators","param_value_internal":106.0,"distribution":"{\"name\": \"IntDistribution\", \"attributes\": {\"log\": false, \"step\": 1, \"low\": 50, \"high\": 200}}"}
{"op_code":5,"worker_id":"0fc98ef3-e42b-4275-acf9-5dc7b5a35c25-139699157092160","trial_id":17,"param_name":"max_depth","param_value_internal":3.0,"distribution":"{\"name\": \"IntDistribution\", \"attributes\": {\"log\": false, \"step\": 1, \"low\": 2, \"high\": 5}}"}
{"op_code":6,"worker_id":"0fc98ef3-e42b-4275-acf9-5dc7b5a35c25-139699157092160","trial_id":17,"state":1,"values":[0.766991597553343],"datetime_complete":"2026-03-27T00:37:15.895386"}
{"op_code":4,"worker_id":"0fc98ef3-e42b-4275-acf9-5dc7b5a35c25-139699157092160","study_id":0,"datetime_start":"2026-03-27T00:37:15.922493"}
{"op_code":5,"worker_id":"0fc98ef3-e42b-4275-acf9-5dc7b5a35c25-139699157092160","trial_id":18,"param_name":"learning_rate","param_value_internal":0.19825630869953356,"distribution":"{\"name\": \"FloatDistribution\", \"attributes\": {\"step\": null, \"low\": 0.01, \"high\": 0.2, \"log\": true}}"}
{"op_code":5,"worker_id":"0fc98ef3-e42b-4275-acf9-5dc7b5a35c25-139699157092160","trial_id":18,"param_name":"n_estimators","param_value_internal":82.0,"distribution":"{\"name\": \"IntDistribution\", \"attributes\": {\"log\": false, \"step\": 1, \"low\": 50, \"high\": 200}}"}
{"op_code":5,"worker_id":"0fc98ef3-e42b-4275-acf9-5dc7b5a35c25-139699157092160","trial_id":18,"param_name":"max_depth","param_value_internal":4.0,"distribution":"{\"name\": \"IntDistribution\", \"attributes\": {\"log\": false, \"step\": 1, \"low\": 2, \"high\": 5}}"}
{"op_code":6,"worker_id":"0fc98ef3-e42b-4275-acf9-5dc7b5a35c25-139699157092160","trial_id":18,"state":1,"values":[0.7977668056492017],"datetime_complete":"2026-03-27T00:37:43.648852"}
{"op_code":4,"worker_id":"0fc98ef3-e42b-4275-acf9-5dc7b5a35c25-139699157092160","study_id":0,"datetime_start":"2026-03-27T00:37:43.666282"}
{"op_code":5,"worker_id":"0fc98ef3-e42b-4275-acf9-5dc7b5a35c25-139699157092160","trial_id":19,"param_name":"learning_rate","param_value_internal":0.13160704211103064,"distribution":"{\"name\": \"FloatDistribution\", \"attributes\": {\"step\": null, \"low\": 0.01, \"high\": 0.2, \"log\": true}}"}
{"op_code":5,"worker_id":"0fc98ef3-e42b-4275-acf9-5dc7b5a35c25-139699157092160","trial_id":19,"param_name":"n_estimators","param_value_internal":124.0,"distribution":"{\"name\": \"IntDistribution\", \"attributes\": {\"log\": false, \"step\": 1, \"low\": 50, \"high\": 200}}"}
{"op_code":5,"worker_id":"0fc98ef3-e42b-4275-acf9-5dc7b5a35c25-139699157092160","trial_id":19,"param_name":"max_depth","param_value_internal":3.0,"distribution":"{\"name\": \"IntDistribution\", \"attributes\": {\"log\": false, \"step\": 1, \"low\": 2, \"high\": 5}}"}
{"op_code":6,"worker_id":"0fc98ef3-e42b-4275-acf9-5dc7b5a35c25-139699157092160","trial_id":19,"state":1,"values":[0.7958528982242689],"datetime_complete":"2026-03-27T00:38:24.882015"}
