{"op_code":0,"worker_id":"a49fde2c-5fdf-44c1-8388-d8e8039fc14a-139920105224000","study_name":"mtlr_tuning","directions":[2]}
{"op_code":4,"worker_id":"a49fde2c-5fdf-44c1-8388-d8e8039fc14a-139920105224000","study_id":0,"datetime_start":"2026-04-13T23:07:07.806371"}
{"op_code":5,"worker_id":"a49fde2c-5fdf-44c1-8388-d8e8039fc14a-139920105224000","trial_id":0,"param_name":"lr","param_value_internal":0.058138246815384015,"distribution":"{\"name\": \"FloatDistribution\", \"attributes\": {\"step\": null, \"low\": 0.0001, \"high\": 0.1, \"log\": true}}"}
{"op_code":5,"worker_id":"a49fde2c-5fdf-44c1-8388-d8e8039fc14a-139920105224000","trial_id":0,"param_name":"dropout","param_value_internal":0.46706125487320443,"distribution":"{\"name\": \"FloatDistribution\", \"attributes\": {\"step\": null, \"low\": 0.0, \"high\": 0.5, \"log\": false}}"}
{"op_code":5,"worker_id":"a49fde2c-5fdf-44c1-8388-d8e8039fc14a-139920105224000","trial_id":0,"param_name":"layers","param_value_internal":2.0,"distribution":"{\"name\": \"IntDistribution\", \"attributes\": {\"log\": false, \"step\": 1, \"low\": 1, \"high\": 3}}"}
{"op_code":5,"worker_id":"a49fde2c-5fdf-44c1-8388-d8e8039fc14a-139920105224000","trial_id":0,"param_name":"nodes","param_value_internal":0,"distribution":"{\"name\": \"CategoricalDistribution\", \"attributes\": {\"choices\": [32, 64, 128]}}"}
{"op_code":6,"worker_id":"a49fde2c-5fdf-44c1-8388-d8e8039fc14a-139920105224000","trial_id":0,"state":1,"values":[0.7845646966049143],"datetime_complete":"2026-04-13T23:07:09.426898"}
{"op_code":4,"worker_id":"a49fde2c-5fdf-44c1-8388-d8e8039fc14a-139920105224000","study_id":0,"datetime_start":"2026-04-13T23:07:09.448705"}
{"op_code":5,"worker_id":"a49fde2c-5fdf-44c1-8388-d8e8039fc14a-139920105224000","trial_id":1,"param_name":"lr","param_value_internal":0.00692158284336038,"distribution":"{\"name\": \"FloatDistribution\", \"attributes\": {\"step\": null, \"low\": 0.0001, \"high\": 0.1, \"log\": true}}"}
{"op_code":5,"worker_id":"a49fde2c-5fdf-44c1-8388-d8e8039fc14a-139920105224000","trial_id":1,"param_name":"dropout","param_value_internal":0.017480827021413625,"distribution":"{\"name\": \"FloatDistribution\", \"attributes\": {\"step\": null, \"low\": 0.0, \"high\": 0.5, \"log\": false}}"}
{"op_code":5,"worker_id":"a49fde2c-5fdf-44c1-8388-d8e8039fc14a-139920105224000","trial_id":1,"param_name":"layers","param_value_internal":1.0,"distribution":"{\"name\": \"IntDistribution\", \"attributes\": {\"log\": false, \"step\": 1, \"low\": 1, \"high\": 3}}"}
{"op_code":5,"worker_id":"a49fde2c-5fdf-44c1-8388-d8e8039fc14a-139920105224000","trial_id":1,"param_name":"nodes","param_value_internal":2,"distribution":"{\"name\": \"CategoricalDistribution\", \"attributes\": {\"choices\": [32, 64, 128]}}"}
{"op_code":6,"worker_id":"a49fde2c-5fdf-44c1-8388-d8e8039fc14a-139920105224000","trial_id":1,"state":1,"values":[0.7304049250548125],"datetime_complete":"2026-04-13T23:07:10.885873"}
{"op_code":4,"worker_id":"a49fde2c-5fdf-44c1-8388-d8e8039fc14a-139920105224000","study_id":0,"datetime_start":"2026-04-13T23:07:10.908855"}
{"op_code":5,"worker_id":"a49fde2c-5fdf-44c1-8388-d8e8039fc14a-139920105224000","trial_id":2,"param_name":"lr","param_value_internal":0.0006210800559195077,"distribution":"{\"name\": \"FloatDistribution\", \"attributes\": {\"step\": null, \"low\": 0.0001, \"high\": 0.1, \"log\": true}}"}
{"op_code":5,"worker_id":"a49fde2c-5fdf-44c1-8388-d8e8039fc14a-139920105224000","trial_id":2,"param_name":"dropout","param_value_internal":0.09409540158899371,"distribution":"{\"name\": \"FloatDistribution\", \"attributes\": {\"step\": null, \"low\": 0.0, \"high\": 0.5, \"log\": false}}"}
{"op_code":5,"worker_id":"a49fde2c-5fdf-44c1-8388-d8e8039fc14a-139920105224000","trial_id":2,"param_name":"layers","param_value_internal":1.0,"distribution":"{\"name\": \"IntDistribution\", \"attributes\": {\"log\": false, \"step\": 1, \"low\": 1, \"high\": 3}}"}
{"op_code":5,"worker_id":"a49fde2c-5fdf-44c1-8388-d8e8039fc14a-139920105224000","trial_id":2,"param_name":"nodes","param_value_internal":1,"distribution":"{\"name\": \"CategoricalDistribution\", \"attributes\": {\"choices\": [32, 64, 128]}}"}
{"op_code":6,"worker_id":"a49fde2c-5fdf-44c1-8388-d8e8039fc14a-139920105224000","trial_id":2,"state":1,"values":[0.7752361266271978],"datetime_complete":"2026-04-13T23:07:12.349045"}
{"op_code":4,"worker_id":"a49fde2c-5fdf-44c1-8388-d8e8039fc14a-139920105224000","study_id":0,"datetime_start":"2026-04-13T23:07:12.369840"}
{"op_code":5,"worker_id":"a49fde2c-5fdf-44c1-8388-d8e8039fc14a-139920105224000","trial_id":3,"param_name":"lr","param_value_internal":0.0025687922766228105,"distribution":"{\"name\": \"FloatDistribution\", \"attributes\": {\"step\": null, \"low\": 0.0001, \"high\": 0.1, \"log\": true}}"}
{"op_code":5,"worker_id":"a49fde2c-5fdf-44c1-8388-d8e8039fc14a-139920105224000","trial_id":3,"param_name":"dropout","param_value_internal":0.21137446028638202,"distribution":"{\"name\": \"FloatDistribution\", \"attributes\": {\"step\": null, \"low\": 0.0, \"high\": 0.5, \"log\": false}}"}
{"op_code":5,"worker_id":"a49fde2c-5fdf-44c1-8388-d8e8039fc14a-139920105224000","trial_id":3,"param_name":"layers","param_value_internal":3.0,"distribution":"{\"name\": \"IntDistribution\", \"attributes\": {\"log\": false, \"step\": 1, \"low\": 1, \"high\": 3}}"}
{"op_code":5,"worker_id":"a49fde2c-5fdf-44c1-8388-d8e8039fc14a-139920105224000","trial_id":3,"param_name":"nodes","param_value_internal":2,"distribution":"{\"name\": \"CategoricalDistribution\", \"attributes\": {\"choices\": [32, 64, 128]}}"}
{"op_code":6,"worker_id":"a49fde2c-5fdf-44c1-8388-d8e8039fc14a-139920105224000","trial_id":3,"state":1,"values":[0.7582741398777697],"datetime_complete":"2026-04-13T23:07:14.213056"}
{"op_code":4,"worker_id":"a49fde2c-5fdf-44c1-8388-d8e8039fc14a-139920105224000","study_id":0,"datetime_start":"2026-04-13T23:07:14.233811"}
{"op_code":5,"worker_id":"a49fde2c-5fdf-44c1-8388-d8e8039fc14a-139920105224000","trial_id":4,"param_name":"lr","param_value_internal":0.005853985626462706,"distribution":"{\"name\": \"FloatDistribution\", \"attributes\": {\"step\": null, \"low\": 0.0001, \"high\": 0.1, \"log\": true}}"}
{"op_code":5,"worker_id":"a49fde2c-5fdf-44c1-8388-d8e8039fc14a-139920105224000","trial_id":4,"param_name":"dropout","param_value_internal":0.29159140784424276,"distribution":"{\"name\": \"FloatDistribution\", \"attributes\": {\"step\": null, \"low\": 0.0, \"high\": 0.5, \"log\": false}}"}
{"op_code":5,"worker_id":"a49fde2c-5fdf-44c1-8388-d8e8039fc14a-139920105224000","trial_id":4,"param_name":"layers","param_value_internal":2.0,"distribution":"{\"name\": \"IntDistribution\", \"attributes\": {\"log\": false, \"step\": 1, \"low\": 1, \"high\": 3}}"}
{"op_code":5,"worker_id":"a49fde2c-5fdf-44c1-8388-d8e8039fc14a-139920105224000","trial_id":4,"param_name":"nodes","param_value_internal":1,"distribution":"{\"name\": \"CategoricalDistribution\", \"attributes\": {\"choices\": [32, 64, 128]}}"}
{"op_code":6,"worker_id":"a49fde2c-5fdf-44c1-8388-d8e8039fc14a-139920105224000","trial_id":4,"state":1,"values":[0.7785144185101769],"datetime_complete":"2026-04-13T23:07:15.878443"}
{"op_code":4,"worker_id":"a49fde2c-5fdf-44c1-8388-d8e8039fc14a-139920105224000","study_id":0,"datetime_start":"2026-04-13T23:07:15.901914"}
{"op_code":5,"worker_id":"a49fde2c-5fdf-44c1-8388-d8e8039fc14a-139920105224000","trial_id":5,"param_name":"lr","param_value_internal":0.08036619928859084,"distribution":"{\"name\": \"FloatDistribution\", \"attributes\": {\"step\": null, \"low\": 0.0001, \"high\": 0.1, \"log\": true}}"}
{"op_code":5,"worker_id":"a49fde2c-5fdf-44c1-8388-d8e8039fc14a-139920105224000","trial_id":5,"param_name":"dropout","param_value_internal":0.17729417862483782,"distribution":"{\"name\": \"FloatDistribution\", \"attributes\": {\"step\": null, \"low\": 0.0, \"high\": 0.5, \"log\": false}}"}
{"op_code":5,"worker_id":"a49fde2c-5fdf-44c1-8388-d8e8039fc14a-139920105224000","trial_id":5,"param_name":"layers","param_value_internal":1.0,"distribution":"{\"name\": \"IntDistribution\", \"attributes\": {\"log\": false, \"step\": 1, \"low\": 1, \"high\": 3}}"}
{"op_code":5,"worker_id":"a49fde2c-5fdf-44c1-8388-d8e8039fc14a-139920105224000","trial_id":5,"param_name":"nodes","param_value_internal":1,"distribution":"{\"name\": \"CategoricalDistribution\", \"attributes\": {\"choices\": [32, 64, 128]}}"}
{"op_code":6,"worker_id":"a49fde2c-5fdf-44c1-8388-d8e8039fc14a-139920105224000","trial_id":5,"state":1,"values":[0.7772299852439527],"datetime_complete":"2026-04-13T23:07:17.384638"}
{"op_code":4,"worker_id":"a49fde2c-5fdf-44c1-8388-d8e8039fc14a-139920105224000","study_id":0,"datetime_start":"2026-04-13T23:07:17.413335"}
{"op_code":5,"worker_id":"a49fde2c-5fdf-44c1-8388-d8e8039fc14a-139920105224000","trial_id":6,"param_name":"lr","param_value_internal":0.00041632697174367924,"distribution":"{\"name\": \"FloatDistribution\", \"attributes\": {\"step\": null, \"low\": 0.0001, \"high\": 0.1, \"log\": true}}"}
{"op_code":5,"worker_id":"a49fde2c-5fdf-44c1-8388-d8e8039fc14a-139920105224000","trial_id":6,"param_name":"dropout","param_value_internal":0.0566504976763218,"distribution":"{\"name\": \"FloatDistribution\", \"attributes\": {\"step\": null, \"low\": 0.0, \"high\": 0.5, \"log\": false}}"}
{"op_code":5,"worker_id":"a49fde2c-5fdf-44c1-8388-d8e8039fc14a-139920105224000","trial_id":6,"param_name":"layers","param_value_internal":1.0,"distribution":"{\"name\": \"IntDistribution\", \"attributes\": {\"log\": false, \"step\": 1, \"low\": 1, \"high\": 3}}"}
{"op_code":5,"worker_id":"a49fde2c-5fdf-44c1-8388-d8e8039fc14a-139920105224000","trial_id":6,"param_name":"nodes","param_value_internal":2,"distribution":"{\"name\": \"CategoricalDistribution\", \"attributes\": {\"choices\": [32, 64, 128]}}"}
{"op_code":6,"worker_id":"a49fde2c-5fdf-44c1-8388-d8e8039fc14a-139920105224000","trial_id":6,"state":1,"values":[0.7710751602554529],"datetime_complete":"2026-04-13T23:07:18.892073"}
{"op_code":4,"worker_id":"a49fde2c-5fdf-44c1-8388-d8e8039fc14a-139920105224000","study_id":0,"datetime_start":"2026-04-13T23:07:18.915625"}
{"op_code":5,"worker_id":"a49fde2c-5fdf-44c1-8388-d8e8039fc14a-139920105224000","trial_id":7,"param_name":"lr","param_value_internal":0.03423531819836643,"distribution":"{\"name\": \"FloatDistribution\", \"attributes\": {\"step\": null, \"low\": 0.0001, \"high\": 0.1, \"log\": true}}"}
{"op_code":5,"worker_id":"a49fde2c-5fdf-44c1-8388-d8e8039fc14a-139920105224000","trial_id":7,"param_name":"dropout","param_value_internal":0.08309870076435044,"distribution":"{\"name\": \"FloatDistribution\", \"attributes\": {\"step\": null, \"low\": 0.0, \"high\": 0.5, \"log\": false}}"}
{"op_code":5,"worker_id":"a49fde2c-5fdf-44c1-8388-d8e8039fc14a-139920105224000","trial_id":7,"param_name":"layers","param_value_internal":3.0,"distribution":"{\"name\": \"IntDistribution\", \"attributes\": {\"log\": false, \"step\": 1, \"low\": 1, \"high\": 3}}"}
{"op_code":5,"worker_id":"a49fde2c-5fdf-44c1-8388-d8e8039fc14a-139920105224000","trial_id":7,"param_name":"nodes","param_value_internal":0,"distribution":"{\"name\": \"CategoricalDistribution\", \"attributes\": {\"choices\": [32, 64, 128]}}"}
{"op_code":6,"worker_id":"a49fde2c-5fdf-44c1-8388-d8e8039fc14a-139920105224000","trial_id":7,"state":1,"values":[0.749958181242495],"datetime_complete":"2026-04-13T23:07:20.791646"}
{"op_code":4,"worker_id":"a49fde2c-5fdf-44c1-8388-d8e8039fc14a-139920105224000","study_id":0,"datetime_start":"2026-04-13T23:07:20.807606"}
{"op_code":5,"worker_id":"a49fde2c-5fdf-44c1-8388-d8e8039fc14a-139920105224000","trial_id":8,"param_name":"lr","param_value_internal":0.0011724883286066447,"distribution":"{\"name\": \"FloatDistribution\", \"attributes\": {\"step\": null, \"low\": 0.0001, \"high\": 0.1, \"log\": true}}"}
{"op_code":5,"worker_id":"a49fde2c-5fdf-44c1-8388-d8e8039fc14a-139920105224000","trial_id":8,"param_name":"dropout","param_value_internal":0.475517502117105,"distribution":"{\"name\": \"FloatDistribution\", \"attributes\": {\"step\": null, \"low\": 0.0, \"high\": 0.5, \"log\": false}}"}
{"op_code":5,"worker_id":"a49fde2c-5fdf-44c1-8388-d8e8039fc14a-139920105224000","trial_id":8,"param_name":"layers","param_value_internal":2.0,"distribution":"{\"name\": \"IntDistribution\", \"attributes\": {\"log\": false, \"step\": 1, \"low\": 1, \"high\": 3}}"}
{"op_code":5,"worker_id":"a49fde2c-5fdf-44c1-8388-d8e8039fc14a-139920105224000","trial_id":8,"param_name":"nodes","param_value_internal":2,"distribution":"{\"name\": \"CategoricalDistribution\", \"attributes\": {\"choices\": [32, 64, 128]}}"}
{"op_code":6,"worker_id":"a49fde2c-5fdf-44c1-8388-d8e8039fc14a-139920105224000","trial_id":8,"state":1,"values":[0.7675145917593151],"datetime_complete":"2026-04-13T23:07:22.433578"}
{"op_code":4,"worker_id":"a49fde2c-5fdf-44c1-8388-d8e8039fc14a-139920105224000","study_id":0,"datetime_start":"2026-04-13T23:07:22.451918"}
{"op_code":5,"worker_id":"a49fde2c-5fdf-44c1-8388-d8e8039fc14a-139920105224000","trial_id":9,"param_name":"lr","param_value_internal":0.008195336373762633,"distribution":"{\"name\": \"FloatDistribution\", \"attributes\": {\"step\": null, \"low\": 0.0001, \"high\": 0.1, \"log\": true}}"}
{"op_code":5,"worker_id":"a49fde2c-5fdf-44c1-8388-d8e8039fc14a-139920105224000","trial_id":9,"param_name":"dropout","param_value_internal":0.43348085651996593,"distribution":"{\"name\": \"FloatDistribution\", \"attributes\": {\"step\": null, \"low\": 0.0, \"high\": 0.5, \"log\": false}}"}
{"op_code":5,"worker_id":"a49fde2c-5fdf-44c1-8388-d8e8039fc14a-139920105224000","trial_id":9,"param_name":"layers","param_value_internal":1.0,"distribution":"{\"name\": \"IntDistribution\", \"attributes\": {\"log\": false, \"step\": 1, \"low\": 1, \"high\": 3}}"}
{"op_code":5,"worker_id":"a49fde2c-5fdf-44c1-8388-d8e8039fc14a-139920105224000","trial_id":9,"param_name":"nodes","param_value_internal":2,"distribution":"{\"name\": \"CategoricalDistribution\", \"attributes\": {\"choices\": [32, 64, 128]}}"}
{"op_code":6,"worker_id":"a49fde2c-5fdf-44c1-8388-d8e8039fc14a-139920105224000","trial_id":9,"state":1,"values":[0.7702059275101709],"datetime_complete":"2026-04-13T23:07:23.883809"}
{"op_code":4,"worker_id":"a49fde2c-5fdf-44c1-8388-d8e8039fc14a-139920105224000","study_id":0,"datetime_start":"2026-04-13T23:07:23.899668"}
{"op_code":5,"worker_id":"a49fde2c-5fdf-44c1-8388-d8e8039fc14a-139920105224000","trial_id":10,"param_name":"lr","param_value_internal":0.0001097438317342835,"distribution":"{\"name\": \"FloatDistribution\", \"attributes\": {\"step\": null, \"low\": 0.0001, \"high\": 0.1, \"log\": true}}"}
{"op_code":5,"worker_id":"a49fde2c-5fdf-44c1-8388-d8e8039fc14a-139920105224000","trial_id":10,"param_name":"dropout","param_value_internal":0.35765295675750486,"distribution":"{\"name\": \"FloatDistribution\", \"attributes\": {\"step\": null, \"low\": 0.0, \"high\": 0.5, \"log\": false}}"}
{"op_code":5,"worker_id":"a49fde2c-5fdf-44c1-8388-d8e8039fc14a-139920105224000","trial_id":10,"param_name":"layers","param_value_internal":2.0,"distribution":"{\"name\": \"IntDistribution\", \"attributes\": {\"log\": false, \"step\": 1, \"low\": 1, \"high\": 3}}"}
{"op_code":5,"worker_id":"a49fde2c-5fdf-44c1-8388-d8e8039fc14a-139920105224000","trial_id":10,"param_name":"nodes","param_value_internal":0,"distribution":"{\"name\": \"CategoricalDistribution\", \"attributes\": {\"choices\": [32, 64, 128]}}"}
{"op_code":6,"worker_id":"a49fde2c-5fdf-44c1-8388-d8e8039fc14a-139920105224000","trial_id":10,"state":1,"values":[0.710927838746871],"datetime_complete":"2026-04-13T23:07:25.523731"}
{"op_code":4,"worker_id":"a49fde2c-5fdf-44c1-8388-d8e8039fc14a-139920105224000","study_id":0,"datetime_start":"2026-04-13T23:07:25.544532"}
{"op_code":5,"worker_id":"a49fde2c-5fdf-44c1-8388-d8e8039fc14a-139920105224000","trial_id":11,"param_name":"lr","param_value_internal":0.017815379947002486,"distribution":"{\"name\": \"FloatDistribution\", \"attributes\": {\"step\": null, \"low\": 0.0001, \"high\": 0.1, \"log\": true}}"}
{"op_code":5,"worker_id":"a49fde2c-5fdf-44c1-8388-d8e8039fc14a-139920105224000","trial_id":11,"param_name":"dropout","param_value_internal":0.32440822564519445,"distribution":"{\"name\": \"FloatDistribution\", \"attributes\": {\"step\": null, \"low\": 0.0, \"high\": 0.5, \"log\": false}}"}
{"op_code":5,"worker_id":"a49fde2c-5fdf-44c1-8388-d8e8039fc14a-139920105224000","trial_id":11,"param_name":"layers","param_value_internal":2.0,"distribution":"{\"name\": \"IntDistribution\", \"attributes\": {\"log\": false, \"step\": 1, \"low\": 1, \"high\": 3}}"}
{"op_code":5,"worker_id":"a49fde2c-5fdf-44c1-8388-d8e8039fc14a-139920105224000","trial_id":11,"param_name":"nodes","param_value_internal":1,"distribution":"{\"name\": \"CategoricalDistribution\", \"attributes\": {\"choices\": [32, 64, 128]}}"}
{"op_code":6,"worker_id":"a49fde2c-5fdf-44c1-8388-d8e8039fc14a-139920105224000","trial_id":11,"state":1,"values":[0.7820675193710459],"datetime_complete":"2026-04-13T23:07:27.197143"}
{"op_code":4,"worker_id":"a49fde2c-5fdf-44c1-8388-d8e8039fc14a-139920105224000","study_id":0,"datetime_start":"2026-04-13T23:07:27.217390"}
{"op_code":5,"worker_id":"a49fde2c-5fdf-44c1-8388-d8e8039fc14a-139920105224000","trial_id":12,"param_name":"lr","param_value_internal":0.023601520061261004,"distribution":"{\"name\": \"FloatDistribution\", \"attributes\": {\"step\": null, \"low\": 0.0001, \"high\": 0.1, \"log\": true}}"}
{"op_code":5,"worker_id":"a49fde2c-5fdf-44c1-8388-d8e8039fc14a-139920105224000","trial_id":12,"param_name":"dropout","param_value_internal":0.37494952165749174,"distribution":"{\"name\": \"FloatDistribution\", \"attributes\": {\"step\": null, \"low\": 0.0, \"high\": 0.5, \"log\": false}}"}
{"op_code":5,"worker_id":"a49fde2c-5fdf-44c1-8388-d8e8039fc14a-139920105224000","trial_id":12,"param_name":"layers","param_value_internal":2.0,"distribution":"{\"name\": \"IntDistribution\", \"attributes\": {\"log\": false, \"step\": 1, \"low\": 1, \"high\": 3}}"}
{"op_code":5,"worker_id":"a49fde2c-5fdf-44c1-8388-d8e8039fc14a-139920105224000","trial_id":12,"param_name":"nodes","param_value_internal":0,"distribution":"{\"name\": \"CategoricalDistribution\", \"attributes\": {\"choices\": [32, 64, 128]}}"}
{"op_code":6,"worker_id":"a49fde2c-5fdf-44c1-8388-d8e8039fc14a-139920105224000","trial_id":12,"state":1,"values":[0.787345643978995],"datetime_complete":"2026-04-13T23:07:28.864630"}
{"op_code":4,"worker_id":"a49fde2c-5fdf-44c1-8388-d8e8039fc14a-139920105224000","study_id":0,"datetime_start":"2026-04-13T23:07:28.887245"}
{"op_code":5,"worker_id":"a49fde2c-5fdf-44c1-8388-d8e8039fc14a-139920105224000","trial_id":13,"param_name":"lr","param_value_internal":0.08522075755978213,"distribution":"{\"name\": \"FloatDistribution\", \"attributes\": {\"step\": null, \"low\": 0.0001, \"high\": 0.1, \"log\": true}}"}
{"op_code":5,"worker_id":"a49fde2c-5fdf-44c1-8388-d8e8039fc14a-139920105224000","trial_id":13,"param_name":"dropout","param_value_internal":0.41048780085166764,"distribution":"{\"name\": \"FloatDistribution\", \"attributes\": {\"step\": null, \"low\": 0.0, \"high\": 0.5, \"log\": false}}"}
{"op_code":5,"worker_id":"a49fde2c-5fdf-44c1-8388-d8e8039fc14a-139920105224000","trial_id":13,"param_name":"layers","param_value_internal":3.0,"distribution":"{\"name\": \"IntDistribution\", \"attributes\": {\"log\": false, \"step\": 1, \"low\": 1, \"high\": 3}}"}
{"op_code":5,"worker_id":"a49fde2c-5fdf-44c1-8388-d8e8039fc14a-139920105224000","trial_id":13,"param_name":"nodes","param_value_internal":0,"distribution":"{\"name\": \"CategoricalDistribution\", \"attributes\": {\"choices\": [32, 64, 128]}}"}
{"op_code":6,"worker_id":"a49fde2c-5fdf-44c1-8388-d8e8039fc14a-139920105224000","trial_id":13,"state":1,"values":[0.781983881856036],"datetime_complete":"2026-04-13T23:07:31.030007"}
{"op_code":4,"worker_id":"a49fde2c-5fdf-44c1-8388-d8e8039fc14a-139920105224000","study_id":0,"datetime_start":"2026-04-13T23:07:31.055805"}
{"op_code":5,"worker_id":"a49fde2c-5fdf-44c1-8388-d8e8039fc14a-139920105224000","trial_id":14,"param_name":"lr","param_value_internal":0.025264793015312308,"distribution":"{\"name\": \"FloatDistribution\", \"attributes\": {\"step\": null, \"low\": 0.0001, \"high\": 0.1, \"log\": true}}"}
{"op_code":5,"worker_id":"a49fde2c-5fdf-44c1-8388-d8e8039fc14a-139920105224000","trial_id":14,"param_name":"dropout","param_value_internal":0.4991004688471923,"distribution":"{\"name\": \"FloatDistribution\", \"attributes\": {\"step\": null, \"low\": 0.0, \"high\": 0.5, \"log\": false}}"}
{"op_code":5,"worker_id":"a49fde2c-5fdf-44c1-8388-d8e8039fc14a-139920105224000","trial_id":14,"param_name":"layers","param_value_internal":2.0,"distribution":"{\"name\": \"IntDistribution\", \"attributes\": {\"log\": false, \"step\": 1, \"low\": 1, \"high\": 3}}"}
{"op_code":5,"worker_id":"a49fde2c-5fdf-44c1-8388-d8e8039fc14a-139920105224000","trial_id":14,"param_name":"nodes","param_value_internal":0,"distribution":"{\"name\": \"CategoricalDistribution\", \"attributes\": {\"choices\": [32, 64, 128]}}"}
{"op_code":6,"worker_id":"a49fde2c-5fdf-44c1-8388-d8e8039fc14a-139920105224000","trial_id":14,"state":1,"values":[0.7884538410528769],"datetime_complete":"2026-04-13T23:07:32.726043"}
{"op_code":4,"worker_id":"a49fde2c-5fdf-44c1-8388-d8e8039fc14a-139920105224000","study_id":0,"datetime_start":"2026-04-13T23:07:32.741937"}
{"op_code":5,"worker_id":"a49fde2c-5fdf-44c1-8388-d8e8039fc14a-139920105224000","trial_id":15,"param_name":"lr","param_value_internal":0.01642067839683192,"distribution":"{\"name\": \"FloatDistribution\", \"attributes\": {\"step\": null, \"low\": 0.0001, \"high\": 0.1, \"log\": true}}"}
{"op_code":5,"worker_id":"a49fde2c-5fdf-44c1-8388-d8e8039fc14a-139920105224000","trial_id":15,"param_name":"dropout","param_value_internal":0.37472213685488603,"distribution":"{\"name\": \"FloatDistribution\", \"attributes\": {\"step\": null, \"low\": 0.0, \"high\": 0.5, \"log\": false}}"}
{"op_code":5,"worker_id":"a49fde2c-5fdf-44c1-8388-d8e8039fc14a-139920105224000","trial_id":15,"param_name":"layers","param_value_internal":2.0,"distribution":"{\"name\": \"IntDistribution\", \"attributes\": {\"log\": false, \"step\": 1, \"low\": 1, \"high\": 3}}"}
{"op_code":5,"worker_id":"a49fde2c-5fdf-44c1-8388-d8e8039fc14a-139920105224000","trial_id":15,"param_name":"nodes","param_value_internal":0,"distribution":"{\"name\": \"CategoricalDistribution\", \"attributes\": {\"choices\": [32, 64, 128]}}"}
{"op_code":6,"worker_id":"a49fde2c-5fdf-44c1-8388-d8e8039fc14a-139920105224000","trial_id":15,"state":1,"values":[0.7864017348810256],"datetime_complete":"2026-04-13T23:07:34.364523"}
{"op_code":4,"worker_id":"a49fde2c-5fdf-44c1-8388-d8e8039fc14a-139920105224000","study_id":0,"datetime_start":"2026-04-13T23:07:34.381970"}
{"op_code":5,"worker_id":"a49fde2c-5fdf-44c1-8388-d8e8039fc14a-139920105224000","trial_id":16,"param_name":"lr","param_value_internal":0.02352945015320379,"distribution":"{\"name\": \"FloatDistribution\", \"attributes\": {\"step\": null, \"low\": 0.0001, \"high\": 0.1, \"log\": true}}"}
{"op_code":5,"worker_id":"a49fde2c-5fdf-44c1-8388-d8e8039fc14a-139920105224000","trial_id":16,"param_name":"dropout","param_value_internal":0.4852032181936729,"distribution":"{\"name\": \"FloatDistribution\", \"attributes\": {\"step\": null, \"low\": 0.0, \"high\": 0.5, \"log\": false}}"}
{"op_code":5,"worker_id":"a49fde2c-5fdf-44c1-8388-d8e8039fc14a-139920105224000","trial_id":16,"param_name":"layers","param_value_internal":2.0,"distribution":"{\"name\": \"IntDistribution\", \"attributes\": {\"log\": false, \"step\": 1, \"low\": 1, \"high\": 3}}"}
{"op_code":5,"worker_id":"a49fde2c-5fdf-44c1-8388-d8e8039fc14a-139920105224000","trial_id":16,"param_name":"nodes","param_value_internal":0,"distribution":"{\"name\": \"CategoricalDistribution\", \"attributes\": {\"choices\": [32, 64, 128]}}"}
{"op_code":6,"worker_id":"a49fde2c-5fdf-44c1-8388-d8e8039fc14a-139920105224000","trial_id":16,"state":1,"values":[0.7902639958420207],"datetime_complete":"2026-04-13T23:07:36.004033"}
{"op_code":4,"worker_id":"a49fde2c-5fdf-44c1-8388-d8e8039fc14a-139920105224000","study_id":0,"datetime_start":"2026-04-13T23:07:36.020918"}
{"op_code":5,"worker_id":"a49fde2c-5fdf-44c1-8388-d8e8039fc14a-139920105224000","trial_id":17,"param_name":"lr","param_value_internal":0.0024728259633697903,"distribution":"{\"name\": \"FloatDistribution\", \"attributes\": {\"step\": null, \"low\": 0.0001, \"high\": 0.1, \"log\": true}}"}
{"op_code":5,"worker_id":"a49fde2c-5fdf-44c1-8388-d8e8039fc14a-139920105224000","trial_id":17,"param_name":"dropout","param_value_internal":0.49599848462018026,"distribution":"{\"name\": \"FloatDistribution\", \"attributes\": {\"step\": null, \"low\": 0.0, \"high\": 0.5, \"log\": false}}"}
{"op_code":5,"worker_id":"a49fde2c-5fdf-44c1-8388-d8e8039fc14a-139920105224000","trial_id":17,"param_name":"layers","param_value_internal":3.0,"distribution":"{\"name\": \"IntDistribution\", \"attributes\": {\"log\": false, \"step\": 1, \"low\": 1, \"high\": 3}}"}
{"op_code":5,"worker_id":"a49fde2c-5fdf-44c1-8388-d8e8039fc14a-139920105224000","trial_id":17,"param_name":"nodes","param_value_internal":0,"distribution":"{\"name\": \"CategoricalDistribution\", \"attributes\": {\"choices\": [32, 64, 128]}}"}
{"op_code":6,"worker_id":"a49fde2c-5fdf-44c1-8388-d8e8039fc14a-139920105224000","trial_id":17,"state":1,"values":[0.7870917443798577],"datetime_complete":"2026-04-13T23:07:37.851602"}
{"op_code":4,"worker_id":"a49fde2c-5fdf-44c1-8388-d8e8039fc14a-139920105224000","study_id":0,"datetime_start":"2026-04-13T23:07:37.866255"}
{"op_code":5,"worker_id":"a49fde2c-5fdf-44c1-8388-d8e8039fc14a-139920105224000","trial_id":18,"param_name":"lr","param_value_internal":0.037450065522039305,"distribution":"{\"name\": \"FloatDistribution\", \"attributes\": {\"step\": null, \"low\": 0.0001, \"high\": 0.1, \"log\": true}}"}
{"op_code":5,"worker_id":"a49fde2c-5fdf-44c1-8388-d8e8039fc14a-139920105224000","trial_id":18,"param_name":"dropout","param_value_internal":0.24836746062460327,"distribution":"{\"name\": \"FloatDistribution\", \"attributes\": {\"step\": null, \"low\": 0.0, \"high\": 0.5, \"log\": false}}"}
{"op_code":5,"worker_id":"a49fde2c-5fdf-44c1-8388-d8e8039fc14a-139920105224000","trial_id":18,"param_name":"layers","param_value_internal":3.0,"distribution":"{\"name\": \"IntDistribution\", \"attributes\": {\"log\": false, \"step\": 1, \"low\": 1, \"high\": 3}}"}
{"op_code":5,"worker_id":"a49fde2c-5fdf-44c1-8388-d8e8039fc14a-139920105224000","trial_id":18,"param_name":"nodes","param_value_internal":0,"distribution":"{\"name\": \"CategoricalDistribution\", \"attributes\": {\"choices\": [32, 64, 128]}}"}
{"op_code":6,"worker_id":"a49fde2c-5fdf-44c1-8388-d8e8039fc14a-139920105224000","trial_id":18,"state":1,"values":[0.7843556028173895],"datetime_complete":"2026-04-13T23:07:39.687944"}
{"op_code":4,"worker_id":"a49fde2c-5fdf-44c1-8388-d8e8039fc14a-139920105224000","study_id":0,"datetime_start":"2026-04-13T23:07:39.705569"}
{"op_code":5,"worker_id":"a49fde2c-5fdf-44c1-8388-d8e8039fc14a-139920105224000","trial_id":19,"param_name":"lr","param_value_internal":0.011764422278739741,"distribution":"{\"name\": \"FloatDistribution\", \"attributes\": {\"step\": null, \"low\": 0.0001, \"high\": 0.1, \"log\": true}}"}
{"op_code":5,"worker_id":"a49fde2c-5fdf-44c1-8388-d8e8039fc14a-139920105224000","trial_id":19,"param_name":"dropout","param_value_internal":0.4195558862261805,"distribution":"{\"name\": \"FloatDistribution\", \"attributes\": {\"step\": null, \"low\": 0.0, \"high\": 0.5, \"log\": false}}"}
{"op_code":5,"worker_id":"a49fde2c-5fdf-44c1-8388-d8e8039fc14a-139920105224000","trial_id":19,"param_name":"layers","param_value_internal":2.0,"distribution":"{\"name\": \"IntDistribution\", \"attributes\": {\"log\": false, \"step\": 1, \"low\": 1, \"high\": 3}}"}
{"op_code":5,"worker_id":"a49fde2c-5fdf-44c1-8388-d8e8039fc14a-139920105224000","trial_id":19,"param_name":"nodes","param_value_internal":0,"distribution":"{\"name\": \"CategoricalDistribution\", \"attributes\": {\"choices\": [32, 64, 128]}}"}
{"op_code":6,"worker_id":"a49fde2c-5fdf-44c1-8388-d8e8039fc14a-139920105224000","trial_id":19,"state":1,"values":[0.7935796259013436],"datetime_complete":"2026-04-13T23:07:41.338010"}
