{"op_code":0,"worker_id":"b4a8a5ac-ec65-4798-9eff-952c8eca2428-140377564591936","study_name":"deepsurv_tuning","directions":[2]}
{"op_code":4,"worker_id":"b4a8a5ac-ec65-4798-9eff-952c8eca2428-140377564591936","study_id":0,"datetime_start":"2026-04-11T20:19:20.976041"}
{"op_code":5,"worker_id":"b4a8a5ac-ec65-4798-9eff-952c8eca2428-140377564591936","trial_id":0,"param_name":"lr","param_value_internal":0.0021164684823773254,"distribution":"{\"name\": \"FloatDistribution\", \"attributes\": {\"step\": null, \"low\": 0.0001, \"high\": 0.05, \"log\": true}}"}
{"op_code":5,"worker_id":"b4a8a5ac-ec65-4798-9eff-952c8eca2428-140377564591936","trial_id":0,"param_name":"dropout","param_value_internal":0.22573678738688335,"distribution":"{\"name\": \"FloatDistribution\", \"attributes\": {\"step\": null, \"low\": 0.0, \"high\": 0.5, \"log\": false}}"}
{"op_code":5,"worker_id":"b4a8a5ac-ec65-4798-9eff-952c8eca2428-140377564591936","trial_id":0,"param_name":"layers","param_value_internal":0,"distribution":"{\"name\": \"CategoricalDistribution\", \"attributes\": {\"choices\": [1, 2, 3]}}"}
{"op_code":5,"worker_id":"b4a8a5ac-ec65-4798-9eff-952c8eca2428-140377564591936","trial_id":0,"param_name":"nodes","param_value_internal":2,"distribution":"{\"name\": \"CategoricalDistribution\", \"attributes\": {\"choices\": [16, 32, 64]}}"}
{"op_code":5,"worker_id":"b4a8a5ac-ec65-4798-9eff-952c8eca2428-140377564591936","trial_id":0,"param_name":"epochs","param_value_internal":80.0,"distribution":"{\"name\": \"IntDistribution\", \"attributes\": {\"log\": false, \"step\": 10, \"low\": 10, \"high\": 100}}"}
{"op_code":6,"worker_id":"b4a8a5ac-ec65-4798-9eff-952c8eca2428-140377564591936","trial_id":0,"state":1,"values":[0.8103382301064854],"datetime_complete":"2026-04-11T20:19:23.664538"}
{"op_code":4,"worker_id":"b4a8a5ac-ec65-4798-9eff-952c8eca2428-140377564591936","study_id":0,"datetime_start":"2026-04-11T20:19:23.677657"}
{"op_code":5,"worker_id":"b4a8a5ac-ec65-4798-9eff-952c8eca2428-140377564591936","trial_id":1,"param_name":"lr","param_value_internal":0.006571451207053103,"distribution":"{\"name\": \"FloatDistribution\", \"attributes\": {\"step\": null, \"low\": 0.0001, \"high\": 0.05, \"log\": true}}"}
{"op_code":5,"worker_id":"b4a8a5ac-ec65-4798-9eff-952c8eca2428-140377564591936","trial_id":1,"param_name":"dropout","param_value_internal":0.18806094211198632,"distribution":"{\"name\": \"FloatDistribution\", \"attributes\": {\"step\": null, \"low\": 0.0, \"high\": 0.5, \"log\": false}}"}
{"op_code":5,"worker_id":"b4a8a5ac-ec65-4798-9eff-952c8eca2428-140377564591936","trial_id":1,"param_name":"layers","param_value_internal":1,"distribution":"{\"name\": \"CategoricalDistribution\", \"attributes\": {\"choices\": [1, 2, 3]}}"}
{"op_code":5,"worker_id":"b4a8a5ac-ec65-4798-9eff-952c8eca2428-140377564591936","trial_id":1,"param_name":"nodes","param_value_internal":1,"distribution":"{\"name\": \"CategoricalDistribution\", \"attributes\": {\"choices\": [16, 32, 64]}}"}
{"op_code":5,"worker_id":"b4a8a5ac-ec65-4798-9eff-952c8eca2428-140377564591936","trial_id":1,"param_name":"epochs","param_value_internal":40.0,"distribution":"{\"name\": \"IntDistribution\", \"attributes\": {\"log\": false, \"step\": 10, \"low\": 10, \"high\": 100}}"}
{"op_code":6,"worker_id":"b4a8a5ac-ec65-4798-9eff-952c8eca2428-140377564591936","trial_id":1,"state":1,"values":[0.8099167130036532],"datetime_complete":"2026-04-11T20:19:25.345933"}
{"op_code":4,"worker_id":"b4a8a5ac-ec65-4798-9eff-952c8eca2428-140377564591936","study_id":0,"datetime_start":"2026-04-11T20:19:25.361691"}
{"op_code":5,"worker_id":"b4a8a5ac-ec65-4798-9eff-952c8eca2428-140377564591936","trial_id":2,"param_name":"lr","param_value_internal":0.011108101276693682,"distribution":"{\"name\": \"FloatDistribution\", \"attributes\": {\"step\": null, \"low\": 0.0001, \"high\": 0.05, \"log\": true}}"}
{"op_code":5,"worker_id":"b4a8a5ac-ec65-4798-9eff-952c8eca2428-140377564591936","trial_id":2,"param_name":"dropout","param_value_internal":0.2728566355002905,"distribution":"{\"name\": \"FloatDistribution\", \"attributes\": {\"step\": null, \"low\": 0.0, \"high\": 0.5, \"log\": false}}"}
{"op_code":5,"worker_id":"b4a8a5ac-ec65-4798-9eff-952c8eca2428-140377564591936","trial_id":2,"param_name":"layers","param_value_internal":1,"distribution":"{\"name\": \"CategoricalDistribution\", \"attributes\": {\"choices\": [1, 2, 3]}}"}
{"op_code":5,"worker_id":"b4a8a5ac-ec65-4798-9eff-952c8eca2428-140377564591936","trial_id":2,"param_name":"nodes","param_value_internal":1,"distribution":"{\"name\": \"CategoricalDistribution\", \"attributes\": {\"choices\": [16, 32, 64]}}"}
{"op_code":5,"worker_id":"b4a8a5ac-ec65-4798-9eff-952c8eca2428-140377564591936","trial_id":2,"param_name":"epochs","param_value_internal":30.0,"distribution":"{\"name\": \"IntDistribution\", \"attributes\": {\"log\": false, \"step\": 10, \"low\": 10, \"high\": 100}}"}
{"op_code":6,"worker_id":"b4a8a5ac-ec65-4798-9eff-952c8eca2428-140377564591936","trial_id":2,"state":1,"values":[0.8062635647791071],"datetime_complete":"2026-04-11T20:19:27.756057"}
{"op_code":4,"worker_id":"b4a8a5ac-ec65-4798-9eff-952c8eca2428-140377564591936","study_id":0,"datetime_start":"2026-04-11T20:19:27.771495"}
{"op_code":5,"worker_id":"b4a8a5ac-ec65-4798-9eff-952c8eca2428-140377564591936","trial_id":3,"param_name":"lr","param_value_internal":0.001982091543303592,"distribution":"{\"name\": \"FloatDistribution\", \"attributes\": {\"step\": null, \"low\": 0.0001, \"high\": 0.05, \"log\": true}}"}
{"op_code":5,"worker_id":"b4a8a5ac-ec65-4798-9eff-952c8eca2428-140377564591936","trial_id":3,"param_name":"dropout","param_value_internal":0.4637187669030584,"distribution":"{\"name\": \"FloatDistribution\", \"attributes\": {\"step\": null, \"low\": 0.0, \"high\": 0.5, \"log\": false}}"}
{"op_code":5,"worker_id":"b4a8a5ac-ec65-4798-9eff-952c8eca2428-140377564591936","trial_id":3,"param_name":"layers","param_value_internal":2,"distribution":"{\"name\": \"CategoricalDistribution\", \"attributes\": {\"choices\": [1, 2, 3]}}"}
{"op_code":5,"worker_id":"b4a8a5ac-ec65-4798-9eff-952c8eca2428-140377564591936","trial_id":3,"param_name":"nodes","param_value_internal":0,"distribution":"{\"name\": \"CategoricalDistribution\", \"attributes\": {\"choices\": [16, 32, 64]}}"}
{"op_code":5,"worker_id":"b4a8a5ac-ec65-4798-9eff-952c8eca2428-140377564591936","trial_id":3,"param_name":"epochs","param_value_internal":60.0,"distribution":"{\"name\": \"IntDistribution\", \"attributes\": {\"log\": false, \"step\": 10, \"low\": 10, \"high\": 100}}"}
{"op_code":6,"worker_id":"b4a8a5ac-ec65-4798-9eff-952c8eca2428-140377564591936","trial_id":3,"state":1,"values":[0.8031634709093409],"datetime_complete":"2026-04-11T20:19:35.177864"}
{"op_code":4,"worker_id":"b4a8a5ac-ec65-4798-9eff-952c8eca2428-140377564591936","study_id":0,"datetime_start":"2026-04-11T20:19:35.188666"}
{"op_code":5,"worker_id":"b4a8a5ac-ec65-4798-9eff-952c8eca2428-140377564591936","trial_id":4,"param_name":"lr","param_value_internal":0.0030347871932864786,"distribution":"{\"name\": \"FloatDistribution\", \"attributes\": {\"step\": null, \"low\": 0.0001, \"high\": 0.05, \"log\": true}}"}
{"op_code":5,"worker_id":"b4a8a5ac-ec65-4798-9eff-952c8eca2428-140377564591936","trial_id":4,"param_name":"dropout","param_value_internal":0.0542248266052443,"distribution":"{\"name\": \"FloatDistribution\", \"attributes\": {\"step\": null, \"low\": 0.0, \"high\": 0.5, \"log\": false}}"}
{"op_code":5,"worker_id":"b4a8a5ac-ec65-4798-9eff-952c8eca2428-140377564591936","trial_id":4,"param_name":"layers","param_value_internal":0,"distribution":"{\"name\": \"CategoricalDistribution\", \"attributes\": {\"choices\": [1, 2, 3]}}"}
{"op_code":5,"worker_id":"b4a8a5ac-ec65-4798-9eff-952c8eca2428-140377564591936","trial_id":4,"param_name":"nodes","param_value_internal":2,"distribution":"{\"name\": \"CategoricalDistribution\", \"attributes\": {\"choices\": [16, 32, 64]}}"}
{"op_code":5,"worker_id":"b4a8a5ac-ec65-4798-9eff-952c8eca2428-140377564591936","trial_id":4,"param_name":"epochs","param_value_internal":70.0,"distribution":"{\"name\": \"IntDistribution\", \"attributes\": {\"log\": false, \"step\": 10, \"low\": 10, \"high\": 100}}"}
{"op_code":6,"worker_id":"b4a8a5ac-ec65-4798-9eff-952c8eca2428-140377564591936","trial_id":4,"state":1,"values":[0.8111992012101428],"datetime_complete":"2026-04-11T20:19:36.641968"}
{"op_code":4,"worker_id":"b4a8a5ac-ec65-4798-9eff-952c8eca2428-140377564591936","study_id":0,"datetime_start":"2026-04-11T20:19:36.656101"}
{"op_code":5,"worker_id":"b4a8a5ac-ec65-4798-9eff-952c8eca2428-140377564591936","trial_id":5,"param_name":"lr","param_value_internal":0.004563994352850686,"distribution":"{\"name\": \"FloatDistribution\", \"attributes\": {\"step\": null, \"low\": 0.0001, \"high\": 0.05, \"log\": true}}"}
{"op_code":5,"worker_id":"b4a8a5ac-ec65-4798-9eff-952c8eca2428-140377564591936","trial_id":5,"param_name":"dropout","param_value_internal":0.35756486251607494,"distribution":"{\"name\": \"FloatDistribution\", \"attributes\": {\"step\": null, \"low\": 0.0, \"high\": 0.5, \"log\": false}}"}
{"op_code":5,"worker_id":"b4a8a5ac-ec65-4798-9eff-952c8eca2428-140377564591936","trial_id":5,"param_name":"layers","param_value_internal":2,"distribution":"{\"name\": \"CategoricalDistribution\", \"attributes\": {\"choices\": [1, 2, 3]}}"}
{"op_code":5,"worker_id":"b4a8a5ac-ec65-4798-9eff-952c8eca2428-140377564591936","trial_id":5,"param_name":"nodes","param_value_internal":2,"distribution":"{\"name\": \"CategoricalDistribution\", \"attributes\": {\"choices\": [16, 32, 64]}}"}
{"op_code":5,"worker_id":"b4a8a5ac-ec65-4798-9eff-952c8eca2428-140377564591936","trial_id":5,"param_name":"epochs","param_value_internal":60.0,"distribution":"{\"name\": \"IntDistribution\", \"attributes\": {\"log\": false, \"step\": 10, \"low\": 10, \"high\": 100}}"}
{"op_code":6,"worker_id":"b4a8a5ac-ec65-4798-9eff-952c8eca2428-140377564591936","trial_id":5,"state":1,"values":[0.8033129450592814],"datetime_complete":"2026-04-11T20:19:39.622294"}
{"op_code":4,"worker_id":"b4a8a5ac-ec65-4798-9eff-952c8eca2428-140377564591936","study_id":0,"datetime_start":"2026-04-11T20:19:39.637800"}
{"op_code":5,"worker_id":"b4a8a5ac-ec65-4798-9eff-952c8eca2428-140377564591936","trial_id":6,"param_name":"lr","param_value_internal":0.0006174927895715881,"distribution":"{\"name\": \"FloatDistribution\", \"attributes\": {\"step\": null, \"low\": 0.0001, \"high\": 0.05, \"log\": true}}"}
{"op_code":5,"worker_id":"b4a8a5ac-ec65-4798-9eff-952c8eca2428-140377564591936","trial_id":6,"param_name":"dropout","param_value_internal":0.28823576069442103,"distribution":"{\"name\": \"FloatDistribution\", \"attributes\": {\"step\": null, \"low\": 0.0, \"high\": 0.5, \"log\": false}}"}
{"op_code":5,"worker_id":"b4a8a5ac-ec65-4798-9eff-952c8eca2428-140377564591936","trial_id":6,"param_name":"layers","param_value_internal":2,"distribution":"{\"name\": \"CategoricalDistribution\", \"attributes\": {\"choices\": [1, 2, 3]}}"}
{"op_code":5,"worker_id":"b4a8a5ac-ec65-4798-9eff-952c8eca2428-140377564591936","trial_id":6,"param_name":"nodes","param_value_internal":1,"distribution":"{\"name\": \"CategoricalDistribution\", \"attributes\": {\"choices\": [16, 32, 64]}}"}
{"op_code":5,"worker_id":"b4a8a5ac-ec65-4798-9eff-952c8eca2428-140377564591936","trial_id":6,"param_name":"epochs","param_value_internal":30.0,"distribution":"{\"name\": \"IntDistribution\", \"attributes\": {\"log\": false, \"step\": 10, \"low\": 10, \"high\": 100}}"}
{"op_code":6,"worker_id":"b4a8a5ac-ec65-4798-9eff-952c8eca2428-140377564591936","trial_id":6,"state":1,"values":[0.7955776577998601],"datetime_complete":"2026-04-11T20:19:49.099734"}
{"op_code":4,"worker_id":"b4a8a5ac-ec65-4798-9eff-952c8eca2428-140377564591936","study_id":0,"datetime_start":"2026-04-11T20:19:49.118567"}
{"op_code":5,"worker_id":"b4a8a5ac-ec65-4798-9eff-952c8eca2428-140377564591936","trial_id":7,"param_name":"lr","param_value_internal":0.004609132534641578,"distribution":"{\"name\": \"FloatDistribution\", \"attributes\": {\"step\": null, \"low\": 0.0001, \"high\": 0.05, \"log\": true}}"}
{"op_code":5,"worker_id":"b4a8a5ac-ec65-4798-9eff-952c8eca2428-140377564591936","trial_id":7,"param_name":"dropout","param_value_internal":0.2920244330139089,"distribution":"{\"name\": \"FloatDistribution\", \"attributes\": {\"step\": null, \"low\": 0.0, \"high\": 0.5, \"log\": false}}"}
{"op_code":5,"worker_id":"b4a8a5ac-ec65-4798-9eff-952c8eca2428-140377564591936","trial_id":7,"param_name":"layers","param_value_internal":1,"distribution":"{\"name\": \"CategoricalDistribution\", \"attributes\": {\"choices\": [1, 2, 3]}}"}
{"op_code":5,"worker_id":"b4a8a5ac-ec65-4798-9eff-952c8eca2428-140377564591936","trial_id":7,"param_name":"nodes","param_value_internal":2,"distribution":"{\"name\": \"CategoricalDistribution\", \"attributes\": {\"choices\": [16, 32, 64]}}"}
{"op_code":5,"worker_id":"b4a8a5ac-ec65-4798-9eff-952c8eca2428-140377564591936","trial_id":7,"param_name":"epochs","param_value_internal":20.0,"distribution":"{\"name\": \"IntDistribution\", \"attributes\": {\"log\": false, \"step\": 10, \"low\": 10, \"high\": 100}}"}
{"op_code":6,"worker_id":"b4a8a5ac-ec65-4798-9eff-952c8eca2428-140377564591936","trial_id":7,"state":1,"values":[0.8066133342899678],"datetime_complete":"2026-04-11T20:19:54.571960"}
{"op_code":4,"worker_id":"b4a8a5ac-ec65-4798-9eff-952c8eca2428-140377564591936","study_id":0,"datetime_start":"2026-04-11T20:19:54.586296"}
{"op_code":5,"worker_id":"b4a8a5ac-ec65-4798-9eff-952c8eca2428-140377564591936","trial_id":8,"param_name":"lr","param_value_internal":0.01802358668703548,"distribution":"{\"name\": \"FloatDistribution\", \"attributes\": {\"step\": null, \"low\": 0.0001, \"high\": 0.05, \"log\": true}}"}
{"op_code":5,"worker_id":"b4a8a5ac-ec65-4798-9eff-952c8eca2428-140377564591936","trial_id":8,"param_name":"dropout","param_value_internal":0.48837129841466465,"distribution":"{\"name\": \"FloatDistribution\", \"attributes\": {\"step\": null, \"low\": 0.0, \"high\": 0.5, \"log\": false}}"}
{"op_code":5,"worker_id":"b4a8a5ac-ec65-4798-9eff-952c8eca2428-140377564591936","trial_id":8,"param_name":"layers","param_value_internal":0,"distribution":"{\"name\": \"CategoricalDistribution\", \"attributes\": {\"choices\": [1, 2, 3]}}"}
{"op_code":5,"worker_id":"b4a8a5ac-ec65-4798-9eff-952c8eca2428-140377564591936","trial_id":8,"param_name":"nodes","param_value_internal":1,"distribution":"{\"name\": \"CategoricalDistribution\", \"attributes\": {\"choices\": [16, 32, 64]}}"}
{"op_code":5,"worker_id":"b4a8a5ac-ec65-4798-9eff-952c8eca2428-140377564591936","trial_id":8,"param_name":"epochs","param_value_internal":10.0,"distribution":"{\"name\": \"IntDistribution\", \"attributes\": {\"log\": false, \"step\": 10, \"low\": 10, \"high\": 100}}"}
{"op_code":6,"worker_id":"b4a8a5ac-ec65-4798-9eff-952c8eca2428-140377564591936","trial_id":8,"state":1,"values":[0.8070079460458108],"datetime_complete":"2026-04-11T20:19:56.088536"}
{"op_code":4,"worker_id":"b4a8a5ac-ec65-4798-9eff-952c8eca2428-140377564591936","study_id":0,"datetime_start":"2026-04-11T20:19:56.101880"}
{"op_code":5,"worker_id":"b4a8a5ac-ec65-4798-9eff-952c8eca2428-140377564591936","trial_id":9,"param_name":"lr","param_value_internal":0.0001304069811339987,"distribution":"{\"name\": \"FloatDistribution\", \"attributes\": {\"step\": null, \"low\": 0.0001, \"high\": 0.05, \"log\": true}}"}
{"op_code":5,"worker_id":"b4a8a5ac-ec65-4798-9eff-952c8eca2428-140377564591936","trial_id":9,"param_name":"dropout","param_value_internal":0.34944918424429844,"distribution":"{\"name\": \"FloatDistribution\", \"attributes\": {\"step\": null, \"low\": 0.0, \"high\": 0.5, \"log\": false}}"}
{"op_code":5,"worker_id":"b4a8a5ac-ec65-4798-9eff-952c8eca2428-140377564591936","trial_id":9,"param_name":"layers","param_value_internal":0,"distribution":"{\"name\": \"CategoricalDistribution\", \"attributes\": {\"choices\": [1, 2, 3]}}"}
{"op_code":5,"worker_id":"b4a8a5ac-ec65-4798-9eff-952c8eca2428-140377564591936","trial_id":9,"param_name":"nodes","param_value_internal":1,"distribution":"{\"name\": \"CategoricalDistribution\", \"attributes\": {\"choices\": [16, 32, 64]}}"}
{"op_code":5,"worker_id":"b4a8a5ac-ec65-4798-9eff-952c8eca2428-140377564591936","trial_id":9,"param_name":"epochs","param_value_internal":80.0,"distribution":"{\"name\": \"IntDistribution\", \"attributes\": {\"log\": false, \"step\": 10, \"low\": 10, \"high\": 100}}"}
{"op_code":6,"worker_id":"b4a8a5ac-ec65-4798-9eff-952c8eca2428-140377564591936","trial_id":9,"state":1,"values":[0.7942458431238901],"datetime_complete":"2026-04-11T20:20:07.703450"}
{"op_code":4,"worker_id":"b4a8a5ac-ec65-4798-9eff-952c8eca2428-140377564591936","study_id":0,"datetime_start":"2026-04-11T20:20:07.717447"}
{"op_code":5,"worker_id":"b4a8a5ac-ec65-4798-9eff-952c8eca2428-140377564591936","trial_id":10,"param_name":"lr","param_value_internal":0.00046626903396038567,"distribution":"{\"name\": \"FloatDistribution\", \"attributes\": {\"step\": null, \"low\": 0.0001, \"high\": 0.05, \"log\": true}}"}
{"op_code":5,"worker_id":"b4a8a5ac-ec65-4798-9eff-952c8eca2428-140377564591936","trial_id":10,"param_name":"dropout","param_value_internal":0.012753070001366745,"distribution":"{\"name\": \"FloatDistribution\", \"attributes\": {\"step\": null, \"low\": 0.0, \"high\": 0.5, \"log\": false}}"}
{"op_code":5,"worker_id":"b4a8a5ac-ec65-4798-9eff-952c8eca2428-140377564591936","trial_id":10,"param_name":"layers","param_value_internal":0,"distribution":"{\"name\": \"CategoricalDistribution\", \"attributes\": {\"choices\": [1, 2, 3]}}"}
{"op_code":5,"worker_id":"b4a8a5ac-ec65-4798-9eff-952c8eca2428-140377564591936","trial_id":10,"param_name":"nodes","param_value_internal":0,"distribution":"{\"name\": \"CategoricalDistribution\", \"attributes\": {\"choices\": [16, 32, 64]}}"}
{"op_code":5,"worker_id":"b4a8a5ac-ec65-4798-9eff-952c8eca2428-140377564591936","trial_id":10,"param_name":"epochs","param_value_internal":100.0,"distribution":"{\"name\": \"IntDistribution\", \"attributes\": {\"log\": false, \"step\": 10, \"low\": 10, \"high\": 100}}"}
{"op_code":6,"worker_id":"b4a8a5ac-ec65-4798-9eff-952c8eca2428-140377564591936","trial_id":10,"state":1,"values":[0.8029302912354337],"datetime_complete":"2026-04-11T20:20:14.564085"}
{"op_code":4,"worker_id":"b4a8a5ac-ec65-4798-9eff-952c8eca2428-140377564591936","study_id":0,"datetime_start":"2026-04-11T20:20:14.587205"}
{"op_code":5,"worker_id":"b4a8a5ac-ec65-4798-9eff-952c8eca2428-140377564591936","trial_id":11,"param_name":"lr","param_value_internal":0.0012527907209308954,"distribution":"{\"name\": \"FloatDistribution\", \"attributes\": {\"step\": null, \"low\": 0.0001, \"high\": 0.05, \"log\": true}}"}
{"op_code":5,"worker_id":"b4a8a5ac-ec65-4798-9eff-952c8eca2428-140377564591936","trial_id":11,"param_name":"dropout","param_value_internal":0.09221269902199117,"distribution":"{\"name\": \"FloatDistribution\", \"attributes\": {\"step\": null, \"low\": 0.0, \"high\": 0.5, \"log\": false}}"}
{"op_code":5,"worker_id":"b4a8a5ac-ec65-4798-9eff-952c8eca2428-140377564591936","trial_id":11,"param_name":"layers","param_value_internal":0,"distribution":"{\"name\": \"CategoricalDistribution\", \"attributes\": {\"choices\": [1, 2, 3]}}"}
{"op_code":5,"worker_id":"b4a8a5ac-ec65-4798-9eff-952c8eca2428-140377564591936","trial_id":11,"param_name":"nodes","param_value_internal":2,"distribution":"{\"name\": \"CategoricalDistribution\", \"attributes\": {\"choices\": [16, 32, 64]}}"}
{"op_code":5,"worker_id":"b4a8a5ac-ec65-4798-9eff-952c8eca2428-140377564591936","trial_id":11,"param_name":"epochs","param_value_internal":80.0,"distribution":"{\"name\": \"IntDistribution\", \"attributes\": {\"log\": false, \"step\": 10, \"low\": 10, \"high\": 100}}"}
{"op_code":6,"worker_id":"b4a8a5ac-ec65-4798-9eff-952c8eca2428-140377564591936","trial_id":11,"state":1,"values":[0.805746384220313],"datetime_complete":"2026-04-11T20:20:16.967131"}
{"op_code":4,"worker_id":"b4a8a5ac-ec65-4798-9eff-952c8eca2428-140377564591936","study_id":0,"datetime_start":"2026-04-11T20:20:16.987303"}
{"op_code":5,"worker_id":"b4a8a5ac-ec65-4798-9eff-952c8eca2428-140377564591936","trial_id":12,"param_name":"lr","param_value_internal":0.0010299230313452906,"distribution":"{\"name\": \"FloatDistribution\", \"attributes\": {\"step\": null, \"low\": 0.0001, \"high\": 0.05, \"log\": true}}"}
{"op_code":5,"worker_id":"b4a8a5ac-ec65-4798-9eff-952c8eca2428-140377564591936","trial_id":12,"param_name":"dropout","param_value_internal":0.1536033075495626,"distribution":"{\"name\": \"FloatDistribution\", \"attributes\": {\"step\": null, \"low\": 0.0, \"high\": 0.5, \"log\": false}}"}
{"op_code":5,"worker_id":"b4a8a5ac-ec65-4798-9eff-952c8eca2428-140377564591936","trial_id":12,"param_name":"layers","param_value_internal":0,"distribution":"{\"name\": \"CategoricalDistribution\", \"attributes\": {\"choices\": [1, 2, 3]}}"}
{"op_code":5,"worker_id":"b4a8a5ac-ec65-4798-9eff-952c8eca2428-140377564591936","trial_id":12,"param_name":"nodes","param_value_internal":2,"distribution":"{\"name\": \"CategoricalDistribution\", \"attributes\": {\"choices\": [16, 32, 64]}}"}
{"op_code":5,"worker_id":"b4a8a5ac-ec65-4798-9eff-952c8eca2428-140377564591936","trial_id":12,"param_name":"epochs","param_value_internal":80.0,"distribution":"{\"name\": \"IntDistribution\", \"attributes\": {\"log\": false, \"step\": 10, \"low\": 10, \"high\": 100}}"}
{"op_code":6,"worker_id":"b4a8a5ac-ec65-4798-9eff-952c8eca2428-140377564591936","trial_id":12,"state":1,"values":[0.8068495034468739],"datetime_complete":"2026-04-11T20:20:19.611732"}
{"op_code":4,"worker_id":"b4a8a5ac-ec65-4798-9eff-952c8eca2428-140377564591936","study_id":0,"datetime_start":"2026-04-11T20:20:19.632167"}
{"op_code":5,"worker_id":"b4a8a5ac-ec65-4798-9eff-952c8eca2428-140377564591936","trial_id":13,"param_name":"lr","param_value_internal":0.04038679000880925,"distribution":"{\"name\": \"FloatDistribution\", \"attributes\": {\"step\": null, \"low\": 0.0001, \"high\": 0.05, \"log\": true}}"}
{"op_code":5,"worker_id":"b4a8a5ac-ec65-4798-9eff-952c8eca2428-140377564591936","trial_id":13,"param_name":"dropout","param_value_internal":0.023830005889489303,"distribution":"{\"name\": \"FloatDistribution\", \"attributes\": {\"step\": null, \"low\": 0.0, \"high\": 0.5, \"log\": false}}"}
{"op_code":5,"worker_id":"b4a8a5ac-ec65-4798-9eff-952c8eca2428-140377564591936","trial_id":13,"param_name":"layers","param_value_internal":0,"distribution":"{\"name\": \"CategoricalDistribution\", \"attributes\": {\"choices\": [1, 2, 3]}}"}
{"op_code":5,"worker_id":"b4a8a5ac-ec65-4798-9eff-952c8eca2428-140377564591936","trial_id":13,"param_name":"nodes","param_value_internal":2,"distribution":"{\"name\": \"CategoricalDistribution\", \"attributes\": {\"choices\": [16, 32, 64]}}"}
{"op_code":5,"worker_id":"b4a8a5ac-ec65-4798-9eff-952c8eca2428-140377564591936","trial_id":13,"param_name":"epochs","param_value_internal":100.0,"distribution":"{\"name\": \"IntDistribution\", \"attributes\": {\"log\": false, \"step\": 10, \"low\": 10, \"high\": 100}}"}
{"op_code":6,"worker_id":"b4a8a5ac-ec65-4798-9eff-952c8eca2428-140377564591936","trial_id":13,"state":1,"values":[0.8043323587618757],"datetime_complete":"2026-04-11T20:20:20.898677"}
{"op_code":4,"worker_id":"b4a8a5ac-ec65-4798-9eff-952c8eca2428-140377564591936","study_id":0,"datetime_start":"2026-04-11T20:20:20.918371"}
{"op_code":5,"worker_id":"b4a8a5ac-ec65-4798-9eff-952c8eca2428-140377564591936","trial_id":14,"param_name":"lr","param_value_internal":0.0003154584926076368,"distribution":"{\"name\": \"FloatDistribution\", \"attributes\": {\"step\": null, \"low\": 0.0001, \"high\": 0.05, \"log\": true}}"}
{"op_code":5,"worker_id":"b4a8a5ac-ec65-4798-9eff-952c8eca2428-140377564591936","trial_id":14,"param_name":"dropout","param_value_internal":0.12416729483509736,"distribution":"{\"name\": \"FloatDistribution\", \"attributes\": {\"step\": null, \"low\": 0.0, \"high\": 0.5, \"log\": false}}"}
{"op_code":5,"worker_id":"b4a8a5ac-ec65-4798-9eff-952c8eca2428-140377564591936","trial_id":14,"param_name":"layers","param_value_internal":0,"distribution":"{\"name\": \"CategoricalDistribution\", \"attributes\": {\"choices\": [1, 2, 3]}}"}
{"op_code":5,"worker_id":"b4a8a5ac-ec65-4798-9eff-952c8eca2428-140377564591936","trial_id":14,"param_name":"nodes","param_value_internal":2,"distribution":"{\"name\": \"CategoricalDistribution\", \"attributes\": {\"choices\": [16, 32, 64]}}"}
{"op_code":5,"worker_id":"b4a8a5ac-ec65-4798-9eff-952c8eca2428-140377564591936","trial_id":14,"param_name":"epochs","param_value_internal":70.0,"distribution":"{\"name\": \"IntDistribution\", \"attributes\": {\"log\": false, \"step\": 10, \"low\": 10, \"high\": 100}}"}
{"op_code":6,"worker_id":"b4a8a5ac-ec65-4798-9eff-952c8eca2428-140377564591936","trial_id":14,"state":1,"values":[0.802469910853617],"datetime_complete":"2026-04-11T20:20:28.163358"}
{"op_code":4,"worker_id":"b4a8a5ac-ec65-4798-9eff-952c8eca2428-140377564591936","study_id":0,"datetime_start":"2026-04-11T20:20:28.187049"}
{"op_code":5,"worker_id":"b4a8a5ac-ec65-4798-9eff-952c8eca2428-140377564591936","trial_id":15,"param_name":"lr","param_value_internal":0.003377471517283059,"distribution":"{\"name\": \"FloatDistribution\", \"attributes\": {\"step\": null, \"low\": 0.0001, \"high\": 0.05, \"log\": true}}"}
{"op_code":5,"worker_id":"b4a8a5ac-ec65-4798-9eff-952c8eca2428-140377564591936","trial_id":15,"param_name":"dropout","param_value_internal":0.21405316295329285,"distribution":"{\"name\": \"FloatDistribution\", \"attributes\": {\"step\": null, \"low\": 0.0, \"high\": 0.5, \"log\": false}}"}
{"op_code":5,"worker_id":"b4a8a5ac-ec65-4798-9eff-952c8eca2428-140377564591936","trial_id":15,"param_name":"layers","param_value_internal":0,"distribution":"{\"name\": \"CategoricalDistribution\", \"attributes\": {\"choices\": [1, 2, 3]}}"}
{"op_code":5,"worker_id":"b4a8a5ac-ec65-4798-9eff-952c8eca2428-140377564591936","trial_id":15,"param_name":"nodes","param_value_internal":2,"distribution":"{\"name\": \"CategoricalDistribution\", \"attributes\": {\"choices\": [16, 32, 64]}}"}
{"op_code":5,"worker_id":"b4a8a5ac-ec65-4798-9eff-952c8eca2428-140377564591936","trial_id":15,"param_name":"epochs","param_value_internal":50.0,"distribution":"{\"name\": \"IntDistribution\", \"attributes\": {\"log\": false, \"step\": 10, \"low\": 10, \"high\": 100}}"}
{"op_code":6,"worker_id":"b4a8a5ac-ec65-4798-9eff-952c8eca2428-140377564591936","trial_id":15,"state":1,"values":[0.8046313070617568],"datetime_complete":"2026-04-11T20:20:30.485691"}
{"op_code":4,"worker_id":"b4a8a5ac-ec65-4798-9eff-952c8eca2428-140377564591936","study_id":0,"datetime_start":"2026-04-11T20:20:30.504775"}
{"op_code":5,"worker_id":"b4a8a5ac-ec65-4798-9eff-952c8eca2428-140377564591936","trial_id":16,"param_name":"lr","param_value_internal":0.002133156645512793,"distribution":"{\"name\": \"FloatDistribution\", \"attributes\": {\"step\": null, \"low\": 0.0001, \"high\": 0.05, \"log\": true}}"}
{"op_code":5,"worker_id":"b4a8a5ac-ec65-4798-9eff-952c8eca2428-140377564591936","trial_id":16,"param_name":"dropout","param_value_internal":0.08217794507605661,"distribution":"{\"name\": \"FloatDistribution\", \"attributes\": {\"step\": null, \"low\": 0.0, \"high\": 0.5, \"log\": false}}"}
{"op_code":5,"worker_id":"b4a8a5ac-ec65-4798-9eff-952c8eca2428-140377564591936","trial_id":16,"param_name":"layers","param_value_internal":0,"distribution":"{\"name\": \"CategoricalDistribution\", \"attributes\": {\"choices\": [1, 2, 3]}}"}
{"op_code":5,"worker_id":"b4a8a5ac-ec65-4798-9eff-952c8eca2428-140377564591936","trial_id":16,"param_name":"nodes","param_value_internal":2,"distribution":"{\"name\": \"CategoricalDistribution\", \"attributes\": {\"choices\": [16, 32, 64]}}"}
{"op_code":5,"worker_id":"b4a8a5ac-ec65-4798-9eff-952c8eca2428-140377564591936","trial_id":16,"param_name":"epochs","param_value_internal":90.0,"distribution":"{\"name\": \"IntDistribution\", \"attributes\": {\"log\": false, \"step\": 10, \"low\": 10, \"high\": 100}}"}
{"op_code":6,"worker_id":"b4a8a5ac-ec65-4798-9eff-952c8eca2428-140377564591936","trial_id":16,"state":1,"values":[0.8075340950536014],"datetime_complete":"2026-04-11T20:20:32.599142"}
{"op_code":4,"worker_id":"b4a8a5ac-ec65-4798-9eff-952c8eca2428-140377564591936","study_id":0,"datetime_start":"2026-04-11T20:20:32.621633"}
{"op_code":5,"worker_id":"b4a8a5ac-ec65-4798-9eff-952c8eca2428-140377564591936","trial_id":17,"param_name":"lr","param_value_internal":0.010488550149265178,"distribution":"{\"name\": \"FloatDistribution\", \"attributes\": {\"step\": null, \"low\": 0.0001, \"high\": 0.05, \"log\": true}}"}
{"op_code":5,"worker_id":"b4a8a5ac-ec65-4798-9eff-952c8eca2428-140377564591936","trial_id":17,"param_name":"dropout","param_value_internal":0.3878672890999189,"distribution":"{\"name\": \"FloatDistribution\", \"attributes\": {\"step\": null, \"low\": 0.0, \"high\": 0.5, \"log\": false}}"}
{"op_code":5,"worker_id":"b4a8a5ac-ec65-4798-9eff-952c8eca2428-140377564591936","trial_id":17,"param_name":"layers","param_value_internal":0,"distribution":"{\"name\": \"CategoricalDistribution\", \"attributes\": {\"choices\": [1, 2, 3]}}"}
{"op_code":5,"worker_id":"b4a8a5ac-ec65-4798-9eff-952c8eca2428-140377564591936","trial_id":17,"param_name":"nodes","param_value_internal":0,"distribution":"{\"name\": \"CategoricalDistribution\", \"attributes\": {\"choices\": [16, 32, 64]}}"}
{"op_code":5,"worker_id":"b4a8a5ac-ec65-4798-9eff-952c8eca2428-140377564591936","trial_id":17,"param_name":"epochs","param_value_internal":70.0,"distribution":"{\"name\": \"IntDistribution\", \"attributes\": {\"log\": false, \"step\": 10, \"low\": 10, \"high\": 100}}"}
{"op_code":6,"worker_id":"b4a8a5ac-ec65-4798-9eff-952c8eca2428-140377564591936","trial_id":17,"state":1,"values":[0.8064339653100393],"datetime_complete":"2026-04-11T20:20:36.185532"}
{"op_code":4,"worker_id":"b4a8a5ac-ec65-4798-9eff-952c8eca2428-140377564591936","study_id":0,"datetime_start":"2026-04-11T20:20:36.205827"}
{"op_code":5,"worker_id":"b4a8a5ac-ec65-4798-9eff-952c8eca2428-140377564591936","trial_id":18,"param_name":"lr","param_value_internal":0.0010135584816136065,"distribution":"{\"name\": \"FloatDistribution\", \"attributes\": {\"step\": null, \"low\": 0.0001, \"high\": 0.05, \"log\": true}}"}
{"op_code":5,"worker_id":"b4a8a5ac-ec65-4798-9eff-952c8eca2428-140377564591936","trial_id":18,"param_name":"dropout","param_value_internal":0.213532984325216,"distribution":"{\"name\": \"FloatDistribution\", \"attributes\": {\"step\": null, \"low\": 0.0, \"high\": 0.5, \"log\": false}}"}
{"op_code":5,"worker_id":"b4a8a5ac-ec65-4798-9eff-952c8eca2428-140377564591936","trial_id":18,"param_name":"layers","param_value_internal":2,"distribution":"{\"name\": \"CategoricalDistribution\", \"attributes\": {\"choices\": [1, 2, 3]}}"}
{"op_code":5,"worker_id":"b4a8a5ac-ec65-4798-9eff-952c8eca2428-140377564591936","trial_id":18,"param_name":"nodes","param_value_internal":2,"distribution":"{\"name\": \"CategoricalDistribution\", \"attributes\": {\"choices\": [16, 32, 64]}}"}
{"op_code":5,"worker_id":"b4a8a5ac-ec65-4798-9eff-952c8eca2428-140377564591936","trial_id":18,"param_name":"epochs","param_value_internal":50.0,"distribution":"{\"name\": \"IntDistribution\", \"attributes\": {\"log\": false, \"step\": 10, \"low\": 10, \"high\": 100}}"}
{"op_code":6,"worker_id":"b4a8a5ac-ec65-4798-9eff-952c8eca2428-140377564591936","trial_id":18,"state":1,"values":[0.8050109714026056],"datetime_complete":"2026-04-11T20:20:42.057378"}
{"op_code":4,"worker_id":"b4a8a5ac-ec65-4798-9eff-952c8eca2428-140377564591936","study_id":0,"datetime_start":"2026-04-11T20:20:42.082819"}
{"op_code":5,"worker_id":"b4a8a5ac-ec65-4798-9eff-952c8eca2428-140377564591936","trial_id":19,"param_name":"lr","param_value_internal":0.00019382155879631304,"distribution":"{\"name\": \"FloatDistribution\", \"attributes\": {\"step\": null, \"low\": 0.0001, \"high\": 0.05, \"log\": true}}"}
{"op_code":5,"worker_id":"b4a8a5ac-ec65-4798-9eff-952c8eca2428-140377564591936","trial_id":19,"param_name":"dropout","param_value_internal":0.05866324023728547,"distribution":"{\"name\": \"FloatDistribution\", \"attributes\": {\"step\": null, \"low\": 0.0, \"high\": 0.5, \"log\": false}}"}
{"op_code":5,"worker_id":"b4a8a5ac-ec65-4798-9eff-952c8eca2428-140377564591936","trial_id":19,"param_name":"layers","param_value_internal":1,"distribution":"{\"name\": \"CategoricalDistribution\", \"attributes\": {\"choices\": [1, 2, 3]}}"}
{"op_code":5,"worker_id":"b4a8a5ac-ec65-4798-9eff-952c8eca2428-140377564591936","trial_id":19,"param_name":"nodes","param_value_internal":2,"distribution":"{\"name\": \"CategoricalDistribution\", \"attributes\": {\"choices\": [16, 32, 64]}}"}
{"op_code":5,"worker_id":"b4a8a5ac-ec65-4798-9eff-952c8eca2428-140377564591936","trial_id":19,"param_name":"epochs","param_value_internal":70.0,"distribution":"{\"name\": \"IntDistribution\", \"attributes\": {\"log\": false, \"step\": 10, \"low\": 10, \"high\": 100}}"}
{"op_code":6,"worker_id":"b4a8a5ac-ec65-4798-9eff-952c8eca2428-140377564591936","trial_id":19,"state":1,"values":[0.7943564539948461],"datetime_complete":"2026-04-11T20:20:47.637092"}
