{"op_code":0,"worker_id":"34e06e58-01a9-4205-9ae5-f6dd1076fc5c-139699157092160","study_name":"mtlr_tuning","directions":[2]}
{"op_code":4,"worker_id":"34e06e58-01a9-4205-9ae5-f6dd1076fc5c-139699157092160","study_id":0,"datetime_start":"2026-03-27T07:01:29.159591"}
{"op_code":5,"worker_id":"34e06e58-01a9-4205-9ae5-f6dd1076fc5c-139699157092160","trial_id":0,"param_name":"lr","param_value_internal":0.014724339633578677,"distribution":"{\"name\": \"FloatDistribution\", \"attributes\": {\"step\": null, \"low\": 0.0001, \"high\": 0.1, \"log\": true}}"}
{"op_code":5,"worker_id":"34e06e58-01a9-4205-9ae5-f6dd1076fc5c-139699157092160","trial_id":0,"param_name":"dropout","param_value_internal":0.33695933669139205,"distribution":"{\"name\": \"FloatDistribution\", \"attributes\": {\"step\": null, \"low\": 0.0, \"high\": 0.5, \"log\": false}}"}
{"op_code":5,"worker_id":"34e06e58-01a9-4205-9ae5-f6dd1076fc5c-139699157092160","trial_id":0,"param_name":"layers","param_value_internal":1.0,"distribution":"{\"name\": \"IntDistribution\", \"attributes\": {\"log\": false, \"step\": 1, \"low\": 1, \"high\": 3}}"}
{"op_code":5,"worker_id":"34e06e58-01a9-4205-9ae5-f6dd1076fc5c-139699157092160","trial_id":0,"param_name":"nodes","param_value_internal":0,"distribution":"{\"name\": \"CategoricalDistribution\", \"attributes\": {\"choices\": [32, 64, 128]}}"}
{"op_code":6,"worker_id":"34e06e58-01a9-4205-9ae5-f6dd1076fc5c-139699157092160","trial_id":0,"state":1,"values":[0.7235443207387766],"datetime_complete":"2026-03-27T07:01:30.733487"}
{"op_code":4,"worker_id":"34e06e58-01a9-4205-9ae5-f6dd1076fc5c-139699157092160","study_id":0,"datetime_start":"2026-03-27T07:01:30.755209"}
{"op_code":5,"worker_id":"34e06e58-01a9-4205-9ae5-f6dd1076fc5c-139699157092160","trial_id":1,"param_name":"lr","param_value_internal":0.024781816294572535,"distribution":"{\"name\": \"FloatDistribution\", \"attributes\": {\"step\": null, \"low\": 0.0001, \"high\": 0.1, \"log\": true}}"}
{"op_code":5,"worker_id":"34e06e58-01a9-4205-9ae5-f6dd1076fc5c-139699157092160","trial_id":1,"param_name":"dropout","param_value_internal":0.17238727900020362,"distribution":"{\"name\": \"FloatDistribution\", \"attributes\": {\"step\": null, \"low\": 0.0, \"high\": 0.5, \"log\": false}}"}
{"op_code":5,"worker_id":"34e06e58-01a9-4205-9ae5-f6dd1076fc5c-139699157092160","trial_id":1,"param_name":"layers","param_value_internal":2.0,"distribution":"{\"name\": \"IntDistribution\", \"attributes\": {\"log\": false, \"step\": 1, \"low\": 1, \"high\": 3}}"}
{"op_code":5,"worker_id":"34e06e58-01a9-4205-9ae5-f6dd1076fc5c-139699157092160","trial_id":1,"param_name":"nodes","param_value_internal":0,"distribution":"{\"name\": \"CategoricalDistribution\", \"attributes\": {\"choices\": [32, 64, 128]}}"}
{"op_code":6,"worker_id":"34e06e58-01a9-4205-9ae5-f6dd1076fc5c-139699157092160","trial_id":1,"state":1,"values":[0.7382063700518895],"datetime_complete":"2026-03-27T07:01:32.572744"}
{"op_code":4,"worker_id":"34e06e58-01a9-4205-9ae5-f6dd1076fc5c-139699157092160","study_id":0,"datetime_start":"2026-03-27T07:01:32.594537"}
{"op_code":5,"worker_id":"34e06e58-01a9-4205-9ae5-f6dd1076fc5c-139699157092160","trial_id":2,"param_name":"lr","param_value_internal":0.0016305749808278986,"distribution":"{\"name\": \"FloatDistribution\", \"attributes\": {\"step\": null, \"low\": 0.0001, \"high\": 0.1, \"log\": true}}"}
{"op_code":5,"worker_id":"34e06e58-01a9-4205-9ae5-f6dd1076fc5c-139699157092160","trial_id":2,"param_name":"dropout","param_value_internal":0.2910697915578941,"distribution":"{\"name\": \"FloatDistribution\", \"attributes\": {\"step\": null, \"low\": 0.0, \"high\": 0.5, \"log\": false}}"}
{"op_code":5,"worker_id":"34e06e58-01a9-4205-9ae5-f6dd1076fc5c-139699157092160","trial_id":2,"param_name":"layers","param_value_internal":3.0,"distribution":"{\"name\": \"IntDistribution\", \"attributes\": {\"log\": false, \"step\": 1, \"low\": 1, \"high\": 3}}"}
{"op_code":5,"worker_id":"34e06e58-01a9-4205-9ae5-f6dd1076fc5c-139699157092160","trial_id":2,"param_name":"nodes","param_value_internal":1,"distribution":"{\"name\": \"CategoricalDistribution\", \"attributes\": {\"choices\": [32, 64, 128]}}"}
{"op_code":6,"worker_id":"34e06e58-01a9-4205-9ae5-f6dd1076fc5c-139699157092160","trial_id":2,"state":1,"values":[0.6192495685172328],"datetime_complete":"2026-03-27T07:01:34.695359"}
{"op_code":4,"worker_id":"34e06e58-01a9-4205-9ae5-f6dd1076fc5c-139699157092160","study_id":0,"datetime_start":"2026-03-27T07:01:34.711249"}
{"op_code":5,"worker_id":"34e06e58-01a9-4205-9ae5-f6dd1076fc5c-139699157092160","trial_id":3,"param_name":"lr","param_value_internal":0.052158771128738124,"distribution":"{\"name\": \"FloatDistribution\", \"attributes\": {\"step\": null, \"low\": 0.0001, \"high\": 0.1, \"log\": true}}"}
{"op_code":5,"worker_id":"34e06e58-01a9-4205-9ae5-f6dd1076fc5c-139699157092160","trial_id":3,"param_name":"dropout","param_value_internal":0.12720376411511197,"distribution":"{\"name\": \"FloatDistribution\", \"attributes\": {\"step\": null, \"low\": 0.0, \"high\": 0.5, \"log\": false}}"}
{"op_code":5,"worker_id":"34e06e58-01a9-4205-9ae5-f6dd1076fc5c-139699157092160","trial_id":3,"param_name":"layers","param_value_internal":2.0,"distribution":"{\"name\": \"IntDistribution\", \"attributes\": {\"log\": false, \"step\": 1, \"low\": 1, \"high\": 3}}"}
{"op_code":5,"worker_id":"34e06e58-01a9-4205-9ae5-f6dd1076fc5c-139699157092160","trial_id":3,"param_name":"nodes","param_value_internal":0,"distribution":"{\"name\": \"CategoricalDistribution\", \"attributes\": {\"choices\": [32, 64, 128]}}"}
{"op_code":6,"worker_id":"34e06e58-01a9-4205-9ae5-f6dd1076fc5c-139699157092160","trial_id":3,"state":1,"values":[0.7349789626011092],"datetime_complete":"2026-03-27T07:01:36.504390"}
{"op_code":4,"worker_id":"34e06e58-01a9-4205-9ae5-f6dd1076fc5c-139699157092160","study_id":0,"datetime_start":"2026-03-27T07:01:39.033672"}
{"op_code":5,"worker_id":"34e06e58-01a9-4205-9ae5-f6dd1076fc5c-139699157092160","trial_id":4,"param_name":"lr","param_value_internal":0.026932284931974203,"distribution":"{\"name\": \"FloatDistribution\", \"attributes\": {\"step\": null, \"low\": 0.0001, \"high\": 0.1, \"log\": true}}"}
{"op_code":5,"worker_id":"34e06e58-01a9-4205-9ae5-f6dd1076fc5c-139699157092160","trial_id":4,"param_name":"dropout","param_value_internal":0.35695301556380943,"distribution":"{\"name\": \"FloatDistribution\", \"attributes\": {\"step\": null, \"low\": 0.0, \"high\": 0.5, \"log\": false}}"}
{"op_code":5,"worker_id":"34e06e58-01a9-4205-9ae5-f6dd1076fc5c-139699157092160","trial_id":4,"param_name":"layers","param_value_internal":3.0,"distribution":"{\"name\": \"IntDistribution\", \"attributes\": {\"log\": false, \"step\": 1, \"low\": 1, \"high\": 3}}"}
{"op_code":5,"worker_id":"34e06e58-01a9-4205-9ae5-f6dd1076fc5c-139699157092160","trial_id":4,"param_name":"nodes","param_value_internal":0,"distribution":"{\"name\": \"CategoricalDistribution\", \"attributes\": {\"choices\": [32, 64, 128]}}"}
{"op_code":6,"worker_id":"34e06e58-01a9-4205-9ae5-f6dd1076fc5c-139699157092160","trial_id":4,"state":1,"values":[0.7761475768652742],"datetime_complete":"2026-03-27T07:01:41.067051"}
{"op_code":4,"worker_id":"34e06e58-01a9-4205-9ae5-f6dd1076fc5c-139699157092160","study_id":0,"datetime_start":"2026-03-27T07:01:41.088855"}
{"op_code":5,"worker_id":"34e06e58-01a9-4205-9ae5-f6dd1076fc5c-139699157092160","trial_id":5,"param_name":"lr","param_value_internal":0.004361207866952206,"distribution":"{\"name\": \"FloatDistribution\", \"attributes\": {\"step\": null, \"low\": 0.0001, \"high\": 0.1, \"log\": true}}"}
{"op_code":5,"worker_id":"34e06e58-01a9-4205-9ae5-f6dd1076fc5c-139699157092160","trial_id":5,"param_name":"dropout","param_value_internal":0.037690275826628594,"distribution":"{\"name\": \"FloatDistribution\", \"attributes\": {\"step\": null, \"low\": 0.0, \"high\": 0.5, \"log\": false}}"}
{"op_code":5,"worker_id":"34e06e58-01a9-4205-9ae5-f6dd1076fc5c-139699157092160","trial_id":5,"param_name":"layers","param_value_internal":2.0,"distribution":"{\"name\": \"IntDistribution\", \"attributes\": {\"log\": false, \"step\": 1, \"low\": 1, \"high\": 3}}"}
{"op_code":5,"worker_id":"34e06e58-01a9-4205-9ae5-f6dd1076fc5c-139699157092160","trial_id":5,"param_name":"nodes","param_value_internal":2,"distribution":"{\"name\": \"CategoricalDistribution\", \"attributes\": {\"choices\": [32, 64, 128]}}"}
{"op_code":6,"worker_id":"34e06e58-01a9-4205-9ae5-f6dd1076fc5c-139699157092160","trial_id":5,"state":1,"values":[0.6817023424146863],"datetime_complete":"2026-03-27T07:01:42.899351"}
{"op_code":4,"worker_id":"34e06e58-01a9-4205-9ae5-f6dd1076fc5c-139699157092160","study_id":0,"datetime_start":"2026-03-27T07:01:42.917658"}
{"op_code":5,"worker_id":"34e06e58-01a9-4205-9ae5-f6dd1076fc5c-139699157092160","trial_id":6,"param_name":"lr","param_value_internal":0.002594716233048292,"distribution":"{\"name\": \"FloatDistribution\", \"attributes\": {\"step\": null, \"low\": 0.0001, \"high\": 0.1, \"log\": true}}"}
{"op_code":5,"worker_id":"34e06e58-01a9-4205-9ae5-f6dd1076fc5c-139699157092160","trial_id":6,"param_name":"dropout","param_value_internal":0.20784087103645804,"distribution":"{\"name\": \"FloatDistribution\", \"attributes\": {\"step\": null, \"low\": 0.0, \"high\": 0.5, \"log\": false}}"}
{"op_code":5,"worker_id":"34e06e58-01a9-4205-9ae5-f6dd1076fc5c-139699157092160","trial_id":6,"param_name":"layers","param_value_internal":2.0,"distribution":"{\"name\": \"IntDistribution\", \"attributes\": {\"log\": false, \"step\": 1, \"low\": 1, \"high\": 3}}"}
{"op_code":5,"worker_id":"34e06e58-01a9-4205-9ae5-f6dd1076fc5c-139699157092160","trial_id":6,"param_name":"nodes","param_value_internal":2,"distribution":"{\"name\": \"CategoricalDistribution\", \"attributes\": {\"choices\": [32, 64, 128]}}"}
{"op_code":6,"worker_id":"34e06e58-01a9-4205-9ae5-f6dd1076fc5c-139699157092160","trial_id":6,"state":1,"values":[0.644027414142597],"datetime_complete":"2026-03-27T07:01:44.713770"}
{"op_code":4,"worker_id":"34e06e58-01a9-4205-9ae5-f6dd1076fc5c-139699157092160","study_id":0,"datetime_start":"2026-03-27T07:01:44.730193"}
{"op_code":5,"worker_id":"34e06e58-01a9-4205-9ae5-f6dd1076fc5c-139699157092160","trial_id":7,"param_name":"lr","param_value_internal":0.000994782222136583,"distribution":"{\"name\": \"FloatDistribution\", \"attributes\": {\"step\": null, \"low\": 0.0001, \"high\": 0.1, \"log\": true}}"}
{"op_code":5,"worker_id":"34e06e58-01a9-4205-9ae5-f6dd1076fc5c-139699157092160","trial_id":7,"param_name":"dropout","param_value_internal":0.15203994044940938,"distribution":"{\"name\": \"FloatDistribution\", \"attributes\": {\"step\": null, \"low\": 0.0, \"high\": 0.5, \"log\": false}}"}
{"op_code":5,"worker_id":"34e06e58-01a9-4205-9ae5-f6dd1076fc5c-139699157092160","trial_id":7,"param_name":"layers","param_value_internal":2.0,"distribution":"{\"name\": \"IntDistribution\", \"attributes\": {\"log\": false, \"step\": 1, \"low\": 1, \"high\": 3}}"}
{"op_code":5,"worker_id":"34e06e58-01a9-4205-9ae5-f6dd1076fc5c-139699157092160","trial_id":7,"param_name":"nodes","param_value_internal":1,"distribution":"{\"name\": \"CategoricalDistribution\", \"attributes\": {\"choices\": [32, 64, 128]}}"}
{"op_code":6,"worker_id":"34e06e58-01a9-4205-9ae5-f6dd1076fc5c-139699157092160","trial_id":7,"state":1,"values":[0.6478152612457374],"datetime_complete":"2026-03-27T07:01:46.517565"}
{"op_code":4,"worker_id":"34e06e58-01a9-4205-9ae5-f6dd1076fc5c-139699157092160","study_id":0,"datetime_start":"2026-03-27T07:01:46.536224"}
{"op_code":5,"worker_id":"34e06e58-01a9-4205-9ae5-f6dd1076fc5c-139699157092160","trial_id":8,"param_name":"lr","param_value_internal":0.0002811468740291052,"distribution":"{\"name\": \"FloatDistribution\", \"attributes\": {\"step\": null, \"low\": 0.0001, \"high\": 0.1, \"log\": true}}"}
{"op_code":5,"worker_id":"34e06e58-01a9-4205-9ae5-f6dd1076fc5c-139699157092160","trial_id":8,"param_name":"dropout","param_value_internal":0.23399898519640672,"distribution":"{\"name\": \"FloatDistribution\", \"attributes\": {\"step\": null, \"low\": 0.0, \"high\": 0.5, \"log\": false}}"}
{"op_code":5,"worker_id":"34e06e58-01a9-4205-9ae5-f6dd1076fc5c-139699157092160","trial_id":8,"param_name":"layers","param_value_internal":3.0,"distribution":"{\"name\": \"IntDistribution\", \"attributes\": {\"log\": false, \"step\": 1, \"low\": 1, \"high\": 3}}"}
{"op_code":5,"worker_id":"34e06e58-01a9-4205-9ae5-f6dd1076fc5c-139699157092160","trial_id":8,"param_name":"nodes","param_value_internal":2,"distribution":"{\"name\": \"CategoricalDistribution\", \"attributes\": {\"choices\": [32, 64, 128]}}"}
{"op_code":6,"worker_id":"34e06e58-01a9-4205-9ae5-f6dd1076fc5c-139699157092160","trial_id":8,"state":1,"values":[0.7156507652371273],"datetime_complete":"2026-03-27T07:01:48.546757"}
{"op_code":4,"worker_id":"34e06e58-01a9-4205-9ae5-f6dd1076fc5c-139699157092160","study_id":0,"datetime_start":"2026-03-27T07:01:48.568999"}
{"op_code":5,"worker_id":"34e06e58-01a9-4205-9ae5-f6dd1076fc5c-139699157092160","trial_id":9,"param_name":"lr","param_value_internal":0.003031293782882271,"distribution":"{\"name\": \"FloatDistribution\", \"attributes\": {\"step\": null, \"low\": 0.0001, \"high\": 0.1, \"log\": true}}"}
{"op_code":5,"worker_id":"34e06e58-01a9-4205-9ae5-f6dd1076fc5c-139699157092160","trial_id":9,"param_name":"dropout","param_value_internal":0.38851909422117015,"distribution":"{\"name\": \"FloatDistribution\", \"attributes\": {\"step\": null, \"low\": 0.0, \"high\": 0.5, \"log\": false}}"}
{"op_code":5,"worker_id":"34e06e58-01a9-4205-9ae5-f6dd1076fc5c-139699157092160","trial_id":9,"param_name":"layers","param_value_internal":1.0,"distribution":"{\"name\": \"IntDistribution\", \"attributes\": {\"log\": false, \"step\": 1, \"low\": 1, \"high\": 3}}"}
{"op_code":5,"worker_id":"34e06e58-01a9-4205-9ae5-f6dd1076fc5c-139699157092160","trial_id":9,"param_name":"nodes","param_value_internal":2,"distribution":"{\"name\": \"CategoricalDistribution\", \"attributes\": {\"choices\": [32, 64, 128]}}"}
{"op_code":6,"worker_id":"34e06e58-01a9-4205-9ae5-f6dd1076fc5c-139699157092160","trial_id":9,"state":1,"values":[0.689597292044824],"datetime_complete":"2026-03-27T07:01:50.150552"}
{"op_code":4,"worker_id":"34e06e58-01a9-4205-9ae5-f6dd1076fc5c-139699157092160","study_id":0,"datetime_start":"2026-03-27T07:01:50.165294"}
{"op_code":5,"worker_id":"34e06e58-01a9-4205-9ae5-f6dd1076fc5c-139699157092160","trial_id":10,"param_name":"lr","param_value_internal":0.01242180302751933,"distribution":"{\"name\": \"FloatDistribution\", \"attributes\": {\"step\": null, \"low\": 0.0001, \"high\": 0.1, \"log\": true}}"}
{"op_code":5,"worker_id":"34e06e58-01a9-4205-9ae5-f6dd1076fc5c-139699157092160","trial_id":10,"param_name":"dropout","param_value_internal":0.49196509978921493,"distribution":"{\"name\": \"FloatDistribution\", \"attributes\": {\"step\": null, \"low\": 0.0, \"high\": 0.5, \"log\": false}}"}
{"op_code":5,"worker_id":"34e06e58-01a9-4205-9ae5-f6dd1076fc5c-139699157092160","trial_id":10,"param_name":"layers","param_value_internal":3.0,"distribution":"{\"name\": \"IntDistribution\", \"attributes\": {\"log\": false, \"step\": 1, \"low\": 1, \"high\": 3}}"}
{"op_code":5,"worker_id":"34e06e58-01a9-4205-9ae5-f6dd1076fc5c-139699157092160","trial_id":10,"param_name":"nodes","param_value_internal":0,"distribution":"{\"name\": \"CategoricalDistribution\", \"attributes\": {\"choices\": [32, 64, 128]}}"}
{"op_code":6,"worker_id":"34e06e58-01a9-4205-9ae5-f6dd1076fc5c-139699157092160","trial_id":10,"state":1,"values":[0.7452996958011638],"datetime_complete":"2026-03-27T07:01:52.169503"}
{"op_code":4,"worker_id":"34e06e58-01a9-4205-9ae5-f6dd1076fc5c-139699157092160","study_id":0,"datetime_start":"2026-03-27T07:01:52.187797"}
{"op_code":5,"worker_id":"34e06e58-01a9-4205-9ae5-f6dd1076fc5c-139699157092160","trial_id":11,"param_name":"lr","param_value_internal":0.009984159347190878,"distribution":"{\"name\": \"FloatDistribution\", \"attributes\": {\"step\": null, \"low\": 0.0001, \"high\": 0.1, \"log\": true}}"}
{"op_code":5,"worker_id":"34e06e58-01a9-4205-9ae5-f6dd1076fc5c-139699157092160","trial_id":11,"param_name":"dropout","param_value_internal":0.4911339158923563,"distribution":"{\"name\": \"FloatDistribution\", \"attributes\": {\"step\": null, \"low\": 0.0, \"high\": 0.5, \"log\": false}}"}
{"op_code":5,"worker_id":"34e06e58-01a9-4205-9ae5-f6dd1076fc5c-139699157092160","trial_id":11,"param_name":"layers","param_value_internal":3.0,"distribution":"{\"name\": \"IntDistribution\", \"attributes\": {\"log\": false, \"step\": 1, \"low\": 1, \"high\": 3}}"}
{"op_code":5,"worker_id":"34e06e58-01a9-4205-9ae5-f6dd1076fc5c-139699157092160","trial_id":11,"param_name":"nodes","param_value_internal":0,"distribution":"{\"name\": \"CategoricalDistribution\", \"attributes\": {\"choices\": [32, 64, 128]}}"}
{"op_code":6,"worker_id":"34e06e58-01a9-4205-9ae5-f6dd1076fc5c-139699157092160","trial_id":11,"state":1,"values":[0.7613252027759887],"datetime_complete":"2026-03-27T07:01:54.220554"}
{"op_code":4,"worker_id":"34e06e58-01a9-4205-9ae5-f6dd1076fc5c-139699157092160","study_id":0,"datetime_start":"2026-03-27T07:01:54.238514"}
{"op_code":5,"worker_id":"34e06e58-01a9-4205-9ae5-f6dd1076fc5c-139699157092160","trial_id":12,"param_name":"lr","param_value_internal":0.06615967961680654,"distribution":"{\"name\": \"FloatDistribution\", \"attributes\": {\"step\": null, \"low\": 0.0001, \"high\": 0.1, \"log\": true}}"}
{"op_code":5,"worker_id":"34e06e58-01a9-4205-9ae5-f6dd1076fc5c-139699157092160","trial_id":12,"param_name":"dropout","param_value_internal":0.4842597356299841,"distribution":"{\"name\": \"FloatDistribution\", \"attributes\": {\"step\": null, \"low\": 0.0, \"high\": 0.5, \"log\": false}}"}
{"op_code":5,"worker_id":"34e06e58-01a9-4205-9ae5-f6dd1076fc5c-139699157092160","trial_id":12,"param_name":"layers","param_value_internal":3.0,"distribution":"{\"name\": \"IntDistribution\", \"attributes\": {\"log\": false, \"step\": 1, \"low\": 1, \"high\": 3}}"}
{"op_code":5,"worker_id":"34e06e58-01a9-4205-9ae5-f6dd1076fc5c-139699157092160","trial_id":12,"param_name":"nodes","param_value_internal":0,"distribution":"{\"name\": \"CategoricalDistribution\", \"attributes\": {\"choices\": [32, 64, 128]}}"}
{"op_code":6,"worker_id":"34e06e58-01a9-4205-9ae5-f6dd1076fc5c-139699157092160","trial_id":12,"state":1,"values":[0.7849291922140712],"datetime_complete":"2026-03-27T07:01:56.266668"}
{"op_code":4,"worker_id":"34e06e58-01a9-4205-9ae5-f6dd1076fc5c-139699157092160","study_id":0,"datetime_start":"2026-03-27T07:01:56.291244"}
{"op_code":5,"worker_id":"34e06e58-01a9-4205-9ae5-f6dd1076fc5c-139699157092160","trial_id":13,"param_name":"lr","param_value_internal":0.05283979917321156,"distribution":"{\"name\": \"FloatDistribution\", \"attributes\": {\"step\": null, \"low\": 0.0001, \"high\": 0.1, \"log\": true}}"}
{"op_code":5,"worker_id":"34e06e58-01a9-4205-9ae5-f6dd1076fc5c-139699157092160","trial_id":13,"param_name":"dropout","param_value_internal":0.414040586159911,"distribution":"{\"name\": \"FloatDistribution\", \"attributes\": {\"step\": null, \"low\": 0.0, \"high\": 0.5, \"log\": false}}"}
{"op_code":5,"worker_id":"34e06e58-01a9-4205-9ae5-f6dd1076fc5c-139699157092160","trial_id":13,"param_name":"layers","param_value_internal":3.0,"distribution":"{\"name\": \"IntDistribution\", \"attributes\": {\"log\": false, \"step\": 1, \"low\": 1, \"high\": 3}}"}
{"op_code":5,"worker_id":"34e06e58-01a9-4205-9ae5-f6dd1076fc5c-139699157092160","trial_id":13,"param_name":"nodes","param_value_internal":0,"distribution":"{\"name\": \"CategoricalDistribution\", \"attributes\": {\"choices\": [32, 64, 128]}}"}
{"op_code":6,"worker_id":"34e06e58-01a9-4205-9ae5-f6dd1076fc5c-139699157092160","trial_id":13,"state":1,"values":[0.7898379186219319],"datetime_complete":"2026-03-27T07:01:58.316304"}
{"op_code":4,"worker_id":"34e06e58-01a9-4205-9ae5-f6dd1076fc5c-139699157092160","study_id":0,"datetime_start":"2026-03-27T07:01:58.343821"}
{"op_code":5,"worker_id":"34e06e58-01a9-4205-9ae5-f6dd1076fc5c-139699157092160","trial_id":14,"param_name":"lr","param_value_internal":0.09094083218535533,"distribution":"{\"name\": \"FloatDistribution\", \"attributes\": {\"step\": null, \"low\": 0.0001, \"high\": 0.1, \"log\": true}}"}
{"op_code":5,"worker_id":"34e06e58-01a9-4205-9ae5-f6dd1076fc5c-139699157092160","trial_id":14,"param_name":"dropout","param_value_internal":0.41394099060357464,"distribution":"{\"name\": \"FloatDistribution\", \"attributes\": {\"step\": null, \"low\": 0.0, \"high\": 0.5, \"log\": false}}"}
{"op_code":5,"worker_id":"34e06e58-01a9-4205-9ae5-f6dd1076fc5c-139699157092160","trial_id":14,"param_name":"layers","param_value_internal":3.0,"distribution":"{\"name\": \"IntDistribution\", \"attributes\": {\"log\": false, \"step\": 1, \"low\": 1, \"high\": 3}}"}
{"op_code":5,"worker_id":"34e06e58-01a9-4205-9ae5-f6dd1076fc5c-139699157092160","trial_id":14,"param_name":"nodes","param_value_internal":0,"distribution":"{\"name\": \"CategoricalDistribution\", \"attributes\": {\"choices\": [32, 64, 128]}}"}
{"op_code":6,"worker_id":"34e06e58-01a9-4205-9ae5-f6dd1076fc5c-139699157092160","trial_id":14,"state":1,"values":[0.6727910731164627],"datetime_complete":"2026-03-27T07:02:00.347366"}
{"op_code":4,"worker_id":"34e06e58-01a9-4205-9ae5-f6dd1076fc5c-139699157092160","study_id":0,"datetime_start":"2026-03-27T07:02:00.367411"}
{"op_code":5,"worker_id":"34e06e58-01a9-4205-9ae5-f6dd1076fc5c-139699157092160","trial_id":15,"param_name":"lr","param_value_internal":0.08987807904900018,"distribution":"{\"name\": \"FloatDistribution\", \"attributes\": {\"step\": null, \"low\": 0.0001, \"high\": 0.1, \"log\": true}}"}
{"op_code":5,"worker_id":"34e06e58-01a9-4205-9ae5-f6dd1076fc5c-139699157092160","trial_id":15,"param_name":"dropout","param_value_internal":0.41671964235142334,"distribution":"{\"name\": \"FloatDistribution\", \"attributes\": {\"step\": null, \"low\": 0.0, \"high\": 0.5, \"log\": false}}"}
{"op_code":5,"worker_id":"34e06e58-01a9-4205-9ae5-f6dd1076fc5c-139699157092160","trial_id":15,"param_name":"layers","param_value_internal":3.0,"distribution":"{\"name\": \"IntDistribution\", \"attributes\": {\"log\": false, \"step\": 1, \"low\": 1, \"high\": 3}}"}
{"op_code":5,"worker_id":"34e06e58-01a9-4205-9ae5-f6dd1076fc5c-139699157092160","trial_id":15,"param_name":"nodes","param_value_internal":0,"distribution":"{\"name\": \"CategoricalDistribution\", \"attributes\": {\"choices\": [32, 64, 128]}}"}
{"op_code":6,"worker_id":"34e06e58-01a9-4205-9ae5-f6dd1076fc5c-139699157092160","trial_id":15,"state":1,"values":[0.7885218613288275],"datetime_complete":"2026-03-27T07:02:02.382265"}
{"op_code":4,"worker_id":"34e06e58-01a9-4205-9ae5-f6dd1076fc5c-139699157092160","study_id":0,"datetime_start":"2026-03-27T07:02:02.403473"}
{"op_code":5,"worker_id":"34e06e58-01a9-4205-9ae5-f6dd1076fc5c-139699157092160","trial_id":16,"param_name":"lr","param_value_internal":0.0001634311003515076,"distribution":"{\"name\": \"FloatDistribution\", \"attributes\": {\"step\": null, \"low\": 0.0001, \"high\": 0.1, \"log\": true}}"}
{"op_code":5,"worker_id":"34e06e58-01a9-4205-9ae5-f6dd1076fc5c-139699157092160","trial_id":16,"param_name":"dropout","param_value_internal":0.4268581634728109,"distribution":"{\"name\": \"FloatDistribution\", \"attributes\": {\"step\": null, \"low\": 0.0, \"high\": 0.5, \"log\": false}}"}
{"op_code":5,"worker_id":"34e06e58-01a9-4205-9ae5-f6dd1076fc5c-139699157092160","trial_id":16,"param_name":"layers","param_value_internal":3.0,"distribution":"{\"name\": \"IntDistribution\", \"attributes\": {\"log\": false, \"step\": 1, \"low\": 1, \"high\": 3}}"}
{"op_code":5,"worker_id":"34e06e58-01a9-4205-9ae5-f6dd1076fc5c-139699157092160","trial_id":16,"param_name":"nodes","param_value_internal":1,"distribution":"{\"name\": \"CategoricalDistribution\", \"attributes\": {\"choices\": [32, 64, 128]}}"}
{"op_code":6,"worker_id":"34e06e58-01a9-4205-9ae5-f6dd1076fc5c-139699157092160","trial_id":16,"state":1,"values":[0.7253120756621413],"datetime_complete":"2026-03-27T07:02:04.419107"}
{"op_code":4,"worker_id":"34e06e58-01a9-4205-9ae5-f6dd1076fc5c-139699157092160","study_id":0,"datetime_start":"2026-03-27T07:02:04.439273"}
{"op_code":5,"worker_id":"34e06e58-01a9-4205-9ae5-f6dd1076fc5c-139699157092160","trial_id":17,"param_name":"lr","param_value_internal":0.03570255302086761,"distribution":"{\"name\": \"FloatDistribution\", \"attributes\": {\"step\": null, \"low\": 0.0001, \"high\": 0.1, \"log\": true}}"}
{"op_code":5,"worker_id":"34e06e58-01a9-4205-9ae5-f6dd1076fc5c-139699157092160","trial_id":17,"param_name":"dropout","param_value_internal":0.2974385484425573,"distribution":"{\"name\": \"FloatDistribution\", \"attributes\": {\"step\": null, \"low\": 0.0, \"high\": 0.5, \"log\": false}}"}
{"op_code":5,"worker_id":"34e06e58-01a9-4205-9ae5-f6dd1076fc5c-139699157092160","trial_id":17,"param_name":"layers","param_value_internal":2.0,"distribution":"{\"name\": \"IntDistribution\", \"attributes\": {\"log\": false, \"step\": 1, \"low\": 1, \"high\": 3}}"}
{"op_code":5,"worker_id":"34e06e58-01a9-4205-9ae5-f6dd1076fc5c-139699157092160","trial_id":17,"param_name":"nodes","param_value_internal":0,"distribution":"{\"name\": \"CategoricalDistribution\", \"attributes\": {\"choices\": [32, 64, 128]}}"}
{"op_code":6,"worker_id":"34e06e58-01a9-4205-9ae5-f6dd1076fc5c-139699157092160","trial_id":17,"state":1,"values":[0.7314866707375218],"datetime_complete":"2026-03-27T07:02:06.241943"}
{"op_code":4,"worker_id":"34e06e58-01a9-4205-9ae5-f6dd1076fc5c-139699157092160","study_id":0,"datetime_start":"2026-03-27T07:02:06.260850"}
{"op_code":5,"worker_id":"34e06e58-01a9-4205-9ae5-f6dd1076fc5c-139699157092160","trial_id":18,"param_name":"lr","param_value_internal":0.08879816412333957,"distribution":"{\"name\": \"FloatDistribution\", \"attributes\": {\"step\": null, \"low\": 0.0001, \"high\": 0.1, \"log\": true}}"}
{"op_code":5,"worker_id":"34e06e58-01a9-4205-9ae5-f6dd1076fc5c-139699157092160","trial_id":18,"param_name":"dropout","param_value_internal":0.4320900276863284,"distribution":"{\"name\": \"FloatDistribution\", \"attributes\": {\"step\": null, \"low\": 0.0, \"high\": 0.5, \"log\": false}}"}
{"op_code":5,"worker_id":"34e06e58-01a9-4205-9ae5-f6dd1076fc5c-139699157092160","trial_id":18,"param_name":"layers","param_value_internal":1.0,"distribution":"{\"name\": \"IntDistribution\", \"attributes\": {\"log\": false, \"step\": 1, \"low\": 1, \"high\": 3}}"}
{"op_code":5,"worker_id":"34e06e58-01a9-4205-9ae5-f6dd1076fc5c-139699157092160","trial_id":18,"param_name":"nodes","param_value_internal":0,"distribution":"{\"name\": \"CategoricalDistribution\", \"attributes\": {\"choices\": [32, 64, 128]}}"}
{"op_code":6,"worker_id":"34e06e58-01a9-4205-9ae5-f6dd1076fc5c-139699157092160","trial_id":18,"state":1,"values":[0.7809071315248699],"datetime_complete":"2026-03-27T07:02:07.829919"}
{"op_code":4,"worker_id":"34e06e58-01a9-4205-9ae5-f6dd1076fc5c-139699157092160","study_id":0,"datetime_start":"2026-03-27T07:02:07.856788"}
{"op_code":5,"worker_id":"34e06e58-01a9-4205-9ae5-f6dd1076fc5c-139699157092160","trial_id":19,"param_name":"lr","param_value_internal":0.007211072749756565,"distribution":"{\"name\": \"FloatDistribution\", \"attributes\": {\"step\": null, \"low\": 0.0001, \"high\": 0.1, \"log\": true}}"}
{"op_code":5,"worker_id":"34e06e58-01a9-4205-9ae5-f6dd1076fc5c-139699157092160","trial_id":19,"param_name":"dropout","param_value_internal":0.3210528639241929,"distribution":"{\"name\": \"FloatDistribution\", \"attributes\": {\"step\": null, \"low\": 0.0, \"high\": 0.5, \"log\": false}}"}
{"op_code":5,"worker_id":"34e06e58-01a9-4205-9ae5-f6dd1076fc5c-139699157092160","trial_id":19,"param_name":"layers","param_value_internal":3.0,"distribution":"{\"name\": \"IntDistribution\", \"attributes\": {\"log\": false, \"step\": 1, \"low\": 1, \"high\": 3}}"}
{"op_code":5,"worker_id":"34e06e58-01a9-4205-9ae5-f6dd1076fc5c-139699157092160","trial_id":19,"param_name":"nodes","param_value_internal":1,"distribution":"{\"name\": \"CategoricalDistribution\", \"attributes\": {\"choices\": [32, 64, 128]}}"}
{"op_code":6,"worker_id":"34e06e58-01a9-4205-9ae5-f6dd1076fc5c-139699157092160","trial_id":19,"state":1,"values":[0.7082786137901613],"datetime_complete":"2026-03-27T07:02:09.866537"}
