{"op_code":0,"worker_id":"912925ab-7eee-453d-b5cb-3dfc273c61c4-139952901822272","study_name":"deephit_single_tuning","directions":[2]}
{"op_code":4,"worker_id":"912925ab-7eee-453d-b5cb-3dfc273c61c4-139952901822272","study_id":0,"datetime_start":"2026-03-26T12:52:24.162365"}
{"op_code":5,"worker_id":"912925ab-7eee-453d-b5cb-3dfc273c61c4-139952901822272","trial_id":0,"param_name":"lr","param_value_internal":0.04680236472526309,"distribution":"{\"name\": \"FloatDistribution\", \"attributes\": {\"step\": null, \"low\": 0.0001, \"high\": 0.1, \"log\": true}}"}
{"op_code":5,"worker_id":"912925ab-7eee-453d-b5cb-3dfc273c61c4-139952901822272","trial_id":0,"param_name":"dropout","param_value_internal":0.31609348212386523,"distribution":"{\"name\": \"FloatDistribution\", \"attributes\": {\"step\": null, \"low\": 0.0, \"high\": 0.5, \"log\": false}}"}
{"op_code":5,"worker_id":"912925ab-7eee-453d-b5cb-3dfc273c61c4-139952901822272","trial_id":0,"param_name":"layers","param_value_internal":3.0,"distribution":"{\"name\": \"IntDistribution\", \"attributes\": {\"log\": false, \"step\": 1, \"low\": 1, \"high\": 3}}"}
{"op_code":5,"worker_id":"912925ab-7eee-453d-b5cb-3dfc273c61c4-139952901822272","trial_id":0,"param_name":"nodes","param_value_internal":1,"distribution":"{\"name\": \"CategoricalDistribution\", \"attributes\": {\"choices\": [32, 64, 128]}}"}
{"op_code":5,"worker_id":"912925ab-7eee-453d-b5cb-3dfc273c61c4-139952901822272","trial_id":0,"param_name":"alpha","param_value_internal":0.08703058797440333,"distribution":"{\"name\": \"FloatDistribution\", \"attributes\": {\"step\": null, \"low\": 0.0, \"high\": 0.5, \"log\": false}}"}
{"op_code":5,"worker_id":"912925ab-7eee-453d-b5cb-3dfc273c61c4-139952901822272","trial_id":0,"param_name":"sigma","param_value_internal":0.029610420214435103,"distribution":"{\"name\": \"FloatDistribution\", \"attributes\": {\"step\": null, \"low\": 0.01, \"high\": 1.0, \"log\": true}}"}
{"op_code":6,"worker_id":"912925ab-7eee-453d-b5cb-3dfc273c61c4-139952901822272","trial_id":0,"state":1,"values":[0.5059841827507046],"datetime_complete":"2026-03-26T12:52:26.711038"}
{"op_code":4,"worker_id":"912925ab-7eee-453d-b5cb-3dfc273c61c4-139952901822272","study_id":0,"datetime_start":"2026-03-26T12:52:26.728018"}
{"op_code":5,"worker_id":"912925ab-7eee-453d-b5cb-3dfc273c61c4-139952901822272","trial_id":1,"param_name":"lr","param_value_internal":0.00015304002504248497,"distribution":"{\"name\": \"FloatDistribution\", \"attributes\": {\"step\": null, \"low\": 0.0001, \"high\": 0.1, \"log\": true}}"}
{"op_code":5,"worker_id":"912925ab-7eee-453d-b5cb-3dfc273c61c4-139952901822272","trial_id":1,"param_name":"dropout","param_value_internal":0.08433342133928384,"distribution":"{\"name\": \"FloatDistribution\", \"attributes\": {\"step\": null, \"low\": 0.0, \"high\": 0.5, \"log\": false}}"}
{"op_code":5,"worker_id":"912925ab-7eee-453d-b5cb-3dfc273c61c4-139952901822272","trial_id":1,"param_name":"layers","param_value_internal":1.0,"distribution":"{\"name\": \"IntDistribution\", \"attributes\": {\"log\": false, \"step\": 1, \"low\": 1, \"high\": 3}}"}
{"op_code":5,"worker_id":"912925ab-7eee-453d-b5cb-3dfc273c61c4-139952901822272","trial_id":1,"param_name":"nodes","param_value_internal":1,"distribution":"{\"name\": \"CategoricalDistribution\", \"attributes\": {\"choices\": [32, 64, 128]}}"}
{"op_code":5,"worker_id":"912925ab-7eee-453d-b5cb-3dfc273c61c4-139952901822272","trial_id":1,"param_name":"alpha","param_value_internal":0.4014750981541748,"distribution":"{\"name\": \"FloatDistribution\", \"attributes\": {\"step\": null, \"low\": 0.0, \"high\": 0.5, \"log\": false}}"}
{"op_code":5,"worker_id":"912925ab-7eee-453d-b5cb-3dfc273c61c4-139952901822272","trial_id":1,"param_name":"sigma","param_value_internal":0.550294984257197,"distribution":"{\"name\": \"FloatDistribution\", \"attributes\": {\"step\": null, \"low\": 0.01, \"high\": 1.0, \"log\": true}}"}
{"op_code":6,"worker_id":"912925ab-7eee-453d-b5cb-3dfc273c61c4-139952901822272","trial_id":1,"state":1,"values":[0.7339073001089923],"datetime_complete":"2026-03-26T12:52:28.857863"}
{"op_code":4,"worker_id":"912925ab-7eee-453d-b5cb-3dfc273c61c4-139952901822272","study_id":0,"datetime_start":"2026-03-26T12:52:28.888740"}
{"op_code":5,"worker_id":"912925ab-7eee-453d-b5cb-3dfc273c61c4-139952901822272","trial_id":2,"param_name":"lr","param_value_internal":0.022108543659388673,"distribution":"{\"name\": \"FloatDistribution\", \"attributes\": {\"step\": null, \"low\": 0.0001, \"high\": 0.1, \"log\": true}}"}
{"op_code":5,"worker_id":"912925ab-7eee-453d-b5cb-3dfc273c61c4-139952901822272","trial_id":2,"param_name":"dropout","param_value_internal":0.4324931342977217,"distribution":"{\"name\": \"FloatDistribution\", \"attributes\": {\"step\": null, \"low\": 0.0, \"high\": 0.5, \"log\": false}}"}
{"op_code":5,"worker_id":"912925ab-7eee-453d-b5cb-3dfc273c61c4-139952901822272","trial_id":2,"param_name":"layers","param_value_internal":2.0,"distribution":"{\"name\": \"IntDistribution\", \"attributes\": {\"log\": false, \"step\": 1, \"low\": 1, \"high\": 3}}"}
{"op_code":5,"worker_id":"912925ab-7eee-453d-b5cb-3dfc273c61c4-139952901822272","trial_id":2,"param_name":"nodes","param_value_internal":2,"distribution":"{\"name\": \"CategoricalDistribution\", \"attributes\": {\"choices\": [32, 64, 128]}}"}
{"op_code":5,"worker_id":"912925ab-7eee-453d-b5cb-3dfc273c61c4-139952901822272","trial_id":2,"param_name":"alpha","param_value_internal":0.00783237733613562,"distribution":"{\"name\": \"FloatDistribution\", \"attributes\": {\"step\": null, \"low\": 0.0, \"high\": 0.5, \"log\": false}}"}
{"op_code":5,"worker_id":"912925ab-7eee-453d-b5cb-3dfc273c61c4-139952901822272","trial_id":2,"param_name":"sigma","param_value_internal":0.03771953610448539,"distribution":"{\"name\": \"FloatDistribution\", \"attributes\": {\"step\": null, \"low\": 0.01, \"high\": 1.0, \"log\": true}}"}
{"op_code":6,"worker_id":"912925ab-7eee-453d-b5cb-3dfc273c61c4-139952901822272","trial_id":2,"state":1,"values":[0.5149931248719266],"datetime_complete":"2026-03-26T12:52:31.316039"}
{"op_code":4,"worker_id":"912925ab-7eee-453d-b5cb-3dfc273c61c4-139952901822272","study_id":0,"datetime_start":"2026-03-26T12:52:31.332056"}
{"op_code":5,"worker_id":"912925ab-7eee-453d-b5cb-3dfc273c61c4-139952901822272","trial_id":3,"param_name":"lr","param_value_internal":0.00644135272824601,"distribution":"{\"name\": \"FloatDistribution\", \"attributes\": {\"step\": null, \"low\": 0.0001, \"high\": 0.1, \"log\": true}}"}
{"op_code":5,"worker_id":"912925ab-7eee-453d-b5cb-3dfc273c61c4-139952901822272","trial_id":3,"param_name":"dropout","param_value_internal":0.27153763861933894,"distribution":"{\"name\": \"FloatDistribution\", \"attributes\": {\"step\": null, \"low\": 0.0, \"high\": 0.5, \"log\": false}}"}
{"op_code":5,"worker_id":"912925ab-7eee-453d-b5cb-3dfc273c61c4-139952901822272","trial_id":3,"param_name":"layers","param_value_internal":1.0,"distribution":"{\"name\": \"IntDistribution\", \"attributes\": {\"log\": false, \"step\": 1, \"low\": 1, \"high\": 3}}"}
{"op_code":5,"worker_id":"912925ab-7eee-453d-b5cb-3dfc273c61c4-139952901822272","trial_id":3,"param_name":"nodes","param_value_internal":1,"distribution":"{\"name\": \"CategoricalDistribution\", \"attributes\": {\"choices\": [32, 64, 128]}}"}
{"op_code":5,"worker_id":"912925ab-7eee-453d-b5cb-3dfc273c61c4-139952901822272","trial_id":3,"param_name":"alpha","param_value_internal":0.2046127001434377,"distribution":"{\"name\": \"FloatDistribution\", \"attributes\": {\"step\": null, \"low\": 0.0, \"high\": 0.5, \"log\": false}}"}
{"op_code":5,"worker_id":"912925ab-7eee-453d-b5cb-3dfc273c61c4-139952901822272","trial_id":3,"param_name":"sigma","param_value_internal":0.019178653269813824,"distribution":"{\"name\": \"FloatDistribution\", \"attributes\": {\"step\": null, \"low\": 0.01, \"high\": 1.0, \"log\": true}}"}
{"op_code":6,"worker_id":"912925ab-7eee-453d-b5cb-3dfc273c61c4-139952901822272","trial_id":3,"state":1,"values":[0.44017599139940783],"datetime_complete":"2026-03-26T12:52:33.447527"}
{"op_code":4,"worker_id":"912925ab-7eee-453d-b5cb-3dfc273c61c4-139952901822272","study_id":0,"datetime_start":"2026-03-26T12:52:33.464548"}
{"op_code":5,"worker_id":"912925ab-7eee-453d-b5cb-3dfc273c61c4-139952901822272","trial_id":4,"param_name":"lr","param_value_internal":0.015266748667359697,"distribution":"{\"name\": \"FloatDistribution\", \"attributes\": {\"step\": null, \"low\": 0.0001, \"high\": 0.1, \"log\": true}}"}
{"op_code":5,"worker_id":"912925ab-7eee-453d-b5cb-3dfc273c61c4-139952901822272","trial_id":4,"param_name":"dropout","param_value_internal":0.029098690989556975,"distribution":"{\"name\": \"FloatDistribution\", \"attributes\": {\"step\": null, \"low\": 0.0, \"high\": 0.5, \"log\": false}}"}
{"op_code":5,"worker_id":"912925ab-7eee-453d-b5cb-3dfc273c61c4-139952901822272","trial_id":4,"param_name":"layers","param_value_internal":3.0,"distribution":"{\"name\": \"IntDistribution\", \"attributes\": {\"log\": false, \"step\": 1, \"low\": 1, \"high\": 3}}"}
{"op_code":5,"worker_id":"912925ab-7eee-453d-b5cb-3dfc273c61c4-139952901822272","trial_id":4,"param_name":"nodes","param_value_internal":1,"distribution":"{\"name\": \"CategoricalDistribution\", \"attributes\": {\"choices\": [32, 64, 128]}}"}
{"op_code":5,"worker_id":"912925ab-7eee-453d-b5cb-3dfc273c61c4-139952901822272","trial_id":4,"param_name":"alpha","param_value_internal":0.4143906876387165,"distribution":"{\"name\": \"FloatDistribution\", \"attributes\": {\"step\": null, \"low\": 0.0, \"high\": 0.5, \"log\": false}}"}
{"op_code":5,"worker_id":"912925ab-7eee-453d-b5cb-3dfc273c61c4-139952901822272","trial_id":4,"param_name":"sigma","param_value_internal":0.04574248715314873,"distribution":"{\"name\": \"FloatDistribution\", \"attributes\": {\"step\": null, \"low\": 0.01, \"high\": 1.0, \"log\": true}}"}
{"op_code":6,"worker_id":"912925ab-7eee-453d-b5cb-3dfc273c61c4-139952901822272","trial_id":4,"state":1,"values":[0.45587444798512716],"datetime_complete":"2026-03-26T12:52:36.034915"}
{"op_code":4,"worker_id":"912925ab-7eee-453d-b5cb-3dfc273c61c4-139952901822272","study_id":0,"datetime_start":"2026-03-26T12:52:36.055855"}
{"op_code":5,"worker_id":"912925ab-7eee-453d-b5cb-3dfc273c61c4-139952901822272","trial_id":5,"param_name":"lr","param_value_internal":0.00828500067506017,"distribution":"{\"name\": \"FloatDistribution\", \"attributes\": {\"step\": null, \"low\": 0.0001, \"high\": 0.1, \"log\": true}}"}
{"op_code":5,"worker_id":"912925ab-7eee-453d-b5cb-3dfc273c61c4-139952901822272","trial_id":5,"param_name":"dropout","param_value_internal":0.021347022511835678,"distribution":"{\"name\": \"FloatDistribution\", \"attributes\": {\"step\": null, \"low\": 0.0, \"high\": 0.5, \"log\": false}}"}
{"op_code":5,"worker_id":"912925ab-7eee-453d-b5cb-3dfc273c61c4-139952901822272","trial_id":5,"param_name":"layers","param_value_internal":1.0,"distribution":"{\"name\": \"IntDistribution\", \"attributes\": {\"log\": false, \"step\": 1, \"low\": 1, \"high\": 3}}"}
{"op_code":5,"worker_id":"912925ab-7eee-453d-b5cb-3dfc273c61c4-139952901822272","trial_id":5,"param_name":"nodes","param_value_internal":1,"distribution":"{\"name\": \"CategoricalDistribution\", \"attributes\": {\"choices\": [32, 64, 128]}}"}
{"op_code":5,"worker_id":"912925ab-7eee-453d-b5cb-3dfc273c61c4-139952901822272","trial_id":5,"param_name":"alpha","param_value_internal":0.06597233104881889,"distribution":"{\"name\": \"FloatDistribution\", \"attributes\": {\"step\": null, \"low\": 0.0, \"high\": 0.5, \"log\": false}}"}
{"op_code":5,"worker_id":"912925ab-7eee-453d-b5cb-3dfc273c61c4-139952901822272","trial_id":5,"param_name":"sigma","param_value_internal":0.12954771453892092,"distribution":"{\"name\": \"FloatDistribution\", \"attributes\": {\"step\": null, \"low\": 0.01, \"high\": 1.0, \"log\": true}}"}
{"op_code":6,"worker_id":"912925ab-7eee-453d-b5cb-3dfc273c61c4-139952901822272","trial_id":5,"state":1,"values":[0.7340201531831991],"datetime_complete":"2026-03-26T12:52:38.210191"}
{"op_code":4,"worker_id":"912925ab-7eee-453d-b5cb-3dfc273c61c4-139952901822272","study_id":0,"datetime_start":"2026-03-26T12:52:38.231594"}
{"op_code":5,"worker_id":"912925ab-7eee-453d-b5cb-3dfc273c61c4-139952901822272","trial_id":6,"param_name":"lr","param_value_internal":0.0004155157249766987,"distribution":"{\"name\": \"FloatDistribution\", \"attributes\": {\"step\": null, \"low\": 0.0001, \"high\": 0.1, \"log\": true}}"}
{"op_code":5,"worker_id":"912925ab-7eee-453d-b5cb-3dfc273c61c4-139952901822272","trial_id":6,"param_name":"dropout","param_value_internal":0.0516697185537498,"distribution":"{\"name\": \"FloatDistribution\", \"attributes\": {\"step\": null, \"low\": 0.0, \"high\": 0.5, \"log\": false}}"}
{"op_code":5,"worker_id":"912925ab-7eee-453d-b5cb-3dfc273c61c4-139952901822272","trial_id":6,"param_name":"layers","param_value_internal":2.0,"distribution":"{\"name\": \"IntDistribution\", \"attributes\": {\"log\": false, \"step\": 1, \"low\": 1, \"high\": 3}}"}
{"op_code":5,"worker_id":"912925ab-7eee-453d-b5cb-3dfc273c61c4-139952901822272","trial_id":6,"param_name":"nodes","param_value_internal":0,"distribution":"{\"name\": \"CategoricalDistribution\", \"attributes\": {\"choices\": [32, 64, 128]}}"}
{"op_code":5,"worker_id":"912925ab-7eee-453d-b5cb-3dfc273c61c4-139952901822272","trial_id":6,"param_name":"alpha","param_value_internal":0.392323038137474,"distribution":"{\"name\": \"FloatDistribution\", \"attributes\": {\"step\": null, \"low\": 0.0, \"high\": 0.5, \"log\": false}}"}
{"op_code":5,"worker_id":"912925ab-7eee-453d-b5cb-3dfc273c61c4-139952901822272","trial_id":6,"param_name":"sigma","param_value_internal":0.01891637605018136,"distribution":"{\"name\": \"FloatDistribution\", \"attributes\": {\"step\": null, \"low\": 0.01, \"high\": 1.0, \"log\": true}}"}
{"op_code":6,"worker_id":"912925ab-7eee-453d-b5cb-3dfc273c61c4-139952901822272","trial_id":6,"state":1,"values":[0.5645044413624336],"datetime_complete":"2026-03-26T12:52:40.659175"}
{"op_code":4,"worker_id":"912925ab-7eee-453d-b5cb-3dfc273c61c4-139952901822272","study_id":0,"datetime_start":"2026-03-26T12:52:40.683007"}
{"op_code":5,"worker_id":"912925ab-7eee-453d-b5cb-3dfc273c61c4-139952901822272","trial_id":7,"param_name":"lr","param_value_internal":0.003926678575726801,"distribution":"{\"name\": \"FloatDistribution\", \"attributes\": {\"step\": null, \"low\": 0.0001, \"high\": 0.1, \"log\": true}}"}
{"op_code":5,"worker_id":"912925ab-7eee-453d-b5cb-3dfc273c61c4-139952901822272","trial_id":7,"param_name":"dropout","param_value_internal":0.11258767483338178,"distribution":"{\"name\": \"FloatDistribution\", \"attributes\": {\"step\": null, \"low\": 0.0, \"high\": 0.5, \"log\": false}}"}
{"op_code":5,"worker_id":"912925ab-7eee-453d-b5cb-3dfc273c61c4-139952901822272","trial_id":7,"param_name":"layers","param_value_internal":2.0,"distribution":"{\"name\": \"IntDistribution\", \"attributes\": {\"log\": false, \"step\": 1, \"low\": 1, \"high\": 3}}"}
{"op_code":5,"worker_id":"912925ab-7eee-453d-b5cb-3dfc273c61c4-139952901822272","trial_id":7,"param_name":"nodes","param_value_internal":1,"distribution":"{\"name\": \"CategoricalDistribution\", \"attributes\": {\"choices\": [32, 64, 128]}}"}
{"op_code":5,"worker_id":"912925ab-7eee-453d-b5cb-3dfc273c61c4-139952901822272","trial_id":7,"param_name":"alpha","param_value_internal":0.009590867782268364,"distribution":"{\"name\": \"FloatDistribution\", \"attributes\": {\"step\": null, \"low\": 0.0, \"high\": 0.5, \"log\": false}}"}
{"op_code":5,"worker_id":"912925ab-7eee-453d-b5cb-3dfc273c61c4-139952901822272","trial_id":7,"param_name":"sigma","param_value_internal":0.28447699269304544,"distribution":"{\"name\": \"FloatDistribution\", \"attributes\": {\"step\": null, \"low\": 0.01, \"high\": 1.0, \"log\": true}}"}
{"op_code":6,"worker_id":"912925ab-7eee-453d-b5cb-3dfc273c61c4-139952901822272","trial_id":7,"state":1,"values":[0.7277107753897143],"datetime_complete":"2026-03-26T12:52:43.015541"}
{"op_code":4,"worker_id":"912925ab-7eee-453d-b5cb-3dfc273c61c4-139952901822272","study_id":0,"datetime_start":"2026-03-26T12:52:43.038453"}
{"op_code":5,"worker_id":"912925ab-7eee-453d-b5cb-3dfc273c61c4-139952901822272","trial_id":8,"param_name":"lr","param_value_internal":0.00035821104169802447,"distribution":"{\"name\": \"FloatDistribution\", \"attributes\": {\"step\": null, \"low\": 0.0001, \"high\": 0.1, \"log\": true}}"}
{"op_code":5,"worker_id":"912925ab-7eee-453d-b5cb-3dfc273c61c4-139952901822272","trial_id":8,"param_name":"dropout","param_value_internal":0.457530514861295,"distribution":"{\"name\": \"FloatDistribution\", \"attributes\": {\"step\": null, \"low\": 0.0, \"high\": 0.5, \"log\": false}}"}
{"op_code":5,"worker_id":"912925ab-7eee-453d-b5cb-3dfc273c61c4-139952901822272","trial_id":8,"param_name":"layers","param_value_internal":3.0,"distribution":"{\"name\": \"IntDistribution\", \"attributes\": {\"log\": false, \"step\": 1, \"low\": 1, \"high\": 3}}"}
{"op_code":5,"worker_id":"912925ab-7eee-453d-b5cb-3dfc273c61c4-139952901822272","trial_id":8,"param_name":"nodes","param_value_internal":1,"distribution":"{\"name\": \"CategoricalDistribution\", \"attributes\": {\"choices\": [32, 64, 128]}}"}
{"op_code":5,"worker_id":"912925ab-7eee-453d-b5cb-3dfc273c61c4-139952901822272","trial_id":8,"param_name":"alpha","param_value_internal":0.06481236552251712,"distribution":"{\"name\": \"FloatDistribution\", \"attributes\": {\"step\": null, \"low\": 0.0, \"high\": 0.5, \"log\": false}}"}
{"op_code":5,"worker_id":"912925ab-7eee-453d-b5cb-3dfc273c61c4-139952901822272","trial_id":8,"param_name":"sigma","param_value_internal":0.9926787304523975,"distribution":"{\"name\": \"FloatDistribution\", \"attributes\": {\"step\": null, \"low\": 0.01, \"high\": 1.0, \"log\": true}}"}
{"op_code":6,"worker_id":"912925ab-7eee-453d-b5cb-3dfc273c61c4-139952901822272","trial_id":8,"state":1,"values":[0.7907407022431033],"datetime_complete":"2026-03-26T12:52:45.564688"}
{"op_code":4,"worker_id":"912925ab-7eee-453d-b5cb-3dfc273c61c4-139952901822272","study_id":0,"datetime_start":"2026-03-26T12:52:45.586464"}
{"op_code":5,"worker_id":"912925ab-7eee-453d-b5cb-3dfc273c61c4-139952901822272","trial_id":9,"param_name":"lr","param_value_internal":0.026597483470194017,"distribution":"{\"name\": \"FloatDistribution\", \"attributes\": {\"step\": null, \"low\": 0.0001, \"high\": 0.1, \"log\": true}}"}
{"op_code":5,"worker_id":"912925ab-7eee-453d-b5cb-3dfc273c61c4-139952901822272","trial_id":9,"param_name":"dropout","param_value_internal":0.15640179004849913,"distribution":"{\"name\": \"FloatDistribution\", \"attributes\": {\"step\": null, \"low\": 0.0, \"high\": 0.5, \"log\": false}}"}
{"op_code":5,"worker_id":"912925ab-7eee-453d-b5cb-3dfc273c61c4-139952901822272","trial_id":9,"param_name":"layers","param_value_internal":1.0,"distribution":"{\"name\": \"IntDistribution\", \"attributes\": {\"log\": false, \"step\": 1, \"low\": 1, \"high\": 3}}"}
{"op_code":5,"worker_id":"912925ab-7eee-453d-b5cb-3dfc273c61c4-139952901822272","trial_id":9,"param_name":"nodes","param_value_internal":1,"distribution":"{\"name\": \"CategoricalDistribution\", \"attributes\": {\"choices\": [32, 64, 128]}}"}
{"op_code":5,"worker_id":"912925ab-7eee-453d-b5cb-3dfc273c61c4-139952901822272","trial_id":9,"param_name":"alpha","param_value_internal":0.30848194495208603,"distribution":"{\"name\": \"FloatDistribution\", \"attributes\": {\"step\": null, \"low\": 0.0, \"high\": 0.5, \"log\": false}}"}
{"op_code":5,"worker_id":"912925ab-7eee-453d-b5cb-3dfc273c61c4-139952901822272","trial_id":9,"param_name":"sigma","param_value_internal":0.1052204728934085,"distribution":"{\"name\": \"FloatDistribution\", \"attributes\": {\"step\": null, \"low\": 0.01, \"high\": 1.0, \"log\": true}}"}
{"op_code":6,"worker_id":"912925ab-7eee-453d-b5cb-3dfc273c61c4-139952901822272","trial_id":9,"state":1,"values":[0.7189186299636792],"datetime_complete":"2026-03-26T12:52:47.723766"}
{"op_code":4,"worker_id":"912925ab-7eee-453d-b5cb-3dfc273c61c4-139952901822272","study_id":0,"datetime_start":"2026-03-26T12:52:47.749576"}
{"op_code":5,"worker_id":"912925ab-7eee-453d-b5cb-3dfc273c61c4-139952901822272","trial_id":10,"param_name":"lr","param_value_internal":0.0008138679570789512,"distribution":"{\"name\": \"FloatDistribution\", \"attributes\": {\"step\": null, \"low\": 0.0001, \"high\": 0.1, \"log\": true}}"}
{"op_code":5,"worker_id":"912925ab-7eee-453d-b5cb-3dfc273c61c4-139952901822272","trial_id":10,"param_name":"dropout","param_value_internal":0.4880306542676078,"distribution":"{\"name\": \"FloatDistribution\", \"attributes\": {\"step\": null, \"low\": 0.0, \"high\": 0.5, \"log\": false}}"}
{"op_code":5,"worker_id":"912925ab-7eee-453d-b5cb-3dfc273c61c4-139952901822272","trial_id":10,"param_name":"layers","param_value_internal":3.0,"distribution":"{\"name\": \"IntDistribution\", \"attributes\": {\"log\": false, \"step\": 1, \"low\": 1, \"high\": 3}}"}
{"op_code":5,"worker_id":"912925ab-7eee-453d-b5cb-3dfc273c61c4-139952901822272","trial_id":10,"param_name":"nodes","param_value_internal":0,"distribution":"{\"name\": \"CategoricalDistribution\", \"attributes\": {\"choices\": [32, 64, 128]}}"}
{"op_code":5,"worker_id":"912925ab-7eee-453d-b5cb-3dfc273c61c4-139952901822272","trial_id":10,"param_name":"alpha","param_value_internal":0.17594699819232834,"distribution":"{\"name\": \"FloatDistribution\", \"attributes\": {\"step\": null, \"low\": 0.0, \"high\": 0.5, \"log\": false}}"}
{"op_code":5,"worker_id":"912925ab-7eee-453d-b5cb-3dfc273c61c4-139952901822272","trial_id":10,"param_name":"sigma","param_value_internal":0.8971675230513657,"distribution":"{\"name\": \"FloatDistribution\", \"attributes\": {\"step\": null, \"low\": 0.01, \"high\": 1.0, \"log\": true}}"}
{"op_code":6,"worker_id":"912925ab-7eee-453d-b5cb-3dfc273c61c4-139952901822272","trial_id":10,"state":1,"values":[0.799892195615955],"datetime_complete":"2026-03-26T12:52:50.341509"}
{"op_code":4,"worker_id":"912925ab-7eee-453d-b5cb-3dfc273c61c4-139952901822272","study_id":0,"datetime_start":"2026-03-26T12:52:50.396357"}
{"op_code":5,"worker_id":"912925ab-7eee-453d-b5cb-3dfc273c61c4-139952901822272","trial_id":11,"param_name":"lr","param_value_internal":0.0006323931392674387,"distribution":"{\"name\": \"FloatDistribution\", \"attributes\": {\"step\": null, \"low\": 0.0001, \"high\": 0.1, \"log\": true}}"}
{"op_code":5,"worker_id":"912925ab-7eee-453d-b5cb-3dfc273c61c4-139952901822272","trial_id":11,"param_name":"dropout","param_value_internal":0.4754401570051168,"distribution":"{\"name\": \"FloatDistribution\", \"attributes\": {\"step\": null, \"low\": 0.0, \"high\": 0.5, \"log\": false}}"}
{"op_code":5,"worker_id":"912925ab-7eee-453d-b5cb-3dfc273c61c4-139952901822272","trial_id":11,"param_name":"layers","param_value_internal":3.0,"distribution":"{\"name\": \"IntDistribution\", \"attributes\": {\"log\": false, \"step\": 1, \"low\": 1, \"high\": 3}}"}
{"op_code":5,"worker_id":"912925ab-7eee-453d-b5cb-3dfc273c61c4-139952901822272","trial_id":11,"param_name":"nodes","param_value_internal":0,"distribution":"{\"name\": \"CategoricalDistribution\", \"attributes\": {\"choices\": [32, 64, 128]}}"}
{"op_code":5,"worker_id":"912925ab-7eee-453d-b5cb-3dfc273c61c4-139952901822272","trial_id":11,"param_name":"alpha","param_value_internal":0.19351393594629218,"distribution":"{\"name\": \"FloatDistribution\", \"attributes\": {\"step\": null, \"low\": 0.0, \"high\": 0.5, \"log\": false}}"}
{"op_code":5,"worker_id":"912925ab-7eee-453d-b5cb-3dfc273c61c4-139952901822272","trial_id":11,"param_name":"sigma","param_value_internal":0.8239146309844843,"distribution":"{\"name\": \"FloatDistribution\", \"attributes\": {\"step\": null, \"low\": 0.01, \"high\": 1.0, \"log\": true}}"}
{"op_code":6,"worker_id":"912925ab-7eee-453d-b5cb-3dfc273c61c4-139952901822272","trial_id":11,"state":1,"values":[0.7909188913076405],"datetime_complete":"2026-03-26T12:52:53.180956"}
{"op_code":4,"worker_id":"912925ab-7eee-453d-b5cb-3dfc273c61c4-139952901822272","study_id":0,"datetime_start":"2026-03-26T12:52:53.202002"}
{"op_code":5,"worker_id":"912925ab-7eee-453d-b5cb-3dfc273c61c4-139952901822272","trial_id":12,"param_name":"lr","param_value_internal":0.0013117176085974667,"distribution":"{\"name\": \"FloatDistribution\", \"attributes\": {\"step\": null, \"low\": 0.0001, \"high\": 0.1, \"log\": true}}"}
{"op_code":5,"worker_id":"912925ab-7eee-453d-b5cb-3dfc273c61c4-139952901822272","trial_id":12,"param_name":"dropout","param_value_internal":0.494595816448508,"distribution":"{\"name\": \"FloatDistribution\", \"attributes\": {\"step\": null, \"low\": 0.0, \"high\": 0.5, \"log\": false}}"}
{"op_code":5,"worker_id":"912925ab-7eee-453d-b5cb-3dfc273c61c4-139952901822272","trial_id":12,"param_name":"layers","param_value_internal":3.0,"distribution":"{\"name\": \"IntDistribution\", \"attributes\": {\"log\": false, \"step\": 1, \"low\": 1, \"high\": 3}}"}
{"op_code":5,"worker_id":"912925ab-7eee-453d-b5cb-3dfc273c61c4-139952901822272","trial_id":12,"param_name":"nodes","param_value_internal":0,"distribution":"{\"name\": \"CategoricalDistribution\", \"attributes\": {\"choices\": [32, 64, 128]}}"}
{"op_code":5,"worker_id":"912925ab-7eee-453d-b5cb-3dfc273c61c4-139952901822272","trial_id":12,"param_name":"alpha","param_value_internal":0.19610043197605354,"distribution":"{\"name\": \"FloatDistribution\", \"attributes\": {\"step\": null, \"low\": 0.0, \"high\": 0.5, \"log\": false}}"}
{"op_code":5,"worker_id":"912925ab-7eee-453d-b5cb-3dfc273c61c4-139952901822272","trial_id":12,"param_name":"sigma","param_value_internal":0.3256630368329697,"distribution":"{\"name\": \"FloatDistribution\", \"attributes\": {\"step\": null, \"low\": 0.01, \"high\": 1.0, \"log\": true}}"}
{"op_code":6,"worker_id":"912925ab-7eee-453d-b5cb-3dfc273c61c4-139952901822272","trial_id":12,"state":1,"values":[0.7997793425417482],"datetime_complete":"2026-03-26T12:52:55.803257"}
{"op_code":4,"worker_id":"912925ab-7eee-453d-b5cb-3dfc273c61c4-139952901822272","study_id":0,"datetime_start":"2026-03-26T12:52:55.818570"}
{"op_code":5,"worker_id":"912925ab-7eee-453d-b5cb-3dfc273c61c4-139952901822272","trial_id":13,"param_name":"lr","param_value_internal":0.001444792309864333,"distribution":"{\"name\": \"FloatDistribution\", \"attributes\": {\"step\": null, \"low\": 0.0001, \"high\": 0.1, \"log\": true}}"}
{"op_code":5,"worker_id":"912925ab-7eee-453d-b5cb-3dfc273c61c4-139952901822272","trial_id":13,"param_name":"dropout","param_value_internal":0.3645072807500398,"distribution":"{\"name\": \"FloatDistribution\", \"attributes\": {\"step\": null, \"low\": 0.0, \"high\": 0.5, \"log\": false}}"}
{"op_code":5,"worker_id":"912925ab-7eee-453d-b5cb-3dfc273c61c4-139952901822272","trial_id":13,"param_name":"layers","param_value_internal":3.0,"distribution":"{\"name\": \"IntDistribution\", \"attributes\": {\"log\": false, \"step\": 1, \"low\": 1, \"high\": 3}}"}
{"op_code":5,"worker_id":"912925ab-7eee-453d-b5cb-3dfc273c61c4-139952901822272","trial_id":13,"param_name":"nodes","param_value_internal":0,"distribution":"{\"name\": \"CategoricalDistribution\", \"attributes\": {\"choices\": [32, 64, 128]}}"}
{"op_code":5,"worker_id":"912925ab-7eee-453d-b5cb-3dfc273c61c4-139952901822272","trial_id":13,"param_name":"alpha","param_value_internal":0.28344561939576196,"distribution":"{\"name\": \"FloatDistribution\", \"attributes\": {\"step\": null, \"low\": 0.0, \"high\": 0.5, \"log\": false}}"}
{"op_code":5,"worker_id":"912925ab-7eee-453d-b5cb-3dfc273c61c4-139952901822272","trial_id":13,"param_name":"sigma","param_value_internal":0.30506581593860027,"distribution":"{\"name\": \"FloatDistribution\", \"attributes\": {\"step\": null, \"low\": 0.01, \"high\": 1.0, \"log\": true}}"}
{"op_code":6,"worker_id":"912925ab-7eee-453d-b5cb-3dfc273c61c4-139952901822272","trial_id":13,"state":1,"values":[0.7944099120636966],"datetime_complete":"2026-03-26T12:52:58.542233"}
{"op_code":4,"worker_id":"912925ab-7eee-453d-b5cb-3dfc273c61c4-139952901822272","study_id":0,"datetime_start":"2026-03-26T12:52:58.559431"}
{"op_code":5,"worker_id":"912925ab-7eee-453d-b5cb-3dfc273c61c4-139952901822272","trial_id":14,"param_name":"lr","param_value_internal":0.0018325540751710874,"distribution":"{\"name\": \"FloatDistribution\", \"attributes\": {\"step\": null, \"low\": 0.0001, \"high\": 0.1, \"log\": true}}"}
{"op_code":5,"worker_id":"912925ab-7eee-453d-b5cb-3dfc273c61c4-139952901822272","trial_id":14,"param_name":"dropout","param_value_internal":0.389183153325694,"distribution":"{\"name\": \"FloatDistribution\", \"attributes\": {\"step\": null, \"low\": 0.0, \"high\": 0.5, \"log\": false}}"}
{"op_code":5,"worker_id":"912925ab-7eee-453d-b5cb-3dfc273c61c4-139952901822272","trial_id":14,"param_name":"layers","param_value_internal":2.0,"distribution":"{\"name\": \"IntDistribution\", \"attributes\": {\"log\": false, \"step\": 1, \"low\": 1, \"high\": 3}}"}
{"op_code":5,"worker_id":"912925ab-7eee-453d-b5cb-3dfc273c61c4-139952901822272","trial_id":14,"param_name":"nodes","param_value_internal":0,"distribution":"{\"name\": \"CategoricalDistribution\", \"attributes\": {\"choices\": [32, 64, 128]}}"}
{"op_code":5,"worker_id":"912925ab-7eee-453d-b5cb-3dfc273c61c4-139952901822272","trial_id":14,"param_name":"alpha","param_value_internal":0.18275744827666424,"distribution":"{\"name\": \"FloatDistribution\", \"attributes\": {\"step\": null, \"low\": 0.0, \"high\": 0.5, \"log\": false}}"}
{"op_code":5,"worker_id":"912925ab-7eee-453d-b5cb-3dfc273c61c4-139952901822272","trial_id":14,"param_name":"sigma","param_value_internal":0.3041375465360211,"distribution":"{\"name\": \"FloatDistribution\", \"attributes\": {\"step\": null, \"low\": 0.01, \"high\": 1.0, \"log\": true}}"}
{"op_code":6,"worker_id":"912925ab-7eee-453d-b5cb-3dfc273c61c4-139952901822272","trial_id":14,"state":1,"values":[0.794350515708851],"datetime_complete":"2026-03-26T12:53:01.260059"}
{"op_code":4,"worker_id":"912925ab-7eee-453d-b5cb-3dfc273c61c4-139952901822272","study_id":0,"datetime_start":"2026-03-26T12:53:01.279720"}
{"op_code":5,"worker_id":"912925ab-7eee-453d-b5cb-3dfc273c61c4-139952901822272","trial_id":15,"param_name":"lr","param_value_internal":0.001055423215192086,"distribution":"{\"name\": \"FloatDistribution\", \"attributes\": {\"step\": null, \"low\": 0.0001, \"high\": 0.1, \"log\": true}}"}
{"op_code":5,"worker_id":"912925ab-7eee-453d-b5cb-3dfc273c61c4-139952901822272","trial_id":15,"param_name":"dropout","param_value_internal":0.49867388910608745,"distribution":"{\"name\": \"FloatDistribution\", \"attributes\": {\"step\": null, \"low\": 0.0, \"high\": 0.5, \"log\": false}}"}
{"op_code":5,"worker_id":"912925ab-7eee-453d-b5cb-3dfc273c61c4-139952901822272","trial_id":15,"param_name":"layers","param_value_internal":3.0,"distribution":"{\"name\": \"IntDistribution\", \"attributes\": {\"log\": false, \"step\": 1, \"low\": 1, \"high\": 3}}"}
{"op_code":5,"worker_id":"912925ab-7eee-453d-b5cb-3dfc273c61c4-139952901822272","trial_id":15,"param_name":"nodes","param_value_internal":0,"distribution":"{\"name\": \"CategoricalDistribution\", \"attributes\": {\"choices\": [32, 64, 128]}}"}
{"op_code":5,"worker_id":"912925ab-7eee-453d-b5cb-3dfc273c61c4-139952901822272","trial_id":15,"param_name":"alpha","param_value_internal":0.13279449699449455,"distribution":"{\"name\": \"FloatDistribution\", \"attributes\": {\"step\": null, \"low\": 0.0, \"high\": 0.5, \"log\": false}}"}
{"op_code":5,"worker_id":"912925ab-7eee-453d-b5cb-3dfc273c61c4-139952901822272","trial_id":15,"param_name":"sigma","param_value_internal":0.4587118298542917,"distribution":"{\"name\": \"FloatDistribution\", \"attributes\": {\"step\": null, \"low\": 0.01, \"high\": 1.0, \"log\": true}}"}
{"op_code":6,"worker_id":"912925ab-7eee-453d-b5cb-3dfc273c61c4-139952901822272","trial_id":15,"state":1,"values":[0.7997407349110985],"datetime_complete":"2026-03-26T12:53:04.179700"}
{"op_code":4,"worker_id":"912925ab-7eee-453d-b5cb-3dfc273c61c4-139952901822272","study_id":0,"datetime_start":"2026-03-26T12:53:04.196837"}
{"op_code":5,"worker_id":"912925ab-7eee-453d-b5cb-3dfc273c61c4-139952901822272","trial_id":16,"param_name":"lr","param_value_internal":0.0001090281484867566,"distribution":"{\"name\": \"FloatDistribution\", \"attributes\": {\"step\": null, \"low\": 0.0001, \"high\": 0.1, \"log\": true}}"}
{"op_code":5,"worker_id":"912925ab-7eee-453d-b5cb-3dfc273c61c4-139952901822272","trial_id":16,"param_name":"dropout","param_value_internal":0.38272587418575177,"distribution":"{\"name\": \"FloatDistribution\", \"attributes\": {\"step\": null, \"low\": 0.0, \"high\": 0.5, \"log\": false}}"}
{"op_code":5,"worker_id":"912925ab-7eee-453d-b5cb-3dfc273c61c4-139952901822272","trial_id":16,"param_name":"layers","param_value_internal":3.0,"distribution":"{\"name\": \"IntDistribution\", \"attributes\": {\"log\": false, \"step\": 1, \"low\": 1, \"high\": 3}}"}
{"op_code":5,"worker_id":"912925ab-7eee-453d-b5cb-3dfc273c61c4-139952901822272","trial_id":16,"param_name":"nodes","param_value_internal":2,"distribution":"{\"name\": \"CategoricalDistribution\", \"attributes\": {\"choices\": [32, 64, 128]}}"}
{"op_code":5,"worker_id":"912925ab-7eee-453d-b5cb-3dfc273c61c4-139952901822272","trial_id":16,"param_name":"alpha","param_value_internal":0.3371621892354845,"distribution":"{\"name\": \"FloatDistribution\", \"attributes\": {\"step\": null, \"low\": 0.0, \"high\": 0.5, \"log\": false}}"}
{"op_code":5,"worker_id":"912925ab-7eee-453d-b5cb-3dfc273c61c4-139952901822272","trial_id":16,"param_name":"sigma","param_value_internal":0.1935883550756605,"distribution":"{\"name\": \"FloatDistribution\", \"attributes\": {\"step\": null, \"low\": 0.01, \"high\": 1.0, \"log\": true}}"}
{"op_code":6,"worker_id":"912925ab-7eee-453d-b5cb-3dfc273c61c4-139952901822272","trial_id":16,"state":1,"values":[0.7305766495110195],"datetime_complete":"2026-03-26T12:53:07.183090"}
{"op_code":4,"worker_id":"912925ab-7eee-453d-b5cb-3dfc273c61c4-139952901822272","study_id":0,"datetime_start":"2026-03-26T12:53:07.200940"}
{"op_code":5,"worker_id":"912925ab-7eee-453d-b5cb-3dfc273c61c4-139952901822272","trial_id":17,"param_name":"lr","param_value_internal":0.002781697724610927,"distribution":"{\"name\": \"FloatDistribution\", \"attributes\": {\"step\": null, \"low\": 0.0001, \"high\": 0.1, \"log\": true}}"}
{"op_code":5,"worker_id":"912925ab-7eee-453d-b5cb-3dfc273c61c4-139952901822272","trial_id":17,"param_name":"dropout","param_value_internal":0.20450759285592396,"distribution":"{\"name\": \"FloatDistribution\", \"attributes\": {\"step\": null, \"low\": 0.0, \"high\": 0.5, \"log\": false}}"}
{"op_code":5,"worker_id":"912925ab-7eee-453d-b5cb-3dfc273c61c4-139952901822272","trial_id":17,"param_name":"layers","param_value_internal":2.0,"distribution":"{\"name\": \"IntDistribution\", \"attributes\": {\"log\": false, \"step\": 1, \"low\": 1, \"high\": 3}}"}
{"op_code":5,"worker_id":"912925ab-7eee-453d-b5cb-3dfc273c61c4-139952901822272","trial_id":17,"param_name":"nodes","param_value_internal":0,"distribution":"{\"name\": \"CategoricalDistribution\", \"attributes\": {\"choices\": [32, 64, 128]}}"}
{"op_code":5,"worker_id":"912925ab-7eee-453d-b5cb-3dfc273c61c4-139952901822272","trial_id":17,"param_name":"alpha","param_value_internal":0.48033333193440797,"distribution":"{\"name\": \"FloatDistribution\", \"attributes\": {\"step\": null, \"low\": 0.0, \"high\": 0.5, \"log\": false}}"}
{"op_code":5,"worker_id":"912925ab-7eee-453d-b5cb-3dfc273c61c4-139952901822272","trial_id":17,"param_name":"sigma","param_value_internal":0.5356079390232642,"distribution":"{\"name\": \"FloatDistribution\", \"attributes\": {\"step\": null, \"low\": 0.01, \"high\": 1.0, \"log\": true}}"}
{"op_code":6,"worker_id":"912925ab-7eee-453d-b5cb-3dfc273c61c4-139952901822272","trial_id":17,"state":1,"values":[0.7236153967231032],"datetime_complete":"2026-03-26T12:53:09.889035"}
{"op_code":4,"worker_id":"912925ab-7eee-453d-b5cb-3dfc273c61c4-139952901822272","study_id":0,"datetime_start":"2026-03-26T12:53:09.907634"}
{"op_code":5,"worker_id":"912925ab-7eee-453d-b5cb-3dfc273c61c4-139952901822272","trial_id":18,"param_name":"lr","param_value_internal":0.09888799750012729,"distribution":"{\"name\": \"FloatDistribution\", \"attributes\": {\"step\": null, \"low\": 0.0001, \"high\": 0.1, \"log\": true}}"}
{"op_code":5,"worker_id":"912925ab-7eee-453d-b5cb-3dfc273c61c4-139952901822272","trial_id":18,"param_name":"dropout","param_value_internal":0.31357371768839765,"distribution":"{\"name\": \"FloatDistribution\", \"attributes\": {\"step\": null, \"low\": 0.0, \"high\": 0.5, \"log\": false}}"}
{"op_code":5,"worker_id":"912925ab-7eee-453d-b5cb-3dfc273c61c4-139952901822272","trial_id":18,"param_name":"layers","param_value_internal":3.0,"distribution":"{\"name\": \"IntDistribution\", \"attributes\": {\"log\": false, \"step\": 1, \"low\": 1, \"high\": 3}}"}
{"op_code":5,"worker_id":"912925ab-7eee-453d-b5cb-3dfc273c61c4-139952901822272","trial_id":18,"param_name":"nodes","param_value_internal":0,"distribution":"{\"name\": \"CategoricalDistribution\", \"attributes\": {\"choices\": [32, 64, 128]}}"}
{"op_code":5,"worker_id":"912925ab-7eee-453d-b5cb-3dfc273c61c4-139952901822272","trial_id":18,"param_name":"alpha","param_value_internal":0.24160819849294424,"distribution":"{\"name\": \"FloatDistribution\", \"attributes\": {\"step\": null, \"low\": 0.0, \"high\": 0.5, \"log\": false}}"}
{"op_code":5,"worker_id":"912925ab-7eee-453d-b5cb-3dfc273c61c4-139952901822272","trial_id":18,"param_name":"sigma","param_value_internal":0.1654981021579708,"distribution":"{\"name\": \"FloatDistribution\", \"attributes\": {\"step\": null, \"low\": 0.01, \"high\": 1.0, \"log\": true}}"}
{"op_code":6,"worker_id":"912925ab-7eee-453d-b5cb-3dfc273c61c4-139952901822272","trial_id":18,"state":1,"values":[0.7996174874747937],"datetime_complete":"2026-03-26T12:53:12.853732"}
{"op_code":4,"worker_id":"912925ab-7eee-453d-b5cb-3dfc273c61c4-139952901822272","study_id":0,"datetime_start":"2026-03-26T12:53:12.868567"}
{"op_code":5,"worker_id":"912925ab-7eee-453d-b5cb-3dfc273c61c4-139952901822272","trial_id":19,"param_name":"lr","param_value_internal":0.00026058567867806023,"distribution":"{\"name\": \"FloatDistribution\", \"attributes\": {\"step\": null, \"low\": 0.0001, \"high\": 0.1, \"log\": true}}"}
{"op_code":5,"worker_id":"912925ab-7eee-453d-b5cb-3dfc273c61c4-139952901822272","trial_id":19,"param_name":"dropout","param_value_internal":0.43085917288781406,"distribution":"{\"name\": \"FloatDistribution\", \"attributes\": {\"step\": null, \"low\": 0.0, \"high\": 0.5, \"log\": false}}"}
{"op_code":5,"worker_id":"912925ab-7eee-453d-b5cb-3dfc273c61c4-139952901822272","trial_id":19,"param_name":"layers","param_value_internal":3.0,"distribution":"{\"name\": \"IntDistribution\", \"attributes\": {\"log\": false, \"step\": 1, \"low\": 1, \"high\": 3}}"}
{"op_code":5,"worker_id":"912925ab-7eee-453d-b5cb-3dfc273c61c4-139952901822272","trial_id":19,"param_name":"nodes","param_value_internal":0,"distribution":"{\"name\": \"CategoricalDistribution\", \"attributes\": {\"choices\": [32, 64, 128]}}"}
{"op_code":5,"worker_id":"912925ab-7eee-453d-b5cb-3dfc273c61c4-139952901822272","trial_id":19,"param_name":"alpha","param_value_internal":0.14156142691403756,"distribution":"{\"name\": \"FloatDistribution\", \"attributes\": {\"step\": null, \"low\": 0.0, \"high\": 0.5, \"log\": false}}"}
{"op_code":5,"worker_id":"912925ab-7eee-453d-b5cb-3dfc273c61c4-139952901822272","trial_id":19,"param_name":"sigma","param_value_internal":0.08062425448550577,"distribution":"{\"name\": \"FloatDistribution\", \"attributes\": {\"step\": null, \"low\": 0.01, \"high\": 1.0, \"log\": true}}"}
{"op_code":6,"worker_id":"912925ab-7eee-453d-b5cb-3dfc273c61c4-139952901822272","trial_id":19,"state":1,"values":[0.7075902601857325],"datetime_complete":"2026-03-26T12:53:15.711101"}
