{"op_code":0,"worker_id":"61fe0a4f-8522-4499-88bc-6cb1314d375e-139697814206272","study_name":"gbsa_tuning","directions":[2]}
{"op_code":4,"worker_id":"61fe0a4f-8522-4499-88bc-6cb1314d375e-139697814206272","study_id":0,"datetime_start":"2026-04-05T22:16:57.726820"}
{"op_code":5,"worker_id":"61fe0a4f-8522-4499-88bc-6cb1314d375e-139697814206272","trial_id":0,"param_name":"learning_rate","param_value_internal":0.07123236884309173,"distribution":"{\"name\": \"FloatDistribution\", \"attributes\": {\"step\": null, \"low\": 0.01, \"high\": 0.2, \"log\": true}}"}
{"op_code":5,"worker_id":"61fe0a4f-8522-4499-88bc-6cb1314d375e-139697814206272","trial_id":0,"param_name":"n_estimators","param_value_internal":57.0,"distribution":"{\"name\": \"IntDistribution\", \"attributes\": {\"log\": false, \"step\": 1, \"low\": 50, \"high\": 200}}"}
{"op_code":5,"worker_id":"61fe0a4f-8522-4499-88bc-6cb1314d375e-139697814206272","trial_id":0,"param_name":"max_depth","param_value_internal":2.0,"distribution":"{\"name\": \"IntDistribution\", \"attributes\": {\"log\": false, \"step\": 1, \"low\": 2, \"high\": 5}}"}
{"op_code":6,"worker_id":"61fe0a4f-8522-4499-88bc-6cb1314d375e-139697814206272","trial_id":0,"state":1,"values":[0.42857142857142855],"datetime_complete":"2026-04-05T22:16:57.794000"}
{"op_code":4,"worker_id":"61fe0a4f-8522-4499-88bc-6cb1314d375e-139697814206272","study_id":0,"datetime_start":"2026-04-05T22:16:57.804644"}
{"op_code":5,"worker_id":"61fe0a4f-8522-4499-88bc-6cb1314d375e-139697814206272","trial_id":1,"param_name":"learning_rate","param_value_internal":0.08686642435119037,"distribution":"{\"name\": \"FloatDistribution\", \"attributes\": {\"step\": null, \"low\": 0.01, \"high\": 0.2, \"log\": true}}"}
{"op_code":5,"worker_id":"61fe0a4f-8522-4499-88bc-6cb1314d375e-139697814206272","trial_id":1,"param_name":"n_estimators","param_value_internal":60.0,"distribution":"{\"name\": \"IntDistribution\", \"attributes\": {\"log\": false, \"step\": 1, \"low\": 50, \"high\": 200}}"}
{"op_code":5,"worker_id":"61fe0a4f-8522-4499-88bc-6cb1314d375e-139697814206272","trial_id":1,"param_name":"max_depth","param_value_internal":2.0,"distribution":"{\"name\": \"IntDistribution\", \"attributes\": {\"log\": false, \"step\": 1, \"low\": 2, \"high\": 5}}"}
{"op_code":6,"worker_id":"61fe0a4f-8522-4499-88bc-6cb1314d375e-139697814206272","trial_id":1,"state":1,"values":[0.42857142857142855],"datetime_complete":"2026-04-05T22:16:57.866048"}
{"op_code":4,"worker_id":"61fe0a4f-8522-4499-88bc-6cb1314d375e-139697814206272","study_id":0,"datetime_start":"2026-04-05T22:16:57.875792"}
{"op_code":5,"worker_id":"61fe0a4f-8522-4499-88bc-6cb1314d375e-139697814206272","trial_id":2,"param_name":"learning_rate","param_value_internal":0.11491888346470765,"distribution":"{\"name\": \"FloatDistribution\", \"attributes\": {\"step\": null, \"low\": 0.01, \"high\": 0.2, \"log\": true}}"}
{"op_code":5,"worker_id":"61fe0a4f-8522-4499-88bc-6cb1314d375e-139697814206272","trial_id":2,"param_name":"n_estimators","param_value_internal":151.0,"distribution":"{\"name\": \"IntDistribution\", \"attributes\": {\"log\": false, \"step\": 1, \"low\": 50, \"high\": 200}}"}
{"op_code":5,"worker_id":"61fe0a4f-8522-4499-88bc-6cb1314d375e-139697814206272","trial_id":2,"param_name":"max_depth","param_value_internal":4.0,"distribution":"{\"name\": \"IntDistribution\", \"attributes\": {\"log\": false, \"step\": 1, \"low\": 2, \"high\": 5}}"}
{"op_code":6,"worker_id":"61fe0a4f-8522-4499-88bc-6cb1314d375e-139697814206272","trial_id":2,"state":1,"values":[0.42857142857142855],"datetime_complete":"2026-04-05T22:16:57.963461"}
{"op_code":4,"worker_id":"61fe0a4f-8522-4499-88bc-6cb1314d375e-139697814206272","study_id":0,"datetime_start":"2026-04-05T22:16:57.977434"}
{"op_code":5,"worker_id":"61fe0a4f-8522-4499-88bc-6cb1314d375e-139697814206272","trial_id":3,"param_name":"learning_rate","param_value_internal":0.010538083927171645,"distribution":"{\"name\": \"FloatDistribution\", \"attributes\": {\"step\": null, \"low\": 0.01, \"high\": 0.2, \"log\": true}}"}
{"op_code":5,"worker_id":"61fe0a4f-8522-4499-88bc-6cb1314d375e-139697814206272","trial_id":3,"param_name":"n_estimators","param_value_internal":58.0,"distribution":"{\"name\": \"IntDistribution\", \"attributes\": {\"log\": false, \"step\": 1, \"low\": 50, \"high\": 200}}"}
{"op_code":5,"worker_id":"61fe0a4f-8522-4499-88bc-6cb1314d375e-139697814206272","trial_id":3,"param_name":"max_depth","param_value_internal":3.0,"distribution":"{\"name\": \"IntDistribution\", \"attributes\": {\"log\": false, \"step\": 1, \"low\": 2, \"high\": 5}}"}
{"op_code":6,"worker_id":"61fe0a4f-8522-4499-88bc-6cb1314d375e-139697814206272","trial_id":3,"state":1,"values":[0.5714285714285714],"datetime_complete":"2026-04-05T22:16:58.039565"}
{"op_code":4,"worker_id":"61fe0a4f-8522-4499-88bc-6cb1314d375e-139697814206272","study_id":0,"datetime_start":"2026-04-05T22:16:58.051012"}
{"op_code":5,"worker_id":"61fe0a4f-8522-4499-88bc-6cb1314d375e-139697814206272","trial_id":4,"param_name":"learning_rate","param_value_internal":0.10579239915463054,"distribution":"{\"name\": \"FloatDistribution\", \"attributes\": {\"step\": null, \"low\": 0.01, \"high\": 0.2, \"log\": true}}"}
{"op_code":5,"worker_id":"61fe0a4f-8522-4499-88bc-6cb1314d375e-139697814206272","trial_id":4,"param_name":"n_estimators","param_value_internal":172.0,"distribution":"{\"name\": \"IntDistribution\", \"attributes\": {\"log\": false, \"step\": 1, \"low\": 50, \"high\": 200}}"}
{"op_code":5,"worker_id":"61fe0a4f-8522-4499-88bc-6cb1314d375e-139697814206272","trial_id":4,"param_name":"max_depth","param_value_internal":5.0,"distribution":"{\"name\": \"IntDistribution\", \"attributes\": {\"log\": false, \"step\": 1, \"low\": 2, \"high\": 5}}"}
{"op_code":6,"worker_id":"61fe0a4f-8522-4499-88bc-6cb1314d375e-139697814206272","trial_id":4,"state":1,"values":[0.5714285714285714],"datetime_complete":"2026-04-05T22:16:58.140950"}
{"op_code":4,"worker_id":"61fe0a4f-8522-4499-88bc-6cb1314d375e-139697814206272","study_id":0,"datetime_start":"2026-04-05T22:16:58.151229"}
{"op_code":5,"worker_id":"61fe0a4f-8522-4499-88bc-6cb1314d375e-139697814206272","trial_id":5,"param_name":"learning_rate","param_value_internal":0.18761664784028403,"distribution":"{\"name\": \"FloatDistribution\", \"attributes\": {\"step\": null, \"low\": 0.01, \"high\": 0.2, \"log\": true}}"}
{"op_code":5,"worker_id":"61fe0a4f-8522-4499-88bc-6cb1314d375e-139697814206272","trial_id":5,"param_name":"n_estimators","param_value_internal":119.0,"distribution":"{\"name\": \"IntDistribution\", \"attributes\": {\"log\": false, \"step\": 1, \"low\": 50, \"high\": 200}}"}
{"op_code":5,"worker_id":"61fe0a4f-8522-4499-88bc-6cb1314d375e-139697814206272","trial_id":5,"param_name":"max_depth","param_value_internal":3.0,"distribution":"{\"name\": \"IntDistribution\", \"attributes\": {\"log\": false, \"step\": 1, \"low\": 2, \"high\": 5}}"}
{"op_code":6,"worker_id":"61fe0a4f-8522-4499-88bc-6cb1314d375e-139697814206272","trial_id":5,"state":1,"values":[0.42857142857142855],"datetime_complete":"2026-04-05T22:16:58.228397"}
{"op_code":4,"worker_id":"61fe0a4f-8522-4499-88bc-6cb1314d375e-139697814206272","study_id":0,"datetime_start":"2026-04-05T22:16:58.238669"}
{"op_code":5,"worker_id":"61fe0a4f-8522-4499-88bc-6cb1314d375e-139697814206272","trial_id":6,"param_name":"learning_rate","param_value_internal":0.15748825551759496,"distribution":"{\"name\": \"FloatDistribution\", \"attributes\": {\"step\": null, \"low\": 0.01, \"high\": 0.2, \"log\": true}}"}
{"op_code":5,"worker_id":"61fe0a4f-8522-4499-88bc-6cb1314d375e-139697814206272","trial_id":6,"param_name":"n_estimators","param_value_internal":75.0,"distribution":"{\"name\": \"IntDistribution\", \"attributes\": {\"log\": false, \"step\": 1, \"low\": 50, \"high\": 200}}"}
{"op_code":5,"worker_id":"61fe0a4f-8522-4499-88bc-6cb1314d375e-139697814206272","trial_id":6,"param_name":"max_depth","param_value_internal":5.0,"distribution":"{\"name\": \"IntDistribution\", \"attributes\": {\"log\": false, \"step\": 1, \"low\": 2, \"high\": 5}}"}
{"op_code":6,"worker_id":"61fe0a4f-8522-4499-88bc-6cb1314d375e-139697814206272","trial_id":6,"state":1,"values":[0.5714285714285714],"datetime_complete":"2026-04-05T22:16:58.307267"}
{"op_code":4,"worker_id":"61fe0a4f-8522-4499-88bc-6cb1314d375e-139697814206272","study_id":0,"datetime_start":"2026-04-05T22:16:58.319722"}
{"op_code":5,"worker_id":"61fe0a4f-8522-4499-88bc-6cb1314d375e-139697814206272","trial_id":7,"param_name":"learning_rate","param_value_internal":0.13693236534030195,"distribution":"{\"name\": \"FloatDistribution\", \"attributes\": {\"step\": null, \"low\": 0.01, \"high\": 0.2, \"log\": true}}"}
{"op_code":5,"worker_id":"61fe0a4f-8522-4499-88bc-6cb1314d375e-139697814206272","trial_id":7,"param_name":"n_estimators","param_value_internal":185.0,"distribution":"{\"name\": \"IntDistribution\", \"attributes\": {\"log\": false, \"step\": 1, \"low\": 50, \"high\": 200}}"}
{"op_code":5,"worker_id":"61fe0a4f-8522-4499-88bc-6cb1314d375e-139697814206272","trial_id":7,"param_name":"max_depth","param_value_internal":2.0,"distribution":"{\"name\": \"IntDistribution\", \"attributes\": {\"log\": false, \"step\": 1, \"low\": 2, \"high\": 5}}"}
{"op_code":6,"worker_id":"61fe0a4f-8522-4499-88bc-6cb1314d375e-139697814206272","trial_id":7,"state":1,"values":[0.42857142857142855],"datetime_complete":"2026-04-05T22:16:58.410430"}
{"op_code":4,"worker_id":"61fe0a4f-8522-4499-88bc-6cb1314d375e-139697814206272","study_id":0,"datetime_start":"2026-04-05T22:16:58.420842"}
{"op_code":5,"worker_id":"61fe0a4f-8522-4499-88bc-6cb1314d375e-139697814206272","trial_id":8,"param_name":"learning_rate","param_value_internal":0.1787432292494683,"distribution":"{\"name\": \"FloatDistribution\", \"attributes\": {\"step\": null, \"low\": 0.01, \"high\": 0.2, \"log\": true}}"}
{"op_code":5,"worker_id":"61fe0a4f-8522-4499-88bc-6cb1314d375e-139697814206272","trial_id":8,"param_name":"n_estimators","param_value_internal":197.0,"distribution":"{\"name\": \"IntDistribution\", \"attributes\": {\"log\": false, \"step\": 1, \"low\": 50, \"high\": 200}}"}
{"op_code":5,"worker_id":"61fe0a4f-8522-4499-88bc-6cb1314d375e-139697814206272","trial_id":8,"param_name":"max_depth","param_value_internal":3.0,"distribution":"{\"name\": \"IntDistribution\", \"attributes\": {\"log\": false, \"step\": 1, \"low\": 2, \"high\": 5}}"}
{"op_code":6,"worker_id":"61fe0a4f-8522-4499-88bc-6cb1314d375e-139697814206272","trial_id":8,"state":1,"values":[0.42857142857142855],"datetime_complete":"2026-04-05T22:16:58.525793"}
{"op_code":4,"worker_id":"61fe0a4f-8522-4499-88bc-6cb1314d375e-139697814206272","study_id":0,"datetime_start":"2026-04-05T22:16:58.537852"}
{"op_code":5,"worker_id":"61fe0a4f-8522-4499-88bc-6cb1314d375e-139697814206272","trial_id":9,"param_name":"learning_rate","param_value_internal":0.11840887713819251,"distribution":"{\"name\": \"FloatDistribution\", \"attributes\": {\"step\": null, \"low\": 0.01, \"high\": 0.2, \"log\": true}}"}
{"op_code":5,"worker_id":"61fe0a4f-8522-4499-88bc-6cb1314d375e-139697814206272","trial_id":9,"param_name":"n_estimators","param_value_internal":150.0,"distribution":"{\"name\": \"IntDistribution\", \"attributes\": {\"log\": false, \"step\": 1, \"low\": 50, \"high\": 200}}"}
{"op_code":5,"worker_id":"61fe0a4f-8522-4499-88bc-6cb1314d375e-139697814206272","trial_id":9,"param_name":"max_depth","param_value_internal":3.0,"distribution":"{\"name\": \"IntDistribution\", \"attributes\": {\"log\": false, \"step\": 1, \"low\": 2, \"high\": 5}}"}
{"op_code":6,"worker_id":"61fe0a4f-8522-4499-88bc-6cb1314d375e-139697814206272","trial_id":9,"state":1,"values":[0.42857142857142855],"datetime_complete":"2026-04-05T22:16:58.624437"}
{"op_code":4,"worker_id":"61fe0a4f-8522-4499-88bc-6cb1314d375e-139697814206272","study_id":0,"datetime_start":"2026-04-05T22:16:58.634933"}
{"op_code":5,"worker_id":"61fe0a4f-8522-4499-88bc-6cb1314d375e-139697814206272","trial_id":10,"param_name":"learning_rate","param_value_internal":0.010299465643293535,"distribution":"{\"name\": \"FloatDistribution\", \"attributes\": {\"step\": null, \"low\": 0.01, \"high\": 0.2, \"log\": true}}"}
{"op_code":5,"worker_id":"61fe0a4f-8522-4499-88bc-6cb1314d375e-139697814206272","trial_id":10,"param_name":"n_estimators","param_value_internal":102.0,"distribution":"{\"name\": \"IntDistribution\", \"attributes\": {\"log\": false, \"step\": 1, \"low\": 50, \"high\": 200}}"}
{"op_code":5,"worker_id":"61fe0a4f-8522-4499-88bc-6cb1314d375e-139697814206272","trial_id":10,"param_name":"max_depth","param_value_internal":4.0,"distribution":"{\"name\": \"IntDistribution\", \"attributes\": {\"log\": false, \"step\": 1, \"low\": 2, \"high\": 5}}"}
{"op_code":6,"worker_id":"61fe0a4f-8522-4499-88bc-6cb1314d375e-139697814206272","trial_id":10,"state":1,"values":[0.5714285714285714],"datetime_complete":"2026-04-05T22:16:58.725683"}
{"op_code":4,"worker_id":"61fe0a4f-8522-4499-88bc-6cb1314d375e-139697814206272","study_id":0,"datetime_start":"2026-04-05T22:16:58.736081"}
{"op_code":5,"worker_id":"61fe0a4f-8522-4499-88bc-6cb1314d375e-139697814206272","trial_id":11,"param_name":"learning_rate","param_value_internal":0.0161687676872217,"distribution":"{\"name\": \"FloatDistribution\", \"attributes\": {\"step\": null, \"low\": 0.01, \"high\": 0.2, \"log\": true}}"}
{"op_code":5,"worker_id":"61fe0a4f-8522-4499-88bc-6cb1314d375e-139697814206272","trial_id":11,"param_name":"n_estimators","param_value_internal":157.0,"distribution":"{\"name\": \"IntDistribution\", \"attributes\": {\"log\": false, \"step\": 1, \"low\": 50, \"high\": 200}}"}
{"op_code":5,"worker_id":"61fe0a4f-8522-4499-88bc-6cb1314d375e-139697814206272","trial_id":11,"param_name":"max_depth","param_value_internal":5.0,"distribution":"{\"name\": \"IntDistribution\", \"attributes\": {\"log\": false, \"step\": 1, \"low\": 2, \"high\": 5}}"}
{"op_code":6,"worker_id":"61fe0a4f-8522-4499-88bc-6cb1314d375e-139697814206272","trial_id":11,"state":1,"values":[0.5714285714285714],"datetime_complete":"2026-04-05T22:16:58.831712"}
{"op_code":4,"worker_id":"61fe0a4f-8522-4499-88bc-6cb1314d375e-139697814206272","study_id":0,"datetime_start":"2026-04-05T22:16:58.842456"}
{"op_code":5,"worker_id":"61fe0a4f-8522-4499-88bc-6cb1314d375e-139697814206272","trial_id":12,"param_name":"learning_rate","param_value_internal":0.03216175467755824,"distribution":"{\"name\": \"FloatDistribution\", \"attributes\": {\"step\": null, \"low\": 0.01, \"high\": 0.2, \"log\": true}}"}
{"op_code":5,"worker_id":"61fe0a4f-8522-4499-88bc-6cb1314d375e-139697814206272","trial_id":12,"param_name":"n_estimators","param_value_internal":94.0,"distribution":"{\"name\": \"IntDistribution\", \"attributes\": {\"log\": false, \"step\": 1, \"low\": 50, \"high\": 200}}"}
{"op_code":5,"worker_id":"61fe0a4f-8522-4499-88bc-6cb1314d375e-139697814206272","trial_id":12,"param_name":"max_depth","param_value_internal":4.0,"distribution":"{\"name\": \"IntDistribution\", \"attributes\": {\"log\": false, \"step\": 1, \"low\": 2, \"high\": 5}}"}
{"op_code":6,"worker_id":"61fe0a4f-8522-4499-88bc-6cb1314d375e-139697814206272","trial_id":12,"state":1,"values":[0.42857142857142855],"datetime_complete":"2026-04-05T22:16:58.921775"}
{"op_code":4,"worker_id":"61fe0a4f-8522-4499-88bc-6cb1314d375e-139697814206272","study_id":0,"datetime_start":"2026-04-05T22:16:58.933849"}
{"op_code":5,"worker_id":"61fe0a4f-8522-4499-88bc-6cb1314d375e-139697814206272","trial_id":13,"param_name":"learning_rate","param_value_internal":0.03717755002365596,"distribution":"{\"name\": \"FloatDistribution\", \"attributes\": {\"step\": null, \"low\": 0.01, \"high\": 0.2, \"log\": true}}"}
{"op_code":5,"worker_id":"61fe0a4f-8522-4499-88bc-6cb1314d375e-139697814206272","trial_id":13,"param_name":"n_estimators","param_value_internal":169.0,"distribution":"{\"name\": \"IntDistribution\", \"attributes\": {\"log\": false, \"step\": 1, \"low\": 50, \"high\": 200}}"}
{"op_code":5,"worker_id":"61fe0a4f-8522-4499-88bc-6cb1314d375e-139697814206272","trial_id":13,"param_name":"max_depth","param_value_internal":5.0,"distribution":"{\"name\": \"IntDistribution\", \"attributes\": {\"log\": false, \"step\": 1, \"low\": 2, \"high\": 5}}"}
{"op_code":6,"worker_id":"61fe0a4f-8522-4499-88bc-6cb1314d375e-139697814206272","trial_id":13,"state":1,"values":[0.5714285714285714],"datetime_complete":"2026-04-05T22:16:59.030917"}
{"op_code":4,"worker_id":"61fe0a4f-8522-4499-88bc-6cb1314d375e-139697814206272","study_id":0,"datetime_start":"2026-04-05T22:16:59.044023"}
{"op_code":5,"worker_id":"61fe0a4f-8522-4499-88bc-6cb1314d375e-139697814206272","trial_id":14,"param_name":"learning_rate","param_value_internal":0.02138928350391104,"distribution":"{\"name\": \"FloatDistribution\", \"attributes\": {\"step\": null, \"low\": 0.01, \"high\": 0.2, \"log\": true}}"}
{"op_code":5,"worker_id":"61fe0a4f-8522-4499-88bc-6cb1314d375e-139697814206272","trial_id":14,"param_name":"n_estimators","param_value_internal":132.0,"distribution":"{\"name\": \"IntDistribution\", \"attributes\": {\"log\": false, \"step\": 1, \"low\": 50, \"high\": 200}}"}
{"op_code":5,"worker_id":"61fe0a4f-8522-4499-88bc-6cb1314d375e-139697814206272","trial_id":14,"param_name":"max_depth","param_value_internal":4.0,"distribution":"{\"name\": \"IntDistribution\", \"attributes\": {\"log\": false, \"step\": 1, \"low\": 2, \"high\": 5}}"}
{"op_code":6,"worker_id":"61fe0a4f-8522-4499-88bc-6cb1314d375e-139697814206272","trial_id":14,"state":1,"values":[0.42857142857142855],"datetime_complete":"2026-04-05T22:16:59.133086"}
{"op_code":4,"worker_id":"61fe0a4f-8522-4499-88bc-6cb1314d375e-139697814206272","study_id":0,"datetime_start":"2026-04-05T22:16:59.143221"}
{"op_code":5,"worker_id":"61fe0a4f-8522-4499-88bc-6cb1314d375e-139697814206272","trial_id":15,"param_name":"learning_rate","param_value_internal":0.058373158826927944,"distribution":"{\"name\": \"FloatDistribution\", \"attributes\": {\"step\": null, \"low\": 0.01, \"high\": 0.2, \"log\": true}}"}
{"op_code":5,"worker_id":"61fe0a4f-8522-4499-88bc-6cb1314d375e-139697814206272","trial_id":15,"param_name":"n_estimators","param_value_internal":118.0,"distribution":"{\"name\": \"IntDistribution\", \"attributes\": {\"log\": false, \"step\": 1, \"low\": 50, \"high\": 200}}"}
{"op_code":5,"worker_id":"61fe0a4f-8522-4499-88bc-6cb1314d375e-139697814206272","trial_id":15,"param_name":"max_depth","param_value_internal":3.0,"distribution":"{\"name\": \"IntDistribution\", \"attributes\": {\"log\": false, \"step\": 1, \"low\": 2, \"high\": 5}}"}
{"op_code":6,"worker_id":"61fe0a4f-8522-4499-88bc-6cb1314d375e-139697814206272","trial_id":15,"state":1,"values":[0.42857142857142855],"datetime_complete":"2026-04-05T22:16:59.229527"}
{"op_code":4,"worker_id":"61fe0a4f-8522-4499-88bc-6cb1314d375e-139697814206272","study_id":0,"datetime_start":"2026-04-05T22:16:59.241110"}
{"op_code":5,"worker_id":"61fe0a4f-8522-4499-88bc-6cb1314d375e-139697814206272","trial_id":16,"param_name":"learning_rate","param_value_internal":0.024656105355422193,"distribution":"{\"name\": \"FloatDistribution\", \"attributes\": {\"step\": null, \"low\": 0.01, \"high\": 0.2, \"log\": true}}"}
{"op_code":5,"worker_id":"61fe0a4f-8522-4499-88bc-6cb1314d375e-139697814206272","trial_id":16,"param_name":"n_estimators","param_value_internal":84.0,"distribution":"{\"name\": \"IntDistribution\", \"attributes\": {\"log\": false, \"step\": 1, \"low\": 50, \"high\": 200}}"}
{"op_code":5,"worker_id":"61fe0a4f-8522-4499-88bc-6cb1314d375e-139697814206272","trial_id":16,"param_name":"max_depth","param_value_internal":5.0,"distribution":"{\"name\": \"IntDistribution\", \"attributes\": {\"log\": false, \"step\": 1, \"low\": 2, \"high\": 5}}"}
{"op_code":6,"worker_id":"61fe0a4f-8522-4499-88bc-6cb1314d375e-139697814206272","trial_id":16,"state":1,"values":[0.5714285714285714],"datetime_complete":"2026-04-05T22:16:59.318267"}
{"op_code":4,"worker_id":"61fe0a4f-8522-4499-88bc-6cb1314d375e-139697814206272","study_id":0,"datetime_start":"2026-04-05T22:16:59.329713"}
{"op_code":5,"worker_id":"61fe0a4f-8522-4499-88bc-6cb1314d375e-139697814206272","trial_id":17,"param_name":"learning_rate","param_value_internal":0.010572485009196988,"distribution":"{\"name\": \"FloatDistribution\", \"attributes\": {\"step\": null, \"low\": 0.01, \"high\": 0.2, \"log\": true}}"}
{"op_code":5,"worker_id":"61fe0a4f-8522-4499-88bc-6cb1314d375e-139697814206272","trial_id":17,"param_name":"n_estimators","param_value_internal":179.0,"distribution":"{\"name\": \"IntDistribution\", \"attributes\": {\"log\": false, \"step\": 1, \"low\": 50, \"high\": 200}}"}
{"op_code":5,"worker_id":"61fe0a4f-8522-4499-88bc-6cb1314d375e-139697814206272","trial_id":17,"param_name":"max_depth","param_value_internal":4.0,"distribution":"{\"name\": \"IntDistribution\", \"attributes\": {\"log\": false, \"step\": 1, \"low\": 2, \"high\": 5}}"}
{"op_code":6,"worker_id":"61fe0a4f-8522-4499-88bc-6cb1314d375e-139697814206272","trial_id":17,"state":1,"values":[0.7142857142857143],"datetime_complete":"2026-04-05T22:16:59.437821"}
{"op_code":4,"worker_id":"61fe0a4f-8522-4499-88bc-6cb1314d375e-139697814206272","study_id":0,"datetime_start":"2026-04-05T22:16:59.451824"}
{"op_code":5,"worker_id":"61fe0a4f-8522-4499-88bc-6cb1314d375e-139697814206272","trial_id":18,"param_name":"learning_rate","param_value_internal":0.010701188838753402,"distribution":"{\"name\": \"FloatDistribution\", \"attributes\": {\"step\": null, \"low\": 0.01, \"high\": 0.2, \"log\": true}}"}
{"op_code":5,"worker_id":"61fe0a4f-8522-4499-88bc-6cb1314d375e-139697814206272","trial_id":18,"param_name":"n_estimators","param_value_internal":134.0,"distribution":"{\"name\": \"IntDistribution\", \"attributes\": {\"log\": false, \"step\": 1, \"low\": 50, \"high\": 200}}"}
{"op_code":5,"worker_id":"61fe0a4f-8522-4499-88bc-6cb1314d375e-139697814206272","trial_id":18,"param_name":"max_depth","param_value_internal":3.0,"distribution":"{\"name\": \"IntDistribution\", \"attributes\": {\"log\": false, \"step\": 1, \"low\": 2, \"high\": 5}}"}
{"op_code":6,"worker_id":"61fe0a4f-8522-4499-88bc-6cb1314d375e-139697814206272","trial_id":18,"state":1,"values":[0.7142857142857143],"datetime_complete":"2026-04-05T22:16:59.541598"}
{"op_code":4,"worker_id":"61fe0a4f-8522-4499-88bc-6cb1314d375e-139697814206272","study_id":0,"datetime_start":"2026-04-05T22:16:59.552816"}
{"op_code":5,"worker_id":"61fe0a4f-8522-4499-88bc-6cb1314d375e-139697814206272","trial_id":19,"param_name":"learning_rate","param_value_internal":0.014799645917441002,"distribution":"{\"name\": \"FloatDistribution\", \"attributes\": {\"step\": null, \"low\": 0.01, \"high\": 0.2, \"log\": true}}"}
{"op_code":5,"worker_id":"61fe0a4f-8522-4499-88bc-6cb1314d375e-139697814206272","trial_id":19,"param_name":"n_estimators","param_value_internal":136.0,"distribution":"{\"name\": \"IntDistribution\", \"attributes\": {\"log\": false, \"step\": 1, \"low\": 50, \"high\": 200}}"}
{"op_code":5,"worker_id":"61fe0a4f-8522-4499-88bc-6cb1314d375e-139697814206272","trial_id":19,"param_name":"max_depth","param_value_internal":4.0,"distribution":"{\"name\": \"IntDistribution\", \"attributes\": {\"log\": false, \"step\": 1, \"low\": 2, \"high\": 5}}"}
{"op_code":6,"worker_id":"61fe0a4f-8522-4499-88bc-6cb1314d375e-139697814206272","trial_id":19,"state":1,"values":[0.7142857142857143],"datetime_complete":"2026-04-05T22:16:59.642535"}
