{"op_code":0,"worker_id":"eb626a75-1ee5-4ef2-84c0-de1355a5180d-140544486217536","study_name":"tabpfn_cox","directions":[2]}
{"op_code":4,"worker_id":"eb626a75-1ee5-4ef2-84c0-de1355a5180d-140544486217536","study_id":0,"datetime_start":"2026-04-01T01:00:53.346891"}
{"op_code":5,"worker_id":"eb626a75-1ee5-4ef2-84c0-de1355a5180d-140544486217536","trial_id":0,"param_name":"lr","param_value_internal":0.0008353028858781551,"distribution":"{\"name\": \"FloatDistribution\", \"attributes\": {\"step\": null, \"low\": 0.0001, \"high\": 0.1, \"log\": true}}"}
{"op_code":5,"worker_id":"eb626a75-1ee5-4ef2-84c0-de1355a5180d-140544486217536","trial_id":0,"param_name":"dropout","param_value_internal":0.27994762421796393,"distribution":"{\"name\": \"FloatDistribution\", \"attributes\": {\"step\": null, \"low\": 0.0, \"high\": 0.5, \"log\": false}}"}
{"op_code":5,"worker_id":"eb626a75-1ee5-4ef2-84c0-de1355a5180d-140544486217536","trial_id":0,"param_name":"nodes","param_value_internal":2,"distribution":"{\"name\": \"CategoricalDistribution\", \"attributes\": {\"choices\": [\"64-64\", \"128-64\", \"256-128\"]}}"}
{"op_code":6,"worker_id":"eb626a75-1ee5-4ef2-84c0-de1355a5180d-140544486217536","trial_id":0,"state":1,"values":[0.8182100490652755],"datetime_complete":"2026-04-01T01:00:55.062000"}
{"op_code":4,"worker_id":"eb626a75-1ee5-4ef2-84c0-de1355a5180d-140544486217536","study_id":0,"datetime_start":"2026-04-01T01:00:55.082691"}
{"op_code":5,"worker_id":"eb626a75-1ee5-4ef2-84c0-de1355a5180d-140544486217536","trial_id":1,"param_name":"lr","param_value_internal":0.004180325889273916,"distribution":"{\"name\": \"FloatDistribution\", \"attributes\": {\"step\": null, \"low\": 0.0001, \"high\": 0.1, \"log\": true}}"}
{"op_code":5,"worker_id":"eb626a75-1ee5-4ef2-84c0-de1355a5180d-140544486217536","trial_id":1,"param_name":"dropout","param_value_internal":0.1858211687289601,"distribution":"{\"name\": \"FloatDistribution\", \"attributes\": {\"step\": null, \"low\": 0.0, \"high\": 0.5, \"log\": false}}"}
{"op_code":5,"worker_id":"eb626a75-1ee5-4ef2-84c0-de1355a5180d-140544486217536","trial_id":1,"param_name":"nodes","param_value_internal":2,"distribution":"{\"name\": \"CategoricalDistribution\", \"attributes\": {\"choices\": [\"64-64\", \"128-64\", \"256-128\"]}}"}
{"op_code":6,"worker_id":"eb626a75-1ee5-4ef2-84c0-de1355a5180d-140544486217536","trial_id":1,"state":1,"values":[0.8211912303583628],"datetime_complete":"2026-04-01T01:00:56.803594"}
{"op_code":4,"worker_id":"eb626a75-1ee5-4ef2-84c0-de1355a5180d-140544486217536","study_id":0,"datetime_start":"2026-04-01T01:00:56.833590"}
{"op_code":5,"worker_id":"eb626a75-1ee5-4ef2-84c0-de1355a5180d-140544486217536","trial_id":2,"param_name":"lr","param_value_internal":0.0003050136113998516,"distribution":"{\"name\": \"FloatDistribution\", \"attributes\": {\"step\": null, \"low\": 0.0001, \"high\": 0.1, \"log\": true}}"}
{"op_code":5,"worker_id":"eb626a75-1ee5-4ef2-84c0-de1355a5180d-140544486217536","trial_id":2,"param_name":"dropout","param_value_internal":0.16047206677644194,"distribution":"{\"name\": \"FloatDistribution\", \"attributes\": {\"step\": null, \"low\": 0.0, \"high\": 0.5, \"log\": false}}"}
{"op_code":5,"worker_id":"eb626a75-1ee5-4ef2-84c0-de1355a5180d-140544486217536","trial_id":2,"param_name":"nodes","param_value_internal":1,"distribution":"{\"name\": \"CategoricalDistribution\", \"attributes\": {\"choices\": [\"64-64\", \"128-64\", \"256-128\"]}}"}
{"op_code":6,"worker_id":"eb626a75-1ee5-4ef2-84c0-de1355a5180d-140544486217536","trial_id":2,"state":1,"values":[0.8267188373392957],"datetime_complete":"2026-04-01T01:00:58.540281"}
{"op_code":4,"worker_id":"eb626a75-1ee5-4ef2-84c0-de1355a5180d-140544486217536","study_id":0,"datetime_start":"2026-04-01T01:00:58.576327"}
{"op_code":5,"worker_id":"eb626a75-1ee5-4ef2-84c0-de1355a5180d-140544486217536","trial_id":3,"param_name":"lr","param_value_internal":0.0092665600218009,"distribution":"{\"name\": \"FloatDistribution\", \"attributes\": {\"step\": null, \"low\": 0.0001, \"high\": 0.1, \"log\": true}}"}
{"op_code":5,"worker_id":"eb626a75-1ee5-4ef2-84c0-de1355a5180d-140544486217536","trial_id":3,"param_name":"dropout","param_value_internal":0.42486180371389043,"distribution":"{\"name\": \"FloatDistribution\", \"attributes\": {\"step\": null, \"low\": 0.0, \"high\": 0.5, \"log\": false}}"}
{"op_code":5,"worker_id":"eb626a75-1ee5-4ef2-84c0-de1355a5180d-140544486217536","trial_id":3,"param_name":"nodes","param_value_internal":1,"distribution":"{\"name\": \"CategoricalDistribution\", \"attributes\": {\"choices\": [\"64-64\", \"128-64\", \"256-128\"]}}"}
{"op_code":6,"worker_id":"eb626a75-1ee5-4ef2-84c0-de1355a5180d-140544486217536","trial_id":3,"state":1,"values":[0.830414259983852],"datetime_complete":"2026-04-01T01:01:00.038572"}
{"op_code":4,"worker_id":"eb626a75-1ee5-4ef2-84c0-de1355a5180d-140544486217536","study_id":0,"datetime_start":"2026-04-01T01:01:00.057241"}
{"op_code":5,"worker_id":"eb626a75-1ee5-4ef2-84c0-de1355a5180d-140544486217536","trial_id":4,"param_name":"lr","param_value_internal":0.0009112681562959119,"distribution":"{\"name\": \"FloatDistribution\", \"attributes\": {\"step\": null, \"low\": 0.0001, \"high\": 0.1, \"log\": true}}"}
{"op_code":5,"worker_id":"eb626a75-1ee5-4ef2-84c0-de1355a5180d-140544486217536","trial_id":4,"param_name":"dropout","param_value_internal":0.46709440551641845,"distribution":"{\"name\": \"FloatDistribution\", \"attributes\": {\"step\": null, \"low\": 0.0, \"high\": 0.5, \"log\": false}}"}
{"op_code":5,"worker_id":"eb626a75-1ee5-4ef2-84c0-de1355a5180d-140544486217536","trial_id":4,"param_name":"nodes","param_value_internal":2,"distribution":"{\"name\": \"CategoricalDistribution\", \"attributes\": {\"choices\": [\"64-64\", \"128-64\", \"256-128\"]}}"}
{"op_code":6,"worker_id":"eb626a75-1ee5-4ef2-84c0-de1355a5180d-140544486217536","trial_id":4,"state":1,"values":[0.829793180547792],"datetime_complete":"2026-04-01T01:01:01.293190"}
{"op_code":4,"worker_id":"eb626a75-1ee5-4ef2-84c0-de1355a5180d-140544486217536","study_id":0,"datetime_start":"2026-04-01T01:01:01.309664"}
{"op_code":5,"worker_id":"eb626a75-1ee5-4ef2-84c0-de1355a5180d-140544486217536","trial_id":5,"param_name":"lr","param_value_internal":0.0018039294637204662,"distribution":"{\"name\": \"FloatDistribution\", \"attributes\": {\"step\": null, \"low\": 0.0001, \"high\": 0.1, \"log\": true}}"}
{"op_code":5,"worker_id":"eb626a75-1ee5-4ef2-84c0-de1355a5180d-140544486217536","trial_id":5,"param_name":"dropout","param_value_internal":0.053364033709919045,"distribution":"{\"name\": \"FloatDistribution\", \"attributes\": {\"step\": null, \"low\": 0.0, \"high\": 0.5, \"log\": false}}"}
{"op_code":5,"worker_id":"eb626a75-1ee5-4ef2-84c0-de1355a5180d-140544486217536","trial_id":5,"param_name":"nodes","param_value_internal":0,"distribution":"{\"name\": \"CategoricalDistribution\", \"attributes\": {\"choices\": [\"64-64\", \"128-64\", \"256-128\"]}}"}
{"op_code":6,"worker_id":"eb626a75-1ee5-4ef2-84c0-de1355a5180d-140544486217536","trial_id":5,"state":1,"values":[0.8192658841065772],"datetime_complete":"2026-04-01T01:01:02.443325"}
{"op_code":4,"worker_id":"eb626a75-1ee5-4ef2-84c0-de1355a5180d-140544486217536","study_id":0,"datetime_start":"2026-04-01T01:01:02.465388"}
{"op_code":5,"worker_id":"eb626a75-1ee5-4ef2-84c0-de1355a5180d-140544486217536","trial_id":6,"param_name":"lr","param_value_internal":0.007149311064201762,"distribution":"{\"name\": \"FloatDistribution\", \"attributes\": {\"step\": null, \"low\": 0.0001, \"high\": 0.1, \"log\": true}}"}
{"op_code":5,"worker_id":"eb626a75-1ee5-4ef2-84c0-de1355a5180d-140544486217536","trial_id":6,"param_name":"dropout","param_value_internal":0.4017867851205955,"distribution":"{\"name\": \"FloatDistribution\", \"attributes\": {\"step\": null, \"low\": 0.0, \"high\": 0.5, \"log\": false}}"}
{"op_code":5,"worker_id":"eb626a75-1ee5-4ef2-84c0-de1355a5180d-140544486217536","trial_id":6,"param_name":"nodes","param_value_internal":1,"distribution":"{\"name\": \"CategoricalDistribution\", \"attributes\": {\"choices\": [\"64-64\", \"128-64\", \"256-128\"]}}"}
{"op_code":6,"worker_id":"eb626a75-1ee5-4ef2-84c0-de1355a5180d-140544486217536","trial_id":6,"state":1,"values":[0.825476678467176],"datetime_complete":"2026-04-01T01:01:03.598508"}
{"op_code":4,"worker_id":"eb626a75-1ee5-4ef2-84c0-de1355a5180d-140544486217536","study_id":0,"datetime_start":"2026-04-01T01:01:03.613110"}
{"op_code":5,"worker_id":"eb626a75-1ee5-4ef2-84c0-de1355a5180d-140544486217536","trial_id":7,"param_name":"lr","param_value_internal":0.0024262095804293052,"distribution":"{\"name\": \"FloatDistribution\", \"attributes\": {\"step\": null, \"low\": 0.0001, \"high\": 0.1, \"log\": true}}"}
{"op_code":5,"worker_id":"eb626a75-1ee5-4ef2-84c0-de1355a5180d-140544486217536","trial_id":7,"param_name":"dropout","param_value_internal":0.4571995556426561,"distribution":"{\"name\": \"FloatDistribution\", \"attributes\": {\"step\": null, \"low\": 0.0, \"high\": 0.5, \"log\": false}}"}
{"op_code":5,"worker_id":"eb626a75-1ee5-4ef2-84c0-de1355a5180d-140544486217536","trial_id":7,"param_name":"nodes","param_value_internal":2,"distribution":"{\"name\": \"CategoricalDistribution\", \"attributes\": {\"choices\": [\"64-64\", \"128-64\", \"256-128\"]}}"}
{"op_code":6,"worker_id":"eb626a75-1ee5-4ef2-84c0-de1355a5180d-140544486217536","trial_id":7,"state":1,"values":[0.8282404819576423],"datetime_complete":"2026-04-01T01:01:04.746920"}
{"op_code":4,"worker_id":"eb626a75-1ee5-4ef2-84c0-de1355a5180d-140544486217536","study_id":0,"datetime_start":"2026-04-01T01:01:04.767285"}
{"op_code":5,"worker_id":"eb626a75-1ee5-4ef2-84c0-de1355a5180d-140544486217536","trial_id":8,"param_name":"lr","param_value_internal":0.019116918703748157,"distribution":"{\"name\": \"FloatDistribution\", \"attributes\": {\"step\": null, \"low\": 0.0001, \"high\": 0.1, \"log\": true}}"}
{"op_code":5,"worker_id":"eb626a75-1ee5-4ef2-84c0-de1355a5180d-140544486217536","trial_id":8,"param_name":"dropout","param_value_internal":0.4191702517821605,"distribution":"{\"name\": \"FloatDistribution\", \"attributes\": {\"step\": null, \"low\": 0.0, \"high\": 0.5, \"log\": false}}"}
{"op_code":5,"worker_id":"eb626a75-1ee5-4ef2-84c0-de1355a5180d-140544486217536","trial_id":8,"param_name":"nodes","param_value_internal":1,"distribution":"{\"name\": \"CategoricalDistribution\", \"attributes\": {\"choices\": [\"64-64\", \"128-64\", \"256-128\"]}}"}
{"op_code":6,"worker_id":"eb626a75-1ee5-4ef2-84c0-de1355a5180d-140544486217536","trial_id":8,"state":1,"values":[0.8288926153655053],"datetime_complete":"2026-04-01T01:01:05.894515"}
{"op_code":4,"worker_id":"eb626a75-1ee5-4ef2-84c0-de1355a5180d-140544486217536","study_id":0,"datetime_start":"2026-04-01T01:01:05.912208"}
{"op_code":5,"worker_id":"eb626a75-1ee5-4ef2-84c0-de1355a5180d-140544486217536","trial_id":9,"param_name":"lr","param_value_internal":0.00021772604370887138,"distribution":"{\"name\": \"FloatDistribution\", \"attributes\": {\"step\": null, \"low\": 0.0001, \"high\": 0.1, \"log\": true}}"}
{"op_code":5,"worker_id":"eb626a75-1ee5-4ef2-84c0-de1355a5180d-140544486217536","trial_id":9,"param_name":"dropout","param_value_internal":0.0021376064909031656,"distribution":"{\"name\": \"FloatDistribution\", \"attributes\": {\"step\": null, \"low\": 0.0, \"high\": 0.5, \"log\": false}}"}
{"op_code":5,"worker_id":"eb626a75-1ee5-4ef2-84c0-de1355a5180d-140544486217536","trial_id":9,"param_name":"nodes","param_value_internal":2,"distribution":"{\"name\": \"CategoricalDistribution\", \"attributes\": {\"choices\": [\"64-64\", \"128-64\", \"256-128\"]}}"}
{"op_code":6,"worker_id":"eb626a75-1ee5-4ef2-84c0-de1355a5180d-140544486217536","trial_id":9,"state":1,"values":[0.8122166325072977],"datetime_complete":"2026-04-01T01:01:07.099790"}
{"op_code":4,"worker_id":"eb626a75-1ee5-4ef2-84c0-de1355a5180d-140544486217536","study_id":0,"datetime_start":"2026-04-01T01:01:07.113567"}
{"op_code":5,"worker_id":"eb626a75-1ee5-4ef2-84c0-de1355a5180d-140544486217536","trial_id":10,"param_name":"lr","param_value_internal":0.07814607174822627,"distribution":"{\"name\": \"FloatDistribution\", \"attributes\": {\"step\": null, \"low\": 0.0001, \"high\": 0.1, \"log\": true}}"}
{"op_code":5,"worker_id":"eb626a75-1ee5-4ef2-84c0-de1355a5180d-140544486217536","trial_id":10,"param_name":"dropout","param_value_internal":0.3330438623590617,"distribution":"{\"name\": \"FloatDistribution\", \"attributes\": {\"step\": null, \"low\": 0.0, \"high\": 0.5, \"log\": false}}"}
{"op_code":5,"worker_id":"eb626a75-1ee5-4ef2-84c0-de1355a5180d-140544486217536","trial_id":10,"param_name":"nodes","param_value_internal":0,"distribution":"{\"name\": \"CategoricalDistribution\", \"attributes\": {\"choices\": [\"64-64\", \"128-64\", \"256-128\"]}}"}
{"op_code":6,"worker_id":"eb626a75-1ee5-4ef2-84c0-de1355a5180d-140544486217536","trial_id":10,"state":1,"values":[0.8230544686665424],"datetime_complete":"2026-04-01T01:01:08.251321"}
{"op_code":4,"worker_id":"eb626a75-1ee5-4ef2-84c0-de1355a5180d-140544486217536","study_id":0,"datetime_start":"2026-04-01T01:01:08.266832"}
{"op_code":5,"worker_id":"eb626a75-1ee5-4ef2-84c0-de1355a5180d-140544486217536","trial_id":11,"param_name":"lr","param_value_internal":0.020291897598012646,"distribution":"{\"name\": \"FloatDistribution\", \"attributes\": {\"step\": null, \"low\": 0.0001, \"high\": 0.1, \"log\": true}}"}
{"op_code":5,"worker_id":"eb626a75-1ee5-4ef2-84c0-de1355a5180d-140544486217536","trial_id":11,"param_name":"dropout","param_value_internal":0.48449168295241213,"distribution":"{\"name\": \"FloatDistribution\", \"attributes\": {\"step\": null, \"low\": 0.0, \"high\": 0.5, \"log\": false}}"}
{"op_code":5,"worker_id":"eb626a75-1ee5-4ef2-84c0-de1355a5180d-140544486217536","trial_id":11,"param_name":"nodes","param_value_internal":1,"distribution":"{\"name\": \"CategoricalDistribution\", \"attributes\": {\"choices\": [\"64-64\", \"128-64\", \"256-128\"]}}"}
{"op_code":6,"worker_id":"eb626a75-1ee5-4ef2-84c0-de1355a5180d-140544486217536","trial_id":11,"state":1,"values":[0.8324948760946526],"datetime_complete":"2026-04-01T01:01:09.392844"}
{"op_code":4,"worker_id":"eb626a75-1ee5-4ef2-84c0-de1355a5180d-140544486217536","study_id":0,"datetime_start":"2026-04-01T01:01:09.425876"}
{"op_code":5,"worker_id":"eb626a75-1ee5-4ef2-84c0-de1355a5180d-140544486217536","trial_id":12,"param_name":"lr","param_value_internal":0.02659604412932803,"distribution":"{\"name\": \"FloatDistribution\", \"attributes\": {\"step\": null, \"low\": 0.0001, \"high\": 0.1, \"log\": true}}"}
{"op_code":5,"worker_id":"eb626a75-1ee5-4ef2-84c0-de1355a5180d-140544486217536","trial_id":12,"param_name":"dropout","param_value_internal":0.49945567663063484,"distribution":"{\"name\": \"FloatDistribution\", \"attributes\": {\"step\": null, \"low\": 0.0, \"high\": 0.5, \"log\": false}}"}
{"op_code":5,"worker_id":"eb626a75-1ee5-4ef2-84c0-de1355a5180d-140544486217536","trial_id":12,"param_name":"nodes","param_value_internal":1,"distribution":"{\"name\": \"CategoricalDistribution\", \"attributes\": {\"choices\": [\"64-64\", \"128-64\", \"256-128\"]}}"}
{"op_code":6,"worker_id":"eb626a75-1ee5-4ef2-84c0-de1355a5180d-140544486217536","trial_id":12,"state":1,"values":[0.8334886031923483],"datetime_complete":"2026-04-01T01:01:10.598731"}
{"op_code":4,"worker_id":"eb626a75-1ee5-4ef2-84c0-de1355a5180d-140544486217536","study_id":0,"datetime_start":"2026-04-01T01:01:10.617637"}
{"op_code":5,"worker_id":"eb626a75-1ee5-4ef2-84c0-de1355a5180d-140544486217536","trial_id":13,"param_name":"lr","param_value_internal":0.04193544704541007,"distribution":"{\"name\": \"FloatDistribution\", \"attributes\": {\"step\": null, \"low\": 0.0001, \"high\": 0.1, \"log\": true}}"}
{"op_code":5,"worker_id":"eb626a75-1ee5-4ef2-84c0-de1355a5180d-140544486217536","trial_id":13,"param_name":"dropout","param_value_internal":0.4969808035015297,"distribution":"{\"name\": \"FloatDistribution\", \"attributes\": {\"step\": null, \"low\": 0.0, \"high\": 0.5, \"log\": false}}"}
{"op_code":5,"worker_id":"eb626a75-1ee5-4ef2-84c0-de1355a5180d-140544486217536","trial_id":13,"param_name":"nodes","param_value_internal":1,"distribution":"{\"name\": \"CategoricalDistribution\", \"attributes\": {\"choices\": [\"64-64\", \"128-64\", \"256-128\"]}}"}
{"op_code":6,"worker_id":"eb626a75-1ee5-4ef2-84c0-de1355a5180d-140544486217536","trial_id":13,"state":1,"values":[0.8332091174461214],"datetime_complete":"2026-04-01T01:01:11.749097"}
{"op_code":4,"worker_id":"eb626a75-1ee5-4ef2-84c0-de1355a5180d-140544486217536","study_id":0,"datetime_start":"2026-04-01T01:01:11.770141"}
{"op_code":5,"worker_id":"eb626a75-1ee5-4ef2-84c0-de1355a5180d-140544486217536","trial_id":14,"param_name":"lr","param_value_internal":0.0652770413563514,"distribution":"{\"name\": \"FloatDistribution\", \"attributes\": {\"step\": null, \"low\": 0.0001, \"high\": 0.1, \"log\": true}}"}
{"op_code":5,"worker_id":"eb626a75-1ee5-4ef2-84c0-de1355a5180d-140544486217536","trial_id":14,"param_name":"dropout","param_value_internal":0.3417019771509387,"distribution":"{\"name\": \"FloatDistribution\", \"attributes\": {\"step\": null, \"low\": 0.0, \"high\": 0.5, \"log\": false}}"}
{"op_code":5,"worker_id":"eb626a75-1ee5-4ef2-84c0-de1355a5180d-140544486217536","trial_id":14,"param_name":"nodes","param_value_internal":1,"distribution":"{\"name\": \"CategoricalDistribution\", \"attributes\": {\"choices\": [\"64-64\", \"128-64\", \"256-128\"]}}"}
{"op_code":6,"worker_id":"eb626a75-1ee5-4ef2-84c0-de1355a5180d-140544486217536","trial_id":14,"state":1,"values":[0.8330227936153034],"datetime_complete":"2026-04-01T01:01:12.905722"}
{"op_code":4,"worker_id":"eb626a75-1ee5-4ef2-84c0-de1355a5180d-140544486217536","study_id":0,"datetime_start":"2026-04-01T01:01:12.925907"}
{"op_code":5,"worker_id":"eb626a75-1ee5-4ef2-84c0-de1355a5180d-140544486217536","trial_id":15,"param_name":"lr","param_value_internal":0.027711294876990266,"distribution":"{\"name\": \"FloatDistribution\", \"attributes\": {\"step\": null, \"low\": 0.0001, \"high\": 0.1, \"log\": true}}"}
{"op_code":5,"worker_id":"eb626a75-1ee5-4ef2-84c0-de1355a5180d-140544486217536","trial_id":15,"param_name":"dropout","param_value_internal":0.35742264867666707,"distribution":"{\"name\": \"FloatDistribution\", \"attributes\": {\"step\": null, \"low\": 0.0, \"high\": 0.5, \"log\": false}}"}
{"op_code":5,"worker_id":"eb626a75-1ee5-4ef2-84c0-de1355a5180d-140544486217536","trial_id":15,"param_name":"nodes","param_value_internal":1,"distribution":"{\"name\": \"CategoricalDistribution\", \"attributes\": {\"choices\": [\"64-64\", \"128-64\", \"256-128\"]}}"}
{"op_code":6,"worker_id":"eb626a75-1ee5-4ef2-84c0-de1355a5180d-140544486217536","trial_id":15,"state":1,"values":[0.8308179616172908],"datetime_complete":"2026-04-01T01:01:14.062740"}
{"op_code":4,"worker_id":"eb626a75-1ee5-4ef2-84c0-de1355a5180d-140544486217536","study_id":0,"datetime_start":"2026-04-01T01:01:14.081444"}
{"op_code":5,"worker_id":"eb626a75-1ee5-4ef2-84c0-de1355a5180d-140544486217536","trial_id":16,"param_name":"lr","param_value_internal":0.0438996659048693,"distribution":"{\"name\": \"FloatDistribution\", \"attributes\": {\"step\": null, \"low\": 0.0001, \"high\": 0.1, \"log\": true}}"}
{"op_code":5,"worker_id":"eb626a75-1ee5-4ef2-84c0-de1355a5180d-140544486217536","trial_id":16,"param_name":"dropout","param_value_internal":0.23230902721977187,"distribution":"{\"name\": \"FloatDistribution\", \"attributes\": {\"step\": null, \"low\": 0.0, \"high\": 0.5, \"log\": false}}"}
{"op_code":5,"worker_id":"eb626a75-1ee5-4ef2-84c0-de1355a5180d-140544486217536","trial_id":16,"param_name":"nodes","param_value_internal":1,"distribution":"{\"name\": \"CategoricalDistribution\", \"attributes\": {\"choices\": [\"64-64\", \"128-64\", \"256-128\"]}}"}
{"op_code":6,"worker_id":"eb626a75-1ee5-4ef2-84c0-de1355a5180d-140544486217536","trial_id":16,"state":1,"values":[0.8311595553071238],"datetime_complete":"2026-04-01T01:01:15.213806"}
{"op_code":4,"worker_id":"eb626a75-1ee5-4ef2-84c0-de1355a5180d-140544486217536","study_id":0,"datetime_start":"2026-04-01T01:01:15.415638"}
{"op_code":5,"worker_id":"eb626a75-1ee5-4ef2-84c0-de1355a5180d-140544486217536","trial_id":17,"param_name":"lr","param_value_internal":0.010620089722663689,"distribution":"{\"name\": \"FloatDistribution\", \"attributes\": {\"step\": null, \"low\": 0.0001, \"high\": 0.1, \"log\": true}}"}
{"op_code":5,"worker_id":"eb626a75-1ee5-4ef2-84c0-de1355a5180d-140544486217536","trial_id":17,"param_name":"dropout","param_value_internal":0.4905457879511461,"distribution":"{\"name\": \"FloatDistribution\", \"attributes\": {\"step\": null, \"low\": 0.0, \"high\": 0.5, \"log\": false}}"}
{"op_code":5,"worker_id":"eb626a75-1ee5-4ef2-84c0-de1355a5180d-140544486217536","trial_id":17,"param_name":"nodes","param_value_internal":0,"distribution":"{\"name\": \"CategoricalDistribution\", \"attributes\": {\"choices\": [\"64-64\", \"128-64\", \"256-128\"]}}"}
{"op_code":6,"worker_id":"eb626a75-1ee5-4ef2-84c0-de1355a5180d-140544486217536","trial_id":17,"state":1,"values":[0.8324948760946526],"datetime_complete":"2026-04-01T01:01:16.563174"}
{"op_code":4,"worker_id":"eb626a75-1ee5-4ef2-84c0-de1355a5180d-140544486217536","study_id":0,"datetime_start":"2026-04-01T01:01:16.582674"}
{"op_code":5,"worker_id":"eb626a75-1ee5-4ef2-84c0-de1355a5180d-140544486217536","trial_id":18,"param_name":"lr","param_value_internal":0.09340663833494003,"distribution":"{\"name\": \"FloatDistribution\", \"attributes\": {\"step\": null, \"low\": 0.0001, \"high\": 0.1, \"log\": true}}"}
{"op_code":5,"worker_id":"eb626a75-1ee5-4ef2-84c0-de1355a5180d-140544486217536","trial_id":18,"param_name":"dropout","param_value_internal":0.38785192036361815,"distribution":"{\"name\": \"FloatDistribution\", \"attributes\": {\"step\": null, \"low\": 0.0, \"high\": 0.5, \"log\": false}}"}
{"op_code":5,"worker_id":"eb626a75-1ee5-4ef2-84c0-de1355a5180d-140544486217536","trial_id":18,"param_name":"nodes","param_value_internal":1,"distribution":"{\"name\": \"CategoricalDistribution\", \"attributes\": {\"choices\": [\"64-64\", \"128-64\", \"256-128\"]}}"}
{"op_code":6,"worker_id":"eb626a75-1ee5-4ef2-84c0-de1355a5180d-140544486217536","trial_id":18,"state":1,"values":[0.8278057263524005],"datetime_complete":"2026-04-01T01:01:17.708070"}
{"op_code":4,"worker_id":"eb626a75-1ee5-4ef2-84c0-de1355a5180d-140544486217536","study_id":0,"datetime_start":"2026-04-01T01:01:17.726060"}
{"op_code":5,"worker_id":"eb626a75-1ee5-4ef2-84c0-de1355a5180d-140544486217536","trial_id":19,"param_name":"lr","param_value_internal":0.03382627555850738,"distribution":"{\"name\": \"FloatDistribution\", \"attributes\": {\"step\": null, \"low\": 0.0001, \"high\": 0.1, \"log\": true}}"}
{"op_code":5,"worker_id":"eb626a75-1ee5-4ef2-84c0-de1355a5180d-140544486217536","trial_id":19,"param_name":"dropout","param_value_internal":0.30418288484393097,"distribution":"{\"name\": \"FloatDistribution\", \"attributes\": {\"step\": null, \"low\": 0.0, \"high\": 0.5, \"log\": false}}"}
{"op_code":5,"worker_id":"eb626a75-1ee5-4ef2-84c0-de1355a5180d-140544486217536","trial_id":19,"param_name":"nodes","param_value_internal":1,"distribution":"{\"name\": \"CategoricalDistribution\", \"attributes\": {\"choices\": [\"64-64\", \"128-64\", \"256-128\"]}}"}
{"op_code":6,"worker_id":"eb626a75-1ee5-4ef2-84c0-de1355a5180d-140544486217536","trial_id":19,"state":1,"values":[0.8348549779516801],"datetime_complete":"2026-04-01T01:01:18.874106"}
