{"op_code":0,"worker_id":"e3b16b20-3838-4832-a852-4f5128132b38-140218449991488","study_name":"tabicl_deephit","directions":[2]}
{"op_code":4,"worker_id":"e3b16b20-3838-4832-a852-4f5128132b38-140218449991488","study_id":0,"datetime_start":"2026-03-31T12:13:05.697875"}
{"op_code":5,"worker_id":"e3b16b20-3838-4832-a852-4f5128132b38-140218449991488","trial_id":0,"param_name":"lr","param_value_internal":0.011782889778568837,"distribution":"{\"name\": \"FloatDistribution\", \"attributes\": {\"step\": null, \"low\": 0.0001, \"high\": 0.1, \"log\": true}}"}
{"op_code":5,"worker_id":"e3b16b20-3838-4832-a852-4f5128132b38-140218449991488","trial_id":0,"param_name":"dropout","param_value_internal":0.43229546982733574,"distribution":"{\"name\": \"FloatDistribution\", \"attributes\": {\"step\": null, \"low\": 0.0, \"high\": 0.5, \"log\": false}}"}
{"op_code":5,"worker_id":"e3b16b20-3838-4832-a852-4f5128132b38-140218449991488","trial_id":0,"param_name":"nodes","param_value_internal":1,"distribution":"{\"name\": \"CategoricalDistribution\", \"attributes\": {\"choices\": [\"64-64\", \"128-64\", \"256-128\"]}}"}
{"op_code":6,"worker_id":"e3b16b20-3838-4832-a852-4f5128132b38-140218449991488","trial_id":0,"state":1,"values":[0.8314773106439773],"datetime_complete":"2026-03-31T12:13:07.769025"}
{"op_code":4,"worker_id":"e3b16b20-3838-4832-a852-4f5128132b38-140218449991488","study_id":0,"datetime_start":"2026-03-31T12:13:07.792532"}
{"op_code":5,"worker_id":"e3b16b20-3838-4832-a852-4f5128132b38-140218449991488","trial_id":1,"param_name":"lr","param_value_internal":0.0063865651095565785,"distribution":"{\"name\": \"FloatDistribution\", \"attributes\": {\"step\": null, \"low\": 0.0001, \"high\": 0.1, \"log\": true}}"}
{"op_code":5,"worker_id":"e3b16b20-3838-4832-a852-4f5128132b38-140218449991488","trial_id":1,"param_name":"dropout","param_value_internal":0.25361777946970493,"distribution":"{\"name\": \"FloatDistribution\", \"attributes\": {\"step\": null, \"low\": 0.0, \"high\": 0.5, \"log\": false}}"}
{"op_code":5,"worker_id":"e3b16b20-3838-4832-a852-4f5128132b38-140218449991488","trial_id":1,"param_name":"nodes","param_value_internal":2,"distribution":"{\"name\": \"CategoricalDistribution\", \"attributes\": {\"choices\": [\"64-64\", \"128-64\", \"256-128\"]}}"}
{"op_code":6,"worker_id":"e3b16b20-3838-4832-a852-4f5128132b38-140218449991488","trial_id":1,"state":1,"values":[0.8202786119452786],"datetime_complete":"2026-03-31T12:13:09.861737"}
{"op_code":4,"worker_id":"e3b16b20-3838-4832-a852-4f5128132b38-140218449991488","study_id":0,"datetime_start":"2026-03-31T12:13:09.887074"}
{"op_code":5,"worker_id":"e3b16b20-3838-4832-a852-4f5128132b38-140218449991488","trial_id":2,"param_name":"lr","param_value_internal":0.03065474816448308,"distribution":"{\"name\": \"FloatDistribution\", \"attributes\": {\"step\": null, \"low\": 0.0001, \"high\": 0.1, \"log\": true}}"}
{"op_code":5,"worker_id":"e3b16b20-3838-4832-a852-4f5128132b38-140218449991488","trial_id":2,"param_name":"dropout","param_value_internal":0.3771805870200818,"distribution":"{\"name\": \"FloatDistribution\", \"attributes\": {\"step\": null, \"low\": 0.0, \"high\": 0.5, \"log\": false}}"}
{"op_code":5,"worker_id":"e3b16b20-3838-4832-a852-4f5128132b38-140218449991488","trial_id":2,"param_name":"nodes","param_value_internal":1,"distribution":"{\"name\": \"CategoricalDistribution\", \"attributes\": {\"choices\": [\"64-64\", \"128-64\", \"256-128\"]}}"}
{"op_code":6,"worker_id":"e3b16b20-3838-4832-a852-4f5128132b38-140218449991488","trial_id":2,"state":1,"values":[0.8291833500166833],"datetime_complete":"2026-03-31T12:13:11.994868"}
{"op_code":4,"worker_id":"e3b16b20-3838-4832-a852-4f5128132b38-140218449991488","study_id":0,"datetime_start":"2026-03-31T12:13:12.013945"}
{"op_code":5,"worker_id":"e3b16b20-3838-4832-a852-4f5128132b38-140218449991488","trial_id":3,"param_name":"lr","param_value_internal":0.0028444495000000984,"distribution":"{\"name\": \"FloatDistribution\", \"attributes\": {\"step\": null, \"low\": 0.0001, \"high\": 0.1, \"log\": true}}"}
{"op_code":5,"worker_id":"e3b16b20-3838-4832-a852-4f5128132b38-140218449991488","trial_id":3,"param_name":"dropout","param_value_internal":0.08948006578314188,"distribution":"{\"name\": \"FloatDistribution\", \"attributes\": {\"step\": null, \"low\": 0.0, \"high\": 0.5, \"log\": false}}"}
{"op_code":5,"worker_id":"e3b16b20-3838-4832-a852-4f5128132b38-140218449991488","trial_id":3,"param_name":"nodes","param_value_internal":1,"distribution":"{\"name\": \"CategoricalDistribution\", \"attributes\": {\"choices\": [\"64-64\", \"128-64\", \"256-128\"]}}"}
{"op_code":6,"worker_id":"e3b16b20-3838-4832-a852-4f5128132b38-140218449991488","trial_id":3,"state":1,"values":[0.8243243243243243],"datetime_complete":"2026-03-31T12:13:14.079237"}
{"op_code":4,"worker_id":"e3b16b20-3838-4832-a852-4f5128132b38-140218449991488","study_id":0,"datetime_start":"2026-03-31T12:13:14.102818"}
{"op_code":5,"worker_id":"e3b16b20-3838-4832-a852-4f5128132b38-140218449991488","trial_id":4,"param_name":"lr","param_value_internal":0.0011748676750097686,"distribution":"{\"name\": \"FloatDistribution\", \"attributes\": {\"step\": null, \"low\": 0.0001, \"high\": 0.1, \"log\": true}}"}
{"op_code":5,"worker_id":"e3b16b20-3838-4832-a852-4f5128132b38-140218449991488","trial_id":4,"param_name":"dropout","param_value_internal":0.3971647374735157,"distribution":"{\"name\": \"FloatDistribution\", \"attributes\": {\"step\": null, \"low\": 0.0, \"high\": 0.5, \"log\": false}}"}
{"op_code":5,"worker_id":"e3b16b20-3838-4832-a852-4f5128132b38-140218449991488","trial_id":4,"param_name":"nodes","param_value_internal":1,"distribution":"{\"name\": \"CategoricalDistribution\", \"attributes\": {\"choices\": [\"64-64\", \"128-64\", \"256-128\"]}}"}
{"op_code":6,"worker_id":"e3b16b20-3838-4832-a852-4f5128132b38-140218449991488","trial_id":4,"state":1,"values":[0.8317067067067067],"datetime_complete":"2026-03-31T12:13:16.152015"}
{"op_code":4,"worker_id":"e3b16b20-3838-4832-a852-4f5128132b38-140218449991488","study_id":0,"datetime_start":"2026-03-31T12:13:16.176156"}
{"op_code":5,"worker_id":"e3b16b20-3838-4832-a852-4f5128132b38-140218449991488","trial_id":5,"param_name":"lr","param_value_internal":0.0008357014216506684,"distribution":"{\"name\": \"FloatDistribution\", \"attributes\": {\"step\": null, \"low\": 0.0001, \"high\": 0.1, \"log\": true}}"}
{"op_code":5,"worker_id":"e3b16b20-3838-4832-a852-4f5128132b38-140218449991488","trial_id":5,"param_name":"dropout","param_value_internal":0.19502790536356307,"distribution":"{\"name\": \"FloatDistribution\", \"attributes\": {\"step\": null, \"low\": 0.0, \"high\": 0.5, \"log\": false}}"}
{"op_code":5,"worker_id":"e3b16b20-3838-4832-a852-4f5128132b38-140218449991488","trial_id":5,"param_name":"nodes","param_value_internal":0,"distribution":"{\"name\": \"CategoricalDistribution\", \"attributes\": {\"choices\": [\"64-64\", \"128-64\", \"256-128\"]}}"}
{"op_code":6,"worker_id":"e3b16b20-3838-4832-a852-4f5128132b38-140218449991488","trial_id":5,"state":1,"values":[0.8241991991991992],"datetime_complete":"2026-03-31T12:13:18.242454"}
{"op_code":4,"worker_id":"e3b16b20-3838-4832-a852-4f5128132b38-140218449991488","study_id":0,"datetime_start":"2026-03-31T12:13:18.262800"}
{"op_code":5,"worker_id":"e3b16b20-3838-4832-a852-4f5128132b38-140218449991488","trial_id":6,"param_name":"lr","param_value_internal":0.0026348901372638947,"distribution":"{\"name\": \"FloatDistribution\", \"attributes\": {\"step\": null, \"low\": 0.0001, \"high\": 0.1, \"log\": true}}"}
{"op_code":5,"worker_id":"e3b16b20-3838-4832-a852-4f5128132b38-140218449991488","trial_id":6,"param_name":"dropout","param_value_internal":0.33323980643891377,"distribution":"{\"name\": \"FloatDistribution\", \"attributes\": {\"step\": null, \"low\": 0.0, \"high\": 0.5, \"log\": false}}"}
{"op_code":5,"worker_id":"e3b16b20-3838-4832-a852-4f5128132b38-140218449991488","trial_id":6,"param_name":"nodes","param_value_internal":1,"distribution":"{\"name\": \"CategoricalDistribution\", \"attributes\": {\"choices\": [\"64-64\", \"128-64\", \"256-128\"]}}"}
{"op_code":6,"worker_id":"e3b16b20-3838-4832-a852-4f5128132b38-140218449991488","trial_id":6,"state":1,"values":[0.8343551885218552],"datetime_complete":"2026-03-31T12:13:20.374339"}
{"op_code":4,"worker_id":"e3b16b20-3838-4832-a852-4f5128132b38-140218449991488","study_id":0,"datetime_start":"2026-03-31T12:13:20.392829"}
{"op_code":5,"worker_id":"e3b16b20-3838-4832-a852-4f5128132b38-140218449991488","trial_id":7,"param_name":"lr","param_value_internal":0.024902542317731178,"distribution":"{\"name\": \"FloatDistribution\", \"attributes\": {\"step\": null, \"low\": 0.0001, \"high\": 0.1, \"log\": true}}"}
{"op_code":5,"worker_id":"e3b16b20-3838-4832-a852-4f5128132b38-140218449991488","trial_id":7,"param_name":"dropout","param_value_internal":0.20810690267168935,"distribution":"{\"name\": \"FloatDistribution\", \"attributes\": {\"step\": null, \"low\": 0.0, \"high\": 0.5, \"log\": false}}"}
{"op_code":5,"worker_id":"e3b16b20-3838-4832-a852-4f5128132b38-140218449991488","trial_id":7,"param_name":"nodes","param_value_internal":1,"distribution":"{\"name\": \"CategoricalDistribution\", \"attributes\": {\"choices\": [\"64-64\", \"128-64\", \"256-128\"]}}"}
{"op_code":6,"worker_id":"e3b16b20-3838-4832-a852-4f5128132b38-140218449991488","trial_id":7,"state":1,"values":[0.8231773440106773],"datetime_complete":"2026-03-31T12:13:22.475660"}
{"op_code":4,"worker_id":"e3b16b20-3838-4832-a852-4f5128132b38-140218449991488","study_id":0,"datetime_start":"2026-03-31T12:13:22.508790"}
{"op_code":5,"worker_id":"e3b16b20-3838-4832-a852-4f5128132b38-140218449991488","trial_id":8,"param_name":"lr","param_value_internal":0.00012153574311995375,"distribution":"{\"name\": \"FloatDistribution\", \"attributes\": {\"step\": null, \"low\": 0.0001, \"high\": 0.1, \"log\": true}}"}
{"op_code":5,"worker_id":"e3b16b20-3838-4832-a852-4f5128132b38-140218449991488","trial_id":8,"param_name":"dropout","param_value_internal":0.4538824036066706,"distribution":"{\"name\": \"FloatDistribution\", \"attributes\": {\"step\": null, \"low\": 0.0, \"high\": 0.5, \"log\": false}}"}
{"op_code":5,"worker_id":"e3b16b20-3838-4832-a852-4f5128132b38-140218449991488","trial_id":8,"param_name":"nodes","param_value_internal":1,"distribution":"{\"name\": \"CategoricalDistribution\", \"attributes\": {\"choices\": [\"64-64\", \"128-64\", \"256-128\"]}}"}
{"op_code":6,"worker_id":"e3b16b20-3838-4832-a852-4f5128132b38-140218449991488","trial_id":8,"state":1,"values":[0.8287245578912246],"datetime_complete":"2026-03-31T12:13:24.607365"}
{"op_code":4,"worker_id":"e3b16b20-3838-4832-a852-4f5128132b38-140218449991488","study_id":0,"datetime_start":"2026-03-31T12:13:24.633309"}
{"op_code":5,"worker_id":"e3b16b20-3838-4832-a852-4f5128132b38-140218449991488","trial_id":9,"param_name":"lr","param_value_internal":0.0002935290783607833,"distribution":"{\"name\": \"FloatDistribution\", \"attributes\": {\"step\": null, \"low\": 0.0001, \"high\": 0.1, \"log\": true}}"}
{"op_code":5,"worker_id":"e3b16b20-3838-4832-a852-4f5128132b38-140218449991488","trial_id":9,"param_name":"dropout","param_value_internal":0.03227569152552845,"distribution":"{\"name\": \"FloatDistribution\", \"attributes\": {\"step\": null, \"low\": 0.0, \"high\": 0.5, \"log\": false}}"}
{"op_code":5,"worker_id":"e3b16b20-3838-4832-a852-4f5128132b38-140218449991488","trial_id":9,"param_name":"nodes","param_value_internal":2,"distribution":"{\"name\": \"CategoricalDistribution\", \"attributes\": {\"choices\": [\"64-64\", \"128-64\", \"256-128\"]}}"}
{"op_code":6,"worker_id":"e3b16b20-3838-4832-a852-4f5128132b38-140218449991488","trial_id":9,"state":1,"values":[0.8280155155155156],"datetime_complete":"2026-03-31T12:13:26.758931"}
{"op_code":4,"worker_id":"e3b16b20-3838-4832-a852-4f5128132b38-140218449991488","study_id":0,"datetime_start":"2026-03-31T12:13:26.780232"}
{"op_code":5,"worker_id":"e3b16b20-3838-4832-a852-4f5128132b38-140218449991488","trial_id":10,"param_name":"lr","param_value_internal":0.07940827206486162,"distribution":"{\"name\": \"FloatDistribution\", \"attributes\": {\"step\": null, \"low\": 0.0001, \"high\": 0.1, \"log\": true}}"}
{"op_code":5,"worker_id":"e3b16b20-3838-4832-a852-4f5128132b38-140218449991488","trial_id":10,"param_name":"dropout","param_value_internal":0.3080727255043921,"distribution":"{\"name\": \"FloatDistribution\", \"attributes\": {\"step\": null, \"low\": 0.0, \"high\": 0.5, \"log\": false}}"}
{"op_code":5,"worker_id":"e3b16b20-3838-4832-a852-4f5128132b38-140218449991488","trial_id":10,"param_name":"nodes","param_value_internal":0,"distribution":"{\"name\": \"CategoricalDistribution\", \"attributes\": {\"choices\": [\"64-64\", \"128-64\", \"256-128\"]}}"}
{"op_code":6,"worker_id":"e3b16b20-3838-4832-a852-4f5128132b38-140218449991488","trial_id":10,"state":1,"values":[0.8342926259592927],"datetime_complete":"2026-03-31T12:13:28.893878"}
{"op_code":4,"worker_id":"e3b16b20-3838-4832-a852-4f5128132b38-140218449991488","study_id":0,"datetime_start":"2026-03-31T12:13:28.919195"}
{"op_code":5,"worker_id":"e3b16b20-3838-4832-a852-4f5128132b38-140218449991488","trial_id":11,"param_name":"lr","param_value_internal":0.06389203407001962,"distribution":"{\"name\": \"FloatDistribution\", \"attributes\": {\"step\": null, \"low\": 0.0001, \"high\": 0.1, \"log\": true}}"}
{"op_code":5,"worker_id":"e3b16b20-3838-4832-a852-4f5128132b38-140218449991488","trial_id":11,"param_name":"dropout","param_value_internal":0.30801316274303,"distribution":"{\"name\": \"FloatDistribution\", \"attributes\": {\"step\": null, \"low\": 0.0, \"high\": 0.5, \"log\": false}}"}
{"op_code":5,"worker_id":"e3b16b20-3838-4832-a852-4f5128132b38-140218449991488","trial_id":11,"param_name":"nodes","param_value_internal":0,"distribution":"{\"name\": \"CategoricalDistribution\", \"attributes\": {\"choices\": [\"64-64\", \"128-64\", \"256-128\"]}}"}
{"op_code":6,"worker_id":"e3b16b20-3838-4832-a852-4f5128132b38-140218449991488","trial_id":11,"state":1,"values":[0.8220303636970303],"datetime_complete":"2026-03-31T12:13:30.996616"}
{"op_code":4,"worker_id":"e3b16b20-3838-4832-a852-4f5128132b38-140218449991488","study_id":0,"datetime_start":"2026-03-31T12:13:31.016186"}
{"op_code":5,"worker_id":"e3b16b20-3838-4832-a852-4f5128132b38-140218449991488","trial_id":12,"param_name":"lr","param_value_internal":0.09197427614450863,"distribution":"{\"name\": \"FloatDistribution\", \"attributes\": {\"step\": null, \"low\": 0.0001, \"high\": 0.1, \"log\": true}}"}
{"op_code":5,"worker_id":"e3b16b20-3838-4832-a852-4f5128132b38-140218449991488","trial_id":12,"param_name":"dropout","param_value_internal":0.3173621468902877,"distribution":"{\"name\": \"FloatDistribution\", \"attributes\": {\"step\": null, \"low\": 0.0, \"high\": 0.5, \"log\": false}}"}
{"op_code":5,"worker_id":"e3b16b20-3838-4832-a852-4f5128132b38-140218449991488","trial_id":12,"param_name":"nodes","param_value_internal":0,"distribution":"{\"name\": \"CategoricalDistribution\", \"attributes\": {\"choices\": [\"64-64\", \"128-64\", \"256-128\"]}}"}
{"op_code":6,"worker_id":"e3b16b20-3838-4832-a852-4f5128132b38-140218449991488","trial_id":12,"state":1,"values":[0.623998998998999],"datetime_complete":"2026-03-31T12:13:33.069965"}
{"op_code":4,"worker_id":"e3b16b20-3838-4832-a852-4f5128132b38-140218449991488","study_id":0,"datetime_start":"2026-03-31T12:13:33.094927"}
{"op_code":5,"worker_id":"e3b16b20-3838-4832-a852-4f5128132b38-140218449991488","trial_id":13,"param_name":"lr","param_value_internal":0.0027362455442478963,"distribution":"{\"name\": \"FloatDistribution\", \"attributes\": {\"step\": null, \"low\": 0.0001, \"high\": 0.1, \"log\": true}}"}
{"op_code":5,"worker_id":"e3b16b20-3838-4832-a852-4f5128132b38-140218449991488","trial_id":13,"param_name":"dropout","param_value_internal":0.4981220850737197,"distribution":"{\"name\": \"FloatDistribution\", \"attributes\": {\"step\": null, \"low\": 0.0, \"high\": 0.5, \"log\": false}}"}
{"op_code":5,"worker_id":"e3b16b20-3838-4832-a852-4f5128132b38-140218449991488","trial_id":13,"param_name":"nodes","param_value_internal":0,"distribution":"{\"name\": \"CategoricalDistribution\", \"attributes\": {\"choices\": [\"64-64\", \"128-64\", \"256-128\"]}}"}
{"op_code":6,"worker_id":"e3b16b20-3838-4832-a852-4f5128132b38-140218449991488","trial_id":13,"state":1,"values":[0.8391516516516516],"datetime_complete":"2026-03-31T12:13:35.172265"}
{"op_code":4,"worker_id":"e3b16b20-3838-4832-a852-4f5128132b38-140218449991488","study_id":0,"datetime_start":"2026-03-31T12:13:35.200803"}
{"op_code":5,"worker_id":"e3b16b20-3838-4832-a852-4f5128132b38-140218449991488","trial_id":14,"param_name":"lr","param_value_internal":0.002952691332124122,"distribution":"{\"name\": \"FloatDistribution\", \"attributes\": {\"step\": null, \"low\": 0.0001, \"high\": 0.1, \"log\": true}}"}
{"op_code":5,"worker_id":"e3b16b20-3838-4832-a852-4f5128132b38-140218449991488","trial_id":14,"param_name":"dropout","param_value_internal":0.48814170027643644,"distribution":"{\"name\": \"FloatDistribution\", \"attributes\": {\"step\": null, \"low\": 0.0, \"high\": 0.5, \"log\": false}}"}
{"op_code":5,"worker_id":"e3b16b20-3838-4832-a852-4f5128132b38-140218449991488","trial_id":14,"param_name":"nodes","param_value_internal":0,"distribution":"{\"name\": \"CategoricalDistribution\", \"attributes\": {\"choices\": [\"64-64\", \"128-64\", \"256-128\"]}}"}
{"op_code":6,"worker_id":"e3b16b20-3838-4832-a852-4f5128132b38-140218449991488","trial_id":14,"state":1,"values":[0.8380255255255256],"datetime_complete":"2026-03-31T12:13:37.281604"}
{"op_code":4,"worker_id":"e3b16b20-3838-4832-a852-4f5128132b38-140218449991488","study_id":0,"datetime_start":"2026-03-31T12:13:37.305929"}
{"op_code":5,"worker_id":"e3b16b20-3838-4832-a852-4f5128132b38-140218449991488","trial_id":15,"param_name":"lr","param_value_internal":0.0011628839090596628,"distribution":"{\"name\": \"FloatDistribution\", \"attributes\": {\"step\": null, \"low\": 0.0001, \"high\": 0.1, \"log\": true}}"}
{"op_code":5,"worker_id":"e3b16b20-3838-4832-a852-4f5128132b38-140218449991488","trial_id":15,"param_name":"dropout","param_value_internal":0.4978532883832228,"distribution":"{\"name\": \"FloatDistribution\", \"attributes\": {\"step\": null, \"low\": 0.0, \"high\": 0.5, \"log\": false}}"}
{"op_code":5,"worker_id":"e3b16b20-3838-4832-a852-4f5128132b38-140218449991488","trial_id":15,"param_name":"nodes","param_value_internal":0,"distribution":"{\"name\": \"CategoricalDistribution\", \"attributes\": {\"choices\": [\"64-64\", \"128-64\", \"256-128\"]}}"}
{"op_code":6,"worker_id":"e3b16b20-3838-4832-a852-4f5128132b38-140218449991488","trial_id":15,"state":1,"values":[0.8433433433433434],"datetime_complete":"2026-03-31T12:13:39.408355"}
{"op_code":4,"worker_id":"e3b16b20-3838-4832-a852-4f5128132b38-140218449991488","study_id":0,"datetime_start":"2026-03-31T12:13:39.436285"}
{"op_code":5,"worker_id":"e3b16b20-3838-4832-a852-4f5128132b38-140218449991488","trial_id":16,"param_name":"lr","param_value_internal":0.000813708402639148,"distribution":"{\"name\": \"FloatDistribution\", \"attributes\": {\"step\": null, \"low\": 0.0001, \"high\": 0.1, \"log\": true}}"}
{"op_code":5,"worker_id":"e3b16b20-3838-4832-a852-4f5128132b38-140218449991488","trial_id":16,"param_name":"dropout","param_value_internal":0.4856704613491644,"distribution":"{\"name\": \"FloatDistribution\", \"attributes\": {\"step\": null, \"low\": 0.0, \"high\": 0.5, \"log\": false}}"}
{"op_code":5,"worker_id":"e3b16b20-3838-4832-a852-4f5128132b38-140218449991488","trial_id":16,"param_name":"nodes","param_value_internal":0,"distribution":"{\"name\": \"CategoricalDistribution\", \"attributes\": {\"choices\": [\"64-64\", \"128-64\", \"256-128\"]}}"}
{"op_code":6,"worker_id":"e3b16b20-3838-4832-a852-4f5128132b38-140218449991488","trial_id":16,"state":1,"values":[0.8338963963963963],"datetime_complete":"2026-03-31T12:13:41.537867"}
{"op_code":4,"worker_id":"e3b16b20-3838-4832-a852-4f5128132b38-140218449991488","study_id":0,"datetime_start":"2026-03-31T12:13:41.565408"}
{"op_code":5,"worker_id":"e3b16b20-3838-4832-a852-4f5128132b38-140218449991488","trial_id":17,"param_name":"lr","param_value_internal":0.00034401810115555266,"distribution":"{\"name\": \"FloatDistribution\", \"attributes\": {\"step\": null, \"low\": 0.0001, \"high\": 0.1, \"log\": true}}"}
{"op_code":5,"worker_id":"e3b16b20-3838-4832-a852-4f5128132b38-140218449991488","trial_id":17,"param_name":"dropout","param_value_internal":0.4982607124937202,"distribution":"{\"name\": \"FloatDistribution\", \"attributes\": {\"step\": null, \"low\": 0.0, \"high\": 0.5, \"log\": false}}"}
{"op_code":5,"worker_id":"e3b16b20-3838-4832-a852-4f5128132b38-140218449991488","trial_id":17,"param_name":"nodes","param_value_internal":0,"distribution":"{\"name\": \"CategoricalDistribution\", \"attributes\": {\"choices\": [\"64-64\", \"128-64\", \"256-128\"]}}"}
{"op_code":6,"worker_id":"e3b16b20-3838-4832-a852-4f5128132b38-140218449991488","trial_id":17,"state":1,"values":[0.8330205205205206],"datetime_complete":"2026-03-31T12:13:43.665542"}
{"op_code":4,"worker_id":"e3b16b20-3838-4832-a852-4f5128132b38-140218449991488","study_id":0,"datetime_start":"2026-03-31T12:13:43.694613"}
{"op_code":5,"worker_id":"e3b16b20-3838-4832-a852-4f5128132b38-140218449991488","trial_id":18,"param_name":"lr","param_value_internal":0.006859531022827514,"distribution":"{\"name\": \"FloatDistribution\", \"attributes\": {\"step\": null, \"low\": 0.0001, \"high\": 0.1, \"log\": true}}"}
{"op_code":5,"worker_id":"e3b16b20-3838-4832-a852-4f5128132b38-140218449991488","trial_id":18,"param_name":"dropout","param_value_internal":0.4047663127889863,"distribution":"{\"name\": \"FloatDistribution\", \"attributes\": {\"step\": null, \"low\": 0.0, \"high\": 0.5, \"log\": false}}"}
{"op_code":5,"worker_id":"e3b16b20-3838-4832-a852-4f5128132b38-140218449991488","trial_id":18,"param_name":"nodes","param_value_internal":0,"distribution":"{\"name\": \"CategoricalDistribution\", \"attributes\": {\"choices\": [\"64-64\", \"128-64\", \"256-128\"]}}"}
{"op_code":6,"worker_id":"e3b16b20-3838-4832-a852-4f5128132b38-140218449991488","trial_id":18,"state":1,"values":[0.8348556890223557],"datetime_complete":"2026-03-31T12:13:45.803188"}
{"op_code":4,"worker_id":"e3b16b20-3838-4832-a852-4f5128132b38-140218449991488","study_id":0,"datetime_start":"2026-03-31T12:13:45.828861"}
{"op_code":5,"worker_id":"e3b16b20-3838-4832-a852-4f5128132b38-140218449991488","trial_id":19,"param_name":"lr","param_value_internal":0.00041356235186457125,"distribution":"{\"name\": \"FloatDistribution\", \"attributes\": {\"step\": null, \"low\": 0.0001, \"high\": 0.1, \"log\": true}}"}
{"op_code":5,"worker_id":"e3b16b20-3838-4832-a852-4f5128132b38-140218449991488","trial_id":19,"param_name":"dropout","param_value_internal":0.10489328401549508,"distribution":"{\"name\": \"FloatDistribution\", \"attributes\": {\"step\": null, \"low\": 0.0, \"high\": 0.5, \"log\": false}}"}
{"op_code":5,"worker_id":"e3b16b20-3838-4832-a852-4f5128132b38-140218449991488","trial_id":19,"param_name":"nodes","param_value_internal":2,"distribution":"{\"name\": \"CategoricalDistribution\", \"attributes\": {\"choices\": [\"64-64\", \"128-64\", \"256-128\"]}}"}
{"op_code":6,"worker_id":"e3b16b20-3838-4832-a852-4f5128132b38-140218449991488","trial_id":19,"state":1,"values":[0.8248456790123457],"datetime_complete":"2026-03-31T12:13:47.892028"}
