{"op_code":0,"worker_id":"7edaa437-8a24-4285-8aa7-1f45ab89b83a-139952901822272","study_name":"deepsurv_tuning","directions":[2]}
{"op_code":4,"worker_id":"7edaa437-8a24-4285-8aa7-1f45ab89b83a-139952901822272","study_id":0,"datetime_start":"2026-03-26T12:13:26.606034"}
{"op_code":5,"worker_id":"7edaa437-8a24-4285-8aa7-1f45ab89b83a-139952901822272","trial_id":0,"param_name":"lr","param_value_internal":0.0036905346154074144,"distribution":"{\"name\": \"FloatDistribution\", \"attributes\": {\"step\": null, \"low\": 0.0001, \"high\": 0.1, \"log\": true}}"}
{"op_code":5,"worker_id":"7edaa437-8a24-4285-8aa7-1f45ab89b83a-139952901822272","trial_id":0,"param_name":"dropout","param_value_internal":0.236684094908452,"distribution":"{\"name\": \"FloatDistribution\", \"attributes\": {\"step\": null, \"low\": 0.0, \"high\": 0.5, \"log\": false}}"}
{"op_code":5,"worker_id":"7edaa437-8a24-4285-8aa7-1f45ab89b83a-139952901822272","trial_id":0,"param_name":"layers","param_value_internal":1,"distribution":"{\"name\": \"CategoricalDistribution\", \"attributes\": {\"choices\": [1, 2, 3]}}"}
{"op_code":5,"worker_id":"7edaa437-8a24-4285-8aa7-1f45ab89b83a-139952901822272","trial_id":0,"param_name":"nodes","param_value_internal":0,"distribution":"{\"name\": \"CategoricalDistribution\", \"attributes\": {\"choices\": [16, 32, 64]}}"}
{"op_code":6,"worker_id":"7edaa437-8a24-4285-8aa7-1f45ab89b83a-139952901822272","trial_id":0,"state":1,"values":[0.6592813372795865],"datetime_complete":"2026-03-26T12:13:28.613269"}
{"op_code":4,"worker_id":"7edaa437-8a24-4285-8aa7-1f45ab89b83a-139952901822272","study_id":0,"datetime_start":"2026-03-26T12:13:28.628999"}
{"op_code":5,"worker_id":"7edaa437-8a24-4285-8aa7-1f45ab89b83a-139952901822272","trial_id":1,"param_name":"lr","param_value_internal":0.0018215195970130353,"distribution":"{\"name\": \"FloatDistribution\", \"attributes\": {\"step\": null, \"low\": 0.0001, \"high\": 0.1, \"log\": true}}"}
{"op_code":5,"worker_id":"7edaa437-8a24-4285-8aa7-1f45ab89b83a-139952901822272","trial_id":1,"param_name":"dropout","param_value_internal":0.1970170611942394,"distribution":"{\"name\": \"FloatDistribution\", \"attributes\": {\"step\": null, \"low\": 0.0, \"high\": 0.5, \"log\": false}}"}
{"op_code":5,"worker_id":"7edaa437-8a24-4285-8aa7-1f45ab89b83a-139952901822272","trial_id":1,"param_name":"layers","param_value_internal":0,"distribution":"{\"name\": \"CategoricalDistribution\", \"attributes\": {\"choices\": [1, 2, 3]}}"}
{"op_code":5,"worker_id":"7edaa437-8a24-4285-8aa7-1f45ab89b83a-139952901822272","trial_id":1,"param_name":"nodes","param_value_internal":2,"distribution":"{\"name\": \"CategoricalDistribution\", \"attributes\": {\"choices\": [16, 32, 64]}}"}
{"op_code":6,"worker_id":"7edaa437-8a24-4285-8aa7-1f45ab89b83a-139952901822272","trial_id":1,"state":1,"values":[0.6842511150944183],"datetime_complete":"2026-03-26T12:13:30.437196"}
{"op_code":4,"worker_id":"7edaa437-8a24-4285-8aa7-1f45ab89b83a-139952901822272","study_id":0,"datetime_start":"2026-03-26T12:13:30.448934"}
{"op_code":5,"worker_id":"7edaa437-8a24-4285-8aa7-1f45ab89b83a-139952901822272","trial_id":2,"param_name":"lr","param_value_internal":0.028203440026275433,"distribution":"{\"name\": \"FloatDistribution\", \"attributes\": {\"step\": null, \"low\": 0.0001, \"high\": 0.1, \"log\": true}}"}
{"op_code":5,"worker_id":"7edaa437-8a24-4285-8aa7-1f45ab89b83a-139952901822272","trial_id":2,"param_name":"dropout","param_value_internal":0.18024438027850742,"distribution":"{\"name\": \"FloatDistribution\", \"attributes\": {\"step\": null, \"low\": 0.0, \"high\": 0.5, \"log\": false}}"}
{"op_code":5,"worker_id":"7edaa437-8a24-4285-8aa7-1f45ab89b83a-139952901822272","trial_id":2,"param_name":"layers","param_value_internal":1,"distribution":"{\"name\": \"CategoricalDistribution\", \"attributes\": {\"choices\": [1, 2, 3]}}"}
{"op_code":5,"worker_id":"7edaa437-8a24-4285-8aa7-1f45ab89b83a-139952901822272","trial_id":2,"param_name":"nodes","param_value_internal":1,"distribution":"{\"name\": \"CategoricalDistribution\", \"attributes\": {\"choices\": [16, 32, 64]}}"}
{"op_code":6,"worker_id":"7edaa437-8a24-4285-8aa7-1f45ab89b83a-139952901822272","trial_id":2,"state":1,"values":[0.6833548709825337],"datetime_complete":"2026-03-26T12:13:32.632309"}
{"op_code":4,"worker_id":"7edaa437-8a24-4285-8aa7-1f45ab89b83a-139952901822272","study_id":0,"datetime_start":"2026-03-26T12:13:32.651539"}
{"op_code":5,"worker_id":"7edaa437-8a24-4285-8aa7-1f45ab89b83a-139952901822272","trial_id":3,"param_name":"lr","param_value_internal":0.00023112004167140978,"distribution":"{\"name\": \"FloatDistribution\", \"attributes\": {\"step\": null, \"low\": 0.0001, \"high\": 0.1, \"log\": true}}"}
{"op_code":5,"worker_id":"7edaa437-8a24-4285-8aa7-1f45ab89b83a-139952901822272","trial_id":3,"param_name":"dropout","param_value_internal":0.2930691481163999,"distribution":"{\"name\": \"FloatDistribution\", \"attributes\": {\"step\": null, \"low\": 0.0, \"high\": 0.5, \"log\": false}}"}
{"op_code":5,"worker_id":"7edaa437-8a24-4285-8aa7-1f45ab89b83a-139952901822272","trial_id":3,"param_name":"layers","param_value_internal":1,"distribution":"{\"name\": \"CategoricalDistribution\", \"attributes\": {\"choices\": [1, 2, 3]}}"}
{"op_code":5,"worker_id":"7edaa437-8a24-4285-8aa7-1f45ab89b83a-139952901822272","trial_id":3,"param_name":"nodes","param_value_internal":0,"distribution":"{\"name\": \"CategoricalDistribution\", \"attributes\": {\"choices\": [16, 32, 64]}}"}
{"op_code":6,"worker_id":"7edaa437-8a24-4285-8aa7-1f45ab89b83a-139952901822272","trial_id":3,"state":1,"values":[0.622201842511151],"datetime_complete":"2026-03-26T12:13:34.797141"}
{"op_code":4,"worker_id":"7edaa437-8a24-4285-8aa7-1f45ab89b83a-139952901822272","study_id":0,"datetime_start":"2026-03-26T12:13:34.812693"}
{"op_code":5,"worker_id":"7edaa437-8a24-4285-8aa7-1f45ab89b83a-139952901822272","trial_id":4,"param_name":"lr","param_value_internal":0.0008769367223308849,"distribution":"{\"name\": \"FloatDistribution\", \"attributes\": {\"step\": null, \"low\": 0.0001, \"high\": 0.1, \"log\": true}}"}
{"op_code":5,"worker_id":"7edaa437-8a24-4285-8aa7-1f45ab89b83a-139952901822272","trial_id":4,"param_name":"dropout","param_value_internal":0.27293112757807286,"distribution":"{\"name\": \"FloatDistribution\", \"attributes\": {\"step\": null, \"low\": 0.0, \"high\": 0.5, \"log\": false}}"}
{"op_code":5,"worker_id":"7edaa437-8a24-4285-8aa7-1f45ab89b83a-139952901822272","trial_id":4,"param_name":"layers","param_value_internal":2,"distribution":"{\"name\": \"CategoricalDistribution\", \"attributes\": {\"choices\": [1, 2, 3]}}"}
{"op_code":5,"worker_id":"7edaa437-8a24-4285-8aa7-1f45ab89b83a-139952901822272","trial_id":4,"param_name":"nodes","param_value_internal":2,"distribution":"{\"name\": \"CategoricalDistribution\", \"attributes\": {\"choices\": [16, 32, 64]}}"}
{"op_code":6,"worker_id":"7edaa437-8a24-4285-8aa7-1f45ab89b83a-139952901822272","trial_id":4,"state":1,"values":[0.6828129559381383],"datetime_complete":"2026-03-26T12:13:37.313990"}
{"op_code":4,"worker_id":"7edaa437-8a24-4285-8aa7-1f45ab89b83a-139952901822272","study_id":0,"datetime_start":"2026-03-26T12:13:37.360138"}
{"op_code":5,"worker_id":"7edaa437-8a24-4285-8aa7-1f45ab89b83a-139952901822272","trial_id":5,"param_name":"lr","param_value_internal":0.00019636389115651305,"distribution":"{\"name\": \"FloatDistribution\", \"attributes\": {\"step\": null, \"low\": 0.0001, \"high\": 0.1, \"log\": true}}"}
{"op_code":5,"worker_id":"7edaa437-8a24-4285-8aa7-1f45ab89b83a-139952901822272","trial_id":5,"param_name":"dropout","param_value_internal":0.049234365184617934,"distribution":"{\"name\": \"FloatDistribution\", \"attributes\": {\"step\": null, \"low\": 0.0, \"high\": 0.5, \"log\": false}}"}
{"op_code":5,"worker_id":"7edaa437-8a24-4285-8aa7-1f45ab89b83a-139952901822272","trial_id":5,"param_name":"layers","param_value_internal":2,"distribution":"{\"name\": \"CategoricalDistribution\", \"attributes\": {\"choices\": [1, 2, 3]}}"}
{"op_code":5,"worker_id":"7edaa437-8a24-4285-8aa7-1f45ab89b83a-139952901822272","trial_id":5,"param_name":"nodes","param_value_internal":2,"distribution":"{\"name\": \"CategoricalDistribution\", \"attributes\": {\"choices\": [16, 32, 64]}}"}
{"op_code":6,"worker_id":"7edaa437-8a24-4285-8aa7-1f45ab89b83a-139952901822272","trial_id":5,"state":1,"values":[0.6576139063737546],"datetime_complete":"2026-03-26T12:13:39.886326"}
{"op_code":4,"worker_id":"7edaa437-8a24-4285-8aa7-1f45ab89b83a-139952901822272","study_id":0,"datetime_start":"2026-03-26T12:13:39.899440"}
{"op_code":5,"worker_id":"7edaa437-8a24-4285-8aa7-1f45ab89b83a-139952901822272","trial_id":6,"param_name":"lr","param_value_internal":0.00012228775084994773,"distribution":"{\"name\": \"FloatDistribution\", \"attributes\": {\"step\": null, \"low\": 0.0001, \"high\": 0.1, \"log\": true}}"}
{"op_code":5,"worker_id":"7edaa437-8a24-4285-8aa7-1f45ab89b83a-139952901822272","trial_id":6,"param_name":"dropout","param_value_internal":0.12528206320498814,"distribution":"{\"name\": \"FloatDistribution\", \"attributes\": {\"step\": null, \"low\": 0.0, \"high\": 0.5, \"log\": false}}"}
{"op_code":5,"worker_id":"7edaa437-8a24-4285-8aa7-1f45ab89b83a-139952901822272","trial_id":6,"param_name":"layers","param_value_internal":2,"distribution":"{\"name\": \"CategoricalDistribution\", \"attributes\": {\"choices\": [1, 2, 3]}}"}
{"op_code":5,"worker_id":"7edaa437-8a24-4285-8aa7-1f45ab89b83a-139952901822272","trial_id":6,"param_name":"nodes","param_value_internal":2,"distribution":"{\"name\": \"CategoricalDistribution\", \"attributes\": {\"choices\": [16, 32, 64]}}"}
{"op_code":6,"worker_id":"7edaa437-8a24-4285-8aa7-1f45ab89b83a-139952901822272","trial_id":6,"state":1,"values":[0.6342073450331401],"datetime_complete":"2026-03-26T12:13:42.387517"}
{"op_code":4,"worker_id":"7edaa437-8a24-4285-8aa7-1f45ab89b83a-139952901822272","study_id":0,"datetime_start":"2026-03-26T12:13:42.408137"}
{"op_code":5,"worker_id":"7edaa437-8a24-4285-8aa7-1f45ab89b83a-139952901822272","trial_id":7,"param_name":"lr","param_value_internal":0.0007315635725707673,"distribution":"{\"name\": \"FloatDistribution\", \"attributes\": {\"step\": null, \"low\": 0.0001, \"high\": 0.1, \"log\": true}}"}
{"op_code":5,"worker_id":"7edaa437-8a24-4285-8aa7-1f45ab89b83a-139952901822272","trial_id":7,"param_name":"dropout","param_value_internal":0.13368730080352176,"distribution":"{\"name\": \"FloatDistribution\", \"attributes\": {\"step\": null, \"low\": 0.0, \"high\": 0.5, \"log\": false}}"}
{"op_code":5,"worker_id":"7edaa437-8a24-4285-8aa7-1f45ab89b83a-139952901822272","trial_id":7,"param_name":"layers","param_value_internal":2,"distribution":"{\"name\": \"CategoricalDistribution\", \"attributes\": {\"choices\": [1, 2, 3]}}"}
{"op_code":5,"worker_id":"7edaa437-8a24-4285-8aa7-1f45ab89b83a-139952901822272","trial_id":7,"param_name":"nodes","param_value_internal":2,"distribution":"{\"name\": \"CategoricalDistribution\", \"attributes\": {\"choices\": [16, 32, 64]}}"}
{"op_code":6,"worker_id":"7edaa437-8a24-4285-8aa7-1f45ab89b83a-139952901822272","trial_id":7,"state":1,"values":[0.6857934886823127],"datetime_complete":"2026-03-26T12:13:44.934661"}
{"op_code":4,"worker_id":"7edaa437-8a24-4285-8aa7-1f45ab89b83a-139952901822272","study_id":0,"datetime_start":"2026-03-26T12:13:44.959030"}
{"op_code":5,"worker_id":"7edaa437-8a24-4285-8aa7-1f45ab89b83a-139952901822272","trial_id":8,"param_name":"lr","param_value_internal":0.0007986657330751648,"distribution":"{\"name\": \"FloatDistribution\", \"attributes\": {\"step\": null, \"low\": 0.0001, \"high\": 0.1, \"log\": true}}"}
{"op_code":5,"worker_id":"7edaa437-8a24-4285-8aa7-1f45ab89b83a-139952901822272","trial_id":8,"param_name":"dropout","param_value_internal":0.4837263284805513,"distribution":"{\"name\": \"FloatDistribution\", \"attributes\": {\"step\": null, \"low\": 0.0, \"high\": 0.5, \"log\": false}}"}
{"op_code":5,"worker_id":"7edaa437-8a24-4285-8aa7-1f45ab89b83a-139952901822272","trial_id":8,"param_name":"layers","param_value_internal":1,"distribution":"{\"name\": \"CategoricalDistribution\", \"attributes\": {\"choices\": [1, 2, 3]}}"}
{"op_code":5,"worker_id":"7edaa437-8a24-4285-8aa7-1f45ab89b83a-139952901822272","trial_id":8,"param_name":"nodes","param_value_internal":0,"distribution":"{\"name\": \"CategoricalDistribution\", \"attributes\": {\"choices\": [16, 32, 64]}}"}
{"op_code":6,"worker_id":"7edaa437-8a24-4285-8aa7-1f45ab89b83a-139952901822272","trial_id":8,"state":1,"values":[0.6207741047980324],"datetime_complete":"2026-03-26T12:13:47.177485"}
{"op_code":4,"worker_id":"7edaa437-8a24-4285-8aa7-1f45ab89b83a-139952901822272","study_id":0,"datetime_start":"2026-03-26T12:13:47.193668"}
{"op_code":5,"worker_id":"7edaa437-8a24-4285-8aa7-1f45ab89b83a-139952901822272","trial_id":9,"param_name":"lr","param_value_internal":0.01683506139014531,"distribution":"{\"name\": \"FloatDistribution\", \"attributes\": {\"step\": null, \"low\": 0.0001, \"high\": 0.1, \"log\": true}}"}
{"op_code":5,"worker_id":"7edaa437-8a24-4285-8aa7-1f45ab89b83a-139952901822272","trial_id":9,"param_name":"dropout","param_value_internal":0.4459018464398586,"distribution":"{\"name\": \"FloatDistribution\", \"attributes\": {\"step\": null, \"low\": 0.0, \"high\": 0.5, \"log\": false}}"}
{"op_code":5,"worker_id":"7edaa437-8a24-4285-8aa7-1f45ab89b83a-139952901822272","trial_id":9,"param_name":"layers","param_value_internal":1,"distribution":"{\"name\": \"CategoricalDistribution\", \"attributes\": {\"choices\": [1, 2, 3]}}"}
{"op_code":5,"worker_id":"7edaa437-8a24-4285-8aa7-1f45ab89b83a-139952901822272","trial_id":9,"param_name":"nodes","param_value_internal":0,"distribution":"{\"name\": \"CategoricalDistribution\", \"attributes\": {\"choices\": [16, 32, 64]}}"}
{"op_code":6,"worker_id":"7edaa437-8a24-4285-8aa7-1f45ab89b83a-139952901822272","trial_id":9,"state":1,"values":[0.669202551169286],"datetime_complete":"2026-03-26T12:13:49.336716"}
{"op_code":4,"worker_id":"7edaa437-8a24-4285-8aa7-1f45ab89b83a-139952901822272","study_id":0,"datetime_start":"2026-03-26T12:13:49.348415"}
{"op_code":5,"worker_id":"7edaa437-8a24-4285-8aa7-1f45ab89b83a-139952901822272","trial_id":10,"param_name":"lr","param_value_internal":0.08928320113874173,"distribution":"{\"name\": \"FloatDistribution\", \"attributes\": {\"step\": null, \"low\": 0.0001, \"high\": 0.1, \"log\": true}}"}
{"op_code":5,"worker_id":"7edaa437-8a24-4285-8aa7-1f45ab89b83a-139952901822272","trial_id":10,"param_name":"dropout","param_value_internal":0.0032102108291272025,"distribution":"{\"name\": \"FloatDistribution\", \"attributes\": {\"step\": null, \"low\": 0.0, \"high\": 0.5, \"log\": false}}"}
{"op_code":5,"worker_id":"7edaa437-8a24-4285-8aa7-1f45ab89b83a-139952901822272","trial_id":10,"param_name":"layers","param_value_internal":0,"distribution":"{\"name\": \"CategoricalDistribution\", \"attributes\": {\"choices\": [1, 2, 3]}}"}
{"op_code":5,"worker_id":"7edaa437-8a24-4285-8aa7-1f45ab89b83a-139952901822272","trial_id":10,"param_name":"nodes","param_value_internal":1,"distribution":"{\"name\": \"CategoricalDistribution\", \"attributes\": {\"choices\": [16, 32, 64]}}"}
{"op_code":6,"worker_id":"7edaa437-8a24-4285-8aa7-1f45ab89b83a-139952901822272","trial_id":10,"state":1,"values":[0.6719538121639085],"datetime_complete":"2026-03-26T12:13:51.158454"}
{"op_code":4,"worker_id":"7edaa437-8a24-4285-8aa7-1f45ab89b83a-139952901822272","study_id":0,"datetime_start":"2026-03-26T12:13:51.170691"}
{"op_code":5,"worker_id":"7edaa437-8a24-4285-8aa7-1f45ab89b83a-139952901822272","trial_id":11,"param_name":"lr","param_value_internal":0.002168078513523476,"distribution":"{\"name\": \"FloatDistribution\", \"attributes\": {\"step\": null, \"low\": 0.0001, \"high\": 0.1, \"log\": true}}"}
{"op_code":5,"worker_id":"7edaa437-8a24-4285-8aa7-1f45ab89b83a-139952901822272","trial_id":11,"param_name":"dropout","param_value_internal":0.12052245983689841,"distribution":"{\"name\": \"FloatDistribution\", \"attributes\": {\"step\": null, \"low\": 0.0, \"high\": 0.5, \"log\": false}}"}
{"op_code":5,"worker_id":"7edaa437-8a24-4285-8aa7-1f45ab89b83a-139952901822272","trial_id":11,"param_name":"layers","param_value_internal":0,"distribution":"{\"name\": \"CategoricalDistribution\", \"attributes\": {\"choices\": [1, 2, 3]}}"}
{"op_code":5,"worker_id":"7edaa437-8a24-4285-8aa7-1f45ab89b83a-139952901822272","trial_id":11,"param_name":"nodes","param_value_internal":2,"distribution":"{\"name\": \"CategoricalDistribution\", \"attributes\": {\"choices\": [16, 32, 64]}}"}
{"op_code":6,"worker_id":"7edaa437-8a24-4285-8aa7-1f45ab89b83a-139952901822272","trial_id":11,"state":1,"values":[0.6850639876610113],"datetime_complete":"2026-03-26T12:13:52.969915"}
{"op_code":4,"worker_id":"7edaa437-8a24-4285-8aa7-1f45ab89b83a-139952901822272","study_id":0,"datetime_start":"2026-03-26T12:13:52.995388"}
{"op_code":5,"worker_id":"7edaa437-8a24-4285-8aa7-1f45ab89b83a-139952901822272","trial_id":12,"param_name":"lr","param_value_internal":0.005284944681360696,"distribution":"{\"name\": \"FloatDistribution\", \"attributes\": {\"step\": null, \"low\": 0.0001, \"high\": 0.1, \"log\": true}}"}
{"op_code":5,"worker_id":"7edaa437-8a24-4285-8aa7-1f45ab89b83a-139952901822272","trial_id":12,"param_name":"dropout","param_value_internal":0.11064546155942839,"distribution":"{\"name\": \"FloatDistribution\", \"attributes\": {\"step\": null, \"low\": 0.0, \"high\": 0.5, \"log\": false}}"}
{"op_code":5,"worker_id":"7edaa437-8a24-4285-8aa7-1f45ab89b83a-139952901822272","trial_id":12,"param_name":"layers","param_value_internal":0,"distribution":"{\"name\": \"CategoricalDistribution\", \"attributes\": {\"choices\": [1, 2, 3]}}"}
{"op_code":5,"worker_id":"7edaa437-8a24-4285-8aa7-1f45ab89b83a-139952901822272","trial_id":12,"param_name":"nodes","param_value_internal":2,"distribution":"{\"name\": \"CategoricalDistribution\", \"attributes\": {\"choices\": [16, 32, 64]}}"}
{"op_code":6,"worker_id":"7edaa437-8a24-4285-8aa7-1f45ab89b83a-139952901822272","trial_id":12,"state":1,"values":[0.6748926591354371],"datetime_complete":"2026-03-26T12:13:54.857892"}
{"op_code":4,"worker_id":"7edaa437-8a24-4285-8aa7-1f45ab89b83a-139952901822272","study_id":0,"datetime_start":"2026-03-26T12:13:54.875276"}
{"op_code":5,"worker_id":"7edaa437-8a24-4285-8aa7-1f45ab89b83a-139952901822272","trial_id":13,"param_name":"lr","param_value_internal":0.0004750598759882603,"distribution":"{\"name\": \"FloatDistribution\", \"attributes\": {\"step\": null, \"low\": 0.0001, \"high\": 0.1, \"log\": true}}"}
{"op_code":5,"worker_id":"7edaa437-8a24-4285-8aa7-1f45ab89b83a-139952901822272","trial_id":13,"param_name":"dropout","param_value_internal":0.09805740002468281,"distribution":"{\"name\": \"FloatDistribution\", \"attributes\": {\"step\": null, \"low\": 0.0, \"high\": 0.5, \"log\": false}}"}
{"op_code":5,"worker_id":"7edaa437-8a24-4285-8aa7-1f45ab89b83a-139952901822272","trial_id":13,"param_name":"layers","param_value_internal":2,"distribution":"{\"name\": \"CategoricalDistribution\", \"attributes\": {\"choices\": [1, 2, 3]}}"}
{"op_code":5,"worker_id":"7edaa437-8a24-4285-8aa7-1f45ab89b83a-139952901822272","trial_id":13,"param_name":"nodes","param_value_internal":2,"distribution":"{\"name\": \"CategoricalDistribution\", \"attributes\": {\"choices\": [16, 32, 64]}}"}
{"op_code":6,"worker_id":"7edaa437-8a24-4285-8aa7-1f45ab89b83a-139952901822272","trial_id":13,"state":1,"values":[0.6764141898370086],"datetime_complete":"2026-03-26T12:13:57.444676"}
{"op_code":4,"worker_id":"7edaa437-8a24-4285-8aa7-1f45ab89b83a-139952901822272","study_id":0,"datetime_start":"2026-03-26T12:13:57.467758"}
{"op_code":5,"worker_id":"7edaa437-8a24-4285-8aa7-1f45ab89b83a-139952901822272","trial_id":14,"param_name":"lr","param_value_internal":0.002031328481645758,"distribution":"{\"name\": \"FloatDistribution\", \"attributes\": {\"step\": null, \"low\": 0.0001, \"high\": 0.1, \"log\": true}}"}
{"op_code":5,"worker_id":"7edaa437-8a24-4285-8aa7-1f45ab89b83a-139952901822272","trial_id":14,"param_name":"dropout","param_value_internal":0.3507296040597534,"distribution":"{\"name\": \"FloatDistribution\", \"attributes\": {\"step\": null, \"low\": 0.0, \"high\": 0.5, \"log\": false}}"}
{"op_code":5,"worker_id":"7edaa437-8a24-4285-8aa7-1f45ab89b83a-139952901822272","trial_id":14,"param_name":"layers","param_value_internal":0,"distribution":"{\"name\": \"CategoricalDistribution\", \"attributes\": {\"choices\": [1, 2, 3]}}"}
{"op_code":5,"worker_id":"7edaa437-8a24-4285-8aa7-1f45ab89b83a-139952901822272","trial_id":14,"param_name":"nodes","param_value_internal":2,"distribution":"{\"name\": \"CategoricalDistribution\", \"attributes\": {\"choices\": [16, 32, 64]}}"}
{"op_code":6,"worker_id":"7edaa437-8a24-4285-8aa7-1f45ab89b83a-139952901822272","trial_id":14,"state":1,"values":[0.6730376422526991],"datetime_complete":"2026-03-26T12:13:59.344612"}
{"op_code":4,"worker_id":"7edaa437-8a24-4285-8aa7-1f45ab89b83a-139952901822272","study_id":0,"datetime_start":"2026-03-26T12:13:59.363876"}
{"op_code":5,"worker_id":"7edaa437-8a24-4285-8aa7-1f45ab89b83a-139952901822272","trial_id":15,"param_name":"lr","param_value_internal":0.007367952276437827,"distribution":"{\"name\": \"FloatDistribution\", \"attributes\": {\"step\": null, \"low\": 0.0001, \"high\": 0.1, \"log\": true}}"}
{"op_code":5,"worker_id":"7edaa437-8a24-4285-8aa7-1f45ab89b83a-139952901822272","trial_id":15,"param_name":"dropout","param_value_internal":0.16554609482764923,"distribution":"{\"name\": \"FloatDistribution\", \"attributes\": {\"step\": null, \"low\": 0.0, \"high\": 0.5, \"log\": false}}"}
{"op_code":5,"worker_id":"7edaa437-8a24-4285-8aa7-1f45ab89b83a-139952901822272","trial_id":15,"param_name":"layers","param_value_internal":0,"distribution":"{\"name\": \"CategoricalDistribution\", \"attributes\": {\"choices\": [1, 2, 3]}}"}
{"op_code":5,"worker_id":"7edaa437-8a24-4285-8aa7-1f45ab89b83a-139952901822272","trial_id":15,"param_name":"nodes","param_value_internal":2,"distribution":"{\"name\": \"CategoricalDistribution\", \"attributes\": {\"choices\": [16, 32, 64]}}"}
{"op_code":6,"worker_id":"7edaa437-8a24-4285-8aa7-1f45ab89b83a-139952901822272","trial_id":15,"state":1,"values":[0.6765392471549461],"datetime_complete":"2026-03-26T12:14:01.209104"}
{"op_code":4,"worker_id":"7edaa437-8a24-4285-8aa7-1f45ab89b83a-139952901822272","study_id":0,"datetime_start":"2026-03-26T12:14:01.232537"}
{"op_code":5,"worker_id":"7edaa437-8a24-4285-8aa7-1f45ab89b83a-139952901822272","trial_id":16,"param_name":"lr","param_value_internal":0.00047793954100678785,"distribution":"{\"name\": \"FloatDistribution\", \"attributes\": {\"step\": null, \"low\": 0.0001, \"high\": 0.1, \"log\": true}}"}
{"op_code":5,"worker_id":"7edaa437-8a24-4285-8aa7-1f45ab89b83a-139952901822272","trial_id":16,"param_name":"dropout","param_value_internal":0.052555471097432124,"distribution":"{\"name\": \"FloatDistribution\", \"attributes\": {\"step\": null, \"low\": 0.0, \"high\": 0.5, \"log\": false}}"}
{"op_code":5,"worker_id":"7edaa437-8a24-4285-8aa7-1f45ab89b83a-139952901822272","trial_id":16,"param_name":"layers","param_value_internal":2,"distribution":"{\"name\": \"CategoricalDistribution\", \"attributes\": {\"choices\": [1, 2, 3]}}"}
{"op_code":5,"worker_id":"7edaa437-8a24-4285-8aa7-1f45ab89b83a-139952901822272","trial_id":16,"param_name":"nodes","param_value_internal":1,"distribution":"{\"name\": \"CategoricalDistribution\", \"attributes\": {\"choices\": [16, 32, 64]}}"}
{"op_code":6,"worker_id":"7edaa437-8a24-4285-8aa7-1f45ab89b83a-139952901822272","trial_id":16,"state":1,"values":[0.6622618700237609],"datetime_complete":"2026-03-26T12:14:03.730225"}
{"op_code":4,"worker_id":"7edaa437-8a24-4285-8aa7-1f45ab89b83a-139952901822272","study_id":0,"datetime_start":"2026-03-26T12:14:03.753581"}
{"op_code":5,"worker_id":"7edaa437-8a24-4285-8aa7-1f45ab89b83a-139952901822272","trial_id":17,"param_name":"lr","param_value_internal":0.00165773206123165,"distribution":"{\"name\": \"FloatDistribution\", \"attributes\": {\"step\": null, \"low\": 0.0001, \"high\": 0.1, \"log\": true}}"}
{"op_code":5,"worker_id":"7edaa437-8a24-4285-8aa7-1f45ab89b83a-139952901822272","trial_id":17,"param_name":"dropout","param_value_internal":0.35240391817086103,"distribution":"{\"name\": \"FloatDistribution\", \"attributes\": {\"step\": null, \"low\": 0.0, \"high\": 0.5, \"log\": false}}"}
{"op_code":5,"worker_id":"7edaa437-8a24-4285-8aa7-1f45ab89b83a-139952901822272","trial_id":17,"param_name":"layers","param_value_internal":0,"distribution":"{\"name\": \"CategoricalDistribution\", \"attributes\": {\"choices\": [1, 2, 3]}}"}
{"op_code":5,"worker_id":"7edaa437-8a24-4285-8aa7-1f45ab89b83a-139952901822272","trial_id":17,"param_name":"nodes","param_value_internal":2,"distribution":"{\"name\": \"CategoricalDistribution\", \"attributes\": {\"choices\": [16, 32, 64]}}"}
{"op_code":6,"worker_id":"7edaa437-8a24-4285-8aa7-1f45ab89b83a-139952901822272","trial_id":17,"state":1,"values":[0.6653257743132269],"datetime_complete":"2026-03-26T12:14:05.617370"}
{"op_code":4,"worker_id":"7edaa437-8a24-4285-8aa7-1f45ab89b83a-139952901822272","study_id":0,"datetime_start":"2026-03-26T12:14:05.638220"}
{"op_code":5,"worker_id":"7edaa437-8a24-4285-8aa7-1f45ab89b83a-139952901822272","trial_id":18,"param_name":"lr","param_value_internal":0.008511966490883226,"distribution":"{\"name\": \"FloatDistribution\", \"attributes\": {\"step\": null, \"low\": 0.0001, \"high\": 0.1, \"log\": true}}"}
{"op_code":5,"worker_id":"7edaa437-8a24-4285-8aa7-1f45ab89b83a-139952901822272","trial_id":18,"param_name":"dropout","param_value_internal":0.22393095268219418,"distribution":"{\"name\": \"FloatDistribution\", \"attributes\": {\"step\": null, \"low\": 0.0, \"high\": 0.5, \"log\": false}}"}
{"op_code":5,"worker_id":"7edaa437-8a24-4285-8aa7-1f45ab89b83a-139952901822272","trial_id":18,"param_name":"layers","param_value_internal":2,"distribution":"{\"name\": \"CategoricalDistribution\", \"attributes\": {\"choices\": [1, 2, 3]}}"}
{"op_code":5,"worker_id":"7edaa437-8a24-4285-8aa7-1f45ab89b83a-139952901822272","trial_id":18,"param_name":"nodes","param_value_internal":2,"distribution":"{\"name\": \"CategoricalDistribution\", \"attributes\": {\"choices\": [16, 32, 64]}}"}
{"op_code":6,"worker_id":"7edaa437-8a24-4285-8aa7-1f45ab89b83a-139952901822272","trial_id":18,"state":1,"values":[0.6712868398015758],"datetime_complete":"2026-03-26T12:14:08.181518"}
{"op_code":4,"worker_id":"7edaa437-8a24-4285-8aa7-1f45ab89b83a-139952901822272","study_id":0,"datetime_start":"2026-03-26T12:14:08.204638"}
{"op_code":5,"worker_id":"7edaa437-8a24-4285-8aa7-1f45ab89b83a-139952901822272","trial_id":19,"param_name":"lr","param_value_internal":0.0006874318614688876,"distribution":"{\"name\": \"FloatDistribution\", \"attributes\": {\"step\": null, \"low\": 0.0001, \"high\": 0.1, \"log\": true}}"}
{"op_code":5,"worker_id":"7edaa437-8a24-4285-8aa7-1f45ab89b83a-139952901822272","trial_id":19,"param_name":"dropout","param_value_internal":0.12796610836784053,"distribution":"{\"name\": \"FloatDistribution\", \"attributes\": {\"step\": null, \"low\": 0.0, \"high\": 0.5, \"log\": false}}"}
{"op_code":5,"worker_id":"7edaa437-8a24-4285-8aa7-1f45ab89b83a-139952901822272","trial_id":19,"param_name":"layers","param_value_internal":0,"distribution":"{\"name\": \"CategoricalDistribution\", \"attributes\": {\"choices\": [1, 2, 3]}}"}
{"op_code":5,"worker_id":"7edaa437-8a24-4285-8aa7-1f45ab89b83a-139952901822272","trial_id":19,"param_name":"nodes","param_value_internal":1,"distribution":"{\"name\": \"CategoricalDistribution\", \"attributes\": {\"choices\": [16, 32, 64]}}"}
{"op_code":6,"worker_id":"7edaa437-8a24-4285-8aa7-1f45ab89b83a-139952901822272","trial_id":19,"state":1,"values":[0.6855850598190838],"datetime_complete":"2026-03-26T12:14:10.069659"}
{"op_code":0,"worker_id":"9838e304-eb02-43e5-8174-90cab2b05be4-139699157092160","study_name":"deepsurv_tuning","directions":[2]}
{"op_code":4,"worker_id":"9838e304-eb02-43e5-8174-90cab2b05be4-139699157092160","study_id":0,"datetime_start":"2026-03-26T17:30:17.325012"}
{"op_code":5,"worker_id":"9838e304-eb02-43e5-8174-90cab2b05be4-139699157092160","trial_id":20,"param_name":"lr","param_value_internal":0.00037020319843322503,"distribution":"{\"name\": \"FloatDistribution\", \"attributes\": {\"step\": null, \"low\": 0.0001, \"high\": 0.1, \"log\": true}}"}
{"op_code":5,"worker_id":"9838e304-eb02-43e5-8174-90cab2b05be4-139699157092160","trial_id":20,"param_name":"dropout","param_value_internal":0.0585663041977057,"distribution":"{\"name\": \"FloatDistribution\", \"attributes\": {\"step\": null, \"low\": 0.0, \"high\": 0.5, \"log\": false}}"}
{"op_code":5,"worker_id":"9838e304-eb02-43e5-8174-90cab2b05be4-139699157092160","trial_id":20,"param_name":"layers","param_value_internal":2,"distribution":"{\"name\": \"CategoricalDistribution\", \"attributes\": {\"choices\": [1, 2, 3]}}"}
{"op_code":5,"worker_id":"9838e304-eb02-43e5-8174-90cab2b05be4-139699157092160","trial_id":20,"param_name":"nodes","param_value_internal":1,"distribution":"{\"name\": \"CategoricalDistribution\", \"attributes\": {\"choices\": [16, 32, 64]}}"}
{"op_code":6,"worker_id":"9838e304-eb02-43e5-8174-90cab2b05be4-139699157092160","trial_id":20,"state":1,"values":[0.6551752886739756],"datetime_complete":"2026-03-26T17:30:20.144856"}
{"op_code":4,"worker_id":"9838e304-eb02-43e5-8174-90cab2b05be4-139699157092160","study_id":0,"datetime_start":"2026-03-26T17:30:20.181452"}
{"op_code":5,"worker_id":"9838e304-eb02-43e5-8174-90cab2b05be4-139699157092160","trial_id":21,"param_name":"lr","param_value_internal":0.0010480186981702431,"distribution":"{\"name\": \"FloatDistribution\", \"attributes\": {\"step\": null, \"low\": 0.0001, \"high\": 0.1, \"log\": true}}"}
{"op_code":5,"worker_id":"9838e304-eb02-43e5-8174-90cab2b05be4-139699157092160","trial_id":21,"param_name":"dropout","param_value_internal":0.16022685338824905,"distribution":"{\"name\": \"FloatDistribution\", \"attributes\": {\"step\": null, \"low\": 0.0, \"high\": 0.5, \"log\": false}}"}
{"op_code":5,"worker_id":"9838e304-eb02-43e5-8174-90cab2b05be4-139699157092160","trial_id":21,"param_name":"layers","param_value_internal":0,"distribution":"{\"name\": \"CategoricalDistribution\", \"attributes\": {\"choices\": [1, 2, 3]}}"}
{"op_code":5,"worker_id":"9838e304-eb02-43e5-8174-90cab2b05be4-139699157092160","trial_id":21,"param_name":"nodes","param_value_internal":1,"distribution":"{\"name\": \"CategoricalDistribution\", \"attributes\": {\"choices\": [16, 32, 64]}}"}
{"op_code":6,"worker_id":"9838e304-eb02-43e5-8174-90cab2b05be4-139699157092160","trial_id":21,"state":1,"values":[0.6797907374213181],"datetime_complete":"2026-03-26T17:30:22.796522"}
{"op_code":4,"worker_id":"9838e304-eb02-43e5-8174-90cab2b05be4-139699157092160","study_id":0,"datetime_start":"2026-03-26T17:30:23.100398"}
{"op_code":5,"worker_id":"9838e304-eb02-43e5-8174-90cab2b05be4-139699157092160","trial_id":22,"param_name":"lr","param_value_internal":0.003272580017422776,"distribution":"{\"name\": \"FloatDistribution\", \"attributes\": {\"step\": null, \"low\": 0.0001, \"high\": 0.1, \"log\": true}}"}
{"op_code":5,"worker_id":"9838e304-eb02-43e5-8174-90cab2b05be4-139699157092160","trial_id":22,"param_name":"dropout","param_value_internal":0.12443351404179426,"distribution":"{\"name\": \"FloatDistribution\", \"attributes\": {\"step\": null, \"low\": 0.0, \"high\": 0.5, \"log\": false}}"}
{"op_code":5,"worker_id":"9838e304-eb02-43e5-8174-90cab2b05be4-139699157092160","trial_id":22,"param_name":"layers","param_value_internal":0,"distribution":"{\"name\": \"CategoricalDistribution\", \"attributes\": {\"choices\": [1, 2, 3]}}"}
{"op_code":5,"worker_id":"9838e304-eb02-43e5-8174-90cab2b05be4-139699157092160","trial_id":22,"param_name":"nodes","param_value_internal":1,"distribution":"{\"name\": \"CategoricalDistribution\", \"attributes\": {\"choices\": [16, 32, 64]}}"}
{"op_code":6,"worker_id":"9838e304-eb02-43e5-8174-90cab2b05be4-139699157092160","trial_id":22,"state":1,"values":[0.6693692942598691],"datetime_complete":"2026-03-26T17:30:29.052980"}
{"op_code":4,"worker_id":"9838e304-eb02-43e5-8174-90cab2b05be4-139699157092160","study_id":0,"datetime_start":"2026-03-26T17:30:29.297262"}
{"op_code":5,"worker_id":"9838e304-eb02-43e5-8174-90cab2b05be4-139699157092160","trial_id":23,"param_name":"lr","param_value_internal":0.0012932703989489895,"distribution":"{\"name\": \"FloatDistribution\", \"attributes\": {\"step\": null, \"low\": 0.0001, \"high\": 0.1, \"log\": true}}"}
{"op_code":5,"worker_id":"9838e304-eb02-43e5-8174-90cab2b05be4-139699157092160","trial_id":23,"param_name":"dropout","param_value_internal":0.00038069734560793045,"distribution":"{\"name\": \"FloatDistribution\", \"attributes\": {\"step\": null, \"low\": 0.0, \"high\": 0.5, \"log\": false}}"}
{"op_code":5,"worker_id":"9838e304-eb02-43e5-8174-90cab2b05be4-139699157092160","trial_id":23,"param_name":"layers","param_value_internal":0,"distribution":"{\"name\": \"CategoricalDistribution\", \"attributes\": {\"choices\": [1, 2, 3]}}"}
{"op_code":5,"worker_id":"9838e304-eb02-43e5-8174-90cab2b05be4-139699157092160","trial_id":23,"param_name":"nodes","param_value_internal":1,"distribution":"{\"name\": \"CategoricalDistribution\", \"attributes\": {\"choices\": [16, 32, 64]}}"}
{"op_code":6,"worker_id":"9838e304-eb02-43e5-8174-90cab2b05be4-139699157092160","trial_id":23,"state":1,"values":[0.6680561924215266],"datetime_complete":"2026-03-26T17:30:31.262211"}
{"op_code":4,"worker_id":"9838e304-eb02-43e5-8174-90cab2b05be4-139699157092160","study_id":0,"datetime_start":"2026-03-26T17:30:31.280331"}
{"op_code":5,"worker_id":"9838e304-eb02-43e5-8174-90cab2b05be4-139699157092160","trial_id":24,"param_name":"lr","param_value_internal":0.0006709871891374925,"distribution":"{\"name\": \"FloatDistribution\", \"attributes\": {\"step\": null, \"low\": 0.0001, \"high\": 0.1, \"log\": true}}"}
{"op_code":5,"worker_id":"9838e304-eb02-43e5-8174-90cab2b05be4-139699157092160","trial_id":24,"param_name":"dropout","param_value_internal":0.07387926358732688,"distribution":"{\"name\": \"FloatDistribution\", \"attributes\": {\"step\": null, \"low\": 0.0, \"high\": 0.5, \"log\": false}}"}
{"op_code":5,"worker_id":"9838e304-eb02-43e5-8174-90cab2b05be4-139699157092160","trial_id":24,"param_name":"layers","param_value_internal":0,"distribution":"{\"name\": \"CategoricalDistribution\", \"attributes\": {\"choices\": [1, 2, 3]}}"}
{"op_code":5,"worker_id":"9838e304-eb02-43e5-8174-90cab2b05be4-139699157092160","trial_id":24,"param_name":"nodes","param_value_internal":2,"distribution":"{\"name\": \"CategoricalDistribution\", \"attributes\": {\"choices\": [16, 32, 64]}}"}
{"op_code":6,"worker_id":"9838e304-eb02-43e5-8174-90cab2b05be4-139699157092160","trial_id":24,"state":1,"values":[0.6600942098461795],"datetime_complete":"2026-03-26T17:30:33.112161"}
{"op_code":4,"worker_id":"9838e304-eb02-43e5-8174-90cab2b05be4-139699157092160","study_id":0,"datetime_start":"2026-03-26T17:30:33.126820"}
{"op_code":5,"worker_id":"9838e304-eb02-43e5-8174-90cab2b05be4-139699157092160","trial_id":25,"param_name":"lr","param_value_internal":0.000308286719141652,"distribution":"{\"name\": \"FloatDistribution\", \"attributes\": {\"step\": null, \"low\": 0.0001, \"high\": 0.1, \"log\": true}}"}
{"op_code":5,"worker_id":"9838e304-eb02-43e5-8174-90cab2b05be4-139699157092160","trial_id":25,"param_name":"dropout","param_value_internal":0.1520395057886993,"distribution":"{\"name\": \"FloatDistribution\", \"attributes\": {\"step\": null, \"low\": 0.0, \"high\": 0.5, \"log\": false}}"}
{"op_code":5,"worker_id":"9838e304-eb02-43e5-8174-90cab2b05be4-139699157092160","trial_id":25,"param_name":"layers","param_value_internal":0,"distribution":"{\"name\": \"CategoricalDistribution\", \"attributes\": {\"choices\": [1, 2, 3]}}"}
{"op_code":5,"worker_id":"9838e304-eb02-43e5-8174-90cab2b05be4-139699157092160","trial_id":25,"param_name":"nodes","param_value_internal":1,"distribution":"{\"name\": \"CategoricalDistribution\", \"attributes\": {\"choices\": [16, 32, 64]}}"}
{"op_code":6,"worker_id":"9838e304-eb02-43e5-8174-90cab2b05be4-139699157092160","trial_id":25,"state":1,"values":[0.6641377297928217],"datetime_complete":"2026-03-26T17:30:35.031140"}
{"op_code":4,"worker_id":"9838e304-eb02-43e5-8174-90cab2b05be4-139699157092160","study_id":0,"datetime_start":"2026-03-26T17:30:35.045383"}
{"op_code":5,"worker_id":"9838e304-eb02-43e5-8174-90cab2b05be4-139699157092160","trial_id":26,"param_name":"lr","param_value_internal":0.000127375297490942,"distribution":"{\"name\": \"FloatDistribution\", \"attributes\": {\"step\": null, \"low\": 0.0001, \"high\": 0.1, \"log\": true}}"}
{"op_code":5,"worker_id":"9838e304-eb02-43e5-8174-90cab2b05be4-139699157092160","trial_id":26,"param_name":"dropout","param_value_internal":0.2090528080565105,"distribution":"{\"name\": \"FloatDistribution\", \"attributes\": {\"step\": null, \"low\": 0.0, \"high\": 0.5, \"log\": false}}"}
{"op_code":5,"worker_id":"9838e304-eb02-43e5-8174-90cab2b05be4-139699157092160","trial_id":26,"param_name":"layers","param_value_internal":2,"distribution":"{\"name\": \"CategoricalDistribution\", \"attributes\": {\"choices\": [1, 2, 3]}}"}
{"op_code":5,"worker_id":"9838e304-eb02-43e5-8174-90cab2b05be4-139699157092160","trial_id":26,"param_name":"nodes","param_value_internal":2,"distribution":"{\"name\": \"CategoricalDistribution\", \"attributes\": {\"choices\": [16, 32, 64]}}"}
{"op_code":6,"worker_id":"9838e304-eb02-43e5-8174-90cab2b05be4-139699157092160","trial_id":26,"state":1,"values":[0.6575513777147859],"datetime_complete":"2026-03-26T17:30:37.662883"}
{"op_code":4,"worker_id":"9838e304-eb02-43e5-8174-90cab2b05be4-139699157092160","study_id":0,"datetime_start":"2026-03-26T17:30:37.679440"}
{"op_code":5,"worker_id":"9838e304-eb02-43e5-8174-90cab2b05be4-139699157092160","trial_id":27,"param_name":"lr","param_value_internal":0.0027420063823965545,"distribution":"{\"name\": \"FloatDistribution\", \"attributes\": {\"step\": null, \"low\": 0.0001, \"high\": 0.1, \"log\": true}}"}
{"op_code":5,"worker_id":"9838e304-eb02-43e5-8174-90cab2b05be4-139699157092160","trial_id":27,"param_name":"dropout","param_value_internal":0.09301484901453155,"distribution":"{\"name\": \"FloatDistribution\", \"attributes\": {\"step\": null, \"low\": 0.0, \"high\": 0.5, \"log\": false}}"}
{"op_code":5,"worker_id":"9838e304-eb02-43e5-8174-90cab2b05be4-139699157092160","trial_id":27,"param_name":"layers","param_value_internal":0,"distribution":"{\"name\": \"CategoricalDistribution\", \"attributes\": {\"choices\": [1, 2, 3]}}"}
{"op_code":5,"worker_id":"9838e304-eb02-43e5-8174-90cab2b05be4-139699157092160","trial_id":27,"param_name":"nodes","param_value_internal":1,"distribution":"{\"name\": \"CategoricalDistribution\", \"attributes\": {\"choices\": [16, 32, 64]}}"}
{"op_code":6,"worker_id":"9838e304-eb02-43e5-8174-90cab2b05be4-139699157092160","trial_id":27,"state":1,"values":[0.6652215598816124],"datetime_complete":"2026-03-26T17:30:39.522453"}
{"op_code":4,"worker_id":"9838e304-eb02-43e5-8174-90cab2b05be4-139699157092160","study_id":0,"datetime_start":"2026-03-26T17:30:39.544510"}
{"op_code":5,"worker_id":"9838e304-eb02-43e5-8174-90cab2b05be4-139699157092160","trial_id":28,"param_name":"lr","param_value_internal":0.012461059448529306,"distribution":"{\"name\": \"FloatDistribution\", \"attributes\": {\"step\": null, \"low\": 0.0001, \"high\": 0.1, \"log\": true}}"}
{"op_code":5,"worker_id":"9838e304-eb02-43e5-8174-90cab2b05be4-139699157092160","trial_id":28,"param_name":"dropout","param_value_internal":0.30040199050022454,"distribution":"{\"name\": \"FloatDistribution\", \"attributes\": {\"step\": null, \"low\": 0.0, \"high\": 0.5, \"log\": false}}"}
{"op_code":5,"worker_id":"9838e304-eb02-43e5-8174-90cab2b05be4-139699157092160","trial_id":28,"param_name":"layers","param_value_internal":0,"distribution":"{\"name\": \"CategoricalDistribution\", \"attributes\": {\"choices\": [1, 2, 3]}}"}
{"op_code":5,"worker_id":"9838e304-eb02-43e5-8174-90cab2b05be4-139699157092160","trial_id":28,"param_name":"nodes","param_value_internal":0,"distribution":"{\"name\": \"CategoricalDistribution\", \"attributes\": {\"choices\": [16, 32, 64]}}"}
{"op_code":6,"worker_id":"9838e304-eb02-43e5-8174-90cab2b05be4-139699157092160","trial_id":28,"state":1,"values":[0.676747676018175],"datetime_complete":"2026-03-26T17:30:41.400017"}
{"op_code":4,"worker_id":"9838e304-eb02-43e5-8174-90cab2b05be4-139699157092160","study_id":0,"datetime_start":"2026-03-26T17:30:41.418559"}
{"op_code":5,"worker_id":"9838e304-eb02-43e5-8174-90cab2b05be4-139699157092160","trial_id":29,"param_name":"lr","param_value_internal":0.0031147316192293166,"distribution":"{\"name\": \"FloatDistribution\", \"attributes\": {\"step\": null, \"low\": 0.0001, \"high\": 0.1, \"log\": true}}"}
{"op_code":5,"worker_id":"9838e304-eb02-43e5-8174-90cab2b05be4-139699157092160","trial_id":29,"param_name":"dropout","param_value_internal":0.24746173064374952,"distribution":"{\"name\": \"FloatDistribution\", \"attributes\": {\"step\": null, \"low\": 0.0, \"high\": 0.5, \"log\": false}}"}
{"op_code":5,"worker_id":"9838e304-eb02-43e5-8174-90cab2b05be4-139699157092160","trial_id":29,"param_name":"layers","param_value_internal":2,"distribution":"{\"name\": \"CategoricalDistribution\", \"attributes\": {\"choices\": [1, 2, 3]}}"}
{"op_code":5,"worker_id":"9838e304-eb02-43e5-8174-90cab2b05be4-139699157092160","trial_id":29,"param_name":"nodes","param_value_internal":2,"distribution":"{\"name\": \"CategoricalDistribution\", \"attributes\": {\"choices\": [16, 32, 64]}}"}
{"op_code":6,"worker_id":"9838e304-eb02-43e5-8174-90cab2b05be4-139699157092160","trial_id":29,"state":1,"values":[0.679394722581183],"datetime_complete":"2026-03-26T17:30:44.035269"}
{"op_code":4,"worker_id":"9838e304-eb02-43e5-8174-90cab2b05be4-139699157092160","study_id":0,"datetime_start":"2026-03-26T17:30:44.058910"}
{"op_code":5,"worker_id":"9838e304-eb02-43e5-8174-90cab2b05be4-139699157092160","trial_id":30,"param_name":"lr","param_value_internal":0.0005462362877746299,"distribution":"{\"name\": \"FloatDistribution\", \"attributes\": {\"step\": null, \"low\": 0.0001, \"high\": 0.1, \"log\": true}}"}
{"op_code":5,"worker_id":"9838e304-eb02-43e5-8174-90cab2b05be4-139699157092160","trial_id":30,"param_name":"dropout","param_value_internal":0.1421459477799848,"distribution":"{\"name\": \"FloatDistribution\", \"attributes\": {\"step\": null, \"low\": 0.0, \"high\": 0.5, \"log\": false}}"}
{"op_code":5,"worker_id":"9838e304-eb02-43e5-8174-90cab2b05be4-139699157092160","trial_id":30,"param_name":"layers","param_value_internal":1,"distribution":"{\"name\": \"CategoricalDistribution\", \"attributes\": {\"choices\": [1, 2, 3]}}"}
{"op_code":5,"worker_id":"9838e304-eb02-43e5-8174-90cab2b05be4-139699157092160","trial_id":30,"param_name":"nodes","param_value_internal":0,"distribution":"{\"name\": \"CategoricalDistribution\", \"attributes\": {\"choices\": [16, 32, 64]}}"}
{"op_code":6,"worker_id":"9838e304-eb02-43e5-8174-90cab2b05be4-139699157092160","trial_id":30,"state":1,"values":[0.6333944724665471],"datetime_complete":"2026-03-26T17:30:46.261880"}
{"op_code":4,"worker_id":"9838e304-eb02-43e5-8174-90cab2b05be4-139699157092160","study_id":0,"datetime_start":"2026-03-26T17:30:46.281738"}
{"op_code":5,"worker_id":"9838e304-eb02-43e5-8174-90cab2b05be4-139699157092160","trial_id":31,"param_name":"lr","param_value_internal":0.0020520554930503815,"distribution":"{\"name\": \"FloatDistribution\", \"attributes\": {\"step\": null, \"low\": 0.0001, \"high\": 0.1, \"log\": true}}"}
{"op_code":5,"worker_id":"9838e304-eb02-43e5-8174-90cab2b05be4-139699157092160","trial_id":31,"param_name":"dropout","param_value_internal":0.19628948047459677,"distribution":"{\"name\": \"FloatDistribution\", \"attributes\": {\"step\": null, \"low\": 0.0, \"high\": 0.5, \"log\": false}}"}
{"op_code":5,"worker_id":"9838e304-eb02-43e5-8174-90cab2b05be4-139699157092160","trial_id":31,"param_name":"layers","param_value_internal":0,"distribution":"{\"name\": \"CategoricalDistribution\", \"attributes\": {\"choices\": [1, 2, 3]}}"}
{"op_code":5,"worker_id":"9838e304-eb02-43e5-8174-90cab2b05be4-139699157092160","trial_id":31,"param_name":"nodes","param_value_internal":2,"distribution":"{\"name\": \"CategoricalDistribution\", \"attributes\": {\"choices\": [16, 32, 64]}}"}
{"op_code":6,"worker_id":"9838e304-eb02-43e5-8174-90cab2b05be4-139699157092160","trial_id":31,"state":1,"values":[0.6741423152278128],"datetime_complete":"2026-03-26T17:30:48.068606"}
{"op_code":4,"worker_id":"9838e304-eb02-43e5-8174-90cab2b05be4-139699157092160","study_id":0,"datetime_start":"2026-03-26T17:30:48.109110"}
{"op_code":5,"worker_id":"9838e304-eb02-43e5-8174-90cab2b05be4-139699157092160","trial_id":32,"param_name":"lr","param_value_internal":0.0015420042800640577,"distribution":"{\"name\": \"FloatDistribution\", \"attributes\": {\"step\": null, \"low\": 0.0001, \"high\": 0.1, \"log\": true}}"}
{"op_code":5,"worker_id":"9838e304-eb02-43e5-8174-90cab2b05be4-139699157092160","trial_id":32,"param_name":"dropout","param_value_internal":0.18980573568909254,"distribution":"{\"name\": \"FloatDistribution\", \"attributes\": {\"step\": null, \"low\": 0.0, \"high\": 0.5, \"log\": false}}"}
{"op_code":5,"worker_id":"9838e304-eb02-43e5-8174-90cab2b05be4-139699157092160","trial_id":32,"param_name":"layers","param_value_internal":0,"distribution":"{\"name\": \"CategoricalDistribution\", \"attributes\": {\"choices\": [1, 2, 3]}}"}
{"op_code":5,"worker_id":"9838e304-eb02-43e5-8174-90cab2b05be4-139699157092160","trial_id":32,"param_name":"nodes","param_value_internal":2,"distribution":"{\"name\": \"CategoricalDistribution\", \"attributes\": {\"choices\": [16, 32, 64]}}"}
{"op_code":6,"worker_id":"9838e304-eb02-43e5-8174-90cab2b05be4-139699157092160","trial_id":32,"state":1,"values":[0.6697653091000042],"datetime_complete":"2026-03-26T17:30:49.861307"}
{"op_code":4,"worker_id":"9838e304-eb02-43e5-8174-90cab2b05be4-139699157092160","study_id":0,"datetime_start":"2026-03-26T17:30:49.894563"}
{"op_code":5,"worker_id":"9838e304-eb02-43e5-8174-90cab2b05be4-139699157092160","trial_id":33,"param_name":"lr","param_value_internal":0.0010844124776002992,"distribution":"{\"name\": \"FloatDistribution\", \"attributes\": {\"step\": null, \"low\": 0.0001, \"high\": 0.1, \"log\": true}}"}
{"op_code":5,"worker_id":"9838e304-eb02-43e5-8174-90cab2b05be4-139699157092160","trial_id":33,"param_name":"dropout","param_value_internal":0.17442413996755318,"distribution":"{\"name\": \"FloatDistribution\", \"attributes\": {\"step\": null, \"low\": 0.0, \"high\": 0.5, \"log\": false}}"}
{"op_code":5,"worker_id":"9838e304-eb02-43e5-8174-90cab2b05be4-139699157092160","trial_id":33,"param_name":"layers","param_value_internal":0,"distribution":"{\"name\": \"CategoricalDistribution\", \"attributes\": {\"choices\": [1, 2, 3]}}"}
{"op_code":5,"worker_id":"9838e304-eb02-43e5-8174-90cab2b05be4-139699157092160","trial_id":33,"param_name":"nodes","param_value_internal":2,"distribution":"{\"name\": \"CategoricalDistribution\", \"attributes\": {\"choices\": [16, 32, 64]}}"}
{"op_code":6,"worker_id":"9838e304-eb02-43e5-8174-90cab2b05be4-139699157092160","trial_id":33,"state":1,"values":[0.684918087456751],"datetime_complete":"2026-03-26T17:30:51.530819"}
{"op_code":4,"worker_id":"9838e304-eb02-43e5-8174-90cab2b05be4-139699157092160","study_id":0,"datetime_start":"2026-03-26T17:30:51.553567"}
{"op_code":5,"worker_id":"9838e304-eb02-43e5-8174-90cab2b05be4-139699157092160","trial_id":34,"param_name":"lr","param_value_internal":0.004776932337871919,"distribution":"{\"name\": \"FloatDistribution\", \"attributes\": {\"step\": null, \"low\": 0.0001, \"high\": 0.1, \"log\": true}}"}
{"op_code":5,"worker_id":"9838e304-eb02-43e5-8174-90cab2b05be4-139699157092160","trial_id":34,"param_name":"dropout","param_value_internal":0.08222171115716059,"distribution":"{\"name\": \"FloatDistribution\", \"attributes\": {\"step\": null, \"low\": 0.0, \"high\": 0.5, \"log\": false}}"}
{"op_code":5,"worker_id":"9838e304-eb02-43e5-8174-90cab2b05be4-139699157092160","trial_id":34,"param_name":"layers","param_value_internal":0,"distribution":"{\"name\": \"CategoricalDistribution\", \"attributes\": {\"choices\": [1, 2, 3]}}"}
{"op_code":5,"worker_id":"9838e304-eb02-43e5-8174-90cab2b05be4-139699157092160","trial_id":34,"param_name":"nodes","param_value_internal":2,"distribution":"{\"name\": \"CategoricalDistribution\", \"attributes\": {\"choices\": [16, 32, 64]}}"}
{"op_code":6,"worker_id":"9838e304-eb02-43e5-8174-90cab2b05be4-139699157092160","trial_id":34,"state":1,"values":[0.6613864687981992],"datetime_complete":"2026-03-26T17:30:53.338621"}
{"op_code":4,"worker_id":"9838e304-eb02-43e5-8174-90cab2b05be4-139699157092160","study_id":0,"datetime_start":"2026-03-26T17:30:53.354528"}
{"op_code":5,"worker_id":"9838e304-eb02-43e5-8174-90cab2b05be4-139699157092160","trial_id":35,"param_name":"lr","param_value_internal":0.0010756611612816737,"distribution":"{\"name\": \"FloatDistribution\", \"attributes\": {\"step\": null, \"low\": 0.0001, \"high\": 0.1, \"log\": true}}"}
{"op_code":5,"worker_id":"9838e304-eb02-43e5-8174-90cab2b05be4-139699157092160","trial_id":35,"param_name":"dropout","param_value_internal":0.03447687195117674,"distribution":"{\"name\": \"FloatDistribution\", \"attributes\": {\"step\": null, \"low\": 0.0, \"high\": 0.5, \"log\": false}}"}
{"op_code":5,"worker_id":"9838e304-eb02-43e5-8174-90cab2b05be4-139699157092160","trial_id":35,"param_name":"layers","param_value_internal":0,"distribution":"{\"name\": \"CategoricalDistribution\", \"attributes\": {\"choices\": [1, 2, 3]}}"}
{"op_code":5,"worker_id":"9838e304-eb02-43e5-8174-90cab2b05be4-139699157092160","trial_id":35,"param_name":"nodes","param_value_internal":2,"distribution":"{\"name\": \"CategoricalDistribution\", \"attributes\": {\"choices\": [16, 32, 64]}}"}
{"op_code":6,"worker_id":"9838e304-eb02-43e5-8174-90cab2b05be4-139699157092160","trial_id":35,"state":1,"values":[0.672870899162116],"datetime_complete":"2026-03-26T17:30:55.080024"}
{"op_code":4,"worker_id":"9838e304-eb02-43e5-8174-90cab2b05be4-139699157092160","study_id":0,"datetime_start":"2026-03-26T17:30:55.120142"}
{"op_code":5,"worker_id":"9838e304-eb02-43e5-8174-90cab2b05be4-139699157092160","trial_id":36,"param_name":"lr","param_value_internal":0.00026613541230135194,"distribution":"{\"name\": \"FloatDistribution\", \"attributes\": {\"step\": null, \"low\": 0.0001, \"high\": 0.1, \"log\": true}}"}
{"op_code":5,"worker_id":"9838e304-eb02-43e5-8174-90cab2b05be4-139699157092160","trial_id":36,"param_name":"dropout","param_value_internal":0.23628002833585493,"distribution":"{\"name\": \"FloatDistribution\", \"attributes\": {\"step\": null, \"low\": 0.0, \"high\": 0.5, \"log\": false}}"}
{"op_code":5,"worker_id":"9838e304-eb02-43e5-8174-90cab2b05be4-139699157092160","trial_id":36,"param_name":"layers","param_value_internal":1,"distribution":"{\"name\": \"CategoricalDistribution\", \"attributes\": {\"choices\": [1, 2, 3]}}"}
{"op_code":5,"worker_id":"9838e304-eb02-43e5-8174-90cab2b05be4-139699157092160","trial_id":36,"param_name":"nodes","param_value_internal":2,"distribution":"{\"name\": \"CategoricalDistribution\", \"attributes\": {\"choices\": [16, 32, 64]}}"}
{"op_code":6,"worker_id":"9838e304-eb02-43e5-8174-90cab2b05be4-139699157092160","trial_id":36,"state":1,"values":[0.6606778106632206],"datetime_complete":"2026-03-26T17:30:57.248460"}
{"op_code":4,"worker_id":"9838e304-eb02-43e5-8174-90cab2b05be4-139699157092160","study_id":0,"datetime_start":"2026-03-26T17:30:57.262872"}
{"op_code":5,"worker_id":"9838e304-eb02-43e5-8174-90cab2b05be4-139699157092160","trial_id":37,"param_name":"lr","param_value_internal":0.000174934697975167,"distribution":"{\"name\": \"FloatDistribution\", \"attributes\": {\"step\": null, \"low\": 0.0001, \"high\": 0.1, \"log\": true}}"}
{"op_code":5,"worker_id":"9838e304-eb02-43e5-8174-90cab2b05be4-139699157092160","trial_id":37,"param_name":"dropout","param_value_internal":0.13758679241428032,"distribution":"{\"name\": \"FloatDistribution\", \"attributes\": {\"step\": null, \"low\": 0.0, \"high\": 0.5, \"log\": false}}"}
{"op_code":5,"worker_id":"9838e304-eb02-43e5-8174-90cab2b05be4-139699157092160","trial_id":37,"param_name":"layers","param_value_internal":0,"distribution":"{\"name\": \"CategoricalDistribution\", \"attributes\": {\"choices\": [1, 2, 3]}}"}
{"op_code":5,"worker_id":"9838e304-eb02-43e5-8174-90cab2b05be4-139699157092160","trial_id":37,"param_name":"nodes","param_value_internal":2,"distribution":"{\"name\": \"CategoricalDistribution\", \"attributes\": {\"choices\": [16, 32, 64]}}"}
{"op_code":6,"worker_id":"9838e304-eb02-43e5-8174-90cab2b05be4-139699157092160","trial_id":37,"state":1,"values":[0.5676560090041269],"datetime_complete":"2026-03-26T17:30:58.989801"}
{"op_code":4,"worker_id":"9838e304-eb02-43e5-8174-90cab2b05be4-139699157092160","study_id":0,"datetime_start":"2026-03-26T17:30:59.006416"}
{"op_code":5,"worker_id":"9838e304-eb02-43e5-8174-90cab2b05be4-139699157092160","trial_id":38,"param_name":"lr","param_value_internal":0.0007407725670340613,"distribution":"{\"name\": \"FloatDistribution\", \"attributes\": {\"step\": null, \"low\": 0.0001, \"high\": 0.1, \"log\": true}}"}
{"op_code":5,"worker_id":"9838e304-eb02-43e5-8174-90cab2b05be4-139699157092160","trial_id":38,"param_name":"dropout","param_value_internal":0.17308148342301116,"distribution":"{\"name\": \"FloatDistribution\", \"attributes\": {\"step\": null, \"low\": 0.0, \"high\": 0.5, \"log\": false}}"}
{"op_code":5,"worker_id":"9838e304-eb02-43e5-8174-90cab2b05be4-139699157092160","trial_id":38,"param_name":"layers","param_value_internal":2,"distribution":"{\"name\": \"CategoricalDistribution\", \"attributes\": {\"choices\": [1, 2, 3]}}"}
{"op_code":5,"worker_id":"9838e304-eb02-43e5-8174-90cab2b05be4-139699157092160","trial_id":38,"param_name":"nodes","param_value_internal":1,"distribution":"{\"name\": \"CategoricalDistribution\", \"attributes\": {\"choices\": [16, 32, 64]}}"}
{"op_code":6,"worker_id":"9838e304-eb02-43e5-8174-90cab2b05be4-139699157092160","trial_id":38,"state":1,"values":[0.6637104506232023],"datetime_complete":"2026-03-26T17:31:01.461053"}
{"op_code":4,"worker_id":"9838e304-eb02-43e5-8174-90cab2b05be4-139699157092160","study_id":0,"datetime_start":"2026-03-26T17:31:01.478697"}
{"op_code":5,"worker_id":"9838e304-eb02-43e5-8174-90cab2b05be4-139699157092160","trial_id":39,"param_name":"lr","param_value_internal":0.0022883000038529636,"distribution":"{\"name\": \"FloatDistribution\", \"attributes\": {\"step\": null, \"low\": 0.0001, \"high\": 0.1, \"log\": true}}"}
{"op_code":5,"worker_id":"9838e304-eb02-43e5-8174-90cab2b05be4-139699157092160","trial_id":39,"param_name":"dropout","param_value_internal":0.2633189201402068,"distribution":"{\"name\": \"FloatDistribution\", \"attributes\": {\"step\": null, \"low\": 0.0, \"high\": 0.5, \"log\": false}}"}
{"op_code":5,"worker_id":"9838e304-eb02-43e5-8174-90cab2b05be4-139699157092160","trial_id":39,"param_name":"layers","param_value_internal":1,"distribution":"{\"name\": \"CategoricalDistribution\", \"attributes\": {\"choices\": [1, 2, 3]}}"}
{"op_code":5,"worker_id":"9838e304-eb02-43e5-8174-90cab2b05be4-139699157092160","trial_id":39,"param_name":"nodes","param_value_internal":0,"distribution":"{\"name\": \"CategoricalDistribution\", \"attributes\": {\"choices\": [16, 32, 64]}}"}
{"op_code":6,"worker_id":"9838e304-eb02-43e5-8174-90cab2b05be4-139699157092160","trial_id":39,"state":1,"values":[0.6585101504856392],"datetime_complete":"2026-03-26T17:31:03.627773"}
{"op_code":0,"worker_id":"037807ef-1711-4516-be65-53a93ca00df4-140252871579456","study_name":"deepsurv_tuning","directions":[2]}
{"op_code":4,"worker_id":"037807ef-1711-4516-be65-53a93ca00df4-140252871579456","study_id":0,"datetime_start":"2026-03-30T11:34:14.404405"}
{"op_code":5,"worker_id":"037807ef-1711-4516-be65-53a93ca00df4-140252871579456","trial_id":40,"param_name":"lr","param_value_internal":0.001289030262286296,"distribution":"{\"name\": \"FloatDistribution\", \"attributes\": {\"step\": null, \"low\": 0.0001, \"high\": 0.1, \"log\": true}}"}
{"op_code":5,"worker_id":"037807ef-1711-4516-be65-53a93ca00df4-140252871579456","trial_id":40,"param_name":"dropout","param_value_internal":0.11730794720210573,"distribution":"{\"name\": \"FloatDistribution\", \"attributes\": {\"step\": null, \"low\": 0.0, \"high\": 0.5, \"log\": false}}"}
{"op_code":5,"worker_id":"037807ef-1711-4516-be65-53a93ca00df4-140252871579456","trial_id":40,"param_name":"layers","param_value_internal":2,"distribution":"{\"name\": \"CategoricalDistribution\", \"attributes\": {\"choices\": [1, 2, 3]}}"}
{"op_code":5,"worker_id":"037807ef-1711-4516-be65-53a93ca00df4-140252871579456","trial_id":40,"param_name":"nodes","param_value_internal":2,"distribution":"{\"name\": \"CategoricalDistribution\", \"attributes\": {\"choices\": [16, 32, 64]}}"}
{"op_code":6,"worker_id":"037807ef-1711-4516-be65-53a93ca00df4-140252871579456","trial_id":40,"state":1,"values":[0.6773938054941848],"datetime_complete":"2026-03-30T11:34:16.330580"}
{"op_code":4,"worker_id":"037807ef-1711-4516-be65-53a93ca00df4-140252871579456","study_id":0,"datetime_start":"2026-03-30T11:34:16.348475"}
{"op_code":5,"worker_id":"037807ef-1711-4516-be65-53a93ca00df4-140252871579456","trial_id":41,"param_name":"lr","param_value_internal":0.0008611230040248988,"distribution":"{\"name\": \"FloatDistribution\", \"attributes\": {\"step\": null, \"low\": 0.0001, \"high\": 0.1, \"log\": true}}"}
{"op_code":5,"worker_id":"037807ef-1711-4516-be65-53a93ca00df4-140252871579456","trial_id":41,"param_name":"dropout","param_value_internal":0.21773769228728396,"distribution":"{\"name\": \"FloatDistribution\", \"attributes\": {\"step\": null, \"low\": 0.0, \"high\": 0.5, \"log\": false}}"}
{"op_code":5,"worker_id":"037807ef-1711-4516-be65-53a93ca00df4-140252871579456","trial_id":41,"param_name":"layers","param_value_internal":0,"distribution":"{\"name\": \"CategoricalDistribution\", \"attributes\": {\"choices\": [1, 2, 3]}}"}
{"op_code":5,"worker_id":"037807ef-1711-4516-be65-53a93ca00df4-140252871579456","trial_id":41,"param_name":"nodes","param_value_internal":2,"distribution":"{\"name\": \"CategoricalDistribution\", \"attributes\": {\"choices\": [16, 32, 64]}}"}
{"op_code":6,"worker_id":"037807ef-1711-4516-be65-53a93ca00df4-140252871579456","trial_id":41,"state":1,"values":[0.6801450664888073],"datetime_complete":"2026-03-30T11:34:17.756351"}
{"op_code":4,"worker_id":"037807ef-1711-4516-be65-53a93ca00df4-140252871579456","study_id":0,"datetime_start":"2026-03-30T11:34:17.781312"}
{"op_code":5,"worker_id":"037807ef-1711-4516-be65-53a93ca00df4-140252871579456","trial_id":42,"param_name":"lr","param_value_internal":0.00445741539369301,"distribution":"{\"name\": \"FloatDistribution\", \"attributes\": {\"step\": null, \"low\": 0.0001, \"high\": 0.1, \"log\": true}}"}
{"op_code":5,"worker_id":"037807ef-1711-4516-be65-53a93ca00df4-140252871579456","trial_id":42,"param_name":"dropout","param_value_internal":0.18252569801868043,"distribution":"{\"name\": \"FloatDistribution\", \"attributes\": {\"step\": null, \"low\": 0.0, \"high\": 0.5, \"log\": false}}"}
{"op_code":5,"worker_id":"037807ef-1711-4516-be65-53a93ca00df4-140252871579456","trial_id":42,"param_name":"layers","param_value_internal":0,"distribution":"{\"name\": \"CategoricalDistribution\", \"attributes\": {\"choices\": [1, 2, 3]}}"}
{"op_code":5,"worker_id":"037807ef-1711-4516-be65-53a93ca00df4-140252871579456","trial_id":42,"param_name":"nodes","param_value_internal":2,"distribution":"{\"name\": \"CategoricalDistribution\", \"attributes\": {\"choices\": [16, 32, 64]}}"}
{"op_code":6,"worker_id":"037807ef-1711-4516-be65-53a93ca00df4-140252871579456","trial_id":42,"state":1,"values":[0.6751636166576348],"datetime_complete":"2026-03-30T11:34:19.212515"}
{"op_code":4,"worker_id":"037807ef-1711-4516-be65-53a93ca00df4-140252871579456","study_id":0,"datetime_start":"2026-03-30T11:34:19.229631"}
{"op_code":5,"worker_id":"037807ef-1711-4516-be65-53a93ca00df4-140252871579456","trial_id":43,"param_name":"lr","param_value_internal":0.0655235695172467,"distribution":"{\"name\": \"FloatDistribution\", \"attributes\": {\"step\": null, \"low\": 0.0001, \"high\": 0.1, \"log\": true}}"}
{"op_code":5,"worker_id":"037807ef-1711-4516-be65-53a93ca00df4-140252871579456","trial_id":43,"param_name":"dropout","param_value_internal":0.10920509793735372,"distribution":"{\"name\": \"FloatDistribution\", \"attributes\": {\"step\": null, \"low\": 0.0, \"high\": 0.5, \"log\": false}}"}
{"op_code":5,"worker_id":"037807ef-1711-4516-be65-53a93ca00df4-140252871579456","trial_id":43,"param_name":"layers","param_value_internal":0,"distribution":"{\"name\": \"CategoricalDistribution\", \"attributes\": {\"choices\": [1, 2, 3]}}"}
{"op_code":5,"worker_id":"037807ef-1711-4516-be65-53a93ca00df4-140252871579456","trial_id":43,"param_name":"nodes","param_value_internal":2,"distribution":"{\"name\": \"CategoricalDistribution\", \"attributes\": {\"choices\": [16, 32, 64]}}"}
{"op_code":6,"worker_id":"037807ef-1711-4516-be65-53a93ca00df4-140252871579456","trial_id":43,"state":1,"values":[0.6826253699612322],"datetime_complete":"2026-03-30T11:34:20.656187"}
{"op_code":4,"worker_id":"037807ef-1711-4516-be65-53a93ca00df4-140252871579456","study_id":0,"datetime_start":"2026-03-30T11:34:20.675997"}
{"op_code":5,"worker_id":"037807ef-1711-4516-be65-53a93ca00df4-140252871579456","trial_id":44,"param_name":"lr","param_value_internal":0.00037984718659259527,"distribution":"{\"name\": \"FloatDistribution\", \"attributes\": {\"step\": null, \"low\": 0.0001, \"high\": 0.1, \"log\": true}}"}
{"op_code":5,"worker_id":"037807ef-1711-4516-be65-53a93ca00df4-140252871579456","trial_id":44,"param_name":"dropout","param_value_internal":0.1530913989674406,"distribution":"{\"name\": \"FloatDistribution\", \"attributes\": {\"step\": null, \"low\": 0.0, \"high\": 0.5, \"log\": false}}"}
{"op_code":5,"worker_id":"037807ef-1711-4516-be65-53a93ca00df4-140252871579456","trial_id":44,"param_name":"layers","param_value_internal":0,"distribution":"{\"name\": \"CategoricalDistribution\", \"attributes\": {\"choices\": [1, 2, 3]}}"}
{"op_code":5,"worker_id":"037807ef-1711-4516-be65-53a93ca00df4-140252871579456","trial_id":44,"param_name":"nodes","param_value_internal":2,"distribution":"{\"name\": \"CategoricalDistribution\", \"attributes\": {\"choices\": [16, 32, 64]}}"}
{"op_code":6,"worker_id":"037807ef-1711-4516-be65-53a93ca00df4-140252871579456","trial_id":44,"state":1,"values":[0.6640543582475301],"datetime_complete":"2026-03-30T11:34:22.093956"}
{"op_code":4,"worker_id":"037807ef-1711-4516-be65-53a93ca00df4-140252871579456","study_id":0,"datetime_start":"2026-03-30T11:34:22.137564"}
{"op_code":5,"worker_id":"037807ef-1711-4516-be65-53a93ca00df4-140252871579456","trial_id":45,"param_name":"lr","param_value_internal":0.0005923098806670021,"distribution":"{\"name\": \"FloatDistribution\", \"attributes\": {\"step\": null, \"low\": 0.0001, \"high\": 0.1, \"log\": true}}"}
{"op_code":5,"worker_id":"037807ef-1711-4516-be65-53a93ca00df4-140252871579456","trial_id":45,"param_name":"dropout","param_value_internal":0.20119130904715082,"distribution":"{\"name\": \"FloatDistribution\", \"attributes\": {\"step\": null, \"low\": 0.0, \"high\": 0.5, \"log\": false}}"}
{"op_code":5,"worker_id":"037807ef-1711-4516-be65-53a93ca00df4-140252871579456","trial_id":45,"param_name":"layers","param_value_internal":0,"distribution":"{\"name\": \"CategoricalDistribution\", \"attributes\": {\"choices\": [1, 2, 3]}}"}
{"op_code":5,"worker_id":"037807ef-1711-4516-be65-53a93ca00df4-140252871579456","trial_id":45,"param_name":"nodes","param_value_internal":2,"distribution":"{\"name\": \"CategoricalDistribution\", \"attributes\": {\"choices\": [16, 32, 64]}}"}
{"op_code":6,"worker_id":"037807ef-1711-4516-be65-53a93ca00df4-140252871579456","trial_id":45,"state":1,"values":[0.6629288423860936],"datetime_complete":"2026-03-30T11:34:23.610052"}
{"op_code":4,"worker_id":"037807ef-1711-4516-be65-53a93ca00df4-140252871579456","study_id":0,"datetime_start":"2026-03-30T11:34:23.633446"}
{"op_code":5,"worker_id":"037807ef-1711-4516-be65-53a93ca00df4-140252871579456","trial_id":46,"param_name":"lr","param_value_internal":0.0018124341599386074,"distribution":"{\"name\": \"FloatDistribution\", \"attributes\": {\"step\": null, \"low\": 0.0001, \"high\": 0.1, \"log\": true}}"}
{"op_code":5,"worker_id":"037807ef-1711-4516-be65-53a93ca00df4-140252871579456","trial_id":46,"param_name":"dropout","param_value_internal":0.28490462267168515,"distribution":"{\"name\": \"FloatDistribution\", \"attributes\": {\"step\": null, \"low\": 0.0, \"high\": 0.5, \"log\": false}}"}
{"op_code":5,"worker_id":"037807ef-1711-4516-be65-53a93ca00df4-140252871579456","trial_id":46,"param_name":"layers","param_value_internal":1,"distribution":"{\"name\": \"CategoricalDistribution\", \"attributes\": {\"choices\": [1, 2, 3]}}"}
{"op_code":5,"worker_id":"037807ef-1711-4516-be65-53a93ca00df4-140252871579456","trial_id":46,"param_name":"nodes","param_value_internal":0,"distribution":"{\"name\": \"CategoricalDistribution\", \"attributes\": {\"choices\": [16, 32, 64]}}"}
{"op_code":6,"worker_id":"037807ef-1711-4516-be65-53a93ca00df4-140252871579456","trial_id":46,"state":1,"values":[0.6677227062403601],"datetime_complete":"2026-03-30T11:34:25.329460"}
{"op_code":4,"worker_id":"037807ef-1711-4516-be65-53a93ca00df4-140252871579456","study_id":0,"datetime_start":"2026-03-30T11:34:25.360258"}
{"op_code":5,"worker_id":"037807ef-1711-4516-be65-53a93ca00df4-140252871579456","trial_id":47,"param_name":"lr","param_value_internal":0.0010427067523052602,"distribution":"{\"name\": \"FloatDistribution\", \"attributes\": {\"step\": null, \"low\": 0.0001, \"high\": 0.1, \"log\": true}}"}
{"op_code":5,"worker_id":"037807ef-1711-4516-be65-53a93ca00df4-140252871579456","trial_id":47,"param_name":"dropout","param_value_internal":0.13391334069509844,"distribution":"{\"name\": \"FloatDistribution\", \"attributes\": {\"step\": null, \"low\": 0.0, \"high\": 0.5, \"log\": false}}"}
{"op_code":5,"worker_id":"037807ef-1711-4516-be65-53a93ca00df4-140252871579456","trial_id":47,"param_name":"layers","param_value_internal":2,"distribution":"{\"name\": \"CategoricalDistribution\", \"attributes\": {\"choices\": [1, 2, 3]}}"}
{"op_code":5,"worker_id":"037807ef-1711-4516-be65-53a93ca00df4-140252871579456","trial_id":47,"param_name":"nodes","param_value_internal":2,"distribution":"{\"name\": \"CategoricalDistribution\", \"attributes\": {\"choices\": [16, 32, 64]}}"}
{"op_code":6,"worker_id":"037807ef-1711-4516-be65-53a93ca00df4-140252871579456","trial_id":47,"state":1,"values":[0.676143232314811],"datetime_complete":"2026-03-30T11:34:27.329154"}
{"op_code":4,"worker_id":"037807ef-1711-4516-be65-53a93ca00df4-140252871579456","study_id":0,"datetime_start":"2026-03-30T11:34:27.352129"}
{"op_code":5,"worker_id":"037807ef-1711-4516-be65-53a93ca00df4-140252871579456","trial_id":48,"param_name":"lr","param_value_internal":0.006279059534386936,"distribution":"{\"name\": \"FloatDistribution\", \"attributes\": {\"step\": null, \"low\": 0.0001, \"high\": 0.1, \"log\": true}}"}
{"op_code":5,"worker_id":"037807ef-1711-4516-be65-53a93ca00df4-140252871579456","trial_id":48,"param_name":"dropout","param_value_internal":0.024608630931608227,"distribution":"{\"name\": \"FloatDistribution\", \"attributes\": {\"step\": null, \"low\": 0.0, \"high\": 0.5, \"log\": false}}"}
{"op_code":5,"worker_id":"037807ef-1711-4516-be65-53a93ca00df4-140252871579456","trial_id":48,"param_name":"layers","param_value_internal":0,"distribution":"{\"name\": \"CategoricalDistribution\", \"attributes\": {\"choices\": [1, 2, 3]}}"}
{"op_code":5,"worker_id":"037807ef-1711-4516-be65-53a93ca00df4-140252871579456","trial_id":48,"param_name":"nodes","param_value_internal":1,"distribution":"{\"name\": \"CategoricalDistribution\", \"attributes\": {\"choices\": [16, 32, 64]}}"}
{"op_code":6,"worker_id":"037807ef-1711-4516-be65-53a93ca00df4-140252871579456","trial_id":48,"state":1,"values":[0.6747884447038226],"datetime_complete":"2026-03-30T11:34:28.780191"}
{"op_code":4,"worker_id":"037807ef-1711-4516-be65-53a93ca00df4-140252871579456","study_id":0,"datetime_start":"2026-03-30T11:34:28.799147"}
{"op_code":5,"worker_id":"037807ef-1711-4516-be65-53a93ca00df4-140252871579456","trial_id":49,"param_name":"lr","param_value_internal":0.0014250801559237,"distribution":"{\"name\": \"FloatDistribution\", \"attributes\": {\"step\": null, \"low\": 0.0001, \"high\": 0.1, \"log\": true}}"}
{"op_code":5,"worker_id":"037807ef-1711-4516-be65-53a93ca00df4-140252871579456","trial_id":49,"param_name":"dropout","param_value_internal":0.07408949812512938,"distribution":"{\"name\": \"FloatDistribution\", \"attributes\": {\"step\": null, \"low\": 0.0, \"high\": 0.5, \"log\": false}}"}
{"op_code":5,"worker_id":"037807ef-1711-4516-be65-53a93ca00df4-140252871579456","trial_id":49,"param_name":"layers","param_value_internal":0,"distribution":"{\"name\": \"CategoricalDistribution\", \"attributes\": {\"choices\": [1, 2, 3]}}"}
{"op_code":5,"worker_id":"037807ef-1711-4516-be65-53a93ca00df4-140252871579456","trial_id":49,"param_name":"nodes","param_value_internal":2,"distribution":"{\"name\": \"CategoricalDistribution\", \"attributes\": {\"choices\": [16, 32, 64]}}"}
{"op_code":6,"worker_id":"037807ef-1711-4516-be65-53a93ca00df4-140252871579456","trial_id":49,"state":1,"values":[0.6619700696152403],"datetime_complete":"2026-03-30T11:34:30.064980"}
{"op_code":4,"worker_id":"037807ef-1711-4516-be65-53a93ca00df4-140252871579456","study_id":0,"datetime_start":"2026-03-30T11:34:30.092017"}
{"op_code":5,"worker_id":"037807ef-1711-4516-be65-53a93ca00df4-140252871579456","trial_id":50,"param_name":"lr","param_value_internal":0.002712007112001383,"distribution":"{\"name\": \"FloatDistribution\", \"attributes\": {\"step\": null, \"low\": 0.0001, \"high\": 0.1, \"log\": true}}"}
{"op_code":5,"worker_id":"037807ef-1711-4516-be65-53a93ca00df4-140252871579456","trial_id":50,"param_name":"dropout","param_value_internal":0.1056127309273896,"distribution":"{\"name\": \"FloatDistribution\", \"attributes\": {\"step\": null, \"low\": 0.0, \"high\": 0.5, \"log\": false}}"}
{"op_code":5,"worker_id":"037807ef-1711-4516-be65-53a93ca00df4-140252871579456","trial_id":50,"param_name":"layers","param_value_internal":2,"distribution":"{\"name\": \"CategoricalDistribution\", \"attributes\": {\"choices\": [1, 2, 3]}}"}
{"op_code":5,"worker_id":"037807ef-1711-4516-be65-53a93ca00df4-140252871579456","trial_id":50,"param_name":"nodes","param_value_internal":2,"distribution":"{\"name\": \"CategoricalDistribution\", \"attributes\": {\"choices\": [16, 32, 64]}}"}
{"op_code":6,"worker_id":"037807ef-1711-4516-be65-53a93ca00df4-140252871579456","trial_id":50,"state":1,"values":[0.6712451540289299],"datetime_complete":"2026-03-30T11:34:32.068444"}
{"op_code":4,"worker_id":"037807ef-1711-4516-be65-53a93ca00df4-140252871579456","study_id":0,"datetime_start":"2026-03-30T11:34:32.083841"}
{"op_code":5,"worker_id":"037807ef-1711-4516-be65-53a93ca00df4-140252871579456","trial_id":51,"param_name":"lr","param_value_internal":0.0463644581036091,"distribution":"{\"name\": \"FloatDistribution\", \"attributes\": {\"step\": null, \"low\": 0.0001, \"high\": 0.1, \"log\": true}}"}
{"op_code":5,"worker_id":"037807ef-1711-4516-be65-53a93ca00df4-140252871579456","trial_id":51,"param_name":"dropout","param_value_internal":0.17079892404599942,"distribution":"{\"name\": \"FloatDistribution\", \"attributes\": {\"step\": null, \"low\": 0.0, \"high\": 0.5, \"log\": false}}"}
{"op_code":5,"worker_id":"037807ef-1711-4516-be65-53a93ca00df4-140252871579456","trial_id":51,"param_name":"layers","param_value_internal":1,"distribution":"{\"name\": \"CategoricalDistribution\", \"attributes\": {\"choices\": [1, 2, 3]}}"}
{"op_code":5,"worker_id":"037807ef-1711-4516-be65-53a93ca00df4-140252871579456","trial_id":51,"param_name":"nodes","param_value_internal":1,"distribution":"{\"name\": \"CategoricalDistribution\", \"attributes\": {\"choices\": [16, 32, 64]}}"}
{"op_code":6,"worker_id":"037807ef-1711-4516-be65-53a93ca00df4-140252871579456","trial_id":51,"state":1,"values":[0.669390137146192],"datetime_complete":"2026-03-30T11:34:33.784190"}
{"op_code":4,"worker_id":"037807ef-1711-4516-be65-53a93ca00df4-140252871579456","study_id":0,"datetime_start":"2026-03-30T11:34:33.800520"}
{"op_code":5,"worker_id":"037807ef-1711-4516-be65-53a93ca00df4-140252871579456","trial_id":52,"param_name":"lr","param_value_internal":0.029911512477665037,"distribution":"{\"name\": \"FloatDistribution\", \"attributes\": {\"step\": null, \"low\": 0.0001, \"high\": 0.1, \"log\": true}}"}
{"op_code":5,"worker_id":"037807ef-1711-4516-be65-53a93ca00df4-140252871579456","trial_id":52,"param_name":"dropout","param_value_internal":0.18047565886672828,"distribution":"{\"name\": \"FloatDistribution\", \"attributes\": {\"step\": null, \"low\": 0.0, \"high\": 0.5, \"log\": false}}"}
{"op_code":5,"worker_id":"037807ef-1711-4516-be65-53a93ca00df4-140252871579456","trial_id":52,"param_name":"layers","param_value_internal":1,"distribution":"{\"name\": \"CategoricalDistribution\", \"attributes\": {\"choices\": [1, 2, 3]}}"}
{"op_code":5,"worker_id":"037807ef-1711-4516-be65-53a93ca00df4-140252871579456","trial_id":52,"param_name":"nodes","param_value_internal":1,"distribution":"{\"name\": \"CategoricalDistribution\", \"attributes\": {\"choices\": [16, 32, 64]}}"}
{"op_code":6,"worker_id":"037807ef-1711-4516-be65-53a93ca00df4-140252871579456","trial_id":52,"state":1,"values":[0.6739443078077452],"datetime_complete":"2026-03-30T11:34:35.506053"}
{"op_code":4,"worker_id":"037807ef-1711-4516-be65-53a93ca00df4-140252871579456","study_id":0,"datetime_start":"2026-03-30T11:34:35.523705"}
{"op_code":5,"worker_id":"037807ef-1711-4516-be65-53a93ca00df4-140252871579456","trial_id":53,"param_name":"lr","param_value_internal":0.02324069859795909,"distribution":"{\"name\": \"FloatDistribution\", \"attributes\": {\"step\": null, \"low\": 0.0001, \"high\": 0.1, \"log\": true}}"}
{"op_code":5,"worker_id":"037807ef-1711-4516-be65-53a93ca00df4-140252871579456","trial_id":53,"param_name":"dropout","param_value_internal":0.4374026473326925,"distribution":"{\"name\": \"FloatDistribution\", \"attributes\": {\"step\": null, \"low\": 0.0, \"high\": 0.5, \"log\": false}}"}
{"op_code":5,"worker_id":"037807ef-1711-4516-be65-53a93ca00df4-140252871579456","trial_id":53,"param_name":"layers","param_value_internal":1,"distribution":"{\"name\": \"CategoricalDistribution\", \"attributes\": {\"choices\": [1, 2, 3]}}"}
{"op_code":5,"worker_id":"037807ef-1711-4516-be65-53a93ca00df4-140252871579456","trial_id":53,"param_name":"nodes","param_value_internal":1,"distribution":"{\"name\": \"CategoricalDistribution\", \"attributes\": {\"choices\": [16, 32, 64]}}"}
{"op_code":6,"worker_id":"037807ef-1711-4516-be65-53a93ca00df4-140252871579456","trial_id":53,"state":1,"values":[0.6698278377589728],"datetime_complete":"2026-03-30T11:34:37.178302"}
{"op_code":4,"worker_id":"037807ef-1711-4516-be65-53a93ca00df4-140252871579456","study_id":0,"datetime_start":"2026-03-30T11:34:37.199229"}
{"op_code":5,"worker_id":"037807ef-1711-4516-be65-53a93ca00df4-140252871579456","trial_id":54,"param_name":"lr","param_value_internal":0.00044351758517126294,"distribution":"{\"name\": \"FloatDistribution\", \"attributes\": {\"step\": null, \"low\": 0.0001, \"high\": 0.1, \"log\": true}}"}
{"op_code":5,"worker_id":"037807ef-1711-4516-be65-53a93ca00df4-140252871579456","trial_id":54,"param_name":"dropout","param_value_internal":0.22160445739433882,"distribution":"{\"name\": \"FloatDistribution\", \"attributes\": {\"step\": null, \"low\": 0.0, \"high\": 0.5, \"log\": false}}"}
{"op_code":5,"worker_id":"037807ef-1711-4516-be65-53a93ca00df4-140252871579456","trial_id":54,"param_name":"layers","param_value_internal":1,"distribution":"{\"name\": \"CategoricalDistribution\", \"attributes\": {\"choices\": [1, 2, 3]}}"}
{"op_code":5,"worker_id":"037807ef-1711-4516-be65-53a93ca00df4-140252871579456","trial_id":54,"param_name":"nodes","param_value_internal":1,"distribution":"{\"name\": \"CategoricalDistribution\", \"attributes\": {\"choices\": [16, 32, 64]}}"}
{"op_code":6,"worker_id":"037807ef-1711-4516-be65-53a93ca00df4-140252871579456","trial_id":54,"state":1,"values":[0.6319563133102672],"datetime_complete":"2026-03-30T11:34:38.914423"}
{"op_code":4,"worker_id":"037807ef-1711-4516-be65-53a93ca00df4-140252871579456","study_id":0,"datetime_start":"2026-03-30T11:34:38.929626"}
{"op_code":5,"worker_id":"037807ef-1711-4516-be65-53a93ca00df4-140252871579456","trial_id":55,"param_name":"lr","param_value_internal":0.008842478972152078,"distribution":"{\"name\": \"FloatDistribution\", \"attributes\": {\"step\": null, \"low\": 0.0001, \"high\": 0.1, \"log\": true}}"}
{"op_code":5,"worker_id":"037807ef-1711-4516-be65-53a93ca00df4-140252871579456","trial_id":55,"param_name":"dropout","param_value_internal":0.12397836484082202,"distribution":"{\"name\": \"FloatDistribution\", \"attributes\": {\"step\": null, \"low\": 0.0, \"high\": 0.5, \"log\": false}}"}
{"op_code":5,"worker_id":"037807ef-1711-4516-be65-53a93ca00df4-140252871579456","trial_id":55,"param_name":"layers","param_value_internal":0,"distribution":"{\"name\": \"CategoricalDistribution\", \"attributes\": {\"choices\": [1, 2, 3]}}"}
{"op_code":5,"worker_id":"037807ef-1711-4516-be65-53a93ca00df4-140252871579456","trial_id":55,"param_name":"nodes","param_value_internal":1,"distribution":"{\"name\": \"CategoricalDistribution\", \"attributes\": {\"choices\": [16, 32, 64]}}"}
{"op_code":6,"worker_id":"037807ef-1711-4516-be65-53a93ca00df4-140252871579456","trial_id":55,"state":1,"values":[0.6716203259827421],"datetime_complete":"2026-03-30T11:34:40.349728"}
{"op_code":4,"worker_id":"037807ef-1711-4516-be65-53a93ca00df4-140252871579456","study_id":0,"datetime_start":"2026-03-30T11:34:40.368633"}
{"op_code":5,"worker_id":"037807ef-1711-4516-be65-53a93ca00df4-140252871579456","trial_id":56,"param_name":"lr","param_value_internal":0.0008796292189839272,"distribution":"{\"name\": \"FloatDistribution\", \"attributes\": {\"step\": null, \"low\": 0.0001, \"high\": 0.1, \"log\": true}}"}
{"op_code":5,"worker_id":"037807ef-1711-4516-be65-53a93ca00df4-140252871579456","trial_id":56,"param_name":"dropout","param_value_internal":0.1550050641564565,"distribution":"{\"name\": \"FloatDistribution\", \"attributes\": {\"step\": null, \"low\": 0.0, \"high\": 0.5, \"log\": false}}"}
{"op_code":5,"worker_id":"037807ef-1711-4516-be65-53a93ca00df4-140252871579456","trial_id":56,"param_name":"layers","param_value_internal":2,"distribution":"{\"name\": \"CategoricalDistribution\", \"attributes\": {\"choices\": [1, 2, 3]}}"}
{"op_code":5,"worker_id":"037807ef-1711-4516-be65-53a93ca00df4-140252871579456","trial_id":56,"param_name":"nodes","param_value_internal":1,"distribution":"{\"name\": \"CategoricalDistribution\", \"attributes\": {\"choices\": [16, 32, 64]}}"}
{"op_code":6,"worker_id":"037807ef-1711-4516-be65-53a93ca00df4-140252871579456","trial_id":56,"state":1,"values":[0.6625953562049273],"datetime_complete":"2026-03-30T11:34:42.318479"}
{"op_code":4,"worker_id":"037807ef-1711-4516-be65-53a93ca00df4-140252871579456","study_id":0,"datetime_start":"2026-03-30T11:34:42.351627"}
{"op_code":5,"worker_id":"037807ef-1711-4516-be65-53a93ca00df4-140252871579456","trial_id":57,"param_name":"lr","param_value_internal":0.0038859683821573106,"distribution":"{\"name\": \"FloatDistribution\", \"attributes\": {\"step\": null, \"low\": 0.0001, \"high\": 0.1, \"log\": true}}"}
{"op_code":5,"worker_id":"037807ef-1711-4516-be65-53a93ca00df4-140252871579456","trial_id":57,"param_name":"dropout","param_value_internal":0.24093327063104725,"distribution":"{\"name\": \"FloatDistribution\", \"attributes\": {\"step\": null, \"low\": 0.0, \"high\": 0.5, \"log\": false}}"}
{"op_code":5,"worker_id":"037807ef-1711-4516-be65-53a93ca00df4-140252871579456","trial_id":57,"param_name":"layers","param_value_internal":0,"distribution":"{\"name\": \"CategoricalDistribution\", \"attributes\": {\"choices\": [1, 2, 3]}}"}
{"op_code":5,"worker_id":"037807ef-1711-4516-be65-53a93ca00df4-140252871579456","trial_id":57,"param_name":"nodes","param_value_internal":2,"distribution":"{\"name\": \"CategoricalDistribution\", \"attributes\": {\"choices\": [16, 32, 64]}}"}
{"op_code":6,"worker_id":"037807ef-1711-4516-be65-53a93ca00df4-140252871579456","trial_id":57,"state":1,"values":[0.6754137312935096],"datetime_complete":"2026-03-30T11:34:43.724315"}
{"op_code":4,"worker_id":"037807ef-1711-4516-be65-53a93ca00df4-140252871579456","study_id":0,"datetime_start":"2026-03-30T11:34:43.745141"}
{"op_code":5,"worker_id":"037807ef-1711-4516-be65-53a93ca00df4-140252871579456","trial_id":58,"param_name":"lr","param_value_internal":0.0023885136576647964,"distribution":"{\"name\": \"FloatDistribution\", \"attributes\": {\"step\": null, \"low\": 0.0001, \"high\": 0.1, \"log\": true}}"}
{"op_code":5,"worker_id":"037807ef-1711-4516-be65-53a93ca00df4-140252871579456","trial_id":58,"param_name":"dropout","param_value_internal":0.14345724006888796,"distribution":"{\"name\": \"FloatDistribution\", \"attributes\": {\"step\": null, \"low\": 0.0, \"high\": 0.5, \"log\": false}}"}
{"op_code":5,"worker_id":"037807ef-1711-4516-be65-53a93ca00df4-140252871579456","trial_id":58,"param_name":"layers","param_value_internal":1,"distribution":"{\"name\": \"CategoricalDistribution\", \"attributes\": {\"choices\": [1, 2, 3]}}"}
{"op_code":5,"worker_id":"037807ef-1711-4516-be65-53a93ca00df4-140252871579456","trial_id":58,"param_name":"nodes","param_value_internal":0,"distribution":"{\"name\": \"CategoricalDistribution\", \"attributes\": {\"choices\": [16, 32, 64]}}"}
{"op_code":6,"worker_id":"037807ef-1711-4516-be65-53a93ca00df4-140252871579456","trial_id":58,"state":1,"values":[0.6704739672349826],"datetime_complete":"2026-03-30T11:34:45.452693"}
{"op_code":4,"worker_id":"037807ef-1711-4516-be65-53a93ca00df4-140252871579456","study_id":0,"datetime_start":"2026-03-30T11:34:45.464070"}
{"op_code":5,"worker_id":"037807ef-1711-4516-be65-53a93ca00df4-140252871579456","trial_id":59,"param_name":"lr","param_value_internal":0.0006955361679704065,"distribution":"{\"name\": \"FloatDistribution\", \"attributes\": {\"step\": null, \"low\": 0.0001, \"high\": 0.1, \"log\": true}}"}
{"op_code":5,"worker_id":"037807ef-1711-4516-be65-53a93ca00df4-140252871579456","trial_id":59,"param_name":"dropout","param_value_internal":0.30811210509218434,"distribution":"{\"name\": \"FloatDistribution\", \"attributes\": {\"step\": null, \"low\": 0.0, \"high\": 0.5, \"log\": false}}"}
{"op_code":5,"worker_id":"037807ef-1711-4516-be65-53a93ca00df4-140252871579456","trial_id":59,"param_name":"layers","param_value_internal":0,"distribution":"{\"name\": \"CategoricalDistribution\", \"attributes\": {\"choices\": [1, 2, 3]}}"}
{"op_code":5,"worker_id":"037807ef-1711-4516-be65-53a93ca00df4-140252871579456","trial_id":59,"param_name":"nodes","param_value_internal":1,"distribution":"{\"name\": \"CategoricalDistribution\", \"attributes\": {\"choices\": [16, 32, 64]}}"}
{"op_code":6,"worker_id":"037807ef-1711-4516-be65-53a93ca00df4-140252871579456","trial_id":59,"state":1,"values":[0.6451915461253074],"datetime_complete":"2026-03-30T11:34:46.870072"}
