{"op_code":0,"worker_id":"a467ab4d-82ef-45bf-8f26-63dc976ef81b-139952901822272","study_name":"rsf_tuning","directions":[2]}
{"op_code":4,"worker_id":"a467ab4d-82ef-45bf-8f26-63dc976ef81b-139952901822272","study_id":0,"datetime_start":"2026-03-26T12:06:33.587311"}
{"op_code":5,"worker_id":"a467ab4d-82ef-45bf-8f26-63dc976ef81b-139952901822272","trial_id":0,"param_name":"n_estimators","param_value_internal":57.0,"distribution":"{\"name\": \"IntDistribution\", \"attributes\": {\"log\": false, \"step\": 1, \"low\": 50, \"high\": 200}}"}
{"op_code":5,"worker_id":"a467ab4d-82ef-45bf-8f26-63dc976ef81b-139952901822272","trial_id":0,"param_name":"min_samples_split","param_value_internal":9.0,"distribution":"{\"name\": \"IntDistribution\", \"attributes\": {\"log\": false, \"step\": 1, \"low\": 5, \"high\": 20}}"}
{"op_code":5,"worker_id":"a467ab4d-82ef-45bf-8f26-63dc976ef81b-139952901822272","trial_id":0,"param_name":"min_samples_leaf","param_value_internal":10.0,"distribution":"{\"name\": \"IntDistribution\", \"attributes\": {\"log\": false, \"step\": 1, \"low\": 5, \"high\": 20}}"}
{"op_code":6,"worker_id":"a467ab4d-82ef-45bf-8f26-63dc976ef81b-139952901822272","trial_id":0,"state":1,"values":[0.690474701357183],"datetime_complete":"2026-03-26T12:06:34.367965"}
{"op_code":4,"worker_id":"a467ab4d-82ef-45bf-8f26-63dc976ef81b-139952901822272","study_id":0,"datetime_start":"2026-03-26T12:06:34.389560"}
{"op_code":5,"worker_id":"a467ab4d-82ef-45bf-8f26-63dc976ef81b-139952901822272","trial_id":1,"param_name":"n_estimators","param_value_internal":102.0,"distribution":"{\"name\": \"IntDistribution\", \"attributes\": {\"log\": false, \"step\": 1, \"low\": 50, \"high\": 200}}"}
{"op_code":5,"worker_id":"a467ab4d-82ef-45bf-8f26-63dc976ef81b-139952901822272","trial_id":1,"param_name":"min_samples_split","param_value_internal":17.0,"distribution":"{\"name\": \"IntDistribution\", \"attributes\": {\"log\": false, \"step\": 1, \"low\": 5, \"high\": 20}}"}
{"op_code":5,"worker_id":"a467ab4d-82ef-45bf-8f26-63dc976ef81b-139952901822272","trial_id":1,"param_name":"min_samples_leaf","param_value_internal":14.0,"distribution":"{\"name\": \"IntDistribution\", \"attributes\": {\"log\": false, \"step\": 1, \"low\": 5, \"high\": 20}}"}
{"op_code":6,"worker_id":"a467ab4d-82ef-45bf-8f26-63dc976ef81b-139952901822272","trial_id":1,"state":1,"values":[0.691996580982759],"datetime_complete":"2026-03-26T12:06:35.544905"}
{"op_code":4,"worker_id":"a467ab4d-82ef-45bf-8f26-63dc976ef81b-139952901822272","study_id":0,"datetime_start":"2026-03-26T12:06:35.575119"}
{"op_code":5,"worker_id":"a467ab4d-82ef-45bf-8f26-63dc976ef81b-139952901822272","trial_id":2,"param_name":"n_estimators","param_value_internal":65.0,"distribution":"{\"name\": \"IntDistribution\", \"attributes\": {\"log\": false, \"step\": 1, \"low\": 50, \"high\": 200}}"}
{"op_code":5,"worker_id":"a467ab4d-82ef-45bf-8f26-63dc976ef81b-139952901822272","trial_id":2,"param_name":"min_samples_split","param_value_internal":10.0,"distribution":"{\"name\": \"IntDistribution\", \"attributes\": {\"log\": false, \"step\": 1, \"low\": 5, \"high\": 20}}"}
{"op_code":5,"worker_id":"a467ab4d-82ef-45bf-8f26-63dc976ef81b-139952901822272","trial_id":2,"param_name":"min_samples_leaf","param_value_internal":13.0,"distribution":"{\"name\": \"IntDistribution\", \"attributes\": {\"log\": false, \"step\": 1, \"low\": 5, \"high\": 20}}"}
{"op_code":6,"worker_id":"a467ab4d-82ef-45bf-8f26-63dc976ef81b-139952901822272","trial_id":2,"state":1,"values":[0.6898492713740697],"datetime_complete":"2026-03-26T12:06:36.349367"}
{"op_code":4,"worker_id":"a467ab4d-82ef-45bf-8f26-63dc976ef81b-139952901822272","study_id":0,"datetime_start":"2026-03-26T12:06:36.378591"}
{"op_code":5,"worker_id":"a467ab4d-82ef-45bf-8f26-63dc976ef81b-139952901822272","trial_id":3,"param_name":"n_estimators","param_value_internal":140.0,"distribution":"{\"name\": \"IntDistribution\", \"attributes\": {\"log\": false, \"step\": 1, \"low\": 50, \"high\": 200}}"}
{"op_code":5,"worker_id":"a467ab4d-82ef-45bf-8f26-63dc976ef81b-139952901822272","trial_id":3,"param_name":"min_samples_split","param_value_internal":9.0,"distribution":"{\"name\": \"IntDistribution\", \"attributes\": {\"log\": false, \"step\": 1, \"low\": 5, \"high\": 20}}"}
{"op_code":5,"worker_id":"a467ab4d-82ef-45bf-8f26-63dc976ef81b-139952901822272","trial_id":3,"param_name":"min_samples_leaf","param_value_internal":19.0,"distribution":"{\"name\": \"IntDistribution\", \"attributes\": {\"log\": false, \"step\": 1, \"low\": 5, \"high\": 20}}"}
{"op_code":6,"worker_id":"a467ab4d-82ef-45bf-8f26-63dc976ef81b-139952901822272","trial_id":3,"state":1,"values":[0.6936226989388538],"datetime_complete":"2026-03-26T12:06:37.791391"}
{"op_code":4,"worker_id":"a467ab4d-82ef-45bf-8f26-63dc976ef81b-139952901822272","study_id":0,"datetime_start":"2026-03-26T12:06:37.817175"}
{"op_code":5,"worker_id":"a467ab4d-82ef-45bf-8f26-63dc976ef81b-139952901822272","trial_id":4,"param_name":"n_estimators","param_value_internal":165.0,"distribution":"{\"name\": \"IntDistribution\", \"attributes\": {\"log\": false, \"step\": 1, \"low\": 50, \"high\": 200}}"}
{"op_code":5,"worker_id":"a467ab4d-82ef-45bf-8f26-63dc976ef81b-139952901822272","trial_id":4,"param_name":"min_samples_split","param_value_internal":5.0,"distribution":"{\"name\": \"IntDistribution\", \"attributes\": {\"log\": false, \"step\": 1, \"low\": 5, \"high\": 20}}"}
{"op_code":5,"worker_id":"a467ab4d-82ef-45bf-8f26-63dc976ef81b-139952901822272","trial_id":4,"param_name":"min_samples_leaf","param_value_internal":10.0,"distribution":"{\"name\": \"IntDistribution\", \"attributes\": {\"log\": false, \"step\": 1, \"low\": 5, \"high\": 20}}"}
{"op_code":6,"worker_id":"a467ab4d-82ef-45bf-8f26-63dc976ef81b-139952901822272","trial_id":4,"state":1,"values":[0.6918923426522401],"datetime_complete":"2026-03-26T12:06:39.882303"}
{"op_code":4,"worker_id":"a467ab4d-82ef-45bf-8f26-63dc976ef81b-139952901822272","study_id":0,"datetime_start":"2026-03-26T12:06:39.926460"}
{"op_code":5,"worker_id":"a467ab4d-82ef-45bf-8f26-63dc976ef81b-139952901822272","trial_id":5,"param_name":"n_estimators","param_value_internal":55.0,"distribution":"{\"name\": \"IntDistribution\", \"attributes\": {\"log\": false, \"step\": 1, \"low\": 50, \"high\": 200}}"}
{"op_code":5,"worker_id":"a467ab4d-82ef-45bf-8f26-63dc976ef81b-139952901822272","trial_id":5,"param_name":"min_samples_split","param_value_internal":10.0,"distribution":"{\"name\": \"IntDistribution\", \"attributes\": {\"log\": false, \"step\": 1, \"low\": 5, \"high\": 20}}"}
{"op_code":5,"worker_id":"a467ab4d-82ef-45bf-8f26-63dc976ef81b-139952901822272","trial_id":5,"param_name":"min_samples_leaf","param_value_internal":11.0,"distribution":"{\"name\": \"IntDistribution\", \"attributes\": {\"log\": false, \"step\": 1, \"low\": 5, \"high\": 20}}"}
{"op_code":6,"worker_id":"a467ab4d-82ef-45bf-8f26-63dc976ef81b-139952901822272","trial_id":5,"state":1,"values":[0.6912043696708153],"datetime_complete":"2026-03-26T12:06:40.664647"}
{"op_code":4,"worker_id":"a467ab4d-82ef-45bf-8f26-63dc976ef81b-139952901822272","study_id":0,"datetime_start":"2026-03-26T12:06:40.686173"}
{"op_code":5,"worker_id":"a467ab4d-82ef-45bf-8f26-63dc976ef81b-139952901822272","trial_id":6,"param_name":"n_estimators","param_value_internal":118.0,"distribution":"{\"name\": \"IntDistribution\", \"attributes\": {\"log\": false, \"step\": 1, \"low\": 50, \"high\": 200}}"}
{"op_code":5,"worker_id":"a467ab4d-82ef-45bf-8f26-63dc976ef81b-139952901822272","trial_id":6,"param_name":"min_samples_split","param_value_internal":7.0,"distribution":"{\"name\": \"IntDistribution\", \"attributes\": {\"log\": false, \"step\": 1, \"low\": 5, \"high\": 20}}"}
{"op_code":5,"worker_id":"a467ab4d-82ef-45bf-8f26-63dc976ef81b-139952901822272","trial_id":6,"param_name":"min_samples_leaf","param_value_internal":10.0,"distribution":"{\"name\": \"IntDistribution\", \"attributes\": {\"log\": false, \"step\": 1, \"low\": 5, \"high\": 20}}"}
{"op_code":6,"worker_id":"a467ab4d-82ef-45bf-8f26-63dc976ef81b-139952901822272","trial_id":6,"state":1,"values":[0.6905580920215982],"datetime_complete":"2026-03-26T12:06:42.169718"}
{"op_code":4,"worker_id":"a467ab4d-82ef-45bf-8f26-63dc976ef81b-139952901822272","study_id":0,"datetime_start":"2026-03-26T12:06:42.201947"}
{"op_code":5,"worker_id":"a467ab4d-82ef-45bf-8f26-63dc976ef81b-139952901822272","trial_id":7,"param_name":"n_estimators","param_value_internal":80.0,"distribution":"{\"name\": \"IntDistribution\", \"attributes\": {\"log\": false, \"step\": 1, \"low\": 50, \"high\": 200}}"}
{"op_code":5,"worker_id":"a467ab4d-82ef-45bf-8f26-63dc976ef81b-139952901822272","trial_id":7,"param_name":"min_samples_split","param_value_internal":5.0,"distribution":"{\"name\": \"IntDistribution\", \"attributes\": {\"log\": false, \"step\": 1, \"low\": 5, \"high\": 20}}"}
{"op_code":5,"worker_id":"a467ab4d-82ef-45bf-8f26-63dc976ef81b-139952901822272","trial_id":7,"param_name":"min_samples_leaf","param_value_internal":6.0,"distribution":"{\"name\": \"IntDistribution\", \"attributes\": {\"log\": false, \"step\": 1, \"low\": 5, \"high\": 20}}"}
{"op_code":6,"worker_id":"a467ab4d-82ef-45bf-8f26-63dc976ef81b-139952901822272","trial_id":7,"state":1,"values":[0.6935810036066462],"datetime_complete":"2026-03-26T12:06:43.532998"}
{"op_code":4,"worker_id":"a467ab4d-82ef-45bf-8f26-63dc976ef81b-139952901822272","study_id":0,"datetime_start":"2026-03-26T12:06:43.559982"}
{"op_code":5,"worker_id":"a467ab4d-82ef-45bf-8f26-63dc976ef81b-139952901822272","trial_id":8,"param_name":"n_estimators","param_value_internal":139.0,"distribution":"{\"name\": \"IntDistribution\", \"attributes\": {\"log\": false, \"step\": 1, \"low\": 50, \"high\": 200}}"}
{"op_code":5,"worker_id":"a467ab4d-82ef-45bf-8f26-63dc976ef81b-139952901822272","trial_id":8,"param_name":"min_samples_split","param_value_internal":19.0,"distribution":"{\"name\": \"IntDistribution\", \"attributes\": {\"log\": false, \"step\": 1, \"low\": 5, \"high\": 20}}"}
{"op_code":5,"worker_id":"a467ab4d-82ef-45bf-8f26-63dc976ef81b-139952901822272","trial_id":8,"param_name":"min_samples_leaf","param_value_internal":11.0,"distribution":"{\"name\": \"IntDistribution\", \"attributes\": {\"log\": false, \"step\": 1, \"low\": 5, \"high\": 20}}"}
{"op_code":6,"worker_id":"a467ab4d-82ef-45bf-8f26-63dc976ef81b-139952901822272","trial_id":8,"state":1,"values":[0.691996580982759],"datetime_complete":"2026-03-26T12:06:45.327370"}
{"op_code":4,"worker_id":"a467ab4d-82ef-45bf-8f26-63dc976ef81b-139952901822272","study_id":0,"datetime_start":"2026-03-26T12:06:45.342170"}
{"op_code":5,"worker_id":"a467ab4d-82ef-45bf-8f26-63dc976ef81b-139952901822272","trial_id":9,"param_name":"n_estimators","param_value_internal":113.0,"distribution":"{\"name\": \"IntDistribution\", \"attributes\": {\"log\": false, \"step\": 1, \"low\": 50, \"high\": 200}}"}
{"op_code":5,"worker_id":"a467ab4d-82ef-45bf-8f26-63dc976ef81b-139952901822272","trial_id":9,"param_name":"min_samples_split","param_value_internal":9.0,"distribution":"{\"name\": \"IntDistribution\", \"attributes\": {\"log\": false, \"step\": 1, \"low\": 5, \"high\": 20}}"}
{"op_code":5,"worker_id":"a467ab4d-82ef-45bf-8f26-63dc976ef81b-139952901822272","trial_id":9,"param_name":"min_samples_leaf","param_value_internal":11.0,"distribution":"{\"name\": \"IntDistribution\", \"attributes\": {\"log\": false, \"step\": 1, \"low\": 5, \"high\": 20}}"}
{"op_code":6,"worker_id":"a467ab4d-82ef-45bf-8f26-63dc976ef81b-139952901822272","trial_id":9,"state":1,"values":[0.6919548856505514],"datetime_complete":"2026-03-26T12:06:46.740782"}
{"op_code":4,"worker_id":"a467ab4d-82ef-45bf-8f26-63dc976ef81b-139952901822272","study_id":0,"datetime_start":"2026-03-26T12:06:46.773566"}
{"op_code":5,"worker_id":"a467ab4d-82ef-45bf-8f26-63dc976ef81b-139952901822272","trial_id":10,"param_name":"n_estimators","param_value_internal":171.0,"distribution":"{\"name\": \"IntDistribution\", \"attributes\": {\"log\": false, \"step\": 1, \"low\": 50, \"high\": 200}}"}
{"op_code":5,"worker_id":"a467ab4d-82ef-45bf-8f26-63dc976ef81b-139952901822272","trial_id":10,"param_name":"min_samples_split","param_value_internal":14.0,"distribution":"{\"name\": \"IntDistribution\", \"attributes\": {\"log\": false, \"step\": 1, \"low\": 5, \"high\": 20}}"}
{"op_code":5,"worker_id":"a467ab4d-82ef-45bf-8f26-63dc976ef81b-139952901822272","trial_id":10,"param_name":"min_samples_leaf","param_value_internal":20.0,"distribution":"{\"name\": \"IntDistribution\", \"attributes\": {\"log\": false, \"step\": 1, \"low\": 5, \"high\": 20}}"}
{"op_code":6,"worker_id":"a467ab4d-82ef-45bf-8f26-63dc976ef81b-139952901822272","trial_id":10,"state":1,"values":[0.6914128463318532],"datetime_complete":"2026-03-26T12:06:48.373257"}
{"op_code":4,"worker_id":"a467ab4d-82ef-45bf-8f26-63dc976ef81b-139952901822272","study_id":0,"datetime_start":"2026-03-26T12:06:48.391108"}
{"op_code":5,"worker_id":"a467ab4d-82ef-45bf-8f26-63dc976ef81b-139952901822272","trial_id":11,"param_name":"n_estimators","param_value_internal":85.0,"distribution":"{\"name\": \"IntDistribution\", \"attributes\": {\"log\": false, \"step\": 1, \"low\": 50, \"high\": 200}}"}
{"op_code":5,"worker_id":"a467ab4d-82ef-45bf-8f26-63dc976ef81b-139952901822272","trial_id":11,"param_name":"min_samples_split","param_value_internal":5.0,"distribution":"{\"name\": \"IntDistribution\", \"attributes\": {\"log\": false, \"step\": 1, \"low\": 5, \"high\": 20}}"}
{"op_code":5,"worker_id":"a467ab4d-82ef-45bf-8f26-63dc976ef81b-139952901822272","trial_id":11,"param_name":"min_samples_leaf","param_value_internal":5.0,"distribution":"{\"name\": \"IntDistribution\", \"attributes\": {\"log\": false, \"step\": 1, \"low\": 5, \"high\": 20}}"}
{"op_code":6,"worker_id":"a467ab4d-82ef-45bf-8f26-63dc976ef81b-139952901822272","trial_id":11,"state":1,"values":[0.6881606104196635],"datetime_complete":"2026-03-26T12:06:49.864418"}
{"op_code":4,"worker_id":"a467ab4d-82ef-45bf-8f26-63dc976ef81b-139952901822272","study_id":0,"datetime_start":"2026-03-26T12:06:49.889009"}
{"op_code":5,"worker_id":"a467ab4d-82ef-45bf-8f26-63dc976ef81b-139952901822272","trial_id":12,"param_name":"n_estimators","param_value_internal":149.0,"distribution":"{\"name\": \"IntDistribution\", \"attributes\": {\"log\": false, \"step\": 1, \"low\": 50, \"high\": 200}}"}
{"op_code":5,"worker_id":"a467ab4d-82ef-45bf-8f26-63dc976ef81b-139952901822272","trial_id":12,"param_name":"min_samples_split","param_value_internal":14.0,"distribution":"{\"name\": \"IntDistribution\", \"attributes\": {\"log\": false, \"step\": 1, \"low\": 5, \"high\": 20}}"}
{"op_code":5,"worker_id":"a467ab4d-82ef-45bf-8f26-63dc976ef81b-139952901822272","trial_id":12,"param_name":"min_samples_leaf","param_value_internal":19.0,"distribution":"{\"name\": \"IntDistribution\", \"attributes\": {\"log\": false, \"step\": 1, \"low\": 5, \"high\": 20}}"}
{"op_code":6,"worker_id":"a467ab4d-82ef-45bf-8f26-63dc976ef81b-139952901822272","trial_id":12,"state":1,"values":[0.6942481289219672],"datetime_complete":"2026-03-26T12:06:51.406632"}
{"op_code":4,"worker_id":"a467ab4d-82ef-45bf-8f26-63dc976ef81b-139952901822272","study_id":0,"datetime_start":"2026-03-26T12:06:51.426673"}
{"op_code":5,"worker_id":"a467ab4d-82ef-45bf-8f26-63dc976ef81b-139952901822272","trial_id":13,"param_name":"n_estimators","param_value_internal":144.0,"distribution":"{\"name\": \"IntDistribution\", \"attributes\": {\"log\": false, \"step\": 1, \"low\": 50, \"high\": 200}}"}
{"op_code":5,"worker_id":"a467ab4d-82ef-45bf-8f26-63dc976ef81b-139952901822272","trial_id":13,"param_name":"min_samples_split","param_value_internal":14.0,"distribution":"{\"name\": \"IntDistribution\", \"attributes\": {\"log\": false, \"step\": 1, \"low\": 5, \"high\": 20}}"}
{"op_code":5,"worker_id":"a467ab4d-82ef-45bf-8f26-63dc976ef81b-139952901822272","trial_id":13,"param_name":"min_samples_leaf","param_value_internal":20.0,"distribution":"{\"name\": \"IntDistribution\", \"attributes\": {\"log\": false, \"step\": 1, \"low\": 5, \"high\": 20}}"}
{"op_code":6,"worker_id":"a467ab4d-82ef-45bf-8f26-63dc976ef81b-139952901822272","trial_id":13,"state":1,"values":[0.6904121583588717],"datetime_complete":"2026-03-26T12:06:52.886638"}
{"op_code":4,"worker_id":"a467ab4d-82ef-45bf-8f26-63dc976ef81b-139952901822272","study_id":0,"datetime_start":"2026-03-26T12:06:52.906961"}
{"op_code":5,"worker_id":"a467ab4d-82ef-45bf-8f26-63dc976ef81b-139952901822272","trial_id":14,"param_name":"n_estimators","param_value_internal":192.0,"distribution":"{\"name\": \"IntDistribution\", \"attributes\": {\"log\": false, \"step\": 1, \"low\": 50, \"high\": 200}}"}
{"op_code":5,"worker_id":"a467ab4d-82ef-45bf-8f26-63dc976ef81b-139952901822272","trial_id":14,"param_name":"min_samples_split","param_value_internal":12.0,"distribution":"{\"name\": \"IntDistribution\", \"attributes\": {\"log\": false, \"step\": 1, \"low\": 5, \"high\": 20}}"}
{"op_code":5,"worker_id":"a467ab4d-82ef-45bf-8f26-63dc976ef81b-139952901822272","trial_id":14,"param_name":"min_samples_leaf","param_value_internal":17.0,"distribution":"{\"name\": \"IntDistribution\", \"attributes\": {\"log\": false, \"step\": 1, \"low\": 5, \"high\": 20}}"}
{"op_code":6,"worker_id":"a467ab4d-82ef-45bf-8f26-63dc976ef81b-139952901822272","trial_id":14,"state":1,"values":[0.6923092959743157],"datetime_complete":"2026-03-26T12:06:54.787457"}
{"op_code":4,"worker_id":"a467ab4d-82ef-45bf-8f26-63dc976ef81b-139952901822272","study_id":0,"datetime_start":"2026-03-26T12:06:54.800848"}
{"op_code":5,"worker_id":"a467ab4d-82ef-45bf-8f26-63dc976ef81b-139952901822272","trial_id":15,"param_name":"n_estimators","param_value_internal":144.0,"distribution":"{\"name\": \"IntDistribution\", \"attributes\": {\"log\": false, \"step\": 1, \"low\": 50, \"high\": 200}}"}
{"op_code":5,"worker_id":"a467ab4d-82ef-45bf-8f26-63dc976ef81b-139952901822272","trial_id":15,"param_name":"min_samples_split","param_value_internal":16.0,"distribution":"{\"name\": \"IntDistribution\", \"attributes\": {\"log\": false, \"step\": 1, \"low\": 5, \"high\": 20}}"}
{"op_code":5,"worker_id":"a467ab4d-82ef-45bf-8f26-63dc976ef81b-139952901822272","trial_id":15,"param_name":"min_samples_leaf","param_value_internal":17.0,"distribution":"{\"name\": \"IntDistribution\", \"attributes\": {\"log\": false, \"step\": 1, \"low\": 5, \"high\": 20}}"}
{"op_code":6,"worker_id":"a467ab4d-82ef-45bf-8f26-63dc976ef81b-139952901822272","trial_id":15,"state":1,"values":[0.6915379323284758],"datetime_complete":"2026-03-26T12:06:56.223618"}
{"op_code":4,"worker_id":"a467ab4d-82ef-45bf-8f26-63dc976ef81b-139952901822272","study_id":0,"datetime_start":"2026-03-26T12:06:56.235185"}
{"op_code":5,"worker_id":"a467ab4d-82ef-45bf-8f26-63dc976ef81b-139952901822272","trial_id":16,"param_name":"n_estimators","param_value_internal":169.0,"distribution":"{\"name\": \"IntDistribution\", \"attributes\": {\"log\": false, \"step\": 1, \"low\": 50, \"high\": 200}}"}
{"op_code":5,"worker_id":"a467ab4d-82ef-45bf-8f26-63dc976ef81b-139952901822272","trial_id":16,"param_name":"min_samples_split","param_value_internal":12.0,"distribution":"{\"name\": \"IntDistribution\", \"attributes\": {\"log\": false, \"step\": 1, \"low\": 5, \"high\": 20}}"}
{"op_code":5,"worker_id":"a467ab4d-82ef-45bf-8f26-63dc976ef81b-139952901822272","trial_id":16,"param_name":"min_samples_leaf","param_value_internal":17.0,"distribution":"{\"name\": \"IntDistribution\", \"attributes\": {\"log\": false, \"step\": 1, \"low\": 5, \"high\": 20}}"}
{"op_code":6,"worker_id":"a467ab4d-82ef-45bf-8f26-63dc976ef81b-139952901822272","trial_id":16,"state":1,"values":[0.6913919986657494],"datetime_complete":"2026-03-26T12:06:57.900195"}
{"op_code":4,"worker_id":"a467ab4d-82ef-45bf-8f26-63dc976ef81b-139952901822272","study_id":0,"datetime_start":"2026-03-26T12:06:57.911057"}
{"op_code":5,"worker_id":"a467ab4d-82ef-45bf-8f26-63dc976ef81b-139952901822272","trial_id":17,"param_name":"n_estimators","param_value_internal":199.0,"distribution":"{\"name\": \"IntDistribution\", \"attributes\": {\"log\": false, \"step\": 1, \"low\": 50, \"high\": 200}}"}
{"op_code":5,"worker_id":"a467ab4d-82ef-45bf-8f26-63dc976ef81b-139952901822272","trial_id":17,"param_name":"min_samples_split","param_value_internal":20.0,"distribution":"{\"name\": \"IntDistribution\", \"attributes\": {\"log\": false, \"step\": 1, \"low\": 5, \"high\": 20}}"}
{"op_code":5,"worker_id":"a467ab4d-82ef-45bf-8f26-63dc976ef81b-139952901822272","trial_id":17,"param_name":"min_samples_leaf","param_value_internal":15.0,"distribution":"{\"name\": \"IntDistribution\", \"attributes\": {\"log\": false, \"step\": 1, \"low\": 5, \"high\": 20}}"}
{"op_code":6,"worker_id":"a467ab4d-82ef-45bf-8f26-63dc976ef81b-139952901822272","trial_id":17,"state":1,"values":[0.6946650822440428],"datetime_complete":"2026-03-26T12:06:59.997260"}
{"op_code":4,"worker_id":"a467ab4d-82ef-45bf-8f26-63dc976ef81b-139952901822272","study_id":0,"datetime_start":"2026-03-26T12:07:00.017400"}
{"op_code":5,"worker_id":"a467ab4d-82ef-45bf-8f26-63dc976ef81b-139952901822272","trial_id":18,"param_name":"n_estimators","param_value_internal":193.0,"distribution":"{\"name\": \"IntDistribution\", \"attributes\": {\"log\": false, \"step\": 1, \"low\": 50, \"high\": 200}}"}
{"op_code":5,"worker_id":"a467ab4d-82ef-45bf-8f26-63dc976ef81b-139952901822272","trial_id":18,"param_name":"min_samples_split","param_value_internal":20.0,"distribution":"{\"name\": \"IntDistribution\", \"attributes\": {\"log\": false, \"step\": 1, \"low\": 5, \"high\": 20}}"}
{"op_code":5,"worker_id":"a467ab4d-82ef-45bf-8f26-63dc976ef81b-139952901822272","trial_id":18,"param_name":"min_samples_leaf","param_value_internal":15.0,"distribution":"{\"name\": \"IntDistribution\", \"attributes\": {\"log\": false, \"step\": 1, \"low\": 5, \"high\": 20}}"}
{"op_code":6,"worker_id":"a467ab4d-82ef-45bf-8f26-63dc976ef81b-139952901822272","trial_id":18,"state":1,"values":[0.6941230429253445],"datetime_complete":"2026-03-26T12:07:02.086028"}
{"op_code":4,"worker_id":"a467ab4d-82ef-45bf-8f26-63dc976ef81b-139952901822272","study_id":0,"datetime_start":"2026-03-26T12:07:02.096098"}
{"op_code":5,"worker_id":"a467ab4d-82ef-45bf-8f26-63dc976ef81b-139952901822272","trial_id":19,"param_name":"n_estimators","param_value_internal":178.0,"distribution":"{\"name\": \"IntDistribution\", \"attributes\": {\"log\": false, \"step\": 1, \"low\": 50, \"high\": 200}}"}
{"op_code":5,"worker_id":"a467ab4d-82ef-45bf-8f26-63dc976ef81b-139952901822272","trial_id":19,"param_name":"min_samples_split","param_value_internal":18.0,"distribution":"{\"name\": \"IntDistribution\", \"attributes\": {\"log\": false, \"step\": 1, \"low\": 5, \"high\": 20}}"}
{"op_code":5,"worker_id":"a467ab4d-82ef-45bf-8f26-63dc976ef81b-139952901822272","trial_id":19,"param_name":"min_samples_leaf","param_value_internal":15.0,"distribution":"{\"name\": \"IntDistribution\", \"attributes\": {\"log\": false, \"step\": 1, \"low\": 5, \"high\": 20}}"}
{"op_code":6,"worker_id":"a467ab4d-82ef-45bf-8f26-63dc976ef81b-139952901822272","trial_id":19,"state":1,"values":[0.6940604999270331],"datetime_complete":"2026-03-26T12:07:03.962973"}
{"op_code":0,"worker_id":"28ccf1be-4a53-4348-a108-e4b516fd56e0-139699157092160","study_name":"rsf_tuning","directions":[2]}
{"op_code":4,"worker_id":"28ccf1be-4a53-4348-a108-e4b516fd56e0-139699157092160","study_id":0,"datetime_start":"2026-03-26T17:21:19.363618"}
{"op_code":5,"worker_id":"28ccf1be-4a53-4348-a108-e4b516fd56e0-139699157092160","trial_id":20,"param_name":"n_estimators","param_value_internal":199.0,"distribution":"{\"name\": \"IntDistribution\", \"attributes\": {\"log\": false, \"step\": 1, \"low\": 50, \"high\": 200}}"}
{"op_code":5,"worker_id":"28ccf1be-4a53-4348-a108-e4b516fd56e0-139699157092160","trial_id":20,"param_name":"min_samples_split","param_value_internal":16.0,"distribution":"{\"name\": \"IntDistribution\", \"attributes\": {\"log\": false, \"step\": 1, \"low\": 5, \"high\": 20}}"}
{"op_code":5,"worker_id":"28ccf1be-4a53-4348-a108-e4b516fd56e0-139699157092160","trial_id":20,"param_name":"min_samples_leaf","param_value_internal":18.0,"distribution":"{\"name\": \"IntDistribution\", \"attributes\": {\"log\": false, \"step\": 1, \"low\": 5, \"high\": 20}}"}
{"op_code":6,"worker_id":"28ccf1be-4a53-4348-a108-e4b516fd56e0-139699157092160","trial_id":20,"state":1,"values":[0.6926637062980799],"datetime_complete":"2026-03-26T17:21:21.800065"}
{"op_code":4,"worker_id":"28ccf1be-4a53-4348-a108-e4b516fd56e0-139699157092160","study_id":0,"datetime_start":"2026-03-26T17:21:21.818438"}
{"op_code":5,"worker_id":"28ccf1be-4a53-4348-a108-e4b516fd56e0-139699157092160","trial_id":21,"param_name":"n_estimators","param_value_internal":184.0,"distribution":"{\"name\": \"IntDistribution\", \"attributes\": {\"log\": false, \"step\": 1, \"low\": 50, \"high\": 200}}"}
{"op_code":5,"worker_id":"28ccf1be-4a53-4348-a108-e4b516fd56e0-139699157092160","trial_id":21,"param_name":"min_samples_split","param_value_internal":20.0,"distribution":"{\"name\": \"IntDistribution\", \"attributes\": {\"log\": false, \"step\": 1, \"low\": 5, \"high\": 20}}"}
{"op_code":5,"worker_id":"28ccf1be-4a53-4348-a108-e4b516fd56e0-139699157092160","trial_id":21,"param_name":"min_samples_leaf","param_value_internal":15.0,"distribution":"{\"name\": \"IntDistribution\", \"attributes\": {\"log\": false, \"step\": 1, \"low\": 5, \"high\": 20}}"}
{"op_code":6,"worker_id":"28ccf1be-4a53-4348-a108-e4b516fd56e0-139699157092160","trial_id":21,"state":1,"values":[0.6941855859236559],"datetime_complete":"2026-03-26T17:21:24.377248"}
{"op_code":4,"worker_id":"28ccf1be-4a53-4348-a108-e4b516fd56e0-139699157092160","study_id":0,"datetime_start":"2026-03-26T17:21:24.395013"}
{"op_code":5,"worker_id":"28ccf1be-4a53-4348-a108-e4b516fd56e0-139699157092160","trial_id":22,"param_name":"n_estimators","param_value_internal":158.0,"distribution":"{\"name\": \"IntDistribution\", \"attributes\": {\"log\": false, \"step\": 1, \"low\": 50, \"high\": 200}}"}
{"op_code":5,"worker_id":"28ccf1be-4a53-4348-a108-e4b516fd56e0-139699157092160","trial_id":22,"param_name":"min_samples_split","param_value_internal":20.0,"distribution":"{\"name\": \"IntDistribution\", \"attributes\": {\"log\": false, \"step\": 1, \"low\": 5, \"high\": 20}}"}
{"op_code":5,"worker_id":"28ccf1be-4a53-4348-a108-e4b516fd56e0-139699157092160","trial_id":22,"param_name":"min_samples_leaf","param_value_internal":15.0,"distribution":"{\"name\": \"IntDistribution\", \"attributes\": {\"log\": false, \"step\": 1, \"low\": 5, \"high\": 20}}"}
{"op_code":6,"worker_id":"28ccf1be-4a53-4348-a108-e4b516fd56e0-139699157092160","trial_id":22,"state":1,"values":[0.6942481289219672],"datetime_complete":"2026-03-26T17:21:26.200628"}
{"op_code":4,"worker_id":"28ccf1be-4a53-4348-a108-e4b516fd56e0-139699157092160","study_id":0,"datetime_start":"2026-03-26T17:21:26.218947"}
{"op_code":5,"worker_id":"28ccf1be-4a53-4348-a108-e4b516fd56e0-139699157092160","trial_id":23,"param_name":"n_estimators","param_value_internal":154.0,"distribution":"{\"name\": \"IntDistribution\", \"attributes\": {\"log\": false, \"step\": 1, \"low\": 50, \"high\": 200}}"}
{"op_code":5,"worker_id":"28ccf1be-4a53-4348-a108-e4b516fd56e0-139699157092160","trial_id":23,"param_name":"min_samples_split","param_value_internal":18.0,"distribution":"{\"name\": \"IntDistribution\", \"attributes\": {\"log\": false, \"step\": 1, \"low\": 5, \"high\": 20}}"}
{"op_code":5,"worker_id":"28ccf1be-4a53-4348-a108-e4b516fd56e0-139699157092160","trial_id":23,"param_name":"min_samples_leaf","param_value_internal":16.0,"distribution":"{\"name\": \"IntDistribution\", \"attributes\": {\"log\": false, \"step\": 1, \"low\": 5, \"high\": 20}}"}
{"op_code":6,"worker_id":"28ccf1be-4a53-4348-a108-e4b516fd56e0-139699157092160","trial_id":23,"state":1,"values":[0.691329455667438],"datetime_complete":"2026-03-26T17:21:28.135737"}
{"op_code":4,"worker_id":"28ccf1be-4a53-4348-a108-e4b516fd56e0-139699157092160","study_id":0,"datetime_start":"2026-03-26T17:21:28.155358"}
{"op_code":5,"worker_id":"28ccf1be-4a53-4348-a108-e4b516fd56e0-139699157092160","trial_id":24,"param_name":"n_estimators","param_value_internal":155.0,"distribution":"{\"name\": \"IntDistribution\", \"attributes\": {\"log\": false, \"step\": 1, \"low\": 50, \"high\": 200}}"}
{"op_code":5,"worker_id":"28ccf1be-4a53-4348-a108-e4b516fd56e0-139699157092160","trial_id":24,"param_name":"min_samples_split","param_value_internal":15.0,"distribution":"{\"name\": \"IntDistribution\", \"attributes\": {\"log\": false, \"step\": 1, \"low\": 5, \"high\": 20}}"}
{"op_code":5,"worker_id":"28ccf1be-4a53-4348-a108-e4b516fd56e0-139699157092160","trial_id":24,"param_name":"min_samples_leaf","param_value_internal":13.0,"distribution":"{\"name\": \"IntDistribution\", \"attributes\": {\"log\": false, \"step\": 1, \"low\": 5, \"high\": 20}}"}
{"op_code":6,"worker_id":"28ccf1be-4a53-4348-a108-e4b516fd56e0-139699157092160","trial_id":24,"state":1,"values":[0.6906623303521171],"datetime_complete":"2026-03-26T17:21:29.863561"}
{"op_code":4,"worker_id":"28ccf1be-4a53-4348-a108-e4b516fd56e0-139699157092160","study_id":0,"datetime_start":"2026-03-26T17:21:29.883115"}
{"op_code":5,"worker_id":"28ccf1be-4a53-4348-a108-e4b516fd56e0-139699157092160","trial_id":25,"param_name":"n_estimators","param_value_internal":130.0,"distribution":"{\"name\": \"IntDistribution\", \"attributes\": {\"log\": false, \"step\": 1, \"low\": 50, \"high\": 200}}"}
{"op_code":5,"worker_id":"28ccf1be-4a53-4348-a108-e4b516fd56e0-139699157092160","trial_id":25,"param_name":"min_samples_split","param_value_internal":19.0,"distribution":"{\"name\": \"IntDistribution\", \"attributes\": {\"log\": false, \"step\": 1, \"low\": 5, \"high\": 20}}"}
{"op_code":5,"worker_id":"28ccf1be-4a53-4348-a108-e4b516fd56e0-139699157092160","trial_id":25,"param_name":"min_samples_leaf","param_value_internal":18.0,"distribution":"{\"name\": \"IntDistribution\", \"attributes\": {\"log\": false, \"step\": 1, \"low\": 5, \"high\": 20}}"}
{"op_code":6,"worker_id":"28ccf1be-4a53-4348-a108-e4b516fd56e0-139699157092160","trial_id":25,"state":1,"values":[0.6931015072862593],"datetime_complete":"2026-03-26T17:21:31.169130"}
{"op_code":4,"worker_id":"28ccf1be-4a53-4348-a108-e4b516fd56e0-139699157092160","study_id":0,"datetime_start":"2026-03-26T17:21:31.191142"}
{"op_code":5,"worker_id":"28ccf1be-4a53-4348-a108-e4b516fd56e0-139699157092160","trial_id":26,"param_name":"n_estimators","param_value_internal":157.0,"distribution":"{\"name\": \"IntDistribution\", \"attributes\": {\"log\": false, \"step\": 1, \"low\": 50, \"high\": 200}}"}
{"op_code":5,"worker_id":"28ccf1be-4a53-4348-a108-e4b516fd56e0-139699157092160","trial_id":26,"param_name":"min_samples_split","param_value_internal":18.0,"distribution":"{\"name\": \"IntDistribution\", \"attributes\": {\"log\": false, \"step\": 1, \"low\": 5, \"high\": 20}}"}
{"op_code":5,"worker_id":"28ccf1be-4a53-4348-a108-e4b516fd56e0-139699157092160","trial_id":26,"param_name":"min_samples_leaf","param_value_internal":14.0,"distribution":"{\"name\": \"IntDistribution\", \"attributes\": {\"log\": false, \"step\": 1, \"low\": 5, \"high\": 20}}"}
{"op_code":6,"worker_id":"28ccf1be-4a53-4348-a108-e4b516fd56e0-139699157092160","trial_id":26,"state":1,"values":[0.692079971647174],"datetime_complete":"2026-03-26T17:21:32.851751"}
{"op_code":4,"worker_id":"28ccf1be-4a53-4348-a108-e4b516fd56e0-139699157092160","study_id":0,"datetime_start":"2026-03-26T17:21:32.874809"}
{"op_code":5,"worker_id":"28ccf1be-4a53-4348-a108-e4b516fd56e0-139699157092160","trial_id":27,"param_name":"n_estimators","param_value_internal":183.0,"distribution":"{\"name\": \"IntDistribution\", \"attributes\": {\"log\": false, \"step\": 1, \"low\": 50, \"high\": 200}}"}
{"op_code":5,"worker_id":"28ccf1be-4a53-4348-a108-e4b516fd56e0-139699157092160","trial_id":27,"param_name":"min_samples_split","param_value_internal":13.0,"distribution":"{\"name\": \"IntDistribution\", \"attributes\": {\"log\": false, \"step\": 1, \"low\": 5, \"high\": 20}}"}
{"op_code":5,"worker_id":"28ccf1be-4a53-4348-a108-e4b516fd56e0-139699157092160","trial_id":27,"param_name":"min_samples_leaf","param_value_internal":19.0,"distribution":"{\"name\": \"IntDistribution\", \"attributes\": {\"log\": false, \"step\": 1, \"low\": 5, \"high\": 20}}"}
{"op_code":6,"worker_id":"28ccf1be-4a53-4348-a108-e4b516fd56e0-139699157092160","trial_id":27,"state":1,"values":[0.6941647382575521],"datetime_complete":"2026-03-26T17:21:34.614226"}
{"op_code":4,"worker_id":"28ccf1be-4a53-4348-a108-e4b516fd56e0-139699157092160","study_id":0,"datetime_start":"2026-03-26T17:21:34.631868"}
{"op_code":5,"worker_id":"28ccf1be-4a53-4348-a108-e4b516fd56e0-139699157092160","trial_id":28,"param_name":"n_estimators","param_value_internal":127.0,"distribution":"{\"name\": \"IntDistribution\", \"attributes\": {\"log\": false, \"step\": 1, \"low\": 50, \"high\": 200}}"}
{"op_code":5,"worker_id":"28ccf1be-4a53-4348-a108-e4b516fd56e0-139699157092160","trial_id":28,"param_name":"min_samples_split","param_value_internal":20.0,"distribution":"{\"name\": \"IntDistribution\", \"attributes\": {\"log\": false, \"step\": 1, \"low\": 5, \"high\": 20}}"}
{"op_code":5,"worker_id":"28ccf1be-4a53-4348-a108-e4b516fd56e0-139699157092160","trial_id":28,"param_name":"min_samples_leaf","param_value_internal":16.0,"distribution":"{\"name\": \"IntDistribution\", \"attributes\": {\"log\": false, \"step\": 1, \"low\": 5, \"high\": 20}}"}
{"op_code":6,"worker_id":"28ccf1be-4a53-4348-a108-e4b516fd56e0-139699157092160","trial_id":28,"state":1,"values":[0.6906414826860133],"datetime_complete":"2026-03-26T17:21:35.978594"}
{"op_code":4,"worker_id":"28ccf1be-4a53-4348-a108-e4b516fd56e0-139699157092160","study_id":0,"datetime_start":"2026-03-26T17:21:35.998439"}
{"op_code":5,"worker_id":"28ccf1be-4a53-4348-a108-e4b516fd56e0-139699157092160","trial_id":29,"param_name":"n_estimators","param_value_internal":162.0,"distribution":"{\"name\": \"IntDistribution\", \"attributes\": {\"log\": false, \"step\": 1, \"low\": 50, \"high\": 200}}"}
{"op_code":5,"worker_id":"28ccf1be-4a53-4348-a108-e4b516fd56e0-139699157092160","trial_id":29,"param_name":"min_samples_split","param_value_internal":16.0,"distribution":"{\"name\": \"IntDistribution\", \"attributes\": {\"log\": false, \"step\": 1, \"low\": 5, \"high\": 20}}"}
{"op_code":5,"worker_id":"28ccf1be-4a53-4348-a108-e4b516fd56e0-139699157092160","trial_id":29,"param_name":"min_samples_leaf","param_value_internal":7.0,"distribution":"{\"name\": \"IntDistribution\", \"attributes\": {\"log\": false, \"step\": 1, \"low\": 5, \"high\": 20}}"}
{"op_code":6,"worker_id":"28ccf1be-4a53-4348-a108-e4b516fd56e0-139699157092160","trial_id":29,"state":1,"values":[0.6903704630266642],"datetime_complete":"2026-03-26T17:21:38.297529"}
{"op_code":4,"worker_id":"28ccf1be-4a53-4348-a108-e4b516fd56e0-139699157092160","study_id":0,"datetime_start":"2026-03-26T17:21:38.315732"}
{"op_code":5,"worker_id":"28ccf1be-4a53-4348-a108-e4b516fd56e0-139699157092160","trial_id":30,"param_name":"n_estimators","param_value_internal":101.0,"distribution":"{\"name\": \"IntDistribution\", \"attributes\": {\"log\": false, \"step\": 1, \"low\": 50, \"high\": 200}}"}
{"op_code":5,"worker_id":"28ccf1be-4a53-4348-a108-e4b516fd56e0-139699157092160","trial_id":30,"param_name":"min_samples_split","param_value_internal":17.0,"distribution":"{\"name\": \"IntDistribution\", \"attributes\": {\"log\": false, \"step\": 1, \"low\": 5, \"high\": 20}}"}
{"op_code":5,"worker_id":"28ccf1be-4a53-4348-a108-e4b516fd56e0-139699157092160","trial_id":30,"param_name":"min_samples_leaf","param_value_internal":8.0,"distribution":"{\"name\": \"IntDistribution\", \"attributes\": {\"log\": false, \"step\": 1, \"low\": 5, \"high\": 20}}"}
{"op_code":6,"worker_id":"28ccf1be-4a53-4348-a108-e4b516fd56e0-139699157092160","trial_id":30,"state":1,"values":[0.691808951987825],"datetime_complete":"2026-03-26T17:21:39.702394"}
{"op_code":4,"worker_id":"28ccf1be-4a53-4348-a108-e4b516fd56e0-139699157092160","study_id":0,"datetime_start":"2026-03-26T17:21:39.721459"}
{"op_code":5,"worker_id":"28ccf1be-4a53-4348-a108-e4b516fd56e0-139699157092160","trial_id":31,"param_name":"n_estimators","param_value_internal":184.0,"distribution":"{\"name\": \"IntDistribution\", \"attributes\": {\"log\": false, \"step\": 1, \"low\": 50, \"high\": 200}}"}
{"op_code":5,"worker_id":"28ccf1be-4a53-4348-a108-e4b516fd56e0-139699157092160","trial_id":31,"param_name":"min_samples_split","param_value_internal":20.0,"distribution":"{\"name\": \"IntDistribution\", \"attributes\": {\"log\": false, \"step\": 1, \"low\": 5, \"high\": 20}}"}
{"op_code":5,"worker_id":"28ccf1be-4a53-4348-a108-e4b516fd56e0-139699157092160","trial_id":31,"param_name":"min_samples_leaf","param_value_internal":15.0,"distribution":"{\"name\": \"IntDistribution\", \"attributes\": {\"log\": false, \"step\": 1, \"low\": 5, \"high\": 20}}"}
{"op_code":6,"worker_id":"28ccf1be-4a53-4348-a108-e4b516fd56e0-139699157092160","trial_id":31,"state":1,"values":[0.6941855859236559],"datetime_complete":"2026-03-26T17:21:41.621507"}
{"op_code":4,"worker_id":"28ccf1be-4a53-4348-a108-e4b516fd56e0-139699157092160","study_id":0,"datetime_start":"2026-03-26T17:21:41.638413"}
{"op_code":5,"worker_id":"28ccf1be-4a53-4348-a108-e4b516fd56e0-139699157092160","trial_id":32,"param_name":"n_estimators","param_value_internal":178.0,"distribution":"{\"name\": \"IntDistribution\", \"attributes\": {\"log\": false, \"step\": 1, \"low\": 50, \"high\": 200}}"}
{"op_code":5,"worker_id":"28ccf1be-4a53-4348-a108-e4b516fd56e0-139699157092160","trial_id":32,"param_name":"min_samples_split","param_value_internal":19.0,"distribution":"{\"name\": \"IntDistribution\", \"attributes\": {\"log\": false, \"step\": 1, \"low\": 5, \"high\": 20}}"}
{"op_code":5,"worker_id":"28ccf1be-4a53-4348-a108-e4b516fd56e0-139699157092160","trial_id":32,"param_name":"min_samples_leaf","param_value_internal":14.0,"distribution":"{\"name\": \"IntDistribution\", \"attributes\": {\"log\": false, \"step\": 1, \"low\": 5, \"high\": 20}}"}
{"op_code":6,"worker_id":"28ccf1be-4a53-4348-a108-e4b516fd56e0-139699157092160","trial_id":32,"state":1,"values":[0.6928304876269101],"datetime_complete":"2026-03-26T17:21:43.525663"}
{"op_code":4,"worker_id":"28ccf1be-4a53-4348-a108-e4b516fd56e0-139699157092160","study_id":0,"datetime_start":"2026-03-26T17:21:43.606271"}
{"op_code":5,"worker_id":"28ccf1be-4a53-4348-a108-e4b516fd56e0-139699157092160","trial_id":33,"param_name":"n_estimators","param_value_internal":198.0,"distribution":"{\"name\": \"IntDistribution\", \"attributes\": {\"log\": false, \"step\": 1, \"low\": 50, \"high\": 200}}"}
{"op_code":5,"worker_id":"28ccf1be-4a53-4348-a108-e4b516fd56e0-139699157092160","trial_id":33,"param_name":"min_samples_split","param_value_internal":17.0,"distribution":"{\"name\": \"IntDistribution\", \"attributes\": {\"log\": false, \"step\": 1, \"low\": 5, \"high\": 20}}"}
{"op_code":5,"worker_id":"28ccf1be-4a53-4348-a108-e4b516fd56e0-139699157092160","trial_id":33,"param_name":"min_samples_leaf","param_value_internal":12.0,"distribution":"{\"name\": \"IntDistribution\", \"attributes\": {\"log\": false, \"step\": 1, \"low\": 5, \"high\": 20}}"}
{"op_code":6,"worker_id":"28ccf1be-4a53-4348-a108-e4b516fd56e0-139699157092160","trial_id":33,"state":1,"values":[0.6927262492963913],"datetime_complete":"2026-03-26T17:21:46.041959"}
{"op_code":4,"worker_id":"28ccf1be-4a53-4348-a108-e4b516fd56e0-139699157092160","study_id":0,"datetime_start":"2026-03-26T17:21:46.062767"}
{"op_code":5,"worker_id":"28ccf1be-4a53-4348-a108-e4b516fd56e0-139699157092160","trial_id":34,"param_name":"n_estimators","param_value_internal":187.0,"distribution":"{\"name\": \"IntDistribution\", \"attributes\": {\"log\": false, \"step\": 1, \"low\": 50, \"high\": 200}}"}
{"op_code":5,"worker_id":"28ccf1be-4a53-4348-a108-e4b516fd56e0-139699157092160","trial_id":34,"param_name":"min_samples_split","param_value_internal":20.0,"distribution":"{\"name\": \"IntDistribution\", \"attributes\": {\"log\": false, \"step\": 1, \"low\": 5, \"high\": 20}}"}
{"op_code":5,"worker_id":"28ccf1be-4a53-4348-a108-e4b516fd56e0-139699157092160","trial_id":34,"param_name":"min_samples_leaf","param_value_internal":16.0,"distribution":"{\"name\": \"IntDistribution\", \"attributes\": {\"log\": false, \"step\": 1, \"low\": 5, \"high\": 20}}"}
{"op_code":6,"worker_id":"28ccf1be-4a53-4348-a108-e4b516fd56e0-139699157092160","trial_id":34,"state":1,"values":[0.6912877603352304],"datetime_complete":"2026-03-26T17:21:47.960031"}
{"op_code":4,"worker_id":"28ccf1be-4a53-4348-a108-e4b516fd56e0-139699157092160","study_id":0,"datetime_start":"2026-03-26T17:21:47.979060"}
{"op_code":5,"worker_id":"28ccf1be-4a53-4348-a108-e4b516fd56e0-139699157092160","trial_id":35,"param_name":"n_estimators","param_value_internal":172.0,"distribution":"{\"name\": \"IntDistribution\", \"attributes\": {\"log\": false, \"step\": 1, \"low\": 50, \"high\": 200}}"}
{"op_code":5,"worker_id":"28ccf1be-4a53-4348-a108-e4b516fd56e0-139699157092160","trial_id":35,"param_name":"min_samples_split","param_value_internal":19.0,"distribution":"{\"name\": \"IntDistribution\", \"attributes\": {\"log\": false, \"step\": 1, \"low\": 5, \"high\": 20}}"}
{"op_code":5,"worker_id":"28ccf1be-4a53-4348-a108-e4b516fd56e0-139699157092160","trial_id":35,"param_name":"min_samples_leaf","param_value_internal":13.0,"distribution":"{\"name\": \"IntDistribution\", \"attributes\": {\"log\": false, \"step\": 1, \"low\": 5, \"high\": 20}}"}
{"op_code":6,"worker_id":"28ccf1be-4a53-4348-a108-e4b516fd56e0-139699157092160","trial_id":35,"state":1,"values":[0.6913711509996456],"datetime_complete":"2026-03-26T17:21:49.845993"}
{"op_code":4,"worker_id":"28ccf1be-4a53-4348-a108-e4b516fd56e0-139699157092160","study_id":0,"datetime_start":"2026-03-26T17:21:49.893989"}
{"op_code":5,"worker_id":"28ccf1be-4a53-4348-a108-e4b516fd56e0-139699157092160","trial_id":36,"param_name":"n_estimators","param_value_internal":154.0,"distribution":"{\"name\": \"IntDistribution\", \"attributes\": {\"log\": false, \"step\": 1, \"low\": 50, \"high\": 200}}"}
{"op_code":5,"worker_id":"28ccf1be-4a53-4348-a108-e4b516fd56e0-139699157092160","trial_id":36,"param_name":"min_samples_split","param_value_internal":18.0,"distribution":"{\"name\": \"IntDistribution\", \"attributes\": {\"log\": false, \"step\": 1, \"low\": 5, \"high\": 20}}"}
{"op_code":5,"worker_id":"28ccf1be-4a53-4348-a108-e4b516fd56e0-139699157092160","trial_id":36,"param_name":"min_samples_leaf","param_value_internal":18.0,"distribution":"{\"name\": \"IntDistribution\", \"attributes\": {\"log\": false, \"step\": 1, \"low\": 5, \"high\": 20}}"}
{"op_code":6,"worker_id":"28ccf1be-4a53-4348-a108-e4b516fd56e0-139699157092160","trial_id":36,"state":1,"values":[0.6928721829591177],"datetime_complete":"2026-03-26T17:21:51.377355"}
{"op_code":4,"worker_id":"28ccf1be-4a53-4348-a108-e4b516fd56e0-139699157092160","study_id":0,"datetime_start":"2026-03-26T17:21:51.398447"}
{"op_code":5,"worker_id":"28ccf1be-4a53-4348-a108-e4b516fd56e0-139699157092160","trial_id":37,"param_name":"n_estimators","param_value_internal":176.0,"distribution":"{\"name\": \"IntDistribution\", \"attributes\": {\"log\": false, \"step\": 1, \"low\": 50, \"high\": 200}}"}
{"op_code":5,"worker_id":"28ccf1be-4a53-4348-a108-e4b516fd56e0-139699157092160","trial_id":37,"param_name":"min_samples_split","param_value_internal":11.0,"distribution":"{\"name\": \"IntDistribution\", \"attributes\": {\"log\": false, \"step\": 1, \"low\": 5, \"high\": 20}}"}
{"op_code":5,"worker_id":"28ccf1be-4a53-4348-a108-e4b516fd56e0-139699157092160","trial_id":37,"param_name":"min_samples_leaf","param_value_internal":14.0,"distribution":"{\"name\": \"IntDistribution\", \"attributes\": {\"log\": false, \"step\": 1, \"low\": 5, \"high\": 20}}"}
{"op_code":6,"worker_id":"28ccf1be-4a53-4348-a108-e4b516fd56e0-139699157092160","trial_id":37,"state":1,"values":[0.6930181166218442],"datetime_complete":"2026-03-26T17:21:53.251959"}
{"op_code":4,"worker_id":"28ccf1be-4a53-4348-a108-e4b516fd56e0-139699157092160","study_id":0,"datetime_start":"2026-03-26T17:21:53.270911"}
{"op_code":5,"worker_id":"28ccf1be-4a53-4348-a108-e4b516fd56e0-139699157092160","trial_id":38,"param_name":"n_estimators","param_value_internal":165.0,"distribution":"{\"name\": \"IntDistribution\", \"attributes\": {\"log\": false, \"step\": 1, \"low\": 50, \"high\": 200}}"}
{"op_code":5,"worker_id":"28ccf1be-4a53-4348-a108-e4b516fd56e0-139699157092160","trial_id":38,"param_name":"min_samples_split","param_value_internal":17.0,"distribution":"{\"name\": \"IntDistribution\", \"attributes\": {\"log\": false, \"step\": 1, \"low\": 5, \"high\": 20}}"}
{"op_code":5,"worker_id":"28ccf1be-4a53-4348-a108-e4b516fd56e0-139699157092160","trial_id":38,"param_name":"min_samples_leaf","param_value_internal":12.0,"distribution":"{\"name\": \"IntDistribution\", \"attributes\": {\"log\": false, \"step\": 1, \"low\": 5, \"high\": 20}}"}
{"op_code":6,"worker_id":"28ccf1be-4a53-4348-a108-e4b516fd56e0-139699157092160","trial_id":38,"state":1,"values":[0.6919548856505514],"datetime_complete":"2026-03-26T17:21:55.113196"}
{"op_code":4,"worker_id":"28ccf1be-4a53-4348-a108-e4b516fd56e0-139699157092160","study_id":0,"datetime_start":"2026-03-26T17:21:55.137095"}
{"op_code":5,"worker_id":"28ccf1be-4a53-4348-a108-e4b516fd56e0-139699157092160","trial_id":39,"param_name":"n_estimators","param_value_internal":148.0,"distribution":"{\"name\": \"IntDistribution\", \"attributes\": {\"log\": false, \"step\": 1, \"low\": 50, \"high\": 200}}"}
{"op_code":5,"worker_id":"28ccf1be-4a53-4348-a108-e4b516fd56e0-139699157092160","trial_id":39,"param_name":"min_samples_split","param_value_internal":15.0,"distribution":"{\"name\": \"IntDistribution\", \"attributes\": {\"log\": false, \"step\": 1, \"low\": 5, \"high\": 20}}"}
{"op_code":5,"worker_id":"28ccf1be-4a53-4348-a108-e4b516fd56e0-139699157092160","trial_id":39,"param_name":"min_samples_leaf","param_value_internal":19.0,"distribution":"{\"name\": \"IntDistribution\", \"attributes\": {\"log\": false, \"step\": 1, \"low\": 5, \"high\": 20}}"}
{"op_code":6,"worker_id":"28ccf1be-4a53-4348-a108-e4b516fd56e0-139699157092160","trial_id":39,"state":1,"values":[0.6941855859236559],"datetime_complete":"2026-03-26T17:21:56.547454"}
