{"op_code":0,"worker_id":"4018e9d6-801b-4991-bd57-bc75268b5432-139906009941824","study_name":"gbsa_tuning","directions":[2]}
{"op_code":4,"worker_id":"4018e9d6-801b-4991-bd57-bc75268b5432-139906009941824","study_id":0,"datetime_start":"2026-04-06T02:18:49.543003"}
{"op_code":5,"worker_id":"4018e9d6-801b-4991-bd57-bc75268b5432-139906009941824","trial_id":0,"param_name":"learning_rate","param_value_internal":0.10371813124629058,"distribution":"{\"name\": \"FloatDistribution\", \"attributes\": {\"step\": null, \"low\": 0.01, \"high\": 0.2, \"log\": true}}"}
{"op_code":5,"worker_id":"4018e9d6-801b-4991-bd57-bc75268b5432-139906009941824","trial_id":0,"param_name":"n_estimators","param_value_internal":110.0,"distribution":"{\"name\": \"IntDistribution\", \"attributes\": {\"log\": false, \"step\": 1, \"low\": 50, \"high\": 200}}"}
{"op_code":5,"worker_id":"4018e9d6-801b-4991-bd57-bc75268b5432-139906009941824","trial_id":0,"param_name":"max_depth","param_value_internal":4.0,"distribution":"{\"name\": \"IntDistribution\", \"attributes\": {\"log\": false, \"step\": 1, \"low\": 2, \"high\": 5}}"}
{"op_code":6,"worker_id":"4018e9d6-801b-4991-bd57-bc75268b5432-139906009941824","trial_id":0,"state":1,"values":[0.6222596964586846],"datetime_complete":"2026-04-06T02:19:15.995106"}
{"op_code":4,"worker_id":"4018e9d6-801b-4991-bd57-bc75268b5432-139906009941824","study_id":0,"datetime_start":"2026-04-06T02:19:16.016686"}
{"op_code":5,"worker_id":"4018e9d6-801b-4991-bd57-bc75268b5432-139906009941824","trial_id":1,"param_name":"learning_rate","param_value_internal":0.1196522936303449,"distribution":"{\"name\": \"FloatDistribution\", \"attributes\": {\"step\": null, \"low\": 0.01, \"high\": 0.2, \"log\": true}}"}
{"op_code":5,"worker_id":"4018e9d6-801b-4991-bd57-bc75268b5432-139906009941824","trial_id":1,"param_name":"n_estimators","param_value_internal":112.0,"distribution":"{\"name\": \"IntDistribution\", \"attributes\": {\"log\": false, \"step\": 1, \"low\": 50, \"high\": 200}}"}
{"op_code":5,"worker_id":"4018e9d6-801b-4991-bd57-bc75268b5432-139906009941824","trial_id":1,"param_name":"max_depth","param_value_internal":4.0,"distribution":"{\"name\": \"IntDistribution\", \"attributes\": {\"log\": false, \"step\": 1, \"low\": 2, \"high\": 5}}"}
{"op_code":6,"worker_id":"4018e9d6-801b-4991-bd57-bc75268b5432-139906009941824","trial_id":1,"state":1,"values":[0.6509274873524452],"datetime_complete":"2026-04-06T02:19:42.663228"}
{"op_code":4,"worker_id":"4018e9d6-801b-4991-bd57-bc75268b5432-139906009941824","study_id":0,"datetime_start":"2026-04-06T02:19:42.678723"}
{"op_code":5,"worker_id":"4018e9d6-801b-4991-bd57-bc75268b5432-139906009941824","trial_id":2,"param_name":"learning_rate","param_value_internal":0.014560630885504302,"distribution":"{\"name\": \"FloatDistribution\", \"attributes\": {\"step\": null, \"low\": 0.01, \"high\": 0.2, \"log\": true}}"}
{"op_code":5,"worker_id":"4018e9d6-801b-4991-bd57-bc75268b5432-139906009941824","trial_id":2,"param_name":"n_estimators","param_value_internal":71.0,"distribution":"{\"name\": \"IntDistribution\", \"attributes\": {\"log\": false, \"step\": 1, \"low\": 50, \"high\": 200}}"}
{"op_code":5,"worker_id":"4018e9d6-801b-4991-bd57-bc75268b5432-139906009941824","trial_id":2,"param_name":"max_depth","param_value_internal":3.0,"distribution":"{\"name\": \"IntDistribution\", \"attributes\": {\"log\": false, \"step\": 1, \"low\": 2, \"high\": 5}}"}
{"op_code":6,"worker_id":"4018e9d6-801b-4991-bd57-bc75268b5432-139906009941824","trial_id":2,"state":1,"values":[0.5278246205733558],"datetime_complete":"2026-04-06T02:19:55.975681"}
{"op_code":4,"worker_id":"4018e9d6-801b-4991-bd57-bc75268b5432-139906009941824","study_id":0,"datetime_start":"2026-04-06T02:19:55.993843"}
{"op_code":5,"worker_id":"4018e9d6-801b-4991-bd57-bc75268b5432-139906009941824","trial_id":3,"param_name":"learning_rate","param_value_internal":0.014329375194775765,"distribution":"{\"name\": \"FloatDistribution\", \"attributes\": {\"step\": null, \"low\": 0.01, \"high\": 0.2, \"log\": true}}"}
{"op_code":5,"worker_id":"4018e9d6-801b-4991-bd57-bc75268b5432-139906009941824","trial_id":3,"param_name":"n_estimators","param_value_internal":141.0,"distribution":"{\"name\": \"IntDistribution\", \"attributes\": {\"log\": false, \"step\": 1, \"low\": 50, \"high\": 200}}"}
{"op_code":5,"worker_id":"4018e9d6-801b-4991-bd57-bc75268b5432-139906009941824","trial_id":3,"param_name":"max_depth","param_value_internal":5.0,"distribution":"{\"name\": \"IntDistribution\", \"attributes\": {\"log\": false, \"step\": 1, \"low\": 2, \"high\": 5}}"}
{"op_code":6,"worker_id":"4018e9d6-801b-4991-bd57-bc75268b5432-139906009941824","trial_id":3,"state":1,"values":[0.524451939291737],"datetime_complete":"2026-04-06T02:20:35.934734"}
{"op_code":4,"worker_id":"4018e9d6-801b-4991-bd57-bc75268b5432-139906009941824","study_id":0,"datetime_start":"2026-04-06T02:20:35.967830"}
{"op_code":5,"worker_id":"4018e9d6-801b-4991-bd57-bc75268b5432-139906009941824","trial_id":4,"param_name":"learning_rate","param_value_internal":0.051215081991827095,"distribution":"{\"name\": \"FloatDistribution\", \"attributes\": {\"step\": null, \"low\": 0.01, \"high\": 0.2, \"log\": true}}"}
{"op_code":5,"worker_id":"4018e9d6-801b-4991-bd57-bc75268b5432-139906009941824","trial_id":4,"param_name":"n_estimators","param_value_internal":193.0,"distribution":"{\"name\": \"IntDistribution\", \"attributes\": {\"log\": false, \"step\": 1, \"low\": 50, \"high\": 200}}"}
{"op_code":5,"worker_id":"4018e9d6-801b-4991-bd57-bc75268b5432-139906009941824","trial_id":4,"param_name":"max_depth","param_value_internal":3.0,"distribution":"{\"name\": \"IntDistribution\", \"attributes\": {\"log\": false, \"step\": 1, \"low\": 2, \"high\": 5}}"}
{"op_code":6,"worker_id":"4018e9d6-801b-4991-bd57-bc75268b5432-139906009941824","trial_id":4,"state":1,"values":[0.6138279932546374],"datetime_complete":"2026-04-06T02:21:12.144592"}
{"op_code":4,"worker_id":"4018e9d6-801b-4991-bd57-bc75268b5432-139906009941824","study_id":0,"datetime_start":"2026-04-06T02:21:12.165799"}
{"op_code":5,"worker_id":"4018e9d6-801b-4991-bd57-bc75268b5432-139906009941824","trial_id":5,"param_name":"learning_rate","param_value_internal":0.028908201348799085,"distribution":"{\"name\": \"FloatDistribution\", \"attributes\": {\"step\": null, \"low\": 0.01, \"high\": 0.2, \"log\": true}}"}
{"op_code":5,"worker_id":"4018e9d6-801b-4991-bd57-bc75268b5432-139906009941824","trial_id":5,"param_name":"n_estimators","param_value_internal":136.0,"distribution":"{\"name\": \"IntDistribution\", \"attributes\": {\"log\": false, \"step\": 1, \"low\": 50, \"high\": 200}}"}
{"op_code":5,"worker_id":"4018e9d6-801b-4991-bd57-bc75268b5432-139906009941824","trial_id":5,"param_name":"max_depth","param_value_internal":3.0,"distribution":"{\"name\": \"IntDistribution\", \"attributes\": {\"log\": false, \"step\": 1, \"low\": 2, \"high\": 5}}"}
{"op_code":6,"worker_id":"4018e9d6-801b-4991-bd57-bc75268b5432-139906009941824","trial_id":5,"state":1,"values":[0.5750421585160203],"datetime_complete":"2026-04-06T02:21:37.606682"}
{"op_code":4,"worker_id":"4018e9d6-801b-4991-bd57-bc75268b5432-139906009941824","study_id":0,"datetime_start":"2026-04-06T02:21:37.625568"}
{"op_code":5,"worker_id":"4018e9d6-801b-4991-bd57-bc75268b5432-139906009941824","trial_id":6,"param_name":"learning_rate","param_value_internal":0.16391004415024346,"distribution":"{\"name\": \"FloatDistribution\", \"attributes\": {\"step\": null, \"low\": 0.01, \"high\": 0.2, \"log\": true}}"}
{"op_code":5,"worker_id":"4018e9d6-801b-4991-bd57-bc75268b5432-139906009941824","trial_id":6,"param_name":"n_estimators","param_value_internal":154.0,"distribution":"{\"name\": \"IntDistribution\", \"attributes\": {\"log\": false, \"step\": 1, \"low\": 50, \"high\": 200}}"}
{"op_code":5,"worker_id":"4018e9d6-801b-4991-bd57-bc75268b5432-139906009941824","trial_id":6,"param_name":"max_depth","param_value_internal":2.0,"distribution":"{\"name\": \"IntDistribution\", \"attributes\": {\"log\": false, \"step\": 1, \"low\": 2, \"high\": 5}}"}
{"op_code":6,"worker_id":"4018e9d6-801b-4991-bd57-bc75268b5432-139906009941824","trial_id":6,"state":1,"values":[0.6256323777403036],"datetime_complete":"2026-04-06T02:21:57.708746"}
{"op_code":4,"worker_id":"4018e9d6-801b-4991-bd57-bc75268b5432-139906009941824","study_id":0,"datetime_start":"2026-04-06T02:22:24.105098"}
{"op_code":5,"worker_id":"4018e9d6-801b-4991-bd57-bc75268b5432-139906009941824","trial_id":7,"param_name":"learning_rate","param_value_internal":0.022013619315589133,"distribution":"{\"name\": \"FloatDistribution\", \"attributes\": {\"step\": null, \"low\": 0.01, \"high\": 0.2, \"log\": true}}"}
{"op_code":5,"worker_id":"4018e9d6-801b-4991-bd57-bc75268b5432-139906009941824","trial_id":7,"param_name":"n_estimators","param_value_internal":124.0,"distribution":"{\"name\": \"IntDistribution\", \"attributes\": {\"log\": false, \"step\": 1, \"low\": 50, \"high\": 200}}"}
{"op_code":5,"worker_id":"4018e9d6-801b-4991-bd57-bc75268b5432-139906009941824","trial_id":7,"param_name":"max_depth","param_value_internal":5.0,"distribution":"{\"name\": \"IntDistribution\", \"attributes\": {\"log\": false, \"step\": 1, \"low\": 2, \"high\": 5}}"}
{"op_code":6,"worker_id":"4018e9d6-801b-4991-bd57-bc75268b5432-139906009941824","trial_id":7,"state":1,"values":[0.5328836424957841],"datetime_complete":"2026-04-06T02:22:59.709202"}
{"op_code":4,"worker_id":"4018e9d6-801b-4991-bd57-bc75268b5432-139906009941824","study_id":0,"datetime_start":"2026-04-06T02:22:59.732134"}
{"op_code":5,"worker_id":"4018e9d6-801b-4991-bd57-bc75268b5432-139906009941824","trial_id":8,"param_name":"learning_rate","param_value_internal":0.03208306202335662,"distribution":"{\"name\": \"FloatDistribution\", \"attributes\": {\"step\": null, \"low\": 0.01, \"high\": 0.2, \"log\": true}}"}
{"op_code":5,"worker_id":"4018e9d6-801b-4991-bd57-bc75268b5432-139906009941824","trial_id":8,"param_name":"n_estimators","param_value_internal":104.0,"distribution":"{\"name\": \"IntDistribution\", \"attributes\": {\"log\": false, \"step\": 1, \"low\": 50, \"high\": 200}}"}
{"op_code":5,"worker_id":"4018e9d6-801b-4991-bd57-bc75268b5432-139906009941824","trial_id":8,"param_name":"max_depth","param_value_internal":5.0,"distribution":"{\"name\": \"IntDistribution\", \"attributes\": {\"log\": false, \"step\": 1, \"low\": 2, \"high\": 5}}"}
{"op_code":6,"worker_id":"4018e9d6-801b-4991-bd57-bc75268b5432-139906009941824","trial_id":8,"state":1,"values":[0.5463743676222597],"datetime_complete":"2026-04-06T02:23:29.837384"}
{"op_code":4,"worker_id":"4018e9d6-801b-4991-bd57-bc75268b5432-139906009941824","study_id":0,"datetime_start":"2026-04-06T02:23:29.858712"}
{"op_code":5,"worker_id":"4018e9d6-801b-4991-bd57-bc75268b5432-139906009941824","trial_id":9,"param_name":"learning_rate","param_value_internal":0.11471404761298325,"distribution":"{\"name\": \"FloatDistribution\", \"attributes\": {\"step\": null, \"low\": 0.01, \"high\": 0.2, \"log\": true}}"}
{"op_code":5,"worker_id":"4018e9d6-801b-4991-bd57-bc75268b5432-139906009941824","trial_id":9,"param_name":"n_estimators","param_value_internal":52.0,"distribution":"{\"name\": \"IntDistribution\", \"attributes\": {\"log\": false, \"step\": 1, \"low\": 50, \"high\": 200}}"}
{"op_code":5,"worker_id":"4018e9d6-801b-4991-bd57-bc75268b5432-139906009941824","trial_id":9,"param_name":"max_depth","param_value_internal":3.0,"distribution":"{\"name\": \"IntDistribution\", \"attributes\": {\"log\": false, \"step\": 1, \"low\": 2, \"high\": 5}}"}
{"op_code":6,"worker_id":"4018e9d6-801b-4991-bd57-bc75268b5432-139906009941824","trial_id":9,"state":1,"values":[0.5699831365935919],"datetime_complete":"2026-04-06T02:23:39.575681"}
{"op_code":4,"worker_id":"4018e9d6-801b-4991-bd57-bc75268b5432-139906009941824","study_id":0,"datetime_start":"2026-04-06T02:23:39.592749"}
{"op_code":5,"worker_id":"4018e9d6-801b-4991-bd57-bc75268b5432-139906009941824","trial_id":10,"param_name":"learning_rate","param_value_internal":0.06428269038790833,"distribution":"{\"name\": \"FloatDistribution\", \"attributes\": {\"step\": null, \"low\": 0.01, \"high\": 0.2, \"log\": true}}"}
{"op_code":5,"worker_id":"4018e9d6-801b-4991-bd57-bc75268b5432-139906009941824","trial_id":10,"param_name":"n_estimators","param_value_internal":175.0,"distribution":"{\"name\": \"IntDistribution\", \"attributes\": {\"log\": false, \"step\": 1, \"low\": 50, \"high\": 200}}"}
{"op_code":5,"worker_id":"4018e9d6-801b-4991-bd57-bc75268b5432-139906009941824","trial_id":10,"param_name":"max_depth","param_value_internal":4.0,"distribution":"{\"name\": \"IntDistribution\", \"attributes\": {\"log\": false, \"step\": 1, \"low\": 2, \"high\": 5}}"}
{"op_code":6,"worker_id":"4018e9d6-801b-4991-bd57-bc75268b5432-139906009941824","trial_id":10,"state":1,"values":[0.6391231028667791],"datetime_complete":"2026-04-06T02:24:21.321924"}
{"op_code":4,"worker_id":"4018e9d6-801b-4991-bd57-bc75268b5432-139906009941824","study_id":0,"datetime_start":"2026-04-06T02:24:21.340257"}
{"op_code":5,"worker_id":"4018e9d6-801b-4991-bd57-bc75268b5432-139906009941824","trial_id":11,"param_name":"learning_rate","param_value_internal":0.06261680117881141,"distribution":"{\"name\": \"FloatDistribution\", \"attributes\": {\"step\": null, \"low\": 0.01, \"high\": 0.2, \"log\": true}}"}
{"op_code":5,"worker_id":"4018e9d6-801b-4991-bd57-bc75268b5432-139906009941824","trial_id":11,"param_name":"n_estimators","param_value_internal":182.0,"distribution":"{\"name\": \"IntDistribution\", \"attributes\": {\"log\": false, \"step\": 1, \"low\": 50, \"high\": 200}}"}
{"op_code":5,"worker_id":"4018e9d6-801b-4991-bd57-bc75268b5432-139906009941824","trial_id":11,"param_name":"max_depth","param_value_internal":4.0,"distribution":"{\"name\": \"IntDistribution\", \"attributes\": {\"log\": false, \"step\": 1, \"low\": 2, \"high\": 5}}"}
{"op_code":6,"worker_id":"4018e9d6-801b-4991-bd57-bc75268b5432-139906009941824","trial_id":11,"state":1,"values":[0.6256323777403036],"datetime_complete":"2026-04-06T02:25:04.978016"}
{"op_code":4,"worker_id":"4018e9d6-801b-4991-bd57-bc75268b5432-139906009941824","study_id":0,"datetime_start":"2026-04-06T02:25:04.998981"}
{"op_code":5,"worker_id":"4018e9d6-801b-4991-bd57-bc75268b5432-139906009941824","trial_id":12,"param_name":"learning_rate","param_value_internal":0.07415813435146947,"distribution":"{\"name\": \"FloatDistribution\", \"attributes\": {\"step\": null, \"low\": 0.01, \"high\": 0.2, \"log\": true}}"}
{"op_code":5,"worker_id":"4018e9d6-801b-4991-bd57-bc75268b5432-139906009941824","trial_id":12,"param_name":"n_estimators","param_value_internal":175.0,"distribution":"{\"name\": \"IntDistribution\", \"attributes\": {\"log\": false, \"step\": 1, \"low\": 50, \"high\": 200}}"}
{"op_code":5,"worker_id":"4018e9d6-801b-4991-bd57-bc75268b5432-139906009941824","trial_id":12,"param_name":"max_depth","param_value_internal":4.0,"distribution":"{\"name\": \"IntDistribution\", \"attributes\": {\"log\": false, \"step\": 1, \"low\": 2, \"high\": 5}}"}
{"op_code":6,"worker_id":"4018e9d6-801b-4991-bd57-bc75268b5432-139906009941824","trial_id":12,"state":1,"values":[0.6188870151770658],"datetime_complete":"2026-04-06T02:25:46.803720"}
{"op_code":4,"worker_id":"4018e9d6-801b-4991-bd57-bc75268b5432-139906009941824","study_id":0,"datetime_start":"2026-04-06T02:25:46.821006"}
{"op_code":5,"worker_id":"4018e9d6-801b-4991-bd57-bc75268b5432-139906009941824","trial_id":13,"param_name":"learning_rate","param_value_internal":0.195500602331073,"distribution":"{\"name\": \"FloatDistribution\", \"attributes\": {\"step\": null, \"low\": 0.01, \"high\": 0.2, \"log\": true}}"}
{"op_code":5,"worker_id":"4018e9d6-801b-4991-bd57-bc75268b5432-139906009941824","trial_id":13,"param_name":"n_estimators","param_value_internal":90.0,"distribution":"{\"name\": \"IntDistribution\", \"attributes\": {\"log\": false, \"step\": 1, \"low\": 50, \"high\": 200}}"}
{"op_code":5,"worker_id":"4018e9d6-801b-4991-bd57-bc75268b5432-139906009941824","trial_id":13,"param_name":"max_depth","param_value_internal":4.0,"distribution":"{\"name\": \"IntDistribution\", \"attributes\": {\"log\": false, \"step\": 1, \"low\": 2, \"high\": 5}}"}
{"op_code":6,"worker_id":"4018e9d6-801b-4991-bd57-bc75268b5432-139906009941824","trial_id":13,"state":1,"values":[0.6070826306913997],"datetime_complete":"2026-04-06T02:26:08.260754"}
{"op_code":4,"worker_id":"4018e9d6-801b-4991-bd57-bc75268b5432-139906009941824","study_id":0,"datetime_start":"2026-04-06T02:26:08.282102"}
{"op_code":5,"worker_id":"4018e9d6-801b-4991-bd57-bc75268b5432-139906009941824","trial_id":14,"param_name":"learning_rate","param_value_internal":0.0888548327997684,"distribution":"{\"name\": \"FloatDistribution\", \"attributes\": {\"step\": null, \"low\": 0.01, \"high\": 0.2, \"log\": true}}"}
{"op_code":5,"worker_id":"4018e9d6-801b-4991-bd57-bc75268b5432-139906009941824","trial_id":14,"param_name":"n_estimators","param_value_internal":159.0,"distribution":"{\"name\": \"IntDistribution\", \"attributes\": {\"log\": false, \"step\": 1, \"low\": 50, \"high\": 200}}"}
{"op_code":5,"worker_id":"4018e9d6-801b-4991-bd57-bc75268b5432-139906009941824","trial_id":14,"param_name":"max_depth","param_value_internal":2.0,"distribution":"{\"name\": \"IntDistribution\", \"attributes\": {\"log\": false, \"step\": 1, \"low\": 2, \"high\": 5}}"}
{"op_code":6,"worker_id":"4018e9d6-801b-4991-bd57-bc75268b5432-139906009941824","trial_id":14,"state":1,"values":[0.6172006745362564],"datetime_complete":"2026-04-06T02:26:28.915010"}
{"op_code":4,"worker_id":"4018e9d6-801b-4991-bd57-bc75268b5432-139906009941824","study_id":0,"datetime_start":"2026-04-06T02:26:28.931497"}
{"op_code":5,"worker_id":"4018e9d6-801b-4991-bd57-bc75268b5432-139906009941824","trial_id":15,"param_name":"learning_rate","param_value_internal":0.13245855729663783,"distribution":"{\"name\": \"FloatDistribution\", \"attributes\": {\"step\": null, \"low\": 0.01, \"high\": 0.2, \"log\": true}}"}
{"op_code":5,"worker_id":"4018e9d6-801b-4991-bd57-bc75268b5432-139906009941824","trial_id":15,"param_name":"n_estimators","param_value_internal":88.0,"distribution":"{\"name\": \"IntDistribution\", \"attributes\": {\"log\": false, \"step\": 1, \"low\": 50, \"high\": 200}}"}
{"op_code":5,"worker_id":"4018e9d6-801b-4991-bd57-bc75268b5432-139906009941824","trial_id":15,"param_name":"max_depth","param_value_internal":4.0,"distribution":"{\"name\": \"IntDistribution\", \"attributes\": {\"log\": false, \"step\": 1, \"low\": 2, \"high\": 5}}"}
{"op_code":6,"worker_id":"4018e9d6-801b-4991-bd57-bc75268b5432-139906009941824","trial_id":15,"state":1,"values":[0.6239460370994941],"datetime_complete":"2026-04-06T02:26:50.136036"}
{"op_code":4,"worker_id":"4018e9d6-801b-4991-bd57-bc75268b5432-139906009941824","study_id":0,"datetime_start":"2026-04-06T02:26:50.155516"}
{"op_code":5,"worker_id":"4018e9d6-801b-4991-bd57-bc75268b5432-139906009941824","trial_id":16,"param_name":"learning_rate","param_value_internal":0.04376110850910283,"distribution":"{\"name\": \"FloatDistribution\", \"attributes\": {\"step\": null, \"low\": 0.01, \"high\": 0.2, \"log\": true}}"}
{"op_code":5,"worker_id":"4018e9d6-801b-4991-bd57-bc75268b5432-139906009941824","trial_id":16,"param_name":"n_estimators","param_value_internal":199.0,"distribution":"{\"name\": \"IntDistribution\", \"attributes\": {\"log\": false, \"step\": 1, \"low\": 50, \"high\": 200}}"}
{"op_code":5,"worker_id":"4018e9d6-801b-4991-bd57-bc75268b5432-139906009941824","trial_id":16,"param_name":"max_depth","param_value_internal":5.0,"distribution":"{\"name\": \"IntDistribution\", \"attributes\": {\"log\": false, \"step\": 1, \"low\": 2, \"high\": 5}}"}
{"op_code":6,"worker_id":"4018e9d6-801b-4991-bd57-bc75268b5432-139906009941824","trial_id":16,"state":1,"values":[0.5632377740303541],"datetime_complete":"2026-04-06T02:27:48.979730"}
{"op_code":4,"worker_id":"4018e9d6-801b-4991-bd57-bc75268b5432-139906009941824","study_id":0,"datetime_start":"2026-04-06T02:27:48.997505"}
{"op_code":5,"worker_id":"4018e9d6-801b-4991-bd57-bc75268b5432-139906009941824","trial_id":17,"param_name":"learning_rate","param_value_internal":0.07112595885789144,"distribution":"{\"name\": \"FloatDistribution\", \"attributes\": {\"step\": null, \"low\": 0.01, \"high\": 0.2, \"log\": true}}"}
{"op_code":5,"worker_id":"4018e9d6-801b-4991-bd57-bc75268b5432-139906009941824","trial_id":17,"param_name":"n_estimators","param_value_internal":117.0,"distribution":"{\"name\": \"IntDistribution\", \"attributes\": {\"log\": false, \"step\": 1, \"low\": 50, \"high\": 200}}"}
{"op_code":5,"worker_id":"4018e9d6-801b-4991-bd57-bc75268b5432-139906009941824","trial_id":17,"param_name":"max_depth","param_value_internal":4.0,"distribution":"{\"name\": \"IntDistribution\", \"attributes\": {\"log\": false, \"step\": 1, \"low\": 2, \"high\": 5}}"}
{"op_code":6,"worker_id":"4018e9d6-801b-4991-bd57-bc75268b5432-139906009941824","trial_id":17,"state":1,"values":[0.6290050590219224],"datetime_complete":"2026-04-06T02:28:16.855197"}
{"op_code":4,"worker_id":"4018e9d6-801b-4991-bd57-bc75268b5432-139906009941824","study_id":0,"datetime_start":"2026-04-06T02:28:16.873414"}
{"op_code":5,"worker_id":"4018e9d6-801b-4991-bd57-bc75268b5432-139906009941824","trial_id":18,"param_name":"learning_rate","param_value_internal":0.04591486974267291,"distribution":"{\"name\": \"FloatDistribution\", \"attributes\": {\"step\": null, \"low\": 0.01, \"high\": 0.2, \"log\": true}}"}
{"op_code":5,"worker_id":"4018e9d6-801b-4991-bd57-bc75268b5432-139906009941824","trial_id":18,"param_name":"n_estimators","param_value_internal":158.0,"distribution":"{\"name\": \"IntDistribution\", \"attributes\": {\"log\": false, \"step\": 1, \"low\": 50, \"high\": 200}}"}
{"op_code":5,"worker_id":"4018e9d6-801b-4991-bd57-bc75268b5432-139906009941824","trial_id":18,"param_name":"max_depth","param_value_internal":3.0,"distribution":"{\"name\": \"IntDistribution\", \"attributes\": {\"log\": false, \"step\": 1, \"low\": 2, \"high\": 5}}"}
{"op_code":6,"worker_id":"4018e9d6-801b-4991-bd57-bc75268b5432-139906009941824","trial_id":18,"state":1,"values":[0.6138279932546374],"datetime_complete":"2026-04-06T02:28:46.157817"}
{"op_code":4,"worker_id":"4018e9d6-801b-4991-bd57-bc75268b5432-139906009941824","study_id":0,"datetime_start":"2026-04-06T02:28:46.185945"}
{"op_code":5,"worker_id":"4018e9d6-801b-4991-bd57-bc75268b5432-139906009941824","trial_id":19,"param_name":"learning_rate","param_value_internal":0.13913963147275535,"distribution":"{\"name\": \"FloatDistribution\", \"attributes\": {\"step\": null, \"low\": 0.01, \"high\": 0.2, \"log\": true}}"}
{"op_code":5,"worker_id":"4018e9d6-801b-4991-bd57-bc75268b5432-139906009941824","trial_id":19,"param_name":"n_estimators","param_value_internal":137.0,"distribution":"{\"name\": \"IntDistribution\", \"attributes\": {\"log\": false, \"step\": 1, \"low\": 50, \"high\": 200}}"}
{"op_code":5,"worker_id":"4018e9d6-801b-4991-bd57-bc75268b5432-139906009941824","trial_id":19,"param_name":"max_depth","param_value_internal":5.0,"distribution":"{\"name\": \"IntDistribution\", \"attributes\": {\"log\": false, \"step\": 1, \"low\": 2, \"high\": 5}}"}
{"op_code":6,"worker_id":"4018e9d6-801b-4991-bd57-bc75268b5432-139906009941824","trial_id":19,"state":1,"values":[0.596964586846543],"datetime_complete":"2026-04-06T02:29:26.089171"}
