{"op_code":0,"worker_id":"220f6a3f-e78b-42a7-b8fe-e8062ac9faef-140062064023360","study_name":"deephit_single_tuning","directions":[2]}
{"op_code":4,"worker_id":"220f6a3f-e78b-42a7-b8fe-e8062ac9faef-140062064023360","study_id":0,"datetime_start":"2026-04-14T08:54:16.280967"}
{"op_code":5,"worker_id":"220f6a3f-e78b-42a7-b8fe-e8062ac9faef-140062064023360","trial_id":0,"param_name":"lr","param_value_internal":0.027185790928801627,"distribution":"{\"name\": \"FloatDistribution\", \"attributes\": {\"step\": null, \"low\": 0.0001, \"high\": 0.1, \"log\": true}}"}
{"op_code":5,"worker_id":"220f6a3f-e78b-42a7-b8fe-e8062ac9faef-140062064023360","trial_id":0,"param_name":"dropout","param_value_internal":0.2091770723608884,"distribution":"{\"name\": \"FloatDistribution\", \"attributes\": {\"step\": null, \"low\": 0.0, \"high\": 0.5, \"log\": false}}"}
{"op_code":5,"worker_id":"220f6a3f-e78b-42a7-b8fe-e8062ac9faef-140062064023360","trial_id":0,"param_name":"layers","param_value_internal":2.0,"distribution":"{\"name\": \"IntDistribution\", \"attributes\": {\"log\": false, \"step\": 1, \"low\": 1, \"high\": 3}}"}
{"op_code":5,"worker_id":"220f6a3f-e78b-42a7-b8fe-e8062ac9faef-140062064023360","trial_id":0,"param_name":"nodes","param_value_internal":2,"distribution":"{\"name\": \"CategoricalDistribution\", \"attributes\": {\"choices\": [32, 64, 128]}}"}
{"op_code":5,"worker_id":"220f6a3f-e78b-42a7-b8fe-e8062ac9faef-140062064023360","trial_id":0,"param_name":"alpha","param_value_internal":0.3252128945883621,"distribution":"{\"name\": \"FloatDistribution\", \"attributes\": {\"step\": null, \"low\": 0.0, \"high\": 0.5, \"log\": false}}"}
{"op_code":5,"worker_id":"220f6a3f-e78b-42a7-b8fe-e8062ac9faef-140062064023360","trial_id":0,"param_name":"sigma","param_value_internal":0.012072548015548032,"distribution":"{\"name\": \"FloatDistribution\", \"attributes\": {\"step\": null, \"low\": 0.01, \"high\": 1.0, \"log\": true}}"}
{"op_code":6,"worker_id":"220f6a3f-e78b-42a7-b8fe-e8062ac9faef-140062064023360","trial_id":0,"state":1,"values":[0.3886222443848823],"datetime_complete":"2026-04-14T08:54:17.524845"}
{"op_code":4,"worker_id":"220f6a3f-e78b-42a7-b8fe-e8062ac9faef-140062064023360","study_id":0,"datetime_start":"2026-04-14T08:54:17.539143"}
{"op_code":5,"worker_id":"220f6a3f-e78b-42a7-b8fe-e8062ac9faef-140062064023360","trial_id":1,"param_name":"lr","param_value_internal":0.0002312864938721901,"distribution":"{\"name\": \"FloatDistribution\", \"attributes\": {\"step\": null, \"low\": 0.0001, \"high\": 0.1, \"log\": true}}"}
{"op_code":5,"worker_id":"220f6a3f-e78b-42a7-b8fe-e8062ac9faef-140062064023360","trial_id":1,"param_name":"dropout","param_value_internal":0.03762639212185698,"distribution":"{\"name\": \"FloatDistribution\", \"attributes\": {\"step\": null, \"low\": 0.0, \"high\": 0.5, \"log\": false}}"}
{"op_code":5,"worker_id":"220f6a3f-e78b-42a7-b8fe-e8062ac9faef-140062064023360","trial_id":1,"param_name":"layers","param_value_internal":1.0,"distribution":"{\"name\": \"IntDistribution\", \"attributes\": {\"log\": false, \"step\": 1, \"low\": 1, \"high\": 3}}"}
{"op_code":5,"worker_id":"220f6a3f-e78b-42a7-b8fe-e8062ac9faef-140062064023360","trial_id":1,"param_name":"nodes","param_value_internal":2,"distribution":"{\"name\": \"CategoricalDistribution\", \"attributes\": {\"choices\": [32, 64, 128]}}"}
{"op_code":5,"worker_id":"220f6a3f-e78b-42a7-b8fe-e8062ac9faef-140062064023360","trial_id":1,"param_name":"alpha","param_value_internal":0.41134727764926016,"distribution":"{\"name\": \"FloatDistribution\", \"attributes\": {\"step\": null, \"low\": 0.0, \"high\": 0.5, \"log\": false}}"}
{"op_code":5,"worker_id":"220f6a3f-e78b-42a7-b8fe-e8062ac9faef-140062064023360","trial_id":1,"param_name":"sigma","param_value_internal":0.8234110564371849,"distribution":"{\"name\": \"FloatDistribution\", \"attributes\": {\"step\": null, \"low\": 0.01, \"high\": 1.0, \"log\": true}}"}
{"op_code":6,"worker_id":"220f6a3f-e78b-42a7-b8fe-e8062ac9faef-140062064023360","trial_id":1,"state":1,"values":[0.6691184109372728],"datetime_complete":"2026-04-14T08:54:18.922371"}
{"op_code":4,"worker_id":"220f6a3f-e78b-42a7-b8fe-e8062ac9faef-140062064023360","study_id":0,"datetime_start":"2026-04-14T08:54:18.942259"}
{"op_code":5,"worker_id":"220f6a3f-e78b-42a7-b8fe-e8062ac9faef-140062064023360","trial_id":2,"param_name":"lr","param_value_internal":0.0028443764508161388,"distribution":"{\"name\": \"FloatDistribution\", \"attributes\": {\"step\": null, \"low\": 0.0001, \"high\": 0.1, \"log\": true}}"}
{"op_code":5,"worker_id":"220f6a3f-e78b-42a7-b8fe-e8062ac9faef-140062064023360","trial_id":2,"param_name":"dropout","param_value_internal":0.26351334017373174,"distribution":"{\"name\": \"FloatDistribution\", \"attributes\": {\"step\": null, \"low\": 0.0, \"high\": 0.5, \"log\": false}}"}
{"op_code":5,"worker_id":"220f6a3f-e78b-42a7-b8fe-e8062ac9faef-140062064023360","trial_id":2,"param_name":"layers","param_value_internal":2.0,"distribution":"{\"name\": \"IntDistribution\", \"attributes\": {\"log\": false, \"step\": 1, \"low\": 1, \"high\": 3}}"}
{"op_code":5,"worker_id":"220f6a3f-e78b-42a7-b8fe-e8062ac9faef-140062064023360","trial_id":2,"param_name":"nodes","param_value_internal":0,"distribution":"{\"name\": \"CategoricalDistribution\", \"attributes\": {\"choices\": [32, 64, 128]}}"}
{"op_code":5,"worker_id":"220f6a3f-e78b-42a7-b8fe-e8062ac9faef-140062064023360","trial_id":2,"param_name":"alpha","param_value_internal":0.35032508574314597,"distribution":"{\"name\": \"FloatDistribution\", \"attributes\": {\"step\": null, \"low\": 0.0, \"high\": 0.5, \"log\": false}}"}
{"op_code":5,"worker_id":"220f6a3f-e78b-42a7-b8fe-e8062ac9faef-140062064023360","trial_id":2,"param_name":"sigma","param_value_internal":0.06144755199029521,"distribution":"{\"name\": \"FloatDistribution\", \"attributes\": {\"step\": null, \"low\": 0.01, \"high\": 1.0, \"log\": true}}"}
{"op_code":6,"worker_id":"220f6a3f-e78b-42a7-b8fe-e8062ac9faef-140062064023360","trial_id":2,"state":1,"values":[0.6792162729331588],"datetime_complete":"2026-04-14T08:54:19.963794"}
{"op_code":4,"worker_id":"220f6a3f-e78b-42a7-b8fe-e8062ac9faef-140062064023360","study_id":0,"datetime_start":"2026-04-14T08:54:19.998952"}
{"op_code":5,"worker_id":"220f6a3f-e78b-42a7-b8fe-e8062ac9faef-140062064023360","trial_id":3,"param_name":"lr","param_value_internal":0.0004504957402644757,"distribution":"{\"name\": \"FloatDistribution\", \"attributes\": {\"step\": null, \"low\": 0.0001, \"high\": 0.1, \"log\": true}}"}
{"op_code":5,"worker_id":"220f6a3f-e78b-42a7-b8fe-e8062ac9faef-140062064023360","trial_id":3,"param_name":"dropout","param_value_internal":0.2716206411821446,"distribution":"{\"name\": \"FloatDistribution\", \"attributes\": {\"step\": null, \"low\": 0.0, \"high\": 0.5, \"log\": false}}"}
{"op_code":5,"worker_id":"220f6a3f-e78b-42a7-b8fe-e8062ac9faef-140062064023360","trial_id":3,"param_name":"layers","param_value_internal":2.0,"distribution":"{\"name\": \"IntDistribution\", \"attributes\": {\"log\": false, \"step\": 1, \"low\": 1, \"high\": 3}}"}
{"op_code":5,"worker_id":"220f6a3f-e78b-42a7-b8fe-e8062ac9faef-140062064023360","trial_id":3,"param_name":"nodes","param_value_internal":1,"distribution":"{\"name\": \"CategoricalDistribution\", \"attributes\": {\"choices\": [32, 64, 128]}}"}
{"op_code":5,"worker_id":"220f6a3f-e78b-42a7-b8fe-e8062ac9faef-140062064023360","trial_id":3,"param_name":"alpha","param_value_internal":0.3159497517791226,"distribution":"{\"name\": \"FloatDistribution\", \"attributes\": {\"step\": null, \"low\": 0.0, \"high\": 0.5, \"log\": false}}"}
{"op_code":5,"worker_id":"220f6a3f-e78b-42a7-b8fe-e8062ac9faef-140062064023360","trial_id":3,"param_name":"sigma","param_value_internal":0.017518927505699017,"distribution":"{\"name\": \"FloatDistribution\", \"attributes\": {\"step\": null, \"low\": 0.01, \"high\": 1.0, \"log\": true}}"}
{"op_code":6,"worker_id":"220f6a3f-e78b-42a7-b8fe-e8062ac9faef-140062064023360","trial_id":3,"state":1,"values":[0.5364541129049014],"datetime_complete":"2026-04-14T08:54:20.911895"}
{"op_code":4,"worker_id":"220f6a3f-e78b-42a7-b8fe-e8062ac9faef-140062064023360","study_id":0,"datetime_start":"2026-04-14T08:54:20.934609"}
{"op_code":5,"worker_id":"220f6a3f-e78b-42a7-b8fe-e8062ac9faef-140062064023360","trial_id":4,"param_name":"lr","param_value_internal":0.00023795022313670837,"distribution":"{\"name\": \"FloatDistribution\", \"attributes\": {\"step\": null, \"low\": 0.0001, \"high\": 0.1, \"log\": true}}"}
{"op_code":5,"worker_id":"220f6a3f-e78b-42a7-b8fe-e8062ac9faef-140062064023360","trial_id":4,"param_name":"dropout","param_value_internal":0.32847526223297796,"distribution":"{\"name\": \"FloatDistribution\", \"attributes\": {\"step\": null, \"low\": 0.0, \"high\": 0.5, \"log\": false}}"}
{"op_code":5,"worker_id":"220f6a3f-e78b-42a7-b8fe-e8062ac9faef-140062064023360","trial_id":4,"param_name":"layers","param_value_internal":2.0,"distribution":"{\"name\": \"IntDistribution\", \"attributes\": {\"log\": false, \"step\": 1, \"low\": 1, \"high\": 3}}"}
{"op_code":5,"worker_id":"220f6a3f-e78b-42a7-b8fe-e8062ac9faef-140062064023360","trial_id":4,"param_name":"nodes","param_value_internal":0,"distribution":"{\"name\": \"CategoricalDistribution\", \"attributes\": {\"choices\": [32, 64, 128]}}"}
{"op_code":5,"worker_id":"220f6a3f-e78b-42a7-b8fe-e8062ac9faef-140062064023360","trial_id":4,"param_name":"alpha","param_value_internal":0.4196998012556783,"distribution":"{\"name\": \"FloatDistribution\", \"attributes\": {\"step\": null, \"low\": 0.0, \"high\": 0.5, \"log\": false}}"}
{"op_code":5,"worker_id":"220f6a3f-e78b-42a7-b8fe-e8062ac9faef-140062064023360","trial_id":4,"param_name":"sigma","param_value_internal":0.10944878316605104,"distribution":"{\"name\": \"FloatDistribution\", \"attributes\": {\"step\": null, \"low\": 0.01, \"high\": 1.0, \"log\": true}}"}
{"op_code":6,"worker_id":"220f6a3f-e78b-42a7-b8fe-e8062ac9faef-140062064023360","trial_id":4,"state":1,"values":[0.6041160215254836],"datetime_complete":"2026-04-14T08:54:22.196775"}
{"op_code":4,"worker_id":"220f6a3f-e78b-42a7-b8fe-e8062ac9faef-140062064023360","study_id":0,"datetime_start":"2026-04-14T08:54:22.219530"}
{"op_code":5,"worker_id":"220f6a3f-e78b-42a7-b8fe-e8062ac9faef-140062064023360","trial_id":5,"param_name":"lr","param_value_internal":0.007575165552638026,"distribution":"{\"name\": \"FloatDistribution\", \"attributes\": {\"step\": null, \"low\": 0.0001, \"high\": 0.1, \"log\": true}}"}
{"op_code":5,"worker_id":"220f6a3f-e78b-42a7-b8fe-e8062ac9faef-140062064023360","trial_id":5,"param_name":"dropout","param_value_internal":0.08225988507272719,"distribution":"{\"name\": \"FloatDistribution\", \"attributes\": {\"step\": null, \"low\": 0.0, \"high\": 0.5, \"log\": false}}"}
{"op_code":5,"worker_id":"220f6a3f-e78b-42a7-b8fe-e8062ac9faef-140062064023360","trial_id":5,"param_name":"layers","param_value_internal":1.0,"distribution":"{\"name\": \"IntDistribution\", \"attributes\": {\"log\": false, \"step\": 1, \"low\": 1, \"high\": 3}}"}
{"op_code":5,"worker_id":"220f6a3f-e78b-42a7-b8fe-e8062ac9faef-140062064023360","trial_id":5,"param_name":"nodes","param_value_internal":2,"distribution":"{\"name\": \"CategoricalDistribution\", \"attributes\": {\"choices\": [32, 64, 128]}}"}
{"op_code":5,"worker_id":"220f6a3f-e78b-42a7-b8fe-e8062ac9faef-140062064023360","trial_id":5,"param_name":"alpha","param_value_internal":0.033856577074054484,"distribution":"{\"name\": \"FloatDistribution\", \"attributes\": {\"step\": null, \"low\": 0.0, \"high\": 0.5, \"log\": false}}"}
{"op_code":5,"worker_id":"220f6a3f-e78b-42a7-b8fe-e8062ac9faef-140062064023360","trial_id":5,"param_name":"sigma","param_value_internal":0.10066601853667465,"distribution":"{\"name\": \"FloatDistribution\", \"attributes\": {\"step\": null, \"low\": 0.01, \"high\": 1.0, \"log\": true}}"}
{"op_code":6,"worker_id":"220f6a3f-e78b-42a7-b8fe-e8062ac9faef-140062064023360","trial_id":5,"state":1,"values":[0.6313449271748842],"datetime_complete":"2026-04-14T08:54:23.340941"}
{"op_code":4,"worker_id":"220f6a3f-e78b-42a7-b8fe-e8062ac9faef-140062064023360","study_id":0,"datetime_start":"2026-04-14T08:54:23.357646"}
{"op_code":5,"worker_id":"220f6a3f-e78b-42a7-b8fe-e8062ac9faef-140062064023360","trial_id":6,"param_name":"lr","param_value_internal":0.01977427111632557,"distribution":"{\"name\": \"FloatDistribution\", \"attributes\": {\"step\": null, \"low\": 0.0001, \"high\": 0.1, \"log\": true}}"}
{"op_code":5,"worker_id":"220f6a3f-e78b-42a7-b8fe-e8062ac9faef-140062064023360","trial_id":6,"param_name":"dropout","param_value_internal":0.25074559992812506,"distribution":"{\"name\": \"FloatDistribution\", \"attributes\": {\"step\": null, \"low\": 0.0, \"high\": 0.5, \"log\": false}}"}
{"op_code":5,"worker_id":"220f6a3f-e78b-42a7-b8fe-e8062ac9faef-140062064023360","trial_id":6,"param_name":"layers","param_value_internal":3.0,"distribution":"{\"name\": \"IntDistribution\", \"attributes\": {\"log\": false, \"step\": 1, \"low\": 1, \"high\": 3}}"}
{"op_code":5,"worker_id":"220f6a3f-e78b-42a7-b8fe-e8062ac9faef-140062064023360","trial_id":6,"param_name":"nodes","param_value_internal":1,"distribution":"{\"name\": \"CategoricalDistribution\", \"attributes\": {\"choices\": [32, 64, 128]}}"}
{"op_code":5,"worker_id":"220f6a3f-e78b-42a7-b8fe-e8062ac9faef-140062064023360","trial_id":6,"param_name":"alpha","param_value_internal":0.32807223214125064,"distribution":"{\"name\": \"FloatDistribution\", \"attributes\": {\"step\": null, \"low\": 0.0, \"high\": 0.5, \"log\": false}}"}
{"op_code":5,"worker_id":"220f6a3f-e78b-42a7-b8fe-e8062ac9faef-140062064023360","trial_id":6,"param_name":"sigma","param_value_internal":0.1371017635204601,"distribution":"{\"name\": \"FloatDistribution\", \"attributes\": {\"step\": null, \"low\": 0.01, \"high\": 1.0, \"log\": true}}"}
{"op_code":6,"worker_id":"220f6a3f-e78b-42a7-b8fe-e8062ac9faef-140062064023360","trial_id":6,"state":1,"values":[0.6990795570238317],"datetime_complete":"2026-04-14T08:54:24.646117"}
{"op_code":4,"worker_id":"220f6a3f-e78b-42a7-b8fe-e8062ac9faef-140062064023360","study_id":0,"datetime_start":"2026-04-14T08:54:24.660055"}
{"op_code":5,"worker_id":"220f6a3f-e78b-42a7-b8fe-e8062ac9faef-140062064023360","trial_id":7,"param_name":"lr","param_value_internal":0.01622635512472022,"distribution":"{\"name\": \"FloatDistribution\", \"attributes\": {\"step\": null, \"low\": 0.0001, \"high\": 0.1, \"log\": true}}"}
{"op_code":5,"worker_id":"220f6a3f-e78b-42a7-b8fe-e8062ac9faef-140062064023360","trial_id":7,"param_name":"dropout","param_value_internal":0.09263192158639788,"distribution":"{\"name\": \"FloatDistribution\", \"attributes\": {\"step\": null, \"low\": 0.0, \"high\": 0.5, \"log\": false}}"}
{"op_code":5,"worker_id":"220f6a3f-e78b-42a7-b8fe-e8062ac9faef-140062064023360","trial_id":7,"param_name":"layers","param_value_internal":1.0,"distribution":"{\"name\": \"IntDistribution\", \"attributes\": {\"log\": false, \"step\": 1, \"low\": 1, \"high\": 3}}"}
{"op_code":5,"worker_id":"220f6a3f-e78b-42a7-b8fe-e8062ac9faef-140062064023360","trial_id":7,"param_name":"nodes","param_value_internal":1,"distribution":"{\"name\": \"CategoricalDistribution\", \"attributes\": {\"choices\": [32, 64, 128]}}"}
{"op_code":5,"worker_id":"220f6a3f-e78b-42a7-b8fe-e8062ac9faef-140062064023360","trial_id":7,"param_name":"alpha","param_value_internal":0.29430055407105415,"distribution":"{\"name\": \"FloatDistribution\", \"attributes\": {\"step\": null, \"low\": 0.0, \"high\": 0.5, \"log\": false}}"}
{"op_code":5,"worker_id":"220f6a3f-e78b-42a7-b8fe-e8062ac9faef-140062064023360","trial_id":7,"param_name":"sigma","param_value_internal":0.011959933631890298,"distribution":"{\"name\": \"FloatDistribution\", \"attributes\": {\"step\": null, \"low\": 0.01, \"high\": 1.0, \"log\": true}}"}
{"op_code":6,"worker_id":"220f6a3f-e78b-42a7-b8fe-e8062ac9faef-140062064023360","trial_id":7,"state":1,"values":[0.5061605269172432],"datetime_complete":"2026-04-14T08:54:25.782917"}
{"op_code":4,"worker_id":"220f6a3f-e78b-42a7-b8fe-e8062ac9faef-140062064023360","study_id":0,"datetime_start":"2026-04-14T08:54:25.800175"}
{"op_code":5,"worker_id":"220f6a3f-e78b-42a7-b8fe-e8062ac9faef-140062064023360","trial_id":8,"param_name":"lr","param_value_internal":0.03609928897636551,"distribution":"{\"name\": \"FloatDistribution\", \"attributes\": {\"step\": null, \"low\": 0.0001, \"high\": 0.1, \"log\": true}}"}
{"op_code":5,"worker_id":"220f6a3f-e78b-42a7-b8fe-e8062ac9faef-140062064023360","trial_id":8,"param_name":"dropout","param_value_internal":0.0999617846324613,"distribution":"{\"name\": \"FloatDistribution\", \"attributes\": {\"step\": null, \"low\": 0.0, \"high\": 0.5, \"log\": false}}"}
{"op_code":5,"worker_id":"220f6a3f-e78b-42a7-b8fe-e8062ac9faef-140062064023360","trial_id":8,"param_name":"layers","param_value_internal":2.0,"distribution":"{\"name\": \"IntDistribution\", \"attributes\": {\"log\": false, \"step\": 1, \"low\": 1, \"high\": 3}}"}
{"op_code":5,"worker_id":"220f6a3f-e78b-42a7-b8fe-e8062ac9faef-140062064023360","trial_id":8,"param_name":"nodes","param_value_internal":1,"distribution":"{\"name\": \"CategoricalDistribution\", \"attributes\": {\"choices\": [32, 64, 128]}}"}
{"op_code":5,"worker_id":"220f6a3f-e78b-42a7-b8fe-e8062ac9faef-140062064023360","trial_id":8,"param_name":"alpha","param_value_internal":0.046068994164641,"distribution":"{\"name\": \"FloatDistribution\", \"attributes\": {\"step\": null, \"low\": 0.0, \"high\": 0.5, \"log\": false}}"}
{"op_code":5,"worker_id":"220f6a3f-e78b-42a7-b8fe-e8062ac9faef-140062064023360","trial_id":8,"param_name":"sigma","param_value_internal":0.02774085610013435,"distribution":"{\"name\": \"FloatDistribution\", \"attributes\": {\"step\": null, \"low\": 0.01, \"high\": 1.0, \"log\": true}}"}
{"op_code":6,"worker_id":"220f6a3f-e78b-42a7-b8fe-e8062ac9faef-140062064023360","trial_id":8,"state":1,"values":[0.41625631116374745],"datetime_complete":"2026-04-14T08:54:27.019331"}
{"op_code":4,"worker_id":"220f6a3f-e78b-42a7-b8fe-e8062ac9faef-140062064023360","study_id":0,"datetime_start":"2026-04-14T08:54:27.041657"}
{"op_code":5,"worker_id":"220f6a3f-e78b-42a7-b8fe-e8062ac9faef-140062064023360","trial_id":9,"param_name":"lr","param_value_internal":0.042570291640592915,"distribution":"{\"name\": \"FloatDistribution\", \"attributes\": {\"step\": null, \"low\": 0.0001, \"high\": 0.1, \"log\": true}}"}
{"op_code":5,"worker_id":"220f6a3f-e78b-42a7-b8fe-e8062ac9faef-140062064023360","trial_id":9,"param_name":"dropout","param_value_internal":0.4854473250658636,"distribution":"{\"name\": \"FloatDistribution\", \"attributes\": {\"step\": null, \"low\": 0.0, \"high\": 0.5, \"log\": false}}"}
{"op_code":5,"worker_id":"220f6a3f-e78b-42a7-b8fe-e8062ac9faef-140062064023360","trial_id":9,"param_name":"layers","param_value_internal":3.0,"distribution":"{\"name\": \"IntDistribution\", \"attributes\": {\"log\": false, \"step\": 1, \"low\": 1, \"high\": 3}}"}
{"op_code":5,"worker_id":"220f6a3f-e78b-42a7-b8fe-e8062ac9faef-140062064023360","trial_id":9,"param_name":"nodes","param_value_internal":2,"distribution":"{\"name\": \"CategoricalDistribution\", \"attributes\": {\"choices\": [32, 64, 128]}}"}
{"op_code":5,"worker_id":"220f6a3f-e78b-42a7-b8fe-e8062ac9faef-140062064023360","trial_id":9,"param_name":"alpha","param_value_internal":0.20112442431002409,"distribution":"{\"name\": \"FloatDistribution\", \"attributes\": {\"step\": null, \"low\": 0.0, \"high\": 0.5, \"log\": false}}"}
{"op_code":5,"worker_id":"220f6a3f-e78b-42a7-b8fe-e8062ac9faef-140062064023360","trial_id":9,"param_name":"sigma","param_value_internal":0.02024981880432858,"distribution":"{\"name\": \"FloatDistribution\", \"attributes\": {\"step\": null, \"low\": 0.01, \"high\": 1.0, \"log\": true}}"}
{"op_code":6,"worker_id":"220f6a3f-e78b-42a7-b8fe-e8062ac9faef-140062064023360","trial_id":9,"state":1,"values":[0.5002285524320057],"datetime_complete":"2026-04-14T08:54:28.322753"}
{"op_code":4,"worker_id":"220f6a3f-e78b-42a7-b8fe-e8062ac9faef-140062064023360","study_id":0,"datetime_start":"2026-04-14T08:54:28.341949"}
{"op_code":5,"worker_id":"220f6a3f-e78b-42a7-b8fe-e8062ac9faef-140062064023360","trial_id":10,"param_name":"lr","param_value_internal":0.0024068473196869086,"distribution":"{\"name\": \"FloatDistribution\", \"attributes\": {\"step\": null, \"low\": 0.0001, \"high\": 0.1, \"log\": true}}"}
{"op_code":5,"worker_id":"220f6a3f-e78b-42a7-b8fe-e8062ac9faef-140062064023360","trial_id":10,"param_name":"dropout","param_value_internal":0.3998957630211398,"distribution":"{\"name\": \"FloatDistribution\", \"attributes\": {\"step\": null, \"low\": 0.0, \"high\": 0.5, \"log\": false}}"}
{"op_code":5,"worker_id":"220f6a3f-e78b-42a7-b8fe-e8062ac9faef-140062064023360","trial_id":10,"param_name":"layers","param_value_internal":3.0,"distribution":"{\"name\": \"IntDistribution\", \"attributes\": {\"log\": false, \"step\": 1, \"low\": 1, \"high\": 3}}"}
{"op_code":5,"worker_id":"220f6a3f-e78b-42a7-b8fe-e8062ac9faef-140062064023360","trial_id":10,"param_name":"nodes","param_value_internal":1,"distribution":"{\"name\": \"CategoricalDistribution\", \"attributes\": {\"choices\": [32, 64, 128]}}"}
{"op_code":5,"worker_id":"220f6a3f-e78b-42a7-b8fe-e8062ac9faef-140062064023360","trial_id":10,"param_name":"alpha","param_value_internal":0.4966874217666587,"distribution":"{\"name\": \"FloatDistribution\", \"attributes\": {\"step\": null, \"low\": 0.0, \"high\": 0.5, \"log\": false}}"}
{"op_code":5,"worker_id":"220f6a3f-e78b-42a7-b8fe-e8062ac9faef-140062064023360","trial_id":10,"param_name":"sigma","param_value_internal":0.38966772251544746,"distribution":"{\"name\": \"FloatDistribution\", \"attributes\": {\"step\": null, \"low\": 0.01, \"high\": 1.0, \"log\": true}}"}
{"op_code":6,"worker_id":"220f6a3f-e78b-42a7-b8fe-e8062ac9faef-140062064023360","trial_id":10,"state":1,"values":[0.6935942986556961],"datetime_complete":"2026-04-14T08:54:29.612288"}
{"op_code":4,"worker_id":"220f6a3f-e78b-42a7-b8fe-e8062ac9faef-140062064023360","study_id":0,"datetime_start":"2026-04-14T08:54:29.631370"}
{"op_code":5,"worker_id":"220f6a3f-e78b-42a7-b8fe-e8062ac9faef-140062064023360","trial_id":11,"param_name":"lr","param_value_internal":0.001570188927803497,"distribution":"{\"name\": \"FloatDistribution\", \"attributes\": {\"step\": null, \"low\": 0.0001, \"high\": 0.1, \"log\": true}}"}
{"op_code":5,"worker_id":"220f6a3f-e78b-42a7-b8fe-e8062ac9faef-140062064023360","trial_id":11,"param_name":"dropout","param_value_internal":0.4482897929514418,"distribution":"{\"name\": \"FloatDistribution\", \"attributes\": {\"step\": null, \"low\": 0.0, \"high\": 0.5, \"log\": false}}"}
{"op_code":5,"worker_id":"220f6a3f-e78b-42a7-b8fe-e8062ac9faef-140062064023360","trial_id":11,"param_name":"layers","param_value_internal":3.0,"distribution":"{\"name\": \"IntDistribution\", \"attributes\": {\"log\": false, \"step\": 1, \"low\": 1, \"high\": 3}}"}
{"op_code":5,"worker_id":"220f6a3f-e78b-42a7-b8fe-e8062ac9faef-140062064023360","trial_id":11,"param_name":"nodes","param_value_internal":1,"distribution":"{\"name\": \"CategoricalDistribution\", \"attributes\": {\"choices\": [32, 64, 128]}}"}
{"op_code":5,"worker_id":"220f6a3f-e78b-42a7-b8fe-e8062ac9faef-140062064023360","trial_id":11,"param_name":"alpha","param_value_internal":0.47962410704961034,"distribution":"{\"name\": \"FloatDistribution\", \"attributes\": {\"step\": null, \"low\": 0.0, \"high\": 0.5, \"log\": false}}"}
{"op_code":5,"worker_id":"220f6a3f-e78b-42a7-b8fe-e8062ac9faef-140062064023360","trial_id":11,"param_name":"sigma","param_value_internal":0.3842808328306309,"distribution":"{\"name\": \"FloatDistribution\", \"attributes\": {\"step\": null, \"low\": 0.01, \"high\": 1.0, \"log\": true}}"}
{"op_code":6,"worker_id":"220f6a3f-e78b-42a7-b8fe-e8062ac9faef-140062064023360","trial_id":11,"state":1,"values":[0.6943007334455318],"datetime_complete":"2026-04-14T08:54:30.885980"}
{"op_code":4,"worker_id":"220f6a3f-e78b-42a7-b8fe-e8062ac9faef-140062064023360","study_id":0,"datetime_start":"2026-04-14T08:54:30.899858"}
{"op_code":5,"worker_id":"220f6a3f-e78b-42a7-b8fe-e8062ac9faef-140062064023360","trial_id":12,"param_name":"lr","param_value_internal":0.0013811946456066622,"distribution":"{\"name\": \"FloatDistribution\", \"attributes\": {\"step\": null, \"low\": 0.0001, \"high\": 0.1, \"log\": true}}"}
{"op_code":5,"worker_id":"220f6a3f-e78b-42a7-b8fe-e8062ac9faef-140062064023360","trial_id":12,"param_name":"dropout","param_value_internal":0.48981346011816435,"distribution":"{\"name\": \"FloatDistribution\", \"attributes\": {\"step\": null, \"low\": 0.0, \"high\": 0.5, \"log\": false}}"}
{"op_code":5,"worker_id":"220f6a3f-e78b-42a7-b8fe-e8062ac9faef-140062064023360","trial_id":12,"param_name":"layers","param_value_internal":3.0,"distribution":"{\"name\": \"IntDistribution\", \"attributes\": {\"log\": false, \"step\": 1, \"low\": 1, \"high\": 3}}"}
{"op_code":5,"worker_id":"220f6a3f-e78b-42a7-b8fe-e8062ac9faef-140062064023360","trial_id":12,"param_name":"nodes","param_value_internal":1,"distribution":"{\"name\": \"CategoricalDistribution\", \"attributes\": {\"choices\": [32, 64, 128]}}"}
{"op_code":5,"worker_id":"220f6a3f-e78b-42a7-b8fe-e8062ac9faef-140062064023360","trial_id":12,"param_name":"alpha","param_value_internal":0.1984766985021929,"distribution":"{\"name\": \"FloatDistribution\", \"attributes\": {\"step\": null, \"low\": 0.0, \"high\": 0.5, \"log\": false}}"}
{"op_code":5,"worker_id":"220f6a3f-e78b-42a7-b8fe-e8062ac9faef-140062064023360","trial_id":12,"param_name":"sigma","param_value_internal":0.2479486758086222,"distribution":"{\"name\": \"FloatDistribution\", \"attributes\": {\"step\": null, \"low\": 0.01, \"high\": 1.0, \"log\": true}}"}
{"op_code":6,"worker_id":"220f6a3f-e78b-42a7-b8fe-e8062ac9faef-140062064023360","trial_id":12,"state":1,"values":[0.6898751272621496],"datetime_complete":"2026-04-14T08:54:32.227425"}
{"op_code":4,"worker_id":"220f6a3f-e78b-42a7-b8fe-e8062ac9faef-140062064023360","study_id":0,"datetime_start":"2026-04-14T08:54:32.251604"}
{"op_code":5,"worker_id":"220f6a3f-e78b-42a7-b8fe-e8062ac9faef-140062064023360","trial_id":13,"param_name":"lr","param_value_internal":0.00837404296831332,"distribution":"{\"name\": \"FloatDistribution\", \"attributes\": {\"step\": null, \"low\": 0.0001, \"high\": 0.1, \"log\": true}}"}
{"op_code":5,"worker_id":"220f6a3f-e78b-42a7-b8fe-e8062ac9faef-140062064023360","trial_id":13,"param_name":"dropout","param_value_internal":0.37641964233045,"distribution":"{\"name\": \"FloatDistribution\", \"attributes\": {\"step\": null, \"low\": 0.0, \"high\": 0.5, \"log\": false}}"}
{"op_code":5,"worker_id":"220f6a3f-e78b-42a7-b8fe-e8062ac9faef-140062064023360","trial_id":13,"param_name":"layers","param_value_internal":3.0,"distribution":"{\"name\": \"IntDistribution\", \"attributes\": {\"log\": false, \"step\": 1, \"low\": 1, \"high\": 3}}"}
{"op_code":5,"worker_id":"220f6a3f-e78b-42a7-b8fe-e8062ac9faef-140062064023360","trial_id":13,"param_name":"nodes","param_value_internal":1,"distribution":"{\"name\": \"CategoricalDistribution\", \"attributes\": {\"choices\": [32, 64, 128]}}"}
{"op_code":5,"worker_id":"220f6a3f-e78b-42a7-b8fe-e8062ac9faef-140062064023360","trial_id":13,"param_name":"alpha","param_value_internal":0.4765292008932414,"distribution":"{\"name\": \"FloatDistribution\", \"attributes\": {\"step\": null, \"low\": 0.0, \"high\": 0.5, \"log\": false}}"}
{"op_code":5,"worker_id":"220f6a3f-e78b-42a7-b8fe-e8062ac9faef-140062064023360","trial_id":13,"param_name":"sigma","param_value_internal":0.23542696280171826,"distribution":"{\"name\": \"FloatDistribution\", \"attributes\": {\"step\": null, \"low\": 0.01, \"high\": 1.0, \"log\": true}}"}
{"op_code":6,"worker_id":"220f6a3f-e78b-42a7-b8fe-e8062ac9faef-140062064023360","trial_id":13,"state":1,"values":[0.6801720376488188],"datetime_complete":"2026-04-14T08:54:33.553305"}
{"op_code":4,"worker_id":"220f6a3f-e78b-42a7-b8fe-e8062ac9faef-140062064023360","study_id":0,"datetime_start":"2026-04-14T08:54:33.569830"}
{"op_code":5,"worker_id":"220f6a3f-e78b-42a7-b8fe-e8062ac9faef-140062064023360","trial_id":14,"param_name":"lr","param_value_internal":0.000791469473654005,"distribution":"{\"name\": \"FloatDistribution\", \"attributes\": {\"step\": null, \"low\": 0.0001, \"high\": 0.1, \"log\": true}}"}
{"op_code":5,"worker_id":"220f6a3f-e78b-42a7-b8fe-e8062ac9faef-140062064023360","trial_id":14,"param_name":"dropout","param_value_internal":0.1680103435619409,"distribution":"{\"name\": \"FloatDistribution\", \"attributes\": {\"step\": null, \"low\": 0.0, \"high\": 0.5, \"log\": false}}"}
{"op_code":5,"worker_id":"220f6a3f-e78b-42a7-b8fe-e8062ac9faef-140062064023360","trial_id":14,"param_name":"layers","param_value_internal":3.0,"distribution":"{\"name\": \"IntDistribution\", \"attributes\": {\"log\": false, \"step\": 1, \"low\": 1, \"high\": 3}}"}
{"op_code":5,"worker_id":"220f6a3f-e78b-42a7-b8fe-e8062ac9faef-140062064023360","trial_id":14,"param_name":"nodes","param_value_internal":1,"distribution":"{\"name\": \"CategoricalDistribution\", \"attributes\": {\"choices\": [32, 64, 128]}}"}
{"op_code":5,"worker_id":"220f6a3f-e78b-42a7-b8fe-e8062ac9faef-140062064023360","trial_id":14,"param_name":"alpha","param_value_internal":0.21667920109841304,"distribution":"{\"name\": \"FloatDistribution\", \"attributes\": {\"step\": null, \"low\": 0.0, \"high\": 0.5, \"log\": false}}"}
{"op_code":5,"worker_id":"220f6a3f-e78b-42a7-b8fe-e8062ac9faef-140062064023360","trial_id":14,"param_name":"sigma","param_value_internal":0.9672253538020206,"distribution":"{\"name\": \"FloatDistribution\", \"attributes\": {\"step\": null, \"low\": 0.01, \"high\": 1.0, \"log\": true}}"}
{"op_code":6,"worker_id":"220f6a3f-e78b-42a7-b8fe-e8062ac9faef-140062064023360","trial_id":14,"state":1,"values":[0.7049803652683413],"datetime_complete":"2026-04-14T08:54:34.851118"}
{"op_code":4,"worker_id":"220f6a3f-e78b-42a7-b8fe-e8062ac9faef-140062064023360","study_id":0,"datetime_start":"2026-04-14T08:54:34.872582"}
{"op_code":5,"worker_id":"220f6a3f-e78b-42a7-b8fe-e8062ac9faef-140062064023360","trial_id":15,"param_name":"lr","param_value_internal":0.083254859591325,"distribution":"{\"name\": \"FloatDistribution\", \"attributes\": {\"step\": null, \"low\": 0.0001, \"high\": 0.1, \"log\": true}}"}
{"op_code":5,"worker_id":"220f6a3f-e78b-42a7-b8fe-e8062ac9faef-140062064023360","trial_id":15,"param_name":"dropout","param_value_internal":0.19062066384503767,"distribution":"{\"name\": \"FloatDistribution\", \"attributes\": {\"step\": null, \"low\": 0.0, \"high\": 0.5, \"log\": false}}"}
{"op_code":5,"worker_id":"220f6a3f-e78b-42a7-b8fe-e8062ac9faef-140062064023360","trial_id":15,"param_name":"layers","param_value_internal":3.0,"distribution":"{\"name\": \"IntDistribution\", \"attributes\": {\"log\": false, \"step\": 1, \"low\": 1, \"high\": 3}}"}
{"op_code":5,"worker_id":"220f6a3f-e78b-42a7-b8fe-e8062ac9faef-140062064023360","trial_id":15,"param_name":"nodes","param_value_internal":1,"distribution":"{\"name\": \"CategoricalDistribution\", \"attributes\": {\"choices\": [32, 64, 128]}}"}
{"op_code":5,"worker_id":"220f6a3f-e78b-42a7-b8fe-e8062ac9faef-140062064023360","trial_id":15,"param_name":"alpha","param_value_internal":0.1281389453690734,"distribution":"{\"name\": \"FloatDistribution\", \"attributes\": {\"step\": null, \"low\": 0.0, \"high\": 0.5, \"log\": false}}"}
{"op_code":5,"worker_id":"220f6a3f-e78b-42a7-b8fe-e8062ac9faef-140062064023360","trial_id":15,"param_name":"sigma","param_value_internal":0.9382373073526139,"distribution":"{\"name\": \"FloatDistribution\", \"attributes\": {\"step\": null, \"low\": 0.01, \"high\": 1.0, \"log\": true}}"}
{"op_code":6,"worker_id":"220f6a3f-e78b-42a7-b8fe-e8062ac9faef-140062064023360","trial_id":15,"state":1,"values":[0.6877558228926427],"datetime_complete":"2026-04-14T08:54:36.162026"}
{"op_code":4,"worker_id":"220f6a3f-e78b-42a7-b8fe-e8062ac9faef-140062064023360","study_id":0,"datetime_start":"2026-04-14T08:54:36.180118"}
{"op_code":5,"worker_id":"220f6a3f-e78b-42a7-b8fe-e8062ac9faef-140062064023360","trial_id":16,"param_name":"lr","param_value_internal":0.0006564157814825615,"distribution":"{\"name\": \"FloatDistribution\", \"attributes\": {\"step\": null, \"low\": 0.0001, \"high\": 0.1, \"log\": true}}"}
{"op_code":5,"worker_id":"220f6a3f-e78b-42a7-b8fe-e8062ac9faef-140062064023360","trial_id":16,"param_name":"dropout","param_value_internal":0.1612788955322203,"distribution":"{\"name\": \"FloatDistribution\", \"attributes\": {\"step\": null, \"low\": 0.0, \"high\": 0.5, \"log\": false}}"}
{"op_code":5,"worker_id":"220f6a3f-e78b-42a7-b8fe-e8062ac9faef-140062064023360","trial_id":16,"param_name":"layers","param_value_internal":3.0,"distribution":"{\"name\": \"IntDistribution\", \"attributes\": {\"log\": false, \"step\": 1, \"low\": 1, \"high\": 3}}"}
{"op_code":5,"worker_id":"220f6a3f-e78b-42a7-b8fe-e8062ac9faef-140062064023360","trial_id":16,"param_name":"nodes","param_value_internal":0,"distribution":"{\"name\": \"CategoricalDistribution\", \"attributes\": {\"choices\": [32, 64, 128]}}"}
{"op_code":5,"worker_id":"220f6a3f-e78b-42a7-b8fe-e8062ac9faef-140062064023360","trial_id":16,"param_name":"alpha","param_value_internal":0.23077227726101468,"distribution":"{\"name\": \"FloatDistribution\", \"attributes\": {\"step\": null, \"low\": 0.0, \"high\": 0.5, \"log\": false}}"}
{"op_code":5,"worker_id":"220f6a3f-e78b-42a7-b8fe-e8062ac9faef-140062064023360","trial_id":16,"param_name":"sigma","param_value_internal":0.05299928354244297,"distribution":"{\"name\": \"FloatDistribution\", \"attributes\": {\"step\": null, \"low\": 0.01, \"high\": 1.0, \"log\": true}}"}
{"op_code":6,"worker_id":"220f6a3f-e78b-42a7-b8fe-e8062ac9faef-140062064023360","trial_id":16,"state":1,"values":[0.49936628643852976],"datetime_complete":"2026-04-14T08:54:37.461725"}
{"op_code":4,"worker_id":"220f6a3f-e78b-42a7-b8fe-e8062ac9faef-140062064023360","study_id":0,"datetime_start":"2026-04-14T08:54:37.482786"}
{"op_code":5,"worker_id":"220f6a3f-e78b-42a7-b8fe-e8062ac9faef-140062064023360","trial_id":17,"param_name":"lr","param_value_internal":0.006010008573083446,"distribution":"{\"name\": \"FloatDistribution\", \"attributes\": {\"step\": null, \"low\": 0.0001, \"high\": 0.1, \"log\": true}}"}
{"op_code":5,"worker_id":"220f6a3f-e78b-42a7-b8fe-e8062ac9faef-140062064023360","trial_id":17,"param_name":"dropout","param_value_internal":0.3082862062430534,"distribution":"{\"name\": \"FloatDistribution\", \"attributes\": {\"step\": null, \"low\": 0.0, \"high\": 0.5, \"log\": false}}"}
{"op_code":5,"worker_id":"220f6a3f-e78b-42a7-b8fe-e8062ac9faef-140062064023360","trial_id":17,"param_name":"layers","param_value_internal":3.0,"distribution":"{\"name\": \"IntDistribution\", \"attributes\": {\"log\": false, \"step\": 1, \"low\": 1, \"high\": 3}}"}
{"op_code":5,"worker_id":"220f6a3f-e78b-42a7-b8fe-e8062ac9faef-140062064023360","trial_id":17,"param_name":"nodes","param_value_internal":1,"distribution":"{\"name\": \"CategoricalDistribution\", \"attributes\": {\"choices\": [32, 64, 128]}}"}
{"op_code":5,"worker_id":"220f6a3f-e78b-42a7-b8fe-e8062ac9faef-140062064023360","trial_id":17,"param_name":"alpha","param_value_internal":0.13824415050522454,"distribution":"{\"name\": \"FloatDistribution\", \"attributes\": {\"step\": null, \"low\": 0.0, \"high\": 0.5, \"log\": false}}"}
{"op_code":5,"worker_id":"220f6a3f-e78b-42a7-b8fe-e8062ac9faef-140062064023360","trial_id":17,"param_name":"sigma","param_value_internal":0.17668115802625337,"distribution":"{\"name\": \"FloatDistribution\", \"attributes\": {\"step\": null, \"low\": 0.01, \"high\": 1.0, \"log\": true}}"}
{"op_code":6,"worker_id":"220f6a3f-e78b-42a7-b8fe-e8062ac9faef-140062064023360","trial_id":17,"state":1,"values":[0.6831016642772548],"datetime_complete":"2026-04-14T08:54:38.767298"}
{"op_code":4,"worker_id":"220f6a3f-e78b-42a7-b8fe-e8062ac9faef-140062064023360","study_id":0,"datetime_start":"2026-04-14T08:54:38.787391"}
{"op_code":5,"worker_id":"220f6a3f-e78b-42a7-b8fe-e8062ac9faef-140062064023360","trial_id":18,"param_name":"lr","param_value_internal":0.00011354896050603382,"distribution":"{\"name\": \"FloatDistribution\", \"attributes\": {\"step\": null, \"low\": 0.0001, \"high\": 0.1, \"log\": true}}"}
{"op_code":5,"worker_id":"220f6a3f-e78b-42a7-b8fe-e8062ac9faef-140062064023360","trial_id":18,"param_name":"dropout","param_value_internal":0.15479932456615728,"distribution":"{\"name\": \"FloatDistribution\", \"attributes\": {\"step\": null, \"low\": 0.0, \"high\": 0.5, \"log\": false}}"}
{"op_code":5,"worker_id":"220f6a3f-e78b-42a7-b8fe-e8062ac9faef-140062064023360","trial_id":18,"param_name":"layers","param_value_internal":3.0,"distribution":"{\"name\": \"IntDistribution\", \"attributes\": {\"log\": false, \"step\": 1, \"low\": 1, \"high\": 3}}"}
{"op_code":5,"worker_id":"220f6a3f-e78b-42a7-b8fe-e8062ac9faef-140062064023360","trial_id":18,"param_name":"nodes","param_value_internal":1,"distribution":"{\"name\": \"CategoricalDistribution\", \"attributes\": {\"choices\": [32, 64, 128]}}"}
{"op_code":5,"worker_id":"220f6a3f-e78b-42a7-b8fe-e8062ac9faef-140062064023360","trial_id":18,"param_name":"alpha","param_value_internal":0.1299008947721631,"distribution":"{\"name\": \"FloatDistribution\", \"attributes\": {\"step\": null, \"low\": 0.0, \"high\": 0.5, \"log\": false}}"}
{"op_code":5,"worker_id":"220f6a3f-e78b-42a7-b8fe-e8062ac9faef-140062064023360","trial_id":18,"param_name":"sigma","param_value_internal":0.5541841915907736,"distribution":"{\"name\": \"FloatDistribution\", \"attributes\": {\"step\": null, \"low\": 0.01, \"high\": 1.0, \"log\": true}}"}
{"op_code":6,"worker_id":"220f6a3f-e78b-42a7-b8fe-e8062ac9faef-140062064023360","trial_id":18,"state":1,"values":[0.6663550042593862],"datetime_complete":"2026-04-14T08:54:40.078221"}
{"op_code":4,"worker_id":"220f6a3f-e78b-42a7-b8fe-e8062ac9faef-140062064023360","study_id":0,"datetime_start":"2026-04-14T08:54:40.097800"}
{"op_code":5,"worker_id":"220f6a3f-e78b-42a7-b8fe-e8062ac9faef-140062064023360","trial_id":19,"param_name":"lr","param_value_internal":0.0008177710273371291,"distribution":"{\"name\": \"FloatDistribution\", \"attributes\": {\"step\": null, \"low\": 0.0001, \"high\": 0.1, \"log\": true}}"}
{"op_code":5,"worker_id":"220f6a3f-e78b-42a7-b8fe-e8062ac9faef-140062064023360","trial_id":19,"param_name":"dropout","param_value_internal":0.2256459645880602,"distribution":"{\"name\": \"FloatDistribution\", \"attributes\": {\"step\": null, \"low\": 0.0, \"high\": 0.5, \"log\": false}}"}
{"op_code":5,"worker_id":"220f6a3f-e78b-42a7-b8fe-e8062ac9faef-140062064023360","trial_id":19,"param_name":"layers","param_value_internal":2.0,"distribution":"{\"name\": \"IntDistribution\", \"attributes\": {\"log\": false, \"step\": 1, \"low\": 1, \"high\": 3}}"}
{"op_code":5,"worker_id":"220f6a3f-e78b-42a7-b8fe-e8062ac9faef-140062064023360","trial_id":19,"param_name":"nodes","param_value_internal":0,"distribution":"{\"name\": \"CategoricalDistribution\", \"attributes\": {\"choices\": [32, 64, 128]}}"}
{"op_code":5,"worker_id":"220f6a3f-e78b-42a7-b8fe-e8062ac9faef-140062064023360","trial_id":19,"param_name":"alpha","param_value_internal":0.2694224222369074,"distribution":"{\"name\": \"FloatDistribution\", \"attributes\": {\"step\": null, \"low\": 0.0, \"high\": 0.5, \"log\": false}}"}
{"op_code":5,"worker_id":"220f6a3f-e78b-42a7-b8fe-e8062ac9faef-140062064023360","trial_id":19,"param_name":"sigma","param_value_internal":0.046304212291631695,"distribution":"{\"name\": \"FloatDistribution\", \"attributes\": {\"step\": null, \"low\": 0.01, \"high\": 1.0, \"log\": true}}"}
{"op_code":6,"worker_id":"220f6a3f-e78b-42a7-b8fe-e8062ac9faef-140062064023360","trial_id":19,"state":1,"values":[0.6329032392112863],"datetime_complete":"2026-04-14T08:54:41.322626"}
