{"op_code":0,"worker_id":"d08ce133-2fe9-48d4-a5ad-15825de80257-139906009941824","study_name":"rsf_tuning","directions":[2]}
{"op_code":4,"worker_id":"d08ce133-2fe9-48d4-a5ad-15825de80257-139906009941824","study_id":0,"datetime_start":"2026-04-05T23:29:57.759975"}
{"op_code":5,"worker_id":"d08ce133-2fe9-48d4-a5ad-15825de80257-139906009941824","trial_id":0,"param_name":"n_estimators","param_value_internal":175.0,"distribution":"{\"name\": \"IntDistribution\", \"attributes\": {\"log\": false, \"step\": 1, \"low\": 50, \"high\": 200}}"}
{"op_code":5,"worker_id":"d08ce133-2fe9-48d4-a5ad-15825de80257-139906009941824","trial_id":0,"param_name":"min_samples_split","param_value_internal":7.0,"distribution":"{\"name\": \"IntDistribution\", \"attributes\": {\"log\": false, \"step\": 1, \"low\": 5, \"high\": 20}}"}
{"op_code":5,"worker_id":"d08ce133-2fe9-48d4-a5ad-15825de80257-139906009941824","trial_id":0,"param_name":"min_samples_leaf","param_value_internal":11.0,"distribution":"{\"name\": \"IntDistribution\", \"attributes\": {\"log\": false, \"step\": 1, \"low\": 5, \"high\": 20}}"}
{"op_code":6,"worker_id":"d08ce133-2fe9-48d4-a5ad-15825de80257-139906009941824","trial_id":0,"state":1,"values":[0.7288480646276136],"datetime_complete":"2026-04-05T23:29:58.601749"}
{"op_code":4,"worker_id":"d08ce133-2fe9-48d4-a5ad-15825de80257-139906009941824","study_id":0,"datetime_start":"2026-04-05T23:29:58.616361"}
{"op_code":5,"worker_id":"d08ce133-2fe9-48d4-a5ad-15825de80257-139906009941824","trial_id":1,"param_name":"n_estimators","param_value_internal":73.0,"distribution":"{\"name\": \"IntDistribution\", \"attributes\": {\"log\": false, \"step\": 1, \"low\": 50, \"high\": 200}}"}
{"op_code":5,"worker_id":"d08ce133-2fe9-48d4-a5ad-15825de80257-139906009941824","trial_id":1,"param_name":"min_samples_split","param_value_internal":18.0,"distribution":"{\"name\": \"IntDistribution\", \"attributes\": {\"log\": false, \"step\": 1, \"low\": 5, \"high\": 20}}"}
{"op_code":5,"worker_id":"d08ce133-2fe9-48d4-a5ad-15825de80257-139906009941824","trial_id":1,"param_name":"min_samples_leaf","param_value_internal":12.0,"distribution":"{\"name\": \"IntDistribution\", \"attributes\": {\"log\": false, \"step\": 1, \"low\": 5, \"high\": 20}}"}
{"op_code":6,"worker_id":"d08ce133-2fe9-48d4-a5ad-15825de80257-139906009941824","trial_id":1,"state":1,"values":[0.7300630724036634],"datetime_complete":"2026-04-05T23:29:58.992225"}
{"op_code":4,"worker_id":"d08ce133-2fe9-48d4-a5ad-15825de80257-139906009941824","study_id":0,"datetime_start":"2026-04-05T23:29:59.003966"}
{"op_code":5,"worker_id":"d08ce133-2fe9-48d4-a5ad-15825de80257-139906009941824","trial_id":2,"param_name":"n_estimators","param_value_internal":98.0,"distribution":"{\"name\": \"IntDistribution\", \"attributes\": {\"log\": false, \"step\": 1, \"low\": 50, \"high\": 200}}"}
{"op_code":5,"worker_id":"d08ce133-2fe9-48d4-a5ad-15825de80257-139906009941824","trial_id":2,"param_name":"min_samples_split","param_value_internal":10.0,"distribution":"{\"name\": \"IntDistribution\", \"attributes\": {\"log\": false, \"step\": 1, \"low\": 5, \"high\": 20}}"}
{"op_code":5,"worker_id":"d08ce133-2fe9-48d4-a5ad-15825de80257-139906009941824","trial_id":2,"param_name":"min_samples_leaf","param_value_internal":16.0,"distribution":"{\"name\": \"IntDistribution\", \"attributes\": {\"log\": false, \"step\": 1, \"low\": 5, \"high\": 20}}"}
{"op_code":6,"worker_id":"d08ce133-2fe9-48d4-a5ad-15825de80257-139906009941824","trial_id":2,"state":1,"values":[0.7286698634871264],"datetime_complete":"2026-04-05T23:29:59.431703"}
{"op_code":4,"worker_id":"d08ce133-2fe9-48d4-a5ad-15825de80257-139906009941824","study_id":0,"datetime_start":"2026-04-05T23:29:59.444654"}
{"op_code":5,"worker_id":"d08ce133-2fe9-48d4-a5ad-15825de80257-139906009941824","trial_id":3,"param_name":"n_estimators","param_value_internal":181.0,"distribution":"{\"name\": \"IntDistribution\", \"attributes\": {\"log\": false, \"step\": 1, \"low\": 50, \"high\": 200}}"}
{"op_code":5,"worker_id":"d08ce133-2fe9-48d4-a5ad-15825de80257-139906009941824","trial_id":3,"param_name":"min_samples_split","param_value_internal":9.0,"distribution":"{\"name\": \"IntDistribution\", \"attributes\": {\"log\": false, \"step\": 1, \"low\": 5, \"high\": 20}}"}
{"op_code":5,"worker_id":"d08ce133-2fe9-48d4-a5ad-15825de80257-139906009941824","trial_id":3,"param_name":"min_samples_leaf","param_value_internal":5.0,"distribution":"{\"name\": \"IntDistribution\", \"attributes\": {\"log\": false, \"step\": 1, \"low\": 5, \"high\": 20}}"}
{"op_code":6,"worker_id":"d08ce133-2fe9-48d4-a5ad-15825de80257-139906009941824","trial_id":3,"state":1,"values":[0.7294447684465181],"datetime_complete":"2026-04-05T23:30:00.579742"}
{"op_code":4,"worker_id":"d08ce133-2fe9-48d4-a5ad-15825de80257-139906009941824","study_id":0,"datetime_start":"2026-04-05T23:30:00.591608"}
{"op_code":5,"worker_id":"d08ce133-2fe9-48d4-a5ad-15825de80257-139906009941824","trial_id":4,"param_name":"n_estimators","param_value_internal":102.0,"distribution":"{\"name\": \"IntDistribution\", \"attributes\": {\"log\": false, \"step\": 1, \"low\": 50, \"high\": 200}}"}
{"op_code":5,"worker_id":"d08ce133-2fe9-48d4-a5ad-15825de80257-139906009941824","trial_id":4,"param_name":"min_samples_split","param_value_internal":6.0,"distribution":"{\"name\": \"IntDistribution\", \"attributes\": {\"log\": false, \"step\": 1, \"low\": 5, \"high\": 20}}"}
{"op_code":5,"worker_id":"d08ce133-2fe9-48d4-a5ad-15825de80257-139906009941824","trial_id":4,"param_name":"min_samples_leaf","param_value_internal":20.0,"distribution":"{\"name\": \"IntDistribution\", \"attributes\": {\"log\": false, \"step\": 1, \"low\": 5, \"high\": 20}}"}
{"op_code":6,"worker_id":"d08ce133-2fe9-48d4-a5ad-15825de80257-139906009941824","trial_id":4,"state":1,"values":[0.7284862623120788],"datetime_complete":"2026-04-05T23:30:01.042718"}
{"op_code":4,"worker_id":"d08ce133-2fe9-48d4-a5ad-15825de80257-139906009941824","study_id":0,"datetime_start":"2026-04-05T23:30:01.054348"}
{"op_code":5,"worker_id":"d08ce133-2fe9-48d4-a5ad-15825de80257-139906009941824","trial_id":5,"param_name":"n_estimators","param_value_internal":132.0,"distribution":"{\"name\": \"IntDistribution\", \"attributes\": {\"log\": false, \"step\": 1, \"low\": 50, \"high\": 200}}"}
{"op_code":5,"worker_id":"d08ce133-2fe9-48d4-a5ad-15825de80257-139906009941824","trial_id":5,"param_name":"min_samples_split","param_value_internal":16.0,"distribution":"{\"name\": \"IntDistribution\", \"attributes\": {\"log\": false, \"step\": 1, \"low\": 5, \"high\": 20}}"}
{"op_code":5,"worker_id":"d08ce133-2fe9-48d4-a5ad-15825de80257-139906009941824","trial_id":5,"param_name":"min_samples_leaf","param_value_internal":5.0,"distribution":"{\"name\": \"IntDistribution\", \"attributes\": {\"log\": false, \"step\": 1, \"low\": 5, \"high\": 20}}"}
{"op_code":6,"worker_id":"d08ce133-2fe9-48d4-a5ad-15825de80257-139906009941824","trial_id":5,"state":1,"values":[0.7304113746327977],"datetime_complete":"2026-04-05T23:30:01.866303"}
{"op_code":4,"worker_id":"d08ce133-2fe9-48d4-a5ad-15825de80257-139906009941824","study_id":0,"datetime_start":"2026-04-05T23:30:01.878297"}
{"op_code":5,"worker_id":"d08ce133-2fe9-48d4-a5ad-15825de80257-139906009941824","trial_id":6,"param_name":"n_estimators","param_value_internal":90.0,"distribution":"{\"name\": \"IntDistribution\", \"attributes\": {\"log\": false, \"step\": 1, \"low\": 50, \"high\": 200}}"}
{"op_code":5,"worker_id":"d08ce133-2fe9-48d4-a5ad-15825de80257-139906009941824","trial_id":6,"param_name":"min_samples_split","param_value_internal":13.0,"distribution":"{\"name\": \"IntDistribution\", \"attributes\": {\"log\": false, \"step\": 1, \"low\": 5, \"high\": 20}}"}
{"op_code":5,"worker_id":"d08ce133-2fe9-48d4-a5ad-15825de80257-139906009941824","trial_id":6,"param_name":"min_samples_leaf","param_value_internal":9.0,"distribution":"{\"name\": \"IntDistribution\", \"attributes\": {\"log\": false, \"step\": 1, \"low\": 5, \"high\": 20}}"}
{"op_code":6,"worker_id":"d08ce133-2fe9-48d4-a5ad-15825de80257-139906009941824","trial_id":6,"state":1,"values":[0.7306948764472092],"datetime_complete":"2026-04-05T23:30:02.387483"}
{"op_code":4,"worker_id":"d08ce133-2fe9-48d4-a5ad-15825de80257-139906009941824","study_id":0,"datetime_start":"2026-04-05T23:30:02.401241"}
{"op_code":5,"worker_id":"d08ce133-2fe9-48d4-a5ad-15825de80257-139906009941824","trial_id":7,"param_name":"n_estimators","param_value_internal":80.0,"distribution":"{\"name\": \"IntDistribution\", \"attributes\": {\"log\": false, \"step\": 1, \"low\": 50, \"high\": 200}}"}
{"op_code":5,"worker_id":"d08ce133-2fe9-48d4-a5ad-15825de80257-139906009941824","trial_id":7,"param_name":"min_samples_split","param_value_internal":16.0,"distribution":"{\"name\": \"IntDistribution\", \"attributes\": {\"log\": false, \"step\": 1, \"low\": 5, \"high\": 20}}"}
{"op_code":5,"worker_id":"d08ce133-2fe9-48d4-a5ad-15825de80257-139906009941824","trial_id":7,"param_name":"min_samples_leaf","param_value_internal":5.0,"distribution":"{\"name\": \"IntDistribution\", \"attributes\": {\"log\": false, \"step\": 1, \"low\": 5, \"high\": 20}}"}
{"op_code":6,"worker_id":"d08ce133-2fe9-48d4-a5ad-15825de80257-139906009941824","trial_id":7,"state":1,"values":[0.7290559659581821],"datetime_complete":"2026-04-05T23:30:02.929459"}
{"op_code":4,"worker_id":"d08ce133-2fe9-48d4-a5ad-15825de80257-139906009941824","study_id":0,"datetime_start":"2026-04-05T23:30:02.947517"}
{"op_code":5,"worker_id":"d08ce133-2fe9-48d4-a5ad-15825de80257-139906009941824","trial_id":8,"param_name":"n_estimators","param_value_internal":53.0,"distribution":"{\"name\": \"IntDistribution\", \"attributes\": {\"log\": false, \"step\": 1, \"low\": 50, \"high\": 200}}"}
{"op_code":5,"worker_id":"d08ce133-2fe9-48d4-a5ad-15825de80257-139906009941824","trial_id":8,"param_name":"min_samples_split","param_value_internal":18.0,"distribution":"{\"name\": \"IntDistribution\", \"attributes\": {\"log\": false, \"step\": 1, \"low\": 5, \"high\": 20}}"}
{"op_code":5,"worker_id":"d08ce133-2fe9-48d4-a5ad-15825de80257-139906009941824","trial_id":8,"param_name":"min_samples_leaf","param_value_internal":14.0,"distribution":"{\"name\": \"IntDistribution\", \"attributes\": {\"log\": false, \"step\": 1, \"low\": 5, \"high\": 20}}"}
{"op_code":6,"worker_id":"d08ce133-2fe9-48d4-a5ad-15825de80257-139906009941824","trial_id":8,"state":1,"values":[0.7315075816485226],"datetime_complete":"2026-04-05T23:30:03.261842"}
{"op_code":4,"worker_id":"d08ce133-2fe9-48d4-a5ad-15825de80257-139906009941824","study_id":0,"datetime_start":"2026-04-05T23:30:03.272251"}
{"op_code":5,"worker_id":"d08ce133-2fe9-48d4-a5ad-15825de80257-139906009941824","trial_id":9,"param_name":"n_estimators","param_value_internal":146.0,"distribution":"{\"name\": \"IntDistribution\", \"attributes\": {\"log\": false, \"step\": 1, \"low\": 50, \"high\": 200}}"}
{"op_code":5,"worker_id":"d08ce133-2fe9-48d4-a5ad-15825de80257-139906009941824","trial_id":9,"param_name":"min_samples_split","param_value_internal":12.0,"distribution":"{\"name\": \"IntDistribution\", \"attributes\": {\"log\": false, \"step\": 1, \"low\": 5, \"high\": 20}}"}
{"op_code":5,"worker_id":"d08ce133-2fe9-48d4-a5ad-15825de80257-139906009941824","trial_id":9,"param_name":"min_samples_leaf","param_value_internal":17.0,"distribution":"{\"name\": \"IntDistribution\", \"attributes\": {\"log\": false, \"step\": 1, \"low\": 5, \"high\": 20}}"}
{"op_code":6,"worker_id":"d08ce133-2fe9-48d4-a5ad-15825de80257-139906009941824","trial_id":9,"state":1,"values":[0.727927358735096],"datetime_complete":"2026-04-05T23:30:03.901029"}
{"op_code":4,"worker_id":"d08ce133-2fe9-48d4-a5ad-15825de80257-139906009941824","study_id":0,"datetime_start":"2026-04-05T23:30:03.912922"}
{"op_code":5,"worker_id":"d08ce133-2fe9-48d4-a5ad-15825de80257-139906009941824","trial_id":10,"param_name":"n_estimators","param_value_internal":50.0,"distribution":"{\"name\": \"IntDistribution\", \"attributes\": {\"log\": false, \"step\": 1, \"low\": 50, \"high\": 200}}"}
{"op_code":5,"worker_id":"d08ce133-2fe9-48d4-a5ad-15825de80257-139906009941824","trial_id":10,"param_name":"min_samples_split","param_value_internal":20.0,"distribution":"{\"name\": \"IntDistribution\", \"attributes\": {\"log\": false, \"step\": 1, \"low\": 5, \"high\": 20}}"}
{"op_code":5,"worker_id":"d08ce133-2fe9-48d4-a5ad-15825de80257-139906009941824","trial_id":10,"param_name":"min_samples_leaf","param_value_internal":16.0,"distribution":"{\"name\": \"IntDistribution\", \"attributes\": {\"log\": false, \"step\": 1, \"low\": 5, \"high\": 20}}"}
{"op_code":6,"worker_id":"d08ce133-2fe9-48d4-a5ad-15825de80257-139906009941824","trial_id":10,"state":1,"values":[0.7281163599447037],"datetime_complete":"2026-04-05T23:30:04.175848"}
{"op_code":4,"worker_id":"d08ce133-2fe9-48d4-a5ad-15825de80257-139906009941824","study_id":0,"datetime_start":"2026-04-05T23:30:04.185545"}
{"op_code":5,"worker_id":"d08ce133-2fe9-48d4-a5ad-15825de80257-139906009941824","trial_id":11,"param_name":"n_estimators","param_value_internal":54.0,"distribution":"{\"name\": \"IntDistribution\", \"attributes\": {\"log\": false, \"step\": 1, \"low\": 50, \"high\": 200}}"}
{"op_code":5,"worker_id":"d08ce133-2fe9-48d4-a5ad-15825de80257-139906009941824","trial_id":11,"param_name":"min_samples_split","param_value_internal":15.0,"distribution":"{\"name\": \"IntDistribution\", \"attributes\": {\"log\": false, \"step\": 1, \"low\": 5, \"high\": 20}}"}
{"op_code":5,"worker_id":"d08ce133-2fe9-48d4-a5ad-15825de80257-139906009941824","trial_id":11,"param_name":"min_samples_leaf","param_value_internal":10.0,"distribution":"{\"name\": \"IntDistribution\", \"attributes\": {\"log\": false, \"step\": 1, \"low\": 5, \"high\": 20}}"}
{"op_code":6,"worker_id":"d08ce133-2fe9-48d4-a5ad-15825de80257-139906009941824","trial_id":11,"state":1,"values":[0.7282054605149473],"datetime_complete":"2026-04-05T23:30:04.510718"}
{"op_code":4,"worker_id":"d08ce133-2fe9-48d4-a5ad-15825de80257-139906009941824","study_id":0,"datetime_start":"2026-04-05T23:30:04.520579"}
{"op_code":5,"worker_id":"d08ce133-2fe9-48d4-a5ad-15825de80257-139906009941824","trial_id":12,"param_name":"n_estimators","param_value_internal":87.0,"distribution":"{\"name\": \"IntDistribution\", \"attributes\": {\"log\": false, \"step\": 1, \"low\": 50, \"high\": 200}}"}
{"op_code":5,"worker_id":"d08ce133-2fe9-48d4-a5ad-15825de80257-139906009941824","trial_id":12,"param_name":"min_samples_split","param_value_internal":13.0,"distribution":"{\"name\": \"IntDistribution\", \"attributes\": {\"log\": false, \"step\": 1, \"low\": 5, \"high\": 20}}"}
{"op_code":5,"worker_id":"d08ce133-2fe9-48d4-a5ad-15825de80257-139906009941824","trial_id":12,"param_name":"min_samples_leaf","param_value_internal":8.0,"distribution":"{\"name\": \"IntDistribution\", \"attributes\": {\"log\": false, \"step\": 1, \"low\": 5, \"high\": 20}}"}
{"op_code":6,"worker_id":"d08ce133-2fe9-48d4-a5ad-15825de80257-139906009941824","trial_id":12,"state":1,"values":[0.729028965785381],"datetime_complete":"2026-04-05T23:30:05.016298"}
{"op_code":4,"worker_id":"d08ce133-2fe9-48d4-a5ad-15825de80257-139906009941824","study_id":0,"datetime_start":"2026-04-05T23:30:05.029893"}
{"op_code":5,"worker_id":"d08ce133-2fe9-48d4-a5ad-15825de80257-139906009941824","trial_id":13,"param_name":"n_estimators","param_value_internal":108.0,"distribution":"{\"name\": \"IntDistribution\", \"attributes\": {\"log\": false, \"step\": 1, \"low\": 50, \"high\": 200}}"}
{"op_code":5,"worker_id":"d08ce133-2fe9-48d4-a5ad-15825de80257-139906009941824","trial_id":13,"param_name":"min_samples_split","param_value_internal":20.0,"distribution":"{\"name\": \"IntDistribution\", \"attributes\": {\"log\": false, \"step\": 1, \"low\": 5, \"high\": 20}}"}
{"op_code":5,"worker_id":"d08ce133-2fe9-48d4-a5ad-15825de80257-139906009941824","trial_id":13,"param_name":"min_samples_leaf","param_value_internal":14.0,"distribution":"{\"name\": \"IntDistribution\", \"attributes\": {\"log\": false, \"step\": 1, \"low\": 5, \"high\": 20}}"}
{"op_code":6,"worker_id":"d08ce133-2fe9-48d4-a5ad-15825de80257-139906009941824","trial_id":13,"state":1,"values":[0.7312483799896319],"datetime_complete":"2026-04-05T23:30:05.520187"}
{"op_code":4,"worker_id":"d08ce133-2fe9-48d4-a5ad-15825de80257-139906009941824","study_id":0,"datetime_start":"2026-04-05T23:30:05.534196"}
{"op_code":5,"worker_id":"d08ce133-2fe9-48d4-a5ad-15825de80257-139906009941824","trial_id":14,"param_name":"n_estimators","param_value_internal":120.0,"distribution":"{\"name\": \"IntDistribution\", \"attributes\": {\"log\": false, \"step\": 1, \"low\": 50, \"high\": 200}}"}
{"op_code":5,"worker_id":"d08ce133-2fe9-48d4-a5ad-15825de80257-139906009941824","trial_id":14,"param_name":"min_samples_split","param_value_internal":20.0,"distribution":"{\"name\": \"IntDistribution\", \"attributes\": {\"log\": false, \"step\": 1, \"low\": 5, \"high\": 20}}"}
{"op_code":5,"worker_id":"d08ce133-2fe9-48d4-a5ad-15825de80257-139906009941824","trial_id":14,"param_name":"min_samples_leaf","param_value_internal":14.0,"distribution":"{\"name\": \"IntDistribution\", \"attributes\": {\"log\": false, \"step\": 1, \"low\": 5, \"high\": 20}}"}
{"op_code":6,"worker_id":"d08ce133-2fe9-48d4-a5ad-15825de80257-139906009941824","trial_id":14,"state":1,"values":[0.7309729782270606],"datetime_complete":"2026-04-05T23:30:06.085794"}
{"op_code":4,"worker_id":"d08ce133-2fe9-48d4-a5ad-15825de80257-139906009941824","study_id":0,"datetime_start":"2026-04-05T23:30:06.099446"}
{"op_code":5,"worker_id":"d08ce133-2fe9-48d4-a5ad-15825de80257-139906009941824","trial_id":15,"param_name":"n_estimators","param_value_internal":158.0,"distribution":"{\"name\": \"IntDistribution\", \"attributes\": {\"log\": false, \"step\": 1, \"low\": 50, \"high\": 200}}"}
{"op_code":5,"worker_id":"d08ce133-2fe9-48d4-a5ad-15825de80257-139906009941824","trial_id":15,"param_name":"min_samples_split","param_value_internal":18.0,"distribution":"{\"name\": \"IntDistribution\", \"attributes\": {\"log\": false, \"step\": 1, \"low\": 5, \"high\": 20}}"}
{"op_code":5,"worker_id":"d08ce133-2fe9-48d4-a5ad-15825de80257-139906009941824","trial_id":15,"param_name":"min_samples_leaf","param_value_internal":14.0,"distribution":"{\"name\": \"IntDistribution\", \"attributes\": {\"log\": false, \"step\": 1, \"low\": 5, \"high\": 20}}"}
{"op_code":6,"worker_id":"d08ce133-2fe9-48d4-a5ad-15825de80257-139906009941824","trial_id":15,"state":1,"values":[0.7304599749438396],"datetime_complete":"2026-04-05T23:30:06.801194"}
{"op_code":4,"worker_id":"d08ce133-2fe9-48d4-a5ad-15825de80257-139906009941824","study_id":0,"datetime_start":"2026-04-05T23:30:06.812774"}
{"op_code":5,"worker_id":"d08ce133-2fe9-48d4-a5ad-15825de80257-139906009941824","trial_id":16,"param_name":"n_estimators","param_value_internal":114.0,"distribution":"{\"name\": \"IntDistribution\", \"attributes\": {\"log\": false, \"step\": 1, \"low\": 50, \"high\": 200}}"}
{"op_code":5,"worker_id":"d08ce133-2fe9-48d4-a5ad-15825de80257-139906009941824","trial_id":16,"param_name":"min_samples_split","param_value_internal":18.0,"distribution":"{\"name\": \"IntDistribution\", \"attributes\": {\"log\": false, \"step\": 1, \"low\": 5, \"high\": 20}}"}
{"op_code":5,"worker_id":"d08ce133-2fe9-48d4-a5ad-15825de80257-139906009941824","trial_id":16,"param_name":"min_samples_leaf","param_value_internal":19.0,"distribution":"{\"name\": \"IntDistribution\", \"attributes\": {\"log\": false, \"step\": 1, \"low\": 5, \"high\": 20}}"}
{"op_code":6,"worker_id":"d08ce133-2fe9-48d4-a5ad-15825de80257-139906009941824","trial_id":16,"state":1,"values":[0.7280596595818213],"datetime_complete":"2026-04-05T23:30:07.274019"}
{"op_code":4,"worker_id":"d08ce133-2fe9-48d4-a5ad-15825de80257-139906009941824","study_id":0,"datetime_start":"2026-04-05T23:30:07.287130"}
{"op_code":5,"worker_id":"d08ce133-2fe9-48d4-a5ad-15825de80257-139906009941824","trial_id":17,"param_name":"n_estimators","param_value_internal":139.0,"distribution":"{\"name\": \"IntDistribution\", \"attributes\": {\"log\": false, \"step\": 1, \"low\": 50, \"high\": 200}}"}
{"op_code":5,"worker_id":"d08ce133-2fe9-48d4-a5ad-15825de80257-139906009941824","trial_id":17,"param_name":"min_samples_split","param_value_internal":20.0,"distribution":"{\"name\": \"IntDistribution\", \"attributes\": {\"log\": false, \"step\": 1, \"low\": 5, \"high\": 20}}"}
{"op_code":5,"worker_id":"d08ce133-2fe9-48d4-a5ad-15825de80257-139906009941824","trial_id":17,"param_name":"min_samples_leaf","param_value_internal":14.0,"distribution":"{\"name\": \"IntDistribution\", \"attributes\": {\"log\": false, \"step\": 1, \"low\": 5, \"high\": 20}}"}
{"op_code":6,"worker_id":"d08ce133-2fe9-48d4-a5ad-15825de80257-139906009941824","trial_id":17,"state":1,"values":[0.7301413729047866],"datetime_complete":"2026-04-05T23:30:07.903562"}
{"op_code":4,"worker_id":"d08ce133-2fe9-48d4-a5ad-15825de80257-139906009941824","study_id":0,"datetime_start":"2026-04-05T23:30:07.913797"}
{"op_code":5,"worker_id":"d08ce133-2fe9-48d4-a5ad-15825de80257-139906009941824","trial_id":18,"param_name":"n_estimators","param_value_internal":198.0,"distribution":"{\"name\": \"IntDistribution\", \"attributes\": {\"log\": false, \"step\": 1, \"low\": 50, \"high\": 200}}"}
{"op_code":5,"worker_id":"d08ce133-2fe9-48d4-a5ad-15825de80257-139906009941824","trial_id":18,"param_name":"min_samples_split","param_value_internal":15.0,"distribution":"{\"name\": \"IntDistribution\", \"attributes\": {\"log\": false, \"step\": 1, \"low\": 5, \"high\": 20}}"}
{"op_code":5,"worker_id":"d08ce133-2fe9-48d4-a5ad-15825de80257-139906009941824","trial_id":18,"param_name":"min_samples_leaf","param_value_internal":18.0,"distribution":"{\"name\": \"IntDistribution\", \"attributes\": {\"log\": false, \"step\": 1, \"low\": 5, \"high\": 20}}"}
{"op_code":6,"worker_id":"d08ce133-2fe9-48d4-a5ad-15825de80257-139906009941824","trial_id":18,"state":1,"values":[0.7296580698116468],"datetime_complete":"2026-04-05T23:30:08.710264"}
{"op_code":4,"worker_id":"d08ce133-2fe9-48d4-a5ad-15825de80257-139906009941824","study_id":0,"datetime_start":"2026-04-05T23:30:08.735710"}
{"op_code":5,"worker_id":"d08ce133-2fe9-48d4-a5ad-15825de80257-139906009941824","trial_id":19,"param_name":"n_estimators","param_value_internal":66.0,"distribution":"{\"name\": \"IntDistribution\", \"attributes\": {\"log\": false, \"step\": 1, \"low\": 50, \"high\": 200}}"}
{"op_code":5,"worker_id":"d08ce133-2fe9-48d4-a5ad-15825de80257-139906009941824","trial_id":19,"param_name":"min_samples_split","param_value_internal":18.0,"distribution":"{\"name\": \"IntDistribution\", \"attributes\": {\"log\": false, \"step\": 1, \"low\": 5, \"high\": 20}}"}
{"op_code":5,"worker_id":"d08ce133-2fe9-48d4-a5ad-15825de80257-139906009941824","trial_id":19,"param_name":"min_samples_leaf","param_value_internal":13.0,"distribution":"{\"name\": \"IntDistribution\", \"attributes\": {\"log\": false, \"step\": 1, \"low\": 5, \"high\": 20}}"}
{"op_code":6,"worker_id":"d08ce133-2fe9-48d4-a5ad-15825de80257-139906009941824","trial_id":19,"state":1,"values":[0.7293043675479524],"datetime_complete":"2026-04-05T23:30:09.095809"}
