{"op_code":0,"worker_id":"3a0787eb-8777-4640-8239-b0fbc7e4f150-140544486217536","study_name":"tabdpt_cox","directions":[2]}
{"op_code":4,"worker_id":"3a0787eb-8777-4640-8239-b0fbc7e4f150-140544486217536","study_id":0,"datetime_start":"2026-04-01T03:38:16.580371"}
{"op_code":5,"worker_id":"3a0787eb-8777-4640-8239-b0fbc7e4f150-140544486217536","trial_id":0,"param_name":"lr","param_value_internal":0.007350502453699804,"distribution":"{\"name\": \"FloatDistribution\", \"attributes\": {\"step\": null, \"low\": 0.0001, \"high\": 0.1, \"log\": true}}"}
{"op_code":5,"worker_id":"3a0787eb-8777-4640-8239-b0fbc7e4f150-140544486217536","trial_id":0,"param_name":"dropout","param_value_internal":0.10267055785387802,"distribution":"{\"name\": \"FloatDistribution\", \"attributes\": {\"step\": null, \"low\": 0.0, \"high\": 0.5, \"log\": false}}"}
{"op_code":5,"worker_id":"3a0787eb-8777-4640-8239-b0fbc7e4f150-140544486217536","trial_id":0,"param_name":"nodes","param_value_internal":1,"distribution":"{\"name\": \"CategoricalDistribution\", \"attributes\": {\"choices\": [\"64-64\", \"128-64\", \"256-128\"]}}"}
{"op_code":6,"worker_id":"3a0787eb-8777-4640-8239-b0fbc7e4f150-140544486217536","trial_id":0,"state":1,"values":[0.7309417040358744],"datetime_complete":"2026-04-01T03:38:16.751322"}
{"op_code":4,"worker_id":"3a0787eb-8777-4640-8239-b0fbc7e4f150-140544486217536","study_id":0,"datetime_start":"2026-04-01T03:38:16.761432"}
{"op_code":5,"worker_id":"3a0787eb-8777-4640-8239-b0fbc7e4f150-140544486217536","trial_id":1,"param_name":"lr","param_value_internal":0.001811666716274764,"distribution":"{\"name\": \"FloatDistribution\", \"attributes\": {\"step\": null, \"low\": 0.0001, \"high\": 0.1, \"log\": true}}"}
{"op_code":5,"worker_id":"3a0787eb-8777-4640-8239-b0fbc7e4f150-140544486217536","trial_id":1,"param_name":"dropout","param_value_internal":0.46130105319472775,"distribution":"{\"name\": \"FloatDistribution\", \"attributes\": {\"step\": null, \"low\": 0.0, \"high\": 0.5, \"log\": false}}"}
{"op_code":5,"worker_id":"3a0787eb-8777-4640-8239-b0fbc7e4f150-140544486217536","trial_id":1,"param_name":"nodes","param_value_internal":2,"distribution":"{\"name\": \"CategoricalDistribution\", \"attributes\": {\"choices\": [\"64-64\", \"128-64\", \"256-128\"]}}"}
{"op_code":6,"worker_id":"3a0787eb-8777-4640-8239-b0fbc7e4f150-140544486217536","trial_id":1,"state":1,"values":[0.7130044843049327],"datetime_complete":"2026-04-01T03:38:16.923077"}
{"op_code":4,"worker_id":"3a0787eb-8777-4640-8239-b0fbc7e4f150-140544486217536","study_id":0,"datetime_start":"2026-04-01T03:38:16.932920"}
{"op_code":5,"worker_id":"3a0787eb-8777-4640-8239-b0fbc7e4f150-140544486217536","trial_id":2,"param_name":"lr","param_value_internal":0.000421858456939491,"distribution":"{\"name\": \"FloatDistribution\", \"attributes\": {\"step\": null, \"low\": 0.0001, \"high\": 0.1, \"log\": true}}"}
{"op_code":5,"worker_id":"3a0787eb-8777-4640-8239-b0fbc7e4f150-140544486217536","trial_id":2,"param_name":"dropout","param_value_internal":0.09344978296261747,"distribution":"{\"name\": \"FloatDistribution\", \"attributes\": {\"step\": null, \"low\": 0.0, \"high\": 0.5, \"log\": false}}"}
{"op_code":5,"worker_id":"3a0787eb-8777-4640-8239-b0fbc7e4f150-140544486217536","trial_id":2,"param_name":"nodes","param_value_internal":2,"distribution":"{\"name\": \"CategoricalDistribution\", \"attributes\": {\"choices\": [\"64-64\", \"128-64\", \"256-128\"]}}"}
{"op_code":6,"worker_id":"3a0787eb-8777-4640-8239-b0fbc7e4f150-140544486217536","trial_id":2,"state":1,"values":[0.7443946188340808],"datetime_complete":"2026-04-01T03:38:17.094353"}
{"op_code":4,"worker_id":"3a0787eb-8777-4640-8239-b0fbc7e4f150-140544486217536","study_id":0,"datetime_start":"2026-04-01T03:38:17.103440"}
{"op_code":5,"worker_id":"3a0787eb-8777-4640-8239-b0fbc7e4f150-140544486217536","trial_id":3,"param_name":"lr","param_value_internal":0.0003787821239058666,"distribution":"{\"name\": \"FloatDistribution\", \"attributes\": {\"step\": null, \"low\": 0.0001, \"high\": 0.1, \"log\": true}}"}
{"op_code":5,"worker_id":"3a0787eb-8777-4640-8239-b0fbc7e4f150-140544486217536","trial_id":3,"param_name":"dropout","param_value_internal":0.08308749244047225,"distribution":"{\"name\": \"FloatDistribution\", \"attributes\": {\"step\": null, \"low\": 0.0, \"high\": 0.5, \"log\": false}}"}
{"op_code":5,"worker_id":"3a0787eb-8777-4640-8239-b0fbc7e4f150-140544486217536","trial_id":3,"param_name":"nodes","param_value_internal":2,"distribution":"{\"name\": \"CategoricalDistribution\", \"attributes\": {\"choices\": [\"64-64\", \"128-64\", \"256-128\"]}}"}
{"op_code":6,"worker_id":"3a0787eb-8777-4640-8239-b0fbc7e4f150-140544486217536","trial_id":3,"state":1,"values":[0.7174887892376681],"datetime_complete":"2026-04-01T03:38:17.264829"}
{"op_code":4,"worker_id":"3a0787eb-8777-4640-8239-b0fbc7e4f150-140544486217536","study_id":0,"datetime_start":"2026-04-01T03:38:17.273939"}
{"op_code":5,"worker_id":"3a0787eb-8777-4640-8239-b0fbc7e4f150-140544486217536","trial_id":4,"param_name":"lr","param_value_internal":0.0009928787921558997,"distribution":"{\"name\": \"FloatDistribution\", \"attributes\": {\"step\": null, \"low\": 0.0001, \"high\": 0.1, \"log\": true}}"}
{"op_code":5,"worker_id":"3a0787eb-8777-4640-8239-b0fbc7e4f150-140544486217536","trial_id":4,"param_name":"dropout","param_value_internal":0.2401524773868126,"distribution":"{\"name\": \"FloatDistribution\", \"attributes\": {\"step\": null, \"low\": 0.0, \"high\": 0.5, \"log\": false}}"}
{"op_code":5,"worker_id":"3a0787eb-8777-4640-8239-b0fbc7e4f150-140544486217536","trial_id":4,"param_name":"nodes","param_value_internal":2,"distribution":"{\"name\": \"CategoricalDistribution\", \"attributes\": {\"choices\": [\"64-64\", \"128-64\", \"256-128\"]}}"}
{"op_code":6,"worker_id":"3a0787eb-8777-4640-8239-b0fbc7e4f150-140544486217536","trial_id":4,"state":1,"values":[0.7219730941704036],"datetime_complete":"2026-04-01T03:38:17.442547"}
{"op_code":4,"worker_id":"3a0787eb-8777-4640-8239-b0fbc7e4f150-140544486217536","study_id":0,"datetime_start":"2026-04-01T03:38:17.451924"}
{"op_code":5,"worker_id":"3a0787eb-8777-4640-8239-b0fbc7e4f150-140544486217536","trial_id":5,"param_name":"lr","param_value_internal":0.01976218955885716,"distribution":"{\"name\": \"FloatDistribution\", \"attributes\": {\"step\": null, \"low\": 0.0001, \"high\": 0.1, \"log\": true}}"}
{"op_code":5,"worker_id":"3a0787eb-8777-4640-8239-b0fbc7e4f150-140544486217536","trial_id":5,"param_name":"dropout","param_value_internal":0.3443890464323133,"distribution":"{\"name\": \"FloatDistribution\", \"attributes\": {\"step\": null, \"low\": 0.0, \"high\": 0.5, \"log\": false}}"}
{"op_code":5,"worker_id":"3a0787eb-8777-4640-8239-b0fbc7e4f150-140544486217536","trial_id":5,"param_name":"nodes","param_value_internal":1,"distribution":"{\"name\": \"CategoricalDistribution\", \"attributes\": {\"choices\": [\"64-64\", \"128-64\", \"256-128\"]}}"}
{"op_code":6,"worker_id":"3a0787eb-8777-4640-8239-b0fbc7e4f150-140544486217536","trial_id":5,"state":1,"values":[0.7399103139013453],"datetime_complete":"2026-04-01T03:38:17.612154"}
{"op_code":4,"worker_id":"3a0787eb-8777-4640-8239-b0fbc7e4f150-140544486217536","study_id":0,"datetime_start":"2026-04-01T03:38:17.623290"}
{"op_code":5,"worker_id":"3a0787eb-8777-4640-8239-b0fbc7e4f150-140544486217536","trial_id":6,"param_name":"lr","param_value_internal":0.0006199238361270235,"distribution":"{\"name\": \"FloatDistribution\", \"attributes\": {\"step\": null, \"low\": 0.0001, \"high\": 0.1, \"log\": true}}"}
{"op_code":5,"worker_id":"3a0787eb-8777-4640-8239-b0fbc7e4f150-140544486217536","trial_id":6,"param_name":"dropout","param_value_internal":0.20824697455593322,"distribution":"{\"name\": \"FloatDistribution\", \"attributes\": {\"step\": null, \"low\": 0.0, \"high\": 0.5, \"log\": false}}"}
{"op_code":5,"worker_id":"3a0787eb-8777-4640-8239-b0fbc7e4f150-140544486217536","trial_id":6,"param_name":"nodes","param_value_internal":1,"distribution":"{\"name\": \"CategoricalDistribution\", \"attributes\": {\"choices\": [\"64-64\", \"128-64\", \"256-128\"]}}"}
{"op_code":6,"worker_id":"3a0787eb-8777-4640-8239-b0fbc7e4f150-140544486217536","trial_id":6,"state":1,"values":[0.7219730941704036],"datetime_complete":"2026-04-01T03:38:17.783553"}
{"op_code":4,"worker_id":"3a0787eb-8777-4640-8239-b0fbc7e4f150-140544486217536","study_id":0,"datetime_start":"2026-04-01T03:38:17.792653"}
{"op_code":5,"worker_id":"3a0787eb-8777-4640-8239-b0fbc7e4f150-140544486217536","trial_id":7,"param_name":"lr","param_value_internal":0.01923824126369721,"distribution":"{\"name\": \"FloatDistribution\", \"attributes\": {\"step\": null, \"low\": 0.0001, \"high\": 0.1, \"log\": true}}"}
{"op_code":5,"worker_id":"3a0787eb-8777-4640-8239-b0fbc7e4f150-140544486217536","trial_id":7,"param_name":"dropout","param_value_internal":0.3425057010336815,"distribution":"{\"name\": \"FloatDistribution\", \"attributes\": {\"step\": null, \"low\": 0.0, \"high\": 0.5, \"log\": false}}"}
{"op_code":5,"worker_id":"3a0787eb-8777-4640-8239-b0fbc7e4f150-140544486217536","trial_id":7,"param_name":"nodes","param_value_internal":1,"distribution":"{\"name\": \"CategoricalDistribution\", \"attributes\": {\"choices\": [\"64-64\", \"128-64\", \"256-128\"]}}"}
{"op_code":6,"worker_id":"3a0787eb-8777-4640-8239-b0fbc7e4f150-140544486217536","trial_id":7,"state":1,"values":[0.7488789237668162],"datetime_complete":"2026-04-01T03:38:17.954879"}
{"op_code":4,"worker_id":"3a0787eb-8777-4640-8239-b0fbc7e4f150-140544486217536","study_id":0,"datetime_start":"2026-04-01T03:38:17.970195"}
{"op_code":5,"worker_id":"3a0787eb-8777-4640-8239-b0fbc7e4f150-140544486217536","trial_id":8,"param_name":"lr","param_value_internal":0.00015768436314808157,"distribution":"{\"name\": \"FloatDistribution\", \"attributes\": {\"step\": null, \"low\": 0.0001, \"high\": 0.1, \"log\": true}}"}
{"op_code":5,"worker_id":"3a0787eb-8777-4640-8239-b0fbc7e4f150-140544486217536","trial_id":8,"param_name":"dropout","param_value_internal":0.3448697756362449,"distribution":"{\"name\": \"FloatDistribution\", \"attributes\": {\"step\": null, \"low\": 0.0, \"high\": 0.5, \"log\": false}}"}
{"op_code":5,"worker_id":"3a0787eb-8777-4640-8239-b0fbc7e4f150-140544486217536","trial_id":8,"param_name":"nodes","param_value_internal":1,"distribution":"{\"name\": \"CategoricalDistribution\", \"attributes\": {\"choices\": [\"64-64\", \"128-64\", \"256-128\"]}}"}
{"op_code":6,"worker_id":"3a0787eb-8777-4640-8239-b0fbc7e4f150-140544486217536","trial_id":8,"state":1,"values":[0.672645739910314],"datetime_complete":"2026-04-01T03:38:18.129742"}
{"op_code":4,"worker_id":"3a0787eb-8777-4640-8239-b0fbc7e4f150-140544486217536","study_id":0,"datetime_start":"2026-04-01T03:38:18.138320"}
{"op_code":5,"worker_id":"3a0787eb-8777-4640-8239-b0fbc7e4f150-140544486217536","trial_id":9,"param_name":"lr","param_value_internal":0.04743246498915995,"distribution":"{\"name\": \"FloatDistribution\", \"attributes\": {\"step\": null, \"low\": 0.0001, \"high\": 0.1, \"log\": true}}"}
{"op_code":5,"worker_id":"3a0787eb-8777-4640-8239-b0fbc7e4f150-140544486217536","trial_id":9,"param_name":"dropout","param_value_internal":0.433030083125673,"distribution":"{\"name\": \"FloatDistribution\", \"attributes\": {\"step\": null, \"low\": 0.0, \"high\": 0.5, \"log\": false}}"}
{"op_code":5,"worker_id":"3a0787eb-8777-4640-8239-b0fbc7e4f150-140544486217536","trial_id":9,"param_name":"nodes","param_value_internal":2,"distribution":"{\"name\": \"CategoricalDistribution\", \"attributes\": {\"choices\": [\"64-64\", \"128-64\", \"256-128\"]}}"}
{"op_code":6,"worker_id":"3a0787eb-8777-4640-8239-b0fbc7e4f150-140544486217536","trial_id":9,"state":1,"values":[0.7130044843049327],"datetime_complete":"2026-04-01T03:38:18.299949"}
{"op_code":4,"worker_id":"3a0787eb-8777-4640-8239-b0fbc7e4f150-140544486217536","study_id":0,"datetime_start":"2026-04-01T03:38:18.309209"}
{"op_code":5,"worker_id":"3a0787eb-8777-4640-8239-b0fbc7e4f150-140544486217536","trial_id":10,"param_name":"lr","param_value_internal":0.08636598881053073,"distribution":"{\"name\": \"FloatDistribution\", \"attributes\": {\"step\": null, \"low\": 0.0001, \"high\": 0.1, \"log\": true}}"}
{"op_code":5,"worker_id":"3a0787eb-8777-4640-8239-b0fbc7e4f150-140544486217536","trial_id":10,"param_name":"dropout","param_value_internal":0.32913609014920964,"distribution":"{\"name\": \"FloatDistribution\", \"attributes\": {\"step\": null, \"low\": 0.0, \"high\": 0.5, \"log\": false}}"}
{"op_code":5,"worker_id":"3a0787eb-8777-4640-8239-b0fbc7e4f150-140544486217536","trial_id":10,"param_name":"nodes","param_value_internal":0,"distribution":"{\"name\": \"CategoricalDistribution\", \"attributes\": {\"choices\": [\"64-64\", \"128-64\", \"256-128\"]}}"}
{"op_code":6,"worker_id":"3a0787eb-8777-4640-8239-b0fbc7e4f150-140544486217536","trial_id":10,"state":1,"values":[0.7309417040358744],"datetime_complete":"2026-04-01T03:38:18.472801"}
{"op_code":4,"worker_id":"3a0787eb-8777-4640-8239-b0fbc7e4f150-140544486217536","study_id":0,"datetime_start":"2026-04-01T03:38:18.486980"}
{"op_code":5,"worker_id":"3a0787eb-8777-4640-8239-b0fbc7e4f150-140544486217536","trial_id":11,"param_name":"lr","param_value_internal":0.005612008565490061,"distribution":"{\"name\": \"FloatDistribution\", \"attributes\": {\"step\": null, \"low\": 0.0001, \"high\": 0.1, \"log\": true}}"}
{"op_code":5,"worker_id":"3a0787eb-8777-4640-8239-b0fbc7e4f150-140544486217536","trial_id":11,"param_name":"dropout","param_value_internal":0.05173966724619957,"distribution":"{\"name\": \"FloatDistribution\", \"attributes\": {\"step\": null, \"low\": 0.0, \"high\": 0.5, \"log\": false}}"}
{"op_code":5,"worker_id":"3a0787eb-8777-4640-8239-b0fbc7e4f150-140544486217536","trial_id":11,"param_name":"nodes","param_value_internal":0,"distribution":"{\"name\": \"CategoricalDistribution\", \"attributes\": {\"choices\": [\"64-64\", \"128-64\", \"256-128\"]}}"}
{"op_code":6,"worker_id":"3a0787eb-8777-4640-8239-b0fbc7e4f150-140544486217536","trial_id":11,"state":1,"values":[0.6995515695067265],"datetime_complete":"2026-04-01T03:38:18.661923"}
{"op_code":4,"worker_id":"3a0787eb-8777-4640-8239-b0fbc7e4f150-140544486217536","study_id":0,"datetime_start":"2026-04-01T03:38:18.673562"}
{"op_code":5,"worker_id":"3a0787eb-8777-4640-8239-b0fbc7e4f150-140544486217536","trial_id":12,"param_name":"lr","param_value_internal":0.015951074084659737,"distribution":"{\"name\": \"FloatDistribution\", \"attributes\": {\"step\": null, \"low\": 0.0001, \"high\": 0.1, \"log\": true}}"}
{"op_code":5,"worker_id":"3a0787eb-8777-4640-8239-b0fbc7e4f150-140544486217536","trial_id":12,"param_name":"dropout","param_value_internal":0.15786014068828466,"distribution":"{\"name\": \"FloatDistribution\", \"attributes\": {\"step\": null, \"low\": 0.0, \"high\": 0.5, \"log\": false}}"}
{"op_code":5,"worker_id":"3a0787eb-8777-4640-8239-b0fbc7e4f150-140544486217536","trial_id":12,"param_name":"nodes","param_value_internal":2,"distribution":"{\"name\": \"CategoricalDistribution\", \"attributes\": {\"choices\": [\"64-64\", \"128-64\", \"256-128\"]}}"}
{"op_code":6,"worker_id":"3a0787eb-8777-4640-8239-b0fbc7e4f150-140544486217536","trial_id":12,"state":1,"values":[0.726457399103139],"datetime_complete":"2026-04-01T03:38:18.842152"}
{"op_code":4,"worker_id":"3a0787eb-8777-4640-8239-b0fbc7e4f150-140544486217536","study_id":0,"datetime_start":"2026-04-01T03:38:18.853405"}
{"op_code":5,"worker_id":"3a0787eb-8777-4640-8239-b0fbc7e4f150-140544486217536","trial_id":13,"param_name":"lr","param_value_internal":0.00016225288814434804,"distribution":"{\"name\": \"FloatDistribution\", \"attributes\": {\"step\": null, \"low\": 0.0001, \"high\": 0.1, \"log\": true}}"}
{"op_code":5,"worker_id":"3a0787eb-8777-4640-8239-b0fbc7e4f150-140544486217536","trial_id":13,"param_name":"dropout","param_value_internal":0.0033863727426074186,"distribution":"{\"name\": \"FloatDistribution\", \"attributes\": {\"step\": null, \"low\": 0.0, \"high\": 0.5, \"log\": false}}"}
{"op_code":5,"worker_id":"3a0787eb-8777-4640-8239-b0fbc7e4f150-140544486217536","trial_id":13,"param_name":"nodes","param_value_internal":1,"distribution":"{\"name\": \"CategoricalDistribution\", \"attributes\": {\"choices\": [\"64-64\", \"128-64\", \"256-128\"]}}"}
{"op_code":6,"worker_id":"3a0787eb-8777-4640-8239-b0fbc7e4f150-140544486217536","trial_id":13,"state":1,"values":[0.7085201793721974],"datetime_complete":"2026-04-01T03:38:19.019699"}
{"op_code":4,"worker_id":"3a0787eb-8777-4640-8239-b0fbc7e4f150-140544486217536","study_id":0,"datetime_start":"2026-04-01T03:38:19.032477"}
{"op_code":5,"worker_id":"3a0787eb-8777-4640-8239-b0fbc7e4f150-140544486217536","trial_id":14,"param_name":"lr","param_value_internal":0.0027217808018681106,"distribution":"{\"name\": \"FloatDistribution\", \"attributes\": {\"step\": null, \"low\": 0.0001, \"high\": 0.1, \"log\": true}}"}
{"op_code":5,"worker_id":"3a0787eb-8777-4640-8239-b0fbc7e4f150-140544486217536","trial_id":14,"param_name":"dropout","param_value_internal":0.30395904177577093,"distribution":"{\"name\": \"FloatDistribution\", \"attributes\": {\"step\": null, \"low\": 0.0, \"high\": 0.5, \"log\": false}}"}
{"op_code":5,"worker_id":"3a0787eb-8777-4640-8239-b0fbc7e4f150-140544486217536","trial_id":14,"param_name":"nodes","param_value_internal":0,"distribution":"{\"name\": \"CategoricalDistribution\", \"attributes\": {\"choices\": [\"64-64\", \"128-64\", \"256-128\"]}}"}
{"op_code":6,"worker_id":"3a0787eb-8777-4640-8239-b0fbc7e4f150-140544486217536","trial_id":14,"state":1,"values":[0.7533632286995515],"datetime_complete":"2026-04-01T03:38:19.200609"}
{"op_code":4,"worker_id":"3a0787eb-8777-4640-8239-b0fbc7e4f150-140544486217536","study_id":0,"datetime_start":"2026-04-01T03:38:19.210354"}
{"op_code":5,"worker_id":"3a0787eb-8777-4640-8239-b0fbc7e4f150-140544486217536","trial_id":15,"param_name":"lr","param_value_internal":0.0032850836174483635,"distribution":"{\"name\": \"FloatDistribution\", \"attributes\": {\"step\": null, \"low\": 0.0001, \"high\": 0.1, \"log\": true}}"}
{"op_code":5,"worker_id":"3a0787eb-8777-4640-8239-b0fbc7e4f150-140544486217536","trial_id":15,"param_name":"dropout","param_value_internal":0.29633653239396124,"distribution":"{\"name\": \"FloatDistribution\", \"attributes\": {\"step\": null, \"low\": 0.0, \"high\": 0.5, \"log\": false}}"}
{"op_code":5,"worker_id":"3a0787eb-8777-4640-8239-b0fbc7e4f150-140544486217536","trial_id":15,"param_name":"nodes","param_value_internal":0,"distribution":"{\"name\": \"CategoricalDistribution\", \"attributes\": {\"choices\": [\"64-64\", \"128-64\", \"256-128\"]}}"}
{"op_code":6,"worker_id":"3a0787eb-8777-4640-8239-b0fbc7e4f150-140544486217536","trial_id":15,"state":1,"values":[0.757847533632287],"datetime_complete":"2026-04-01T03:38:19.376441"}
{"op_code":4,"worker_id":"3a0787eb-8777-4640-8239-b0fbc7e4f150-140544486217536","study_id":0,"datetime_start":"2026-04-01T03:38:19.385707"}
{"op_code":5,"worker_id":"3a0787eb-8777-4640-8239-b0fbc7e4f150-140544486217536","trial_id":16,"param_name":"lr","param_value_internal":0.0026751179304374084,"distribution":"{\"name\": \"FloatDistribution\", \"attributes\": {\"step\": null, \"low\": 0.0001, \"high\": 0.1, \"log\": true}}"}
{"op_code":5,"worker_id":"3a0787eb-8777-4640-8239-b0fbc7e4f150-140544486217536","trial_id":16,"param_name":"dropout","param_value_internal":0.2847259593244947,"distribution":"{\"name\": \"FloatDistribution\", \"attributes\": {\"step\": null, \"low\": 0.0, \"high\": 0.5, \"log\": false}}"}
{"op_code":5,"worker_id":"3a0787eb-8777-4640-8239-b0fbc7e4f150-140544486217536","trial_id":16,"param_name":"nodes","param_value_internal":0,"distribution":"{\"name\": \"CategoricalDistribution\", \"attributes\": {\"choices\": [\"64-64\", \"128-64\", \"256-128\"]}}"}
{"op_code":6,"worker_id":"3a0787eb-8777-4640-8239-b0fbc7e4f150-140544486217536","trial_id":16,"state":1,"values":[0.7219730941704036],"datetime_complete":"2026-04-01T03:38:19.552286"}
{"op_code":4,"worker_id":"3a0787eb-8777-4640-8239-b0fbc7e4f150-140544486217536","study_id":0,"datetime_start":"2026-04-01T03:38:19.561659"}
{"op_code":5,"worker_id":"3a0787eb-8777-4640-8239-b0fbc7e4f150-140544486217536","trial_id":17,"param_name":"lr","param_value_internal":0.0056981345427912135,"distribution":"{\"name\": \"FloatDistribution\", \"attributes\": {\"step\": null, \"low\": 0.0001, \"high\": 0.1, \"log\": true}}"}
{"op_code":5,"worker_id":"3a0787eb-8777-4640-8239-b0fbc7e4f150-140544486217536","trial_id":17,"param_name":"dropout","param_value_internal":0.411114589278873,"distribution":"{\"name\": \"FloatDistribution\", \"attributes\": {\"step\": null, \"low\": 0.0, \"high\": 0.5, \"log\": false}}"}
{"op_code":5,"worker_id":"3a0787eb-8777-4640-8239-b0fbc7e4f150-140544486217536","trial_id":17,"param_name":"nodes","param_value_internal":0,"distribution":"{\"name\": \"CategoricalDistribution\", \"attributes\": {\"choices\": [\"64-64\", \"128-64\", \"256-128\"]}}"}
{"op_code":6,"worker_id":"3a0787eb-8777-4640-8239-b0fbc7e4f150-140544486217536","trial_id":17,"state":1,"values":[0.7174887892376681],"datetime_complete":"2026-04-01T03:38:19.727682"}
{"op_code":4,"worker_id":"3a0787eb-8777-4640-8239-b0fbc7e4f150-140544486217536","study_id":0,"datetime_start":"2026-04-01T03:38:19.738748"}
{"op_code":5,"worker_id":"3a0787eb-8777-4640-8239-b0fbc7e4f150-140544486217536","trial_id":18,"param_name":"lr","param_value_internal":0.0012334333237360446,"distribution":"{\"name\": \"FloatDistribution\", \"attributes\": {\"step\": null, \"low\": 0.0001, \"high\": 0.1, \"log\": true}}"}
{"op_code":5,"worker_id":"3a0787eb-8777-4640-8239-b0fbc7e4f150-140544486217536","trial_id":18,"param_name":"dropout","param_value_internal":0.1782347451054359,"distribution":"{\"name\": \"FloatDistribution\", \"attributes\": {\"step\": null, \"low\": 0.0, \"high\": 0.5, \"log\": false}}"}
{"op_code":5,"worker_id":"3a0787eb-8777-4640-8239-b0fbc7e4f150-140544486217536","trial_id":18,"param_name":"nodes","param_value_internal":0,"distribution":"{\"name\": \"CategoricalDistribution\", \"attributes\": {\"choices\": [\"64-64\", \"128-64\", \"256-128\"]}}"}
{"op_code":6,"worker_id":"3a0787eb-8777-4640-8239-b0fbc7e4f150-140544486217536","trial_id":18,"state":1,"values":[0.7309417040358744],"datetime_complete":"2026-04-01T03:38:19.903142"}
{"op_code":4,"worker_id":"3a0787eb-8777-4640-8239-b0fbc7e4f150-140544486217536","study_id":0,"datetime_start":"2026-04-01T03:38:19.914167"}
{"op_code":5,"worker_id":"3a0787eb-8777-4640-8239-b0fbc7e4f150-140544486217536","trial_id":19,"param_name":"lr","param_value_internal":0.0029483841460547448,"distribution":"{\"name\": \"FloatDistribution\", \"attributes\": {\"step\": null, \"low\": 0.0001, \"high\": 0.1, \"log\": true}}"}
{"op_code":5,"worker_id":"3a0787eb-8777-4640-8239-b0fbc7e4f150-140544486217536","trial_id":19,"param_name":"dropout","param_value_internal":0.2811926444698344,"distribution":"{\"name\": \"FloatDistribution\", \"attributes\": {\"step\": null, \"low\": 0.0, \"high\": 0.5, \"log\": false}}"}
{"op_code":5,"worker_id":"3a0787eb-8777-4640-8239-b0fbc7e4f150-140544486217536","trial_id":19,"param_name":"nodes","param_value_internal":0,"distribution":"{\"name\": \"CategoricalDistribution\", \"attributes\": {\"choices\": [\"64-64\", \"128-64\", \"256-128\"]}}"}
{"op_code":6,"worker_id":"3a0787eb-8777-4640-8239-b0fbc7e4f150-140544486217536","trial_id":19,"state":1,"values":[0.7219730941704036],"datetime_complete":"2026-04-01T03:38:20.079103"}
