{"op_code":0,"worker_id":"225b8138-ed2a-45a9-a069-85641abdd88f-139699157092160","study_name":"pchazard_tuning","directions":[2]}
{"op_code":4,"worker_id":"225b8138-ed2a-45a9-a069-85641abdd88f-139699157092160","study_id":0,"datetime_start":"2026-03-27T07:02:18.153067"}
{"op_code":5,"worker_id":"225b8138-ed2a-45a9-a069-85641abdd88f-139699157092160","trial_id":0,"param_name":"lr","param_value_internal":0.004489901890012139,"distribution":"{\"name\": \"FloatDistribution\", \"attributes\": {\"step\": null, \"low\": 0.0001, \"high\": 0.1, \"log\": true}}"}
{"op_code":5,"worker_id":"225b8138-ed2a-45a9-a069-85641abdd88f-139699157092160","trial_id":0,"param_name":"dropout","param_value_internal":0.09365800442967759,"distribution":"{\"name\": \"FloatDistribution\", \"attributes\": {\"step\": null, \"low\": 0.0, \"high\": 0.5, \"log\": false}}"}
{"op_code":5,"worker_id":"225b8138-ed2a-45a9-a069-85641abdd88f-139699157092160","trial_id":0,"param_name":"layers","param_value_internal":3.0,"distribution":"{\"name\": \"IntDistribution\", \"attributes\": {\"log\": false, \"step\": 1, \"low\": 1, \"high\": 3}}"}
{"op_code":5,"worker_id":"225b8138-ed2a-45a9-a069-85641abdd88f-139699157092160","trial_id":0,"param_name":"nodes","param_value_internal":1,"distribution":"{\"name\": \"CategoricalDistribution\", \"attributes\": {\"choices\": [32, 64, 128]}}"}
{"op_code":6,"worker_id":"225b8138-ed2a-45a9-a069-85641abdd88f-139699157092160","trial_id":0,"state":1,"values":[0.0],"datetime_complete":"2026-03-27T07:02:18.213701"}
{"op_code":4,"worker_id":"225b8138-ed2a-45a9-a069-85641abdd88f-139699157092160","study_id":0,"datetime_start":"2026-03-27T07:02:18.225836"}
{"op_code":5,"worker_id":"225b8138-ed2a-45a9-a069-85641abdd88f-139699157092160","trial_id":1,"param_name":"lr","param_value_internal":0.0004693357415591076,"distribution":"{\"name\": \"FloatDistribution\", \"attributes\": {\"step\": null, \"low\": 0.0001, \"high\": 0.1, \"log\": true}}"}
{"op_code":5,"worker_id":"225b8138-ed2a-45a9-a069-85641abdd88f-139699157092160","trial_id":1,"param_name":"dropout","param_value_internal":0.4850970345364038,"distribution":"{\"name\": \"FloatDistribution\", \"attributes\": {\"step\": null, \"low\": 0.0, \"high\": 0.5, \"log\": false}}"}
{"op_code":5,"worker_id":"225b8138-ed2a-45a9-a069-85641abdd88f-139699157092160","trial_id":1,"param_name":"layers","param_value_internal":2.0,"distribution":"{\"name\": \"IntDistribution\", \"attributes\": {\"log\": false, \"step\": 1, \"low\": 1, \"high\": 3}}"}
{"op_code":5,"worker_id":"225b8138-ed2a-45a9-a069-85641abdd88f-139699157092160","trial_id":1,"param_name":"nodes","param_value_internal":2,"distribution":"{\"name\": \"CategoricalDistribution\", \"attributes\": {\"choices\": [32, 64, 128]}}"}
{"op_code":6,"worker_id":"225b8138-ed2a-45a9-a069-85641abdd88f-139699157092160","trial_id":1,"state":1,"values":[0.0],"datetime_complete":"2026-03-27T07:02:18.286528"}
{"op_code":4,"worker_id":"225b8138-ed2a-45a9-a069-85641abdd88f-139699157092160","study_id":0,"datetime_start":"2026-03-27T07:02:18.298251"}
{"op_code":5,"worker_id":"225b8138-ed2a-45a9-a069-85641abdd88f-139699157092160","trial_id":2,"param_name":"lr","param_value_internal":0.022775773969641252,"distribution":"{\"name\": \"FloatDistribution\", \"attributes\": {\"step\": null, \"low\": 0.0001, \"high\": 0.1, \"log\": true}}"}
{"op_code":5,"worker_id":"225b8138-ed2a-45a9-a069-85641abdd88f-139699157092160","trial_id":2,"param_name":"dropout","param_value_internal":0.15694401299905775,"distribution":"{\"name\": \"FloatDistribution\", \"attributes\": {\"step\": null, \"low\": 0.0, \"high\": 0.5, \"log\": false}}"}
{"op_code":5,"worker_id":"225b8138-ed2a-45a9-a069-85641abdd88f-139699157092160","trial_id":2,"param_name":"layers","param_value_internal":3.0,"distribution":"{\"name\": \"IntDistribution\", \"attributes\": {\"log\": false, \"step\": 1, \"low\": 1, \"high\": 3}}"}
{"op_code":5,"worker_id":"225b8138-ed2a-45a9-a069-85641abdd88f-139699157092160","trial_id":2,"param_name":"nodes","param_value_internal":0,"distribution":"{\"name\": \"CategoricalDistribution\", \"attributes\": {\"choices\": [32, 64, 128]}}"}
{"op_code":6,"worker_id":"225b8138-ed2a-45a9-a069-85641abdd88f-139699157092160","trial_id":2,"state":1,"values":[0.0],"datetime_complete":"2026-03-27T07:02:18.360544"}
{"op_code":4,"worker_id":"225b8138-ed2a-45a9-a069-85641abdd88f-139699157092160","study_id":0,"datetime_start":"2026-03-27T07:02:18.371394"}
{"op_code":5,"worker_id":"225b8138-ed2a-45a9-a069-85641abdd88f-139699157092160","trial_id":3,"param_name":"lr","param_value_internal":0.0029787340552287433,"distribution":"{\"name\": \"FloatDistribution\", \"attributes\": {\"step\": null, \"low\": 0.0001, \"high\": 0.1, \"log\": true}}"}
{"op_code":5,"worker_id":"225b8138-ed2a-45a9-a069-85641abdd88f-139699157092160","trial_id":3,"param_name":"dropout","param_value_internal":0.21934739989757596,"distribution":"{\"name\": \"FloatDistribution\", \"attributes\": {\"step\": null, \"low\": 0.0, \"high\": 0.5, \"log\": false}}"}
{"op_code":5,"worker_id":"225b8138-ed2a-45a9-a069-85641abdd88f-139699157092160","trial_id":3,"param_name":"layers","param_value_internal":2.0,"distribution":"{\"name\": \"IntDistribution\", \"attributes\": {\"log\": false, \"step\": 1, \"low\": 1, \"high\": 3}}"}
{"op_code":5,"worker_id":"225b8138-ed2a-45a9-a069-85641abdd88f-139699157092160","trial_id":3,"param_name":"nodes","param_value_internal":0,"distribution":"{\"name\": \"CategoricalDistribution\", \"attributes\": {\"choices\": [32, 64, 128]}}"}
{"op_code":6,"worker_id":"225b8138-ed2a-45a9-a069-85641abdd88f-139699157092160","trial_id":3,"state":1,"values":[0.0],"datetime_complete":"2026-03-27T07:02:18.445057"}
{"op_code":4,"worker_id":"225b8138-ed2a-45a9-a069-85641abdd88f-139699157092160","study_id":0,"datetime_start":"2026-03-27T07:02:18.454995"}
{"op_code":5,"worker_id":"225b8138-ed2a-45a9-a069-85641abdd88f-139699157092160","trial_id":4,"param_name":"lr","param_value_internal":0.09509592766730539,"distribution":"{\"name\": \"FloatDistribution\", \"attributes\": {\"step\": null, \"low\": 0.0001, \"high\": 0.1, \"log\": true}}"}
{"op_code":5,"worker_id":"225b8138-ed2a-45a9-a069-85641abdd88f-139699157092160","trial_id":4,"param_name":"dropout","param_value_internal":0.28264637549363325,"distribution":"{\"name\": \"FloatDistribution\", \"attributes\": {\"step\": null, \"low\": 0.0, \"high\": 0.5, \"log\": false}}"}
{"op_code":5,"worker_id":"225b8138-ed2a-45a9-a069-85641abdd88f-139699157092160","trial_id":4,"param_name":"layers","param_value_internal":1.0,"distribution":"{\"name\": \"IntDistribution\", \"attributes\": {\"log\": false, \"step\": 1, \"low\": 1, \"high\": 3}}"}
{"op_code":5,"worker_id":"225b8138-ed2a-45a9-a069-85641abdd88f-139699157092160","trial_id":4,"param_name":"nodes","param_value_internal":2,"distribution":"{\"name\": \"CategoricalDistribution\", \"attributes\": {\"choices\": [32, 64, 128]}}"}
{"op_code":6,"worker_id":"225b8138-ed2a-45a9-a069-85641abdd88f-139699157092160","trial_id":4,"state":1,"values":[0.0],"datetime_complete":"2026-03-27T07:02:18.520272"}
{"op_code":4,"worker_id":"225b8138-ed2a-45a9-a069-85641abdd88f-139699157092160","study_id":0,"datetime_start":"2026-03-27T07:02:18.532711"}
{"op_code":5,"worker_id":"225b8138-ed2a-45a9-a069-85641abdd88f-139699157092160","trial_id":5,"param_name":"lr","param_value_internal":0.0006379178360863384,"distribution":"{\"name\": \"FloatDistribution\", \"attributes\": {\"step\": null, \"low\": 0.0001, \"high\": 0.1, \"log\": true}}"}
{"op_code":5,"worker_id":"225b8138-ed2a-45a9-a069-85641abdd88f-139699157092160","trial_id":5,"param_name":"dropout","param_value_internal":0.2039803289015817,"distribution":"{\"name\": \"FloatDistribution\", \"attributes\": {\"step\": null, \"low\": 0.0, \"high\": 0.5, \"log\": false}}"}
{"op_code":5,"worker_id":"225b8138-ed2a-45a9-a069-85641abdd88f-139699157092160","trial_id":5,"param_name":"layers","param_value_internal":2.0,"distribution":"{\"name\": \"IntDistribution\", \"attributes\": {\"log\": false, \"step\": 1, \"low\": 1, \"high\": 3}}"}
{"op_code":5,"worker_id":"225b8138-ed2a-45a9-a069-85641abdd88f-139699157092160","trial_id":5,"param_name":"nodes","param_value_internal":0,"distribution":"{\"name\": \"CategoricalDistribution\", \"attributes\": {\"choices\": [32, 64, 128]}}"}
{"op_code":6,"worker_id":"225b8138-ed2a-45a9-a069-85641abdd88f-139699157092160","trial_id":5,"state":1,"values":[0.0],"datetime_complete":"2026-03-27T07:02:18.604412"}
{"op_code":4,"worker_id":"225b8138-ed2a-45a9-a069-85641abdd88f-139699157092160","study_id":0,"datetime_start":"2026-03-27T07:02:18.614699"}
{"op_code":5,"worker_id":"225b8138-ed2a-45a9-a069-85641abdd88f-139699157092160","trial_id":6,"param_name":"lr","param_value_internal":0.05421588538011314,"distribution":"{\"name\": \"FloatDistribution\", \"attributes\": {\"step\": null, \"low\": 0.0001, \"high\": 0.1, \"log\": true}}"}
{"op_code":5,"worker_id":"225b8138-ed2a-45a9-a069-85641abdd88f-139699157092160","trial_id":6,"param_name":"dropout","param_value_internal":0.025822647808057986,"distribution":"{\"name\": \"FloatDistribution\", \"attributes\": {\"step\": null, \"low\": 0.0, \"high\": 0.5, \"log\": false}}"}
{"op_code":5,"worker_id":"225b8138-ed2a-45a9-a069-85641abdd88f-139699157092160","trial_id":6,"param_name":"layers","param_value_internal":1.0,"distribution":"{\"name\": \"IntDistribution\", \"attributes\": {\"log\": false, \"step\": 1, \"low\": 1, \"high\": 3}}"}
{"op_code":5,"worker_id":"225b8138-ed2a-45a9-a069-85641abdd88f-139699157092160","trial_id":6,"param_name":"nodes","param_value_internal":1,"distribution":"{\"name\": \"CategoricalDistribution\", \"attributes\": {\"choices\": [32, 64, 128]}}"}
{"op_code":6,"worker_id":"225b8138-ed2a-45a9-a069-85641abdd88f-139699157092160","trial_id":6,"state":1,"values":[0.0],"datetime_complete":"2026-03-27T07:02:18.681312"}
{"op_code":4,"worker_id":"225b8138-ed2a-45a9-a069-85641abdd88f-139699157092160","study_id":0,"datetime_start":"2026-03-27T07:02:18.693457"}
{"op_code":5,"worker_id":"225b8138-ed2a-45a9-a069-85641abdd88f-139699157092160","trial_id":7,"param_name":"lr","param_value_internal":0.0078961447623073,"distribution":"{\"name\": \"FloatDistribution\", \"attributes\": {\"step\": null, \"low\": 0.0001, \"high\": 0.1, \"log\": true}}"}
{"op_code":5,"worker_id":"225b8138-ed2a-45a9-a069-85641abdd88f-139699157092160","trial_id":7,"param_name":"dropout","param_value_internal":0.1088241434893008,"distribution":"{\"name\": \"FloatDistribution\", \"attributes\": {\"step\": null, \"low\": 0.0, \"high\": 0.5, \"log\": false}}"}
{"op_code":5,"worker_id":"225b8138-ed2a-45a9-a069-85641abdd88f-139699157092160","trial_id":7,"param_name":"layers","param_value_internal":1.0,"distribution":"{\"name\": \"IntDistribution\", \"attributes\": {\"log\": false, \"step\": 1, \"low\": 1, \"high\": 3}}"}
{"op_code":5,"worker_id":"225b8138-ed2a-45a9-a069-85641abdd88f-139699157092160","trial_id":7,"param_name":"nodes","param_value_internal":1,"distribution":"{\"name\": \"CategoricalDistribution\", \"attributes\": {\"choices\": [32, 64, 128]}}"}
{"op_code":6,"worker_id":"225b8138-ed2a-45a9-a069-85641abdd88f-139699157092160","trial_id":7,"state":1,"values":[0.0],"datetime_complete":"2026-03-27T07:02:18.764537"}
{"op_code":4,"worker_id":"225b8138-ed2a-45a9-a069-85641abdd88f-139699157092160","study_id":0,"datetime_start":"2026-03-27T07:02:18.777832"}
{"op_code":5,"worker_id":"225b8138-ed2a-45a9-a069-85641abdd88f-139699157092160","trial_id":8,"param_name":"lr","param_value_internal":0.006425798872737,"distribution":"{\"name\": \"FloatDistribution\", \"attributes\": {\"step\": null, \"low\": 0.0001, \"high\": 0.1, \"log\": true}}"}
{"op_code":5,"worker_id":"225b8138-ed2a-45a9-a069-85641abdd88f-139699157092160","trial_id":8,"param_name":"dropout","param_value_internal":0.10718026613215886,"distribution":"{\"name\": \"FloatDistribution\", \"attributes\": {\"step\": null, \"low\": 0.0, \"high\": 0.5, \"log\": false}}"}
{"op_code":5,"worker_id":"225b8138-ed2a-45a9-a069-85641abdd88f-139699157092160","trial_id":8,"param_name":"layers","param_value_internal":3.0,"distribution":"{\"name\": \"IntDistribution\", \"attributes\": {\"log\": false, \"step\": 1, \"low\": 1, \"high\": 3}}"}
{"op_code":5,"worker_id":"225b8138-ed2a-45a9-a069-85641abdd88f-139699157092160","trial_id":8,"param_name":"nodes","param_value_internal":0,"distribution":"{\"name\": \"CategoricalDistribution\", \"attributes\": {\"choices\": [32, 64, 128]}}"}
{"op_code":6,"worker_id":"225b8138-ed2a-45a9-a069-85641abdd88f-139699157092160","trial_id":8,"state":1,"values":[0.0],"datetime_complete":"2026-03-27T07:02:18.858116"}
{"op_code":4,"worker_id":"225b8138-ed2a-45a9-a069-85641abdd88f-139699157092160","study_id":0,"datetime_start":"2026-03-27T07:02:18.871587"}
{"op_code":5,"worker_id":"225b8138-ed2a-45a9-a069-85641abdd88f-139699157092160","trial_id":9,"param_name":"lr","param_value_internal":0.0038799017866818497,"distribution":"{\"name\": \"FloatDistribution\", \"attributes\": {\"step\": null, \"low\": 0.0001, \"high\": 0.1, \"log\": true}}"}
{"op_code":5,"worker_id":"225b8138-ed2a-45a9-a069-85641abdd88f-139699157092160","trial_id":9,"param_name":"dropout","param_value_internal":0.005414169745864839,"distribution":"{\"name\": \"FloatDistribution\", \"attributes\": {\"step\": null, \"low\": 0.0, \"high\": 0.5, \"log\": false}}"}
{"op_code":5,"worker_id":"225b8138-ed2a-45a9-a069-85641abdd88f-139699157092160","trial_id":9,"param_name":"layers","param_value_internal":2.0,"distribution":"{\"name\": \"IntDistribution\", \"attributes\": {\"log\": false, \"step\": 1, \"low\": 1, \"high\": 3}}"}
{"op_code":5,"worker_id":"225b8138-ed2a-45a9-a069-85641abdd88f-139699157092160","trial_id":9,"param_name":"nodes","param_value_internal":1,"distribution":"{\"name\": \"CategoricalDistribution\", \"attributes\": {\"choices\": [32, 64, 128]}}"}
{"op_code":6,"worker_id":"225b8138-ed2a-45a9-a069-85641abdd88f-139699157092160","trial_id":9,"state":1,"values":[0.0],"datetime_complete":"2026-03-27T07:02:18.947908"}
{"op_code":4,"worker_id":"225b8138-ed2a-45a9-a069-85641abdd88f-139699157092160","study_id":0,"datetime_start":"2026-03-27T07:02:18.960932"}
{"op_code":5,"worker_id":"225b8138-ed2a-45a9-a069-85641abdd88f-139699157092160","trial_id":10,"param_name":"lr","param_value_internal":0.00011463082280650024,"distribution":"{\"name\": \"FloatDistribution\", \"attributes\": {\"step\": null, \"low\": 0.0001, \"high\": 0.1, \"log\": true}}"}
{"op_code":5,"worker_id":"225b8138-ed2a-45a9-a069-85641abdd88f-139699157092160","trial_id":10,"param_name":"dropout","param_value_internal":0.3455675907741557,"distribution":"{\"name\": \"FloatDistribution\", \"attributes\": {\"step\": null, \"low\": 0.0, \"high\": 0.5, \"log\": false}}"}
{"op_code":5,"worker_id":"225b8138-ed2a-45a9-a069-85641abdd88f-139699157092160","trial_id":10,"param_name":"layers","param_value_internal":3.0,"distribution":"{\"name\": \"IntDistribution\", \"attributes\": {\"log\": false, \"step\": 1, \"low\": 1, \"high\": 3}}"}
{"op_code":5,"worker_id":"225b8138-ed2a-45a9-a069-85641abdd88f-139699157092160","trial_id":10,"param_name":"nodes","param_value_internal":1,"distribution":"{\"name\": \"CategoricalDistribution\", \"attributes\": {\"choices\": [32, 64, 128]}}"}
{"op_code":6,"worker_id":"225b8138-ed2a-45a9-a069-85641abdd88f-139699157092160","trial_id":10,"state":1,"values":[0.0],"datetime_complete":"2026-03-27T07:02:19.050861"}
{"op_code":4,"worker_id":"225b8138-ed2a-45a9-a069-85641abdd88f-139699157092160","study_id":0,"datetime_start":"2026-03-27T07:02:19.064340"}
{"op_code":5,"worker_id":"225b8138-ed2a-45a9-a069-85641abdd88f-139699157092160","trial_id":11,"param_name":"lr","param_value_internal":0.0008065071916854645,"distribution":"{\"name\": \"FloatDistribution\", \"attributes\": {\"step\": null, \"low\": 0.0001, \"high\": 0.1, \"log\": true}}"}
{"op_code":5,"worker_id":"225b8138-ed2a-45a9-a069-85641abdd88f-139699157092160","trial_id":11,"param_name":"dropout","param_value_internal":0.4993357726030705,"distribution":"{\"name\": \"FloatDistribution\", \"attributes\": {\"step\": null, \"low\": 0.0, \"high\": 0.5, \"log\": false}}"}
{"op_code":5,"worker_id":"225b8138-ed2a-45a9-a069-85641abdd88f-139699157092160","trial_id":11,"param_name":"layers","param_value_internal":2.0,"distribution":"{\"name\": \"IntDistribution\", \"attributes\": {\"log\": false, \"step\": 1, \"low\": 1, \"high\": 3}}"}
{"op_code":5,"worker_id":"225b8138-ed2a-45a9-a069-85641abdd88f-139699157092160","trial_id":11,"param_name":"nodes","param_value_internal":2,"distribution":"{\"name\": \"CategoricalDistribution\", \"attributes\": {\"choices\": [32, 64, 128]}}"}
{"op_code":6,"worker_id":"225b8138-ed2a-45a9-a069-85641abdd88f-139699157092160","trial_id":11,"state":1,"values":[0.0],"datetime_complete":"2026-03-27T07:02:19.156338"}
{"op_code":4,"worker_id":"225b8138-ed2a-45a9-a069-85641abdd88f-139699157092160","study_id":0,"datetime_start":"2026-03-27T07:02:19.169950"}
{"op_code":5,"worker_id":"225b8138-ed2a-45a9-a069-85641abdd88f-139699157092160","trial_id":12,"param_name":"lr","param_value_internal":0.0007404702863771459,"distribution":"{\"name\": \"FloatDistribution\", \"attributes\": {\"step\": null, \"low\": 0.0001, \"high\": 0.1, \"log\": true}}"}
{"op_code":5,"worker_id":"225b8138-ed2a-45a9-a069-85641abdd88f-139699157092160","trial_id":12,"param_name":"dropout","param_value_internal":0.4743818664000852,"distribution":"{\"name\": \"FloatDistribution\", \"attributes\": {\"step\": null, \"low\": 0.0, \"high\": 0.5, \"log\": false}}"}
{"op_code":5,"worker_id":"225b8138-ed2a-45a9-a069-85641abdd88f-139699157092160","trial_id":12,"param_name":"layers","param_value_internal":3.0,"distribution":"{\"name\": \"IntDistribution\", \"attributes\": {\"log\": false, \"step\": 1, \"low\": 1, \"high\": 3}}"}
{"op_code":5,"worker_id":"225b8138-ed2a-45a9-a069-85641abdd88f-139699157092160","trial_id":12,"param_name":"nodes","param_value_internal":2,"distribution":"{\"name\": \"CategoricalDistribution\", \"attributes\": {\"choices\": [32, 64, 128]}}"}
{"op_code":6,"worker_id":"225b8138-ed2a-45a9-a069-85641abdd88f-139699157092160","trial_id":12,"state":1,"values":[0.0],"datetime_complete":"2026-03-27T07:02:19.263015"}
{"op_code":4,"worker_id":"225b8138-ed2a-45a9-a069-85641abdd88f-139699157092160","study_id":0,"datetime_start":"2026-03-27T07:02:19.276292"}
{"op_code":5,"worker_id":"225b8138-ed2a-45a9-a069-85641abdd88f-139699157092160","trial_id":13,"param_name":"lr","param_value_internal":0.00015022118643133337,"distribution":"{\"name\": \"FloatDistribution\", \"attributes\": {\"step\": null, \"low\": 0.0001, \"high\": 0.1, \"log\": true}}"}
{"op_code":5,"worker_id":"225b8138-ed2a-45a9-a069-85641abdd88f-139699157092160","trial_id":13,"param_name":"dropout","param_value_internal":0.41073314438842884,"distribution":"{\"name\": \"FloatDistribution\", \"attributes\": {\"step\": null, \"low\": 0.0, \"high\": 0.5, \"log\": false}}"}
{"op_code":5,"worker_id":"225b8138-ed2a-45a9-a069-85641abdd88f-139699157092160","trial_id":13,"param_name":"layers","param_value_internal":2.0,"distribution":"{\"name\": \"IntDistribution\", \"attributes\": {\"log\": false, \"step\": 1, \"low\": 1, \"high\": 3}}"}
{"op_code":5,"worker_id":"225b8138-ed2a-45a9-a069-85641abdd88f-139699157092160","trial_id":13,"param_name":"nodes","param_value_internal":2,"distribution":"{\"name\": \"CategoricalDistribution\", \"attributes\": {\"choices\": [32, 64, 128]}}"}
{"op_code":6,"worker_id":"225b8138-ed2a-45a9-a069-85641abdd88f-139699157092160","trial_id":13,"state":1,"values":[0.0],"datetime_complete":"2026-03-27T07:02:19.363336"}
{"op_code":4,"worker_id":"225b8138-ed2a-45a9-a069-85641abdd88f-139699157092160","study_id":0,"datetime_start":"2026-03-27T07:02:19.375500"}
{"op_code":5,"worker_id":"225b8138-ed2a-45a9-a069-85641abdd88f-139699157092160","trial_id":14,"param_name":"lr","param_value_internal":0.0016855448862346872,"distribution":"{\"name\": \"FloatDistribution\", \"attributes\": {\"step\": null, \"low\": 0.0001, \"high\": 0.1, \"log\": true}}"}
{"op_code":5,"worker_id":"225b8138-ed2a-45a9-a069-85641abdd88f-139699157092160","trial_id":14,"param_name":"dropout","param_value_internal":0.3186909636445109,"distribution":"{\"name\": \"FloatDistribution\", \"attributes\": {\"step\": null, \"low\": 0.0, \"high\": 0.5, \"log\": false}}"}
{"op_code":5,"worker_id":"225b8138-ed2a-45a9-a069-85641abdd88f-139699157092160","trial_id":14,"param_name":"layers","param_value_internal":3.0,"distribution":"{\"name\": \"IntDistribution\", \"attributes\": {\"log\": false, \"step\": 1, \"low\": 1, \"high\": 3}}"}
{"op_code":5,"worker_id":"225b8138-ed2a-45a9-a069-85641abdd88f-139699157092160","trial_id":14,"param_name":"nodes","param_value_internal":2,"distribution":"{\"name\": \"CategoricalDistribution\", \"attributes\": {\"choices\": [32, 64, 128]}}"}
{"op_code":6,"worker_id":"225b8138-ed2a-45a9-a069-85641abdd88f-139699157092160","trial_id":14,"state":1,"values":[0.0],"datetime_complete":"2026-03-27T07:02:19.470733"}
{"op_code":4,"worker_id":"225b8138-ed2a-45a9-a069-85641abdd88f-139699157092160","study_id":0,"datetime_start":"2026-03-27T07:02:19.484494"}
{"op_code":5,"worker_id":"225b8138-ed2a-45a9-a069-85641abdd88f-139699157092160","trial_id":15,"param_name":"lr","param_value_internal":0.0003518935743323229,"distribution":"{\"name\": \"FloatDistribution\", \"attributes\": {\"step\": null, \"low\": 0.0001, \"high\": 0.1, \"log\": true}}"}
{"op_code":5,"worker_id":"225b8138-ed2a-45a9-a069-85641abdd88f-139699157092160","trial_id":15,"param_name":"dropout","param_value_internal":0.3770586339770396,"distribution":"{\"name\": \"FloatDistribution\", \"attributes\": {\"step\": null, \"low\": 0.0, \"high\": 0.5, \"log\": false}}"}
{"op_code":5,"worker_id":"225b8138-ed2a-45a9-a069-85641abdd88f-139699157092160","trial_id":15,"param_name":"layers","param_value_internal":2.0,"distribution":"{\"name\": \"IntDistribution\", \"attributes\": {\"log\": false, \"step\": 1, \"low\": 1, \"high\": 3}}"}
{"op_code":5,"worker_id":"225b8138-ed2a-45a9-a069-85641abdd88f-139699157092160","trial_id":15,"param_name":"nodes","param_value_internal":1,"distribution":"{\"name\": \"CategoricalDistribution\", \"attributes\": {\"choices\": [32, 64, 128]}}"}
{"op_code":6,"worker_id":"225b8138-ed2a-45a9-a069-85641abdd88f-139699157092160","trial_id":15,"state":1,"values":[0.0],"datetime_complete":"2026-03-27T07:02:19.571320"}
{"op_code":4,"worker_id":"225b8138-ed2a-45a9-a069-85641abdd88f-139699157092160","study_id":0,"datetime_start":"2026-03-27T07:02:19.584689"}
{"op_code":5,"worker_id":"225b8138-ed2a-45a9-a069-85641abdd88f-139699157092160","trial_id":16,"param_name":"lr","param_value_internal":0.015419925782093766,"distribution":"{\"name\": \"FloatDistribution\", \"attributes\": {\"step\": null, \"low\": 0.0001, \"high\": 0.1, \"log\": true}}"}
{"op_code":5,"worker_id":"225b8138-ed2a-45a9-a069-85641abdd88f-139699157092160","trial_id":16,"param_name":"dropout","param_value_internal":0.08822795000558631,"distribution":"{\"name\": \"FloatDistribution\", \"attributes\": {\"step\": null, \"low\": 0.0, \"high\": 0.5, \"log\": false}}"}
{"op_code":5,"worker_id":"225b8138-ed2a-45a9-a069-85641abdd88f-139699157092160","trial_id":16,"param_name":"layers","param_value_internal":2.0,"distribution":"{\"name\": \"IntDistribution\", \"attributes\": {\"log\": false, \"step\": 1, \"low\": 1, \"high\": 3}}"}
{"op_code":5,"worker_id":"225b8138-ed2a-45a9-a069-85641abdd88f-139699157092160","trial_id":16,"param_name":"nodes","param_value_internal":2,"distribution":"{\"name\": \"CategoricalDistribution\", \"attributes\": {\"choices\": [32, 64, 128]}}"}
{"op_code":6,"worker_id":"225b8138-ed2a-45a9-a069-85641abdd88f-139699157092160","trial_id":16,"state":1,"values":[0.0],"datetime_complete":"2026-03-27T07:02:19.674952"}
{"op_code":4,"worker_id":"225b8138-ed2a-45a9-a069-85641abdd88f-139699157092160","study_id":0,"datetime_start":"2026-03-27T07:02:19.687580"}
{"op_code":5,"worker_id":"225b8138-ed2a-45a9-a069-85641abdd88f-139699157092160","trial_id":17,"param_name":"lr","param_value_internal":0.0018531125433672603,"distribution":"{\"name\": \"FloatDistribution\", \"attributes\": {\"step\": null, \"low\": 0.0001, \"high\": 0.1, \"log\": true}}"}
{"op_code":5,"worker_id":"225b8138-ed2a-45a9-a069-85641abdd88f-139699157092160","trial_id":17,"param_name":"dropout","param_value_internal":0.4251644558535941,"distribution":"{\"name\": \"FloatDistribution\", \"attributes\": {\"step\": null, \"low\": 0.0, \"high\": 0.5, \"log\": false}}"}
{"op_code":5,"worker_id":"225b8138-ed2a-45a9-a069-85641abdd88f-139699157092160","trial_id":17,"param_name":"layers","param_value_internal":3.0,"distribution":"{\"name\": \"IntDistribution\", \"attributes\": {\"log\": false, \"step\": 1, \"low\": 1, \"high\": 3}}"}
{"op_code":5,"worker_id":"225b8138-ed2a-45a9-a069-85641abdd88f-139699157092160","trial_id":17,"param_name":"nodes","param_value_internal":1,"distribution":"{\"name\": \"CategoricalDistribution\", \"attributes\": {\"choices\": [32, 64, 128]}}"}
{"op_code":6,"worker_id":"225b8138-ed2a-45a9-a069-85641abdd88f-139699157092160","trial_id":17,"state":1,"values":[0.0],"datetime_complete":"2026-03-27T07:02:19.780923"}
{"op_code":4,"worker_id":"225b8138-ed2a-45a9-a069-85641abdd88f-139699157092160","study_id":0,"datetime_start":"2026-03-27T07:02:19.793050"}
{"op_code":5,"worker_id":"225b8138-ed2a-45a9-a069-85641abdd88f-139699157092160","trial_id":18,"param_name":"lr","param_value_internal":0.00028769867008322206,"distribution":"{\"name\": \"FloatDistribution\", \"attributes\": {\"step\": null, \"low\": 0.0001, \"high\": 0.1, \"log\": true}}"}
{"op_code":5,"worker_id":"225b8138-ed2a-45a9-a069-85641abdd88f-139699157092160","trial_id":18,"param_name":"dropout","param_value_internal":0.2520982692861918,"distribution":"{\"name\": \"FloatDistribution\", \"attributes\": {\"step\": null, \"low\": 0.0, \"high\": 0.5, \"log\": false}}"}
{"op_code":5,"worker_id":"225b8138-ed2a-45a9-a069-85641abdd88f-139699157092160","trial_id":18,"param_name":"layers","param_value_internal":1.0,"distribution":"{\"name\": \"IntDistribution\", \"attributes\": {\"log\": false, \"step\": 1, \"low\": 1, \"high\": 3}}"}
{"op_code":5,"worker_id":"225b8138-ed2a-45a9-a069-85641abdd88f-139699157092160","trial_id":18,"param_name":"nodes","param_value_internal":1,"distribution":"{\"name\": \"CategoricalDistribution\", \"attributes\": {\"choices\": [32, 64, 128]}}"}
{"op_code":6,"worker_id":"225b8138-ed2a-45a9-a069-85641abdd88f-139699157092160","trial_id":18,"state":1,"values":[0.0],"datetime_complete":"2026-03-27T07:02:19.879384"}
{"op_code":4,"worker_id":"225b8138-ed2a-45a9-a069-85641abdd88f-139699157092160","study_id":0,"datetime_start":"2026-03-27T07:02:19.893223"}
{"op_code":5,"worker_id":"225b8138-ed2a-45a9-a069-85641abdd88f-139699157092160","trial_id":19,"param_name":"lr","param_value_internal":0.001319369047570188,"distribution":"{\"name\": \"FloatDistribution\", \"attributes\": {\"step\": null, \"low\": 0.0001, \"high\": 0.1, \"log\": true}}"}
{"op_code":5,"worker_id":"225b8138-ed2a-45a9-a069-85641abdd88f-139699157092160","trial_id":19,"param_name":"dropout","param_value_internal":0.152632520919338,"distribution":"{\"name\": \"FloatDistribution\", \"attributes\": {\"step\": null, \"low\": 0.0, \"high\": 0.5, \"log\": false}}"}
{"op_code":5,"worker_id":"225b8138-ed2a-45a9-a069-85641abdd88f-139699157092160","trial_id":19,"param_name":"layers","param_value_internal":2.0,"distribution":"{\"name\": \"IntDistribution\", \"attributes\": {\"log\": false, \"step\": 1, \"low\": 1, \"high\": 3}}"}
{"op_code":5,"worker_id":"225b8138-ed2a-45a9-a069-85641abdd88f-139699157092160","trial_id":19,"param_name":"nodes","param_value_internal":2,"distribution":"{\"name\": \"CategoricalDistribution\", \"attributes\": {\"choices\": [32, 64, 128]}}"}
{"op_code":6,"worker_id":"225b8138-ed2a-45a9-a069-85641abdd88f-139699157092160","trial_id":19,"state":1,"values":[0.0],"datetime_complete":"2026-03-27T07:02:19.982213"}
