{"op_code":0,"worker_id":"de27112a-9dcc-4cf9-853d-87258a7a74ad-140485451474752","study_name":"deepsurv_tuning","directions":[2]}
{"op_code":4,"worker_id":"de27112a-9dcc-4cf9-853d-87258a7a74ad-140485451474752","study_id":0,"datetime_start":"2026-04-06T09:47:42.432749"}
{"op_code":5,"worker_id":"de27112a-9dcc-4cf9-853d-87258a7a74ad-140485451474752","trial_id":0,"param_name":"lr","param_value_internal":0.07003258862544186,"distribution":"{\"name\": \"FloatDistribution\", \"attributes\": {\"step\": null, \"low\": 0.0001, \"high\": 0.1, \"log\": true}}"}
{"op_code":5,"worker_id":"de27112a-9dcc-4cf9-853d-87258a7a74ad-140485451474752","trial_id":0,"param_name":"dropout","param_value_internal":0.1449518132079895,"distribution":"{\"name\": \"FloatDistribution\", \"attributes\": {\"step\": null, \"low\": 0.0, \"high\": 0.5, \"log\": false}}"}
{"op_code":5,"worker_id":"de27112a-9dcc-4cf9-853d-87258a7a74ad-140485451474752","trial_id":0,"param_name":"layers","param_value_internal":0,"distribution":"{\"name\": \"CategoricalDistribution\", \"attributes\": {\"choices\": [1, 2, 3]}}"}
{"op_code":5,"worker_id":"de27112a-9dcc-4cf9-853d-87258a7a74ad-140485451474752","trial_id":0,"param_name":"nodes","param_value_internal":2,"distribution":"{\"name\": \"CategoricalDistribution\", \"attributes\": {\"choices\": [16, 32, 64]}}"}
{"op_code":6,"worker_id":"de27112a-9dcc-4cf9-853d-87258a7a74ad-140485451474752","trial_id":0,"state":1,"values":[0.7986542443064182],"datetime_complete":"2026-04-06T09:47:42.742505"}
{"op_code":4,"worker_id":"de27112a-9dcc-4cf9-853d-87258a7a74ad-140485451474752","study_id":0,"datetime_start":"2026-04-06T09:47:42.757106"}
{"op_code":5,"worker_id":"de27112a-9dcc-4cf9-853d-87258a7a74ad-140485451474752","trial_id":1,"param_name":"lr","param_value_internal":0.005039431368325675,"distribution":"{\"name\": \"FloatDistribution\", \"attributes\": {\"step\": null, \"low\": 0.0001, \"high\": 0.1, \"log\": true}}"}
{"op_code":5,"worker_id":"de27112a-9dcc-4cf9-853d-87258a7a74ad-140485451474752","trial_id":1,"param_name":"dropout","param_value_internal":0.059599870381440656,"distribution":"{\"name\": \"FloatDistribution\", \"attributes\": {\"step\": null, \"low\": 0.0, \"high\": 0.5, \"log\": false}}"}
{"op_code":5,"worker_id":"de27112a-9dcc-4cf9-853d-87258a7a74ad-140485451474752","trial_id":1,"param_name":"layers","param_value_internal":1,"distribution":"{\"name\": \"CategoricalDistribution\", \"attributes\": {\"choices\": [1, 2, 3]}}"}
{"op_code":5,"worker_id":"de27112a-9dcc-4cf9-853d-87258a7a74ad-140485451474752","trial_id":1,"param_name":"nodes","param_value_internal":0,"distribution":"{\"name\": \"CategoricalDistribution\", \"attributes\": {\"choices\": [16, 32, 64]}}"}
{"op_code":6,"worker_id":"de27112a-9dcc-4cf9-853d-87258a7a74ad-140485451474752","trial_id":1,"state":1,"values":[0.7888198757763976],"datetime_complete":"2026-04-06T09:47:43.233017"}
{"op_code":4,"worker_id":"de27112a-9dcc-4cf9-853d-87258a7a74ad-140485451474752","study_id":0,"datetime_start":"2026-04-06T09:47:43.252755"}
{"op_code":5,"worker_id":"de27112a-9dcc-4cf9-853d-87258a7a74ad-140485451474752","trial_id":2,"param_name":"lr","param_value_internal":0.01568031140244911,"distribution":"{\"name\": \"FloatDistribution\", \"attributes\": {\"step\": null, \"low\": 0.0001, \"high\": 0.1, \"log\": true}}"}
{"op_code":5,"worker_id":"de27112a-9dcc-4cf9-853d-87258a7a74ad-140485451474752","trial_id":2,"param_name":"dropout","param_value_internal":0.40764027136694075,"distribution":"{\"name\": \"FloatDistribution\", \"attributes\": {\"step\": null, \"low\": 0.0, \"high\": 0.5, \"log\": false}}"}
{"op_code":5,"worker_id":"de27112a-9dcc-4cf9-853d-87258a7a74ad-140485451474752","trial_id":2,"param_name":"layers","param_value_internal":2,"distribution":"{\"name\": \"CategoricalDistribution\", \"attributes\": {\"choices\": [1, 2, 3]}}"}
{"op_code":5,"worker_id":"de27112a-9dcc-4cf9-853d-87258a7a74ad-140485451474752","trial_id":2,"param_name":"nodes","param_value_internal":1,"distribution":"{\"name\": \"CategoricalDistribution\", \"attributes\": {\"choices\": [16, 32, 64]}}"}
{"op_code":6,"worker_id":"de27112a-9dcc-4cf9-853d-87258a7a74ad-140485451474752","trial_id":2,"state":1,"values":[0.8312629399585921],"datetime_complete":"2026-04-06T09:47:43.806395"}
{"op_code":4,"worker_id":"de27112a-9dcc-4cf9-853d-87258a7a74ad-140485451474752","study_id":0,"datetime_start":"2026-04-06T09:47:43.828676"}
{"op_code":5,"worker_id":"de27112a-9dcc-4cf9-853d-87258a7a74ad-140485451474752","trial_id":3,"param_name":"lr","param_value_internal":0.008627107196679407,"distribution":"{\"name\": \"FloatDistribution\", \"attributes\": {\"step\": null, \"low\": 0.0001, \"high\": 0.1, \"log\": true}}"}
{"op_code":5,"worker_id":"de27112a-9dcc-4cf9-853d-87258a7a74ad-140485451474752","trial_id":3,"param_name":"dropout","param_value_internal":0.4468131139915583,"distribution":"{\"name\": \"FloatDistribution\", \"attributes\": {\"step\": null, \"low\": 0.0, \"high\": 0.5, \"log\": false}}"}
{"op_code":5,"worker_id":"de27112a-9dcc-4cf9-853d-87258a7a74ad-140485451474752","trial_id":3,"param_name":"layers","param_value_internal":1,"distribution":"{\"name\": \"CategoricalDistribution\", \"attributes\": {\"choices\": [1, 2, 3]}}"}
{"op_code":5,"worker_id":"de27112a-9dcc-4cf9-853d-87258a7a74ad-140485451474752","trial_id":3,"param_name":"nodes","param_value_internal":1,"distribution":"{\"name\": \"CategoricalDistribution\", \"attributes\": {\"choices\": [16, 32, 64]}}"}
{"op_code":6,"worker_id":"de27112a-9dcc-4cf9-853d-87258a7a74ad-140485451474752","trial_id":3,"state":1,"values":[0.8053830227743272],"datetime_complete":"2026-04-06T09:47:44.319297"}
{"op_code":4,"worker_id":"de27112a-9dcc-4cf9-853d-87258a7a74ad-140485451474752","study_id":0,"datetime_start":"2026-04-06T09:47:44.335342"}
{"op_code":5,"worker_id":"de27112a-9dcc-4cf9-853d-87258a7a74ad-140485451474752","trial_id":4,"param_name":"lr","param_value_internal":0.00883325884955146,"distribution":"{\"name\": \"FloatDistribution\", \"attributes\": {\"step\": null, \"low\": 0.0001, \"high\": 0.1, \"log\": true}}"}
{"op_code":5,"worker_id":"de27112a-9dcc-4cf9-853d-87258a7a74ad-140485451474752","trial_id":4,"param_name":"dropout","param_value_internal":0.24576968827673074,"distribution":"{\"name\": \"FloatDistribution\", \"attributes\": {\"step\": null, \"low\": 0.0, \"high\": 0.5, \"log\": false}}"}
{"op_code":5,"worker_id":"de27112a-9dcc-4cf9-853d-87258a7a74ad-140485451474752","trial_id":4,"param_name":"layers","param_value_internal":1,"distribution":"{\"name\": \"CategoricalDistribution\", \"attributes\": {\"choices\": [1, 2, 3]}}"}
{"op_code":5,"worker_id":"de27112a-9dcc-4cf9-853d-87258a7a74ad-140485451474752","trial_id":4,"param_name":"nodes","param_value_internal":2,"distribution":"{\"name\": \"CategoricalDistribution\", \"attributes\": {\"choices\": [16, 32, 64]}}"}
{"op_code":6,"worker_id":"de27112a-9dcc-4cf9-853d-87258a7a74ad-140485451474752","trial_id":4,"state":1,"values":[0.7986542443064182],"datetime_complete":"2026-04-06T09:47:44.832000"}
{"op_code":4,"worker_id":"de27112a-9dcc-4cf9-853d-87258a7a74ad-140485451474752","study_id":0,"datetime_start":"2026-04-06T09:47:44.850640"}
{"op_code":5,"worker_id":"de27112a-9dcc-4cf9-853d-87258a7a74ad-140485451474752","trial_id":5,"param_name":"lr","param_value_internal":0.032504219064011707,"distribution":"{\"name\": \"FloatDistribution\", \"attributes\": {\"step\": null, \"low\": 0.0001, \"high\": 0.1, \"log\": true}}"}
{"op_code":5,"worker_id":"de27112a-9dcc-4cf9-853d-87258a7a74ad-140485451474752","trial_id":5,"param_name":"dropout","param_value_internal":0.16241877905645968,"distribution":"{\"name\": \"FloatDistribution\", \"attributes\": {\"step\": null, \"low\": 0.0, \"high\": 0.5, \"log\": false}}"}
{"op_code":5,"worker_id":"de27112a-9dcc-4cf9-853d-87258a7a74ad-140485451474752","trial_id":5,"param_name":"layers","param_value_internal":1,"distribution":"{\"name\": \"CategoricalDistribution\", \"attributes\": {\"choices\": [1, 2, 3]}}"}
{"op_code":5,"worker_id":"de27112a-9dcc-4cf9-853d-87258a7a74ad-140485451474752","trial_id":5,"param_name":"nodes","param_value_internal":0,"distribution":"{\"name\": \"CategoricalDistribution\", \"attributes\": {\"choices\": [16, 32, 64]}}"}
{"op_code":6,"worker_id":"de27112a-9dcc-4cf9-853d-87258a7a74ad-140485451474752","trial_id":5,"state":1,"values":[0.8043478260869565],"datetime_complete":"2026-04-06T09:47:45.343028"}
{"op_code":4,"worker_id":"de27112a-9dcc-4cf9-853d-87258a7a74ad-140485451474752","study_id":0,"datetime_start":"2026-04-06T09:47:45.361589"}
{"op_code":5,"worker_id":"de27112a-9dcc-4cf9-853d-87258a7a74ad-140485451474752","trial_id":6,"param_name":"lr","param_value_internal":0.006000010162451007,"distribution":"{\"name\": \"FloatDistribution\", \"attributes\": {\"step\": null, \"low\": 0.0001, \"high\": 0.1, \"log\": true}}"}
{"op_code":5,"worker_id":"de27112a-9dcc-4cf9-853d-87258a7a74ad-140485451474752","trial_id":6,"param_name":"dropout","param_value_internal":0.17305945702510733,"distribution":"{\"name\": \"FloatDistribution\", \"attributes\": {\"step\": null, \"low\": 0.0, \"high\": 0.5, \"log\": false}}"}
{"op_code":5,"worker_id":"de27112a-9dcc-4cf9-853d-87258a7a74ad-140485451474752","trial_id":6,"param_name":"layers","param_value_internal":0,"distribution":"{\"name\": \"CategoricalDistribution\", \"attributes\": {\"choices\": [1, 2, 3]}}"}
{"op_code":5,"worker_id":"de27112a-9dcc-4cf9-853d-87258a7a74ad-140485451474752","trial_id":6,"param_name":"nodes","param_value_internal":0,"distribution":"{\"name\": \"CategoricalDistribution\", \"attributes\": {\"choices\": [16, 32, 64]}}"}
{"op_code":6,"worker_id":"de27112a-9dcc-4cf9-853d-87258a7a74ad-140485451474752","trial_id":6,"state":1,"values":[0.8022774327122153],"datetime_complete":"2026-04-06T09:47:45.776118"}
{"op_code":4,"worker_id":"de27112a-9dcc-4cf9-853d-87258a7a74ad-140485451474752","study_id":0,"datetime_start":"2026-04-06T09:47:45.794641"}
{"op_code":5,"worker_id":"de27112a-9dcc-4cf9-853d-87258a7a74ad-140485451474752","trial_id":7,"param_name":"lr","param_value_internal":0.000154291227230334,"distribution":"{\"name\": \"FloatDistribution\", \"attributes\": {\"step\": null, \"low\": 0.0001, \"high\": 0.1, \"log\": true}}"}
{"op_code":5,"worker_id":"de27112a-9dcc-4cf9-853d-87258a7a74ad-140485451474752","trial_id":7,"param_name":"dropout","param_value_internal":0.2982209642137545,"distribution":"{\"name\": \"FloatDistribution\", \"attributes\": {\"step\": null, \"low\": 0.0, \"high\": 0.5, \"log\": false}}"}
{"op_code":5,"worker_id":"de27112a-9dcc-4cf9-853d-87258a7a74ad-140485451474752","trial_id":7,"param_name":"layers","param_value_internal":0,"distribution":"{\"name\": \"CategoricalDistribution\", \"attributes\": {\"choices\": [1, 2, 3]}}"}
{"op_code":5,"worker_id":"de27112a-9dcc-4cf9-853d-87258a7a74ad-140485451474752","trial_id":7,"param_name":"nodes","param_value_internal":2,"distribution":"{\"name\": \"CategoricalDistribution\", \"attributes\": {\"choices\": [16, 32, 64]}}"}
{"op_code":6,"worker_id":"de27112a-9dcc-4cf9-853d-87258a7a74ad-140485451474752","trial_id":7,"state":1,"values":[0.5652173913043478],"datetime_complete":"2026-04-06T09:47:46.214395"}
{"op_code":4,"worker_id":"de27112a-9dcc-4cf9-853d-87258a7a74ad-140485451474752","study_id":0,"datetime_start":"2026-04-06T09:47:46.232605"}
{"op_code":5,"worker_id":"de27112a-9dcc-4cf9-853d-87258a7a74ad-140485451474752","trial_id":8,"param_name":"lr","param_value_internal":0.023334271142866174,"distribution":"{\"name\": \"FloatDistribution\", \"attributes\": {\"step\": null, \"low\": 0.0001, \"high\": 0.1, \"log\": true}}"}
{"op_code":5,"worker_id":"de27112a-9dcc-4cf9-853d-87258a7a74ad-140485451474752","trial_id":8,"param_name":"dropout","param_value_internal":0.27635778177147863,"distribution":"{\"name\": \"FloatDistribution\", \"attributes\": {\"step\": null, \"low\": 0.0, \"high\": 0.5, \"log\": false}}"}
{"op_code":5,"worker_id":"de27112a-9dcc-4cf9-853d-87258a7a74ad-140485451474752","trial_id":8,"param_name":"layers","param_value_internal":0,"distribution":"{\"name\": \"CategoricalDistribution\", \"attributes\": {\"choices\": [1, 2, 3]}}"}
{"op_code":5,"worker_id":"de27112a-9dcc-4cf9-853d-87258a7a74ad-140485451474752","trial_id":8,"param_name":"nodes","param_value_internal":2,"distribution":"{\"name\": \"CategoricalDistribution\", \"attributes\": {\"choices\": [16, 32, 64]}}"}
{"op_code":6,"worker_id":"de27112a-9dcc-4cf9-853d-87258a7a74ad-140485451474752","trial_id":8,"state":1,"values":[0.7691511387163561],"datetime_complete":"2026-04-06T09:47:46.651491"}
{"op_code":4,"worker_id":"de27112a-9dcc-4cf9-853d-87258a7a74ad-140485451474752","study_id":0,"datetime_start":"2026-04-06T09:47:46.666112"}
{"op_code":5,"worker_id":"de27112a-9dcc-4cf9-853d-87258a7a74ad-140485451474752","trial_id":9,"param_name":"lr","param_value_internal":0.0006644470014457983,"distribution":"{\"name\": \"FloatDistribution\", \"attributes\": {\"step\": null, \"low\": 0.0001, \"high\": 0.1, \"log\": true}}"}
{"op_code":5,"worker_id":"de27112a-9dcc-4cf9-853d-87258a7a74ad-140485451474752","trial_id":9,"param_name":"dropout","param_value_internal":0.02698392213126638,"distribution":"{\"name\": \"FloatDistribution\", \"attributes\": {\"step\": null, \"low\": 0.0, \"high\": 0.5, \"log\": false}}"}
{"op_code":5,"worker_id":"de27112a-9dcc-4cf9-853d-87258a7a74ad-140485451474752","trial_id":9,"param_name":"layers","param_value_internal":1,"distribution":"{\"name\": \"CategoricalDistribution\", \"attributes\": {\"choices\": [1, 2, 3]}}"}
{"op_code":5,"worker_id":"de27112a-9dcc-4cf9-853d-87258a7a74ad-140485451474752","trial_id":9,"param_name":"nodes","param_value_internal":0,"distribution":"{\"name\": \"CategoricalDistribution\", \"attributes\": {\"choices\": [16, 32, 64]}}"}
{"op_code":6,"worker_id":"de27112a-9dcc-4cf9-853d-87258a7a74ad-140485451474752","trial_id":9,"state":1,"values":[0.5781573498964804],"datetime_complete":"2026-04-06T09:47:47.158178"}
{"op_code":4,"worker_id":"de27112a-9dcc-4cf9-853d-87258a7a74ad-140485451474752","study_id":0,"datetime_start":"2026-04-06T09:47:47.177062"}
{"op_code":5,"worker_id":"de27112a-9dcc-4cf9-853d-87258a7a74ad-140485451474752","trial_id":10,"param_name":"lr","param_value_internal":0.0011831226179201885,"distribution":"{\"name\": \"FloatDistribution\", \"attributes\": {\"step\": null, \"low\": 0.0001, \"high\": 0.1, \"log\": true}}"}
{"op_code":5,"worker_id":"de27112a-9dcc-4cf9-853d-87258a7a74ad-140485451474752","trial_id":10,"param_name":"dropout","param_value_internal":0.495388433339437,"distribution":"{\"name\": \"FloatDistribution\", \"attributes\": {\"step\": null, \"low\": 0.0, \"high\": 0.5, \"log\": false}}"}
{"op_code":5,"worker_id":"de27112a-9dcc-4cf9-853d-87258a7a74ad-140485451474752","trial_id":10,"param_name":"layers","param_value_internal":2,"distribution":"{\"name\": \"CategoricalDistribution\", \"attributes\": {\"choices\": [1, 2, 3]}}"}
{"op_code":5,"worker_id":"de27112a-9dcc-4cf9-853d-87258a7a74ad-140485451474752","trial_id":10,"param_name":"nodes","param_value_internal":1,"distribution":"{\"name\": \"CategoricalDistribution\", \"attributes\": {\"choices\": [16, 32, 64]}}"}
{"op_code":6,"worker_id":"de27112a-9dcc-4cf9-853d-87258a7a74ad-140485451474752","trial_id":10,"state":1,"values":[0.7142857142857143],"datetime_complete":"2026-04-06T09:47:47.710336"}
{"op_code":4,"worker_id":"de27112a-9dcc-4cf9-853d-87258a7a74ad-140485451474752","study_id":0,"datetime_start":"2026-04-06T09:47:47.722844"}
{"op_code":5,"worker_id":"de27112a-9dcc-4cf9-853d-87258a7a74ad-140485451474752","trial_id":11,"param_name":"lr","param_value_internal":0.014779218313910514,"distribution":"{\"name\": \"FloatDistribution\", \"attributes\": {\"step\": null, \"low\": 0.0001, \"high\": 0.1, \"log\": true}}"}
{"op_code":5,"worker_id":"de27112a-9dcc-4cf9-853d-87258a7a74ad-140485451474752","trial_id":11,"param_name":"dropout","param_value_internal":0.47536326722695,"distribution":"{\"name\": \"FloatDistribution\", \"attributes\": {\"step\": null, \"low\": 0.0, \"high\": 0.5, \"log\": false}}"}
{"op_code":5,"worker_id":"de27112a-9dcc-4cf9-853d-87258a7a74ad-140485451474752","trial_id":11,"param_name":"layers","param_value_internal":2,"distribution":"{\"name\": \"CategoricalDistribution\", \"attributes\": {\"choices\": [1, 2, 3]}}"}
{"op_code":5,"worker_id":"de27112a-9dcc-4cf9-853d-87258a7a74ad-140485451474752","trial_id":11,"param_name":"nodes","param_value_internal":1,"distribution":"{\"name\": \"CategoricalDistribution\", \"attributes\": {\"choices\": [16, 32, 64]}}"}
{"op_code":6,"worker_id":"de27112a-9dcc-4cf9-853d-87258a7a74ad-140485451474752","trial_id":11,"state":1,"values":[0.822463768115942],"datetime_complete":"2026-04-06T09:47:48.266372"}
{"op_code":4,"worker_id":"de27112a-9dcc-4cf9-853d-87258a7a74ad-140485451474752","study_id":0,"datetime_start":"2026-04-06T09:47:48.280268"}
{"op_code":5,"worker_id":"de27112a-9dcc-4cf9-853d-87258a7a74ad-140485451474752","trial_id":12,"param_name":"lr","param_value_internal":0.023944203977013495,"distribution":"{\"name\": \"FloatDistribution\", \"attributes\": {\"step\": null, \"low\": 0.0001, \"high\": 0.1, \"log\": true}}"}
{"op_code":5,"worker_id":"de27112a-9dcc-4cf9-853d-87258a7a74ad-140485451474752","trial_id":12,"param_name":"dropout","param_value_internal":0.39555098158017454,"distribution":"{\"name\": \"FloatDistribution\", \"attributes\": {\"step\": null, \"low\": 0.0, \"high\": 0.5, \"log\": false}}"}
{"op_code":5,"worker_id":"de27112a-9dcc-4cf9-853d-87258a7a74ad-140485451474752","trial_id":12,"param_name":"layers","param_value_internal":2,"distribution":"{\"name\": \"CategoricalDistribution\", \"attributes\": {\"choices\": [1, 2, 3]}}"}
{"op_code":5,"worker_id":"de27112a-9dcc-4cf9-853d-87258a7a74ad-140485451474752","trial_id":12,"param_name":"nodes","param_value_internal":1,"distribution":"{\"name\": \"CategoricalDistribution\", \"attributes\": {\"choices\": [16, 32, 64]}}"}
{"op_code":6,"worker_id":"de27112a-9dcc-4cf9-853d-87258a7a74ad-140485451474752","trial_id":12,"state":1,"values":[0.8084886128364389],"datetime_complete":"2026-04-06T09:47:48.844892"}
{"op_code":4,"worker_id":"de27112a-9dcc-4cf9-853d-87258a7a74ad-140485451474752","study_id":0,"datetime_start":"2026-04-06T09:47:48.857662"}
{"op_code":5,"worker_id":"de27112a-9dcc-4cf9-853d-87258a7a74ad-140485451474752","trial_id":13,"param_name":"lr","param_value_internal":0.001851021118156054,"distribution":"{\"name\": \"FloatDistribution\", \"attributes\": {\"step\": null, \"low\": 0.0001, \"high\": 0.1, \"log\": true}}"}
{"op_code":5,"worker_id":"de27112a-9dcc-4cf9-853d-87258a7a74ad-140485451474752","trial_id":13,"param_name":"dropout","param_value_internal":0.37516008666575185,"distribution":"{\"name\": \"FloatDistribution\", \"attributes\": {\"step\": null, \"low\": 0.0, \"high\": 0.5, \"log\": false}}"}
{"op_code":5,"worker_id":"de27112a-9dcc-4cf9-853d-87258a7a74ad-140485451474752","trial_id":13,"param_name":"layers","param_value_internal":2,"distribution":"{\"name\": \"CategoricalDistribution\", \"attributes\": {\"choices\": [1, 2, 3]}}"}
{"op_code":5,"worker_id":"de27112a-9dcc-4cf9-853d-87258a7a74ad-140485451474752","trial_id":13,"param_name":"nodes","param_value_internal":1,"distribution":"{\"name\": \"CategoricalDistribution\", \"attributes\": {\"choices\": [16, 32, 64]}}"}
{"op_code":6,"worker_id":"de27112a-9dcc-4cf9-853d-87258a7a74ad-140485451474752","trial_id":13,"state":1,"values":[0.8126293995859213],"datetime_complete":"2026-04-06T09:47:49.427706"}
{"op_code":4,"worker_id":"de27112a-9dcc-4cf9-853d-87258a7a74ad-140485451474752","study_id":0,"datetime_start":"2026-04-06T09:47:49.441725"}
{"op_code":5,"worker_id":"de27112a-9dcc-4cf9-853d-87258a7a74ad-140485451474752","trial_id":14,"param_name":"lr","param_value_internal":0.08814117679626382,"distribution":"{\"name\": \"FloatDistribution\", \"attributes\": {\"step\": null, \"low\": 0.0001, \"high\": 0.1, \"log\": true}}"}
{"op_code":5,"worker_id":"de27112a-9dcc-4cf9-853d-87258a7a74ad-140485451474752","trial_id":14,"param_name":"dropout","param_value_internal":0.4977380933226421,"distribution":"{\"name\": \"FloatDistribution\", \"attributes\": {\"step\": null, \"low\": 0.0, \"high\": 0.5, \"log\": false}}"}
{"op_code":5,"worker_id":"de27112a-9dcc-4cf9-853d-87258a7a74ad-140485451474752","trial_id":14,"param_name":"layers","param_value_internal":2,"distribution":"{\"name\": \"CategoricalDistribution\", \"attributes\": {\"choices\": [1, 2, 3]}}"}
{"op_code":5,"worker_id":"de27112a-9dcc-4cf9-853d-87258a7a74ad-140485451474752","trial_id":14,"param_name":"nodes","param_value_internal":1,"distribution":"{\"name\": \"CategoricalDistribution\", \"attributes\": {\"choices\": [16, 32, 64]}}"}
{"op_code":6,"worker_id":"de27112a-9dcc-4cf9-853d-87258a7a74ad-140485451474752","trial_id":14,"state":1,"values":[0.806935817805383],"datetime_complete":"2026-04-06T09:47:50.009342"}
{"op_code":4,"worker_id":"de27112a-9dcc-4cf9-853d-87258a7a74ad-140485451474752","study_id":0,"datetime_start":"2026-04-06T09:47:50.030046"}
{"op_code":5,"worker_id":"de27112a-9dcc-4cf9-853d-87258a7a74ad-140485451474752","trial_id":15,"param_name":"lr","param_value_internal":0.015620623728075607,"distribution":"{\"name\": \"FloatDistribution\", \"attributes\": {\"step\": null, \"low\": 0.0001, \"high\": 0.1, \"log\": true}}"}
{"op_code":5,"worker_id":"de27112a-9dcc-4cf9-853d-87258a7a74ad-140485451474752","trial_id":15,"param_name":"dropout","param_value_internal":0.36261675363487955,"distribution":"{\"name\": \"FloatDistribution\", \"attributes\": {\"step\": null, \"low\": 0.0, \"high\": 0.5, \"log\": false}}"}
{"op_code":5,"worker_id":"de27112a-9dcc-4cf9-853d-87258a7a74ad-140485451474752","trial_id":15,"param_name":"layers","param_value_internal":2,"distribution":"{\"name\": \"CategoricalDistribution\", \"attributes\": {\"choices\": [1, 2, 3]}}"}
{"op_code":5,"worker_id":"de27112a-9dcc-4cf9-853d-87258a7a74ad-140485451474752","trial_id":15,"param_name":"nodes","param_value_internal":1,"distribution":"{\"name\": \"CategoricalDistribution\", \"attributes\": {\"choices\": [16, 32, 64]}}"}
{"op_code":6,"worker_id":"de27112a-9dcc-4cf9-853d-87258a7a74ad-140485451474752","trial_id":15,"state":1,"values":[0.796583850931677],"datetime_complete":"2026-04-06T09:47:50.607153"}
{"op_code":4,"worker_id":"de27112a-9dcc-4cf9-853d-87258a7a74ad-140485451474752","study_id":0,"datetime_start":"2026-04-06T09:47:50.627457"}
{"op_code":5,"worker_id":"de27112a-9dcc-4cf9-853d-87258a7a74ad-140485451474752","trial_id":16,"param_name":"lr","param_value_internal":0.0025479933475770155,"distribution":"{\"name\": \"FloatDistribution\", \"attributes\": {\"step\": null, \"low\": 0.0001, \"high\": 0.1, \"log\": true}}"}
{"op_code":5,"worker_id":"de27112a-9dcc-4cf9-853d-87258a7a74ad-140485451474752","trial_id":16,"param_name":"dropout","param_value_internal":0.4317781346774932,"distribution":"{\"name\": \"FloatDistribution\", \"attributes\": {\"step\": null, \"low\": 0.0, \"high\": 0.5, \"log\": false}}"}
{"op_code":5,"worker_id":"de27112a-9dcc-4cf9-853d-87258a7a74ad-140485451474752","trial_id":16,"param_name":"layers","param_value_internal":2,"distribution":"{\"name\": \"CategoricalDistribution\", \"attributes\": {\"choices\": [1, 2, 3]}}"}
{"op_code":5,"worker_id":"de27112a-9dcc-4cf9-853d-87258a7a74ad-140485451474752","trial_id":16,"param_name":"nodes","param_value_internal":1,"distribution":"{\"name\": \"CategoricalDistribution\", \"attributes\": {\"choices\": [16, 32, 64]}}"}
{"op_code":6,"worker_id":"de27112a-9dcc-4cf9-853d-87258a7a74ad-140485451474752","trial_id":16,"state":1,"values":[0.8322981366459627],"datetime_complete":"2026-04-06T09:47:51.200372"}
{"op_code":4,"worker_id":"de27112a-9dcc-4cf9-853d-87258a7a74ad-140485451474752","study_id":0,"datetime_start":"2026-04-06T09:47:51.220359"}
{"op_code":5,"worker_id":"de27112a-9dcc-4cf9-853d-87258a7a74ad-140485451474752","trial_id":17,"param_name":"lr","param_value_internal":0.0004338415528524061,"distribution":"{\"name\": \"FloatDistribution\", \"attributes\": {\"step\": null, \"low\": 0.0001, \"high\": 0.1, \"log\": true}}"}
{"op_code":5,"worker_id":"de27112a-9dcc-4cf9-853d-87258a7a74ad-140485451474752","trial_id":17,"param_name":"dropout","param_value_internal":0.42129617843247075,"distribution":"{\"name\": \"FloatDistribution\", \"attributes\": {\"step\": null, \"low\": 0.0, \"high\": 0.5, \"log\": false}}"}
{"op_code":5,"worker_id":"de27112a-9dcc-4cf9-853d-87258a7a74ad-140485451474752","trial_id":17,"param_name":"layers","param_value_internal":2,"distribution":"{\"name\": \"CategoricalDistribution\", \"attributes\": {\"choices\": [1, 2, 3]}}"}
{"op_code":5,"worker_id":"de27112a-9dcc-4cf9-853d-87258a7a74ad-140485451474752","trial_id":17,"param_name":"nodes","param_value_internal":1,"distribution":"{\"name\": \"CategoricalDistribution\", \"attributes\": {\"choices\": [16, 32, 64]}}"}
{"op_code":6,"worker_id":"de27112a-9dcc-4cf9-853d-87258a7a74ad-140485451474752","trial_id":17,"state":1,"values":[0.724120082815735],"datetime_complete":"2026-04-06T09:47:51.787595"}
{"op_code":4,"worker_id":"de27112a-9dcc-4cf9-853d-87258a7a74ad-140485451474752","study_id":0,"datetime_start":"2026-04-06T09:47:51.807345"}
{"op_code":5,"worker_id":"de27112a-9dcc-4cf9-853d-87258a7a74ad-140485451474752","trial_id":18,"param_name":"lr","param_value_internal":0.0030558105513218106,"distribution":"{\"name\": \"FloatDistribution\", \"attributes\": {\"step\": null, \"low\": 0.0001, \"high\": 0.1, \"log\": true}}"}
{"op_code":5,"worker_id":"de27112a-9dcc-4cf9-853d-87258a7a74ad-140485451474752","trial_id":18,"param_name":"dropout","param_value_internal":0.32628633007405783,"distribution":"{\"name\": \"FloatDistribution\", \"attributes\": {\"step\": null, \"low\": 0.0, \"high\": 0.5, \"log\": false}}"}
{"op_code":5,"worker_id":"de27112a-9dcc-4cf9-853d-87258a7a74ad-140485451474752","trial_id":18,"param_name":"layers","param_value_internal":2,"distribution":"{\"name\": \"CategoricalDistribution\", \"attributes\": {\"choices\": [1, 2, 3]}}"}
{"op_code":5,"worker_id":"de27112a-9dcc-4cf9-853d-87258a7a74ad-140485451474752","trial_id":18,"param_name":"nodes","param_value_internal":1,"distribution":"{\"name\": \"CategoricalDistribution\", \"attributes\": {\"choices\": [16, 32, 64]}}"}
{"op_code":6,"worker_id":"de27112a-9dcc-4cf9-853d-87258a7a74ad-140485451474752","trial_id":18,"state":1,"values":[0.8043478260869565],"datetime_complete":"2026-04-06T09:47:52.380891"}
{"op_code":4,"worker_id":"de27112a-9dcc-4cf9-853d-87258a7a74ad-140485451474752","study_id":0,"datetime_start":"2026-04-06T09:47:52.401303"}
{"op_code":5,"worker_id":"de27112a-9dcc-4cf9-853d-87258a7a74ad-140485451474752","trial_id":19,"param_name":"lr","param_value_internal":0.003154501641387449,"distribution":"{\"name\": \"FloatDistribution\", \"attributes\": {\"step\": null, \"low\": 0.0001, \"high\": 0.1, \"log\": true}}"}
{"op_code":5,"worker_id":"de27112a-9dcc-4cf9-853d-87258a7a74ad-140485451474752","trial_id":19,"param_name":"dropout","param_value_internal":0.22115799037552625,"distribution":"{\"name\": \"FloatDistribution\", \"attributes\": {\"step\": null, \"low\": 0.0, \"high\": 0.5, \"log\": false}}"}
{"op_code":5,"worker_id":"de27112a-9dcc-4cf9-853d-87258a7a74ad-140485451474752","trial_id":19,"param_name":"layers","param_value_internal":2,"distribution":"{\"name\": \"CategoricalDistribution\", \"attributes\": {\"choices\": [1, 2, 3]}}"}
{"op_code":5,"worker_id":"de27112a-9dcc-4cf9-853d-87258a7a74ad-140485451474752","trial_id":19,"param_name":"nodes","param_value_internal":1,"distribution":"{\"name\": \"CategoricalDistribution\", \"attributes\": {\"choices\": [16, 32, 64]}}"}
{"op_code":6,"worker_id":"de27112a-9dcc-4cf9-853d-87258a7a74ad-140485451474752","trial_id":19,"state":1,"values":[0.7836438923395446],"datetime_complete":"2026-04-06T09:47:52.971232"}
