{"op_code":0,"worker_id":"fbcbac76-b93d-4bf4-8eed-9b6783cfac40-140544486217536","study_name":"pchazard_tuning","directions":[2]}
{"op_code":4,"worker_id":"fbcbac76-b93d-4bf4-8eed-9b6783cfac40-140544486217536","study_id":0,"datetime_start":"2026-04-01T00:41:20.999994"}
{"op_code":5,"worker_id":"fbcbac76-b93d-4bf4-8eed-9b6783cfac40-140544486217536","trial_id":0,"param_name":"lr","param_value_internal":0.08420163279977527,"distribution":"{\"name\": \"FloatDistribution\", \"attributes\": {\"step\": null, \"low\": 0.0001, \"high\": 0.1, \"log\": true}}"}
{"op_code":5,"worker_id":"fbcbac76-b93d-4bf4-8eed-9b6783cfac40-140544486217536","trial_id":0,"param_name":"dropout","param_value_internal":0.19936137941178494,"distribution":"{\"name\": \"FloatDistribution\", \"attributes\": {\"step\": null, \"low\": 0.0, \"high\": 0.5, \"log\": false}}"}
{"op_code":5,"worker_id":"fbcbac76-b93d-4bf4-8eed-9b6783cfac40-140544486217536","trial_id":0,"param_name":"layers","param_value_internal":3.0,"distribution":"{\"name\": \"IntDistribution\", \"attributes\": {\"log\": false, \"step\": 1, \"low\": 1, \"high\": 3}}"}
{"op_code":5,"worker_id":"fbcbac76-b93d-4bf4-8eed-9b6783cfac40-140544486217536","trial_id":0,"param_name":"nodes","param_value_internal":0,"distribution":"{\"name\": \"CategoricalDistribution\", \"attributes\": {\"choices\": [32, 64, 128]}}"}
{"op_code":6,"worker_id":"fbcbac76-b93d-4bf4-8eed-9b6783cfac40-140544486217536","trial_id":0,"state":1,"values":[0.0],"datetime_complete":"2026-04-01T00:41:21.060284"}
{"op_code":4,"worker_id":"fbcbac76-b93d-4bf4-8eed-9b6783cfac40-140544486217536","study_id":0,"datetime_start":"2026-04-01T00:41:21.070027"}
{"op_code":5,"worker_id":"fbcbac76-b93d-4bf4-8eed-9b6783cfac40-140544486217536","trial_id":1,"param_name":"lr","param_value_internal":0.004149305762003359,"distribution":"{\"name\": \"FloatDistribution\", \"attributes\": {\"step\": null, \"low\": 0.0001, \"high\": 0.1, \"log\": true}}"}
{"op_code":5,"worker_id":"fbcbac76-b93d-4bf4-8eed-9b6783cfac40-140544486217536","trial_id":1,"param_name":"dropout","param_value_internal":0.020860309719664683,"distribution":"{\"name\": \"FloatDistribution\", \"attributes\": {\"step\": null, \"low\": 0.0, \"high\": 0.5, \"log\": false}}"}
{"op_code":5,"worker_id":"fbcbac76-b93d-4bf4-8eed-9b6783cfac40-140544486217536","trial_id":1,"param_name":"layers","param_value_internal":3.0,"distribution":"{\"name\": \"IntDistribution\", \"attributes\": {\"log\": false, \"step\": 1, \"low\": 1, \"high\": 3}}"}
{"op_code":5,"worker_id":"fbcbac76-b93d-4bf4-8eed-9b6783cfac40-140544486217536","trial_id":1,"param_name":"nodes","param_value_internal":1,"distribution":"{\"name\": \"CategoricalDistribution\", \"attributes\": {\"choices\": [32, 64, 128]}}"}
{"op_code":6,"worker_id":"fbcbac76-b93d-4bf4-8eed-9b6783cfac40-140544486217536","trial_id":1,"state":1,"values":[0.0],"datetime_complete":"2026-04-01T00:41:21.130300"}
{"op_code":4,"worker_id":"fbcbac76-b93d-4bf4-8eed-9b6783cfac40-140544486217536","study_id":0,"datetime_start":"2026-04-01T00:41:21.141758"}
{"op_code":5,"worker_id":"fbcbac76-b93d-4bf4-8eed-9b6783cfac40-140544486217536","trial_id":2,"param_name":"lr","param_value_internal":0.0178902835639591,"distribution":"{\"name\": \"FloatDistribution\", \"attributes\": {\"step\": null, \"low\": 0.0001, \"high\": 0.1, \"log\": true}}"}
{"op_code":5,"worker_id":"fbcbac76-b93d-4bf4-8eed-9b6783cfac40-140544486217536","trial_id":2,"param_name":"dropout","param_value_internal":0.37827880278437653,"distribution":"{\"name\": \"FloatDistribution\", \"attributes\": {\"step\": null, \"low\": 0.0, \"high\": 0.5, \"log\": false}}"}
{"op_code":5,"worker_id":"fbcbac76-b93d-4bf4-8eed-9b6783cfac40-140544486217536","trial_id":2,"param_name":"layers","param_value_internal":3.0,"distribution":"{\"name\": \"IntDistribution\", \"attributes\": {\"log\": false, \"step\": 1, \"low\": 1, \"high\": 3}}"}
{"op_code":5,"worker_id":"fbcbac76-b93d-4bf4-8eed-9b6783cfac40-140544486217536","trial_id":2,"param_name":"nodes","param_value_internal":2,"distribution":"{\"name\": \"CategoricalDistribution\", \"attributes\": {\"choices\": [32, 64, 128]}}"}
{"op_code":6,"worker_id":"fbcbac76-b93d-4bf4-8eed-9b6783cfac40-140544486217536","trial_id":2,"state":1,"values":[0.0],"datetime_complete":"2026-04-01T00:41:21.201249"}
{"op_code":4,"worker_id":"fbcbac76-b93d-4bf4-8eed-9b6783cfac40-140544486217536","study_id":0,"datetime_start":"2026-04-01T00:41:21.211285"}
{"op_code":5,"worker_id":"fbcbac76-b93d-4bf4-8eed-9b6783cfac40-140544486217536","trial_id":3,"param_name":"lr","param_value_internal":0.00035755069918530003,"distribution":"{\"name\": \"FloatDistribution\", \"attributes\": {\"step\": null, \"low\": 0.0001, \"high\": 0.1, \"log\": true}}"}
{"op_code":5,"worker_id":"fbcbac76-b93d-4bf4-8eed-9b6783cfac40-140544486217536","trial_id":3,"param_name":"dropout","param_value_internal":0.49277982258363073,"distribution":"{\"name\": \"FloatDistribution\", \"attributes\": {\"step\": null, \"low\": 0.0, \"high\": 0.5, \"log\": false}}"}
{"op_code":5,"worker_id":"fbcbac76-b93d-4bf4-8eed-9b6783cfac40-140544486217536","trial_id":3,"param_name":"layers","param_value_internal":1.0,"distribution":"{\"name\": \"IntDistribution\", \"attributes\": {\"log\": false, \"step\": 1, \"low\": 1, \"high\": 3}}"}
{"op_code":5,"worker_id":"fbcbac76-b93d-4bf4-8eed-9b6783cfac40-140544486217536","trial_id":3,"param_name":"nodes","param_value_internal":0,"distribution":"{\"name\": \"CategoricalDistribution\", \"attributes\": {\"choices\": [32, 64, 128]}}"}
{"op_code":6,"worker_id":"fbcbac76-b93d-4bf4-8eed-9b6783cfac40-140544486217536","trial_id":3,"state":1,"values":[0.0],"datetime_complete":"2026-04-01T00:41:21.269882"}
{"op_code":4,"worker_id":"fbcbac76-b93d-4bf4-8eed-9b6783cfac40-140544486217536","study_id":0,"datetime_start":"2026-04-01T00:41:21.281602"}
{"op_code":5,"worker_id":"fbcbac76-b93d-4bf4-8eed-9b6783cfac40-140544486217536","trial_id":4,"param_name":"lr","param_value_internal":0.03056770286720815,"distribution":"{\"name\": \"FloatDistribution\", \"attributes\": {\"step\": null, \"low\": 0.0001, \"high\": 0.1, \"log\": true}}"}
{"op_code":5,"worker_id":"fbcbac76-b93d-4bf4-8eed-9b6783cfac40-140544486217536","trial_id":4,"param_name":"dropout","param_value_internal":0.04716811663488241,"distribution":"{\"name\": \"FloatDistribution\", \"attributes\": {\"step\": null, \"low\": 0.0, \"high\": 0.5, \"log\": false}}"}
{"op_code":5,"worker_id":"fbcbac76-b93d-4bf4-8eed-9b6783cfac40-140544486217536","trial_id":4,"param_name":"layers","param_value_internal":3.0,"distribution":"{\"name\": \"IntDistribution\", \"attributes\": {\"log\": false, \"step\": 1, \"low\": 1, \"high\": 3}}"}
{"op_code":5,"worker_id":"fbcbac76-b93d-4bf4-8eed-9b6783cfac40-140544486217536","trial_id":4,"param_name":"nodes","param_value_internal":0,"distribution":"{\"name\": \"CategoricalDistribution\", \"attributes\": {\"choices\": [32, 64, 128]}}"}
{"op_code":6,"worker_id":"fbcbac76-b93d-4bf4-8eed-9b6783cfac40-140544486217536","trial_id":4,"state":1,"values":[0.0],"datetime_complete":"2026-04-01T00:41:21.341124"}
{"op_code":4,"worker_id":"fbcbac76-b93d-4bf4-8eed-9b6783cfac40-140544486217536","study_id":0,"datetime_start":"2026-04-01T00:41:21.352790"}
{"op_code":5,"worker_id":"fbcbac76-b93d-4bf4-8eed-9b6783cfac40-140544486217536","trial_id":5,"param_name":"lr","param_value_internal":0.09165491143463327,"distribution":"{\"name\": \"FloatDistribution\", \"attributes\": {\"step\": null, \"low\": 0.0001, \"high\": 0.1, \"log\": true}}"}
{"op_code":5,"worker_id":"fbcbac76-b93d-4bf4-8eed-9b6783cfac40-140544486217536","trial_id":5,"param_name":"dropout","param_value_internal":0.46423748391859654,"distribution":"{\"name\": \"FloatDistribution\", \"attributes\": {\"step\": null, \"low\": 0.0, \"high\": 0.5, \"log\": false}}"}
{"op_code":5,"worker_id":"fbcbac76-b93d-4bf4-8eed-9b6783cfac40-140544486217536","trial_id":5,"param_name":"layers","param_value_internal":2.0,"distribution":"{\"name\": \"IntDistribution\", \"attributes\": {\"log\": false, \"step\": 1, \"low\": 1, \"high\": 3}}"}
{"op_code":5,"worker_id":"fbcbac76-b93d-4bf4-8eed-9b6783cfac40-140544486217536","trial_id":5,"param_name":"nodes","param_value_internal":1,"distribution":"{\"name\": \"CategoricalDistribution\", \"attributes\": {\"choices\": [32, 64, 128]}}"}
{"op_code":6,"worker_id":"fbcbac76-b93d-4bf4-8eed-9b6783cfac40-140544486217536","trial_id":5,"state":1,"values":[0.0],"datetime_complete":"2026-04-01T00:41:21.413190"}
{"op_code":4,"worker_id":"fbcbac76-b93d-4bf4-8eed-9b6783cfac40-140544486217536","study_id":0,"datetime_start":"2026-04-01T00:41:21.423147"}
{"op_code":5,"worker_id":"fbcbac76-b93d-4bf4-8eed-9b6783cfac40-140544486217536","trial_id":6,"param_name":"lr","param_value_internal":0.0013252493156453962,"distribution":"{\"name\": \"FloatDistribution\", \"attributes\": {\"step\": null, \"low\": 0.0001, \"high\": 0.1, \"log\": true}}"}
{"op_code":5,"worker_id":"fbcbac76-b93d-4bf4-8eed-9b6783cfac40-140544486217536","trial_id":6,"param_name":"dropout","param_value_internal":0.36526118467323054,"distribution":"{\"name\": \"FloatDistribution\", \"attributes\": {\"step\": null, \"low\": 0.0, \"high\": 0.5, \"log\": false}}"}
{"op_code":5,"worker_id":"fbcbac76-b93d-4bf4-8eed-9b6783cfac40-140544486217536","trial_id":6,"param_name":"layers","param_value_internal":3.0,"distribution":"{\"name\": \"IntDistribution\", \"attributes\": {\"log\": false, \"step\": 1, \"low\": 1, \"high\": 3}}"}
{"op_code":5,"worker_id":"fbcbac76-b93d-4bf4-8eed-9b6783cfac40-140544486217536","trial_id":6,"param_name":"nodes","param_value_internal":2,"distribution":"{\"name\": \"CategoricalDistribution\", \"attributes\": {\"choices\": [32, 64, 128]}}"}
{"op_code":6,"worker_id":"fbcbac76-b93d-4bf4-8eed-9b6783cfac40-140544486217536","trial_id":6,"state":1,"values":[0.0],"datetime_complete":"2026-04-01T00:41:21.481106"}
{"op_code":4,"worker_id":"fbcbac76-b93d-4bf4-8eed-9b6783cfac40-140544486217536","study_id":0,"datetime_start":"2026-04-01T00:41:21.492958"}
{"op_code":5,"worker_id":"fbcbac76-b93d-4bf4-8eed-9b6783cfac40-140544486217536","trial_id":7,"param_name":"lr","param_value_internal":0.0028440112714406924,"distribution":"{\"name\": \"FloatDistribution\", \"attributes\": {\"step\": null, \"low\": 0.0001, \"high\": 0.1, \"log\": true}}"}
{"op_code":5,"worker_id":"fbcbac76-b93d-4bf4-8eed-9b6783cfac40-140544486217536","trial_id":7,"param_name":"dropout","param_value_internal":0.09653946673085684,"distribution":"{\"name\": \"FloatDistribution\", \"attributes\": {\"step\": null, \"low\": 0.0, \"high\": 0.5, \"log\": false}}"}
{"op_code":5,"worker_id":"fbcbac76-b93d-4bf4-8eed-9b6783cfac40-140544486217536","trial_id":7,"param_name":"layers","param_value_internal":3.0,"distribution":"{\"name\": \"IntDistribution\", \"attributes\": {\"log\": false, \"step\": 1, \"low\": 1, \"high\": 3}}"}
{"op_code":5,"worker_id":"fbcbac76-b93d-4bf4-8eed-9b6783cfac40-140544486217536","trial_id":7,"param_name":"nodes","param_value_internal":2,"distribution":"{\"name\": \"CategoricalDistribution\", \"attributes\": {\"choices\": [32, 64, 128]}}"}
{"op_code":6,"worker_id":"fbcbac76-b93d-4bf4-8eed-9b6783cfac40-140544486217536","trial_id":7,"state":1,"values":[0.0],"datetime_complete":"2026-04-01T00:41:21.553810"}
{"op_code":4,"worker_id":"fbcbac76-b93d-4bf4-8eed-9b6783cfac40-140544486217536","study_id":0,"datetime_start":"2026-04-01T00:41:21.563682"}
{"op_code":5,"worker_id":"fbcbac76-b93d-4bf4-8eed-9b6783cfac40-140544486217536","trial_id":8,"param_name":"lr","param_value_internal":0.004383525765923894,"distribution":"{\"name\": \"FloatDistribution\", \"attributes\": {\"step\": null, \"low\": 0.0001, \"high\": 0.1, \"log\": true}}"}
{"op_code":5,"worker_id":"fbcbac76-b93d-4bf4-8eed-9b6783cfac40-140544486217536","trial_id":8,"param_name":"dropout","param_value_internal":0.4383061840748191,"distribution":"{\"name\": \"FloatDistribution\", \"attributes\": {\"step\": null, \"low\": 0.0, \"high\": 0.5, \"log\": false}}"}
{"op_code":5,"worker_id":"fbcbac76-b93d-4bf4-8eed-9b6783cfac40-140544486217536","trial_id":8,"param_name":"layers","param_value_internal":3.0,"distribution":"{\"name\": \"IntDistribution\", \"attributes\": {\"log\": false, \"step\": 1, \"low\": 1, \"high\": 3}}"}
{"op_code":5,"worker_id":"fbcbac76-b93d-4bf4-8eed-9b6783cfac40-140544486217536","trial_id":8,"param_name":"nodes","param_value_internal":2,"distribution":"{\"name\": \"CategoricalDistribution\", \"attributes\": {\"choices\": [32, 64, 128]}}"}
{"op_code":6,"worker_id":"fbcbac76-b93d-4bf4-8eed-9b6783cfac40-140544486217536","trial_id":8,"state":1,"values":[0.0],"datetime_complete":"2026-04-01T00:41:21.622153"}
{"op_code":4,"worker_id":"fbcbac76-b93d-4bf4-8eed-9b6783cfac40-140544486217536","study_id":0,"datetime_start":"2026-04-01T00:41:21.632570"}
{"op_code":5,"worker_id":"fbcbac76-b93d-4bf4-8eed-9b6783cfac40-140544486217536","trial_id":9,"param_name":"lr","param_value_internal":0.0029164697331228017,"distribution":"{\"name\": \"FloatDistribution\", \"attributes\": {\"step\": null, \"low\": 0.0001, \"high\": 0.1, \"log\": true}}"}
{"op_code":5,"worker_id":"fbcbac76-b93d-4bf4-8eed-9b6783cfac40-140544486217536","trial_id":9,"param_name":"dropout","param_value_internal":0.23369305514032795,"distribution":"{\"name\": \"FloatDistribution\", \"attributes\": {\"step\": null, \"low\": 0.0, \"high\": 0.5, \"log\": false}}"}
{"op_code":5,"worker_id":"fbcbac76-b93d-4bf4-8eed-9b6783cfac40-140544486217536","trial_id":9,"param_name":"layers","param_value_internal":1.0,"distribution":"{\"name\": \"IntDistribution\", \"attributes\": {\"log\": false, \"step\": 1, \"low\": 1, \"high\": 3}}"}
{"op_code":5,"worker_id":"fbcbac76-b93d-4bf4-8eed-9b6783cfac40-140544486217536","trial_id":9,"param_name":"nodes","param_value_internal":1,"distribution":"{\"name\": \"CategoricalDistribution\", \"attributes\": {\"choices\": [32, 64, 128]}}"}
{"op_code":6,"worker_id":"fbcbac76-b93d-4bf4-8eed-9b6783cfac40-140544486217536","trial_id":9,"state":1,"values":[0.0],"datetime_complete":"2026-04-01T00:41:21.688339"}
{"op_code":4,"worker_id":"fbcbac76-b93d-4bf4-8eed-9b6783cfac40-140544486217536","study_id":0,"datetime_start":"2026-04-01T00:41:21.698672"}
{"op_code":5,"worker_id":"fbcbac76-b93d-4bf4-8eed-9b6783cfac40-140544486217536","trial_id":10,"param_name":"lr","param_value_internal":0.00010944572456376416,"distribution":"{\"name\": \"FloatDistribution\", \"attributes\": {\"step\": null, \"low\": 0.0001, \"high\": 0.1, \"log\": true}}"}
{"op_code":5,"worker_id":"fbcbac76-b93d-4bf4-8eed-9b6783cfac40-140544486217536","trial_id":10,"param_name":"dropout","param_value_internal":0.2025067315372139,"distribution":"{\"name\": \"FloatDistribution\", \"attributes\": {\"step\": null, \"low\": 0.0, \"high\": 0.5, \"log\": false}}"}
{"op_code":5,"worker_id":"fbcbac76-b93d-4bf4-8eed-9b6783cfac40-140544486217536","trial_id":10,"param_name":"layers","param_value_internal":2.0,"distribution":"{\"name\": \"IntDistribution\", \"attributes\": {\"log\": false, \"step\": 1, \"low\": 1, \"high\": 3}}"}
{"op_code":5,"worker_id":"fbcbac76-b93d-4bf4-8eed-9b6783cfac40-140544486217536","trial_id":10,"param_name":"nodes","param_value_internal":0,"distribution":"{\"name\": \"CategoricalDistribution\", \"attributes\": {\"choices\": [32, 64, 128]}}"}
{"op_code":6,"worker_id":"fbcbac76-b93d-4bf4-8eed-9b6783cfac40-140544486217536","trial_id":10,"state":1,"values":[0.0],"datetime_complete":"2026-04-01T00:41:21.764139"}
{"op_code":4,"worker_id":"fbcbac76-b93d-4bf4-8eed-9b6783cfac40-140544486217536","study_id":0,"datetime_start":"2026-04-01T00:41:21.774278"}
{"op_code":5,"worker_id":"fbcbac76-b93d-4bf4-8eed-9b6783cfac40-140544486217536","trial_id":11,"param_name":"lr","param_value_internal":0.016705126342314268,"distribution":"{\"name\": \"FloatDistribution\", \"attributes\": {\"step\": null, \"low\": 0.0001, \"high\": 0.1, \"log\": true}}"}
{"op_code":5,"worker_id":"fbcbac76-b93d-4bf4-8eed-9b6783cfac40-140544486217536","trial_id":11,"param_name":"dropout","param_value_internal":0.13281660056193523,"distribution":"{\"name\": \"FloatDistribution\", \"attributes\": {\"step\": null, \"low\": 0.0, \"high\": 0.5, \"log\": false}}"}
{"op_code":5,"worker_id":"fbcbac76-b93d-4bf4-8eed-9b6783cfac40-140544486217536","trial_id":11,"param_name":"layers","param_value_internal":2.0,"distribution":"{\"name\": \"IntDistribution\", \"attributes\": {\"log\": false, \"step\": 1, \"low\": 1, \"high\": 3}}"}
{"op_code":5,"worker_id":"fbcbac76-b93d-4bf4-8eed-9b6783cfac40-140544486217536","trial_id":11,"param_name":"nodes","param_value_internal":1,"distribution":"{\"name\": \"CategoricalDistribution\", \"attributes\": {\"choices\": [32, 64, 128]}}"}
{"op_code":6,"worker_id":"fbcbac76-b93d-4bf4-8eed-9b6783cfac40-140544486217536","trial_id":11,"state":1,"values":[0.0],"datetime_complete":"2026-04-01T00:41:21.837429"}
{"op_code":4,"worker_id":"fbcbac76-b93d-4bf4-8eed-9b6783cfac40-140544486217536","study_id":0,"datetime_start":"2026-04-01T00:41:21.847106"}
{"op_code":5,"worker_id":"fbcbac76-b93d-4bf4-8eed-9b6783cfac40-140544486217536","trial_id":12,"param_name":"lr","param_value_internal":0.09309812417452262,"distribution":"{\"name\": \"FloatDistribution\", \"attributes\": {\"step\": null, \"low\": 0.0001, \"high\": 0.1, \"log\": true}}"}
{"op_code":5,"worker_id":"fbcbac76-b93d-4bf4-8eed-9b6783cfac40-140544486217536","trial_id":12,"param_name":"dropout","param_value_internal":0.0005658263795421115,"distribution":"{\"name\": \"FloatDistribution\", \"attributes\": {\"step\": null, \"low\": 0.0, \"high\": 0.5, \"log\": false}}"}
{"op_code":5,"worker_id":"fbcbac76-b93d-4bf4-8eed-9b6783cfac40-140544486217536","trial_id":12,"param_name":"layers","param_value_internal":3.0,"distribution":"{\"name\": \"IntDistribution\", \"attributes\": {\"log\": false, \"step\": 1, \"low\": 1, \"high\": 3}}"}
{"op_code":5,"worker_id":"fbcbac76-b93d-4bf4-8eed-9b6783cfac40-140544486217536","trial_id":12,"param_name":"nodes","param_value_internal":1,"distribution":"{\"name\": \"CategoricalDistribution\", \"attributes\": {\"choices\": [32, 64, 128]}}"}
{"op_code":6,"worker_id":"fbcbac76-b93d-4bf4-8eed-9b6783cfac40-140544486217536","trial_id":12,"state":1,"values":[0.0],"datetime_complete":"2026-04-01T00:41:21.909369"}
{"op_code":4,"worker_id":"fbcbac76-b93d-4bf4-8eed-9b6783cfac40-140544486217536","study_id":0,"datetime_start":"2026-04-01T00:41:21.919483"}
{"op_code":5,"worker_id":"fbcbac76-b93d-4bf4-8eed-9b6783cfac40-140544486217536","trial_id":13,"param_name":"lr","param_value_internal":0.0006745675312994794,"distribution":"{\"name\": \"FloatDistribution\", \"attributes\": {\"step\": null, \"low\": 0.0001, \"high\": 0.1, \"log\": true}}"}
{"op_code":5,"worker_id":"fbcbac76-b93d-4bf4-8eed-9b6783cfac40-140544486217536","trial_id":13,"param_name":"dropout","param_value_internal":0.14726222865097877,"distribution":"{\"name\": \"FloatDistribution\", \"attributes\": {\"step\": null, \"low\": 0.0, \"high\": 0.5, \"log\": false}}"}
{"op_code":5,"worker_id":"fbcbac76-b93d-4bf4-8eed-9b6783cfac40-140544486217536","trial_id":13,"param_name":"layers","param_value_internal":2.0,"distribution":"{\"name\": \"IntDistribution\", \"attributes\": {\"log\": false, \"step\": 1, \"low\": 1, \"high\": 3}}"}
{"op_code":5,"worker_id":"fbcbac76-b93d-4bf4-8eed-9b6783cfac40-140544486217536","trial_id":13,"param_name":"nodes","param_value_internal":0,"distribution":"{\"name\": \"CategoricalDistribution\", \"attributes\": {\"choices\": [32, 64, 128]}}"}
{"op_code":6,"worker_id":"fbcbac76-b93d-4bf4-8eed-9b6783cfac40-140544486217536","trial_id":13,"state":1,"values":[0.0],"datetime_complete":"2026-04-01T00:41:21.985276"}
{"op_code":4,"worker_id":"fbcbac76-b93d-4bf4-8eed-9b6783cfac40-140544486217536","study_id":0,"datetime_start":"2026-04-01T00:41:21.996969"}
{"op_code":5,"worker_id":"fbcbac76-b93d-4bf4-8eed-9b6783cfac40-140544486217536","trial_id":14,"param_name":"lr","param_value_internal":0.007836156362230114,"distribution":"{\"name\": \"FloatDistribution\", \"attributes\": {\"step\": null, \"low\": 0.0001, \"high\": 0.1, \"log\": true}}"}
{"op_code":5,"worker_id":"fbcbac76-b93d-4bf4-8eed-9b6783cfac40-140544486217536","trial_id":14,"param_name":"dropout","param_value_internal":0.31870888344825,"distribution":"{\"name\": \"FloatDistribution\", \"attributes\": {\"step\": null, \"low\": 0.0, \"high\": 0.5, \"log\": false}}"}
{"op_code":5,"worker_id":"fbcbac76-b93d-4bf4-8eed-9b6783cfac40-140544486217536","trial_id":14,"param_name":"layers","param_value_internal":2.0,"distribution":"{\"name\": \"IntDistribution\", \"attributes\": {\"log\": false, \"step\": 1, \"low\": 1, \"high\": 3}}"}
{"op_code":5,"worker_id":"fbcbac76-b93d-4bf4-8eed-9b6783cfac40-140544486217536","trial_id":14,"param_name":"nodes","param_value_internal":0,"distribution":"{\"name\": \"CategoricalDistribution\", \"attributes\": {\"choices\": [32, 64, 128]}}"}
{"op_code":6,"worker_id":"fbcbac76-b93d-4bf4-8eed-9b6783cfac40-140544486217536","trial_id":14,"state":1,"values":[0.0],"datetime_complete":"2026-04-01T00:41:22.063033"}
{"op_code":4,"worker_id":"fbcbac76-b93d-4bf4-8eed-9b6783cfac40-140544486217536","study_id":0,"datetime_start":"2026-04-01T00:41:22.072702"}
{"op_code":5,"worker_id":"fbcbac76-b93d-4bf4-8eed-9b6783cfac40-140544486217536","trial_id":15,"param_name":"lr","param_value_internal":0.04459995131900953,"distribution":"{\"name\": \"FloatDistribution\", \"attributes\": {\"step\": null, \"low\": 0.0001, \"high\": 0.1, \"log\": true}}"}
{"op_code":5,"worker_id":"fbcbac76-b93d-4bf4-8eed-9b6783cfac40-140544486217536","trial_id":15,"param_name":"dropout","param_value_internal":0.30209462226501216,"distribution":"{\"name\": \"FloatDistribution\", \"attributes\": {\"step\": null, \"low\": 0.0, \"high\": 0.5, \"log\": false}}"}
{"op_code":5,"worker_id":"fbcbac76-b93d-4bf4-8eed-9b6783cfac40-140544486217536","trial_id":15,"param_name":"layers","param_value_internal":3.0,"distribution":"{\"name\": \"IntDistribution\", \"attributes\": {\"log\": false, \"step\": 1, \"low\": 1, \"high\": 3}}"}
{"op_code":5,"worker_id":"fbcbac76-b93d-4bf4-8eed-9b6783cfac40-140544486217536","trial_id":15,"param_name":"nodes","param_value_internal":1,"distribution":"{\"name\": \"CategoricalDistribution\", \"attributes\": {\"choices\": [32, 64, 128]}}"}
{"op_code":6,"worker_id":"fbcbac76-b93d-4bf4-8eed-9b6783cfac40-140544486217536","trial_id":15,"state":1,"values":[0.0],"datetime_complete":"2026-04-01T00:41:22.137876"}
{"op_code":4,"worker_id":"fbcbac76-b93d-4bf4-8eed-9b6783cfac40-140544486217536","study_id":0,"datetime_start":"2026-04-01T00:41:22.148824"}
{"op_code":5,"worker_id":"fbcbac76-b93d-4bf4-8eed-9b6783cfac40-140544486217536","trial_id":16,"param_name":"lr","param_value_internal":0.009216688424113533,"distribution":"{\"name\": \"FloatDistribution\", \"attributes\": {\"step\": null, \"low\": 0.0001, \"high\": 0.1, \"log\": true}}"}
{"op_code":5,"worker_id":"fbcbac76-b93d-4bf4-8eed-9b6783cfac40-140544486217536","trial_id":16,"param_name":"dropout","param_value_internal":0.18333743317161952,"distribution":"{\"name\": \"FloatDistribution\", \"attributes\": {\"step\": null, \"low\": 0.0, \"high\": 0.5, \"log\": false}}"}
{"op_code":5,"worker_id":"fbcbac76-b93d-4bf4-8eed-9b6783cfac40-140544486217536","trial_id":16,"param_name":"layers","param_value_internal":3.0,"distribution":"{\"name\": \"IntDistribution\", \"attributes\": {\"log\": false, \"step\": 1, \"low\": 1, \"high\": 3}}"}
{"op_code":5,"worker_id":"fbcbac76-b93d-4bf4-8eed-9b6783cfac40-140544486217536","trial_id":16,"param_name":"nodes","param_value_internal":1,"distribution":"{\"name\": \"CategoricalDistribution\", \"attributes\": {\"choices\": [32, 64, 128]}}"}
{"op_code":6,"worker_id":"fbcbac76-b93d-4bf4-8eed-9b6783cfac40-140544486217536","trial_id":16,"state":1,"values":[0.0],"datetime_complete":"2026-04-01T00:41:22.206950"}
{"op_code":4,"worker_id":"fbcbac76-b93d-4bf4-8eed-9b6783cfac40-140544486217536","study_id":0,"datetime_start":"2026-04-01T00:41:22.217550"}
{"op_code":5,"worker_id":"fbcbac76-b93d-4bf4-8eed-9b6783cfac40-140544486217536","trial_id":17,"param_name":"lr","param_value_internal":0.00010765993957908758,"distribution":"{\"name\": \"FloatDistribution\", \"attributes\": {\"step\": null, \"low\": 0.0001, \"high\": 0.1, \"log\": true}}"}
{"op_code":5,"worker_id":"fbcbac76-b93d-4bf4-8eed-9b6783cfac40-140544486217536","trial_id":17,"param_name":"dropout","param_value_internal":0.06938117627685353,"distribution":"{\"name\": \"FloatDistribution\", \"attributes\": {\"step\": null, \"low\": 0.0, \"high\": 0.5, \"log\": false}}"}
{"op_code":5,"worker_id":"fbcbac76-b93d-4bf4-8eed-9b6783cfac40-140544486217536","trial_id":17,"param_name":"layers","param_value_internal":2.0,"distribution":"{\"name\": \"IntDistribution\", \"attributes\": {\"log\": false, \"step\": 1, \"low\": 1, \"high\": 3}}"}
{"op_code":5,"worker_id":"fbcbac76-b93d-4bf4-8eed-9b6783cfac40-140544486217536","trial_id":17,"param_name":"nodes","param_value_internal":0,"distribution":"{\"name\": \"CategoricalDistribution\", \"attributes\": {\"choices\": [32, 64, 128]}}"}
{"op_code":6,"worker_id":"fbcbac76-b93d-4bf4-8eed-9b6783cfac40-140544486217536","trial_id":17,"state":1,"values":[0.0],"datetime_complete":"2026-04-01T00:41:22.281190"}
{"op_code":4,"worker_id":"fbcbac76-b93d-4bf4-8eed-9b6783cfac40-140544486217536","study_id":0,"datetime_start":"2026-04-01T00:41:22.290366"}
{"op_code":5,"worker_id":"fbcbac76-b93d-4bf4-8eed-9b6783cfac40-140544486217536","trial_id":18,"param_name":"lr","param_value_internal":0.0012420598680030171,"distribution":"{\"name\": \"FloatDistribution\", \"attributes\": {\"step\": null, \"low\": 0.0001, \"high\": 0.1, \"log\": true}}"}
{"op_code":5,"worker_id":"fbcbac76-b93d-4bf4-8eed-9b6783cfac40-140544486217536","trial_id":18,"param_name":"dropout","param_value_internal":0.00727955926854793,"distribution":"{\"name\": \"FloatDistribution\", \"attributes\": {\"step\": null, \"low\": 0.0, \"high\": 0.5, \"log\": false}}"}
{"op_code":5,"worker_id":"fbcbac76-b93d-4bf4-8eed-9b6783cfac40-140544486217536","trial_id":18,"param_name":"layers","param_value_internal":1.0,"distribution":"{\"name\": \"IntDistribution\", \"attributes\": {\"log\": false, \"step\": 1, \"low\": 1, \"high\": 3}}"}
{"op_code":5,"worker_id":"fbcbac76-b93d-4bf4-8eed-9b6783cfac40-140544486217536","trial_id":18,"param_name":"nodes","param_value_internal":0,"distribution":"{\"name\": \"CategoricalDistribution\", \"attributes\": {\"choices\": [32, 64, 128]}}"}
{"op_code":6,"worker_id":"fbcbac76-b93d-4bf4-8eed-9b6783cfac40-140544486217536","trial_id":18,"state":1,"values":[0.0],"datetime_complete":"2026-04-01T00:41:22.349516"}
{"op_code":4,"worker_id":"fbcbac76-b93d-4bf4-8eed-9b6783cfac40-140544486217536","study_id":0,"datetime_start":"2026-04-01T00:41:22.358856"}
{"op_code":5,"worker_id":"fbcbac76-b93d-4bf4-8eed-9b6783cfac40-140544486217536","trial_id":19,"param_name":"lr","param_value_internal":0.041783300632071876,"distribution":"{\"name\": \"FloatDistribution\", \"attributes\": {\"step\": null, \"low\": 0.0001, \"high\": 0.1, \"log\": true}}"}
{"op_code":5,"worker_id":"fbcbac76-b93d-4bf4-8eed-9b6783cfac40-140544486217536","trial_id":19,"param_name":"dropout","param_value_internal":0.27894372227398495,"distribution":"{\"name\": \"FloatDistribution\", \"attributes\": {\"step\": null, \"low\": 0.0, \"high\": 0.5, \"log\": false}}"}
{"op_code":5,"worker_id":"fbcbac76-b93d-4bf4-8eed-9b6783cfac40-140544486217536","trial_id":19,"param_name":"layers","param_value_internal":3.0,"distribution":"{\"name\": \"IntDistribution\", \"attributes\": {\"log\": false, \"step\": 1, \"low\": 1, \"high\": 3}}"}
{"op_code":5,"worker_id":"fbcbac76-b93d-4bf4-8eed-9b6783cfac40-140544486217536","trial_id":19,"param_name":"nodes","param_value_internal":1,"distribution":"{\"name\": \"CategoricalDistribution\", \"attributes\": {\"choices\": [32, 64, 128]}}"}
{"op_code":6,"worker_id":"fbcbac76-b93d-4bf4-8eed-9b6783cfac40-140544486217536","trial_id":19,"state":1,"values":[0.0],"datetime_complete":"2026-04-01T00:41:22.417985"}
