{"op_code":0,"worker_id":"c5a3aab8-ffe3-41dd-9fb1-6e0268485a87-140218438481728","study_name":"pchazard_tuning","directions":[2]}
{"op_code":4,"worker_id":"c5a3aab8-ffe3-41dd-9fb1-6e0268485a87-140218438481728","study_id":0,"datetime_start":"2026-04-11T21:15:51.169499"}
{"op_code":5,"worker_id":"c5a3aab8-ffe3-41dd-9fb1-6e0268485a87-140218438481728","trial_id":0,"param_name":"lr","param_value_internal":0.05079242209029617,"distribution":"{\"name\": \"FloatDistribution\", \"attributes\": {\"step\": null, \"low\": 0.0001, \"high\": 0.1, \"log\": true}}"}
{"op_code":5,"worker_id":"c5a3aab8-ffe3-41dd-9fb1-6e0268485a87-140218438481728","trial_id":0,"param_name":"dropout","param_value_internal":0.30320726143822013,"distribution":"{\"name\": \"FloatDistribution\", \"attributes\": {\"step\": null, \"low\": 0.0, \"high\": 0.5, \"log\": false}}"}
{"op_code":5,"worker_id":"c5a3aab8-ffe3-41dd-9fb1-6e0268485a87-140218438481728","trial_id":0,"param_name":"layers","param_value_internal":1.0,"distribution":"{\"name\": \"IntDistribution\", \"attributes\": {\"log\": false, \"step\": 1, \"low\": 1, \"high\": 3}}"}
{"op_code":5,"worker_id":"c5a3aab8-ffe3-41dd-9fb1-6e0268485a87-140218438481728","trial_id":0,"param_name":"nodes","param_value_internal":2,"distribution":"{\"name\": \"CategoricalDistribution\", \"attributes\": {\"choices\": [32, 64, 128]}}"}
{"op_code":6,"worker_id":"c5a3aab8-ffe3-41dd-9fb1-6e0268485a87-140218438481728","trial_id":0,"state":1,"values":[0.5974750490488783],"datetime_complete":"2026-04-11T21:15:53.005197"}
{"op_code":4,"worker_id":"c5a3aab8-ffe3-41dd-9fb1-6e0268485a87-140218438481728","study_id":0,"datetime_start":"2026-04-11T21:15:53.027602"}
{"op_code":5,"worker_id":"c5a3aab8-ffe3-41dd-9fb1-6e0268485a87-140218438481728","trial_id":1,"param_name":"lr","param_value_internal":0.00010561513750994601,"distribution":"{\"name\": \"FloatDistribution\", \"attributes\": {\"step\": null, \"low\": 0.0001, \"high\": 0.1, \"log\": true}}"}
{"op_code":5,"worker_id":"c5a3aab8-ffe3-41dd-9fb1-6e0268485a87-140218438481728","trial_id":1,"param_name":"dropout","param_value_internal":0.052050221206425606,"distribution":"{\"name\": \"FloatDistribution\", \"attributes\": {\"step\": null, \"low\": 0.0, \"high\": 0.5, \"log\": false}}"}
{"op_code":5,"worker_id":"c5a3aab8-ffe3-41dd-9fb1-6e0268485a87-140218438481728","trial_id":1,"param_name":"layers","param_value_internal":3.0,"distribution":"{\"name\": \"IntDistribution\", \"attributes\": {\"log\": false, \"step\": 1, \"low\": 1, \"high\": 3}}"}
{"op_code":5,"worker_id":"c5a3aab8-ffe3-41dd-9fb1-6e0268485a87-140218438481728","trial_id":1,"param_name":"nodes","param_value_internal":2,"distribution":"{\"name\": \"CategoricalDistribution\", \"attributes\": {\"choices\": [32, 64, 128]}}"}
{"op_code":6,"worker_id":"c5a3aab8-ffe3-41dd-9fb1-6e0268485a87-140218438481728","trial_id":1,"state":1,"values":[0.5721595723506497],"datetime_complete":"2026-04-11T21:15:55.261488"}
{"op_code":4,"worker_id":"c5a3aab8-ffe3-41dd-9fb1-6e0268485a87-140218438481728","study_id":0,"datetime_start":"2026-04-11T21:15:55.275950"}
{"op_code":5,"worker_id":"c5a3aab8-ffe3-41dd-9fb1-6e0268485a87-140218438481728","trial_id":2,"param_name":"lr","param_value_internal":0.014237659818790466,"distribution":"{\"name\": \"FloatDistribution\", \"attributes\": {\"step\": null, \"low\": 0.0001, \"high\": 0.1, \"log\": true}}"}
{"op_code":5,"worker_id":"c5a3aab8-ffe3-41dd-9fb1-6e0268485a87-140218438481728","trial_id":2,"param_name":"dropout","param_value_internal":0.33458706839672925,"distribution":"{\"name\": \"FloatDistribution\", \"attributes\": {\"step\": null, \"low\": 0.0, \"high\": 0.5, \"log\": false}}"}
{"op_code":5,"worker_id":"c5a3aab8-ffe3-41dd-9fb1-6e0268485a87-140218438481728","trial_id":2,"param_name":"layers","param_value_internal":2.0,"distribution":"{\"name\": \"IntDistribution\", \"attributes\": {\"log\": false, \"step\": 1, \"low\": 1, \"high\": 3}}"}
{"op_code":5,"worker_id":"c5a3aab8-ffe3-41dd-9fb1-6e0268485a87-140218438481728","trial_id":2,"param_name":"nodes","param_value_internal":2,"distribution":"{\"name\": \"CategoricalDistribution\", \"attributes\": {\"choices\": [32, 64, 128]}}"}
{"op_code":6,"worker_id":"c5a3aab8-ffe3-41dd-9fb1-6e0268485a87-140218438481728","trial_id":2,"state":1,"values":[0.5993107566322614],"datetime_complete":"2026-04-11T21:15:57.295794"}
{"op_code":4,"worker_id":"c5a3aab8-ffe3-41dd-9fb1-6e0268485a87-140218438481728","study_id":0,"datetime_start":"2026-04-11T21:15:57.313144"}
{"op_code":5,"worker_id":"c5a3aab8-ffe3-41dd-9fb1-6e0268485a87-140218438481728","trial_id":3,"param_name":"lr","param_value_internal":0.006309461267892596,"distribution":"{\"name\": \"FloatDistribution\", \"attributes\": {\"step\": null, \"low\": 0.0001, \"high\": 0.1, \"log\": true}}"}
{"op_code":5,"worker_id":"c5a3aab8-ffe3-41dd-9fb1-6e0268485a87-140218438481728","trial_id":3,"param_name":"dropout","param_value_internal":0.1488792131690191,"distribution":"{\"name\": \"FloatDistribution\", \"attributes\": {\"step\": null, \"low\": 0.0, \"high\": 0.5, \"log\": false}}"}
{"op_code":5,"worker_id":"c5a3aab8-ffe3-41dd-9fb1-6e0268485a87-140218438481728","trial_id":3,"param_name":"layers","param_value_internal":1.0,"distribution":"{\"name\": \"IntDistribution\", \"attributes\": {\"log\": false, \"step\": 1, \"low\": 1, \"high\": 3}}"}
{"op_code":5,"worker_id":"c5a3aab8-ffe3-41dd-9fb1-6e0268485a87-140218438481728","trial_id":3,"param_name":"nodes","param_value_internal":0,"distribution":"{\"name\": \"CategoricalDistribution\", \"attributes\": {\"choices\": [32, 64, 128]}}"}
{"op_code":6,"worker_id":"c5a3aab8-ffe3-41dd-9fb1-6e0268485a87-140218438481728","trial_id":3,"state":1,"values":[0.6133105860274674],"datetime_complete":"2026-04-11T21:15:59.098895"}
{"op_code":4,"worker_id":"c5a3aab8-ffe3-41dd-9fb1-6e0268485a87-140218438481728","study_id":0,"datetime_start":"2026-04-11T21:15:59.122261"}
{"op_code":5,"worker_id":"c5a3aab8-ffe3-41dd-9fb1-6e0268485a87-140218438481728","trial_id":4,"param_name":"lr","param_value_internal":0.005953517766819555,"distribution":"{\"name\": \"FloatDistribution\", \"attributes\": {\"step\": null, \"low\": 0.0001, \"high\": 0.1, \"log\": true}}"}
{"op_code":5,"worker_id":"c5a3aab8-ffe3-41dd-9fb1-6e0268485a87-140218438481728","trial_id":4,"param_name":"dropout","param_value_internal":0.2760964276426519,"distribution":"{\"name\": \"FloatDistribution\", \"attributes\": {\"step\": null, \"low\": 0.0, \"high\": 0.5, \"log\": false}}"}
{"op_code":5,"worker_id":"c5a3aab8-ffe3-41dd-9fb1-6e0268485a87-140218438481728","trial_id":4,"param_name":"layers","param_value_internal":3.0,"distribution":"{\"name\": \"IntDistribution\", \"attributes\": {\"log\": false, \"step\": 1, \"low\": 1, \"high\": 3}}"}
{"op_code":5,"worker_id":"c5a3aab8-ffe3-41dd-9fb1-6e0268485a87-140218438481728","trial_id":4,"param_name":"nodes","param_value_internal":2,"distribution":"{\"name\": \"CategoricalDistribution\", \"attributes\": {\"choices\": [32, 64, 128]}}"}
{"op_code":6,"worker_id":"c5a3aab8-ffe3-41dd-9fb1-6e0268485a87-140218438481728","trial_id":4,"state":1,"values":[0.6150024169012482],"datetime_complete":"2026-04-11T21:16:01.394531"}
{"op_code":4,"worker_id":"c5a3aab8-ffe3-41dd-9fb1-6e0268485a87-140218438481728","study_id":0,"datetime_start":"2026-04-11T21:16:01.415047"}
{"op_code":5,"worker_id":"c5a3aab8-ffe3-41dd-9fb1-6e0268485a87-140218438481728","trial_id":5,"param_name":"lr","param_value_internal":0.0033982108724712984,"distribution":"{\"name\": \"FloatDistribution\", \"attributes\": {\"step\": null, \"low\": 0.0001, \"high\": 0.1, \"log\": true}}"}
{"op_code":5,"worker_id":"c5a3aab8-ffe3-41dd-9fb1-6e0268485a87-140218438481728","trial_id":5,"param_name":"dropout","param_value_internal":0.39841756251937405,"distribution":"{\"name\": \"FloatDistribution\", \"attributes\": {\"step\": null, \"low\": 0.0, \"high\": 0.5, \"log\": false}}"}
{"op_code":5,"worker_id":"c5a3aab8-ffe3-41dd-9fb1-6e0268485a87-140218438481728","trial_id":5,"param_name":"layers","param_value_internal":3.0,"distribution":"{\"name\": \"IntDistribution\", \"attributes\": {\"log\": false, \"step\": 1, \"low\": 1, \"high\": 3}}"}
{"op_code":5,"worker_id":"c5a3aab8-ffe3-41dd-9fb1-6e0268485a87-140218438481728","trial_id":5,"param_name":"nodes","param_value_internal":1,"distribution":"{\"name\": \"CategoricalDistribution\", \"attributes\": {\"choices\": [32, 64, 128]}}"}
{"op_code":6,"worker_id":"c5a3aab8-ffe3-41dd-9fb1-6e0268485a87-140218438481728","trial_id":5,"state":1,"values":[0.6212567886490944],"datetime_complete":"2026-04-11T21:16:03.690701"}
{"op_code":4,"worker_id":"c5a3aab8-ffe3-41dd-9fb1-6e0268485a87-140218438481728","study_id":0,"datetime_start":"2026-04-11T21:16:03.705866"}
{"op_code":5,"worker_id":"c5a3aab8-ffe3-41dd-9fb1-6e0268485a87-140218438481728","trial_id":6,"param_name":"lr","param_value_internal":0.0009793236981028139,"distribution":"{\"name\": \"FloatDistribution\", \"attributes\": {\"step\": null, \"low\": 0.0001, \"high\": 0.1, \"log\": true}}"}
{"op_code":5,"worker_id":"c5a3aab8-ffe3-41dd-9fb1-6e0268485a87-140218438481728","trial_id":6,"param_name":"dropout","param_value_internal":0.36604764898155545,"distribution":"{\"name\": \"FloatDistribution\", \"attributes\": {\"step\": null, \"low\": 0.0, \"high\": 0.5, \"log\": false}}"}
{"op_code":5,"worker_id":"c5a3aab8-ffe3-41dd-9fb1-6e0268485a87-140218438481728","trial_id":6,"param_name":"layers","param_value_internal":2.0,"distribution":"{\"name\": \"IntDistribution\", \"attributes\": {\"log\": false, \"step\": 1, \"low\": 1, \"high\": 3}}"}
{"op_code":5,"worker_id":"c5a3aab8-ffe3-41dd-9fb1-6e0268485a87-140218438481728","trial_id":6,"param_name":"nodes","param_value_internal":0,"distribution":"{\"name\": \"CategoricalDistribution\", \"attributes\": {\"choices\": [32, 64, 128]}}"}
{"op_code":6,"worker_id":"c5a3aab8-ffe3-41dd-9fb1-6e0268485a87-140218438481728","trial_id":6,"state":1,"values":[0.5903016861440473],"datetime_complete":"2026-04-11T21:16:05.713125"}
{"op_code":4,"worker_id":"c5a3aab8-ffe3-41dd-9fb1-6e0268485a87-140218438481728","study_id":0,"datetime_start":"2026-04-11T21:16:05.727880"}
{"op_code":5,"worker_id":"c5a3aab8-ffe3-41dd-9fb1-6e0268485a87-140218438481728","trial_id":7,"param_name":"lr","param_value_internal":0.0009297507509870578,"distribution":"{\"name\": \"FloatDistribution\", \"attributes\": {\"step\": null, \"low\": 0.0001, \"high\": 0.1, \"log\": true}}"}
{"op_code":5,"worker_id":"c5a3aab8-ffe3-41dd-9fb1-6e0268485a87-140218438481728","trial_id":7,"param_name":"dropout","param_value_internal":0.07971592104567721,"distribution":"{\"name\": \"FloatDistribution\", \"attributes\": {\"step\": null, \"low\": 0.0, \"high\": 0.5, \"log\": false}}"}
{"op_code":5,"worker_id":"c5a3aab8-ffe3-41dd-9fb1-6e0268485a87-140218438481728","trial_id":7,"param_name":"layers","param_value_internal":2.0,"distribution":"{\"name\": \"IntDistribution\", \"attributes\": {\"log\": false, \"step\": 1, \"low\": 1, \"high\": 3}}"}
{"op_code":5,"worker_id":"c5a3aab8-ffe3-41dd-9fb1-6e0268485a87-140218438481728","trial_id":7,"param_name":"nodes","param_value_internal":0,"distribution":"{\"name\": \"CategoricalDistribution\", \"attributes\": {\"choices\": [32, 64, 128]}}"}
{"op_code":6,"worker_id":"c5a3aab8-ffe3-41dd-9fb1-6e0268485a87-140218438481728","trial_id":7,"state":1,"values":[0.5909056271147886],"datetime_complete":"2026-04-11T21:16:07.733793"}
{"op_code":4,"worker_id":"c5a3aab8-ffe3-41dd-9fb1-6e0268485a87-140218438481728","study_id":0,"datetime_start":"2026-04-11T21:16:07.748306"}
{"op_code":5,"worker_id":"c5a3aab8-ffe3-41dd-9fb1-6e0268485a87-140218438481728","trial_id":8,"param_name":"lr","param_value_internal":0.007390073628940871,"distribution":"{\"name\": \"FloatDistribution\", \"attributes\": {\"step\": null, \"low\": 0.0001, \"high\": 0.1, \"log\": true}}"}
{"op_code":5,"worker_id":"c5a3aab8-ffe3-41dd-9fb1-6e0268485a87-140218438481728","trial_id":8,"param_name":"dropout","param_value_internal":0.3119505061578722,"distribution":"{\"name\": \"FloatDistribution\", \"attributes\": {\"step\": null, \"low\": 0.0, \"high\": 0.5, \"log\": false}}"}
{"op_code":5,"worker_id":"c5a3aab8-ffe3-41dd-9fb1-6e0268485a87-140218438481728","trial_id":8,"param_name":"layers","param_value_internal":1.0,"distribution":"{\"name\": \"IntDistribution\", \"attributes\": {\"log\": false, \"step\": 1, \"low\": 1, \"high\": 3}}"}
{"op_code":5,"worker_id":"c5a3aab8-ffe3-41dd-9fb1-6e0268485a87-140218438481728","trial_id":8,"param_name":"nodes","param_value_internal":0,"distribution":"{\"name\": \"CategoricalDistribution\", \"attributes\": {\"choices\": [32, 64, 128]}}"}
{"op_code":6,"worker_id":"c5a3aab8-ffe3-41dd-9fb1-6e0268485a87-140218438481728","trial_id":8,"state":1,"values":[0.6080263868748045],"datetime_complete":"2026-04-11T21:16:09.519753"}
{"op_code":4,"worker_id":"c5a3aab8-ffe3-41dd-9fb1-6e0268485a87-140218438481728","study_id":0,"datetime_start":"2026-04-11T21:16:09.535420"}
{"op_code":5,"worker_id":"c5a3aab8-ffe3-41dd-9fb1-6e0268485a87-140218438481728","trial_id":9,"param_name":"lr","param_value_internal":0.004221761108677655,"distribution":"{\"name\": \"FloatDistribution\", \"attributes\": {\"step\": null, \"low\": 0.0001, \"high\": 0.1, \"log\": true}}"}
{"op_code":5,"worker_id":"c5a3aab8-ffe3-41dd-9fb1-6e0268485a87-140218438481728","trial_id":9,"param_name":"dropout","param_value_internal":0.32454878630899814,"distribution":"{\"name\": \"FloatDistribution\", \"attributes\": {\"step\": null, \"low\": 0.0, \"high\": 0.5, \"log\": false}}"}
{"op_code":5,"worker_id":"c5a3aab8-ffe3-41dd-9fb1-6e0268485a87-140218438481728","trial_id":9,"param_name":"layers","param_value_internal":1.0,"distribution":"{\"name\": \"IntDistribution\", \"attributes\": {\"log\": false, \"step\": 1, \"low\": 1, \"high\": 3}}"}
{"op_code":5,"worker_id":"c5a3aab8-ffe3-41dd-9fb1-6e0268485a87-140218438481728","trial_id":9,"param_name":"nodes","param_value_internal":1,"distribution":"{\"name\": \"CategoricalDistribution\", \"attributes\": {\"choices\": [32, 64, 128]}}"}
{"op_code":6,"worker_id":"c5a3aab8-ffe3-41dd-9fb1-6e0268485a87-140218438481728","trial_id":9,"state":1,"values":[0.6133799653103585],"datetime_complete":"2026-04-11T21:16:11.309559"}
{"op_code":4,"worker_id":"c5a3aab8-ffe3-41dd-9fb1-6e0268485a87-140218438481728","study_id":0,"datetime_start":"2026-04-11T21:16:11.322644"}
{"op_code":5,"worker_id":"c5a3aab8-ffe3-41dd-9fb1-6e0268485a87-140218438481728","trial_id":10,"param_name":"lr","param_value_internal":0.0008600923385246622,"distribution":"{\"name\": \"FloatDistribution\", \"attributes\": {\"step\": null, \"low\": 0.0001, \"high\": 0.1, \"log\": true}}"}
{"op_code":5,"worker_id":"c5a3aab8-ffe3-41dd-9fb1-6e0268485a87-140218438481728","trial_id":10,"param_name":"dropout","param_value_internal":0.4962845656050683,"distribution":"{\"name\": \"FloatDistribution\", \"attributes\": {\"step\": null, \"low\": 0.0, \"high\": 0.5, \"log\": false}}"}
{"op_code":5,"worker_id":"c5a3aab8-ffe3-41dd-9fb1-6e0268485a87-140218438481728","trial_id":10,"param_name":"layers","param_value_internal":3.0,"distribution":"{\"name\": \"IntDistribution\", \"attributes\": {\"log\": false, \"step\": 1, \"low\": 1, \"high\": 3}}"}
{"op_code":5,"worker_id":"c5a3aab8-ffe3-41dd-9fb1-6e0268485a87-140218438481728","trial_id":10,"param_name":"nodes","param_value_internal":1,"distribution":"{\"name\": \"CategoricalDistribution\", \"attributes\": {\"choices\": [32, 64, 128]}}"}
{"op_code":6,"worker_id":"c5a3aab8-ffe3-41dd-9fb1-6e0268485a87-140218438481728","trial_id":10,"state":1,"values":[0.5379800392391026],"datetime_complete":"2026-04-11T21:16:13.554213"}
{"op_code":4,"worker_id":"c5a3aab8-ffe3-41dd-9fb1-6e0268485a87-140218438481728","study_id":0,"datetime_start":"2026-04-11T21:16:13.566945"}
{"op_code":5,"worker_id":"c5a3aab8-ffe3-41dd-9fb1-6e0268485a87-140218438481728","trial_id":11,"param_name":"lr","param_value_internal":0.029516290318715725,"distribution":"{\"name\": \"FloatDistribution\", \"attributes\": {\"step\": null, \"low\": 0.0001, \"high\": 0.1, \"log\": true}}"}
{"op_code":5,"worker_id":"c5a3aab8-ffe3-41dd-9fb1-6e0268485a87-140218438481728","trial_id":11,"param_name":"dropout","param_value_internal":0.45035964460653455,"distribution":"{\"name\": \"FloatDistribution\", \"attributes\": {\"step\": null, \"low\": 0.0, \"high\": 0.5, \"log\": false}}"}
{"op_code":5,"worker_id":"c5a3aab8-ffe3-41dd-9fb1-6e0268485a87-140218438481728","trial_id":11,"param_name":"layers","param_value_internal":3.0,"distribution":"{\"name\": \"IntDistribution\", \"attributes\": {\"log\": false, \"step\": 1, \"low\": 1, \"high\": 3}}"}
{"op_code":5,"worker_id":"c5a3aab8-ffe3-41dd-9fb1-6e0268485a87-140218438481728","trial_id":11,"param_name":"nodes","param_value_internal":1,"distribution":"{\"name\": \"CategoricalDistribution\", \"attributes\": {\"choices\": [32, 64, 128]}}"}
{"op_code":6,"worker_id":"c5a3aab8-ffe3-41dd-9fb1-6e0268485a87-140218438481728","trial_id":11,"state":1,"values":[0.6184730870937474],"datetime_complete":"2026-04-11T21:16:15.793927"}
{"op_code":4,"worker_id":"c5a3aab8-ffe3-41dd-9fb1-6e0268485a87-140218438481728","study_id":0,"datetime_start":"2026-04-11T21:16:15.857415"}
{"op_code":5,"worker_id":"c5a3aab8-ffe3-41dd-9fb1-6e0268485a87-140218438481728","trial_id":12,"param_name":"lr","param_value_internal":0.09670893919971853,"distribution":"{\"name\": \"FloatDistribution\", \"attributes\": {\"step\": null, \"low\": 0.0001, \"high\": 0.1, \"log\": true}}"}
{"op_code":5,"worker_id":"c5a3aab8-ffe3-41dd-9fb1-6e0268485a87-140218438481728","trial_id":12,"param_name":"dropout","param_value_internal":0.48529837121450087,"distribution":"{\"name\": \"FloatDistribution\", \"attributes\": {\"step\": null, \"low\": 0.0, \"high\": 0.5, \"log\": false}}"}
{"op_code":5,"worker_id":"c5a3aab8-ffe3-41dd-9fb1-6e0268485a87-140218438481728","trial_id":12,"param_name":"layers","param_value_internal":3.0,"distribution":"{\"name\": \"IntDistribution\", \"attributes\": {\"log\": false, \"step\": 1, \"low\": 1, \"high\": 3}}"}
{"op_code":5,"worker_id":"c5a3aab8-ffe3-41dd-9fb1-6e0268485a87-140218438481728","trial_id":12,"param_name":"nodes","param_value_internal":1,"distribution":"{\"name\": \"CategoricalDistribution\", \"attributes\": {\"choices\": [32, 64, 128]}}"}
{"op_code":6,"worker_id":"c5a3aab8-ffe3-41dd-9fb1-6e0268485a87-140218438481728","trial_id":12,"state":1,"values":[0.6277215729762007],"datetime_complete":"2026-04-11T21:16:18.132991"}
{"op_code":4,"worker_id":"c5a3aab8-ffe3-41dd-9fb1-6e0268485a87-140218438481728","study_id":0,"datetime_start":"2026-04-11T21:16:18.147999"}
{"op_code":5,"worker_id":"c5a3aab8-ffe3-41dd-9fb1-6e0268485a87-140218438481728","trial_id":13,"param_name":"lr","param_value_internal":0.09148030138010164,"distribution":"{\"name\": \"FloatDistribution\", \"attributes\": {\"step\": null, \"low\": 0.0001, \"high\": 0.1, \"log\": true}}"}
{"op_code":5,"worker_id":"c5a3aab8-ffe3-41dd-9fb1-6e0268485a87-140218438481728","trial_id":13,"param_name":"dropout","param_value_internal":0.4190619916893213,"distribution":"{\"name\": \"FloatDistribution\", \"attributes\": {\"step\": null, \"low\": 0.0, \"high\": 0.5, \"log\": false}}"}
{"op_code":5,"worker_id":"c5a3aab8-ffe3-41dd-9fb1-6e0268485a87-140218438481728","trial_id":13,"param_name":"layers","param_value_internal":3.0,"distribution":"{\"name\": \"IntDistribution\", \"attributes\": {\"log\": false, \"step\": 1, \"low\": 1, \"high\": 3}}"}
{"op_code":5,"worker_id":"c5a3aab8-ffe3-41dd-9fb1-6e0268485a87-140218438481728","trial_id":13,"param_name":"nodes","param_value_internal":1,"distribution":"{\"name\": \"CategoricalDistribution\", \"attributes\": {\"choices\": [32, 64, 128]}}"}
{"op_code":6,"worker_id":"c5a3aab8-ffe3-41dd-9fb1-6e0268485a87-140218438481728","trial_id":13,"state":1,"values":[0.6178065910318746],"datetime_complete":"2026-04-11T21:16:20.360206"}
{"op_code":4,"worker_id":"c5a3aab8-ffe3-41dd-9fb1-6e0268485a87-140218438481728","study_id":0,"datetime_start":"2026-04-11T21:16:20.379221"}
{"op_code":5,"worker_id":"c5a3aab8-ffe3-41dd-9fb1-6e0268485a87-140218438481728","trial_id":14,"param_name":"lr","param_value_internal":0.00010117724733035456,"distribution":"{\"name\": \"FloatDistribution\", \"attributes\": {\"step\": null, \"low\": 0.0001, \"high\": 0.1, \"log\": true}}"}
{"op_code":5,"worker_id":"c5a3aab8-ffe3-41dd-9fb1-6e0268485a87-140218438481728","trial_id":14,"param_name":"dropout","param_value_internal":0.18534372788078815,"distribution":"{\"name\": \"FloatDistribution\", \"attributes\": {\"step\": null, \"low\": 0.0, \"high\": 0.5, \"log\": false}}"}
{"op_code":5,"worker_id":"c5a3aab8-ffe3-41dd-9fb1-6e0268485a87-140218438481728","trial_id":14,"param_name":"layers","param_value_internal":2.0,"distribution":"{\"name\": \"IntDistribution\", \"attributes\": {\"log\": false, \"step\": 1, \"low\": 1, \"high\": 3}}"}
{"op_code":5,"worker_id":"c5a3aab8-ffe3-41dd-9fb1-6e0268485a87-140218438481728","trial_id":14,"param_name":"nodes","param_value_internal":1,"distribution":"{\"name\": \"CategoricalDistribution\", \"attributes\": {\"choices\": [32, 64, 128]}}"}
{"op_code":6,"worker_id":"c5a3aab8-ffe3-41dd-9fb1-6e0268485a87-140218438481728","trial_id":14,"state":1,"values":[0.5776297307287668],"datetime_complete":"2026-04-11T21:16:22.395357"}
{"op_code":4,"worker_id":"c5a3aab8-ffe3-41dd-9fb1-6e0268485a87-140218438481728","study_id":0,"datetime_start":"2026-04-11T21:16:22.409356"}
{"op_code":5,"worker_id":"c5a3aab8-ffe3-41dd-9fb1-6e0268485a87-140218438481728","trial_id":15,"param_name":"lr","param_value_internal":0.0003330149920470261,"distribution":"{\"name\": \"FloatDistribution\", \"attributes\": {\"step\": null, \"low\": 0.0001, \"high\": 0.1, \"log\": true}}"}
{"op_code":5,"worker_id":"c5a3aab8-ffe3-41dd-9fb1-6e0268485a87-140218438481728","trial_id":15,"param_name":"dropout","param_value_internal":0.499702923062595,"distribution":"{\"name\": \"FloatDistribution\", \"attributes\": {\"step\": null, \"low\": 0.0, \"high\": 0.5, \"log\": false}}"}
{"op_code":5,"worker_id":"c5a3aab8-ffe3-41dd-9fb1-6e0268485a87-140218438481728","trial_id":15,"param_name":"layers","param_value_internal":3.0,"distribution":"{\"name\": \"IntDistribution\", \"attributes\": {\"log\": false, \"step\": 1, \"low\": 1, \"high\": 3}}"}
{"op_code":5,"worker_id":"c5a3aab8-ffe3-41dd-9fb1-6e0268485a87-140218438481728","trial_id":15,"param_name":"nodes","param_value_internal":1,"distribution":"{\"name\": \"CategoricalDistribution\", \"attributes\": {\"choices\": [32, 64, 128]}}"}
{"op_code":6,"worker_id":"c5a3aab8-ffe3-41dd-9fb1-6e0268485a87-140218438481728","trial_id":15,"state":1,"values":[0.5139685518496403],"datetime_complete":"2026-04-11T21:16:24.630314"}
{"op_code":4,"worker_id":"c5a3aab8-ffe3-41dd-9fb1-6e0268485a87-140218438481728","study_id":0,"datetime_start":"2026-04-11T21:16:24.647424"}
{"op_code":5,"worker_id":"c5a3aab8-ffe3-41dd-9fb1-6e0268485a87-140218438481728","trial_id":16,"param_name":"lr","param_value_internal":0.019306988989301655,"distribution":"{\"name\": \"FloatDistribution\", \"attributes\": {\"step\": null, \"low\": 0.0001, \"high\": 0.1, \"log\": true}}"}
{"op_code":5,"worker_id":"c5a3aab8-ffe3-41dd-9fb1-6e0268485a87-140218438481728","trial_id":16,"param_name":"dropout","param_value_internal":0.4029444838273284,"distribution":"{\"name\": \"FloatDistribution\", \"attributes\": {\"step\": null, \"low\": 0.0, \"high\": 0.5, \"log\": false}}"}
{"op_code":5,"worker_id":"c5a3aab8-ffe3-41dd-9fb1-6e0268485a87-140218438481728","trial_id":16,"param_name":"layers","param_value_internal":3.0,"distribution":"{\"name\": \"IntDistribution\", \"attributes\": {\"log\": false, \"step\": 1, \"low\": 1, \"high\": 3}}"}
{"op_code":5,"worker_id":"c5a3aab8-ffe3-41dd-9fb1-6e0268485a87-140218438481728","trial_id":16,"param_name":"nodes","param_value_internal":1,"distribution":"{\"name\": \"CategoricalDistribution\", \"attributes\": {\"choices\": [32, 64, 128]}}"}
{"op_code":6,"worker_id":"c5a3aab8-ffe3-41dd-9fb1-6e0268485a87-140218438481728","trial_id":16,"state":1,"values":[0.6267713042736501],"datetime_complete":"2026-04-11T21:16:26.865250"}
{"op_code":4,"worker_id":"c5a3aab8-ffe3-41dd-9fb1-6e0268485a87-140218438481728","study_id":0,"datetime_start":"2026-04-11T21:16:26.884199"}
{"op_code":5,"worker_id":"c5a3aab8-ffe3-41dd-9fb1-6e0268485a87-140218438481728","trial_id":17,"param_name":"lr","param_value_internal":0.021160272081128525,"distribution":"{\"name\": \"FloatDistribution\", \"attributes\": {\"step\": null, \"low\": 0.0001, \"high\": 0.1, \"log\": true}}"}
{"op_code":5,"worker_id":"c5a3aab8-ffe3-41dd-9fb1-6e0268485a87-140218438481728","trial_id":17,"param_name":"dropout","param_value_internal":0.4373578543299736,"distribution":"{\"name\": \"FloatDistribution\", \"attributes\": {\"step\": null, \"low\": 0.0, \"high\": 0.5, \"log\": false}}"}
{"op_code":5,"worker_id":"c5a3aab8-ffe3-41dd-9fb1-6e0268485a87-140218438481728","trial_id":17,"param_name":"layers","param_value_internal":2.0,"distribution":"{\"name\": \"IntDistribution\", \"attributes\": {\"log\": false, \"step\": 1, \"low\": 1, \"high\": 3}}"}
{"op_code":5,"worker_id":"c5a3aab8-ffe3-41dd-9fb1-6e0268485a87-140218438481728","trial_id":17,"param_name":"nodes","param_value_internal":1,"distribution":"{\"name\": \"CategoricalDistribution\", \"attributes\": {\"choices\": [32, 64, 128]}}"}
{"op_code":6,"worker_id":"c5a3aab8-ffe3-41dd-9fb1-6e0268485a87-140218438481728","trial_id":17,"state":1,"values":[0.6225204014899486],"datetime_complete":"2026-04-11T21:16:28.888641"}
{"op_code":4,"worker_id":"c5a3aab8-ffe3-41dd-9fb1-6e0268485a87-140218438481728","study_id":0,"datetime_start":"2026-04-11T21:16:28.908737"}
{"op_code":5,"worker_id":"c5a3aab8-ffe3-41dd-9fb1-6e0268485a87-140218438481728","trial_id":18,"param_name":"lr","param_value_internal":0.09885628463589867,"distribution":"{\"name\": \"FloatDistribution\", \"attributes\": {\"step\": null, \"low\": 0.0001, \"high\": 0.1, \"log\": true}}"}
{"op_code":5,"worker_id":"c5a3aab8-ffe3-41dd-9fb1-6e0268485a87-140218438481728","trial_id":18,"param_name":"dropout","param_value_internal":0.25456283782915406,"distribution":"{\"name\": \"FloatDistribution\", \"attributes\": {\"step\": null, \"low\": 0.0, \"high\": 0.5, \"log\": false}}"}
{"op_code":5,"worker_id":"c5a3aab8-ffe3-41dd-9fb1-6e0268485a87-140218438481728","trial_id":18,"param_name":"layers","param_value_internal":3.0,"distribution":"{\"name\": \"IntDistribution\", \"attributes\": {\"log\": false, \"step\": 1, \"low\": 1, \"high\": 3}}"}
{"op_code":5,"worker_id":"c5a3aab8-ffe3-41dd-9fb1-6e0268485a87-140218438481728","trial_id":18,"param_name":"nodes","param_value_internal":1,"distribution":"{\"name\": \"CategoricalDistribution\", \"attributes\": {\"choices\": [32, 64, 128]}}"}
{"op_code":6,"worker_id":"c5a3aab8-ffe3-41dd-9fb1-6e0268485a87-140218438481728","trial_id":18,"state":1,"values":[0.5941653160453809],"datetime_complete":"2026-04-11T21:16:31.147662"}
{"op_code":4,"worker_id":"c5a3aab8-ffe3-41dd-9fb1-6e0268485a87-140218438481728","study_id":0,"datetime_start":"2026-04-11T21:16:31.170129"}
{"op_code":5,"worker_id":"c5a3aab8-ffe3-41dd-9fb1-6e0268485a87-140218438481728","trial_id":19,"param_name":"lr","param_value_internal":0.03385761695171704,"distribution":"{\"name\": \"FloatDistribution\", \"attributes\": {\"step\": null, \"low\": 0.0001, \"high\": 0.1, \"log\": true}}"}
{"op_code":5,"worker_id":"c5a3aab8-ffe3-41dd-9fb1-6e0268485a87-140218438481728","trial_id":19,"param_name":"dropout","param_value_internal":0.38540891956435064,"distribution":"{\"name\": \"FloatDistribution\", \"attributes\": {\"step\": null, \"low\": 0.0, \"high\": 0.5, \"log\": false}}"}
{"op_code":5,"worker_id":"c5a3aab8-ffe3-41dd-9fb1-6e0268485a87-140218438481728","trial_id":19,"param_name":"layers","param_value_internal":3.0,"distribution":"{\"name\": \"IntDistribution\", \"attributes\": {\"log\": false, \"step\": 1, \"low\": 1, \"high\": 3}}"}
{"op_code":5,"worker_id":"c5a3aab8-ffe3-41dd-9fb1-6e0268485a87-140218438481728","trial_id":19,"param_name":"nodes","param_value_internal":1,"distribution":"{\"name\": \"CategoricalDistribution\", \"attributes\": {\"choices\": [32, 64, 128]}}"}
{"op_code":6,"worker_id":"c5a3aab8-ffe3-41dd-9fb1-6e0268485a87-140218438481728","trial_id":19,"state":1,"values":[0.6336193807045978],"datetime_complete":"2026-04-11T21:16:33.416120"}
