{"op_code":0,"worker_id":"8e0dbd83-7fb1-4e41-8fdd-580d7bd1c2bb-139697814206272","study_name":"gbsa_tuning","directions":[2]}
{"op_code":4,"worker_id":"8e0dbd83-7fb1-4e41-8fdd-580d7bd1c2bb-139697814206272","study_id":0,"datetime_start":"2026-04-05T22:40:44.814397"}
{"op_code":5,"worker_id":"8e0dbd83-7fb1-4e41-8fdd-580d7bd1c2bb-139697814206272","trial_id":0,"param_name":"learning_rate","param_value_internal":0.08368049792884644,"distribution":"{\"name\": \"FloatDistribution\", \"attributes\": {\"step\": null, \"low\": 0.01, \"high\": 0.2, \"log\": true}}"}
{"op_code":5,"worker_id":"8e0dbd83-7fb1-4e41-8fdd-580d7bd1c2bb-139697814206272","trial_id":0,"param_name":"n_estimators","param_value_internal":185.0,"distribution":"{\"name\": \"IntDistribution\", \"attributes\": {\"log\": false, \"step\": 1, \"low\": 50, \"high\": 200}}"}
{"op_code":5,"worker_id":"8e0dbd83-7fb1-4e41-8fdd-580d7bd1c2bb-139697814206272","trial_id":0,"param_name":"max_depth","param_value_internal":3.0,"distribution":"{\"name\": \"IntDistribution\", \"attributes\": {\"log\": false, \"step\": 1, \"low\": 2, \"high\": 5}}"}
{"op_code":6,"worker_id":"8e0dbd83-7fb1-4e41-8fdd-580d7bd1c2bb-139697814206272","trial_id":0,"state":1,"values":[0.5428571428571428],"datetime_complete":"2026-04-05T22:40:44.912007"}
{"op_code":4,"worker_id":"8e0dbd83-7fb1-4e41-8fdd-580d7bd1c2bb-139697814206272","study_id":0,"datetime_start":"2026-04-05T22:40:44.922671"}
{"op_code":5,"worker_id":"8e0dbd83-7fb1-4e41-8fdd-580d7bd1c2bb-139697814206272","trial_id":1,"param_name":"learning_rate","param_value_internal":0.01053411085184518,"distribution":"{\"name\": \"FloatDistribution\", \"attributes\": {\"step\": null, \"low\": 0.01, \"high\": 0.2, \"log\": true}}"}
{"op_code":5,"worker_id":"8e0dbd83-7fb1-4e41-8fdd-580d7bd1c2bb-139697814206272","trial_id":1,"param_name":"n_estimators","param_value_internal":94.0,"distribution":"{\"name\": \"IntDistribution\", \"attributes\": {\"log\": false, \"step\": 1, \"low\": 50, \"high\": 200}}"}
{"op_code":5,"worker_id":"8e0dbd83-7fb1-4e41-8fdd-580d7bd1c2bb-139697814206272","trial_id":1,"param_name":"max_depth","param_value_internal":5.0,"distribution":"{\"name\": \"IntDistribution\", \"attributes\": {\"log\": false, \"step\": 1, \"low\": 2, \"high\": 5}}"}
{"op_code":6,"worker_id":"8e0dbd83-7fb1-4e41-8fdd-580d7bd1c2bb-139697814206272","trial_id":1,"state":1,"values":[0.6285714285714286],"datetime_complete":"2026-04-05T22:40:44.998129"}
{"op_code":4,"worker_id":"8e0dbd83-7fb1-4e41-8fdd-580d7bd1c2bb-139697814206272","study_id":0,"datetime_start":"2026-04-05T22:40:45.009036"}
{"op_code":5,"worker_id":"8e0dbd83-7fb1-4e41-8fdd-580d7bd1c2bb-139697814206272","trial_id":2,"param_name":"learning_rate","param_value_internal":0.11977838796832299,"distribution":"{\"name\": \"FloatDistribution\", \"attributes\": {\"step\": null, \"low\": 0.01, \"high\": 0.2, \"log\": true}}"}
{"op_code":5,"worker_id":"8e0dbd83-7fb1-4e41-8fdd-580d7bd1c2bb-139697814206272","trial_id":2,"param_name":"n_estimators","param_value_internal":168.0,"distribution":"{\"name\": \"IntDistribution\", \"attributes\": {\"log\": false, \"step\": 1, \"low\": 50, \"high\": 200}}"}
{"op_code":5,"worker_id":"8e0dbd83-7fb1-4e41-8fdd-580d7bd1c2bb-139697814206272","trial_id":2,"param_name":"max_depth","param_value_internal":3.0,"distribution":"{\"name\": \"IntDistribution\", \"attributes\": {\"log\": false, \"step\": 1, \"low\": 2, \"high\": 5}}"}
{"op_code":6,"worker_id":"8e0dbd83-7fb1-4e41-8fdd-580d7bd1c2bb-139697814206272","trial_id":2,"state":1,"values":[0.5714285714285714],"datetime_complete":"2026-04-05T22:40:45.103762"}
{"op_code":4,"worker_id":"8e0dbd83-7fb1-4e41-8fdd-580d7bd1c2bb-139697814206272","study_id":0,"datetime_start":"2026-04-05T22:40:45.114325"}
{"op_code":5,"worker_id":"8e0dbd83-7fb1-4e41-8fdd-580d7bd1c2bb-139697814206272","trial_id":3,"param_name":"learning_rate","param_value_internal":0.032606287976428436,"distribution":"{\"name\": \"FloatDistribution\", \"attributes\": {\"step\": null, \"low\": 0.01, \"high\": 0.2, \"log\": true}}"}
{"op_code":5,"worker_id":"8e0dbd83-7fb1-4e41-8fdd-580d7bd1c2bb-139697814206272","trial_id":3,"param_name":"n_estimators","param_value_internal":143.0,"distribution":"{\"name\": \"IntDistribution\", \"attributes\": {\"log\": false, \"step\": 1, \"low\": 50, \"high\": 200}}"}
{"op_code":5,"worker_id":"8e0dbd83-7fb1-4e41-8fdd-580d7bd1c2bb-139697814206272","trial_id":3,"param_name":"max_depth","param_value_internal":4.0,"distribution":"{\"name\": \"IntDistribution\", \"attributes\": {\"log\": false, \"step\": 1, \"low\": 2, \"high\": 5}}"}
{"op_code":6,"worker_id":"8e0dbd83-7fb1-4e41-8fdd-580d7bd1c2bb-139697814206272","trial_id":3,"state":1,"values":[0.5714285714285714],"datetime_complete":"2026-04-05T22:40:45.202339"}
{"op_code":4,"worker_id":"8e0dbd83-7fb1-4e41-8fdd-580d7bd1c2bb-139697814206272","study_id":0,"datetime_start":"2026-04-05T22:40:45.213396"}
{"op_code":5,"worker_id":"8e0dbd83-7fb1-4e41-8fdd-580d7bd1c2bb-139697814206272","trial_id":4,"param_name":"learning_rate","param_value_internal":0.01313401813035438,"distribution":"{\"name\": \"FloatDistribution\", \"attributes\": {\"step\": null, \"low\": 0.01, \"high\": 0.2, \"log\": true}}"}
{"op_code":5,"worker_id":"8e0dbd83-7fb1-4e41-8fdd-580d7bd1c2bb-139697814206272","trial_id":4,"param_name":"n_estimators","param_value_internal":158.0,"distribution":"{\"name\": \"IntDistribution\", \"attributes\": {\"log\": false, \"step\": 1, \"low\": 50, \"high\": 200}}"}
{"op_code":5,"worker_id":"8e0dbd83-7fb1-4e41-8fdd-580d7bd1c2bb-139697814206272","trial_id":4,"param_name":"max_depth","param_value_internal":5.0,"distribution":"{\"name\": \"IntDistribution\", \"attributes\": {\"log\": false, \"step\": 1, \"low\": 2, \"high\": 5}}"}
{"op_code":6,"worker_id":"8e0dbd83-7fb1-4e41-8fdd-580d7bd1c2bb-139697814206272","trial_id":4,"state":1,"values":[0.6],"datetime_complete":"2026-04-05T22:40:45.309516"}
{"op_code":4,"worker_id":"8e0dbd83-7fb1-4e41-8fdd-580d7bd1c2bb-139697814206272","study_id":0,"datetime_start":"2026-04-05T22:40:45.319352"}
{"op_code":5,"worker_id":"8e0dbd83-7fb1-4e41-8fdd-580d7bd1c2bb-139697814206272","trial_id":5,"param_name":"learning_rate","param_value_internal":0.045730667225998695,"distribution":"{\"name\": \"FloatDistribution\", \"attributes\": {\"step\": null, \"low\": 0.01, \"high\": 0.2, \"log\": true}}"}
{"op_code":5,"worker_id":"8e0dbd83-7fb1-4e41-8fdd-580d7bd1c2bb-139697814206272","trial_id":5,"param_name":"n_estimators","param_value_internal":90.0,"distribution":"{\"name\": \"IntDistribution\", \"attributes\": {\"log\": false, \"step\": 1, \"low\": 50, \"high\": 200}}"}
{"op_code":5,"worker_id":"8e0dbd83-7fb1-4e41-8fdd-580d7bd1c2bb-139697814206272","trial_id":5,"param_name":"max_depth","param_value_internal":3.0,"distribution":"{\"name\": \"IntDistribution\", \"attributes\": {\"log\": false, \"step\": 1, \"low\": 2, \"high\": 5}}"}
{"op_code":6,"worker_id":"8e0dbd83-7fb1-4e41-8fdd-580d7bd1c2bb-139697814206272","trial_id":5,"state":1,"values":[0.5285714285714286],"datetime_complete":"2026-04-05T22:40:45.388750"}
{"op_code":4,"worker_id":"8e0dbd83-7fb1-4e41-8fdd-580d7bd1c2bb-139697814206272","study_id":0,"datetime_start":"2026-04-05T22:40:45.399245"}
{"op_code":5,"worker_id":"8e0dbd83-7fb1-4e41-8fdd-580d7bd1c2bb-139697814206272","trial_id":6,"param_name":"learning_rate","param_value_internal":0.09572747261499505,"distribution":"{\"name\": \"FloatDistribution\", \"attributes\": {\"step\": null, \"low\": 0.01, \"high\": 0.2, \"log\": true}}"}
{"op_code":5,"worker_id":"8e0dbd83-7fb1-4e41-8fdd-580d7bd1c2bb-139697814206272","trial_id":6,"param_name":"n_estimators","param_value_internal":102.0,"distribution":"{\"name\": \"IntDistribution\", \"attributes\": {\"log\": false, \"step\": 1, \"low\": 50, \"high\": 200}}"}
{"op_code":5,"worker_id":"8e0dbd83-7fb1-4e41-8fdd-580d7bd1c2bb-139697814206272","trial_id":6,"param_name":"max_depth","param_value_internal":3.0,"distribution":"{\"name\": \"IntDistribution\", \"attributes\": {\"log\": false, \"step\": 1, \"low\": 2, \"high\": 5}}"}
{"op_code":6,"worker_id":"8e0dbd83-7fb1-4e41-8fdd-580d7bd1c2bb-139697814206272","trial_id":6,"state":1,"values":[0.5428571428571428],"datetime_complete":"2026-04-05T22:40:45.472128"}
{"op_code":4,"worker_id":"8e0dbd83-7fb1-4e41-8fdd-580d7bd1c2bb-139697814206272","study_id":0,"datetime_start":"2026-04-05T22:40:45.482447"}
{"op_code":5,"worker_id":"8e0dbd83-7fb1-4e41-8fdd-580d7bd1c2bb-139697814206272","trial_id":7,"param_name":"learning_rate","param_value_internal":0.020465494010583615,"distribution":"{\"name\": \"FloatDistribution\", \"attributes\": {\"step\": null, \"low\": 0.01, \"high\": 0.2, \"log\": true}}"}
{"op_code":5,"worker_id":"8e0dbd83-7fb1-4e41-8fdd-580d7bd1c2bb-139697814206272","trial_id":7,"param_name":"n_estimators","param_value_internal":69.0,"distribution":"{\"name\": \"IntDistribution\", \"attributes\": {\"log\": false, \"step\": 1, \"low\": 50, \"high\": 200}}"}
{"op_code":5,"worker_id":"8e0dbd83-7fb1-4e41-8fdd-580d7bd1c2bb-139697814206272","trial_id":7,"param_name":"max_depth","param_value_internal":3.0,"distribution":"{\"name\": \"IntDistribution\", \"attributes\": {\"log\": false, \"step\": 1, \"low\": 2, \"high\": 5}}"}
{"op_code":6,"worker_id":"8e0dbd83-7fb1-4e41-8fdd-580d7bd1c2bb-139697814206272","trial_id":7,"state":1,"values":[0.4714285714285714],"datetime_complete":"2026-04-05T22:40:45.545641"}
{"op_code":4,"worker_id":"8e0dbd83-7fb1-4e41-8fdd-580d7bd1c2bb-139697814206272","study_id":0,"datetime_start":"2026-04-05T22:40:45.554725"}
{"op_code":5,"worker_id":"8e0dbd83-7fb1-4e41-8fdd-580d7bd1c2bb-139697814206272","trial_id":8,"param_name":"learning_rate","param_value_internal":0.03973485119977671,"distribution":"{\"name\": \"FloatDistribution\", \"attributes\": {\"step\": null, \"low\": 0.01, \"high\": 0.2, \"log\": true}}"}
{"op_code":5,"worker_id":"8e0dbd83-7fb1-4e41-8fdd-580d7bd1c2bb-139697814206272","trial_id":8,"param_name":"n_estimators","param_value_internal":173.0,"distribution":"{\"name\": \"IntDistribution\", \"attributes\": {\"log\": false, \"step\": 1, \"low\": 50, \"high\": 200}}"}
{"op_code":5,"worker_id":"8e0dbd83-7fb1-4e41-8fdd-580d7bd1c2bb-139697814206272","trial_id":8,"param_name":"max_depth","param_value_internal":5.0,"distribution":"{\"name\": \"IntDistribution\", \"attributes\": {\"log\": false, \"step\": 1, \"low\": 2, \"high\": 5}}"}
{"op_code":6,"worker_id":"8e0dbd83-7fb1-4e41-8fdd-580d7bd1c2bb-139697814206272","trial_id":8,"state":1,"values":[0.6571428571428571],"datetime_complete":"2026-04-05T22:40:45.655120"}
{"op_code":4,"worker_id":"8e0dbd83-7fb1-4e41-8fdd-580d7bd1c2bb-139697814206272","study_id":0,"datetime_start":"2026-04-05T22:40:45.665863"}
{"op_code":5,"worker_id":"8e0dbd83-7fb1-4e41-8fdd-580d7bd1c2bb-139697814206272","trial_id":9,"param_name":"learning_rate","param_value_internal":0.031645840557653945,"distribution":"{\"name\": \"FloatDistribution\", \"attributes\": {\"step\": null, \"low\": 0.01, \"high\": 0.2, \"log\": true}}"}
{"op_code":5,"worker_id":"8e0dbd83-7fb1-4e41-8fdd-580d7bd1c2bb-139697814206272","trial_id":9,"param_name":"n_estimators","param_value_internal":50.0,"distribution":"{\"name\": \"IntDistribution\", \"attributes\": {\"log\": false, \"step\": 1, \"low\": 50, \"high\": 200}}"}
{"op_code":5,"worker_id":"8e0dbd83-7fb1-4e41-8fdd-580d7bd1c2bb-139697814206272","trial_id":9,"param_name":"max_depth","param_value_internal":3.0,"distribution":"{\"name\": \"IntDistribution\", \"attributes\": {\"log\": false, \"step\": 1, \"low\": 2, \"high\": 5}}"}
{"op_code":6,"worker_id":"8e0dbd83-7fb1-4e41-8fdd-580d7bd1c2bb-139697814206272","trial_id":9,"state":1,"values":[0.4714285714285714],"datetime_complete":"2026-04-05T22:40:45.723593"}
{"op_code":4,"worker_id":"8e0dbd83-7fb1-4e41-8fdd-580d7bd1c2bb-139697814206272","study_id":0,"datetime_start":"2026-04-05T22:40:45.732789"}
{"op_code":5,"worker_id":"8e0dbd83-7fb1-4e41-8fdd-580d7bd1c2bb-139697814206272","trial_id":10,"param_name":"learning_rate","param_value_internal":0.18709089088582917,"distribution":"{\"name\": \"FloatDistribution\", \"attributes\": {\"step\": null, \"low\": 0.01, \"high\": 0.2, \"log\": true}}"}
{"op_code":5,"worker_id":"8e0dbd83-7fb1-4e41-8fdd-580d7bd1c2bb-139697814206272","trial_id":10,"param_name":"n_estimators","param_value_internal":198.0,"distribution":"{\"name\": \"IntDistribution\", \"attributes\": {\"log\": false, \"step\": 1, \"low\": 50, \"high\": 200}}"}
{"op_code":5,"worker_id":"8e0dbd83-7fb1-4e41-8fdd-580d7bd1c2bb-139697814206272","trial_id":10,"param_name":"max_depth","param_value_internal":4.0,"distribution":"{\"name\": \"IntDistribution\", \"attributes\": {\"log\": false, \"step\": 1, \"low\": 2, \"high\": 5}}"}
{"op_code":6,"worker_id":"8e0dbd83-7fb1-4e41-8fdd-580d7bd1c2bb-139697814206272","trial_id":10,"state":1,"values":[0.6],"datetime_complete":"2026-04-05T22:40:45.844423"}
{"op_code":4,"worker_id":"8e0dbd83-7fb1-4e41-8fdd-580d7bd1c2bb-139697814206272","study_id":0,"datetime_start":"2026-04-05T22:40:45.855728"}
{"op_code":5,"worker_id":"8e0dbd83-7fb1-4e41-8fdd-580d7bd1c2bb-139697814206272","trial_id":11,"param_name":"learning_rate","param_value_internal":0.014039209764076318,"distribution":"{\"name\": \"FloatDistribution\", \"attributes\": {\"step\": null, \"low\": 0.01, \"high\": 0.2, \"log\": true}}"}
{"op_code":5,"worker_id":"8e0dbd83-7fb1-4e41-8fdd-580d7bd1c2bb-139697814206272","trial_id":11,"param_name":"n_estimators","param_value_internal":123.0,"distribution":"{\"name\": \"IntDistribution\", \"attributes\": {\"log\": false, \"step\": 1, \"low\": 50, \"high\": 200}}"}
{"op_code":5,"worker_id":"8e0dbd83-7fb1-4e41-8fdd-580d7bd1c2bb-139697814206272","trial_id":11,"param_name":"max_depth","param_value_internal":5.0,"distribution":"{\"name\": \"IntDistribution\", \"attributes\": {\"log\": false, \"step\": 1, \"low\": 2, \"high\": 5}}"}
{"op_code":6,"worker_id":"8e0dbd83-7fb1-4e41-8fdd-580d7bd1c2bb-139697814206272","trial_id":11,"state":1,"values":[0.6],"datetime_complete":"2026-04-05T22:40:45.943935"}
{"op_code":4,"worker_id":"8e0dbd83-7fb1-4e41-8fdd-580d7bd1c2bb-139697814206272","study_id":0,"datetime_start":"2026-04-05T22:40:45.954634"}
{"op_code":5,"worker_id":"8e0dbd83-7fb1-4e41-8fdd-580d7bd1c2bb-139697814206272","trial_id":12,"param_name":"learning_rate","param_value_internal":0.05798260407652768,"distribution":"{\"name\": \"FloatDistribution\", \"attributes\": {\"step\": null, \"low\": 0.01, \"high\": 0.2, \"log\": true}}"}
{"op_code":5,"worker_id":"8e0dbd83-7fb1-4e41-8fdd-580d7bd1c2bb-139697814206272","trial_id":12,"param_name":"n_estimators","param_value_internal":121.0,"distribution":"{\"name\": \"IntDistribution\", \"attributes\": {\"log\": false, \"step\": 1, \"low\": 50, \"high\": 200}}"}
{"op_code":5,"worker_id":"8e0dbd83-7fb1-4e41-8fdd-580d7bd1c2bb-139697814206272","trial_id":12,"param_name":"max_depth","param_value_internal":5.0,"distribution":"{\"name\": \"IntDistribution\", \"attributes\": {\"log\": false, \"step\": 1, \"low\": 2, \"high\": 5}}"}
{"op_code":6,"worker_id":"8e0dbd83-7fb1-4e41-8fdd-580d7bd1c2bb-139697814206272","trial_id":12,"state":1,"values":[0.6571428571428571],"datetime_complete":"2026-04-05T22:40:46.042438"}
{"op_code":4,"worker_id":"8e0dbd83-7fb1-4e41-8fdd-580d7bd1c2bb-139697814206272","study_id":0,"datetime_start":"2026-04-05T22:40:46.057518"}
{"op_code":5,"worker_id":"8e0dbd83-7fb1-4e41-8fdd-580d7bd1c2bb-139697814206272","trial_id":13,"param_name":"learning_rate","param_value_internal":0.06354568064700054,"distribution":"{\"name\": \"FloatDistribution\", \"attributes\": {\"step\": null, \"low\": 0.01, \"high\": 0.2, \"log\": true}}"}
{"op_code":5,"worker_id":"8e0dbd83-7fb1-4e41-8fdd-580d7bd1c2bb-139697814206272","trial_id":13,"param_name":"n_estimators","param_value_internal":131.0,"distribution":"{\"name\": \"IntDistribution\", \"attributes\": {\"log\": false, \"step\": 1, \"low\": 50, \"high\": 200}}"}
{"op_code":5,"worker_id":"8e0dbd83-7fb1-4e41-8fdd-580d7bd1c2bb-139697814206272","trial_id":13,"param_name":"max_depth","param_value_internal":4.0,"distribution":"{\"name\": \"IntDistribution\", \"attributes\": {\"log\": false, \"step\": 1, \"low\": 2, \"high\": 5}}"}
{"op_code":6,"worker_id":"8e0dbd83-7fb1-4e41-8fdd-580d7bd1c2bb-139697814206272","trial_id":13,"state":1,"values":[0.5428571428571428],"datetime_complete":"2026-04-05T22:40:46.147943"}
{"op_code":4,"worker_id":"8e0dbd83-7fb1-4e41-8fdd-580d7bd1c2bb-139697814206272","study_id":0,"datetime_start":"2026-04-05T22:40:46.157236"}
{"op_code":5,"worker_id":"8e0dbd83-7fb1-4e41-8fdd-580d7bd1c2bb-139697814206272","trial_id":14,"param_name":"learning_rate","param_value_internal":0.04999924760812994,"distribution":"{\"name\": \"FloatDistribution\", \"attributes\": {\"step\": null, \"low\": 0.01, \"high\": 0.2, \"log\": true}}"}
{"op_code":5,"worker_id":"8e0dbd83-7fb1-4e41-8fdd-580d7bd1c2bb-139697814206272","trial_id":14,"param_name":"n_estimators","param_value_internal":117.0,"distribution":"{\"name\": \"IntDistribution\", \"attributes\": {\"log\": false, \"step\": 1, \"low\": 50, \"high\": 200}}"}
{"op_code":5,"worker_id":"8e0dbd83-7fb1-4e41-8fdd-580d7bd1c2bb-139697814206272","trial_id":14,"param_name":"max_depth","param_value_internal":2.0,"distribution":"{\"name\": \"IntDistribution\", \"attributes\": {\"log\": false, \"step\": 1, \"low\": 2, \"high\": 5}}"}
{"op_code":6,"worker_id":"8e0dbd83-7fb1-4e41-8fdd-580d7bd1c2bb-139697814206272","trial_id":14,"state":1,"values":[0.4714285714285714],"datetime_complete":"2026-04-05T22:40:46.245609"}
{"op_code":4,"worker_id":"8e0dbd83-7fb1-4e41-8fdd-580d7bd1c2bb-139697814206272","study_id":0,"datetime_start":"2026-04-05T22:40:46.256427"}
{"op_code":5,"worker_id":"8e0dbd83-7fb1-4e41-8fdd-580d7bd1c2bb-139697814206272","trial_id":15,"param_name":"learning_rate","param_value_internal":0.027554654998352923,"distribution":"{\"name\": \"FloatDistribution\", \"attributes\": {\"step\": null, \"low\": 0.01, \"high\": 0.2, \"log\": true}}"}
{"op_code":5,"worker_id":"8e0dbd83-7fb1-4e41-8fdd-580d7bd1c2bb-139697814206272","trial_id":15,"param_name":"n_estimators","param_value_internal":155.0,"distribution":"{\"name\": \"IntDistribution\", \"attributes\": {\"log\": false, \"step\": 1, \"low\": 50, \"high\": 200}}"}
{"op_code":5,"worker_id":"8e0dbd83-7fb1-4e41-8fdd-580d7bd1c2bb-139697814206272","trial_id":15,"param_name":"max_depth","param_value_internal":5.0,"distribution":"{\"name\": \"IntDistribution\", \"attributes\": {\"log\": false, \"step\": 1, \"low\": 2, \"high\": 5}}"}
{"op_code":6,"worker_id":"8e0dbd83-7fb1-4e41-8fdd-580d7bd1c2bb-139697814206272","trial_id":15,"state":1,"values":[0.6285714285714286],"datetime_complete":"2026-04-05T22:40:46.357209"}
{"op_code":4,"worker_id":"8e0dbd83-7fb1-4e41-8fdd-580d7bd1c2bb-139697814206272","study_id":0,"datetime_start":"2026-04-05T22:40:46.366237"}
{"op_code":5,"worker_id":"8e0dbd83-7fb1-4e41-8fdd-580d7bd1c2bb-139697814206272","trial_id":16,"param_name":"learning_rate","param_value_internal":0.06324593747907126,"distribution":"{\"name\": \"FloatDistribution\", \"attributes\": {\"step\": null, \"low\": 0.01, \"high\": 0.2, \"log\": true}}"}
{"op_code":5,"worker_id":"8e0dbd83-7fb1-4e41-8fdd-580d7bd1c2bb-139697814206272","trial_id":16,"param_name":"n_estimators","param_value_internal":175.0,"distribution":"{\"name\": \"IntDistribution\", \"attributes\": {\"log\": false, \"step\": 1, \"low\": 50, \"high\": 200}}"}
{"op_code":5,"worker_id":"8e0dbd83-7fb1-4e41-8fdd-580d7bd1c2bb-139697814206272","trial_id":16,"param_name":"max_depth","param_value_internal":5.0,"distribution":"{\"name\": \"IntDistribution\", \"attributes\": {\"log\": false, \"step\": 1, \"low\": 2, \"high\": 5}}"}
{"op_code":6,"worker_id":"8e0dbd83-7fb1-4e41-8fdd-580d7bd1c2bb-139697814206272","trial_id":16,"state":1,"values":[0.6571428571428571],"datetime_complete":"2026-04-05T22:40:46.495441"}
{"op_code":4,"worker_id":"8e0dbd83-7fb1-4e41-8fdd-580d7bd1c2bb-139697814206272","study_id":0,"datetime_start":"2026-04-05T22:40:46.504376"}
{"op_code":5,"worker_id":"8e0dbd83-7fb1-4e41-8fdd-580d7bd1c2bb-139697814206272","trial_id":17,"param_name":"learning_rate","param_value_internal":0.021216721879842533,"distribution":"{\"name\": \"FloatDistribution\", \"attributes\": {\"step\": null, \"low\": 0.01, \"high\": 0.2, \"log\": true}}"}
{"op_code":5,"worker_id":"8e0dbd83-7fb1-4e41-8fdd-580d7bd1c2bb-139697814206272","trial_id":17,"param_name":"n_estimators","param_value_internal":141.0,"distribution":"{\"name\": \"IntDistribution\", \"attributes\": {\"log\": false, \"step\": 1, \"low\": 50, \"high\": 200}}"}
{"op_code":5,"worker_id":"8e0dbd83-7fb1-4e41-8fdd-580d7bd1c2bb-139697814206272","trial_id":17,"param_name":"max_depth","param_value_internal":4.0,"distribution":"{\"name\": \"IntDistribution\", \"attributes\": {\"log\": false, \"step\": 1, \"low\": 2, \"high\": 5}}"}
{"op_code":6,"worker_id":"8e0dbd83-7fb1-4e41-8fdd-580d7bd1c2bb-139697814206272","trial_id":17,"state":1,"values":[0.5714285714285714],"datetime_complete":"2026-04-05T22:40:46.597163"}
{"op_code":4,"worker_id":"8e0dbd83-7fb1-4e41-8fdd-580d7bd1c2bb-139697814206272","study_id":0,"datetime_start":"2026-04-05T22:40:46.606245"}
{"op_code":5,"worker_id":"8e0dbd83-7fb1-4e41-8fdd-580d7bd1c2bb-139697814206272","trial_id":18,"param_name":"learning_rate","param_value_internal":0.17239020928037205,"distribution":"{\"name\": \"FloatDistribution\", \"attributes\": {\"step\": null, \"low\": 0.01, \"high\": 0.2, \"log\": true}}"}
{"op_code":5,"worker_id":"8e0dbd83-7fb1-4e41-8fdd-580d7bd1c2bb-139697814206272","trial_id":18,"param_name":"n_estimators","param_value_internal":110.0,"distribution":"{\"name\": \"IntDistribution\", \"attributes\": {\"log\": false, \"step\": 1, \"low\": 50, \"high\": 200}}"}
{"op_code":5,"worker_id":"8e0dbd83-7fb1-4e41-8fdd-580d7bd1c2bb-139697814206272","trial_id":18,"param_name":"max_depth","param_value_internal":2.0,"distribution":"{\"name\": \"IntDistribution\", \"attributes\": {\"log\": false, \"step\": 1, \"low\": 2, \"high\": 5}}"}
{"op_code":6,"worker_id":"8e0dbd83-7fb1-4e41-8fdd-580d7bd1c2bb-139697814206272","trial_id":18,"state":1,"values":[0.4857142857142857],"datetime_complete":"2026-04-05T22:40:46.687849"}
{"op_code":4,"worker_id":"8e0dbd83-7fb1-4e41-8fdd-580d7bd1c2bb-139697814206272","study_id":0,"datetime_start":"2026-04-05T22:40:46.696947"}
{"op_code":5,"worker_id":"8e0dbd83-7fb1-4e41-8fdd-580d7bd1c2bb-139697814206272","trial_id":19,"param_name":"learning_rate","param_value_internal":0.0626531015594276,"distribution":"{\"name\": \"FloatDistribution\", \"attributes\": {\"step\": null, \"low\": 0.01, \"high\": 0.2, \"log\": true}}"}
{"op_code":5,"worker_id":"8e0dbd83-7fb1-4e41-8fdd-580d7bd1c2bb-139697814206272","trial_id":19,"param_name":"n_estimators","param_value_internal":192.0,"distribution":"{\"name\": \"IntDistribution\", \"attributes\": {\"log\": false, \"step\": 1, \"low\": 50, \"high\": 200}}"}
{"op_code":5,"worker_id":"8e0dbd83-7fb1-4e41-8fdd-580d7bd1c2bb-139697814206272","trial_id":19,"param_name":"max_depth","param_value_internal":5.0,"distribution":"{\"name\": \"IntDistribution\", \"attributes\": {\"log\": false, \"step\": 1, \"low\": 2, \"high\": 5}}"}
{"op_code":6,"worker_id":"8e0dbd83-7fb1-4e41-8fdd-580d7bd1c2bb-139697814206272","trial_id":19,"state":1,"values":[0.6571428571428571],"datetime_complete":"2026-04-05T22:40:46.810770"}
