{"op_code":0,"worker_id":"2c7cf629-ad2c-48b0-af2e-c0652418c0f8-140218449991488","study_name":"tabdpt_deephit","directions":[2]}
{"op_code":4,"worker_id":"2c7cf629-ad2c-48b0-af2e-c0652418c0f8-140218449991488","study_id":0,"datetime_start":"2026-03-31T12:03:16.457618"}
{"op_code":5,"worker_id":"2c7cf629-ad2c-48b0-af2e-c0652418c0f8-140218449991488","trial_id":0,"param_name":"lr","param_value_internal":0.0012446349339150164,"distribution":"{\"name\": \"FloatDistribution\", \"attributes\": {\"step\": null, \"low\": 0.0001, \"high\": 0.1, \"log\": true}}"}
{"op_code":5,"worker_id":"2c7cf629-ad2c-48b0-af2e-c0652418c0f8-140218449991488","trial_id":0,"param_name":"dropout","param_value_internal":0.214509796994045,"distribution":"{\"name\": \"FloatDistribution\", \"attributes\": {\"step\": null, \"low\": 0.0, \"high\": 0.5, \"log\": false}}"}
{"op_code":5,"worker_id":"2c7cf629-ad2c-48b0-af2e-c0652418c0f8-140218449991488","trial_id":0,"param_name":"nodes","param_value_internal":2,"distribution":"{\"name\": \"CategoricalDistribution\", \"attributes\": {\"choices\": [\"64-64\", \"128-64\", \"256-128\"]}}"}
{"op_code":6,"worker_id":"2c7cf629-ad2c-48b0-af2e-c0652418c0f8-140218449991488","trial_id":0,"state":1,"values":[0.6812431130881933],"datetime_complete":"2026-03-31T12:03:18.530160"}
{"op_code":4,"worker_id":"2c7cf629-ad2c-48b0-af2e-c0652418c0f8-140218449991488","study_id":0,"datetime_start":"2026-03-31T12:03:18.549381"}
{"op_code":5,"worker_id":"2c7cf629-ad2c-48b0-af2e-c0652418c0f8-140218449991488","trial_id":1,"param_name":"lr","param_value_internal":0.001218251375852125,"distribution":"{\"name\": \"FloatDistribution\", \"attributes\": {\"step\": null, \"low\": 0.0001, \"high\": 0.1, \"log\": true}}"}
{"op_code":5,"worker_id":"2c7cf629-ad2c-48b0-af2e-c0652418c0f8-140218449991488","trial_id":1,"param_name":"dropout","param_value_internal":0.4194162623588289,"distribution":"{\"name\": \"FloatDistribution\", \"attributes\": {\"step\": null, \"low\": 0.0, \"high\": 0.5, \"log\": false}}"}
{"op_code":5,"worker_id":"2c7cf629-ad2c-48b0-af2e-c0652418c0f8-140218449991488","trial_id":1,"param_name":"nodes","param_value_internal":0,"distribution":"{\"name\": \"CategoricalDistribution\", \"attributes\": {\"choices\": [\"64-64\", \"128-64\", \"256-128\"]}}"}
{"op_code":6,"worker_id":"2c7cf629-ad2c-48b0-af2e-c0652418c0f8-140218449991488","trial_id":1,"state":1,"values":[0.7063012692323389],"datetime_complete":"2026-03-31T12:03:20.615720"}
{"op_code":4,"worker_id":"2c7cf629-ad2c-48b0-af2e-c0652418c0f8-140218449991488","study_id":0,"datetime_start":"2026-03-31T12:03:20.625872"}
{"op_code":5,"worker_id":"2c7cf629-ad2c-48b0-af2e-c0652418c0f8-140218449991488","trial_id":2,"param_name":"lr","param_value_internal":0.00015074928786814928,"distribution":"{\"name\": \"FloatDistribution\", \"attributes\": {\"step\": null, \"low\": 0.0001, \"high\": 0.1, \"log\": true}}"}
{"op_code":5,"worker_id":"2c7cf629-ad2c-48b0-af2e-c0652418c0f8-140218449991488","trial_id":2,"param_name":"dropout","param_value_internal":0.10748373191531524,"distribution":"{\"name\": \"FloatDistribution\", \"attributes\": {\"step\": null, \"low\": 0.0, \"high\": 0.5, \"log\": false}}"}
{"op_code":5,"worker_id":"2c7cf629-ad2c-48b0-af2e-c0652418c0f8-140218449991488","trial_id":2,"param_name":"nodes","param_value_internal":0,"distribution":"{\"name\": \"CategoricalDistribution\", \"attributes\": {\"choices\": [\"64-64\", \"128-64\", \"256-128\"]}}"}
{"op_code":6,"worker_id":"2c7cf629-ad2c-48b0-af2e-c0652418c0f8-140218449991488","trial_id":2,"state":1,"values":[0.6791005183038812],"datetime_complete":"2026-03-31T12:03:22.735633"}
{"op_code":4,"worker_id":"2c7cf629-ad2c-48b0-af2e-c0652418c0f8-140218449991488","study_id":0,"datetime_start":"2026-03-31T12:03:22.752462"}
{"op_code":5,"worker_id":"2c7cf629-ad2c-48b0-af2e-c0652418c0f8-140218449991488","trial_id":3,"param_name":"lr","param_value_internal":0.01879125671194656,"distribution":"{\"name\": \"FloatDistribution\", \"attributes\": {\"step\": null, \"low\": 0.0001, \"high\": 0.1, \"log\": true}}"}
{"op_code":5,"worker_id":"2c7cf629-ad2c-48b0-af2e-c0652418c0f8-140218449991488","trial_id":3,"param_name":"dropout","param_value_internal":0.018525553300526187,"distribution":"{\"name\": \"FloatDistribution\", \"attributes\": {\"step\": null, \"low\": 0.0, \"high\": 0.5, \"log\": false}}"}
{"op_code":5,"worker_id":"2c7cf629-ad2c-48b0-af2e-c0652418c0f8-140218449991488","trial_id":3,"param_name":"nodes","param_value_internal":1,"distribution":"{\"name\": \"CategoricalDistribution\", \"attributes\": {\"choices\": [\"64-64\", \"128-64\", \"256-128\"]}}"}
{"op_code":6,"worker_id":"2c7cf629-ad2c-48b0-af2e-c0652418c0f8-140218449991488","trial_id":3,"state":1,"values":[0.6634289678814839],"datetime_complete":"2026-03-31T12:03:24.824950"}
{"op_code":4,"worker_id":"2c7cf629-ad2c-48b0-af2e-c0652418c0f8-140218449991488","study_id":0,"datetime_start":"2026-03-31T12:03:24.837019"}
{"op_code":5,"worker_id":"2c7cf629-ad2c-48b0-af2e-c0652418c0f8-140218449991488","trial_id":4,"param_name":"lr","param_value_internal":0.00011781970462811298,"distribution":"{\"name\": \"FloatDistribution\", \"attributes\": {\"step\": null, \"low\": 0.0001, \"high\": 0.1, \"log\": true}}"}
{"op_code":5,"worker_id":"2c7cf629-ad2c-48b0-af2e-c0652418c0f8-140218449991488","trial_id":4,"param_name":"dropout","param_value_internal":0.34166254418730885,"distribution":"{\"name\": \"FloatDistribution\", \"attributes\": {\"step\": null, \"low\": 0.0, \"high\": 0.5, \"log\": false}}"}
{"op_code":5,"worker_id":"2c7cf629-ad2c-48b0-af2e-c0652418c0f8-140218449991488","trial_id":4,"param_name":"nodes","param_value_internal":0,"distribution":"{\"name\": \"CategoricalDistribution\", \"attributes\": {\"choices\": [\"64-64\", \"128-64\", \"256-128\"]}}"}
{"op_code":6,"worker_id":"2c7cf629-ad2c-48b0-af2e-c0652418c0f8-140218449991488","trial_id":4,"state":1,"values":[0.6829367832510305],"datetime_complete":"2026-03-31T12:03:26.930561"}
{"op_code":4,"worker_id":"2c7cf629-ad2c-48b0-af2e-c0652418c0f8-140218449991488","study_id":0,"datetime_start":"2026-03-31T12:03:26.949317"}
{"op_code":5,"worker_id":"2c7cf629-ad2c-48b0-af2e-c0652418c0f8-140218449991488","trial_id":5,"param_name":"lr","param_value_internal":0.0006025637003902908,"distribution":"{\"name\": \"FloatDistribution\", \"attributes\": {\"step\": null, \"low\": 0.0001, \"high\": 0.1, \"log\": true}}"}
{"op_code":5,"worker_id":"2c7cf629-ad2c-48b0-af2e-c0652418c0f8-140218449991488","trial_id":5,"param_name":"dropout","param_value_internal":0.045348335516113614,"distribution":"{\"name\": \"FloatDistribution\", \"attributes\": {\"step\": null, \"low\": 0.0, \"high\": 0.5, \"log\": false}}"}
{"op_code":5,"worker_id":"2c7cf629-ad2c-48b0-af2e-c0652418c0f8-140218449991488","trial_id":5,"param_name":"nodes","param_value_internal":0,"distribution":"{\"name\": \"CategoricalDistribution\", \"attributes\": {\"choices\": [\"64-64\", \"128-64\", \"256-128\"]}}"}
{"op_code":6,"worker_id":"2c7cf629-ad2c-48b0-af2e-c0652418c0f8-140218449991488","trial_id":5,"state":1,"values":[0.6508386728155736],"datetime_complete":"2026-03-31T12:03:29.035689"}
{"op_code":4,"worker_id":"2c7cf629-ad2c-48b0-af2e-c0652418c0f8-140218449991488","study_id":0,"datetime_start":"2026-03-31T12:03:29.055202"}
{"op_code":5,"worker_id":"2c7cf629-ad2c-48b0-af2e-c0652418c0f8-140218449991488","trial_id":6,"param_name":"lr","param_value_internal":0.00019679430967668507,"distribution":"{\"name\": \"FloatDistribution\", \"attributes\": {\"step\": null, \"low\": 0.0001, \"high\": 0.1, \"log\": true}}"}
{"op_code":5,"worker_id":"2c7cf629-ad2c-48b0-af2e-c0652418c0f8-140218449991488","trial_id":6,"param_name":"dropout","param_value_internal":0.47138424053020145,"distribution":"{\"name\": \"FloatDistribution\", \"attributes\": {\"step\": null, \"low\": 0.0, \"high\": 0.5, \"log\": false}}"}
{"op_code":5,"worker_id":"2c7cf629-ad2c-48b0-af2e-c0652418c0f8-140218449991488","trial_id":6,"param_name":"nodes","param_value_internal":1,"distribution":"{\"name\": \"CategoricalDistribution\", \"attributes\": {\"choices\": [\"64-64\", \"128-64\", \"256-128\"]}}"}
{"op_code":6,"worker_id":"2c7cf629-ad2c-48b0-af2e-c0652418c0f8-140218449991488","trial_id":6,"state":1,"values":[0.6694690446067828],"datetime_complete":"2026-03-31T12:03:31.156437"}
{"op_code":4,"worker_id":"2c7cf629-ad2c-48b0-af2e-c0652418c0f8-140218449991488","study_id":0,"datetime_start":"2026-03-31T12:03:31.180224"}
{"op_code":5,"worker_id":"2c7cf629-ad2c-48b0-af2e-c0652418c0f8-140218449991488","trial_id":7,"param_name":"lr","param_value_internal":0.02703047570488254,"distribution":"{\"name\": \"FloatDistribution\", \"attributes\": {\"step\": null, \"low\": 0.0001, \"high\": 0.1, \"log\": true}}"}
{"op_code":5,"worker_id":"2c7cf629-ad2c-48b0-af2e-c0652418c0f8-140218449991488","trial_id":7,"param_name":"dropout","param_value_internal":0.4594392059261458,"distribution":"{\"name\": \"FloatDistribution\", \"attributes\": {\"step\": null, \"low\": 0.0, \"high\": 0.5, \"log\": false}}"}
{"op_code":5,"worker_id":"2c7cf629-ad2c-48b0-af2e-c0652418c0f8-140218449991488","trial_id":7,"param_name":"nodes","param_value_internal":2,"distribution":"{\"name\": \"CategoricalDistribution\", \"attributes\": {\"choices\": [\"64-64\", \"128-64\", \"256-128\"]}}"}
{"op_code":6,"worker_id":"2c7cf629-ad2c-48b0-af2e-c0652418c0f8-140218449991488","trial_id":7,"state":1,"values":[0.6944455780924784],"datetime_complete":"2026-03-31T12:03:33.278409"}
{"op_code":4,"worker_id":"2c7cf629-ad2c-48b0-af2e-c0652418c0f8-140218449991488","study_id":0,"datetime_start":"2026-03-31T12:03:33.303948"}
{"op_code":5,"worker_id":"2c7cf629-ad2c-48b0-af2e-c0652418c0f8-140218449991488","trial_id":8,"param_name":"lr","param_value_internal":0.0004075316772938973,"distribution":"{\"name\": \"FloatDistribution\", \"attributes\": {\"step\": null, \"low\": 0.0001, \"high\": 0.1, \"log\": true}}"}
{"op_code":5,"worker_id":"2c7cf629-ad2c-48b0-af2e-c0652418c0f8-140218449991488","trial_id":8,"param_name":"dropout","param_value_internal":0.15744898049935285,"distribution":"{\"name\": \"FloatDistribution\", \"attributes\": {\"step\": null, \"low\": 0.0, \"high\": 0.5, \"log\": false}}"}
{"op_code":5,"worker_id":"2c7cf629-ad2c-48b0-af2e-c0652418c0f8-140218449991488","trial_id":8,"param_name":"nodes","param_value_internal":0,"distribution":"{\"name\": \"CategoricalDistribution\", \"attributes\": {\"choices\": [\"64-64\", \"128-64\", \"256-128\"]}}"}
{"op_code":6,"worker_id":"2c7cf629-ad2c-48b0-af2e-c0652418c0f8-140218449991488","trial_id":8,"state":1,"values":[0.68563033097988],"datetime_complete":"2026-03-31T12:03:35.407703"}
{"op_code":4,"worker_id":"2c7cf629-ad2c-48b0-af2e-c0652418c0f8-140218449991488","study_id":0,"datetime_start":"2026-03-31T12:03:35.431870"}
{"op_code":5,"worker_id":"2c7cf629-ad2c-48b0-af2e-c0652418c0f8-140218449991488","trial_id":9,"param_name":"lr","param_value_internal":0.00014799373997929024,"distribution":"{\"name\": \"FloatDistribution\", \"attributes\": {\"step\": null, \"low\": 0.0001, \"high\": 0.1, \"log\": true}}"}
{"op_code":5,"worker_id":"2c7cf629-ad2c-48b0-af2e-c0652418c0f8-140218449991488","trial_id":9,"param_name":"dropout","param_value_internal":0.10067868694842341,"distribution":"{\"name\": \"FloatDistribution\", \"attributes\": {\"step\": null, \"low\": 0.0, \"high\": 0.5, \"log\": false}}"}
{"op_code":5,"worker_id":"2c7cf629-ad2c-48b0-af2e-c0652418c0f8-140218449991488","trial_id":9,"param_name":"nodes","param_value_internal":1,"distribution":"{\"name\": \"CategoricalDistribution\", \"attributes\": {\"choices\": [\"64-64\", \"128-64\", \"256-128\"]}}"}
{"op_code":6,"worker_id":"2c7cf629-ad2c-48b0-af2e-c0652418c0f8-140218449991488","trial_id":9,"state":1,"values":[0.6883238787087296],"datetime_complete":"2026-03-31T12:03:37.528031"}
{"op_code":4,"worker_id":"2c7cf629-ad2c-48b0-af2e-c0652418c0f8-140218449991488","study_id":0,"datetime_start":"2026-03-31T12:03:37.579098"}
{"op_code":5,"worker_id":"2c7cf629-ad2c-48b0-af2e-c0652418c0f8-140218449991488","trial_id":10,"param_name":"lr","param_value_internal":0.0077914888970456635,"distribution":"{\"name\": \"FloatDistribution\", \"attributes\": {\"step\": null, \"low\": 0.0001, \"high\": 0.1, \"log\": true}}"}
{"op_code":5,"worker_id":"2c7cf629-ad2c-48b0-af2e-c0652418c0f8-140218449991488","trial_id":10,"param_name":"dropout","param_value_internal":0.34164580185166715,"distribution":"{\"name\": \"FloatDistribution\", \"attributes\": {\"step\": null, \"low\": 0.0, \"high\": 0.5, \"log\": false}}"}
{"op_code":5,"worker_id":"2c7cf629-ad2c-48b0-af2e-c0652418c0f8-140218449991488","trial_id":10,"param_name":"nodes","param_value_internal":0,"distribution":"{\"name\": \"CategoricalDistribution\", \"attributes\": {\"choices\": [\"64-64\", \"128-64\", \"256-128\"]}}"}
{"op_code":6,"worker_id":"2c7cf629-ad2c-48b0-af2e-c0652418c0f8-140218449991488","trial_id":10,"state":1,"values":[0.6748765457290944],"datetime_complete":"2026-03-31T12:03:39.925911"}
{"op_code":4,"worker_id":"2c7cf629-ad2c-48b0-af2e-c0652418c0f8-140218449991488","study_id":0,"datetime_start":"2026-03-31T12:03:39.950808"}
{"op_code":5,"worker_id":"2c7cf629-ad2c-48b0-af2e-c0652418c0f8-140218449991488","trial_id":11,"param_name":"lr","param_value_internal":0.07169488675107427,"distribution":"{\"name\": \"FloatDistribution\", \"attributes\": {\"step\": null, \"low\": 0.0001, \"high\": 0.1, \"log\": true}}"}
{"op_code":5,"worker_id":"2c7cf629-ad2c-48b0-af2e-c0652418c0f8-140218449991488","trial_id":11,"param_name":"dropout","param_value_internal":0.49303976666194005,"distribution":"{\"name\": \"FloatDistribution\", \"attributes\": {\"step\": null, \"low\": 0.0, \"high\": 0.5, \"log\": false}}"}
{"op_code":5,"worker_id":"2c7cf629-ad2c-48b0-af2e-c0652418c0f8-140218449991488","trial_id":11,"param_name":"nodes","param_value_internal":2,"distribution":"{\"name\": \"CategoricalDistribution\", \"attributes\": {\"choices\": [\"64-64\", \"128-64\", \"256-128\"]}}"}
{"op_code":6,"worker_id":"2c7cf629-ad2c-48b0-af2e-c0652418c0f8-140218449991488","trial_id":11,"state":1,"values":[0.5869281312492348],"datetime_complete":"2026-03-31T12:03:42.058489"}
{"op_code":4,"worker_id":"2c7cf629-ad2c-48b0-af2e-c0652418c0f8-140218449991488","study_id":0,"datetime_start":"2026-03-31T12:03:42.076037"}
{"op_code":5,"worker_id":"2c7cf629-ad2c-48b0-af2e-c0652418c0f8-140218449991488","trial_id":12,"param_name":"lr","param_value_internal":0.0033051391397267847,"distribution":"{\"name\": \"FloatDistribution\", \"attributes\": {\"step\": null, \"low\": 0.0001, \"high\": 0.1, \"log\": true}}"}
{"op_code":5,"worker_id":"2c7cf629-ad2c-48b0-af2e-c0652418c0f8-140218449991488","trial_id":12,"param_name":"dropout","param_value_internal":0.38502427449802545,"distribution":"{\"name\": \"FloatDistribution\", \"attributes\": {\"step\": null, \"low\": 0.0, \"high\": 0.5, \"log\": false}}"}
{"op_code":5,"worker_id":"2c7cf629-ad2c-48b0-af2e-c0652418c0f8-140218449991488","trial_id":12,"param_name":"nodes","param_value_internal":2,"distribution":"{\"name\": \"CategoricalDistribution\", \"attributes\": {\"choices\": [\"64-64\", \"128-64\", \"256-128\"]}}"}
{"op_code":6,"worker_id":"2c7cf629-ad2c-48b0-af2e-c0652418c0f8-140218449991488","trial_id":12,"state":1,"values":[0.6864873688936048],"datetime_complete":"2026-03-31T12:03:44.185464"}
{"op_code":4,"worker_id":"2c7cf629-ad2c-48b0-af2e-c0652418c0f8-140218449991488","study_id":0,"datetime_start":"2026-03-31T12:03:44.209250"}
{"op_code":5,"worker_id":"2c7cf629-ad2c-48b0-af2e-c0652418c0f8-140218449991488","trial_id":13,"param_name":"lr","param_value_internal":0.09898935369825518,"distribution":"{\"name\": \"FloatDistribution\", \"attributes\": {\"step\": null, \"low\": 0.0001, \"high\": 0.1, \"log\": true}}"}
{"op_code":5,"worker_id":"2c7cf629-ad2c-48b0-af2e-c0652418c0f8-140218449991488","trial_id":13,"param_name":"dropout","param_value_internal":0.4141124697511503,"distribution":"{\"name\": \"FloatDistribution\", \"attributes\": {\"step\": null, \"low\": 0.0, \"high\": 0.5, \"log\": false}}"}
{"op_code":5,"worker_id":"2c7cf629-ad2c-48b0-af2e-c0652418c0f8-140218449991488","trial_id":13,"param_name":"nodes","param_value_internal":2,"distribution":"{\"name\": \"CategoricalDistribution\", \"attributes\": {\"choices\": [\"64-64\", \"128-64\", \"256-128\"]}}"}
{"op_code":6,"worker_id":"2c7cf629-ad2c-48b0-af2e-c0652418c0f8-140218449991488","trial_id":13,"state":1,"values":[0.6815491980573807],"datetime_complete":"2026-03-31T12:03:46.304377"}
{"op_code":4,"worker_id":"2c7cf629-ad2c-48b0-af2e-c0652418c0f8-140218449991488","study_id":0,"datetime_start":"2026-03-31T12:03:46.329348"}
{"op_code":5,"worker_id":"2c7cf629-ad2c-48b0-af2e-c0652418c0f8-140218449991488","trial_id":14,"param_name":"lr","param_value_internal":0.012427814528906579,"distribution":"{\"name\": \"FloatDistribution\", \"attributes\": {\"step\": null, \"low\": 0.0001, \"high\": 0.1, \"log\": true}}"}
{"op_code":5,"worker_id":"2c7cf629-ad2c-48b0-af2e-c0652418c0f8-140218449991488","trial_id":14,"param_name":"dropout","param_value_internal":0.2738832113503698,"distribution":"{\"name\": \"FloatDistribution\", \"attributes\": {\"step\": null, \"low\": 0.0, \"high\": 0.5, \"log\": false}}"}
{"op_code":5,"worker_id":"2c7cf629-ad2c-48b0-af2e-c0652418c0f8-140218449991488","trial_id":14,"param_name":"nodes","param_value_internal":2,"distribution":"{\"name\": \"CategoricalDistribution\", \"attributes\": {\"choices\": [\"64-64\", \"128-64\", \"256-128\"]}}"}
{"op_code":6,"worker_id":"2c7cf629-ad2c-48b0-af2e-c0652418c0f8-140218449991488","trial_id":14,"state":1,"values":[0.682467452964943],"datetime_complete":"2026-03-31T12:03:48.471079"}
{"op_code":4,"worker_id":"2c7cf629-ad2c-48b0-af2e-c0652418c0f8-140218449991488","study_id":0,"datetime_start":"2026-03-31T12:03:48.494139"}
{"op_code":5,"worker_id":"2c7cf629-ad2c-48b0-af2e-c0652418c0f8-140218449991488","trial_id":15,"param_name":"lr","param_value_internal":0.0021447679241679554,"distribution":"{\"name\": \"FloatDistribution\", \"attributes\": {\"step\": null, \"low\": 0.0001, \"high\": 0.1, \"log\": true}}"}
{"op_code":5,"worker_id":"2c7cf629-ad2c-48b0-af2e-c0652418c0f8-140218449991488","trial_id":15,"param_name":"dropout","param_value_internal":0.4308580468472697,"distribution":"{\"name\": \"FloatDistribution\", \"attributes\": {\"step\": null, \"low\": 0.0, \"high\": 0.5, \"log\": false}}"}
{"op_code":5,"worker_id":"2c7cf629-ad2c-48b0-af2e-c0652418c0f8-140218449991488","trial_id":15,"param_name":"nodes","param_value_internal":0,"distribution":"{\"name\": \"CategoricalDistribution\", \"attributes\": {\"choices\": [\"64-64\", \"128-64\", \"256-128\"]}}"}
{"op_code":6,"worker_id":"2c7cf629-ad2c-48b0-af2e-c0652418c0f8-140218449991488","trial_id":15,"state":1,"values":[0.7124229686160878],"datetime_complete":"2026-03-31T12:03:50.569890"}
{"op_code":4,"worker_id":"2c7cf629-ad2c-48b0-af2e-c0652418c0f8-140218449991488","study_id":0,"datetime_start":"2026-03-31T12:03:50.639224"}
{"op_code":5,"worker_id":"2c7cf629-ad2c-48b0-af2e-c0652418c0f8-140218449991488","trial_id":16,"param_name":"lr","param_value_internal":0.002296933606931714,"distribution":"{\"name\": \"FloatDistribution\", \"attributes\": {\"step\": null, \"low\": 0.0001, \"high\": 0.1, \"log\": true}}"}
{"op_code":5,"worker_id":"2c7cf629-ad2c-48b0-af2e-c0652418c0f8-140218449991488","trial_id":16,"param_name":"dropout","param_value_internal":0.33356806319559135,"distribution":"{\"name\": \"FloatDistribution\", \"attributes\": {\"step\": null, \"low\": 0.0, \"high\": 0.5, \"log\": false}}"}
{"op_code":5,"worker_id":"2c7cf629-ad2c-48b0-af2e-c0652418c0f8-140218449991488","trial_id":16,"param_name":"nodes","param_value_internal":0,"distribution":"{\"name\": \"CategoricalDistribution\", \"attributes\": {\"choices\": [\"64-64\", \"128-64\", \"256-128\"]}}"}
{"op_code":6,"worker_id":"2c7cf629-ad2c-48b0-af2e-c0652418c0f8-140218449991488","trial_id":16,"state":1,"values":[0.7042198914418643],"datetime_complete":"2026-03-31T12:03:52.741468"}
{"op_code":4,"worker_id":"2c7cf629-ad2c-48b0-af2e-c0652418c0f8-140218449991488","study_id":0,"datetime_start":"2026-03-31T12:03:52.780956"}
{"op_code":5,"worker_id":"2c7cf629-ad2c-48b0-af2e-c0652418c0f8-140218449991488","trial_id":17,"param_name":"lr","param_value_internal":0.00308473528942101,"distribution":"{\"name\": \"FloatDistribution\", \"attributes\": {\"step\": null, \"low\": 0.0001, \"high\": 0.1, \"log\": true}}"}
{"op_code":5,"worker_id":"2c7cf629-ad2c-48b0-af2e-c0652418c0f8-140218449991488","trial_id":17,"param_name":"dropout","param_value_internal":0.2714664272968493,"distribution":"{\"name\": \"FloatDistribution\", \"attributes\": {\"step\": null, \"low\": 0.0, \"high\": 0.5, \"log\": false}}"}
{"op_code":5,"worker_id":"2c7cf629-ad2c-48b0-af2e-c0652418c0f8-140218449991488","trial_id":17,"param_name":"nodes","param_value_internal":0,"distribution":"{\"name\": \"CategoricalDistribution\", \"attributes\": {\"choices\": [\"64-64\", \"128-64\", \"256-128\"]}}"}
{"op_code":6,"worker_id":"2c7cf629-ad2c-48b0-af2e-c0652418c0f8-140218449991488","trial_id":17,"state":1,"values":[0.7028323062482145],"datetime_complete":"2026-03-31T12:03:54.870006"}
{"op_code":4,"worker_id":"2c7cf629-ad2c-48b0-af2e-c0652418c0f8-140218449991488","study_id":0,"datetime_start":"2026-03-31T12:03:54.892777"}
{"op_code":5,"worker_id":"2c7cf629-ad2c-48b0-af2e-c0652418c0f8-140218449991488","trial_id":18,"param_name":"lr","param_value_internal":0.0011032160714699228,"distribution":"{\"name\": \"FloatDistribution\", \"attributes\": {\"step\": null, \"low\": 0.0001, \"high\": 0.1, \"log\": true}}"}
{"op_code":5,"worker_id":"2c7cf629-ad2c-48b0-af2e-c0652418c0f8-140218449991488","trial_id":18,"param_name":"dropout","param_value_internal":0.4031480509601846,"distribution":"{\"name\": \"FloatDistribution\", \"attributes\": {\"step\": null, \"low\": 0.0, \"high\": 0.5, \"log\": false}}"}
{"op_code":5,"worker_id":"2c7cf629-ad2c-48b0-af2e-c0652418c0f8-140218449991488","trial_id":18,"param_name":"nodes","param_value_internal":0,"distribution":"{\"name\": \"CategoricalDistribution\", \"attributes\": {\"choices\": [\"64-64\", \"128-64\", \"256-128\"]}}"}
{"op_code":6,"worker_id":"2c7cf629-ad2c-48b0-af2e-c0652418c0f8-140218449991488","trial_id":18,"state":1,"values":[0.7109537607639881],"datetime_complete":"2026-03-31T12:03:56.969546"}
{"op_code":4,"worker_id":"2c7cf629-ad2c-48b0-af2e-c0652418c0f8-140218449991488","study_id":0,"datetime_start":"2026-03-31T12:03:56.995329"}
{"op_code":5,"worker_id":"2c7cf629-ad2c-48b0-af2e-c0652418c0f8-140218449991488","trial_id":19,"param_name":"lr","param_value_internal":0.005627522649496607,"distribution":"{\"name\": \"FloatDistribution\", \"attributes\": {\"step\": null, \"low\": 0.0001, \"high\": 0.1, \"log\": true}}"}
{"op_code":5,"worker_id":"2c7cf629-ad2c-48b0-af2e-c0652418c0f8-140218449991488","trial_id":19,"param_name":"dropout","param_value_internal":0.21888289475061412,"distribution":"{\"name\": \"FloatDistribution\", \"attributes\": {\"step\": null, \"low\": 0.0, \"high\": 0.5, \"log\": false}}"}
{"op_code":5,"worker_id":"2c7cf629-ad2c-48b0-af2e-c0652418c0f8-140218449991488","trial_id":19,"param_name":"nodes","param_value_internal":0,"distribution":"{\"name\": \"CategoricalDistribution\", \"attributes\": {\"choices\": [\"64-64\", \"128-64\", \"256-128\"]}}"}
{"op_code":6,"worker_id":"2c7cf629-ad2c-48b0-af2e-c0652418c0f8-140218449991488","trial_id":19,"state":1,"values":[0.669020119985308],"datetime_complete":"2026-03-31T12:03:59.080809"}
{"op_code":0,"worker_id":"726d051f-3d51-4b3b-8079-5596000af759-140544486217536","study_name":"tabdpt_deephit","directions":[2]}
{"op_code":4,"worker_id":"726d051f-3d51-4b3b-8079-5596000af759-140544486217536","study_id":0,"datetime_start":"2026-04-01T01:51:54.384326"}
{"op_code":5,"worker_id":"726d051f-3d51-4b3b-8079-5596000af759-140544486217536","trial_id":20,"param_name":"lr","param_value_internal":0.0004314026558927041,"distribution":"{\"name\": \"FloatDistribution\", \"attributes\": {\"step\": null, \"low\": 0.0001, \"high\": 0.1, \"log\": true}}"}
{"op_code":5,"worker_id":"726d051f-3d51-4b3b-8079-5596000af759-140544486217536","trial_id":20,"param_name":"dropout","param_value_internal":0.38286695625088424,"distribution":"{\"name\": \"FloatDistribution\", \"attributes\": {\"step\": null, \"low\": 0.0, \"high\": 0.5, \"log\": false}}"}
{"op_code":5,"worker_id":"726d051f-3d51-4b3b-8079-5596000af759-140544486217536","trial_id":20,"param_name":"nodes","param_value_internal":0,"distribution":"{\"name\": \"CategoricalDistribution\", \"attributes\": {\"choices\": [\"64-64\", \"128-64\", \"256-128\"]}}"}
{"op_code":6,"worker_id":"726d051f-3d51-4b3b-8079-5596000af759-140544486217536","trial_id":20,"state":1,"values":[0.6810186507774558],"datetime_complete":"2026-04-01T01:51:56.426112"}
{"op_code":4,"worker_id":"726d051f-3d51-4b3b-8079-5596000af759-140544486217536","study_id":0,"datetime_start":"2026-04-01T01:51:56.447007"}
{"op_code":5,"worker_id":"726d051f-3d51-4b3b-8079-5596000af759-140544486217536","trial_id":21,"param_name":"lr","param_value_internal":0.0012241746551509064,"distribution":"{\"name\": \"FloatDistribution\", \"attributes\": {\"step\": null, \"low\": 0.0001, \"high\": 0.1, \"log\": true}}"}
{"op_code":5,"worker_id":"726d051f-3d51-4b3b-8079-5596000af759-140544486217536","trial_id":21,"param_name":"dropout","param_value_internal":0.4292410311390463,"distribution":"{\"name\": \"FloatDistribution\", \"attributes\": {\"step\": null, \"low\": 0.0, \"high\": 0.5, \"log\": false}}"}
{"op_code":5,"worker_id":"726d051f-3d51-4b3b-8079-5596000af759-140544486217536","trial_id":21,"param_name":"nodes","param_value_internal":0,"distribution":"{\"name\": \"CategoricalDistribution\", \"attributes\": {\"choices\": [\"64-64\", \"128-64\", \"256-128\"]}}"}
{"op_code":6,"worker_id":"726d051f-3d51-4b3b-8079-5596000af759-140544486217536","trial_id":21,"state":1,"values":[0.7164836958739746],"datetime_complete":"2026-04-01T01:51:58.442494"}
{"op_code":4,"worker_id":"726d051f-3d51-4b3b-8079-5596000af759-140544486217536","study_id":0,"datetime_start":"2026-04-01T01:51:58.455492"}
{"op_code":5,"worker_id":"726d051f-3d51-4b3b-8079-5596000af759-140544486217536","trial_id":22,"param_name":"lr","param_value_internal":0.0011952947361944229,"distribution":"{\"name\": \"FloatDistribution\", \"attributes\": {\"step\": null, \"low\": 0.0001, \"high\": 0.1, \"log\": true}}"}
{"op_code":5,"worker_id":"726d051f-3d51-4b3b-8079-5596000af759-140544486217536","trial_id":22,"param_name":"dropout","param_value_internal":0.4284308682520196,"distribution":"{\"name\": \"FloatDistribution\", \"attributes\": {\"step\": null, \"low\": 0.0, \"high\": 0.5, \"log\": false}}"}
{"op_code":5,"worker_id":"726d051f-3d51-4b3b-8079-5596000af759-140544486217536","trial_id":22,"param_name":"nodes","param_value_internal":0,"distribution":"{\"name\": \"CategoricalDistribution\", \"attributes\": {\"choices\": [\"64-64\", \"128-64\", \"256-128\"]}}"}
{"op_code":6,"worker_id":"726d051f-3d51-4b3b-8079-5596000af759-140544486217536","trial_id":22,"state":1,"values":[0.7088315716442884],"datetime_complete":"2026-04-01T01:52:00.469378"}
{"op_code":4,"worker_id":"726d051f-3d51-4b3b-8079-5596000af759-140544486217536","study_id":0,"datetime_start":"2026-04-01T01:52:00.482046"}
{"op_code":5,"worker_id":"726d051f-3d51-4b3b-8079-5596000af759-140544486217536","trial_id":23,"param_name":"lr","param_value_internal":0.0008469035655052523,"distribution":"{\"name\": \"FloatDistribution\", \"attributes\": {\"step\": null, \"low\": 0.0001, \"high\": 0.1, \"log\": true}}"}
{"op_code":5,"worker_id":"726d051f-3d51-4b3b-8079-5596000af759-140544486217536","trial_id":23,"param_name":"dropout","param_value_internal":0.3015707151815743,"distribution":"{\"name\": \"FloatDistribution\", \"attributes\": {\"step\": null, \"low\": 0.0, \"high\": 0.5, \"log\": false}}"}
{"op_code":5,"worker_id":"726d051f-3d51-4b3b-8079-5596000af759-140544486217536","trial_id":23,"param_name":"nodes","param_value_internal":0,"distribution":"{\"name\": \"CategoricalDistribution\", \"attributes\": {\"choices\": [\"64-64\", \"128-64\", \"256-128\"]}}"}
{"op_code":6,"worker_id":"726d051f-3d51-4b3b-8079-5596000af759-140544486217536","trial_id":23,"state":1,"values":[0.6999142962086276],"datetime_complete":"2026-04-01T01:52:02.479970"}
{"op_code":4,"worker_id":"726d051f-3d51-4b3b-8079-5596000af759-140544486217536","study_id":0,"datetime_start":"2026-04-01T01:52:02.503276"}
{"op_code":5,"worker_id":"726d051f-3d51-4b3b-8079-5596000af759-140544486217536","trial_id":24,"param_name":"lr","param_value_internal":0.0020338962962960813,"distribution":"{\"name\": \"FloatDistribution\", \"attributes\": {\"step\": null, \"low\": 0.0001, \"high\": 0.1, \"log\": true}}"}
{"op_code":5,"worker_id":"726d051f-3d51-4b3b-8079-5596000af759-140544486217536","trial_id":24,"param_name":"dropout","param_value_internal":0.49729715492832577,"distribution":"{\"name\": \"FloatDistribution\", \"attributes\": {\"step\": null, \"low\": 0.0, \"high\": 0.5, \"log\": false}}"}
{"op_code":5,"worker_id":"726d051f-3d51-4b3b-8079-5596000af759-140544486217536","trial_id":24,"param_name":"nodes","param_value_internal":0,"distribution":"{\"name\": \"CategoricalDistribution\", \"attributes\": {\"choices\": [\"64-64\", \"128-64\", \"256-128\"]}}"}
{"op_code":6,"worker_id":"726d051f-3d51-4b3b-8079-5596000af759-140544486217536","trial_id":24,"state":1,"values":[0.6952209933477533],"datetime_complete":"2026-04-01T01:52:04.508869"}
{"op_code":4,"worker_id":"726d051f-3d51-4b3b-8079-5596000af759-140544486217536","study_id":0,"datetime_start":"2026-04-01T01:52:04.525187"}
{"op_code":5,"worker_id":"726d051f-3d51-4b3b-8079-5596000af759-140544486217536","trial_id":25,"param_name":"lr","param_value_internal":0.000362139573638857,"distribution":"{\"name\": \"FloatDistribution\", \"attributes\": {\"step\": null, \"low\": 0.0001, \"high\": 0.1, \"log\": true}}"}
{"op_code":5,"worker_id":"726d051f-3d51-4b3b-8079-5596000af759-140544486217536","trial_id":25,"param_name":"dropout","param_value_internal":0.3855644520229037,"distribution":"{\"name\": \"FloatDistribution\", \"attributes\": {\"step\": null, \"low\": 0.0, \"high\": 0.5, \"log\": false}}"}
{"op_code":5,"worker_id":"726d051f-3d51-4b3b-8079-5596000af759-140544486217536","trial_id":25,"param_name":"nodes","param_value_internal":1,"distribution":"{\"name\": \"CategoricalDistribution\", \"attributes\": {\"choices\": [\"64-64\", \"128-64\", \"256-128\"]}}"}
{"op_code":6,"worker_id":"726d051f-3d51-4b3b-8079-5596000af759-140544486217536","trial_id":25,"state":1,"values":[0.6985471166795902],"datetime_complete":"2026-04-01T01:52:06.527447"}
{"op_code":4,"worker_id":"726d051f-3d51-4b3b-8079-5596000af759-140544486217536","study_id":0,"datetime_start":"2026-04-01T01:52:06.561358"}
{"op_code":5,"worker_id":"726d051f-3d51-4b3b-8079-5596000af759-140544486217536","trial_id":26,"param_name":"lr","param_value_internal":0.005132470007443738,"distribution":"{\"name\": \"FloatDistribution\", \"attributes\": {\"step\": null, \"low\": 0.0001, \"high\": 0.1, \"log\": true}}"}
{"op_code":5,"worker_id":"726d051f-3d51-4b3b-8079-5596000af759-140544486217536","trial_id":26,"param_name":"dropout","param_value_internal":0.4410739895762745,"distribution":"{\"name\": \"FloatDistribution\", \"attributes\": {\"step\": null, \"low\": 0.0, \"high\": 0.5, \"log\": false}}"}
{"op_code":5,"worker_id":"726d051f-3d51-4b3b-8079-5596000af759-140544486217536","trial_id":26,"param_name":"nodes","param_value_internal":0,"distribution":"{\"name\": \"CategoricalDistribution\", \"attributes\": {\"choices\": [\"64-64\", \"128-64\", \"256-128\"]}}"}
{"op_code":6,"worker_id":"726d051f-3d51-4b3b-8079-5596000af759-140544486217536","trial_id":26,"state":1,"values":[0.7244419050728482],"datetime_complete":"2026-04-01T01:52:08.617250"}
{"op_code":4,"worker_id":"726d051f-3d51-4b3b-8079-5596000af759-140544486217536","study_id":0,"datetime_start":"2026-04-01T01:52:08.631511"}
{"op_code":5,"worker_id":"726d051f-3d51-4b3b-8079-5596000af759-140544486217536","trial_id":27,"param_name":"lr","param_value_internal":0.004498952576183079,"distribution":"{\"name\": \"FloatDistribution\", \"attributes\": {\"step\": null, \"low\": 0.0001, \"high\": 0.1, \"log\": true}}"}
{"op_code":5,"worker_id":"726d051f-3d51-4b3b-8079-5596000af759-140544486217536","trial_id":27,"param_name":"dropout","param_value_internal":0.4553321419362241,"distribution":"{\"name\": \"FloatDistribution\", \"attributes\": {\"step\": null, \"low\": 0.0, \"high\": 0.5, \"log\": false}}"}
{"op_code":5,"worker_id":"726d051f-3d51-4b3b-8079-5596000af759-140544486217536","trial_id":27,"param_name":"nodes","param_value_internal":0,"distribution":"{\"name\": \"CategoricalDistribution\", \"attributes\": {\"choices\": [\"64-64\", \"128-64\", \"256-128\"]}}"}
{"op_code":6,"worker_id":"726d051f-3d51-4b3b-8079-5596000af759-140544486217536","trial_id":27,"state":1,"values":[0.7205036118026364],"datetime_complete":"2026-04-01T01:52:10.638725"}
{"op_code":4,"worker_id":"726d051f-3d51-4b3b-8079-5596000af759-140544486217536","study_id":0,"datetime_start":"2026-04-01T01:52:10.659406"}
{"op_code":5,"worker_id":"726d051f-3d51-4b3b-8079-5596000af759-140544486217536","trial_id":28,"param_name":"lr","param_value_internal":0.007014792565016231,"distribution":"{\"name\": \"FloatDistribution\", \"attributes\": {\"step\": null, \"low\": 0.0001, \"high\": 0.1, \"log\": true}}"}
{"op_code":5,"worker_id":"726d051f-3d51-4b3b-8079-5596000af759-140544486217536","trial_id":28,"param_name":"dropout","param_value_internal":0.45930974194514684,"distribution":"{\"name\": \"FloatDistribution\", \"attributes\": {\"step\": null, \"low\": 0.0, \"high\": 0.5, \"log\": false}}"}
{"op_code":5,"worker_id":"726d051f-3d51-4b3b-8079-5596000af759-140544486217536","trial_id":28,"param_name":"nodes","param_value_internal":0,"distribution":"{\"name\": \"CategoricalDistribution\", \"attributes\": {\"choices\": [\"64-64\", \"128-64\", \"256-128\"]}}"}
{"op_code":6,"worker_id":"726d051f-3d51-4b3b-8079-5596000af759-140544486217536","trial_id":28,"state":1,"values":[0.7273191037832102],"datetime_complete":"2026-04-01T01:52:12.652908"}
{"op_code":4,"worker_id":"726d051f-3d51-4b3b-8079-5596000af759-140544486217536","study_id":0,"datetime_start":"2026-04-01T01:52:12.669764"}
{"op_code":5,"worker_id":"726d051f-3d51-4b3b-8079-5596000af759-140544486217536","trial_id":29,"param_name":"lr","param_value_internal":0.0067141957806149035,"distribution":"{\"name\": \"FloatDistribution\", \"attributes\": {\"step\": null, \"low\": 0.0001, \"high\": 0.1, \"log\": true}}"}
{"op_code":5,"worker_id":"726d051f-3d51-4b3b-8079-5596000af759-140544486217536","trial_id":29,"param_name":"dropout","param_value_internal":0.4583882320072675,"distribution":"{\"name\": \"FloatDistribution\", \"attributes\": {\"step\": null, \"low\": 0.0, \"high\": 0.5, \"log\": false}}"}
{"op_code":5,"worker_id":"726d051f-3d51-4b3b-8079-5596000af759-140544486217536","trial_id":29,"param_name":"nodes","param_value_internal":1,"distribution":"{\"name\": \"CategoricalDistribution\", \"attributes\": {\"choices\": [\"64-64\", \"128-64\", \"256-128\"]}}"}
{"op_code":6,"worker_id":"726d051f-3d51-4b3b-8079-5596000af759-140544486217536","trial_id":29,"state":1,"values":[0.7324817369301718],"datetime_complete":"2026-04-01T01:52:14.675337"}
{"op_code":4,"worker_id":"726d051f-3d51-4b3b-8079-5596000af759-140544486217536","study_id":0,"datetime_start":"2026-04-01T01:52:14.690727"}
{"op_code":5,"worker_id":"726d051f-3d51-4b3b-8079-5596000af759-140544486217536","trial_id":30,"param_name":"lr","param_value_internal":0.009479290207516727,"distribution":"{\"name\": \"FloatDistribution\", \"attributes\": {\"step\": null, \"low\": 0.0001, \"high\": 0.1, \"log\": true}}"}
{"op_code":5,"worker_id":"726d051f-3d51-4b3b-8079-5596000af759-140544486217536","trial_id":30,"param_name":"dropout","param_value_internal":0.46580357609761064,"distribution":"{\"name\": \"FloatDistribution\", \"attributes\": {\"step\": null, \"low\": 0.0, \"high\": 0.5, \"log\": false}}"}
{"op_code":5,"worker_id":"726d051f-3d51-4b3b-8079-5596000af759-140544486217536","trial_id":30,"param_name":"nodes","param_value_internal":1,"distribution":"{\"name\": \"CategoricalDistribution\", \"attributes\": {\"choices\": [\"64-64\", \"128-64\", \"256-128\"]}}"}
{"op_code":6,"worker_id":"726d051f-3d51-4b3b-8079-5596000af759-140544486217536","trial_id":30,"state":1,"values":[0.7194425172427866],"datetime_complete":"2026-04-01T01:52:16.689852"}
{"op_code":4,"worker_id":"726d051f-3d51-4b3b-8079-5596000af759-140544486217536","study_id":0,"datetime_start":"2026-04-01T01:52:16.706235"}
{"op_code":5,"worker_id":"726d051f-3d51-4b3b-8079-5596000af759-140544486217536","trial_id":31,"param_name":"lr","param_value_internal":0.005156369537944991,"distribution":"{\"name\": \"FloatDistribution\", \"attributes\": {\"step\": null, \"low\": 0.0001, \"high\": 0.1, \"log\": true}}"}
{"op_code":5,"worker_id":"726d051f-3d51-4b3b-8079-5596000af759-140544486217536","trial_id":31,"param_name":"dropout","param_value_internal":0.4682511001754225,"distribution":"{\"name\": \"FloatDistribution\", \"attributes\": {\"step\": null, \"low\": 0.0, \"high\": 0.5, \"log\": false}}"}
{"op_code":5,"worker_id":"726d051f-3d51-4b3b-8079-5596000af759-140544486217536","trial_id":31,"param_name":"nodes","param_value_internal":1,"distribution":"{\"name\": \"CategoricalDistribution\", \"attributes\": {\"choices\": [\"64-64\", \"128-64\", \"256-128\"]}}"}
{"op_code":6,"worker_id":"726d051f-3d51-4b3b-8079-5596000af759-140544486217536","trial_id":31,"state":1,"values":[0.72838019834306],"datetime_complete":"2026-04-01T01:52:18.701302"}
{"op_code":4,"worker_id":"726d051f-3d51-4b3b-8079-5596000af759-140544486217536","study_id":0,"datetime_start":"2026-04-01T01:52:18.713829"}
{"op_code":5,"worker_id":"726d051f-3d51-4b3b-8079-5596000af759-140544486217536","trial_id":32,"param_name":"lr","param_value_internal":0.022814966586518538,"distribution":"{\"name\": \"FloatDistribution\", \"attributes\": {\"step\": null, \"low\": 0.0001, \"high\": 0.1, \"log\": true}}"}
{"op_code":5,"worker_id":"726d051f-3d51-4b3b-8079-5596000af759-140544486217536","trial_id":32,"param_name":"dropout","param_value_internal":0.4985313219825177,"distribution":"{\"name\": \"FloatDistribution\", \"attributes\": {\"step\": null, \"low\": 0.0, \"high\": 0.5, \"log\": false}}"}
{"op_code":5,"worker_id":"726d051f-3d51-4b3b-8079-5596000af759-140544486217536","trial_id":32,"param_name":"nodes","param_value_internal":1,"distribution":"{\"name\": \"CategoricalDistribution\", \"attributes\": {\"choices\": [\"64-64\", \"128-64\", \"256-128\"]}}"}
{"op_code":6,"worker_id":"726d051f-3d51-4b3b-8079-5596000af759-140544486217536","trial_id":32,"state":1,"values":[0.7432763335101824],"datetime_complete":"2026-04-01T01:52:20.725099"}
{"op_code":4,"worker_id":"726d051f-3d51-4b3b-8079-5596000af759-140544486217536","study_id":0,"datetime_start":"2026-04-01T01:52:20.741283"}
{"op_code":5,"worker_id":"726d051f-3d51-4b3b-8079-5596000af759-140544486217536","trial_id":33,"param_name":"lr","param_value_internal":0.03280024644223892,"distribution":"{\"name\": \"FloatDistribution\", \"attributes\": {\"step\": null, \"low\": 0.0001, \"high\": 0.1, \"log\": true}}"}
{"op_code":5,"worker_id":"726d051f-3d51-4b3b-8079-5596000af759-140544486217536","trial_id":33,"param_name":"dropout","param_value_internal":0.4884931237083823,"distribution":"{\"name\": \"FloatDistribution\", \"attributes\": {\"step\": null, \"low\": 0.0, \"high\": 0.5, \"log\": false}}"}
{"op_code":5,"worker_id":"726d051f-3d51-4b3b-8079-5596000af759-140544486217536","trial_id":33,"param_name":"nodes","param_value_internal":1,"distribution":"{\"name\": \"CategoricalDistribution\", \"attributes\": {\"choices\": [\"64-64\", \"128-64\", \"256-128\"]}}"}
{"op_code":6,"worker_id":"726d051f-3d51-4b3b-8079-5596000af759-140544486217536","trial_id":33,"state":1,"values":[0.7240950087744358],"datetime_complete":"2026-04-01T01:52:22.741963"}
{"op_code":4,"worker_id":"726d051f-3d51-4b3b-8079-5596000af759-140544486217536","study_id":0,"datetime_start":"2026-04-01T01:52:22.755147"}
{"op_code":5,"worker_id":"726d051f-3d51-4b3b-8079-5596000af759-140544486217536","trial_id":34,"param_name":"lr","param_value_internal":0.0165130813911341,"distribution":"{\"name\": \"FloatDistribution\", \"attributes\": {\"step\": null, \"low\": 0.0001, \"high\": 0.1, \"log\": true}}"}
{"op_code":5,"worker_id":"726d051f-3d51-4b3b-8079-5596000af759-140544486217536","trial_id":34,"param_name":"dropout","param_value_internal":0.3606452078952169,"distribution":"{\"name\": \"FloatDistribution\", \"attributes\": {\"step\": null, \"low\": 0.0, \"high\": 0.5, \"log\": false}}"}
{"op_code":5,"worker_id":"726d051f-3d51-4b3b-8079-5596000af759-140544486217536","trial_id":34,"param_name":"nodes","param_value_internal":1,"distribution":"{\"name\": \"CategoricalDistribution\", \"attributes\": {\"choices\": [\"64-64\", \"128-64\", \"256-128\"]}}"}
{"op_code":6,"worker_id":"726d051f-3d51-4b3b-8079-5596000af759-140544486217536","trial_id":34,"state":1,"values":[0.7107497041178631],"datetime_complete":"2026-04-01T01:52:24.756902"}
{"op_code":4,"worker_id":"726d051f-3d51-4b3b-8079-5596000af759-140544486217536","study_id":0,"datetime_start":"2026-04-01T01:52:24.770674"}
{"op_code":5,"worker_id":"726d051f-3d51-4b3b-8079-5596000af759-140544486217536","trial_id":35,"param_name":"lr","param_value_internal":0.036938746294002706,"distribution":"{\"name\": \"FloatDistribution\", \"attributes\": {\"step\": null, \"low\": 0.0001, \"high\": 0.1, \"log\": true}}"}
{"op_code":5,"worker_id":"726d051f-3d51-4b3b-8079-5596000af759-140544486217536","trial_id":35,"param_name":"dropout","param_value_internal":0.4977643812970195,"distribution":"{\"name\": \"FloatDistribution\", \"attributes\": {\"step\": null, \"low\": 0.0, \"high\": 0.5, \"log\": false}}"}
{"op_code":5,"worker_id":"726d051f-3d51-4b3b-8079-5596000af759-140544486217536","trial_id":35,"param_name":"nodes","param_value_internal":1,"distribution":"{\"name\": \"CategoricalDistribution\", \"attributes\": {\"choices\": [\"64-64\", \"128-64\", \"256-128\"]}}"}
{"op_code":6,"worker_id":"726d051f-3d51-4b3b-8079-5596000af759-140544486217536","trial_id":35,"state":1,"values":[0.7193608945843366],"datetime_complete":"2026-04-01T01:52:26.773145"}
{"op_code":4,"worker_id":"726d051f-3d51-4b3b-8079-5596000af759-140544486217536","study_id":0,"datetime_start":"2026-04-01T01:52:26.789370"}
{"op_code":5,"worker_id":"726d051f-3d51-4b3b-8079-5596000af759-140544486217536","trial_id":36,"param_name":"lr","param_value_internal":0.02147996087046143,"distribution":"{\"name\": \"FloatDistribution\", \"attributes\": {\"step\": null, \"low\": 0.0001, \"high\": 0.1, \"log\": true}}"}
{"op_code":5,"worker_id":"726d051f-3d51-4b3b-8079-5596000af759-140544486217536","trial_id":36,"param_name":"dropout","param_value_internal":0.4607165064370379,"distribution":"{\"name\": \"FloatDistribution\", \"attributes\": {\"step\": null, \"low\": 0.0, \"high\": 0.5, \"log\": false}}"}
{"op_code":5,"worker_id":"726d051f-3d51-4b3b-8079-5596000af759-140544486217536","trial_id":36,"param_name":"nodes","param_value_internal":1,"distribution":"{\"name\": \"CategoricalDistribution\", \"attributes\": {\"choices\": [\"64-64\", \"128-64\", \"256-128\"]}}"}
{"op_code":6,"worker_id":"726d051f-3d51-4b3b-8079-5596000af759-140544486217536","trial_id":36,"state":1,"values":[0.7304207648043097],"datetime_complete":"2026-04-01T01:52:28.792538"}
{"op_code":4,"worker_id":"726d051f-3d51-4b3b-8079-5596000af759-140544486217536","study_id":0,"datetime_start":"2026-04-01T01:52:28.807307"}
{"op_code":5,"worker_id":"726d051f-3d51-4b3b-8079-5596000af759-140544486217536","trial_id":37,"param_name":"lr","param_value_internal":0.05277263291176382,"distribution":"{\"name\": \"FloatDistribution\", \"attributes\": {\"step\": null, \"low\": 0.0001, \"high\": 0.1, \"log\": true}}"}
{"op_code":5,"worker_id":"726d051f-3d51-4b3b-8079-5596000af759-140544486217536","trial_id":37,"param_name":"dropout","param_value_internal":0.3971808245802196,"distribution":"{\"name\": \"FloatDistribution\", \"attributes\": {\"step\": null, \"low\": 0.0, \"high\": 0.5, \"log\": false}}"}
{"op_code":5,"worker_id":"726d051f-3d51-4b3b-8079-5596000af759-140544486217536","trial_id":37,"param_name":"nodes","param_value_internal":1,"distribution":"{\"name\": \"CategoricalDistribution\", \"attributes\": {\"choices\": [\"64-64\", \"128-64\", \"256-128\"]}}"}
{"op_code":6,"worker_id":"726d051f-3d51-4b3b-8079-5596000af759-140544486217536","trial_id":37,"state":1,"values":[0.7350732563359589],"datetime_complete":"2026-04-01T01:52:30.815348"}
{"op_code":4,"worker_id":"726d051f-3d51-4b3b-8079-5596000af759-140544486217536","study_id":0,"datetime_start":"2026-04-01T01:52:30.831824"}
{"op_code":5,"worker_id":"726d051f-3d51-4b3b-8079-5596000af759-140544486217536","trial_id":38,"param_name":"lr","param_value_internal":0.051948221585864617,"distribution":"{\"name\": \"FloatDistribution\", \"attributes\": {\"step\": null, \"low\": 0.0001, \"high\": 0.1, \"log\": true}}"}
{"op_code":5,"worker_id":"726d051f-3d51-4b3b-8079-5596000af759-140544486217536","trial_id":38,"param_name":"dropout","param_value_internal":0.3102876744164905,"distribution":"{\"name\": \"FloatDistribution\", \"attributes\": {\"step\": null, \"low\": 0.0, \"high\": 0.5, \"log\": false}}"}
{"op_code":5,"worker_id":"726d051f-3d51-4b3b-8079-5596000af759-140544486217536","trial_id":38,"param_name":"nodes","param_value_internal":1,"distribution":"{\"name\": \"CategoricalDistribution\", \"attributes\": {\"choices\": [\"64-64\", \"128-64\", \"256-128\"]}}"}
{"op_code":6,"worker_id":"726d051f-3d51-4b3b-8079-5596000af759-140544486217536","trial_id":38,"state":1,"values":[0.7284210096722851],"datetime_complete":"2026-04-01T01:52:32.838170"}
{"op_code":4,"worker_id":"726d051f-3d51-4b3b-8079-5596000af759-140544486217536","study_id":0,"datetime_start":"2026-04-01T01:52:32.852714"}
{"op_code":5,"worker_id":"726d051f-3d51-4b3b-8079-5596000af759-140544486217536","trial_id":39,"param_name":"lr","param_value_internal":0.022102976483220203,"distribution":"{\"name\": \"FloatDistribution\", \"attributes\": {\"step\": null, \"low\": 0.0001, \"high\": 0.1, \"log\": true}}"}
{"op_code":5,"worker_id":"726d051f-3d51-4b3b-8079-5596000af759-140544486217536","trial_id":39,"param_name":"dropout","param_value_internal":0.4027305944972698,"distribution":"{\"name\": \"FloatDistribution\", \"attributes\": {\"step\": null, \"low\": 0.0, \"high\": 0.5, \"log\": false}}"}
{"op_code":5,"worker_id":"726d051f-3d51-4b3b-8079-5596000af759-140544486217536","trial_id":39,"param_name":"nodes","param_value_internal":1,"distribution":"{\"name\": \"CategoricalDistribution\", \"attributes\": {\"choices\": [\"64-64\", \"128-64\", \"256-128\"]}}"}
{"op_code":6,"worker_id":"726d051f-3d51-4b3b-8079-5596000af759-140544486217536","trial_id":39,"state":1,"values":[0.7331551238623842],"datetime_complete":"2026-04-01T01:52:34.855081"}
