{"op_code":0,"worker_id":"e1d49d52-e440-471a-8042-04608ad90608-139952901822272","study_name":"mtlr_tuning","directions":[2]}
{"op_code":4,"worker_id":"e1d49d52-e440-471a-8042-04608ad90608-139952901822272","study_id":0,"datetime_start":"2026-03-26T11:34:38.443324"}
{"op_code":5,"worker_id":"e1d49d52-e440-471a-8042-04608ad90608-139952901822272","trial_id":0,"param_name":"lr","param_value_internal":0.0018635479477680018,"distribution":"{\"name\": \"FloatDistribution\", \"attributes\": {\"step\": null, \"low\": 0.0001, \"high\": 0.1, \"log\": true}}"}
{"op_code":5,"worker_id":"e1d49d52-e440-471a-8042-04608ad90608-139952901822272","trial_id":0,"param_name":"dropout","param_value_internal":0.033972785255913185,"distribution":"{\"name\": \"FloatDistribution\", \"attributes\": {\"step\": null, \"low\": 0.0, \"high\": 0.5, \"log\": false}}"}
{"op_code":5,"worker_id":"e1d49d52-e440-471a-8042-04608ad90608-139952901822272","trial_id":0,"param_name":"layers","param_value_internal":2.0,"distribution":"{\"name\": \"IntDistribution\", \"attributes\": {\"log\": false, \"step\": 1, \"low\": 1, \"high\": 3}}"}
{"op_code":5,"worker_id":"e1d49d52-e440-471a-8042-04608ad90608-139952901822272","trial_id":0,"param_name":"nodes","param_value_internal":1,"distribution":"{\"name\": \"CategoricalDistribution\", \"attributes\": {\"choices\": [32, 64, 128]}}"}
{"op_code":6,"worker_id":"e1d49d52-e440-471a-8042-04608ad90608-139952901822272","trial_id":0,"state":1,"values":[0.5200181708055723],"datetime_complete":"2026-03-26T11:34:39.994082"}
{"op_code":4,"worker_id":"e1d49d52-e440-471a-8042-04608ad90608-139952901822272","study_id":0,"datetime_start":"2026-03-26T11:34:40.013522"}
{"op_code":5,"worker_id":"e1d49d52-e440-471a-8042-04608ad90608-139952901822272","trial_id":1,"param_name":"lr","param_value_internal":0.001876626494848603,"distribution":"{\"name\": \"FloatDistribution\", \"attributes\": {\"step\": null, \"low\": 0.0001, \"high\": 0.1, \"log\": true}}"}
{"op_code":5,"worker_id":"e1d49d52-e440-471a-8042-04608ad90608-139952901822272","trial_id":1,"param_name":"dropout","param_value_internal":0.34898818470519566,"distribution":"{\"name\": \"FloatDistribution\", \"attributes\": {\"step\": null, \"low\": 0.0, \"high\": 0.5, \"log\": false}}"}
{"op_code":5,"worker_id":"e1d49d52-e440-471a-8042-04608ad90608-139952901822272","trial_id":1,"param_name":"layers","param_value_internal":2.0,"distribution":"{\"name\": \"IntDistribution\", \"attributes\": {\"log\": false, \"step\": 1, \"low\": 1, \"high\": 3}}"}
{"op_code":5,"worker_id":"e1d49d52-e440-471a-8042-04608ad90608-139952901822272","trial_id":1,"param_name":"nodes","param_value_internal":0,"distribution":"{\"name\": \"CategoricalDistribution\", \"attributes\": {\"choices\": [32, 64, 128]}}"}
{"op_code":6,"worker_id":"e1d49d52-e440-471a-8042-04608ad90608-139952901822272","trial_id":1,"state":1,"values":[0.5821623258631132],"datetime_complete":"2026-03-26T11:34:41.631039"}
{"op_code":4,"worker_id":"e1d49d52-e440-471a-8042-04608ad90608-139952901822272","study_id":0,"datetime_start":"2026-03-26T11:34:41.646824"}
{"op_code":5,"worker_id":"e1d49d52-e440-471a-8042-04608ad90608-139952901822272","trial_id":2,"param_name":"lr","param_value_internal":0.04089108262164628,"distribution":"{\"name\": \"FloatDistribution\", \"attributes\": {\"step\": null, \"low\": 0.0001, \"high\": 0.1, \"log\": true}}"}
{"op_code":5,"worker_id":"e1d49d52-e440-471a-8042-04608ad90608-139952901822272","trial_id":2,"param_name":"dropout","param_value_internal":0.1864113945917087,"distribution":"{\"name\": \"FloatDistribution\", \"attributes\": {\"step\": null, \"low\": 0.0, \"high\": 0.5, \"log\": false}}"}
{"op_code":5,"worker_id":"e1d49d52-e440-471a-8042-04608ad90608-139952901822272","trial_id":2,"param_name":"layers","param_value_internal":1.0,"distribution":"{\"name\": \"IntDistribution\", \"attributes\": {\"log\": false, \"step\": 1, \"low\": 1, \"high\": 3}}"}
{"op_code":5,"worker_id":"e1d49d52-e440-471a-8042-04608ad90608-139952901822272","trial_id":2,"param_name":"nodes","param_value_internal":0,"distribution":"{\"name\": \"CategoricalDistribution\", \"attributes\": {\"choices\": [32, 64, 128]}}"}
{"op_code":6,"worker_id":"e1d49d52-e440-471a-8042-04608ad90608-139952901822272","trial_id":2,"state":1,"values":[0.5576317383403998],"datetime_complete":"2026-03-26T11:34:43.089018"}
{"op_code":4,"worker_id":"e1d49d52-e440-471a-8042-04608ad90608-139952901822272","study_id":0,"datetime_start":"2026-03-26T11:34:43.107512"}
{"op_code":5,"worker_id":"e1d49d52-e440-471a-8042-04608ad90608-139952901822272","trial_id":3,"param_name":"lr","param_value_internal":0.0007528750298752477,"distribution":"{\"name\": \"FloatDistribution\", \"attributes\": {\"step\": null, \"low\": 0.0001, \"high\": 0.1, \"log\": true}}"}
{"op_code":5,"worker_id":"e1d49d52-e440-471a-8042-04608ad90608-139952901822272","trial_id":3,"param_name":"dropout","param_value_internal":0.34002196408412305,"distribution":"{\"name\": \"FloatDistribution\", \"attributes\": {\"step\": null, \"low\": 0.0, \"high\": 0.5, \"log\": false}}"}
{"op_code":5,"worker_id":"e1d49d52-e440-471a-8042-04608ad90608-139952901822272","trial_id":3,"param_name":"layers","param_value_internal":1.0,"distribution":"{\"name\": \"IntDistribution\", \"attributes\": {\"log\": false, \"step\": 1, \"low\": 1, \"high\": 3}}"}
{"op_code":5,"worker_id":"e1d49d52-e440-471a-8042-04608ad90608-139952901822272","trial_id":3,"param_name":"nodes","param_value_internal":1,"distribution":"{\"name\": \"CategoricalDistribution\", \"attributes\": {\"choices\": [32, 64, 128]}}"}
{"op_code":6,"worker_id":"e1d49d52-e440-471a-8042-04608ad90608-139952901822272","trial_id":3,"state":1,"values":[0.5461387038158692],"datetime_complete":"2026-03-26T11:34:44.579367"}
{"op_code":4,"worker_id":"e1d49d52-e440-471a-8042-04608ad90608-139952901822272","study_id":0,"datetime_start":"2026-03-26T11:34:44.599703"}
{"op_code":5,"worker_id":"e1d49d52-e440-471a-8042-04608ad90608-139952901822272","trial_id":4,"param_name":"lr","param_value_internal":0.001495548461378412,"distribution":"{\"name\": \"FloatDistribution\", \"attributes\": {\"step\": null, \"low\": 0.0001, \"high\": 0.1, \"log\": true}}"}
{"op_code":5,"worker_id":"e1d49d52-e440-471a-8042-04608ad90608-139952901822272","trial_id":4,"param_name":"dropout","param_value_internal":0.27602664984318576,"distribution":"{\"name\": \"FloatDistribution\", \"attributes\": {\"step\": null, \"low\": 0.0, \"high\": 0.5, \"log\": false}}"}
{"op_code":5,"worker_id":"e1d49d52-e440-471a-8042-04608ad90608-139952901822272","trial_id":4,"param_name":"layers","param_value_internal":3.0,"distribution":"{\"name\": \"IntDistribution\", \"attributes\": {\"log\": false, \"step\": 1, \"low\": 1, \"high\": 3}}"}
{"op_code":5,"worker_id":"e1d49d52-e440-471a-8042-04608ad90608-139952901822272","trial_id":4,"param_name":"nodes","param_value_internal":2,"distribution":"{\"name\": \"CategoricalDistribution\", \"attributes\": {\"choices\": [32, 64, 128]}}"}
{"op_code":6,"worker_id":"e1d49d52-e440-471a-8042-04608ad90608-139952901822272","trial_id":4,"state":1,"values":[0.5475469412477286],"datetime_complete":"2026-03-26T11:34:46.347677"}
{"op_code":4,"worker_id":"e1d49d52-e440-471a-8042-04608ad90608-139952901822272","study_id":0,"datetime_start":"2026-03-26T11:34:46.370547"}
{"op_code":5,"worker_id":"e1d49d52-e440-471a-8042-04608ad90608-139952901822272","trial_id":5,"param_name":"lr","param_value_internal":0.01822991284540719,"distribution":"{\"name\": \"FloatDistribution\", \"attributes\": {\"step\": null, \"low\": 0.0001, \"high\": 0.1, \"log\": true}}"}
{"op_code":5,"worker_id":"e1d49d52-e440-471a-8042-04608ad90608-139952901822272","trial_id":5,"param_name":"dropout","param_value_internal":0.4765542576997928,"distribution":"{\"name\": \"FloatDistribution\", \"attributes\": {\"step\": null, \"low\": 0.0, \"high\": 0.5, \"log\": false}}"}
{"op_code":5,"worker_id":"e1d49d52-e440-471a-8042-04608ad90608-139952901822272","trial_id":5,"param_name":"layers","param_value_internal":3.0,"distribution":"{\"name\": \"IntDistribution\", \"attributes\": {\"log\": false, \"step\": 1, \"low\": 1, \"high\": 3}}"}
{"op_code":5,"worker_id":"e1d49d52-e440-471a-8042-04608ad90608-139952901822272","trial_id":5,"param_name":"nodes","param_value_internal":1,"distribution":"{\"name\": \"CategoricalDistribution\", \"attributes\": {\"choices\": [32, 64, 128]}}"}
{"op_code":6,"worker_id":"e1d49d52-e440-471a-8042-04608ad90608-139952901822272","trial_id":5,"state":1,"values":[0.5641429436705028],"datetime_complete":"2026-03-26T11:34:48.155153"}
{"op_code":4,"worker_id":"e1d49d52-e440-471a-8042-04608ad90608-139952901822272","study_id":0,"datetime_start":"2026-03-26T11:34:48.170693"}
{"op_code":5,"worker_id":"e1d49d52-e440-471a-8042-04608ad90608-139952901822272","trial_id":6,"param_name":"lr","param_value_internal":0.05361054865494153,"distribution":"{\"name\": \"FloatDistribution\", \"attributes\": {\"step\": null, \"low\": 0.0001, \"high\": 0.1, \"log\": true}}"}
{"op_code":5,"worker_id":"e1d49d52-e440-471a-8042-04608ad90608-139952901822272","trial_id":6,"param_name":"dropout","param_value_internal":0.07879692853584064,"distribution":"{\"name\": \"FloatDistribution\", \"attributes\": {\"step\": null, \"low\": 0.0, \"high\": 0.5, \"log\": false}}"}
{"op_code":5,"worker_id":"e1d49d52-e440-471a-8042-04608ad90608-139952901822272","trial_id":6,"param_name":"layers","param_value_internal":1.0,"distribution":"{\"name\": \"IntDistribution\", \"attributes\": {\"log\": false, \"step\": 1, \"low\": 1, \"high\": 3}}"}
{"op_code":5,"worker_id":"e1d49d52-e440-471a-8042-04608ad90608-139952901822272","trial_id":6,"param_name":"nodes","param_value_internal":1,"distribution":"{\"name\": \"CategoricalDistribution\", \"attributes\": {\"choices\": [32, 64, 128]}}"}
{"op_code":6,"worker_id":"e1d49d52-e440-471a-8042-04608ad90608-139952901822272","trial_id":6,"state":1,"values":[0.5086917019987887],"datetime_complete":"2026-03-26T11:34:49.573383"}
{"op_code":4,"worker_id":"e1d49d52-e440-471a-8042-04608ad90608-139952901822272","study_id":0,"datetime_start":"2026-03-26T11:34:49.587330"}
{"op_code":5,"worker_id":"e1d49d52-e440-471a-8042-04608ad90608-139952901822272","trial_id":7,"param_name":"lr","param_value_internal":0.003525905353006015,"distribution":"{\"name\": \"FloatDistribution\", \"attributes\": {\"step\": null, \"low\": 0.0001, \"high\": 0.1, \"log\": true}}"}
{"op_code":5,"worker_id":"e1d49d52-e440-471a-8042-04608ad90608-139952901822272","trial_id":7,"param_name":"dropout","param_value_internal":0.17521981966662092,"distribution":"{\"name\": \"FloatDistribution\", \"attributes\": {\"step\": null, \"low\": 0.0, \"high\": 0.5, \"log\": false}}"}
{"op_code":5,"worker_id":"e1d49d52-e440-471a-8042-04608ad90608-139952901822272","trial_id":7,"param_name":"layers","param_value_internal":2.0,"distribution":"{\"name\": \"IntDistribution\", \"attributes\": {\"log\": false, \"step\": 1, \"low\": 1, \"high\": 3}}"}
{"op_code":5,"worker_id":"e1d49d52-e440-471a-8042-04608ad90608-139952901822272","trial_id":7,"param_name":"nodes","param_value_internal":2,"distribution":"{\"name\": \"CategoricalDistribution\", \"attributes\": {\"choices\": [32, 64, 128]}}"}
{"op_code":6,"worker_id":"e1d49d52-e440-471a-8042-04608ad90608-139952901822272","trial_id":7,"state":1,"values":[0.5057238037552998],"datetime_complete":"2026-03-26T11:34:51.186066"}
{"op_code":4,"worker_id":"e1d49d52-e440-471a-8042-04608ad90608-139952901822272","study_id":0,"datetime_start":"2026-03-26T11:34:51.220381"}
{"op_code":5,"worker_id":"e1d49d52-e440-471a-8042-04608ad90608-139952901822272","trial_id":8,"param_name":"lr","param_value_internal":0.0039043391242290725,"distribution":"{\"name\": \"FloatDistribution\", \"attributes\": {\"step\": null, \"low\": 0.0001, \"high\": 0.1, \"log\": true}}"}
{"op_code":5,"worker_id":"e1d49d52-e440-471a-8042-04608ad90608-139952901822272","trial_id":8,"param_name":"dropout","param_value_internal":0.49030250688805693,"distribution":"{\"name\": \"FloatDistribution\", \"attributes\": {\"step\": null, \"low\": 0.0, \"high\": 0.5, \"log\": false}}"}
{"op_code":5,"worker_id":"e1d49d52-e440-471a-8042-04608ad90608-139952901822272","trial_id":8,"param_name":"layers","param_value_internal":3.0,"distribution":"{\"name\": \"IntDistribution\", \"attributes\": {\"log\": false, \"step\": 1, \"low\": 1, \"high\": 3}}"}
{"op_code":5,"worker_id":"e1d49d52-e440-471a-8042-04608ad90608-139952901822272","trial_id":8,"param_name":"nodes","param_value_internal":2,"distribution":"{\"name\": \"CategoricalDistribution\", \"attributes\": {\"choices\": [32, 64, 128]}}"}
{"op_code":6,"worker_id":"e1d49d52-e440-471a-8042-04608ad90608-139952901822272","trial_id":8,"state":1,"values":[0.5618413082980012],"datetime_complete":"2026-03-26T11:34:53.030463"}
{"op_code":4,"worker_id":"e1d49d52-e440-471a-8042-04608ad90608-139952901822272","study_id":0,"datetime_start":"2026-03-26T11:34:53.047350"}
{"op_code":5,"worker_id":"e1d49d52-e440-471a-8042-04608ad90608-139952901822272","trial_id":9,"param_name":"lr","param_value_internal":0.035696389435998746,"distribution":"{\"name\": \"FloatDistribution\", \"attributes\": {\"step\": null, \"low\": 0.0001, \"high\": 0.1, \"log\": true}}"}
{"op_code":5,"worker_id":"e1d49d52-e440-471a-8042-04608ad90608-139952901822272","trial_id":9,"param_name":"dropout","param_value_internal":0.4013453666672229,"distribution":"{\"name\": \"FloatDistribution\", \"attributes\": {\"step\": null, \"low\": 0.0, \"high\": 0.5, \"log\": false}}"}
{"op_code":5,"worker_id":"e1d49d52-e440-471a-8042-04608ad90608-139952901822272","trial_id":9,"param_name":"layers","param_value_internal":2.0,"distribution":"{\"name\": \"IntDistribution\", \"attributes\": {\"log\": false, \"step\": 1, \"low\": 1, \"high\": 3}}"}
{"op_code":5,"worker_id":"e1d49d52-e440-471a-8042-04608ad90608-139952901822272","trial_id":9,"param_name":"nodes","param_value_internal":2,"distribution":"{\"name\": \"CategoricalDistribution\", \"attributes\": {\"choices\": [32, 64, 128]}}"}
{"op_code":6,"worker_id":"e1d49d52-e440-471a-8042-04608ad90608-139952901822272","trial_id":9,"state":1,"values":[0.5854330708661417],"datetime_complete":"2026-03-26T11:34:54.632497"}
{"op_code":4,"worker_id":"e1d49d52-e440-471a-8042-04608ad90608-139952901822272","study_id":0,"datetime_start":"2026-03-26T11:34:54.654294"}
{"op_code":5,"worker_id":"e1d49d52-e440-471a-8042-04608ad90608-139952901822272","trial_id":10,"param_name":"lr","param_value_internal":0.000112271897084888,"distribution":"{\"name\": \"FloatDistribution\", \"attributes\": {\"step\": null, \"low\": 0.0001, \"high\": 0.1, \"log\": true}}"}
{"op_code":5,"worker_id":"e1d49d52-e440-471a-8042-04608ad90608-139952901822272","trial_id":10,"param_name":"dropout","param_value_internal":0.3878099380166021,"distribution":"{\"name\": \"FloatDistribution\", \"attributes\": {\"step\": null, \"low\": 0.0, \"high\": 0.5, \"log\": false}}"}
{"op_code":5,"worker_id":"e1d49d52-e440-471a-8042-04608ad90608-139952901822272","trial_id":10,"param_name":"layers","param_value_internal":2.0,"distribution":"{\"name\": \"IntDistribution\", \"attributes\": {\"log\": false, \"step\": 1, \"low\": 1, \"high\": 3}}"}
{"op_code":5,"worker_id":"e1d49d52-e440-471a-8042-04608ad90608-139952901822272","trial_id":10,"param_name":"nodes","param_value_internal":2,"distribution":"{\"name\": \"CategoricalDistribution\", \"attributes\": {\"choices\": [32, 64, 128]}}"}
{"op_code":6,"worker_id":"e1d49d52-e440-471a-8042-04608ad90608-139952901822272","trial_id":10,"state":1,"values":[0.5682616596002423],"datetime_complete":"2026-03-26T11:34:56.289322"}
{"op_code":4,"worker_id":"e1d49d52-e440-471a-8042-04608ad90608-139952901822272","study_id":0,"datetime_start":"2026-03-26T11:34:56.308024"}
{"op_code":5,"worker_id":"e1d49d52-e440-471a-8042-04608ad90608-139952901822272","trial_id":11,"param_name":"lr","param_value_internal":0.012368084504941758,"distribution":"{\"name\": \"FloatDistribution\", \"attributes\": {\"step\": null, \"low\": 0.0001, \"high\": 0.1, \"log\": true}}"}
{"op_code":5,"worker_id":"e1d49d52-e440-471a-8042-04608ad90608-139952901822272","trial_id":11,"param_name":"dropout","param_value_internal":0.3807449135212432,"distribution":"{\"name\": \"FloatDistribution\", \"attributes\": {\"step\": null, \"low\": 0.0, \"high\": 0.5, \"log\": false}}"}
{"op_code":5,"worker_id":"e1d49d52-e440-471a-8042-04608ad90608-139952901822272","trial_id":11,"param_name":"layers","param_value_internal":2.0,"distribution":"{\"name\": \"IntDistribution\", \"attributes\": {\"log\": false, \"step\": 1, \"low\": 1, \"high\": 3}}"}
{"op_code":5,"worker_id":"e1d49d52-e440-471a-8042-04608ad90608-139952901822272","trial_id":11,"param_name":"nodes","param_value_internal":0,"distribution":"{\"name\": \"CategoricalDistribution\", \"attributes\": {\"choices\": [32, 64, 128]}}"}
{"op_code":6,"worker_id":"e1d49d52-e440-471a-8042-04608ad90608-139952901822272","trial_id":11,"state":1,"values":[0.5958207147183525],"datetime_complete":"2026-03-26T11:34:57.967950"}
{"op_code":4,"worker_id":"e1d49d52-e440-471a-8042-04608ad90608-139952901822272","study_id":0,"datetime_start":"2026-03-26T11:34:58.129512"}
{"op_code":5,"worker_id":"e1d49d52-e440-471a-8042-04608ad90608-139952901822272","trial_id":12,"param_name":"lr","param_value_internal":0.012954165086960236,"distribution":"{\"name\": \"FloatDistribution\", \"attributes\": {\"step\": null, \"low\": 0.0001, \"high\": 0.1, \"log\": true}}"}
{"op_code":5,"worker_id":"e1d49d52-e440-471a-8042-04608ad90608-139952901822272","trial_id":12,"param_name":"dropout","param_value_internal":0.4067416535787921,"distribution":"{\"name\": \"FloatDistribution\", \"attributes\": {\"step\": null, \"low\": 0.0, \"high\": 0.5, \"log\": false}}"}
{"op_code":5,"worker_id":"e1d49d52-e440-471a-8042-04608ad90608-139952901822272","trial_id":12,"param_name":"layers","param_value_internal":2.0,"distribution":"{\"name\": \"IntDistribution\", \"attributes\": {\"log\": false, \"step\": 1, \"low\": 1, \"high\": 3}}"}
{"op_code":5,"worker_id":"e1d49d52-e440-471a-8042-04608ad90608-139952901822272","trial_id":12,"param_name":"nodes","param_value_internal":0,"distribution":"{\"name\": \"CategoricalDistribution\", \"attributes\": {\"choices\": [32, 64, 128]}}"}
{"op_code":6,"worker_id":"e1d49d52-e440-471a-8042-04608ad90608-139952901822272","trial_id":12,"state":1,"values":[0.5604179285281647],"datetime_complete":"2026-03-26T11:34:59.801199"}
{"op_code":4,"worker_id":"e1d49d52-e440-471a-8042-04608ad90608-139952901822272","study_id":0,"datetime_start":"2026-03-26T11:34:59.823667"}
{"op_code":5,"worker_id":"e1d49d52-e440-471a-8042-04608ad90608-139952901822272","trial_id":13,"param_name":"lr","param_value_internal":0.0106619033303517,"distribution":"{\"name\": \"FloatDistribution\", \"attributes\": {\"step\": null, \"low\": 0.0001, \"high\": 0.1, \"log\": true}}"}
{"op_code":5,"worker_id":"e1d49d52-e440-471a-8042-04608ad90608-139952901822272","trial_id":13,"param_name":"dropout","param_value_internal":0.27922265877127295,"distribution":"{\"name\": \"FloatDistribution\", \"attributes\": {\"step\": null, \"low\": 0.0, \"high\": 0.5, \"log\": false}}"}
{"op_code":5,"worker_id":"e1d49d52-e440-471a-8042-04608ad90608-139952901822272","trial_id":13,"param_name":"layers","param_value_internal":2.0,"distribution":"{\"name\": \"IntDistribution\", \"attributes\": {\"log\": false, \"step\": 1, \"low\": 1, \"high\": 3}}"}
{"op_code":5,"worker_id":"e1d49d52-e440-471a-8042-04608ad90608-139952901822272","trial_id":13,"param_name":"nodes","param_value_internal":0,"distribution":"{\"name\": \"CategoricalDistribution\", \"attributes\": {\"choices\": [32, 64, 128]}}"}
{"op_code":6,"worker_id":"e1d49d52-e440-471a-8042-04608ad90608-139952901822272","trial_id":13,"state":1,"values":[0.5519079345850999],"datetime_complete":"2026-03-26T11:35:01.436461"}
{"op_code":4,"worker_id":"e1d49d52-e440-471a-8042-04608ad90608-139952901822272","study_id":0,"datetime_start":"2026-03-26T11:35:01.454237"}
{"op_code":5,"worker_id":"e1d49d52-e440-471a-8042-04608ad90608-139952901822272","trial_id":14,"param_name":"lr","param_value_internal":0.09852967169277038,"distribution":"{\"name\": \"FloatDistribution\", \"attributes\": {\"step\": null, \"low\": 0.0001, \"high\": 0.1, \"log\": true}}"}
{"op_code":5,"worker_id":"e1d49d52-e440-471a-8042-04608ad90608-139952901822272","trial_id":14,"param_name":"dropout","param_value_internal":0.42451476926391907,"distribution":"{\"name\": \"FloatDistribution\", \"attributes\": {\"step\": null, \"low\": 0.0, \"high\": 0.5, \"log\": false}}"}
{"op_code":5,"worker_id":"e1d49d52-e440-471a-8042-04608ad90608-139952901822272","trial_id":14,"param_name":"layers","param_value_internal":3.0,"distribution":"{\"name\": \"IntDistribution\", \"attributes\": {\"log\": false, \"step\": 1, \"low\": 1, \"high\": 3}}"}
{"op_code":5,"worker_id":"e1d49d52-e440-471a-8042-04608ad90608-139952901822272","trial_id":14,"param_name":"nodes","param_value_internal":2,"distribution":"{\"name\": \"CategoricalDistribution\", \"attributes\": {\"choices\": [32, 64, 128]}}"}
{"op_code":6,"worker_id":"e1d49d52-e440-471a-8042-04608ad90608-139952901822272","trial_id":14,"state":1,"values":[0.5721380981223501],"datetime_complete":"2026-03-26T11:35:03.238334"}
{"op_code":4,"worker_id":"e1d49d52-e440-471a-8042-04608ad90608-139952901822272","study_id":0,"datetime_start":"2026-03-26T11:35:03.274237"}
{"op_code":5,"worker_id":"e1d49d52-e440-471a-8042-04608ad90608-139952901822272","trial_id":15,"param_name":"lr","param_value_internal":0.020832895078614945,"distribution":"{\"name\": \"FloatDistribution\", \"attributes\": {\"step\": null, \"low\": 0.0001, \"high\": 0.1, \"log\": true}}"}
{"op_code":5,"worker_id":"e1d49d52-e440-471a-8042-04608ad90608-139952901822272","trial_id":15,"param_name":"dropout","param_value_internal":0.3285778635594672,"distribution":"{\"name\": \"FloatDistribution\", \"attributes\": {\"step\": null, \"low\": 0.0, \"high\": 0.5, \"log\": false}}"}
{"op_code":5,"worker_id":"e1d49d52-e440-471a-8042-04608ad90608-139952901822272","trial_id":15,"param_name":"layers","param_value_internal":1.0,"distribution":"{\"name\": \"IntDistribution\", \"attributes\": {\"log\": false, \"step\": 1, \"low\": 1, \"high\": 3}}"}
{"op_code":5,"worker_id":"e1d49d52-e440-471a-8042-04608ad90608-139952901822272","trial_id":15,"param_name":"nodes","param_value_internal":0,"distribution":"{\"name\": \"CategoricalDistribution\", \"attributes\": {\"choices\": [32, 64, 128]}}"}
{"op_code":6,"worker_id":"e1d49d52-e440-471a-8042-04608ad90608-139952901822272","trial_id":15,"state":1,"values":[0.5478800726832223],"datetime_complete":"2026-03-26T11:35:04.727669"}
{"op_code":4,"worker_id":"e1d49d52-e440-471a-8042-04608ad90608-139952901822272","study_id":0,"datetime_start":"2026-03-26T11:35:04.752686"}
{"op_code":5,"worker_id":"e1d49d52-e440-471a-8042-04608ad90608-139952901822272","trial_id":16,"param_name":"lr","param_value_internal":0.0397601467266272,"distribution":"{\"name\": \"FloatDistribution\", \"attributes\": {\"step\": null, \"low\": 0.0001, \"high\": 0.1, \"log\": true}}"}
{"op_code":5,"worker_id":"e1d49d52-e440-471a-8042-04608ad90608-139952901822272","trial_id":16,"param_name":"dropout","param_value_internal":0.4446462968029893,"distribution":"{\"name\": \"FloatDistribution\", \"attributes\": {\"step\": null, \"low\": 0.0, \"high\": 0.5, \"log\": false}}"}
{"op_code":5,"worker_id":"e1d49d52-e440-471a-8042-04608ad90608-139952901822272","trial_id":16,"param_name":"layers","param_value_internal":2.0,"distribution":"{\"name\": \"IntDistribution\", \"attributes\": {\"log\": false, \"step\": 1, \"low\": 1, \"high\": 3}}"}
{"op_code":5,"worker_id":"e1d49d52-e440-471a-8042-04608ad90608-139952901822272","trial_id":16,"param_name":"nodes","param_value_internal":0,"distribution":"{\"name\": \"CategoricalDistribution\", \"attributes\": {\"choices\": [32, 64, 128]}}"}
{"op_code":6,"worker_id":"e1d49d52-e440-471a-8042-04608ad90608-139952901822272","trial_id":16,"state":1,"values":[0.5542701393095094],"datetime_complete":"2026-03-26T11:35:06.766175"}
{"op_code":4,"worker_id":"e1d49d52-e440-471a-8042-04608ad90608-139952901822272","study_id":0,"datetime_start":"2026-03-26T11:35:06.784271"}
{"op_code":5,"worker_id":"e1d49d52-e440-471a-8042-04608ad90608-139952901822272","trial_id":17,"param_name":"lr","param_value_internal":0.006775059898443277,"distribution":"{\"name\": \"FloatDistribution\", \"attributes\": {\"step\": null, \"low\": 0.0001, \"high\": 0.1, \"log\": true}}"}
{"op_code":5,"worker_id":"e1d49d52-e440-471a-8042-04608ad90608-139952901822272","trial_id":17,"param_name":"dropout","param_value_internal":0.19020308986966233,"distribution":"{\"name\": \"FloatDistribution\", \"attributes\": {\"step\": null, \"low\": 0.0, \"high\": 0.5, \"log\": false}}"}
{"op_code":5,"worker_id":"e1d49d52-e440-471a-8042-04608ad90608-139952901822272","trial_id":17,"param_name":"layers","param_value_internal":2.0,"distribution":"{\"name\": \"IntDistribution\", \"attributes\": {\"log\": false, \"step\": 1, \"low\": 1, \"high\": 3}}"}
{"op_code":5,"worker_id":"e1d49d52-e440-471a-8042-04608ad90608-139952901822272","trial_id":17,"param_name":"nodes","param_value_internal":2,"distribution":"{\"name\": \"CategoricalDistribution\", \"attributes\": {\"choices\": [32, 64, 128]}}"}
{"op_code":6,"worker_id":"e1d49d52-e440-471a-8042-04608ad90608-139952901822272","trial_id":17,"state":1,"values":[0.4912174439733495],"datetime_complete":"2026-03-26T11:35:08.440629"}
{"op_code":4,"worker_id":"e1d49d52-e440-471a-8042-04608ad90608-139952901822272","study_id":0,"datetime_start":"2026-03-26T11:35:08.477552"}
{"op_code":5,"worker_id":"e1d49d52-e440-471a-8042-04608ad90608-139952901822272","trial_id":18,"param_name":"lr","param_value_internal":0.00022134321279404506,"distribution":"{\"name\": \"FloatDistribution\", \"attributes\": {\"step\": null, \"low\": 0.0001, \"high\": 0.1, \"log\": true}}"}
{"op_code":5,"worker_id":"e1d49d52-e440-471a-8042-04608ad90608-139952901822272","trial_id":18,"param_name":"dropout","param_value_internal":0.23776964951372206,"distribution":"{\"name\": \"FloatDistribution\", \"attributes\": {\"step\": null, \"low\": 0.0, \"high\": 0.5, \"log\": false}}"}
{"op_code":5,"worker_id":"e1d49d52-e440-471a-8042-04608ad90608-139952901822272","trial_id":18,"param_name":"layers","param_value_internal":1.0,"distribution":"{\"name\": \"IntDistribution\", \"attributes\": {\"log\": false, \"step\": 1, \"low\": 1, \"high\": 3}}"}
{"op_code":5,"worker_id":"e1d49d52-e440-471a-8042-04608ad90608-139952901822272","trial_id":18,"param_name":"nodes","param_value_internal":2,"distribution":"{\"name\": \"CategoricalDistribution\", \"attributes\": {\"choices\": [32, 64, 128]}}"}
{"op_code":6,"worker_id":"e1d49d52-e440-471a-8042-04608ad90608-139952901822272","trial_id":18,"state":1,"values":[0.5502725620835857],"datetime_complete":"2026-03-26T11:35:09.923264"}
{"op_code":4,"worker_id":"e1d49d52-e440-471a-8042-04608ad90608-139952901822272","study_id":0,"datetime_start":"2026-03-26T11:35:10.045169"}
{"op_code":5,"worker_id":"e1d49d52-e440-471a-8042-04608ad90608-139952901822272","trial_id":19,"param_name":"lr","param_value_internal":0.007579247676740609,"distribution":"{\"name\": \"FloatDistribution\", \"attributes\": {\"step\": null, \"low\": 0.0001, \"high\": 0.1, \"log\": true}}"}
{"op_code":5,"worker_id":"e1d49d52-e440-471a-8042-04608ad90608-139952901822272","trial_id":19,"param_name":"dropout","param_value_internal":0.37844063022891417,"distribution":"{\"name\": \"FloatDistribution\", \"attributes\": {\"step\": null, \"low\": 0.0, \"high\": 0.5, \"log\": false}}"}
{"op_code":5,"worker_id":"e1d49d52-e440-471a-8042-04608ad90608-139952901822272","trial_id":19,"param_name":"layers","param_value_internal":3.0,"distribution":"{\"name\": \"IntDistribution\", \"attributes\": {\"log\": false, \"step\": 1, \"low\": 1, \"high\": 3}}"}
{"op_code":5,"worker_id":"e1d49d52-e440-471a-8042-04608ad90608-139952901822272","trial_id":19,"param_name":"nodes","param_value_internal":0,"distribution":"{\"name\": \"CategoricalDistribution\", \"attributes\": {\"choices\": [32, 64, 128]}}"}
{"op_code":6,"worker_id":"e1d49d52-e440-471a-8042-04608ad90608-139952901822272","trial_id":19,"state":1,"values":[0.5224409448818897],"datetime_complete":"2026-03-26T11:35:11.858496"}
