{"op_code":0,"worker_id":"ce17fcca-7705-4b4b-8777-5baf169a7f8f-139876742551360","study_name":"gbsa_tuning","directions":[2]}
{"op_code":4,"worker_id":"ce17fcca-7705-4b4b-8777-5baf169a7f8f-139876742551360","study_id":0,"datetime_start":"2026-04-14T08:50:47.362007"}
{"op_code":5,"worker_id":"ce17fcca-7705-4b4b-8777-5baf169a7f8f-139876742551360","trial_id":0,"param_name":"learning_rate","param_value_internal":0.05020322774329826,"distribution":"{\"name\": \"FloatDistribution\", \"attributes\": {\"step\": null, \"low\": 0.01, \"high\": 0.2, \"log\": true}}"}
{"op_code":5,"worker_id":"ce17fcca-7705-4b4b-8777-5baf169a7f8f-139876742551360","trial_id":0,"param_name":"n_estimators","param_value_internal":153.0,"distribution":"{\"name\": \"IntDistribution\", \"attributes\": {\"log\": false, \"step\": 1, \"low\": 50, \"high\": 200}}"}
{"op_code":5,"worker_id":"ce17fcca-7705-4b4b-8777-5baf169a7f8f-139876742551360","trial_id":0,"param_name":"max_depth","param_value_internal":2.0,"distribution":"{\"name\": \"IntDistribution\", \"attributes\": {\"log\": false, \"step\": 1, \"low\": 2, \"high\": 5}}"}
{"op_code":6,"worker_id":"ce17fcca-7705-4b4b-8777-5baf169a7f8f-139876742551360","trial_id":0,"state":1,"values":[0.7364864864864865],"datetime_complete":"2026-04-14T08:50:47.474215"}
{"op_code":4,"worker_id":"ce17fcca-7705-4b4b-8777-5baf169a7f8f-139876742551360","study_id":0,"datetime_start":"2026-04-14T08:50:47.483764"}
{"op_code":5,"worker_id":"ce17fcca-7705-4b4b-8777-5baf169a7f8f-139876742551360","trial_id":1,"param_name":"learning_rate","param_value_internal":0.14069580860346584,"distribution":"{\"name\": \"FloatDistribution\", \"attributes\": {\"step\": null, \"low\": 0.01, \"high\": 0.2, \"log\": true}}"}
{"op_code":5,"worker_id":"ce17fcca-7705-4b4b-8777-5baf169a7f8f-139876742551360","trial_id":1,"param_name":"n_estimators","param_value_internal":72.0,"distribution":"{\"name\": \"IntDistribution\", \"attributes\": {\"log\": false, \"step\": 1, \"low\": 50, \"high\": 200}}"}
{"op_code":5,"worker_id":"ce17fcca-7705-4b4b-8777-5baf169a7f8f-139876742551360","trial_id":1,"param_name":"max_depth","param_value_internal":3.0,"distribution":"{\"name\": \"IntDistribution\", \"attributes\": {\"log\": false, \"step\": 1, \"low\": 2, \"high\": 5}}"}
{"op_code":6,"worker_id":"ce17fcca-7705-4b4b-8777-5baf169a7f8f-139876742551360","trial_id":1,"state":1,"values":[0.7454954954954955],"datetime_complete":"2026-04-14T08:50:47.565373"}
{"op_code":4,"worker_id":"ce17fcca-7705-4b4b-8777-5baf169a7f8f-139876742551360","study_id":0,"datetime_start":"2026-04-14T08:50:47.575738"}
{"op_code":5,"worker_id":"ce17fcca-7705-4b4b-8777-5baf169a7f8f-139876742551360","trial_id":2,"param_name":"learning_rate","param_value_internal":0.017224008352725882,"distribution":"{\"name\": \"FloatDistribution\", \"attributes\": {\"step\": null, \"low\": 0.01, \"high\": 0.2, \"log\": true}}"}
{"op_code":5,"worker_id":"ce17fcca-7705-4b4b-8777-5baf169a7f8f-139876742551360","trial_id":2,"param_name":"n_estimators","param_value_internal":118.0,"distribution":"{\"name\": \"IntDistribution\", \"attributes\": {\"log\": false, \"step\": 1, \"low\": 50, \"high\": 200}}"}
{"op_code":5,"worker_id":"ce17fcca-7705-4b4b-8777-5baf169a7f8f-139876742551360","trial_id":2,"param_name":"max_depth","param_value_internal":5.0,"distribution":"{\"name\": \"IntDistribution\", \"attributes\": {\"log\": false, \"step\": 1, \"low\": 2, \"high\": 5}}"}
{"op_code":6,"worker_id":"ce17fcca-7705-4b4b-8777-5baf169a7f8f-139876742551360","trial_id":2,"state":1,"values":[0.8108108108108109],"datetime_complete":"2026-04-14T08:50:47.691633"}
{"op_code":4,"worker_id":"ce17fcca-7705-4b4b-8777-5baf169a7f8f-139876742551360","study_id":0,"datetime_start":"2026-04-14T08:50:47.703694"}
{"op_code":5,"worker_id":"ce17fcca-7705-4b4b-8777-5baf169a7f8f-139876742551360","trial_id":3,"param_name":"learning_rate","param_value_internal":0.15441422752841502,"distribution":"{\"name\": \"FloatDistribution\", \"attributes\": {\"step\": null, \"low\": 0.01, \"high\": 0.2, \"log\": true}}"}
{"op_code":5,"worker_id":"ce17fcca-7705-4b4b-8777-5baf169a7f8f-139876742551360","trial_id":3,"param_name":"n_estimators","param_value_internal":96.0,"distribution":"{\"name\": \"IntDistribution\", \"attributes\": {\"log\": false, \"step\": 1, \"low\": 50, \"high\": 200}}"}
{"op_code":5,"worker_id":"ce17fcca-7705-4b4b-8777-5baf169a7f8f-139876742551360","trial_id":3,"param_name":"max_depth","param_value_internal":3.0,"distribution":"{\"name\": \"IntDistribution\", \"attributes\": {\"log\": false, \"step\": 1, \"low\": 2, \"high\": 5}}"}
{"op_code":6,"worker_id":"ce17fcca-7705-4b4b-8777-5baf169a7f8f-139876742551360","trial_id":3,"state":1,"values":[0.7454954954954955],"datetime_complete":"2026-04-14T08:50:47.798282"}
{"op_code":4,"worker_id":"ce17fcca-7705-4b4b-8777-5baf169a7f8f-139876742551360","study_id":0,"datetime_start":"2026-04-14T08:50:47.808888"}
{"op_code":5,"worker_id":"ce17fcca-7705-4b4b-8777-5baf169a7f8f-139876742551360","trial_id":4,"param_name":"learning_rate","param_value_internal":0.03897965979532217,"distribution":"{\"name\": \"FloatDistribution\", \"attributes\": {\"step\": null, \"low\": 0.01, \"high\": 0.2, \"log\": true}}"}
{"op_code":5,"worker_id":"ce17fcca-7705-4b4b-8777-5baf169a7f8f-139876742551360","trial_id":4,"param_name":"n_estimators","param_value_internal":114.0,"distribution":"{\"name\": \"IntDistribution\", \"attributes\": {\"log\": false, \"step\": 1, \"low\": 50, \"high\": 200}}"}
{"op_code":5,"worker_id":"ce17fcca-7705-4b4b-8777-5baf169a7f8f-139876742551360","trial_id":4,"param_name":"max_depth","param_value_internal":2.0,"distribution":"{\"name\": \"IntDistribution\", \"attributes\": {\"log\": false, \"step\": 1, \"low\": 2, \"high\": 5}}"}
{"op_code":6,"worker_id":"ce17fcca-7705-4b4b-8777-5baf169a7f8f-139876742551360","trial_id":4,"state":1,"values":[0.759009009009009],"datetime_complete":"2026-04-14T08:50:47.906504"}
{"op_code":4,"worker_id":"ce17fcca-7705-4b4b-8777-5baf169a7f8f-139876742551360","study_id":0,"datetime_start":"2026-04-14T08:50:47.917883"}
{"op_code":5,"worker_id":"ce17fcca-7705-4b4b-8777-5baf169a7f8f-139876742551360","trial_id":5,"param_name":"learning_rate","param_value_internal":0.026272517799928674,"distribution":"{\"name\": \"FloatDistribution\", \"attributes\": {\"step\": null, \"low\": 0.01, \"high\": 0.2, \"log\": true}}"}
{"op_code":5,"worker_id":"ce17fcca-7705-4b4b-8777-5baf169a7f8f-139876742551360","trial_id":5,"param_name":"n_estimators","param_value_internal":118.0,"distribution":"{\"name\": \"IntDistribution\", \"attributes\": {\"log\": false, \"step\": 1, \"low\": 50, \"high\": 200}}"}
{"op_code":5,"worker_id":"ce17fcca-7705-4b4b-8777-5baf169a7f8f-139876742551360","trial_id":5,"param_name":"max_depth","param_value_internal":3.0,"distribution":"{\"name\": \"IntDistribution\", \"attributes\": {\"log\": false, \"step\": 1, \"low\": 2, \"high\": 5}}"}
{"op_code":6,"worker_id":"ce17fcca-7705-4b4b-8777-5baf169a7f8f-139876742551360","trial_id":5,"state":1,"values":[0.7747747747747747],"datetime_complete":"2026-04-14T08:50:48.023998"}
{"op_code":4,"worker_id":"ce17fcca-7705-4b4b-8777-5baf169a7f8f-139876742551360","study_id":0,"datetime_start":"2026-04-14T08:50:48.036553"}
{"op_code":5,"worker_id":"ce17fcca-7705-4b4b-8777-5baf169a7f8f-139876742551360","trial_id":6,"param_name":"learning_rate","param_value_internal":0.07603503496344506,"distribution":"{\"name\": \"FloatDistribution\", \"attributes\": {\"step\": null, \"low\": 0.01, \"high\": 0.2, \"log\": true}}"}
{"op_code":5,"worker_id":"ce17fcca-7705-4b4b-8777-5baf169a7f8f-139876742551360","trial_id":6,"param_name":"n_estimators","param_value_internal":168.0,"distribution":"{\"name\": \"IntDistribution\", \"attributes\": {\"log\": false, \"step\": 1, \"low\": 50, \"high\": 200}}"}
{"op_code":5,"worker_id":"ce17fcca-7705-4b4b-8777-5baf169a7f8f-139876742551360","trial_id":6,"param_name":"max_depth","param_value_internal":3.0,"distribution":"{\"name\": \"IntDistribution\", \"attributes\": {\"log\": false, \"step\": 1, \"low\": 2, \"high\": 5}}"}
{"op_code":6,"worker_id":"ce17fcca-7705-4b4b-8777-5baf169a7f8f-139876742551360","trial_id":6,"state":1,"values":[0.7815315315315315],"datetime_complete":"2026-04-14T08:50:48.169310"}
{"op_code":4,"worker_id":"ce17fcca-7705-4b4b-8777-5baf169a7f8f-139876742551360","study_id":0,"datetime_start":"2026-04-14T08:50:48.180128"}
{"op_code":5,"worker_id":"ce17fcca-7705-4b4b-8777-5baf169a7f8f-139876742551360","trial_id":7,"param_name":"learning_rate","param_value_internal":0.01112369398717893,"distribution":"{\"name\": \"FloatDistribution\", \"attributes\": {\"step\": null, \"low\": 0.01, \"high\": 0.2, \"log\": true}}"}
{"op_code":5,"worker_id":"ce17fcca-7705-4b4b-8777-5baf169a7f8f-139876742551360","trial_id":7,"param_name":"n_estimators","param_value_internal":172.0,"distribution":"{\"name\": \"IntDistribution\", \"attributes\": {\"log\": false, \"step\": 1, \"low\": 50, \"high\": 200}}"}
{"op_code":5,"worker_id":"ce17fcca-7705-4b4b-8777-5baf169a7f8f-139876742551360","trial_id":7,"param_name":"max_depth","param_value_internal":4.0,"distribution":"{\"name\": \"IntDistribution\", \"attributes\": {\"log\": false, \"step\": 1, \"low\": 2, \"high\": 5}}"}
{"op_code":6,"worker_id":"ce17fcca-7705-4b4b-8777-5baf169a7f8f-139876742551360","trial_id":7,"state":1,"values":[0.75],"datetime_complete":"2026-04-14T08:50:48.312813"}
{"op_code":4,"worker_id":"ce17fcca-7705-4b4b-8777-5baf169a7f8f-139876742551360","study_id":0,"datetime_start":"2026-04-14T08:50:48.324005"}
{"op_code":5,"worker_id":"ce17fcca-7705-4b4b-8777-5baf169a7f8f-139876742551360","trial_id":8,"param_name":"learning_rate","param_value_internal":0.12985551815178809,"distribution":"{\"name\": \"FloatDistribution\", \"attributes\": {\"step\": null, \"low\": 0.01, \"high\": 0.2, \"log\": true}}"}
{"op_code":5,"worker_id":"ce17fcca-7705-4b4b-8777-5baf169a7f8f-139876742551360","trial_id":8,"param_name":"n_estimators","param_value_internal":136.0,"distribution":"{\"name\": \"IntDistribution\", \"attributes\": {\"log\": false, \"step\": 1, \"low\": 50, \"high\": 200}}"}
{"op_code":5,"worker_id":"ce17fcca-7705-4b4b-8777-5baf169a7f8f-139876742551360","trial_id":8,"param_name":"max_depth","param_value_internal":4.0,"distribution":"{\"name\": \"IntDistribution\", \"attributes\": {\"log\": false, \"step\": 1, \"low\": 2, \"high\": 5}}"}
{"op_code":6,"worker_id":"ce17fcca-7705-4b4b-8777-5baf169a7f8f-139876742551360","trial_id":8,"state":1,"values":[0.7297297297297297],"datetime_complete":"2026-04-14T08:50:48.428027"}
{"op_code":4,"worker_id":"ce17fcca-7705-4b4b-8777-5baf169a7f8f-139876742551360","study_id":0,"datetime_start":"2026-04-14T08:50:48.439753"}
{"op_code":5,"worker_id":"ce17fcca-7705-4b4b-8777-5baf169a7f8f-139876742551360","trial_id":9,"param_name":"learning_rate","param_value_internal":0.01328474839251247,"distribution":"{\"name\": \"FloatDistribution\", \"attributes\": {\"step\": null, \"low\": 0.01, \"high\": 0.2, \"log\": true}}"}
{"op_code":5,"worker_id":"ce17fcca-7705-4b4b-8777-5baf169a7f8f-139876742551360","trial_id":9,"param_name":"n_estimators","param_value_internal":167.0,"distribution":"{\"name\": \"IntDistribution\", \"attributes\": {\"log\": false, \"step\": 1, \"low\": 50, \"high\": 200}}"}
{"op_code":5,"worker_id":"ce17fcca-7705-4b4b-8777-5baf169a7f8f-139876742551360","trial_id":9,"param_name":"max_depth","param_value_internal":4.0,"distribution":"{\"name\": \"IntDistribution\", \"attributes\": {\"log\": false, \"step\": 1, \"low\": 2, \"high\": 5}}"}
{"op_code":6,"worker_id":"ce17fcca-7705-4b4b-8777-5baf169a7f8f-139876742551360","trial_id":9,"state":1,"values":[0.759009009009009],"datetime_complete":"2026-04-14T08:50:48.563020"}
{"op_code":4,"worker_id":"ce17fcca-7705-4b4b-8777-5baf169a7f8f-139876742551360","study_id":0,"datetime_start":"2026-04-14T08:50:48.575458"}
{"op_code":5,"worker_id":"ce17fcca-7705-4b4b-8777-5baf169a7f8f-139876742551360","trial_id":10,"param_name":"learning_rate","param_value_internal":0.02360775078896493,"distribution":"{\"name\": \"FloatDistribution\", \"attributes\": {\"step\": null, \"low\": 0.01, \"high\": 0.2, \"log\": true}}"}
{"op_code":5,"worker_id":"ce17fcca-7705-4b4b-8777-5baf169a7f8f-139876742551360","trial_id":10,"param_name":"n_estimators","param_value_internal":195.0,"distribution":"{\"name\": \"IntDistribution\", \"attributes\": {\"log\": false, \"step\": 1, \"low\": 50, \"high\": 200}}"}
{"op_code":5,"worker_id":"ce17fcca-7705-4b4b-8777-5baf169a7f8f-139876742551360","trial_id":10,"param_name":"max_depth","param_value_internal":5.0,"distribution":"{\"name\": \"IntDistribution\", \"attributes\": {\"log\": false, \"step\": 1, \"low\": 2, \"high\": 5}}"}
{"op_code":6,"worker_id":"ce17fcca-7705-4b4b-8777-5baf169a7f8f-139876742551360","trial_id":10,"state":1,"values":[0.7635135135135135],"datetime_complete":"2026-04-14T08:50:48.742366"}
{"op_code":4,"worker_id":"ce17fcca-7705-4b4b-8777-5baf169a7f8f-139876742551360","study_id":0,"datetime_start":"2026-04-14T08:50:48.758877"}
{"op_code":5,"worker_id":"ce17fcca-7705-4b4b-8777-5baf169a7f8f-139876742551360","trial_id":11,"param_name":"learning_rate","param_value_internal":0.06878758995534445,"distribution":"{\"name\": \"FloatDistribution\", \"attributes\": {\"step\": null, \"low\": 0.01, \"high\": 0.2, \"log\": true}}"}
{"op_code":5,"worker_id":"ce17fcca-7705-4b4b-8777-5baf169a7f8f-139876742551360","trial_id":11,"param_name":"n_estimators","param_value_internal":83.0,"distribution":"{\"name\": \"IntDistribution\", \"attributes\": {\"log\": false, \"step\": 1, \"low\": 50, \"high\": 200}}"}
{"op_code":5,"worker_id":"ce17fcca-7705-4b4b-8777-5baf169a7f8f-139876742551360","trial_id":11,"param_name":"max_depth","param_value_internal":5.0,"distribution":"{\"name\": \"IntDistribution\", \"attributes\": {\"log\": false, \"step\": 1, \"low\": 2, \"high\": 5}}"}
{"op_code":6,"worker_id":"ce17fcca-7705-4b4b-8777-5baf169a7f8f-139876742551360","trial_id":11,"state":1,"values":[0.7319819819819819],"datetime_complete":"2026-04-14T08:50:48.859014"}
{"op_code":4,"worker_id":"ce17fcca-7705-4b4b-8777-5baf169a7f8f-139876742551360","study_id":0,"datetime_start":"2026-04-14T08:50:48.869380"}
{"op_code":5,"worker_id":"ce17fcca-7705-4b4b-8777-5baf169a7f8f-139876742551360","trial_id":12,"param_name":"learning_rate","param_value_internal":0.07850155028277976,"distribution":"{\"name\": \"FloatDistribution\", \"attributes\": {\"step\": null, \"low\": 0.01, \"high\": 0.2, \"log\": true}}"}
{"op_code":5,"worker_id":"ce17fcca-7705-4b4b-8777-5baf169a7f8f-139876742551360","trial_id":12,"param_name":"n_estimators","param_value_internal":195.0,"distribution":"{\"name\": \"IntDistribution\", \"attributes\": {\"log\": false, \"step\": 1, \"low\": 50, \"high\": 200}}"}
{"op_code":5,"worker_id":"ce17fcca-7705-4b4b-8777-5baf169a7f8f-139876742551360","trial_id":12,"param_name":"max_depth","param_value_internal":5.0,"distribution":"{\"name\": \"IntDistribution\", \"attributes\": {\"log\": false, \"step\": 1, \"low\": 2, \"high\": 5}}"}
{"op_code":6,"worker_id":"ce17fcca-7705-4b4b-8777-5baf169a7f8f-139876742551360","trial_id":12,"state":1,"values":[0.7522522522522522],"datetime_complete":"2026-04-14T08:50:49.000240"}
{"op_code":4,"worker_id":"ce17fcca-7705-4b4b-8777-5baf169a7f8f-139876742551360","study_id":0,"datetime_start":"2026-04-14T08:50:49.012627"}
{"op_code":5,"worker_id":"ce17fcca-7705-4b4b-8777-5baf169a7f8f-139876742551360","trial_id":13,"param_name":"learning_rate","param_value_internal":0.02043000298025129,"distribution":"{\"name\": \"FloatDistribution\", \"attributes\": {\"step\": null, \"low\": 0.01, \"high\": 0.2, \"log\": true}}"}
{"op_code":5,"worker_id":"ce17fcca-7705-4b4b-8777-5baf169a7f8f-139876742551360","trial_id":13,"param_name":"n_estimators","param_value_internal":140.0,"distribution":"{\"name\": \"IntDistribution\", \"attributes\": {\"log\": false, \"step\": 1, \"low\": 50, \"high\": 200}}"}
{"op_code":5,"worker_id":"ce17fcca-7705-4b4b-8777-5baf169a7f8f-139876742551360","trial_id":13,"param_name":"max_depth","param_value_internal":3.0,"distribution":"{\"name\": \"IntDistribution\", \"attributes\": {\"log\": false, \"step\": 1, \"low\": 2, \"high\": 5}}"}
{"op_code":6,"worker_id":"ce17fcca-7705-4b4b-8777-5baf169a7f8f-139876742551360","trial_id":13,"state":1,"values":[0.786036036036036],"datetime_complete":"2026-04-14T08:50:49.111381"}
{"op_code":4,"worker_id":"ce17fcca-7705-4b4b-8777-5baf169a7f8f-139876742551360","study_id":0,"datetime_start":"2026-04-14T08:50:49.121593"}
{"op_code":5,"worker_id":"ce17fcca-7705-4b4b-8777-5baf169a7f8f-139876742551360","trial_id":14,"param_name":"learning_rate","param_value_internal":0.019183840631848418,"distribution":"{\"name\": \"FloatDistribution\", \"attributes\": {\"step\": null, \"low\": 0.01, \"high\": 0.2, \"log\": true}}"}
{"op_code":5,"worker_id":"ce17fcca-7705-4b4b-8777-5baf169a7f8f-139876742551360","trial_id":14,"param_name":"n_estimators","param_value_internal":137.0,"distribution":"{\"name\": \"IntDistribution\", \"attributes\": {\"log\": false, \"step\": 1, \"low\": 50, \"high\": 200}}"}
{"op_code":5,"worker_id":"ce17fcca-7705-4b4b-8777-5baf169a7f8f-139876742551360","trial_id":14,"param_name":"max_depth","param_value_internal":4.0,"distribution":"{\"name\": \"IntDistribution\", \"attributes\": {\"log\": false, \"step\": 1, \"low\": 2, \"high\": 5}}"}
{"op_code":6,"worker_id":"ce17fcca-7705-4b4b-8777-5baf169a7f8f-139876742551360","trial_id":14,"state":1,"values":[0.75],"datetime_complete":"2026-04-14T08:50:49.235736"}
{"op_code":4,"worker_id":"ce17fcca-7705-4b4b-8777-5baf169a7f8f-139876742551360","study_id":0,"datetime_start":"2026-04-14T08:50:49.246202"}
{"op_code":5,"worker_id":"ce17fcca-7705-4b4b-8777-5baf169a7f8f-139876742551360","trial_id":15,"param_name":"learning_rate","param_value_internal":0.01564003194899753,"distribution":"{\"name\": \"FloatDistribution\", \"attributes\": {\"step\": null, \"low\": 0.01, \"high\": 0.2, \"log\": true}}"}
{"op_code":5,"worker_id":"ce17fcca-7705-4b4b-8777-5baf169a7f8f-139876742551360","trial_id":15,"param_name":"n_estimators","param_value_internal":52.0,"distribution":"{\"name\": \"IntDistribution\", \"attributes\": {\"log\": false, \"step\": 1, \"low\": 50, \"high\": 200}}"}
{"op_code":5,"worker_id":"ce17fcca-7705-4b4b-8777-5baf169a7f8f-139876742551360","trial_id":15,"param_name":"max_depth","param_value_internal":2.0,"distribution":"{\"name\": \"IntDistribution\", \"attributes\": {\"log\": false, \"step\": 1, \"low\": 2, \"high\": 5}}"}
{"op_code":6,"worker_id":"ce17fcca-7705-4b4b-8777-5baf169a7f8f-139876742551360","trial_id":15,"state":1,"values":[0.7207207207207207],"datetime_complete":"2026-04-14T08:50:49.322758"}
{"op_code":4,"worker_id":"ce17fcca-7705-4b4b-8777-5baf169a7f8f-139876742551360","study_id":0,"datetime_start":"2026-04-14T08:50:49.332187"}
{"op_code":5,"worker_id":"ce17fcca-7705-4b4b-8777-5baf169a7f8f-139876742551360","trial_id":16,"param_name":"learning_rate","param_value_internal":0.03222463930847472,"distribution":"{\"name\": \"FloatDistribution\", \"attributes\": {\"step\": null, \"low\": 0.01, \"high\": 0.2, \"log\": true}}"}
{"op_code":5,"worker_id":"ce17fcca-7705-4b4b-8777-5baf169a7f8f-139876742551360","trial_id":16,"param_name":"n_estimators","param_value_internal":103.0,"distribution":"{\"name\": \"IntDistribution\", \"attributes\": {\"log\": false, \"step\": 1, \"low\": 50, \"high\": 200}}"}
{"op_code":5,"worker_id":"ce17fcca-7705-4b4b-8777-5baf169a7f8f-139876742551360","trial_id":16,"param_name":"max_depth","param_value_internal":5.0,"distribution":"{\"name\": \"IntDistribution\", \"attributes\": {\"log\": false, \"step\": 1, \"low\": 2, \"high\": 5}}"}
{"op_code":6,"worker_id":"ce17fcca-7705-4b4b-8777-5baf169a7f8f-139876742551360","trial_id":16,"state":1,"values":[0.777027027027027],"datetime_complete":"2026-04-14T08:50:49.437346"}
{"op_code":4,"worker_id":"ce17fcca-7705-4b4b-8777-5baf169a7f8f-139876742551360","study_id":0,"datetime_start":"2026-04-14T08:50:49.448736"}
{"op_code":5,"worker_id":"ce17fcca-7705-4b4b-8777-5baf169a7f8f-139876742551360","trial_id":17,"param_name":"learning_rate","param_value_internal":0.018540605700693127,"distribution":"{\"name\": \"FloatDistribution\", \"attributes\": {\"step\": null, \"low\": 0.01, \"high\": 0.2, \"log\": true}}"}
{"op_code":5,"worker_id":"ce17fcca-7705-4b4b-8777-5baf169a7f8f-139876742551360","trial_id":17,"param_name":"n_estimators","param_value_internal":139.0,"distribution":"{\"name\": \"IntDistribution\", \"attributes\": {\"log\": false, \"step\": 1, \"low\": 50, \"high\": 200}}"}
{"op_code":5,"worker_id":"ce17fcca-7705-4b4b-8777-5baf169a7f8f-139876742551360","trial_id":17,"param_name":"max_depth","param_value_internal":4.0,"distribution":"{\"name\": \"IntDistribution\", \"attributes\": {\"log\": false, \"step\": 1, \"low\": 2, \"high\": 5}}"}
{"op_code":6,"worker_id":"ce17fcca-7705-4b4b-8777-5baf169a7f8f-139876742551360","trial_id":17,"state":1,"values":[0.722972972972973],"datetime_complete":"2026-04-14T08:50:49.570911"}
{"op_code":4,"worker_id":"ce17fcca-7705-4b4b-8777-5baf169a7f8f-139876742551360","study_id":0,"datetime_start":"2026-04-14T08:50:49.582148"}
{"op_code":5,"worker_id":"ce17fcca-7705-4b4b-8777-5baf169a7f8f-139876742551360","trial_id":18,"param_name":"learning_rate","param_value_internal":0.02567964302854973,"distribution":"{\"name\": \"FloatDistribution\", \"attributes\": {\"step\": null, \"low\": 0.01, \"high\": 0.2, \"log\": true}}"}
{"op_code":5,"worker_id":"ce17fcca-7705-4b4b-8777-5baf169a7f8f-139876742551360","trial_id":18,"param_name":"n_estimators","param_value_internal":125.0,"distribution":"{\"name\": \"IntDistribution\", \"attributes\": {\"log\": false, \"step\": 1, \"low\": 50, \"high\": 200}}"}
{"op_code":5,"worker_id":"ce17fcca-7705-4b4b-8777-5baf169a7f8f-139876742551360","trial_id":18,"param_name":"max_depth","param_value_internal":3.0,"distribution":"{\"name\": \"IntDistribution\", \"attributes\": {\"log\": false, \"step\": 1, \"low\": 2, \"high\": 5}}"}
{"op_code":6,"worker_id":"ce17fcca-7705-4b4b-8777-5baf169a7f8f-139876742551360","trial_id":18,"state":1,"values":[0.7725225225225225],"datetime_complete":"2026-04-14T08:50:49.695090"}
{"op_code":4,"worker_id":"ce17fcca-7705-4b4b-8777-5baf169a7f8f-139876742551360","study_id":0,"datetime_start":"2026-04-14T08:50:49.705925"}
{"op_code":5,"worker_id":"ce17fcca-7705-4b4b-8777-5baf169a7f8f-139876742551360","trial_id":19,"param_name":"learning_rate","param_value_internal":0.010288423630733453,"distribution":"{\"name\": \"FloatDistribution\", \"attributes\": {\"step\": null, \"low\": 0.01, \"high\": 0.2, \"log\": true}}"}
{"op_code":5,"worker_id":"ce17fcca-7705-4b4b-8777-5baf169a7f8f-139876742551360","trial_id":19,"param_name":"n_estimators","param_value_internal":98.0,"distribution":"{\"name\": \"IntDistribution\", \"attributes\": {\"log\": false, \"step\": 1, \"low\": 50, \"high\": 200}}"}
{"op_code":5,"worker_id":"ce17fcca-7705-4b4b-8777-5baf169a7f8f-139876742551360","trial_id":19,"param_name":"max_depth","param_value_internal":2.0,"distribution":"{\"name\": \"IntDistribution\", \"attributes\": {\"log\": false, \"step\": 1, \"low\": 2, \"high\": 5}}"}
{"op_code":6,"worker_id":"ce17fcca-7705-4b4b-8777-5baf169a7f8f-139876742551360","trial_id":19,"state":1,"values":[0.7207207207207207],"datetime_complete":"2026-04-14T08:50:49.799415"}
