{"op_code":0,"worker_id":"6cdffc9b-9ec5-491f-bb52-bb3f969ae877-139876742551360","study_name":"rsf_tuning","directions":[2]}
{"op_code":4,"worker_id":"6cdffc9b-9ec5-491f-bb52-bb3f969ae877-139876742551360","study_id":0,"datetime_start":"2026-04-14T08:50:27.689370"}
{"op_code":5,"worker_id":"6cdffc9b-9ec5-491f-bb52-bb3f969ae877-139876742551360","trial_id":0,"param_name":"n_estimators","param_value_internal":195.0,"distribution":"{\"name\": \"IntDistribution\", \"attributes\": {\"log\": false, \"step\": 1, \"low\": 50, \"high\": 200}}"}
{"op_code":5,"worker_id":"6cdffc9b-9ec5-491f-bb52-bb3f969ae877-139876742551360","trial_id":0,"param_name":"min_samples_split","param_value_internal":19.0,"distribution":"{\"name\": \"IntDistribution\", \"attributes\": {\"log\": false, \"step\": 1, \"low\": 5, \"high\": 20}}"}
{"op_code":5,"worker_id":"6cdffc9b-9ec5-491f-bb52-bb3f969ae877-139876742551360","trial_id":0,"param_name":"min_samples_leaf","param_value_internal":20.0,"distribution":"{\"name\": \"IntDistribution\", \"attributes\": {\"log\": false, \"step\": 1, \"low\": 5, \"high\": 20}}"}
{"op_code":6,"worker_id":"6cdffc9b-9ec5-491f-bb52-bb3f969ae877-139876742551360","trial_id":0,"state":1,"values":[0.8291796469366562],"datetime_complete":"2026-04-14T08:50:28.105097"}
{"op_code":4,"worker_id":"6cdffc9b-9ec5-491f-bb52-bb3f969ae877-139876742551360","study_id":0,"datetime_start":"2026-04-14T08:50:28.116519"}
{"op_code":5,"worker_id":"6cdffc9b-9ec5-491f-bb52-bb3f969ae877-139876742551360","trial_id":1,"param_name":"n_estimators","param_value_internal":139.0,"distribution":"{\"name\": \"IntDistribution\", \"attributes\": {\"log\": false, \"step\": 1, \"low\": 50, \"high\": 200}}"}
{"op_code":5,"worker_id":"6cdffc9b-9ec5-491f-bb52-bb3f969ae877-139876742551360","trial_id":1,"param_name":"min_samples_split","param_value_internal":15.0,"distribution":"{\"name\": \"IntDistribution\", \"attributes\": {\"log\": false, \"step\": 1, \"low\": 5, \"high\": 20}}"}
{"op_code":5,"worker_id":"6cdffc9b-9ec5-491f-bb52-bb3f969ae877-139876742551360","trial_id":1,"param_name":"min_samples_leaf","param_value_internal":5.0,"distribution":"{\"name\": \"IntDistribution\", \"attributes\": {\"log\": false, \"step\": 1, \"low\": 5, \"high\": 20}}"}
{"op_code":6,"worker_id":"6cdffc9b-9ec5-491f-bb52-bb3f969ae877-139876742551360","trial_id":1,"state":1,"values":[0.814122533748702],"datetime_complete":"2026-04-14T08:50:28.564101"}
{"op_code":4,"worker_id":"6cdffc9b-9ec5-491f-bb52-bb3f969ae877-139876742551360","study_id":0,"datetime_start":"2026-04-14T08:50:28.576757"}
{"op_code":5,"worker_id":"6cdffc9b-9ec5-491f-bb52-bb3f969ae877-139876742551360","trial_id":2,"param_name":"n_estimators","param_value_internal":105.0,"distribution":"{\"name\": \"IntDistribution\", \"attributes\": {\"log\": false, \"step\": 1, \"low\": 50, \"high\": 200}}"}
{"op_code":5,"worker_id":"6cdffc9b-9ec5-491f-bb52-bb3f969ae877-139876742551360","trial_id":2,"param_name":"min_samples_split","param_value_internal":18.0,"distribution":"{\"name\": \"IntDistribution\", \"attributes\": {\"log\": false, \"step\": 1, \"low\": 5, \"high\": 20}}"}
{"op_code":5,"worker_id":"6cdffc9b-9ec5-491f-bb52-bb3f969ae877-139876742551360","trial_id":2,"param_name":"min_samples_leaf","param_value_internal":8.0,"distribution":"{\"name\": \"IntDistribution\", \"attributes\": {\"log\": false, \"step\": 1, \"low\": 5, \"high\": 20}}"}
{"op_code":6,"worker_id":"6cdffc9b-9ec5-491f-bb52-bb3f969ae877-139876742551360","trial_id":2,"state":1,"values":[0.8286604361370716],"datetime_complete":"2026-04-14T08:50:28.907035"}
{"op_code":4,"worker_id":"6cdffc9b-9ec5-491f-bb52-bb3f969ae877-139876742551360","study_id":0,"datetime_start":"2026-04-14T08:50:28.920335"}
{"op_code":5,"worker_id":"6cdffc9b-9ec5-491f-bb52-bb3f969ae877-139876742551360","trial_id":3,"param_name":"n_estimators","param_value_internal":90.0,"distribution":"{\"name\": \"IntDistribution\", \"attributes\": {\"log\": false, \"step\": 1, \"low\": 50, \"high\": 200}}"}
{"op_code":5,"worker_id":"6cdffc9b-9ec5-491f-bb52-bb3f969ae877-139876742551360","trial_id":3,"param_name":"min_samples_split","param_value_internal":9.0,"distribution":"{\"name\": \"IntDistribution\", \"attributes\": {\"log\": false, \"step\": 1, \"low\": 5, \"high\": 20}}"}
{"op_code":5,"worker_id":"6cdffc9b-9ec5-491f-bb52-bb3f969ae877-139876742551360","trial_id":3,"param_name":"min_samples_leaf","param_value_internal":15.0,"distribution":"{\"name\": \"IntDistribution\", \"attributes\": {\"log\": false, \"step\": 1, \"low\": 5, \"high\": 20}}"}
{"op_code":6,"worker_id":"6cdffc9b-9ec5-491f-bb52-bb3f969ae877-139876742551360","trial_id":3,"state":1,"values":[0.8260643821391485],"datetime_complete":"2026-04-14T08:50:29.182374"}
{"op_code":4,"worker_id":"6cdffc9b-9ec5-491f-bb52-bb3f969ae877-139876742551360","study_id":0,"datetime_start":"2026-04-14T08:50:29.194538"}
{"op_code":5,"worker_id":"6cdffc9b-9ec5-491f-bb52-bb3f969ae877-139876742551360","trial_id":4,"param_name":"n_estimators","param_value_internal":102.0,"distribution":"{\"name\": \"IntDistribution\", \"attributes\": {\"log\": false, \"step\": 1, \"low\": 50, \"high\": 200}}"}
{"op_code":5,"worker_id":"6cdffc9b-9ec5-491f-bb52-bb3f969ae877-139876742551360","trial_id":4,"param_name":"min_samples_split","param_value_internal":17.0,"distribution":"{\"name\": \"IntDistribution\", \"attributes\": {\"log\": false, \"step\": 1, \"low\": 5, \"high\": 20}}"}
{"op_code":5,"worker_id":"6cdffc9b-9ec5-491f-bb52-bb3f969ae877-139876742551360","trial_id":4,"param_name":"min_samples_leaf","param_value_internal":12.0,"distribution":"{\"name\": \"IntDistribution\", \"attributes\": {\"log\": false, \"step\": 1, \"low\": 5, \"high\": 20}}"}
{"op_code":6,"worker_id":"6cdffc9b-9ec5-491f-bb52-bb3f969ae877-139876742551360","trial_id":4,"state":1,"values":[0.8187954309449637],"datetime_complete":"2026-04-14T08:50:29.467531"}
{"op_code":4,"worker_id":"6cdffc9b-9ec5-491f-bb52-bb3f969ae877-139876742551360","study_id":0,"datetime_start":"2026-04-14T08:50:29.479014"}
{"op_code":5,"worker_id":"6cdffc9b-9ec5-491f-bb52-bb3f969ae877-139876742551360","trial_id":5,"param_name":"n_estimators","param_value_internal":187.0,"distribution":"{\"name\": \"IntDistribution\", \"attributes\": {\"log\": false, \"step\": 1, \"low\": 50, \"high\": 200}}"}
{"op_code":5,"worker_id":"6cdffc9b-9ec5-491f-bb52-bb3f969ae877-139876742551360","trial_id":5,"param_name":"min_samples_split","param_value_internal":7.0,"distribution":"{\"name\": \"IntDistribution\", \"attributes\": {\"log\": false, \"step\": 1, \"low\": 5, \"high\": 20}}"}
{"op_code":5,"worker_id":"6cdffc9b-9ec5-491f-bb52-bb3f969ae877-139876742551360","trial_id":5,"param_name":"min_samples_leaf","param_value_internal":9.0,"distribution":"{\"name\": \"IntDistribution\", \"attributes\": {\"log\": false, \"step\": 1, \"low\": 5, \"high\": 20}}"}
{"op_code":6,"worker_id":"6cdffc9b-9ec5-491f-bb52-bb3f969ae877-139876742551360","trial_id":5,"state":1,"values":[0.8245067497403946],"datetime_complete":"2026-04-14T08:50:29.955236"}
{"op_code":4,"worker_id":"6cdffc9b-9ec5-491f-bb52-bb3f969ae877-139876742551360","study_id":0,"datetime_start":"2026-04-14T08:50:29.969021"}
{"op_code":5,"worker_id":"6cdffc9b-9ec5-491f-bb52-bb3f969ae877-139876742551360","trial_id":6,"param_name":"n_estimators","param_value_internal":58.0,"distribution":"{\"name\": \"IntDistribution\", \"attributes\": {\"log\": false, \"step\": 1, \"low\": 50, \"high\": 200}}"}
{"op_code":5,"worker_id":"6cdffc9b-9ec5-491f-bb52-bb3f969ae877-139876742551360","trial_id":6,"param_name":"min_samples_split","param_value_internal":9.0,"distribution":"{\"name\": \"IntDistribution\", \"attributes\": {\"log\": false, \"step\": 1, \"low\": 5, \"high\": 20}}"}
{"op_code":5,"worker_id":"6cdffc9b-9ec5-491f-bb52-bb3f969ae877-139876742551360","trial_id":6,"param_name":"min_samples_leaf","param_value_internal":14.0,"distribution":"{\"name\": \"IntDistribution\", \"attributes\": {\"log\": false, \"step\": 1, \"low\": 5, \"high\": 20}}"}
{"op_code":6,"worker_id":"6cdffc9b-9ec5-491f-bb52-bb3f969ae877-139876742551360","trial_id":6,"state":1,"values":[0.8219106957424714],"datetime_complete":"2026-04-14T08:50:30.149392"}
{"op_code":4,"worker_id":"6cdffc9b-9ec5-491f-bb52-bb3f969ae877-139876742551360","study_id":0,"datetime_start":"2026-04-14T08:50:30.161663"}
{"op_code":5,"worker_id":"6cdffc9b-9ec5-491f-bb52-bb3f969ae877-139876742551360","trial_id":7,"param_name":"n_estimators","param_value_internal":190.0,"distribution":"{\"name\": \"IntDistribution\", \"attributes\": {\"log\": false, \"step\": 1, \"low\": 50, \"high\": 200}}"}
{"op_code":5,"worker_id":"6cdffc9b-9ec5-491f-bb52-bb3f969ae877-139876742551360","trial_id":7,"param_name":"min_samples_split","param_value_internal":18.0,"distribution":"{\"name\": \"IntDistribution\", \"attributes\": {\"log\": false, \"step\": 1, \"low\": 5, \"high\": 20}}"}
{"op_code":5,"worker_id":"6cdffc9b-9ec5-491f-bb52-bb3f969ae877-139876742551360","trial_id":7,"param_name":"min_samples_leaf","param_value_internal":20.0,"distribution":"{\"name\": \"IntDistribution\", \"attributes\": {\"log\": false, \"step\": 1, \"low\": 5, \"high\": 20}}"}
{"op_code":6,"worker_id":"6cdffc9b-9ec5-491f-bb52-bb3f969ae877-139876742551360","trial_id":7,"state":1,"values":[0.8276220145379024],"datetime_complete":"2026-04-14T08:50:30.600945"}
{"op_code":4,"worker_id":"6cdffc9b-9ec5-491f-bb52-bb3f969ae877-139876742551360","study_id":0,"datetime_start":"2026-04-14T08:50:30.612312"}
{"op_code":5,"worker_id":"6cdffc9b-9ec5-491f-bb52-bb3f969ae877-139876742551360","trial_id":8,"param_name":"n_estimators","param_value_internal":116.0,"distribution":"{\"name\": \"IntDistribution\", \"attributes\": {\"log\": false, \"step\": 1, \"low\": 50, \"high\": 200}}"}
{"op_code":5,"worker_id":"6cdffc9b-9ec5-491f-bb52-bb3f969ae877-139876742551360","trial_id":8,"param_name":"min_samples_split","param_value_internal":13.0,"distribution":"{\"name\": \"IntDistribution\", \"attributes\": {\"log\": false, \"step\": 1, \"low\": 5, \"high\": 20}}"}
{"op_code":5,"worker_id":"6cdffc9b-9ec5-491f-bb52-bb3f969ae877-139876742551360","trial_id":8,"param_name":"min_samples_leaf","param_value_internal":11.0,"distribution":"{\"name\": \"IntDistribution\", \"attributes\": {\"log\": false, \"step\": 1, \"low\": 5, \"high\": 20}}"}
{"op_code":6,"worker_id":"6cdffc9b-9ec5-491f-bb52-bb3f969ae877-139876742551360","trial_id":8,"state":1,"values":[0.8213914849428868],"datetime_complete":"2026-04-14T08:50:30.923653"}
{"op_code":4,"worker_id":"6cdffc9b-9ec5-491f-bb52-bb3f969ae877-139876742551360","study_id":0,"datetime_start":"2026-04-14T08:50:30.937628"}
{"op_code":5,"worker_id":"6cdffc9b-9ec5-491f-bb52-bb3f969ae877-139876742551360","trial_id":9,"param_name":"n_estimators","param_value_internal":89.0,"distribution":"{\"name\": \"IntDistribution\", \"attributes\": {\"log\": false, \"step\": 1, \"low\": 50, \"high\": 200}}"}
{"op_code":5,"worker_id":"6cdffc9b-9ec5-491f-bb52-bb3f969ae877-139876742551360","trial_id":9,"param_name":"min_samples_split","param_value_internal":19.0,"distribution":"{\"name\": \"IntDistribution\", \"attributes\": {\"log\": false, \"step\": 1, \"low\": 5, \"high\": 20}}"}
{"op_code":5,"worker_id":"6cdffc9b-9ec5-491f-bb52-bb3f969ae877-139876742551360","trial_id":9,"param_name":"min_samples_leaf","param_value_internal":12.0,"distribution":"{\"name\": \"IntDistribution\", \"attributes\": {\"log\": false, \"step\": 1, \"low\": 5, \"high\": 20}}"}
{"op_code":6,"worker_id":"6cdffc9b-9ec5-491f-bb52-bb3f969ae877-139876742551360","trial_id":9,"state":1,"values":[0.814122533748702],"datetime_complete":"2026-04-14T08:50:31.182254"}
{"op_code":4,"worker_id":"6cdffc9b-9ec5-491f-bb52-bb3f969ae877-139876742551360","study_id":0,"datetime_start":"2026-04-14T08:50:31.196779"}
{"op_code":5,"worker_id":"6cdffc9b-9ec5-491f-bb52-bb3f969ae877-139876742551360","trial_id":10,"param_name":"n_estimators","param_value_internal":152.0,"distribution":"{\"name\": \"IntDistribution\", \"attributes\": {\"log\": false, \"step\": 1, \"low\": 50, \"high\": 200}}"}
{"op_code":5,"worker_id":"6cdffc9b-9ec5-491f-bb52-bb3f969ae877-139876742551360","trial_id":10,"param_name":"min_samples_split","param_value_internal":20.0,"distribution":"{\"name\": \"IntDistribution\", \"attributes\": {\"log\": false, \"step\": 1, \"low\": 5, \"high\": 20}}"}
{"op_code":5,"worker_id":"6cdffc9b-9ec5-491f-bb52-bb3f969ae877-139876742551360","trial_id":10,"param_name":"min_samples_leaf","param_value_internal":20.0,"distribution":"{\"name\": \"IntDistribution\", \"attributes\": {\"log\": false, \"step\": 1, \"low\": 5, \"high\": 20}}"}
{"op_code":6,"worker_id":"6cdffc9b-9ec5-491f-bb52-bb3f969ae877-139876742551360","trial_id":10,"state":1,"values":[0.8291796469366562],"datetime_complete":"2026-04-14T08:50:31.538075"}
{"op_code":4,"worker_id":"6cdffc9b-9ec5-491f-bb52-bb3f969ae877-139876742551360","study_id":0,"datetime_start":"2026-04-14T08:50:31.549852"}
{"op_code":5,"worker_id":"6cdffc9b-9ec5-491f-bb52-bb3f969ae877-139876742551360","trial_id":11,"param_name":"n_estimators","param_value_internal":157.0,"distribution":"{\"name\": \"IntDistribution\", \"attributes\": {\"log\": false, \"step\": 1, \"low\": 50, \"high\": 200}}"}
{"op_code":5,"worker_id":"6cdffc9b-9ec5-491f-bb52-bb3f969ae877-139876742551360","trial_id":11,"param_name":"min_samples_split","param_value_internal":20.0,"distribution":"{\"name\": \"IntDistribution\", \"attributes\": {\"log\": false, \"step\": 1, \"low\": 5, \"high\": 20}}"}
{"op_code":5,"worker_id":"6cdffc9b-9ec5-491f-bb52-bb3f969ae877-139876742551360","trial_id":11,"param_name":"min_samples_leaf","param_value_internal":20.0,"distribution":"{\"name\": \"IntDistribution\", \"attributes\": {\"log\": false, \"step\": 1, \"low\": 5, \"high\": 20}}"}
{"op_code":6,"worker_id":"6cdffc9b-9ec5-491f-bb52-bb3f969ae877-139876742551360","trial_id":11,"state":1,"values":[0.8291796469366562],"datetime_complete":"2026-04-14T08:50:31.904288"}
{"op_code":4,"worker_id":"6cdffc9b-9ec5-491f-bb52-bb3f969ae877-139876742551360","study_id":0,"datetime_start":"2026-04-14T08:50:31.917804"}
{"op_code":5,"worker_id":"6cdffc9b-9ec5-491f-bb52-bb3f969ae877-139876742551360","trial_id":12,"param_name":"n_estimators","param_value_internal":161.0,"distribution":"{\"name\": \"IntDistribution\", \"attributes\": {\"log\": false, \"step\": 1, \"low\": 50, \"high\": 200}}"}
{"op_code":5,"worker_id":"6cdffc9b-9ec5-491f-bb52-bb3f969ae877-139876742551360","trial_id":12,"param_name":"min_samples_split","param_value_internal":15.0,"distribution":"{\"name\": \"IntDistribution\", \"attributes\": {\"log\": false, \"step\": 1, \"low\": 5, \"high\": 20}}"}
{"op_code":5,"worker_id":"6cdffc9b-9ec5-491f-bb52-bb3f969ae877-139876742551360","trial_id":12,"param_name":"min_samples_leaf","param_value_internal":17.0,"distribution":"{\"name\": \"IntDistribution\", \"attributes\": {\"log\": false, \"step\": 1, \"low\": 5, \"high\": 20}}"}
{"op_code":6,"worker_id":"6cdffc9b-9ec5-491f-bb52-bb3f969ae877-139876742551360","trial_id":12,"state":1,"values":[0.8245067497403946],"datetime_complete":"2026-04-14T08:50:32.276089"}
{"op_code":4,"worker_id":"6cdffc9b-9ec5-491f-bb52-bb3f969ae877-139876742551360","study_id":0,"datetime_start":"2026-04-14T08:50:32.288409"}
{"op_code":5,"worker_id":"6cdffc9b-9ec5-491f-bb52-bb3f969ae877-139876742551360","trial_id":13,"param_name":"n_estimators","param_value_internal":173.0,"distribution":"{\"name\": \"IntDistribution\", \"attributes\": {\"log\": false, \"step\": 1, \"low\": 50, \"high\": 200}}"}
{"op_code":5,"worker_id":"6cdffc9b-9ec5-491f-bb52-bb3f969ae877-139876742551360","trial_id":13,"param_name":"min_samples_split","param_value_internal":20.0,"distribution":"{\"name\": \"IntDistribution\", \"attributes\": {\"log\": false, \"step\": 1, \"low\": 5, \"high\": 20}}"}
{"op_code":5,"worker_id":"6cdffc9b-9ec5-491f-bb52-bb3f969ae877-139876742551360","trial_id":13,"param_name":"min_samples_leaf","param_value_internal":17.0,"distribution":"{\"name\": \"IntDistribution\", \"attributes\": {\"log\": false, \"step\": 1, \"low\": 5, \"high\": 20}}"}
{"op_code":6,"worker_id":"6cdffc9b-9ec5-491f-bb52-bb3f969ae877-139876742551360","trial_id":13,"state":1,"values":[0.8234683281412254],"datetime_complete":"2026-04-14T08:50:32.684025"}
{"op_code":4,"worker_id":"6cdffc9b-9ec5-491f-bb52-bb3f969ae877-139876742551360","study_id":0,"datetime_start":"2026-04-14T08:50:32.696011"}
{"op_code":5,"worker_id":"6cdffc9b-9ec5-491f-bb52-bb3f969ae877-139876742551360","trial_id":14,"param_name":"n_estimators","param_value_internal":140.0,"distribution":"{\"name\": \"IntDistribution\", \"attributes\": {\"log\": false, \"step\": 1, \"low\": 50, \"high\": 200}}"}
{"op_code":5,"worker_id":"6cdffc9b-9ec5-491f-bb52-bb3f969ae877-139876742551360","trial_id":14,"param_name":"min_samples_split","param_value_internal":16.0,"distribution":"{\"name\": \"IntDistribution\", \"attributes\": {\"log\": false, \"step\": 1, \"low\": 5, \"high\": 20}}"}
{"op_code":5,"worker_id":"6cdffc9b-9ec5-491f-bb52-bb3f969ae877-139876742551360","trial_id":14,"param_name":"min_samples_leaf","param_value_internal":18.0,"distribution":"{\"name\": \"IntDistribution\", \"attributes\": {\"log\": false, \"step\": 1, \"low\": 5, \"high\": 20}}"}
{"op_code":6,"worker_id":"6cdffc9b-9ec5-491f-bb52-bb3f969ae877-139876742551360","trial_id":14,"state":1,"values":[0.8271028037383178],"datetime_complete":"2026-04-14T08:50:33.025505"}
{"op_code":4,"worker_id":"6cdffc9b-9ec5-491f-bb52-bb3f969ae877-139876742551360","study_id":0,"datetime_start":"2026-04-14T08:50:33.036718"}
{"op_code":5,"worker_id":"6cdffc9b-9ec5-491f-bb52-bb3f969ae877-139876742551360","trial_id":15,"param_name":"n_estimators","param_value_internal":200.0,"distribution":"{\"name\": \"IntDistribution\", \"attributes\": {\"log\": false, \"step\": 1, \"low\": 50, \"high\": 200}}"}
{"op_code":5,"worker_id":"6cdffc9b-9ec5-491f-bb52-bb3f969ae877-139876742551360","trial_id":15,"param_name":"min_samples_split","param_value_internal":12.0,"distribution":"{\"name\": \"IntDistribution\", \"attributes\": {\"log\": false, \"step\": 1, \"low\": 5, \"high\": 20}}"}
{"op_code":5,"worker_id":"6cdffc9b-9ec5-491f-bb52-bb3f969ae877-139876742551360","trial_id":15,"param_name":"min_samples_leaf","param_value_internal":20.0,"distribution":"{\"name\": \"IntDistribution\", \"attributes\": {\"log\": false, \"step\": 1, \"low\": 5, \"high\": 20}}"}
{"op_code":6,"worker_id":"6cdffc9b-9ec5-491f-bb52-bb3f969ae877-139876742551360","trial_id":15,"state":1,"values":[0.8291796469366562],"datetime_complete":"2026-04-14T08:50:33.468378"}
{"op_code":4,"worker_id":"6cdffc9b-9ec5-491f-bb52-bb3f969ae877-139876742551360","study_id":0,"datetime_start":"2026-04-14T08:50:33.480394"}
{"op_code":5,"worker_id":"6cdffc9b-9ec5-491f-bb52-bb3f969ae877-139876742551360","trial_id":16,"param_name":"n_estimators","param_value_internal":173.0,"distribution":"{\"name\": \"IntDistribution\", \"attributes\": {\"log\": false, \"step\": 1, \"low\": 50, \"high\": 200}}"}
{"op_code":5,"worker_id":"6cdffc9b-9ec5-491f-bb52-bb3f969ae877-139876742551360","trial_id":16,"param_name":"min_samples_split","param_value_internal":13.0,"distribution":"{\"name\": \"IntDistribution\", \"attributes\": {\"log\": false, \"step\": 1, \"low\": 5, \"high\": 20}}"}
{"op_code":5,"worker_id":"6cdffc9b-9ec5-491f-bb52-bb3f969ae877-139876742551360","trial_id":16,"param_name":"min_samples_leaf","param_value_internal":15.0,"distribution":"{\"name\": \"IntDistribution\", \"attributes\": {\"log\": false, \"step\": 1, \"low\": 5, \"high\": 20}}"}
{"op_code":6,"worker_id":"6cdffc9b-9ec5-491f-bb52-bb3f969ae877-139876742551360","trial_id":16,"state":1,"values":[0.8265835929387332],"datetime_complete":"2026-04-14T08:50:33.811847"}
{"op_code":4,"worker_id":"6cdffc9b-9ec5-491f-bb52-bb3f969ae877-139876742551360","study_id":0,"datetime_start":"2026-04-14T08:50:33.822203"}
{"op_code":5,"worker_id":"6cdffc9b-9ec5-491f-bb52-bb3f969ae877-139876742551360","trial_id":17,"param_name":"n_estimators","param_value_internal":133.0,"distribution":"{\"name\": \"IntDistribution\", \"attributes\": {\"log\": false, \"step\": 1, \"low\": 50, \"high\": 200}}"}
{"op_code":5,"worker_id":"6cdffc9b-9ec5-491f-bb52-bb3f969ae877-139876742551360","trial_id":17,"param_name":"min_samples_split","param_value_internal":20.0,"distribution":"{\"name\": \"IntDistribution\", \"attributes\": {\"log\": false, \"step\": 1, \"low\": 5, \"high\": 20}}"}
{"op_code":5,"worker_id":"6cdffc9b-9ec5-491f-bb52-bb3f969ae877-139876742551360","trial_id":17,"param_name":"min_samples_leaf","param_value_internal":17.0,"distribution":"{\"name\": \"IntDistribution\", \"attributes\": {\"log\": false, \"step\": 1, \"low\": 5, \"high\": 20}}"}
{"op_code":6,"worker_id":"6cdffc9b-9ec5-491f-bb52-bb3f969ae877-139876742551360","trial_id":17,"state":1,"values":[0.8260643821391485],"datetime_complete":"2026-04-14T08:50:34.036412"}
{"op_code":4,"worker_id":"6cdffc9b-9ec5-491f-bb52-bb3f969ae877-139876742551360","study_id":0,"datetime_start":"2026-04-14T08:50:34.049252"}
{"op_code":5,"worker_id":"6cdffc9b-9ec5-491f-bb52-bb3f969ae877-139876742551360","trial_id":18,"param_name":"n_estimators","param_value_internal":158.0,"distribution":"{\"name\": \"IntDistribution\", \"attributes\": {\"log\": false, \"step\": 1, \"low\": 50, \"high\": 200}}"}
{"op_code":5,"worker_id":"6cdffc9b-9ec5-491f-bb52-bb3f969ae877-139876742551360","trial_id":18,"param_name":"min_samples_split","param_value_internal":5.0,"distribution":"{\"name\": \"IntDistribution\", \"attributes\": {\"log\": false, \"step\": 1, \"low\": 5, \"high\": 20}}"}
{"op_code":5,"worker_id":"6cdffc9b-9ec5-491f-bb52-bb3f969ae877-139876742551360","trial_id":18,"param_name":"min_samples_leaf","param_value_internal":18.0,"distribution":"{\"name\": \"IntDistribution\", \"attributes\": {\"log\": false, \"step\": 1, \"low\": 5, \"high\": 20}}"}
{"op_code":6,"worker_id":"6cdffc9b-9ec5-491f-bb52-bb3f969ae877-139876742551360","trial_id":18,"state":1,"values":[0.8276220145379024],"datetime_complete":"2026-04-14T08:50:34.306574"}
{"op_code":4,"worker_id":"6cdffc9b-9ec5-491f-bb52-bb3f969ae877-139876742551360","study_id":0,"datetime_start":"2026-04-14T08:50:34.325268"}
{"op_code":5,"worker_id":"6cdffc9b-9ec5-491f-bb52-bb3f969ae877-139876742551360","trial_id":19,"param_name":"n_estimators","param_value_internal":176.0,"distribution":"{\"name\": \"IntDistribution\", \"attributes\": {\"log\": false, \"step\": 1, \"low\": 50, \"high\": 200}}"}
{"op_code":5,"worker_id":"6cdffc9b-9ec5-491f-bb52-bb3f969ae877-139876742551360","trial_id":19,"param_name":"min_samples_split","param_value_internal":17.0,"distribution":"{\"name\": \"IntDistribution\", \"attributes\": {\"log\": false, \"step\": 1, \"low\": 5, \"high\": 20}}"}
{"op_code":5,"worker_id":"6cdffc9b-9ec5-491f-bb52-bb3f969ae877-139876742551360","trial_id":19,"param_name":"min_samples_leaf","param_value_internal":19.0,"distribution":"{\"name\": \"IntDistribution\", \"attributes\": {\"log\": false, \"step\": 1, \"low\": 5, \"high\": 20}}"}
{"op_code":6,"worker_id":"6cdffc9b-9ec5-491f-bb52-bb3f969ae877-139876742551360","trial_id":19,"state":1,"values":[0.8255451713395638],"datetime_complete":"2026-04-14T08:50:34.575007"}
