{"op_code":0,"worker_id":"273d5044-802e-4763-aa37-441719303588-140544486217536","study_name":"tabdpt_mtlr","directions":[2]}
{"op_code":4,"worker_id":"273d5044-802e-4763-aa37-441719303588-140544486217536","study_id":0,"datetime_start":"2026-04-01T03:02:09.718287"}
{"op_code":5,"worker_id":"273d5044-802e-4763-aa37-441719303588-140544486217536","trial_id":0,"param_name":"lr","param_value_internal":0.017618410186423974,"distribution":"{\"name\": \"FloatDistribution\", \"attributes\": {\"step\": null, \"low\": 0.0001, \"high\": 0.1, \"log\": true}}"}
{"op_code":5,"worker_id":"273d5044-802e-4763-aa37-441719303588-140544486217536","trial_id":0,"param_name":"dropout","param_value_internal":0.3393457445079746,"distribution":"{\"name\": \"FloatDistribution\", \"attributes\": {\"step\": null, \"low\": 0.0, \"high\": 0.5, \"log\": false}}"}
{"op_code":5,"worker_id":"273d5044-802e-4763-aa37-441719303588-140544486217536","trial_id":0,"param_name":"nodes","param_value_internal":1,"distribution":"{\"name\": \"CategoricalDistribution\", \"attributes\": {\"choices\": [\"64-64\", \"128-64\", \"256-128\"]}}"}
{"op_code":6,"worker_id":"273d5044-802e-4763-aa37-441719303588-140544486217536","trial_id":0,"state":1,"values":[0.6484960839860023],"datetime_complete":"2026-04-01T03:02:23.436807"}
{"op_code":4,"worker_id":"273d5044-802e-4763-aa37-441719303588-140544486217536","study_id":0,"datetime_start":"2026-04-01T03:02:23.450601"}
{"op_code":5,"worker_id":"273d5044-802e-4763-aa37-441719303588-140544486217536","trial_id":1,"param_name":"lr","param_value_internal":0.05710834494618311,"distribution":"{\"name\": \"FloatDistribution\", \"attributes\": {\"step\": null, \"low\": 0.0001, \"high\": 0.1, \"log\": true}}"}
{"op_code":5,"worker_id":"273d5044-802e-4763-aa37-441719303588-140544486217536","trial_id":1,"param_name":"dropout","param_value_internal":0.42143558231225836,"distribution":"{\"name\": \"FloatDistribution\", \"attributes\": {\"step\": null, \"low\": 0.0, \"high\": 0.5, \"log\": false}}"}
{"op_code":5,"worker_id":"273d5044-802e-4763-aa37-441719303588-140544486217536","trial_id":1,"param_name":"nodes","param_value_internal":0,"distribution":"{\"name\": \"CategoricalDistribution\", \"attributes\": {\"choices\": [\"64-64\", \"128-64\", \"256-128\"]}}"}
{"op_code":6,"worker_id":"273d5044-802e-4763-aa37-441719303588-140544486217536","trial_id":1,"state":1,"values":[0.5837777037160473],"datetime_complete":"2026-04-01T03:02:25.254385"}
{"op_code":4,"worker_id":"273d5044-802e-4763-aa37-441719303588-140544486217536","study_id":0,"datetime_start":"2026-04-01T03:02:25.272759"}
{"op_code":5,"worker_id":"273d5044-802e-4763-aa37-441719303588-140544486217536","trial_id":2,"param_name":"lr","param_value_internal":0.0012847410883879231,"distribution":"{\"name\": \"FloatDistribution\", \"attributes\": {\"step\": null, \"low\": 0.0001, \"high\": 0.1, \"log\": true}}"}
{"op_code":5,"worker_id":"273d5044-802e-4763-aa37-441719303588-140544486217536","trial_id":2,"param_name":"dropout","param_value_internal":0.38494826791866155,"distribution":"{\"name\": \"FloatDistribution\", \"attributes\": {\"step\": null, \"low\": 0.0, \"high\": 0.5, \"log\": false}}"}
{"op_code":5,"worker_id":"273d5044-802e-4763-aa37-441719303588-140544486217536","trial_id":2,"param_name":"nodes","param_value_internal":0,"distribution":"{\"name\": \"CategoricalDistribution\", \"attributes\": {\"choices\": [\"64-64\", \"128-64\", \"256-128\"]}}"}
{"op_code":6,"worker_id":"273d5044-802e-4763-aa37-441719303588-140544486217536","trial_id":2,"state":1,"values":[0.6561198133644393],"datetime_complete":"2026-04-01T03:02:26.907108"}
{"op_code":4,"worker_id":"273d5044-802e-4763-aa37-441719303588-140544486217536","study_id":0,"datetime_start":"2026-04-01T03:02:30.823727"}
{"op_code":5,"worker_id":"273d5044-802e-4763-aa37-441719303588-140544486217536","trial_id":3,"param_name":"lr","param_value_internal":0.00013813957427220475,"distribution":"{\"name\": \"FloatDistribution\", \"attributes\": {\"step\": null, \"low\": 0.0001, \"high\": 0.1, \"log\": true}}"}
{"op_code":5,"worker_id":"273d5044-802e-4763-aa37-441719303588-140544486217536","trial_id":3,"param_name":"dropout","param_value_internal":0.16236421093704245,"distribution":"{\"name\": \"FloatDistribution\", \"attributes\": {\"step\": null, \"low\": 0.0, \"high\": 0.5, \"log\": false}}"}
{"op_code":5,"worker_id":"273d5044-802e-4763-aa37-441719303588-140544486217536","trial_id":3,"param_name":"nodes","param_value_internal":2,"distribution":"{\"name\": \"CategoricalDistribution\", \"attributes\": {\"choices\": [\"64-64\", \"128-64\", \"256-128\"]}}"}
{"op_code":6,"worker_id":"273d5044-802e-4763-aa37-441719303588-140544486217536","trial_id":3,"state":1,"values":[0.6515789035160806],"datetime_complete":"2026-04-01T03:02:32.467006"}
{"op_code":4,"worker_id":"273d5044-802e-4763-aa37-441719303588-140544486217536","study_id":0,"datetime_start":"2026-04-01T03:02:32.484649"}
{"op_code":5,"worker_id":"273d5044-802e-4763-aa37-441719303588-140544486217536","trial_id":4,"param_name":"lr","param_value_internal":0.0003605606672669621,"distribution":"{\"name\": \"FloatDistribution\", \"attributes\": {\"step\": null, \"low\": 0.0001, \"high\": 0.1, \"log\": true}}"}
{"op_code":5,"worker_id":"273d5044-802e-4763-aa37-441719303588-140544486217536","trial_id":4,"param_name":"dropout","param_value_internal":0.4314993676521139,"distribution":"{\"name\": \"FloatDistribution\", \"attributes\": {\"step\": null, \"low\": 0.0, \"high\": 0.5, \"log\": false}}"}
{"op_code":5,"worker_id":"273d5044-802e-4763-aa37-441719303588-140544486217536","trial_id":4,"param_name":"nodes","param_value_internal":1,"distribution":"{\"name\": \"CategoricalDistribution\", \"attributes\": {\"choices\": [\"64-64\", \"128-64\", \"256-128\"]}}"}
{"op_code":6,"worker_id":"273d5044-802e-4763-aa37-441719303588-140544486217536","trial_id":4,"state":1,"values":[0.6898016997167139],"datetime_complete":"2026-04-01T03:02:34.130301"}
{"op_code":4,"worker_id":"273d5044-802e-4763-aa37-441719303588-140544486217536","study_id":0,"datetime_start":"2026-04-01T03:02:37.819662"}
{"op_code":5,"worker_id":"273d5044-802e-4763-aa37-441719303588-140544486217536","trial_id":5,"param_name":"lr","param_value_internal":0.004462203235692503,"distribution":"{\"name\": \"FloatDistribution\", \"attributes\": {\"step\": null, \"low\": 0.0001, \"high\": 0.1, \"log\": true}}"}
{"op_code":5,"worker_id":"273d5044-802e-4763-aa37-441719303588-140544486217536","trial_id":5,"param_name":"dropout","param_value_internal":0.3182730507539236,"distribution":"{\"name\": \"FloatDistribution\", \"attributes\": {\"step\": null, \"low\": 0.0, \"high\": 0.5, \"log\": false}}"}
{"op_code":5,"worker_id":"273d5044-802e-4763-aa37-441719303588-140544486217536","trial_id":5,"param_name":"nodes","param_value_internal":0,"distribution":"{\"name\": \"CategoricalDistribution\", \"attributes\": {\"choices\": [\"64-64\", \"128-64\", \"256-128\"]}}"}
{"op_code":6,"worker_id":"273d5044-802e-4763-aa37-441719303588-140544486217536","trial_id":5,"state":1,"values":[0.6268330278286952],"datetime_complete":"2026-04-01T03:02:43.330661"}
{"op_code":4,"worker_id":"273d5044-802e-4763-aa37-441719303588-140544486217536","study_id":0,"datetime_start":"2026-04-01T03:02:46.949724"}
{"op_code":5,"worker_id":"273d5044-802e-4763-aa37-441719303588-140544486217536","trial_id":6,"param_name":"lr","param_value_internal":0.03382240736403939,"distribution":"{\"name\": \"FloatDistribution\", \"attributes\": {\"step\": null, \"low\": 0.0001, \"high\": 0.1, \"log\": true}}"}
{"op_code":5,"worker_id":"273d5044-802e-4763-aa37-441719303588-140544486217536","trial_id":6,"param_name":"dropout","param_value_internal":0.14429739557369015,"distribution":"{\"name\": \"FloatDistribution\", \"attributes\": {\"step\": null, \"low\": 0.0, \"high\": 0.5, \"log\": false}}"}
{"op_code":5,"worker_id":"273d5044-802e-4763-aa37-441719303588-140544486217536","trial_id":6,"param_name":"nodes","param_value_internal":0,"distribution":"{\"name\": \"CategoricalDistribution\", \"attributes\": {\"choices\": [\"64-64\", \"128-64\", \"256-128\"]}}"}
{"op_code":6,"worker_id":"273d5044-802e-4763-aa37-441719303588-140544486217536","trial_id":6,"state":1,"values":[0.6332277953674388],"datetime_complete":"2026-04-01T03:02:48.606892"}
{"op_code":4,"worker_id":"273d5044-802e-4763-aa37-441719303588-140544486217536","study_id":0,"datetime_start":"2026-04-01T03:02:48.625523"}
{"op_code":5,"worker_id":"273d5044-802e-4763-aa37-441719303588-140544486217536","trial_id":7,"param_name":"lr","param_value_internal":0.00044983444334409785,"distribution":"{\"name\": \"FloatDistribution\", \"attributes\": {\"step\": null, \"low\": 0.0001, \"high\": 0.1, \"log\": true}}"}
{"op_code":5,"worker_id":"273d5044-802e-4763-aa37-441719303588-140544486217536","trial_id":7,"param_name":"dropout","param_value_internal":0.2943380489067365,"distribution":"{\"name\": \"FloatDistribution\", \"attributes\": {\"step\": null, \"low\": 0.0, \"high\": 0.5, \"log\": false}}"}
{"op_code":5,"worker_id":"273d5044-802e-4763-aa37-441719303588-140544486217536","trial_id":7,"param_name":"nodes","param_value_internal":0,"distribution":"{\"name\": \"CategoricalDistribution\", \"attributes\": {\"choices\": [\"64-64\", \"128-64\", \"256-128\"]}}"}
{"op_code":6,"worker_id":"273d5044-802e-4763-aa37-441719303588-140544486217536","trial_id":7,"state":1,"values":[0.6602857857023829],"datetime_complete":"2026-04-01T03:02:50.270799"}
{"op_code":4,"worker_id":"273d5044-802e-4763-aa37-441719303588-140544486217536","study_id":0,"datetime_start":"2026-04-01T03:02:53.610302"}
{"op_code":5,"worker_id":"273d5044-802e-4763-aa37-441719303588-140544486217536","trial_id":8,"param_name":"lr","param_value_internal":0.00017171461914213478,"distribution":"{\"name\": \"FloatDistribution\", \"attributes\": {\"step\": null, \"low\": 0.0001, \"high\": 0.1, \"log\": true}}"}
{"op_code":5,"worker_id":"273d5044-802e-4763-aa37-441719303588-140544486217536","trial_id":8,"param_name":"dropout","param_value_internal":0.3411740757973739,"distribution":"{\"name\": \"FloatDistribution\", \"attributes\": {\"step\": null, \"low\": 0.0, \"high\": 0.5, \"log\": false}}"}
{"op_code":5,"worker_id":"273d5044-802e-4763-aa37-441719303588-140544486217536","trial_id":8,"param_name":"nodes","param_value_internal":0,"distribution":"{\"name\": \"CategoricalDistribution\", \"attributes\": {\"choices\": [\"64-64\", \"128-64\", \"256-128\"]}}"}
{"op_code":6,"worker_id":"273d5044-802e-4763-aa37-441719303588-140544486217536","trial_id":8,"state":1,"values":[0.6887185469088485],"datetime_complete":"2026-04-01T03:02:55.263466"}
{"op_code":4,"worker_id":"273d5044-802e-4763-aa37-441719303588-140544486217536","study_id":0,"datetime_start":"2026-04-01T03:02:58.809810"}
{"op_code":5,"worker_id":"273d5044-802e-4763-aa37-441719303588-140544486217536","trial_id":9,"param_name":"lr","param_value_internal":0.00020308268503157773,"distribution":"{\"name\": \"FloatDistribution\", \"attributes\": {\"step\": null, \"low\": 0.0001, \"high\": 0.1, \"log\": true}}"}
{"op_code":5,"worker_id":"273d5044-802e-4763-aa37-441719303588-140544486217536","trial_id":9,"param_name":"dropout","param_value_internal":0.27449476759123154,"distribution":"{\"name\": \"FloatDistribution\", \"attributes\": {\"step\": null, \"low\": 0.0, \"high\": 0.5, \"log\": false}}"}
{"op_code":5,"worker_id":"273d5044-802e-4763-aa37-441719303588-140544486217536","trial_id":9,"param_name":"nodes","param_value_internal":0,"distribution":"{\"name\": \"CategoricalDistribution\", \"attributes\": {\"choices\": [\"64-64\", \"128-64\", \"256-128\"]}}"}
{"op_code":6,"worker_id":"273d5044-802e-4763-aa37-441719303588-140544486217536","trial_id":9,"state":1,"values":[0.6717213797700383],"datetime_complete":"2026-04-01T03:03:00.474894"}
{"op_code":4,"worker_id":"273d5044-802e-4763-aa37-441719303588-140544486217536","study_id":0,"datetime_start":"2026-04-01T03:03:00.488312"}
{"op_code":5,"worker_id":"273d5044-802e-4763-aa37-441719303588-140544486217536","trial_id":10,"param_name":"lr","param_value_internal":0.001693388361239207,"distribution":"{\"name\": \"FloatDistribution\", \"attributes\": {\"step\": null, \"low\": 0.0001, \"high\": 0.1, \"log\": true}}"}
{"op_code":5,"worker_id":"273d5044-802e-4763-aa37-441719303588-140544486217536","trial_id":10,"param_name":"dropout","param_value_internal":0.015833749095930272,"distribution":"{\"name\": \"FloatDistribution\", \"attributes\": {\"step\": null, \"low\": 0.0, \"high\": 0.5, \"log\": false}}"}
{"op_code":5,"worker_id":"273d5044-802e-4763-aa37-441719303588-140544486217536","trial_id":10,"param_name":"nodes","param_value_internal":1,"distribution":"{\"name\": \"CategoricalDistribution\", \"attributes\": {\"choices\": [\"64-64\", \"128-64\", \"256-128\"]}}"}
{"op_code":6,"worker_id":"273d5044-802e-4763-aa37-441719303588-140544486217536","trial_id":10,"state":1,"values":[0.6456215630728211],"datetime_complete":"2026-04-01T03:03:02.128393"}
{"op_code":4,"worker_id":"273d5044-802e-4763-aa37-441719303588-140544486217536","study_id":0,"datetime_start":"2026-04-01T03:03:02.152773"}
{"op_code":5,"worker_id":"273d5044-802e-4763-aa37-441719303588-140544486217536","trial_id":11,"param_name":"lr","param_value_internal":0.0004956553305916088,"distribution":"{\"name\": \"FloatDistribution\", \"attributes\": {\"step\": null, \"low\": 0.0001, \"high\": 0.1, \"log\": true}}"}
{"op_code":5,"worker_id":"273d5044-802e-4763-aa37-441719303588-140544486217536","trial_id":11,"param_name":"dropout","param_value_internal":0.4754138505093187,"distribution":"{\"name\": \"FloatDistribution\", \"attributes\": {\"step\": null, \"low\": 0.0, \"high\": 0.5, \"log\": false}}"}
{"op_code":5,"worker_id":"273d5044-802e-4763-aa37-441719303588-140544486217536","trial_id":11,"param_name":"nodes","param_value_internal":1,"distribution":"{\"name\": \"CategoricalDistribution\", \"attributes\": {\"choices\": [\"64-64\", \"128-64\", \"256-128\"]}}"}
{"op_code":6,"worker_id":"273d5044-802e-4763-aa37-441719303588-140544486217536","trial_id":11,"state":1,"values":[0.6726170638226963],"datetime_complete":"2026-04-01T03:03:03.797108"}
{"op_code":4,"worker_id":"273d5044-802e-4763-aa37-441719303588-140544486217536","study_id":0,"datetime_start":"2026-04-01T03:03:03.814903"}
{"op_code":5,"worker_id":"273d5044-802e-4763-aa37-441719303588-140544486217536","trial_id":12,"param_name":"lr","param_value_internal":0.00011161990836057902,"distribution":"{\"name\": \"FloatDistribution\", \"attributes\": {\"step\": null, \"low\": 0.0001, \"high\": 0.1, \"log\": true}}"}
{"op_code":5,"worker_id":"273d5044-802e-4763-aa37-441719303588-140544486217536","trial_id":12,"param_name":"dropout","param_value_internal":0.49802207412818256,"distribution":"{\"name\": \"FloatDistribution\", \"attributes\": {\"step\": null, \"low\": 0.0, \"high\": 0.5, \"log\": false}}"}
{"op_code":5,"worker_id":"273d5044-802e-4763-aa37-441719303588-140544486217536","trial_id":12,"param_name":"nodes","param_value_internal":2,"distribution":"{\"name\": \"CategoricalDistribution\", \"attributes\": {\"choices\": [\"64-64\", \"128-64\", \"256-128\"]}}"}
{"op_code":6,"worker_id":"273d5044-802e-4763-aa37-441719303588-140544486217536","trial_id":12,"state":1,"values":[0.6854065989001833],"datetime_complete":"2026-04-01T03:03:05.463555"}
{"op_code":4,"worker_id":"273d5044-802e-4763-aa37-441719303588-140544486217536","study_id":0,"datetime_start":"2026-04-01T03:03:05.476547"}
{"op_code":5,"worker_id":"273d5044-802e-4763-aa37-441719303588-140544486217536","trial_id":13,"param_name":"lr","param_value_internal":0.0005232876293829647,"distribution":"{\"name\": \"FloatDistribution\", \"attributes\": {\"step\": null, \"low\": 0.0001, \"high\": 0.1, \"log\": true}}"}
{"op_code":5,"worker_id":"273d5044-802e-4763-aa37-441719303588-140544486217536","trial_id":13,"param_name":"dropout","param_value_internal":0.4002530759763972,"distribution":"{\"name\": \"FloatDistribution\", \"attributes\": {\"step\": null, \"low\": 0.0, \"high\": 0.5, \"log\": false}}"}
{"op_code":5,"worker_id":"273d5044-802e-4763-aa37-441719303588-140544486217536","trial_id":13,"param_name":"nodes","param_value_internal":1,"distribution":"{\"name\": \"CategoricalDistribution\", \"attributes\": {\"choices\": [\"64-64\", \"128-64\", \"256-128\"]}}"}
{"op_code":6,"worker_id":"273d5044-802e-4763-aa37-441719303588-140544486217536","trial_id":13,"state":1,"values":[0.6769288451924679],"datetime_complete":"2026-04-01T03:03:07.117147"}
{"op_code":4,"worker_id":"273d5044-802e-4763-aa37-441719303588-140544486217536","study_id":0,"datetime_start":"2026-04-01T03:03:07.143118"}
{"op_code":5,"worker_id":"273d5044-802e-4763-aa37-441719303588-140544486217536","trial_id":14,"param_name":"lr","param_value_internal":0.004371148988461865,"distribution":"{\"name\": \"FloatDistribution\", \"attributes\": {\"step\": null, \"low\": 0.0001, \"high\": 0.1, \"log\": true}}"}
{"op_code":5,"worker_id":"273d5044-802e-4763-aa37-441719303588-140544486217536","trial_id":14,"param_name":"dropout","param_value_internal":0.18515568317361472,"distribution":"{\"name\": \"FloatDistribution\", \"attributes\": {\"step\": null, \"low\": 0.0, \"high\": 0.5, \"log\": false}}"}
{"op_code":5,"worker_id":"273d5044-802e-4763-aa37-441719303588-140544486217536","trial_id":14,"param_name":"nodes","param_value_internal":1,"distribution":"{\"name\": \"CategoricalDistribution\", \"attributes\": {\"choices\": [\"64-64\", \"128-64\", \"256-128\"]}}"}
{"op_code":6,"worker_id":"273d5044-802e-4763-aa37-441719303588-140544486217536","trial_id":14,"state":1,"values":[0.6540993167805366],"datetime_complete":"2026-04-01T03:03:08.784146"}
{"op_code":4,"worker_id":"273d5044-802e-4763-aa37-441719303588-140544486217536","study_id":0,"datetime_start":"2026-04-01T03:03:08.808352"}
{"op_code":5,"worker_id":"273d5044-802e-4763-aa37-441719303588-140544486217536","trial_id":15,"param_name":"lr","param_value_internal":0.00027773779418641673,"distribution":"{\"name\": \"FloatDistribution\", \"attributes\": {\"step\": null, \"low\": 0.0001, \"high\": 0.1, \"log\": true}}"}
{"op_code":5,"worker_id":"273d5044-802e-4763-aa37-441719303588-140544486217536","trial_id":15,"param_name":"dropout","param_value_internal":0.2260255852866034,"distribution":"{\"name\": \"FloatDistribution\", \"attributes\": {\"step\": null, \"low\": 0.0, \"high\": 0.5, \"log\": false}}"}
{"op_code":5,"worker_id":"273d5044-802e-4763-aa37-441719303588-140544486217536","trial_id":15,"param_name":"nodes","param_value_internal":2,"distribution":"{\"name\": \"CategoricalDistribution\", \"attributes\": {\"choices\": [\"64-64\", \"128-64\", \"256-128\"]}}"}
{"op_code":6,"worker_id":"273d5044-802e-4763-aa37-441719303588-140544486217536","trial_id":15,"state":1,"values":[0.6464339276787202],"datetime_complete":"2026-04-01T03:03:10.461034"}
{"op_code":4,"worker_id":"273d5044-802e-4763-aa37-441719303588-140544486217536","study_id":0,"datetime_start":"2026-04-01T03:03:10.480504"}
{"op_code":5,"worker_id":"273d5044-802e-4763-aa37-441719303588-140544486217536","trial_id":16,"param_name":"lr","param_value_internal":0.0010872292977602506,"distribution":"{\"name\": \"FloatDistribution\", \"attributes\": {\"step\": null, \"low\": 0.0001, \"high\": 0.1, \"log\": true}}"}
{"op_code":5,"worker_id":"273d5044-802e-4763-aa37-441719303588-140544486217536","trial_id":16,"param_name":"dropout","param_value_internal":0.43492676650768153,"distribution":"{\"name\": \"FloatDistribution\", \"attributes\": {\"step\": null, \"low\": 0.0, \"high\": 0.5, \"log\": false}}"}
{"op_code":5,"worker_id":"273d5044-802e-4763-aa37-441719303588-140544486217536","trial_id":16,"param_name":"nodes","param_value_internal":1,"distribution":"{\"name\": \"CategoricalDistribution\", \"attributes\": {\"choices\": [\"64-64\", \"128-64\", \"256-128\"]}}"}
{"op_code":6,"worker_id":"273d5044-802e-4763-aa37-441719303588-140544486217536","trial_id":16,"state":1,"values":[0.6673471088151974],"datetime_complete":"2026-04-01T03:03:12.120735"}
{"op_code":4,"worker_id":"273d5044-802e-4763-aa37-441719303588-140544486217536","study_id":0,"datetime_start":"2026-04-01T03:03:12.144628"}
{"op_code":5,"worker_id":"273d5044-802e-4763-aa37-441719303588-140544486217536","trial_id":17,"param_name":"lr","param_value_internal":0.00010249152545187231,"distribution":"{\"name\": \"FloatDistribution\", \"attributes\": {\"step\": null, \"low\": 0.0001, \"high\": 0.1, \"log\": true}}"}
{"op_code":5,"worker_id":"273d5044-802e-4763-aa37-441719303588-140544486217536","trial_id":17,"param_name":"dropout","param_value_internal":0.35071914115514735,"distribution":"{\"name\": \"FloatDistribution\", \"attributes\": {\"step\": null, \"low\": 0.0, \"high\": 0.5, \"log\": false}}"}
{"op_code":5,"worker_id":"273d5044-802e-4763-aa37-441719303588-140544486217536","trial_id":17,"param_name":"nodes","param_value_internal":0,"distribution":"{\"name\": \"CategoricalDistribution\", \"attributes\": {\"choices\": [\"64-64\", \"128-64\", \"256-128\"]}}"}
{"op_code":6,"worker_id":"273d5044-802e-4763-aa37-441719303588-140544486217536","trial_id":17,"state":1,"values":[0.6822821196467256],"datetime_complete":"2026-04-01T03:03:13.777897"}
{"op_code":4,"worker_id":"273d5044-802e-4763-aa37-441719303588-140544486217536","study_id":0,"datetime_start":"2026-04-01T03:03:13.801655"}
{"op_code":5,"worker_id":"273d5044-802e-4763-aa37-441719303588-140544486217536","trial_id":18,"param_name":"lr","param_value_internal":0.008233574841203545,"distribution":"{\"name\": \"FloatDistribution\", \"attributes\": {\"step\": null, \"low\": 0.0001, \"high\": 0.1, \"log\": true}}"}
{"op_code":5,"worker_id":"273d5044-802e-4763-aa37-441719303588-140544486217536","trial_id":18,"param_name":"dropout","param_value_internal":0.4591416848750314,"distribution":"{\"name\": \"FloatDistribution\", \"attributes\": {\"step\": null, \"low\": 0.0, \"high\": 0.5, \"log\": false}}"}
{"op_code":5,"worker_id":"273d5044-802e-4763-aa37-441719303588-140544486217536","trial_id":18,"param_name":"nodes","param_value_internal":1,"distribution":"{\"name\": \"CategoricalDistribution\", \"attributes\": {\"choices\": [\"64-64\", \"128-64\", \"256-128\"]}}"}
{"op_code":6,"worker_id":"273d5044-802e-4763-aa37-441719303588-140544486217536","trial_id":18,"state":1,"values":[0.647850358273621],"datetime_complete":"2026-04-01T03:03:15.444814"}
{"op_code":4,"worker_id":"273d5044-802e-4763-aa37-441719303588-140544486217536","study_id":0,"datetime_start":"2026-04-01T03:03:15.469023"}
{"op_code":5,"worker_id":"273d5044-802e-4763-aa37-441719303588-140544486217536","trial_id":19,"param_name":"lr","param_value_internal":0.0006561629966301981,"distribution":"{\"name\": \"FloatDistribution\", \"attributes\": {\"step\": null, \"low\": 0.0001, \"high\": 0.1, \"log\": true}}"}
{"op_code":5,"worker_id":"273d5044-802e-4763-aa37-441719303588-140544486217536","trial_id":19,"param_name":"dropout","param_value_internal":0.23160469013964924,"distribution":"{\"name\": \"FloatDistribution\", \"attributes\": {\"step\": null, \"low\": 0.0, \"high\": 0.5, \"log\": false}}"}
{"op_code":5,"worker_id":"273d5044-802e-4763-aa37-441719303588-140544486217536","trial_id":19,"param_name":"nodes","param_value_internal":2,"distribution":"{\"name\": \"CategoricalDistribution\", \"attributes\": {\"choices\": [\"64-64\", \"128-64\", \"256-128\"]}}"}
{"op_code":6,"worker_id":"273d5044-802e-4763-aa37-441719303588-140544486217536","trial_id":19,"state":1,"values":[0.6215839026828862],"datetime_complete":"2026-04-01T03:03:17.118551"}
