{"op_code":0,"worker_id":"183a8907-f6f4-4324-a55b-492d37e476db-139906009941824","study_name":"rsf_tuning","directions":[2]}
{"op_code":4,"worker_id":"183a8907-f6f4-4324-a55b-492d37e476db-139906009941824","study_id":0,"datetime_start":"2026-04-05T23:02:59.159854"}
{"op_code":5,"worker_id":"183a8907-f6f4-4324-a55b-492d37e476db-139906009941824","trial_id":0,"param_name":"n_estimators","param_value_internal":145.0,"distribution":"{\"name\": \"IntDistribution\", \"attributes\": {\"log\": false, \"step\": 1, \"low\": 50, \"high\": 200}}"}
{"op_code":5,"worker_id":"183a8907-f6f4-4324-a55b-492d37e476db-139906009941824","trial_id":0,"param_name":"min_samples_split","param_value_internal":18.0,"distribution":"{\"name\": \"IntDistribution\", \"attributes\": {\"log\": false, \"step\": 1, \"low\": 5, \"high\": 20}}"}
{"op_code":5,"worker_id":"183a8907-f6f4-4324-a55b-492d37e476db-139906009941824","trial_id":0,"param_name":"min_samples_leaf","param_value_internal":7.0,"distribution":"{\"name\": \"IntDistribution\", \"attributes\": {\"log\": false, \"step\": 1, \"low\": 5, \"high\": 20}}"}
{"op_code":6,"worker_id":"183a8907-f6f4-4324-a55b-492d37e476db-139906009941824","trial_id":0,"state":1,"values":[0.4074074074074074],"datetime_complete":"2026-04-05T23:02:59.328022"}
{"op_code":4,"worker_id":"183a8907-f6f4-4324-a55b-492d37e476db-139906009941824","study_id":0,"datetime_start":"2026-04-05T23:02:59.342468"}
{"op_code":5,"worker_id":"183a8907-f6f4-4324-a55b-492d37e476db-139906009941824","trial_id":1,"param_name":"n_estimators","param_value_internal":167.0,"distribution":"{\"name\": \"IntDistribution\", \"attributes\": {\"log\": false, \"step\": 1, \"low\": 50, \"high\": 200}}"}
{"op_code":5,"worker_id":"183a8907-f6f4-4324-a55b-492d37e476db-139906009941824","trial_id":1,"param_name":"min_samples_split","param_value_internal":16.0,"distribution":"{\"name\": \"IntDistribution\", \"attributes\": {\"log\": false, \"step\": 1, \"low\": 5, \"high\": 20}}"}
{"op_code":5,"worker_id":"183a8907-f6f4-4324-a55b-492d37e476db-139906009941824","trial_id":1,"param_name":"min_samples_leaf","param_value_internal":19.0,"distribution":"{\"name\": \"IntDistribution\", \"attributes\": {\"log\": false, \"step\": 1, \"low\": 5, \"high\": 20}}"}
{"op_code":6,"worker_id":"183a8907-f6f4-4324-a55b-492d37e476db-139906009941824","trial_id":1,"state":1,"values":[0.3425925925925926],"datetime_complete":"2026-04-05T23:02:59.539542"}
{"op_code":4,"worker_id":"183a8907-f6f4-4324-a55b-492d37e476db-139906009941824","study_id":0,"datetime_start":"2026-04-05T23:02:59.553834"}
{"op_code":5,"worker_id":"183a8907-f6f4-4324-a55b-492d37e476db-139906009941824","trial_id":2,"param_name":"n_estimators","param_value_internal":76.0,"distribution":"{\"name\": \"IntDistribution\", \"attributes\": {\"log\": false, \"step\": 1, \"low\": 50, \"high\": 200}}"}
{"op_code":5,"worker_id":"183a8907-f6f4-4324-a55b-492d37e476db-139906009941824","trial_id":2,"param_name":"min_samples_split","param_value_internal":20.0,"distribution":"{\"name\": \"IntDistribution\", \"attributes\": {\"log\": false, \"step\": 1, \"low\": 5, \"high\": 20}}"}
{"op_code":5,"worker_id":"183a8907-f6f4-4324-a55b-492d37e476db-139906009941824","trial_id":2,"param_name":"min_samples_leaf","param_value_internal":18.0,"distribution":"{\"name\": \"IntDistribution\", \"attributes\": {\"log\": false, \"step\": 1, \"low\": 5, \"high\": 20}}"}
{"op_code":6,"worker_id":"183a8907-f6f4-4324-a55b-492d37e476db-139906009941824","trial_id":2,"state":1,"values":[0.3425925925925926],"datetime_complete":"2026-04-05T23:02:59.677792"}
{"op_code":4,"worker_id":"183a8907-f6f4-4324-a55b-492d37e476db-139906009941824","study_id":0,"datetime_start":"2026-04-05T23:02:59.695231"}
{"op_code":5,"worker_id":"183a8907-f6f4-4324-a55b-492d37e476db-139906009941824","trial_id":3,"param_name":"n_estimators","param_value_internal":139.0,"distribution":"{\"name\": \"IntDistribution\", \"attributes\": {\"log\": false, \"step\": 1, \"low\": 50, \"high\": 200}}"}
{"op_code":5,"worker_id":"183a8907-f6f4-4324-a55b-492d37e476db-139906009941824","trial_id":3,"param_name":"min_samples_split","param_value_internal":18.0,"distribution":"{\"name\": \"IntDistribution\", \"attributes\": {\"log\": false, \"step\": 1, \"low\": 5, \"high\": 20}}"}
{"op_code":5,"worker_id":"183a8907-f6f4-4324-a55b-492d37e476db-139906009941824","trial_id":3,"param_name":"min_samples_leaf","param_value_internal":7.0,"distribution":"{\"name\": \"IntDistribution\", \"attributes\": {\"log\": false, \"step\": 1, \"low\": 5, \"high\": 20}}"}
{"op_code":6,"worker_id":"183a8907-f6f4-4324-a55b-492d37e476db-139906009941824","trial_id":3,"state":1,"values":[0.4074074074074074],"datetime_complete":"2026-04-05T23:02:59.865794"}
{"op_code":4,"worker_id":"183a8907-f6f4-4324-a55b-492d37e476db-139906009941824","study_id":0,"datetime_start":"2026-04-05T23:02:59.882829"}
{"op_code":5,"worker_id":"183a8907-f6f4-4324-a55b-492d37e476db-139906009941824","trial_id":4,"param_name":"n_estimators","param_value_internal":132.0,"distribution":"{\"name\": \"IntDistribution\", \"attributes\": {\"log\": false, \"step\": 1, \"low\": 50, \"high\": 200}}"}
{"op_code":5,"worker_id":"183a8907-f6f4-4324-a55b-492d37e476db-139906009941824","trial_id":4,"param_name":"min_samples_split","param_value_internal":6.0,"distribution":"{\"name\": \"IntDistribution\", \"attributes\": {\"log\": false, \"step\": 1, \"low\": 5, \"high\": 20}}"}
{"op_code":5,"worker_id":"183a8907-f6f4-4324-a55b-492d37e476db-139906009941824","trial_id":4,"param_name":"min_samples_leaf","param_value_internal":13.0,"distribution":"{\"name\": \"IntDistribution\", \"attributes\": {\"log\": false, \"step\": 1, \"low\": 5, \"high\": 20}}"}
{"op_code":6,"worker_id":"183a8907-f6f4-4324-a55b-492d37e476db-139906009941824","trial_id":4,"state":1,"values":[0.3611111111111111],"datetime_complete":"2026-04-05T23:03:00.043388"}
{"op_code":4,"worker_id":"183a8907-f6f4-4324-a55b-492d37e476db-139906009941824","study_id":0,"datetime_start":"2026-04-05T23:03:00.060180"}
{"op_code":5,"worker_id":"183a8907-f6f4-4324-a55b-492d37e476db-139906009941824","trial_id":5,"param_name":"n_estimators","param_value_internal":73.0,"distribution":"{\"name\": \"IntDistribution\", \"attributes\": {\"log\": false, \"step\": 1, \"low\": 50, \"high\": 200}}"}
{"op_code":5,"worker_id":"183a8907-f6f4-4324-a55b-492d37e476db-139906009941824","trial_id":5,"param_name":"min_samples_split","param_value_internal":18.0,"distribution":"{\"name\": \"IntDistribution\", \"attributes\": {\"log\": false, \"step\": 1, \"low\": 5, \"high\": 20}}"}
{"op_code":5,"worker_id":"183a8907-f6f4-4324-a55b-492d37e476db-139906009941824","trial_id":5,"param_name":"min_samples_leaf","param_value_internal":15.0,"distribution":"{\"name\": \"IntDistribution\", \"attributes\": {\"log\": false, \"step\": 1, \"low\": 5, \"high\": 20}}"}
{"op_code":6,"worker_id":"183a8907-f6f4-4324-a55b-492d37e476db-139906009941824","trial_id":5,"state":1,"values":[0.3611111111111111],"datetime_complete":"2026-04-05T23:03:00.181451"}
{"op_code":4,"worker_id":"183a8907-f6f4-4324-a55b-492d37e476db-139906009941824","study_id":0,"datetime_start":"2026-04-05T23:03:00.199018"}
{"op_code":5,"worker_id":"183a8907-f6f4-4324-a55b-492d37e476db-139906009941824","trial_id":6,"param_name":"n_estimators","param_value_internal":176.0,"distribution":"{\"name\": \"IntDistribution\", \"attributes\": {\"log\": false, \"step\": 1, \"low\": 50, \"high\": 200}}"}
{"op_code":5,"worker_id":"183a8907-f6f4-4324-a55b-492d37e476db-139906009941824","trial_id":6,"param_name":"min_samples_split","param_value_internal":18.0,"distribution":"{\"name\": \"IntDistribution\", \"attributes\": {\"log\": false, \"step\": 1, \"low\": 5, \"high\": 20}}"}
{"op_code":5,"worker_id":"183a8907-f6f4-4324-a55b-492d37e476db-139906009941824","trial_id":6,"param_name":"min_samples_leaf","param_value_internal":17.0,"distribution":"{\"name\": \"IntDistribution\", \"attributes\": {\"log\": false, \"step\": 1, \"low\": 5, \"high\": 20}}"}
{"op_code":6,"worker_id":"183a8907-f6f4-4324-a55b-492d37e476db-139906009941824","trial_id":6,"state":1,"values":[0.3611111111111111],"datetime_complete":"2026-04-05T23:03:00.398988"}
{"op_code":4,"worker_id":"183a8907-f6f4-4324-a55b-492d37e476db-139906009941824","study_id":0,"datetime_start":"2026-04-05T23:03:00.412804"}
{"op_code":5,"worker_id":"183a8907-f6f4-4324-a55b-492d37e476db-139906009941824","trial_id":7,"param_name":"n_estimators","param_value_internal":177.0,"distribution":"{\"name\": \"IntDistribution\", \"attributes\": {\"log\": false, \"step\": 1, \"low\": 50, \"high\": 200}}"}
{"op_code":5,"worker_id":"183a8907-f6f4-4324-a55b-492d37e476db-139906009941824","trial_id":7,"param_name":"min_samples_split","param_value_internal":7.0,"distribution":"{\"name\": \"IntDistribution\", \"attributes\": {\"log\": false, \"step\": 1, \"low\": 5, \"high\": 20}}"}
{"op_code":5,"worker_id":"183a8907-f6f4-4324-a55b-492d37e476db-139906009941824","trial_id":7,"param_name":"min_samples_leaf","param_value_internal":14.0,"distribution":"{\"name\": \"IntDistribution\", \"attributes\": {\"log\": false, \"step\": 1, \"low\": 5, \"high\": 20}}"}
{"op_code":6,"worker_id":"183a8907-f6f4-4324-a55b-492d37e476db-139906009941824","trial_id":7,"state":1,"values":[0.3425925925925926],"datetime_complete":"2026-04-05T23:03:00.631870"}
{"op_code":4,"worker_id":"183a8907-f6f4-4324-a55b-492d37e476db-139906009941824","study_id":0,"datetime_start":"2026-04-05T23:03:00.651801"}
{"op_code":5,"worker_id":"183a8907-f6f4-4324-a55b-492d37e476db-139906009941824","trial_id":8,"param_name":"n_estimators","param_value_internal":197.0,"distribution":"{\"name\": \"IntDistribution\", \"attributes\": {\"log\": false, \"step\": 1, \"low\": 50, \"high\": 200}}"}
{"op_code":5,"worker_id":"183a8907-f6f4-4324-a55b-492d37e476db-139906009941824","trial_id":8,"param_name":"min_samples_split","param_value_internal":18.0,"distribution":"{\"name\": \"IntDistribution\", \"attributes\": {\"log\": false, \"step\": 1, \"low\": 5, \"high\": 20}}"}
{"op_code":5,"worker_id":"183a8907-f6f4-4324-a55b-492d37e476db-139906009941824","trial_id":8,"param_name":"min_samples_leaf","param_value_internal":18.0,"distribution":"{\"name\": \"IntDistribution\", \"attributes\": {\"log\": false, \"step\": 1, \"low\": 5, \"high\": 20}}"}
{"op_code":6,"worker_id":"183a8907-f6f4-4324-a55b-492d37e476db-139906009941824","trial_id":8,"state":1,"values":[0.3425925925925926],"datetime_complete":"2026-04-05T23:03:00.862877"}
{"op_code":4,"worker_id":"183a8907-f6f4-4324-a55b-492d37e476db-139906009941824","study_id":0,"datetime_start":"2026-04-05T23:03:00.877110"}
{"op_code":5,"worker_id":"183a8907-f6f4-4324-a55b-492d37e476db-139906009941824","trial_id":9,"param_name":"n_estimators","param_value_internal":196.0,"distribution":"{\"name\": \"IntDistribution\", \"attributes\": {\"log\": false, \"step\": 1, \"low\": 50, \"high\": 200}}"}
{"op_code":5,"worker_id":"183a8907-f6f4-4324-a55b-492d37e476db-139906009941824","trial_id":9,"param_name":"min_samples_split","param_value_internal":19.0,"distribution":"{\"name\": \"IntDistribution\", \"attributes\": {\"log\": false, \"step\": 1, \"low\": 5, \"high\": 20}}"}
{"op_code":5,"worker_id":"183a8907-f6f4-4324-a55b-492d37e476db-139906009941824","trial_id":9,"param_name":"min_samples_leaf","param_value_internal":15.0,"distribution":"{\"name\": \"IntDistribution\", \"attributes\": {\"log\": false, \"step\": 1, \"low\": 5, \"high\": 20}}"}
{"op_code":6,"worker_id":"183a8907-f6f4-4324-a55b-492d37e476db-139906009941824","trial_id":9,"state":1,"values":[0.3333333333333333],"datetime_complete":"2026-04-05T23:03:01.089295"}
{"op_code":4,"worker_id":"183a8907-f6f4-4324-a55b-492d37e476db-139906009941824","study_id":0,"datetime_start":"2026-04-05T23:03:01.103676"}
{"op_code":5,"worker_id":"183a8907-f6f4-4324-a55b-492d37e476db-139906009941824","trial_id":10,"param_name":"n_estimators","param_value_internal":107.0,"distribution":"{\"name\": \"IntDistribution\", \"attributes\": {\"log\": false, \"step\": 1, \"low\": 50, \"high\": 200}}"}
{"op_code":5,"worker_id":"183a8907-f6f4-4324-a55b-492d37e476db-139906009941824","trial_id":10,"param_name":"min_samples_split","param_value_internal":12.0,"distribution":"{\"name\": \"IntDistribution\", \"attributes\": {\"log\": false, \"step\": 1, \"low\": 5, \"high\": 20}}"}
{"op_code":5,"worker_id":"183a8907-f6f4-4324-a55b-492d37e476db-139906009941824","trial_id":10,"param_name":"min_samples_leaf","param_value_internal":5.0,"distribution":"{\"name\": \"IntDistribution\", \"attributes\": {\"log\": false, \"step\": 1, \"low\": 5, \"high\": 20}}"}
{"op_code":6,"worker_id":"183a8907-f6f4-4324-a55b-492d37e476db-139906009941824","trial_id":10,"state":1,"values":[0.3888888888888889],"datetime_complete":"2026-04-05T23:03:01.261522"}
{"op_code":4,"worker_id":"183a8907-f6f4-4324-a55b-492d37e476db-139906009941824","study_id":0,"datetime_start":"2026-04-05T23:03:01.278208"}
{"op_code":5,"worker_id":"183a8907-f6f4-4324-a55b-492d37e476db-139906009941824","trial_id":11,"param_name":"n_estimators","param_value_internal":133.0,"distribution":"{\"name\": \"IntDistribution\", \"attributes\": {\"log\": false, \"step\": 1, \"low\": 50, \"high\": 200}}"}
{"op_code":5,"worker_id":"183a8907-f6f4-4324-a55b-492d37e476db-139906009941824","trial_id":11,"param_name":"min_samples_split","param_value_internal":13.0,"distribution":"{\"name\": \"IntDistribution\", \"attributes\": {\"log\": false, \"step\": 1, \"low\": 5, \"high\": 20}}"}
{"op_code":5,"worker_id":"183a8907-f6f4-4324-a55b-492d37e476db-139906009941824","trial_id":11,"param_name":"min_samples_leaf","param_value_internal":7.0,"distribution":"{\"name\": \"IntDistribution\", \"attributes\": {\"log\": false, \"step\": 1, \"low\": 5, \"high\": 20}}"}
{"op_code":6,"worker_id":"183a8907-f6f4-4324-a55b-492d37e476db-139906009941824","trial_id":11,"state":1,"values":[0.37037037037037035],"datetime_complete":"2026-04-05T23:03:01.444179"}
{"op_code":4,"worker_id":"183a8907-f6f4-4324-a55b-492d37e476db-139906009941824","study_id":0,"datetime_start":"2026-04-05T23:03:01.457927"}
{"op_code":5,"worker_id":"183a8907-f6f4-4324-a55b-492d37e476db-139906009941824","trial_id":12,"param_name":"n_estimators","param_value_internal":107.0,"distribution":"{\"name\": \"IntDistribution\", \"attributes\": {\"log\": false, \"step\": 1, \"low\": 50, \"high\": 200}}"}
{"op_code":5,"worker_id":"183a8907-f6f4-4324-a55b-492d37e476db-139906009941824","trial_id":12,"param_name":"min_samples_split","param_value_internal":14.0,"distribution":"{\"name\": \"IntDistribution\", \"attributes\": {\"log\": false, \"step\": 1, \"low\": 5, \"high\": 20}}"}
{"op_code":5,"worker_id":"183a8907-f6f4-4324-a55b-492d37e476db-139906009941824","trial_id":12,"param_name":"min_samples_leaf","param_value_internal":9.0,"distribution":"{\"name\": \"IntDistribution\", \"attributes\": {\"log\": false, \"step\": 1, \"low\": 5, \"high\": 20}}"}
{"op_code":6,"worker_id":"183a8907-f6f4-4324-a55b-492d37e476db-139906009941824","trial_id":12,"state":1,"values":[0.37962962962962965],"datetime_complete":"2026-04-05T23:03:01.615660"}
{"op_code":4,"worker_id":"183a8907-f6f4-4324-a55b-492d37e476db-139906009941824","study_id":0,"datetime_start":"2026-04-05T23:03:01.629409"}
{"op_code":5,"worker_id":"183a8907-f6f4-4324-a55b-492d37e476db-139906009941824","trial_id":13,"param_name":"n_estimators","param_value_internal":152.0,"distribution":"{\"name\": \"IntDistribution\", \"attributes\": {\"log\": false, \"step\": 1, \"low\": 50, \"high\": 200}}"}
{"op_code":5,"worker_id":"183a8907-f6f4-4324-a55b-492d37e476db-139906009941824","trial_id":13,"param_name":"min_samples_split","param_value_internal":15.0,"distribution":"{\"name\": \"IntDistribution\", \"attributes\": {\"log\": false, \"step\": 1, \"low\": 5, \"high\": 20}}"}
{"op_code":5,"worker_id":"183a8907-f6f4-4324-a55b-492d37e476db-139906009941824","trial_id":13,"param_name":"min_samples_leaf","param_value_internal":10.0,"distribution":"{\"name\": \"IntDistribution\", \"attributes\": {\"log\": false, \"step\": 1, \"low\": 5, \"high\": 20}}"}
{"op_code":6,"worker_id":"183a8907-f6f4-4324-a55b-492d37e476db-139906009941824","trial_id":13,"state":1,"values":[0.37037037037037035],"datetime_complete":"2026-04-05T23:03:01.817380"}
{"op_code":4,"worker_id":"183a8907-f6f4-4324-a55b-492d37e476db-139906009941824","study_id":0,"datetime_start":"2026-04-05T23:03:01.831197"}
{"op_code":5,"worker_id":"183a8907-f6f4-4324-a55b-492d37e476db-139906009941824","trial_id":14,"param_name":"n_estimators","param_value_internal":148.0,"distribution":"{\"name\": \"IntDistribution\", \"attributes\": {\"log\": false, \"step\": 1, \"low\": 50, \"high\": 200}}"}
{"op_code":5,"worker_id":"183a8907-f6f4-4324-a55b-492d37e476db-139906009941824","trial_id":14,"param_name":"min_samples_split","param_value_internal":10.0,"distribution":"{\"name\": \"IntDistribution\", \"attributes\": {\"log\": false, \"step\": 1, \"low\": 5, \"high\": 20}}"}
{"op_code":5,"worker_id":"183a8907-f6f4-4324-a55b-492d37e476db-139906009941824","trial_id":14,"param_name":"min_samples_leaf","param_value_internal":10.0,"distribution":"{\"name\": \"IntDistribution\", \"attributes\": {\"log\": false, \"step\": 1, \"low\": 5, \"high\": 20}}"}
{"op_code":6,"worker_id":"183a8907-f6f4-4324-a55b-492d37e476db-139906009941824","trial_id":14,"state":1,"values":[0.37037037037037035],"datetime_complete":"2026-04-05T23:03:02.018439"}
{"op_code":4,"worker_id":"183a8907-f6f4-4324-a55b-492d37e476db-139906009941824","study_id":0,"datetime_start":"2026-04-05T23:03:02.031766"}
{"op_code":5,"worker_id":"183a8907-f6f4-4324-a55b-492d37e476db-139906009941824","trial_id":15,"param_name":"n_estimators","param_value_internal":104.0,"distribution":"{\"name\": \"IntDistribution\", \"attributes\": {\"log\": false, \"step\": 1, \"low\": 50, \"high\": 200}}"}
{"op_code":5,"worker_id":"183a8907-f6f4-4324-a55b-492d37e476db-139906009941824","trial_id":15,"param_name":"min_samples_split","param_value_internal":16.0,"distribution":"{\"name\": \"IntDistribution\", \"attributes\": {\"log\": false, \"step\": 1, \"low\": 5, \"high\": 20}}"}
{"op_code":5,"worker_id":"183a8907-f6f4-4324-a55b-492d37e476db-139906009941824","trial_id":15,"param_name":"min_samples_leaf","param_value_internal":5.0,"distribution":"{\"name\": \"IntDistribution\", \"attributes\": {\"log\": false, \"step\": 1, \"low\": 5, \"high\": 20}}"}
{"op_code":6,"worker_id":"183a8907-f6f4-4324-a55b-492d37e476db-139906009941824","trial_id":15,"state":1,"values":[0.39814814814814814],"datetime_complete":"2026-04-05T23:03:02.184888"}
{"op_code":4,"worker_id":"183a8907-f6f4-4324-a55b-492d37e476db-139906009941824","study_id":0,"datetime_start":"2026-04-05T23:03:02.198185"}
{"op_code":5,"worker_id":"183a8907-f6f4-4324-a55b-492d37e476db-139906009941824","trial_id":16,"param_name":"n_estimators","param_value_internal":152.0,"distribution":"{\"name\": \"IntDistribution\", \"attributes\": {\"log\": false, \"step\": 1, \"low\": 50, \"high\": 200}}"}
{"op_code":5,"worker_id":"183a8907-f6f4-4324-a55b-492d37e476db-139906009941824","trial_id":16,"param_name":"min_samples_split","param_value_internal":11.0,"distribution":"{\"name\": \"IntDistribution\", \"attributes\": {\"log\": false, \"step\": 1, \"low\": 5, \"high\": 20}}"}
{"op_code":5,"worker_id":"183a8907-f6f4-4324-a55b-492d37e476db-139906009941824","trial_id":16,"param_name":"min_samples_leaf","param_value_internal":8.0,"distribution":"{\"name\": \"IntDistribution\", \"attributes\": {\"log\": false, \"step\": 1, \"low\": 5, \"high\": 20}}"}
{"op_code":6,"worker_id":"183a8907-f6f4-4324-a55b-492d37e476db-139906009941824","trial_id":16,"state":1,"values":[0.3888888888888889],"datetime_complete":"2026-04-05T23:03:02.410774"}
{"op_code":4,"worker_id":"183a8907-f6f4-4324-a55b-492d37e476db-139906009941824","study_id":0,"datetime_start":"2026-04-05T23:03:02.423643"}
{"op_code":5,"worker_id":"183a8907-f6f4-4324-a55b-492d37e476db-139906009941824","trial_id":17,"param_name":"n_estimators","param_value_internal":124.0,"distribution":"{\"name\": \"IntDistribution\", \"attributes\": {\"log\": false, \"step\": 1, \"low\": 50, \"high\": 200}}"}
{"op_code":5,"worker_id":"183a8907-f6f4-4324-a55b-492d37e476db-139906009941824","trial_id":17,"param_name":"min_samples_split","param_value_internal":9.0,"distribution":"{\"name\": \"IntDistribution\", \"attributes\": {\"log\": false, \"step\": 1, \"low\": 5, \"high\": 20}}"}
{"op_code":5,"worker_id":"183a8907-f6f4-4324-a55b-492d37e476db-139906009941824","trial_id":17,"param_name":"min_samples_leaf","param_value_internal":11.0,"distribution":"{\"name\": \"IntDistribution\", \"attributes\": {\"log\": false, \"step\": 1, \"low\": 5, \"high\": 20}}"}
{"op_code":6,"worker_id":"183a8907-f6f4-4324-a55b-492d37e476db-139906009941824","trial_id":17,"state":1,"values":[0.3888888888888889],"datetime_complete":"2026-04-05T23:03:02.568231"}
{"op_code":4,"worker_id":"183a8907-f6f4-4324-a55b-492d37e476db-139906009941824","study_id":0,"datetime_start":"2026-04-05T23:03:02.579259"}
{"op_code":5,"worker_id":"183a8907-f6f4-4324-a55b-492d37e476db-139906009941824","trial_id":18,"param_name":"n_estimators","param_value_internal":85.0,"distribution":"{\"name\": \"IntDistribution\", \"attributes\": {\"log\": false, \"step\": 1, \"low\": 50, \"high\": 200}}"}
{"op_code":5,"worker_id":"183a8907-f6f4-4324-a55b-492d37e476db-139906009941824","trial_id":18,"param_name":"min_samples_split","param_value_internal":20.0,"distribution":"{\"name\": \"IntDistribution\", \"attributes\": {\"log\": false, \"step\": 1, \"low\": 5, \"high\": 20}}"}
{"op_code":5,"worker_id":"183a8907-f6f4-4324-a55b-492d37e476db-139906009941824","trial_id":18,"param_name":"min_samples_leaf","param_value_internal":7.0,"distribution":"{\"name\": \"IntDistribution\", \"attributes\": {\"log\": false, \"step\": 1, \"low\": 5, \"high\": 20}}"}
{"op_code":6,"worker_id":"183a8907-f6f4-4324-a55b-492d37e476db-139906009941824","trial_id":18,"state":1,"values":[0.39814814814814814],"datetime_complete":"2026-04-05T23:03:02.708430"}
{"op_code":4,"worker_id":"183a8907-f6f4-4324-a55b-492d37e476db-139906009941824","study_id":0,"datetime_start":"2026-04-05T23:03:02.719038"}
{"op_code":5,"worker_id":"183a8907-f6f4-4324-a55b-492d37e476db-139906009941824","trial_id":19,"param_name":"n_estimators","param_value_internal":119.0,"distribution":"{\"name\": \"IntDistribution\", \"attributes\": {\"log\": false, \"step\": 1, \"low\": 50, \"high\": 200}}"}
{"op_code":5,"worker_id":"183a8907-f6f4-4324-a55b-492d37e476db-139906009941824","trial_id":19,"param_name":"min_samples_split","param_value_internal":16.0,"distribution":"{\"name\": \"IntDistribution\", \"attributes\": {\"log\": false, \"step\": 1, \"low\": 5, \"high\": 20}}"}
{"op_code":5,"worker_id":"183a8907-f6f4-4324-a55b-492d37e476db-139906009941824","trial_id":19,"param_name":"min_samples_leaf","param_value_internal":6.0,"distribution":"{\"name\": \"IntDistribution\", \"attributes\": {\"log\": false, \"step\": 1, \"low\": 5, \"high\": 20}}"}
{"op_code":6,"worker_id":"183a8907-f6f4-4324-a55b-492d37e476db-139906009941824","trial_id":19,"state":1,"values":[0.37962962962962965],"datetime_complete":"2026-04-05T23:03:02.857399"}
