{"op_code":0,"worker_id":"13c62db8-2592-45d3-a87f-a243e502fa71-139906009941824","study_name":"rsf_tuning","directions":[2]}
{"op_code":4,"worker_id":"13c62db8-2592-45d3-a87f-a243e502fa71-139906009941824","study_id":0,"datetime_start":"2026-04-06T00:02:55.934863"}
{"op_code":5,"worker_id":"13c62db8-2592-45d3-a87f-a243e502fa71-139906009941824","trial_id":0,"param_name":"n_estimators","param_value_internal":79.0,"distribution":"{\"name\": \"IntDistribution\", \"attributes\": {\"log\": false, \"step\": 1, \"low\": 50, \"high\": 200}}"}
{"op_code":5,"worker_id":"13c62db8-2592-45d3-a87f-a243e502fa71-139906009941824","trial_id":0,"param_name":"min_samples_split","param_value_internal":12.0,"distribution":"{\"name\": \"IntDistribution\", \"attributes\": {\"log\": false, \"step\": 1, \"low\": 5, \"high\": 20}}"}
{"op_code":5,"worker_id":"13c62db8-2592-45d3-a87f-a243e502fa71-139906009941824","trial_id":0,"param_name":"min_samples_leaf","param_value_internal":15.0,"distribution":"{\"name\": \"IntDistribution\", \"attributes\": {\"log\": false, \"step\": 1, \"low\": 5, \"high\": 20}}"}
{"op_code":6,"worker_id":"13c62db8-2592-45d3-a87f-a243e502fa71-139906009941824","trial_id":0,"state":1,"values":[0.7417218543046358],"datetime_complete":"2026-04-06T00:02:56.104761"}
{"op_code":4,"worker_id":"13c62db8-2592-45d3-a87f-a243e502fa71-139906009941824","study_id":0,"datetime_start":"2026-04-06T00:02:56.115198"}
{"op_code":5,"worker_id":"13c62db8-2592-45d3-a87f-a243e502fa71-139906009941824","trial_id":1,"param_name":"n_estimators","param_value_internal":62.0,"distribution":"{\"name\": \"IntDistribution\", \"attributes\": {\"log\": false, \"step\": 1, \"low\": 50, \"high\": 200}}"}
{"op_code":5,"worker_id":"13c62db8-2592-45d3-a87f-a243e502fa71-139906009941824","trial_id":1,"param_name":"min_samples_split","param_value_internal":20.0,"distribution":"{\"name\": \"IntDistribution\", \"attributes\": {\"log\": false, \"step\": 1, \"low\": 5, \"high\": 20}}"}
{"op_code":5,"worker_id":"13c62db8-2592-45d3-a87f-a243e502fa71-139906009941824","trial_id":1,"param_name":"min_samples_leaf","param_value_internal":5.0,"distribution":"{\"name\": \"IntDistribution\", \"attributes\": {\"log\": false, \"step\": 1, \"low\": 5, \"high\": 20}}"}
{"op_code":6,"worker_id":"13c62db8-2592-45d3-a87f-a243e502fa71-139906009941824","trial_id":1,"state":1,"values":[0.754083885209713],"datetime_complete":"2026-04-06T00:02:56.272389"}
{"op_code":4,"worker_id":"13c62db8-2592-45d3-a87f-a243e502fa71-139906009941824","study_id":0,"datetime_start":"2026-04-06T00:02:56.282794"}
{"op_code":5,"worker_id":"13c62db8-2592-45d3-a87f-a243e502fa71-139906009941824","trial_id":2,"param_name":"n_estimators","param_value_internal":102.0,"distribution":"{\"name\": \"IntDistribution\", \"attributes\": {\"log\": false, \"step\": 1, \"low\": 50, \"high\": 200}}"}
{"op_code":5,"worker_id":"13c62db8-2592-45d3-a87f-a243e502fa71-139906009941824","trial_id":2,"param_name":"min_samples_split","param_value_internal":12.0,"distribution":"{\"name\": \"IntDistribution\", \"attributes\": {\"log\": false, \"step\": 1, \"low\": 5, \"high\": 20}}"}
{"op_code":5,"worker_id":"13c62db8-2592-45d3-a87f-a243e502fa71-139906009941824","trial_id":2,"param_name":"min_samples_leaf","param_value_internal":20.0,"distribution":"{\"name\": \"IntDistribution\", \"attributes\": {\"log\": false, \"step\": 1, \"low\": 5, \"high\": 20}}"}
{"op_code":6,"worker_id":"13c62db8-2592-45d3-a87f-a243e502fa71-139906009941824","trial_id":2,"state":1,"values":[0.7456953642384105],"datetime_complete":"2026-04-06T00:02:56.480373"}
{"op_code":4,"worker_id":"13c62db8-2592-45d3-a87f-a243e502fa71-139906009941824","study_id":0,"datetime_start":"2026-04-06T00:02:56.490889"}
{"op_code":5,"worker_id":"13c62db8-2592-45d3-a87f-a243e502fa71-139906009941824","trial_id":3,"param_name":"n_estimators","param_value_internal":186.0,"distribution":"{\"name\": \"IntDistribution\", \"attributes\": {\"log\": false, \"step\": 1, \"low\": 50, \"high\": 200}}"}
{"op_code":5,"worker_id":"13c62db8-2592-45d3-a87f-a243e502fa71-139906009941824","trial_id":3,"param_name":"min_samples_split","param_value_internal":17.0,"distribution":"{\"name\": \"IntDistribution\", \"attributes\": {\"log\": false, \"step\": 1, \"low\": 5, \"high\": 20}}"}
{"op_code":5,"worker_id":"13c62db8-2592-45d3-a87f-a243e502fa71-139906009941824","trial_id":3,"param_name":"min_samples_leaf","param_value_internal":6.0,"distribution":"{\"name\": \"IntDistribution\", \"attributes\": {\"log\": false, \"step\": 1, \"low\": 5, \"high\": 20}}"}
{"op_code":6,"worker_id":"13c62db8-2592-45d3-a87f-a243e502fa71-139906009941824","trial_id":3,"state":1,"values":[0.7518763796909492],"datetime_complete":"2026-04-06T00:02:56.873255"}
{"op_code":4,"worker_id":"13c62db8-2592-45d3-a87f-a243e502fa71-139906009941824","study_id":0,"datetime_start":"2026-04-06T00:02:56.884604"}
{"op_code":5,"worker_id":"13c62db8-2592-45d3-a87f-a243e502fa71-139906009941824","trial_id":4,"param_name":"n_estimators","param_value_internal":143.0,"distribution":"{\"name\": \"IntDistribution\", \"attributes\": {\"log\": false, \"step\": 1, \"low\": 50, \"high\": 200}}"}
{"op_code":5,"worker_id":"13c62db8-2592-45d3-a87f-a243e502fa71-139906009941824","trial_id":4,"param_name":"min_samples_split","param_value_internal":10.0,"distribution":"{\"name\": \"IntDistribution\", \"attributes\": {\"log\": false, \"step\": 1, \"low\": 5, \"high\": 20}}"}
{"op_code":5,"worker_id":"13c62db8-2592-45d3-a87f-a243e502fa71-139906009941824","trial_id":4,"param_name":"min_samples_leaf","param_value_internal":20.0,"distribution":"{\"name\": \"IntDistribution\", \"attributes\": {\"log\": false, \"step\": 1, \"low\": 5, \"high\": 20}}"}
{"op_code":6,"worker_id":"13c62db8-2592-45d3-a87f-a243e502fa71-139906009941824","trial_id":4,"state":1,"values":[0.7350993377483444],"datetime_complete":"2026-04-06T00:02:57.142299"}
{"op_code":4,"worker_id":"13c62db8-2592-45d3-a87f-a243e502fa71-139906009941824","study_id":0,"datetime_start":"2026-04-06T00:02:57.153029"}
{"op_code":5,"worker_id":"13c62db8-2592-45d3-a87f-a243e502fa71-139906009941824","trial_id":5,"param_name":"n_estimators","param_value_internal":63.0,"distribution":"{\"name\": \"IntDistribution\", \"attributes\": {\"log\": false, \"step\": 1, \"low\": 50, \"high\": 200}}"}
{"op_code":5,"worker_id":"13c62db8-2592-45d3-a87f-a243e502fa71-139906009941824","trial_id":5,"param_name":"min_samples_split","param_value_internal":6.0,"distribution":"{\"name\": \"IntDistribution\", \"attributes\": {\"log\": false, \"step\": 1, \"low\": 5, \"high\": 20}}"}
{"op_code":5,"worker_id":"13c62db8-2592-45d3-a87f-a243e502fa71-139906009941824","trial_id":5,"param_name":"min_samples_leaf","param_value_internal":17.0,"distribution":"{\"name\": \"IntDistribution\", \"attributes\": {\"log\": false, \"step\": 1, \"low\": 5, \"high\": 20}}"}
{"op_code":6,"worker_id":"13c62db8-2592-45d3-a87f-a243e502fa71-139906009941824","trial_id":5,"state":1,"values":[0.7315673289183223],"datetime_complete":"2026-04-06T00:02:57.323793"}
{"op_code":4,"worker_id":"13c62db8-2592-45d3-a87f-a243e502fa71-139906009941824","study_id":0,"datetime_start":"2026-04-06T00:02:57.334039"}
{"op_code":5,"worker_id":"13c62db8-2592-45d3-a87f-a243e502fa71-139906009941824","trial_id":6,"param_name":"n_estimators","param_value_internal":193.0,"distribution":"{\"name\": \"IntDistribution\", \"attributes\": {\"log\": false, \"step\": 1, \"low\": 50, \"high\": 200}}"}
{"op_code":5,"worker_id":"13c62db8-2592-45d3-a87f-a243e502fa71-139906009941824","trial_id":6,"param_name":"min_samples_split","param_value_internal":8.0,"distribution":"{\"name\": \"IntDistribution\", \"attributes\": {\"log\": false, \"step\": 1, \"low\": 5, \"high\": 20}}"}
{"op_code":5,"worker_id":"13c62db8-2592-45d3-a87f-a243e502fa71-139906009941824","trial_id":6,"param_name":"min_samples_leaf","param_value_internal":12.0,"distribution":"{\"name\": \"IntDistribution\", \"attributes\": {\"log\": false, \"step\": 1, \"low\": 5, \"high\": 20}}"}
{"op_code":6,"worker_id":"13c62db8-2592-45d3-a87f-a243e502fa71-139906009941824","trial_id":6,"state":1,"values":[0.7364238410596027],"datetime_complete":"2026-04-06T00:02:57.681782"}
{"op_code":4,"worker_id":"13c62db8-2592-45d3-a87f-a243e502fa71-139906009941824","study_id":0,"datetime_start":"2026-04-06T00:02:57.699312"}
{"op_code":5,"worker_id":"13c62db8-2592-45d3-a87f-a243e502fa71-139906009941824","trial_id":7,"param_name":"n_estimators","param_value_internal":88.0,"distribution":"{\"name\": \"IntDistribution\", \"attributes\": {\"log\": false, \"step\": 1, \"low\": 50, \"high\": 200}}"}
{"op_code":5,"worker_id":"13c62db8-2592-45d3-a87f-a243e502fa71-139906009941824","trial_id":7,"param_name":"min_samples_split","param_value_internal":14.0,"distribution":"{\"name\": \"IntDistribution\", \"attributes\": {\"log\": false, \"step\": 1, \"low\": 5, \"high\": 20}}"}
{"op_code":5,"worker_id":"13c62db8-2592-45d3-a87f-a243e502fa71-139906009941824","trial_id":7,"param_name":"min_samples_leaf","param_value_internal":19.0,"distribution":"{\"name\": \"IntDistribution\", \"attributes\": {\"log\": false, \"step\": 1, \"low\": 5, \"high\": 20}}"}
{"op_code":6,"worker_id":"13c62db8-2592-45d3-a87f-a243e502fa71-139906009941824","trial_id":7,"state":1,"values":[0.741280353200883],"datetime_complete":"2026-04-06T00:02:57.875534"}
{"op_code":4,"worker_id":"13c62db8-2592-45d3-a87f-a243e502fa71-139906009941824","study_id":0,"datetime_start":"2026-04-06T00:02:57.884058"}
{"op_code":5,"worker_id":"13c62db8-2592-45d3-a87f-a243e502fa71-139906009941824","trial_id":8,"param_name":"n_estimators","param_value_internal":200.0,"distribution":"{\"name\": \"IntDistribution\", \"attributes\": {\"log\": false, \"step\": 1, \"low\": 50, \"high\": 200}}"}
{"op_code":5,"worker_id":"13c62db8-2592-45d3-a87f-a243e502fa71-139906009941824","trial_id":8,"param_name":"min_samples_split","param_value_internal":18.0,"distribution":"{\"name\": \"IntDistribution\", \"attributes\": {\"log\": false, \"step\": 1, \"low\": 5, \"high\": 20}}"}
{"op_code":5,"worker_id":"13c62db8-2592-45d3-a87f-a243e502fa71-139906009941824","trial_id":8,"param_name":"min_samples_leaf","param_value_internal":12.0,"distribution":"{\"name\": \"IntDistribution\", \"attributes\": {\"log\": false, \"step\": 1, \"low\": 5, \"high\": 20}}"}
{"op_code":6,"worker_id":"13c62db8-2592-45d3-a87f-a243e502fa71-139906009941824","trial_id":8,"state":1,"values":[0.7377483443708609],"datetime_complete":"2026-04-06T00:02:58.241239"}
{"op_code":4,"worker_id":"13c62db8-2592-45d3-a87f-a243e502fa71-139906009941824","study_id":0,"datetime_start":"2026-04-06T00:02:58.258354"}
{"op_code":5,"worker_id":"13c62db8-2592-45d3-a87f-a243e502fa71-139906009941824","trial_id":9,"param_name":"n_estimators","param_value_internal":86.0,"distribution":"{\"name\": \"IntDistribution\", \"attributes\": {\"log\": false, \"step\": 1, \"low\": 50, \"high\": 200}}"}
{"op_code":5,"worker_id":"13c62db8-2592-45d3-a87f-a243e502fa71-139906009941824","trial_id":9,"param_name":"min_samples_split","param_value_internal":10.0,"distribution":"{\"name\": \"IntDistribution\", \"attributes\": {\"log\": false, \"step\": 1, \"low\": 5, \"high\": 20}}"}
{"op_code":5,"worker_id":"13c62db8-2592-45d3-a87f-a243e502fa71-139906009941824","trial_id":9,"param_name":"min_samples_leaf","param_value_internal":18.0,"distribution":"{\"name\": \"IntDistribution\", \"attributes\": {\"log\": false, \"step\": 1, \"low\": 5, \"high\": 20}}"}
{"op_code":6,"worker_id":"13c62db8-2592-45d3-a87f-a243e502fa71-139906009941824","trial_id":9,"state":1,"values":[0.7342163355408389],"datetime_complete":"2026-04-06T00:02:58.423557"}
{"op_code":4,"worker_id":"13c62db8-2592-45d3-a87f-a243e502fa71-139906009941824","study_id":0,"datetime_start":"2026-04-06T00:02:58.434645"}
{"op_code":5,"worker_id":"13c62db8-2592-45d3-a87f-a243e502fa71-139906009941824","trial_id":10,"param_name":"n_estimators","param_value_internal":131.0,"distribution":"{\"name\": \"IntDistribution\", \"attributes\": {\"log\": false, \"step\": 1, \"low\": 50, \"high\": 200}}"}
{"op_code":5,"worker_id":"13c62db8-2592-45d3-a87f-a243e502fa71-139906009941824","trial_id":10,"param_name":"min_samples_split","param_value_internal":20.0,"distribution":"{\"name\": \"IntDistribution\", \"attributes\": {\"log\": false, \"step\": 1, \"low\": 5, \"high\": 20}}"}
{"op_code":5,"worker_id":"13c62db8-2592-45d3-a87f-a243e502fa71-139906009941824","trial_id":10,"param_name":"min_samples_leaf","param_value_internal":5.0,"distribution":"{\"name\": \"IntDistribution\", \"attributes\": {\"log\": false, \"step\": 1, \"low\": 5, \"high\": 20}}"}
{"op_code":6,"worker_id":"13c62db8-2592-45d3-a87f-a243e502fa71-139906009941824","trial_id":10,"state":1,"values":[0.7554083885209713],"datetime_complete":"2026-04-06T00:02:58.717539"}
{"op_code":4,"worker_id":"13c62db8-2592-45d3-a87f-a243e502fa71-139906009941824","study_id":0,"datetime_start":"2026-04-06T00:02:58.736833"}
{"op_code":5,"worker_id":"13c62db8-2592-45d3-a87f-a243e502fa71-139906009941824","trial_id":11,"param_name":"n_estimators","param_value_internal":136.0,"distribution":"{\"name\": \"IntDistribution\", \"attributes\": {\"log\": false, \"step\": 1, \"low\": 50, \"high\": 200}}"}
{"op_code":5,"worker_id":"13c62db8-2592-45d3-a87f-a243e502fa71-139906009941824","trial_id":11,"param_name":"min_samples_split","param_value_internal":20.0,"distribution":"{\"name\": \"IntDistribution\", \"attributes\": {\"log\": false, \"step\": 1, \"low\": 5, \"high\": 20}}"}
{"op_code":5,"worker_id":"13c62db8-2592-45d3-a87f-a243e502fa71-139906009941824","trial_id":11,"param_name":"min_samples_leaf","param_value_internal":5.0,"distribution":"{\"name\": \"IntDistribution\", \"attributes\": {\"log\": false, \"step\": 1, \"low\": 5, \"high\": 20}}"}
{"op_code":6,"worker_id":"13c62db8-2592-45d3-a87f-a243e502fa71-139906009941824","trial_id":11,"state":1,"values":[0.7571743929359823],"datetime_complete":"2026-04-06T00:02:59.030022"}
{"op_code":4,"worker_id":"13c62db8-2592-45d3-a87f-a243e502fa71-139906009941824","study_id":0,"datetime_start":"2026-04-06T00:02:59.047719"}
{"op_code":5,"worker_id":"13c62db8-2592-45d3-a87f-a243e502fa71-139906009941824","trial_id":12,"param_name":"n_estimators","param_value_internal":139.0,"distribution":"{\"name\": \"IntDistribution\", \"attributes\": {\"log\": false, \"step\": 1, \"low\": 50, \"high\": 200}}"}
{"op_code":5,"worker_id":"13c62db8-2592-45d3-a87f-a243e502fa71-139906009941824","trial_id":12,"param_name":"min_samples_split","param_value_internal":20.0,"distribution":"{\"name\": \"IntDistribution\", \"attributes\": {\"log\": false, \"step\": 1, \"low\": 5, \"high\": 20}}"}
{"op_code":5,"worker_id":"13c62db8-2592-45d3-a87f-a243e502fa71-139906009941824","trial_id":12,"param_name":"min_samples_leaf","param_value_internal":8.0,"distribution":"{\"name\": \"IntDistribution\", \"attributes\": {\"log\": false, \"step\": 1, \"low\": 5, \"high\": 20}}"}
{"op_code":6,"worker_id":"13c62db8-2592-45d3-a87f-a243e502fa71-139906009941824","trial_id":12,"state":1,"values":[0.7456953642384105],"datetime_complete":"2026-04-06T00:02:59.324077"}
{"op_code":4,"worker_id":"13c62db8-2592-45d3-a87f-a243e502fa71-139906009941824","study_id":0,"datetime_start":"2026-04-06T00:02:59.341377"}
{"op_code":5,"worker_id":"13c62db8-2592-45d3-a87f-a243e502fa71-139906009941824","trial_id":13,"param_name":"n_estimators","param_value_internal":165.0,"distribution":"{\"name\": \"IntDistribution\", \"attributes\": {\"log\": false, \"step\": 1, \"low\": 50, \"high\": 200}}"}
{"op_code":5,"worker_id":"13c62db8-2592-45d3-a87f-a243e502fa71-139906009941824","trial_id":13,"param_name":"min_samples_split","param_value_internal":16.0,"distribution":"{\"name\": \"IntDistribution\", \"attributes\": {\"log\": false, \"step\": 1, \"low\": 5, \"high\": 20}}"}
{"op_code":5,"worker_id":"13c62db8-2592-45d3-a87f-a243e502fa71-139906009941824","trial_id":13,"param_name":"min_samples_leaf","param_value_internal":9.0,"distribution":"{\"name\": \"IntDistribution\", \"attributes\": {\"log\": false, \"step\": 1, \"low\": 5, \"high\": 20}}"}
{"op_code":6,"worker_id":"13c62db8-2592-45d3-a87f-a243e502fa71-139906009941824","trial_id":13,"state":1,"values":[0.7461368653421634],"datetime_complete":"2026-04-06T00:02:59.658495"}
{"op_code":4,"worker_id":"13c62db8-2592-45d3-a87f-a243e502fa71-139906009941824","study_id":0,"datetime_start":"2026-04-06T00:02:59.675981"}
{"op_code":5,"worker_id":"13c62db8-2592-45d3-a87f-a243e502fa71-139906009941824","trial_id":14,"param_name":"n_estimators","param_value_internal":115.0,"distribution":"{\"name\": \"IntDistribution\", \"attributes\": {\"log\": false, \"step\": 1, \"low\": 50, \"high\": 200}}"}
{"op_code":5,"worker_id":"13c62db8-2592-45d3-a87f-a243e502fa71-139906009941824","trial_id":14,"param_name":"min_samples_split","param_value_internal":15.0,"distribution":"{\"name\": \"IntDistribution\", \"attributes\": {\"log\": false, \"step\": 1, \"low\": 5, \"high\": 20}}"}
{"op_code":5,"worker_id":"13c62db8-2592-45d3-a87f-a243e502fa71-139906009941824","trial_id":14,"param_name":"min_samples_leaf","param_value_internal":8.0,"distribution":"{\"name\": \"IntDistribution\", \"attributes\": {\"log\": false, \"step\": 1, \"low\": 5, \"high\": 20}}"}
{"op_code":6,"worker_id":"13c62db8-2592-45d3-a87f-a243e502fa71-139906009941824","trial_id":14,"state":1,"values":[0.7549668874172185],"datetime_complete":"2026-04-06T00:02:59.925832"}
{"op_code":4,"worker_id":"13c62db8-2592-45d3-a87f-a243e502fa71-139906009941824","study_id":0,"datetime_start":"2026-04-06T00:02:59.936916"}
{"op_code":5,"worker_id":"13c62db8-2592-45d3-a87f-a243e502fa71-139906009941824","trial_id":15,"param_name":"n_estimators","param_value_internal":135.0,"distribution":"{\"name\": \"IntDistribution\", \"attributes\": {\"log\": false, \"step\": 1, \"low\": 50, \"high\": 200}}"}
{"op_code":5,"worker_id":"13c62db8-2592-45d3-a87f-a243e502fa71-139906009941824","trial_id":15,"param_name":"min_samples_split","param_value_internal":18.0,"distribution":"{\"name\": \"IntDistribution\", \"attributes\": {\"log\": false, \"step\": 1, \"low\": 5, \"high\": 20}}"}
{"op_code":5,"worker_id":"13c62db8-2592-45d3-a87f-a243e502fa71-139906009941824","trial_id":15,"param_name":"min_samples_leaf","param_value_internal":10.0,"distribution":"{\"name\": \"IntDistribution\", \"attributes\": {\"log\": false, \"step\": 1, \"low\": 5, \"high\": 20}}"}
{"op_code":6,"worker_id":"13c62db8-2592-45d3-a87f-a243e502fa71-139906009941824","trial_id":15,"state":1,"values":[0.7434878587196468],"datetime_complete":"2026-04-06T00:03:00.209663"}
{"op_code":4,"worker_id":"13c62db8-2592-45d3-a87f-a243e502fa71-139906009941824","study_id":0,"datetime_start":"2026-04-06T00:03:00.228018"}
{"op_code":5,"worker_id":"13c62db8-2592-45d3-a87f-a243e502fa71-139906009941824","trial_id":16,"param_name":"n_estimators","param_value_internal":160.0,"distribution":"{\"name\": \"IntDistribution\", \"attributes\": {\"log\": false, \"step\": 1, \"low\": 50, \"high\": 200}}"}
{"op_code":5,"worker_id":"13c62db8-2592-45d3-a87f-a243e502fa71-139906009941824","trial_id":16,"param_name":"min_samples_split","param_value_internal":20.0,"distribution":"{\"name\": \"IntDistribution\", \"attributes\": {\"log\": false, \"step\": 1, \"low\": 5, \"high\": 20}}"}
{"op_code":5,"worker_id":"13c62db8-2592-45d3-a87f-a243e502fa71-139906009941824","trial_id":16,"param_name":"min_samples_leaf","param_value_internal":6.0,"distribution":"{\"name\": \"IntDistribution\", \"attributes\": {\"log\": false, \"step\": 1, \"low\": 5, \"high\": 20}}"}
{"op_code":6,"worker_id":"13c62db8-2592-45d3-a87f-a243e502fa71-139906009941824","trial_id":16,"state":1,"values":[0.743046357615894],"datetime_complete":"2026-04-06T00:03:00.552937"}
{"op_code":4,"worker_id":"13c62db8-2592-45d3-a87f-a243e502fa71-139906009941824","study_id":0,"datetime_start":"2026-04-06T00:03:00.562737"}
{"op_code":5,"worker_id":"13c62db8-2592-45d3-a87f-a243e502fa71-139906009941824","trial_id":17,"param_name":"n_estimators","param_value_internal":118.0,"distribution":"{\"name\": \"IntDistribution\", \"attributes\": {\"log\": false, \"step\": 1, \"low\": 50, \"high\": 200}}"}
{"op_code":5,"worker_id":"13c62db8-2592-45d3-a87f-a243e502fa71-139906009941824","trial_id":17,"param_name":"min_samples_split","param_value_internal":18.0,"distribution":"{\"name\": \"IntDistribution\", \"attributes\": {\"log\": false, \"step\": 1, \"low\": 5, \"high\": 20}}"}
{"op_code":5,"worker_id":"13c62db8-2592-45d3-a87f-a243e502fa71-139906009941824","trial_id":17,"param_name":"min_samples_leaf","param_value_internal":5.0,"distribution":"{\"name\": \"IntDistribution\", \"attributes\": {\"log\": false, \"step\": 1, \"low\": 5, \"high\": 20}}"}
{"op_code":6,"worker_id":"13c62db8-2592-45d3-a87f-a243e502fa71-139906009941824","trial_id":17,"state":1,"values":[0.7611479028697572],"datetime_complete":"2026-04-06T00:03:00.832678"}
{"op_code":4,"worker_id":"13c62db8-2592-45d3-a87f-a243e502fa71-139906009941824","study_id":0,"datetime_start":"2026-04-06T00:03:00.843248"}
{"op_code":5,"worker_id":"13c62db8-2592-45d3-a87f-a243e502fa71-139906009941824","trial_id":18,"param_name":"n_estimators","param_value_internal":115.0,"distribution":"{\"name\": \"IntDistribution\", \"attributes\": {\"log\": false, \"step\": 1, \"low\": 50, \"high\": 200}}"}
{"op_code":5,"worker_id":"13c62db8-2592-45d3-a87f-a243e502fa71-139906009941824","trial_id":18,"param_name":"min_samples_split","param_value_internal":18.0,"distribution":"{\"name\": \"IntDistribution\", \"attributes\": {\"log\": false, \"step\": 1, \"low\": 5, \"high\": 20}}"}
{"op_code":5,"worker_id":"13c62db8-2592-45d3-a87f-a243e502fa71-139906009941824","trial_id":18,"param_name":"min_samples_leaf","param_value_internal":14.0,"distribution":"{\"name\": \"IntDistribution\", \"attributes\": {\"log\": false, \"step\": 1, \"low\": 5, \"high\": 20}}"}
{"op_code":6,"worker_id":"13c62db8-2592-45d3-a87f-a243e502fa71-139906009941824","trial_id":18,"state":1,"values":[0.7364238410596027],"datetime_complete":"2026-04-06T00:03:01.432483"}
{"op_code":4,"worker_id":"13c62db8-2592-45d3-a87f-a243e502fa71-139906009941824","study_id":0,"datetime_start":"2026-04-06T00:03:01.447431"}
{"op_code":5,"worker_id":"13c62db8-2592-45d3-a87f-a243e502fa71-139906009941824","trial_id":19,"param_name":"n_estimators","param_value_internal":158.0,"distribution":"{\"name\": \"IntDistribution\", \"attributes\": {\"log\": false, \"step\": 1, \"low\": 50, \"high\": 200}}"}
{"op_code":5,"worker_id":"13c62db8-2592-45d3-a87f-a243e502fa71-139906009941824","trial_id":19,"param_name":"min_samples_split","param_value_internal":14.0,"distribution":"{\"name\": \"IntDistribution\", \"attributes\": {\"log\": false, \"step\": 1, \"low\": 5, \"high\": 20}}"}
{"op_code":5,"worker_id":"13c62db8-2592-45d3-a87f-a243e502fa71-139906009941824","trial_id":19,"param_name":"min_samples_leaf","param_value_internal":7.0,"distribution":"{\"name\": \"IntDistribution\", \"attributes\": {\"log\": false, \"step\": 1, \"low\": 5, \"high\": 20}}"}
{"op_code":6,"worker_id":"13c62db8-2592-45d3-a87f-a243e502fa71-139906009941824","trial_id":19,"state":1,"values":[0.7496688741721854],"datetime_complete":"2026-04-06T00:03:01.839149"}
