{"op_code":0,"worker_id":"47383c38-1033-4b0d-a1ac-be1a33883e88-140544486217536","study_name":"tabicl_mtlr","directions":[2]}
{"op_code":4,"worker_id":"47383c38-1033-4b0d-a1ac-be1a33883e88-140544486217536","study_id":0,"datetime_start":"2026-04-01T00:36:51.829246"}
{"op_code":5,"worker_id":"47383c38-1033-4b0d-a1ac-be1a33883e88-140544486217536","trial_id":0,"param_name":"lr","param_value_internal":0.00011016582420333885,"distribution":"{\"name\": \"FloatDistribution\", \"attributes\": {\"step\": null, \"low\": 0.0001, \"high\": 0.1, \"log\": true}}"}
{"op_code":5,"worker_id":"47383c38-1033-4b0d-a1ac-be1a33883e88-140544486217536","trial_id":0,"param_name":"dropout","param_value_internal":0.33627573759769624,"distribution":"{\"name\": \"FloatDistribution\", \"attributes\": {\"step\": null, \"low\": 0.0, \"high\": 0.5, \"log\": false}}"}
{"op_code":5,"worker_id":"47383c38-1033-4b0d-a1ac-be1a33883e88-140544486217536","trial_id":0,"param_name":"nodes","param_value_internal":2,"distribution":"{\"name\": \"CategoricalDistribution\", \"attributes\": {\"choices\": [\"64-64\", \"128-64\", \"256-128\"]}}"}
{"op_code":6,"worker_id":"47383c38-1033-4b0d-a1ac-be1a33883e88-140544486217536","trial_id":0,"state":1,"values":[0.8255810316243861],"datetime_complete":"2026-04-01T00:36:53.203595"}
{"op_code":4,"worker_id":"47383c38-1033-4b0d-a1ac-be1a33883e88-140544486217536","study_id":0,"datetime_start":"2026-04-01T00:36:53.214775"}
{"op_code":5,"worker_id":"47383c38-1033-4b0d-a1ac-be1a33883e88-140544486217536","trial_id":1,"param_name":"lr","param_value_internal":0.006505949744691027,"distribution":"{\"name\": \"FloatDistribution\", \"attributes\": {\"step\": null, \"low\": 0.0001, \"high\": 0.1, \"log\": true}}"}
{"op_code":5,"worker_id":"47383c38-1033-4b0d-a1ac-be1a33883e88-140544486217536","trial_id":1,"param_name":"dropout","param_value_internal":0.1881868289522588,"distribution":"{\"name\": \"FloatDistribution\", \"attributes\": {\"step\": null, \"low\": 0.0, \"high\": 0.5, \"log\": false}}"}
{"op_code":5,"worker_id":"47383c38-1033-4b0d-a1ac-be1a33883e88-140544486217536","trial_id":1,"param_name":"nodes","param_value_internal":2,"distribution":"{\"name\": \"CategoricalDistribution\", \"attributes\": {\"choices\": [\"64-64\", \"128-64\", \"256-128\"]}}"}
{"op_code":6,"worker_id":"47383c38-1033-4b0d-a1ac-be1a33883e88-140544486217536","trial_id":1,"state":1,"values":[0.7825393349807627],"datetime_complete":"2026-04-01T00:36:54.585778"}
{"op_code":4,"worker_id":"47383c38-1033-4b0d-a1ac-be1a33883e88-140544486217536","study_id":0,"datetime_start":"2026-04-01T00:36:54.598960"}
{"op_code":5,"worker_id":"47383c38-1033-4b0d-a1ac-be1a33883e88-140544486217536","trial_id":2,"param_name":"lr","param_value_internal":0.00033871655731288234,"distribution":"{\"name\": \"FloatDistribution\", \"attributes\": {\"step\": null, \"low\": 0.0001, \"high\": 0.1, \"log\": true}}"}
{"op_code":5,"worker_id":"47383c38-1033-4b0d-a1ac-be1a33883e88-140544486217536","trial_id":2,"param_name":"dropout","param_value_internal":0.07100965070799459,"distribution":"{\"name\": \"FloatDistribution\", \"attributes\": {\"step\": null, \"low\": 0.0, \"high\": 0.5, \"log\": false}}"}
{"op_code":5,"worker_id":"47383c38-1033-4b0d-a1ac-be1a33883e88-140544486217536","trial_id":2,"param_name":"nodes","param_value_internal":0,"distribution":"{\"name\": \"CategoricalDistribution\", \"attributes\": {\"choices\": [\"64-64\", \"128-64\", \"256-128\"]}}"}
{"op_code":6,"worker_id":"47383c38-1033-4b0d-a1ac-be1a33883e88-140544486217536","trial_id":2,"state":1,"values":[0.8108792893115205],"datetime_complete":"2026-04-01T00:36:55.953663"}
{"op_code":4,"worker_id":"47383c38-1033-4b0d-a1ac-be1a33883e88-140544486217536","study_id":0,"datetime_start":"2026-04-01T00:36:55.965307"}
{"op_code":5,"worker_id":"47383c38-1033-4b0d-a1ac-be1a33883e88-140544486217536","trial_id":3,"param_name":"lr","param_value_internal":0.0015908626373420207,"distribution":"{\"name\": \"FloatDistribution\", \"attributes\": {\"step\": null, \"low\": 0.0001, \"high\": 0.1, \"log\": true}}"}
{"op_code":5,"worker_id":"47383c38-1033-4b0d-a1ac-be1a33883e88-140544486217536","trial_id":3,"param_name":"dropout","param_value_internal":0.10038867966630655,"distribution":"{\"name\": \"FloatDistribution\", \"attributes\": {\"step\": null, \"low\": 0.0, \"high\": 0.5, \"log\": false}}"}
{"op_code":5,"worker_id":"47383c38-1033-4b0d-a1ac-be1a33883e88-140544486217536","trial_id":3,"param_name":"nodes","param_value_internal":0,"distribution":"{\"name\": \"CategoricalDistribution\", \"attributes\": {\"choices\": [\"64-64\", \"128-64\", \"256-128\"]}}"}
{"op_code":6,"worker_id":"47383c38-1033-4b0d-a1ac-be1a33883e88-140544486217536","trial_id":3,"state":1,"values":[0.8029028120992211],"datetime_complete":"2026-04-01T00:36:57.322280"}
{"op_code":4,"worker_id":"47383c38-1033-4b0d-a1ac-be1a33883e88-140544486217536","study_id":0,"datetime_start":"2026-04-01T00:36:57.333990"}
{"op_code":5,"worker_id":"47383c38-1033-4b0d-a1ac-be1a33883e88-140544486217536","trial_id":4,"param_name":"lr","param_value_internal":0.04492247041606836,"distribution":"{\"name\": \"FloatDistribution\", \"attributes\": {\"step\": null, \"low\": 0.0001, \"high\": 0.1, \"log\": true}}"}
{"op_code":5,"worker_id":"47383c38-1033-4b0d-a1ac-be1a33883e88-140544486217536","trial_id":4,"param_name":"dropout","param_value_internal":0.04672136849725855,"distribution":"{\"name\": \"FloatDistribution\", \"attributes\": {\"step\": null, \"low\": 0.0, \"high\": 0.5, \"log\": false}}"}
{"op_code":5,"worker_id":"47383c38-1033-4b0d-a1ac-be1a33883e88-140544486217536","trial_id":4,"param_name":"nodes","param_value_internal":1,"distribution":"{\"name\": \"CategoricalDistribution\", \"attributes\": {\"choices\": [\"64-64\", \"128-64\", \"256-128\"]}}"}
{"op_code":6,"worker_id":"47383c38-1033-4b0d-a1ac-be1a33883e88-140544486217536","trial_id":4,"state":1,"values":[0.7943007288310551],"datetime_complete":"2026-04-01T00:36:58.695290"}
{"op_code":4,"worker_id":"47383c38-1033-4b0d-a1ac-be1a33883e88-140544486217536","study_id":0,"datetime_start":"2026-04-01T00:36:58.706888"}
{"op_code":5,"worker_id":"47383c38-1033-4b0d-a1ac-be1a33883e88-140544486217536","trial_id":5,"param_name":"lr","param_value_internal":0.001492969884303637,"distribution":"{\"name\": \"FloatDistribution\", \"attributes\": {\"step\": null, \"low\": 0.0001, \"high\": 0.1, \"log\": true}}"}
{"op_code":5,"worker_id":"47383c38-1033-4b0d-a1ac-be1a33883e88-140544486217536","trial_id":5,"param_name":"dropout","param_value_internal":0.4940643402599483,"distribution":"{\"name\": \"FloatDistribution\", \"attributes\": {\"step\": null, \"low\": 0.0, \"high\": 0.5, \"log\": false}}"}
{"op_code":5,"worker_id":"47383c38-1033-4b0d-a1ac-be1a33883e88-140544486217536","trial_id":5,"param_name":"nodes","param_value_internal":1,"distribution":"{\"name\": \"CategoricalDistribution\", \"attributes\": {\"choices\": [\"64-64\", \"128-64\", \"256-128\"]}}"}
{"op_code":6,"worker_id":"47383c38-1033-4b0d-a1ac-be1a33883e88-140544486217536","trial_id":5,"state":1,"values":[0.8277706528199194],"datetime_complete":"2026-04-01T00:37:00.078859"}
{"op_code":4,"worker_id":"47383c38-1033-4b0d-a1ac-be1a33883e88-140544486217536","study_id":0,"datetime_start":"2026-04-01T00:37:00.090031"}
{"op_code":5,"worker_id":"47383c38-1033-4b0d-a1ac-be1a33883e88-140544486217536","trial_id":6,"param_name":"lr","param_value_internal":0.0002715396770821963,"distribution":"{\"name\": \"FloatDistribution\", \"attributes\": {\"step\": null, \"low\": 0.0001, \"high\": 0.1, \"log\": true}}"}
{"op_code":5,"worker_id":"47383c38-1033-4b0d-a1ac-be1a33883e88-140544486217536","trial_id":6,"param_name":"dropout","param_value_internal":0.46624685538439836,"distribution":"{\"name\": \"FloatDistribution\", \"attributes\": {\"step\": null, \"low\": 0.0, \"high\": 0.5, \"log\": false}}"}
{"op_code":5,"worker_id":"47383c38-1033-4b0d-a1ac-be1a33883e88-140544486217536","trial_id":6,"param_name":"nodes","param_value_internal":1,"distribution":"{\"name\": \"CategoricalDistribution\", \"attributes\": {\"choices\": [\"64-64\", \"128-64\", \"256-128\"]}}"}
{"op_code":6,"worker_id":"47383c38-1033-4b0d-a1ac-be1a33883e88-140544486217536","trial_id":6,"state":1,"values":[0.8276142513059527],"datetime_complete":"2026-04-01T00:37:01.441190"}
{"op_code":4,"worker_id":"47383c38-1033-4b0d-a1ac-be1a33883e88-140544486217536","study_id":0,"datetime_start":"2026-04-01T00:37:01.451026"}
{"op_code":5,"worker_id":"47383c38-1033-4b0d-a1ac-be1a33883e88-140544486217536","trial_id":7,"param_name":"lr","param_value_internal":0.0007734941609722598,"distribution":"{\"name\": \"FloatDistribution\", \"attributes\": {\"step\": null, \"low\": 0.0001, \"high\": 0.1, \"log\": true}}"}
{"op_code":5,"worker_id":"47383c38-1033-4b0d-a1ac-be1a33883e88-140544486217536","trial_id":7,"param_name":"dropout","param_value_internal":0.21008859497612503,"distribution":"{\"name\": \"FloatDistribution\", \"attributes\": {\"step\": null, \"low\": 0.0, \"high\": 0.5, \"log\": false}}"}
{"op_code":5,"worker_id":"47383c38-1033-4b0d-a1ac-be1a33883e88-140544486217536","trial_id":7,"param_name":"nodes","param_value_internal":0,"distribution":"{\"name\": \"CategoricalDistribution\", \"attributes\": {\"choices\": [\"64-64\", \"128-64\", \"256-128\"]}}"}
{"op_code":6,"worker_id":"47383c38-1033-4b0d-a1ac-be1a33883e88-140544486217536","trial_id":7,"state":1,"values":[0.8163220619975602],"datetime_complete":"2026-04-01T00:37:02.804566"}
{"op_code":4,"worker_id":"47383c38-1033-4b0d-a1ac-be1a33883e88-140544486217536","study_id":0,"datetime_start":"2026-04-01T00:37:02.815658"}
{"op_code":5,"worker_id":"47383c38-1033-4b0d-a1ac-be1a33883e88-140544486217536","trial_id":8,"param_name":"lr","param_value_internal":0.0008585006833748737,"distribution":"{\"name\": \"FloatDistribution\", \"attributes\": {\"step\": null, \"low\": 0.0001, \"high\": 0.1, \"log\": true}}"}
{"op_code":5,"worker_id":"47383c38-1033-4b0d-a1ac-be1a33883e88-140544486217536","trial_id":8,"param_name":"dropout","param_value_internal":0.1528998935991563,"distribution":"{\"name\": \"FloatDistribution\", \"attributes\": {\"step\": null, \"low\": 0.0, \"high\": 0.5, \"log\": false}}"}
{"op_code":5,"worker_id":"47383c38-1033-4b0d-a1ac-be1a33883e88-140544486217536","trial_id":8,"param_name":"nodes","param_value_internal":2,"distribution":"{\"name\": \"CategoricalDistribution\", \"attributes\": {\"choices\": [\"64-64\", \"128-64\", \"256-128\"]}}"}
{"op_code":6,"worker_id":"47383c38-1033-4b0d-a1ac-be1a33883e88-140544486217536","trial_id":8,"state":1,"values":[0.794863774281335],"datetime_complete":"2026-04-01T00:37:04.166448"}
{"op_code":4,"worker_id":"47383c38-1033-4b0d-a1ac-be1a33883e88-140544486217536","study_id":0,"datetime_start":"2026-04-01T00:37:04.177186"}
{"op_code":5,"worker_id":"47383c38-1033-4b0d-a1ac-be1a33883e88-140544486217536","trial_id":9,"param_name":"lr","param_value_internal":0.00021693083207006524,"distribution":"{\"name\": \"FloatDistribution\", \"attributes\": {\"step\": null, \"low\": 0.0001, \"high\": 0.1, \"log\": true}}"}
{"op_code":5,"worker_id":"47383c38-1033-4b0d-a1ac-be1a33883e88-140544486217536","trial_id":9,"param_name":"dropout","param_value_internal":0.15740109145377357,"distribution":"{\"name\": \"FloatDistribution\", \"attributes\": {\"step\": null, \"low\": 0.0, \"high\": 0.5, \"log\": false}}"}
{"op_code":5,"worker_id":"47383c38-1033-4b0d-a1ac-be1a33883e88-140544486217536","trial_id":9,"param_name":"nodes","param_value_internal":2,"distribution":"{\"name\": \"CategoricalDistribution\", \"attributes\": {\"choices\": [\"64-64\", \"128-64\", \"256-128\"]}}"}
{"op_code":6,"worker_id":"47383c38-1033-4b0d-a1ac-be1a33883e88-140544486217536","trial_id":9,"state":1,"values":[0.809690637805374],"datetime_complete":"2026-04-01T00:37:09.415158"}
{"op_code":4,"worker_id":"47383c38-1033-4b0d-a1ac-be1a33883e88-140544486217536","study_id":0,"datetime_start":"2026-04-01T00:37:09.424435"}
{"op_code":5,"worker_id":"47383c38-1033-4b0d-a1ac-be1a33883e88-140544486217536","trial_id":10,"param_name":"lr","param_value_internal":0.007707458637011374,"distribution":"{\"name\": \"FloatDistribution\", \"attributes\": {\"step\": null, \"low\": 0.0001, \"high\": 0.1, \"log\": true}}"}
{"op_code":5,"worker_id":"47383c38-1033-4b0d-a1ac-be1a33883e88-140544486217536","trial_id":10,"param_name":"dropout","param_value_internal":0.49207742748702327,"distribution":"{\"name\": \"FloatDistribution\", \"attributes\": {\"step\": null, \"low\": 0.0, \"high\": 0.5, \"log\": false}}"}
{"op_code":5,"worker_id":"47383c38-1033-4b0d-a1ac-be1a33883e88-140544486217536","trial_id":10,"param_name":"nodes","param_value_internal":1,"distribution":"{\"name\": \"CategoricalDistribution\", \"attributes\": {\"choices\": [\"64-64\", \"128-64\", \"256-128\"]}}"}
{"op_code":6,"worker_id":"47383c38-1033-4b0d-a1ac-be1a33883e88-140544486217536","trial_id":10,"state":1,"values":[0.8241108573930995],"datetime_complete":"2026-04-01T00:37:10.779456"}
{"op_code":4,"worker_id":"47383c38-1033-4b0d-a1ac-be1a33883e88-140544486217536","study_id":0,"datetime_start":"2026-04-01T00:37:10.789596"}
{"op_code":5,"worker_id":"47383c38-1033-4b0d-a1ac-be1a33883e88-140544486217536","trial_id":11,"param_name":"lr","param_value_internal":0.0035536315392828122,"distribution":"{\"name\": \"FloatDistribution\", \"attributes\": {\"step\": null, \"low\": 0.0001, \"high\": 0.1, \"log\": true}}"}
{"op_code":5,"worker_id":"47383c38-1033-4b0d-a1ac-be1a33883e88-140544486217536","trial_id":11,"param_name":"dropout","param_value_internal":0.4944896755791441,"distribution":"{\"name\": \"FloatDistribution\", \"attributes\": {\"step\": null, \"low\": 0.0, \"high\": 0.5, \"log\": false}}"}
{"op_code":5,"worker_id":"47383c38-1033-4b0d-a1ac-be1a33883e88-140544486217536","trial_id":11,"param_name":"nodes","param_value_internal":1,"distribution":"{\"name\": \"CategoricalDistribution\", \"attributes\": {\"choices\": [\"64-64\", \"128-64\", \"256-128\"]}}"}
{"op_code":6,"worker_id":"47383c38-1033-4b0d-a1ac-be1a33883e88-140544486217536","trial_id":11,"state":1,"values":[0.8296161906847258],"datetime_complete":"2026-04-01T00:37:12.143458"}
{"op_code":4,"worker_id":"47383c38-1033-4b0d-a1ac-be1a33883e88-140544486217536","study_id":0,"datetime_start":"2026-04-01T00:37:12.153022"}
{"op_code":5,"worker_id":"47383c38-1033-4b0d-a1ac-be1a33883e88-140544486217536","trial_id":12,"param_name":"lr","param_value_internal":0.003370086978351977,"distribution":"{\"name\": \"FloatDistribution\", \"attributes\": {\"step\": null, \"low\": 0.0001, \"high\": 0.1, \"log\": true}}"}
{"op_code":5,"worker_id":"47383c38-1033-4b0d-a1ac-be1a33883e88-140544486217536","trial_id":12,"param_name":"dropout","param_value_internal":0.38128714093885935,"distribution":"{\"name\": \"FloatDistribution\", \"attributes\": {\"step\": null, \"low\": 0.0, \"high\": 0.5, \"log\": false}}"}
{"op_code":5,"worker_id":"47383c38-1033-4b0d-a1ac-be1a33883e88-140544486217536","trial_id":12,"param_name":"nodes","param_value_internal":1,"distribution":"{\"name\": \"CategoricalDistribution\", \"attributes\": {\"choices\": [\"64-64\", \"128-64\", \"256-128\"]}}"}
{"op_code":6,"worker_id":"47383c38-1033-4b0d-a1ac-be1a33883e88-140544486217536","trial_id":12,"state":1,"values":[0.814413963527167],"datetime_complete":"2026-04-01T00:37:13.511866"}
{"op_code":4,"worker_id":"47383c38-1033-4b0d-a1ac-be1a33883e88-140544486217536","study_id":0,"datetime_start":"2026-04-01T00:37:13.522007"}
{"op_code":5,"worker_id":"47383c38-1033-4b0d-a1ac-be1a33883e88-140544486217536","trial_id":13,"param_name":"lr","param_value_internal":0.025374256871661872,"distribution":"{\"name\": \"FloatDistribution\", \"attributes\": {\"step\": null, \"low\": 0.0001, \"high\": 0.1, \"log\": true}}"}
{"op_code":5,"worker_id":"47383c38-1033-4b0d-a1ac-be1a33883e88-140544486217536","trial_id":13,"param_name":"dropout","param_value_internal":0.3919223881967926,"distribution":"{\"name\": \"FloatDistribution\", \"attributes\": {\"step\": null, \"low\": 0.0, \"high\": 0.5, \"log\": false}}"}
{"op_code":5,"worker_id":"47383c38-1033-4b0d-a1ac-be1a33883e88-140544486217536","trial_id":13,"param_name":"nodes","param_value_internal":1,"distribution":"{\"name\": \"CategoricalDistribution\", \"attributes\": {\"choices\": [\"64-64\", \"128-64\", \"256-128\"]}}"}
{"op_code":6,"worker_id":"47383c38-1033-4b0d-a1ac-be1a33883e88-140544486217536","trial_id":13,"state":1,"values":[0.8094091150802339],"datetime_complete":"2026-04-01T00:37:14.876847"}
{"op_code":4,"worker_id":"47383c38-1033-4b0d-a1ac-be1a33883e88-140544486217536","study_id":0,"datetime_start":"2026-04-01T00:37:14.889359"}
{"op_code":5,"worker_id":"47383c38-1033-4b0d-a1ac-be1a33883e88-140544486217536","trial_id":14,"param_name":"lr","param_value_internal":0.01679803274842576,"distribution":"{\"name\": \"FloatDistribution\", \"attributes\": {\"step\": null, \"low\": 0.0001, \"high\": 0.1, \"log\": true}}"}
{"op_code":5,"worker_id":"47383c38-1033-4b0d-a1ac-be1a33883e88-140544486217536","trial_id":14,"param_name":"dropout","param_value_internal":0.2935404460479829,"distribution":"{\"name\": \"FloatDistribution\", \"attributes\": {\"step\": null, \"low\": 0.0, \"high\": 0.5, \"log\": false}}"}
{"op_code":5,"worker_id":"47383c38-1033-4b0d-a1ac-be1a33883e88-140544486217536","trial_id":14,"param_name":"nodes","param_value_internal":1,"distribution":"{\"name\": \"CategoricalDistribution\", \"attributes\": {\"choices\": [\"64-64\", \"128-64\", \"256-128\"]}}"}
{"op_code":6,"worker_id":"47383c38-1033-4b0d-a1ac-be1a33883e88-140544486217536","trial_id":14,"state":1,"values":[0.8078450999405674],"datetime_complete":"2026-04-01T00:37:16.243124"}
{"op_code":4,"worker_id":"47383c38-1033-4b0d-a1ac-be1a33883e88-140544486217536","study_id":0,"datetime_start":"2026-04-01T00:37:16.255058"}
{"op_code":5,"worker_id":"47383c38-1033-4b0d-a1ac-be1a33883e88-140544486217536","trial_id":15,"param_name":"lr","param_value_internal":0.0024937494375304537,"distribution":"{\"name\": \"FloatDistribution\", \"attributes\": {\"step\": null, \"low\": 0.0001, \"high\": 0.1, \"log\": true}}"}
{"op_code":5,"worker_id":"47383c38-1033-4b0d-a1ac-be1a33883e88-140544486217536","trial_id":15,"param_name":"dropout","param_value_internal":0.4284386972479996,"distribution":"{\"name\": \"FloatDistribution\", \"attributes\": {\"step\": null, \"low\": 0.0, \"high\": 0.5, \"log\": false}}"}
{"op_code":5,"worker_id":"47383c38-1033-4b0d-a1ac-be1a33883e88-140544486217536","trial_id":15,"param_name":"nodes","param_value_internal":1,"distribution":"{\"name\": \"CategoricalDistribution\", \"attributes\": {\"choices\": [\"64-64\", \"128-64\", \"256-128\"]}}"}
{"op_code":6,"worker_id":"47383c38-1033-4b0d-a1ac-be1a33883e88-140544486217536","trial_id":15,"state":1,"values":[0.8202008195439332],"datetime_complete":"2026-04-01T00:37:17.609951"}
{"op_code":4,"worker_id":"47383c38-1033-4b0d-a1ac-be1a33883e88-140544486217536","study_id":0,"datetime_start":"2026-04-01T00:37:17.622567"}
{"op_code":5,"worker_id":"47383c38-1033-4b0d-a1ac-be1a33883e88-140544486217536","trial_id":16,"param_name":"lr","param_value_internal":0.09298101707954189,"distribution":"{\"name\": \"FloatDistribution\", \"attributes\": {\"step\": null, \"low\": 0.0001, \"high\": 0.1, \"log\": true}}"}
{"op_code":5,"worker_id":"47383c38-1033-4b0d-a1ac-be1a33883e88-140544486217536","trial_id":16,"param_name":"dropout","param_value_internal":0.27895760783229906,"distribution":"{\"name\": \"FloatDistribution\", \"attributes\": {\"step\": null, \"low\": 0.0, \"high\": 0.5, \"log\": false}}"}
{"op_code":5,"worker_id":"47383c38-1033-4b0d-a1ac-be1a33883e88-140544486217536","trial_id":16,"param_name":"nodes","param_value_internal":1,"distribution":"{\"name\": \"CategoricalDistribution\", \"attributes\": {\"choices\": [\"64-64\", \"128-64\", \"256-128\"]}}"}
{"op_code":6,"worker_id":"47383c38-1033-4b0d-a1ac-be1a33883e88-140544486217536","trial_id":16,"state":1,"values":[0.8167912665394601],"datetime_complete":"2026-04-01T00:37:18.989638"}
{"op_code":4,"worker_id":"47383c38-1033-4b0d-a1ac-be1a33883e88-140544486217536","study_id":0,"datetime_start":"2026-04-01T00:37:18.999906"}
{"op_code":5,"worker_id":"47383c38-1033-4b0d-a1ac-be1a33883e88-140544486217536","trial_id":17,"param_name":"lr","param_value_internal":0.0063626755820207674,"distribution":"{\"name\": \"FloatDistribution\", \"attributes\": {\"step\": null, \"low\": 0.0001, \"high\": 0.1, \"log\": true}}"}
{"op_code":5,"worker_id":"47383c38-1033-4b0d-a1ac-be1a33883e88-140544486217536","trial_id":17,"param_name":"dropout","param_value_internal":0.43686095026997074,"distribution":"{\"name\": \"FloatDistribution\", \"attributes\": {\"step\": null, \"low\": 0.0, \"high\": 0.5, \"log\": false}}"}
{"op_code":5,"worker_id":"47383c38-1033-4b0d-a1ac-be1a33883e88-140544486217536","trial_id":17,"param_name":"nodes","param_value_internal":1,"distribution":"{\"name\": \"CategoricalDistribution\", \"attributes\": {\"choices\": [\"64-64\", \"128-64\", \"256-128\"]}}"}
{"op_code":6,"worker_id":"47383c38-1033-4b0d-a1ac-be1a33883e88-140544486217536","trial_id":17,"state":1,"values":[0.809690637805374],"datetime_complete":"2026-04-01T00:37:20.351210"}
{"op_code":4,"worker_id":"47383c38-1033-4b0d-a1ac-be1a33883e88-140544486217536","study_id":0,"datetime_start":"2026-04-01T00:37:20.363611"}
{"op_code":5,"worker_id":"47383c38-1033-4b0d-a1ac-be1a33883e88-140544486217536","trial_id":18,"param_name":"lr","param_value_internal":0.000974700125148129,"distribution":"{\"name\": \"FloatDistribution\", \"attributes\": {\"step\": null, \"low\": 0.0001, \"high\": 0.1, \"log\": true}}"}
{"op_code":5,"worker_id":"47383c38-1033-4b0d-a1ac-be1a33883e88-140544486217536","trial_id":18,"param_name":"dropout","param_value_internal":0.351726868030127,"distribution":"{\"name\": \"FloatDistribution\", \"attributes\": {\"step\": null, \"low\": 0.0, \"high\": 0.5, \"log\": false}}"}
{"op_code":5,"worker_id":"47383c38-1033-4b0d-a1ac-be1a33883e88-140544486217536","trial_id":18,"param_name":"nodes","param_value_internal":1,"distribution":"{\"name\": \"CategoricalDistribution\", \"attributes\": {\"choices\": [\"64-64\", \"128-64\", \"256-128\"]}}"}
{"op_code":6,"worker_id":"47383c38-1033-4b0d-a1ac-be1a33883e88-140544486217536","trial_id":18,"state":1,"values":[0.808470705996434],"datetime_complete":"2026-04-01T00:37:21.722007"}
{"op_code":4,"worker_id":"47383c38-1033-4b0d-a1ac-be1a33883e88-140544486217536","study_id":0,"datetime_start":"2026-04-01T00:37:21.731861"}
{"op_code":5,"worker_id":"47383c38-1033-4b0d-a1ac-be1a33883e88-140544486217536","trial_id":19,"param_name":"lr","param_value_internal":0.002944663112285202,"distribution":"{\"name\": \"FloatDistribution\", \"attributes\": {\"step\": null, \"low\": 0.0001, \"high\": 0.1, \"log\": true}}"}
{"op_code":5,"worker_id":"47383c38-1033-4b0d-a1ac-be1a33883e88-140544486217536","trial_id":19,"param_name":"dropout","param_value_internal":0.0009468342284295606,"distribution":"{\"name\": \"FloatDistribution\", \"attributes\": {\"step\": null, \"low\": 0.0, \"high\": 0.5, \"log\": false}}"}
{"op_code":5,"worker_id":"47383c38-1033-4b0d-a1ac-be1a33883e88-140544486217536","trial_id":19,"param_name":"nodes","param_value_internal":0,"distribution":"{\"name\": \"CategoricalDistribution\", \"attributes\": {\"choices\": [\"64-64\", \"128-64\", \"256-128\"]}}"}
{"op_code":6,"worker_id":"47383c38-1033-4b0d-a1ac-be1a33883e88-140544486217536","trial_id":19,"state":1,"values":[0.7918921455159686],"datetime_complete":"2026-04-01T00:37:23.083730"}
