{"op_code":0,"worker_id":"df38c9bc-0906-49fb-b4ee-8b36e7eebf6e-140485451474752","study_name":"pchazard_tuning","directions":[2]}
{"op_code":4,"worker_id":"df38c9bc-0906-49fb-b4ee-8b36e7eebf6e-140485451474752","study_id":0,"datetime_start":"2026-04-06T11:00:24.842010"}
{"op_code":5,"worker_id":"df38c9bc-0906-49fb-b4ee-8b36e7eebf6e-140485451474752","trial_id":0,"param_name":"lr","param_value_internal":0.02143631021977052,"distribution":"{\"name\": \"FloatDistribution\", \"attributes\": {\"step\": null, \"low\": 0.0001, \"high\": 0.1, \"log\": true}}"}
{"op_code":5,"worker_id":"df38c9bc-0906-49fb-b4ee-8b36e7eebf6e-140485451474752","trial_id":0,"param_name":"dropout","param_value_internal":0.3120407615115692,"distribution":"{\"name\": \"FloatDistribution\", \"attributes\": {\"step\": null, \"low\": 0.0, \"high\": 0.5, \"log\": false}}"}
{"op_code":5,"worker_id":"df38c9bc-0906-49fb-b4ee-8b36e7eebf6e-140485451474752","trial_id":0,"param_name":"layers","param_value_internal":2.0,"distribution":"{\"name\": \"IntDistribution\", \"attributes\": {\"log\": false, \"step\": 1, \"low\": 1, \"high\": 3}}"}
{"op_code":5,"worker_id":"df38c9bc-0906-49fb-b4ee-8b36e7eebf6e-140485451474752","trial_id":0,"param_name":"nodes","param_value_internal":1,"distribution":"{\"name\": \"CategoricalDistribution\", \"attributes\": {\"choices\": [32, 64, 128]}}"}
{"op_code":6,"worker_id":"df38c9bc-0906-49fb-b4ee-8b36e7eebf6e-140485451474752","trial_id":0,"state":1,"values":[0.0],"datetime_complete":"2026-04-06T11:00:24.899793"}
{"op_code":4,"worker_id":"df38c9bc-0906-49fb-b4ee-8b36e7eebf6e-140485451474752","study_id":0,"datetime_start":"2026-04-06T11:00:24.910634"}
{"op_code":5,"worker_id":"df38c9bc-0906-49fb-b4ee-8b36e7eebf6e-140485451474752","trial_id":1,"param_name":"lr","param_value_internal":0.0005303175496842364,"distribution":"{\"name\": \"FloatDistribution\", \"attributes\": {\"step\": null, \"low\": 0.0001, \"high\": 0.1, \"log\": true}}"}
{"op_code":5,"worker_id":"df38c9bc-0906-49fb-b4ee-8b36e7eebf6e-140485451474752","trial_id":1,"param_name":"dropout","param_value_internal":0.01640706216036747,"distribution":"{\"name\": \"FloatDistribution\", \"attributes\": {\"step\": null, \"low\": 0.0, \"high\": 0.5, \"log\": false}}"}
{"op_code":5,"worker_id":"df38c9bc-0906-49fb-b4ee-8b36e7eebf6e-140485451474752","trial_id":1,"param_name":"layers","param_value_internal":1.0,"distribution":"{\"name\": \"IntDistribution\", \"attributes\": {\"log\": false, \"step\": 1, \"low\": 1, \"high\": 3}}"}
{"op_code":5,"worker_id":"df38c9bc-0906-49fb-b4ee-8b36e7eebf6e-140485451474752","trial_id":1,"param_name":"nodes","param_value_internal":2,"distribution":"{\"name\": \"CategoricalDistribution\", \"attributes\": {\"choices\": [32, 64, 128]}}"}
{"op_code":6,"worker_id":"df38c9bc-0906-49fb-b4ee-8b36e7eebf6e-140485451474752","trial_id":1,"state":1,"values":[0.0],"datetime_complete":"2026-04-06T11:00:24.962026"}
{"op_code":4,"worker_id":"df38c9bc-0906-49fb-b4ee-8b36e7eebf6e-140485451474752","study_id":0,"datetime_start":"2026-04-06T11:00:24.972271"}
{"op_code":5,"worker_id":"df38c9bc-0906-49fb-b4ee-8b36e7eebf6e-140485451474752","trial_id":2,"param_name":"lr","param_value_internal":0.000217871572551211,"distribution":"{\"name\": \"FloatDistribution\", \"attributes\": {\"step\": null, \"low\": 0.0001, \"high\": 0.1, \"log\": true}}"}
{"op_code":5,"worker_id":"df38c9bc-0906-49fb-b4ee-8b36e7eebf6e-140485451474752","trial_id":2,"param_name":"dropout","param_value_internal":0.19389661690853022,"distribution":"{\"name\": \"FloatDistribution\", \"attributes\": {\"step\": null, \"low\": 0.0, \"high\": 0.5, \"log\": false}}"}
{"op_code":5,"worker_id":"df38c9bc-0906-49fb-b4ee-8b36e7eebf6e-140485451474752","trial_id":2,"param_name":"layers","param_value_internal":1.0,"distribution":"{\"name\": \"IntDistribution\", \"attributes\": {\"log\": false, \"step\": 1, \"low\": 1, \"high\": 3}}"}
{"op_code":5,"worker_id":"df38c9bc-0906-49fb-b4ee-8b36e7eebf6e-140485451474752","trial_id":2,"param_name":"nodes","param_value_internal":1,"distribution":"{\"name\": \"CategoricalDistribution\", \"attributes\": {\"choices\": [32, 64, 128]}}"}
{"op_code":6,"worker_id":"df38c9bc-0906-49fb-b4ee-8b36e7eebf6e-140485451474752","trial_id":2,"state":1,"values":[0.0],"datetime_complete":"2026-04-06T11:00:25.027349"}
{"op_code":4,"worker_id":"df38c9bc-0906-49fb-b4ee-8b36e7eebf6e-140485451474752","study_id":0,"datetime_start":"2026-04-06T11:00:25.038148"}
{"op_code":5,"worker_id":"df38c9bc-0906-49fb-b4ee-8b36e7eebf6e-140485451474752","trial_id":3,"param_name":"lr","param_value_internal":0.006969720818911655,"distribution":"{\"name\": \"FloatDistribution\", \"attributes\": {\"step\": null, \"low\": 0.0001, \"high\": 0.1, \"log\": true}}"}
{"op_code":5,"worker_id":"df38c9bc-0906-49fb-b4ee-8b36e7eebf6e-140485451474752","trial_id":3,"param_name":"dropout","param_value_internal":0.29375939378862737,"distribution":"{\"name\": \"FloatDistribution\", \"attributes\": {\"step\": null, \"low\": 0.0, \"high\": 0.5, \"log\": false}}"}
{"op_code":5,"worker_id":"df38c9bc-0906-49fb-b4ee-8b36e7eebf6e-140485451474752","trial_id":3,"param_name":"layers","param_value_internal":3.0,"distribution":"{\"name\": \"IntDistribution\", \"attributes\": {\"log\": false, \"step\": 1, \"low\": 1, \"high\": 3}}"}
{"op_code":5,"worker_id":"df38c9bc-0906-49fb-b4ee-8b36e7eebf6e-140485451474752","trial_id":3,"param_name":"nodes","param_value_internal":1,"distribution":"{\"name\": \"CategoricalDistribution\", \"attributes\": {\"choices\": [32, 64, 128]}}"}
{"op_code":6,"worker_id":"df38c9bc-0906-49fb-b4ee-8b36e7eebf6e-140485451474752","trial_id":3,"state":1,"values":[0.0],"datetime_complete":"2026-04-06T11:00:25.101154"}
{"op_code":4,"worker_id":"df38c9bc-0906-49fb-b4ee-8b36e7eebf6e-140485451474752","study_id":0,"datetime_start":"2026-04-06T11:00:25.114667"}
{"op_code":5,"worker_id":"df38c9bc-0906-49fb-b4ee-8b36e7eebf6e-140485451474752","trial_id":4,"param_name":"lr","param_value_internal":0.00011997536095580777,"distribution":"{\"name\": \"FloatDistribution\", \"attributes\": {\"step\": null, \"low\": 0.0001, \"high\": 0.1, \"log\": true}}"}
{"op_code":5,"worker_id":"df38c9bc-0906-49fb-b4ee-8b36e7eebf6e-140485451474752","trial_id":4,"param_name":"dropout","param_value_internal":0.47586972337357614,"distribution":"{\"name\": \"FloatDistribution\", \"attributes\": {\"step\": null, \"low\": 0.0, \"high\": 0.5, \"log\": false}}"}
{"op_code":5,"worker_id":"df38c9bc-0906-49fb-b4ee-8b36e7eebf6e-140485451474752","trial_id":4,"param_name":"layers","param_value_internal":3.0,"distribution":"{\"name\": \"IntDistribution\", \"attributes\": {\"log\": false, \"step\": 1, \"low\": 1, \"high\": 3}}"}
{"op_code":5,"worker_id":"df38c9bc-0906-49fb-b4ee-8b36e7eebf6e-140485451474752","trial_id":4,"param_name":"nodes","param_value_internal":1,"distribution":"{\"name\": \"CategoricalDistribution\", \"attributes\": {\"choices\": [32, 64, 128]}}"}
{"op_code":6,"worker_id":"df38c9bc-0906-49fb-b4ee-8b36e7eebf6e-140485451474752","trial_id":4,"state":1,"values":[0.0],"datetime_complete":"2026-04-06T11:00:25.191906"}
{"op_code":4,"worker_id":"df38c9bc-0906-49fb-b4ee-8b36e7eebf6e-140485451474752","study_id":0,"datetime_start":"2026-04-06T11:00:25.211664"}
{"op_code":5,"worker_id":"df38c9bc-0906-49fb-b4ee-8b36e7eebf6e-140485451474752","trial_id":5,"param_name":"lr","param_value_internal":0.01626903819435357,"distribution":"{\"name\": \"FloatDistribution\", \"attributes\": {\"step\": null, \"low\": 0.0001, \"high\": 0.1, \"log\": true}}"}
{"op_code":5,"worker_id":"df38c9bc-0906-49fb-b4ee-8b36e7eebf6e-140485451474752","trial_id":5,"param_name":"dropout","param_value_internal":0.13063368533526531,"distribution":"{\"name\": \"FloatDistribution\", \"attributes\": {\"step\": null, \"low\": 0.0, \"high\": 0.5, \"log\": false}}"}
{"op_code":5,"worker_id":"df38c9bc-0906-49fb-b4ee-8b36e7eebf6e-140485451474752","trial_id":5,"param_name":"layers","param_value_internal":2.0,"distribution":"{\"name\": \"IntDistribution\", \"attributes\": {\"log\": false, \"step\": 1, \"low\": 1, \"high\": 3}}"}
{"op_code":5,"worker_id":"df38c9bc-0906-49fb-b4ee-8b36e7eebf6e-140485451474752","trial_id":5,"param_name":"nodes","param_value_internal":0,"distribution":"{\"name\": \"CategoricalDistribution\", \"attributes\": {\"choices\": [32, 64, 128]}}"}
{"op_code":6,"worker_id":"df38c9bc-0906-49fb-b4ee-8b36e7eebf6e-140485451474752","trial_id":5,"state":1,"values":[0.0],"datetime_complete":"2026-04-06T11:00:25.297164"}
{"op_code":4,"worker_id":"df38c9bc-0906-49fb-b4ee-8b36e7eebf6e-140485451474752","study_id":0,"datetime_start":"2026-04-06T11:00:25.313724"}
{"op_code":5,"worker_id":"df38c9bc-0906-49fb-b4ee-8b36e7eebf6e-140485451474752","trial_id":6,"param_name":"lr","param_value_internal":0.0018459609904047485,"distribution":"{\"name\": \"FloatDistribution\", \"attributes\": {\"step\": null, \"low\": 0.0001, \"high\": 0.1, \"log\": true}}"}
{"op_code":5,"worker_id":"df38c9bc-0906-49fb-b4ee-8b36e7eebf6e-140485451474752","trial_id":6,"param_name":"dropout","param_value_internal":0.2573329349942484,"distribution":"{\"name\": \"FloatDistribution\", \"attributes\": {\"step\": null, \"low\": 0.0, \"high\": 0.5, \"log\": false}}"}
{"op_code":5,"worker_id":"df38c9bc-0906-49fb-b4ee-8b36e7eebf6e-140485451474752","trial_id":6,"param_name":"layers","param_value_internal":2.0,"distribution":"{\"name\": \"IntDistribution\", \"attributes\": {\"log\": false, \"step\": 1, \"low\": 1, \"high\": 3}}"}
{"op_code":5,"worker_id":"df38c9bc-0906-49fb-b4ee-8b36e7eebf6e-140485451474752","trial_id":6,"param_name":"nodes","param_value_internal":0,"distribution":"{\"name\": \"CategoricalDistribution\", \"attributes\": {\"choices\": [32, 64, 128]}}"}
{"op_code":6,"worker_id":"df38c9bc-0906-49fb-b4ee-8b36e7eebf6e-140485451474752","trial_id":6,"state":1,"values":[0.0],"datetime_complete":"2026-04-06T11:00:25.399657"}
{"op_code":4,"worker_id":"df38c9bc-0906-49fb-b4ee-8b36e7eebf6e-140485451474752","study_id":0,"datetime_start":"2026-04-06T11:00:25.416734"}
{"op_code":5,"worker_id":"df38c9bc-0906-49fb-b4ee-8b36e7eebf6e-140485451474752","trial_id":7,"param_name":"lr","param_value_internal":0.03082229596981873,"distribution":"{\"name\": \"FloatDistribution\", \"attributes\": {\"step\": null, \"low\": 0.0001, \"high\": 0.1, \"log\": true}}"}
{"op_code":5,"worker_id":"df38c9bc-0906-49fb-b4ee-8b36e7eebf6e-140485451474752","trial_id":7,"param_name":"dropout","param_value_internal":0.38340148992861156,"distribution":"{\"name\": \"FloatDistribution\", \"attributes\": {\"step\": null, \"low\": 0.0, \"high\": 0.5, \"log\": false}}"}
{"op_code":5,"worker_id":"df38c9bc-0906-49fb-b4ee-8b36e7eebf6e-140485451474752","trial_id":7,"param_name":"layers","param_value_internal":1.0,"distribution":"{\"name\": \"IntDistribution\", \"attributes\": {\"log\": false, \"step\": 1, \"low\": 1, \"high\": 3}}"}
{"op_code":5,"worker_id":"df38c9bc-0906-49fb-b4ee-8b36e7eebf6e-140485451474752","trial_id":7,"param_name":"nodes","param_value_internal":2,"distribution":"{\"name\": \"CategoricalDistribution\", \"attributes\": {\"choices\": [32, 64, 128]}}"}
{"op_code":6,"worker_id":"df38c9bc-0906-49fb-b4ee-8b36e7eebf6e-140485451474752","trial_id":7,"state":1,"values":[0.0],"datetime_complete":"2026-04-06T11:00:25.506701"}
{"op_code":4,"worker_id":"df38c9bc-0906-49fb-b4ee-8b36e7eebf6e-140485451474752","study_id":0,"datetime_start":"2026-04-06T11:00:25.523992"}
{"op_code":5,"worker_id":"df38c9bc-0906-49fb-b4ee-8b36e7eebf6e-140485451474752","trial_id":8,"param_name":"lr","param_value_internal":0.0834103738174031,"distribution":"{\"name\": \"FloatDistribution\", \"attributes\": {\"step\": null, \"low\": 0.0001, \"high\": 0.1, \"log\": true}}"}
{"op_code":5,"worker_id":"df38c9bc-0906-49fb-b4ee-8b36e7eebf6e-140485451474752","trial_id":8,"param_name":"dropout","param_value_internal":0.22956425820222232,"distribution":"{\"name\": \"FloatDistribution\", \"attributes\": {\"step\": null, \"low\": 0.0, \"high\": 0.5, \"log\": false}}"}
{"op_code":5,"worker_id":"df38c9bc-0906-49fb-b4ee-8b36e7eebf6e-140485451474752","trial_id":8,"param_name":"layers","param_value_internal":1.0,"distribution":"{\"name\": \"IntDistribution\", \"attributes\": {\"log\": false, \"step\": 1, \"low\": 1, \"high\": 3}}"}
{"op_code":5,"worker_id":"df38c9bc-0906-49fb-b4ee-8b36e7eebf6e-140485451474752","trial_id":8,"param_name":"nodes","param_value_internal":2,"distribution":"{\"name\": \"CategoricalDistribution\", \"attributes\": {\"choices\": [32, 64, 128]}}"}
{"op_code":6,"worker_id":"df38c9bc-0906-49fb-b4ee-8b36e7eebf6e-140485451474752","trial_id":8,"state":1,"values":[0.0],"datetime_complete":"2026-04-06T11:00:25.617669"}
{"op_code":4,"worker_id":"df38c9bc-0906-49fb-b4ee-8b36e7eebf6e-140485451474752","study_id":0,"datetime_start":"2026-04-06T11:00:25.643623"}
{"op_code":5,"worker_id":"df38c9bc-0906-49fb-b4ee-8b36e7eebf6e-140485451474752","trial_id":9,"param_name":"lr","param_value_internal":0.0017498154393651407,"distribution":"{\"name\": \"FloatDistribution\", \"attributes\": {\"step\": null, \"low\": 0.0001, \"high\": 0.1, \"log\": true}}"}
{"op_code":5,"worker_id":"df38c9bc-0906-49fb-b4ee-8b36e7eebf6e-140485451474752","trial_id":9,"param_name":"dropout","param_value_internal":0.28089631240227436,"distribution":"{\"name\": \"FloatDistribution\", \"attributes\": {\"step\": null, \"low\": 0.0, \"high\": 0.5, \"log\": false}}"}
{"op_code":5,"worker_id":"df38c9bc-0906-49fb-b4ee-8b36e7eebf6e-140485451474752","trial_id":9,"param_name":"layers","param_value_internal":3.0,"distribution":"{\"name\": \"IntDistribution\", \"attributes\": {\"log\": false, \"step\": 1, \"low\": 1, \"high\": 3}}"}
{"op_code":5,"worker_id":"df38c9bc-0906-49fb-b4ee-8b36e7eebf6e-140485451474752","trial_id":9,"param_name":"nodes","param_value_internal":1,"distribution":"{\"name\": \"CategoricalDistribution\", \"attributes\": {\"choices\": [32, 64, 128]}}"}
{"op_code":6,"worker_id":"df38c9bc-0906-49fb-b4ee-8b36e7eebf6e-140485451474752","trial_id":9,"state":1,"values":[0.0],"datetime_complete":"2026-04-06T11:00:25.739821"}
{"op_code":4,"worker_id":"df38c9bc-0906-49fb-b4ee-8b36e7eebf6e-140485451474752","study_id":0,"datetime_start":"2026-04-06T11:00:25.760300"}
{"op_code":5,"worker_id":"df38c9bc-0906-49fb-b4ee-8b36e7eebf6e-140485451474752","trial_id":10,"param_name":"lr","param_value_internal":0.06850831421768486,"distribution":"{\"name\": \"FloatDistribution\", \"attributes\": {\"step\": null, \"low\": 0.0001, \"high\": 0.1, \"log\": true}}"}
{"op_code":5,"worker_id":"df38c9bc-0906-49fb-b4ee-8b36e7eebf6e-140485451474752","trial_id":10,"param_name":"dropout","param_value_internal":0.38360571879764793,"distribution":"{\"name\": \"FloatDistribution\", \"attributes\": {\"step\": null, \"low\": 0.0, \"high\": 0.5, \"log\": false}}"}
{"op_code":5,"worker_id":"df38c9bc-0906-49fb-b4ee-8b36e7eebf6e-140485451474752","trial_id":10,"param_name":"layers","param_value_internal":2.0,"distribution":"{\"name\": \"IntDistribution\", \"attributes\": {\"log\": false, \"step\": 1, \"low\": 1, \"high\": 3}}"}
{"op_code":5,"worker_id":"df38c9bc-0906-49fb-b4ee-8b36e7eebf6e-140485451474752","trial_id":10,"param_name":"nodes","param_value_internal":1,"distribution":"{\"name\": \"CategoricalDistribution\", \"attributes\": {\"choices\": [32, 64, 128]}}"}
{"op_code":6,"worker_id":"df38c9bc-0906-49fb-b4ee-8b36e7eebf6e-140485451474752","trial_id":10,"state":1,"values":[0.0],"datetime_complete":"2026-04-06T11:00:25.870477"}
{"op_code":4,"worker_id":"df38c9bc-0906-49fb-b4ee-8b36e7eebf6e-140485451474752","study_id":0,"datetime_start":"2026-04-06T11:00:25.892118"}
{"op_code":5,"worker_id":"df38c9bc-0906-49fb-b4ee-8b36e7eebf6e-140485451474752","trial_id":11,"param_name":"lr","param_value_internal":0.0005502839440583226,"distribution":"{\"name\": \"FloatDistribution\", \"attributes\": {\"step\": null, \"low\": 0.0001, \"high\": 0.1, \"log\": true}}"}
{"op_code":5,"worker_id":"df38c9bc-0906-49fb-b4ee-8b36e7eebf6e-140485451474752","trial_id":11,"param_name":"dropout","param_value_internal":0.01635066882620977,"distribution":"{\"name\": \"FloatDistribution\", \"attributes\": {\"step\": null, \"low\": 0.0, \"high\": 0.5, \"log\": false}}"}
{"op_code":5,"worker_id":"df38c9bc-0906-49fb-b4ee-8b36e7eebf6e-140485451474752","trial_id":11,"param_name":"layers","param_value_internal":1.0,"distribution":"{\"name\": \"IntDistribution\", \"attributes\": {\"log\": false, \"step\": 1, \"low\": 1, \"high\": 3}}"}
{"op_code":5,"worker_id":"df38c9bc-0906-49fb-b4ee-8b36e7eebf6e-140485451474752","trial_id":11,"param_name":"nodes","param_value_internal":2,"distribution":"{\"name\": \"CategoricalDistribution\", \"attributes\": {\"choices\": [32, 64, 128]}}"}
{"op_code":6,"worker_id":"df38c9bc-0906-49fb-b4ee-8b36e7eebf6e-140485451474752","trial_id":11,"state":1,"values":[0.0],"datetime_complete":"2026-04-06T11:00:26.003304"}
{"op_code":4,"worker_id":"df38c9bc-0906-49fb-b4ee-8b36e7eebf6e-140485451474752","study_id":0,"datetime_start":"2026-04-06T11:00:26.024283"}
{"op_code":5,"worker_id":"df38c9bc-0906-49fb-b4ee-8b36e7eebf6e-140485451474752","trial_id":12,"param_name":"lr","param_value_internal":0.0005625919101209073,"distribution":"{\"name\": \"FloatDistribution\", \"attributes\": {\"step\": null, \"low\": 0.0001, \"high\": 0.1, \"log\": true}}"}
{"op_code":5,"worker_id":"df38c9bc-0906-49fb-b4ee-8b36e7eebf6e-140485451474752","trial_id":12,"param_name":"dropout","param_value_internal":0.0006576324287805302,"distribution":"{\"name\": \"FloatDistribution\", \"attributes\": {\"step\": null, \"low\": 0.0, \"high\": 0.5, \"log\": false}}"}
{"op_code":5,"worker_id":"df38c9bc-0906-49fb-b4ee-8b36e7eebf6e-140485451474752","trial_id":12,"param_name":"layers","param_value_internal":2.0,"distribution":"{\"name\": \"IntDistribution\", \"attributes\": {\"log\": false, \"step\": 1, \"low\": 1, \"high\": 3}}"}
{"op_code":5,"worker_id":"df38c9bc-0906-49fb-b4ee-8b36e7eebf6e-140485451474752","trial_id":12,"param_name":"nodes","param_value_internal":2,"distribution":"{\"name\": \"CategoricalDistribution\", \"attributes\": {\"choices\": [32, 64, 128]}}"}
{"op_code":6,"worker_id":"df38c9bc-0906-49fb-b4ee-8b36e7eebf6e-140485451474752","trial_id":12,"state":1,"values":[0.0],"datetime_complete":"2026-04-06T11:00:26.134968"}
{"op_code":4,"worker_id":"df38c9bc-0906-49fb-b4ee-8b36e7eebf6e-140485451474752","study_id":0,"datetime_start":"2026-04-06T11:00:26.156170"}
{"op_code":5,"worker_id":"df38c9bc-0906-49fb-b4ee-8b36e7eebf6e-140485451474752","trial_id":13,"param_name":"lr","param_value_internal":0.004408423841489379,"distribution":"{\"name\": \"FloatDistribution\", \"attributes\": {\"step\": null, \"low\": 0.0001, \"high\": 0.1, \"log\": true}}"}
{"op_code":5,"worker_id":"df38c9bc-0906-49fb-b4ee-8b36e7eebf6e-140485451474752","trial_id":13,"param_name":"dropout","param_value_internal":0.11652198774924023,"distribution":"{\"name\": \"FloatDistribution\", \"attributes\": {\"step\": null, \"low\": 0.0, \"high\": 0.5, \"log\": false}}"}
{"op_code":5,"worker_id":"df38c9bc-0906-49fb-b4ee-8b36e7eebf6e-140485451474752","trial_id":13,"param_name":"layers","param_value_internal":1.0,"distribution":"{\"name\": \"IntDistribution\", \"attributes\": {\"log\": false, \"step\": 1, \"low\": 1, \"high\": 3}}"}
{"op_code":5,"worker_id":"df38c9bc-0906-49fb-b4ee-8b36e7eebf6e-140485451474752","trial_id":13,"param_name":"nodes","param_value_internal":2,"distribution":"{\"name\": \"CategoricalDistribution\", \"attributes\": {\"choices\": [32, 64, 128]}}"}
{"op_code":6,"worker_id":"df38c9bc-0906-49fb-b4ee-8b36e7eebf6e-140485451474752","trial_id":13,"state":1,"values":[0.0],"datetime_complete":"2026-04-06T11:00:26.244171"}
{"op_code":4,"worker_id":"df38c9bc-0906-49fb-b4ee-8b36e7eebf6e-140485451474752","study_id":0,"datetime_start":"2026-04-06T11:00:26.256428"}
{"op_code":5,"worker_id":"df38c9bc-0906-49fb-b4ee-8b36e7eebf6e-140485451474752","trial_id":14,"param_name":"lr","param_value_internal":0.01672692147611847,"distribution":"{\"name\": \"FloatDistribution\", \"attributes\": {\"step\": null, \"low\": 0.0001, \"high\": 0.1, \"log\": true}}"}
{"op_code":5,"worker_id":"df38c9bc-0906-49fb-b4ee-8b36e7eebf6e-140485451474752","trial_id":14,"param_name":"dropout","param_value_internal":0.3568866727437408,"distribution":"{\"name\": \"FloatDistribution\", \"attributes\": {\"step\": null, \"low\": 0.0, \"high\": 0.5, \"log\": false}}"}
{"op_code":5,"worker_id":"df38c9bc-0906-49fb-b4ee-8b36e7eebf6e-140485451474752","trial_id":14,"param_name":"layers","param_value_internal":2.0,"distribution":"{\"name\": \"IntDistribution\", \"attributes\": {\"log\": false, \"step\": 1, \"low\": 1, \"high\": 3}}"}
{"op_code":5,"worker_id":"df38c9bc-0906-49fb-b4ee-8b36e7eebf6e-140485451474752","trial_id":14,"param_name":"nodes","param_value_internal":0,"distribution":"{\"name\": \"CategoricalDistribution\", \"attributes\": {\"choices\": [32, 64, 128]}}"}
{"op_code":6,"worker_id":"df38c9bc-0906-49fb-b4ee-8b36e7eebf6e-140485451474752","trial_id":14,"state":1,"values":[0.0],"datetime_complete":"2026-04-06T11:00:26.325877"}
{"op_code":4,"worker_id":"df38c9bc-0906-49fb-b4ee-8b36e7eebf6e-140485451474752","study_id":0,"datetime_start":"2026-04-06T11:00:26.339200"}
{"op_code":5,"worker_id":"df38c9bc-0906-49fb-b4ee-8b36e7eebf6e-140485451474752","trial_id":15,"param_name":"lr","param_value_internal":0.0008127713843446467,"distribution":"{\"name\": \"FloatDistribution\", \"attributes\": {\"step\": null, \"low\": 0.0001, \"high\": 0.1, \"log\": true}}"}
{"op_code":5,"worker_id":"df38c9bc-0906-49fb-b4ee-8b36e7eebf6e-140485451474752","trial_id":15,"param_name":"dropout","param_value_internal":0.10300405036167193,"distribution":"{\"name\": \"FloatDistribution\", \"attributes\": {\"step\": null, \"low\": 0.0, \"high\": 0.5, \"log\": false}}"}
{"op_code":5,"worker_id":"df38c9bc-0906-49fb-b4ee-8b36e7eebf6e-140485451474752","trial_id":15,"param_name":"layers","param_value_internal":2.0,"distribution":"{\"name\": \"IntDistribution\", \"attributes\": {\"log\": false, \"step\": 1, \"low\": 1, \"high\": 3}}"}
{"op_code":5,"worker_id":"df38c9bc-0906-49fb-b4ee-8b36e7eebf6e-140485451474752","trial_id":15,"param_name":"nodes","param_value_internal":1,"distribution":"{\"name\": \"CategoricalDistribution\", \"attributes\": {\"choices\": [32, 64, 128]}}"}
{"op_code":6,"worker_id":"df38c9bc-0906-49fb-b4ee-8b36e7eebf6e-140485451474752","trial_id":15,"state":1,"values":[0.0],"datetime_complete":"2026-04-06T11:00:26.415117"}
{"op_code":4,"worker_id":"df38c9bc-0906-49fb-b4ee-8b36e7eebf6e-140485451474752","study_id":0,"datetime_start":"2026-04-06T11:00:26.426227"}
{"op_code":5,"worker_id":"df38c9bc-0906-49fb-b4ee-8b36e7eebf6e-140485451474752","trial_id":16,"param_name":"lr","param_value_internal":0.007780594234257567,"distribution":"{\"name\": \"FloatDistribution\", \"attributes\": {\"step\": null, \"low\": 0.0001, \"high\": 0.1, \"log\": true}}"}
{"op_code":5,"worker_id":"df38c9bc-0906-49fb-b4ee-8b36e7eebf6e-140485451474752","trial_id":16,"param_name":"dropout","param_value_internal":0.17818617117419183,"distribution":"{\"name\": \"FloatDistribution\", \"attributes\": {\"step\": null, \"low\": 0.0, \"high\": 0.5, \"log\": false}}"}
{"op_code":5,"worker_id":"df38c9bc-0906-49fb-b4ee-8b36e7eebf6e-140485451474752","trial_id":16,"param_name":"layers","param_value_internal":1.0,"distribution":"{\"name\": \"IntDistribution\", \"attributes\": {\"log\": false, \"step\": 1, \"low\": 1, \"high\": 3}}"}
{"op_code":5,"worker_id":"df38c9bc-0906-49fb-b4ee-8b36e7eebf6e-140485451474752","trial_id":16,"param_name":"nodes","param_value_internal":2,"distribution":"{\"name\": \"CategoricalDistribution\", \"attributes\": {\"choices\": [32, 64, 128]}}"}
{"op_code":6,"worker_id":"df38c9bc-0906-49fb-b4ee-8b36e7eebf6e-140485451474752","trial_id":16,"state":1,"values":[0.0],"datetime_complete":"2026-04-06T11:00:26.502539"}
{"op_code":4,"worker_id":"df38c9bc-0906-49fb-b4ee-8b36e7eebf6e-140485451474752","study_id":0,"datetime_start":"2026-04-06T11:00:26.515151"}
{"op_code":5,"worker_id":"df38c9bc-0906-49fb-b4ee-8b36e7eebf6e-140485451474752","trial_id":17,"param_name":"lr","param_value_internal":0.00025307825926708394,"distribution":"{\"name\": \"FloatDistribution\", \"attributes\": {\"step\": null, \"low\": 0.0001, \"high\": 0.1, \"log\": true}}"}
{"op_code":5,"worker_id":"df38c9bc-0906-49fb-b4ee-8b36e7eebf6e-140485451474752","trial_id":17,"param_name":"dropout","param_value_internal":0.41890258169753614,"distribution":"{\"name\": \"FloatDistribution\", \"attributes\": {\"step\": null, \"low\": 0.0, \"high\": 0.5, \"log\": false}}"}
{"op_code":5,"worker_id":"df38c9bc-0906-49fb-b4ee-8b36e7eebf6e-140485451474752","trial_id":17,"param_name":"layers","param_value_internal":3.0,"distribution":"{\"name\": \"IntDistribution\", \"attributes\": {\"log\": false, \"step\": 1, \"low\": 1, \"high\": 3}}"}
{"op_code":5,"worker_id":"df38c9bc-0906-49fb-b4ee-8b36e7eebf6e-140485451474752","trial_id":17,"param_name":"nodes","param_value_internal":2,"distribution":"{\"name\": \"CategoricalDistribution\", \"attributes\": {\"choices\": [32, 64, 128]}}"}
{"op_code":6,"worker_id":"df38c9bc-0906-49fb-b4ee-8b36e7eebf6e-140485451474752","trial_id":17,"state":1,"values":[0.0],"datetime_complete":"2026-04-06T11:00:26.585797"}
{"op_code":4,"worker_id":"df38c9bc-0906-49fb-b4ee-8b36e7eebf6e-140485451474752","study_id":0,"datetime_start":"2026-04-06T11:00:26.599914"}
{"op_code":5,"worker_id":"df38c9bc-0906-49fb-b4ee-8b36e7eebf6e-140485451474752","trial_id":18,"param_name":"lr","param_value_internal":0.0017440668902968396,"distribution":"{\"name\": \"FloatDistribution\", \"attributes\": {\"step\": null, \"low\": 0.0001, \"high\": 0.1, \"log\": true}}"}
{"op_code":5,"worker_id":"df38c9bc-0906-49fb-b4ee-8b36e7eebf6e-140485451474752","trial_id":18,"param_name":"dropout","param_value_internal":0.3236505097450415,"distribution":"{\"name\": \"FloatDistribution\", \"attributes\": {\"step\": null, \"low\": 0.0, \"high\": 0.5, \"log\": false}}"}
{"op_code":5,"worker_id":"df38c9bc-0906-49fb-b4ee-8b36e7eebf6e-140485451474752","trial_id":18,"param_name":"layers","param_value_internal":1.0,"distribution":"{\"name\": \"IntDistribution\", \"attributes\": {\"log\": false, \"step\": 1, \"low\": 1, \"high\": 3}}"}
{"op_code":5,"worker_id":"df38c9bc-0906-49fb-b4ee-8b36e7eebf6e-140485451474752","trial_id":18,"param_name":"nodes","param_value_internal":1,"distribution":"{\"name\": \"CategoricalDistribution\", \"attributes\": {\"choices\": [32, 64, 128]}}"}
{"op_code":6,"worker_id":"df38c9bc-0906-49fb-b4ee-8b36e7eebf6e-140485451474752","trial_id":18,"state":1,"values":[0.0],"datetime_complete":"2026-04-06T11:00:26.687908"}
{"op_code":4,"worker_id":"df38c9bc-0906-49fb-b4ee-8b36e7eebf6e-140485451474752","study_id":0,"datetime_start":"2026-04-06T11:00:26.705152"}
{"op_code":5,"worker_id":"df38c9bc-0906-49fb-b4ee-8b36e7eebf6e-140485451474752","trial_id":19,"param_name":"lr","param_value_internal":0.024793351997159756,"distribution":"{\"name\": \"FloatDistribution\", \"attributes\": {\"step\": null, \"low\": 0.0001, \"high\": 0.1, \"log\": true}}"}
{"op_code":5,"worker_id":"df38c9bc-0906-49fb-b4ee-8b36e7eebf6e-140485451474752","trial_id":19,"param_name":"dropout","param_value_internal":0.04424935450896251,"distribution":"{\"name\": \"FloatDistribution\", \"attributes\": {\"step\": null, \"low\": 0.0, \"high\": 0.5, \"log\": false}}"}
{"op_code":5,"worker_id":"df38c9bc-0906-49fb-b4ee-8b36e7eebf6e-140485451474752","trial_id":19,"param_name":"layers","param_value_internal":2.0,"distribution":"{\"name\": \"IntDistribution\", \"attributes\": {\"log\": false, \"step\": 1, \"low\": 1, \"high\": 3}}"}
{"op_code":5,"worker_id":"df38c9bc-0906-49fb-b4ee-8b36e7eebf6e-140485451474752","trial_id":19,"param_name":"nodes","param_value_internal":0,"distribution":"{\"name\": \"CategoricalDistribution\", \"attributes\": {\"choices\": [32, 64, 128]}}"}
{"op_code":6,"worker_id":"df38c9bc-0906-49fb-b4ee-8b36e7eebf6e-140485451474752","trial_id":19,"state":1,"values":[0.0],"datetime_complete":"2026-04-06T11:00:26.804988"}
