{"op_code":0,"worker_id":"77fccd2d-28d9-4e93-8dfc-ad4c4ad97374-139780188845888","study_name":"pchazard_tuning","directions":[2]}
{"op_code":4,"worker_id":"77fccd2d-28d9-4e93-8dfc-ad4c4ad97374-139780188845888","study_id":0,"datetime_start":"2026-04-12T19:09:46.357429"}
{"op_code":5,"worker_id":"77fccd2d-28d9-4e93-8dfc-ad4c4ad97374-139780188845888","trial_id":0,"param_name":"lr","param_value_internal":0.020918337191271247,"distribution":"{\"name\": \"FloatDistribution\", \"attributes\": {\"step\": null, \"low\": 0.0001, \"high\": 0.1, \"log\": true}}"}
{"op_code":5,"worker_id":"77fccd2d-28d9-4e93-8dfc-ad4c4ad97374-139780188845888","trial_id":0,"param_name":"dropout","param_value_internal":0.045094438391120095,"distribution":"{\"name\": \"FloatDistribution\", \"attributes\": {\"step\": null, \"low\": 0.0, \"high\": 0.5, \"log\": false}}"}
{"op_code":5,"worker_id":"77fccd2d-28d9-4e93-8dfc-ad4c4ad97374-139780188845888","trial_id":0,"param_name":"layers","param_value_internal":2.0,"distribution":"{\"name\": \"IntDistribution\", \"attributes\": {\"log\": false, \"step\": 1, \"low\": 1, \"high\": 3}}"}
{"op_code":5,"worker_id":"77fccd2d-28d9-4e93-8dfc-ad4c4ad97374-139780188845888","trial_id":0,"param_name":"nodes","param_value_internal":1,"distribution":"{\"name\": \"CategoricalDistribution\", \"attributes\": {\"choices\": [32, 64, 128]}}"}
{"op_code":6,"worker_id":"77fccd2d-28d9-4e93-8dfc-ad4c4ad97374-139780188845888","trial_id":0,"state":1,"values":[0.5836104286321455],"datetime_complete":"2026-04-12T19:09:48.810129"}
{"op_code":4,"worker_id":"77fccd2d-28d9-4e93-8dfc-ad4c4ad97374-139780188845888","study_id":0,"datetime_start":"2026-04-12T19:09:48.828016"}
{"op_code":5,"worker_id":"77fccd2d-28d9-4e93-8dfc-ad4c4ad97374-139780188845888","trial_id":1,"param_name":"lr","param_value_internal":0.0005324513069067094,"distribution":"{\"name\": \"FloatDistribution\", \"attributes\": {\"step\": null, \"low\": 0.0001, \"high\": 0.1, \"log\": true}}"}
{"op_code":5,"worker_id":"77fccd2d-28d9-4e93-8dfc-ad4c4ad97374-139780188845888","trial_id":1,"param_name":"dropout","param_value_internal":0.3996357067008479,"distribution":"{\"name\": \"FloatDistribution\", \"attributes\": {\"step\": null, \"low\": 0.0, \"high\": 0.5, \"log\": false}}"}
{"op_code":5,"worker_id":"77fccd2d-28d9-4e93-8dfc-ad4c4ad97374-139780188845888","trial_id":1,"param_name":"layers","param_value_internal":3.0,"distribution":"{\"name\": \"IntDistribution\", \"attributes\": {\"log\": false, \"step\": 1, \"low\": 1, \"high\": 3}}"}
{"op_code":5,"worker_id":"77fccd2d-28d9-4e93-8dfc-ad4c4ad97374-139780188845888","trial_id":1,"param_name":"nodes","param_value_internal":1,"distribution":"{\"name\": \"CategoricalDistribution\", \"attributes\": {\"choices\": [32, 64, 128]}}"}
{"op_code":6,"worker_id":"77fccd2d-28d9-4e93-8dfc-ad4c4ad97374-139780188845888","trial_id":1,"state":1,"values":[0.557610442269098],"datetime_complete":"2026-04-12T19:09:51.546862"}
{"op_code":4,"worker_id":"77fccd2d-28d9-4e93-8dfc-ad4c4ad97374-139780188845888","study_id":0,"datetime_start":"2026-04-12T19:09:51.569564"}
{"op_code":5,"worker_id":"77fccd2d-28d9-4e93-8dfc-ad4c4ad97374-139780188845888","trial_id":2,"param_name":"lr","param_value_internal":0.03575938429774964,"distribution":"{\"name\": \"FloatDistribution\", \"attributes\": {\"step\": null, \"low\": 0.0001, \"high\": 0.1, \"log\": true}}"}
{"op_code":5,"worker_id":"77fccd2d-28d9-4e93-8dfc-ad4c4ad97374-139780188845888","trial_id":2,"param_name":"dropout","param_value_internal":0.3564962485414085,"distribution":"{\"name\": \"FloatDistribution\", \"attributes\": {\"step\": null, \"low\": 0.0, \"high\": 0.5, \"log\": false}}"}
{"op_code":5,"worker_id":"77fccd2d-28d9-4e93-8dfc-ad4c4ad97374-139780188845888","trial_id":2,"param_name":"layers","param_value_internal":1.0,"distribution":"{\"name\": \"IntDistribution\", \"attributes\": {\"log\": false, \"step\": 1, \"low\": 1, \"high\": 3}}"}
{"op_code":5,"worker_id":"77fccd2d-28d9-4e93-8dfc-ad4c4ad97374-139780188845888","trial_id":2,"param_name":"nodes","param_value_internal":2,"distribution":"{\"name\": \"CategoricalDistribution\", \"attributes\": {\"choices\": [32, 64, 128]}}"}
{"op_code":6,"worker_id":"77fccd2d-28d9-4e93-8dfc-ad4c4ad97374-139780188845888","trial_id":2,"state":1,"values":[0.6095524579470477],"datetime_complete":"2026-04-12T19:09:53.744308"}
{"op_code":4,"worker_id":"77fccd2d-28d9-4e93-8dfc-ad4c4ad97374-139780188845888","study_id":0,"datetime_start":"2026-04-12T19:09:53.765352"}
{"op_code":5,"worker_id":"77fccd2d-28d9-4e93-8dfc-ad4c4ad97374-139780188845888","trial_id":3,"param_name":"lr","param_value_internal":0.0021278393890214247,"distribution":"{\"name\": \"FloatDistribution\", \"attributes\": {\"step\": null, \"low\": 0.0001, \"high\": 0.1, \"log\": true}}"}
{"op_code":5,"worker_id":"77fccd2d-28d9-4e93-8dfc-ad4c4ad97374-139780188845888","trial_id":3,"param_name":"dropout","param_value_internal":0.35816975016021474,"distribution":"{\"name\": \"FloatDistribution\", \"attributes\": {\"step\": null, \"low\": 0.0, \"high\": 0.5, \"log\": false}}"}
{"op_code":5,"worker_id":"77fccd2d-28d9-4e93-8dfc-ad4c4ad97374-139780188845888","trial_id":3,"param_name":"layers","param_value_internal":1.0,"distribution":"{\"name\": \"IntDistribution\", \"attributes\": {\"log\": false, \"step\": 1, \"low\": 1, \"high\": 3}}"}
{"op_code":5,"worker_id":"77fccd2d-28d9-4e93-8dfc-ad4c4ad97374-139780188845888","trial_id":3,"param_name":"nodes","param_value_internal":2,"distribution":"{\"name\": \"CategoricalDistribution\", \"attributes\": {\"choices\": [32, 64, 128]}}"}
{"op_code":6,"worker_id":"77fccd2d-28d9-4e93-8dfc-ad4c4ad97374-139780188845888","trial_id":3,"state":1,"values":[0.6110229759921452],"datetime_complete":"2026-04-12T19:09:55.924881"}
{"op_code":4,"worker_id":"77fccd2d-28d9-4e93-8dfc-ad4c4ad97374-139780188845888","study_id":0,"datetime_start":"2026-04-12T19:09:55.945576"}
{"op_code":5,"worker_id":"77fccd2d-28d9-4e93-8dfc-ad4c4ad97374-139780188845888","trial_id":4,"param_name":"lr","param_value_internal":0.012971780782992635,"distribution":"{\"name\": \"FloatDistribution\", \"attributes\": {\"step\": null, \"low\": 0.0001, \"high\": 0.1, \"log\": true}}"}
{"op_code":5,"worker_id":"77fccd2d-28d9-4e93-8dfc-ad4c4ad97374-139780188845888","trial_id":4,"param_name":"dropout","param_value_internal":0.046775039583745626,"distribution":"{\"name\": \"FloatDistribution\", \"attributes\": {\"step\": null, \"low\": 0.0, \"high\": 0.5, \"log\": false}}"}
{"op_code":5,"worker_id":"77fccd2d-28d9-4e93-8dfc-ad4c4ad97374-139780188845888","trial_id":4,"param_name":"layers","param_value_internal":1.0,"distribution":"{\"name\": \"IntDistribution\", \"attributes\": {\"log\": false, \"step\": 1, \"low\": 1, \"high\": 3}}"}
{"op_code":5,"worker_id":"77fccd2d-28d9-4e93-8dfc-ad4c4ad97374-139780188845888","trial_id":4,"param_name":"nodes","param_value_internal":2,"distribution":"{\"name\": \"CategoricalDistribution\", \"attributes\": {\"choices\": [32, 64, 128]}}"}
{"op_code":6,"worker_id":"77fccd2d-28d9-4e93-8dfc-ad4c4ad97374-139780188845888","trial_id":4,"state":1,"values":[0.595521170232351],"datetime_complete":"2026-04-12T19:09:58.128307"}
{"op_code":4,"worker_id":"77fccd2d-28d9-4e93-8dfc-ad4c4ad97374-139780188845888","study_id":0,"datetime_start":"2026-04-12T19:09:58.149370"}
{"op_code":5,"worker_id":"77fccd2d-28d9-4e93-8dfc-ad4c4ad97374-139780188845888","trial_id":5,"param_name":"lr","param_value_internal":0.0008857384909615945,"distribution":"{\"name\": \"FloatDistribution\", \"attributes\": {\"step\": null, \"low\": 0.0001, \"high\": 0.1, \"log\": true}}"}
{"op_code":5,"worker_id":"77fccd2d-28d9-4e93-8dfc-ad4c4ad97374-139780188845888","trial_id":5,"param_name":"dropout","param_value_internal":0.36632117886483123,"distribution":"{\"name\": \"FloatDistribution\", \"attributes\": {\"step\": null, \"low\": 0.0, \"high\": 0.5, \"log\": false}}"}
{"op_code":5,"worker_id":"77fccd2d-28d9-4e93-8dfc-ad4c4ad97374-139780188845888","trial_id":5,"param_name":"layers","param_value_internal":3.0,"distribution":"{\"name\": \"IntDistribution\", \"attributes\": {\"log\": false, \"step\": 1, \"low\": 1, \"high\": 3}}"}
{"op_code":5,"worker_id":"77fccd2d-28d9-4e93-8dfc-ad4c4ad97374-139780188845888","trial_id":5,"param_name":"nodes","param_value_internal":1,"distribution":"{\"name\": \"CategoricalDistribution\", \"attributes\": {\"choices\": [32, 64, 128]}}"}
{"op_code":6,"worker_id":"77fccd2d-28d9-4e93-8dfc-ad4c4ad97374-139780188845888","trial_id":5,"state":1,"values":[0.582256392889693],"datetime_complete":"2026-04-12T19:10:00.850184"}
{"op_code":4,"worker_id":"77fccd2d-28d9-4e93-8dfc-ad4c4ad97374-139780188845888","study_id":0,"datetime_start":"2026-04-12T19:10:00.868859"}
{"op_code":5,"worker_id":"77fccd2d-28d9-4e93-8dfc-ad4c4ad97374-139780188845888","trial_id":6,"param_name":"lr","param_value_internal":0.003825518728803411,"distribution":"{\"name\": \"FloatDistribution\", \"attributes\": {\"step\": null, \"low\": 0.0001, \"high\": 0.1, \"log\": true}}"}
{"op_code":5,"worker_id":"77fccd2d-28d9-4e93-8dfc-ad4c4ad97374-139780188845888","trial_id":6,"param_name":"dropout","param_value_internal":0.23088549651316476,"distribution":"{\"name\": \"FloatDistribution\", \"attributes\": {\"step\": null, \"low\": 0.0, \"high\": 0.5, \"log\": false}}"}
{"op_code":5,"worker_id":"77fccd2d-28d9-4e93-8dfc-ad4c4ad97374-139780188845888","trial_id":6,"param_name":"layers","param_value_internal":3.0,"distribution":"{\"name\": \"IntDistribution\", \"attributes\": {\"log\": false, \"step\": 1, \"low\": 1, \"high\": 3}}"}
{"op_code":5,"worker_id":"77fccd2d-28d9-4e93-8dfc-ad4c4ad97374-139780188845888","trial_id":6,"param_name":"nodes","param_value_internal":0,"distribution":"{\"name\": \"CategoricalDistribution\", \"attributes\": {\"choices\": [32, 64, 128]}}"}
{"op_code":6,"worker_id":"77fccd2d-28d9-4e93-8dfc-ad4c4ad97374-139780188845888","trial_id":6,"state":1,"values":[0.6384230228123488],"datetime_complete":"2026-04-12T19:10:03.560435"}
{"op_code":4,"worker_id":"77fccd2d-28d9-4e93-8dfc-ad4c4ad97374-139780188845888","study_id":0,"datetime_start":"2026-04-12T19:10:03.576419"}
{"op_code":5,"worker_id":"77fccd2d-28d9-4e93-8dfc-ad4c4ad97374-139780188845888","trial_id":7,"param_name":"lr","param_value_internal":0.01188555749198596,"distribution":"{\"name\": \"FloatDistribution\", \"attributes\": {\"step\": null, \"low\": 0.0001, \"high\": 0.1, \"log\": true}}"}
{"op_code":5,"worker_id":"77fccd2d-28d9-4e93-8dfc-ad4c4ad97374-139780188845888","trial_id":7,"param_name":"dropout","param_value_internal":0.15438027848072822,"distribution":"{\"name\": \"FloatDistribution\", \"attributes\": {\"step\": null, \"low\": 0.0, \"high\": 0.5, \"log\": false}}"}
{"op_code":5,"worker_id":"77fccd2d-28d9-4e93-8dfc-ad4c4ad97374-139780188845888","trial_id":7,"param_name":"layers","param_value_internal":2.0,"distribution":"{\"name\": \"IntDistribution\", \"attributes\": {\"log\": false, \"step\": 1, \"low\": 1, \"high\": 3}}"}
{"op_code":5,"worker_id":"77fccd2d-28d9-4e93-8dfc-ad4c4ad97374-139780188845888","trial_id":7,"param_name":"nodes","param_value_internal":2,"distribution":"{\"name\": \"CategoricalDistribution\", \"attributes\": {\"choices\": [32, 64, 128]}}"}
{"op_code":6,"worker_id":"77fccd2d-28d9-4e93-8dfc-ad4c4ad97374-139780188845888","trial_id":7,"state":1,"values":[0.5846650196258475],"datetime_complete":"2026-04-12T19:10:06.084645"}
{"op_code":4,"worker_id":"77fccd2d-28d9-4e93-8dfc-ad4c4ad97374-139780188845888","study_id":0,"datetime_start":"2026-04-12T19:10:06.096613"}
{"op_code":5,"worker_id":"77fccd2d-28d9-4e93-8dfc-ad4c4ad97374-139780188845888","trial_id":8,"param_name":"lr","param_value_internal":0.008133620213563699,"distribution":"{\"name\": \"FloatDistribution\", \"attributes\": {\"step\": null, \"low\": 0.0001, \"high\": 0.1, \"log\": true}}"}
{"op_code":5,"worker_id":"77fccd2d-28d9-4e93-8dfc-ad4c4ad97374-139780188845888","trial_id":8,"param_name":"dropout","param_value_internal":0.3030295734718315,"distribution":"{\"name\": \"FloatDistribution\", \"attributes\": {\"step\": null, \"low\": 0.0, \"high\": 0.5, \"log\": false}}"}
{"op_code":5,"worker_id":"77fccd2d-28d9-4e93-8dfc-ad4c4ad97374-139780188845888","trial_id":8,"param_name":"layers","param_value_internal":1.0,"distribution":"{\"name\": \"IntDistribution\", \"attributes\": {\"log\": false, \"step\": 1, \"low\": 1, \"high\": 3}}"}
{"op_code":5,"worker_id":"77fccd2d-28d9-4e93-8dfc-ad4c4ad97374-139780188845888","trial_id":8,"param_name":"nodes","param_value_internal":0,"distribution":"{\"name\": \"CategoricalDistribution\", \"attributes\": {\"choices\": [32, 64, 128]}}"}
{"op_code":6,"worker_id":"77fccd2d-28d9-4e93-8dfc-ad4c4ad97374-139780188845888","trial_id":8,"state":1,"values":[0.6207762380648255],"datetime_complete":"2026-04-12T19:10:08.264950"}
{"op_code":4,"worker_id":"77fccd2d-28d9-4e93-8dfc-ad4c4ad97374-139780188845888","study_id":0,"datetime_start":"2026-04-12T19:10:08.362783"}
{"op_code":5,"worker_id":"77fccd2d-28d9-4e93-8dfc-ad4c4ad97374-139780188845888","trial_id":9,"param_name":"lr","param_value_internal":0.00014176318579660425,"distribution":"{\"name\": \"FloatDistribution\", \"attributes\": {\"step\": null, \"low\": 0.0001, \"high\": 0.1, \"log\": true}}"}
{"op_code":5,"worker_id":"77fccd2d-28d9-4e93-8dfc-ad4c4ad97374-139780188845888","trial_id":9,"param_name":"dropout","param_value_internal":0.07793401398590638,"distribution":"{\"name\": \"FloatDistribution\", \"attributes\": {\"step\": null, \"low\": 0.0, \"high\": 0.5, \"log\": false}}"}
{"op_code":5,"worker_id":"77fccd2d-28d9-4e93-8dfc-ad4c4ad97374-139780188845888","trial_id":9,"param_name":"layers","param_value_internal":2.0,"distribution":"{\"name\": \"IntDistribution\", \"attributes\": {\"log\": false, \"step\": 1, \"low\": 1, \"high\": 3}}"}
{"op_code":5,"worker_id":"77fccd2d-28d9-4e93-8dfc-ad4c4ad97374-139780188845888","trial_id":9,"param_name":"nodes","param_value_internal":1,"distribution":"{\"name\": \"CategoricalDistribution\", \"attributes\": {\"choices\": [32, 64, 128]}}"}
{"op_code":6,"worker_id":"77fccd2d-28d9-4e93-8dfc-ad4c4ad97374-139780188845888","trial_id":9,"state":1,"values":[0.5699587027621648],"datetime_complete":"2026-04-12T19:10:10.857217"}
{"op_code":4,"worker_id":"77fccd2d-28d9-4e93-8dfc-ad4c4ad97374-139780188845888","study_id":0,"datetime_start":"2026-04-12T19:10:10.868602"}
{"op_code":5,"worker_id":"77fccd2d-28d9-4e93-8dfc-ad4c4ad97374-139780188845888","trial_id":10,"param_name":"lr","param_value_internal":0.06847441638096836,"distribution":"{\"name\": \"FloatDistribution\", \"attributes\": {\"step\": null, \"low\": 0.0001, \"high\": 0.1, \"log\": true}}"}
{"op_code":5,"worker_id":"77fccd2d-28d9-4e93-8dfc-ad4c4ad97374-139780188845888","trial_id":10,"param_name":"dropout","param_value_internal":0.4901822862675482,"distribution":"{\"name\": \"FloatDistribution\", \"attributes\": {\"step\": null, \"low\": 0.0, \"high\": 0.5, \"log\": false}}"}
{"op_code":5,"worker_id":"77fccd2d-28d9-4e93-8dfc-ad4c4ad97374-139780188845888","trial_id":10,"param_name":"layers","param_value_internal":3.0,"distribution":"{\"name\": \"IntDistribution\", \"attributes\": {\"log\": false, \"step\": 1, \"low\": 1, \"high\": 3}}"}
{"op_code":5,"worker_id":"77fccd2d-28d9-4e93-8dfc-ad4c4ad97374-139780188845888","trial_id":10,"param_name":"nodes","param_value_internal":0,"distribution":"{\"name\": \"CategoricalDistribution\", \"attributes\": {\"choices\": [32, 64, 128]}}"}
{"op_code":6,"worker_id":"77fccd2d-28d9-4e93-8dfc-ad4c4ad97374-139780188845888","trial_id":10,"state":1,"values":[0.629339676031465],"datetime_complete":"2026-04-12T19:10:13.555423"}
{"op_code":4,"worker_id":"77fccd2d-28d9-4e93-8dfc-ad4c4ad97374-139780188845888","study_id":0,"datetime_start":"2026-04-12T19:10:13.571454"}
{"op_code":5,"worker_id":"77fccd2d-28d9-4e93-8dfc-ad4c4ad97374-139780188845888","trial_id":11,"param_name":"lr","param_value_internal":0.09644205042987733,"distribution":"{\"name\": \"FloatDistribution\", \"attributes\": {\"step\": null, \"low\": 0.0001, \"high\": 0.1, \"log\": true}}"}
{"op_code":5,"worker_id":"77fccd2d-28d9-4e93-8dfc-ad4c4ad97374-139780188845888","trial_id":11,"param_name":"dropout","param_value_internal":0.4936094869453358,"distribution":"{\"name\": \"FloatDistribution\", \"attributes\": {\"step\": null, \"low\": 0.0, \"high\": 0.5, \"log\": false}}"}
{"op_code":5,"worker_id":"77fccd2d-28d9-4e93-8dfc-ad4c4ad97374-139780188845888","trial_id":11,"param_name":"layers","param_value_internal":3.0,"distribution":"{\"name\": \"IntDistribution\", \"attributes\": {\"log\": false, \"step\": 1, \"low\": 1, \"high\": 3}}"}
{"op_code":5,"worker_id":"77fccd2d-28d9-4e93-8dfc-ad4c4ad97374-139780188845888","trial_id":11,"param_name":"nodes","param_value_internal":0,"distribution":"{\"name\": \"CategoricalDistribution\", \"attributes\": {\"choices\": [32, 64, 128]}}"}
{"op_code":6,"worker_id":"77fccd2d-28d9-4e93-8dfc-ad4c4ad97374-139780188845888","trial_id":11,"state":1,"values":[0.6234002150092844],"datetime_complete":"2026-04-12T19:10:16.386145"}
{"op_code":4,"worker_id":"77fccd2d-28d9-4e93-8dfc-ad4c4ad97374-139780188845888","study_id":0,"datetime_start":"2026-04-12T19:10:16.402066"}
{"op_code":5,"worker_id":"77fccd2d-28d9-4e93-8dfc-ad4c4ad97374-139780188845888","trial_id":12,"param_name":"lr","param_value_internal":0.09124882623921676,"distribution":"{\"name\": \"FloatDistribution\", \"attributes\": {\"step\": null, \"low\": 0.0001, \"high\": 0.1, \"log\": true}}"}
{"op_code":5,"worker_id":"77fccd2d-28d9-4e93-8dfc-ad4c4ad97374-139780188845888","trial_id":12,"param_name":"dropout","param_value_internal":0.2282359008753255,"distribution":"{\"name\": \"FloatDistribution\", \"attributes\": {\"step\": null, \"low\": 0.0, \"high\": 0.5, \"log\": false}}"}
{"op_code":5,"worker_id":"77fccd2d-28d9-4e93-8dfc-ad4c4ad97374-139780188845888","trial_id":12,"param_name":"layers","param_value_internal":3.0,"distribution":"{\"name\": \"IntDistribution\", \"attributes\": {\"log\": false, \"step\": 1, \"low\": 1, \"high\": 3}}"}
{"op_code":5,"worker_id":"77fccd2d-28d9-4e93-8dfc-ad4c4ad97374-139780188845888","trial_id":12,"param_name":"nodes","param_value_internal":0,"distribution":"{\"name\": \"CategoricalDistribution\", \"attributes\": {\"choices\": [32, 64, 128]}}"}
{"op_code":6,"worker_id":"77fccd2d-28d9-4e93-8dfc-ad4c4ad97374-139780188845888","trial_id":12,"state":1,"values":[0.6195386846250179],"datetime_complete":"2026-04-12T19:10:19.128869"}
{"op_code":4,"worker_id":"77fccd2d-28d9-4e93-8dfc-ad4c4ad97374-139780188845888","study_id":0,"datetime_start":"2026-04-12T19:10:19.149658"}
{"op_code":5,"worker_id":"77fccd2d-28d9-4e93-8dfc-ad4c4ad97374-139780188845888","trial_id":13,"param_name":"lr","param_value_internal":0.0033190810836735657,"distribution":"{\"name\": \"FloatDistribution\", \"attributes\": {\"step\": null, \"low\": 0.0001, \"high\": 0.1, \"log\": true}}"}
{"op_code":5,"worker_id":"77fccd2d-28d9-4e93-8dfc-ad4c4ad97374-139780188845888","trial_id":13,"param_name":"dropout","param_value_internal":0.1928046288412649,"distribution":"{\"name\": \"FloatDistribution\", \"attributes\": {\"step\": null, \"low\": 0.0, \"high\": 0.5, \"log\": false}}"}
{"op_code":5,"worker_id":"77fccd2d-28d9-4e93-8dfc-ad4c4ad97374-139780188845888","trial_id":13,"param_name":"layers","param_value_internal":3.0,"distribution":"{\"name\": \"IntDistribution\", \"attributes\": {\"log\": false, \"step\": 1, \"low\": 1, \"high\": 3}}"}
{"op_code":5,"worker_id":"77fccd2d-28d9-4e93-8dfc-ad4c4ad97374-139780188845888","trial_id":13,"param_name":"nodes","param_value_internal":0,"distribution":"{\"name\": \"CategoricalDistribution\", \"attributes\": {\"choices\": [32, 64, 128]}}"}
{"op_code":6,"worker_id":"77fccd2d-28d9-4e93-8dfc-ad4c4ad97374-139780188845888","trial_id":13,"state":1,"values":[0.6303135817228471],"datetime_complete":"2026-04-12T19:10:21.900780"}
{"op_code":4,"worker_id":"77fccd2d-28d9-4e93-8dfc-ad4c4ad97374-139780188845888","study_id":0,"datetime_start":"2026-04-12T19:10:21.922826"}
{"op_code":5,"worker_id":"77fccd2d-28d9-4e93-8dfc-ad4c4ad97374-139780188845888","trial_id":14,"param_name":"lr","param_value_internal":0.0033502046002863452,"distribution":"{\"name\": \"FloatDistribution\", \"attributes\": {\"step\": null, \"low\": 0.0001, \"high\": 0.1, \"log\": true}}"}
{"op_code":5,"worker_id":"77fccd2d-28d9-4e93-8dfc-ad4c4ad97374-139780188845888","trial_id":14,"param_name":"dropout","param_value_internal":0.1996468578247237,"distribution":"{\"name\": \"FloatDistribution\", \"attributes\": {\"step\": null, \"low\": 0.0, \"high\": 0.5, \"log\": false}}"}
{"op_code":5,"worker_id":"77fccd2d-28d9-4e93-8dfc-ad4c4ad97374-139780188845888","trial_id":14,"param_name":"layers","param_value_internal":2.0,"distribution":"{\"name\": \"IntDistribution\", \"attributes\": {\"log\": false, \"step\": 1, \"low\": 1, \"high\": 3}}"}
{"op_code":5,"worker_id":"77fccd2d-28d9-4e93-8dfc-ad4c4ad97374-139780188845888","trial_id":14,"param_name":"nodes","param_value_internal":0,"distribution":"{\"name\": \"CategoricalDistribution\", \"attributes\": {\"choices\": [32, 64, 128]}}"}
{"op_code":6,"worker_id":"77fccd2d-28d9-4e93-8dfc-ad4c4ad97374-139780188845888","trial_id":14,"state":1,"values":[0.6223916487302861],"datetime_complete":"2026-04-12T19:10:24.386709"}
{"op_code":4,"worker_id":"77fccd2d-28d9-4e93-8dfc-ad4c4ad97374-139780188845888","study_id":0,"datetime_start":"2026-04-12T19:10:24.407969"}
{"op_code":5,"worker_id":"77fccd2d-28d9-4e93-8dfc-ad4c4ad97374-139780188845888","trial_id":15,"param_name":"lr","param_value_internal":0.0038732009048996294,"distribution":"{\"name\": \"FloatDistribution\", \"attributes\": {\"step\": null, \"low\": 0.0001, \"high\": 0.1, \"log\": true}}"}
{"op_code":5,"worker_id":"77fccd2d-28d9-4e93-8dfc-ad4c4ad97374-139780188845888","trial_id":15,"param_name":"dropout","param_value_internal":0.16180747841339155,"distribution":"{\"name\": \"FloatDistribution\", \"attributes\": {\"step\": null, \"low\": 0.0, \"high\": 0.5, \"log\": false}}"}
{"op_code":5,"worker_id":"77fccd2d-28d9-4e93-8dfc-ad4c4ad97374-139780188845888","trial_id":15,"param_name":"layers","param_value_internal":3.0,"distribution":"{\"name\": \"IntDistribution\", \"attributes\": {\"log\": false, \"step\": 1, \"low\": 1, \"high\": 3}}"}
{"op_code":5,"worker_id":"77fccd2d-28d9-4e93-8dfc-ad4c4ad97374-139780188845888","trial_id":15,"param_name":"nodes","param_value_internal":0,"distribution":"{\"name\": \"CategoricalDistribution\", \"attributes\": {\"choices\": [32, 64, 128]}}"}
{"op_code":6,"worker_id":"77fccd2d-28d9-4e93-8dfc-ad4c4ad97374-139780188845888","trial_id":15,"state":1,"values":[0.6228121214325164],"datetime_complete":"2026-04-12T19:10:27.162300"}
{"op_code":4,"worker_id":"77fccd2d-28d9-4e93-8dfc-ad4c4ad97374-139780188845888","study_id":0,"datetime_start":"2026-04-12T19:10:27.183727"}
{"op_code":5,"worker_id":"77fccd2d-28d9-4e93-8dfc-ad4c4ad97374-139780188845888","trial_id":16,"param_name":"lr","param_value_internal":0.0010897614759970457,"distribution":"{\"name\": \"FloatDistribution\", \"attributes\": {\"step\": null, \"low\": 0.0001, \"high\": 0.1, \"log\": true}}"}
{"op_code":5,"worker_id":"77fccd2d-28d9-4e93-8dfc-ad4c4ad97374-139780188845888","trial_id":16,"param_name":"dropout","param_value_internal":0.27429435865732066,"distribution":"{\"name\": \"FloatDistribution\", \"attributes\": {\"step\": null, \"low\": 0.0, \"high\": 0.5, \"log\": false}}"}
{"op_code":5,"worker_id":"77fccd2d-28d9-4e93-8dfc-ad4c4ad97374-139780188845888","trial_id":16,"param_name":"layers","param_value_internal":3.0,"distribution":"{\"name\": \"IntDistribution\", \"attributes\": {\"log\": false, \"step\": 1, \"low\": 1, \"high\": 3}}"}
{"op_code":5,"worker_id":"77fccd2d-28d9-4e93-8dfc-ad4c4ad97374-139780188845888","trial_id":16,"param_name":"nodes","param_value_internal":0,"distribution":"{\"name\": \"CategoricalDistribution\", \"attributes\": {\"choices\": [32, 64, 128]}}"}
{"op_code":6,"worker_id":"77fccd2d-28d9-4e93-8dfc-ad4c4ad97374-139780188845888","trial_id":16,"state":1,"values":[0.6006162766119446],"datetime_complete":"2026-04-12T19:10:29.915036"}
{"op_code":4,"worker_id":"77fccd2d-28d9-4e93-8dfc-ad4c4ad97374-139780188845888","study_id":0,"datetime_start":"2026-04-12T19:10:29.936046"}
{"op_code":5,"worker_id":"77fccd2d-28d9-4e93-8dfc-ad4c4ad97374-139780188845888","trial_id":17,"param_name":"lr","param_value_internal":0.0003437233165745515,"distribution":"{\"name\": \"FloatDistribution\", \"attributes\": {\"step\": null, \"low\": 0.0001, \"high\": 0.1, \"log\": true}}"}
{"op_code":5,"worker_id":"77fccd2d-28d9-4e93-8dfc-ad4c4ad97374-139780188845888","trial_id":17,"param_name":"dropout","param_value_internal":0.11802789859359337,"distribution":"{\"name\": \"FloatDistribution\", \"attributes\": {\"step\": null, \"low\": 0.0, \"high\": 0.5, \"log\": false}}"}
{"op_code":5,"worker_id":"77fccd2d-28d9-4e93-8dfc-ad4c4ad97374-139780188845888","trial_id":17,"param_name":"layers","param_value_internal":2.0,"distribution":"{\"name\": \"IntDistribution\", \"attributes\": {\"log\": false, \"step\": 1, \"low\": 1, \"high\": 3}}"}
{"op_code":5,"worker_id":"77fccd2d-28d9-4e93-8dfc-ad4c4ad97374-139780188845888","trial_id":17,"param_name":"nodes","param_value_internal":0,"distribution":"{\"name\": \"CategoricalDistribution\", \"attributes\": {\"choices\": [32, 64, 128]}}"}
{"op_code":6,"worker_id":"77fccd2d-28d9-4e93-8dfc-ad4c4ad97374-139780188845888","trial_id":17,"state":1,"values":[0.565401687800155],"datetime_complete":"2026-04-12T19:10:32.411269"}
{"op_code":4,"worker_id":"77fccd2d-28d9-4e93-8dfc-ad4c4ad97374-139780188845888","study_id":0,"datetime_start":"2026-04-12T19:10:32.431648"}
{"op_code":5,"worker_id":"77fccd2d-28d9-4e93-8dfc-ad4c4ad97374-139780188845888","trial_id":18,"param_name":"lr","param_value_internal":0.006661457420156032,"distribution":"{\"name\": \"FloatDistribution\", \"attributes\": {\"step\": null, \"low\": 0.0001, \"high\": 0.1, \"log\": true}}"}
{"op_code":5,"worker_id":"77fccd2d-28d9-4e93-8dfc-ad4c4ad97374-139780188845888","trial_id":18,"param_name":"dropout","param_value_internal":0.2429536412760752,"distribution":"{\"name\": \"FloatDistribution\", \"attributes\": {\"step\": null, \"low\": 0.0, \"high\": 0.5, \"log\": false}}"}
{"op_code":5,"worker_id":"77fccd2d-28d9-4e93-8dfc-ad4c4ad97374-139780188845888","trial_id":18,"param_name":"layers","param_value_internal":3.0,"distribution":"{\"name\": \"IntDistribution\", \"attributes\": {\"log\": false, \"step\": 1, \"low\": 1, \"high\": 3}}"}
{"op_code":5,"worker_id":"77fccd2d-28d9-4e93-8dfc-ad4c4ad97374-139780188845888","trial_id":18,"param_name":"nodes","param_value_internal":0,"distribution":"{\"name\": \"CategoricalDistribution\", \"attributes\": {\"choices\": [32, 64, 128]}}"}
{"op_code":6,"worker_id":"77fccd2d-28d9-4e93-8dfc-ad4c4ad97374-139780188845888","trial_id":18,"state":1,"values":[0.6370479634347846],"datetime_complete":"2026-04-12T19:10:35.164957"}
{"op_code":4,"worker_id":"77fccd2d-28d9-4e93-8dfc-ad4c4ad97374-139780188845888","study_id":0,"datetime_start":"2026-04-12T19:10:35.185772"}
{"op_code":5,"worker_id":"77fccd2d-28d9-4e93-8dfc-ad4c4ad97374-139780188845888","trial_id":19,"param_name":"lr","param_value_internal":0.005703366831627337,"distribution":"{\"name\": \"FloatDistribution\", \"attributes\": {\"step\": null, \"low\": 0.0001, \"high\": 0.1, \"log\": true}}"}
{"op_code":5,"worker_id":"77fccd2d-28d9-4e93-8dfc-ad4c4ad97374-139780188845888","trial_id":19,"param_name":"dropout","param_value_internal":0.29001332723954243,"distribution":"{\"name\": \"FloatDistribution\", \"attributes\": {\"step\": null, \"low\": 0.0, \"high\": 0.5, \"log\": false}}"}
{"op_code":5,"worker_id":"77fccd2d-28d9-4e93-8dfc-ad4c4ad97374-139780188845888","trial_id":19,"param_name":"layers","param_value_internal":2.0,"distribution":"{\"name\": \"IntDistribution\", \"attributes\": {\"log\": false, \"step\": 1, \"low\": 1, \"high\": 3}}"}
{"op_code":5,"worker_id":"77fccd2d-28d9-4e93-8dfc-ad4c4ad97374-139780188845888","trial_id":19,"param_name":"nodes","param_value_internal":0,"distribution":"{\"name\": \"CategoricalDistribution\", \"attributes\": {\"choices\": [32, 64, 128]}}"}
{"op_code":6,"worker_id":"77fccd2d-28d9-4e93-8dfc-ad4c4ad97374-139780188845888","trial_id":19,"state":1,"values":[0.6265270545773568],"datetime_complete":"2026-04-12T19:10:37.651101"}
