{"op_code":0,"worker_id":"55704226-5167-4c2c-86a6-8992cff3b148-140218449991488","study_name":"tabdpt_deephit","directions":[2]}
{"op_code":4,"worker_id":"55704226-5167-4c2c-86a6-8992cff3b148-140218449991488","study_id":0,"datetime_start":"2026-03-31T12:20:27.117302"}
{"op_code":5,"worker_id":"55704226-5167-4c2c-86a6-8992cff3b148-140218449991488","trial_id":0,"param_name":"lr","param_value_internal":0.00036894756559112857,"distribution":"{\"name\": \"FloatDistribution\", \"attributes\": {\"step\": null, \"low\": 0.0001, \"high\": 0.1, \"log\": true}}"}
{"op_code":5,"worker_id":"55704226-5167-4c2c-86a6-8992cff3b148-140218449991488","trial_id":0,"param_name":"dropout","param_value_internal":0.18975554743628203,"distribution":"{\"name\": \"FloatDistribution\", \"attributes\": {\"step\": null, \"low\": 0.0, \"high\": 0.5, \"log\": false}}"}
{"op_code":5,"worker_id":"55704226-5167-4c2c-86a6-8992cff3b148-140218449991488","trial_id":0,"param_name":"nodes","param_value_internal":1,"distribution":"{\"name\": \"CategoricalDistribution\", \"attributes\": {\"choices\": [\"64-64\", \"128-64\", \"256-128\"]}}"}
{"op_code":6,"worker_id":"55704226-5167-4c2c-86a6-8992cff3b148-140218449991488","trial_id":0,"state":1,"values":[0.7741433021806854],"datetime_complete":"2026-03-31T12:20:27.719131"}
{"op_code":4,"worker_id":"55704226-5167-4c2c-86a6-8992cff3b148-140218449991488","study_id":0,"datetime_start":"2026-03-31T12:20:27.846323"}
{"op_code":5,"worker_id":"55704226-5167-4c2c-86a6-8992cff3b148-140218449991488","trial_id":1,"param_name":"lr","param_value_internal":0.00016504822657840523,"distribution":"{\"name\": \"FloatDistribution\", \"attributes\": {\"step\": null, \"low\": 0.0001, \"high\": 0.1, \"log\": true}}"}
{"op_code":5,"worker_id":"55704226-5167-4c2c-86a6-8992cff3b148-140218449991488","trial_id":1,"param_name":"dropout","param_value_internal":0.016293336812980508,"distribution":"{\"name\": \"FloatDistribution\", \"attributes\": {\"step\": null, \"low\": 0.0, \"high\": 0.5, \"log\": false}}"}
{"op_code":5,"worker_id":"55704226-5167-4c2c-86a6-8992cff3b148-140218449991488","trial_id":1,"param_name":"nodes","param_value_internal":2,"distribution":"{\"name\": \"CategoricalDistribution\", \"attributes\": {\"choices\": [\"64-64\", \"128-64\", \"256-128\"]}}"}
{"op_code":6,"worker_id":"55704226-5167-4c2c-86a6-8992cff3b148-140218449991488","trial_id":1,"state":1,"values":[0.8172377985462098],"datetime_complete":"2026-03-31T12:20:28.431374"}
{"op_code":4,"worker_id":"55704226-5167-4c2c-86a6-8992cff3b148-140218449991488","study_id":0,"datetime_start":"2026-03-31T12:20:28.447860"}
{"op_code":5,"worker_id":"55704226-5167-4c2c-86a6-8992cff3b148-140218449991488","trial_id":2,"param_name":"lr","param_value_internal":0.0003667150785909525,"distribution":"{\"name\": \"FloatDistribution\", \"attributes\": {\"step\": null, \"low\": 0.0001, \"high\": 0.1, \"log\": true}}"}
{"op_code":5,"worker_id":"55704226-5167-4c2c-86a6-8992cff3b148-140218449991488","trial_id":2,"param_name":"dropout","param_value_internal":0.18086292101504975,"distribution":"{\"name\": \"FloatDistribution\", \"attributes\": {\"step\": null, \"low\": 0.0, \"high\": 0.5, \"log\": false}}"}
{"op_code":5,"worker_id":"55704226-5167-4c2c-86a6-8992cff3b148-140218449991488","trial_id":2,"param_name":"nodes","param_value_internal":1,"distribution":"{\"name\": \"CategoricalDistribution\", \"attributes\": {\"choices\": [\"64-64\", \"128-64\", \"256-128\"]}}"}
{"op_code":6,"worker_id":"55704226-5167-4c2c-86a6-8992cff3b148-140218449991488","trial_id":2,"state":1,"values":[0.8104880581516095],"datetime_complete":"2026-03-31T12:20:29.011512"}
{"op_code":4,"worker_id":"55704226-5167-4c2c-86a6-8992cff3b148-140218449991488","study_id":0,"datetime_start":"2026-03-31T12:20:29.028809"}
{"op_code":5,"worker_id":"55704226-5167-4c2c-86a6-8992cff3b148-140218449991488","trial_id":3,"param_name":"lr","param_value_internal":0.013094218844026647,"distribution":"{\"name\": \"FloatDistribution\", \"attributes\": {\"step\": null, \"low\": 0.0001, \"high\": 0.1, \"log\": true}}"}
{"op_code":5,"worker_id":"55704226-5167-4c2c-86a6-8992cff3b148-140218449991488","trial_id":3,"param_name":"dropout","param_value_internal":0.08775403115987268,"distribution":"{\"name\": \"FloatDistribution\", \"attributes\": {\"step\": null, \"low\": 0.0, \"high\": 0.5, \"log\": false}}"}
{"op_code":5,"worker_id":"55704226-5167-4c2c-86a6-8992cff3b148-140218449991488","trial_id":3,"param_name":"nodes","param_value_internal":1,"distribution":"{\"name\": \"CategoricalDistribution\", \"attributes\": {\"choices\": [\"64-64\", \"128-64\", \"256-128\"]}}"}
{"op_code":6,"worker_id":"55704226-5167-4c2c-86a6-8992cff3b148-140218449991488","trial_id":3,"state":1,"values":[0.7528556593977155],"datetime_complete":"2026-03-31T12:20:29.596086"}
{"op_code":4,"worker_id":"55704226-5167-4c2c-86a6-8992cff3b148-140218449991488","study_id":0,"datetime_start":"2026-03-31T12:20:29.611094"}
{"op_code":5,"worker_id":"55704226-5167-4c2c-86a6-8992cff3b148-140218449991488","trial_id":4,"param_name":"lr","param_value_internal":0.0018887822049310852,"distribution":"{\"name\": \"FloatDistribution\", \"attributes\": {\"step\": null, \"low\": 0.0001, \"high\": 0.1, \"log\": true}}"}
{"op_code":5,"worker_id":"55704226-5167-4c2c-86a6-8992cff3b148-140218449991488","trial_id":4,"param_name":"dropout","param_value_internal":0.16617198688859364,"distribution":"{\"name\": \"FloatDistribution\", \"attributes\": {\"step\": null, \"low\": 0.0, \"high\": 0.5, \"log\": false}}"}
{"op_code":5,"worker_id":"55704226-5167-4c2c-86a6-8992cff3b148-140218449991488","trial_id":4,"param_name":"nodes","param_value_internal":2,"distribution":"{\"name\": \"CategoricalDistribution\", \"attributes\": {\"choices\": [\"64-64\", \"128-64\", \"256-128\"]}}"}
{"op_code":6,"worker_id":"55704226-5167-4c2c-86a6-8992cff3b148-140218449991488","trial_id":4,"state":1,"values":[0.7606438213914849],"datetime_complete":"2026-03-31T12:20:30.191561"}
{"op_code":4,"worker_id":"55704226-5167-4c2c-86a6-8992cff3b148-140218449991488","study_id":0,"datetime_start":"2026-03-31T12:20:30.204308"}
{"op_code":5,"worker_id":"55704226-5167-4c2c-86a6-8992cff3b148-140218449991488","trial_id":5,"param_name":"lr","param_value_internal":0.000551261344668601,"distribution":"{\"name\": \"FloatDistribution\", \"attributes\": {\"step\": null, \"low\": 0.0001, \"high\": 0.1, \"log\": true}}"}
{"op_code":5,"worker_id":"55704226-5167-4c2c-86a6-8992cff3b148-140218449991488","trial_id":5,"param_name":"dropout","param_value_internal":0.2469375793912012,"distribution":"{\"name\": \"FloatDistribution\", \"attributes\": {\"step\": null, \"low\": 0.0, \"high\": 0.5, \"log\": false}}"}
{"op_code":5,"worker_id":"55704226-5167-4c2c-86a6-8992cff3b148-140218449991488","trial_id":5,"param_name":"nodes","param_value_internal":1,"distribution":"{\"name\": \"CategoricalDistribution\", \"attributes\": {\"choices\": [\"64-64\", \"128-64\", \"256-128\"]}}"}
{"op_code":6,"worker_id":"55704226-5167-4c2c-86a6-8992cff3b148-140218449991488","trial_id":5,"state":1,"values":[0.7606438213914849],"datetime_complete":"2026-03-31T12:20:30.775568"}
{"op_code":4,"worker_id":"55704226-5167-4c2c-86a6-8992cff3b148-140218449991488","study_id":0,"datetime_start":"2026-03-31T12:20:30.793275"}
{"op_code":5,"worker_id":"55704226-5167-4c2c-86a6-8992cff3b148-140218449991488","trial_id":6,"param_name":"lr","param_value_internal":0.004311337766923747,"distribution":"{\"name\": \"FloatDistribution\", \"attributes\": {\"step\": null, \"low\": 0.0001, \"high\": 0.1, \"log\": true}}"}
{"op_code":5,"worker_id":"55704226-5167-4c2c-86a6-8992cff3b148-140218449991488","trial_id":6,"param_name":"dropout","param_value_internal":0.11105564896874393,"distribution":"{\"name\": \"FloatDistribution\", \"attributes\": {\"step\": null, \"low\": 0.0, \"high\": 0.5, \"log\": false}}"}
{"op_code":5,"worker_id":"55704226-5167-4c2c-86a6-8992cff3b148-140218449991488","trial_id":6,"param_name":"nodes","param_value_internal":2,"distribution":"{\"name\": \"CategoricalDistribution\", \"attributes\": {\"choices\": [\"64-64\", \"128-64\", \"256-128\"]}}"}
{"op_code":6,"worker_id":"55704226-5167-4c2c-86a6-8992cff3b148-140218449991488","trial_id":6,"state":1,"values":[0.7331256490134995],"datetime_complete":"2026-03-31T12:20:31.378518"}
{"op_code":4,"worker_id":"55704226-5167-4c2c-86a6-8992cff3b148-140218449991488","study_id":0,"datetime_start":"2026-03-31T12:20:31.398819"}
{"op_code":5,"worker_id":"55704226-5167-4c2c-86a6-8992cff3b148-140218449991488","trial_id":7,"param_name":"lr","param_value_internal":0.0013536089673503399,"distribution":"{\"name\": \"FloatDistribution\", \"attributes\": {\"step\": null, \"low\": 0.0001, \"high\": 0.1, \"log\": true}}"}
{"op_code":5,"worker_id":"55704226-5167-4c2c-86a6-8992cff3b148-140218449991488","trial_id":7,"param_name":"dropout","param_value_internal":0.10289104034975649,"distribution":"{\"name\": \"FloatDistribution\", \"attributes\": {\"step\": null, \"low\": 0.0, \"high\": 0.5, \"log\": false}}"}
{"op_code":5,"worker_id":"55704226-5167-4c2c-86a6-8992cff3b148-140218449991488","trial_id":7,"param_name":"nodes","param_value_internal":2,"distribution":"{\"name\": \"CategoricalDistribution\", \"attributes\": {\"choices\": [\"64-64\", \"128-64\", \"256-128\"]}}"}
{"op_code":6,"worker_id":"55704226-5167-4c2c-86a6-8992cff3b148-140218449991488","trial_id":7,"state":1,"values":[0.7757009345794392],"datetime_complete":"2026-03-31T12:20:31.964898"}
{"op_code":4,"worker_id":"55704226-5167-4c2c-86a6-8992cff3b148-140218449991488","study_id":0,"datetime_start":"2026-03-31T12:20:31.981072"}
{"op_code":5,"worker_id":"55704226-5167-4c2c-86a6-8992cff3b148-140218449991488","trial_id":8,"param_name":"lr","param_value_internal":0.0010145843369929574,"distribution":"{\"name\": \"FloatDistribution\", \"attributes\": {\"step\": null, \"low\": 0.0001, \"high\": 0.1, \"log\": true}}"}
{"op_code":5,"worker_id":"55704226-5167-4c2c-86a6-8992cff3b148-140218449991488","trial_id":8,"param_name":"dropout","param_value_internal":0.11732418925949645,"distribution":"{\"name\": \"FloatDistribution\", \"attributes\": {\"step\": null, \"low\": 0.0, \"high\": 0.5, \"log\": false}}"}
{"op_code":5,"worker_id":"55704226-5167-4c2c-86a6-8992cff3b148-140218449991488","trial_id":8,"param_name":"nodes","param_value_internal":1,"distribution":"{\"name\": \"CategoricalDistribution\", \"attributes\": {\"choices\": [\"64-64\", \"128-64\", \"256-128\"]}}"}
{"op_code":6,"worker_id":"55704226-5167-4c2c-86a6-8992cff3b148-140218449991488","trial_id":8,"state":1,"values":[0.784527518172378],"datetime_complete":"2026-03-31T12:20:32.547431"}
{"op_code":4,"worker_id":"55704226-5167-4c2c-86a6-8992cff3b148-140218449991488","study_id":0,"datetime_start":"2026-03-31T12:20:32.561368"}
{"op_code":5,"worker_id":"55704226-5167-4c2c-86a6-8992cff3b148-140218449991488","trial_id":9,"param_name":"lr","param_value_internal":0.0009538083283164479,"distribution":"{\"name\": \"FloatDistribution\", \"attributes\": {\"step\": null, \"low\": 0.0001, \"high\": 0.1, \"log\": true}}"}
{"op_code":5,"worker_id":"55704226-5167-4c2c-86a6-8992cff3b148-140218449991488","trial_id":9,"param_name":"dropout","param_value_internal":0.3010252815788021,"distribution":"{\"name\": \"FloatDistribution\", \"attributes\": {\"step\": null, \"low\": 0.0, \"high\": 0.5, \"log\": false}}"}
{"op_code":5,"worker_id":"55704226-5167-4c2c-86a6-8992cff3b148-140218449991488","trial_id":9,"param_name":"nodes","param_value_internal":0,"distribution":"{\"name\": \"CategoricalDistribution\", \"attributes\": {\"choices\": [\"64-64\", \"128-64\", \"256-128\"]}}"}
{"op_code":6,"worker_id":"55704226-5167-4c2c-86a6-8992cff3b148-140218449991488","trial_id":9,"state":1,"values":[0.8006230529595015],"datetime_complete":"2026-03-31T12:20:33.126713"}
{"op_code":4,"worker_id":"55704226-5167-4c2c-86a6-8992cff3b148-140218449991488","study_id":0,"datetime_start":"2026-03-31T12:20:33.145069"}
{"op_code":5,"worker_id":"55704226-5167-4c2c-86a6-8992cff3b148-140218449991488","trial_id":10,"param_name":"lr","param_value_internal":0.00010443731958883321,"distribution":"{\"name\": \"FloatDistribution\", \"attributes\": {\"step\": null, \"low\": 0.0001, \"high\": 0.1, \"log\": true}}"}
{"op_code":5,"worker_id":"55704226-5167-4c2c-86a6-8992cff3b148-140218449991488","trial_id":10,"param_name":"dropout","param_value_internal":0.016489582899502763,"distribution":"{\"name\": \"FloatDistribution\", \"attributes\": {\"step\": null, \"low\": 0.0, \"high\": 0.5, \"log\": false}}"}
{"op_code":5,"worker_id":"55704226-5167-4c2c-86a6-8992cff3b148-140218449991488","trial_id":10,"param_name":"nodes","param_value_internal":0,"distribution":"{\"name\": \"CategoricalDistribution\", \"attributes\": {\"choices\": [\"64-64\", \"128-64\", \"256-128\"]}}"}
{"op_code":6,"worker_id":"55704226-5167-4c2c-86a6-8992cff3b148-140218449991488","trial_id":10,"state":1,"values":[0.7185877466251298],"datetime_complete":"2026-03-31T12:20:33.714838"}
{"op_code":4,"worker_id":"55704226-5167-4c2c-86a6-8992cff3b148-140218449991488","study_id":0,"datetime_start":"2026-03-31T12:20:33.738861"}
{"op_code":5,"worker_id":"55704226-5167-4c2c-86a6-8992cff3b148-140218449991488","trial_id":11,"param_name":"lr","param_value_internal":0.0001301225105359364,"distribution":"{\"name\": \"FloatDistribution\", \"attributes\": {\"step\": null, \"low\": 0.0001, \"high\": 0.1, \"log\": true}}"}
{"op_code":5,"worker_id":"55704226-5167-4c2c-86a6-8992cff3b148-140218449991488","trial_id":11,"param_name":"dropout","param_value_internal":0.4210597776271454,"distribution":"{\"name\": \"FloatDistribution\", \"attributes\": {\"step\": null, \"low\": 0.0, \"high\": 0.5, \"log\": false}}"}
{"op_code":5,"worker_id":"55704226-5167-4c2c-86a6-8992cff3b148-140218449991488","trial_id":11,"param_name":"nodes","param_value_internal":2,"distribution":"{\"name\": \"CategoricalDistribution\", \"attributes\": {\"choices\": [\"64-64\", \"128-64\", \"256-128\"]}}"}
{"op_code":6,"worker_id":"55704226-5167-4c2c-86a6-8992cff3b148-140218449991488","trial_id":11,"state":1,"values":[0.7751817237798546],"datetime_complete":"2026-03-31T12:20:34.305879"}
{"op_code":4,"worker_id":"55704226-5167-4c2c-86a6-8992cff3b148-140218449991488","study_id":0,"datetime_start":"2026-03-31T12:20:34.324741"}
{"op_code":5,"worker_id":"55704226-5167-4c2c-86a6-8992cff3b148-140218449991488","trial_id":12,"param_name":"lr","param_value_internal":0.05006457162701856,"distribution":"{\"name\": \"FloatDistribution\", \"attributes\": {\"step\": null, \"low\": 0.0001, \"high\": 0.1, \"log\": true}}"}
{"op_code":5,"worker_id":"55704226-5167-4c2c-86a6-8992cff3b148-140218449991488","trial_id":12,"param_name":"dropout","param_value_internal":0.00021637209723654807,"distribution":"{\"name\": \"FloatDistribution\", \"attributes\": {\"step\": null, \"low\": 0.0, \"high\": 0.5, \"log\": false}}"}
{"op_code":5,"worker_id":"55704226-5167-4c2c-86a6-8992cff3b148-140218449991488","trial_id":12,"param_name":"nodes","param_value_internal":2,"distribution":"{\"name\": \"CategoricalDistribution\", \"attributes\": {\"choices\": [\"64-64\", \"128-64\", \"256-128\"]}}"}
{"op_code":6,"worker_id":"55704226-5167-4c2c-86a6-8992cff3b148-140218449991488","trial_id":12,"state":1,"values":[0.754932502596054],"datetime_complete":"2026-03-31T12:20:34.906045"}
{"op_code":4,"worker_id":"55704226-5167-4c2c-86a6-8992cff3b148-140218449991488","study_id":0,"datetime_start":"2026-03-31T12:20:34.952397"}
{"op_code":5,"worker_id":"55704226-5167-4c2c-86a6-8992cff3b148-140218449991488","trial_id":13,"param_name":"lr","param_value_internal":0.00025692786527898323,"distribution":"{\"name\": \"FloatDistribution\", \"attributes\": {\"step\": null, \"low\": 0.0001, \"high\": 0.1, \"log\": true}}"}
{"op_code":5,"worker_id":"55704226-5167-4c2c-86a6-8992cff3b148-140218449991488","trial_id":13,"param_name":"dropout","param_value_internal":0.3636168700026001,"distribution":"{\"name\": \"FloatDistribution\", \"attributes\": {\"step\": null, \"low\": 0.0, \"high\": 0.5, \"log\": false}}"}
{"op_code":5,"worker_id":"55704226-5167-4c2c-86a6-8992cff3b148-140218449991488","trial_id":13,"param_name":"nodes","param_value_internal":1,"distribution":"{\"name\": \"CategoricalDistribution\", \"attributes\": {\"choices\": [\"64-64\", \"128-64\", \"256-128\"]}}"}
{"op_code":6,"worker_id":"55704226-5167-4c2c-86a6-8992cff3b148-140218449991488","trial_id":13,"state":1,"values":[0.7720664589823468],"datetime_complete":"2026-03-31T12:20:35.534074"}
{"op_code":4,"worker_id":"55704226-5167-4c2c-86a6-8992cff3b148-140218449991488","study_id":0,"datetime_start":"2026-03-31T12:20:35.561539"}
{"op_code":5,"worker_id":"55704226-5167-4c2c-86a6-8992cff3b148-140218449991488","trial_id":14,"param_name":"lr","param_value_internal":0.005901592625940128,"distribution":"{\"name\": \"FloatDistribution\", \"attributes\": {\"step\": null, \"low\": 0.0001, \"high\": 0.1, \"log\": true}}"}
{"op_code":5,"worker_id":"55704226-5167-4c2c-86a6-8992cff3b148-140218449991488","trial_id":14,"param_name":"dropout","param_value_internal":0.4835554387982578,"distribution":"{\"name\": \"FloatDistribution\", \"attributes\": {\"step\": null, \"low\": 0.0, \"high\": 0.5, \"log\": false}}"}
{"op_code":5,"worker_id":"55704226-5167-4c2c-86a6-8992cff3b148-140218449991488","trial_id":14,"param_name":"nodes","param_value_internal":0,"distribution":"{\"name\": \"CategoricalDistribution\", \"attributes\": {\"choices\": [\"64-64\", \"128-64\", \"256-128\"]}}"}
{"op_code":6,"worker_id":"55704226-5167-4c2c-86a6-8992cff3b148-140218449991488","trial_id":14,"state":1,"values":[0.7954309449636553],"datetime_complete":"2026-03-31T12:20:36.146388"}
{"op_code":4,"worker_id":"55704226-5167-4c2c-86a6-8992cff3b148-140218449991488","study_id":0,"datetime_start":"2026-03-31T12:20:36.167094"}
{"op_code":5,"worker_id":"55704226-5167-4c2c-86a6-8992cff3b148-140218449991488","trial_id":15,"param_name":"lr","param_value_internal":0.00023073080725183483,"distribution":"{\"name\": \"FloatDistribution\", \"attributes\": {\"step\": null, \"low\": 0.0001, \"high\": 0.1, \"log\": true}}"}
{"op_code":5,"worker_id":"55704226-5167-4c2c-86a6-8992cff3b148-140218449991488","trial_id":15,"param_name":"dropout","param_value_internal":0.23147416398485904,"distribution":"{\"name\": \"FloatDistribution\", \"attributes\": {\"step\": null, \"low\": 0.0, \"high\": 0.5, \"log\": false}}"}
{"op_code":5,"worker_id":"55704226-5167-4c2c-86a6-8992cff3b148-140218449991488","trial_id":15,"param_name":"nodes","param_value_internal":1,"distribution":"{\"name\": \"CategoricalDistribution\", \"attributes\": {\"choices\": [\"64-64\", \"128-64\", \"256-128\"]}}"}
{"op_code":6,"worker_id":"55704226-5167-4c2c-86a6-8992cff3b148-140218449991488","trial_id":15,"state":1,"values":[0.7757009345794392],"datetime_complete":"2026-03-31T12:20:36.743090"}
{"op_code":4,"worker_id":"55704226-5167-4c2c-86a6-8992cff3b148-140218449991488","study_id":0,"datetime_start":"2026-03-31T12:20:36.762265"}
{"op_code":5,"worker_id":"55704226-5167-4c2c-86a6-8992cff3b148-140218449991488","trial_id":16,"param_name":"lr","param_value_internal":0.0005267649359208935,"distribution":"{\"name\": \"FloatDistribution\", \"attributes\": {\"step\": null, \"low\": 0.0001, \"high\": 0.1, \"log\": true}}"}
{"op_code":5,"worker_id":"55704226-5167-4c2c-86a6-8992cff3b148-140218449991488","trial_id":16,"param_name":"dropout","param_value_internal":0.31450020941769913,"distribution":"{\"name\": \"FloatDistribution\", \"attributes\": {\"step\": null, \"low\": 0.0, \"high\": 0.5, \"log\": false}}"}
{"op_code":5,"worker_id":"55704226-5167-4c2c-86a6-8992cff3b148-140218449991488","trial_id":16,"param_name":"nodes","param_value_internal":2,"distribution":"{\"name\": \"CategoricalDistribution\", \"attributes\": {\"choices\": [\"64-64\", \"128-64\", \"256-128\"]}}"}
{"op_code":6,"worker_id":"55704226-5167-4c2c-86a6-8992cff3b148-140218449991488","trial_id":16,"state":1,"values":[0.7772585669781932],"datetime_complete":"2026-03-31T12:20:37.340905"}
{"op_code":4,"worker_id":"55704226-5167-4c2c-86a6-8992cff3b148-140218449991488","study_id":0,"datetime_start":"2026-03-31T12:20:37.358190"}
{"op_code":5,"worker_id":"55704226-5167-4c2c-86a6-8992cff3b148-140218449991488","trial_id":17,"param_name":"lr","param_value_internal":0.00018455184165006288,"distribution":"{\"name\": \"FloatDistribution\", \"attributes\": {\"step\": null, \"low\": 0.0001, \"high\": 0.1, \"log\": true}}"}
{"op_code":5,"worker_id":"55704226-5167-4c2c-86a6-8992cff3b148-140218449991488","trial_id":17,"param_name":"dropout","param_value_internal":0.07229586512739469,"distribution":"{\"name\": \"FloatDistribution\", \"attributes\": {\"step\": null, \"low\": 0.0, \"high\": 0.5, \"log\": false}}"}
{"op_code":5,"worker_id":"55704226-5167-4c2c-86a6-8992cff3b148-140218449991488","trial_id":17,"param_name":"nodes","param_value_internal":2,"distribution":"{\"name\": \"CategoricalDistribution\", \"attributes\": {\"choices\": [\"64-64\", \"128-64\", \"256-128\"]}}"}
{"op_code":6,"worker_id":"55704226-5167-4c2c-86a6-8992cff3b148-140218449991488","trial_id":17,"state":1,"values":[0.7487019730010385],"datetime_complete":"2026-03-31T12:20:37.935972"}
{"op_code":4,"worker_id":"55704226-5167-4c2c-86a6-8992cff3b148-140218449991488","study_id":0,"datetime_start":"2026-03-31T12:20:37.954238"}
{"op_code":5,"worker_id":"55704226-5167-4c2c-86a6-8992cff3b148-140218449991488","trial_id":18,"param_name":"lr","param_value_internal":0.01427441338215216,"distribution":"{\"name\": \"FloatDistribution\", \"attributes\": {\"step\": null, \"low\": 0.0001, \"high\": 0.1, \"log\": true}}"}
{"op_code":5,"worker_id":"55704226-5167-4c2c-86a6-8992cff3b148-140218449991488","trial_id":18,"param_name":"dropout","param_value_internal":0.17828068798620286,"distribution":"{\"name\": \"FloatDistribution\", \"attributes\": {\"step\": null, \"low\": 0.0, \"high\": 0.5, \"log\": false}}"}
{"op_code":5,"worker_id":"55704226-5167-4c2c-86a6-8992cff3b148-140218449991488","trial_id":18,"param_name":"nodes","param_value_internal":1,"distribution":"{\"name\": \"CategoricalDistribution\", \"attributes\": {\"choices\": [\"64-64\", \"128-64\", \"256-128\"]}}"}
{"op_code":6,"worker_id":"55704226-5167-4c2c-86a6-8992cff3b148-140218449991488","trial_id":18,"state":1,"values":[0.8006230529595015],"datetime_complete":"2026-03-31T12:20:38.536523"}
{"op_code":4,"worker_id":"55704226-5167-4c2c-86a6-8992cff3b148-140218449991488","study_id":0,"datetime_start":"2026-03-31T12:20:38.559498"}
{"op_code":5,"worker_id":"55704226-5167-4c2c-86a6-8992cff3b148-140218449991488","trial_id":19,"param_name":"lr","param_value_internal":0.002341330549048408,"distribution":"{\"name\": \"FloatDistribution\", \"attributes\": {\"step\": null, \"low\": 0.0001, \"high\": 0.1, \"log\": true}}"}
{"op_code":5,"worker_id":"55704226-5167-4c2c-86a6-8992cff3b148-140218449991488","trial_id":19,"param_name":"dropout","param_value_internal":0.04106539749590482,"distribution":"{\"name\": \"FloatDistribution\", \"attributes\": {\"step\": null, \"low\": 0.0, \"high\": 0.5, \"log\": false}}"}
{"op_code":5,"worker_id":"55704226-5167-4c2c-86a6-8992cff3b148-140218449991488","trial_id":19,"param_name":"nodes","param_value_internal":0,"distribution":"{\"name\": \"CategoricalDistribution\", \"attributes\": {\"choices\": [\"64-64\", \"128-64\", \"256-128\"]}}"}
{"op_code":6,"worker_id":"55704226-5167-4c2c-86a6-8992cff3b148-140218449991488","trial_id":19,"state":1,"values":[0.7377985462097612],"datetime_complete":"2026-03-31T12:20:39.127557"}
