{"op_code":0,"worker_id":"10cabf7f-2ae5-496b-897b-cc7474bff989-140218449991488","study_name":"tabdpt_deephit","directions":[2]}
{"op_code":4,"worker_id":"10cabf7f-2ae5-496b-897b-cc7474bff989-140218449991488","study_id":0,"datetime_start":"2026-03-31T11:53:03.042038"}
{"op_code":5,"worker_id":"10cabf7f-2ae5-496b-897b-cc7474bff989-140218449991488","trial_id":0,"param_name":"lr","param_value_internal":0.09616371041890899,"distribution":"{\"name\": \"FloatDistribution\", \"attributes\": {\"step\": null, \"low\": 0.0001, \"high\": 0.1, \"log\": true}}"}
{"op_code":5,"worker_id":"10cabf7f-2ae5-496b-897b-cc7474bff989-140218449991488","trial_id":0,"param_name":"dropout","param_value_internal":0.15102596930520962,"distribution":"{\"name\": \"FloatDistribution\", \"attributes\": {\"step\": null, \"low\": 0.0, \"high\": 0.5, \"log\": false}}"}
{"op_code":5,"worker_id":"10cabf7f-2ae5-496b-897b-cc7474bff989-140218449991488","trial_id":0,"param_name":"nodes","param_value_internal":2,"distribution":"{\"name\": \"CategoricalDistribution\", \"attributes\": {\"choices\": [\"64-64\", \"128-64\", \"256-128\"]}}"}
{"op_code":6,"worker_id":"10cabf7f-2ae5-496b-897b-cc7474bff989-140218449991488","trial_id":0,"state":1,"values":[0.49306183541738124],"datetime_complete":"2026-03-31T11:53:04.833356"}
{"op_code":4,"worker_id":"10cabf7f-2ae5-496b-897b-cc7474bff989-140218449991488","study_id":0,"datetime_start":"2026-03-31T11:53:04.857041"}
{"op_code":5,"worker_id":"10cabf7f-2ae5-496b-897b-cc7474bff989-140218449991488","trial_id":1,"param_name":"lr","param_value_internal":0.00025967825673270595,"distribution":"{\"name\": \"FloatDistribution\", \"attributes\": {\"step\": null, \"low\": 0.0001, \"high\": 0.1, \"log\": true}}"}
{"op_code":5,"worker_id":"10cabf7f-2ae5-496b-897b-cc7474bff989-140218449991488","trial_id":1,"param_name":"dropout","param_value_internal":0.23858604931547056,"distribution":"{\"name\": \"FloatDistribution\", \"attributes\": {\"step\": null, \"low\": 0.0, \"high\": 0.5, \"log\": false}}"}
{"op_code":5,"worker_id":"10cabf7f-2ae5-496b-897b-cc7474bff989-140218449991488","trial_id":1,"param_name":"nodes","param_value_internal":0,"distribution":"{\"name\": \"CategoricalDistribution\", \"attributes\": {\"choices\": [\"64-64\", \"128-64\", \"256-128\"]}}"}
{"op_code":6,"worker_id":"10cabf7f-2ae5-496b-897b-cc7474bff989-140218449991488","trial_id":1,"state":1,"values":[0.6367208207303003],"datetime_complete":"2026-03-31T11:53:06.648598"}
{"op_code":4,"worker_id":"10cabf7f-2ae5-496b-897b-cc7474bff989-140218449991488","study_id":0,"datetime_start":"2026-03-31T11:53:06.671267"}
{"op_code":5,"worker_id":"10cabf7f-2ae5-496b-897b-cc7474bff989-140218449991488","trial_id":2,"param_name":"lr","param_value_internal":0.003828333424546632,"distribution":"{\"name\": \"FloatDistribution\", \"attributes\": {\"step\": null, \"low\": 0.0001, \"high\": 0.1, \"log\": true}}"}
{"op_code":5,"worker_id":"10cabf7f-2ae5-496b-897b-cc7474bff989-140218449991488","trial_id":2,"param_name":"dropout","param_value_internal":0.3559168267458319,"distribution":"{\"name\": \"FloatDistribution\", \"attributes\": {\"step\": null, \"low\": 0.0, \"high\": 0.5, \"log\": false}}"}
{"op_code":5,"worker_id":"10cabf7f-2ae5-496b-897b-cc7474bff989-140218449991488","trial_id":2,"param_name":"nodes","param_value_internal":0,"distribution":"{\"name\": \"CategoricalDistribution\", \"attributes\": {\"choices\": [\"64-64\", \"128-64\", \"256-128\"]}}"}
{"op_code":6,"worker_id":"10cabf7f-2ae5-496b-897b-cc7474bff989-140218449991488","trial_id":2,"state":1,"values":[0.6556799401290966],"datetime_complete":"2026-03-31T11:53:08.479792"}
{"op_code":4,"worker_id":"10cabf7f-2ae5-496b-897b-cc7474bff989-140218449991488","study_id":0,"datetime_start":"2026-03-31T11:53:08.495721"}
{"op_code":5,"worker_id":"10cabf7f-2ae5-496b-897b-cc7474bff989-140218449991488","trial_id":3,"param_name":"lr","param_value_internal":0.059851015454344104,"distribution":"{\"name\": \"FloatDistribution\", \"attributes\": {\"step\": null, \"low\": 0.0001, \"high\": 0.1, \"log\": true}}"}
{"op_code":5,"worker_id":"10cabf7f-2ae5-496b-897b-cc7474bff989-140218449991488","trial_id":3,"param_name":"dropout","param_value_internal":0.39034816053010174,"distribution":"{\"name\": \"FloatDistribution\", \"attributes\": {\"step\": null, \"low\": 0.0, \"high\": 0.5, \"log\": false}}"}
{"op_code":5,"worker_id":"10cabf7f-2ae5-496b-897b-cc7474bff989-140218449991488","trial_id":3,"param_name":"nodes","param_value_internal":0,"distribution":"{\"name\": \"CategoricalDistribution\", \"attributes\": {\"choices\": [\"64-64\", \"128-64\", \"256-128\"]}}"}
{"op_code":6,"worker_id":"10cabf7f-2ae5-496b-897b-cc7474bff989-140218449991488","trial_id":3,"state":1,"values":[0.6630702547631669],"datetime_complete":"2026-03-31T11:53:10.262983"}
{"op_code":4,"worker_id":"10cabf7f-2ae5-496b-897b-cc7474bff989-140218449991488","study_id":0,"datetime_start":"2026-03-31T11:53:10.289136"}
{"op_code":5,"worker_id":"10cabf7f-2ae5-496b-897b-cc7474bff989-140218449991488","trial_id":4,"param_name":"lr","param_value_internal":0.0025102563301770808,"distribution":"{\"name\": \"FloatDistribution\", \"attributes\": {\"step\": null, \"low\": 0.0001, \"high\": 0.1, \"log\": true}}"}
{"op_code":5,"worker_id":"10cabf7f-2ae5-496b-897b-cc7474bff989-140218449991488","trial_id":4,"param_name":"dropout","param_value_internal":0.14414186356107644,"distribution":"{\"name\": \"FloatDistribution\", \"attributes\": {\"step\": null, \"low\": 0.0, \"high\": 0.5, \"log\": false}}"}
{"op_code":5,"worker_id":"10cabf7f-2ae5-496b-897b-cc7474bff989-140218449991488","trial_id":4,"param_name":"nodes","param_value_internal":0,"distribution":"{\"name\": \"CategoricalDistribution\", \"attributes\": {\"choices\": [\"64-64\", \"128-64\", \"256-128\"]}}"}
{"op_code":6,"worker_id":"10cabf7f-2ae5-496b-897b-cc7474bff989-140218449991488","trial_id":4,"state":1,"values":[0.6302659889613021],"datetime_complete":"2026-03-31T11:53:12.101647"}
{"op_code":4,"worker_id":"10cabf7f-2ae5-496b-897b-cc7474bff989-140218449991488","study_id":0,"datetime_start":"2026-03-31T11:53:12.121811"}
{"op_code":5,"worker_id":"10cabf7f-2ae5-496b-897b-cc7474bff989-140218449991488","trial_id":5,"param_name":"lr","param_value_internal":0.00020192739465003544,"distribution":"{\"name\": \"FloatDistribution\", \"attributes\": {\"step\": null, \"low\": 0.0001, \"high\": 0.1, \"log\": true}}"}
{"op_code":5,"worker_id":"10cabf7f-2ae5-496b-897b-cc7474bff989-140218449991488","trial_id":5,"param_name":"dropout","param_value_internal":0.21654984172111508,"distribution":"{\"name\": \"FloatDistribution\", \"attributes\": {\"step\": null, \"low\": 0.0, \"high\": 0.5, \"log\": false}}"}
{"op_code":5,"worker_id":"10cabf7f-2ae5-496b-897b-cc7474bff989-140218449991488","trial_id":5,"param_name":"nodes","param_value_internal":1,"distribution":"{\"name\": \"CategoricalDistribution\", \"attributes\": {\"choices\": [\"64-64\", \"128-64\", \"256-128\"]}}"}
{"op_code":6,"worker_id":"10cabf7f-2ae5-496b-897b-cc7474bff989-140218449991488","trial_id":5,"state":1,"values":[0.6657831550718762],"datetime_complete":"2026-03-31T11:53:13.963491"}
{"op_code":4,"worker_id":"10cabf7f-2ae5-496b-897b-cc7474bff989-140218449991488","study_id":0,"datetime_start":"2026-03-31T11:53:13.988674"}
{"op_code":5,"worker_id":"10cabf7f-2ae5-496b-897b-cc7474bff989-140218449991488","trial_id":6,"param_name":"lr","param_value_internal":0.003046864395652785,"distribution":"{\"name\": \"FloatDistribution\", \"attributes\": {\"step\": null, \"low\": 0.0001, \"high\": 0.1, \"log\": true}}"}
{"op_code":5,"worker_id":"10cabf7f-2ae5-496b-897b-cc7474bff989-140218449991488","trial_id":6,"param_name":"dropout","param_value_internal":0.12209577542347178,"distribution":"{\"name\": \"FloatDistribution\", \"attributes\": {\"step\": null, \"low\": 0.0, \"high\": 0.5, \"log\": false}}"}
{"op_code":5,"worker_id":"10cabf7f-2ae5-496b-897b-cc7474bff989-140218449991488","trial_id":6,"param_name":"nodes","param_value_internal":0,"distribution":"{\"name\": \"CategoricalDistribution\", \"attributes\": {\"choices\": [\"64-64\", \"128-64\", \"256-128\"]}}"}
{"op_code":6,"worker_id":"10cabf7f-2ae5-496b-897b-cc7474bff989-140218449991488","trial_id":6,"state":1,"values":[0.6247778228195453],"datetime_complete":"2026-03-31T11:53:15.799926"}
{"op_code":4,"worker_id":"10cabf7f-2ae5-496b-897b-cc7474bff989-140218449991488","study_id":0,"datetime_start":"2026-03-31T11:53:15.813711"}
{"op_code":5,"worker_id":"10cabf7f-2ae5-496b-897b-cc7474bff989-140218449991488","trial_id":7,"param_name":"lr","param_value_internal":0.0025528242881283493,"distribution":"{\"name\": \"FloatDistribution\", \"attributes\": {\"step\": null, \"low\": 0.0001, \"high\": 0.1, \"log\": true}}"}
{"op_code":5,"worker_id":"10cabf7f-2ae5-496b-897b-cc7474bff989-140218449991488","trial_id":7,"param_name":"dropout","param_value_internal":0.06679627756278911,"distribution":"{\"name\": \"FloatDistribution\", \"attributes\": {\"step\": null, \"low\": 0.0, \"high\": 0.5, \"log\": false}}"}
{"op_code":5,"worker_id":"10cabf7f-2ae5-496b-897b-cc7474bff989-140218449991488","trial_id":7,"param_name":"nodes","param_value_internal":2,"distribution":"{\"name\": \"CategoricalDistribution\", \"attributes\": {\"choices\": [\"64-64\", \"128-64\", \"256-128\"]}}"}
{"op_code":6,"worker_id":"10cabf7f-2ae5-496b-897b-cc7474bff989-140218449991488","trial_id":7,"state":1,"values":[0.5868595840219527],"datetime_complete":"2026-03-31T11:53:17.595911"}
{"op_code":4,"worker_id":"10cabf7f-2ae5-496b-897b-cc7474bff989-140218449991488","study_id":0,"datetime_start":"2026-03-31T11:53:17.618249"}
{"op_code":5,"worker_id":"10cabf7f-2ae5-496b-897b-cc7474bff989-140218449991488","trial_id":8,"param_name":"lr","param_value_internal":0.01012307793820824,"distribution":"{\"name\": \"FloatDistribution\", \"attributes\": {\"step\": null, \"low\": 0.0001, \"high\": 0.1, \"log\": true}}"}
{"op_code":5,"worker_id":"10cabf7f-2ae5-496b-897b-cc7474bff989-140218449991488","trial_id":8,"param_name":"dropout","param_value_internal":0.10132276307031268,"distribution":"{\"name\": \"FloatDistribution\", \"attributes\": {\"step\": null, \"low\": 0.0, \"high\": 0.5, \"log\": false}}"}
{"op_code":5,"worker_id":"10cabf7f-2ae5-496b-897b-cc7474bff989-140218449991488","trial_id":8,"param_name":"nodes","param_value_internal":2,"distribution":"{\"name\": \"CategoricalDistribution\", \"attributes\": {\"choices\": [\"64-64\", \"128-64\", \"256-128\"]}}"}
{"op_code":6,"worker_id":"10cabf7f-2ae5-496b-897b-cc7474bff989-140218449991488","trial_id":8,"state":1,"values":[0.6462627459540367],"datetime_complete":"2026-03-31T11:53:19.434825"}
{"op_code":4,"worker_id":"10cabf7f-2ae5-496b-897b-cc7474bff989-140218449991488","study_id":0,"datetime_start":"2026-03-31T11:53:19.458318"}
{"op_code":5,"worker_id":"10cabf7f-2ae5-496b-897b-cc7474bff989-140218449991488","trial_id":9,"param_name":"lr","param_value_internal":0.00016955102275279885,"distribution":"{\"name\": \"FloatDistribution\", \"attributes\": {\"step\": null, \"low\": 0.0001, \"high\": 0.1, \"log\": true}}"}
{"op_code":5,"worker_id":"10cabf7f-2ae5-496b-897b-cc7474bff989-140218449991488","trial_id":9,"param_name":"dropout","param_value_internal":0.35308348080418933,"distribution":"{\"name\": \"FloatDistribution\", \"attributes\": {\"step\": null, \"low\": 0.0, \"high\": 0.5, \"log\": false}}"}
{"op_code":5,"worker_id":"10cabf7f-2ae5-496b-897b-cc7474bff989-140218449991488","trial_id":9,"param_name":"nodes","param_value_internal":0,"distribution":"{\"name\": \"CategoricalDistribution\", \"attributes\": {\"choices\": [\"64-64\", \"128-64\", \"256-128\"]}}"}
{"op_code":6,"worker_id":"10cabf7f-2ae5-496b-897b-cc7474bff989-140218449991488","trial_id":9,"state":1,"values":[0.6580810128161152],"datetime_complete":"2026-03-31T11:53:21.316485"}
{"op_code":4,"worker_id":"10cabf7f-2ae5-496b-897b-cc7474bff989-140218449991488","study_id":0,"datetime_start":"2026-03-31T11:53:21.344385"}
{"op_code":5,"worker_id":"10cabf7f-2ae5-496b-897b-cc7474bff989-140218449991488","trial_id":10,"param_name":"lr","param_value_internal":0.0007117292690771146,"distribution":"{\"name\": \"FloatDistribution\", \"attributes\": {\"step\": null, \"low\": 0.0001, \"high\": 0.1, \"log\": true}}"}
{"op_code":5,"worker_id":"10cabf7f-2ae5-496b-897b-cc7474bff989-140218449991488","trial_id":10,"param_name":"dropout","param_value_internal":0.4781679839242158,"distribution":"{\"name\": \"FloatDistribution\", \"attributes\": {\"step\": null, \"low\": 0.0, \"high\": 0.5, \"log\": false}}"}
{"op_code":5,"worker_id":"10cabf7f-2ae5-496b-897b-cc7474bff989-140218449991488","trial_id":10,"param_name":"nodes","param_value_internal":1,"distribution":"{\"name\": \"CategoricalDistribution\", \"attributes\": {\"choices\": [\"64-64\", \"128-64\", \"256-128\"]}}"}
{"op_code":6,"worker_id":"10cabf7f-2ae5-496b-897b-cc7474bff989-140218449991488","trial_id":10,"state":1,"values":[0.692163771866912],"datetime_complete":"2026-03-31T11:53:23.164003"}
{"op_code":4,"worker_id":"10cabf7f-2ae5-496b-897b-cc7474bff989-140218449991488","study_id":0,"datetime_start":"2026-03-31T11:53:23.183664"}
{"op_code":5,"worker_id":"10cabf7f-2ae5-496b-897b-cc7474bff989-140218449991488","trial_id":11,"param_name":"lr","param_value_internal":0.0005470150699982769,"distribution":"{\"name\": \"FloatDistribution\", \"attributes\": {\"step\": null, \"low\": 0.0001, \"high\": 0.1, \"log\": true}}"}
{"op_code":5,"worker_id":"10cabf7f-2ae5-496b-897b-cc7474bff989-140218449991488","trial_id":11,"param_name":"dropout","param_value_internal":0.49871262588454524,"distribution":"{\"name\": \"FloatDistribution\", \"attributes\": {\"step\": null, \"low\": 0.0, \"high\": 0.5, \"log\": false}}"}
{"op_code":5,"worker_id":"10cabf7f-2ae5-496b-897b-cc7474bff989-140218449991488","trial_id":11,"param_name":"nodes","param_value_internal":1,"distribution":"{\"name\": \"CategoricalDistribution\", \"attributes\": {\"choices\": [\"64-64\", \"128-64\", \"256-128\"]}}"}
{"op_code":6,"worker_id":"10cabf7f-2ae5-496b-897b-cc7474bff989-140218449991488","trial_id":11,"state":1,"values":[0.6497863980791418],"datetime_complete":"2026-03-31T11:53:24.974164"}
{"op_code":4,"worker_id":"10cabf7f-2ae5-496b-897b-cc7474bff989-140218449991488","study_id":0,"datetime_start":"2026-03-31T11:53:24.993511"}
{"op_code":5,"worker_id":"10cabf7f-2ae5-496b-897b-cc7474bff989-140218449991488","trial_id":12,"param_name":"lr","param_value_internal":0.0005511473203256493,"distribution":"{\"name\": \"FloatDistribution\", \"attributes\": {\"step\": null, \"low\": 0.0001, \"high\": 0.1, \"log\": true}}"}
{"op_code":5,"worker_id":"10cabf7f-2ae5-496b-897b-cc7474bff989-140218449991488","trial_id":12,"param_name":"dropout","param_value_internal":0.21431624624985743,"distribution":"{\"name\": \"FloatDistribution\", \"attributes\": {\"step\": null, \"low\": 0.0, \"high\": 0.5, \"log\": false}}"}
{"op_code":5,"worker_id":"10cabf7f-2ae5-496b-897b-cc7474bff989-140218449991488","trial_id":12,"param_name":"nodes","param_value_internal":1,"distribution":"{\"name\": \"CategoricalDistribution\", \"attributes\": {\"choices\": [\"64-64\", \"128-64\", \"256-128\"]}}"}
{"op_code":6,"worker_id":"10cabf7f-2ae5-496b-897b-cc7474bff989-140218449991488","trial_id":12,"state":1,"values":[0.6538713399232904],"datetime_complete":"2026-03-31T11:53:26.771317"}
{"op_code":4,"worker_id":"10cabf7f-2ae5-496b-897b-cc7474bff989-140218449991488","study_id":0,"datetime_start":"2026-03-31T11:53:26.789597"}
{"op_code":5,"worker_id":"10cabf7f-2ae5-496b-897b-cc7474bff989-140218449991488","trial_id":13,"param_name":"lr","param_value_internal":0.00010622358830499255,"distribution":"{\"name\": \"FloatDistribution\", \"attributes\": {\"step\": null, \"low\": 0.0001, \"high\": 0.1, \"log\": true}}"}
{"op_code":5,"worker_id":"10cabf7f-2ae5-496b-897b-cc7474bff989-140218449991488","trial_id":13,"param_name":"dropout","param_value_internal":0.009112694357286427,"distribution":"{\"name\": \"FloatDistribution\", \"attributes\": {\"step\": null, \"low\": 0.0, \"high\": 0.5, \"log\": false}}"}
{"op_code":5,"worker_id":"10cabf7f-2ae5-496b-897b-cc7474bff989-140218449991488","trial_id":13,"param_name":"nodes","param_value_internal":1,"distribution":"{\"name\": \"CategoricalDistribution\", \"attributes\": {\"choices\": [\"64-64\", \"128-64\", \"256-128\"]}}"}
{"op_code":6,"worker_id":"10cabf7f-2ae5-496b-897b-cc7474bff989-140218449991488","trial_id":13,"state":1,"values":[0.6078144001995697],"datetime_complete":"2026-03-31T11:53:28.566047"}
{"op_code":4,"worker_id":"10cabf7f-2ae5-496b-897b-cc7474bff989-140218449991488","study_id":0,"datetime_start":"2026-03-31T11:53:28.587707"}
{"op_code":5,"worker_id":"10cabf7f-2ae5-496b-897b-cc7474bff989-140218449991488","trial_id":14,"param_name":"lr","param_value_internal":0.0007713126198934309,"distribution":"{\"name\": \"FloatDistribution\", \"attributes\": {\"step\": null, \"low\": 0.0001, \"high\": 0.1, \"log\": true}}"}
{"op_code":5,"worker_id":"10cabf7f-2ae5-496b-897b-cc7474bff989-140218449991488","trial_id":14,"param_name":"dropout","param_value_internal":0.49693388319325366,"distribution":"{\"name\": \"FloatDistribution\", \"attributes\": {\"step\": null, \"low\": 0.0, \"high\": 0.5, \"log\": false}}"}
{"op_code":5,"worker_id":"10cabf7f-2ae5-496b-897b-cc7474bff989-140218449991488","trial_id":14,"param_name":"nodes","param_value_internal":1,"distribution":"{\"name\": \"CategoricalDistribution\", \"attributes\": {\"choices\": [\"64-64\", \"128-64\", \"256-128\"]}}"}
{"op_code":6,"worker_id":"10cabf7f-2ae5-496b-897b-cc7474bff989-140218449991488","trial_id":14,"state":1,"values":[0.6565218747076617],"datetime_complete":"2026-03-31T11:53:30.370685"}
{"op_code":4,"worker_id":"10cabf7f-2ae5-496b-897b-cc7474bff989-140218449991488","study_id":0,"datetime_start":"2026-03-31T11:53:30.384785"}
{"op_code":5,"worker_id":"10cabf7f-2ae5-496b-897b-cc7474bff989-140218449991488","trial_id":15,"param_name":"lr","param_value_internal":0.0010867710795952668,"distribution":"{\"name\": \"FloatDistribution\", \"attributes\": {\"step\": null, \"low\": 0.0001, \"high\": 0.1, \"log\": true}}"}
{"op_code":5,"worker_id":"10cabf7f-2ae5-496b-897b-cc7474bff989-140218449991488","trial_id":15,"param_name":"dropout","param_value_internal":0.29743783165549165,"distribution":"{\"name\": \"FloatDistribution\", \"attributes\": {\"step\": null, \"low\": 0.0, \"high\": 0.5, \"log\": false}}"}
{"op_code":5,"worker_id":"10cabf7f-2ae5-496b-897b-cc7474bff989-140218449991488","trial_id":15,"param_name":"nodes","param_value_internal":1,"distribution":"{\"name\": \"CategoricalDistribution\", \"attributes\": {\"choices\": [\"64-64\", \"128-64\", \"256-128\"]}}"}
{"op_code":6,"worker_id":"10cabf7f-2ae5-496b-897b-cc7474bff989-140218449991488","trial_id":15,"state":1,"values":[0.6750444354360909],"datetime_complete":"2026-03-31T11:53:32.175388"}
{"op_code":4,"worker_id":"10cabf7f-2ae5-496b-897b-cc7474bff989-140218449991488","study_id":0,"datetime_start":"2026-03-31T11:53:32.195244"}
{"op_code":5,"worker_id":"10cabf7f-2ae5-496b-897b-cc7474bff989-140218449991488","trial_id":16,"param_name":"lr","param_value_internal":0.0011733237899874255,"distribution":"{\"name\": \"FloatDistribution\", \"attributes\": {\"step\": null, \"low\": 0.0001, \"high\": 0.1, \"log\": true}}"}
{"op_code":5,"worker_id":"10cabf7f-2ae5-496b-897b-cc7474bff989-140218449991488","trial_id":16,"param_name":"dropout","param_value_internal":0.30323410558674313,"distribution":"{\"name\": \"FloatDistribution\", \"attributes\": {\"step\": null, \"low\": 0.0, \"high\": 0.5, \"log\": false}}"}
{"op_code":5,"worker_id":"10cabf7f-2ae5-496b-897b-cc7474bff989-140218449991488","trial_id":16,"param_name":"nodes","param_value_internal":1,"distribution":"{\"name\": \"CategoricalDistribution\", \"attributes\": {\"choices\": [\"64-64\", \"128-64\", \"256-128\"]}}"}
{"op_code":6,"worker_id":"10cabf7f-2ae5-496b-897b-cc7474bff989-140218449991488","trial_id":16,"state":1,"values":[0.635317596432692],"datetime_complete":"2026-03-31T11:53:33.982863"}
{"op_code":4,"worker_id":"10cabf7f-2ae5-496b-897b-cc7474bff989-140218449991488","study_id":0,"datetime_start":"2026-03-31T11:53:34.001889"}
{"op_code":5,"worker_id":"10cabf7f-2ae5-496b-897b-cc7474bff989-140218449991488","trial_id":17,"param_name":"lr","param_value_internal":0.009215171973077921,"distribution":"{\"name\": \"FloatDistribution\", \"attributes\": {\"step\": null, \"low\": 0.0001, \"high\": 0.1, \"log\": true}}"}
{"op_code":5,"worker_id":"10cabf7f-2ae5-496b-897b-cc7474bff989-140218449991488","trial_id":17,"param_name":"dropout","param_value_internal":0.4293946522963208,"distribution":"{\"name\": \"FloatDistribution\", \"attributes\": {\"step\": null, \"low\": 0.0, \"high\": 0.5, \"log\": false}}"}
{"op_code":5,"worker_id":"10cabf7f-2ae5-496b-897b-cc7474bff989-140218449991488","trial_id":17,"param_name":"nodes","param_value_internal":1,"distribution":"{\"name\": \"CategoricalDistribution\", \"attributes\": {\"choices\": [\"64-64\", \"128-64\", \"256-128\"]}}"}
{"op_code":6,"worker_id":"10cabf7f-2ae5-496b-897b-cc7474bff989-140218449991488","trial_id":17,"state":1,"values":[0.6874863575415511],"datetime_complete":"2026-03-31T11:53:35.879492"}
{"op_code":4,"worker_id":"10cabf7f-2ae5-496b-897b-cc7474bff989-140218449991488","study_id":0,"datetime_start":"2026-03-31T11:53:35.891749"}
{"op_code":5,"worker_id":"10cabf7f-2ae5-496b-897b-cc7474bff989-140218449991488","trial_id":18,"param_name":"lr","param_value_internal":0.01577287534097623,"distribution":"{\"name\": \"FloatDistribution\", \"attributes\": {\"step\": null, \"low\": 0.0001, \"high\": 0.1, \"log\": true}}"}
{"op_code":5,"worker_id":"10cabf7f-2ae5-496b-897b-cc7474bff989-140218449991488","trial_id":18,"param_name":"dropout","param_value_internal":0.43549443878409594,"distribution":"{\"name\": \"FloatDistribution\", \"attributes\": {\"step\": null, \"low\": 0.0, \"high\": 0.5, \"log\": false}}"}
{"op_code":5,"worker_id":"10cabf7f-2ae5-496b-897b-cc7474bff989-140218449991488","trial_id":18,"param_name":"nodes","param_value_internal":1,"distribution":"{\"name\": \"CategoricalDistribution\", \"attributes\": {\"choices\": [\"64-64\", \"128-64\", \"256-128\"]}}"}
{"op_code":6,"worker_id":"10cabf7f-2ae5-496b-897b-cc7474bff989-140218449991488","trial_id":18,"state":1,"values":[0.6428326421154386],"datetime_complete":"2026-03-31T11:53:37.802231"}
{"op_code":4,"worker_id":"10cabf7f-2ae5-496b-897b-cc7474bff989-140218449991488","study_id":0,"datetime_start":"2026-03-31T11:53:37.821932"}
{"op_code":5,"worker_id":"10cabf7f-2ae5-496b-897b-cc7474bff989-140218449991488","trial_id":19,"param_name":"lr","param_value_internal":0.014028586465055833,"distribution":"{\"name\": \"FloatDistribution\", \"attributes\": {\"step\": null, \"low\": 0.0001, \"high\": 0.1, \"log\": true}}"}
{"op_code":5,"worker_id":"10cabf7f-2ae5-496b-897b-cc7474bff989-140218449991488","trial_id":19,"param_name":"dropout","param_value_internal":0.4427792554591799,"distribution":"{\"name\": \"FloatDistribution\", \"attributes\": {\"step\": null, \"low\": 0.0, \"high\": 0.5, \"log\": false}}"}
{"op_code":5,"worker_id":"10cabf7f-2ae5-496b-897b-cc7474bff989-140218449991488","trial_id":19,"param_name":"nodes","param_value_internal":1,"distribution":"{\"name\": \"CategoricalDistribution\", \"attributes\": {\"choices\": [\"64-64\", \"128-64\", \"256-128\"]}}"}
{"op_code":6,"worker_id":"10cabf7f-2ae5-496b-897b-cc7474bff989-140218449991488","trial_id":19,"state":1,"values":[0.6444853285103994],"datetime_complete":"2026-03-31T11:53:39.648000"}
