{"op_code":0,"worker_id":"3cb2561c-7497-46c9-98ac-aae9dc20e5d2-139751315212096","study_name":"survtrace_tuning","directions":[2]}
{"op_code":4,"worker_id":"3cb2561c-7497-46c9-98ac-aae9dc20e5d2-139751315212096","study_id":0,"datetime_start":"2026-04-05T22:35:11.726803"}
{"op_code":5,"worker_id":"3cb2561c-7497-46c9-98ac-aae9dc20e5d2-139751315212096","trial_id":0,"param_name":"learning_rate","param_value_internal":0.0037735512864540766,"distribution":"{\"name\": \"FloatDistribution\", \"attributes\": {\"step\": null, \"low\": 0.0001, \"high\": 0.01, \"log\": true}}"}
{"op_code":5,"worker_id":"3cb2561c-7497-46c9-98ac-aae9dc20e5d2-139751315212096","trial_id":0,"param_name":"hidden_size","param_value_internal":1,"distribution":"{\"name\": \"CategoricalDistribution\", \"attributes\": {\"choices\": [8, 16, 32]}}"}
{"op_code":5,"worker_id":"3cb2561c-7497-46c9-98ac-aae9dc20e5d2-139751315212096","trial_id":0,"param_name":"num_hidden_layers","param_value_internal":2,"distribution":"{\"name\": \"CategoricalDistribution\", \"attributes\": {\"choices\": [1, 2, 3, 4]}}"}
{"op_code":5,"worker_id":"3cb2561c-7497-46c9-98ac-aae9dc20e5d2-139751315212096","trial_id":0,"param_name":"num_attention_heads","param_value_internal":1,"distribution":"{\"name\": \"CategoricalDistribution\", \"attributes\": {\"choices\": [2, 4, 8]}}"}
{"op_code":5,"worker_id":"3cb2561c-7497-46c9-98ac-aae9dc20e5d2-139751315212096","trial_id":0,"param_name":"intermediate_size","param_value_internal":1,"distribution":"{\"name\": \"CategoricalDistribution\", \"attributes\": {\"choices\": [32, 64, 128]}}"}
{"op_code":6,"worker_id":"3cb2561c-7497-46c9-98ac-aae9dc20e5d2-139751315212096","trial_id":0,"state":1,"values":[0.5782558235928045],"datetime_complete":"2026-04-05T22:35:26.665285"}
{"op_code":4,"worker_id":"3cb2561c-7497-46c9-98ac-aae9dc20e5d2-139751315212096","study_id":0,"datetime_start":"2026-04-05T22:35:27.102486"}
{"op_code":5,"worker_id":"3cb2561c-7497-46c9-98ac-aae9dc20e5d2-139751315212096","trial_id":1,"param_name":"learning_rate","param_value_internal":0.005249670124325033,"distribution":"{\"name\": \"FloatDistribution\", \"attributes\": {\"step\": null, \"low\": 0.0001, \"high\": 0.01, \"log\": true}}"}
{"op_code":5,"worker_id":"3cb2561c-7497-46c9-98ac-aae9dc20e5d2-139751315212096","trial_id":1,"param_name":"hidden_size","param_value_internal":1,"distribution":"{\"name\": \"CategoricalDistribution\", \"attributes\": {\"choices\": [8, 16, 32]}}"}
{"op_code":5,"worker_id":"3cb2561c-7497-46c9-98ac-aae9dc20e5d2-139751315212096","trial_id":1,"param_name":"num_hidden_layers","param_value_internal":3,"distribution":"{\"name\": \"CategoricalDistribution\", \"attributes\": {\"choices\": [1, 2, 3, 4]}}"}
{"op_code":5,"worker_id":"3cb2561c-7497-46c9-98ac-aae9dc20e5d2-139751315212096","trial_id":1,"param_name":"num_attention_heads","param_value_internal":2,"distribution":"{\"name\": \"CategoricalDistribution\", \"attributes\": {\"choices\": [2, 4, 8]}}"}
{"op_code":5,"worker_id":"3cb2561c-7497-46c9-98ac-aae9dc20e5d2-139751315212096","trial_id":1,"param_name":"intermediate_size","param_value_internal":0,"distribution":"{\"name\": \"CategoricalDistribution\", \"attributes\": {\"choices\": [32, 64, 128]}}"}
{"op_code":6,"worker_id":"3cb2561c-7497-46c9-98ac-aae9dc20e5d2-139751315212096","trial_id":1,"state":1,"values":[0.5931774848710935],"datetime_complete":"2026-04-05T22:35:44.417740"}
{"op_code":4,"worker_id":"3cb2561c-7497-46c9-98ac-aae9dc20e5d2-139751315212096","study_id":0,"datetime_start":"2026-04-05T22:35:44.438675"}
{"op_code":5,"worker_id":"3cb2561c-7497-46c9-98ac-aae9dc20e5d2-139751315212096","trial_id":2,"param_name":"learning_rate","param_value_internal":0.00017945239071355534,"distribution":"{\"name\": \"FloatDistribution\", \"attributes\": {\"step\": null, \"low\": 0.0001, \"high\": 0.01, \"log\": true}}"}
{"op_code":5,"worker_id":"3cb2561c-7497-46c9-98ac-aae9dc20e5d2-139751315212096","trial_id":2,"param_name":"hidden_size","param_value_internal":0,"distribution":"{\"name\": \"CategoricalDistribution\", \"attributes\": {\"choices\": [8, 16, 32]}}"}
{"op_code":5,"worker_id":"3cb2561c-7497-46c9-98ac-aae9dc20e5d2-139751315212096","trial_id":2,"param_name":"num_hidden_layers","param_value_internal":2,"distribution":"{\"name\": \"CategoricalDistribution\", \"attributes\": {\"choices\": [1, 2, 3, 4]}}"}
{"op_code":5,"worker_id":"3cb2561c-7497-46c9-98ac-aae9dc20e5d2-139751315212096","trial_id":2,"param_name":"num_attention_heads","param_value_internal":0,"distribution":"{\"name\": \"CategoricalDistribution\", \"attributes\": {\"choices\": [2, 4, 8]}}"}
{"op_code":5,"worker_id":"3cb2561c-7497-46c9-98ac-aae9dc20e5d2-139751315212096","trial_id":2,"param_name":"intermediate_size","param_value_internal":1,"distribution":"{\"name\": \"CategoricalDistribution\", \"attributes\": {\"choices\": [32, 64, 128]}}"}
{"op_code":6,"worker_id":"3cb2561c-7497-46c9-98ac-aae9dc20e5d2-139751315212096","trial_id":2,"state":1,"values":[0.6099229047500622],"datetime_complete":"2026-04-05T22:35:59.629118"}
{"op_code":4,"worker_id":"3cb2561c-7497-46c9-98ac-aae9dc20e5d2-139751315212096","study_id":0,"datetime_start":"2026-04-05T22:35:59.646658"}
{"op_code":5,"worker_id":"3cb2561c-7497-46c9-98ac-aae9dc20e5d2-139751315212096","trial_id":3,"param_name":"learning_rate","param_value_internal":0.0011693876225534901,"distribution":"{\"name\": \"FloatDistribution\", \"attributes\": {\"step\": null, \"low\": 0.0001, \"high\": 0.01, \"log\": true}}"}
{"op_code":5,"worker_id":"3cb2561c-7497-46c9-98ac-aae9dc20e5d2-139751315212096","trial_id":3,"param_name":"hidden_size","param_value_internal":0,"distribution":"{\"name\": \"CategoricalDistribution\", \"attributes\": {\"choices\": [8, 16, 32]}}"}
{"op_code":5,"worker_id":"3cb2561c-7497-46c9-98ac-aae9dc20e5d2-139751315212096","trial_id":3,"param_name":"num_hidden_layers","param_value_internal":0,"distribution":"{\"name\": \"CategoricalDistribution\", \"attributes\": {\"choices\": [1, 2, 3, 4]}}"}
{"op_code":5,"worker_id":"3cb2561c-7497-46c9-98ac-aae9dc20e5d2-139751315212096","trial_id":3,"param_name":"num_attention_heads","param_value_internal":1,"distribution":"{\"name\": \"CategoricalDistribution\", \"attributes\": {\"choices\": [2, 4, 8]}}"}
{"op_code":5,"worker_id":"3cb2561c-7497-46c9-98ac-aae9dc20e5d2-139751315212096","trial_id":3,"param_name":"intermediate_size","param_value_internal":2,"distribution":"{\"name\": \"CategoricalDistribution\", \"attributes\": {\"choices\": [32, 64, 128]}}"}
{"op_code":6,"worker_id":"3cb2561c-7497-46c9-98ac-aae9dc20e5d2-139751315212096","trial_id":3,"state":1,"values":[0.6069385724944044],"datetime_complete":"2026-04-05T22:36:06.575753"}
{"op_code":4,"worker_id":"3cb2561c-7497-46c9-98ac-aae9dc20e5d2-139751315212096","study_id":0,"datetime_start":"2026-04-05T22:36:06.594085"}
{"op_code":5,"worker_id":"3cb2561c-7497-46c9-98ac-aae9dc20e5d2-139751315212096","trial_id":4,"param_name":"learning_rate","param_value_internal":0.0003477421160983309,"distribution":"{\"name\": \"FloatDistribution\", \"attributes\": {\"step\": null, \"low\": 0.0001, \"high\": 0.01, \"log\": true}}"}
{"op_code":5,"worker_id":"3cb2561c-7497-46c9-98ac-aae9dc20e5d2-139751315212096","trial_id":4,"param_name":"hidden_size","param_value_internal":2,"distribution":"{\"name\": \"CategoricalDistribution\", \"attributes\": {\"choices\": [8, 16, 32]}}"}
{"op_code":5,"worker_id":"3cb2561c-7497-46c9-98ac-aae9dc20e5d2-139751315212096","trial_id":4,"param_name":"num_hidden_layers","param_value_internal":1,"distribution":"{\"name\": \"CategoricalDistribution\", \"attributes\": {\"choices\": [1, 2, 3, 4]}}"}
{"op_code":5,"worker_id":"3cb2561c-7497-46c9-98ac-aae9dc20e5d2-139751315212096","trial_id":4,"param_name":"num_attention_heads","param_value_internal":2,"distribution":"{\"name\": \"CategoricalDistribution\", \"attributes\": {\"choices\": [2, 4, 8]}}"}
{"op_code":5,"worker_id":"3cb2561c-7497-46c9-98ac-aae9dc20e5d2-139751315212096","trial_id":4,"param_name":"intermediate_size","param_value_internal":1,"distribution":"{\"name\": \"CategoricalDistribution\", \"attributes\": {\"choices\": [32, 64, 128]}}"}
{"op_code":6,"worker_id":"3cb2561c-7497-46c9-98ac-aae9dc20e5d2-139751315212096","trial_id":4,"state":1,"values":[0.6210312525905662],"datetime_complete":"2026-04-05T22:36:17.683641"}
{"op_code":4,"worker_id":"3cb2561c-7497-46c9-98ac-aae9dc20e5d2-139751315212096","study_id":0,"datetime_start":"2026-04-05T22:36:17.704062"}
{"op_code":5,"worker_id":"3cb2561c-7497-46c9-98ac-aae9dc20e5d2-139751315212096","trial_id":5,"param_name":"learning_rate","param_value_internal":0.0021847280462990353,"distribution":"{\"name\": \"FloatDistribution\", \"attributes\": {\"step\": null, \"low\": 0.0001, \"high\": 0.01, \"log\": true}}"}
{"op_code":5,"worker_id":"3cb2561c-7497-46c9-98ac-aae9dc20e5d2-139751315212096","trial_id":5,"param_name":"hidden_size","param_value_internal":0,"distribution":"{\"name\": \"CategoricalDistribution\", \"attributes\": {\"choices\": [8, 16, 32]}}"}
{"op_code":5,"worker_id":"3cb2561c-7497-46c9-98ac-aae9dc20e5d2-139751315212096","trial_id":5,"param_name":"num_hidden_layers","param_value_internal":0,"distribution":"{\"name\": \"CategoricalDistribution\", \"attributes\": {\"choices\": [1, 2, 3, 4]}}"}
{"op_code":5,"worker_id":"3cb2561c-7497-46c9-98ac-aae9dc20e5d2-139751315212096","trial_id":5,"param_name":"num_attention_heads","param_value_internal":1,"distribution":"{\"name\": \"CategoricalDistribution\", \"attributes\": {\"choices\": [2, 4, 8]}}"}
{"op_code":5,"worker_id":"3cb2561c-7497-46c9-98ac-aae9dc20e5d2-139751315212096","trial_id":5,"param_name":"intermediate_size","param_value_internal":1,"distribution":"{\"name\": \"CategoricalDistribution\", \"attributes\": {\"choices\": [32, 64, 128]}}"}
{"op_code":6,"worker_id":"3cb2561c-7497-46c9-98ac-aae9dc20e5d2-139751315212096","trial_id":5,"state":1,"values":[0.6137362181878472],"datetime_complete":"2026-04-05T22:36:24.328651"}
{"op_code":4,"worker_id":"3cb2561c-7497-46c9-98ac-aae9dc20e5d2-139751315212096","study_id":0,"datetime_start":"2026-04-05T22:36:24.346465"}
{"op_code":5,"worker_id":"3cb2561c-7497-46c9-98ac-aae9dc20e5d2-139751315212096","trial_id":6,"param_name":"learning_rate","param_value_internal":0.00047075402587274116,"distribution":"{\"name\": \"FloatDistribution\", \"attributes\": {\"step\": null, \"low\": 0.0001, \"high\": 0.01, \"log\": true}}"}
{"op_code":5,"worker_id":"3cb2561c-7497-46c9-98ac-aae9dc20e5d2-139751315212096","trial_id":6,"param_name":"hidden_size","param_value_internal":1,"distribution":"{\"name\": \"CategoricalDistribution\", \"attributes\": {\"choices\": [8, 16, 32]}}"}
{"op_code":5,"worker_id":"3cb2561c-7497-46c9-98ac-aae9dc20e5d2-139751315212096","trial_id":6,"param_name":"num_hidden_layers","param_value_internal":0,"distribution":"{\"name\": \"CategoricalDistribution\", \"attributes\": {\"choices\": [1, 2, 3, 4]}}"}
{"op_code":5,"worker_id":"3cb2561c-7497-46c9-98ac-aae9dc20e5d2-139751315212096","trial_id":6,"param_name":"num_attention_heads","param_value_internal":0,"distribution":"{\"name\": \"CategoricalDistribution\", \"attributes\": {\"choices\": [2, 4, 8]}}"}
{"op_code":5,"worker_id":"3cb2561c-7497-46c9-98ac-aae9dc20e5d2-139751315212096","trial_id":6,"param_name":"intermediate_size","param_value_internal":2,"distribution":"{\"name\": \"CategoricalDistribution\", \"attributes\": {\"choices\": [32, 64, 128]}}"}
{"op_code":6,"worker_id":"3cb2561c-7497-46c9-98ac-aae9dc20e5d2-139751315212096","trial_id":6,"state":1,"values":[0.6175495316256321],"datetime_complete":"2026-04-05T22:36:32.096964"}
{"op_code":4,"worker_id":"3cb2561c-7497-46c9-98ac-aae9dc20e5d2-139751315212096","study_id":0,"datetime_start":"2026-04-05T22:36:32.114558"}
{"op_code":5,"worker_id":"3cb2561c-7497-46c9-98ac-aae9dc20e5d2-139751315212096","trial_id":7,"param_name":"learning_rate","param_value_internal":0.003761121674995119,"distribution":"{\"name\": \"FloatDistribution\", \"attributes\": {\"step\": null, \"low\": 0.0001, \"high\": 0.01, \"log\": true}}"}
{"op_code":5,"worker_id":"3cb2561c-7497-46c9-98ac-aae9dc20e5d2-139751315212096","trial_id":7,"param_name":"hidden_size","param_value_internal":1,"distribution":"{\"name\": \"CategoricalDistribution\", \"attributes\": {\"choices\": [8, 16, 32]}}"}
{"op_code":5,"worker_id":"3cb2561c-7497-46c9-98ac-aae9dc20e5d2-139751315212096","trial_id":7,"param_name":"num_hidden_layers","param_value_internal":2,"distribution":"{\"name\": \"CategoricalDistribution\", \"attributes\": {\"choices\": [1, 2, 3, 4]}}"}
{"op_code":5,"worker_id":"3cb2561c-7497-46c9-98ac-aae9dc20e5d2-139751315212096","trial_id":7,"param_name":"num_attention_heads","param_value_internal":0,"distribution":"{\"name\": \"CategoricalDistribution\", \"attributes\": {\"choices\": [2, 4, 8]}}"}
{"op_code":5,"worker_id":"3cb2561c-7497-46c9-98ac-aae9dc20e5d2-139751315212096","trial_id":7,"param_name":"intermediate_size","param_value_internal":1,"distribution":"{\"name\": \"CategoricalDistribution\", \"attributes\": {\"choices\": [32, 64, 128]}}"}
{"op_code":6,"worker_id":"3cb2561c-7497-46c9-98ac-aae9dc20e5d2-139751315212096","trial_id":7,"state":1,"values":[0.608513636740446],"datetime_complete":"2026-04-05T22:36:46.878983"}
{"op_code":4,"worker_id":"3cb2561c-7497-46c9-98ac-aae9dc20e5d2-139751315212096","study_id":0,"datetime_start":"2026-04-05T22:36:46.896387"}
{"op_code":5,"worker_id":"3cb2561c-7497-46c9-98ac-aae9dc20e5d2-139751315212096","trial_id":8,"param_name":"learning_rate","param_value_internal":0.004488781344230235,"distribution":"{\"name\": \"FloatDistribution\", \"attributes\": {\"step\": null, \"low\": 0.0001, \"high\": 0.01, \"log\": true}}"}
{"op_code":5,"worker_id":"3cb2561c-7497-46c9-98ac-aae9dc20e5d2-139751315212096","trial_id":8,"param_name":"hidden_size","param_value_internal":0,"distribution":"{\"name\": \"CategoricalDistribution\", \"attributes\": {\"choices\": [8, 16, 32]}}"}
{"op_code":5,"worker_id":"3cb2561c-7497-46c9-98ac-aae9dc20e5d2-139751315212096","trial_id":8,"param_name":"num_hidden_layers","param_value_internal":3,"distribution":"{\"name\": \"CategoricalDistribution\", \"attributes\": {\"choices\": [1, 2, 3, 4]}}"}
{"op_code":5,"worker_id":"3cb2561c-7497-46c9-98ac-aae9dc20e5d2-139751315212096","trial_id":8,"param_name":"num_attention_heads","param_value_internal":2,"distribution":"{\"name\": \"CategoricalDistribution\", \"attributes\": {\"choices\": [2, 4, 8]}}"}
{"op_code":5,"worker_id":"3cb2561c-7497-46c9-98ac-aae9dc20e5d2-139751315212096","trial_id":8,"param_name":"intermediate_size","param_value_internal":0,"distribution":"{\"name\": \"CategoricalDistribution\", \"attributes\": {\"choices\": [32, 64, 128]}}"}
{"op_code":6,"worker_id":"3cb2561c-7497-46c9-98ac-aae9dc20e5d2-139751315212096","trial_id":8,"state":1,"values":[0.6080991461493824],"datetime_complete":"2026-04-05T22:37:04.137129"}
{"op_code":4,"worker_id":"3cb2561c-7497-46c9-98ac-aae9dc20e5d2-139751315212096","study_id":0,"datetime_start":"2026-04-05T22:37:04.150839"}
{"op_code":5,"worker_id":"3cb2561c-7497-46c9-98ac-aae9dc20e5d2-139751315212096","trial_id":9,"param_name":"learning_rate","param_value_internal":0.0003407080107374173,"distribution":"{\"name\": \"FloatDistribution\", \"attributes\": {\"step\": null, \"low\": 0.0001, \"high\": 0.01, \"log\": true}}"}
{"op_code":5,"worker_id":"3cb2561c-7497-46c9-98ac-aae9dc20e5d2-139751315212096","trial_id":9,"param_name":"hidden_size","param_value_internal":1,"distribution":"{\"name\": \"CategoricalDistribution\", \"attributes\": {\"choices\": [8, 16, 32]}}"}
{"op_code":5,"worker_id":"3cb2561c-7497-46c9-98ac-aae9dc20e5d2-139751315212096","trial_id":9,"param_name":"num_hidden_layers","param_value_internal":1,"distribution":"{\"name\": \"CategoricalDistribution\", \"attributes\": {\"choices\": [1, 2, 3, 4]}}"}
{"op_code":5,"worker_id":"3cb2561c-7497-46c9-98ac-aae9dc20e5d2-139751315212096","trial_id":9,"param_name":"num_attention_heads","param_value_internal":0,"distribution":"{\"name\": \"CategoricalDistribution\", \"attributes\": {\"choices\": [2, 4, 8]}}"}
{"op_code":5,"worker_id":"3cb2561c-7497-46c9-98ac-aae9dc20e5d2-139751315212096","trial_id":9,"param_name":"intermediate_size","param_value_internal":1,"distribution":"{\"name\": \"CategoricalDistribution\", \"attributes\": {\"choices\": [32, 64, 128]}}"}
{"op_code":6,"worker_id":"3cb2561c-7497-46c9-98ac-aae9dc20e5d2-139751315212096","trial_id":9,"state":1,"values":[0.6090110254497223],"datetime_complete":"2026-04-05T22:37:16.459502"}
{"op_code":4,"worker_id":"3cb2561c-7497-46c9-98ac-aae9dc20e5d2-139751315212096","study_id":0,"datetime_start":"2026-04-05T22:37:16.475537"}
{"op_code":5,"worker_id":"3cb2561c-7497-46c9-98ac-aae9dc20e5d2-139751315212096","trial_id":10,"param_name":"learning_rate","param_value_internal":0.00011977585532716647,"distribution":"{\"name\": \"FloatDistribution\", \"attributes\": {\"step\": null, \"low\": 0.0001, \"high\": 0.01, \"log\": true}}"}
{"op_code":5,"worker_id":"3cb2561c-7497-46c9-98ac-aae9dc20e5d2-139751315212096","trial_id":10,"param_name":"hidden_size","param_value_internal":2,"distribution":"{\"name\": \"CategoricalDistribution\", \"attributes\": {\"choices\": [8, 16, 32]}}"}
{"op_code":5,"worker_id":"3cb2561c-7497-46c9-98ac-aae9dc20e5d2-139751315212096","trial_id":10,"param_name":"num_hidden_layers","param_value_internal":1,"distribution":"{\"name\": \"CategoricalDistribution\", \"attributes\": {\"choices\": [1, 2, 3, 4]}}"}
{"op_code":5,"worker_id":"3cb2561c-7497-46c9-98ac-aae9dc20e5d2-139751315212096","trial_id":10,"param_name":"num_attention_heads","param_value_internal":2,"distribution":"{\"name\": \"CategoricalDistribution\", \"attributes\": {\"choices\": [2, 4, 8]}}"}
{"op_code":5,"worker_id":"3cb2561c-7497-46c9-98ac-aae9dc20e5d2-139751315212096","trial_id":10,"param_name":"intermediate_size","param_value_internal":0,"distribution":"{\"name\": \"CategoricalDistribution\", \"attributes\": {\"choices\": [32, 64, 128]}}"}
{"op_code":6,"worker_id":"3cb2561c-7497-46c9-98ac-aae9dc20e5d2-139751315212096","trial_id":10,"state":1,"values":[0.6046174251844483],"datetime_complete":"2026-04-05T22:37:28.753338"}
{"op_code":4,"worker_id":"3cb2561c-7497-46c9-98ac-aae9dc20e5d2-139751315212096","study_id":0,"datetime_start":"2026-04-05T22:37:28.767327"}
{"op_code":5,"worker_id":"3cb2561c-7497-46c9-98ac-aae9dc20e5d2-139751315212096","trial_id":11,"param_name":"learning_rate","param_value_internal":0.0004333282746809612,"distribution":"{\"name\": \"FloatDistribution\", \"attributes\": {\"step\": null, \"low\": 0.0001, \"high\": 0.01, \"log\": true}}"}
{"op_code":5,"worker_id":"3cb2561c-7497-46c9-98ac-aae9dc20e5d2-139751315212096","trial_id":11,"param_name":"hidden_size","param_value_internal":2,"distribution":"{\"name\": \"CategoricalDistribution\", \"attributes\": {\"choices\": [8, 16, 32]}}"}
{"op_code":5,"worker_id":"3cb2561c-7497-46c9-98ac-aae9dc20e5d2-139751315212096","trial_id":11,"param_name":"num_hidden_layers","param_value_internal":0,"distribution":"{\"name\": \"CategoricalDistribution\", \"attributes\": {\"choices\": [1, 2, 3, 4]}}"}
{"op_code":5,"worker_id":"3cb2561c-7497-46c9-98ac-aae9dc20e5d2-139751315212096","trial_id":11,"param_name":"num_attention_heads","param_value_internal":0,"distribution":"{\"name\": \"CategoricalDistribution\", \"attributes\": {\"choices\": [2, 4, 8]}}"}
{"op_code":5,"worker_id":"3cb2561c-7497-46c9-98ac-aae9dc20e5d2-139751315212096","trial_id":11,"param_name":"intermediate_size","param_value_internal":2,"distribution":"{\"name\": \"CategoricalDistribution\", \"attributes\": {\"choices\": [32, 64, 128]}}"}
{"op_code":6,"worker_id":"3cb2561c-7497-46c9-98ac-aae9dc20e5d2-139751315212096","trial_id":11,"state":1,"values":[0.6160573654978032],"datetime_complete":"2026-04-05T22:37:35.134962"}
{"op_code":4,"worker_id":"3cb2561c-7497-46c9-98ac-aae9dc20e5d2-139751315212096","study_id":0,"datetime_start":"2026-04-05T22:37:35.159045"}
{"op_code":5,"worker_id":"3cb2561c-7497-46c9-98ac-aae9dc20e5d2-139751315212096","trial_id":12,"param_name":"learning_rate","param_value_internal":0.0006152785901093794,"distribution":"{\"name\": \"FloatDistribution\", \"attributes\": {\"step\": null, \"low\": 0.0001, \"high\": 0.01, \"log\": true}}"}
{"op_code":5,"worker_id":"3cb2561c-7497-46c9-98ac-aae9dc20e5d2-139751315212096","trial_id":12,"param_name":"hidden_size","param_value_internal":2,"distribution":"{\"name\": \"CategoricalDistribution\", \"attributes\": {\"choices\": [8, 16, 32]}}"}
{"op_code":5,"worker_id":"3cb2561c-7497-46c9-98ac-aae9dc20e5d2-139751315212096","trial_id":12,"param_name":"num_hidden_layers","param_value_internal":1,"distribution":"{\"name\": \"CategoricalDistribution\", \"attributes\": {\"choices\": [1, 2, 3, 4]}}"}
{"op_code":5,"worker_id":"3cb2561c-7497-46c9-98ac-aae9dc20e5d2-139751315212096","trial_id":12,"param_name":"num_attention_heads","param_value_internal":2,"distribution":"{\"name\": \"CategoricalDistribution\", \"attributes\": {\"choices\": [2, 4, 8]}}"}
{"op_code":5,"worker_id":"3cb2561c-7497-46c9-98ac-aae9dc20e5d2-139751315212096","trial_id":12,"param_name":"intermediate_size","param_value_internal":2,"distribution":"{\"name\": \"CategoricalDistribution\", \"attributes\": {\"choices\": [32, 64, 128]}}"}
{"op_code":6,"worker_id":"3cb2561c-7497-46c9-98ac-aae9dc20e5d2-139751315212096","trial_id":12,"state":1,"values":[0.5979026776092182],"datetime_complete":"2026-04-05T22:37:43.160474"}
{"op_code":4,"worker_id":"3cb2561c-7497-46c9-98ac-aae9dc20e5d2-139751315212096","study_id":0,"datetime_start":"2026-04-05T22:37:43.181802"}
{"op_code":5,"worker_id":"3cb2561c-7497-46c9-98ac-aae9dc20e5d2-139751315212096","trial_id":13,"param_name":"learning_rate","param_value_internal":0.0010200061858582138,"distribution":"{\"name\": \"FloatDistribution\", \"attributes\": {\"step\": null, \"low\": 0.0001, \"high\": 0.01, \"log\": true}}"}
{"op_code":5,"worker_id":"3cb2561c-7497-46c9-98ac-aae9dc20e5d2-139751315212096","trial_id":13,"param_name":"hidden_size","param_value_internal":2,"distribution":"{\"name\": \"CategoricalDistribution\", \"attributes\": {\"choices\": [8, 16, 32]}}"}
{"op_code":5,"worker_id":"3cb2561c-7497-46c9-98ac-aae9dc20e5d2-139751315212096","trial_id":13,"param_name":"num_hidden_layers","param_value_internal":1,"distribution":"{\"name\": \"CategoricalDistribution\", \"attributes\": {\"choices\": [1, 2, 3, 4]}}"}
{"op_code":5,"worker_id":"3cb2561c-7497-46c9-98ac-aae9dc20e5d2-139751315212096","trial_id":13,"param_name":"num_attention_heads","param_value_internal":2,"distribution":"{\"name\": \"CategoricalDistribution\", \"attributes\": {\"choices\": [2, 4, 8]}}"}
{"op_code":5,"worker_id":"3cb2561c-7497-46c9-98ac-aae9dc20e5d2-139751315212096","trial_id":13,"param_name":"intermediate_size","param_value_internal":2,"distribution":"{\"name\": \"CategoricalDistribution\", \"attributes\": {\"choices\": [32, 64, 128]}}"}
{"op_code":6,"worker_id":"3cb2561c-7497-46c9-98ac-aae9dc20e5d2-139751315212096","trial_id":13,"state":1,"values":[0.6213628450634171],"datetime_complete":"2026-04-05T22:37:53.635073"}
{"op_code":4,"worker_id":"3cb2561c-7497-46c9-98ac-aae9dc20e5d2-139751315212096","study_id":0,"datetime_start":"2026-04-05T22:37:53.650801"}
{"op_code":5,"worker_id":"3cb2561c-7497-46c9-98ac-aae9dc20e5d2-139751315212096","trial_id":14,"param_name":"learning_rate","param_value_internal":0.0008909095535240603,"distribution":"{\"name\": \"FloatDistribution\", \"attributes\": {\"step\": null, \"low\": 0.0001, \"high\": 0.01, \"log\": true}}"}
{"op_code":5,"worker_id":"3cb2561c-7497-46c9-98ac-aae9dc20e5d2-139751315212096","trial_id":14,"param_name":"hidden_size","param_value_internal":2,"distribution":"{\"name\": \"CategoricalDistribution\", \"attributes\": {\"choices\": [8, 16, 32]}}"}
{"op_code":5,"worker_id":"3cb2561c-7497-46c9-98ac-aae9dc20e5d2-139751315212096","trial_id":14,"param_name":"num_hidden_layers","param_value_internal":1,"distribution":"{\"name\": \"CategoricalDistribution\", \"attributes\": {\"choices\": [1, 2, 3, 4]}}"}
{"op_code":5,"worker_id":"3cb2561c-7497-46c9-98ac-aae9dc20e5d2-139751315212096","trial_id":14,"param_name":"num_attention_heads","param_value_internal":2,"distribution":"{\"name\": \"CategoricalDistribution\", \"attributes\": {\"choices\": [2, 4, 8]}}"}
{"op_code":5,"worker_id":"3cb2561c-7497-46c9-98ac-aae9dc20e5d2-139751315212096","trial_id":14,"param_name":"intermediate_size","param_value_internal":2,"distribution":"{\"name\": \"CategoricalDistribution\", \"attributes\": {\"choices\": [32, 64, 128]}}"}
{"op_code":6,"worker_id":"3cb2561c-7497-46c9-98ac-aae9dc20e5d2-139751315212096","trial_id":14,"state":1,"values":[0.6136533200696345],"datetime_complete":"2026-04-05T22:38:06.111941"}
{"op_code":4,"worker_id":"3cb2561c-7497-46c9-98ac-aae9dc20e5d2-139751315212096","study_id":0,"datetime_start":"2026-04-05T22:38:06.129666"}
{"op_code":5,"worker_id":"3cb2561c-7497-46c9-98ac-aae9dc20e5d2-139751315212096","trial_id":15,"param_name":"learning_rate","param_value_internal":0.009667327332090064,"distribution":"{\"name\": \"FloatDistribution\", \"attributes\": {\"step\": null, \"low\": 0.0001, \"high\": 0.01, \"log\": true}}"}
{"op_code":5,"worker_id":"3cb2561c-7497-46c9-98ac-aae9dc20e5d2-139751315212096","trial_id":15,"param_name":"hidden_size","param_value_internal":2,"distribution":"{\"name\": \"CategoricalDistribution\", \"attributes\": {\"choices\": [8, 16, 32]}}"}
{"op_code":5,"worker_id":"3cb2561c-7497-46c9-98ac-aae9dc20e5d2-139751315212096","trial_id":15,"param_name":"num_hidden_layers","param_value_internal":1,"distribution":"{\"name\": \"CategoricalDistribution\", \"attributes\": {\"choices\": [1, 2, 3, 4]}}"}
{"op_code":5,"worker_id":"3cb2561c-7497-46c9-98ac-aae9dc20e5d2-139751315212096","trial_id":15,"param_name":"num_attention_heads","param_value_internal":2,"distribution":"{\"name\": \"CategoricalDistribution\", \"attributes\": {\"choices\": [2, 4, 8]}}"}
{"op_code":5,"worker_id":"3cb2561c-7497-46c9-98ac-aae9dc20e5d2-139751315212096","trial_id":15,"param_name":"intermediate_size","param_value_internal":1,"distribution":"{\"name\": \"CategoricalDistribution\", \"attributes\": {\"choices\": [32, 64, 128]}}"}
{"op_code":6,"worker_id":"3cb2561c-7497-46c9-98ac-aae9dc20e5d2-139751315212096","trial_id":15,"state":1,"values":[0.583644201276631],"datetime_complete":"2026-04-05T22:38:18.283650"}
{"op_code":4,"worker_id":"3cb2561c-7497-46c9-98ac-aae9dc20e5d2-139751315212096","study_id":0,"datetime_start":"2026-04-05T22:38:18.298065"}
{"op_code":5,"worker_id":"3cb2561c-7497-46c9-98ac-aae9dc20e5d2-139751315212096","trial_id":16,"param_name":"learning_rate","param_value_internal":0.00022618603771662623,"distribution":"{\"name\": \"FloatDistribution\", \"attributes\": {\"step\": null, \"low\": 0.0001, \"high\": 0.01, \"log\": true}}"}
{"op_code":5,"worker_id":"3cb2561c-7497-46c9-98ac-aae9dc20e5d2-139751315212096","trial_id":16,"param_name":"hidden_size","param_value_internal":2,"distribution":"{\"name\": \"CategoricalDistribution\", \"attributes\": {\"choices\": [8, 16, 32]}}"}
{"op_code":5,"worker_id":"3cb2561c-7497-46c9-98ac-aae9dc20e5d2-139751315212096","trial_id":16,"param_name":"num_hidden_layers","param_value_internal":1,"distribution":"{\"name\": \"CategoricalDistribution\", \"attributes\": {\"choices\": [1, 2, 3, 4]}}"}
{"op_code":5,"worker_id":"3cb2561c-7497-46c9-98ac-aae9dc20e5d2-139751315212096","trial_id":16,"param_name":"num_attention_heads","param_value_internal":2,"distribution":"{\"name\": \"CategoricalDistribution\", \"attributes\": {\"choices\": [2, 4, 8]}}"}
{"op_code":5,"worker_id":"3cb2561c-7497-46c9-98ac-aae9dc20e5d2-139751315212096","trial_id":16,"param_name":"intermediate_size","param_value_internal":2,"distribution":"{\"name\": \"CategoricalDistribution\", \"attributes\": {\"choices\": [32, 64, 128]}}"}
{"op_code":6,"worker_id":"3cb2561c-7497-46c9-98ac-aae9dc20e5d2-139751315212096","trial_id":16,"state":1,"values":[0.609674210395424],"datetime_complete":"2026-04-05T22:38:30.956266"}
{"op_code":4,"worker_id":"3cb2561c-7497-46c9-98ac-aae9dc20e5d2-139751315212096","study_id":0,"datetime_start":"2026-04-05T22:38:30.977189"}
{"op_code":5,"worker_id":"3cb2561c-7497-46c9-98ac-aae9dc20e5d2-139751315212096","trial_id":17,"param_name":"learning_rate","param_value_internal":0.0017819460418005036,"distribution":"{\"name\": \"FloatDistribution\", \"attributes\": {\"step\": null, \"low\": 0.0001, \"high\": 0.01, \"log\": true}}"}
{"op_code":5,"worker_id":"3cb2561c-7497-46c9-98ac-aae9dc20e5d2-139751315212096","trial_id":17,"param_name":"hidden_size","param_value_internal":2,"distribution":"{\"name\": \"CategoricalDistribution\", \"attributes\": {\"choices\": [8, 16, 32]}}"}
{"op_code":5,"worker_id":"3cb2561c-7497-46c9-98ac-aae9dc20e5d2-139751315212096","trial_id":17,"param_name":"num_hidden_layers","param_value_internal":1,"distribution":"{\"name\": \"CategoricalDistribution\", \"attributes\": {\"choices\": [1, 2, 3, 4]}}"}
{"op_code":5,"worker_id":"3cb2561c-7497-46c9-98ac-aae9dc20e5d2-139751315212096","trial_id":17,"param_name":"num_attention_heads","param_value_internal":2,"distribution":"{\"name\": \"CategoricalDistribution\", \"attributes\": {\"choices\": [2, 4, 8]}}"}
{"op_code":5,"worker_id":"3cb2561c-7497-46c9-98ac-aae9dc20e5d2-139751315212096","trial_id":17,"param_name":"intermediate_size","param_value_internal":1,"distribution":"{\"name\": \"CategoricalDistribution\", \"attributes\": {\"choices\": [32, 64, 128]}}"}
{"op_code":6,"worker_id":"3cb2561c-7497-46c9-98ac-aae9dc20e5d2-139751315212096","trial_id":17,"state":1,"values":[0.6156428749067396],"datetime_complete":"2026-04-05T22:38:41.598405"}
{"op_code":4,"worker_id":"3cb2561c-7497-46c9-98ac-aae9dc20e5d2-139751315212096","study_id":0,"datetime_start":"2026-04-05T22:38:41.622863"}
{"op_code":5,"worker_id":"3cb2561c-7497-46c9-98ac-aae9dc20e5d2-139751315212096","trial_id":18,"param_name":"learning_rate","param_value_internal":0.0010046549308725871,"distribution":"{\"name\": \"FloatDistribution\", \"attributes\": {\"step\": null, \"low\": 0.0001, \"high\": 0.01, \"log\": true}}"}
{"op_code":5,"worker_id":"3cb2561c-7497-46c9-98ac-aae9dc20e5d2-139751315212096","trial_id":18,"param_name":"hidden_size","param_value_internal":2,"distribution":"{\"name\": \"CategoricalDistribution\", \"attributes\": {\"choices\": [8, 16, 32]}}"}
{"op_code":5,"worker_id":"3cb2561c-7497-46c9-98ac-aae9dc20e5d2-139751315212096","trial_id":18,"param_name":"num_hidden_layers","param_value_internal":1,"distribution":"{\"name\": \"CategoricalDistribution\", \"attributes\": {\"choices\": [1, 2, 3, 4]}}"}
{"op_code":5,"worker_id":"3cb2561c-7497-46c9-98ac-aae9dc20e5d2-139751315212096","trial_id":18,"param_name":"num_attention_heads","param_value_internal":2,"distribution":"{\"name\": \"CategoricalDistribution\", \"attributes\": {\"choices\": [2, 4, 8]}}"}
{"op_code":5,"worker_id":"3cb2561c-7497-46c9-98ac-aae9dc20e5d2-139751315212096","trial_id":18,"param_name":"intermediate_size","param_value_internal":2,"distribution":"{\"name\": \"CategoricalDistribution\", \"attributes\": {\"choices\": [32, 64, 128]}}"}
{"op_code":6,"worker_id":"3cb2561c-7497-46c9-98ac-aae9dc20e5d2-139751315212096","trial_id":18,"state":1,"values":[0.5998093343281108],"datetime_complete":"2026-04-05T22:38:50.631931"}
{"op_code":4,"worker_id":"3cb2561c-7497-46c9-98ac-aae9dc20e5d2-139751315212096","study_id":0,"datetime_start":"2026-04-05T22:38:50.650298"}
{"op_code":5,"worker_id":"3cb2561c-7497-46c9-98ac-aae9dc20e5d2-139751315212096","trial_id":19,"param_name":"learning_rate","param_value_internal":0.00025959532130488737,"distribution":"{\"name\": \"FloatDistribution\", \"attributes\": {\"step\": null, \"low\": 0.0001, \"high\": 0.01, \"log\": true}}"}
{"op_code":5,"worker_id":"3cb2561c-7497-46c9-98ac-aae9dc20e5d2-139751315212096","trial_id":19,"param_name":"hidden_size","param_value_internal":2,"distribution":"{\"name\": \"CategoricalDistribution\", \"attributes\": {\"choices\": [8, 16, 32]}}"}
{"op_code":5,"worker_id":"3cb2561c-7497-46c9-98ac-aae9dc20e5d2-139751315212096","trial_id":19,"param_name":"num_hidden_layers","param_value_internal":3,"distribution":"{\"name\": \"CategoricalDistribution\", \"attributes\": {\"choices\": [1, 2, 3, 4]}}"}
{"op_code":5,"worker_id":"3cb2561c-7497-46c9-98ac-aae9dc20e5d2-139751315212096","trial_id":19,"param_name":"num_attention_heads","param_value_internal":2,"distribution":"{\"name\": \"CategoricalDistribution\", \"attributes\": {\"choices\": [2, 4, 8]}}"}
{"op_code":5,"worker_id":"3cb2561c-7497-46c9-98ac-aae9dc20e5d2-139751315212096","trial_id":19,"param_name":"intermediate_size","param_value_internal":0,"distribution":"{\"name\": \"CategoricalDistribution\", \"attributes\": {\"choices\": [32, 64, 128]}}"}
{"op_code":6,"worker_id":"3cb2561c-7497-46c9-98ac-aae9dc20e5d2-139751315212096","trial_id":19,"state":1,"values":[0.6032081571748321],"datetime_complete":"2026-04-05T22:39:52.132263"}
