{"op_code":0,"worker_id":"c3dd33e8-0449-430f-8075-c4157bdcf5e5-140252871579456","study_name":"deephit_single_tuning","directions":[2]}
{"op_code":4,"worker_id":"c3dd33e8-0449-430f-8075-c4157bdcf5e5-140252871579456","study_id":0,"datetime_start":"2026-03-30T11:43:04.447768"}
{"op_code":5,"worker_id":"c3dd33e8-0449-430f-8075-c4157bdcf5e5-140252871579456","trial_id":0,"param_name":"lr","param_value_internal":0.0010550994394859024,"distribution":"{\"name\": \"FloatDistribution\", \"attributes\": {\"step\": null, \"low\": 0.0001, \"high\": 0.1, \"log\": true}}"}
{"op_code":5,"worker_id":"c3dd33e8-0449-430f-8075-c4157bdcf5e5-140252871579456","trial_id":0,"param_name":"dropout","param_value_internal":0.4925956884452349,"distribution":"{\"name\": \"FloatDistribution\", \"attributes\": {\"step\": null, \"low\": 0.0, \"high\": 0.5, \"log\": false}}"}
{"op_code":5,"worker_id":"c3dd33e8-0449-430f-8075-c4157bdcf5e5-140252871579456","trial_id":0,"param_name":"layers","param_value_internal":3.0,"distribution":"{\"name\": \"IntDistribution\", \"attributes\": {\"log\": false, \"step\": 1, \"low\": 1, \"high\": 3}}"}
{"op_code":5,"worker_id":"c3dd33e8-0449-430f-8075-c4157bdcf5e5-140252871579456","trial_id":0,"param_name":"nodes","param_value_internal":2,"distribution":"{\"name\": \"CategoricalDistribution\", \"attributes\": {\"choices\": [32, 64, 128]}}"}
{"op_code":5,"worker_id":"c3dd33e8-0449-430f-8075-c4157bdcf5e5-140252871579456","trial_id":0,"param_name":"alpha","param_value_internal":0.47304248313771496,"distribution":"{\"name\": \"FloatDistribution\", \"attributes\": {\"step\": null, \"low\": 0.0, \"high\": 0.5, \"log\": false}}"}
{"op_code":5,"worker_id":"c3dd33e8-0449-430f-8075-c4157bdcf5e5-140252871579456","trial_id":0,"param_name":"sigma","param_value_internal":0.010782018386752534,"distribution":"{\"name\": \"FloatDistribution\", \"attributes\": {\"step\": null, \"low\": 0.01, \"high\": 1.0, \"log\": true}}"}
{"op_code":6,"worker_id":"c3dd33e8-0449-430f-8075-c4157bdcf5e5-140252871579456","trial_id":0,"state":1,"values":[0.45689655172413796],"datetime_complete":"2026-03-30T11:43:04.880059"}
{"op_code":4,"worker_id":"c3dd33e8-0449-430f-8075-c4157bdcf5e5-140252871579456","study_id":0,"datetime_start":"2026-03-30T11:43:04.914955"}
{"op_code":5,"worker_id":"c3dd33e8-0449-430f-8075-c4157bdcf5e5-140252871579456","trial_id":1,"param_name":"lr","param_value_internal":0.00015409647052693767,"distribution":"{\"name\": \"FloatDistribution\", \"attributes\": {\"step\": null, \"low\": 0.0001, \"high\": 0.1, \"log\": true}}"}
{"op_code":5,"worker_id":"c3dd33e8-0449-430f-8075-c4157bdcf5e5-140252871579456","trial_id":1,"param_name":"dropout","param_value_internal":0.20484777791726133,"distribution":"{\"name\": \"FloatDistribution\", \"attributes\": {\"step\": null, \"low\": 0.0, \"high\": 0.5, \"log\": false}}"}
{"op_code":5,"worker_id":"c3dd33e8-0449-430f-8075-c4157bdcf5e5-140252871579456","trial_id":1,"param_name":"layers","param_value_internal":2.0,"distribution":"{\"name\": \"IntDistribution\", \"attributes\": {\"log\": false, \"step\": 1, \"low\": 1, \"high\": 3}}"}
{"op_code":5,"worker_id":"c3dd33e8-0449-430f-8075-c4157bdcf5e5-140252871579456","trial_id":1,"param_name":"nodes","param_value_internal":2,"distribution":"{\"name\": \"CategoricalDistribution\", \"attributes\": {\"choices\": [32, 64, 128]}}"}
{"op_code":5,"worker_id":"c3dd33e8-0449-430f-8075-c4157bdcf5e5-140252871579456","trial_id":1,"param_name":"alpha","param_value_internal":0.11447812427715798,"distribution":"{\"name\": \"FloatDistribution\", \"attributes\": {\"step\": null, \"low\": 0.0, \"high\": 0.5, \"log\": false}}"}
{"op_code":5,"worker_id":"c3dd33e8-0449-430f-8075-c4157bdcf5e5-140252871579456","trial_id":1,"param_name":"sigma","param_value_internal":0.013163348467930696,"distribution":"{\"name\": \"FloatDistribution\", \"attributes\": {\"step\": null, \"low\": 0.01, \"high\": 1.0, \"log\": true}}"}
{"op_code":6,"worker_id":"c3dd33e8-0449-430f-8075-c4157bdcf5e5-140252871579456","trial_id":1,"state":1,"values":[0.5301724137931034],"datetime_complete":"2026-03-30T11:43:05.346049"}
{"op_code":4,"worker_id":"c3dd33e8-0449-430f-8075-c4157bdcf5e5-140252871579456","study_id":0,"datetime_start":"2026-03-30T11:43:05.372462"}
{"op_code":5,"worker_id":"c3dd33e8-0449-430f-8075-c4157bdcf5e5-140252871579456","trial_id":2,"param_name":"lr","param_value_internal":0.007732733385501428,"distribution":"{\"name\": \"FloatDistribution\", \"attributes\": {\"step\": null, \"low\": 0.0001, \"high\": 0.1, \"log\": true}}"}
{"op_code":5,"worker_id":"c3dd33e8-0449-430f-8075-c4157bdcf5e5-140252871579456","trial_id":2,"param_name":"dropout","param_value_internal":0.10492015760039086,"distribution":"{\"name\": \"FloatDistribution\", \"attributes\": {\"step\": null, \"low\": 0.0, \"high\": 0.5, \"log\": false}}"}
{"op_code":5,"worker_id":"c3dd33e8-0449-430f-8075-c4157bdcf5e5-140252871579456","trial_id":2,"param_name":"layers","param_value_internal":1.0,"distribution":"{\"name\": \"IntDistribution\", \"attributes\": {\"log\": false, \"step\": 1, \"low\": 1, \"high\": 3}}"}
{"op_code":5,"worker_id":"c3dd33e8-0449-430f-8075-c4157bdcf5e5-140252871579456","trial_id":2,"param_name":"nodes","param_value_internal":1,"distribution":"{\"name\": \"CategoricalDistribution\", \"attributes\": {\"choices\": [32, 64, 128]}}"}
{"op_code":5,"worker_id":"c3dd33e8-0449-430f-8075-c4157bdcf5e5-140252871579456","trial_id":2,"param_name":"alpha","param_value_internal":0.2071710262279003,"distribution":"{\"name\": \"FloatDistribution\", \"attributes\": {\"step\": null, \"low\": 0.0, \"high\": 0.5, \"log\": false}}"}
{"op_code":5,"worker_id":"c3dd33e8-0449-430f-8075-c4157bdcf5e5-140252871579456","trial_id":2,"param_name":"sigma","param_value_internal":0.01082233939171077,"distribution":"{\"name\": \"FloatDistribution\", \"attributes\": {\"step\": null, \"low\": 0.01, \"high\": 1.0, \"log\": true}}"}
{"op_code":6,"worker_id":"c3dd33e8-0449-430f-8075-c4157bdcf5e5-140252871579456","trial_id":2,"state":1,"values":[0.38362068965517243],"datetime_complete":"2026-03-30T11:43:05.795179"}
{"op_code":4,"worker_id":"c3dd33e8-0449-430f-8075-c4157bdcf5e5-140252871579456","study_id":0,"datetime_start":"2026-03-30T11:43:05.838005"}
{"op_code":5,"worker_id":"c3dd33e8-0449-430f-8075-c4157bdcf5e5-140252871579456","trial_id":3,"param_name":"lr","param_value_internal":0.0009157388827589199,"distribution":"{\"name\": \"FloatDistribution\", \"attributes\": {\"step\": null, \"low\": 0.0001, \"high\": 0.1, \"log\": true}}"}
{"op_code":5,"worker_id":"c3dd33e8-0449-430f-8075-c4157bdcf5e5-140252871579456","trial_id":3,"param_name":"dropout","param_value_internal":0.3255100646022009,"distribution":"{\"name\": \"FloatDistribution\", \"attributes\": {\"step\": null, \"low\": 0.0, \"high\": 0.5, \"log\": false}}"}
{"op_code":5,"worker_id":"c3dd33e8-0449-430f-8075-c4157bdcf5e5-140252871579456","trial_id":3,"param_name":"layers","param_value_internal":3.0,"distribution":"{\"name\": \"IntDistribution\", \"attributes\": {\"log\": false, \"step\": 1, \"low\": 1, \"high\": 3}}"}
{"op_code":5,"worker_id":"c3dd33e8-0449-430f-8075-c4157bdcf5e5-140252871579456","trial_id":3,"param_name":"nodes","param_value_internal":1,"distribution":"{\"name\": \"CategoricalDistribution\", \"attributes\": {\"choices\": [32, 64, 128]}}"}
{"op_code":5,"worker_id":"c3dd33e8-0449-430f-8075-c4157bdcf5e5-140252871579456","trial_id":3,"param_name":"alpha","param_value_internal":0.24069479452273052,"distribution":"{\"name\": \"FloatDistribution\", \"attributes\": {\"step\": null, \"low\": 0.0, \"high\": 0.5, \"log\": false}}"}
{"op_code":5,"worker_id":"c3dd33e8-0449-430f-8075-c4157bdcf5e5-140252871579456","trial_id":3,"param_name":"sigma","param_value_internal":0.015586288013937927,"distribution":"{\"name\": \"FloatDistribution\", \"attributes\": {\"step\": null, \"low\": 0.01, \"high\": 1.0, \"log\": true}}"}
{"op_code":6,"worker_id":"c3dd33e8-0449-430f-8075-c4157bdcf5e5-140252871579456","trial_id":3,"state":1,"values":[0.6077586206896551],"datetime_complete":"2026-03-30T11:43:06.339683"}
{"op_code":4,"worker_id":"c3dd33e8-0449-430f-8075-c4157bdcf5e5-140252871579456","study_id":0,"datetime_start":"2026-03-30T11:43:06.362226"}
{"op_code":5,"worker_id":"c3dd33e8-0449-430f-8075-c4157bdcf5e5-140252871579456","trial_id":4,"param_name":"lr","param_value_internal":0.0008086061083432937,"distribution":"{\"name\": \"FloatDistribution\", \"attributes\": {\"step\": null, \"low\": 0.0001, \"high\": 0.1, \"log\": true}}"}
{"op_code":5,"worker_id":"c3dd33e8-0449-430f-8075-c4157bdcf5e5-140252871579456","trial_id":4,"param_name":"dropout","param_value_internal":0.06442244572789069,"distribution":"{\"name\": \"FloatDistribution\", \"attributes\": {\"step\": null, \"low\": 0.0, \"high\": 0.5, \"log\": false}}"}
{"op_code":5,"worker_id":"c3dd33e8-0449-430f-8075-c4157bdcf5e5-140252871579456","trial_id":4,"param_name":"layers","param_value_internal":1.0,"distribution":"{\"name\": \"IntDistribution\", \"attributes\": {\"log\": false, \"step\": 1, \"low\": 1, \"high\": 3}}"}
{"op_code":5,"worker_id":"c3dd33e8-0449-430f-8075-c4157bdcf5e5-140252871579456","trial_id":4,"param_name":"nodes","param_value_internal":0,"distribution":"{\"name\": \"CategoricalDistribution\", \"attributes\": {\"choices\": [32, 64, 128]}}"}
{"op_code":5,"worker_id":"c3dd33e8-0449-430f-8075-c4157bdcf5e5-140252871579456","trial_id":4,"param_name":"alpha","param_value_internal":0.056756820354181337,"distribution":"{\"name\": \"FloatDistribution\", \"attributes\": {\"step\": null, \"low\": 0.0, \"high\": 0.5, \"log\": false}}"}
{"op_code":5,"worker_id":"c3dd33e8-0449-430f-8075-c4157bdcf5e5-140252871579456","trial_id":4,"param_name":"sigma","param_value_internal":0.023193275330205158,"distribution":"{\"name\": \"FloatDistribution\", \"attributes\": {\"step\": null, \"low\": 0.01, \"high\": 1.0, \"log\": true}}"}
{"op_code":6,"worker_id":"c3dd33e8-0449-430f-8075-c4157bdcf5e5-140252871579456","trial_id":4,"state":1,"values":[0.603448275862069],"datetime_complete":"2026-03-30T11:43:06.809932"}
{"op_code":4,"worker_id":"c3dd33e8-0449-430f-8075-c4157bdcf5e5-140252871579456","study_id":0,"datetime_start":"2026-03-30T11:43:06.834048"}
{"op_code":5,"worker_id":"c3dd33e8-0449-430f-8075-c4157bdcf5e5-140252871579456","trial_id":5,"param_name":"lr","param_value_internal":0.0004955306519365537,"distribution":"{\"name\": \"FloatDistribution\", \"attributes\": {\"step\": null, \"low\": 0.0001, \"high\": 0.1, \"log\": true}}"}
{"op_code":5,"worker_id":"c3dd33e8-0449-430f-8075-c4157bdcf5e5-140252871579456","trial_id":5,"param_name":"dropout","param_value_internal":0.22575864348825114,"distribution":"{\"name\": \"FloatDistribution\", \"attributes\": {\"step\": null, \"low\": 0.0, \"high\": 0.5, \"log\": false}}"}
{"op_code":5,"worker_id":"c3dd33e8-0449-430f-8075-c4157bdcf5e5-140252871579456","trial_id":5,"param_name":"layers","param_value_internal":1.0,"distribution":"{\"name\": \"IntDistribution\", \"attributes\": {\"log\": false, \"step\": 1, \"low\": 1, \"high\": 3}}"}
{"op_code":5,"worker_id":"c3dd33e8-0449-430f-8075-c4157bdcf5e5-140252871579456","trial_id":5,"param_name":"nodes","param_value_internal":2,"distribution":"{\"name\": \"CategoricalDistribution\", \"attributes\": {\"choices\": [32, 64, 128]}}"}
{"op_code":5,"worker_id":"c3dd33e8-0449-430f-8075-c4157bdcf5e5-140252871579456","trial_id":5,"param_name":"alpha","param_value_internal":0.046770624664425164,"distribution":"{\"name\": \"FloatDistribution\", \"attributes\": {\"step\": null, \"low\": 0.0, \"high\": 0.5, \"log\": false}}"}
{"op_code":5,"worker_id":"c3dd33e8-0449-430f-8075-c4157bdcf5e5-140252871579456","trial_id":5,"param_name":"sigma","param_value_internal":0.9042810378313423,"distribution":"{\"name\": \"FloatDistribution\", \"attributes\": {\"step\": null, \"low\": 0.01, \"high\": 1.0, \"log\": true}}"}
{"op_code":6,"worker_id":"c3dd33e8-0449-430f-8075-c4157bdcf5e5-140252871579456","trial_id":5,"state":1,"values":[0.7112068965517241],"datetime_complete":"2026-03-30T11:43:07.278184"}
{"op_code":4,"worker_id":"c3dd33e8-0449-430f-8075-c4157bdcf5e5-140252871579456","study_id":0,"datetime_start":"2026-03-30T11:43:07.306956"}
{"op_code":5,"worker_id":"c3dd33e8-0449-430f-8075-c4157bdcf5e5-140252871579456","trial_id":6,"param_name":"lr","param_value_internal":0.0008191681213731254,"distribution":"{\"name\": \"FloatDistribution\", \"attributes\": {\"step\": null, \"low\": 0.0001, \"high\": 0.1, \"log\": true}}"}
{"op_code":5,"worker_id":"c3dd33e8-0449-430f-8075-c4157bdcf5e5-140252871579456","trial_id":6,"param_name":"dropout","param_value_internal":0.4622997351896174,"distribution":"{\"name\": \"FloatDistribution\", \"attributes\": {\"step\": null, \"low\": 0.0, \"high\": 0.5, \"log\": false}}"}
{"op_code":5,"worker_id":"c3dd33e8-0449-430f-8075-c4157bdcf5e5-140252871579456","trial_id":6,"param_name":"layers","param_value_internal":3.0,"distribution":"{\"name\": \"IntDistribution\", \"attributes\": {\"log\": false, \"step\": 1, \"low\": 1, \"high\": 3}}"}
{"op_code":5,"worker_id":"c3dd33e8-0449-430f-8075-c4157bdcf5e5-140252871579456","trial_id":6,"param_name":"nodes","param_value_internal":0,"distribution":"{\"name\": \"CategoricalDistribution\", \"attributes\": {\"choices\": [32, 64, 128]}}"}
{"op_code":5,"worker_id":"c3dd33e8-0449-430f-8075-c4157bdcf5e5-140252871579456","trial_id":6,"param_name":"alpha","param_value_internal":0.3515680123252468,"distribution":"{\"name\": \"FloatDistribution\", \"attributes\": {\"step\": null, \"low\": 0.0, \"high\": 0.5, \"log\": false}}"}
{"op_code":5,"worker_id":"c3dd33e8-0449-430f-8075-c4157bdcf5e5-140252871579456","trial_id":6,"param_name":"sigma","param_value_internal":0.47264128219709384,"distribution":"{\"name\": \"FloatDistribution\", \"attributes\": {\"step\": null, \"low\": 0.01, \"high\": 1.0, \"log\": true}}"}
{"op_code":6,"worker_id":"c3dd33e8-0449-430f-8075-c4157bdcf5e5-140252871579456","trial_id":6,"state":1,"values":[0.6508620689655172],"datetime_complete":"2026-03-30T11:43:07.796515"}
{"op_code":4,"worker_id":"c3dd33e8-0449-430f-8075-c4157bdcf5e5-140252871579456","study_id":0,"datetime_start":"2026-03-30T11:43:07.817550"}
{"op_code":5,"worker_id":"c3dd33e8-0449-430f-8075-c4157bdcf5e5-140252871579456","trial_id":7,"param_name":"lr","param_value_internal":0.0010306458678770922,"distribution":"{\"name\": \"FloatDistribution\", \"attributes\": {\"step\": null, \"low\": 0.0001, \"high\": 0.1, \"log\": true}}"}
{"op_code":5,"worker_id":"c3dd33e8-0449-430f-8075-c4157bdcf5e5-140252871579456","trial_id":7,"param_name":"dropout","param_value_internal":0.2468745400497122,"distribution":"{\"name\": \"FloatDistribution\", \"attributes\": {\"step\": null, \"low\": 0.0, \"high\": 0.5, \"log\": false}}"}
{"op_code":5,"worker_id":"c3dd33e8-0449-430f-8075-c4157bdcf5e5-140252871579456","trial_id":7,"param_name":"layers","param_value_internal":1.0,"distribution":"{\"name\": \"IntDistribution\", \"attributes\": {\"log\": false, \"step\": 1, \"low\": 1, \"high\": 3}}"}
{"op_code":5,"worker_id":"c3dd33e8-0449-430f-8075-c4157bdcf5e5-140252871579456","trial_id":7,"param_name":"nodes","param_value_internal":2,"distribution":"{\"name\": \"CategoricalDistribution\", \"attributes\": {\"choices\": [32, 64, 128]}}"}
{"op_code":5,"worker_id":"c3dd33e8-0449-430f-8075-c4157bdcf5e5-140252871579456","trial_id":7,"param_name":"alpha","param_value_internal":0.06428626186053732,"distribution":"{\"name\": \"FloatDistribution\", \"attributes\": {\"step\": null, \"low\": 0.0, \"high\": 0.5, \"log\": false}}"}
{"op_code":5,"worker_id":"c3dd33e8-0449-430f-8075-c4157bdcf5e5-140252871579456","trial_id":7,"param_name":"sigma","param_value_internal":0.027386849943162362,"distribution":"{\"name\": \"FloatDistribution\", \"attributes\": {\"step\": null, \"low\": 0.01, \"high\": 1.0, \"log\": true}}"}
{"op_code":6,"worker_id":"c3dd33e8-0449-430f-8075-c4157bdcf5e5-140252871579456","trial_id":7,"state":1,"values":[0.7586206896551724],"datetime_complete":"2026-03-30T11:43:08.211847"}
{"op_code":4,"worker_id":"c3dd33e8-0449-430f-8075-c4157bdcf5e5-140252871579456","study_id":0,"datetime_start":"2026-03-30T11:43:08.232944"}
{"op_code":5,"worker_id":"c3dd33e8-0449-430f-8075-c4157bdcf5e5-140252871579456","trial_id":8,"param_name":"lr","param_value_internal":0.06549643545361149,"distribution":"{\"name\": \"FloatDistribution\", \"attributes\": {\"step\": null, \"low\": 0.0001, \"high\": 0.1, \"log\": true}}"}
{"op_code":5,"worker_id":"c3dd33e8-0449-430f-8075-c4157bdcf5e5-140252871579456","trial_id":8,"param_name":"dropout","param_value_internal":0.1657273560435264,"distribution":"{\"name\": \"FloatDistribution\", \"attributes\": {\"step\": null, \"low\": 0.0, \"high\": 0.5, \"log\": false}}"}
{"op_code":5,"worker_id":"c3dd33e8-0449-430f-8075-c4157bdcf5e5-140252871579456","trial_id":8,"param_name":"layers","param_value_internal":1.0,"distribution":"{\"name\": \"IntDistribution\", \"attributes\": {\"log\": false, \"step\": 1, \"low\": 1, \"high\": 3}}"}
{"op_code":5,"worker_id":"c3dd33e8-0449-430f-8075-c4157bdcf5e5-140252871579456","trial_id":8,"param_name":"nodes","param_value_internal":1,"distribution":"{\"name\": \"CategoricalDistribution\", \"attributes\": {\"choices\": [32, 64, 128]}}"}
{"op_code":5,"worker_id":"c3dd33e8-0449-430f-8075-c4157bdcf5e5-140252871579456","trial_id":8,"param_name":"alpha","param_value_internal":0.01981417908535965,"distribution":"{\"name\": \"FloatDistribution\", \"attributes\": {\"step\": null, \"low\": 0.0, \"high\": 0.5, \"log\": false}}"}
{"op_code":5,"worker_id":"c3dd33e8-0449-430f-8075-c4157bdcf5e5-140252871579456","trial_id":8,"param_name":"sigma","param_value_internal":0.03273243464106197,"distribution":"{\"name\": \"FloatDistribution\", \"attributes\": {\"step\": null, \"low\": 0.01, \"high\": 1.0, \"log\": true}}"}
{"op_code":6,"worker_id":"c3dd33e8-0449-430f-8075-c4157bdcf5e5-140252871579456","trial_id":8,"state":1,"values":[0.44396551724137934],"datetime_complete":"2026-03-30T11:43:08.614897"}
{"op_code":4,"worker_id":"c3dd33e8-0449-430f-8075-c4157bdcf5e5-140252871579456","study_id":0,"datetime_start":"2026-03-30T11:43:08.638260"}
{"op_code":5,"worker_id":"c3dd33e8-0449-430f-8075-c4157bdcf5e5-140252871579456","trial_id":9,"param_name":"lr","param_value_internal":0.01109198047442846,"distribution":"{\"name\": \"FloatDistribution\", \"attributes\": {\"step\": null, \"low\": 0.0001, \"high\": 0.1, \"log\": true}}"}
{"op_code":5,"worker_id":"c3dd33e8-0449-430f-8075-c4157bdcf5e5-140252871579456","trial_id":9,"param_name":"dropout","param_value_internal":0.4831090685359556,"distribution":"{\"name\": \"FloatDistribution\", \"attributes\": {\"step\": null, \"low\": 0.0, \"high\": 0.5, \"log\": false}}"}
{"op_code":5,"worker_id":"c3dd33e8-0449-430f-8075-c4157bdcf5e5-140252871579456","trial_id":9,"param_name":"layers","param_value_internal":2.0,"distribution":"{\"name\": \"IntDistribution\", \"attributes\": {\"log\": false, \"step\": 1, \"low\": 1, \"high\": 3}}"}
{"op_code":5,"worker_id":"c3dd33e8-0449-430f-8075-c4157bdcf5e5-140252871579456","trial_id":9,"param_name":"nodes","param_value_internal":2,"distribution":"{\"name\": \"CategoricalDistribution\", \"attributes\": {\"choices\": [32, 64, 128]}}"}
{"op_code":5,"worker_id":"c3dd33e8-0449-430f-8075-c4157bdcf5e5-140252871579456","trial_id":9,"param_name":"alpha","param_value_internal":0.05192262724656327,"distribution":"{\"name\": \"FloatDistribution\", \"attributes\": {\"step\": null, \"low\": 0.0, \"high\": 0.5, \"log\": false}}"}
{"op_code":5,"worker_id":"c3dd33e8-0449-430f-8075-c4157bdcf5e5-140252871579456","trial_id":9,"param_name":"sigma","param_value_internal":0.38318674495403365,"distribution":"{\"name\": \"FloatDistribution\", \"attributes\": {\"step\": null, \"low\": 0.01, \"high\": 1.0, \"log\": true}}"}
{"op_code":6,"worker_id":"c3dd33e8-0449-430f-8075-c4157bdcf5e5-140252871579456","trial_id":9,"state":1,"values":[0.6681034482758621],"datetime_complete":"2026-03-30T11:43:09.052346"}
{"op_code":4,"worker_id":"c3dd33e8-0449-430f-8075-c4157bdcf5e5-140252871579456","study_id":0,"datetime_start":"2026-03-30T11:43:09.077857"}
{"op_code":5,"worker_id":"c3dd33e8-0449-430f-8075-c4157bdcf5e5-140252871579456","trial_id":10,"param_name":"lr","param_value_internal":0.00011824294569840703,"distribution":"{\"name\": \"FloatDistribution\", \"attributes\": {\"step\": null, \"low\": 0.0001, \"high\": 0.1, \"log\": true}}"}
{"op_code":5,"worker_id":"c3dd33e8-0449-430f-8075-c4157bdcf5e5-140252871579456","trial_id":10,"param_name":"dropout","param_value_internal":0.3421436697248018,"distribution":"{\"name\": \"FloatDistribution\", \"attributes\": {\"step\": null, \"low\": 0.0, \"high\": 0.5, \"log\": false}}"}
{"op_code":5,"worker_id":"c3dd33e8-0449-430f-8075-c4157bdcf5e5-140252871579456","trial_id":10,"param_name":"layers","param_value_internal":2.0,"distribution":"{\"name\": \"IntDistribution\", \"attributes\": {\"log\": false, \"step\": 1, \"low\": 1, \"high\": 3}}"}
{"op_code":5,"worker_id":"c3dd33e8-0449-430f-8075-c4157bdcf5e5-140252871579456","trial_id":10,"param_name":"nodes","param_value_internal":2,"distribution":"{\"name\": \"CategoricalDistribution\", \"attributes\": {\"choices\": [32, 64, 128]}}"}
{"op_code":5,"worker_id":"c3dd33e8-0449-430f-8075-c4157bdcf5e5-140252871579456","trial_id":10,"param_name":"alpha","param_value_internal":0.15474342206732394,"distribution":"{\"name\": \"FloatDistribution\", \"attributes\": {\"step\": null, \"low\": 0.0, \"high\": 0.5, \"log\": false}}"}
{"op_code":5,"worker_id":"c3dd33e8-0449-430f-8075-c4157bdcf5e5-140252871579456","trial_id":10,"param_name":"sigma","param_value_internal":0.0731618008474887,"distribution":"{\"name\": \"FloatDistribution\", \"attributes\": {\"step\": null, \"low\": 0.01, \"high\": 1.0, \"log\": true}}"}
{"op_code":6,"worker_id":"c3dd33e8-0449-430f-8075-c4157bdcf5e5-140252871579456","trial_id":10,"state":1,"values":[0.6594827586206896],"datetime_complete":"2026-03-30T11:43:09.542584"}
{"op_code":4,"worker_id":"c3dd33e8-0449-430f-8075-c4157bdcf5e5-140252871579456","study_id":0,"datetime_start":"2026-03-30T11:43:09.564238"}
{"op_code":5,"worker_id":"c3dd33e8-0449-430f-8075-c4157bdcf5e5-140252871579456","trial_id":11,"param_name":"lr","param_value_internal":0.002899124046237641,"distribution":"{\"name\": \"FloatDistribution\", \"attributes\": {\"step\": null, \"low\": 0.0001, \"high\": 0.1, \"log\": true}}"}
{"op_code":5,"worker_id":"c3dd33e8-0449-430f-8075-c4157bdcf5e5-140252871579456","trial_id":11,"param_name":"dropout","param_value_internal":0.2790483612692415,"distribution":"{\"name\": \"FloatDistribution\", \"attributes\": {\"step\": null, \"low\": 0.0, \"high\": 0.5, \"log\": false}}"}
{"op_code":5,"worker_id":"c3dd33e8-0449-430f-8075-c4157bdcf5e5-140252871579456","trial_id":11,"param_name":"layers","param_value_internal":1.0,"distribution":"{\"name\": \"IntDistribution\", \"attributes\": {\"log\": false, \"step\": 1, \"low\": 1, \"high\": 3}}"}
{"op_code":5,"worker_id":"c3dd33e8-0449-430f-8075-c4157bdcf5e5-140252871579456","trial_id":11,"param_name":"nodes","param_value_internal":2,"distribution":"{\"name\": \"CategoricalDistribution\", \"attributes\": {\"choices\": [32, 64, 128]}}"}
{"op_code":5,"worker_id":"c3dd33e8-0449-430f-8075-c4157bdcf5e5-140252871579456","trial_id":11,"param_name":"alpha","param_value_internal":0.003554683123333846,"distribution":"{\"name\": \"FloatDistribution\", \"attributes\": {\"step\": null, \"low\": 0.0, \"high\": 0.5, \"log\": false}}"}
{"op_code":5,"worker_id":"c3dd33e8-0449-430f-8075-c4157bdcf5e5-140252871579456","trial_id":11,"param_name":"sigma","param_value_internal":0.9765438789282241,"distribution":"{\"name\": \"FloatDistribution\", \"attributes\": {\"step\": null, \"low\": 0.01, \"high\": 1.0, \"log\": true}}"}
{"op_code":6,"worker_id":"c3dd33e8-0449-430f-8075-c4157bdcf5e5-140252871579456","trial_id":11,"state":1,"values":[0.7327586206896551],"datetime_complete":"2026-03-30T11:43:10.010546"}
{"op_code":4,"worker_id":"c3dd33e8-0449-430f-8075-c4157bdcf5e5-140252871579456","study_id":0,"datetime_start":"2026-03-30T11:43:10.039167"}
{"op_code":5,"worker_id":"c3dd33e8-0449-430f-8075-c4157bdcf5e5-140252871579456","trial_id":12,"param_name":"lr","param_value_internal":0.003764032140222124,"distribution":"{\"name\": \"FloatDistribution\", \"attributes\": {\"step\": null, \"low\": 0.0001, \"high\": 0.1, \"log\": true}}"}
{"op_code":5,"worker_id":"c3dd33e8-0449-430f-8075-c4157bdcf5e5-140252871579456","trial_id":12,"param_name":"dropout","param_value_internal":0.31061137799676747,"distribution":"{\"name\": \"FloatDistribution\", \"attributes\": {\"step\": null, \"low\": 0.0, \"high\": 0.5, \"log\": false}}"}
{"op_code":5,"worker_id":"c3dd33e8-0449-430f-8075-c4157bdcf5e5-140252871579456","trial_id":12,"param_name":"layers","param_value_internal":1.0,"distribution":"{\"name\": \"IntDistribution\", \"attributes\": {\"log\": false, \"step\": 1, \"low\": 1, \"high\": 3}}"}
{"op_code":5,"worker_id":"c3dd33e8-0449-430f-8075-c4157bdcf5e5-140252871579456","trial_id":12,"param_name":"nodes","param_value_internal":2,"distribution":"{\"name\": \"CategoricalDistribution\", \"attributes\": {\"choices\": [32, 64, 128]}}"}
{"op_code":5,"worker_id":"c3dd33e8-0449-430f-8075-c4157bdcf5e5-140252871579456","trial_id":12,"param_name":"alpha","param_value_internal":0.34143771503886505,"distribution":"{\"name\": \"FloatDistribution\", \"attributes\": {\"step\": null, \"low\": 0.0, \"high\": 0.5, \"log\": false}}"}
{"op_code":5,"worker_id":"c3dd33e8-0449-430f-8075-c4157bdcf5e5-140252871579456","trial_id":12,"param_name":"sigma","param_value_internal":0.09309939589241906,"distribution":"{\"name\": \"FloatDistribution\", \"attributes\": {\"step\": null, \"low\": 0.01, \"high\": 1.0, \"log\": true}}"}
{"op_code":6,"worker_id":"c3dd33e8-0449-430f-8075-c4157bdcf5e5-140252871579456","trial_id":12,"state":1,"values":[0.625],"datetime_complete":"2026-03-30T11:43:10.496391"}
{"op_code":4,"worker_id":"c3dd33e8-0449-430f-8075-c4157bdcf5e5-140252871579456","study_id":0,"datetime_start":"2026-03-30T11:43:10.524498"}
{"op_code":5,"worker_id":"c3dd33e8-0449-430f-8075-c4157bdcf5e5-140252871579456","trial_id":13,"param_name":"lr","param_value_internal":0.002881461318634037,"distribution":"{\"name\": \"FloatDistribution\", \"attributes\": {\"step\": null, \"low\": 0.0001, \"high\": 0.1, \"log\": true}}"}
{"op_code":5,"worker_id":"c3dd33e8-0449-430f-8075-c4157bdcf5e5-140252871579456","trial_id":13,"param_name":"dropout","param_value_internal":0.38728331406039457,"distribution":"{\"name\": \"FloatDistribution\", \"attributes\": {\"step\": null, \"low\": 0.0, \"high\": 0.5, \"log\": false}}"}
{"op_code":5,"worker_id":"c3dd33e8-0449-430f-8075-c4157bdcf5e5-140252871579456","trial_id":13,"param_name":"layers","param_value_internal":1.0,"distribution":"{\"name\": \"IntDistribution\", \"attributes\": {\"log\": false, \"step\": 1, \"low\": 1, \"high\": 3}}"}
{"op_code":5,"worker_id":"c3dd33e8-0449-430f-8075-c4157bdcf5e5-140252871579456","trial_id":13,"param_name":"nodes","param_value_internal":2,"distribution":"{\"name\": \"CategoricalDistribution\", \"attributes\": {\"choices\": [32, 64, 128]}}"}
{"op_code":5,"worker_id":"c3dd33e8-0449-430f-8075-c4157bdcf5e5-140252871579456","trial_id":13,"param_name":"alpha","param_value_internal":0.12780578096045975,"distribution":"{\"name\": \"FloatDistribution\", \"attributes\": {\"step\": null, \"low\": 0.0, \"high\": 0.5, \"log\": false}}"}
{"op_code":5,"worker_id":"c3dd33e8-0449-430f-8075-c4157bdcf5e5-140252871579456","trial_id":13,"param_name":"sigma","param_value_internal":0.18908070246971975,"distribution":"{\"name\": \"FloatDistribution\", \"attributes\": {\"step\": null, \"low\": 0.01, \"high\": 1.0, \"log\": true}}"}
{"op_code":6,"worker_id":"c3dd33e8-0449-430f-8075-c4157bdcf5e5-140252871579456","trial_id":13,"state":1,"values":[0.7327586206896551],"datetime_complete":"2026-03-30T11:43:10.937442"}
{"op_code":4,"worker_id":"c3dd33e8-0449-430f-8075-c4157bdcf5e5-140252871579456","study_id":0,"datetime_start":"2026-03-30T11:43:10.958029"}
{"op_code":5,"worker_id":"c3dd33e8-0449-430f-8075-c4157bdcf5e5-140252871579456","trial_id":14,"param_name":"lr","param_value_internal":0.023338452635433014,"distribution":"{\"name\": \"FloatDistribution\", \"attributes\": {\"step\": null, \"low\": 0.0001, \"high\": 0.1, \"log\": true}}"}
{"op_code":5,"worker_id":"c3dd33e8-0449-430f-8075-c4157bdcf5e5-140252871579456","trial_id":14,"param_name":"dropout","param_value_internal":0.28096218990112115,"distribution":"{\"name\": \"FloatDistribution\", \"attributes\": {\"step\": null, \"low\": 0.0, \"high\": 0.5, \"log\": false}}"}
{"op_code":5,"worker_id":"c3dd33e8-0449-430f-8075-c4157bdcf5e5-140252871579456","trial_id":14,"param_name":"layers","param_value_internal":2.0,"distribution":"{\"name\": \"IntDistribution\", \"attributes\": {\"log\": false, \"step\": 1, \"low\": 1, \"high\": 3}}"}
{"op_code":5,"worker_id":"c3dd33e8-0449-430f-8075-c4157bdcf5e5-140252871579456","trial_id":14,"param_name":"nodes","param_value_internal":2,"distribution":"{\"name\": \"CategoricalDistribution\", \"attributes\": {\"choices\": [32, 64, 128]}}"}
{"op_code":5,"worker_id":"c3dd33e8-0449-430f-8075-c4157bdcf5e5-140252871579456","trial_id":14,"param_name":"alpha","param_value_internal":0.0036383952421892877,"distribution":"{\"name\": \"FloatDistribution\", \"attributes\": {\"step\": null, \"low\": 0.0, \"high\": 0.5, \"log\": false}}"}
{"op_code":5,"worker_id":"c3dd33e8-0449-430f-8075-c4157bdcf5e5-140252871579456","trial_id":14,"param_name":"sigma","param_value_internal":0.042124614973046565,"distribution":"{\"name\": \"FloatDistribution\", \"attributes\": {\"step\": null, \"low\": 0.01, \"high\": 1.0, \"log\": true}}"}
{"op_code":6,"worker_id":"c3dd33e8-0449-430f-8075-c4157bdcf5e5-140252871579456","trial_id":14,"state":1,"values":[0.4827586206896552],"datetime_complete":"2026-03-30T11:43:11.369802"}
{"op_code":4,"worker_id":"c3dd33e8-0449-430f-8075-c4157bdcf5e5-140252871579456","study_id":0,"datetime_start":"2026-03-30T11:43:11.391228"}
{"op_code":5,"worker_id":"c3dd33e8-0449-430f-8075-c4157bdcf5e5-140252871579456","trial_id":15,"param_name":"lr","param_value_internal":0.002236492784495652,"distribution":"{\"name\": \"FloatDistribution\", \"attributes\": {\"step\": null, \"low\": 0.0001, \"high\": 0.1, \"log\": true}}"}
{"op_code":5,"worker_id":"c3dd33e8-0449-430f-8075-c4157bdcf5e5-140252871579456","trial_id":15,"param_name":"dropout","param_value_internal":0.0016617513651083493,"distribution":"{\"name\": \"FloatDistribution\", \"attributes\": {\"step\": null, \"low\": 0.0, \"high\": 0.5, \"log\": false}}"}
{"op_code":5,"worker_id":"c3dd33e8-0449-430f-8075-c4157bdcf5e5-140252871579456","trial_id":15,"param_name":"layers","param_value_internal":2.0,"distribution":"{\"name\": \"IntDistribution\", \"attributes\": {\"log\": false, \"step\": 1, \"low\": 1, \"high\": 3}}"}
{"op_code":5,"worker_id":"c3dd33e8-0449-430f-8075-c4157bdcf5e5-140252871579456","trial_id":15,"param_name":"nodes","param_value_internal":0,"distribution":"{\"name\": \"CategoricalDistribution\", \"attributes\": {\"choices\": [32, 64, 128]}}"}
{"op_code":5,"worker_id":"c3dd33e8-0449-430f-8075-c4157bdcf5e5-140252871579456","trial_id":15,"param_name":"alpha","param_value_internal":0.10675935075189213,"distribution":"{\"name\": \"FloatDistribution\", \"attributes\": {\"step\": null, \"low\": 0.0, \"high\": 0.5, \"log\": false}}"}
{"op_code":5,"worker_id":"c3dd33e8-0449-430f-8075-c4157bdcf5e5-140252871579456","trial_id":15,"param_name":"sigma","param_value_internal":0.1877176852180743,"distribution":"{\"name\": \"FloatDistribution\", \"attributes\": {\"step\": null, \"low\": 0.01, \"high\": 1.0, \"log\": true}}"}
{"op_code":6,"worker_id":"c3dd33e8-0449-430f-8075-c4157bdcf5e5-140252871579456","trial_id":15,"state":1,"values":[0.6551724137931034],"datetime_complete":"2026-03-30T11:43:11.819730"}
{"op_code":4,"worker_id":"c3dd33e8-0449-430f-8075-c4157bdcf5e5-140252871579456","study_id":0,"datetime_start":"2026-03-30T11:43:11.841452"}
{"op_code":5,"worker_id":"c3dd33e8-0449-430f-8075-c4157bdcf5e5-140252871579456","trial_id":16,"param_name":"lr","param_value_internal":0.0003229536323084774,"distribution":"{\"name\": \"FloatDistribution\", \"attributes\": {\"step\": null, \"low\": 0.0001, \"high\": 0.1, \"log\": true}}"}
{"op_code":5,"worker_id":"c3dd33e8-0449-430f-8075-c4157bdcf5e5-140252871579456","trial_id":16,"param_name":"dropout","param_value_internal":0.15864768414609154,"distribution":"{\"name\": \"FloatDistribution\", \"attributes\": {\"step\": null, \"low\": 0.0, \"high\": 0.5, \"log\": false}}"}
{"op_code":5,"worker_id":"c3dd33e8-0449-430f-8075-c4157bdcf5e5-140252871579456","trial_id":16,"param_name":"layers","param_value_internal":1.0,"distribution":"{\"name\": \"IntDistribution\", \"attributes\": {\"log\": false, \"step\": 1, \"low\": 1, \"high\": 3}}"}
{"op_code":5,"worker_id":"c3dd33e8-0449-430f-8075-c4157bdcf5e5-140252871579456","trial_id":16,"param_name":"nodes","param_value_internal":2,"distribution":"{\"name\": \"CategoricalDistribution\", \"attributes\": {\"choices\": [32, 64, 128]}}"}
{"op_code":5,"worker_id":"c3dd33e8-0449-430f-8075-c4157bdcf5e5-140252871579456","trial_id":16,"param_name":"alpha","param_value_internal":0.3315220860007137,"distribution":"{\"name\": \"FloatDistribution\", \"attributes\": {\"step\": null, \"low\": 0.0, \"high\": 0.5, \"log\": false}}"}
{"op_code":5,"worker_id":"c3dd33e8-0449-430f-8075-c4157bdcf5e5-140252871579456","trial_id":16,"param_name":"sigma","param_value_internal":0.05549953412676431,"distribution":"{\"name\": \"FloatDistribution\", \"attributes\": {\"step\": null, \"low\": 0.01, \"high\": 1.0, \"log\": true}}"}
{"op_code":6,"worker_id":"c3dd33e8-0449-430f-8075-c4157bdcf5e5-140252871579456","trial_id":16,"state":1,"values":[0.603448275862069],"datetime_complete":"2026-03-30T11:43:12.256630"}
{"op_code":4,"worker_id":"c3dd33e8-0449-430f-8075-c4157bdcf5e5-140252871579456","study_id":0,"datetime_start":"2026-03-30T11:43:12.279035"}
{"op_code":5,"worker_id":"c3dd33e8-0449-430f-8075-c4157bdcf5e5-140252871579456","trial_id":17,"param_name":"lr","param_value_internal":0.007831133494980618,"distribution":"{\"name\": \"FloatDistribution\", \"attributes\": {\"step\": null, \"low\": 0.0001, \"high\": 0.1, \"log\": true}}"}
{"op_code":5,"worker_id":"c3dd33e8-0449-430f-8075-c4157bdcf5e5-140252871579456","trial_id":17,"param_name":"dropout","param_value_internal":0.4118398959400714,"distribution":"{\"name\": \"FloatDistribution\", \"attributes\": {\"step\": null, \"low\": 0.0, \"high\": 0.5, \"log\": false}}"}
{"op_code":5,"worker_id":"c3dd33e8-0449-430f-8075-c4157bdcf5e5-140252871579456","trial_id":17,"param_name":"layers","param_value_internal":1.0,"distribution":"{\"name\": \"IntDistribution\", \"attributes\": {\"log\": false, \"step\": 1, \"low\": 1, \"high\": 3}}"}
{"op_code":5,"worker_id":"c3dd33e8-0449-430f-8075-c4157bdcf5e5-140252871579456","trial_id":17,"param_name":"nodes","param_value_internal":2,"distribution":"{\"name\": \"CategoricalDistribution\", \"attributes\": {\"choices\": [32, 64, 128]}}"}
{"op_code":5,"worker_id":"c3dd33e8-0449-430f-8075-c4157bdcf5e5-140252871579456","trial_id":17,"param_name":"alpha","param_value_internal":0.18315416425551972,"distribution":"{\"name\": \"FloatDistribution\", \"attributes\": {\"step\": null, \"low\": 0.0, \"high\": 0.5, \"log\": false}}"}
{"op_code":5,"worker_id":"c3dd33e8-0449-430f-8075-c4157bdcf5e5-140252871579456","trial_id":17,"param_name":"sigma","param_value_internal":0.9666694510804643,"distribution":"{\"name\": \"FloatDistribution\", \"attributes\": {\"step\": null, \"low\": 0.01, \"high\": 1.0, \"log\": true}}"}
{"op_code":6,"worker_id":"c3dd33e8-0449-430f-8075-c4157bdcf5e5-140252871579456","trial_id":17,"state":1,"values":[0.6508620689655172],"datetime_complete":"2026-03-30T11:43:12.685302"}
{"op_code":4,"worker_id":"c3dd33e8-0449-430f-8075-c4157bdcf5e5-140252871579456","study_id":0,"datetime_start":"2026-03-30T11:43:12.705892"}
{"op_code":5,"worker_id":"c3dd33e8-0449-430f-8075-c4157bdcf5e5-140252871579456","trial_id":18,"param_name":"lr","param_value_internal":0.00028239348346262516,"distribution":"{\"name\": \"FloatDistribution\", \"attributes\": {\"step\": null, \"low\": 0.0001, \"high\": 0.1, \"log\": true}}"}
{"op_code":5,"worker_id":"c3dd33e8-0449-430f-8075-c4157bdcf5e5-140252871579456","trial_id":18,"param_name":"dropout","param_value_internal":0.24772463348697696,"distribution":"{\"name\": \"FloatDistribution\", \"attributes\": {\"step\": null, \"low\": 0.0, \"high\": 0.5, \"log\": false}}"}
{"op_code":5,"worker_id":"c3dd33e8-0449-430f-8075-c4157bdcf5e5-140252871579456","trial_id":18,"param_name":"layers","param_value_internal":1.0,"distribution":"{\"name\": \"IntDistribution\", \"attributes\": {\"log\": false, \"step\": 1, \"low\": 1, \"high\": 3}}"}
{"op_code":5,"worker_id":"c3dd33e8-0449-430f-8075-c4157bdcf5e5-140252871579456","trial_id":18,"param_name":"nodes","param_value_internal":1,"distribution":"{\"name\": \"CategoricalDistribution\", \"attributes\": {\"choices\": [32, 64, 128]}}"}
{"op_code":5,"worker_id":"c3dd33e8-0449-430f-8075-c4157bdcf5e5-140252871579456","trial_id":18,"param_name":"alpha","param_value_internal":0.08471801553166158,"distribution":"{\"name\": \"FloatDistribution\", \"attributes\": {\"step\": null, \"low\": 0.0, \"high\": 0.5, \"log\": false}}"}
{"op_code":5,"worker_id":"c3dd33e8-0449-430f-8075-c4157bdcf5e5-140252871579456","trial_id":18,"param_name":"sigma","param_value_internal":0.1600954018175321,"distribution":"{\"name\": \"FloatDistribution\", \"attributes\": {\"step\": null, \"low\": 0.01, \"high\": 1.0, \"log\": true}}"}
{"op_code":6,"worker_id":"c3dd33e8-0449-430f-8075-c4157bdcf5e5-140252871579456","trial_id":18,"state":1,"values":[0.7025862068965517],"datetime_complete":"2026-03-30T11:43:13.188008"}
{"op_code":4,"worker_id":"c3dd33e8-0449-430f-8075-c4157bdcf5e5-140252871579456","study_id":0,"datetime_start":"2026-03-30T11:43:13.208558"}
{"op_code":5,"worker_id":"c3dd33e8-0449-430f-8075-c4157bdcf5e5-140252871579456","trial_id":19,"param_name":"lr","param_value_internal":0.0016714638618066725,"distribution":"{\"name\": \"FloatDistribution\", \"attributes\": {\"step\": null, \"low\": 0.0001, \"high\": 0.1, \"log\": true}}"}
{"op_code":5,"worker_id":"c3dd33e8-0449-430f-8075-c4157bdcf5e5-140252871579456","trial_id":19,"param_name":"dropout","param_value_internal":0.3700153258389538,"distribution":"{\"name\": \"FloatDistribution\", \"attributes\": {\"step\": null, \"low\": 0.0, \"high\": 0.5, \"log\": false}}"}
{"op_code":5,"worker_id":"c3dd33e8-0449-430f-8075-c4157bdcf5e5-140252871579456","trial_id":19,"param_name":"layers","param_value_internal":2.0,"distribution":"{\"name\": \"IntDistribution\", \"attributes\": {\"log\": false, \"step\": 1, \"low\": 1, \"high\": 3}}"}
{"op_code":5,"worker_id":"c3dd33e8-0449-430f-8075-c4157bdcf5e5-140252871579456","trial_id":19,"param_name":"nodes","param_value_internal":0,"distribution":"{\"name\": \"CategoricalDistribution\", \"attributes\": {\"choices\": [32, 64, 128]}}"}
{"op_code":5,"worker_id":"c3dd33e8-0449-430f-8075-c4157bdcf5e5-140252871579456","trial_id":19,"param_name":"alpha","param_value_internal":0.2700542963095315,"distribution":"{\"name\": \"FloatDistribution\", \"attributes\": {\"step\": null, \"low\": 0.0, \"high\": 0.5, \"log\": false}}"}
{"op_code":5,"worker_id":"c3dd33e8-0449-430f-8075-c4157bdcf5e5-140252871579456","trial_id":19,"param_name":"sigma","param_value_internal":0.313601480757004,"distribution":"{\"name\": \"FloatDistribution\", \"attributes\": {\"step\": null, \"low\": 0.01, \"high\": 1.0, \"log\": true}}"}
{"op_code":6,"worker_id":"c3dd33e8-0449-430f-8075-c4157bdcf5e5-140252871579456","trial_id":19,"state":1,"values":[0.6810344827586207],"datetime_complete":"2026-03-30T11:43:13.658703"}
{"op_code":0,"worker_id":"e5bd2218-9884-43f6-94ad-d05a6ef8bb49-140611610289984","study_name":"deephit_single_tuning","directions":[2]}
{"op_code":4,"worker_id":"e5bd2218-9884-43f6-94ad-d05a6ef8bb49-140611610289984","study_id":0,"datetime_start":"2026-03-30T13:34:24.932655"}
{"op_code":5,"worker_id":"e5bd2218-9884-43f6-94ad-d05a6ef8bb49-140611610289984","trial_id":20,"param_name":"lr","param_value_internal":0.0041953718512827915,"distribution":"{\"name\": \"FloatDistribution\", \"attributes\": {\"step\": null, \"low\": 0.0001, \"high\": 0.1, \"log\": true}}"}
{"op_code":5,"worker_id":"e5bd2218-9884-43f6-94ad-d05a6ef8bb49-140611610289984","trial_id":20,"param_name":"dropout","param_value_internal":0.272985973352982,"distribution":"{\"name\": \"FloatDistribution\", \"attributes\": {\"step\": null, \"low\": 0.0, \"high\": 0.5, \"log\": false}}"}
{"op_code":5,"worker_id":"e5bd2218-9884-43f6-94ad-d05a6ef8bb49-140611610289984","trial_id":20,"param_name":"layers","param_value_internal":2.0,"distribution":"{\"name\": \"IntDistribution\", \"attributes\": {\"log\": false, \"step\": 1, \"low\": 1, \"high\": 3}}"}
{"op_code":5,"worker_id":"e5bd2218-9884-43f6-94ad-d05a6ef8bb49-140611610289984","trial_id":20,"param_name":"nodes","param_value_internal":2,"distribution":"{\"name\": \"CategoricalDistribution\", \"attributes\": {\"choices\": [32, 64, 128]}}"}
{"op_code":5,"worker_id":"e5bd2218-9884-43f6-94ad-d05a6ef8bb49-140611610289984","trial_id":20,"param_name":"alpha","param_value_internal":0.45102804845155353,"distribution":"{\"name\": \"FloatDistribution\", \"attributes\": {\"step\": null, \"low\": 0.0, \"high\": 0.5, \"log\": false}}"}
{"op_code":5,"worker_id":"e5bd2218-9884-43f6-94ad-d05a6ef8bb49-140611610289984","trial_id":20,"param_name":"sigma","param_value_internal":0.028584485666430095,"distribution":"{\"name\": \"FloatDistribution\", \"attributes\": {\"step\": null, \"low\": 0.01, \"high\": 1.0, \"log\": true}}"}
{"op_code":6,"worker_id":"e5bd2218-9884-43f6-94ad-d05a6ef8bb49-140611610289984","trial_id":20,"state":1,"values":[0.6206896551724138],"datetime_complete":"2026-03-30T13:34:25.454293"}
{"op_code":4,"worker_id":"e5bd2218-9884-43f6-94ad-d05a6ef8bb49-140611610289984","study_id":0,"datetime_start":"2026-03-30T13:34:25.482335"}
{"op_code":5,"worker_id":"e5bd2218-9884-43f6-94ad-d05a6ef8bb49-140611610289984","trial_id":21,"param_name":"lr","param_value_internal":0.0018356036042083506,"distribution":"{\"name\": \"FloatDistribution\", \"attributes\": {\"step\": null, \"low\": 0.0001, \"high\": 0.1, \"log\": true}}"}
{"op_code":5,"worker_id":"e5bd2218-9884-43f6-94ad-d05a6ef8bb49-140611610289984","trial_id":21,"param_name":"dropout","param_value_internal":0.39947065008649235,"distribution":"{\"name\": \"FloatDistribution\", \"attributes\": {\"step\": null, \"low\": 0.0, \"high\": 0.5, \"log\": false}}"}
{"op_code":5,"worker_id":"e5bd2218-9884-43f6-94ad-d05a6ef8bb49-140611610289984","trial_id":21,"param_name":"layers","param_value_internal":1.0,"distribution":"{\"name\": \"IntDistribution\", \"attributes\": {\"log\": false, \"step\": 1, \"low\": 1, \"high\": 3}}"}
{"op_code":5,"worker_id":"e5bd2218-9884-43f6-94ad-d05a6ef8bb49-140611610289984","trial_id":21,"param_name":"nodes","param_value_internal":2,"distribution":"{\"name\": \"CategoricalDistribution\", \"attributes\": {\"choices\": [32, 64, 128]}}"}
{"op_code":5,"worker_id":"e5bd2218-9884-43f6-94ad-d05a6ef8bb49-140611610289984","trial_id":21,"param_name":"alpha","param_value_internal":0.15799427299648905,"distribution":"{\"name\": \"FloatDistribution\", \"attributes\": {\"step\": null, \"low\": 0.0, \"high\": 0.5, \"log\": false}}"}
{"op_code":5,"worker_id":"e5bd2218-9884-43f6-94ad-d05a6ef8bb49-140611610289984","trial_id":21,"param_name":"sigma","param_value_internal":0.14501573182950864,"distribution":"{\"name\": \"FloatDistribution\", \"attributes\": {\"step\": null, \"low\": 0.01, \"high\": 1.0, \"log\": true}}"}
{"op_code":6,"worker_id":"e5bd2218-9884-43f6-94ad-d05a6ef8bb49-140611610289984","trial_id":21,"state":1,"values":[0.6853448275862069],"datetime_complete":"2026-03-30T13:34:25.980616"}
{"op_code":4,"worker_id":"e5bd2218-9884-43f6-94ad-d05a6ef8bb49-140611610289984","study_id":0,"datetime_start":"2026-03-30T13:34:26.007769"}
{"op_code":5,"worker_id":"e5bd2218-9884-43f6-94ad-d05a6ef8bb49-140611610289984","trial_id":22,"param_name":"lr","param_value_internal":0.0033521041535415136,"distribution":"{\"name\": \"FloatDistribution\", \"attributes\": {\"step\": null, \"low\": 0.0001, \"high\": 0.1, \"log\": true}}"}
{"op_code":5,"worker_id":"e5bd2218-9884-43f6-94ad-d05a6ef8bb49-140611610289984","trial_id":22,"param_name":"dropout","param_value_internal":0.19172282871279522,"distribution":"{\"name\": \"FloatDistribution\", \"attributes\": {\"step\": null, \"low\": 0.0, \"high\": 0.5, \"log\": false}}"}
{"op_code":5,"worker_id":"e5bd2218-9884-43f6-94ad-d05a6ef8bb49-140611610289984","trial_id":22,"param_name":"layers","param_value_internal":1.0,"distribution":"{\"name\": \"IntDistribution\", \"attributes\": {\"log\": false, \"step\": 1, \"low\": 1, \"high\": 3}}"}
{"op_code":5,"worker_id":"e5bd2218-9884-43f6-94ad-d05a6ef8bb49-140611610289984","trial_id":22,"param_name":"nodes","param_value_internal":2,"distribution":"{\"name\": \"CategoricalDistribution\", \"attributes\": {\"choices\": [32, 64, 128]}}"}
{"op_code":5,"worker_id":"e5bd2218-9884-43f6-94ad-d05a6ef8bb49-140611610289984","trial_id":22,"param_name":"alpha","param_value_internal":0.11635756324923589,"distribution":"{\"name\": \"FloatDistribution\", \"attributes\": {\"step\": null, \"low\": 0.0, \"high\": 0.5, \"log\": false}}"}
{"op_code":5,"worker_id":"e5bd2218-9884-43f6-94ad-d05a6ef8bb49-140611610289984","trial_id":22,"param_name":"sigma","param_value_internal":0.2700185055177027,"distribution":"{\"name\": \"FloatDistribution\", \"attributes\": {\"step\": null, \"low\": 0.01, \"high\": 1.0, \"log\": true}}"}
{"op_code":6,"worker_id":"e5bd2218-9884-43f6-94ad-d05a6ef8bb49-140611610289984","trial_id":22,"state":1,"values":[0.7068965517241379],"datetime_complete":"2026-03-30T13:34:26.515722"}
{"op_code":4,"worker_id":"e5bd2218-9884-43f6-94ad-d05a6ef8bb49-140611610289984","study_id":0,"datetime_start":"2026-03-30T13:34:26.541722"}
{"op_code":5,"worker_id":"e5bd2218-9884-43f6-94ad-d05a6ef8bb49-140611610289984","trial_id":23,"param_name":"lr","param_value_internal":0.016016420764493833,"distribution":"{\"name\": \"FloatDistribution\", \"attributes\": {\"step\": null, \"low\": 0.0001, \"high\": 0.1, \"log\": true}}"}
{"op_code":5,"worker_id":"e5bd2218-9884-43f6-94ad-d05a6ef8bb49-140611610289984","trial_id":23,"param_name":"dropout","param_value_internal":0.4362201225425265,"distribution":"{\"name\": \"FloatDistribution\", \"attributes\": {\"step\": null, \"low\": 0.0, \"high\": 0.5, \"log\": false}}"}
{"op_code":5,"worker_id":"e5bd2218-9884-43f6-94ad-d05a6ef8bb49-140611610289984","trial_id":23,"param_name":"layers","param_value_internal":1.0,"distribution":"{\"name\": \"IntDistribution\", \"attributes\": {\"log\": false, \"step\": 1, \"low\": 1, \"high\": 3}}"}
{"op_code":5,"worker_id":"e5bd2218-9884-43f6-94ad-d05a6ef8bb49-140611610289984","trial_id":23,"param_name":"nodes","param_value_internal":2,"distribution":"{\"name\": \"CategoricalDistribution\", \"attributes\": {\"choices\": [32, 64, 128]}}"}
{"op_code":5,"worker_id":"e5bd2218-9884-43f6-94ad-d05a6ef8bb49-140611610289984","trial_id":23,"param_name":"alpha","param_value_internal":0.08198210739137296,"distribution":"{\"name\": \"FloatDistribution\", \"attributes\": {\"step\": null, \"low\": 0.0, \"high\": 0.5, \"log\": false}}"}
{"op_code":5,"worker_id":"e5bd2218-9884-43f6-94ad-d05a6ef8bb49-140611610289984","trial_id":23,"param_name":"sigma","param_value_internal":0.5176933167244633,"distribution":"{\"name\": \"FloatDistribution\", \"attributes\": {\"step\": null, \"low\": 0.01, \"high\": 1.0, \"log\": true}}"}
{"op_code":6,"worker_id":"e5bd2218-9884-43f6-94ad-d05a6ef8bb49-140611610289984","trial_id":23,"state":1,"values":[0.6896551724137931],"datetime_complete":"2026-03-30T13:34:27.070620"}
{"op_code":4,"worker_id":"e5bd2218-9884-43f6-94ad-d05a6ef8bb49-140611610289984","study_id":0,"datetime_start":"2026-03-30T13:34:27.086912"}
{"op_code":5,"worker_id":"e5bd2218-9884-43f6-94ad-d05a6ef8bb49-140611610289984","trial_id":24,"param_name":"lr","param_value_internal":0.030187104181699374,"distribution":"{\"name\": \"FloatDistribution\", \"attributes\": {\"step\": null, \"low\": 0.0001, \"high\": 0.1, \"log\": true}}"}
{"op_code":5,"worker_id":"e5bd2218-9884-43f6-94ad-d05a6ef8bb49-140611610289984","trial_id":24,"param_name":"dropout","param_value_internal":0.3734803530697688,"distribution":"{\"name\": \"FloatDistribution\", \"attributes\": {\"step\": null, \"low\": 0.0, \"high\": 0.5, \"log\": false}}"}
{"op_code":5,"worker_id":"e5bd2218-9884-43f6-94ad-d05a6ef8bb49-140611610289984","trial_id":24,"param_name":"layers","param_value_internal":1.0,"distribution":"{\"name\": \"IntDistribution\", \"attributes\": {\"log\": false, \"step\": 1, \"low\": 1, \"high\": 3}}"}
{"op_code":5,"worker_id":"e5bd2218-9884-43f6-94ad-d05a6ef8bb49-140611610289984","trial_id":24,"param_name":"nodes","param_value_internal":2,"distribution":"{\"name\": \"CategoricalDistribution\", \"attributes\": {\"choices\": [32, 64, 128]}}"}
{"op_code":5,"worker_id":"e5bd2218-9884-43f6-94ad-d05a6ef8bb49-140611610289984","trial_id":24,"param_name":"alpha","param_value_internal":0.0038367350036819323,"distribution":"{\"name\": \"FloatDistribution\", \"attributes\": {\"step\": null, \"low\": 0.0, \"high\": 0.5, \"log\": false}}"}
{"op_code":5,"worker_id":"e5bd2218-9884-43f6-94ad-d05a6ef8bb49-140611610289984","trial_id":24,"param_name":"sigma","param_value_internal":0.6577966596533877,"distribution":"{\"name\": \"FloatDistribution\", \"attributes\": {\"step\": null, \"low\": 0.01, \"high\": 1.0, \"log\": true}}"}
{"op_code":6,"worker_id":"e5bd2218-9884-43f6-94ad-d05a6ef8bb49-140611610289984","trial_id":24,"state":1,"values":[0.6745689655172413],"datetime_complete":"2026-03-30T13:34:27.563414"}
{"op_code":4,"worker_id":"e5bd2218-9884-43f6-94ad-d05a6ef8bb49-140611610289984","study_id":0,"datetime_start":"2026-03-30T13:34:27.587894"}
{"op_code":5,"worker_id":"e5bd2218-9884-43f6-94ad-d05a6ef8bb49-140611610289984","trial_id":25,"param_name":"lr","param_value_internal":0.004656756825919017,"distribution":"{\"name\": \"FloatDistribution\", \"attributes\": {\"step\": null, \"low\": 0.0001, \"high\": 0.1, \"log\": true}}"}
{"op_code":5,"worker_id":"e5bd2218-9884-43f6-94ad-d05a6ef8bb49-140611610289984","trial_id":25,"param_name":"dropout","param_value_internal":0.2686805515625399,"distribution":"{\"name\": \"FloatDistribution\", \"attributes\": {\"step\": null, \"low\": 0.0, \"high\": 0.5, \"log\": false}}"}
{"op_code":5,"worker_id":"e5bd2218-9884-43f6-94ad-d05a6ef8bb49-140611610289984","trial_id":25,"param_name":"layers","param_value_internal":1.0,"distribution":"{\"name\": \"IntDistribution\", \"attributes\": {\"log\": false, \"step\": 1, \"low\": 1, \"high\": 3}}"}
{"op_code":5,"worker_id":"e5bd2218-9884-43f6-94ad-d05a6ef8bb49-140611610289984","trial_id":25,"param_name":"nodes","param_value_internal":2,"distribution":"{\"name\": \"CategoricalDistribution\", \"attributes\": {\"choices\": [32, 64, 128]}}"}
{"op_code":5,"worker_id":"e5bd2218-9884-43f6-94ad-d05a6ef8bb49-140611610289984","trial_id":25,"param_name":"alpha","param_value_internal":0.12407562631647134,"distribution":"{\"name\": \"FloatDistribution\", \"attributes\": {\"step\": null, \"low\": 0.0, \"high\": 0.5, \"log\": false}}"}
{"op_code":5,"worker_id":"e5bd2218-9884-43f6-94ad-d05a6ef8bb49-140611610289984","trial_id":25,"param_name":"sigma","param_value_internal":0.123313592144157,"distribution":"{\"name\": \"FloatDistribution\", \"attributes\": {\"step\": null, \"low\": 0.01, \"high\": 1.0, \"log\": true}}"}
{"op_code":6,"worker_id":"e5bd2218-9884-43f6-94ad-d05a6ef8bb49-140611610289984","trial_id":25,"state":1,"values":[0.6379310344827587],"datetime_complete":"2026-03-30T13:34:28.111573"}
{"op_code":4,"worker_id":"e5bd2218-9884-43f6-94ad-d05a6ef8bb49-140611610289984","study_id":0,"datetime_start":"2026-03-30T13:34:28.138223"}
{"op_code":5,"worker_id":"e5bd2218-9884-43f6-94ad-d05a6ef8bb49-140611610289984","trial_id":26,"param_name":"lr","param_value_internal":0.0015228820220653588,"distribution":"{\"name\": \"FloatDistribution\", \"attributes\": {\"step\": null, \"low\": 0.0001, \"high\": 0.1, \"log\": true}}"}
{"op_code":5,"worker_id":"e5bd2218-9884-43f6-94ad-d05a6ef8bb49-140611610289984","trial_id":26,"param_name":"dropout","param_value_internal":0.3263045647014609,"distribution":"{\"name\": \"FloatDistribution\", \"attributes\": {\"step\": null, \"low\": 0.0, \"high\": 0.5, \"log\": false}}"}
{"op_code":5,"worker_id":"e5bd2218-9884-43f6-94ad-d05a6ef8bb49-140611610289984","trial_id":26,"param_name":"layers","param_value_internal":1.0,"distribution":"{\"name\": \"IntDistribution\", \"attributes\": {\"log\": false, \"step\": 1, \"low\": 1, \"high\": 3}}"}
{"op_code":5,"worker_id":"e5bd2218-9884-43f6-94ad-d05a6ef8bb49-140611610289984","trial_id":26,"param_name":"nodes","param_value_internal":2,"distribution":"{\"name\": \"CategoricalDistribution\", \"attributes\": {\"choices\": [32, 64, 128]}}"}
{"op_code":5,"worker_id":"e5bd2218-9884-43f6-94ad-d05a6ef8bb49-140611610289984","trial_id":26,"param_name":"alpha","param_value_internal":0.046081344773846664,"distribution":"{\"name\": \"FloatDistribution\", \"attributes\": {\"step\": null, \"low\": 0.0, \"high\": 0.5, \"log\": false}}"}
{"op_code":5,"worker_id":"e5bd2218-9884-43f6-94ad-d05a6ef8bb49-140611610289984","trial_id":26,"param_name":"sigma","param_value_internal":0.24137090532594305,"distribution":"{\"name\": \"FloatDistribution\", \"attributes\": {\"step\": null, \"low\": 0.01, \"high\": 1.0, \"log\": true}}"}
{"op_code":6,"worker_id":"e5bd2218-9884-43f6-94ad-d05a6ef8bb49-140611610289984","trial_id":26,"state":1,"values":[0.7198275862068966],"datetime_complete":"2026-03-30T13:34:28.614935"}
{"op_code":4,"worker_id":"e5bd2218-9884-43f6-94ad-d05a6ef8bb49-140611610289984","study_id":0,"datetime_start":"2026-03-30T13:34:28.641307"}
{"op_code":5,"worker_id":"e5bd2218-9884-43f6-94ad-d05a6ef8bb49-140611610289984","trial_id":27,"param_name":"lr","param_value_internal":0.00042510943953936434,"distribution":"{\"name\": \"FloatDistribution\", \"attributes\": {\"step\": null, \"low\": 0.0001, \"high\": 0.1, \"log\": true}}"}
{"op_code":5,"worker_id":"e5bd2218-9884-43f6-94ad-d05a6ef8bb49-140611610289984","trial_id":27,"param_name":"dropout","param_value_internal":0.12838237363503952,"distribution":"{\"name\": \"FloatDistribution\", \"attributes\": {\"step\": null, \"low\": 0.0, \"high\": 0.5, \"log\": false}}"}
{"op_code":5,"worker_id":"e5bd2218-9884-43f6-94ad-d05a6ef8bb49-140611610289984","trial_id":27,"param_name":"layers","param_value_internal":2.0,"distribution":"{\"name\": \"IntDistribution\", \"attributes\": {\"log\": false, \"step\": 1, \"low\": 1, \"high\": 3}}"}
{"op_code":5,"worker_id":"e5bd2218-9884-43f6-94ad-d05a6ef8bb49-140611610289984","trial_id":27,"param_name":"nodes","param_value_internal":2,"distribution":"{\"name\": \"CategoricalDistribution\", \"attributes\": {\"choices\": [32, 64, 128]}}"}
{"op_code":5,"worker_id":"e5bd2218-9884-43f6-94ad-d05a6ef8bb49-140611610289984","trial_id":27,"param_name":"alpha","param_value_internal":0.21380436922293958,"distribution":"{\"name\": \"FloatDistribution\", \"attributes\": {\"step\": null, \"low\": 0.0, \"high\": 0.5, \"log\": false}}"}
{"op_code":5,"worker_id":"e5bd2218-9884-43f6-94ad-d05a6ef8bb49-140611610289984","trial_id":27,"param_name":"sigma","param_value_internal":0.020334748107282183,"distribution":"{\"name\": \"FloatDistribution\", \"attributes\": {\"step\": null, \"low\": 0.01, \"high\": 1.0, \"log\": true}}"}
{"op_code":6,"worker_id":"e5bd2218-9884-43f6-94ad-d05a6ef8bb49-140611610289984","trial_id":27,"state":1,"values":[0.6206896551724138],"datetime_complete":"2026-03-30T13:34:29.159279"}
{"op_code":4,"worker_id":"e5bd2218-9884-43f6-94ad-d05a6ef8bb49-140611610289984","study_id":0,"datetime_start":"2026-03-30T13:34:29.186292"}
{"op_code":5,"worker_id":"e5bd2218-9884-43f6-94ad-d05a6ef8bb49-140611610289984","trial_id":28,"param_name":"lr","param_value_internal":0.005672273821869796,"distribution":"{\"name\": \"FloatDistribution\", \"attributes\": {\"step\": null, \"low\": 0.0001, \"high\": 0.1, \"log\": true}}"}
{"op_code":5,"worker_id":"e5bd2218-9884-43f6-94ad-d05a6ef8bb49-140611610289984","trial_id":28,"param_name":"dropout","param_value_internal":0.22732379988166324,"distribution":"{\"name\": \"FloatDistribution\", \"attributes\": {\"step\": null, \"low\": 0.0, \"high\": 0.5, \"log\": false}}"}
{"op_code":5,"worker_id":"e5bd2218-9884-43f6-94ad-d05a6ef8bb49-140611610289984","trial_id":28,"param_name":"layers","param_value_internal":1.0,"distribution":"{\"name\": \"IntDistribution\", \"attributes\": {\"log\": false, \"step\": 1, \"low\": 1, \"high\": 3}}"}
{"op_code":5,"worker_id":"e5bd2218-9884-43f6-94ad-d05a6ef8bb49-140611610289984","trial_id":28,"param_name":"nodes","param_value_internal":0,"distribution":"{\"name\": \"CategoricalDistribution\", \"attributes\": {\"choices\": [32, 64, 128]}}"}
{"op_code":5,"worker_id":"e5bd2218-9884-43f6-94ad-d05a6ef8bb49-140611610289984","trial_id":28,"param_name":"alpha","param_value_internal":0.14763405369186036,"distribution":"{\"name\": \"FloatDistribution\", \"attributes\": {\"step\": null, \"low\": 0.0, \"high\": 0.5, \"log\": false}}"}
{"op_code":5,"worker_id":"e5bd2218-9884-43f6-94ad-d05a6ef8bb49-140611610289984","trial_id":28,"param_name":"sigma","param_value_internal":0.062044354577385455,"distribution":"{\"name\": \"FloatDistribution\", \"attributes\": {\"step\": null, \"low\": 0.01, \"high\": 1.0, \"log\": true}}"}
{"op_code":6,"worker_id":"e5bd2218-9884-43f6-94ad-d05a6ef8bb49-140611610289984","trial_id":28,"state":1,"values":[0.7068965517241379],"datetime_complete":"2026-03-30T13:34:29.665679"}
{"op_code":4,"worker_id":"e5bd2218-9884-43f6-94ad-d05a6ef8bb49-140611610289984","study_id":0,"datetime_start":"2026-03-30T13:34:29.690894"}
{"op_code":5,"worker_id":"e5bd2218-9884-43f6-94ad-d05a6ef8bb49-140611610289984","trial_id":29,"param_name":"lr","param_value_internal":0.00271147964224564,"distribution":"{\"name\": \"FloatDistribution\", \"attributes\": {\"step\": null, \"low\": 0.0001, \"high\": 0.1, \"log\": true}}"}
{"op_code":5,"worker_id":"e5bd2218-9884-43f6-94ad-d05a6ef8bb49-140611610289984","trial_id":29,"param_name":"dropout","param_value_internal":0.2906557333942466,"distribution":"{\"name\": \"FloatDistribution\", \"attributes\": {\"step\": null, \"low\": 0.0, \"high\": 0.5, \"log\": false}}"}
{"op_code":5,"worker_id":"e5bd2218-9884-43f6-94ad-d05a6ef8bb49-140611610289984","trial_id":29,"param_name":"layers","param_value_internal":3.0,"distribution":"{\"name\": \"IntDistribution\", \"attributes\": {\"log\": false, \"step\": 1, \"low\": 1, \"high\": 3}}"}
{"op_code":5,"worker_id":"e5bd2218-9884-43f6-94ad-d05a6ef8bb49-140611610289984","trial_id":29,"param_name":"nodes","param_value_internal":1,"distribution":"{\"name\": \"CategoricalDistribution\", \"attributes\": {\"choices\": [32, 64, 128]}}"}
{"op_code":5,"worker_id":"e5bd2218-9884-43f6-94ad-d05a6ef8bb49-140611610289984","trial_id":29,"param_name":"alpha","param_value_internal":0.08083090024402353,"distribution":"{\"name\": \"FloatDistribution\", \"attributes\": {\"step\": null, \"low\": 0.0, \"high\": 0.5, \"log\": false}}"}
{"op_code":5,"worker_id":"e5bd2218-9884-43f6-94ad-d05a6ef8bb49-140611610289984","trial_id":29,"param_name":"sigma","param_value_internal":0.08837628070344283,"distribution":"{\"name\": \"FloatDistribution\", \"attributes\": {\"step\": null, \"low\": 0.01, \"high\": 1.0, \"log\": true}}"}
{"op_code":6,"worker_id":"e5bd2218-9884-43f6-94ad-d05a6ef8bb49-140611610289984","trial_id":29,"state":1,"values":[0.6508620689655172],"datetime_complete":"2026-03-30T13:34:30.252813"}
{"op_code":4,"worker_id":"e5bd2218-9884-43f6-94ad-d05a6ef8bb49-140611610289984","study_id":0,"datetime_start":"2026-03-30T13:34:30.266369"}
{"op_code":5,"worker_id":"e5bd2218-9884-43f6-94ad-d05a6ef8bb49-140611610289984","trial_id":30,"param_name":"lr","param_value_internal":0.0012283840374189869,"distribution":"{\"name\": \"FloatDistribution\", \"attributes\": {\"step\": null, \"low\": 0.0001, \"high\": 0.1, \"log\": true}}"}
{"op_code":5,"worker_id":"e5bd2218-9884-43f6-94ad-d05a6ef8bb49-140611610289984","trial_id":30,"param_name":"dropout","param_value_internal":0.35756807655502665,"distribution":"{\"name\": \"FloatDistribution\", \"attributes\": {\"step\": null, \"low\": 0.0, \"high\": 0.5, \"log\": false}}"}
{"op_code":5,"worker_id":"e5bd2218-9884-43f6-94ad-d05a6ef8bb49-140611610289984","trial_id":30,"param_name":"layers","param_value_internal":1.0,"distribution":"{\"name\": \"IntDistribution\", \"attributes\": {\"log\": false, \"step\": 1, \"low\": 1, \"high\": 3}}"}
{"op_code":5,"worker_id":"e5bd2218-9884-43f6-94ad-d05a6ef8bb49-140611610289984","trial_id":30,"param_name":"nodes","param_value_internal":2,"distribution":"{\"name\": \"CategoricalDistribution\", \"attributes\": {\"choices\": [32, 64, 128]}}"}
{"op_code":5,"worker_id":"e5bd2218-9884-43f6-94ad-d05a6ef8bb49-140611610289984","trial_id":30,"param_name":"alpha","param_value_internal":0.4968994549717042,"distribution":"{\"name\": \"FloatDistribution\", \"attributes\": {\"step\": null, \"low\": 0.0, \"high\": 0.5, \"log\": false}}"}
{"op_code":5,"worker_id":"e5bd2218-9884-43f6-94ad-d05a6ef8bb49-140611610289984","trial_id":30,"param_name":"sigma","param_value_internal":0.04356469933359627,"distribution":"{\"name\": \"FloatDistribution\", \"attributes\": {\"step\": null, \"low\": 0.01, \"high\": 1.0, \"log\": true}}"}
{"op_code":6,"worker_id":"e5bd2218-9884-43f6-94ad-d05a6ef8bb49-140611610289984","trial_id":30,"state":1,"values":[0.7112068965517241],"datetime_complete":"2026-03-30T13:34:30.722739"}
{"op_code":4,"worker_id":"e5bd2218-9884-43f6-94ad-d05a6ef8bb49-140611610289984","study_id":0,"datetime_start":"2026-03-30T13:34:30.742313"}
{"op_code":5,"worker_id":"e5bd2218-9884-43f6-94ad-d05a6ef8bb49-140611610289984","trial_id":31,"param_name":"lr","param_value_internal":0.0015078098057786365,"distribution":"{\"name\": \"FloatDistribution\", \"attributes\": {\"step\": null, \"low\": 0.0001, \"high\": 0.1, \"log\": true}}"}
{"op_code":5,"worker_id":"e5bd2218-9884-43f6-94ad-d05a6ef8bb49-140611610289984","trial_id":31,"param_name":"dropout","param_value_internal":0.317011594609419,"distribution":"{\"name\": \"FloatDistribution\", \"attributes\": {\"step\": null, \"low\": 0.0, \"high\": 0.5, \"log\": false}}"}
{"op_code":5,"worker_id":"e5bd2218-9884-43f6-94ad-d05a6ef8bb49-140611610289984","trial_id":31,"param_name":"layers","param_value_internal":1.0,"distribution":"{\"name\": \"IntDistribution\", \"attributes\": {\"log\": false, \"step\": 1, \"low\": 1, \"high\": 3}}"}
{"op_code":5,"worker_id":"e5bd2218-9884-43f6-94ad-d05a6ef8bb49-140611610289984","trial_id":31,"param_name":"nodes","param_value_internal":2,"distribution":"{\"name\": \"CategoricalDistribution\", \"attributes\": {\"choices\": [32, 64, 128]}}"}
{"op_code":5,"worker_id":"e5bd2218-9884-43f6-94ad-d05a6ef8bb49-140611610289984","trial_id":31,"param_name":"alpha","param_value_internal":0.03425531327486308,"distribution":"{\"name\": \"FloatDistribution\", \"attributes\": {\"step\": null, \"low\": 0.0, \"high\": 0.5, \"log\": false}}"}
{"op_code":5,"worker_id":"e5bd2218-9884-43f6-94ad-d05a6ef8bb49-140611610289984","trial_id":31,"param_name":"sigma","param_value_internal":0.2125073337407111,"distribution":"{\"name\": \"FloatDistribution\", \"attributes\": {\"step\": null, \"low\": 0.01, \"high\": 1.0, \"log\": true}}"}
{"op_code":6,"worker_id":"e5bd2218-9884-43f6-94ad-d05a6ef8bb49-140611610289984","trial_id":31,"state":1,"values":[0.7025862068965517],"datetime_complete":"2026-03-30T13:34:31.200567"}
{"op_code":4,"worker_id":"e5bd2218-9884-43f6-94ad-d05a6ef8bb49-140611610289984","study_id":0,"datetime_start":"2026-03-30T13:34:31.225864"}
{"op_code":5,"worker_id":"e5bd2218-9884-43f6-94ad-d05a6ef8bb49-140611610289984","trial_id":32,"param_name":"lr","param_value_internal":0.0005864235316777646,"distribution":"{\"name\": \"FloatDistribution\", \"attributes\": {\"step\": null, \"low\": 0.0001, \"high\": 0.1, \"log\": true}}"}
{"op_code":5,"worker_id":"e5bd2218-9884-43f6-94ad-d05a6ef8bb49-140611610289984","trial_id":32,"param_name":"dropout","param_value_internal":0.3955916701744921,"distribution":"{\"name\": \"FloatDistribution\", \"attributes\": {\"step\": null, \"low\": 0.0, \"high\": 0.5, \"log\": false}}"}
{"op_code":5,"worker_id":"e5bd2218-9884-43f6-94ad-d05a6ef8bb49-140611610289984","trial_id":32,"param_name":"layers","param_value_internal":1.0,"distribution":"{\"name\": \"IntDistribution\", \"attributes\": {\"log\": false, \"step\": 1, \"low\": 1, \"high\": 3}}"}
{"op_code":5,"worker_id":"e5bd2218-9884-43f6-94ad-d05a6ef8bb49-140611610289984","trial_id":32,"param_name":"nodes","param_value_internal":2,"distribution":"{\"name\": \"CategoricalDistribution\", \"attributes\": {\"choices\": [32, 64, 128]}}"}
{"op_code":5,"worker_id":"e5bd2218-9884-43f6-94ad-d05a6ef8bb49-140611610289984","trial_id":32,"param_name":"alpha","param_value_internal":0.0639959723246584,"distribution":"{\"name\": \"FloatDistribution\", \"attributes\": {\"step\": null, \"low\": 0.0, \"high\": 0.5, \"log\": false}}"}
{"op_code":5,"worker_id":"e5bd2218-9884-43f6-94ad-d05a6ef8bb49-140611610289984","trial_id":32,"param_name":"sigma","param_value_internal":0.25485926938336345,"distribution":"{\"name\": \"FloatDistribution\", \"attributes\": {\"step\": null, \"low\": 0.01, \"high\": 1.0, \"log\": true}}"}
{"op_code":6,"worker_id":"e5bd2218-9884-43f6-94ad-d05a6ef8bb49-140611610289984","trial_id":32,"state":1,"values":[0.7801724137931034],"datetime_complete":"2026-03-30T13:34:31.681127"}
{"op_code":4,"worker_id":"e5bd2218-9884-43f6-94ad-d05a6ef8bb49-140611610289984","study_id":0,"datetime_start":"2026-03-30T13:34:31.692331"}
{"op_code":5,"worker_id":"e5bd2218-9884-43f6-94ad-d05a6ef8bb49-140611610289984","trial_id":33,"param_name":"lr","param_value_internal":0.000584154916976644,"distribution":"{\"name\": \"FloatDistribution\", \"attributes\": {\"step\": null, \"low\": 0.0001, \"high\": 0.1, \"log\": true}}"}
{"op_code":5,"worker_id":"e5bd2218-9884-43f6-94ad-d05a6ef8bb49-140611610289984","trial_id":33,"param_name":"dropout","param_value_internal":0.4080257928706693,"distribution":"{\"name\": \"FloatDistribution\", \"attributes\": {\"step\": null, \"low\": 0.0, \"high\": 0.5, \"log\": false}}"}
{"op_code":5,"worker_id":"e5bd2218-9884-43f6-94ad-d05a6ef8bb49-140611610289984","trial_id":33,"param_name":"layers","param_value_internal":1.0,"distribution":"{\"name\": \"IntDistribution\", \"attributes\": {\"log\": false, \"step\": 1, \"low\": 1, \"high\": 3}}"}
{"op_code":5,"worker_id":"e5bd2218-9884-43f6-94ad-d05a6ef8bb49-140611610289984","trial_id":33,"param_name":"nodes","param_value_internal":2,"distribution":"{\"name\": \"CategoricalDistribution\", \"attributes\": {\"choices\": [32, 64, 128]}}"}
{"op_code":5,"worker_id":"e5bd2218-9884-43f6-94ad-d05a6ef8bb49-140611610289984","trial_id":33,"param_name":"alpha","param_value_internal":0.08008632251648816,"distribution":"{\"name\": \"FloatDistribution\", \"attributes\": {\"step\": null, \"low\": 0.0, \"high\": 0.5, \"log\": false}}"}
{"op_code":5,"worker_id":"e5bd2218-9884-43f6-94ad-d05a6ef8bb49-140611610289984","trial_id":33,"param_name":"sigma","param_value_internal":0.6796317567926817,"distribution":"{\"name\": \"FloatDistribution\", \"attributes\": {\"step\": null, \"low\": 0.01, \"high\": 1.0, \"log\": true}}"}
{"op_code":6,"worker_id":"e5bd2218-9884-43f6-94ad-d05a6ef8bb49-140611610289984","trial_id":33,"state":1,"values":[0.7198275862068966],"datetime_complete":"2026-03-30T13:34:32.139528"}
{"op_code":4,"worker_id":"e5bd2218-9884-43f6-94ad-d05a6ef8bb49-140611610289984","study_id":0,"datetime_start":"2026-03-30T13:34:32.152230"}
{"op_code":5,"worker_id":"e5bd2218-9884-43f6-94ad-d05a6ef8bb49-140611610289984","trial_id":34,"param_name":"lr","param_value_internal":0.00019274736779175672,"distribution":"{\"name\": \"FloatDistribution\", \"attributes\": {\"step\": null, \"low\": 0.0001, \"high\": 0.1, \"log\": true}}"}
{"op_code":5,"worker_id":"e5bd2218-9884-43f6-94ad-d05a6ef8bb49-140611610289984","trial_id":34,"param_name":"dropout","param_value_internal":0.4670241197603121,"distribution":"{\"name\": \"FloatDistribution\", \"attributes\": {\"step\": null, \"low\": 0.0, \"high\": 0.5, \"log\": false}}"}
{"op_code":5,"worker_id":"e5bd2218-9884-43f6-94ad-d05a6ef8bb49-140611610289984","trial_id":34,"param_name":"layers","param_value_internal":1.0,"distribution":"{\"name\": \"IntDistribution\", \"attributes\": {\"log\": false, \"step\": 1, \"low\": 1, \"high\": 3}}"}
{"op_code":5,"worker_id":"e5bd2218-9884-43f6-94ad-d05a6ef8bb49-140611610289984","trial_id":34,"param_name":"nodes","param_value_internal":2,"distribution":"{\"name\": \"CategoricalDistribution\", \"attributes\": {\"choices\": [32, 64, 128]}}"}
{"op_code":5,"worker_id":"e5bd2218-9884-43f6-94ad-d05a6ef8bb49-140611610289984","trial_id":34,"param_name":"alpha","param_value_internal":0.021352279309038685,"distribution":"{\"name\": \"FloatDistribution\", \"attributes\": {\"step\": null, \"low\": 0.0, \"high\": 0.5, \"log\": false}}"}
{"op_code":5,"worker_id":"e5bd2218-9884-43f6-94ad-d05a6ef8bb49-140611610289984","trial_id":34,"param_name":"sigma","param_value_internal":0.3537963875493938,"distribution":"{\"name\": \"FloatDistribution\", \"attributes\": {\"step\": null, \"low\": 0.01, \"high\": 1.0, \"log\": true}}"}
{"op_code":6,"worker_id":"e5bd2218-9884-43f6-94ad-d05a6ef8bb49-140611610289984","trial_id":34,"state":1,"values":[0.5258620689655172],"datetime_complete":"2026-03-30T13:34:32.590568"}
{"op_code":4,"worker_id":"e5bd2218-9884-43f6-94ad-d05a6ef8bb49-140611610289984","study_id":0,"datetime_start":"2026-03-30T13:34:32.604230"}
{"op_code":5,"worker_id":"e5bd2218-9884-43f6-94ad-d05a6ef8bb49-140611610289984","trial_id":35,"param_name":"lr","param_value_internal":0.001000354154049516,"distribution":"{\"name\": \"FloatDistribution\", \"attributes\": {\"step\": null, \"low\": 0.0001, \"high\": 0.1, \"log\": true}}"}
{"op_code":5,"worker_id":"e5bd2218-9884-43f6-94ad-d05a6ef8bb49-140611610289984","trial_id":35,"param_name":"dropout","param_value_internal":0.43853938304504464,"distribution":"{\"name\": \"FloatDistribution\", \"attributes\": {\"step\": null, \"low\": 0.0, \"high\": 0.5, \"log\": false}}"}
{"op_code":5,"worker_id":"e5bd2218-9884-43f6-94ad-d05a6ef8bb49-140611610289984","trial_id":35,"param_name":"layers","param_value_internal":2.0,"distribution":"{\"name\": \"IntDistribution\", \"attributes\": {\"log\": false, \"step\": 1, \"low\": 1, \"high\": 3}}"}
{"op_code":5,"worker_id":"e5bd2218-9884-43f6-94ad-d05a6ef8bb49-140611610289984","trial_id":35,"param_name":"nodes","param_value_internal":2,"distribution":"{\"name\": \"CategoricalDistribution\", \"attributes\": {\"choices\": [32, 64, 128]}}"}
{"op_code":5,"worker_id":"e5bd2218-9884-43f6-94ad-d05a6ef8bb49-140611610289984","trial_id":35,"param_name":"alpha","param_value_internal":0.12945433093920286,"distribution":"{\"name\": \"FloatDistribution\", \"attributes\": {\"step\": null, \"low\": 0.0, \"high\": 0.5, \"log\": false}}"}
{"op_code":5,"worker_id":"e5bd2218-9884-43f6-94ad-d05a6ef8bb49-140611610289984","trial_id":35,"param_name":"sigma","param_value_internal":0.12592043182393867,"distribution":"{\"name\": \"FloatDistribution\", \"attributes\": {\"step\": null, \"low\": 0.01, \"high\": 1.0, \"log\": true}}"}
{"op_code":6,"worker_id":"e5bd2218-9884-43f6-94ad-d05a6ef8bb49-140611610289984","trial_id":35,"state":1,"values":[0.6681034482758621],"datetime_complete":"2026-03-30T13:34:33.088412"}
{"op_code":4,"worker_id":"e5bd2218-9884-43f6-94ad-d05a6ef8bb49-140611610289984","study_id":0,"datetime_start":"2026-03-30T13:34:33.107656"}
{"op_code":5,"worker_id":"e5bd2218-9884-43f6-94ad-d05a6ef8bb49-140611610289984","trial_id":36,"param_name":"lr","param_value_internal":0.0006567347932695283,"distribution":"{\"name\": \"FloatDistribution\", \"attributes\": {\"step\": null, \"low\": 0.0001, \"high\": 0.1, \"log\": true}}"}
{"op_code":5,"worker_id":"e5bd2218-9884-43f6-94ad-d05a6ef8bb49-140611610289984","trial_id":36,"param_name":"dropout","param_value_internal":0.38122681395330177,"distribution":"{\"name\": \"FloatDistribution\", \"attributes\": {\"step\": null, \"low\": 0.0, \"high\": 0.5, \"log\": false}}"}
{"op_code":5,"worker_id":"e5bd2218-9884-43f6-94ad-d05a6ef8bb49-140611610289984","trial_id":36,"param_name":"layers","param_value_internal":1.0,"distribution":"{\"name\": \"IntDistribution\", \"attributes\": {\"log\": false, \"step\": 1, \"low\": 1, \"high\": 3}}"}
{"op_code":5,"worker_id":"e5bd2218-9884-43f6-94ad-d05a6ef8bb49-140611610289984","trial_id":36,"param_name":"nodes","param_value_internal":1,"distribution":"{\"name\": \"CategoricalDistribution\", \"attributes\": {\"choices\": [32, 64, 128]}}"}
{"op_code":5,"worker_id":"e5bd2218-9884-43f6-94ad-d05a6ef8bb49-140611610289984","trial_id":36,"param_name":"alpha","param_value_internal":0.1887023846495123,"distribution":"{\"name\": \"FloatDistribution\", \"attributes\": {\"step\": null, \"low\": 0.0, \"high\": 0.5, \"log\": false}}"}
{"op_code":5,"worker_id":"e5bd2218-9884-43f6-94ad-d05a6ef8bb49-140611610289984","trial_id":36,"param_name":"sigma","param_value_internal":0.012342566052273372,"distribution":"{\"name\": \"FloatDistribution\", \"attributes\": {\"step\": null, \"low\": 0.01, \"high\": 1.0, \"log\": true}}"}
{"op_code":6,"worker_id":"e5bd2218-9884-43f6-94ad-d05a6ef8bb49-140611610289984","trial_id":36,"state":1,"values":[0.39655172413793105],"datetime_complete":"2026-03-30T13:34:33.550384"}
{"op_code":4,"worker_id":"e5bd2218-9884-43f6-94ad-d05a6ef8bb49-140611610289984","study_id":0,"datetime_start":"2026-03-30T13:34:33.565072"}
{"op_code":5,"worker_id":"e5bd2218-9884-43f6-94ad-d05a6ef8bb49-140611610289984","trial_id":37,"param_name":"lr","param_value_internal":0.0002834211186714568,"distribution":"{\"name\": \"FloatDistribution\", \"attributes\": {\"step\": null, \"low\": 0.0001, \"high\": 0.1, \"log\": true}}"}
{"op_code":5,"worker_id":"e5bd2218-9884-43f6-94ad-d05a6ef8bb49-140611610289984","trial_id":37,"param_name":"dropout","param_value_internal":0.20767398701994005,"distribution":"{\"name\": \"FloatDistribution\", \"attributes\": {\"step\": null, \"low\": 0.0, \"high\": 0.5, \"log\": false}}"}
{"op_code":5,"worker_id":"e5bd2218-9884-43f6-94ad-d05a6ef8bb49-140611610289984","trial_id":37,"param_name":"layers","param_value_internal":1.0,"distribution":"{\"name\": \"IntDistribution\", \"attributes\": {\"log\": false, \"step\": 1, \"low\": 1, \"high\": 3}}"}
{"op_code":5,"worker_id":"e5bd2218-9884-43f6-94ad-d05a6ef8bb49-140611610289984","trial_id":37,"param_name":"nodes","param_value_internal":2,"distribution":"{\"name\": \"CategoricalDistribution\", \"attributes\": {\"choices\": [32, 64, 128]}}"}
{"op_code":5,"worker_id":"e5bd2218-9884-43f6-94ad-d05a6ef8bb49-140611610289984","trial_id":37,"param_name":"alpha","param_value_internal":0.06267554467386578,"distribution":"{\"name\": \"FloatDistribution\", \"attributes\": {\"step\": null, \"low\": 0.0, \"high\": 0.5, \"log\": false}}"}
{"op_code":5,"worker_id":"e5bd2218-9884-43f6-94ad-d05a6ef8bb49-140611610289984","trial_id":37,"param_name":"sigma","param_value_internal":0.7126987611632388,"distribution":"{\"name\": \"FloatDistribution\", \"attributes\": {\"step\": null, \"low\": 0.01, \"high\": 1.0, \"log\": true}}"}
{"op_code":6,"worker_id":"e5bd2218-9884-43f6-94ad-d05a6ef8bb49-140611610289984","trial_id":37,"state":1,"values":[0.7068965517241379],"datetime_complete":"2026-03-30T13:34:34.002158"}
{"op_code":4,"worker_id":"e5bd2218-9884-43f6-94ad-d05a6ef8bb49-140611610289984","study_id":0,"datetime_start":"2026-03-30T13:34:34.021839"}
{"op_code":5,"worker_id":"e5bd2218-9884-43f6-94ad-d05a6ef8bb49-140611610289984","trial_id":38,"param_name":"lr","param_value_internal":0.0025511213481586724,"distribution":"{\"name\": \"FloatDistribution\", \"attributes\": {\"step\": null, \"low\": 0.0001, \"high\": 0.1, \"log\": true}}"}
{"op_code":5,"worker_id":"e5bd2218-9884-43f6-94ad-d05a6ef8bb49-140611610289984","trial_id":38,"param_name":"dropout","param_value_internal":0.24684196184809903,"distribution":"{\"name\": \"FloatDistribution\", \"attributes\": {\"step\": null, \"low\": 0.0, \"high\": 0.5, \"log\": false}}"}
{"op_code":5,"worker_id":"e5bd2218-9884-43f6-94ad-d05a6ef8bb49-140611610289984","trial_id":38,"param_name":"layers","param_value_internal":1.0,"distribution":"{\"name\": \"IntDistribution\", \"attributes\": {\"log\": false, \"step\": 1, \"low\": 1, \"high\": 3}}"}
{"op_code":5,"worker_id":"e5bd2218-9884-43f6-94ad-d05a6ef8bb49-140611610289984","trial_id":38,"param_name":"nodes","param_value_internal":0,"distribution":"{\"name\": \"CategoricalDistribution\", \"attributes\": {\"choices\": [32, 64, 128]}}"}
{"op_code":5,"worker_id":"e5bd2218-9884-43f6-94ad-d05a6ef8bb49-140611610289984","trial_id":38,"param_name":"alpha","param_value_internal":0.2822300522903165,"distribution":"{\"name\": \"FloatDistribution\", \"attributes\": {\"step\": null, \"low\": 0.0, \"high\": 0.5, \"log\": false}}"}
{"op_code":5,"worker_id":"e5bd2218-9884-43f6-94ad-d05a6ef8bb49-140611610289984","trial_id":38,"param_name":"sigma","param_value_internal":0.46875262069731344,"distribution":"{\"name\": \"FloatDistribution\", \"attributes\": {\"step\": null, \"low\": 0.01, \"high\": 1.0, \"log\": true}}"}
{"op_code":6,"worker_id":"e5bd2218-9884-43f6-94ad-d05a6ef8bb49-140611610289984","trial_id":38,"state":1,"values":[0.7370689655172413],"datetime_complete":"2026-03-30T13:34:34.466750"}
{"op_code":4,"worker_id":"e5bd2218-9884-43f6-94ad-d05a6ef8bb49-140611610289984","study_id":0,"datetime_start":"2026-03-30T13:34:34.486067"}
{"op_code":5,"worker_id":"e5bd2218-9884-43f6-94ad-d05a6ef8bb49-140611610289984","trial_id":39,"param_name":"lr","param_value_internal":0.006209169558016121,"distribution":"{\"name\": \"FloatDistribution\", \"attributes\": {\"step\": null, \"low\": 0.0001, \"high\": 0.1, \"log\": true}}"}
{"op_code":5,"worker_id":"e5bd2218-9884-43f6-94ad-d05a6ef8bb49-140611610289984","trial_id":39,"param_name":"dropout","param_value_internal":0.24505510897072563,"distribution":"{\"name\": \"FloatDistribution\", \"attributes\": {\"step\": null, \"low\": 0.0, \"high\": 0.5, \"log\": false}}"}
{"op_code":5,"worker_id":"e5bd2218-9884-43f6-94ad-d05a6ef8bb49-140611610289984","trial_id":39,"param_name":"layers","param_value_internal":3.0,"distribution":"{\"name\": \"IntDistribution\", \"attributes\": {\"log\": false, \"step\": 1, \"low\": 1, \"high\": 3}}"}
{"op_code":5,"worker_id":"e5bd2218-9884-43f6-94ad-d05a6ef8bb49-140611610289984","trial_id":39,"param_name":"nodes","param_value_internal":0,"distribution":"{\"name\": \"CategoricalDistribution\", \"attributes\": {\"choices\": [32, 64, 128]}}"}
{"op_code":5,"worker_id":"e5bd2218-9884-43f6-94ad-d05a6ef8bb49-140611610289984","trial_id":39,"param_name":"alpha","param_value_internal":0.28923694399302613,"distribution":"{\"name\": \"FloatDistribution\", \"attributes\": {\"step\": null, \"low\": 0.0, \"high\": 0.5, \"log\": false}}"}
{"op_code":5,"worker_id":"e5bd2218-9884-43f6-94ad-d05a6ef8bb49-140611610289984","trial_id":39,"param_name":"sigma","param_value_internal":0.47784544779544436,"distribution":"{\"name\": \"FloatDistribution\", \"attributes\": {\"step\": null, \"low\": 0.01, \"high\": 1.0, \"log\": true}}"}
{"op_code":6,"worker_id":"e5bd2218-9884-43f6-94ad-d05a6ef8bb49-140611610289984","trial_id":39,"state":1,"values":[0.6767241379310345],"datetime_complete":"2026-03-30T13:34:35.006451"}
