{"op_code":0,"worker_id":"20fd32ba-a380-41c7-84a2-fe5fcbc8c117-139697814206272","study_name":"rsf_tuning","directions":[2]}
{"op_code":4,"worker_id":"20fd32ba-a380-41c7-84a2-fe5fcbc8c117-139697814206272","study_id":0,"datetime_start":"2026-04-05T21:54:11.946158"}
{"op_code":5,"worker_id":"20fd32ba-a380-41c7-84a2-fe5fcbc8c117-139697814206272","trial_id":0,"param_name":"n_estimators","param_value_internal":117.0,"distribution":"{\"name\": \"IntDistribution\", \"attributes\": {\"log\": false, \"step\": 1, \"low\": 50, \"high\": 200}}"}
{"op_code":5,"worker_id":"20fd32ba-a380-41c7-84a2-fe5fcbc8c117-139697814206272","trial_id":0,"param_name":"min_samples_split","param_value_internal":8.0,"distribution":"{\"name\": \"IntDistribution\", \"attributes\": {\"log\": false, \"step\": 1, \"low\": 5, \"high\": 20}}"}
{"op_code":5,"worker_id":"20fd32ba-a380-41c7-84a2-fe5fcbc8c117-139697814206272","trial_id":0,"param_name":"min_samples_leaf","param_value_internal":15.0,"distribution":"{\"name\": \"IntDistribution\", \"attributes\": {\"log\": false, \"step\": 1, \"low\": 5, \"high\": 20}}"}
{"op_code":6,"worker_id":"20fd32ba-a380-41c7-84a2-fe5fcbc8c117-139697814206272","trial_id":0,"state":1,"values":[0.8679245283018868],"datetime_complete":"2026-04-05T21:54:12.158921"}
{"op_code":4,"worker_id":"20fd32ba-a380-41c7-84a2-fe5fcbc8c117-139697814206272","study_id":0,"datetime_start":"2026-04-05T21:54:12.190989"}
{"op_code":5,"worker_id":"20fd32ba-a380-41c7-84a2-fe5fcbc8c117-139697814206272","trial_id":1,"param_name":"n_estimators","param_value_internal":80.0,"distribution":"{\"name\": \"IntDistribution\", \"attributes\": {\"log\": false, \"step\": 1, \"low\": 50, \"high\": 200}}"}
{"op_code":5,"worker_id":"20fd32ba-a380-41c7-84a2-fe5fcbc8c117-139697814206272","trial_id":1,"param_name":"min_samples_split","param_value_internal":12.0,"distribution":"{\"name\": \"IntDistribution\", \"attributes\": {\"log\": false, \"step\": 1, \"low\": 5, \"high\": 20}}"}
{"op_code":5,"worker_id":"20fd32ba-a380-41c7-84a2-fe5fcbc8c117-139697814206272","trial_id":1,"param_name":"min_samples_leaf","param_value_internal":19.0,"distribution":"{\"name\": \"IntDistribution\", \"attributes\": {\"log\": false, \"step\": 1, \"low\": 5, \"high\": 20}}"}
{"op_code":6,"worker_id":"20fd32ba-a380-41c7-84a2-fe5fcbc8c117-139697814206272","trial_id":1,"state":1,"values":[0.8679245283018868],"datetime_complete":"2026-04-05T21:54:12.376105"}
{"op_code":4,"worker_id":"20fd32ba-a380-41c7-84a2-fe5fcbc8c117-139697814206272","study_id":0,"datetime_start":"2026-04-05T21:54:12.407597"}
{"op_code":5,"worker_id":"20fd32ba-a380-41c7-84a2-fe5fcbc8c117-139697814206272","trial_id":2,"param_name":"n_estimators","param_value_internal":130.0,"distribution":"{\"name\": \"IntDistribution\", \"attributes\": {\"log\": false, \"step\": 1, \"low\": 50, \"high\": 200}}"}
{"op_code":5,"worker_id":"20fd32ba-a380-41c7-84a2-fe5fcbc8c117-139697814206272","trial_id":2,"param_name":"min_samples_split","param_value_internal":7.0,"distribution":"{\"name\": \"IntDistribution\", \"attributes\": {\"log\": false, \"step\": 1, \"low\": 5, \"high\": 20}}"}
{"op_code":5,"worker_id":"20fd32ba-a380-41c7-84a2-fe5fcbc8c117-139697814206272","trial_id":2,"param_name":"min_samples_leaf","param_value_internal":11.0,"distribution":"{\"name\": \"IntDistribution\", \"attributes\": {\"log\": false, \"step\": 1, \"low\": 5, \"high\": 20}}"}
{"op_code":6,"worker_id":"20fd32ba-a380-41c7-84a2-fe5fcbc8c117-139697814206272","trial_id":2,"state":1,"values":[0.9339622641509434],"datetime_complete":"2026-04-05T21:54:12.649719"}
{"op_code":4,"worker_id":"20fd32ba-a380-41c7-84a2-fe5fcbc8c117-139697814206272","study_id":0,"datetime_start":"2026-04-05T21:54:12.683761"}
{"op_code":5,"worker_id":"20fd32ba-a380-41c7-84a2-fe5fcbc8c117-139697814206272","trial_id":3,"param_name":"n_estimators","param_value_internal":58.0,"distribution":"{\"name\": \"IntDistribution\", \"attributes\": {\"log\": false, \"step\": 1, \"low\": 50, \"high\": 200}}"}
{"op_code":5,"worker_id":"20fd32ba-a380-41c7-84a2-fe5fcbc8c117-139697814206272","trial_id":3,"param_name":"min_samples_split","param_value_internal":15.0,"distribution":"{\"name\": \"IntDistribution\", \"attributes\": {\"log\": false, \"step\": 1, \"low\": 5, \"high\": 20}}"}
{"op_code":5,"worker_id":"20fd32ba-a380-41c7-84a2-fe5fcbc8c117-139697814206272","trial_id":3,"param_name":"min_samples_leaf","param_value_internal":18.0,"distribution":"{\"name\": \"IntDistribution\", \"attributes\": {\"log\": false, \"step\": 1, \"low\": 5, \"high\": 20}}"}
{"op_code":6,"worker_id":"20fd32ba-a380-41c7-84a2-fe5fcbc8c117-139697814206272","trial_id":3,"state":1,"values":[0.8679245283018868],"datetime_complete":"2026-04-05T21:54:12.869718"}
{"op_code":4,"worker_id":"20fd32ba-a380-41c7-84a2-fe5fcbc8c117-139697814206272","study_id":0,"datetime_start":"2026-04-05T21:54:12.889728"}
{"op_code":5,"worker_id":"20fd32ba-a380-41c7-84a2-fe5fcbc8c117-139697814206272","trial_id":4,"param_name":"n_estimators","param_value_internal":57.0,"distribution":"{\"name\": \"IntDistribution\", \"attributes\": {\"log\": false, \"step\": 1, \"low\": 50, \"high\": 200}}"}
{"op_code":5,"worker_id":"20fd32ba-a380-41c7-84a2-fe5fcbc8c117-139697814206272","trial_id":4,"param_name":"min_samples_split","param_value_internal":6.0,"distribution":"{\"name\": \"IntDistribution\", \"attributes\": {\"log\": false, \"step\": 1, \"low\": 5, \"high\": 20}}"}
{"op_code":5,"worker_id":"20fd32ba-a380-41c7-84a2-fe5fcbc8c117-139697814206272","trial_id":4,"param_name":"min_samples_leaf","param_value_internal":9.0,"distribution":"{\"name\": \"IntDistribution\", \"attributes\": {\"log\": false, \"step\": 1, \"low\": 5, \"high\": 20}}"}
{"op_code":6,"worker_id":"20fd32ba-a380-41c7-84a2-fe5fcbc8c117-139697814206272","trial_id":4,"state":1,"values":[0.9339622641509434],"datetime_complete":"2026-04-05T21:54:13.098949"}
{"op_code":4,"worker_id":"20fd32ba-a380-41c7-84a2-fe5fcbc8c117-139697814206272","study_id":0,"datetime_start":"2026-04-05T21:54:13.160980"}
{"op_code":5,"worker_id":"20fd32ba-a380-41c7-84a2-fe5fcbc8c117-139697814206272","trial_id":5,"param_name":"n_estimators","param_value_internal":103.0,"distribution":"{\"name\": \"IntDistribution\", \"attributes\": {\"log\": false, \"step\": 1, \"low\": 50, \"high\": 200}}"}
{"op_code":5,"worker_id":"20fd32ba-a380-41c7-84a2-fe5fcbc8c117-139697814206272","trial_id":5,"param_name":"min_samples_split","param_value_internal":19.0,"distribution":"{\"name\": \"IntDistribution\", \"attributes\": {\"log\": false, \"step\": 1, \"low\": 5, \"high\": 20}}"}
{"op_code":5,"worker_id":"20fd32ba-a380-41c7-84a2-fe5fcbc8c117-139697814206272","trial_id":5,"param_name":"min_samples_leaf","param_value_internal":15.0,"distribution":"{\"name\": \"IntDistribution\", \"attributes\": {\"log\": false, \"step\": 1, \"low\": 5, \"high\": 20}}"}
{"op_code":6,"worker_id":"20fd32ba-a380-41c7-84a2-fe5fcbc8c117-139697814206272","trial_id":5,"state":1,"values":[0.8679245283018868],"datetime_complete":"2026-04-05T21:54:13.460072"}
{"op_code":4,"worker_id":"20fd32ba-a380-41c7-84a2-fe5fcbc8c117-139697814206272","study_id":0,"datetime_start":"2026-04-05T21:54:13.518226"}
{"op_code":5,"worker_id":"20fd32ba-a380-41c7-84a2-fe5fcbc8c117-139697814206272","trial_id":6,"param_name":"n_estimators","param_value_internal":133.0,"distribution":"{\"name\": \"IntDistribution\", \"attributes\": {\"log\": false, \"step\": 1, \"low\": 50, \"high\": 200}}"}
{"op_code":5,"worker_id":"20fd32ba-a380-41c7-84a2-fe5fcbc8c117-139697814206272","trial_id":6,"param_name":"min_samples_split","param_value_internal":6.0,"distribution":"{\"name\": \"IntDistribution\", \"attributes\": {\"log\": false, \"step\": 1, \"low\": 5, \"high\": 20}}"}
{"op_code":5,"worker_id":"20fd32ba-a380-41c7-84a2-fe5fcbc8c117-139697814206272","trial_id":6,"param_name":"min_samples_leaf","param_value_internal":12.0,"distribution":"{\"name\": \"IntDistribution\", \"attributes\": {\"log\": false, \"step\": 1, \"low\": 5, \"high\": 20}}"}
{"op_code":6,"worker_id":"20fd32ba-a380-41c7-84a2-fe5fcbc8c117-139697814206272","trial_id":6,"state":1,"values":[0.9339622641509434],"datetime_complete":"2026-04-05T21:54:13.904351"}
{"op_code":4,"worker_id":"20fd32ba-a380-41c7-84a2-fe5fcbc8c117-139697814206272","study_id":0,"datetime_start":"2026-04-05T21:54:13.944932"}
{"op_code":5,"worker_id":"20fd32ba-a380-41c7-84a2-fe5fcbc8c117-139697814206272","trial_id":7,"param_name":"n_estimators","param_value_internal":56.0,"distribution":"{\"name\": \"IntDistribution\", \"attributes\": {\"log\": false, \"step\": 1, \"low\": 50, \"high\": 200}}"}
{"op_code":5,"worker_id":"20fd32ba-a380-41c7-84a2-fe5fcbc8c117-139697814206272","trial_id":7,"param_name":"min_samples_split","param_value_internal":8.0,"distribution":"{\"name\": \"IntDistribution\", \"attributes\": {\"log\": false, \"step\": 1, \"low\": 5, \"high\": 20}}"}
{"op_code":5,"worker_id":"20fd32ba-a380-41c7-84a2-fe5fcbc8c117-139697814206272","trial_id":7,"param_name":"min_samples_leaf","param_value_internal":10.0,"distribution":"{\"name\": \"IntDistribution\", \"attributes\": {\"log\": false, \"step\": 1, \"low\": 5, \"high\": 20}}"}
{"op_code":6,"worker_id":"20fd32ba-a380-41c7-84a2-fe5fcbc8c117-139697814206272","trial_id":7,"state":1,"values":[0.9339622641509434],"datetime_complete":"2026-04-05T21:54:14.158110"}
{"op_code":4,"worker_id":"20fd32ba-a380-41c7-84a2-fe5fcbc8c117-139697814206272","study_id":0,"datetime_start":"2026-04-05T21:54:14.189034"}
{"op_code":5,"worker_id":"20fd32ba-a380-41c7-84a2-fe5fcbc8c117-139697814206272","trial_id":8,"param_name":"n_estimators","param_value_internal":54.0,"distribution":"{\"name\": \"IntDistribution\", \"attributes\": {\"log\": false, \"step\": 1, \"low\": 50, \"high\": 200}}"}
{"op_code":5,"worker_id":"20fd32ba-a380-41c7-84a2-fe5fcbc8c117-139697814206272","trial_id":8,"param_name":"min_samples_split","param_value_internal":16.0,"distribution":"{\"name\": \"IntDistribution\", \"attributes\": {\"log\": false, \"step\": 1, \"low\": 5, \"high\": 20}}"}
{"op_code":5,"worker_id":"20fd32ba-a380-41c7-84a2-fe5fcbc8c117-139697814206272","trial_id":8,"param_name":"min_samples_leaf","param_value_internal":20.0,"distribution":"{\"name\": \"IntDistribution\", \"attributes\": {\"log\": false, \"step\": 1, \"low\": 5, \"high\": 20}}"}
{"op_code":6,"worker_id":"20fd32ba-a380-41c7-84a2-fe5fcbc8c117-139697814206272","trial_id":8,"state":1,"values":[0.8679245283018868],"datetime_complete":"2026-04-05T21:54:14.457924"}
{"op_code":4,"worker_id":"20fd32ba-a380-41c7-84a2-fe5fcbc8c117-139697814206272","study_id":0,"datetime_start":"2026-04-05T21:54:14.489229"}
{"op_code":5,"worker_id":"20fd32ba-a380-41c7-84a2-fe5fcbc8c117-139697814206272","trial_id":9,"param_name":"n_estimators","param_value_internal":171.0,"distribution":"{\"name\": \"IntDistribution\", \"attributes\": {\"log\": false, \"step\": 1, \"low\": 50, \"high\": 200}}"}
{"op_code":5,"worker_id":"20fd32ba-a380-41c7-84a2-fe5fcbc8c117-139697814206272","trial_id":9,"param_name":"min_samples_split","param_value_internal":11.0,"distribution":"{\"name\": \"IntDistribution\", \"attributes\": {\"log\": false, \"step\": 1, \"low\": 5, \"high\": 20}}"}
{"op_code":5,"worker_id":"20fd32ba-a380-41c7-84a2-fe5fcbc8c117-139697814206272","trial_id":9,"param_name":"min_samples_leaf","param_value_internal":15.0,"distribution":"{\"name\": \"IntDistribution\", \"attributes\": {\"log\": false, \"step\": 1, \"low\": 5, \"high\": 20}}"}
{"op_code":6,"worker_id":"20fd32ba-a380-41c7-84a2-fe5fcbc8c117-139697814206272","trial_id":9,"state":1,"values":[0.8679245283018868],"datetime_complete":"2026-04-05T21:54:14.800468"}
{"op_code":4,"worker_id":"20fd32ba-a380-41c7-84a2-fe5fcbc8c117-139697814206272","study_id":0,"datetime_start":"2026-04-05T21:54:14.817198"}
{"op_code":5,"worker_id":"20fd32ba-a380-41c7-84a2-fe5fcbc8c117-139697814206272","trial_id":10,"param_name":"n_estimators","param_value_internal":200.0,"distribution":"{\"name\": \"IntDistribution\", \"attributes\": {\"log\": false, \"step\": 1, \"low\": 50, \"high\": 200}}"}
{"op_code":5,"worker_id":"20fd32ba-a380-41c7-84a2-fe5fcbc8c117-139697814206272","trial_id":10,"param_name":"min_samples_split","param_value_internal":10.0,"distribution":"{\"name\": \"IntDistribution\", \"attributes\": {\"log\": false, \"step\": 1, \"low\": 5, \"high\": 20}}"}
{"op_code":5,"worker_id":"20fd32ba-a380-41c7-84a2-fe5fcbc8c117-139697814206272","trial_id":10,"param_name":"min_samples_leaf","param_value_internal":6.0,"distribution":"{\"name\": \"IntDistribution\", \"attributes\": {\"log\": false, \"step\": 1, \"low\": 5, \"high\": 20}}"}
{"op_code":6,"worker_id":"20fd32ba-a380-41c7-84a2-fe5fcbc8c117-139697814206272","trial_id":10,"state":1,"values":[0.9339622641509434],"datetime_complete":"2026-04-05T21:54:15.066963"}
{"op_code":4,"worker_id":"20fd32ba-a380-41c7-84a2-fe5fcbc8c117-139697814206272","study_id":0,"datetime_start":"2026-04-05T21:54:15.086071"}
{"op_code":5,"worker_id":"20fd32ba-a380-41c7-84a2-fe5fcbc8c117-139697814206272","trial_id":11,"param_name":"n_estimators","param_value_internal":154.0,"distribution":"{\"name\": \"IntDistribution\", \"attributes\": {\"log\": false, \"step\": 1, \"low\": 50, \"high\": 200}}"}
{"op_code":5,"worker_id":"20fd32ba-a380-41c7-84a2-fe5fcbc8c117-139697814206272","trial_id":11,"param_name":"min_samples_split","param_value_internal":5.0,"distribution":"{\"name\": \"IntDistribution\", \"attributes\": {\"log\": false, \"step\": 1, \"low\": 5, \"high\": 20}}"}
{"op_code":5,"worker_id":"20fd32ba-a380-41c7-84a2-fe5fcbc8c117-139697814206272","trial_id":11,"param_name":"min_samples_leaf","param_value_internal":8.0,"distribution":"{\"name\": \"IntDistribution\", \"attributes\": {\"log\": false, \"step\": 1, \"low\": 5, \"high\": 20}}"}
{"op_code":6,"worker_id":"20fd32ba-a380-41c7-84a2-fe5fcbc8c117-139697814206272","trial_id":11,"state":1,"values":[0.9339622641509434],"datetime_complete":"2026-04-05T21:54:15.307435"}
{"op_code":4,"worker_id":"20fd32ba-a380-41c7-84a2-fe5fcbc8c117-139697814206272","study_id":0,"datetime_start":"2026-04-05T21:54:15.326219"}
{"op_code":5,"worker_id":"20fd32ba-a380-41c7-84a2-fe5fcbc8c117-139697814206272","trial_id":12,"param_name":"n_estimators","param_value_internal":90.0,"distribution":"{\"name\": \"IntDistribution\", \"attributes\": {\"log\": false, \"step\": 1, \"low\": 50, \"high\": 200}}"}
{"op_code":5,"worker_id":"20fd32ba-a380-41c7-84a2-fe5fcbc8c117-139697814206272","trial_id":12,"param_name":"min_samples_split","param_value_internal":8.0,"distribution":"{\"name\": \"IntDistribution\", \"attributes\": {\"log\": false, \"step\": 1, \"low\": 5, \"high\": 20}}"}
{"op_code":5,"worker_id":"20fd32ba-a380-41c7-84a2-fe5fcbc8c117-139697814206272","trial_id":12,"param_name":"min_samples_leaf","param_value_internal":10.0,"distribution":"{\"name\": \"IntDistribution\", \"attributes\": {\"log\": false, \"step\": 1, \"low\": 5, \"high\": 20}}"}
{"op_code":6,"worker_id":"20fd32ba-a380-41c7-84a2-fe5fcbc8c117-139697814206272","trial_id":12,"state":1,"values":[0.9339622641509434],"datetime_complete":"2026-04-05T21:54:15.494391"}
{"op_code":4,"worker_id":"20fd32ba-a380-41c7-84a2-fe5fcbc8c117-139697814206272","study_id":0,"datetime_start":"2026-04-05T21:54:15.513609"}
{"op_code":5,"worker_id":"20fd32ba-a380-41c7-84a2-fe5fcbc8c117-139697814206272","trial_id":13,"param_name":"n_estimators","param_value_internal":136.0,"distribution":"{\"name\": \"IntDistribution\", \"attributes\": {\"log\": false, \"step\": 1, \"low\": 50, \"high\": 200}}"}
{"op_code":5,"worker_id":"20fd32ba-a380-41c7-84a2-fe5fcbc8c117-139697814206272","trial_id":13,"param_name":"min_samples_split","param_value_internal":5.0,"distribution":"{\"name\": \"IntDistribution\", \"attributes\": {\"log\": false, \"step\": 1, \"low\": 5, \"high\": 20}}"}
{"op_code":5,"worker_id":"20fd32ba-a380-41c7-84a2-fe5fcbc8c117-139697814206272","trial_id":13,"param_name":"min_samples_leaf","param_value_internal":5.0,"distribution":"{\"name\": \"IntDistribution\", \"attributes\": {\"log\": false, \"step\": 1, \"low\": 5, \"high\": 20}}"}
{"op_code":6,"worker_id":"20fd32ba-a380-41c7-84a2-fe5fcbc8c117-139697814206272","trial_id":13,"state":1,"values":[0.9339622641509434],"datetime_complete":"2026-04-05T21:54:15.725962"}
{"op_code":4,"worker_id":"20fd32ba-a380-41c7-84a2-fe5fcbc8c117-139697814206272","study_id":0,"datetime_start":"2026-04-05T21:54:15.746447"}
{"op_code":5,"worker_id":"20fd32ba-a380-41c7-84a2-fe5fcbc8c117-139697814206272","trial_id":14,"param_name":"n_estimators","param_value_internal":162.0,"distribution":"{\"name\": \"IntDistribution\", \"attributes\": {\"log\": false, \"step\": 1, \"low\": 50, \"high\": 200}}"}
{"op_code":5,"worker_id":"20fd32ba-a380-41c7-84a2-fe5fcbc8c117-139697814206272","trial_id":14,"param_name":"min_samples_split","param_value_internal":9.0,"distribution":"{\"name\": \"IntDistribution\", \"attributes\": {\"log\": false, \"step\": 1, \"low\": 5, \"high\": 20}}"}
{"op_code":5,"worker_id":"20fd32ba-a380-41c7-84a2-fe5fcbc8c117-139697814206272","trial_id":14,"param_name":"min_samples_leaf","param_value_internal":9.0,"distribution":"{\"name\": \"IntDistribution\", \"attributes\": {\"log\": false, \"step\": 1, \"low\": 5, \"high\": 20}}"}
{"op_code":6,"worker_id":"20fd32ba-a380-41c7-84a2-fe5fcbc8c117-139697814206272","trial_id":14,"state":1,"values":[0.9339622641509434],"datetime_complete":"2026-04-05T21:54:15.978827"}
{"op_code":4,"worker_id":"20fd32ba-a380-41c7-84a2-fe5fcbc8c117-139697814206272","study_id":0,"datetime_start":"2026-04-05T21:54:15.998798"}
{"op_code":5,"worker_id":"20fd32ba-a380-41c7-84a2-fe5fcbc8c117-139697814206272","trial_id":15,"param_name":"n_estimators","param_value_internal":109.0,"distribution":"{\"name\": \"IntDistribution\", \"attributes\": {\"log\": false, \"step\": 1, \"low\": 50, \"high\": 200}}"}
{"op_code":5,"worker_id":"20fd32ba-a380-41c7-84a2-fe5fcbc8c117-139697814206272","trial_id":15,"param_name":"min_samples_split","param_value_internal":14.0,"distribution":"{\"name\": \"IntDistribution\", \"attributes\": {\"log\": false, \"step\": 1, \"low\": 5, \"high\": 20}}"}
{"op_code":5,"worker_id":"20fd32ba-a380-41c7-84a2-fe5fcbc8c117-139697814206272","trial_id":15,"param_name":"min_samples_leaf","param_value_internal":12.0,"distribution":"{\"name\": \"IntDistribution\", \"attributes\": {\"log\": false, \"step\": 1, \"low\": 5, \"high\": 20}}"}
{"op_code":6,"worker_id":"20fd32ba-a380-41c7-84a2-fe5fcbc8c117-139697814206272","trial_id":15,"state":1,"values":[0.9339622641509434],"datetime_complete":"2026-04-05T21:54:16.191871"}
{"op_code":4,"worker_id":"20fd32ba-a380-41c7-84a2-fe5fcbc8c117-139697814206272","study_id":0,"datetime_start":"2026-04-05T21:54:16.216478"}
{"op_code":5,"worker_id":"20fd32ba-a380-41c7-84a2-fe5fcbc8c117-139697814206272","trial_id":16,"param_name":"n_estimators","param_value_internal":78.0,"distribution":"{\"name\": \"IntDistribution\", \"attributes\": {\"log\": false, \"step\": 1, \"low\": 50, \"high\": 200}}"}
{"op_code":5,"worker_id":"20fd32ba-a380-41c7-84a2-fe5fcbc8c117-139697814206272","trial_id":16,"param_name":"min_samples_split","param_value_internal":7.0,"distribution":"{\"name\": \"IntDistribution\", \"attributes\": {\"log\": false, \"step\": 1, \"low\": 5, \"high\": 20}}"}
{"op_code":5,"worker_id":"20fd32ba-a380-41c7-84a2-fe5fcbc8c117-139697814206272","trial_id":16,"param_name":"min_samples_leaf","param_value_internal":7.0,"distribution":"{\"name\": \"IntDistribution\", \"attributes\": {\"log\": false, \"step\": 1, \"low\": 5, \"high\": 20}}"}
{"op_code":6,"worker_id":"20fd32ba-a380-41c7-84a2-fe5fcbc8c117-139697814206272","trial_id":16,"state":1,"values":[0.9339622641509434],"datetime_complete":"2026-04-05T21:54:16.387498"}
{"op_code":4,"worker_id":"20fd32ba-a380-41c7-84a2-fe5fcbc8c117-139697814206272","study_id":0,"datetime_start":"2026-04-05T21:54:16.409093"}
{"op_code":5,"worker_id":"20fd32ba-a380-41c7-84a2-fe5fcbc8c117-139697814206272","trial_id":17,"param_name":"n_estimators","param_value_internal":137.0,"distribution":"{\"name\": \"IntDistribution\", \"attributes\": {\"log\": false, \"step\": 1, \"low\": 50, \"high\": 200}}"}
{"op_code":5,"worker_id":"20fd32ba-a380-41c7-84a2-fe5fcbc8c117-139697814206272","trial_id":17,"param_name":"min_samples_split","param_value_internal":10.0,"distribution":"{\"name\": \"IntDistribution\", \"attributes\": {\"log\": false, \"step\": 1, \"low\": 5, \"high\": 20}}"}
{"op_code":5,"worker_id":"20fd32ba-a380-41c7-84a2-fe5fcbc8c117-139697814206272","trial_id":17,"param_name":"min_samples_leaf","param_value_internal":13.0,"distribution":"{\"name\": \"IntDistribution\", \"attributes\": {\"log\": false, \"step\": 1, \"low\": 5, \"high\": 20}}"}
{"op_code":6,"worker_id":"20fd32ba-a380-41c7-84a2-fe5fcbc8c117-139697814206272","trial_id":17,"state":1,"values":[0.9339622641509434],"datetime_complete":"2026-04-05T21:54:16.639177"}
{"op_code":4,"worker_id":"20fd32ba-a380-41c7-84a2-fe5fcbc8c117-139697814206272","study_id":0,"datetime_start":"2026-04-05T21:54:16.656946"}
{"op_code":5,"worker_id":"20fd32ba-a380-41c7-84a2-fe5fcbc8c117-139697814206272","trial_id":18,"param_name":"n_estimators","param_value_internal":183.0,"distribution":"{\"name\": \"IntDistribution\", \"attributes\": {\"log\": false, \"step\": 1, \"low\": 50, \"high\": 200}}"}
{"op_code":5,"worker_id":"20fd32ba-a380-41c7-84a2-fe5fcbc8c117-139697814206272","trial_id":18,"param_name":"min_samples_split","param_value_internal":20.0,"distribution":"{\"name\": \"IntDistribution\", \"attributes\": {\"log\": false, \"step\": 1, \"low\": 5, \"high\": 20}}"}
{"op_code":5,"worker_id":"20fd32ba-a380-41c7-84a2-fe5fcbc8c117-139697814206272","trial_id":18,"param_name":"min_samples_leaf","param_value_internal":11.0,"distribution":"{\"name\": \"IntDistribution\", \"attributes\": {\"log\": false, \"step\": 1, \"low\": 5, \"high\": 20}}"}
{"op_code":6,"worker_id":"20fd32ba-a380-41c7-84a2-fe5fcbc8c117-139697814206272","trial_id":18,"state":1,"values":[0.9339622641509434],"datetime_complete":"2026-04-05T21:54:16.904702"}
{"op_code":4,"worker_id":"20fd32ba-a380-41c7-84a2-fe5fcbc8c117-139697814206272","study_id":0,"datetime_start":"2026-04-05T21:54:16.924492"}
{"op_code":5,"worker_id":"20fd32ba-a380-41c7-84a2-fe5fcbc8c117-139697814206272","trial_id":19,"param_name":"n_estimators","param_value_internal":100.0,"distribution":"{\"name\": \"IntDistribution\", \"attributes\": {\"log\": false, \"step\": 1, \"low\": 50, \"high\": 200}}"}
{"op_code":5,"worker_id":"20fd32ba-a380-41c7-84a2-fe5fcbc8c117-139697814206272","trial_id":19,"param_name":"min_samples_split","param_value_internal":6.0,"distribution":"{\"name\": \"IntDistribution\", \"attributes\": {\"log\": false, \"step\": 1, \"low\": 5, \"high\": 20}}"}
{"op_code":5,"worker_id":"20fd32ba-a380-41c7-84a2-fe5fcbc8c117-139697814206272","trial_id":19,"param_name":"min_samples_leaf","param_value_internal":8.0,"distribution":"{\"name\": \"IntDistribution\", \"attributes\": {\"log\": false, \"step\": 1, \"low\": 5, \"high\": 20}}"}
{"op_code":6,"worker_id":"20fd32ba-a380-41c7-84a2-fe5fcbc8c117-139697814206272","trial_id":19,"state":1,"values":[0.9339622641509434],"datetime_complete":"2026-04-05T21:54:17.105839"}
