{"op_code":0,"worker_id":"e3a7d05c-13e2-4409-bff7-d0908cc0a6a0-139697814206272","study_name":"rsf_tuning","directions":[2]}
{"op_code":4,"worker_id":"e3a7d05c-13e2-4409-bff7-d0908cc0a6a0-139697814206272","study_id":0,"datetime_start":"2026-04-05T22:14:19.821122"}
{"op_code":5,"worker_id":"e3a7d05c-13e2-4409-bff7-d0908cc0a6a0-139697814206272","trial_id":0,"param_name":"n_estimators","param_value_internal":145.0,"distribution":"{\"name\": \"IntDistribution\", \"attributes\": {\"log\": false, \"step\": 1, \"low\": 50, \"high\": 200}}"}
{"op_code":5,"worker_id":"e3a7d05c-13e2-4409-bff7-d0908cc0a6a0-139697814206272","trial_id":0,"param_name":"min_samples_split","param_value_internal":7.0,"distribution":"{\"name\": \"IntDistribution\", \"attributes\": {\"log\": false, \"step\": 1, \"low\": 5, \"high\": 20}}"}
{"op_code":5,"worker_id":"e3a7d05c-13e2-4409-bff7-d0908cc0a6a0-139697814206272","trial_id":0,"param_name":"min_samples_leaf","param_value_internal":7.0,"distribution":"{\"name\": \"IntDistribution\", \"attributes\": {\"log\": false, \"step\": 1, \"low\": 5, \"high\": 20}}"}
{"op_code":6,"worker_id":"e3a7d05c-13e2-4409-bff7-d0908cc0a6a0-139697814206272","trial_id":0,"state":1,"values":[0.6585657370517928],"datetime_complete":"2026-04-05T22:14:20.196382"}
{"op_code":4,"worker_id":"e3a7d05c-13e2-4409-bff7-d0908cc0a6a0-139697814206272","study_id":0,"datetime_start":"2026-04-05T22:14:20.212417"}
{"op_code":5,"worker_id":"e3a7d05c-13e2-4409-bff7-d0908cc0a6a0-139697814206272","trial_id":1,"param_name":"n_estimators","param_value_internal":125.0,"distribution":"{\"name\": \"IntDistribution\", \"attributes\": {\"log\": false, \"step\": 1, \"low\": 50, \"high\": 200}}"}
{"op_code":5,"worker_id":"e3a7d05c-13e2-4409-bff7-d0908cc0a6a0-139697814206272","trial_id":1,"param_name":"min_samples_split","param_value_internal":19.0,"distribution":"{\"name\": \"IntDistribution\", \"attributes\": {\"log\": false, \"step\": 1, \"low\": 5, \"high\": 20}}"}
{"op_code":5,"worker_id":"e3a7d05c-13e2-4409-bff7-d0908cc0a6a0-139697814206272","trial_id":1,"param_name":"min_samples_leaf","param_value_internal":14.0,"distribution":"{\"name\": \"IntDistribution\", \"attributes\": {\"log\": false, \"step\": 1, \"low\": 5, \"high\": 20}}"}
{"op_code":6,"worker_id":"e3a7d05c-13e2-4409-bff7-d0908cc0a6a0-139697814206272","trial_id":1,"state":1,"values":[0.6584329349269589],"datetime_complete":"2026-04-05T22:14:20.482130"}
{"op_code":4,"worker_id":"e3a7d05c-13e2-4409-bff7-d0908cc0a6a0-139697814206272","study_id":0,"datetime_start":"2026-04-05T22:14:20.497359"}
{"op_code":5,"worker_id":"e3a7d05c-13e2-4409-bff7-d0908cc0a6a0-139697814206272","trial_id":2,"param_name":"n_estimators","param_value_internal":153.0,"distribution":"{\"name\": \"IntDistribution\", \"attributes\": {\"log\": false, \"step\": 1, \"low\": 50, \"high\": 200}}"}
{"op_code":5,"worker_id":"e3a7d05c-13e2-4409-bff7-d0908cc0a6a0-139697814206272","trial_id":2,"param_name":"min_samples_split","param_value_internal":19.0,"distribution":"{\"name\": \"IntDistribution\", \"attributes\": {\"log\": false, \"step\": 1, \"low\": 5, \"high\": 20}}"}
{"op_code":5,"worker_id":"e3a7d05c-13e2-4409-bff7-d0908cc0a6a0-139697814206272","trial_id":2,"param_name":"min_samples_leaf","param_value_internal":19.0,"distribution":"{\"name\": \"IntDistribution\", \"attributes\": {\"log\": false, \"step\": 1, \"low\": 5, \"high\": 20}}"}
{"op_code":6,"worker_id":"e3a7d05c-13e2-4409-bff7-d0908cc0a6a0-139697814206272","trial_id":2,"state":1,"values":[0.6567065073041168],"datetime_complete":"2026-04-05T22:14:20.792519"}
{"op_code":4,"worker_id":"e3a7d05c-13e2-4409-bff7-d0908cc0a6a0-139697814206272","study_id":0,"datetime_start":"2026-04-05T22:14:20.812643"}
{"op_code":5,"worker_id":"e3a7d05c-13e2-4409-bff7-d0908cc0a6a0-139697814206272","trial_id":3,"param_name":"n_estimators","param_value_internal":198.0,"distribution":"{\"name\": \"IntDistribution\", \"attributes\": {\"log\": false, \"step\": 1, \"low\": 50, \"high\": 200}}"}
{"op_code":5,"worker_id":"e3a7d05c-13e2-4409-bff7-d0908cc0a6a0-139697814206272","trial_id":3,"param_name":"min_samples_split","param_value_internal":20.0,"distribution":"{\"name\": \"IntDistribution\", \"attributes\": {\"log\": false, \"step\": 1, \"low\": 5, \"high\": 20}}"}
{"op_code":5,"worker_id":"e3a7d05c-13e2-4409-bff7-d0908cc0a6a0-139697814206272","trial_id":3,"param_name":"min_samples_leaf","param_value_internal":12.0,"distribution":"{\"name\": \"IntDistribution\", \"attributes\": {\"log\": false, \"step\": 1, \"low\": 5, \"high\": 20}}"}
{"op_code":6,"worker_id":"e3a7d05c-13e2-4409-bff7-d0908cc0a6a0-139697814206272","trial_id":3,"state":1,"values":[0.6576361221779549],"datetime_complete":"2026-04-05T22:14:21.212021"}
{"op_code":4,"worker_id":"e3a7d05c-13e2-4409-bff7-d0908cc0a6a0-139697814206272","study_id":0,"datetime_start":"2026-04-05T22:14:21.233149"}
{"op_code":5,"worker_id":"e3a7d05c-13e2-4409-bff7-d0908cc0a6a0-139697814206272","trial_id":4,"param_name":"n_estimators","param_value_internal":65.0,"distribution":"{\"name\": \"IntDistribution\", \"attributes\": {\"log\": false, \"step\": 1, \"low\": 50, \"high\": 200}}"}
{"op_code":5,"worker_id":"e3a7d05c-13e2-4409-bff7-d0908cc0a6a0-139697814206272","trial_id":4,"param_name":"min_samples_split","param_value_internal":11.0,"distribution":"{\"name\": \"IntDistribution\", \"attributes\": {\"log\": false, \"step\": 1, \"low\": 5, \"high\": 20}}"}
{"op_code":5,"worker_id":"e3a7d05c-13e2-4409-bff7-d0908cc0a6a0-139697814206272","trial_id":4,"param_name":"min_samples_leaf","param_value_internal":10.0,"distribution":"{\"name\": \"IntDistribution\", \"attributes\": {\"log\": false, \"step\": 1, \"low\": 5, \"high\": 20}}"}
{"op_code":6,"worker_id":"e3a7d05c-13e2-4409-bff7-d0908cc0a6a0-139697814206272","trial_id":4,"state":1,"values":[0.6537184594953519],"datetime_complete":"2026-04-05T22:14:21.429270"}
{"op_code":4,"worker_id":"e3a7d05c-13e2-4409-bff7-d0908cc0a6a0-139697814206272","study_id":0,"datetime_start":"2026-04-05T22:14:21.444870"}
{"op_code":5,"worker_id":"e3a7d05c-13e2-4409-bff7-d0908cc0a6a0-139697814206272","trial_id":5,"param_name":"n_estimators","param_value_internal":87.0,"distribution":"{\"name\": \"IntDistribution\", \"attributes\": {\"log\": false, \"step\": 1, \"low\": 50, \"high\": 200}}"}
{"op_code":5,"worker_id":"e3a7d05c-13e2-4409-bff7-d0908cc0a6a0-139697814206272","trial_id":5,"param_name":"min_samples_split","param_value_internal":6.0,"distribution":"{\"name\": \"IntDistribution\", \"attributes\": {\"log\": false, \"step\": 1, \"low\": 5, \"high\": 20}}"}
{"op_code":5,"worker_id":"e3a7d05c-13e2-4409-bff7-d0908cc0a6a0-139697814206272","trial_id":5,"param_name":"min_samples_leaf","param_value_internal":12.0,"distribution":"{\"name\": \"IntDistribution\", \"attributes\": {\"log\": false, \"step\": 1, \"low\": 5, \"high\": 20}}"}
{"op_code":6,"worker_id":"e3a7d05c-13e2-4409-bff7-d0908cc0a6a0-139697814206272","trial_id":5,"state":1,"values":[0.6567729083665339],"datetime_complete":"2026-04-05T22:14:21.655189"}
{"op_code":4,"worker_id":"e3a7d05c-13e2-4409-bff7-d0908cc0a6a0-139697814206272","study_id":0,"datetime_start":"2026-04-05T22:14:21.670384"}
{"op_code":5,"worker_id":"e3a7d05c-13e2-4409-bff7-d0908cc0a6a0-139697814206272","trial_id":6,"param_name":"n_estimators","param_value_internal":50.0,"distribution":"{\"name\": \"IntDistribution\", \"attributes\": {\"log\": false, \"step\": 1, \"low\": 50, \"high\": 200}}"}
{"op_code":5,"worker_id":"e3a7d05c-13e2-4409-bff7-d0908cc0a6a0-139697814206272","trial_id":6,"param_name":"min_samples_split","param_value_internal":17.0,"distribution":"{\"name\": \"IntDistribution\", \"attributes\": {\"log\": false, \"step\": 1, \"low\": 5, \"high\": 20}}"}
{"op_code":5,"worker_id":"e3a7d05c-13e2-4409-bff7-d0908cc0a6a0-139697814206272","trial_id":6,"param_name":"min_samples_leaf","param_value_internal":19.0,"distribution":"{\"name\": \"IntDistribution\", \"attributes\": {\"log\": false, \"step\": 1, \"low\": 5, \"high\": 20}}"}
{"op_code":6,"worker_id":"e3a7d05c-13e2-4409-bff7-d0908cc0a6a0-139697814206272","trial_id":6,"state":1,"values":[0.6590969455511289],"datetime_complete":"2026-04-05T22:14:21.809593"}
{"op_code":4,"worker_id":"e3a7d05c-13e2-4409-bff7-d0908cc0a6a0-139697814206272","study_id":0,"datetime_start":"2026-04-05T22:14:21.827123"}
{"op_code":5,"worker_id":"e3a7d05c-13e2-4409-bff7-d0908cc0a6a0-139697814206272","trial_id":7,"param_name":"n_estimators","param_value_internal":177.0,"distribution":"{\"name\": \"IntDistribution\", \"attributes\": {\"log\": false, \"step\": 1, \"low\": 50, \"high\": 200}}"}
{"op_code":5,"worker_id":"e3a7d05c-13e2-4409-bff7-d0908cc0a6a0-139697814206272","trial_id":7,"param_name":"min_samples_split","param_value_internal":16.0,"distribution":"{\"name\": \"IntDistribution\", \"attributes\": {\"log\": false, \"step\": 1, \"low\": 5, \"high\": 20}}"}
{"op_code":5,"worker_id":"e3a7d05c-13e2-4409-bff7-d0908cc0a6a0-139697814206272","trial_id":7,"param_name":"min_samples_leaf","param_value_internal":9.0,"distribution":"{\"name\": \"IntDistribution\", \"attributes\": {\"log\": false, \"step\": 1, \"low\": 5, \"high\": 20}}"}
{"op_code":6,"worker_id":"e3a7d05c-13e2-4409-bff7-d0908cc0a6a0-139697814206272","trial_id":7,"state":1,"values":[0.6569721115537849],"datetime_complete":"2026-04-05T22:14:22.234327"}
{"op_code":4,"worker_id":"e3a7d05c-13e2-4409-bff7-d0908cc0a6a0-139697814206272","study_id":0,"datetime_start":"2026-04-05T22:14:22.254022"}
{"op_code":5,"worker_id":"e3a7d05c-13e2-4409-bff7-d0908cc0a6a0-139697814206272","trial_id":8,"param_name":"n_estimators","param_value_internal":84.0,"distribution":"{\"name\": \"IntDistribution\", \"attributes\": {\"log\": false, \"step\": 1, \"low\": 50, \"high\": 200}}"}
{"op_code":5,"worker_id":"e3a7d05c-13e2-4409-bff7-d0908cc0a6a0-139697814206272","trial_id":8,"param_name":"min_samples_split","param_value_internal":7.0,"distribution":"{\"name\": \"IntDistribution\", \"attributes\": {\"log\": false, \"step\": 1, \"low\": 5, \"high\": 20}}"}
{"op_code":5,"worker_id":"e3a7d05c-13e2-4409-bff7-d0908cc0a6a0-139697814206272","trial_id":8,"param_name":"min_samples_leaf","param_value_internal":20.0,"distribution":"{\"name\": \"IntDistribution\", \"attributes\": {\"log\": false, \"step\": 1, \"low\": 5, \"high\": 20}}"}
{"op_code":6,"worker_id":"e3a7d05c-13e2-4409-bff7-d0908cc0a6a0-139697814206272","trial_id":8,"state":1,"values":[0.654116865869854],"datetime_complete":"2026-04-05T22:14:22.443757"}
{"op_code":4,"worker_id":"e3a7d05c-13e2-4409-bff7-d0908cc0a6a0-139697814206272","study_id":0,"datetime_start":"2026-04-05T22:14:22.457953"}
{"op_code":5,"worker_id":"e3a7d05c-13e2-4409-bff7-d0908cc0a6a0-139697814206272","trial_id":9,"param_name":"n_estimators","param_value_internal":81.0,"distribution":"{\"name\": \"IntDistribution\", \"attributes\": {\"log\": false, \"step\": 1, \"low\": 50, \"high\": 200}}"}
{"op_code":5,"worker_id":"e3a7d05c-13e2-4409-bff7-d0908cc0a6a0-139697814206272","trial_id":9,"param_name":"min_samples_split","param_value_internal":17.0,"distribution":"{\"name\": \"IntDistribution\", \"attributes\": {\"log\": false, \"step\": 1, \"low\": 5, \"high\": 20}}"}
{"op_code":5,"worker_id":"e3a7d05c-13e2-4409-bff7-d0908cc0a6a0-139697814206272","trial_id":9,"param_name":"min_samples_leaf","param_value_internal":14.0,"distribution":"{\"name\": \"IntDistribution\", \"attributes\": {\"log\": false, \"step\": 1, \"low\": 5, \"high\": 20}}"}
{"op_code":6,"worker_id":"e3a7d05c-13e2-4409-bff7-d0908cc0a6a0-139697814206272","trial_id":9,"state":1,"values":[0.6562416998671978],"datetime_complete":"2026-04-05T22:14:22.659203"}
{"op_code":4,"worker_id":"e3a7d05c-13e2-4409-bff7-d0908cc0a6a0-139697814206272","study_id":0,"datetime_start":"2026-04-05T22:14:22.674276"}
{"op_code":5,"worker_id":"e3a7d05c-13e2-4409-bff7-d0908cc0a6a0-139697814206272","trial_id":10,"param_name":"n_estimators","param_value_internal":55.0,"distribution":"{\"name\": \"IntDistribution\", \"attributes\": {\"log\": false, \"step\": 1, \"low\": 50, \"high\": 200}}"}
{"op_code":5,"worker_id":"e3a7d05c-13e2-4409-bff7-d0908cc0a6a0-139697814206272","trial_id":10,"param_name":"min_samples_split","param_value_internal":12.0,"distribution":"{\"name\": \"IntDistribution\", \"attributes\": {\"log\": false, \"step\": 1, \"low\": 5, \"high\": 20}}"}
{"op_code":5,"worker_id":"e3a7d05c-13e2-4409-bff7-d0908cc0a6a0-139697814206272","trial_id":10,"param_name":"min_samples_leaf","param_value_internal":17.0,"distribution":"{\"name\": \"IntDistribution\", \"attributes\": {\"log\": false, \"step\": 1, \"low\": 5, \"high\": 20}}"}
{"op_code":6,"worker_id":"e3a7d05c-13e2-4409-bff7-d0908cc0a6a0-139697814206272","trial_id":10,"state":1,"values":[0.6535192563081009],"datetime_complete":"2026-04-05T22:14:22.874624"}
{"op_code":4,"worker_id":"e3a7d05c-13e2-4409-bff7-d0908cc0a6a0-139697814206272","study_id":0,"datetime_start":"2026-04-05T22:14:22.891407"}
{"op_code":5,"worker_id":"e3a7d05c-13e2-4409-bff7-d0908cc0a6a0-139697814206272","trial_id":11,"param_name":"n_estimators","param_value_internal":127.0,"distribution":"{\"name\": \"IntDistribution\", \"attributes\": {\"log\": false, \"step\": 1, \"low\": 50, \"high\": 200}}"}
{"op_code":5,"worker_id":"e3a7d05c-13e2-4409-bff7-d0908cc0a6a0-139697814206272","trial_id":11,"param_name":"min_samples_split","param_value_internal":9.0,"distribution":"{\"name\": \"IntDistribution\", \"attributes\": {\"log\": false, \"step\": 1, \"low\": 5, \"high\": 20}}"}
{"op_code":5,"worker_id":"e3a7d05c-13e2-4409-bff7-d0908cc0a6a0-139697814206272","trial_id":11,"param_name":"min_samples_leaf","param_value_internal":5.0,"distribution":"{\"name\": \"IntDistribution\", \"attributes\": {\"log\": false, \"step\": 1, \"low\": 5, \"high\": 20}}"}
{"op_code":6,"worker_id":"e3a7d05c-13e2-4409-bff7-d0908cc0a6a0-139697814206272","trial_id":11,"state":1,"values":[0.6556440903054449],"datetime_complete":"2026-04-05T22:14:23.259773"}
{"op_code":4,"worker_id":"e3a7d05c-13e2-4409-bff7-d0908cc0a6a0-139697814206272","study_id":0,"datetime_start":"2026-04-05T22:14:23.278086"}
{"op_code":5,"worker_id":"e3a7d05c-13e2-4409-bff7-d0908cc0a6a0-139697814206272","trial_id":12,"param_name":"n_estimators","param_value_internal":122.0,"distribution":"{\"name\": \"IntDistribution\", \"attributes\": {\"log\": false, \"step\": 1, \"low\": 50, \"high\": 200}}"}
{"op_code":5,"worker_id":"e3a7d05c-13e2-4409-bff7-d0908cc0a6a0-139697814206272","trial_id":12,"param_name":"min_samples_split","param_value_internal":14.0,"distribution":"{\"name\": \"IntDistribution\", \"attributes\": {\"log\": false, \"step\": 1, \"low\": 5, \"high\": 20}}"}
{"op_code":5,"worker_id":"e3a7d05c-13e2-4409-bff7-d0908cc0a6a0-139697814206272","trial_id":12,"param_name":"min_samples_leaf","param_value_internal":5.0,"distribution":"{\"name\": \"IntDistribution\", \"attributes\": {\"log\": false, \"step\": 1, \"low\": 5, \"high\": 20}}"}
{"op_code":6,"worker_id":"e3a7d05c-13e2-4409-bff7-d0908cc0a6a0-139697814206272","trial_id":12,"state":1,"values":[0.6579017264276228],"datetime_complete":"2026-04-05T22:14:23.623542"}
{"op_code":4,"worker_id":"e3a7d05c-13e2-4409-bff7-d0908cc0a6a0-139697814206272","study_id":0,"datetime_start":"2026-04-05T22:14:23.632957"}
{"op_code":5,"worker_id":"e3a7d05c-13e2-4409-bff7-d0908cc0a6a0-139697814206272","trial_id":13,"param_name":"n_estimators","param_value_internal":151.0,"distribution":"{\"name\": \"IntDistribution\", \"attributes\": {\"log\": false, \"step\": 1, \"low\": 50, \"high\": 200}}"}
{"op_code":5,"worker_id":"e3a7d05c-13e2-4409-bff7-d0908cc0a6a0-139697814206272","trial_id":13,"param_name":"min_samples_split","param_value_internal":15.0,"distribution":"{\"name\": \"IntDistribution\", \"attributes\": {\"log\": false, \"step\": 1, \"low\": 5, \"high\": 20}}"}
{"op_code":5,"worker_id":"e3a7d05c-13e2-4409-bff7-d0908cc0a6a0-139697814206272","trial_id":13,"param_name":"min_samples_leaf","param_value_internal":8.0,"distribution":"{\"name\": \"IntDistribution\", \"attributes\": {\"log\": false, \"step\": 1, \"low\": 5, \"high\": 20}}"}
{"op_code":6,"worker_id":"e3a7d05c-13e2-4409-bff7-d0908cc0a6a0-139697814206272","trial_id":13,"state":1,"values":[0.6569721115537849],"datetime_complete":"2026-04-05T22:14:23.981993"}
{"op_code":4,"worker_id":"e3a7d05c-13e2-4409-bff7-d0908cc0a6a0-139697814206272","study_id":0,"datetime_start":"2026-04-05T22:14:23.993975"}
{"op_code":5,"worker_id":"e3a7d05c-13e2-4409-bff7-d0908cc0a6a0-139697814206272","trial_id":14,"param_name":"n_estimators","param_value_internal":108.0,"distribution":"{\"name\": \"IntDistribution\", \"attributes\": {\"log\": false, \"step\": 1, \"low\": 50, \"high\": 200}}"}
{"op_code":5,"worker_id":"e3a7d05c-13e2-4409-bff7-d0908cc0a6a0-139697814206272","trial_id":14,"param_name":"min_samples_split","param_value_internal":5.0,"distribution":"{\"name\": \"IntDistribution\", \"attributes\": {\"log\": false, \"step\": 1, \"low\": 5, \"high\": 20}}"}
{"op_code":5,"worker_id":"e3a7d05c-13e2-4409-bff7-d0908cc0a6a0-139697814206272","trial_id":14,"param_name":"min_samples_leaf","param_value_internal":16.0,"distribution":"{\"name\": \"IntDistribution\", \"attributes\": {\"log\": false, \"step\": 1, \"low\": 5, \"high\": 20}}"}
{"op_code":6,"worker_id":"e3a7d05c-13e2-4409-bff7-d0908cc0a6a0-139697814206272","trial_id":14,"state":1,"values":[0.6560424966799469],"datetime_complete":"2026-04-05T22:14:24.235063"}
{"op_code":4,"worker_id":"e3a7d05c-13e2-4409-bff7-d0908cc0a6a0-139697814206272","study_id":0,"datetime_start":"2026-04-05T22:14:24.245850"}
{"op_code":5,"worker_id":"e3a7d05c-13e2-4409-bff7-d0908cc0a6a0-139697814206272","trial_id":15,"param_name":"n_estimators","param_value_internal":153.0,"distribution":"{\"name\": \"IntDistribution\", \"attributes\": {\"log\": false, \"step\": 1, \"low\": 50, \"high\": 200}}"}
{"op_code":5,"worker_id":"e3a7d05c-13e2-4409-bff7-d0908cc0a6a0-139697814206272","trial_id":15,"param_name":"min_samples_split","param_value_internal":10.0,"distribution":"{\"name\": \"IntDistribution\", \"attributes\": {\"log\": false, \"step\": 1, \"low\": 5, \"high\": 20}}"}
{"op_code":5,"worker_id":"e3a7d05c-13e2-4409-bff7-d0908cc0a6a0-139697814206272","trial_id":15,"param_name":"min_samples_leaf","param_value_internal":7.0,"distribution":"{\"name\": \"IntDistribution\", \"attributes\": {\"log\": false, \"step\": 1, \"low\": 5, \"high\": 20}}"}
{"op_code":6,"worker_id":"e3a7d05c-13e2-4409-bff7-d0908cc0a6a0-139697814206272","trial_id":15,"state":1,"values":[0.6584329349269589],"datetime_complete":"2026-04-05T22:14:24.608627"}
{"op_code":4,"worker_id":"e3a7d05c-13e2-4409-bff7-d0908cc0a6a0-139697814206272","study_id":0,"datetime_start":"2026-04-05T22:14:24.625358"}
{"op_code":5,"worker_id":"e3a7d05c-13e2-4409-bff7-d0908cc0a6a0-139697814206272","trial_id":16,"param_name":"n_estimators","param_value_internal":111.0,"distribution":"{\"name\": \"IntDistribution\", \"attributes\": {\"log\": false, \"step\": 1, \"low\": 50, \"high\": 200}}"}
{"op_code":5,"worker_id":"e3a7d05c-13e2-4409-bff7-d0908cc0a6a0-139697814206272","trial_id":16,"param_name":"min_samples_split","param_value_internal":8.0,"distribution":"{\"name\": \"IntDistribution\", \"attributes\": {\"log\": false, \"step\": 1, \"low\": 5, \"high\": 20}}"}
{"op_code":5,"worker_id":"e3a7d05c-13e2-4409-bff7-d0908cc0a6a0-139697814206272","trial_id":16,"param_name":"min_samples_leaf","param_value_internal":17.0,"distribution":"{\"name\": \"IntDistribution\", \"attributes\": {\"log\": false, \"step\": 1, \"low\": 5, \"high\": 20}}"}
{"op_code":6,"worker_id":"e3a7d05c-13e2-4409-bff7-d0908cc0a6a0-139697814206272","trial_id":16,"state":1,"values":[0.6560424966799469],"datetime_complete":"2026-04-05T22:14:24.859936"}
{"op_code":4,"worker_id":"e3a7d05c-13e2-4409-bff7-d0908cc0a6a0-139697814206272","study_id":0,"datetime_start":"2026-04-05T22:14:24.871841"}
{"op_code":5,"worker_id":"e3a7d05c-13e2-4409-bff7-d0908cc0a6a0-139697814206272","trial_id":17,"param_name":"n_estimators","param_value_internal":177.0,"distribution":"{\"name\": \"IntDistribution\", \"attributes\": {\"log\": false, \"step\": 1, \"low\": 50, \"high\": 200}}"}
{"op_code":5,"worker_id":"e3a7d05c-13e2-4409-bff7-d0908cc0a6a0-139697814206272","trial_id":17,"param_name":"min_samples_split","param_value_internal":14.0,"distribution":"{\"name\": \"IntDistribution\", \"attributes\": {\"log\": false, \"step\": 1, \"low\": 5, \"high\": 20}}"}
{"op_code":5,"worker_id":"e3a7d05c-13e2-4409-bff7-d0908cc0a6a0-139697814206272","trial_id":17,"param_name":"min_samples_leaf","param_value_internal":10.0,"distribution":"{\"name\": \"IntDistribution\", \"attributes\": {\"log\": false, \"step\": 1, \"low\": 5, \"high\": 20}}"}
{"op_code":6,"worker_id":"e3a7d05c-13e2-4409-bff7-d0908cc0a6a0-139697814206272","trial_id":17,"state":1,"values":[0.6553784860557769],"datetime_complete":"2026-04-05T22:14:25.267792"}
{"op_code":4,"worker_id":"e3a7d05c-13e2-4409-bff7-d0908cc0a6a0-139697814206272","study_id":0,"datetime_start":"2026-04-05T22:14:25.285815"}
{"op_code":5,"worker_id":"e3a7d05c-13e2-4409-bff7-d0908cc0a6a0-139697814206272","trial_id":18,"param_name":"n_estimators","param_value_internal":140.0,"distribution":"{\"name\": \"IntDistribution\", \"attributes\": {\"log\": false, \"step\": 1, \"low\": 50, \"high\": 200}}"}
{"op_code":5,"worker_id":"e3a7d05c-13e2-4409-bff7-d0908cc0a6a0-139697814206272","trial_id":18,"param_name":"min_samples_split","param_value_internal":12.0,"distribution":"{\"name\": \"IntDistribution\", \"attributes\": {\"log\": false, \"step\": 1, \"low\": 5, \"high\": 20}}"}
{"op_code":5,"worker_id":"e3a7d05c-13e2-4409-bff7-d0908cc0a6a0-139697814206272","trial_id":18,"param_name":"min_samples_leaf","param_value_internal":14.0,"distribution":"{\"name\": \"IntDistribution\", \"attributes\": {\"log\": false, \"step\": 1, \"low\": 5, \"high\": 20}}"}
{"op_code":6,"worker_id":"e3a7d05c-13e2-4409-bff7-d0908cc0a6a0-139697814206272","trial_id":18,"state":1,"values":[0.6579017264276228],"datetime_complete":"2026-04-05T22:14:25.580008"}
{"op_code":4,"worker_id":"e3a7d05c-13e2-4409-bff7-d0908cc0a6a0-139697814206272","study_id":0,"datetime_start":"2026-04-05T22:14:25.592536"}
{"op_code":5,"worker_id":"e3a7d05c-13e2-4409-bff7-d0908cc0a6a0-139697814206272","trial_id":19,"param_name":"n_estimators","param_value_internal":100.0,"distribution":"{\"name\": \"IntDistribution\", \"attributes\": {\"log\": false, \"step\": 1, \"low\": 50, \"high\": 200}}"}
{"op_code":5,"worker_id":"e3a7d05c-13e2-4409-bff7-d0908cc0a6a0-139697814206272","trial_id":19,"param_name":"min_samples_split","param_value_internal":17.0,"distribution":"{\"name\": \"IntDistribution\", \"attributes\": {\"log\": false, \"step\": 1, \"low\": 5, \"high\": 20}}"}
{"op_code":5,"worker_id":"e3a7d05c-13e2-4409-bff7-d0908cc0a6a0-139697814206272","trial_id":19,"param_name":"min_samples_leaf","param_value_internal":7.0,"distribution":"{\"name\": \"IntDistribution\", \"attributes\": {\"log\": false, \"step\": 1, \"low\": 5, \"high\": 20}}"}
{"op_code":6,"worker_id":"e3a7d05c-13e2-4409-bff7-d0908cc0a6a0-139697814206272","trial_id":19,"state":1,"values":[0.6598937583001327],"datetime_complete":"2026-04-05T22:14:25.895685"}
