{"op_code":0,"worker_id":"b94f078a-23e6-4319-9fd2-98d90a5fd6e1-139697814206272","study_name":"gbsa_tuning","directions":[2]}
{"op_code":4,"worker_id":"b94f078a-23e6-4319-9fd2-98d90a5fd6e1-139697814206272","study_id":0,"datetime_start":"2026-04-05T22:21:00.651506"}
{"op_code":5,"worker_id":"b94f078a-23e6-4319-9fd2-98d90a5fd6e1-139697814206272","trial_id":0,"param_name":"learning_rate","param_value_internal":0.03315480776071908,"distribution":"{\"name\": \"FloatDistribution\", \"attributes\": {\"step\": null, \"low\": 0.01, \"high\": 0.2, \"log\": true}}"}
{"op_code":5,"worker_id":"b94f078a-23e6-4319-9fd2-98d90a5fd6e1-139697814206272","trial_id":0,"param_name":"n_estimators","param_value_internal":140.0,"distribution":"{\"name\": \"IntDistribution\", \"attributes\": {\"log\": false, \"step\": 1, \"low\": 50, \"high\": 200}}"}
{"op_code":5,"worker_id":"b94f078a-23e6-4319-9fd2-98d90a5fd6e1-139697814206272","trial_id":0,"param_name":"max_depth","param_value_internal":3.0,"distribution":"{\"name\": \"IntDistribution\", \"attributes\": {\"log\": false, \"step\": 1, \"low\": 2, \"high\": 5}}"}
{"op_code":6,"worker_id":"b94f078a-23e6-4319-9fd2-98d90a5fd6e1-139697814206272","trial_id":0,"state":1,"values":[0.7314212837773048],"datetime_complete":"2026-04-05T22:21:09.412148"}
{"op_code":4,"worker_id":"b94f078a-23e6-4319-9fd2-98d90a5fd6e1-139697814206272","study_id":0,"datetime_start":"2026-04-05T22:21:09.431976"}
{"op_code":5,"worker_id":"b94f078a-23e6-4319-9fd2-98d90a5fd6e1-139697814206272","trial_id":1,"param_name":"learning_rate","param_value_internal":0.19267494485345313,"distribution":"{\"name\": \"FloatDistribution\", \"attributes\": {\"step\": null, \"low\": 0.01, \"high\": 0.2, \"log\": true}}"}
{"op_code":5,"worker_id":"b94f078a-23e6-4319-9fd2-98d90a5fd6e1-139697814206272","trial_id":1,"param_name":"n_estimators","param_value_internal":50.0,"distribution":"{\"name\": \"IntDistribution\", \"attributes\": {\"log\": false, \"step\": 1, \"low\": 50, \"high\": 200}}"}
{"op_code":5,"worker_id":"b94f078a-23e6-4319-9fd2-98d90a5fd6e1-139697814206272","trial_id":1,"param_name":"max_depth","param_value_internal":4.0,"distribution":"{\"name\": \"IntDistribution\", \"attributes\": {\"log\": false, \"step\": 1, \"low\": 2, \"high\": 5}}"}
{"op_code":6,"worker_id":"b94f078a-23e6-4319-9fd2-98d90a5fd6e1-139697814206272","trial_id":1,"state":1,"values":[0.727508965728861],"datetime_complete":"2026-04-05T22:21:12.609410"}
{"op_code":4,"worker_id":"b94f078a-23e6-4319-9fd2-98d90a5fd6e1-139697814206272","study_id":0,"datetime_start":"2026-04-05T22:21:12.635604"}
{"op_code":5,"worker_id":"b94f078a-23e6-4319-9fd2-98d90a5fd6e1-139697814206272","trial_id":2,"param_name":"learning_rate","param_value_internal":0.028944509990741975,"distribution":"{\"name\": \"FloatDistribution\", \"attributes\": {\"step\": null, \"low\": 0.01, \"high\": 0.2, \"log\": true}}"}
{"op_code":5,"worker_id":"b94f078a-23e6-4319-9fd2-98d90a5fd6e1-139697814206272","trial_id":2,"param_name":"n_estimators","param_value_internal":94.0,"distribution":"{\"name\": \"IntDistribution\", \"attributes\": {\"log\": false, \"step\": 1, \"low\": 50, \"high\": 200}}"}
{"op_code":5,"worker_id":"b94f078a-23e6-4319-9fd2-98d90a5fd6e1-139697814206272","trial_id":2,"param_name":"max_depth","param_value_internal":4.0,"distribution":"{\"name\": \"IntDistribution\", \"attributes\": {\"log\": false, \"step\": 1, \"low\": 2, \"high\": 5}}"}
{"op_code":6,"worker_id":"b94f078a-23e6-4319-9fd2-98d90a5fd6e1-139697814206272","trial_id":2,"state":1,"values":[0.7243637688663866],"datetime_complete":"2026-04-05T22:21:18.551390"}
{"op_code":4,"worker_id":"b94f078a-23e6-4319-9fd2-98d90a5fd6e1-139697814206272","study_id":0,"datetime_start":"2026-04-05T22:21:18.564663"}
{"op_code":5,"worker_id":"b94f078a-23e6-4319-9fd2-98d90a5fd6e1-139697814206272","trial_id":3,"param_name":"learning_rate","param_value_internal":0.18746769517474052,"distribution":"{\"name\": \"FloatDistribution\", \"attributes\": {\"step\": null, \"low\": 0.01, \"high\": 0.2, \"log\": true}}"}
{"op_code":5,"worker_id":"b94f078a-23e6-4319-9fd2-98d90a5fd6e1-139697814206272","trial_id":3,"param_name":"n_estimators","param_value_internal":147.0,"distribution":"{\"name\": \"IntDistribution\", \"attributes\": {\"log\": false, \"step\": 1, \"low\": 50, \"high\": 200}}"}
{"op_code":5,"worker_id":"b94f078a-23e6-4319-9fd2-98d90a5fd6e1-139697814206272","trial_id":3,"param_name":"max_depth","param_value_internal":2.0,"distribution":"{\"name\": \"IntDistribution\", \"attributes\": {\"log\": false, \"step\": 1, \"low\": 2, \"high\": 5}}"}
{"op_code":6,"worker_id":"b94f078a-23e6-4319-9fd2-98d90a5fd6e1-139697814206272","trial_id":3,"state":1,"values":[0.7332336075791573],"datetime_complete":"2026-04-05T22:21:27.627589"}
{"op_code":4,"worker_id":"b94f078a-23e6-4319-9fd2-98d90a5fd6e1-139697814206272","study_id":0,"datetime_start":"2026-04-05T22:21:27.640054"}
{"op_code":5,"worker_id":"b94f078a-23e6-4319-9fd2-98d90a5fd6e1-139697814206272","trial_id":4,"param_name":"learning_rate","param_value_internal":0.06241792689030004,"distribution":"{\"name\": \"FloatDistribution\", \"attributes\": {\"step\": null, \"low\": 0.01, \"high\": 0.2, \"log\": true}}"}
{"op_code":5,"worker_id":"b94f078a-23e6-4319-9fd2-98d90a5fd6e1-139697814206272","trial_id":4,"param_name":"n_estimators","param_value_internal":174.0,"distribution":"{\"name\": \"IntDistribution\", \"attributes\": {\"log\": false, \"step\": 1, \"low\": 50, \"high\": 200}}"}
{"op_code":5,"worker_id":"b94f078a-23e6-4319-9fd2-98d90a5fd6e1-139697814206272","trial_id":4,"param_name":"max_depth","param_value_internal":4.0,"distribution":"{\"name\": \"IntDistribution\", \"attributes\": {\"log\": false, \"step\": 1, \"low\": 2, \"high\": 5}}"}
{"op_code":6,"worker_id":"b94f078a-23e6-4319-9fd2-98d90a5fd6e1-139697814206272","trial_id":4,"state":1,"values":[0.7300021095832614],"datetime_complete":"2026-04-05T22:21:38.520364"}
{"op_code":4,"worker_id":"b94f078a-23e6-4319-9fd2-98d90a5fd6e1-139697814206272","study_id":0,"datetime_start":"2026-04-05T22:21:38.591180"}
{"op_code":5,"worker_id":"b94f078a-23e6-4319-9fd2-98d90a5fd6e1-139697814206272","trial_id":5,"param_name":"learning_rate","param_value_internal":0.023755311316245767,"distribution":"{\"name\": \"FloatDistribution\", \"attributes\": {\"step\": null, \"low\": 0.01, \"high\": 0.2, \"log\": true}}"}
{"op_code":5,"worker_id":"b94f078a-23e6-4319-9fd2-98d90a5fd6e1-139697814206272","trial_id":5,"param_name":"n_estimators","param_value_internal":190.0,"distribution":"{\"name\": \"IntDistribution\", \"attributes\": {\"log\": false, \"step\": 1, \"low\": 50, \"high\": 200}}"}
{"op_code":5,"worker_id":"b94f078a-23e6-4319-9fd2-98d90a5fd6e1-139697814206272","trial_id":5,"param_name":"max_depth","param_value_internal":4.0,"distribution":"{\"name\": \"IntDistribution\", \"attributes\": {\"log\": false, \"step\": 1, \"low\": 2, \"high\": 5}}"}
{"op_code":6,"worker_id":"b94f078a-23e6-4319-9fd2-98d90a5fd6e1-139697814206272","trial_id":5,"state":1,"values":[0.7241432215254204],"datetime_complete":"2026-04-05T22:21:50.433484"}
{"op_code":4,"worker_id":"b94f078a-23e6-4319-9fd2-98d90a5fd6e1-139697814206272","study_id":0,"datetime_start":"2026-04-05T22:21:50.461288"}
{"op_code":5,"worker_id":"b94f078a-23e6-4319-9fd2-98d90a5fd6e1-139697814206272","trial_id":6,"param_name":"learning_rate","param_value_internal":0.011726163581190224,"distribution":"{\"name\": \"FloatDistribution\", \"attributes\": {\"step\": null, \"low\": 0.01, \"high\": 0.2, \"log\": true}}"}
{"op_code":5,"worker_id":"b94f078a-23e6-4319-9fd2-98d90a5fd6e1-139697814206272","trial_id":6,"param_name":"n_estimators","param_value_internal":171.0,"distribution":"{\"name\": \"IntDistribution\", \"attributes\": {\"log\": false, \"step\": 1, \"low\": 50, \"high\": 200}}"}
{"op_code":5,"worker_id":"b94f078a-23e6-4319-9fd2-98d90a5fd6e1-139697814206272","trial_id":6,"param_name":"max_depth","param_value_internal":3.0,"distribution":"{\"name\": \"IntDistribution\", \"attributes\": {\"log\": false, \"step\": 1, \"low\": 2, \"high\": 5}}"}
{"op_code":6,"worker_id":"b94f078a-23e6-4319-9fd2-98d90a5fd6e1-139697814206272","trial_id":6,"state":1,"values":[0.7278062251884242],"datetime_complete":"2026-04-05T22:22:01.058294"}
{"op_code":4,"worker_id":"b94f078a-23e6-4319-9fd2-98d90a5fd6e1-139697814206272","study_id":0,"datetime_start":"2026-04-05T22:22:01.084670"}
{"op_code":5,"worker_id":"b94f078a-23e6-4319-9fd2-98d90a5fd6e1-139697814206272","trial_id":7,"param_name":"learning_rate","param_value_internal":0.02824704065054566,"distribution":"{\"name\": \"FloatDistribution\", \"attributes\": {\"step\": null, \"low\": 0.01, \"high\": 0.2, \"log\": true}}"}
{"op_code":5,"worker_id":"b94f078a-23e6-4319-9fd2-98d90a5fd6e1-139697814206272","trial_id":7,"param_name":"n_estimators","param_value_internal":89.0,"distribution":"{\"name\": \"IntDistribution\", \"attributes\": {\"log\": false, \"step\": 1, \"low\": 50, \"high\": 200}}"}
{"op_code":5,"worker_id":"b94f078a-23e6-4319-9fd2-98d90a5fd6e1-139697814206272","trial_id":7,"param_name":"max_depth","param_value_internal":4.0,"distribution":"{\"name\": \"IntDistribution\", \"attributes\": {\"log\": false, \"step\": 1, \"low\": 2, \"high\": 5}}"}
{"op_code":6,"worker_id":"b94f078a-23e6-4319-9fd2-98d90a5fd6e1-139697814206272","trial_id":7,"state":1,"values":[0.7197418637209213],"datetime_complete":"2026-04-05T22:22:06.666183"}
{"op_code":4,"worker_id":"b94f078a-23e6-4319-9fd2-98d90a5fd6e1-139697814206272","study_id":0,"datetime_start":"2026-04-05T22:22:06.683498"}
{"op_code":5,"worker_id":"b94f078a-23e6-4319-9fd2-98d90a5fd6e1-139697814206272","trial_id":8,"param_name":"learning_rate","param_value_internal":0.016336591557385056,"distribution":"{\"name\": \"FloatDistribution\", \"attributes\": {\"step\": null, \"low\": 0.01, \"high\": 0.2, \"log\": true}}"}
{"op_code":5,"worker_id":"b94f078a-23e6-4319-9fd2-98d90a5fd6e1-139697814206272","trial_id":8,"param_name":"n_estimators","param_value_internal":133.0,"distribution":"{\"name\": \"IntDistribution\", \"attributes\": {\"log\": false, \"step\": 1, \"low\": 50, \"high\": 200}}"}
{"op_code":5,"worker_id":"b94f078a-23e6-4319-9fd2-98d90a5fd6e1-139697814206272","trial_id":8,"param_name":"max_depth","param_value_internal":5.0,"distribution":"{\"name\": \"IntDistribution\", \"attributes\": {\"log\": false, \"step\": 1, \"low\": 2, \"high\": 5}}"}
{"op_code":6,"worker_id":"b94f078a-23e6-4319-9fd2-98d90a5fd6e1-139697814206272","trial_id":8,"state":1,"values":[0.7124638014690371],"datetime_complete":"2026-04-05T22:22:15.032747"}
{"op_code":4,"worker_id":"b94f078a-23e6-4319-9fd2-98d90a5fd6e1-139697814206272","study_id":0,"datetime_start":"2026-04-05T22:22:15.047542"}
{"op_code":5,"worker_id":"b94f078a-23e6-4319-9fd2-98d90a5fd6e1-139697814206272","trial_id":9,"param_name":"learning_rate","param_value_internal":0.08612074838147951,"distribution":"{\"name\": \"FloatDistribution\", \"attributes\": {\"step\": null, \"low\": 0.01, \"high\": 0.2, \"log\": true}}"}
{"op_code":5,"worker_id":"b94f078a-23e6-4319-9fd2-98d90a5fd6e1-139697814206272","trial_id":9,"param_name":"n_estimators","param_value_internal":195.0,"distribution":"{\"name\": \"IntDistribution\", \"attributes\": {\"log\": false, \"step\": 1, \"low\": 50, \"high\": 200}}"}
{"op_code":5,"worker_id":"b94f078a-23e6-4319-9fd2-98d90a5fd6e1-139697814206272","trial_id":9,"param_name":"max_depth","param_value_internal":2.0,"distribution":"{\"name\": \"IntDistribution\", \"attributes\": {\"log\": false, \"step\": 1, \"low\": 2, \"high\": 5}}"}
{"op_code":6,"worker_id":"b94f078a-23e6-4319-9fd2-98d90a5fd6e1-139697814206272","trial_id":9,"state":1,"values":[0.7341062079281975],"datetime_complete":"2026-04-05T22:22:27.112767"}
{"op_code":4,"worker_id":"b94f078a-23e6-4319-9fd2-98d90a5fd6e1-139697814206272","study_id":0,"datetime_start":"2026-04-05T22:22:27.127925"}
{"op_code":5,"worker_id":"b94f078a-23e6-4319-9fd2-98d90a5fd6e1-139697814206272","trial_id":10,"param_name":"learning_rate","param_value_internal":0.077705527273054,"distribution":"{\"name\": \"FloatDistribution\", \"attributes\": {\"step\": null, \"low\": 0.01, \"high\": 0.2, \"log\": true}}"}
{"op_code":5,"worker_id":"b94f078a-23e6-4319-9fd2-98d90a5fd6e1-139697814206272","trial_id":10,"param_name":"n_estimators","param_value_internal":199.0,"distribution":"{\"name\": \"IntDistribution\", \"attributes\": {\"log\": false, \"step\": 1, \"low\": 50, \"high\": 200}}"}
{"op_code":5,"worker_id":"b94f078a-23e6-4319-9fd2-98d90a5fd6e1-139697814206272","trial_id":10,"param_name":"max_depth","param_value_internal":2.0,"distribution":"{\"name\": \"IntDistribution\", \"attributes\": {\"log\": false, \"step\": 1, \"low\": 2, \"high\": 5}}"}
{"op_code":6,"worker_id":"b94f078a-23e6-4319-9fd2-98d90a5fd6e1-139697814206272","trial_id":10,"state":1,"values":[0.7338952496020559],"datetime_complete":"2026-04-05T22:22:39.361459"}
{"op_code":4,"worker_id":"b94f078a-23e6-4319-9fd2-98d90a5fd6e1-139697814206272","study_id":0,"datetime_start":"2026-04-05T22:22:39.379470"}
{"op_code":5,"worker_id":"b94f078a-23e6-4319-9fd2-98d90a5fd6e1-139697814206272","trial_id":11,"param_name":"learning_rate","param_value_internal":0.07955662926741837,"distribution":"{\"name\": \"FloatDistribution\", \"attributes\": {\"step\": null, \"low\": 0.01, \"high\": 0.2, \"log\": true}}"}
{"op_code":5,"worker_id":"b94f078a-23e6-4319-9fd2-98d90a5fd6e1-139697814206272","trial_id":11,"param_name":"n_estimators","param_value_internal":200.0,"distribution":"{\"name\": \"IntDistribution\", \"attributes\": {\"log\": false, \"step\": 1, \"low\": 50, \"high\": 200}}"}
{"op_code":5,"worker_id":"b94f078a-23e6-4319-9fd2-98d90a5fd6e1-139697814206272","trial_id":11,"param_name":"max_depth","param_value_internal":2.0,"distribution":"{\"name\": \"IntDistribution\", \"attributes\": {\"log\": false, \"step\": 1, \"low\": 2, \"high\": 5}}"}
{"op_code":6,"worker_id":"b94f078a-23e6-4319-9fd2-98d90a5fd6e1-139697814206272","trial_id":11,"state":1,"values":[0.7338377155131082],"datetime_complete":"2026-04-05T22:22:51.824369"}
{"op_code":4,"worker_id":"b94f078a-23e6-4319-9fd2-98d90a5fd6e1-139697814206272","study_id":0,"datetime_start":"2026-04-05T22:22:51.845672"}
{"op_code":5,"worker_id":"b94f078a-23e6-4319-9fd2-98d90a5fd6e1-139697814206272","trial_id":12,"param_name":"learning_rate","param_value_internal":0.10118459592296106,"distribution":"{\"name\": \"FloatDistribution\", \"attributes\": {\"step\": null, \"low\": 0.01, \"high\": 0.2, \"log\": true}}"}
{"op_code":5,"worker_id":"b94f078a-23e6-4319-9fd2-98d90a5fd6e1-139697814206272","trial_id":12,"param_name":"n_estimators","param_value_internal":167.0,"distribution":"{\"name\": \"IntDistribution\", \"attributes\": {\"log\": false, \"step\": 1, \"low\": 50, \"high\": 200}}"}
{"op_code":5,"worker_id":"b94f078a-23e6-4319-9fd2-98d90a5fd6e1-139697814206272","trial_id":12,"param_name":"max_depth","param_value_internal":2.0,"distribution":"{\"name\": \"IntDistribution\", \"attributes\": {\"log\": false, \"step\": 1, \"low\": 2, \"high\": 5}}"}
{"op_code":6,"worker_id":"b94f078a-23e6-4319-9fd2-98d90a5fd6e1-139697814206272","trial_id":12,"state":1,"values":[0.7337801814241605],"datetime_complete":"2026-04-05T22:23:02.209996"}
{"op_code":4,"worker_id":"b94f078a-23e6-4319-9fd2-98d90a5fd6e1-139697814206272","study_id":0,"datetime_start":"2026-04-05T22:23:02.234054"}
{"op_code":5,"worker_id":"b94f078a-23e6-4319-9fd2-98d90a5fd6e1-139697814206272","trial_id":13,"param_name":"learning_rate","param_value_internal":0.05461737743224398,"distribution":"{\"name\": \"FloatDistribution\", \"attributes\": {\"step\": null, \"low\": 0.01, \"high\": 0.2, \"log\": true}}"}
{"op_code":5,"worker_id":"b94f078a-23e6-4319-9fd2-98d90a5fd6e1-139697814206272","trial_id":13,"param_name":"n_estimators","param_value_internal":195.0,"distribution":"{\"name\": \"IntDistribution\", \"attributes\": {\"log\": false, \"step\": 1, \"low\": 50, \"high\": 200}}"}
{"op_code":5,"worker_id":"b94f078a-23e6-4319-9fd2-98d90a5fd6e1-139697814206272","trial_id":13,"param_name":"max_depth","param_value_internal":2.0,"distribution":"{\"name\": \"IntDistribution\", \"attributes\": {\"log\": false, \"step\": 1, \"low\": 2, \"high\": 5}}"}
{"op_code":6,"worker_id":"b94f078a-23e6-4319-9fd2-98d90a5fd6e1-139697814206272","trial_id":13,"state":1,"values":[0.7335788121128435],"datetime_complete":"2026-04-05T22:23:14.390774"}
{"op_code":4,"worker_id":"b94f078a-23e6-4319-9fd2-98d90a5fd6e1-139697814206272","study_id":0,"datetime_start":"2026-04-05T22:23:14.409187"}
{"op_code":5,"worker_id":"b94f078a-23e6-4319-9fd2-98d90a5fd6e1-139697814206272","trial_id":14,"param_name":"learning_rate","param_value_internal":0.12017737376802576,"distribution":"{\"name\": \"FloatDistribution\", \"attributes\": {\"step\": null, \"low\": 0.01, \"high\": 0.2, \"log\": true}}"}
{"op_code":5,"worker_id":"b94f078a-23e6-4319-9fd2-98d90a5fd6e1-139697814206272","trial_id":14,"param_name":"n_estimators","param_value_internal":112.0,"distribution":"{\"name\": \"IntDistribution\", \"attributes\": {\"log\": false, \"step\": 1, \"low\": 50, \"high\": 200}}"}
{"op_code":5,"worker_id":"b94f078a-23e6-4319-9fd2-98d90a5fd6e1-139697814206272","trial_id":14,"param_name":"max_depth","param_value_internal":3.0,"distribution":"{\"name\": \"IntDistribution\", \"attributes\": {\"log\": false, \"step\": 1, \"low\": 2, \"high\": 5}}"}
{"op_code":6,"worker_id":"b94f078a-23e6-4319-9fd2-98d90a5fd6e1-139697814206272","trial_id":14,"state":1,"values":[0.7338856605872313],"datetime_complete":"2026-04-05T22:23:21.364834"}
{"op_code":4,"worker_id":"b94f078a-23e6-4319-9fd2-98d90a5fd6e1-139697814206272","study_id":0,"datetime_start":"2026-04-05T22:23:21.386481"}
{"op_code":5,"worker_id":"b94f078a-23e6-4319-9fd2-98d90a5fd6e1-139697814206272","trial_id":15,"param_name":"learning_rate","param_value_internal":0.12530430617015195,"distribution":"{\"name\": \"FloatDistribution\", \"attributes\": {\"step\": null, \"low\": 0.01, \"high\": 0.2, \"log\": true}}"}
{"op_code":5,"worker_id":"b94f078a-23e6-4319-9fd2-98d90a5fd6e1-139697814206272","trial_id":15,"param_name":"n_estimators","param_value_internal":154.0,"distribution":"{\"name\": \"IntDistribution\", \"attributes\": {\"log\": false, \"step\": 1, \"low\": 50, \"high\": 200}}"}
{"op_code":5,"worker_id":"b94f078a-23e6-4319-9fd2-98d90a5fd6e1-139697814206272","trial_id":15,"param_name":"max_depth","param_value_internal":2.0,"distribution":"{\"name\": \"IntDistribution\", \"attributes\": {\"log\": false, \"step\": 1, \"low\": 2, \"high\": 5}}"}
{"op_code":6,"worker_id":"b94f078a-23e6-4319-9fd2-98d90a5fd6e1-139697814206272","trial_id":15,"state":1,"values":[0.7364842836047024],"datetime_complete":"2026-04-05T22:23:30.985023"}
{"op_code":4,"worker_id":"b94f078a-23e6-4319-9fd2-98d90a5fd6e1-139697814206272","study_id":0,"datetime_start":"2026-04-05T22:23:30.997224"}
{"op_code":5,"worker_id":"b94f078a-23e6-4319-9fd2-98d90a5fd6e1-139697814206272","trial_id":16,"param_name":"learning_rate","param_value_internal":0.12731503901790944,"distribution":"{\"name\": \"FloatDistribution\", \"attributes\": {\"step\": null, \"low\": 0.01, \"high\": 0.2, \"log\": true}}"}
{"op_code":5,"worker_id":"b94f078a-23e6-4319-9fd2-98d90a5fd6e1-139697814206272","trial_id":16,"param_name":"n_estimators","param_value_internal":154.0,"distribution":"{\"name\": \"IntDistribution\", \"attributes\": {\"log\": false, \"step\": 1, \"low\": 50, \"high\": 200}}"}
{"op_code":5,"worker_id":"b94f078a-23e6-4319-9fd2-98d90a5fd6e1-139697814206272","trial_id":16,"param_name":"max_depth","param_value_internal":3.0,"distribution":"{\"name\": \"IntDistribution\", \"attributes\": {\"log\": false, \"step\": 1, \"low\": 2, \"high\": 5}}"}
{"op_code":6,"worker_id":"b94f078a-23e6-4319-9fd2-98d90a5fd6e1-139697814206272","trial_id":16,"state":1,"values":[0.7367335979901425],"datetime_complete":"2026-04-05T22:23:40.670969"}
{"op_code":4,"worker_id":"b94f078a-23e6-4319-9fd2-98d90a5fd6e1-139697814206272","study_id":0,"datetime_start":"2026-04-05T22:23:40.682921"}
{"op_code":5,"worker_id":"b94f078a-23e6-4319-9fd2-98d90a5fd6e1-139697814206272","trial_id":17,"param_name":"learning_rate","param_value_internal":0.1379970990069854,"distribution":"{\"name\": \"FloatDistribution\", \"attributes\": {\"step\": null, \"low\": 0.01, \"high\": 0.2, \"log\": true}}"}
{"op_code":5,"worker_id":"b94f078a-23e6-4319-9fd2-98d90a5fd6e1-139697814206272","trial_id":17,"param_name":"n_estimators","param_value_internal":151.0,"distribution":"{\"name\": \"IntDistribution\", \"attributes\": {\"log\": false, \"step\": 1, \"low\": 50, \"high\": 200}}"}
{"op_code":5,"worker_id":"b94f078a-23e6-4319-9fd2-98d90a5fd6e1-139697814206272","trial_id":17,"param_name":"max_depth","param_value_internal":3.0,"distribution":"{\"name\": \"IntDistribution\", \"attributes\": {\"log\": false, \"step\": 1, \"low\": 2, \"high\": 5}}"}
{"op_code":6,"worker_id":"b94f078a-23e6-4319-9fd2-98d90a5fd6e1-139697814206272","trial_id":17,"state":1,"values":[0.7359472987745239],"datetime_complete":"2026-04-05T22:23:50.027440"}
{"op_code":4,"worker_id":"b94f078a-23e6-4319-9fd2-98d90a5fd6e1-139697814206272","study_id":0,"datetime_start":"2026-04-05T22:23:50.040707"}
{"op_code":5,"worker_id":"b94f078a-23e6-4319-9fd2-98d90a5fd6e1-139697814206272","trial_id":18,"param_name":"learning_rate","param_value_internal":0.043015809961895635,"distribution":"{\"name\": \"FloatDistribution\", \"attributes\": {\"step\": null, \"low\": 0.01, \"high\": 0.2, \"log\": true}}"}
{"op_code":5,"worker_id":"b94f078a-23e6-4319-9fd2-98d90a5fd6e1-139697814206272","trial_id":18,"param_name":"n_estimators","param_value_internal":116.0,"distribution":"{\"name\": \"IntDistribution\", \"attributes\": {\"log\": false, \"step\": 1, \"low\": 50, \"high\": 200}}"}
{"op_code":5,"worker_id":"b94f078a-23e6-4319-9fd2-98d90a5fd6e1-139697814206272","trial_id":18,"param_name":"max_depth","param_value_internal":3.0,"distribution":"{\"name\": \"IntDistribution\", \"attributes\": {\"log\": false, \"step\": 1, \"low\": 2, \"high\": 5}}"}
{"op_code":6,"worker_id":"b94f078a-23e6-4319-9fd2-98d90a5fd6e1-139697814206272","trial_id":18,"state":1,"values":[0.7309130659916],"datetime_complete":"2026-04-05T22:23:57.230992"}
{"op_code":4,"worker_id":"b94f078a-23e6-4319-9fd2-98d90a5fd6e1-139697814206272","study_id":0,"datetime_start":"2026-04-05T22:23:57.243583"}
{"op_code":5,"worker_id":"b94f078a-23e6-4319-9fd2-98d90a5fd6e1-139697814206272","trial_id":19,"param_name":"learning_rate","param_value_internal":0.13702310701387063,"distribution":"{\"name\": \"FloatDistribution\", \"attributes\": {\"step\": null, \"low\": 0.01, \"high\": 0.2, \"log\": true}}"}
{"op_code":5,"worker_id":"b94f078a-23e6-4319-9fd2-98d90a5fd6e1-139697814206272","trial_id":19,"param_name":"n_estimators","param_value_internal":158.0,"distribution":"{\"name\": \"IntDistribution\", \"attributes\": {\"log\": false, \"step\": 1, \"low\": 50, \"high\": 200}}"}
{"op_code":5,"worker_id":"b94f078a-23e6-4319-9fd2-98d90a5fd6e1-139697814206272","trial_id":19,"param_name":"max_depth","param_value_internal":3.0,"distribution":"{\"name\": \"IntDistribution\", \"attributes\": {\"log\": false, \"step\": 1, \"low\": 2, \"high\": 5}}"}
{"op_code":6,"worker_id":"b94f078a-23e6-4319-9fd2-98d90a5fd6e1-139697814206272","trial_id":19,"state":1,"values":[0.7361582571006655],"datetime_complete":"2026-04-05T22:24:07.023069"}
