{"op_code":0,"worker_id":"534bbd9a-df76-42a5-9602-4a63c73ba6ae-139906009941824","study_name":"gbsa_tuning","directions":[2]}
{"op_code":4,"worker_id":"534bbd9a-df76-42a5-9602-4a63c73ba6ae-139906009941824","study_id":0,"datetime_start":"2026-04-05T23:04:05.073284"}
{"op_code":5,"worker_id":"534bbd9a-df76-42a5-9602-4a63c73ba6ae-139906009941824","trial_id":0,"param_name":"learning_rate","param_value_internal":0.04781235598999845,"distribution":"{\"name\": \"FloatDistribution\", \"attributes\": {\"step\": null, \"low\": 0.01, \"high\": 0.2, \"log\": true}}"}
{"op_code":5,"worker_id":"534bbd9a-df76-42a5-9602-4a63c73ba6ae-139906009941824","trial_id":0,"param_name":"n_estimators","param_value_internal":106.0,"distribution":"{\"name\": \"IntDistribution\", \"attributes\": {\"log\": false, \"step\": 1, \"low\": 50, \"high\": 200}}"}
{"op_code":5,"worker_id":"534bbd9a-df76-42a5-9602-4a63c73ba6ae-139906009941824","trial_id":0,"param_name":"max_depth","param_value_internal":5.0,"distribution":"{\"name\": \"IntDistribution\", \"attributes\": {\"log\": false, \"step\": 1, \"low\": 2, \"high\": 5}}"}
{"op_code":6,"worker_id":"534bbd9a-df76-42a5-9602-4a63c73ba6ae-139906009941824","trial_id":0,"state":1,"values":[0.6449230769230769],"datetime_complete":"2026-04-05T23:04:05.307300"}
{"op_code":4,"worker_id":"534bbd9a-df76-42a5-9602-4a63c73ba6ae-139906009941824","study_id":0,"datetime_start":"2026-04-05T23:04:05.319389"}
{"op_code":5,"worker_id":"534bbd9a-df76-42a5-9602-4a63c73ba6ae-139906009941824","trial_id":1,"param_name":"learning_rate","param_value_internal":0.026093929545494225,"distribution":"{\"name\": \"FloatDistribution\", \"attributes\": {\"step\": null, \"low\": 0.01, \"high\": 0.2, \"log\": true}}"}
{"op_code":5,"worker_id":"534bbd9a-df76-42a5-9602-4a63c73ba6ae-139906009941824","trial_id":1,"param_name":"n_estimators","param_value_internal":97.0,"distribution":"{\"name\": \"IntDistribution\", \"attributes\": {\"log\": false, \"step\": 1, \"low\": 50, \"high\": 200}}"}
{"op_code":5,"worker_id":"534bbd9a-df76-42a5-9602-4a63c73ba6ae-139906009941824","trial_id":1,"param_name":"max_depth","param_value_internal":2.0,"distribution":"{\"name\": \"IntDistribution\", \"attributes\": {\"log\": false, \"step\": 1, \"low\": 2, \"high\": 5}}"}
{"op_code":6,"worker_id":"534bbd9a-df76-42a5-9602-4a63c73ba6ae-139906009941824","trial_id":1,"state":1,"values":[0.6543076923076923],"datetime_complete":"2026-04-05T23:04:05.507014"}
{"op_code":4,"worker_id":"534bbd9a-df76-42a5-9602-4a63c73ba6ae-139906009941824","study_id":0,"datetime_start":"2026-04-05T23:04:05.518934"}
{"op_code":5,"worker_id":"534bbd9a-df76-42a5-9602-4a63c73ba6ae-139906009941824","trial_id":2,"param_name":"learning_rate","param_value_internal":0.04618989834680655,"distribution":"{\"name\": \"FloatDistribution\", \"attributes\": {\"step\": null, \"low\": 0.01, \"high\": 0.2, \"log\": true}}"}
{"op_code":5,"worker_id":"534bbd9a-df76-42a5-9602-4a63c73ba6ae-139906009941824","trial_id":2,"param_name":"n_estimators","param_value_internal":131.0,"distribution":"{\"name\": \"IntDistribution\", \"attributes\": {\"log\": false, \"step\": 1, \"low\": 50, \"high\": 200}}"}
{"op_code":5,"worker_id":"534bbd9a-df76-42a5-9602-4a63c73ba6ae-139906009941824","trial_id":2,"param_name":"max_depth","param_value_internal":5.0,"distribution":"{\"name\": \"IntDistribution\", \"attributes\": {\"log\": false, \"step\": 1, \"low\": 2, \"high\": 5}}"}
{"op_code":6,"worker_id":"534bbd9a-df76-42a5-9602-4a63c73ba6ae-139906009941824","trial_id":2,"state":1,"values":[0.6436923076923077],"datetime_complete":"2026-04-05T23:04:05.795817"}
{"op_code":4,"worker_id":"534bbd9a-df76-42a5-9602-4a63c73ba6ae-139906009941824","study_id":0,"datetime_start":"2026-04-05T23:04:05.809827"}
{"op_code":5,"worker_id":"534bbd9a-df76-42a5-9602-4a63c73ba6ae-139906009941824","trial_id":3,"param_name":"learning_rate","param_value_internal":0.020608013876670574,"distribution":"{\"name\": \"FloatDistribution\", \"attributes\": {\"step\": null, \"low\": 0.01, \"high\": 0.2, \"log\": true}}"}
{"op_code":5,"worker_id":"534bbd9a-df76-42a5-9602-4a63c73ba6ae-139906009941824","trial_id":3,"param_name":"n_estimators","param_value_internal":73.0,"distribution":"{\"name\": \"IntDistribution\", \"attributes\": {\"log\": false, \"step\": 1, \"low\": 50, \"high\": 200}}"}
{"op_code":5,"worker_id":"534bbd9a-df76-42a5-9602-4a63c73ba6ae-139906009941824","trial_id":3,"param_name":"max_depth","param_value_internal":5.0,"distribution":"{\"name\": \"IntDistribution\", \"attributes\": {\"log\": false, \"step\": 1, \"low\": 2, \"high\": 5}}"}
{"op_code":6,"worker_id":"534bbd9a-df76-42a5-9602-4a63c73ba6ae-139906009941824","trial_id":3,"state":1,"values":[0.6404615384615384],"datetime_complete":"2026-04-05T23:04:05.986303"}
{"op_code":4,"worker_id":"534bbd9a-df76-42a5-9602-4a63c73ba6ae-139906009941824","study_id":0,"datetime_start":"2026-04-05T23:04:05.998267"}
{"op_code":5,"worker_id":"534bbd9a-df76-42a5-9602-4a63c73ba6ae-139906009941824","trial_id":4,"param_name":"learning_rate","param_value_internal":0.11830869417113057,"distribution":"{\"name\": \"FloatDistribution\", \"attributes\": {\"step\": null, \"low\": 0.01, \"high\": 0.2, \"log\": true}}"}
{"op_code":5,"worker_id":"534bbd9a-df76-42a5-9602-4a63c73ba6ae-139906009941824","trial_id":4,"param_name":"n_estimators","param_value_internal":197.0,"distribution":"{\"name\": \"IntDistribution\", \"attributes\": {\"log\": false, \"step\": 1, \"low\": 50, \"high\": 200}}"}
{"op_code":5,"worker_id":"534bbd9a-df76-42a5-9602-4a63c73ba6ae-139906009941824","trial_id":4,"param_name":"max_depth","param_value_internal":5.0,"distribution":"{\"name\": \"IntDistribution\", \"attributes\": {\"log\": false, \"step\": 1, \"low\": 2, \"high\": 5}}"}
{"op_code":6,"worker_id":"534bbd9a-df76-42a5-9602-4a63c73ba6ae-139906009941824","trial_id":4,"state":1,"values":[0.6350769230769231],"datetime_complete":"2026-04-05T23:04:06.383161"}
{"op_code":4,"worker_id":"534bbd9a-df76-42a5-9602-4a63c73ba6ae-139906009941824","study_id":0,"datetime_start":"2026-04-05T23:04:06.408765"}
{"op_code":5,"worker_id":"534bbd9a-df76-42a5-9602-4a63c73ba6ae-139906009941824","trial_id":5,"param_name":"learning_rate","param_value_internal":0.01417564900841908,"distribution":"{\"name\": \"FloatDistribution\", \"attributes\": {\"step\": null, \"low\": 0.01, \"high\": 0.2, \"log\": true}}"}
{"op_code":5,"worker_id":"534bbd9a-df76-42a5-9602-4a63c73ba6ae-139906009941824","trial_id":5,"param_name":"n_estimators","param_value_internal":63.0,"distribution":"{\"name\": \"IntDistribution\", \"attributes\": {\"log\": false, \"step\": 1, \"low\": 50, \"high\": 200}}"}
{"op_code":5,"worker_id":"534bbd9a-df76-42a5-9602-4a63c73ba6ae-139906009941824","trial_id":5,"param_name":"max_depth","param_value_internal":4.0,"distribution":"{\"name\": \"IntDistribution\", \"attributes\": {\"log\": false, \"step\": 1, \"low\": 2, \"high\": 5}}"}
{"op_code":6,"worker_id":"534bbd9a-df76-42a5-9602-4a63c73ba6ae-139906009941824","trial_id":5,"state":1,"values":[0.6487692307692308],"datetime_complete":"2026-04-05T23:04:06.565656"}
{"op_code":4,"worker_id":"534bbd9a-df76-42a5-9602-4a63c73ba6ae-139906009941824","study_id":0,"datetime_start":"2026-04-05T23:04:06.577634"}
{"op_code":5,"worker_id":"534bbd9a-df76-42a5-9602-4a63c73ba6ae-139906009941824","trial_id":6,"param_name":"learning_rate","param_value_internal":0.14789351185278596,"distribution":"{\"name\": \"FloatDistribution\", \"attributes\": {\"step\": null, \"low\": 0.01, \"high\": 0.2, \"log\": true}}"}
{"op_code":5,"worker_id":"534bbd9a-df76-42a5-9602-4a63c73ba6ae-139906009941824","trial_id":6,"param_name":"n_estimators","param_value_internal":54.0,"distribution":"{\"name\": \"IntDistribution\", \"attributes\": {\"log\": false, \"step\": 1, \"low\": 50, \"high\": 200}}"}
{"op_code":5,"worker_id":"534bbd9a-df76-42a5-9602-4a63c73ba6ae-139906009941824","trial_id":6,"param_name":"max_depth","param_value_internal":4.0,"distribution":"{\"name\": \"IntDistribution\", \"attributes\": {\"log\": false, \"step\": 1, \"low\": 2, \"high\": 5}}"}
{"op_code":6,"worker_id":"534bbd9a-df76-42a5-9602-4a63c73ba6ae-139906009941824","trial_id":6,"state":1,"values":[0.6458461538461538],"datetime_complete":"2026-04-05T23:04:06.717089"}
{"op_code":4,"worker_id":"534bbd9a-df76-42a5-9602-4a63c73ba6ae-139906009941824","study_id":0,"datetime_start":"2026-04-05T23:04:06.731620"}
{"op_code":5,"worker_id":"534bbd9a-df76-42a5-9602-4a63c73ba6ae-139906009941824","trial_id":7,"param_name":"learning_rate","param_value_internal":0.08040872448550594,"distribution":"{\"name\": \"FloatDistribution\", \"attributes\": {\"step\": null, \"low\": 0.01, \"high\": 0.2, \"log\": true}}"}
{"op_code":5,"worker_id":"534bbd9a-df76-42a5-9602-4a63c73ba6ae-139906009941824","trial_id":7,"param_name":"n_estimators","param_value_internal":136.0,"distribution":"{\"name\": \"IntDistribution\", \"attributes\": {\"log\": false, \"step\": 1, \"low\": 50, \"high\": 200}}"}
{"op_code":5,"worker_id":"534bbd9a-df76-42a5-9602-4a63c73ba6ae-139906009941824","trial_id":7,"param_name":"max_depth","param_value_internal":5.0,"distribution":"{\"name\": \"IntDistribution\", \"attributes\": {\"log\": false, \"step\": 1, \"low\": 2, \"high\": 5}}"}
{"op_code":6,"worker_id":"534bbd9a-df76-42a5-9602-4a63c73ba6ae-139906009941824","trial_id":7,"state":1,"values":[0.6430769230769231],"datetime_complete":"2026-04-05T23:04:07.016915"}
{"op_code":4,"worker_id":"534bbd9a-df76-42a5-9602-4a63c73ba6ae-139906009941824","study_id":0,"datetime_start":"2026-04-05T23:04:07.031119"}
{"op_code":5,"worker_id":"534bbd9a-df76-42a5-9602-4a63c73ba6ae-139906009941824","trial_id":8,"param_name":"learning_rate","param_value_internal":0.019133902675225675,"distribution":"{\"name\": \"FloatDistribution\", \"attributes\": {\"step\": null, \"low\": 0.01, \"high\": 0.2, \"log\": true}}"}
{"op_code":5,"worker_id":"534bbd9a-df76-42a5-9602-4a63c73ba6ae-139906009941824","trial_id":8,"param_name":"n_estimators","param_value_internal":70.0,"distribution":"{\"name\": \"IntDistribution\", \"attributes\": {\"log\": false, \"step\": 1, \"low\": 50, \"high\": 200}}"}
{"op_code":5,"worker_id":"534bbd9a-df76-42a5-9602-4a63c73ba6ae-139906009941824","trial_id":8,"param_name":"max_depth","param_value_internal":2.0,"distribution":"{\"name\": \"IntDistribution\", \"attributes\": {\"log\": false, \"step\": 1, \"low\": 2, \"high\": 5}}"}
{"op_code":6,"worker_id":"534bbd9a-df76-42a5-9602-4a63c73ba6ae-139906009941824","trial_id":8,"state":1,"values":[0.6441538461538462],"datetime_complete":"2026-04-05T23:04:07.180447"}
{"op_code":4,"worker_id":"534bbd9a-df76-42a5-9602-4a63c73ba6ae-139906009941824","study_id":0,"datetime_start":"2026-04-05T23:04:07.194695"}
{"op_code":5,"worker_id":"534bbd9a-df76-42a5-9602-4a63c73ba6ae-139906009941824","trial_id":9,"param_name":"learning_rate","param_value_internal":0.013993456834106759,"distribution":"{\"name\": \"FloatDistribution\", \"attributes\": {\"step\": null, \"low\": 0.01, \"high\": 0.2, \"log\": true}}"}
{"op_code":5,"worker_id":"534bbd9a-df76-42a5-9602-4a63c73ba6ae-139906009941824","trial_id":9,"param_name":"n_estimators","param_value_internal":110.0,"distribution":"{\"name\": \"IntDistribution\", \"attributes\": {\"log\": false, \"step\": 1, \"low\": 50, \"high\": 200}}"}
{"op_code":5,"worker_id":"534bbd9a-df76-42a5-9602-4a63c73ba6ae-139906009941824","trial_id":9,"param_name":"max_depth","param_value_internal":3.0,"distribution":"{\"name\": \"IntDistribution\", \"attributes\": {\"log\": false, \"step\": 1, \"low\": 2, \"high\": 5}}"}
{"op_code":6,"worker_id":"534bbd9a-df76-42a5-9602-4a63c73ba6ae-139906009941824","trial_id":9,"state":1,"values":[0.6693846153846154],"datetime_complete":"2026-04-05T23:04:07.424307"}
{"op_code":4,"worker_id":"534bbd9a-df76-42a5-9602-4a63c73ba6ae-139906009941824","study_id":0,"datetime_start":"2026-04-05T23:04:07.436037"}
{"op_code":5,"worker_id":"534bbd9a-df76-42a5-9602-4a63c73ba6ae-139906009941824","trial_id":10,"param_name":"learning_rate","param_value_internal":0.010081233043087594,"distribution":"{\"name\": \"FloatDistribution\", \"attributes\": {\"step\": null, \"low\": 0.01, \"high\": 0.2, \"log\": true}}"}
{"op_code":5,"worker_id":"534bbd9a-df76-42a5-9602-4a63c73ba6ae-139906009941824","trial_id":10,"param_name":"n_estimators","param_value_internal":163.0,"distribution":"{\"name\": \"IntDistribution\", \"attributes\": {\"log\": false, \"step\": 1, \"low\": 50, \"high\": 200}}"}
{"op_code":5,"worker_id":"534bbd9a-df76-42a5-9602-4a63c73ba6ae-139906009941824","trial_id":10,"param_name":"max_depth","param_value_internal":3.0,"distribution":"{\"name\": \"IntDistribution\", \"attributes\": {\"log\": false, \"step\": 1, \"low\": 2, \"high\": 5}}"}
{"op_code":6,"worker_id":"534bbd9a-df76-42a5-9602-4a63c73ba6ae-139906009941824","trial_id":10,"state":1,"values":[0.67],"datetime_complete":"2026-04-05T23:04:07.741603"}
{"op_code":4,"worker_id":"534bbd9a-df76-42a5-9602-4a63c73ba6ae-139906009941824","study_id":0,"datetime_start":"2026-04-05T23:04:07.753983"}
{"op_code":5,"worker_id":"534bbd9a-df76-42a5-9602-4a63c73ba6ae-139906009941824","trial_id":11,"param_name":"learning_rate","param_value_internal":0.01035817935212232,"distribution":"{\"name\": \"FloatDistribution\", \"attributes\": {\"step\": null, \"low\": 0.01, \"high\": 0.2, \"log\": true}}"}
{"op_code":5,"worker_id":"534bbd9a-df76-42a5-9602-4a63c73ba6ae-139906009941824","trial_id":11,"param_name":"n_estimators","param_value_internal":171.0,"distribution":"{\"name\": \"IntDistribution\", \"attributes\": {\"log\": false, \"step\": 1, \"low\": 50, \"high\": 200}}"}
{"op_code":5,"worker_id":"534bbd9a-df76-42a5-9602-4a63c73ba6ae-139906009941824","trial_id":11,"param_name":"max_depth","param_value_internal":3.0,"distribution":"{\"name\": \"IntDistribution\", \"attributes\": {\"log\": false, \"step\": 1, \"low\": 2, \"high\": 5}}"}
{"op_code":6,"worker_id":"534bbd9a-df76-42a5-9602-4a63c73ba6ae-139906009941824","trial_id":11,"state":1,"values":[0.6656923076923077],"datetime_complete":"2026-04-05T23:04:08.076407"}
{"op_code":4,"worker_id":"534bbd9a-df76-42a5-9602-4a63c73ba6ae-139906009941824","study_id":0,"datetime_start":"2026-04-05T23:04:08.090155"}
{"op_code":5,"worker_id":"534bbd9a-df76-42a5-9602-4a63c73ba6ae-139906009941824","trial_id":12,"param_name":"learning_rate","param_value_internal":0.010289190364206486,"distribution":"{\"name\": \"FloatDistribution\", \"attributes\": {\"step\": null, \"low\": 0.01, \"high\": 0.2, \"log\": true}}"}
{"op_code":5,"worker_id":"534bbd9a-df76-42a5-9602-4a63c73ba6ae-139906009941824","trial_id":12,"param_name":"n_estimators","param_value_internal":156.0,"distribution":"{\"name\": \"IntDistribution\", \"attributes\": {\"log\": false, \"step\": 1, \"low\": 50, \"high\": 200}}"}
{"op_code":5,"worker_id":"534bbd9a-df76-42a5-9602-4a63c73ba6ae-139906009941824","trial_id":12,"param_name":"max_depth","param_value_internal":3.0,"distribution":"{\"name\": \"IntDistribution\", \"attributes\": {\"log\": false, \"step\": 1, \"low\": 2, \"high\": 5}}"}
{"op_code":6,"worker_id":"534bbd9a-df76-42a5-9602-4a63c73ba6ae-139906009941824","trial_id":12,"state":1,"values":[0.6684615384615384],"datetime_complete":"2026-04-05T23:04:08.391246"}
{"op_code":4,"worker_id":"534bbd9a-df76-42a5-9602-4a63c73ba6ae-139906009941824","study_id":0,"datetime_start":"2026-04-05T23:04:08.405412"}
{"op_code":5,"worker_id":"534bbd9a-df76-42a5-9602-4a63c73ba6ae-139906009941824","trial_id":13,"param_name":"learning_rate","param_value_internal":0.026011556233109624,"distribution":"{\"name\": \"FloatDistribution\", \"attributes\": {\"step\": null, \"low\": 0.01, \"high\": 0.2, \"log\": true}}"}
{"op_code":5,"worker_id":"534bbd9a-df76-42a5-9602-4a63c73ba6ae-139906009941824","trial_id":13,"param_name":"n_estimators","param_value_internal":159.0,"distribution":"{\"name\": \"IntDistribution\", \"attributes\": {\"log\": false, \"step\": 1, \"low\": 50, \"high\": 200}}"}
{"op_code":5,"worker_id":"534bbd9a-df76-42a5-9602-4a63c73ba6ae-139906009941824","trial_id":13,"param_name":"max_depth","param_value_internal":3.0,"distribution":"{\"name\": \"IntDistribution\", \"attributes\": {\"log\": false, \"step\": 1, \"low\": 2, \"high\": 5}}"}
{"op_code":6,"worker_id":"534bbd9a-df76-42a5-9602-4a63c73ba6ae-139906009941824","trial_id":13,"state":1,"values":[0.6492307692307693],"datetime_complete":"2026-04-05T23:04:08.702187"}
{"op_code":4,"worker_id":"534bbd9a-df76-42a5-9602-4a63c73ba6ae-139906009941824","study_id":0,"datetime_start":"2026-04-05T23:04:08.715645"}
{"op_code":5,"worker_id":"534bbd9a-df76-42a5-9602-4a63c73ba6ae-139906009941824","trial_id":14,"param_name":"learning_rate","param_value_internal":0.015165319662641712,"distribution":"{\"name\": \"FloatDistribution\", \"attributes\": {\"step\": null, \"low\": 0.01, \"high\": 0.2, \"log\": true}}"}
{"op_code":5,"worker_id":"534bbd9a-df76-42a5-9602-4a63c73ba6ae-139906009941824","trial_id":14,"param_name":"n_estimators","param_value_internal":100.0,"distribution":"{\"name\": \"IntDistribution\", \"attributes\": {\"log\": false, \"step\": 1, \"low\": 50, \"high\": 200}}"}
{"op_code":5,"worker_id":"534bbd9a-df76-42a5-9602-4a63c73ba6ae-139906009941824","trial_id":14,"param_name":"max_depth","param_value_internal":3.0,"distribution":"{\"name\": \"IntDistribution\", \"attributes\": {\"log\": false, \"step\": 1, \"low\": 2, \"high\": 5}}"}
{"op_code":6,"worker_id":"534bbd9a-df76-42a5-9602-4a63c73ba6ae-139906009941824","trial_id":14,"state":1,"values":[0.6672307692307692],"datetime_complete":"2026-04-05T23:04:08.920964"}
{"op_code":4,"worker_id":"534bbd9a-df76-42a5-9602-4a63c73ba6ae-139906009941824","study_id":0,"datetime_start":"2026-04-05T23:04:08.931928"}
{"op_code":5,"worker_id":"534bbd9a-df76-42a5-9602-4a63c73ba6ae-139906009941824","trial_id":15,"param_name":"learning_rate","param_value_internal":0.027904557521485476,"distribution":"{\"name\": \"FloatDistribution\", \"attributes\": {\"step\": null, \"low\": 0.01, \"high\": 0.2, \"log\": true}}"}
{"op_code":5,"worker_id":"534bbd9a-df76-42a5-9602-4a63c73ba6ae-139906009941824","trial_id":15,"param_name":"n_estimators","param_value_internal":193.0,"distribution":"{\"name\": \"IntDistribution\", \"attributes\": {\"log\": false, \"step\": 1, \"low\": 50, \"high\": 200}}"}
{"op_code":5,"worker_id":"534bbd9a-df76-42a5-9602-4a63c73ba6ae-139906009941824","trial_id":15,"param_name":"max_depth","param_value_internal":2.0,"distribution":"{\"name\": \"IntDistribution\", \"attributes\": {\"log\": false, \"step\": 1, \"low\": 2, \"high\": 5}}"}
{"op_code":6,"worker_id":"534bbd9a-df76-42a5-9602-4a63c73ba6ae-139906009941824","trial_id":15,"state":1,"values":[0.6552307692307693],"datetime_complete":"2026-04-05T23:04:09.249898"}
{"op_code":4,"worker_id":"534bbd9a-df76-42a5-9602-4a63c73ba6ae-139906009941824","study_id":0,"datetime_start":"2026-04-05T23:04:09.261258"}
{"op_code":5,"worker_id":"534bbd9a-df76-42a5-9602-4a63c73ba6ae-139906009941824","trial_id":16,"param_name":"learning_rate","param_value_internal":0.01329046463270153,"distribution":"{\"name\": \"FloatDistribution\", \"attributes\": {\"step\": null, \"low\": 0.01, \"high\": 0.2, \"log\": true}}"}
{"op_code":5,"worker_id":"534bbd9a-df76-42a5-9602-4a63c73ba6ae-139906009941824","trial_id":16,"param_name":"n_estimators","param_value_internal":115.0,"distribution":"{\"name\": \"IntDistribution\", \"attributes\": {\"log\": false, \"step\": 1, \"low\": 50, \"high\": 200}}"}
{"op_code":5,"worker_id":"534bbd9a-df76-42a5-9602-4a63c73ba6ae-139906009941824","trial_id":16,"param_name":"max_depth","param_value_internal":4.0,"distribution":"{\"name\": \"IntDistribution\", \"attributes\": {\"log\": false, \"step\": 1, \"low\": 2, \"high\": 5}}"}
{"op_code":6,"worker_id":"534bbd9a-df76-42a5-9602-4a63c73ba6ae-139906009941824","trial_id":16,"state":1,"values":[0.6466153846153846],"datetime_complete":"2026-04-05T23:04:09.497223"}
{"op_code":4,"worker_id":"534bbd9a-df76-42a5-9602-4a63c73ba6ae-139906009941824","study_id":0,"datetime_start":"2026-04-05T23:04:09.510126"}
{"op_code":5,"worker_id":"534bbd9a-df76-42a5-9602-4a63c73ba6ae-139906009941824","trial_id":17,"param_name":"learning_rate","param_value_internal":0.03425460616661865,"distribution":"{\"name\": \"FloatDistribution\", \"attributes\": {\"step\": null, \"low\": 0.01, \"high\": 0.2, \"log\": true}}"}
{"op_code":5,"worker_id":"534bbd9a-df76-42a5-9602-4a63c73ba6ae-139906009941824","trial_id":17,"param_name":"n_estimators","param_value_internal":146.0,"distribution":"{\"name\": \"IntDistribution\", \"attributes\": {\"log\": false, \"step\": 1, \"low\": 50, \"high\": 200}}"}
{"op_code":5,"worker_id":"534bbd9a-df76-42a5-9602-4a63c73ba6ae-139906009941824","trial_id":17,"param_name":"max_depth","param_value_internal":3.0,"distribution":"{\"name\": \"IntDistribution\", \"attributes\": {\"log\": false, \"step\": 1, \"low\": 2, \"high\": 5}}"}
{"op_code":6,"worker_id":"534bbd9a-df76-42a5-9602-4a63c73ba6ae-139906009941824","trial_id":17,"state":1,"values":[0.6452307692307693],"datetime_complete":"2026-04-05T23:04:09.781582"}
{"op_code":4,"worker_id":"534bbd9a-df76-42a5-9602-4a63c73ba6ae-139906009941824","study_id":0,"datetime_start":"2026-04-05T23:04:09.794746"}
{"op_code":5,"worker_id":"534bbd9a-df76-42a5-9602-4a63c73ba6ae-139906009941824","trial_id":18,"param_name":"learning_rate","param_value_internal":0.07349453070578227,"distribution":"{\"name\": \"FloatDistribution\", \"attributes\": {\"step\": null, \"low\": 0.01, \"high\": 0.2, \"log\": true}}"}
{"op_code":5,"worker_id":"534bbd9a-df76-42a5-9602-4a63c73ba6ae-139906009941824","trial_id":18,"param_name":"n_estimators","param_value_internal":177.0,"distribution":"{\"name\": \"IntDistribution\", \"attributes\": {\"log\": false, \"step\": 1, \"low\": 50, \"high\": 200}}"}
{"op_code":5,"worker_id":"534bbd9a-df76-42a5-9602-4a63c73ba6ae-139906009941824","trial_id":18,"param_name":"max_depth","param_value_internal":4.0,"distribution":"{\"name\": \"IntDistribution\", \"attributes\": {\"log\": false, \"step\": 1, \"low\": 2, \"high\": 5}}"}
{"op_code":6,"worker_id":"534bbd9a-df76-42a5-9602-4a63c73ba6ae-139906009941824","trial_id":18,"state":1,"values":[0.6483076923076924],"datetime_complete":"2026-04-05T23:04:10.128046"}
{"op_code":4,"worker_id":"534bbd9a-df76-42a5-9602-4a63c73ba6ae-139906009941824","study_id":0,"datetime_start":"2026-04-05T23:04:10.139348"}
{"op_code":5,"worker_id":"534bbd9a-df76-42a5-9602-4a63c73ba6ae-139906009941824","trial_id":19,"param_name":"learning_rate","param_value_internal":0.010047340366395088,"distribution":"{\"name\": \"FloatDistribution\", \"attributes\": {\"step\": null, \"low\": 0.01, \"high\": 0.2, \"log\": true}}"}
{"op_code":5,"worker_id":"534bbd9a-df76-42a5-9602-4a63c73ba6ae-139906009941824","trial_id":19,"param_name":"n_estimators","param_value_internal":81.0,"distribution":"{\"name\": \"IntDistribution\", \"attributes\": {\"log\": false, \"step\": 1, \"low\": 50, \"high\": 200}}"}
{"op_code":5,"worker_id":"534bbd9a-df76-42a5-9602-4a63c73ba6ae-139906009941824","trial_id":19,"param_name":"max_depth","param_value_internal":2.0,"distribution":"{\"name\": \"IntDistribution\", \"attributes\": {\"log\": false, \"step\": 1, \"low\": 2, \"high\": 5}}"}
{"op_code":6,"worker_id":"534bbd9a-df76-42a5-9602-4a63c73ba6ae-139906009941824","trial_id":19,"state":1,"values":[0.6438461538461538],"datetime_complete":"2026-04-05T23:04:10.307477"}
