{"op_code":0,"worker_id":"5e3e7a86-7ad2-4abc-9425-0e98e909936e-140377564591936","study_name":"survtrace_tuning","directions":[2]}
{"op_code":4,"worker_id":"5e3e7a86-7ad2-4abc-9425-0e98e909936e-140377564591936","study_id":0,"datetime_start":"2026-04-11T20:02:18.123913"}
{"op_code":5,"worker_id":"5e3e7a86-7ad2-4abc-9425-0e98e909936e-140377564591936","trial_id":0,"param_name":"learning_rate","param_value_internal":0.00022017667946932896,"distribution":"{\"name\": \"FloatDistribution\", \"attributes\": {\"step\": null, \"low\": 0.0001, \"high\": 0.01, \"log\": true}}"}
{"op_code":5,"worker_id":"5e3e7a86-7ad2-4abc-9425-0e98e909936e-140377564591936","trial_id":0,"param_name":"hidden_size","param_value_internal":2,"distribution":"{\"name\": \"CategoricalDistribution\", \"attributes\": {\"choices\": [8, 16, 32]}}"}
{"op_code":5,"worker_id":"5e3e7a86-7ad2-4abc-9425-0e98e909936e-140377564591936","trial_id":0,"param_name":"num_hidden_layers","param_value_internal":3,"distribution":"{\"name\": \"CategoricalDistribution\", \"attributes\": {\"choices\": [1, 2, 3, 4]}}"}
{"op_code":5,"worker_id":"5e3e7a86-7ad2-4abc-9425-0e98e909936e-140377564591936","trial_id":0,"param_name":"num_attention_heads","param_value_internal":0,"distribution":"{\"name\": \"CategoricalDistribution\", \"attributes\": {\"choices\": [2, 4, 8]}}"}
{"op_code":5,"worker_id":"5e3e7a86-7ad2-4abc-9425-0e98e909936e-140377564591936","trial_id":0,"param_name":"intermediate_size","param_value_internal":0,"distribution":"{\"name\": \"CategoricalDistribution\", \"attributes\": {\"choices\": [32, 64, 128]}}"}
{"op_code":6,"worker_id":"5e3e7a86-7ad2-4abc-9425-0e98e909936e-140377564591936","trial_id":0,"state":1,"values":[0.8029895564506404],"datetime_complete":"2026-04-11T20:03:35.421976"}
{"op_code":4,"worker_id":"5e3e7a86-7ad2-4abc-9425-0e98e909936e-140377564591936","study_id":0,"datetime_start":"2026-04-11T20:03:35.432114"}
{"op_code":5,"worker_id":"5e3e7a86-7ad2-4abc-9425-0e98e909936e-140377564591936","trial_id":1,"param_name":"learning_rate","param_value_internal":0.0037710272553917947,"distribution":"{\"name\": \"FloatDistribution\", \"attributes\": {\"step\": null, \"low\": 0.0001, \"high\": 0.01, \"log\": true}}"}
{"op_code":5,"worker_id":"5e3e7a86-7ad2-4abc-9425-0e98e909936e-140377564591936","trial_id":1,"param_name":"hidden_size","param_value_internal":1,"distribution":"{\"name\": \"CategoricalDistribution\", \"attributes\": {\"choices\": [8, 16, 32]}}"}
{"op_code":5,"worker_id":"5e3e7a86-7ad2-4abc-9425-0e98e909936e-140377564591936","trial_id":1,"param_name":"num_hidden_layers","param_value_internal":1,"distribution":"{\"name\": \"CategoricalDistribution\", \"attributes\": {\"choices\": [1, 2, 3, 4]}}"}
{"op_code":5,"worker_id":"5e3e7a86-7ad2-4abc-9425-0e98e909936e-140377564591936","trial_id":1,"param_name":"num_attention_heads","param_value_internal":0,"distribution":"{\"name\": \"CategoricalDistribution\", \"attributes\": {\"choices\": [2, 4, 8]}}"}
{"op_code":5,"worker_id":"5e3e7a86-7ad2-4abc-9425-0e98e909936e-140377564591936","trial_id":1,"param_name":"intermediate_size","param_value_internal":2,"distribution":"{\"name\": \"CategoricalDistribution\", \"attributes\": {\"choices\": [32, 64, 128]}}"}
{"op_code":6,"worker_id":"5e3e7a86-7ad2-4abc-9425-0e98e909936e-140377564591936","trial_id":1,"state":1,"values":[0.7628072164202504],"datetime_complete":"2026-04-11T20:04:08.600170"}
{"op_code":4,"worker_id":"5e3e7a86-7ad2-4abc-9425-0e98e909936e-140377564591936","study_id":0,"datetime_start":"2026-04-11T20:04:08.614484"}
{"op_code":5,"worker_id":"5e3e7a86-7ad2-4abc-9425-0e98e909936e-140377564591936","trial_id":2,"param_name":"learning_rate","param_value_internal":0.0004466125335454174,"distribution":"{\"name\": \"FloatDistribution\", \"attributes\": {\"step\": null, \"low\": 0.0001, \"high\": 0.01, \"log\": true}}"}
{"op_code":5,"worker_id":"5e3e7a86-7ad2-4abc-9425-0e98e909936e-140377564591936","trial_id":2,"param_name":"hidden_size","param_value_internal":2,"distribution":"{\"name\": \"CategoricalDistribution\", \"attributes\": {\"choices\": [8, 16, 32]}}"}
{"op_code":5,"worker_id":"5e3e7a86-7ad2-4abc-9425-0e98e909936e-140377564591936","trial_id":2,"param_name":"num_hidden_layers","param_value_internal":3,"distribution":"{\"name\": \"CategoricalDistribution\", \"attributes\": {\"choices\": [1, 2, 3, 4]}}"}
{"op_code":5,"worker_id":"5e3e7a86-7ad2-4abc-9425-0e98e909936e-140377564591936","trial_id":2,"param_name":"num_attention_heads","param_value_internal":0,"distribution":"{\"name\": \"CategoricalDistribution\", \"attributes\": {\"choices\": [2, 4, 8]}}"}
{"op_code":5,"worker_id":"5e3e7a86-7ad2-4abc-9425-0e98e909936e-140377564591936","trial_id":2,"param_name":"intermediate_size","param_value_internal":2,"distribution":"{\"name\": \"CategoricalDistribution\", \"attributes\": {\"choices\": [32, 64, 128]}}"}
{"op_code":6,"worker_id":"5e3e7a86-7ad2-4abc-9425-0e98e909936e-140377564591936","trial_id":2,"state":1,"values":[0.7914606497672512],"datetime_complete":"2026-04-11T20:05:09.533341"}
{"op_code":4,"worker_id":"5e3e7a86-7ad2-4abc-9425-0e98e909936e-140377564591936","study_id":0,"datetime_start":"2026-04-11T20:05:09.545277"}
{"op_code":5,"worker_id":"5e3e7a86-7ad2-4abc-9425-0e98e909936e-140377564591936","trial_id":3,"param_name":"learning_rate","param_value_internal":0.000277488575745227,"distribution":"{\"name\": \"FloatDistribution\", \"attributes\": {\"step\": null, \"low\": 0.0001, \"high\": 0.01, \"log\": true}}"}
{"op_code":5,"worker_id":"5e3e7a86-7ad2-4abc-9425-0e98e909936e-140377564591936","trial_id":3,"param_name":"hidden_size","param_value_internal":2,"distribution":"{\"name\": \"CategoricalDistribution\", \"attributes\": {\"choices\": [8, 16, 32]}}"}
{"op_code":5,"worker_id":"5e3e7a86-7ad2-4abc-9425-0e98e909936e-140377564591936","trial_id":3,"param_name":"num_hidden_layers","param_value_internal":3,"distribution":"{\"name\": \"CategoricalDistribution\", \"attributes\": {\"choices\": [1, 2, 3, 4]}}"}
{"op_code":5,"worker_id":"5e3e7a86-7ad2-4abc-9425-0e98e909936e-140377564591936","trial_id":3,"param_name":"num_attention_heads","param_value_internal":2,"distribution":"{\"name\": \"CategoricalDistribution\", \"attributes\": {\"choices\": [2, 4, 8]}}"}
{"op_code":5,"worker_id":"5e3e7a86-7ad2-4abc-9425-0e98e909936e-140377564591936","trial_id":3,"param_name":"intermediate_size","param_value_internal":0,"distribution":"{\"name\": \"CategoricalDistribution\", \"attributes\": {\"choices\": [32, 64, 128]}}"}
{"op_code":6,"worker_id":"5e3e7a86-7ad2-4abc-9425-0e98e909936e-140377564591936","trial_id":3,"state":1,"values":[0.795307638503654],"datetime_complete":"2026-04-11T20:06:25.407864"}
{"op_code":4,"worker_id":"5e3e7a86-7ad2-4abc-9425-0e98e909936e-140377564591936","study_id":0,"datetime_start":"2026-04-11T20:06:25.426238"}
{"op_code":5,"worker_id":"5e3e7a86-7ad2-4abc-9425-0e98e909936e-140377564591936","trial_id":4,"param_name":"learning_rate","param_value_internal":0.0006872165144096391,"distribution":"{\"name\": \"FloatDistribution\", \"attributes\": {\"step\": null, \"low\": 0.0001, \"high\": 0.01, \"log\": true}}"}
{"op_code":5,"worker_id":"5e3e7a86-7ad2-4abc-9425-0e98e909936e-140377564591936","trial_id":4,"param_name":"hidden_size","param_value_internal":1,"distribution":"{\"name\": \"CategoricalDistribution\", \"attributes\": {\"choices\": [8, 16, 32]}}"}
{"op_code":5,"worker_id":"5e3e7a86-7ad2-4abc-9425-0e98e909936e-140377564591936","trial_id":4,"param_name":"num_hidden_layers","param_value_internal":1,"distribution":"{\"name\": \"CategoricalDistribution\", \"attributes\": {\"choices\": [1, 2, 3, 4]}}"}
{"op_code":5,"worker_id":"5e3e7a86-7ad2-4abc-9425-0e98e909936e-140377564591936","trial_id":4,"param_name":"num_attention_heads","param_value_internal":0,"distribution":"{\"name\": \"CategoricalDistribution\", \"attributes\": {\"choices\": [2, 4, 8]}}"}
{"op_code":5,"worker_id":"5e3e7a86-7ad2-4abc-9425-0e98e909936e-140377564591936","trial_id":4,"param_name":"intermediate_size","param_value_internal":0,"distribution":"{\"name\": \"CategoricalDistribution\", \"attributes\": {\"choices\": [32, 64, 128]}}"}
{"op_code":6,"worker_id":"5e3e7a86-7ad2-4abc-9425-0e98e909936e-140377564591936","trial_id":4,"state":1,"values":[0.7986601866814597],"datetime_complete":"2026-04-11T20:07:02.562405"}
{"op_code":4,"worker_id":"5e3e7a86-7ad2-4abc-9425-0e98e909936e-140377564591936","study_id":0,"datetime_start":"2026-04-11T20:07:02.575327"}
{"op_code":5,"worker_id":"5e3e7a86-7ad2-4abc-9425-0e98e909936e-140377564591936","trial_id":5,"param_name":"learning_rate","param_value_internal":0.00020921367696452608,"distribution":"{\"name\": \"FloatDistribution\", \"attributes\": {\"step\": null, \"low\": 0.0001, \"high\": 0.01, \"log\": true}}"}
{"op_code":5,"worker_id":"5e3e7a86-7ad2-4abc-9425-0e98e909936e-140377564591936","trial_id":5,"param_name":"hidden_size","param_value_internal":0,"distribution":"{\"name\": \"CategoricalDistribution\", \"attributes\": {\"choices\": [8, 16, 32]}}"}
{"op_code":5,"worker_id":"5e3e7a86-7ad2-4abc-9425-0e98e909936e-140377564591936","trial_id":5,"param_name":"num_hidden_layers","param_value_internal":0,"distribution":"{\"name\": \"CategoricalDistribution\", \"attributes\": {\"choices\": [1, 2, 3, 4]}}"}
{"op_code":5,"worker_id":"5e3e7a86-7ad2-4abc-9425-0e98e909936e-140377564591936","trial_id":5,"param_name":"num_attention_heads","param_value_internal":2,"distribution":"{\"name\": \"CategoricalDistribution\", \"attributes\": {\"choices\": [2, 4, 8]}}"}
{"op_code":5,"worker_id":"5e3e7a86-7ad2-4abc-9425-0e98e909936e-140377564591936","trial_id":5,"param_name":"intermediate_size","param_value_internal":0,"distribution":"{\"name\": \"CategoricalDistribution\", \"attributes\": {\"choices\": [32, 64, 128]}}"}
{"op_code":6,"worker_id":"5e3e7a86-7ad2-4abc-9425-0e98e909936e-140377564591936","trial_id":5,"state":1,"values":[0.799021972456043],"datetime_complete":"2026-04-11T20:07:30.968285"}
{"op_code":4,"worker_id":"5e3e7a86-7ad2-4abc-9425-0e98e909936e-140377564591936","study_id":0,"datetime_start":"2026-04-11T20:07:30.978793"}
{"op_code":5,"worker_id":"5e3e7a86-7ad2-4abc-9425-0e98e909936e-140377564591936","trial_id":6,"param_name":"learning_rate","param_value_internal":0.0001070454209665064,"distribution":"{\"name\": \"FloatDistribution\", \"attributes\": {\"step\": null, \"low\": 0.0001, \"high\": 0.01, \"log\": true}}"}
{"op_code":5,"worker_id":"5e3e7a86-7ad2-4abc-9425-0e98e909936e-140377564591936","trial_id":6,"param_name":"hidden_size","param_value_internal":1,"distribution":"{\"name\": \"CategoricalDistribution\", \"attributes\": {\"choices\": [8, 16, 32]}}"}
{"op_code":5,"worker_id":"5e3e7a86-7ad2-4abc-9425-0e98e909936e-140377564591936","trial_id":6,"param_name":"num_hidden_layers","param_value_internal":2,"distribution":"{\"name\": \"CategoricalDistribution\", \"attributes\": {\"choices\": [1, 2, 3, 4]}}"}
{"op_code":5,"worker_id":"5e3e7a86-7ad2-4abc-9425-0e98e909936e-140377564591936","trial_id":6,"param_name":"num_attention_heads","param_value_internal":0,"distribution":"{\"name\": \"CategoricalDistribution\", \"attributes\": {\"choices\": [2, 4, 8]}}"}
{"op_code":5,"worker_id":"5e3e7a86-7ad2-4abc-9425-0e98e909936e-140377564591936","trial_id":6,"param_name":"intermediate_size","param_value_internal":2,"distribution":"{\"name\": \"CategoricalDistribution\", \"attributes\": {\"choices\": [32, 64, 128]}}"}
{"op_code":6,"worker_id":"5e3e7a86-7ad2-4abc-9425-0e98e909936e-140377564591936","trial_id":6,"state":1,"values":[0.7929680904946818],"datetime_complete":"2026-04-11T20:08:32.015533"}
{"op_code":4,"worker_id":"5e3e7a86-7ad2-4abc-9425-0e98e909936e-140377564591936","study_id":0,"datetime_start":"2026-04-11T20:08:32.026019"}
{"op_code":5,"worker_id":"5e3e7a86-7ad2-4abc-9425-0e98e909936e-140377564591936","trial_id":7,"param_name":"learning_rate","param_value_internal":0.0042909597944674515,"distribution":"{\"name\": \"FloatDistribution\", \"attributes\": {\"step\": null, \"low\": 0.0001, \"high\": 0.01, \"log\": true}}"}
{"op_code":5,"worker_id":"5e3e7a86-7ad2-4abc-9425-0e98e909936e-140377564591936","trial_id":7,"param_name":"hidden_size","param_value_internal":0,"distribution":"{\"name\": \"CategoricalDistribution\", \"attributes\": {\"choices\": [8, 16, 32]}}"}
{"op_code":5,"worker_id":"5e3e7a86-7ad2-4abc-9425-0e98e909936e-140377564591936","trial_id":7,"param_name":"num_hidden_layers","param_value_internal":0,"distribution":"{\"name\": \"CategoricalDistribution\", \"attributes\": {\"choices\": [1, 2, 3, 4]}}"}
{"op_code":5,"worker_id":"5e3e7a86-7ad2-4abc-9425-0e98e909936e-140377564591936","trial_id":7,"param_name":"num_attention_heads","param_value_internal":1,"distribution":"{\"name\": \"CategoricalDistribution\", \"attributes\": {\"choices\": [2, 4, 8]}}"}
{"op_code":5,"worker_id":"5e3e7a86-7ad2-4abc-9425-0e98e909936e-140377564591936","trial_id":7,"param_name":"intermediate_size","param_value_internal":1,"distribution":"{\"name\": \"CategoricalDistribution\", \"attributes\": {\"choices\": [32, 64, 128]}}"}
{"op_code":6,"worker_id":"5e3e7a86-7ad2-4abc-9425-0e98e909936e-140377564591936","trial_id":7,"state":1,"values":[0.796935674489279],"datetime_complete":"2026-04-11T20:08:47.355620"}
{"op_code":4,"worker_id":"5e3e7a86-7ad2-4abc-9425-0e98e909936e-140377564591936","study_id":0,"datetime_start":"2026-04-11T20:08:47.369313"}
{"op_code":5,"worker_id":"5e3e7a86-7ad2-4abc-9425-0e98e909936e-140377564591936","trial_id":8,"param_name":"learning_rate","param_value_internal":0.0012927675265987757,"distribution":"{\"name\": \"FloatDistribution\", \"attributes\": {\"step\": null, \"low\": 0.0001, \"high\": 0.01, \"log\": true}}"}
{"op_code":5,"worker_id":"5e3e7a86-7ad2-4abc-9425-0e98e909936e-140377564591936","trial_id":8,"param_name":"hidden_size","param_value_internal":1,"distribution":"{\"name\": \"CategoricalDistribution\", \"attributes\": {\"choices\": [8, 16, 32]}}"}
{"op_code":5,"worker_id":"5e3e7a86-7ad2-4abc-9425-0e98e909936e-140377564591936","trial_id":8,"param_name":"num_hidden_layers","param_value_internal":1,"distribution":"{\"name\": \"CategoricalDistribution\", \"attributes\": {\"choices\": [1, 2, 3, 4]}}"}
{"op_code":5,"worker_id":"5e3e7a86-7ad2-4abc-9425-0e98e909936e-140377564591936","trial_id":8,"param_name":"num_attention_heads","param_value_internal":2,"distribution":"{\"name\": \"CategoricalDistribution\", \"attributes\": {\"choices\": [2, 4, 8]}}"}
{"op_code":5,"worker_id":"5e3e7a86-7ad2-4abc-9425-0e98e909936e-140377564591936","trial_id":8,"param_name":"intermediate_size","param_value_internal":1,"distribution":"{\"name\": \"CategoricalDistribution\", \"attributes\": {\"choices\": [32, 64, 128]}}"}
{"op_code":6,"worker_id":"5e3e7a86-7ad2-4abc-9425-0e98e909936e-140377564591936","trial_id":8,"state":1,"values":[0.793245459588529],"datetime_complete":"2026-04-11T20:09:20.519238"}
{"op_code":4,"worker_id":"5e3e7a86-7ad2-4abc-9425-0e98e909936e-140377564591936","study_id":0,"datetime_start":"2026-04-11T20:09:20.563448"}
{"op_code":5,"worker_id":"5e3e7a86-7ad2-4abc-9425-0e98e909936e-140377564591936","trial_id":9,"param_name":"learning_rate","param_value_internal":0.00027298235188804877,"distribution":"{\"name\": \"FloatDistribution\", \"attributes\": {\"step\": null, \"low\": 0.0001, \"high\": 0.01, \"log\": true}}"}
{"op_code":5,"worker_id":"5e3e7a86-7ad2-4abc-9425-0e98e909936e-140377564591936","trial_id":9,"param_name":"hidden_size","param_value_internal":0,"distribution":"{\"name\": \"CategoricalDistribution\", \"attributes\": {\"choices\": [8, 16, 32]}}"}
{"op_code":5,"worker_id":"5e3e7a86-7ad2-4abc-9425-0e98e909936e-140377564591936","trial_id":9,"param_name":"num_hidden_layers","param_value_internal":1,"distribution":"{\"name\": \"CategoricalDistribution\", \"attributes\": {\"choices\": [1, 2, 3, 4]}}"}
{"op_code":5,"worker_id":"5e3e7a86-7ad2-4abc-9425-0e98e909936e-140377564591936","trial_id":9,"param_name":"num_attention_heads","param_value_internal":1,"distribution":"{\"name\": \"CategoricalDistribution\", \"attributes\": {\"choices\": [2, 4, 8]}}"}
{"op_code":5,"worker_id":"5e3e7a86-7ad2-4abc-9425-0e98e909936e-140377564591936","trial_id":9,"param_name":"intermediate_size","param_value_internal":0,"distribution":"{\"name\": \"CategoricalDistribution\", \"attributes\": {\"choices\": [32, 64, 128]}}"}
{"op_code":6,"worker_id":"5e3e7a86-7ad2-4abc-9425-0e98e909936e-140377564591936","trial_id":9,"state":1,"values":[0.7979848532355708],"datetime_complete":"2026-04-11T20:10:04.654831"}
{"op_code":4,"worker_id":"5e3e7a86-7ad2-4abc-9425-0e98e909936e-140377564591936","study_id":0,"datetime_start":"2026-04-11T20:10:04.670130"}
{"op_code":5,"worker_id":"5e3e7a86-7ad2-4abc-9425-0e98e909936e-140377564591936","trial_id":10,"param_name":"learning_rate","param_value_internal":0.0016204123232723374,"distribution":"{\"name\": \"FloatDistribution\", \"attributes\": {\"step\": null, \"low\": 0.0001, \"high\": 0.01, \"log\": true}}"}
{"op_code":5,"worker_id":"5e3e7a86-7ad2-4abc-9425-0e98e909936e-140377564591936","trial_id":10,"param_name":"hidden_size","param_value_internal":2,"distribution":"{\"name\": \"CategoricalDistribution\", \"attributes\": {\"choices\": [8, 16, 32]}}"}
{"op_code":5,"worker_id":"5e3e7a86-7ad2-4abc-9425-0e98e909936e-140377564591936","trial_id":10,"param_name":"num_hidden_layers","param_value_internal":3,"distribution":"{\"name\": \"CategoricalDistribution\", \"attributes\": {\"choices\": [1, 2, 3, 4]}}"}
{"op_code":5,"worker_id":"5e3e7a86-7ad2-4abc-9425-0e98e909936e-140377564591936","trial_id":10,"param_name":"num_attention_heads","param_value_internal":0,"distribution":"{\"name\": \"CategoricalDistribution\", \"attributes\": {\"choices\": [2, 4, 8]}}"}
{"op_code":5,"worker_id":"5e3e7a86-7ad2-4abc-9425-0e98e909936e-140377564591936","trial_id":10,"param_name":"intermediate_size","param_value_internal":0,"distribution":"{\"name\": \"CategoricalDistribution\", \"attributes\": {\"choices\": [32, 64, 128]}}"}
{"op_code":6,"worker_id":"5e3e7a86-7ad2-4abc-9425-0e98e909936e-140377564591936","trial_id":10,"state":1,"values":[0.7974301150478763],"datetime_complete":"2026-04-11T20:11:20.359209"}
{"op_code":4,"worker_id":"5e3e7a86-7ad2-4abc-9425-0e98e909936e-140377564591936","study_id":0,"datetime_start":"2026-04-11T20:11:20.371975"}
{"op_code":5,"worker_id":"5e3e7a86-7ad2-4abc-9425-0e98e909936e-140377564591936","trial_id":11,"param_name":"learning_rate","param_value_internal":0.00010704724818671239,"distribution":"{\"name\": \"FloatDistribution\", \"attributes\": {\"step\": null, \"low\": 0.0001, \"high\": 0.01, \"log\": true}}"}
{"op_code":5,"worker_id":"5e3e7a86-7ad2-4abc-9425-0e98e909936e-140377564591936","trial_id":11,"param_name":"hidden_size","param_value_internal":0,"distribution":"{\"name\": \"CategoricalDistribution\", \"attributes\": {\"choices\": [8, 16, 32]}}"}
{"op_code":5,"worker_id":"5e3e7a86-7ad2-4abc-9425-0e98e909936e-140377564591936","trial_id":11,"param_name":"num_hidden_layers","param_value_internal":0,"distribution":"{\"name\": \"CategoricalDistribution\", \"attributes\": {\"choices\": [1, 2, 3, 4]}}"}
{"op_code":5,"worker_id":"5e3e7a86-7ad2-4abc-9425-0e98e909936e-140377564591936","trial_id":11,"param_name":"num_attention_heads","param_value_internal":2,"distribution":"{\"name\": \"CategoricalDistribution\", \"attributes\": {\"choices\": [2, 4, 8]}}"}
{"op_code":5,"worker_id":"5e3e7a86-7ad2-4abc-9425-0e98e909936e-140377564591936","trial_id":11,"param_name":"intermediate_size","param_value_internal":0,"distribution":"{\"name\": \"CategoricalDistribution\", \"attributes\": {\"choices\": [32, 64, 128]}}"}
{"op_code":6,"worker_id":"5e3e7a86-7ad2-4abc-9425-0e98e909936e-140377564591936","trial_id":11,"state":1,"values":[0.7225525192349437],"datetime_complete":"2026-04-11T20:11:48.429322"}
{"op_code":4,"worker_id":"5e3e7a86-7ad2-4abc-9425-0e98e909936e-140377564591936","study_id":0,"datetime_start":"2026-04-11T20:11:48.439741"}
{"op_code":5,"worker_id":"5e3e7a86-7ad2-4abc-9425-0e98e909936e-140377564591936","trial_id":12,"param_name":"learning_rate","param_value_internal":0.00022343539527547806,"distribution":"{\"name\": \"FloatDistribution\", \"attributes\": {\"step\": null, \"low\": 0.0001, \"high\": 0.01, \"log\": true}}"}
{"op_code":5,"worker_id":"5e3e7a86-7ad2-4abc-9425-0e98e909936e-140377564591936","trial_id":12,"param_name":"hidden_size","param_value_internal":2,"distribution":"{\"name\": \"CategoricalDistribution\", \"attributes\": {\"choices\": [8, 16, 32]}}"}
{"op_code":5,"worker_id":"5e3e7a86-7ad2-4abc-9425-0e98e909936e-140377564591936","trial_id":12,"param_name":"num_hidden_layers","param_value_internal":0,"distribution":"{\"name\": \"CategoricalDistribution\", \"attributes\": {\"choices\": [1, 2, 3, 4]}}"}
{"op_code":5,"worker_id":"5e3e7a86-7ad2-4abc-9425-0e98e909936e-140377564591936","trial_id":12,"param_name":"num_attention_heads","param_value_internal":2,"distribution":"{\"name\": \"CategoricalDistribution\", \"attributes\": {\"choices\": [2, 4, 8]}}"}
{"op_code":5,"worker_id":"5e3e7a86-7ad2-4abc-9425-0e98e909936e-140377564591936","trial_id":12,"param_name":"intermediate_size","param_value_internal":0,"distribution":"{\"name\": \"CategoricalDistribution\", \"attributes\": {\"choices\": [32, 64, 128]}}"}
{"op_code":6,"worker_id":"5e3e7a86-7ad2-4abc-9425-0e98e909936e-140377564591936","trial_id":12,"state":1,"values":[0.7981657461228624],"datetime_complete":"2026-04-11T20:12:17.754027"}
{"op_code":4,"worker_id":"5e3e7a86-7ad2-4abc-9425-0e98e909936e-140377564591936","study_id":0,"datetime_start":"2026-04-11T20:12:17.769989"}
{"op_code":5,"worker_id":"5e3e7a86-7ad2-4abc-9425-0e98e909936e-140377564591936","trial_id":13,"param_name":"learning_rate","param_value_internal":0.0005887660382957642,"distribution":"{\"name\": \"FloatDistribution\", \"attributes\": {\"step\": null, \"low\": 0.0001, \"high\": 0.01, \"log\": true}}"}
{"op_code":5,"worker_id":"5e3e7a86-7ad2-4abc-9425-0e98e909936e-140377564591936","trial_id":13,"param_name":"hidden_size","param_value_internal":0,"distribution":"{\"name\": \"CategoricalDistribution\", \"attributes\": {\"choices\": [8, 16, 32]}}"}
{"op_code":5,"worker_id":"5e3e7a86-7ad2-4abc-9425-0e98e909936e-140377564591936","trial_id":13,"param_name":"num_hidden_layers","param_value_internal":2,"distribution":"{\"name\": \"CategoricalDistribution\", \"attributes\": {\"choices\": [1, 2, 3, 4]}}"}
{"op_code":5,"worker_id":"5e3e7a86-7ad2-4abc-9425-0e98e909936e-140377564591936","trial_id":13,"param_name":"num_attention_heads","param_value_internal":2,"distribution":"{\"name\": \"CategoricalDistribution\", \"attributes\": {\"choices\": [2, 4, 8]}}"}
{"op_code":5,"worker_id":"5e3e7a86-7ad2-4abc-9425-0e98e909936e-140377564591936","trial_id":13,"param_name":"intermediate_size","param_value_internal":0,"distribution":"{\"name\": \"CategoricalDistribution\", \"attributes\": {\"choices\": [32, 64, 128]}}"}
{"op_code":6,"worker_id":"5e3e7a86-7ad2-4abc-9425-0e98e909936e-140377564591936","trial_id":13,"state":1,"values":[0.7998842285521334],"datetime_complete":"2026-04-11T20:13:08.363495"}
{"op_code":4,"worker_id":"5e3e7a86-7ad2-4abc-9425-0e98e909936e-140377564591936","study_id":0,"datetime_start":"2026-04-11T20:13:08.373099"}
{"op_code":5,"worker_id":"5e3e7a86-7ad2-4abc-9425-0e98e909936e-140377564591936","trial_id":14,"param_name":"learning_rate","param_value_internal":0.009196280062040216,"distribution":"{\"name\": \"FloatDistribution\", \"attributes\": {\"step\": null, \"low\": 0.0001, \"high\": 0.01, \"log\": true}}"}
{"op_code":5,"worker_id":"5e3e7a86-7ad2-4abc-9425-0e98e909936e-140377564591936","trial_id":14,"param_name":"hidden_size","param_value_internal":2,"distribution":"{\"name\": \"CategoricalDistribution\", \"attributes\": {\"choices\": [8, 16, 32]}}"}
{"op_code":5,"worker_id":"5e3e7a86-7ad2-4abc-9425-0e98e909936e-140377564591936","trial_id":14,"param_name":"num_hidden_layers","param_value_internal":2,"distribution":"{\"name\": \"CategoricalDistribution\", \"attributes\": {\"choices\": [1, 2, 3, 4]}}"}
{"op_code":5,"worker_id":"5e3e7a86-7ad2-4abc-9425-0e98e909936e-140377564591936","trial_id":14,"param_name":"num_attention_heads","param_value_internal":1,"distribution":"{\"name\": \"CategoricalDistribution\", \"attributes\": {\"choices\": [2, 4, 8]}}"}
{"op_code":5,"worker_id":"5e3e7a86-7ad2-4abc-9425-0e98e909936e-140377564591936","trial_id":14,"param_name":"intermediate_size","param_value_internal":0,"distribution":"{\"name\": \"CategoricalDistribution\", \"attributes\": {\"choices\": [32, 64, 128]}}"}
{"op_code":6,"worker_id":"5e3e7a86-7ad2-4abc-9425-0e98e909936e-140377564591936","trial_id":14,"state":1,"values":[0.5401642507416609],"datetime_complete":"2026-04-11T20:13:53.105485"}
{"op_code":4,"worker_id":"5e3e7a86-7ad2-4abc-9425-0e98e909936e-140377564591936","study_id":0,"datetime_start":"2026-04-11T20:13:53.128837"}
{"op_code":5,"worker_id":"5e3e7a86-7ad2-4abc-9425-0e98e909936e-140377564591936","trial_id":15,"param_name":"learning_rate","param_value_internal":0.000739675235795449,"distribution":"{\"name\": \"FloatDistribution\", \"attributes\": {\"step\": null, \"low\": 0.0001, \"high\": 0.01, \"log\": true}}"}
{"op_code":5,"worker_id":"5e3e7a86-7ad2-4abc-9425-0e98e909936e-140377564591936","trial_id":15,"param_name":"hidden_size","param_value_internal":0,"distribution":"{\"name\": \"CategoricalDistribution\", \"attributes\": {\"choices\": [8, 16, 32]}}"}
{"op_code":5,"worker_id":"5e3e7a86-7ad2-4abc-9425-0e98e909936e-140377564591936","trial_id":15,"param_name":"num_hidden_layers","param_value_internal":2,"distribution":"{\"name\": \"CategoricalDistribution\", \"attributes\": {\"choices\": [1, 2, 3, 4]}}"}
{"op_code":5,"worker_id":"5e3e7a86-7ad2-4abc-9425-0e98e909936e-140377564591936","trial_id":15,"param_name":"num_attention_heads","param_value_internal":0,"distribution":"{\"name\": \"CategoricalDistribution\", \"attributes\": {\"choices\": [2, 4, 8]}}"}
{"op_code":5,"worker_id":"5e3e7a86-7ad2-4abc-9425-0e98e909936e-140377564591936","trial_id":15,"param_name":"intermediate_size","param_value_internal":1,"distribution":"{\"name\": \"CategoricalDistribution\", \"attributes\": {\"choices\": [32, 64, 128]}}"}
{"op_code":6,"worker_id":"5e3e7a86-7ad2-4abc-9425-0e98e909936e-140377564591936","trial_id":15,"state":1,"values":[0.7974421745736958],"datetime_complete":"2026-04-11T20:14:39.334126"}
{"op_code":4,"worker_id":"5e3e7a86-7ad2-4abc-9425-0e98e909936e-140377564591936","study_id":0,"datetime_start":"2026-04-11T20:14:39.345501"}
{"op_code":5,"worker_id":"5e3e7a86-7ad2-4abc-9425-0e98e909936e-140377564591936","trial_id":16,"param_name":"learning_rate","param_value_internal":0.0004262758030937874,"distribution":"{\"name\": \"FloatDistribution\", \"attributes\": {\"step\": null, \"low\": 0.0001, \"high\": 0.01, \"log\": true}}"}
{"op_code":5,"worker_id":"5e3e7a86-7ad2-4abc-9425-0e98e909936e-140377564591936","trial_id":16,"param_name":"hidden_size","param_value_internal":0,"distribution":"{\"name\": \"CategoricalDistribution\", \"attributes\": {\"choices\": [8, 16, 32]}}"}
{"op_code":5,"worker_id":"5e3e7a86-7ad2-4abc-9425-0e98e909936e-140377564591936","trial_id":16,"param_name":"num_hidden_layers","param_value_internal":2,"distribution":"{\"name\": \"CategoricalDistribution\", \"attributes\": {\"choices\": [1, 2, 3, 4]}}"}
{"op_code":5,"worker_id":"5e3e7a86-7ad2-4abc-9425-0e98e909936e-140377564591936","trial_id":16,"param_name":"num_attention_heads","param_value_internal":2,"distribution":"{\"name\": \"CategoricalDistribution\", \"attributes\": {\"choices\": [2, 4, 8]}}"}
{"op_code":5,"worker_id":"5e3e7a86-7ad2-4abc-9425-0e98e909936e-140377564591936","trial_id":16,"param_name":"intermediate_size","param_value_internal":0,"distribution":"{\"name\": \"CategoricalDistribution\", \"attributes\": {\"choices\": [32, 64, 128]}}"}
{"op_code":6,"worker_id":"5e3e7a86-7ad2-4abc-9425-0e98e909936e-140377564591936","trial_id":16,"state":1,"values":[0.7957056028556957],"datetime_complete":"2026-04-11T20:15:38.886053"}
{"op_code":4,"worker_id":"5e3e7a86-7ad2-4abc-9425-0e98e909936e-140377564591936","study_id":0,"datetime_start":"2026-04-11T20:15:38.897986"}
{"op_code":5,"worker_id":"5e3e7a86-7ad2-4abc-9425-0e98e909936e-140377564591936","trial_id":17,"param_name":"learning_rate","param_value_internal":0.0020719974330433233,"distribution":"{\"name\": \"FloatDistribution\", \"attributes\": {\"step\": null, \"low\": 0.0001, \"high\": 0.01, \"log\": true}}"}
{"op_code":5,"worker_id":"5e3e7a86-7ad2-4abc-9425-0e98e909936e-140377564591936","trial_id":17,"param_name":"hidden_size","param_value_internal":2,"distribution":"{\"name\": \"CategoricalDistribution\", \"attributes\": {\"choices\": [8, 16, 32]}}"}
{"op_code":5,"worker_id":"5e3e7a86-7ad2-4abc-9425-0e98e909936e-140377564591936","trial_id":17,"param_name":"num_hidden_layers","param_value_internal":3,"distribution":"{\"name\": \"CategoricalDistribution\", \"attributes\": {\"choices\": [1, 2, 3, 4]}}"}
{"op_code":5,"worker_id":"5e3e7a86-7ad2-4abc-9425-0e98e909936e-140377564591936","trial_id":17,"param_name":"num_attention_heads","param_value_internal":0,"distribution":"{\"name\": \"CategoricalDistribution\", \"attributes\": {\"choices\": [2, 4, 8]}}"}
{"op_code":5,"worker_id":"5e3e7a86-7ad2-4abc-9425-0e98e909936e-140377564591936","trial_id":17,"param_name":"intermediate_size","param_value_internal":0,"distribution":"{\"name\": \"CategoricalDistribution\", \"attributes\": {\"choices\": [32, 64, 128]}}"}
{"op_code":6,"worker_id":"5e3e7a86-7ad2-4abc-9425-0e98e909936e-140377564591936","trial_id":17,"state":1,"values":[0.800348520296182],"datetime_complete":"2026-04-11T20:16:55.958209"}
{"op_code":4,"worker_id":"5e3e7a86-7ad2-4abc-9425-0e98e909936e-140377564591936","study_id":0,"datetime_start":"2026-04-11T20:16:55.970132"}
{"op_code":5,"worker_id":"5e3e7a86-7ad2-4abc-9425-0e98e909936e-140377564591936","trial_id":18,"param_name":"learning_rate","param_value_internal":0.0026119491957142266,"distribution":"{\"name\": \"FloatDistribution\", \"attributes\": {\"step\": null, \"low\": 0.0001, \"high\": 0.01, \"log\": true}}"}
{"op_code":5,"worker_id":"5e3e7a86-7ad2-4abc-9425-0e98e909936e-140377564591936","trial_id":18,"param_name":"hidden_size","param_value_internal":2,"distribution":"{\"name\": \"CategoricalDistribution\", \"attributes\": {\"choices\": [8, 16, 32]}}"}
{"op_code":5,"worker_id":"5e3e7a86-7ad2-4abc-9425-0e98e909936e-140377564591936","trial_id":18,"param_name":"num_hidden_layers","param_value_internal":3,"distribution":"{\"name\": \"CategoricalDistribution\", \"attributes\": {\"choices\": [1, 2, 3, 4]}}"}
{"op_code":5,"worker_id":"5e3e7a86-7ad2-4abc-9425-0e98e909936e-140377564591936","trial_id":18,"param_name":"num_attention_heads","param_value_internal":0,"distribution":"{\"name\": \"CategoricalDistribution\", \"attributes\": {\"choices\": [2, 4, 8]}}"}
{"op_code":5,"worker_id":"5e3e7a86-7ad2-4abc-9425-0e98e909936e-140377564591936","trial_id":18,"param_name":"intermediate_size","param_value_internal":2,"distribution":"{\"name\": \"CategoricalDistribution\", \"attributes\": {\"choices\": [32, 64, 128]}}"}
{"op_code":6,"worker_id":"5e3e7a86-7ad2-4abc-9425-0e98e909936e-140377564591936","trial_id":18,"state":1,"values":[0.6309121825329828],"datetime_complete":"2026-04-11T20:17:38.525494"}
{"op_code":4,"worker_id":"5e3e7a86-7ad2-4abc-9425-0e98e909936e-140377564591936","study_id":0,"datetime_start":"2026-04-11T20:17:38.538148"}
{"op_code":5,"worker_id":"5e3e7a86-7ad2-4abc-9425-0e98e909936e-140377564591936","trial_id":19,"param_name":"learning_rate","param_value_internal":0.0018580618147556443,"distribution":"{\"name\": \"FloatDistribution\", \"attributes\": {\"step\": null, \"low\": 0.0001, \"high\": 0.01, \"log\": true}}"}
{"op_code":5,"worker_id":"5e3e7a86-7ad2-4abc-9425-0e98e909936e-140377564591936","trial_id":19,"param_name":"hidden_size","param_value_internal":2,"distribution":"{\"name\": \"CategoricalDistribution\", \"attributes\": {\"choices\": [8, 16, 32]}}"}
{"op_code":5,"worker_id":"5e3e7a86-7ad2-4abc-9425-0e98e909936e-140377564591936","trial_id":19,"param_name":"num_hidden_layers","param_value_internal":3,"distribution":"{\"name\": \"CategoricalDistribution\", \"attributes\": {\"choices\": [1, 2, 3, 4]}}"}
{"op_code":5,"worker_id":"5e3e7a86-7ad2-4abc-9425-0e98e909936e-140377564591936","trial_id":19,"param_name":"num_attention_heads","param_value_internal":0,"distribution":"{\"name\": \"CategoricalDistribution\", \"attributes\": {\"choices\": [2, 4, 8]}}"}
{"op_code":5,"worker_id":"5e3e7a86-7ad2-4abc-9425-0e98e909936e-140377564591936","trial_id":19,"param_name":"intermediate_size","param_value_internal":1,"distribution":"{\"name\": \"CategoricalDistribution\", \"attributes\": {\"choices\": [32, 64, 128]}}"}
{"op_code":6,"worker_id":"5e3e7a86-7ad2-4abc-9425-0e98e909936e-140377564591936","trial_id":19,"state":1,"values":[0.7954523528134874],"datetime_complete":"2026-04-11T20:18:38.954454"}
