{"op_code":0,"worker_id":"04c71517-56cd-4b0e-8ca2-f0240043b9eb-140544486217536","study_name":"deepsurv_tuning","directions":[2]}
{"op_code":4,"worker_id":"04c71517-56cd-4b0e-8ca2-f0240043b9eb-140544486217536","study_id":0,"datetime_start":"2026-04-01T01:26:40.119662"}
{"op_code":5,"worker_id":"04c71517-56cd-4b0e-8ca2-f0240043b9eb-140544486217536","trial_id":0,"param_name":"lr","param_value_internal":0.015622680512199632,"distribution":"{\"name\": \"FloatDistribution\", \"attributes\": {\"step\": null, \"low\": 0.0001, \"high\": 0.1, \"log\": true}}"}
{"op_code":5,"worker_id":"04c71517-56cd-4b0e-8ca2-f0240043b9eb-140544486217536","trial_id":0,"param_name":"dropout","param_value_internal":0.003340036253372869,"distribution":"{\"name\": \"FloatDistribution\", \"attributes\": {\"step\": null, \"low\": 0.0, \"high\": 0.5, \"log\": false}}"}
{"op_code":5,"worker_id":"04c71517-56cd-4b0e-8ca2-f0240043b9eb-140544486217536","trial_id":0,"param_name":"layers","param_value_internal":1,"distribution":"{\"name\": \"CategoricalDistribution\", \"attributes\": {\"choices\": [1, 2, 3]}}"}
{"op_code":5,"worker_id":"04c71517-56cd-4b0e-8ca2-f0240043b9eb-140544486217536","trial_id":0,"param_name":"nodes","param_value_internal":1,"distribution":"{\"name\": \"CategoricalDistribution\", \"attributes\": {\"choices\": [16, 32, 64]}}"}
{"op_code":6,"worker_id":"04c71517-56cd-4b0e-8ca2-f0240043b9eb-140544486217536","trial_id":0,"state":1,"values":[0.5817034502244687],"datetime_complete":"2026-04-01T01:26:41.752497"}
{"op_code":4,"worker_id":"04c71517-56cd-4b0e-8ca2-f0240043b9eb-140544486217536","study_id":0,"datetime_start":"2026-04-01T01:26:41.766583"}
{"op_code":5,"worker_id":"04c71517-56cd-4b0e-8ca2-f0240043b9eb-140544486217536","trial_id":1,"param_name":"lr","param_value_internal":0.00014360660459008094,"distribution":"{\"name\": \"FloatDistribution\", \"attributes\": {\"step\": null, \"low\": 0.0001, \"high\": 0.1, \"log\": true}}"}
{"op_code":5,"worker_id":"04c71517-56cd-4b0e-8ca2-f0240043b9eb-140544486217536","trial_id":1,"param_name":"dropout","param_value_internal":0.36748303512359753,"distribution":"{\"name\": \"FloatDistribution\", \"attributes\": {\"step\": null, \"low\": 0.0, \"high\": 0.5, \"log\": false}}"}
{"op_code":5,"worker_id":"04c71517-56cd-4b0e-8ca2-f0240043b9eb-140544486217536","trial_id":1,"param_name":"layers","param_value_internal":1,"distribution":"{\"name\": \"CategoricalDistribution\", \"attributes\": {\"choices\": [1, 2, 3]}}"}
{"op_code":5,"worker_id":"04c71517-56cd-4b0e-8ca2-f0240043b9eb-140544486217536","trial_id":1,"param_name":"nodes","param_value_internal":2,"distribution":"{\"name\": \"CategoricalDistribution\", \"attributes\": {\"choices\": [16, 32, 64]}}"}
{"op_code":6,"worker_id":"04c71517-56cd-4b0e-8ca2-f0240043b9eb-140544486217536","trial_id":1,"state":1,"values":[0.5546730292280162],"datetime_complete":"2026-04-01T01:26:43.448470"}
{"op_code":4,"worker_id":"04c71517-56cd-4b0e-8ca2-f0240043b9eb-140544486217536","study_id":0,"datetime_start":"2026-04-01T01:26:43.460625"}
{"op_code":5,"worker_id":"04c71517-56cd-4b0e-8ca2-f0240043b9eb-140544486217536","trial_id":2,"param_name":"lr","param_value_internal":0.0011424548626958566,"distribution":"{\"name\": \"FloatDistribution\", \"attributes\": {\"step\": null, \"low\": 0.0001, \"high\": 0.1, \"log\": true}}"}
{"op_code":5,"worker_id":"04c71517-56cd-4b0e-8ca2-f0240043b9eb-140544486217536","trial_id":2,"param_name":"dropout","param_value_internal":0.22094393804929807,"distribution":"{\"name\": \"FloatDistribution\", \"attributes\": {\"step\": null, \"low\": 0.0, \"high\": 0.5, \"log\": false}}"}
{"op_code":5,"worker_id":"04c71517-56cd-4b0e-8ca2-f0240043b9eb-140544486217536","trial_id":2,"param_name":"layers","param_value_internal":2,"distribution":"{\"name\": \"CategoricalDistribution\", \"attributes\": {\"choices\": [1, 2, 3]}}"}
{"op_code":5,"worker_id":"04c71517-56cd-4b0e-8ca2-f0240043b9eb-140544486217536","trial_id":2,"param_name":"nodes","param_value_internal":1,"distribution":"{\"name\": \"CategoricalDistribution\", \"attributes\": {\"choices\": [16, 32, 64]}}"}
{"op_code":6,"worker_id":"04c71517-56cd-4b0e-8ca2-f0240043b9eb-140544486217536","trial_id":2,"state":1,"values":[0.6108686779895144],"datetime_complete":"2026-04-01T01:26:45.378922"}
{"op_code":4,"worker_id":"04c71517-56cd-4b0e-8ca2-f0240043b9eb-140544486217536","study_id":0,"datetime_start":"2026-04-01T01:26:45.396330"}
{"op_code":5,"worker_id":"04c71517-56cd-4b0e-8ca2-f0240043b9eb-140544486217536","trial_id":3,"param_name":"lr","param_value_internal":0.00012327016576455595,"distribution":"{\"name\": \"FloatDistribution\", \"attributes\": {\"step\": null, \"low\": 0.0001, \"high\": 0.1, \"log\": true}}"}
{"op_code":5,"worker_id":"04c71517-56cd-4b0e-8ca2-f0240043b9eb-140544486217536","trial_id":3,"param_name":"dropout","param_value_internal":0.1954139718625928,"distribution":"{\"name\": \"FloatDistribution\", \"attributes\": {\"step\": null, \"low\": 0.0, \"high\": 0.5, \"log\": false}}"}
{"op_code":5,"worker_id":"04c71517-56cd-4b0e-8ca2-f0240043b9eb-140544486217536","trial_id":3,"param_name":"layers","param_value_internal":2,"distribution":"{\"name\": \"CategoricalDistribution\", \"attributes\": {\"choices\": [1, 2, 3]}}"}
{"op_code":5,"worker_id":"04c71517-56cd-4b0e-8ca2-f0240043b9eb-140544486217536","trial_id":3,"param_name":"nodes","param_value_internal":2,"distribution":"{\"name\": \"CategoricalDistribution\", \"attributes\": {\"choices\": [16, 32, 64]}}"}
{"op_code":6,"worker_id":"04c71517-56cd-4b0e-8ca2-f0240043b9eb-140544486217536","trial_id":3,"state":1,"values":[0.6013562301824004],"datetime_complete":"2026-04-01T01:26:47.345767"}
{"op_code":4,"worker_id":"04c71517-56cd-4b0e-8ca2-f0240043b9eb-140544486217536","study_id":0,"datetime_start":"2026-04-01T01:26:47.361378"}
{"op_code":5,"worker_id":"04c71517-56cd-4b0e-8ca2-f0240043b9eb-140544486217536","trial_id":4,"param_name":"lr","param_value_internal":0.0003805570256348667,"distribution":"{\"name\": \"FloatDistribution\", \"attributes\": {\"step\": null, \"low\": 0.0001, \"high\": 0.1, \"log\": true}}"}
{"op_code":5,"worker_id":"04c71517-56cd-4b0e-8ca2-f0240043b9eb-140544486217536","trial_id":4,"param_name":"dropout","param_value_internal":0.10806757422691665,"distribution":"{\"name\": \"FloatDistribution\", \"attributes\": {\"step\": null, \"low\": 0.0, \"high\": 0.5, \"log\": false}}"}
{"op_code":5,"worker_id":"04c71517-56cd-4b0e-8ca2-f0240043b9eb-140544486217536","trial_id":4,"param_name":"layers","param_value_internal":1,"distribution":"{\"name\": \"CategoricalDistribution\", \"attributes\": {\"choices\": [1, 2, 3]}}"}
{"op_code":5,"worker_id":"04c71517-56cd-4b0e-8ca2-f0240043b9eb-140544486217536","trial_id":4,"param_name":"nodes","param_value_internal":2,"distribution":"{\"name\": \"CategoricalDistribution\", \"attributes\": {\"choices\": [16, 32, 64]}}"}
{"op_code":6,"worker_id":"04c71517-56cd-4b0e-8ca2-f0240043b9eb-140544486217536","trial_id":4,"state":1,"values":[0.6394374156280414],"datetime_complete":"2026-04-01T01:26:49.043961"}
{"op_code":4,"worker_id":"04c71517-56cd-4b0e-8ca2-f0240043b9eb-140544486217536","study_id":0,"datetime_start":"2026-04-01T01:26:49.066097"}
{"op_code":5,"worker_id":"04c71517-56cd-4b0e-8ca2-f0240043b9eb-140544486217536","trial_id":5,"param_name":"lr","param_value_internal":0.01888585825028828,"distribution":"{\"name\": \"FloatDistribution\", \"attributes\": {\"step\": null, \"low\": 0.0001, \"high\": 0.1, \"log\": true}}"}
{"op_code":5,"worker_id":"04c71517-56cd-4b0e-8ca2-f0240043b9eb-140544486217536","trial_id":5,"param_name":"dropout","param_value_internal":0.19461459545327386,"distribution":"{\"name\": \"FloatDistribution\", \"attributes\": {\"step\": null, \"low\": 0.0, \"high\": 0.5, \"log\": false}}"}
{"op_code":5,"worker_id":"04c71517-56cd-4b0e-8ca2-f0240043b9eb-140544486217536","trial_id":5,"param_name":"layers","param_value_internal":2,"distribution":"{\"name\": \"CategoricalDistribution\", \"attributes\": {\"choices\": [1, 2, 3]}}"}
{"op_code":5,"worker_id":"04c71517-56cd-4b0e-8ca2-f0240043b9eb-140544486217536","trial_id":5,"param_name":"nodes","param_value_internal":2,"distribution":"{\"name\": \"CategoricalDistribution\", \"attributes\": {\"choices\": [16, 32, 64]}}"}
{"op_code":6,"worker_id":"04c71517-56cd-4b0e-8ca2-f0240043b9eb-140544486217536","trial_id":5,"state":1,"values":[0.5873858035349888],"datetime_complete":"2026-04-01T01:26:51.003888"}
{"op_code":4,"worker_id":"04c71517-56cd-4b0e-8ca2-f0240043b9eb-140544486217536","study_id":0,"datetime_start":"2026-04-01T01:26:51.018212"}
{"op_code":5,"worker_id":"04c71517-56cd-4b0e-8ca2-f0240043b9eb-140544486217536","trial_id":6,"param_name":"lr","param_value_internal":0.009688448094011554,"distribution":"{\"name\": \"FloatDistribution\", \"attributes\": {\"step\": null, \"low\": 0.0001, \"high\": 0.1, \"log\": true}}"}
{"op_code":5,"worker_id":"04c71517-56cd-4b0e-8ca2-f0240043b9eb-140544486217536","trial_id":6,"param_name":"dropout","param_value_internal":0.36033229348643797,"distribution":"{\"name\": \"FloatDistribution\", \"attributes\": {\"step\": null, \"low\": 0.0, \"high\": 0.5, \"log\": false}}"}
{"op_code":5,"worker_id":"04c71517-56cd-4b0e-8ca2-f0240043b9eb-140544486217536","trial_id":6,"param_name":"layers","param_value_internal":1,"distribution":"{\"name\": \"CategoricalDistribution\", \"attributes\": {\"choices\": [1, 2, 3]}}"}
{"op_code":5,"worker_id":"04c71517-56cd-4b0e-8ca2-f0240043b9eb-140544486217536","trial_id":6,"param_name":"nodes","param_value_internal":1,"distribution":"{\"name\": \"CategoricalDistribution\", \"attributes\": {\"choices\": [16, 32, 64]}}"}
{"op_code":6,"worker_id":"04c71517-56cd-4b0e-8ca2-f0240043b9eb-140544486217536","trial_id":6,"state":1,"values":[0.6229868458229995],"datetime_complete":"2026-04-01T01:26:52.708053"}
{"op_code":4,"worker_id":"04c71517-56cd-4b0e-8ca2-f0240043b9eb-140544486217536","study_id":0,"datetime_start":"2026-04-01T01:26:52.723905"}
{"op_code":5,"worker_id":"04c71517-56cd-4b0e-8ca2-f0240043b9eb-140544486217536","trial_id":7,"param_name":"lr","param_value_internal":0.009061158833239913,"distribution":"{\"name\": \"FloatDistribution\", \"attributes\": {\"step\": null, \"low\": 0.0001, \"high\": 0.1, \"log\": true}}"}
{"op_code":5,"worker_id":"04c71517-56cd-4b0e-8ca2-f0240043b9eb-140544486217536","trial_id":7,"param_name":"dropout","param_value_internal":0.4739906560258767,"distribution":"{\"name\": \"FloatDistribution\", \"attributes\": {\"step\": null, \"low\": 0.0, \"high\": 0.5, \"log\": false}}"}
{"op_code":5,"worker_id":"04c71517-56cd-4b0e-8ca2-f0240043b9eb-140544486217536","trial_id":7,"param_name":"layers","param_value_internal":1,"distribution":"{\"name\": \"CategoricalDistribution\", \"attributes\": {\"choices\": [1, 2, 3]}}"}
{"op_code":5,"worker_id":"04c71517-56cd-4b0e-8ca2-f0240043b9eb-140544486217536","trial_id":7,"param_name":"nodes","param_value_internal":0,"distribution":"{\"name\": \"CategoricalDistribution\", \"attributes\": {\"choices\": [16, 32, 64]}}"}
{"op_code":6,"worker_id":"04c71517-56cd-4b0e-8ca2-f0240043b9eb-140544486217536","trial_id":7,"state":1,"values":[0.6294383574545569],"datetime_complete":"2026-04-01T01:26:54.416316"}
{"op_code":4,"worker_id":"04c71517-56cd-4b0e-8ca2-f0240043b9eb-140544486217536","study_id":0,"datetime_start":"2026-04-01T01:26:54.429024"}
{"op_code":5,"worker_id":"04c71517-56cd-4b0e-8ca2-f0240043b9eb-140544486217536","trial_id":8,"param_name":"lr","param_value_internal":0.08758831294663888,"distribution":"{\"name\": \"FloatDistribution\", \"attributes\": {\"step\": null, \"low\": 0.0001, \"high\": 0.1, \"log\": true}}"}
{"op_code":5,"worker_id":"04c71517-56cd-4b0e-8ca2-f0240043b9eb-140544486217536","trial_id":8,"param_name":"dropout","param_value_internal":0.2508054359893932,"distribution":"{\"name\": \"FloatDistribution\", \"attributes\": {\"step\": null, \"low\": 0.0, \"high\": 0.5, \"log\": false}}"}
{"op_code":5,"worker_id":"04c71517-56cd-4b0e-8ca2-f0240043b9eb-140544486217536","trial_id":8,"param_name":"layers","param_value_internal":2,"distribution":"{\"name\": \"CategoricalDistribution\", \"attributes\": {\"choices\": [1, 2, 3]}}"}
{"op_code":5,"worker_id":"04c71517-56cd-4b0e-8ca2-f0240043b9eb-140544486217536","trial_id":8,"param_name":"nodes","param_value_internal":1,"distribution":"{\"name\": \"CategoricalDistribution\", \"attributes\": {\"choices\": [16, 32, 64]}}"}
{"op_code":6,"worker_id":"04c71517-56cd-4b0e-8ca2-f0240043b9eb-140544486217536","trial_id":8,"state":1,"values":[0.594355319750102],"datetime_complete":"2026-04-01T01:26:56.336714"}
{"op_code":4,"worker_id":"04c71517-56cd-4b0e-8ca2-f0240043b9eb-140544486217536","study_id":0,"datetime_start":"2026-04-01T01:26:56.354646"}
{"op_code":5,"worker_id":"04c71517-56cd-4b0e-8ca2-f0240043b9eb-140544486217536","trial_id":9,"param_name":"lr","param_value_internal":0.0003920442937307916,"distribution":"{\"name\": \"FloatDistribution\", \"attributes\": {\"step\": null, \"low\": 0.0001, \"high\": 0.1, \"log\": true}}"}
{"op_code":5,"worker_id":"04c71517-56cd-4b0e-8ca2-f0240043b9eb-140544486217536","trial_id":9,"param_name":"dropout","param_value_internal":0.44886331948138336,"distribution":"{\"name\": \"FloatDistribution\", \"attributes\": {\"step\": null, \"low\": 0.0, \"high\": 0.5, \"log\": false}}"}
{"op_code":5,"worker_id":"04c71517-56cd-4b0e-8ca2-f0240043b9eb-140544486217536","trial_id":9,"param_name":"layers","param_value_internal":1,"distribution":"{\"name\": \"CategoricalDistribution\", \"attributes\": {\"choices\": [1, 2, 3]}}"}
{"op_code":5,"worker_id":"04c71517-56cd-4b0e-8ca2-f0240043b9eb-140544486217536","trial_id":9,"param_name":"nodes","param_value_internal":1,"distribution":"{\"name\": \"CategoricalDistribution\", \"attributes\": {\"choices\": [16, 32, 64]}}"}
{"op_code":6,"worker_id":"04c71517-56cd-4b0e-8ca2-f0240043b9eb-140544486217536","trial_id":9,"state":1,"values":[0.6397199635827081],"datetime_complete":"2026-04-01T01:26:58.044383"}
{"op_code":4,"worker_id":"04c71517-56cd-4b0e-8ca2-f0240043b9eb-140544486217536","study_id":0,"datetime_start":"2026-04-01T01:26:58.055858"}
{"op_code":5,"worker_id":"04c71517-56cd-4b0e-8ca2-f0240043b9eb-140544486217536","trial_id":10,"param_name":"lr","param_value_internal":0.0013922592826898477,"distribution":"{\"name\": \"FloatDistribution\", \"attributes\": {\"step\": null, \"low\": 0.0001, \"high\": 0.1, \"log\": true}}"}
{"op_code":5,"worker_id":"04c71517-56cd-4b0e-8ca2-f0240043b9eb-140544486217536","trial_id":10,"param_name":"dropout","param_value_internal":0.4874136007426043,"distribution":"{\"name\": \"FloatDistribution\", \"attributes\": {\"step\": null, \"low\": 0.0, \"high\": 0.5, \"log\": false}}"}
{"op_code":5,"worker_id":"04c71517-56cd-4b0e-8ca2-f0240043b9eb-140544486217536","trial_id":10,"param_name":"layers","param_value_internal":0,"distribution":"{\"name\": \"CategoricalDistribution\", \"attributes\": {\"choices\": [1, 2, 3]}}"}
{"op_code":5,"worker_id":"04c71517-56cd-4b0e-8ca2-f0240043b9eb-140544486217536","trial_id":10,"param_name":"nodes","param_value_internal":0,"distribution":"{\"name\": \"CategoricalDistribution\", \"attributes\": {\"choices\": [16, 32, 64]}}"}
{"op_code":6,"worker_id":"04c71517-56cd-4b0e-8ca2-f0240043b9eb-140544486217536","trial_id":10,"state":1,"values":[0.612752331020626],"datetime_complete":"2026-04-01T01:26:59.485332"}
{"op_code":4,"worker_id":"04c71517-56cd-4b0e-8ca2-f0240043b9eb-140544486217536","study_id":0,"datetime_start":"2026-04-01T01:26:59.499508"}
{"op_code":5,"worker_id":"04c71517-56cd-4b0e-8ca2-f0240043b9eb-140544486217536","trial_id":11,"param_name":"lr","param_value_internal":0.000463627831240018,"distribution":"{\"name\": \"FloatDistribution\", \"attributes\": {\"step\": null, \"low\": 0.0001, \"high\": 0.1, \"log\": true}}"}
{"op_code":5,"worker_id":"04c71517-56cd-4b0e-8ca2-f0240043b9eb-140544486217536","trial_id":11,"param_name":"dropout","param_value_internal":0.0731840886386885,"distribution":"{\"name\": \"FloatDistribution\", \"attributes\": {\"step\": null, \"low\": 0.0, \"high\": 0.5, \"log\": false}}"}
{"op_code":5,"worker_id":"04c71517-56cd-4b0e-8ca2-f0240043b9eb-140544486217536","trial_id":11,"param_name":"layers","param_value_internal":1,"distribution":"{\"name\": \"CategoricalDistribution\", \"attributes\": {\"choices\": [1, 2, 3]}}"}
{"op_code":5,"worker_id":"04c71517-56cd-4b0e-8ca2-f0240043b9eb-140544486217536","trial_id":11,"param_name":"nodes","param_value_internal":2,"distribution":"{\"name\": \"CategoricalDistribution\", \"attributes\": {\"choices\": [16, 32, 64]}}"}
{"op_code":6,"worker_id":"04c71517-56cd-4b0e-8ca2-f0240043b9eb-140544486217536","trial_id":11,"state":1,"values":[0.6104291589489216],"datetime_complete":"2026-04-01T01:27:01.209775"}
{"op_code":4,"worker_id":"04c71517-56cd-4b0e-8ca2-f0240043b9eb-140544486217536","study_id":0,"datetime_start":"2026-04-01T01:27:01.223530"}
{"op_code":5,"worker_id":"04c71517-56cd-4b0e-8ca2-f0240043b9eb-140544486217536","trial_id":12,"param_name":"lr","param_value_internal":0.00043302782176218326,"distribution":"{\"name\": \"FloatDistribution\", \"attributes\": {\"step\": null, \"low\": 0.0001, \"high\": 0.1, \"log\": true}}"}
{"op_code":5,"worker_id":"04c71517-56cd-4b0e-8ca2-f0240043b9eb-140544486217536","trial_id":12,"param_name":"dropout","param_value_internal":0.09812804484955451,"distribution":"{\"name\": \"FloatDistribution\", \"attributes\": {\"step\": null, \"low\": 0.0, \"high\": 0.5, \"log\": false}}"}
{"op_code":5,"worker_id":"04c71517-56cd-4b0e-8ca2-f0240043b9eb-140544486217536","trial_id":12,"param_name":"layers","param_value_internal":0,"distribution":"{\"name\": \"CategoricalDistribution\", \"attributes\": {\"choices\": [1, 2, 3]}}"}
{"op_code":5,"worker_id":"04c71517-56cd-4b0e-8ca2-f0240043b9eb-140544486217536","trial_id":12,"param_name":"nodes","param_value_internal":1,"distribution":"{\"name\": \"CategoricalDistribution\", \"attributes\": {\"choices\": [16, 32, 64]}}"}
{"op_code":6,"worker_id":"04c71517-56cd-4b0e-8ca2-f0240043b9eb-140544486217536","trial_id":12,"state":1,"values":[0.5873858035349888],"datetime_complete":"2026-04-01T01:27:02.650508"}
{"op_code":4,"worker_id":"04c71517-56cd-4b0e-8ca2-f0240043b9eb-140544486217536","study_id":0,"datetime_start":"2026-04-01T01:27:02.670194"}
{"op_code":5,"worker_id":"04c71517-56cd-4b0e-8ca2-f0240043b9eb-140544486217536","trial_id":13,"param_name":"lr","param_value_internal":0.00039549027368883236,"distribution":"{\"name\": \"FloatDistribution\", \"attributes\": {\"step\": null, \"low\": 0.0001, \"high\": 0.1, \"log\": true}}"}
{"op_code":5,"worker_id":"04c71517-56cd-4b0e-8ca2-f0240043b9eb-140544486217536","trial_id":13,"param_name":"dropout","param_value_internal":0.3331045493718342,"distribution":"{\"name\": \"FloatDistribution\", \"attributes\": {\"step\": null, \"low\": 0.0, \"high\": 0.5, \"log\": false}}"}
{"op_code":5,"worker_id":"04c71517-56cd-4b0e-8ca2-f0240043b9eb-140544486217536","trial_id":13,"param_name":"layers","param_value_internal":1,"distribution":"{\"name\": \"CategoricalDistribution\", \"attributes\": {\"choices\": [1, 2, 3]}}"}
{"op_code":5,"worker_id":"04c71517-56cd-4b0e-8ca2-f0240043b9eb-140544486217536","trial_id":13,"param_name":"nodes","param_value_internal":2,"distribution":"{\"name\": \"CategoricalDistribution\", \"attributes\": {\"choices\": [16, 32, 64]}}"}
{"op_code":6,"worker_id":"04c71517-56cd-4b0e-8ca2-f0240043b9eb-140544486217536","trial_id":13,"state":1,"values":[0.609832668822403],"datetime_complete":"2026-04-01T01:27:04.368272"}
{"op_code":4,"worker_id":"04c71517-56cd-4b0e-8ca2-f0240043b9eb-140544486217536","study_id":0,"datetime_start":"2026-04-01T01:27:04.390690"}
{"op_code":5,"worker_id":"04c71517-56cd-4b0e-8ca2-f0240043b9eb-140544486217536","trial_id":14,"param_name":"lr","param_value_internal":0.0026723865812638237,"distribution":"{\"name\": \"FloatDistribution\", \"attributes\": {\"step\": null, \"low\": 0.0001, \"high\": 0.1, \"log\": true}}"}
{"op_code":5,"worker_id":"04c71517-56cd-4b0e-8ca2-f0240043b9eb-140544486217536","trial_id":14,"param_name":"dropout","param_value_internal":0.1220725986467036,"distribution":"{\"name\": \"FloatDistribution\", \"attributes\": {\"step\": null, \"low\": 0.0, \"high\": 0.5, \"log\": false}}"}
{"op_code":5,"worker_id":"04c71517-56cd-4b0e-8ca2-f0240043b9eb-140544486217536","trial_id":14,"param_name":"layers","param_value_internal":1,"distribution":"{\"name\": \"CategoricalDistribution\", \"attributes\": {\"choices\": [1, 2, 3]}}"}
{"op_code":5,"worker_id":"04c71517-56cd-4b0e-8ca2-f0240043b9eb-140544486217536","trial_id":14,"param_name":"nodes","param_value_internal":0,"distribution":"{\"name\": \"CategoricalDistribution\", \"attributes\": {\"choices\": [16, 32, 64]}}"}
{"op_code":6,"worker_id":"04c71517-56cd-4b0e-8ca2-f0240043b9eb-140544486217536","trial_id":14,"state":1,"values":[0.6216682887012213],"datetime_complete":"2026-04-01T01:27:06.188938"}
{"op_code":4,"worker_id":"04c71517-56cd-4b0e-8ca2-f0240043b9eb-140544486217536","study_id":0,"datetime_start":"2026-04-01T01:27:06.204200"}
{"op_code":5,"worker_id":"04c71517-56cd-4b0e-8ca2-f0240043b9eb-140544486217536","trial_id":15,"param_name":"lr","param_value_internal":0.00022834472783866229,"distribution":"{\"name\": \"FloatDistribution\", \"attributes\": {\"step\": null, \"low\": 0.0001, \"high\": 0.1, \"log\": true}}"}
{"op_code":5,"worker_id":"04c71517-56cd-4b0e-8ca2-f0240043b9eb-140544486217536","trial_id":15,"param_name":"dropout","param_value_internal":0.290169700747828,"distribution":"{\"name\": \"FloatDistribution\", \"attributes\": {\"step\": null, \"low\": 0.0, \"high\": 0.5, \"log\": false}}"}
{"op_code":5,"worker_id":"04c71517-56cd-4b0e-8ca2-f0240043b9eb-140544486217536","trial_id":15,"param_name":"layers","param_value_internal":1,"distribution":"{\"name\": \"CategoricalDistribution\", \"attributes\": {\"choices\": [1, 2, 3]}}"}
{"op_code":5,"worker_id":"04c71517-56cd-4b0e-8ca2-f0240043b9eb-140544486217536","trial_id":15,"param_name":"nodes","param_value_internal":1,"distribution":"{\"name\": \"CategoricalDistribution\", \"attributes\": {\"choices\": [16, 32, 64]}}"}
{"op_code":6,"worker_id":"04c71517-56cd-4b0e-8ca2-f0240043b9eb-140544486217536","trial_id":15,"state":1,"values":[0.5457570715474209],"datetime_complete":"2026-04-01T01:27:07.892535"}
{"op_code":4,"worker_id":"04c71517-56cd-4b0e-8ca2-f0240043b9eb-140544486217536","study_id":0,"datetime_start":"2026-04-01T01:27:07.905909"}
{"op_code":5,"worker_id":"04c71517-56cd-4b0e-8ca2-f0240043b9eb-140544486217536","trial_id":16,"param_name":"lr","param_value_internal":0.001118696928435377,"distribution":"{\"name\": \"FloatDistribution\", \"attributes\": {\"step\": null, \"low\": 0.0001, \"high\": 0.1, \"log\": true}}"}
{"op_code":5,"worker_id":"04c71517-56cd-4b0e-8ca2-f0240043b9eb-140544486217536","trial_id":16,"param_name":"dropout","param_value_internal":0.42556955727470946,"distribution":"{\"name\": \"FloatDistribution\", \"attributes\": {\"step\": null, \"low\": 0.0, \"high\": 0.5, \"log\": false}}"}
{"op_code":5,"worker_id":"04c71517-56cd-4b0e-8ca2-f0240043b9eb-140544486217536","trial_id":16,"param_name":"layers","param_value_internal":0,"distribution":"{\"name\": \"CategoricalDistribution\", \"attributes\": {\"choices\": [1, 2, 3]}}"}
{"op_code":5,"worker_id":"04c71517-56cd-4b0e-8ca2-f0240043b9eb-140544486217536","trial_id":16,"param_name":"nodes","param_value_internal":2,"distribution":"{\"name\": \"CategoricalDistribution\", \"attributes\": {\"choices\": [16, 32, 64]}}"}
{"op_code":6,"worker_id":"04c71517-56cd-4b0e-8ca2-f0240043b9eb-140544486217536","trial_id":16,"state":1,"values":[0.6280413147898157],"datetime_complete":"2026-04-01T01:27:09.333141"}
{"op_code":4,"worker_id":"04c71517-56cd-4b0e-8ca2-f0240043b9eb-140544486217536","study_id":0,"datetime_start":"2026-04-01T01:27:09.353515"}
{"op_code":5,"worker_id":"04c71517-56cd-4b0e-8ca2-f0240043b9eb-140544486217536","trial_id":17,"param_name":"lr","param_value_internal":0.003075792701910142,"distribution":"{\"name\": \"FloatDistribution\", \"attributes\": {\"step\": null, \"low\": 0.0001, \"high\": 0.1, \"log\": true}}"}
{"op_code":5,"worker_id":"04c71517-56cd-4b0e-8ca2-f0240043b9eb-140544486217536","trial_id":17,"param_name":"dropout","param_value_internal":0.14975213987788177,"distribution":"{\"name\": \"FloatDistribution\", \"attributes\": {\"step\": null, \"low\": 0.0, \"high\": 0.5, \"log\": false}}"}
{"op_code":5,"worker_id":"04c71517-56cd-4b0e-8ca2-f0240043b9eb-140544486217536","trial_id":17,"param_name":"layers","param_value_internal":1,"distribution":"{\"name\": \"CategoricalDistribution\", \"attributes\": {\"choices\": [1, 2, 3]}}"}
{"op_code":5,"worker_id":"04c71517-56cd-4b0e-8ca2-f0240043b9eb-140544486217536","trial_id":17,"param_name":"nodes","param_value_internal":2,"distribution":"{\"name\": \"CategoricalDistribution\", \"attributes\": {\"choices\": [16, 32, 64]}}"}
{"op_code":6,"worker_id":"04c71517-56cd-4b0e-8ca2-f0240043b9eb-140544486217536","trial_id":17,"state":1,"values":[0.6076350736194392],"datetime_complete":"2026-04-01T01:27:11.054984"}
{"op_code":4,"worker_id":"04c71517-56cd-4b0e-8ca2-f0240043b9eb-140544486217536","study_id":0,"datetime_start":"2026-04-01T01:27:11.068549"}
{"op_code":5,"worker_id":"04c71517-56cd-4b0e-8ca2-f0240043b9eb-140544486217536","trial_id":18,"param_name":"lr","param_value_internal":0.0007685478816810989,"distribution":"{\"name\": \"FloatDistribution\", \"attributes\": {\"step\": null, \"low\": 0.0001, \"high\": 0.1, \"log\": true}}"}
{"op_code":5,"worker_id":"04c71517-56cd-4b0e-8ca2-f0240043b9eb-140544486217536","trial_id":18,"param_name":"dropout","param_value_internal":0.03383602934690719,"distribution":"{\"name\": \"FloatDistribution\", \"attributes\": {\"step\": null, \"low\": 0.0, \"high\": 0.5, \"log\": false}}"}
{"op_code":5,"worker_id":"04c71517-56cd-4b0e-8ca2-f0240043b9eb-140544486217536","trial_id":18,"param_name":"layers","param_value_internal":1,"distribution":"{\"name\": \"CategoricalDistribution\", \"attributes\": {\"choices\": [1, 2, 3]}}"}
{"op_code":5,"worker_id":"04c71517-56cd-4b0e-8ca2-f0240043b9eb-140544486217536","trial_id":18,"param_name":"nodes","param_value_internal":1,"distribution":"{\"name\": \"CategoricalDistribution\", \"attributes\": {\"choices\": [16, 32, 64]}}"}
{"op_code":6,"worker_id":"04c71517-56cd-4b0e-8ca2-f0240043b9eb-140544486217536","trial_id":18,"state":1,"values":[0.6018585376573635],"datetime_complete":"2026-04-01T01:27:12.771673"}
{"op_code":4,"worker_id":"04c71517-56cd-4b0e-8ca2-f0240043b9eb-140544486217536","study_id":0,"datetime_start":"2026-04-01T01:27:12.784089"}
{"op_code":5,"worker_id":"04c71517-56cd-4b0e-8ca2-f0240043b9eb-140544486217536","trial_id":19,"param_name":"lr","param_value_internal":0.0002503276254566452,"distribution":"{\"name\": \"FloatDistribution\", \"attributes\": {\"step\": null, \"low\": 0.0001, \"high\": 0.1, \"log\": true}}"}
{"op_code":5,"worker_id":"04c71517-56cd-4b0e-8ca2-f0240043b9eb-140544486217536","trial_id":19,"param_name":"dropout","param_value_internal":0.4272261377220804,"distribution":"{\"name\": \"FloatDistribution\", \"attributes\": {\"step\": null, \"low\": 0.0, \"high\": 0.5, \"log\": false}}"}
{"op_code":5,"worker_id":"04c71517-56cd-4b0e-8ca2-f0240043b9eb-140544486217536","trial_id":19,"param_name":"layers","param_value_internal":0,"distribution":"{\"name\": \"CategoricalDistribution\", \"attributes\": {\"choices\": [1, 2, 3]}}"}
{"op_code":5,"worker_id":"04c71517-56cd-4b0e-8ca2-f0240043b9eb-140544486217536","trial_id":19,"param_name":"nodes","param_value_internal":0,"distribution":"{\"name\": \"CategoricalDistribution\", \"attributes\": {\"choices\": [16, 32, 64]}}"}
{"op_code":6,"worker_id":"04c71517-56cd-4b0e-8ca2-f0240043b9eb-140544486217536","trial_id":19,"state":1,"values":[0.5359306815684551],"datetime_complete":"2026-04-01T01:27:14.207099"}
