{"op_code":0,"worker_id":"28b2b9d3-dea1-48a7-b225-0d5f8635a344-140544486217536","study_name":"tabicl_pchazard","directions":[2]}
{"op_code":4,"worker_id":"28b2b9d3-dea1-48a7-b225-0d5f8635a344-140544486217536","study_id":0,"datetime_start":"2026-04-01T01:23:24.444539"}
{"op_code":5,"worker_id":"28b2b9d3-dea1-48a7-b225-0d5f8635a344-140544486217536","trial_id":0,"param_name":"lr","param_value_internal":0.00563192475719277,"distribution":"{\"name\": \"FloatDistribution\", \"attributes\": {\"step\": null, \"low\": 0.0001, \"high\": 0.1, \"log\": true}}"}
{"op_code":5,"worker_id":"28b2b9d3-dea1-48a7-b225-0d5f8635a344-140544486217536","trial_id":0,"param_name":"dropout","param_value_internal":0.20074376675502997,"distribution":"{\"name\": \"FloatDistribution\", \"attributes\": {\"step\": null, \"low\": 0.0, \"high\": 0.5, \"log\": false}}"}
{"op_code":5,"worker_id":"28b2b9d3-dea1-48a7-b225-0d5f8635a344-140544486217536","trial_id":0,"param_name":"nodes","param_value_internal":0,"distribution":"{\"name\": \"CategoricalDistribution\", \"attributes\": {\"choices\": [\"64-64\", \"128-64\", \"256-128\"]}}"}
{"op_code":6,"worker_id":"28b2b9d3-dea1-48a7-b225-0d5f8635a344-140544486217536","trial_id":0,"state":1,"values":[0.6360449655505862],"datetime_complete":"2026-04-01T01:23:25.908964"}
{"op_code":4,"worker_id":"28b2b9d3-dea1-48a7-b225-0d5f8635a344-140544486217536","study_id":0,"datetime_start":"2026-04-01T01:23:25.927719"}
{"op_code":5,"worker_id":"28b2b9d3-dea1-48a7-b225-0d5f8635a344-140544486217536","trial_id":1,"param_name":"lr","param_value_internal":0.0023756736444141757,"distribution":"{\"name\": \"FloatDistribution\", \"attributes\": {\"step\": null, \"low\": 0.0001, \"high\": 0.1, \"log\": true}}"}
{"op_code":5,"worker_id":"28b2b9d3-dea1-48a7-b225-0d5f8635a344-140544486217536","trial_id":1,"param_name":"dropout","param_value_internal":0.4042315181478001,"distribution":"{\"name\": \"FloatDistribution\", \"attributes\": {\"step\": null, \"low\": 0.0, \"high\": 0.5, \"log\": false}}"}
{"op_code":5,"worker_id":"28b2b9d3-dea1-48a7-b225-0d5f8635a344-140544486217536","trial_id":1,"param_name":"nodes","param_value_internal":0,"distribution":"{\"name\": \"CategoricalDistribution\", \"attributes\": {\"choices\": [\"64-64\", \"128-64\", \"256-128\"]}}"}
{"op_code":6,"worker_id":"28b2b9d3-dea1-48a7-b225-0d5f8635a344-140544486217536","trial_id":1,"state":1,"values":[0.6403964704460292],"datetime_complete":"2026-04-01T01:23:27.465235"}
{"op_code":4,"worker_id":"28b2b9d3-dea1-48a7-b225-0d5f8635a344-140544486217536","study_id":0,"datetime_start":"2026-04-01T01:23:27.485377"}
{"op_code":5,"worker_id":"28b2b9d3-dea1-48a7-b225-0d5f8635a344-140544486217536","trial_id":2,"param_name":"lr","param_value_internal":0.0006518957237937216,"distribution":"{\"name\": \"FloatDistribution\", \"attributes\": {\"step\": null, \"low\": 0.0001, \"high\": 0.1, \"log\": true}}"}
{"op_code":5,"worker_id":"28b2b9d3-dea1-48a7-b225-0d5f8635a344-140544486217536","trial_id":2,"param_name":"dropout","param_value_internal":0.28588112202801524,"distribution":"{\"name\": \"FloatDistribution\", \"attributes\": {\"step\": null, \"low\": 0.0, \"high\": 0.5, \"log\": false}}"}
{"op_code":5,"worker_id":"28b2b9d3-dea1-48a7-b225-0d5f8635a344-140544486217536","trial_id":2,"param_name":"nodes","param_value_internal":2,"distribution":"{\"name\": \"CategoricalDistribution\", \"attributes\": {\"choices\": [\"64-64\", \"128-64\", \"256-128\"]}}"}
{"op_code":6,"worker_id":"28b2b9d3-dea1-48a7-b225-0d5f8635a344-140544486217536","trial_id":2,"state":1,"values":[0.6302127402393327],"datetime_complete":"2026-04-01T01:23:28.951120"}
{"op_code":4,"worker_id":"28b2b9d3-dea1-48a7-b225-0d5f8635a344-140544486217536","study_id":0,"datetime_start":"2026-04-01T01:23:28.963217"}
{"op_code":5,"worker_id":"28b2b9d3-dea1-48a7-b225-0d5f8635a344-140544486217536","trial_id":3,"param_name":"lr","param_value_internal":0.01550067723160466,"distribution":"{\"name\": \"FloatDistribution\", \"attributes\": {\"step\": null, \"low\": 0.0001, \"high\": 0.1, \"log\": true}}"}
{"op_code":5,"worker_id":"28b2b9d3-dea1-48a7-b225-0d5f8635a344-140544486217536","trial_id":3,"param_name":"dropout","param_value_internal":0.0319927370125917,"distribution":"{\"name\": \"FloatDistribution\", \"attributes\": {\"step\": null, \"low\": 0.0, \"high\": 0.5, \"log\": false}}"}
{"op_code":5,"worker_id":"28b2b9d3-dea1-48a7-b225-0d5f8635a344-140544486217536","trial_id":3,"param_name":"nodes","param_value_internal":0,"distribution":"{\"name\": \"CategoricalDistribution\", \"attributes\": {\"choices\": [\"64-64\", \"128-64\", \"256-128\"]}}"}
{"op_code":6,"worker_id":"28b2b9d3-dea1-48a7-b225-0d5f8635a344-140544486217536","trial_id":3,"state":1,"values":[0.6167653813610541],"datetime_complete":"2026-04-01T01:23:30.438048"}
{"op_code":4,"worker_id":"28b2b9d3-dea1-48a7-b225-0d5f8635a344-140544486217536","study_id":0,"datetime_start":"2026-04-01T01:23:30.459345"}
{"op_code":5,"worker_id":"28b2b9d3-dea1-48a7-b225-0d5f8635a344-140544486217536","trial_id":4,"param_name":"lr","param_value_internal":0.0010739872333443486,"distribution":"{\"name\": \"FloatDistribution\", \"attributes\": {\"step\": null, \"low\": 0.0001, \"high\": 0.1, \"log\": true}}"}
{"op_code":5,"worker_id":"28b2b9d3-dea1-48a7-b225-0d5f8635a344-140544486217536","trial_id":4,"param_name":"dropout","param_value_internal":0.481709139003582,"distribution":"{\"name\": \"FloatDistribution\", \"attributes\": {\"step\": null, \"low\": 0.0, \"high\": 0.5, \"log\": false}}"}
{"op_code":5,"worker_id":"28b2b9d3-dea1-48a7-b225-0d5f8635a344-140544486217536","trial_id":4,"param_name":"nodes","param_value_internal":0,"distribution":"{\"name\": \"CategoricalDistribution\", \"attributes\": {\"choices\": [\"64-64\", \"128-64\", \"256-128\"]}}"}
{"op_code":6,"worker_id":"28b2b9d3-dea1-48a7-b225-0d5f8635a344-140544486217536","trial_id":4,"state":1,"values":[0.6408195334219751],"datetime_complete":"2026-04-01T01:23:31.937426"}
{"op_code":4,"worker_id":"28b2b9d3-dea1-48a7-b225-0d5f8635a344-140544486217536","study_id":0,"datetime_start":"2026-04-01T01:23:31.958094"}
{"op_code":5,"worker_id":"28b2b9d3-dea1-48a7-b225-0d5f8635a344-140544486217536","trial_id":5,"param_name":"lr","param_value_internal":0.012037960988011681,"distribution":"{\"name\": \"FloatDistribution\", \"attributes\": {\"step\": null, \"low\": 0.0001, \"high\": 0.1, \"log\": true}}"}
{"op_code":5,"worker_id":"28b2b9d3-dea1-48a7-b225-0d5f8635a344-140544486217536","trial_id":5,"param_name":"dropout","param_value_internal":0.26310239906480853,"distribution":"{\"name\": \"FloatDistribution\", \"attributes\": {\"step\": null, \"low\": 0.0, \"high\": 0.5, \"log\": false}}"}
{"op_code":5,"worker_id":"28b2b9d3-dea1-48a7-b225-0d5f8635a344-140544486217536","trial_id":5,"param_name":"nodes","param_value_internal":2,"distribution":"{\"name\": \"CategoricalDistribution\", \"attributes\": {\"choices\": [\"64-64\", \"128-64\", \"256-128\"]}}"}
{"op_code":6,"worker_id":"28b2b9d3-dea1-48a7-b225-0d5f8635a344-140544486217536","trial_id":5,"state":1,"values":[0.6256194850719207],"datetime_complete":"2026-04-01T01:23:33.419386"}
{"op_code":4,"worker_id":"28b2b9d3-dea1-48a7-b225-0d5f8635a344-140544486217536","study_id":0,"datetime_start":"2026-04-01T01:23:33.431984"}
{"op_code":5,"worker_id":"28b2b9d3-dea1-48a7-b225-0d5f8635a344-140544486217536","trial_id":6,"param_name":"lr","param_value_internal":0.05261319898907551,"distribution":"{\"name\": \"FloatDistribution\", \"attributes\": {\"step\": null, \"low\": 0.0001, \"high\": 0.1, \"log\": true}}"}
{"op_code":5,"worker_id":"28b2b9d3-dea1-48a7-b225-0d5f8635a344-140544486217536","trial_id":6,"param_name":"dropout","param_value_internal":0.4613593659700685,"distribution":"{\"name\": \"FloatDistribution\", \"attributes\": {\"step\": null, \"low\": 0.0, \"high\": 0.5, \"log\": false}}"}
{"op_code":5,"worker_id":"28b2b9d3-dea1-48a7-b225-0d5f8635a344-140544486217536","trial_id":6,"param_name":"nodes","param_value_internal":1,"distribution":"{\"name\": \"CategoricalDistribution\", \"attributes\": {\"choices\": [\"64-64\", \"128-64\", \"256-128\"]}}"}
{"op_code":6,"worker_id":"28b2b9d3-dea1-48a7-b225-0d5f8635a344-140544486217536","trial_id":6,"state":1,"values":[0.6413936903179016],"datetime_complete":"2026-04-01T01:23:34.893980"}
{"op_code":4,"worker_id":"28b2b9d3-dea1-48a7-b225-0d5f8635a344-140544486217536","study_id":0,"datetime_start":"2026-04-01T01:23:34.907524"}
{"op_code":5,"worker_id":"28b2b9d3-dea1-48a7-b225-0d5f8635a344-140544486217536","trial_id":7,"param_name":"lr","param_value_internal":0.0018165510297877712,"distribution":"{\"name\": \"FloatDistribution\", \"attributes\": {\"step\": null, \"low\": 0.0001, \"high\": 0.1, \"log\": true}}"}
{"op_code":5,"worker_id":"28b2b9d3-dea1-48a7-b225-0d5f8635a344-140544486217536","trial_id":7,"param_name":"dropout","param_value_internal":0.2288954939376312,"distribution":"{\"name\": \"FloatDistribution\", \"attributes\": {\"step\": null, \"low\": 0.0, \"high\": 0.5, \"log\": false}}"}
{"op_code":5,"worker_id":"28b2b9d3-dea1-48a7-b225-0d5f8635a344-140544486217536","trial_id":7,"param_name":"nodes","param_value_internal":0,"distribution":"{\"name\": \"CategoricalDistribution\", \"attributes\": {\"choices\": [\"64-64\", \"128-64\", \"256-128\"]}}"}
{"op_code":6,"worker_id":"28b2b9d3-dea1-48a7-b225-0d5f8635a344-140544486217536","trial_id":7,"state":1,"values":[0.6291853015834643],"datetime_complete":"2026-04-01T01:23:36.378187"}
{"op_code":4,"worker_id":"28b2b9d3-dea1-48a7-b225-0d5f8635a344-140544486217536","study_id":0,"datetime_start":"2026-04-01T01:23:36.402269"}
{"op_code":5,"worker_id":"28b2b9d3-dea1-48a7-b225-0d5f8635a344-140544486217536","trial_id":8,"param_name":"lr","param_value_internal":0.0007207084423439938,"distribution":"{\"name\": \"FloatDistribution\", \"attributes\": {\"step\": null, \"low\": 0.0001, \"high\": 0.1, \"log\": true}}"}
{"op_code":5,"worker_id":"28b2b9d3-dea1-48a7-b225-0d5f8635a344-140544486217536","trial_id":8,"param_name":"dropout","param_value_internal":0.0025587721890859005,"distribution":"{\"name\": \"FloatDistribution\", \"attributes\": {\"step\": null, \"low\": 0.0, \"high\": 0.5, \"log\": false}}"}
{"op_code":5,"worker_id":"28b2b9d3-dea1-48a7-b225-0d5f8635a344-140544486217536","trial_id":8,"param_name":"nodes","param_value_internal":2,"distribution":"{\"name\": \"CategoricalDistribution\", \"attributes\": {\"choices\": [\"64-64\", \"128-64\", \"256-128\"]}}"}
{"op_code":6,"worker_id":"28b2b9d3-dea1-48a7-b225-0d5f8635a344-140544486217536","trial_id":8,"state":1,"values":[0.600507675571135],"datetime_complete":"2026-04-01T01:23:37.870336"}
{"op_code":4,"worker_id":"28b2b9d3-dea1-48a7-b225-0d5f8635a344-140544486217536","study_id":0,"datetime_start":"2026-04-01T01:23:37.881043"}
{"op_code":5,"worker_id":"28b2b9d3-dea1-48a7-b225-0d5f8635a344-140544486217536","trial_id":9,"param_name":"lr","param_value_internal":0.060906143095210974,"distribution":"{\"name\": \"FloatDistribution\", \"attributes\": {\"step\": null, \"low\": 0.0001, \"high\": 0.1, \"log\": true}}"}
{"op_code":5,"worker_id":"28b2b9d3-dea1-48a7-b225-0d5f8635a344-140544486217536","trial_id":9,"param_name":"dropout","param_value_internal":0.05568066538898636,"distribution":"{\"name\": \"FloatDistribution\", \"attributes\": {\"step\": null, \"low\": 0.0, \"high\": 0.5, \"log\": false}}"}
{"op_code":5,"worker_id":"28b2b9d3-dea1-48a7-b225-0d5f8635a344-140544486217536","trial_id":9,"param_name":"nodes","param_value_internal":1,"distribution":"{\"name\": \"CategoricalDistribution\", \"attributes\": {\"choices\": [\"64-64\", \"128-64\", \"256-128\"]}}"}
{"op_code":6,"worker_id":"28b2b9d3-dea1-48a7-b225-0d5f8635a344-140544486217536","trial_id":9,"state":1,"values":[0.6354103710866674],"datetime_complete":"2026-04-01T01:23:39.358574"}
{"op_code":4,"worker_id":"28b2b9d3-dea1-48a7-b225-0d5f8635a344-140544486217536","study_id":0,"datetime_start":"2026-04-01T01:23:39.378991"}
{"op_code":5,"worker_id":"28b2b9d3-dea1-48a7-b225-0d5f8635a344-140544486217536","trial_id":10,"param_name":"lr","param_value_internal":0.07054799358514813,"distribution":"{\"name\": \"FloatDistribution\", \"attributes\": {\"step\": null, \"low\": 0.0001, \"high\": 0.1, \"log\": true}}"}
{"op_code":5,"worker_id":"28b2b9d3-dea1-48a7-b225-0d5f8635a344-140544486217536","trial_id":10,"param_name":"dropout","param_value_internal":0.37053290965549446,"distribution":"{\"name\": \"FloatDistribution\", \"attributes\": {\"step\": null, \"low\": 0.0, \"high\": 0.5, \"log\": false}}"}
{"op_code":5,"worker_id":"28b2b9d3-dea1-48a7-b225-0d5f8635a344-140544486217536","trial_id":10,"param_name":"nodes","param_value_internal":1,"distribution":"{\"name\": \"CategoricalDistribution\", \"attributes\": {\"choices\": [\"64-64\", \"128-64\", \"256-128\"]}}"}
{"op_code":6,"worker_id":"28b2b9d3-dea1-48a7-b225-0d5f8635a344-140544486217536","trial_id":10,"state":1,"values":[0.6395503444941375],"datetime_complete":"2026-04-01T01:23:40.851008"}
{"op_code":4,"worker_id":"28b2b9d3-dea1-48a7-b225-0d5f8635a344-140544486217536","study_id":0,"datetime_start":"2026-04-01T01:23:40.877419"}
{"op_code":5,"worker_id":"28b2b9d3-dea1-48a7-b225-0d5f8635a344-140544486217536","trial_id":11,"param_name":"lr","param_value_internal":0.00015099750494350204,"distribution":"{\"name\": \"FloatDistribution\", \"attributes\": {\"step\": null, \"low\": 0.0001, \"high\": 0.1, \"log\": true}}"}
{"op_code":5,"worker_id":"28b2b9d3-dea1-48a7-b225-0d5f8635a344-140544486217536","trial_id":11,"param_name":"dropout","param_value_internal":0.4979323340198947,"distribution":"{\"name\": \"FloatDistribution\", \"attributes\": {\"step\": null, \"low\": 0.0, \"high\": 0.5, \"log\": false}}"}
{"op_code":5,"worker_id":"28b2b9d3-dea1-48a7-b225-0d5f8635a344-140544486217536","trial_id":11,"param_name":"nodes","param_value_internal":1,"distribution":"{\"name\": \"CategoricalDistribution\", \"attributes\": {\"choices\": [\"64-64\", \"128-64\", \"256-128\"]}}"}
{"op_code":6,"worker_id":"28b2b9d3-dea1-48a7-b225-0d5f8635a344-140544486217536","trial_id":11,"state":1,"values":[0.6351384020307023],"datetime_complete":"2026-04-01T01:23:42.347850"}
{"op_code":4,"worker_id":"28b2b9d3-dea1-48a7-b225-0d5f8635a344-140544486217536","study_id":0,"datetime_start":"2026-04-01T01:23:42.368420"}
{"op_code":5,"worker_id":"28b2b9d3-dea1-48a7-b225-0d5f8635a344-140544486217536","trial_id":12,"param_name":"lr","param_value_internal":0.00016484265864912795,"distribution":"{\"name\": \"FloatDistribution\", \"attributes\": {\"step\": null, \"low\": 0.0001, \"high\": 0.1, \"log\": true}}"}
{"op_code":5,"worker_id":"28b2b9d3-dea1-48a7-b225-0d5f8635a344-140544486217536","trial_id":12,"param_name":"dropout","param_value_internal":0.4905655763132518,"distribution":"{\"name\": \"FloatDistribution\", \"attributes\": {\"step\": null, \"low\": 0.0, \"high\": 0.5, \"log\": false}}"}
{"op_code":5,"worker_id":"28b2b9d3-dea1-48a7-b225-0d5f8635a344-140544486217536","trial_id":12,"param_name":"nodes","param_value_internal":1,"distribution":"{\"name\": \"CategoricalDistribution\", \"attributes\": {\"choices\": [\"64-64\", \"128-64\", \"256-128\"]}}"}
{"op_code":6,"worker_id":"28b2b9d3-dea1-48a7-b225-0d5f8635a344-140544486217536","trial_id":12,"state":1,"values":[0.638945968814215],"datetime_complete":"2026-04-01T01:23:43.862212"}
{"op_code":4,"worker_id":"28b2b9d3-dea1-48a7-b225-0d5f8635a344-140544486217536","study_id":0,"datetime_start":"2026-04-01T01:23:43.894296"}
{"op_code":5,"worker_id":"28b2b9d3-dea1-48a7-b225-0d5f8635a344-140544486217536","trial_id":13,"param_name":"lr","param_value_internal":0.02378948780152558,"distribution":"{\"name\": \"FloatDistribution\", \"attributes\": {\"step\": null, \"low\": 0.0001, \"high\": 0.1, \"log\": true}}"}
{"op_code":5,"worker_id":"28b2b9d3-dea1-48a7-b225-0d5f8635a344-140544486217536","trial_id":13,"param_name":"dropout","param_value_internal":0.4017145134530995,"distribution":"{\"name\": \"FloatDistribution\", \"attributes\": {\"step\": null, \"low\": 0.0, \"high\": 0.5, \"log\": false}}"}
{"op_code":5,"worker_id":"28b2b9d3-dea1-48a7-b225-0d5f8635a344-140544486217536","trial_id":13,"param_name":"nodes","param_value_internal":0,"distribution":"{\"name\": \"CategoricalDistribution\", \"attributes\": {\"choices\": [\"64-64\", \"128-64\", \"256-128\"]}}"}
{"op_code":6,"worker_id":"28b2b9d3-dea1-48a7-b225-0d5f8635a344-140544486217536","trial_id":13,"state":1,"values":[0.635531246222652],"datetime_complete":"2026-04-01T01:23:45.368498"}
{"op_code":4,"worker_id":"28b2b9d3-dea1-48a7-b225-0d5f8635a344-140544486217536","study_id":0,"datetime_start":"2026-04-01T01:23:45.385843"}
{"op_code":5,"worker_id":"28b2b9d3-dea1-48a7-b225-0d5f8635a344-140544486217536","trial_id":14,"param_name":"lr","param_value_internal":0.0007917415986129575,"distribution":"{\"name\": \"FloatDistribution\", \"attributes\": {\"step\": null, \"low\": 0.0001, \"high\": 0.1, \"log\": true}}"}
{"op_code":5,"worker_id":"28b2b9d3-dea1-48a7-b225-0d5f8635a344-140544486217536","trial_id":14,"param_name":"dropout","param_value_internal":0.34454664194495616,"distribution":"{\"name\": \"FloatDistribution\", \"attributes\": {\"step\": null, \"low\": 0.0, \"high\": 0.5, \"log\": false}}"}
{"op_code":5,"worker_id":"28b2b9d3-dea1-48a7-b225-0d5f8635a344-140544486217536","trial_id":14,"param_name":"nodes","param_value_internal":1,"distribution":"{\"name\": \"CategoricalDistribution\", \"attributes\": {\"choices\": [\"64-64\", \"128-64\", \"256-128\"]}}"}
{"op_code":6,"worker_id":"28b2b9d3-dea1-48a7-b225-0d5f8635a344-140544486217536","trial_id":14,"state":1,"values":[0.6390970627341955],"datetime_complete":"2026-04-01T01:23:46.864338"}
{"op_code":4,"worker_id":"28b2b9d3-dea1-48a7-b225-0d5f8635a344-140544486217536","study_id":0,"datetime_start":"2026-04-01T01:23:46.879760"}
{"op_code":5,"worker_id":"28b2b9d3-dea1-48a7-b225-0d5f8635a344-140544486217536","trial_id":15,"param_name":"lr","param_value_internal":0.006269281095441497,"distribution":"{\"name\": \"FloatDistribution\", \"attributes\": {\"step\": null, \"low\": 0.0001, \"high\": 0.1, \"log\": true}}"}
{"op_code":5,"worker_id":"28b2b9d3-dea1-48a7-b225-0d5f8635a344-140544486217536","trial_id":15,"param_name":"dropout","param_value_internal":0.4475223152965409,"distribution":"{\"name\": \"FloatDistribution\", \"attributes\": {\"step\": null, \"low\": 0.0, \"high\": 0.5, \"log\": false}}"}
{"op_code":5,"worker_id":"28b2b9d3-dea1-48a7-b225-0d5f8635a344-140544486217536","trial_id":15,"param_name":"nodes","param_value_internal":0,"distribution":"{\"name\": \"CategoricalDistribution\", \"attributes\": {\"choices\": [\"64-64\", \"128-64\", \"256-128\"]}}"}
{"op_code":6,"worker_id":"28b2b9d3-dea1-48a7-b225-0d5f8635a344-140544486217536","trial_id":15,"state":1,"values":[0.6294572706394295],"datetime_complete":"2026-04-01T01:23:48.349379"}
{"op_code":4,"worker_id":"28b2b9d3-dea1-48a7-b225-0d5f8635a344-140544486217536","study_id":0,"datetime_start":"2026-04-01T01:23:48.361403"}
{"op_code":5,"worker_id":"28b2b9d3-dea1-48a7-b225-0d5f8635a344-140544486217536","trial_id":16,"param_name":"lr","param_value_internal":0.0003840908024165243,"distribution":"{\"name\": \"FloatDistribution\", \"attributes\": {\"step\": null, \"low\": 0.0001, \"high\": 0.1, \"log\": true}}"}
{"op_code":5,"worker_id":"28b2b9d3-dea1-48a7-b225-0d5f8635a344-140544486217536","trial_id":16,"param_name":"dropout","param_value_internal":0.12273498860679358,"distribution":"{\"name\": \"FloatDistribution\", \"attributes\": {\"step\": null, \"low\": 0.0, \"high\": 0.5, \"log\": false}}"}
{"op_code":5,"worker_id":"28b2b9d3-dea1-48a7-b225-0d5f8635a344-140544486217536","trial_id":16,"param_name":"nodes","param_value_internal":1,"distribution":"{\"name\": \"CategoricalDistribution\", \"attributes\": {\"choices\": [\"64-64\", \"128-64\", \"256-128\"]}}"}
{"op_code":6,"worker_id":"28b2b9d3-dea1-48a7-b225-0d5f8635a344-140544486217536","trial_id":16,"state":1,"values":[0.623625045328176],"datetime_complete":"2026-04-01T01:23:49.841232"}
{"op_code":4,"worker_id":"28b2b9d3-dea1-48a7-b225-0d5f8635a344-140544486217536","study_id":0,"datetime_start":"2026-04-01T01:23:49.872296"}
{"op_code":5,"worker_id":"28b2b9d3-dea1-48a7-b225-0d5f8635a344-140544486217536","trial_id":17,"param_name":"lr","param_value_internal":0.0016133135690416997,"distribution":"{\"name\": \"FloatDistribution\", \"attributes\": {\"step\": null, \"low\": 0.0001, \"high\": 0.1, \"log\": true}}"}
{"op_code":5,"worker_id":"28b2b9d3-dea1-48a7-b225-0d5f8635a344-140544486217536","trial_id":17,"param_name":"dropout","param_value_internal":0.32676208914862437,"distribution":"{\"name\": \"FloatDistribution\", \"attributes\": {\"step\": null, \"low\": 0.0, \"high\": 0.5, \"log\": false}}"}
{"op_code":5,"worker_id":"28b2b9d3-dea1-48a7-b225-0d5f8635a344-140544486217536","trial_id":17,"param_name":"nodes","param_value_internal":0,"distribution":"{\"name\": \"CategoricalDistribution\", \"attributes\": {\"choices\": [\"64-64\", \"128-64\", \"256-128\"]}}"}
{"op_code":6,"worker_id":"28b2b9d3-dea1-48a7-b225-0d5f8635a344-140544486217536","trial_id":17,"state":1,"values":[0.6350175268947178],"datetime_complete":"2026-04-01T01:23:51.340810"}
{"op_code":4,"worker_id":"28b2b9d3-dea1-48a7-b225-0d5f8635a344-140544486217536","study_id":0,"datetime_start":"2026-04-01T01:23:51.361271"}
{"op_code":5,"worker_id":"28b2b9d3-dea1-48a7-b225-0d5f8635a344-140544486217536","trial_id":18,"param_name":"lr","param_value_internal":0.036933959844583,"distribution":"{\"name\": \"FloatDistribution\", \"attributes\": {\"step\": null, \"low\": 0.0001, \"high\": 0.1, \"log\": true}}"}
{"op_code":5,"worker_id":"28b2b9d3-dea1-48a7-b225-0d5f8635a344-140544486217536","trial_id":18,"param_name":"dropout","param_value_internal":0.44229624818057717,"distribution":"{\"name\": \"FloatDistribution\", \"attributes\": {\"step\": null, \"low\": 0.0, \"high\": 0.5, \"log\": false}}"}
{"op_code":5,"worker_id":"28b2b9d3-dea1-48a7-b225-0d5f8635a344-140544486217536","trial_id":18,"param_name":"nodes","param_value_internal":1,"distribution":"{\"name\": \"CategoricalDistribution\", \"attributes\": {\"choices\": [\"64-64\", \"128-64\", \"256-128\"]}}"}
{"op_code":6,"worker_id":"28b2b9d3-dea1-48a7-b225-0d5f8635a344-140544486217536","trial_id":18,"state":1,"values":[0.6361054031185785],"datetime_complete":"2026-04-01T01:23:52.842961"}
{"op_code":4,"worker_id":"28b2b9d3-dea1-48a7-b225-0d5f8635a344-140544486217536","study_id":0,"datetime_start":"2026-04-01T01:23:52.864746"}
{"op_code":5,"worker_id":"28b2b9d3-dea1-48a7-b225-0d5f8635a344-140544486217536","trial_id":19,"param_name":"lr","param_value_internal":0.005772709402930852,"distribution":"{\"name\": \"FloatDistribution\", \"attributes\": {\"step\": null, \"low\": 0.0001, \"high\": 0.1, \"log\": true}}"}
{"op_code":5,"worker_id":"28b2b9d3-dea1-48a7-b225-0d5f8635a344-140544486217536","trial_id":19,"param_name":"dropout","param_value_internal":0.45117039266682557,"distribution":"{\"name\": \"FloatDistribution\", \"attributes\": {\"step\": null, \"low\": 0.0, \"high\": 0.5, \"log\": false}}"}
{"op_code":5,"worker_id":"28b2b9d3-dea1-48a7-b225-0d5f8635a344-140544486217536","trial_id":19,"param_name":"nodes","param_value_internal":2,"distribution":"{\"name\": \"CategoricalDistribution\", \"attributes\": {\"choices\": [\"64-64\", \"128-64\", \"256-128\"]}}"}
{"op_code":6,"worker_id":"28b2b9d3-dea1-48a7-b225-0d5f8635a344-140544486217536","trial_id":19,"state":1,"values":[0.6278556750876345],"datetime_complete":"2026-04-01T01:23:54.332322"}
