{"op_code":0,"worker_id":"affe7f30-dd48-4657-ad80-121f3e3483da-140544486217536","study_name":"tabicl_mtlr","directions":[2]}
{"op_code":4,"worker_id":"affe7f30-dd48-4657-ad80-121f3e3483da-140544486217536","study_id":0,"datetime_start":"2026-04-01T03:38:56.294214"}
{"op_code":5,"worker_id":"affe7f30-dd48-4657-ad80-121f3e3483da-140544486217536","trial_id":0,"param_name":"lr","param_value_internal":0.0008554562303548296,"distribution":"{\"name\": \"FloatDistribution\", \"attributes\": {\"step\": null, \"low\": 0.0001, \"high\": 0.1, \"log\": true}}"}
{"op_code":5,"worker_id":"affe7f30-dd48-4657-ad80-121f3e3483da-140544486217536","trial_id":0,"param_name":"dropout","param_value_internal":0.15120665777615033,"distribution":"{\"name\": \"FloatDistribution\", \"attributes\": {\"step\": null, \"low\": 0.0, \"high\": 0.5, \"log\": false}}"}
{"op_code":5,"worker_id":"affe7f30-dd48-4657-ad80-121f3e3483da-140544486217536","trial_id":0,"param_name":"nodes","param_value_internal":2,"distribution":"{\"name\": \"CategoricalDistribution\", \"attributes\": {\"choices\": [\"64-64\", \"128-64\", \"256-128\"]}}"}
{"op_code":6,"worker_id":"affe7f30-dd48-4657-ad80-121f3e3483da-140544486217536","trial_id":0,"state":1,"values":[0.6860986547085202],"datetime_complete":"2026-04-01T03:38:56.472411"}
{"op_code":4,"worker_id":"affe7f30-dd48-4657-ad80-121f3e3483da-140544486217536","study_id":0,"datetime_start":"2026-04-01T03:38:56.482619"}
{"op_code":5,"worker_id":"affe7f30-dd48-4657-ad80-121f3e3483da-140544486217536","trial_id":1,"param_name":"lr","param_value_internal":0.0019364139723704998,"distribution":"{\"name\": \"FloatDistribution\", \"attributes\": {\"step\": null, \"low\": 0.0001, \"high\": 0.1, \"log\": true}}"}
{"op_code":5,"worker_id":"affe7f30-dd48-4657-ad80-121f3e3483da-140544486217536","trial_id":1,"param_name":"dropout","param_value_internal":0.4311418376407024,"distribution":"{\"name\": \"FloatDistribution\", \"attributes\": {\"step\": null, \"low\": 0.0, \"high\": 0.5, \"log\": false}}"}
{"op_code":5,"worker_id":"affe7f30-dd48-4657-ad80-121f3e3483da-140544486217536","trial_id":1,"param_name":"nodes","param_value_internal":2,"distribution":"{\"name\": \"CategoricalDistribution\", \"attributes\": {\"choices\": [\"64-64\", \"128-64\", \"256-128\"]}}"}
{"op_code":6,"worker_id":"affe7f30-dd48-4657-ad80-121f3e3483da-140544486217536","trial_id":1,"state":1,"values":[0.6322869955156951],"datetime_complete":"2026-04-01T03:38:56.658250"}
{"op_code":4,"worker_id":"affe7f30-dd48-4657-ad80-121f3e3483da-140544486217536","study_id":0,"datetime_start":"2026-04-01T03:38:56.668594"}
{"op_code":5,"worker_id":"affe7f30-dd48-4657-ad80-121f3e3483da-140544486217536","trial_id":2,"param_name":"lr","param_value_internal":0.007674616514905479,"distribution":"{\"name\": \"FloatDistribution\", \"attributes\": {\"step\": null, \"low\": 0.0001, \"high\": 0.1, \"log\": true}}"}
{"op_code":5,"worker_id":"affe7f30-dd48-4657-ad80-121f3e3483da-140544486217536","trial_id":2,"param_name":"dropout","param_value_internal":0.1596674925520567,"distribution":"{\"name\": \"FloatDistribution\", \"attributes\": {\"step\": null, \"low\": 0.0, \"high\": 0.5, \"log\": false}}"}
{"op_code":5,"worker_id":"affe7f30-dd48-4657-ad80-121f3e3483da-140544486217536","trial_id":2,"param_name":"nodes","param_value_internal":1,"distribution":"{\"name\": \"CategoricalDistribution\", \"attributes\": {\"choices\": [\"64-64\", \"128-64\", \"256-128\"]}}"}
{"op_code":6,"worker_id":"affe7f30-dd48-4657-ad80-121f3e3483da-140544486217536","trial_id":2,"state":1,"values":[0.695067264573991],"datetime_complete":"2026-04-01T03:38:56.845712"}
{"op_code":4,"worker_id":"affe7f30-dd48-4657-ad80-121f3e3483da-140544486217536","study_id":0,"datetime_start":"2026-04-01T03:38:56.855330"}
{"op_code":5,"worker_id":"affe7f30-dd48-4657-ad80-121f3e3483da-140544486217536","trial_id":3,"param_name":"lr","param_value_internal":0.02355102414916482,"distribution":"{\"name\": \"FloatDistribution\", \"attributes\": {\"step\": null, \"low\": 0.0001, \"high\": 0.1, \"log\": true}}"}
{"op_code":5,"worker_id":"affe7f30-dd48-4657-ad80-121f3e3483da-140544486217536","trial_id":3,"param_name":"dropout","param_value_internal":0.3543552510025379,"distribution":"{\"name\": \"FloatDistribution\", \"attributes\": {\"step\": null, \"low\": 0.0, \"high\": 0.5, \"log\": false}}"}
{"op_code":5,"worker_id":"affe7f30-dd48-4657-ad80-121f3e3483da-140544486217536","trial_id":3,"param_name":"nodes","param_value_internal":2,"distribution":"{\"name\": \"CategoricalDistribution\", \"attributes\": {\"choices\": [\"64-64\", \"128-64\", \"256-128\"]}}"}
{"op_code":6,"worker_id":"affe7f30-dd48-4657-ad80-121f3e3483da-140544486217536","trial_id":3,"state":1,"values":[0.5515695067264574],"datetime_complete":"2026-04-01T03:38:57.032354"}
{"op_code":4,"worker_id":"affe7f30-dd48-4657-ad80-121f3e3483da-140544486217536","study_id":0,"datetime_start":"2026-04-01T03:38:57.042826"}
{"op_code":5,"worker_id":"affe7f30-dd48-4657-ad80-121f3e3483da-140544486217536","trial_id":4,"param_name":"lr","param_value_internal":0.016893220389208197,"distribution":"{\"name\": \"FloatDistribution\", \"attributes\": {\"step\": null, \"low\": 0.0001, \"high\": 0.1, \"log\": true}}"}
{"op_code":5,"worker_id":"affe7f30-dd48-4657-ad80-121f3e3483da-140544486217536","trial_id":4,"param_name":"dropout","param_value_internal":0.052178308494808034,"distribution":"{\"name\": \"FloatDistribution\", \"attributes\": {\"step\": null, \"low\": 0.0, \"high\": 0.5, \"log\": false}}"}
{"op_code":5,"worker_id":"affe7f30-dd48-4657-ad80-121f3e3483da-140544486217536","trial_id":4,"param_name":"nodes","param_value_internal":2,"distribution":"{\"name\": \"CategoricalDistribution\", \"attributes\": {\"choices\": [\"64-64\", \"128-64\", \"256-128\"]}}"}
{"op_code":6,"worker_id":"affe7f30-dd48-4657-ad80-121f3e3483da-140544486217536","trial_id":4,"state":1,"values":[0.7130044843049327],"datetime_complete":"2026-04-01T03:38:57.218887"}
{"op_code":4,"worker_id":"affe7f30-dd48-4657-ad80-121f3e3483da-140544486217536","study_id":0,"datetime_start":"2026-04-01T03:38:57.228786"}
{"op_code":5,"worker_id":"affe7f30-dd48-4657-ad80-121f3e3483da-140544486217536","trial_id":5,"param_name":"lr","param_value_internal":0.0006902050924734187,"distribution":"{\"name\": \"FloatDistribution\", \"attributes\": {\"step\": null, \"low\": 0.0001, \"high\": 0.1, \"log\": true}}"}
{"op_code":5,"worker_id":"affe7f30-dd48-4657-ad80-121f3e3483da-140544486217536","trial_id":5,"param_name":"dropout","param_value_internal":0.0039013767834379376,"distribution":"{\"name\": \"FloatDistribution\", \"attributes\": {\"step\": null, \"low\": 0.0, \"high\": 0.5, \"log\": false}}"}
{"op_code":5,"worker_id":"affe7f30-dd48-4657-ad80-121f3e3483da-140544486217536","trial_id":5,"param_name":"nodes","param_value_internal":1,"distribution":"{\"name\": \"CategoricalDistribution\", \"attributes\": {\"choices\": [\"64-64\", \"128-64\", \"256-128\"]}}"}
{"op_code":6,"worker_id":"affe7f30-dd48-4657-ad80-121f3e3483da-140544486217536","trial_id":5,"state":1,"values":[0.6681614349775785],"datetime_complete":"2026-04-01T03:38:57.404491"}
{"op_code":4,"worker_id":"affe7f30-dd48-4657-ad80-121f3e3483da-140544486217536","study_id":0,"datetime_start":"2026-04-01T03:38:57.414410"}
{"op_code":5,"worker_id":"affe7f30-dd48-4657-ad80-121f3e3483da-140544486217536","trial_id":6,"param_name":"lr","param_value_internal":0.00932056016606536,"distribution":"{\"name\": \"FloatDistribution\", \"attributes\": {\"step\": null, \"low\": 0.0001, \"high\": 0.1, \"log\": true}}"}
{"op_code":5,"worker_id":"affe7f30-dd48-4657-ad80-121f3e3483da-140544486217536","trial_id":6,"param_name":"dropout","param_value_internal":0.44801820294337097,"distribution":"{\"name\": \"FloatDistribution\", \"attributes\": {\"step\": null, \"low\": 0.0, \"high\": 0.5, \"log\": false}}"}
{"op_code":5,"worker_id":"affe7f30-dd48-4657-ad80-121f3e3483da-140544486217536","trial_id":6,"param_name":"nodes","param_value_internal":1,"distribution":"{\"name\": \"CategoricalDistribution\", \"attributes\": {\"choices\": [\"64-64\", \"128-64\", \"256-128\"]}}"}
{"op_code":6,"worker_id":"affe7f30-dd48-4657-ad80-121f3e3483da-140544486217536","trial_id":6,"state":1,"values":[0.5874439461883408],"datetime_complete":"2026-04-01T03:38:57.590772"}
{"op_code":4,"worker_id":"affe7f30-dd48-4657-ad80-121f3e3483da-140544486217536","study_id":0,"datetime_start":"2026-04-01T03:38:57.599880"}
{"op_code":5,"worker_id":"affe7f30-dd48-4657-ad80-121f3e3483da-140544486217536","trial_id":7,"param_name":"lr","param_value_internal":0.061260570452284606,"distribution":"{\"name\": \"FloatDistribution\", \"attributes\": {\"step\": null, \"low\": 0.0001, \"high\": 0.1, \"log\": true}}"}
{"op_code":5,"worker_id":"affe7f30-dd48-4657-ad80-121f3e3483da-140544486217536","trial_id":7,"param_name":"dropout","param_value_internal":0.3666846053993963,"distribution":"{\"name\": \"FloatDistribution\", \"attributes\": {\"step\": null, \"low\": 0.0, \"high\": 0.5, \"log\": false}}"}
{"op_code":5,"worker_id":"affe7f30-dd48-4657-ad80-121f3e3483da-140544486217536","trial_id":7,"param_name":"nodes","param_value_internal":0,"distribution":"{\"name\": \"CategoricalDistribution\", \"attributes\": {\"choices\": [\"64-64\", \"128-64\", \"256-128\"]}}"}
{"op_code":6,"worker_id":"affe7f30-dd48-4657-ad80-121f3e3483da-140544486217536","trial_id":7,"state":1,"values":[0.5515695067264574],"datetime_complete":"2026-04-01T03:38:57.774824"}
{"op_code":4,"worker_id":"affe7f30-dd48-4657-ad80-121f3e3483da-140544486217536","study_id":0,"datetime_start":"2026-04-01T03:38:57.785039"}
{"op_code":5,"worker_id":"affe7f30-dd48-4657-ad80-121f3e3483da-140544486217536","trial_id":8,"param_name":"lr","param_value_internal":0.059595599033384426,"distribution":"{\"name\": \"FloatDistribution\", \"attributes\": {\"step\": null, \"low\": 0.0001, \"high\": 0.1, \"log\": true}}"}
{"op_code":5,"worker_id":"affe7f30-dd48-4657-ad80-121f3e3483da-140544486217536","trial_id":8,"param_name":"dropout","param_value_internal":0.432847394548103,"distribution":"{\"name\": \"FloatDistribution\", \"attributes\": {\"step\": null, \"low\": 0.0, \"high\": 0.5, \"log\": false}}"}
{"op_code":5,"worker_id":"affe7f30-dd48-4657-ad80-121f3e3483da-140544486217536","trial_id":8,"param_name":"nodes","param_value_internal":2,"distribution":"{\"name\": \"CategoricalDistribution\", \"attributes\": {\"choices\": [\"64-64\", \"128-64\", \"256-128\"]}}"}
{"op_code":6,"worker_id":"affe7f30-dd48-4657-ad80-121f3e3483da-140544486217536","trial_id":8,"state":1,"values":[0.57847533632287],"datetime_complete":"2026-04-01T03:38:57.961715"}
{"op_code":4,"worker_id":"affe7f30-dd48-4657-ad80-121f3e3483da-140544486217536","study_id":0,"datetime_start":"2026-04-01T03:38:57.971631"}
{"op_code":5,"worker_id":"affe7f30-dd48-4657-ad80-121f3e3483da-140544486217536","trial_id":9,"param_name":"lr","param_value_internal":0.003976721131387882,"distribution":"{\"name\": \"FloatDistribution\", \"attributes\": {\"step\": null, \"low\": 0.0001, \"high\": 0.1, \"log\": true}}"}
{"op_code":5,"worker_id":"affe7f30-dd48-4657-ad80-121f3e3483da-140544486217536","trial_id":9,"param_name":"dropout","param_value_internal":0.3675153150757062,"distribution":"{\"name\": \"FloatDistribution\", \"attributes\": {\"step\": null, \"low\": 0.0, \"high\": 0.5, \"log\": false}}"}
{"op_code":5,"worker_id":"affe7f30-dd48-4657-ad80-121f3e3483da-140544486217536","trial_id":9,"param_name":"nodes","param_value_internal":2,"distribution":"{\"name\": \"CategoricalDistribution\", \"attributes\": {\"choices\": [\"64-64\", \"128-64\", \"256-128\"]}}"}
{"op_code":6,"worker_id":"affe7f30-dd48-4657-ad80-121f3e3483da-140544486217536","trial_id":9,"state":1,"values":[0.6681614349775785],"datetime_complete":"2026-04-01T03:38:58.147766"}
{"op_code":4,"worker_id":"affe7f30-dd48-4657-ad80-121f3e3483da-140544486217536","study_id":0,"datetime_start":"2026-04-01T03:38:58.158039"}
{"op_code":5,"worker_id":"affe7f30-dd48-4657-ad80-121f3e3483da-140544486217536","trial_id":10,"param_name":"lr","param_value_internal":0.00033802934636241086,"distribution":"{\"name\": \"FloatDistribution\", \"attributes\": {\"step\": null, \"low\": 0.0001, \"high\": 0.1, \"log\": true}}"}
{"op_code":5,"worker_id":"affe7f30-dd48-4657-ad80-121f3e3483da-140544486217536","trial_id":10,"param_name":"dropout","param_value_internal":0.009579353075372166,"distribution":"{\"name\": \"FloatDistribution\", \"attributes\": {\"step\": null, \"low\": 0.0, \"high\": 0.5, \"log\": false}}"}
{"op_code":5,"worker_id":"affe7f30-dd48-4657-ad80-121f3e3483da-140544486217536","trial_id":10,"param_name":"nodes","param_value_internal":0,"distribution":"{\"name\": \"CategoricalDistribution\", \"attributes\": {\"choices\": [\"64-64\", \"128-64\", \"256-128\"]}}"}
{"op_code":6,"worker_id":"affe7f30-dd48-4657-ad80-121f3e3483da-140544486217536","trial_id":10,"state":1,"values":[0.6143497757847534],"datetime_complete":"2026-04-01T03:38:58.337629"}
{"op_code":4,"worker_id":"affe7f30-dd48-4657-ad80-121f3e3483da-140544486217536","study_id":0,"datetime_start":"2026-04-01T03:38:58.345483"}
{"op_code":5,"worker_id":"affe7f30-dd48-4657-ad80-121f3e3483da-140544486217536","trial_id":11,"param_name":"lr","param_value_internal":0.007950814560378943,"distribution":"{\"name\": \"FloatDistribution\", \"attributes\": {\"step\": null, \"low\": 0.0001, \"high\": 0.1, \"log\": true}}"}
{"op_code":5,"worker_id":"affe7f30-dd48-4657-ad80-121f3e3483da-140544486217536","trial_id":11,"param_name":"dropout","param_value_internal":0.14417801139122416,"distribution":"{\"name\": \"FloatDistribution\", \"attributes\": {\"step\": null, \"low\": 0.0, \"high\": 0.5, \"log\": false}}"}
{"op_code":5,"worker_id":"affe7f30-dd48-4657-ad80-121f3e3483da-140544486217536","trial_id":11,"param_name":"nodes","param_value_internal":1,"distribution":"{\"name\": \"CategoricalDistribution\", \"attributes\": {\"choices\": [\"64-64\", \"128-64\", \"256-128\"]}}"}
{"op_code":6,"worker_id":"affe7f30-dd48-4657-ad80-121f3e3483da-140544486217536","trial_id":11,"state":1,"values":[0.6457399103139013],"datetime_complete":"2026-04-01T03:38:58.525950"}
{"op_code":4,"worker_id":"affe7f30-dd48-4657-ad80-121f3e3483da-140544486217536","study_id":0,"datetime_start":"2026-04-01T03:38:58.534670"}
{"op_code":5,"worker_id":"affe7f30-dd48-4657-ad80-121f3e3483da-140544486217536","trial_id":12,"param_name":"lr","param_value_internal":0.017519469874651018,"distribution":"{\"name\": \"FloatDistribution\", \"attributes\": {\"step\": null, \"low\": 0.0001, \"high\": 0.1, \"log\": true}}"}
{"op_code":5,"worker_id":"affe7f30-dd48-4657-ad80-121f3e3483da-140544486217536","trial_id":12,"param_name":"dropout","param_value_internal":0.12528183123616332,"distribution":"{\"name\": \"FloatDistribution\", \"attributes\": {\"step\": null, \"low\": 0.0, \"high\": 0.5, \"log\": false}}"}
{"op_code":5,"worker_id":"affe7f30-dd48-4657-ad80-121f3e3483da-140544486217536","trial_id":12,"param_name":"nodes","param_value_internal":1,"distribution":"{\"name\": \"CategoricalDistribution\", \"attributes\": {\"choices\": [\"64-64\", \"128-64\", \"256-128\"]}}"}
{"op_code":6,"worker_id":"affe7f30-dd48-4657-ad80-121f3e3483da-140544486217536","trial_id":12,"state":1,"values":[0.6367713004484304],"datetime_complete":"2026-04-01T03:38:58.715948"}
{"op_code":4,"worker_id":"affe7f30-dd48-4657-ad80-121f3e3483da-140544486217536","study_id":0,"datetime_start":"2026-04-01T03:38:58.724673"}
{"op_code":5,"worker_id":"affe7f30-dd48-4657-ad80-121f3e3483da-140544486217536","trial_id":13,"param_name":"lr","param_value_internal":0.00012026114652077356,"distribution":"{\"name\": \"FloatDistribution\", \"attributes\": {\"step\": null, \"low\": 0.0001, \"high\": 0.1, \"log\": true}}"}
{"op_code":5,"worker_id":"affe7f30-dd48-4657-ad80-121f3e3483da-140544486217536","trial_id":13,"param_name":"dropout","param_value_internal":0.21945594453066294,"distribution":"{\"name\": \"FloatDistribution\", \"attributes\": {\"step\": null, \"low\": 0.0, \"high\": 0.5, \"log\": false}}"}
{"op_code":5,"worker_id":"affe7f30-dd48-4657-ad80-121f3e3483da-140544486217536","trial_id":13,"param_name":"nodes","param_value_internal":1,"distribution":"{\"name\": \"CategoricalDistribution\", \"attributes\": {\"choices\": [\"64-64\", \"128-64\", \"256-128\"]}}"}
{"op_code":6,"worker_id":"affe7f30-dd48-4657-ad80-121f3e3483da-140544486217536","trial_id":13,"state":1,"values":[0.5695067264573991],"datetime_complete":"2026-04-01T03:38:58.905576"}
{"op_code":4,"worker_id":"affe7f30-dd48-4657-ad80-121f3e3483da-140544486217536","study_id":0,"datetime_start":"2026-04-01T03:38:58.915505"}
{"op_code":5,"worker_id":"affe7f30-dd48-4657-ad80-121f3e3483da-140544486217536","trial_id":14,"param_name":"lr","param_value_internal":0.02868231347061619,"distribution":"{\"name\": \"FloatDistribution\", \"attributes\": {\"step\": null, \"low\": 0.0001, \"high\": 0.1, \"log\": true}}"}
{"op_code":5,"worker_id":"affe7f30-dd48-4657-ad80-121f3e3483da-140544486217536","trial_id":14,"param_name":"dropout","param_value_internal":0.07838774124424236,"distribution":"{\"name\": \"FloatDistribution\", \"attributes\": {\"step\": null, \"low\": 0.0, \"high\": 0.5, \"log\": false}}"}
{"op_code":5,"worker_id":"affe7f30-dd48-4657-ad80-121f3e3483da-140544486217536","trial_id":14,"param_name":"nodes","param_value_internal":0,"distribution":"{\"name\": \"CategoricalDistribution\", \"attributes\": {\"choices\": [\"64-64\", \"128-64\", \"256-128\"]}}"}
{"op_code":6,"worker_id":"affe7f30-dd48-4657-ad80-121f3e3483da-140544486217536","trial_id":14,"state":1,"values":[0.57847533632287],"datetime_complete":"2026-04-01T03:38:59.093474"}
{"op_code":4,"worker_id":"affe7f30-dd48-4657-ad80-121f3e3483da-140544486217536","study_id":0,"datetime_start":"2026-04-01T03:38:59.102284"}
{"op_code":5,"worker_id":"affe7f30-dd48-4657-ad80-121f3e3483da-140544486217536","trial_id":15,"param_name":"lr","param_value_internal":0.005307380725028747,"distribution":"{\"name\": \"FloatDistribution\", \"attributes\": {\"step\": null, \"low\": 0.0001, \"high\": 0.1, \"log\": true}}"}
{"op_code":5,"worker_id":"affe7f30-dd48-4657-ad80-121f3e3483da-140544486217536","trial_id":15,"param_name":"dropout","param_value_internal":0.21216082175050072,"distribution":"{\"name\": \"FloatDistribution\", \"attributes\": {\"step\": null, \"low\": 0.0, \"high\": 0.5, \"log\": false}}"}
{"op_code":5,"worker_id":"affe7f30-dd48-4657-ad80-121f3e3483da-140544486217536","trial_id":15,"param_name":"nodes","param_value_internal":2,"distribution":"{\"name\": \"CategoricalDistribution\", \"attributes\": {\"choices\": [\"64-64\", \"128-64\", \"256-128\"]}}"}
{"op_code":6,"worker_id":"affe7f30-dd48-4657-ad80-121f3e3483da-140544486217536","trial_id":15,"state":1,"values":[0.672645739910314],"datetime_complete":"2026-04-01T03:38:59.281695"}
{"op_code":4,"worker_id":"affe7f30-dd48-4657-ad80-121f3e3483da-140544486217536","study_id":0,"datetime_start":"2026-04-01T03:38:59.292288"}
{"op_code":5,"worker_id":"affe7f30-dd48-4657-ad80-121f3e3483da-140544486217536","trial_id":16,"param_name":"lr","param_value_internal":0.001995672262194156,"distribution":"{\"name\": \"FloatDistribution\", \"attributes\": {\"step\": null, \"low\": 0.0001, \"high\": 0.1, \"log\": true}}"}
{"op_code":5,"worker_id":"affe7f30-dd48-4657-ad80-121f3e3483da-140544486217536","trial_id":16,"param_name":"dropout","param_value_internal":0.07311197982748213,"distribution":"{\"name\": \"FloatDistribution\", \"attributes\": {\"step\": null, \"low\": 0.0, \"high\": 0.5, \"log\": false}}"}
{"op_code":5,"worker_id":"affe7f30-dd48-4657-ad80-121f3e3483da-140544486217536","trial_id":16,"param_name":"nodes","param_value_internal":1,"distribution":"{\"name\": \"CategoricalDistribution\", \"attributes\": {\"choices\": [\"64-64\", \"128-64\", \"256-128\"]}}"}
{"op_code":6,"worker_id":"affe7f30-dd48-4657-ad80-121f3e3483da-140544486217536","trial_id":16,"state":1,"values":[0.6098654708520179],"datetime_complete":"2026-04-01T03:38:59.470779"}
{"op_code":4,"worker_id":"affe7f30-dd48-4657-ad80-121f3e3483da-140544486217536","study_id":0,"datetime_start":"2026-04-01T03:38:59.480903"}
{"op_code":5,"worker_id":"affe7f30-dd48-4657-ad80-121f3e3483da-140544486217536","trial_id":17,"param_name":"lr","param_value_internal":0.013241261447052241,"distribution":"{\"name\": \"FloatDistribution\", \"attributes\": {\"step\": null, \"low\": 0.0001, \"high\": 0.1, \"log\": true}}"}
{"op_code":5,"worker_id":"affe7f30-dd48-4657-ad80-121f3e3483da-140544486217536","trial_id":17,"param_name":"dropout","param_value_internal":0.2924570038640006,"distribution":"{\"name\": \"FloatDistribution\", \"attributes\": {\"step\": null, \"low\": 0.0, \"high\": 0.5, \"log\": false}}"}
{"op_code":5,"worker_id":"affe7f30-dd48-4657-ad80-121f3e3483da-140544486217536","trial_id":17,"param_name":"nodes","param_value_internal":2,"distribution":"{\"name\": \"CategoricalDistribution\", \"attributes\": {\"choices\": [\"64-64\", \"128-64\", \"256-128\"]}}"}
{"op_code":6,"worker_id":"affe7f30-dd48-4657-ad80-121f3e3483da-140544486217536","trial_id":17,"state":1,"values":[0.600896860986547],"datetime_complete":"2026-04-01T03:38:59.660249"}
{"op_code":4,"worker_id":"affe7f30-dd48-4657-ad80-121f3e3483da-140544486217536","study_id":0,"datetime_start":"2026-04-01T03:38:59.671640"}
{"op_code":5,"worker_id":"affe7f30-dd48-4657-ad80-121f3e3483da-140544486217536","trial_id":18,"param_name":"lr","param_value_internal":0.0024080815891404836,"distribution":"{\"name\": \"FloatDistribution\", \"attributes\": {\"step\": null, \"low\": 0.0001, \"high\": 0.1, \"log\": true}}"}
{"op_code":5,"worker_id":"affe7f30-dd48-4657-ad80-121f3e3483da-140544486217536","trial_id":18,"param_name":"dropout","param_value_internal":0.05980560538528744,"distribution":"{\"name\": \"FloatDistribution\", \"attributes\": {\"step\": null, \"low\": 0.0, \"high\": 0.5, \"log\": false}}"}
{"op_code":5,"worker_id":"affe7f30-dd48-4657-ad80-121f3e3483da-140544486217536","trial_id":18,"param_name":"nodes","param_value_internal":1,"distribution":"{\"name\": \"CategoricalDistribution\", \"attributes\": {\"choices\": [\"64-64\", \"128-64\", \"256-128\"]}}"}
{"op_code":6,"worker_id":"affe7f30-dd48-4657-ad80-121f3e3483da-140544486217536","trial_id":18,"state":1,"values":[0.6322869955156951],"datetime_complete":"2026-04-01T03:38:59.851354"}
{"op_code":4,"worker_id":"affe7f30-dd48-4657-ad80-121f3e3483da-140544486217536","study_id":0,"datetime_start":"2026-04-01T03:38:59.860560"}
{"op_code":5,"worker_id":"affe7f30-dd48-4657-ad80-121f3e3483da-140544486217536","trial_id":19,"param_name":"lr","param_value_internal":0.036675159464477164,"distribution":"{\"name\": \"FloatDistribution\", \"attributes\": {\"step\": null, \"low\": 0.0001, \"high\": 0.1, \"log\": true}}"}
{"op_code":5,"worker_id":"affe7f30-dd48-4657-ad80-121f3e3483da-140544486217536","trial_id":19,"param_name":"dropout","param_value_internal":0.27114675251508746,"distribution":"{\"name\": \"FloatDistribution\", \"attributes\": {\"step\": null, \"low\": 0.0, \"high\": 0.5, \"log\": false}}"}
{"op_code":5,"worker_id":"affe7f30-dd48-4657-ad80-121f3e3483da-140544486217536","trial_id":19,"param_name":"nodes","param_value_internal":0,"distribution":"{\"name\": \"CategoricalDistribution\", \"attributes\": {\"choices\": [\"64-64\", \"128-64\", \"256-128\"]}}"}
{"op_code":6,"worker_id":"affe7f30-dd48-4657-ad80-121f3e3483da-140544486217536","trial_id":19,"state":1,"values":[0.5515695067264574],"datetime_complete":"2026-04-01T03:39:00.040710"}
