{"op_code":0,"worker_id":"45f14126-c7a2-487c-b01a-b52f7e8e9385-139697814206272","study_name":"rsf_tuning","directions":[2]}
{"op_code":4,"worker_id":"45f14126-c7a2-487c-b01a-b52f7e8e9385-139697814206272","study_id":0,"datetime_start":"2026-04-05T22:18:19.055399"}
{"op_code":5,"worker_id":"45f14126-c7a2-487c-b01a-b52f7e8e9385-139697814206272","trial_id":0,"param_name":"n_estimators","param_value_internal":184.0,"distribution":"{\"name\": \"IntDistribution\", \"attributes\": {\"log\": false, \"step\": 1, \"low\": 50, \"high\": 200}}"}
{"op_code":5,"worker_id":"45f14126-c7a2-487c-b01a-b52f7e8e9385-139697814206272","trial_id":0,"param_name":"min_samples_split","param_value_internal":16.0,"distribution":"{\"name\": \"IntDistribution\", \"attributes\": {\"log\": false, \"step\": 1, \"low\": 5, \"high\": 20}}"}
{"op_code":5,"worker_id":"45f14126-c7a2-487c-b01a-b52f7e8e9385-139697814206272","trial_id":0,"param_name":"min_samples_leaf","param_value_internal":11.0,"distribution":"{\"name\": \"IntDistribution\", \"attributes\": {\"log\": false, \"step\": 1, \"low\": 5, \"high\": 20}}"}
{"op_code":6,"worker_id":"45f14126-c7a2-487c-b01a-b52f7e8e9385-139697814206272","trial_id":0,"state":1,"values":[0.5565635005336179],"datetime_complete":"2026-04-05T22:18:19.305486"}
{"op_code":4,"worker_id":"45f14126-c7a2-487c-b01a-b52f7e8e9385-139697814206272","study_id":0,"datetime_start":"2026-04-05T22:18:19.329288"}
{"op_code":5,"worker_id":"45f14126-c7a2-487c-b01a-b52f7e8e9385-139697814206272","trial_id":1,"param_name":"n_estimators","param_value_internal":147.0,"distribution":"{\"name\": \"IntDistribution\", \"attributes\": {\"log\": false, \"step\": 1, \"low\": 50, \"high\": 200}}"}
{"op_code":5,"worker_id":"45f14126-c7a2-487c-b01a-b52f7e8e9385-139697814206272","trial_id":1,"param_name":"min_samples_split","param_value_internal":15.0,"distribution":"{\"name\": \"IntDistribution\", \"attributes\": {\"log\": false, \"step\": 1, \"low\": 5, \"high\": 20}}"}
{"op_code":5,"worker_id":"45f14126-c7a2-487c-b01a-b52f7e8e9385-139697814206272","trial_id":1,"param_name":"min_samples_leaf","param_value_internal":14.0,"distribution":"{\"name\": \"IntDistribution\", \"attributes\": {\"log\": false, \"step\": 1, \"low\": 5, \"high\": 20}}"}
{"op_code":6,"worker_id":"45f14126-c7a2-487c-b01a-b52f7e8e9385-139697814206272","trial_id":1,"state":1,"values":[0.5469583778014941],"datetime_complete":"2026-04-05T22:18:19.556683"}
{"op_code":4,"worker_id":"45f14126-c7a2-487c-b01a-b52f7e8e9385-139697814206272","study_id":0,"datetime_start":"2026-04-05T22:18:19.580030"}
{"op_code":5,"worker_id":"45f14126-c7a2-487c-b01a-b52f7e8e9385-139697814206272","trial_id":2,"param_name":"n_estimators","param_value_internal":158.0,"distribution":"{\"name\": \"IntDistribution\", \"attributes\": {\"log\": false, \"step\": 1, \"low\": 50, \"high\": 200}}"}
{"op_code":5,"worker_id":"45f14126-c7a2-487c-b01a-b52f7e8e9385-139697814206272","trial_id":2,"param_name":"min_samples_split","param_value_internal":8.0,"distribution":"{\"name\": \"IntDistribution\", \"attributes\": {\"log\": false, \"step\": 1, \"low\": 5, \"high\": 20}}"}
{"op_code":5,"worker_id":"45f14126-c7a2-487c-b01a-b52f7e8e9385-139697814206272","trial_id":2,"param_name":"min_samples_leaf","param_value_internal":11.0,"distribution":"{\"name\": \"IntDistribution\", \"attributes\": {\"log\": false, \"step\": 1, \"low\": 5, \"high\": 20}}"}
{"op_code":6,"worker_id":"45f14126-c7a2-487c-b01a-b52f7e8e9385-139697814206272","trial_id":2,"state":1,"values":[0.5544290288153682],"datetime_complete":"2026-04-05T22:18:19.819585"}
{"op_code":4,"worker_id":"45f14126-c7a2-487c-b01a-b52f7e8e9385-139697814206272","study_id":0,"datetime_start":"2026-04-05T22:18:19.845892"}
{"op_code":5,"worker_id":"45f14126-c7a2-487c-b01a-b52f7e8e9385-139697814206272","trial_id":3,"param_name":"n_estimators","param_value_internal":127.0,"distribution":"{\"name\": \"IntDistribution\", \"attributes\": {\"log\": false, \"step\": 1, \"low\": 50, \"high\": 200}}"}
{"op_code":5,"worker_id":"45f14126-c7a2-487c-b01a-b52f7e8e9385-139697814206272","trial_id":3,"param_name":"min_samples_split","param_value_internal":11.0,"distribution":"{\"name\": \"IntDistribution\", \"attributes\": {\"log\": false, \"step\": 1, \"low\": 5, \"high\": 20}}"}
{"op_code":5,"worker_id":"45f14126-c7a2-487c-b01a-b52f7e8e9385-139697814206272","trial_id":3,"param_name":"min_samples_leaf","param_value_internal":17.0,"distribution":"{\"name\": \"IntDistribution\", \"attributes\": {\"log\": false, \"step\": 1, \"low\": 5, \"high\": 20}}"}
{"op_code":6,"worker_id":"45f14126-c7a2-487c-b01a-b52f7e8e9385-139697814206272","trial_id":3,"state":1,"values":[0.5170757737459979],"datetime_complete":"2026-04-05T22:18:20.070429"}
{"op_code":4,"worker_id":"45f14126-c7a2-487c-b01a-b52f7e8e9385-139697814206272","study_id":0,"datetime_start":"2026-04-05T22:18:20.086311"}
{"op_code":5,"worker_id":"45f14126-c7a2-487c-b01a-b52f7e8e9385-139697814206272","trial_id":4,"param_name":"n_estimators","param_value_internal":68.0,"distribution":"{\"name\": \"IntDistribution\", \"attributes\": {\"log\": false, \"step\": 1, \"low\": 50, \"high\": 200}}"}
{"op_code":5,"worker_id":"45f14126-c7a2-487c-b01a-b52f7e8e9385-139697814206272","trial_id":4,"param_name":"min_samples_split","param_value_internal":14.0,"distribution":"{\"name\": \"IntDistribution\", \"attributes\": {\"log\": false, \"step\": 1, \"low\": 5, \"high\": 20}}"}
{"op_code":5,"worker_id":"45f14126-c7a2-487c-b01a-b52f7e8e9385-139697814206272","trial_id":4,"param_name":"min_samples_leaf","param_value_internal":16.0,"distribution":"{\"name\": \"IntDistribution\", \"attributes\": {\"log\": false, \"step\": 1, \"low\": 5, \"high\": 20}}"}
{"op_code":6,"worker_id":"45f14126-c7a2-487c-b01a-b52f7e8e9385-139697814206272","trial_id":4,"state":1,"values":[0.5250800426894343],"datetime_complete":"2026-04-05T22:18:20.197275"}
{"op_code":4,"worker_id":"45f14126-c7a2-487c-b01a-b52f7e8e9385-139697814206272","study_id":0,"datetime_start":"2026-04-05T22:18:20.214000"}
{"op_code":5,"worker_id":"45f14126-c7a2-487c-b01a-b52f7e8e9385-139697814206272","trial_id":5,"param_name":"n_estimators","param_value_internal":87.0,"distribution":"{\"name\": \"IntDistribution\", \"attributes\": {\"log\": false, \"step\": 1, \"low\": 50, \"high\": 200}}"}
{"op_code":5,"worker_id":"45f14126-c7a2-487c-b01a-b52f7e8e9385-139697814206272","trial_id":5,"param_name":"min_samples_split","param_value_internal":13.0,"distribution":"{\"name\": \"IntDistribution\", \"attributes\": {\"log\": false, \"step\": 1, \"low\": 5, \"high\": 20}}"}
{"op_code":5,"worker_id":"45f14126-c7a2-487c-b01a-b52f7e8e9385-139697814206272","trial_id":5,"param_name":"min_samples_leaf","param_value_internal":15.0,"distribution":"{\"name\": \"IntDistribution\", \"attributes\": {\"log\": false, \"step\": 1, \"low\": 5, \"high\": 20}}"}
{"op_code":6,"worker_id":"45f14126-c7a2-487c-b01a-b52f7e8e9385-139697814206272","trial_id":5,"state":1,"values":[0.5272145144076841],"datetime_complete":"2026-04-05T22:18:20.354386"}
{"op_code":4,"worker_id":"45f14126-c7a2-487c-b01a-b52f7e8e9385-139697814206272","study_id":0,"datetime_start":"2026-04-05T22:18:20.367811"}
{"op_code":5,"worker_id":"45f14126-c7a2-487c-b01a-b52f7e8e9385-139697814206272","trial_id":6,"param_name":"n_estimators","param_value_internal":167.0,"distribution":"{\"name\": \"IntDistribution\", \"attributes\": {\"log\": false, \"step\": 1, \"low\": 50, \"high\": 200}}"}
{"op_code":5,"worker_id":"45f14126-c7a2-487c-b01a-b52f7e8e9385-139697814206272","trial_id":6,"param_name":"min_samples_split","param_value_internal":8.0,"distribution":"{\"name\": \"IntDistribution\", \"attributes\": {\"log\": false, \"step\": 1, \"low\": 5, \"high\": 20}}"}
{"op_code":5,"worker_id":"45f14126-c7a2-487c-b01a-b52f7e8e9385-139697814206272","trial_id":6,"param_name":"min_samples_leaf","param_value_internal":5.0,"distribution":"{\"name\": \"IntDistribution\", \"attributes\": {\"log\": false, \"step\": 1, \"low\": 5, \"high\": 20}}"}
{"op_code":6,"worker_id":"45f14126-c7a2-487c-b01a-b52f7e8e9385-139697814206272","trial_id":6,"state":1,"values":[0.548025613660619],"datetime_complete":"2026-04-05T22:18:20.592448"}
{"op_code":4,"worker_id":"45f14126-c7a2-487c-b01a-b52f7e8e9385-139697814206272","study_id":0,"datetime_start":"2026-04-05T22:18:20.608185"}
{"op_code":5,"worker_id":"45f14126-c7a2-487c-b01a-b52f7e8e9385-139697814206272","trial_id":7,"param_name":"n_estimators","param_value_internal":90.0,"distribution":"{\"name\": \"IntDistribution\", \"attributes\": {\"log\": false, \"step\": 1, \"low\": 50, \"high\": 200}}"}
{"op_code":5,"worker_id":"45f14126-c7a2-487c-b01a-b52f7e8e9385-139697814206272","trial_id":7,"param_name":"min_samples_split","param_value_internal":17.0,"distribution":"{\"name\": \"IntDistribution\", \"attributes\": {\"log\": false, \"step\": 1, \"low\": 5, \"high\": 20}}"}
{"op_code":5,"worker_id":"45f14126-c7a2-487c-b01a-b52f7e8e9385-139697814206272","trial_id":7,"param_name":"min_samples_leaf","param_value_internal":17.0,"distribution":"{\"name\": \"IntDistribution\", \"attributes\": {\"log\": false, \"step\": 1, \"low\": 5, \"high\": 20}}"}
{"op_code":6,"worker_id":"45f14126-c7a2-487c-b01a-b52f7e8e9385-139697814206272","trial_id":7,"state":1,"values":[0.5224119530416222],"datetime_complete":"2026-04-05T22:18:20.766294"}
{"op_code":4,"worker_id":"45f14126-c7a2-487c-b01a-b52f7e8e9385-139697814206272","study_id":0,"datetime_start":"2026-04-05T22:18:20.783735"}
{"op_code":5,"worker_id":"45f14126-c7a2-487c-b01a-b52f7e8e9385-139697814206272","trial_id":8,"param_name":"n_estimators","param_value_internal":173.0,"distribution":"{\"name\": \"IntDistribution\", \"attributes\": {\"log\": false, \"step\": 1, \"low\": 50, \"high\": 200}}"}
{"op_code":5,"worker_id":"45f14126-c7a2-487c-b01a-b52f7e8e9385-139697814206272","trial_id":8,"param_name":"min_samples_split","param_value_internal":7.0,"distribution":"{\"name\": \"IntDistribution\", \"attributes\": {\"log\": false, \"step\": 1, \"low\": 5, \"high\": 20}}"}
{"op_code":5,"worker_id":"45f14126-c7a2-487c-b01a-b52f7e8e9385-139697814206272","trial_id":8,"param_name":"min_samples_leaf","param_value_internal":6.0,"distribution":"{\"name\": \"IntDistribution\", \"attributes\": {\"log\": false, \"step\": 1, \"low\": 5, \"high\": 20}}"}
{"op_code":6,"worker_id":"45f14126-c7a2-487c-b01a-b52f7e8e9385-139697814206272","trial_id":8,"state":1,"values":[0.5464247598719317],"datetime_complete":"2026-04-05T22:18:21.034459"}
{"op_code":4,"worker_id":"45f14126-c7a2-487c-b01a-b52f7e8e9385-139697814206272","study_id":0,"datetime_start":"2026-04-05T22:18:21.053168"}
{"op_code":5,"worker_id":"45f14126-c7a2-487c-b01a-b52f7e8e9385-139697814206272","trial_id":9,"param_name":"n_estimators","param_value_internal":187.0,"distribution":"{\"name\": \"IntDistribution\", \"attributes\": {\"log\": false, \"step\": 1, \"low\": 50, \"high\": 200}}"}
{"op_code":5,"worker_id":"45f14126-c7a2-487c-b01a-b52f7e8e9385-139697814206272","trial_id":9,"param_name":"min_samples_split","param_value_internal":16.0,"distribution":"{\"name\": \"IntDistribution\", \"attributes\": {\"log\": false, \"step\": 1, \"low\": 5, \"high\": 20}}"}
{"op_code":5,"worker_id":"45f14126-c7a2-487c-b01a-b52f7e8e9385-139697814206272","trial_id":9,"param_name":"min_samples_leaf","param_value_internal":8.0,"distribution":"{\"name\": \"IntDistribution\", \"attributes\": {\"log\": false, \"step\": 1, \"low\": 5, \"high\": 20}}"}
{"op_code":6,"worker_id":"45f14126-c7a2-487c-b01a-b52f7e8e9385-139697814206272","trial_id":9,"state":1,"values":[0.5469583778014941],"datetime_complete":"2026-04-05T22:18:21.336227"}
{"op_code":4,"worker_id":"45f14126-c7a2-487c-b01a-b52f7e8e9385-139697814206272","study_id":0,"datetime_start":"2026-04-05T22:18:21.355797"}
{"op_code":5,"worker_id":"45f14126-c7a2-487c-b01a-b52f7e8e9385-139697814206272","trial_id":10,"param_name":"n_estimators","param_value_internal":127.0,"distribution":"{\"name\": \"IntDistribution\", \"attributes\": {\"log\": false, \"step\": 1, \"low\": 50, \"high\": 200}}"}
{"op_code":5,"worker_id":"45f14126-c7a2-487c-b01a-b52f7e8e9385-139697814206272","trial_id":10,"param_name":"min_samples_split","param_value_internal":20.0,"distribution":"{\"name\": \"IntDistribution\", \"attributes\": {\"log\": false, \"step\": 1, \"low\": 5, \"high\": 20}}"}
{"op_code":5,"worker_id":"45f14126-c7a2-487c-b01a-b52f7e8e9385-139697814206272","trial_id":10,"param_name":"min_samples_leaf","param_value_internal":20.0,"distribution":"{\"name\": \"IntDistribution\", \"attributes\": {\"log\": false, \"step\": 1, \"low\": 5, \"high\": 20}}"}
{"op_code":6,"worker_id":"45f14126-c7a2-487c-b01a-b52f7e8e9385-139697814206272","trial_id":10,"state":1,"values":[0.5448239060832444],"datetime_complete":"2026-04-05T22:18:21.573686"}
{"op_code":4,"worker_id":"45f14126-c7a2-487c-b01a-b52f7e8e9385-139697814206272","study_id":0,"datetime_start":"2026-04-05T22:18:21.595863"}
{"op_code":5,"worker_id":"45f14126-c7a2-487c-b01a-b52f7e8e9385-139697814206272","trial_id":11,"param_name":"n_estimators","param_value_internal":199.0,"distribution":"{\"name\": \"IntDistribution\", \"attributes\": {\"log\": false, \"step\": 1, \"low\": 50, \"high\": 200}}"}
{"op_code":5,"worker_id":"45f14126-c7a2-487c-b01a-b52f7e8e9385-139697814206272","trial_id":11,"param_name":"min_samples_split","param_value_internal":5.0,"distribution":"{\"name\": \"IntDistribution\", \"attributes\": {\"log\": false, \"step\": 1, \"low\": 5, \"high\": 20}}"}
{"op_code":5,"worker_id":"45f14126-c7a2-487c-b01a-b52f7e8e9385-139697814206272","trial_id":11,"param_name":"min_samples_leaf","param_value_internal":10.0,"distribution":"{\"name\": \"IntDistribution\", \"attributes\": {\"log\": false, \"step\": 1, \"low\": 5, \"high\": 20}}"}
{"op_code":6,"worker_id":"45f14126-c7a2-487c-b01a-b52f7e8e9385-139697814206272","trial_id":11,"state":1,"values":[0.5485592315901814],"datetime_complete":"2026-04-05T22:18:21.882514"}
{"op_code":4,"worker_id":"45f14126-c7a2-487c-b01a-b52f7e8e9385-139697814206272","study_id":0,"datetime_start":"2026-04-05T22:18:21.906093"}
{"op_code":5,"worker_id":"45f14126-c7a2-487c-b01a-b52f7e8e9385-139697814206272","trial_id":12,"param_name":"n_estimators","param_value_internal":154.0,"distribution":"{\"name\": \"IntDistribution\", \"attributes\": {\"log\": false, \"step\": 1, \"low\": 50, \"high\": 200}}"}
{"op_code":5,"worker_id":"45f14126-c7a2-487c-b01a-b52f7e8e9385-139697814206272","trial_id":12,"param_name":"min_samples_split","param_value_internal":10.0,"distribution":"{\"name\": \"IntDistribution\", \"attributes\": {\"log\": false, \"step\": 1, \"low\": 5, \"high\": 20}}"}
{"op_code":5,"worker_id":"45f14126-c7a2-487c-b01a-b52f7e8e9385-139697814206272","trial_id":12,"param_name":"min_samples_leaf","param_value_internal":11.0,"distribution":"{\"name\": \"IntDistribution\", \"attributes\": {\"log\": false, \"step\": 1, \"low\": 5, \"high\": 20}}"}
{"op_code":6,"worker_id":"45f14126-c7a2-487c-b01a-b52f7e8e9385-139697814206272","trial_id":12,"state":1,"values":[0.5490928495197439],"datetime_complete":"2026-04-05T22:18:22.150316"}
{"op_code":4,"worker_id":"45f14126-c7a2-487c-b01a-b52f7e8e9385-139697814206272","study_id":0,"datetime_start":"2026-04-05T22:18:22.174653"}
{"op_code":5,"worker_id":"45f14126-c7a2-487c-b01a-b52f7e8e9385-139697814206272","trial_id":13,"param_name":"n_estimators","param_value_internal":147.0,"distribution":"{\"name\": \"IntDistribution\", \"attributes\": {\"log\": false, \"step\": 1, \"low\": 50, \"high\": 200}}"}
{"op_code":5,"worker_id":"45f14126-c7a2-487c-b01a-b52f7e8e9385-139697814206272","trial_id":13,"param_name":"min_samples_split","param_value_internal":19.0,"distribution":"{\"name\": \"IntDistribution\", \"attributes\": {\"log\": false, \"step\": 1, \"low\": 5, \"high\": 20}}"}
{"op_code":5,"worker_id":"45f14126-c7a2-487c-b01a-b52f7e8e9385-139697814206272","trial_id":13,"param_name":"min_samples_leaf","param_value_internal":12.0,"distribution":"{\"name\": \"IntDistribution\", \"attributes\": {\"log\": false, \"step\": 1, \"low\": 5, \"high\": 20}}"}
{"op_code":6,"worker_id":"45f14126-c7a2-487c-b01a-b52f7e8e9385-139697814206272","trial_id":13,"state":1,"values":[0.548025613660619],"datetime_complete":"2026-04-05T22:18:22.461183"}
{"op_code":4,"worker_id":"45f14126-c7a2-487c-b01a-b52f7e8e9385-139697814206272","study_id":0,"datetime_start":"2026-04-05T22:18:22.479953"}
{"op_code":5,"worker_id":"45f14126-c7a2-487c-b01a-b52f7e8e9385-139697814206272","trial_id":14,"param_name":"n_estimators","param_value_internal":181.0,"distribution":"{\"name\": \"IntDistribution\", \"attributes\": {\"log\": false, \"step\": 1, \"low\": 50, \"high\": 200}}"}
{"op_code":5,"worker_id":"45f14126-c7a2-487c-b01a-b52f7e8e9385-139697814206272","trial_id":14,"param_name":"min_samples_split","param_value_internal":10.0,"distribution":"{\"name\": \"IntDistribution\", \"attributes\": {\"log\": false, \"step\": 1, \"low\": 5, \"high\": 20}}"}
{"op_code":5,"worker_id":"45f14126-c7a2-487c-b01a-b52f7e8e9385-139697814206272","trial_id":14,"param_name":"min_samples_leaf","param_value_internal":9.0,"distribution":"{\"name\": \"IntDistribution\", \"attributes\": {\"log\": false, \"step\": 1, \"low\": 5, \"high\": 20}}"}
{"op_code":6,"worker_id":"45f14126-c7a2-487c-b01a-b52f7e8e9385-139697814206272","trial_id":14,"state":1,"values":[0.5346851654215582],"datetime_complete":"2026-04-05T22:18:22.747045"}
{"op_code":4,"worker_id":"45f14126-c7a2-487c-b01a-b52f7e8e9385-139697814206272","study_id":0,"datetime_start":"2026-04-05T22:18:22.760258"}
{"op_code":5,"worker_id":"45f14126-c7a2-487c-b01a-b52f7e8e9385-139697814206272","trial_id":15,"param_name":"n_estimators","param_value_internal":160.0,"distribution":"{\"name\": \"IntDistribution\", \"attributes\": {\"log\": false, \"step\": 1, \"low\": 50, \"high\": 200}}"}
{"op_code":5,"worker_id":"45f14126-c7a2-487c-b01a-b52f7e8e9385-139697814206272","trial_id":15,"param_name":"min_samples_split","param_value_internal":18.0,"distribution":"{\"name\": \"IntDistribution\", \"attributes\": {\"log\": false, \"step\": 1, \"low\": 5, \"high\": 20}}"}
{"op_code":5,"worker_id":"45f14126-c7a2-487c-b01a-b52f7e8e9385-139697814206272","trial_id":15,"param_name":"min_samples_leaf","param_value_internal":13.0,"distribution":"{\"name\": \"IntDistribution\", \"attributes\": {\"log\": false, \"step\": 1, \"low\": 5, \"high\": 20}}"}
{"op_code":6,"worker_id":"45f14126-c7a2-487c-b01a-b52f7e8e9385-139697814206272","trial_id":15,"state":1,"values":[0.5362860192102454],"datetime_complete":"2026-04-05T22:18:22.989409"}
{"op_code":4,"worker_id":"45f14126-c7a2-487c-b01a-b52f7e8e9385-139697814206272","study_id":0,"datetime_start":"2026-04-05T22:18:23.002554"}
{"op_code":5,"worker_id":"45f14126-c7a2-487c-b01a-b52f7e8e9385-139697814206272","trial_id":16,"param_name":"n_estimators","param_value_internal":198.0,"distribution":"{\"name\": \"IntDistribution\", \"attributes\": {\"log\": false, \"step\": 1, \"low\": 50, \"high\": 200}}"}
{"op_code":5,"worker_id":"45f14126-c7a2-487c-b01a-b52f7e8e9385-139697814206272","trial_id":16,"param_name":"min_samples_split","param_value_internal":12.0,"distribution":"{\"name\": \"IntDistribution\", \"attributes\": {\"log\": false, \"step\": 1, \"low\": 5, \"high\": 20}}"}
{"op_code":5,"worker_id":"45f14126-c7a2-487c-b01a-b52f7e8e9385-139697814206272","trial_id":16,"param_name":"min_samples_leaf","param_value_internal":7.0,"distribution":"{\"name\": \"IntDistribution\", \"attributes\": {\"log\": false, \"step\": 1, \"low\": 5, \"high\": 20}}"}
{"op_code":6,"worker_id":"45f14126-c7a2-487c-b01a-b52f7e8e9385-139697814206272","trial_id":16,"state":1,"values":[0.5576307363927427],"datetime_complete":"2026-04-05T22:18:23.300610"}
{"op_code":4,"worker_id":"45f14126-c7a2-487c-b01a-b52f7e8e9385-139697814206272","study_id":0,"datetime_start":"2026-04-05T22:18:23.314637"}
{"op_code":5,"worker_id":"45f14126-c7a2-487c-b01a-b52f7e8e9385-139697814206272","trial_id":17,"param_name":"n_estimators","param_value_internal":198.0,"distribution":"{\"name\": \"IntDistribution\", \"attributes\": {\"log\": false, \"step\": 1, \"low\": 50, \"high\": 200}}"}
{"op_code":5,"worker_id":"45f14126-c7a2-487c-b01a-b52f7e8e9385-139697814206272","trial_id":17,"param_name":"min_samples_split","param_value_internal":12.0,"distribution":"{\"name\": \"IntDistribution\", \"attributes\": {\"log\": false, \"step\": 1, \"low\": 5, \"high\": 20}}"}
{"op_code":5,"worker_id":"45f14126-c7a2-487c-b01a-b52f7e8e9385-139697814206272","trial_id":17,"param_name":"min_samples_leaf","param_value_internal":7.0,"distribution":"{\"name\": \"IntDistribution\", \"attributes\": {\"log\": false, \"step\": 1, \"low\": 5, \"high\": 20}}"}
{"op_code":6,"worker_id":"45f14126-c7a2-487c-b01a-b52f7e8e9385-139697814206272","trial_id":17,"state":1,"values":[0.5576307363927427],"datetime_complete":"2026-04-05T22:18:23.597659"}
{"op_code":4,"worker_id":"45f14126-c7a2-487c-b01a-b52f7e8e9385-139697814206272","study_id":0,"datetime_start":"2026-04-05T22:18:23.625687"}
{"op_code":5,"worker_id":"45f14126-c7a2-487c-b01a-b52f7e8e9385-139697814206272","trial_id":18,"param_name":"n_estimators","param_value_internal":197.0,"distribution":"{\"name\": \"IntDistribution\", \"attributes\": {\"log\": false, \"step\": 1, \"low\": 50, \"high\": 200}}"}
{"op_code":5,"worker_id":"45f14126-c7a2-487c-b01a-b52f7e8e9385-139697814206272","trial_id":18,"param_name":"min_samples_split","param_value_internal":12.0,"distribution":"{\"name\": \"IntDistribution\", \"attributes\": {\"log\": false, \"step\": 1, \"low\": 5, \"high\": 20}}"}
{"op_code":5,"worker_id":"45f14126-c7a2-487c-b01a-b52f7e8e9385-139697814206272","trial_id":18,"param_name":"min_samples_leaf","param_value_internal":7.0,"distribution":"{\"name\": \"IntDistribution\", \"attributes\": {\"log\": false, \"step\": 1, \"low\": 5, \"high\": 20}}"}
{"op_code":6,"worker_id":"45f14126-c7a2-487c-b01a-b52f7e8e9385-139697814206272","trial_id":18,"state":1,"values":[0.5576307363927427],"datetime_complete":"2026-04-05T22:18:24.002938"}
{"op_code":4,"worker_id":"45f14126-c7a2-487c-b01a-b52f7e8e9385-139697814206272","study_id":0,"datetime_start":"2026-04-05T22:18:24.027012"}
{"op_code":5,"worker_id":"45f14126-c7a2-487c-b01a-b52f7e8e9385-139697814206272","trial_id":19,"param_name":"n_estimators","param_value_internal":107.0,"distribution":"{\"name\": \"IntDistribution\", \"attributes\": {\"log\": false, \"step\": 1, \"low\": 50, \"high\": 200}}"}
{"op_code":5,"worker_id":"45f14126-c7a2-487c-b01a-b52f7e8e9385-139697814206272","trial_id":19,"param_name":"min_samples_split","param_value_internal":13.0,"distribution":"{\"name\": \"IntDistribution\", \"attributes\": {\"log\": false, \"step\": 1, \"low\": 5, \"high\": 20}}"}
{"op_code":5,"worker_id":"45f14126-c7a2-487c-b01a-b52f7e8e9385-139697814206272","trial_id":19,"param_name":"min_samples_leaf","param_value_internal":5.0,"distribution":"{\"name\": \"IntDistribution\", \"attributes\": {\"log\": false, \"step\": 1, \"low\": 5, \"high\": 20}}"}
{"op_code":6,"worker_id":"45f14126-c7a2-487c-b01a-b52f7e8e9385-139697814206272","trial_id":19,"state":1,"values":[0.5560298826040555],"datetime_complete":"2026-04-05T22:18:24.237999"}
