{"op_code":0,"worker_id":"527063ba-ab68-47ad-8410-c82f3dec3b4e-140436226778944","study_name":"rsf_tuning","directions":[2]}
{"op_code":4,"worker_id":"527063ba-ab68-47ad-8410-c82f3dec3b4e-140436226778944","study_id":0,"datetime_start":"2026-04-12T10:17:54.674355"}
{"op_code":5,"worker_id":"527063ba-ab68-47ad-8410-c82f3dec3b4e-140436226778944","trial_id":0,"param_name":"n_estimators","param_value_internal":117.0,"distribution":"{\"name\": \"IntDistribution\", \"attributes\": {\"log\": false, \"step\": 1, \"low\": 50, \"high\": 200}}"}
{"op_code":5,"worker_id":"527063ba-ab68-47ad-8410-c82f3dec3b4e-140436226778944","trial_id":0,"param_name":"min_samples_split","param_value_internal":20.0,"distribution":"{\"name\": \"IntDistribution\", \"attributes\": {\"log\": false, \"step\": 1, \"low\": 5, \"high\": 20}}"}
{"op_code":5,"worker_id":"527063ba-ab68-47ad-8410-c82f3dec3b4e-140436226778944","trial_id":0,"param_name":"min_samples_leaf","param_value_internal":10.0,"distribution":"{\"name\": \"IntDistribution\", \"attributes\": {\"log\": false, \"step\": 1, \"low\": 5, \"high\": 20}}"}
{"op_code":6,"worker_id":"527063ba-ab68-47ad-8410-c82f3dec3b4e-140436226778944","trial_id":0,"state":1,"values":[0.6181119683953152],"datetime_complete":"2026-04-12T10:18:18.789753"}
{"op_code":4,"worker_id":"527063ba-ab68-47ad-8410-c82f3dec3b4e-140436226778944","study_id":0,"datetime_start":"2026-04-12T10:18:18.811415"}
{"op_code":5,"worker_id":"527063ba-ab68-47ad-8410-c82f3dec3b4e-140436226778944","trial_id":1,"param_name":"n_estimators","param_value_internal":83.0,"distribution":"{\"name\": \"IntDistribution\", \"attributes\": {\"log\": false, \"step\": 1, \"low\": 50, \"high\": 200}}"}
{"op_code":5,"worker_id":"527063ba-ab68-47ad-8410-c82f3dec3b4e-140436226778944","trial_id":1,"param_name":"min_samples_split","param_value_internal":11.0,"distribution":"{\"name\": \"IntDistribution\", \"attributes\": {\"log\": false, \"step\": 1, \"low\": 5, \"high\": 20}}"}
{"op_code":5,"worker_id":"527063ba-ab68-47ad-8410-c82f3dec3b4e-140436226778944","trial_id":1,"param_name":"min_samples_leaf","param_value_internal":16.0,"distribution":"{\"name\": \"IntDistribution\", \"attributes\": {\"log\": false, \"step\": 1, \"low\": 5, \"high\": 20}}"}
{"op_code":6,"worker_id":"527063ba-ab68-47ad-8410-c82f3dec3b4e-140436226778944","trial_id":1,"state":1,"values":[0.6163119771031025],"datetime_complete":"2026-04-12T10:18:33.711681"}
{"op_code":4,"worker_id":"527063ba-ab68-47ad-8410-c82f3dec3b4e-140436226778944","study_id":0,"datetime_start":"2026-04-12T10:18:33.727368"}
{"op_code":5,"worker_id":"527063ba-ab68-47ad-8410-c82f3dec3b4e-140436226778944","trial_id":2,"param_name":"n_estimators","param_value_internal":82.0,"distribution":"{\"name\": \"IntDistribution\", \"attributes\": {\"log\": false, \"step\": 1, \"low\": 50, \"high\": 200}}"}
{"op_code":5,"worker_id":"527063ba-ab68-47ad-8410-c82f3dec3b4e-140436226778944","trial_id":2,"param_name":"min_samples_split","param_value_internal":9.0,"distribution":"{\"name\": \"IntDistribution\", \"attributes\": {\"log\": false, \"step\": 1, \"low\": 5, \"high\": 20}}"}
{"op_code":5,"worker_id":"527063ba-ab68-47ad-8410-c82f3dec3b4e-140436226778944","trial_id":2,"param_name":"min_samples_leaf","param_value_internal":15.0,"distribution":"{\"name\": \"IntDistribution\", \"attributes\": {\"log\": false, \"step\": 1, \"low\": 5, \"high\": 20}}"}
{"op_code":6,"worker_id":"527063ba-ab68-47ad-8410-c82f3dec3b4e-140436226778944","trial_id":2,"state":1,"values":[0.6186745372842245],"datetime_complete":"2026-04-12T10:18:52.090775"}
{"op_code":4,"worker_id":"527063ba-ab68-47ad-8410-c82f3dec3b4e-140436226778944","study_id":0,"datetime_start":"2026-04-12T10:18:52.102288"}
{"op_code":5,"worker_id":"527063ba-ab68-47ad-8410-c82f3dec3b4e-140436226778944","trial_id":3,"param_name":"n_estimators","param_value_internal":195.0,"distribution":"{\"name\": \"IntDistribution\", \"attributes\": {\"log\": false, \"step\": 1, \"low\": 50, \"high\": 200}}"}
{"op_code":5,"worker_id":"527063ba-ab68-47ad-8410-c82f3dec3b4e-140436226778944","trial_id":3,"param_name":"min_samples_split","param_value_internal":13.0,"distribution":"{\"name\": \"IntDistribution\", \"attributes\": {\"log\": false, \"step\": 1, \"low\": 5, \"high\": 20}}"}
{"op_code":5,"worker_id":"527063ba-ab68-47ad-8410-c82f3dec3b4e-140436226778944","trial_id":3,"param_name":"min_samples_leaf","param_value_internal":8.0,"distribution":"{\"name\": \"IntDistribution\", \"attributes\": {\"log\": false, \"step\": 1, \"low\": 5, \"high\": 20}}"}
{"op_code":6,"worker_id":"527063ba-ab68-47ad-8410-c82f3dec3b4e-140436226778944","trial_id":3,"state":1,"values":[0.6178094873633966],"datetime_complete":"2026-04-12T10:19:47.788554"}
{"op_code":4,"worker_id":"527063ba-ab68-47ad-8410-c82f3dec3b4e-140436226778944","study_id":0,"datetime_start":"2026-04-12T10:19:47.800325"}
{"op_code":5,"worker_id":"527063ba-ab68-47ad-8410-c82f3dec3b4e-140436226778944","trial_id":4,"param_name":"n_estimators","param_value_internal":178.0,"distribution":"{\"name\": \"IntDistribution\", \"attributes\": {\"log\": false, \"step\": 1, \"low\": 50, \"high\": 200}}"}
{"op_code":5,"worker_id":"527063ba-ab68-47ad-8410-c82f3dec3b4e-140436226778944","trial_id":4,"param_name":"min_samples_split","param_value_internal":16.0,"distribution":"{\"name\": \"IntDistribution\", \"attributes\": {\"log\": false, \"step\": 1, \"low\": 5, \"high\": 20}}"}
{"op_code":5,"worker_id":"527063ba-ab68-47ad-8410-c82f3dec3b4e-140436226778944","trial_id":4,"param_name":"min_samples_leaf","param_value_internal":12.0,"distribution":"{\"name\": \"IntDistribution\", \"attributes\": {\"log\": false, \"step\": 1, \"low\": 5, \"high\": 20}}"}
{"op_code":6,"worker_id":"527063ba-ab68-47ad-8410-c82f3dec3b4e-140436226778944","trial_id":4,"state":1,"values":[0.6160163706400911],"datetime_complete":"2026-04-12T10:20:21.377262"}
{"op_code":4,"worker_id":"527063ba-ab68-47ad-8410-c82f3dec3b4e-140436226778944","study_id":0,"datetime_start":"2026-04-12T10:20:21.392392"}
{"op_code":5,"worker_id":"527063ba-ab68-47ad-8410-c82f3dec3b4e-140436226778944","trial_id":5,"param_name":"n_estimators","param_value_internal":150.0,"distribution":"{\"name\": \"IntDistribution\", \"attributes\": {\"log\": false, \"step\": 1, \"low\": 50, \"high\": 200}}"}
{"op_code":5,"worker_id":"527063ba-ab68-47ad-8410-c82f3dec3b4e-140436226778944","trial_id":5,"param_name":"min_samples_split","param_value_internal":9.0,"distribution":"{\"name\": \"IntDistribution\", \"attributes\": {\"log\": false, \"step\": 1, \"low\": 5, \"high\": 20}}"}
{"op_code":5,"worker_id":"527063ba-ab68-47ad-8410-c82f3dec3b4e-140436226778944","trial_id":5,"param_name":"min_samples_leaf","param_value_internal":20.0,"distribution":"{\"name\": \"IntDistribution\", \"attributes\": {\"log\": false, \"step\": 1, \"low\": 5, \"high\": 20}}"}
{"op_code":6,"worker_id":"527063ba-ab68-47ad-8410-c82f3dec3b4e-140436226778944","trial_id":5,"state":1,"values":[0.6165892513823612],"datetime_complete":"2026-04-12T10:20:46.311776"}
{"op_code":4,"worker_id":"527063ba-ab68-47ad-8410-c82f3dec3b4e-140436226778944","study_id":0,"datetime_start":"2026-04-12T10:20:46.327247"}
{"op_code":5,"worker_id":"527063ba-ab68-47ad-8410-c82f3dec3b4e-140436226778944","trial_id":6,"param_name":"n_estimators","param_value_internal":87.0,"distribution":"{\"name\": \"IntDistribution\", \"attributes\": {\"log\": false, \"step\": 1, \"low\": 50, \"high\": 200}}"}
{"op_code":5,"worker_id":"527063ba-ab68-47ad-8410-c82f3dec3b4e-140436226778944","trial_id":6,"param_name":"min_samples_split","param_value_internal":6.0,"distribution":"{\"name\": \"IntDistribution\", \"attributes\": {\"log\": false, \"step\": 1, \"low\": 5, \"high\": 20}}"}
{"op_code":5,"worker_id":"527063ba-ab68-47ad-8410-c82f3dec3b4e-140436226778944","trial_id":6,"param_name":"min_samples_leaf","param_value_internal":5.0,"distribution":"{\"name\": \"IntDistribution\", \"attributes\": {\"log\": false, \"step\": 1, \"low\": 5, \"high\": 20}}"}
{"op_code":6,"worker_id":"527063ba-ab68-47ad-8410-c82f3dec3b4e-140436226778944","trial_id":6,"state":1,"values":[0.6159533537584414],"datetime_complete":"2026-04-12T10:21:18.935866"}
{"op_code":4,"worker_id":"527063ba-ab68-47ad-8410-c82f3dec3b4e-140436226778944","study_id":0,"datetime_start":"2026-04-12T10:21:18.956863"}
{"op_code":5,"worker_id":"527063ba-ab68-47ad-8410-c82f3dec3b4e-140436226778944","trial_id":7,"param_name":"n_estimators","param_value_internal":197.0,"distribution":"{\"name\": \"IntDistribution\", \"attributes\": {\"log\": false, \"step\": 1, \"low\": 50, \"high\": 200}}"}
{"op_code":5,"worker_id":"527063ba-ab68-47ad-8410-c82f3dec3b4e-140436226778944","trial_id":7,"param_name":"min_samples_split","param_value_internal":20.0,"distribution":"{\"name\": \"IntDistribution\", \"attributes\": {\"log\": false, \"step\": 1, \"low\": 5, \"high\": 20}}"}
{"op_code":5,"worker_id":"527063ba-ab68-47ad-8410-c82f3dec3b4e-140436226778944","trial_id":7,"param_name":"min_samples_leaf","param_value_internal":6.0,"distribution":"{\"name\": \"IntDistribution\", \"attributes\": {\"log\": false, \"step\": 1, \"low\": 5, \"high\": 20}}"}
{"op_code":6,"worker_id":"527063ba-ab68-47ad-8410-c82f3dec3b4e-140436226778944","trial_id":7,"state":1,"values":[0.6176410604251692],"datetime_complete":"2026-04-12T10:22:04.780562"}
{"op_code":4,"worker_id":"527063ba-ab68-47ad-8410-c82f3dec3b4e-140436226778944","study_id":0,"datetime_start":"2026-04-12T10:22:04.798430"}
{"op_code":5,"worker_id":"527063ba-ab68-47ad-8410-c82f3dec3b4e-140436226778944","trial_id":8,"param_name":"n_estimators","param_value_internal":72.0,"distribution":"{\"name\": \"IntDistribution\", \"attributes\": {\"log\": false, \"step\": 1, \"low\": 50, \"high\": 200}}"}
{"op_code":5,"worker_id":"527063ba-ab68-47ad-8410-c82f3dec3b4e-140436226778944","trial_id":8,"param_name":"min_samples_split","param_value_internal":18.0,"distribution":"{\"name\": \"IntDistribution\", \"attributes\": {\"log\": false, \"step\": 1, \"low\": 5, \"high\": 20}}"}
{"op_code":5,"worker_id":"527063ba-ab68-47ad-8410-c82f3dec3b4e-140436226778944","trial_id":8,"param_name":"min_samples_leaf","param_value_internal":11.0,"distribution":"{\"name\": \"IntDistribution\", \"attributes\": {\"log\": false, \"step\": 1, \"low\": 5, \"high\": 20}}"}
{"op_code":6,"worker_id":"527063ba-ab68-47ad-8410-c82f3dec3b4e-140436226778944","trial_id":8,"state":1,"values":[0.6170028712782802],"datetime_complete":"2026-04-12T10:22:18.705394"}
{"op_code":4,"worker_id":"527063ba-ab68-47ad-8410-c82f3dec3b4e-140436226778944","study_id":0,"datetime_start":"2026-04-12T10:22:18.721025"}
{"op_code":5,"worker_id":"527063ba-ab68-47ad-8410-c82f3dec3b4e-140436226778944","trial_id":9,"param_name":"n_estimators","param_value_internal":128.0,"distribution":"{\"name\": \"IntDistribution\", \"attributes\": {\"log\": false, \"step\": 1, \"low\": 50, \"high\": 200}}"}
{"op_code":5,"worker_id":"527063ba-ab68-47ad-8410-c82f3dec3b4e-140436226778944","trial_id":9,"param_name":"min_samples_split","param_value_internal":12.0,"distribution":"{\"name\": \"IntDistribution\", \"attributes\": {\"log\": false, \"step\": 1, \"low\": 5, \"high\": 20}}"}
{"op_code":5,"worker_id":"527063ba-ab68-47ad-8410-c82f3dec3b4e-140436226778944","trial_id":9,"param_name":"min_samples_leaf","param_value_internal":16.0,"distribution":"{\"name\": \"IntDistribution\", \"attributes\": {\"log\": false, \"step\": 1, \"low\": 5, \"high\": 20}}"}
{"op_code":6,"worker_id":"527063ba-ab68-47ad-8410-c82f3dec3b4e-140436226778944","trial_id":9,"state":1,"values":[0.6163635363699068],"datetime_complete":"2026-04-12T10:22:40.948948"}
{"op_code":4,"worker_id":"527063ba-ab68-47ad-8410-c82f3dec3b4e-140436226778944","study_id":0,"datetime_start":"2026-04-12T10:22:40.962514"}
{"op_code":5,"worker_id":"527063ba-ab68-47ad-8410-c82f3dec3b4e-140436226778944","trial_id":10,"param_name":"n_estimators","param_value_internal":56.0,"distribution":"{\"name\": \"IntDistribution\", \"attributes\": {\"log\": false, \"step\": 1, \"low\": 50, \"high\": 200}}"}
{"op_code":5,"worker_id":"527063ba-ab68-47ad-8410-c82f3dec3b4e-140436226778944","trial_id":10,"param_name":"min_samples_split","param_value_internal":5.0,"distribution":"{\"name\": \"IntDistribution\", \"attributes\": {\"log\": false, \"step\": 1, \"low\": 5, \"high\": 20}}"}
{"op_code":5,"worker_id":"527063ba-ab68-47ad-8410-c82f3dec3b4e-140436226778944","trial_id":10,"param_name":"min_samples_leaf","param_value_internal":16.0,"distribution":"{\"name\": \"IntDistribution\", \"attributes\": {\"log\": false, \"step\": 1, \"low\": 5, \"high\": 20}}"}
{"op_code":6,"worker_id":"527063ba-ab68-47ad-8410-c82f3dec3b4e-140436226778944","trial_id":10,"state":1,"values":[0.6146975991713853],"datetime_complete":"2026-04-12T10:22:50.604625"}
{"op_code":4,"worker_id":"527063ba-ab68-47ad-8410-c82f3dec3b4e-140436226778944","study_id":0,"datetime_start":"2026-04-12T10:22:50.621344"}
{"op_code":5,"worker_id":"527063ba-ab68-47ad-8410-c82f3dec3b4e-140436226778944","trial_id":11,"param_name":"n_estimators","param_value_internal":110.0,"distribution":"{\"name\": \"IntDistribution\", \"attributes\": {\"log\": false, \"step\": 1, \"low\": 50, \"high\": 200}}"}
{"op_code":5,"worker_id":"527063ba-ab68-47ad-8410-c82f3dec3b4e-140436226778944","trial_id":11,"param_name":"min_samples_split","param_value_internal":8.0,"distribution":"{\"name\": \"IntDistribution\", \"attributes\": {\"log\": false, \"step\": 1, \"low\": 5, \"high\": 20}}"}
{"op_code":5,"worker_id":"527063ba-ab68-47ad-8410-c82f3dec3b4e-140436226778944","trial_id":11,"param_name":"min_samples_leaf","param_value_internal":10.0,"distribution":"{\"name\": \"IntDistribution\", \"attributes\": {\"log\": false, \"step\": 1, \"low\": 5, \"high\": 20}}"}
{"op_code":6,"worker_id":"527063ba-ab68-47ad-8410-c82f3dec3b4e-140436226778944","trial_id":11,"state":1,"values":[0.6178977109977062],"datetime_complete":"2026-04-12T10:23:12.105559"}
{"op_code":4,"worker_id":"527063ba-ab68-47ad-8410-c82f3dec3b4e-140436226778944","study_id":0,"datetime_start":"2026-04-12T10:23:12.126530"}
{"op_code":5,"worker_id":"527063ba-ab68-47ad-8410-c82f3dec3b4e-140436226778944","trial_id":12,"param_name":"n_estimators","param_value_internal":112.0,"distribution":"{\"name\": \"IntDistribution\", \"attributes\": {\"log\": false, \"step\": 1, \"low\": 50, \"high\": 200}}"}
{"op_code":5,"worker_id":"527063ba-ab68-47ad-8410-c82f3dec3b4e-140436226778944","trial_id":12,"param_name":"min_samples_split","param_value_internal":16.0,"distribution":"{\"name\": \"IntDistribution\", \"attributes\": {\"log\": false, \"step\": 1, \"low\": 5, \"high\": 20}}"}
{"op_code":5,"worker_id":"527063ba-ab68-47ad-8410-c82f3dec3b4e-140436226778944","trial_id":12,"param_name":"min_samples_leaf","param_value_internal":14.0,"distribution":"{\"name\": \"IntDistribution\", \"attributes\": {\"log\": false, \"step\": 1, \"low\": 5, \"high\": 20}}"}
{"op_code":6,"worker_id":"527063ba-ab68-47ad-8410-c82f3dec3b4e-140436226778944","trial_id":12,"state":1,"values":[0.6182941444713571],"datetime_complete":"2026-04-12T10:23:31.733465"}
{"op_code":4,"worker_id":"527063ba-ab68-47ad-8410-c82f3dec3b4e-140436226778944","study_id":0,"datetime_start":"2026-04-12T10:23:31.749564"}
{"op_code":5,"worker_id":"527063ba-ab68-47ad-8410-c82f3dec3b4e-140436226778944","trial_id":13,"param_name":"n_estimators","param_value_internal":99.0,"distribution":"{\"name\": \"IntDistribution\", \"attributes\": {\"log\": false, \"step\": 1, \"low\": 50, \"high\": 200}}"}
{"op_code":5,"worker_id":"527063ba-ab68-47ad-8410-c82f3dec3b4e-140436226778944","trial_id":13,"param_name":"min_samples_split","param_value_internal":15.0,"distribution":"{\"name\": \"IntDistribution\", \"attributes\": {\"log\": false, \"step\": 1, \"low\": 5, \"high\": 20}}"}
{"op_code":5,"worker_id":"527063ba-ab68-47ad-8410-c82f3dec3b4e-140436226778944","trial_id":13,"param_name":"min_samples_leaf","param_value_internal":14.0,"distribution":"{\"name\": \"IntDistribution\", \"attributes\": {\"log\": false, \"step\": 1, \"low\": 5, \"high\": 20}}"}
{"op_code":6,"worker_id":"527063ba-ab68-47ad-8410-c82f3dec3b4e-140436226778944","trial_id":13,"state":1,"values":[0.6175929384428185],"datetime_complete":"2026-04-12T10:23:49.074830"}
{"op_code":4,"worker_id":"527063ba-ab68-47ad-8410-c82f3dec3b4e-140436226778944","study_id":0,"datetime_start":"2026-04-12T10:23:49.100328"}
{"op_code":5,"worker_id":"527063ba-ab68-47ad-8410-c82f3dec3b4e-140436226778944","trial_id":14,"param_name":"n_estimators","param_value_internal":140.0,"distribution":"{\"name\": \"IntDistribution\", \"attributes\": {\"log\": false, \"step\": 1, \"low\": 50, \"high\": 200}}"}
{"op_code":5,"worker_id":"527063ba-ab68-47ad-8410-c82f3dec3b4e-140436226778944","trial_id":14,"param_name":"min_samples_split","param_value_internal":14.0,"distribution":"{\"name\": \"IntDistribution\", \"attributes\": {\"log\": false, \"step\": 1, \"low\": 5, \"high\": 20}}"}
{"op_code":5,"worker_id":"527063ba-ab68-47ad-8410-c82f3dec3b4e-140436226778944","trial_id":14,"param_name":"min_samples_leaf","param_value_internal":20.0,"distribution":"{\"name\": \"IntDistribution\", \"attributes\": {\"log\": false, \"step\": 1, \"low\": 5, \"high\": 20}}"}
{"op_code":6,"worker_id":"527063ba-ab68-47ad-8410-c82f3dec3b4e-140436226778944","trial_id":14,"state":1,"values":[0.6159487707125032],"datetime_complete":"2026-04-12T10:24:11.404840"}
{"op_code":4,"worker_id":"527063ba-ab68-47ad-8410-c82f3dec3b4e-140436226778944","study_id":0,"datetime_start":"2026-04-12T10:24:11.431141"}
{"op_code":5,"worker_id":"527063ba-ab68-47ad-8410-c82f3dec3b4e-140436226778944","trial_id":15,"param_name":"n_estimators","param_value_internal":52.0,"distribution":"{\"name\": \"IntDistribution\", \"attributes\": {\"log\": false, \"step\": 1, \"low\": 50, \"high\": 200}}"}
{"op_code":5,"worker_id":"527063ba-ab68-47ad-8410-c82f3dec3b4e-140436226778944","trial_id":15,"param_name":"min_samples_split","param_value_internal":10.0,"distribution":"{\"name\": \"IntDistribution\", \"attributes\": {\"log\": false, \"step\": 1, \"low\": 5, \"high\": 20}}"}
{"op_code":5,"worker_id":"527063ba-ab68-47ad-8410-c82f3dec3b4e-140436226778944","trial_id":15,"param_name":"min_samples_leaf","param_value_internal":14.0,"distribution":"{\"name\": \"IntDistribution\", \"attributes\": {\"log\": false, \"step\": 1, \"low\": 5, \"high\": 20}}"}
{"op_code":6,"worker_id":"527063ba-ab68-47ad-8410-c82f3dec3b4e-140436226778944","trial_id":15,"state":1,"values":[0.6171747355009612],"datetime_complete":"2026-04-12T10:24:20.693312"}
{"op_code":4,"worker_id":"527063ba-ab68-47ad-8410-c82f3dec3b4e-140436226778944","study_id":0,"datetime_start":"2026-04-12T10:24:20.714902"}
{"op_code":5,"worker_id":"527063ba-ab68-47ad-8410-c82f3dec3b4e-140436226778944","trial_id":16,"param_name":"n_estimators","param_value_internal":155.0,"distribution":"{\"name\": \"IntDistribution\", \"attributes\": {\"log\": false, \"step\": 1, \"low\": 50, \"high\": 200}}"}
{"op_code":5,"worker_id":"527063ba-ab68-47ad-8410-c82f3dec3b4e-140436226778944","trial_id":16,"param_name":"min_samples_split","param_value_internal":7.0,"distribution":"{\"name\": \"IntDistribution\", \"attributes\": {\"log\": false, \"step\": 1, \"low\": 5, \"high\": 20}}"}
{"op_code":5,"worker_id":"527063ba-ab68-47ad-8410-c82f3dec3b4e-140436226778944","trial_id":16,"param_name":"min_samples_leaf","param_value_internal":18.0,"distribution":"{\"name\": \"IntDistribution\", \"attributes\": {\"log\": false, \"step\": 1, \"low\": 5, \"high\": 20}}"}
{"op_code":6,"worker_id":"527063ba-ab68-47ad-8410-c82f3dec3b4e-140436226778944","trial_id":16,"state":1,"values":[0.6153380798412433],"datetime_complete":"2026-04-12T10:24:46.016563"}
{"op_code":4,"worker_id":"527063ba-ab68-47ad-8410-c82f3dec3b4e-140436226778944","study_id":0,"datetime_start":"2026-04-12T10:24:46.038481"}
{"op_code":5,"worker_id":"527063ba-ab68-47ad-8410-c82f3dec3b4e-140436226778944","trial_id":17,"param_name":"n_estimators","param_value_internal":100.0,"distribution":"{\"name\": \"IntDistribution\", \"attributes\": {\"log\": false, \"step\": 1, \"low\": 50, \"high\": 200}}"}
{"op_code":5,"worker_id":"527063ba-ab68-47ad-8410-c82f3dec3b4e-140436226778944","trial_id":17,"param_name":"min_samples_split","param_value_internal":17.0,"distribution":"{\"name\": \"IntDistribution\", \"attributes\": {\"log\": false, \"step\": 1, \"low\": 5, \"high\": 20}}"}
{"op_code":5,"worker_id":"527063ba-ab68-47ad-8410-c82f3dec3b4e-140436226778944","trial_id":17,"param_name":"min_samples_leaf","param_value_internal":14.0,"distribution":"{\"name\": \"IntDistribution\", \"attributes\": {\"log\": false, \"step\": 1, \"low\": 5, \"high\": 20}}"}
{"op_code":6,"worker_id":"527063ba-ab68-47ad-8410-c82f3dec3b4e-140436226778944","trial_id":17,"state":1,"values":[0.6177281382979942],"datetime_complete":"2026-04-12T10:25:03.468576"}
{"op_code":4,"worker_id":"527063ba-ab68-47ad-8410-c82f3dec3b4e-140436226778944","study_id":0,"datetime_start":"2026-04-12T10:25:03.493989"}
{"op_code":5,"worker_id":"527063ba-ab68-47ad-8410-c82f3dec3b4e-140436226778944","trial_id":18,"param_name":"n_estimators","param_value_internal":71.0,"distribution":"{\"name\": \"IntDistribution\", \"attributes\": {\"log\": false, \"step\": 1, \"low\": 50, \"high\": 200}}"}
{"op_code":5,"worker_id":"527063ba-ab68-47ad-8410-c82f3dec3b4e-140436226778944","trial_id":18,"param_name":"min_samples_split","param_value_internal":12.0,"distribution":"{\"name\": \"IntDistribution\", \"attributes\": {\"log\": false, \"step\": 1, \"low\": 5, \"high\": 20}}"}
{"op_code":5,"worker_id":"527063ba-ab68-47ad-8410-c82f3dec3b4e-140436226778944","trial_id":18,"param_name":"min_samples_leaf","param_value_internal":18.0,"distribution":"{\"name\": \"IntDistribution\", \"attributes\": {\"log\": false, \"step\": 1, \"low\": 5, \"high\": 20}}"}
{"op_code":6,"worker_id":"527063ba-ab68-47ad-8410-c82f3dec3b4e-140436226778944","trial_id":18,"state":1,"values":[0.6139001491781453],"datetime_complete":"2026-04-12T10:25:15.892282"}
{"op_code":4,"worker_id":"527063ba-ab68-47ad-8410-c82f3dec3b4e-140436226778944","study_id":0,"datetime_start":"2026-04-12T10:25:15.916119"}
{"op_code":5,"worker_id":"527063ba-ab68-47ad-8410-c82f3dec3b4e-140436226778944","trial_id":19,"param_name":"n_estimators","param_value_internal":127.0,"distribution":"{\"name\": \"IntDistribution\", \"attributes\": {\"log\": false, \"step\": 1, \"low\": 50, \"high\": 200}}"}
{"op_code":5,"worker_id":"527063ba-ab68-47ad-8410-c82f3dec3b4e-140436226778944","trial_id":19,"param_name":"min_samples_split","param_value_internal":18.0,"distribution":"{\"name\": \"IntDistribution\", \"attributes\": {\"log\": false, \"step\": 1, \"low\": 5, \"high\": 20}}"}
{"op_code":5,"worker_id":"527063ba-ab68-47ad-8410-c82f3dec3b4e-140436226778944","trial_id":19,"param_name":"min_samples_leaf","param_value_internal":13.0,"distribution":"{\"name\": \"IntDistribution\", \"attributes\": {\"log\": false, \"step\": 1, \"low\": 5, \"high\": 20}}"}
{"op_code":6,"worker_id":"527063ba-ab68-47ad-8410-c82f3dec3b4e-140436226778944","trial_id":19,"state":1,"values":[0.6172388981440955],"datetime_complete":"2026-04-12T10:25:39.784904"}
