{"op_code":0,"worker_id":"e85338a4-22f8-4024-99d6-f57ec0c91644-140062064023360","study_name":"mtlr_tuning","directions":[2]}
{"op_code":4,"worker_id":"e85338a4-22f8-4024-99d6-f57ec0c91644-140062064023360","study_id":0,"datetime_start":"2026-04-14T11:39:23.826295"}
{"op_code":5,"worker_id":"e85338a4-22f8-4024-99d6-f57ec0c91644-140062064023360","trial_id":0,"param_name":"lr","param_value_internal":0.04488712474072882,"distribution":"{\"name\": \"FloatDistribution\", \"attributes\": {\"step\": null, \"low\": 0.0001, \"high\": 0.1, \"log\": true}}"}
{"op_code":5,"worker_id":"e85338a4-22f8-4024-99d6-f57ec0c91644-140062064023360","trial_id":0,"param_name":"dropout","param_value_internal":0.4714133155133087,"distribution":"{\"name\": \"FloatDistribution\", \"attributes\": {\"step\": null, \"low\": 0.0, \"high\": 0.5, \"log\": false}}"}
{"op_code":5,"worker_id":"e85338a4-22f8-4024-99d6-f57ec0c91644-140062064023360","trial_id":0,"param_name":"layers","param_value_internal":1.0,"distribution":"{\"name\": \"IntDistribution\", \"attributes\": {\"log\": false, \"step\": 1, \"low\": 1, \"high\": 3}}"}
{"op_code":5,"worker_id":"e85338a4-22f8-4024-99d6-f57ec0c91644-140062064023360","trial_id":0,"param_name":"nodes","param_value_internal":2,"distribution":"{\"name\": \"CategoricalDistribution\", \"attributes\": {\"choices\": [32, 64, 128]}}"}
{"op_code":6,"worker_id":"e85338a4-22f8-4024-99d6-f57ec0c91644-140062064023360","trial_id":0,"state":1,"values":[0.6580814717477004],"datetime_complete":"2026-04-14T11:39:27.565631"}
{"op_code":4,"worker_id":"e85338a4-22f8-4024-99d6-f57ec0c91644-140062064023360","study_id":0,"datetime_start":"2026-04-14T11:39:27.595681"}
{"op_code":5,"worker_id":"e85338a4-22f8-4024-99d6-f57ec0c91644-140062064023360","trial_id":1,"param_name":"lr","param_value_internal":0.0016962308073077493,"distribution":"{\"name\": \"FloatDistribution\", \"attributes\": {\"step\": null, \"low\": 0.0001, \"high\": 0.1, \"log\": true}}"}
{"op_code":5,"worker_id":"e85338a4-22f8-4024-99d6-f57ec0c91644-140062064023360","trial_id":1,"param_name":"dropout","param_value_internal":0.25671399056561983,"distribution":"{\"name\": \"FloatDistribution\", \"attributes\": {\"step\": null, \"low\": 0.0, \"high\": 0.5, \"log\": false}}"}
{"op_code":5,"worker_id":"e85338a4-22f8-4024-99d6-f57ec0c91644-140062064023360","trial_id":1,"param_name":"layers","param_value_internal":2.0,"distribution":"{\"name\": \"IntDistribution\", \"attributes\": {\"log\": false, \"step\": 1, \"low\": 1, \"high\": 3}}"}
{"op_code":5,"worker_id":"e85338a4-22f8-4024-99d6-f57ec0c91644-140062064023360","trial_id":1,"param_name":"nodes","param_value_internal":2,"distribution":"{\"name\": \"CategoricalDistribution\", \"attributes\": {\"choices\": [32, 64, 128]}}"}
{"op_code":6,"worker_id":"e85338a4-22f8-4024-99d6-f57ec0c91644-140062064023360","trial_id":1,"state":1,"values":[0.6490043465076316],"datetime_complete":"2026-04-14T11:39:31.300222"}
{"op_code":4,"worker_id":"e85338a4-22f8-4024-99d6-f57ec0c91644-140062064023360","study_id":0,"datetime_start":"2026-04-14T11:39:31.326108"}
{"op_code":5,"worker_id":"e85338a4-22f8-4024-99d6-f57ec0c91644-140062064023360","trial_id":2,"param_name":"lr","param_value_internal":0.00028063849226326253,"distribution":"{\"name\": \"FloatDistribution\", \"attributes\": {\"step\": null, \"low\": 0.0001, \"high\": 0.1, \"log\": true}}"}
{"op_code":5,"worker_id":"e85338a4-22f8-4024-99d6-f57ec0c91644-140062064023360","trial_id":2,"param_name":"dropout","param_value_internal":0.46386126281497736,"distribution":"{\"name\": \"FloatDistribution\", \"attributes\": {\"step\": null, \"low\": 0.0, \"high\": 0.5, \"log\": false}}"}
{"op_code":5,"worker_id":"e85338a4-22f8-4024-99d6-f57ec0c91644-140062064023360","trial_id":2,"param_name":"layers","param_value_internal":2.0,"distribution":"{\"name\": \"IntDistribution\", \"attributes\": {\"log\": false, \"step\": 1, \"low\": 1, \"high\": 3}}"}
{"op_code":5,"worker_id":"e85338a4-22f8-4024-99d6-f57ec0c91644-140062064023360","trial_id":2,"param_name":"nodes","param_value_internal":1,"distribution":"{\"name\": \"CategoricalDistribution\", \"attributes\": {\"choices\": [32, 64, 128]}}"}
{"op_code":6,"worker_id":"e85338a4-22f8-4024-99d6-f57ec0c91644-140062064023360","trial_id":2,"state":1,"values":[0.6679672495704033],"datetime_complete":"2026-04-14T11:39:35.303648"}
{"op_code":4,"worker_id":"e85338a4-22f8-4024-99d6-f57ec0c91644-140062064023360","study_id":0,"datetime_start":"2026-04-14T11:39:35.323703"}
{"op_code":5,"worker_id":"e85338a4-22f8-4024-99d6-f57ec0c91644-140062064023360","trial_id":3,"param_name":"lr","param_value_internal":0.00029049686275897885,"distribution":"{\"name\": \"FloatDistribution\", \"attributes\": {\"step\": null, \"low\": 0.0001, \"high\": 0.1, \"log\": true}}"}
{"op_code":5,"worker_id":"e85338a4-22f8-4024-99d6-f57ec0c91644-140062064023360","trial_id":3,"param_name":"dropout","param_value_internal":0.4557706017388718,"distribution":"{\"name\": \"FloatDistribution\", \"attributes\": {\"step\": null, \"low\": 0.0, \"high\": 0.5, \"log\": false}}"}
{"op_code":5,"worker_id":"e85338a4-22f8-4024-99d6-f57ec0c91644-140062064023360","trial_id":3,"param_name":"layers","param_value_internal":2.0,"distribution":"{\"name\": \"IntDistribution\", \"attributes\": {\"log\": false, \"step\": 1, \"low\": 1, \"high\": 3}}"}
{"op_code":5,"worker_id":"e85338a4-22f8-4024-99d6-f57ec0c91644-140062064023360","trial_id":3,"param_name":"nodes","param_value_internal":0,"distribution":"{\"name\": \"CategoricalDistribution\", \"attributes\": {\"choices\": [32, 64, 128]}}"}
{"op_code":6,"worker_id":"e85338a4-22f8-4024-99d6-f57ec0c91644-140062064023360","trial_id":3,"state":1,"values":[0.6233094106944304],"datetime_complete":"2026-04-14T11:39:39.181295"}
{"op_code":4,"worker_id":"e85338a4-22f8-4024-99d6-f57ec0c91644-140062064023360","study_id":0,"datetime_start":"2026-04-14T11:39:39.197822"}
{"op_code":5,"worker_id":"e85338a4-22f8-4024-99d6-f57ec0c91644-140062064023360","trial_id":4,"param_name":"lr","param_value_internal":0.0005510383422618869,"distribution":"{\"name\": \"FloatDistribution\", \"attributes\": {\"step\": null, \"low\": 0.0001, \"high\": 0.1, \"log\": true}}"}
{"op_code":5,"worker_id":"e85338a4-22f8-4024-99d6-f57ec0c91644-140062064023360","trial_id":4,"param_name":"dropout","param_value_internal":0.38918831022251843,"distribution":"{\"name\": \"FloatDistribution\", \"attributes\": {\"step\": null, \"low\": 0.0, \"high\": 0.5, \"log\": false}}"}
{"op_code":5,"worker_id":"e85338a4-22f8-4024-99d6-f57ec0c91644-140062064023360","trial_id":4,"param_name":"layers","param_value_internal":3.0,"distribution":"{\"name\": \"IntDistribution\", \"attributes\": {\"log\": false, \"step\": 1, \"low\": 1, \"high\": 3}}"}
{"op_code":5,"worker_id":"e85338a4-22f8-4024-99d6-f57ec0c91644-140062064023360","trial_id":4,"param_name":"nodes","param_value_internal":1,"distribution":"{\"name\": \"CategoricalDistribution\", \"attributes\": {\"choices\": [32, 64, 128]}}"}
{"op_code":6,"worker_id":"e85338a4-22f8-4024-99d6-f57ec0c91644-140062064023360","trial_id":4,"state":1,"values":[0.6482159102395634],"datetime_complete":"2026-04-14T11:39:43.031211"}
{"op_code":4,"worker_id":"e85338a4-22f8-4024-99d6-f57ec0c91644-140062064023360","study_id":0,"datetime_start":"2026-04-14T11:39:43.052365"}
{"op_code":5,"worker_id":"e85338a4-22f8-4024-99d6-f57ec0c91644-140062064023360","trial_id":5,"param_name":"lr","param_value_internal":0.04987889839994066,"distribution":"{\"name\": \"FloatDistribution\", \"attributes\": {\"step\": null, \"low\": 0.0001, \"high\": 0.1, \"log\": true}}"}
{"op_code":5,"worker_id":"e85338a4-22f8-4024-99d6-f57ec0c91644-140062064023360","trial_id":5,"param_name":"dropout","param_value_internal":0.26489022402301055,"distribution":"{\"name\": \"FloatDistribution\", \"attributes\": {\"step\": null, \"low\": 0.0, \"high\": 0.5, \"log\": false}}"}
{"op_code":5,"worker_id":"e85338a4-22f8-4024-99d6-f57ec0c91644-140062064023360","trial_id":5,"param_name":"layers","param_value_internal":1.0,"distribution":"{\"name\": \"IntDistribution\", \"attributes\": {\"log\": false, \"step\": 1, \"low\": 1, \"high\": 3}}"}
{"op_code":5,"worker_id":"e85338a4-22f8-4024-99d6-f57ec0c91644-140062064023360","trial_id":5,"param_name":"nodes","param_value_internal":1,"distribution":"{\"name\": \"CategoricalDistribution\", \"attributes\": {\"choices\": [32, 64, 128]}}"}
{"op_code":6,"worker_id":"e85338a4-22f8-4024-99d6-f57ec0c91644-140062064023360","trial_id":5,"state":1,"values":[0.6864247447690286],"datetime_complete":"2026-04-14T11:39:47.039777"}
{"op_code":4,"worker_id":"e85338a4-22f8-4024-99d6-f57ec0c91644-140062064023360","study_id":0,"datetime_start":"2026-04-14T11:39:47.065821"}
{"op_code":5,"worker_id":"e85338a4-22f8-4024-99d6-f57ec0c91644-140062064023360","trial_id":6,"param_name":"lr","param_value_internal":0.004562153310517017,"distribution":"{\"name\": \"FloatDistribution\", \"attributes\": {\"step\": null, \"low\": 0.0001, \"high\": 0.1, \"log\": true}}"}
{"op_code":5,"worker_id":"e85338a4-22f8-4024-99d6-f57ec0c91644-140062064023360","trial_id":6,"param_name":"dropout","param_value_internal":0.17365927213403293,"distribution":"{\"name\": \"FloatDistribution\", \"attributes\": {\"step\": null, \"low\": 0.0, \"high\": 0.5, \"log\": false}}"}
{"op_code":5,"worker_id":"e85338a4-22f8-4024-99d6-f57ec0c91644-140062064023360","trial_id":6,"param_name":"layers","param_value_internal":2.0,"distribution":"{\"name\": \"IntDistribution\", \"attributes\": {\"log\": false, \"step\": 1, \"low\": 1, \"high\": 3}}"}
{"op_code":5,"worker_id":"e85338a4-22f8-4024-99d6-f57ec0c91644-140062064023360","trial_id":6,"param_name":"nodes","param_value_internal":0,"distribution":"{\"name\": \"CategoricalDistribution\", \"attributes\": {\"choices\": [32, 64, 128]}}"}
{"op_code":6,"worker_id":"e85338a4-22f8-4024-99d6-f57ec0c91644-140062064023360","trial_id":6,"state":1,"values":[0.678156272111594],"datetime_complete":"2026-04-14T11:39:50.966665"}
{"op_code":4,"worker_id":"e85338a4-22f8-4024-99d6-f57ec0c91644-140062064023360","study_id":0,"datetime_start":"2026-04-14T11:39:50.999685"}
{"op_code":5,"worker_id":"e85338a4-22f8-4024-99d6-f57ec0c91644-140062064023360","trial_id":7,"param_name":"lr","param_value_internal":0.019015545032988128,"distribution":"{\"name\": \"FloatDistribution\", \"attributes\": {\"step\": null, \"low\": 0.0001, \"high\": 0.1, \"log\": true}}"}
{"op_code":5,"worker_id":"e85338a4-22f8-4024-99d6-f57ec0c91644-140062064023360","trial_id":7,"param_name":"dropout","param_value_internal":0.37875314770449325,"distribution":"{\"name\": \"FloatDistribution\", \"attributes\": {\"step\": null, \"low\": 0.0, \"high\": 0.5, \"log\": false}}"}
{"op_code":5,"worker_id":"e85338a4-22f8-4024-99d6-f57ec0c91644-140062064023360","trial_id":7,"param_name":"layers","param_value_internal":3.0,"distribution":"{\"name\": \"IntDistribution\", \"attributes\": {\"log\": false, \"step\": 1, \"low\": 1, \"high\": 3}}"}
{"op_code":5,"worker_id":"e85338a4-22f8-4024-99d6-f57ec0c91644-140062064023360","trial_id":7,"param_name":"nodes","param_value_internal":2,"distribution":"{\"name\": \"CategoricalDistribution\", \"attributes\": {\"choices\": [32, 64, 128]}}"}
{"op_code":6,"worker_id":"e85338a4-22f8-4024-99d6-f57ec0c91644-140062064023360","trial_id":7,"state":1,"values":[0.6925502880824825],"datetime_complete":"2026-04-14T11:39:54.880714"}
{"op_code":4,"worker_id":"e85338a4-22f8-4024-99d6-f57ec0c91644-140062064023360","study_id":0,"datetime_start":"2026-04-14T11:39:54.901497"}
{"op_code":5,"worker_id":"e85338a4-22f8-4024-99d6-f57ec0c91644-140062064023360","trial_id":8,"param_name":"lr","param_value_internal":0.000869299262355414,"distribution":"{\"name\": \"FloatDistribution\", \"attributes\": {\"step\": null, \"low\": 0.0001, \"high\": 0.1, \"log\": true}}"}
{"op_code":5,"worker_id":"e85338a4-22f8-4024-99d6-f57ec0c91644-140062064023360","trial_id":8,"param_name":"dropout","param_value_internal":0.07097864448579144,"distribution":"{\"name\": \"FloatDistribution\", \"attributes\": {\"step\": null, \"low\": 0.0, \"high\": 0.5, \"log\": false}}"}
{"op_code":5,"worker_id":"e85338a4-22f8-4024-99d6-f57ec0c91644-140062064023360","trial_id":8,"param_name":"layers","param_value_internal":2.0,"distribution":"{\"name\": \"IntDistribution\", \"attributes\": {\"log\": false, \"step\": 1, \"low\": 1, \"high\": 3}}"}
{"op_code":5,"worker_id":"e85338a4-22f8-4024-99d6-f57ec0c91644-140062064023360","trial_id":8,"param_name":"nodes","param_value_internal":2,"distribution":"{\"name\": \"CategoricalDistribution\", \"attributes\": {\"choices\": [32, 64, 128]}}"}
{"op_code":6,"worker_id":"e85338a4-22f8-4024-99d6-f57ec0c91644-140062064023360","trial_id":8,"state":1,"values":[0.6526837157586172],"datetime_complete":"2026-04-14T11:39:58.553588"}
{"op_code":4,"worker_id":"e85338a4-22f8-4024-99d6-f57ec0c91644-140062064023360","study_id":0,"datetime_start":"2026-04-14T11:39:58.574167"}
{"op_code":5,"worker_id":"e85338a4-22f8-4024-99d6-f57ec0c91644-140062064023360","trial_id":9,"param_name":"lr","param_value_internal":0.00042162805142405236,"distribution":"{\"name\": \"FloatDistribution\", \"attributes\": {\"step\": null, \"low\": 0.0001, \"high\": 0.1, \"log\": true}}"}
{"op_code":5,"worker_id":"e85338a4-22f8-4024-99d6-f57ec0c91644-140062064023360","trial_id":9,"param_name":"dropout","param_value_internal":0.4033922295205576,"distribution":"{\"name\": \"FloatDistribution\", \"attributes\": {\"step\": null, \"low\": 0.0, \"high\": 0.5, \"log\": false}}"}
{"op_code":5,"worker_id":"e85338a4-22f8-4024-99d6-f57ec0c91644-140062064023360","trial_id":9,"param_name":"layers","param_value_internal":3.0,"distribution":"{\"name\": \"IntDistribution\", \"attributes\": {\"log\": false, \"step\": 1, \"low\": 1, \"high\": 3}}"}
{"op_code":5,"worker_id":"e85338a4-22f8-4024-99d6-f57ec0c91644-140062064023360","trial_id":9,"param_name":"nodes","param_value_internal":1,"distribution":"{\"name\": \"CategoricalDistribution\", \"attributes\": {\"choices\": [32, 64, 128]}}"}
{"op_code":6,"worker_id":"e85338a4-22f8-4024-99d6-f57ec0c91644-140062064023360","trial_id":9,"state":1,"values":[0.6380268876983726],"datetime_complete":"2026-04-14T11:40:02.764687"}
{"op_code":4,"worker_id":"e85338a4-22f8-4024-99d6-f57ec0c91644-140062064023360","study_id":0,"datetime_start":"2026-04-14T11:40:02.786095"}
{"op_code":5,"worker_id":"e85338a4-22f8-4024-99d6-f57ec0c91644-140062064023360","trial_id":10,"param_name":"lr","param_value_internal":0.009547340566066365,"distribution":"{\"name\": \"FloatDistribution\", \"attributes\": {\"step\": null, \"low\": 0.0001, \"high\": 0.1, \"log\": true}}"}
{"op_code":5,"worker_id":"e85338a4-22f8-4024-99d6-f57ec0c91644-140062064023360","trial_id":10,"param_name":"dropout","param_value_internal":0.3305102539306499,"distribution":"{\"name\": \"FloatDistribution\", \"attributes\": {\"step\": null, \"low\": 0.0, \"high\": 0.5, \"log\": false}}"}
{"op_code":5,"worker_id":"e85338a4-22f8-4024-99d6-f57ec0c91644-140062064023360","trial_id":10,"param_name":"layers","param_value_internal":3.0,"distribution":"{\"name\": \"IntDistribution\", \"attributes\": {\"log\": false, \"step\": 1, \"low\": 1, \"high\": 3}}"}
{"op_code":5,"worker_id":"e85338a4-22f8-4024-99d6-f57ec0c91644-140062064023360","trial_id":10,"param_name":"nodes","param_value_internal":2,"distribution":"{\"name\": \"CategoricalDistribution\", \"attributes\": {\"choices\": [32, 64, 128]}}"}
{"op_code":6,"worker_id":"e85338a4-22f8-4024-99d6-f57ec0c91644-140062064023360","trial_id":10,"state":1,"values":[0.6677044374810472],"datetime_complete":"2026-04-14T11:40:07.001177"}
{"op_code":4,"worker_id":"e85338a4-22f8-4024-99d6-f57ec0c91644-140062064023360","study_id":0,"datetime_start":"2026-04-14T11:40:07.023463"}
{"op_code":5,"worker_id":"e85338a4-22f8-4024-99d6-f57ec0c91644-140062064023360","trial_id":11,"param_name":"lr","param_value_internal":0.07878095160809581,"distribution":"{\"name\": \"FloatDistribution\", \"attributes\": {\"step\": null, \"low\": 0.0001, \"high\": 0.1, \"log\": true}}"}
{"op_code":5,"worker_id":"e85338a4-22f8-4024-99d6-f57ec0c91644-140062064023360","trial_id":11,"param_name":"dropout","param_value_internal":0.25628100846183,"distribution":"{\"name\": \"FloatDistribution\", \"attributes\": {\"step\": null, \"low\": 0.0, \"high\": 0.5, \"log\": false}}"}
{"op_code":5,"worker_id":"e85338a4-22f8-4024-99d6-f57ec0c91644-140062064023360","trial_id":11,"param_name":"layers","param_value_internal":1.0,"distribution":"{\"name\": \"IntDistribution\", \"attributes\": {\"log\": false, \"step\": 1, \"low\": 1, \"high\": 3}}"}
{"op_code":5,"worker_id":"e85338a4-22f8-4024-99d6-f57ec0c91644-140062064023360","trial_id":11,"param_name":"nodes","param_value_internal":1,"distribution":"{\"name\": \"CategoricalDistribution\", \"attributes\": {\"choices\": [32, 64, 128]}}"}
{"op_code":6,"worker_id":"e85338a4-22f8-4024-99d6-f57ec0c91644-140062064023360","trial_id":11,"state":1,"values":[0.6739512786818963],"datetime_complete":"2026-04-14T11:40:10.622478"}
{"op_code":4,"worker_id":"e85338a4-22f8-4024-99d6-f57ec0c91644-140062064023360","study_id":0,"datetime_start":"2026-04-14T11:40:10.651082"}
{"op_code":5,"worker_id":"e85338a4-22f8-4024-99d6-f57ec0c91644-140062064023360","trial_id":12,"param_name":"lr","param_value_internal":0.01666107680545302,"distribution":"{\"name\": \"FloatDistribution\", \"attributes\": {\"step\": null, \"low\": 0.0001, \"high\": 0.1, \"log\": true}}"}
{"op_code":5,"worker_id":"e85338a4-22f8-4024-99d6-f57ec0c91644-140062064023360","trial_id":12,"param_name":"dropout","param_value_internal":0.16768262666122283,"distribution":"{\"name\": \"FloatDistribution\", \"attributes\": {\"step\": null, \"low\": 0.0, \"high\": 0.5, \"log\": false}}"}
{"op_code":5,"worker_id":"e85338a4-22f8-4024-99d6-f57ec0c91644-140062064023360","trial_id":12,"param_name":"layers","param_value_internal":1.0,"distribution":"{\"name\": \"IntDistribution\", \"attributes\": {\"log\": false, \"step\": 1, \"low\": 1, \"high\": 3}}"}
{"op_code":5,"worker_id":"e85338a4-22f8-4024-99d6-f57ec0c91644-140062064023360","trial_id":12,"param_name":"nodes","param_value_internal":2,"distribution":"{\"name\": \"CategoricalDistribution\", \"attributes\": {\"choices\": [32, 64, 128]}}"}
{"op_code":6,"worker_id":"e85338a4-22f8-4024-99d6-f57ec0c91644-140062064023360","trial_id":12,"state":1,"values":[0.6664712422925301],"datetime_complete":"2026-04-14T11:40:14.272835"}
{"op_code":4,"worker_id":"e85338a4-22f8-4024-99d6-f57ec0c91644-140062064023360","study_id":0,"datetime_start":"2026-04-14T11:40:14.296332"}
{"op_code":5,"worker_id":"e85338a4-22f8-4024-99d6-f57ec0c91644-140062064023360","trial_id":13,"param_name":"lr","param_value_internal":0.02480411643716032,"distribution":"{\"name\": \"FloatDistribution\", \"attributes\": {\"step\": null, \"low\": 0.0001, \"high\": 0.1, \"log\": true}}"}
{"op_code":5,"worker_id":"e85338a4-22f8-4024-99d6-f57ec0c91644-140062064023360","trial_id":13,"param_name":"dropout","param_value_internal":0.31979468988193643,"distribution":"{\"name\": \"FloatDistribution\", \"attributes\": {\"step\": null, \"low\": 0.0, \"high\": 0.5, \"log\": false}}"}
{"op_code":5,"worker_id":"e85338a4-22f8-4024-99d6-f57ec0c91644-140062064023360","trial_id":13,"param_name":"layers","param_value_internal":1.0,"distribution":"{\"name\": \"IntDistribution\", \"attributes\": {\"log\": false, \"step\": 1, \"low\": 1, \"high\": 3}}"}
{"op_code":5,"worker_id":"e85338a4-22f8-4024-99d6-f57ec0c91644-140062064023360","trial_id":13,"param_name":"nodes","param_value_internal":1,"distribution":"{\"name\": \"CategoricalDistribution\", \"attributes\": {\"choices\": [32, 64, 128]}}"}
{"op_code":6,"worker_id":"e85338a4-22f8-4024-99d6-f57ec0c91644-140062064023360","trial_id":13,"state":1,"values":[0.6774284847872233],"datetime_complete":"2026-04-14T11:40:18.040895"}
{"op_code":4,"worker_id":"e85338a4-22f8-4024-99d6-f57ec0c91644-140062064023360","study_id":0,"datetime_start":"2026-04-14T11:40:18.054771"}
{"op_code":5,"worker_id":"e85338a4-22f8-4024-99d6-f57ec0c91644-140062064023360","trial_id":14,"param_name":"lr","param_value_internal":0.08807894937330783,"distribution":"{\"name\": \"FloatDistribution\", \"attributes\": {\"step\": null, \"low\": 0.0001, \"high\": 0.1, \"log\": true}}"}
{"op_code":5,"worker_id":"e85338a4-22f8-4024-99d6-f57ec0c91644-140062064023360","trial_id":14,"param_name":"dropout","param_value_internal":0.33682370668609757,"distribution":"{\"name\": \"FloatDistribution\", \"attributes\": {\"step\": null, \"low\": 0.0, \"high\": 0.5, \"log\": false}}"}
{"op_code":5,"worker_id":"e85338a4-22f8-4024-99d6-f57ec0c91644-140062064023360","trial_id":14,"param_name":"layers","param_value_internal":3.0,"distribution":"{\"name\": \"IntDistribution\", \"attributes\": {\"log\": false, \"step\": 1, \"low\": 1, \"high\": 3}}"}
{"op_code":5,"worker_id":"e85338a4-22f8-4024-99d6-f57ec0c91644-140062064023360","trial_id":14,"param_name":"nodes","param_value_internal":0,"distribution":"{\"name\": \"CategoricalDistribution\", \"attributes\": {\"choices\": [32, 64, 128]}}"}
{"op_code":6,"worker_id":"e85338a4-22f8-4024-99d6-f57ec0c91644-140062064023360","trial_id":14,"state":1,"values":[0.6928737491155362],"datetime_complete":"2026-04-14T11:40:22.235054"}
{"op_code":4,"worker_id":"e85338a4-22f8-4024-99d6-f57ec0c91644-140062064023360","study_id":0,"datetime_start":"2026-04-14T11:40:22.257696"}
{"op_code":5,"worker_id":"e85338a4-22f8-4024-99d6-f57ec0c91644-140062064023360","trial_id":15,"param_name":"lr","param_value_internal":0.00622780692626435,"distribution":"{\"name\": \"FloatDistribution\", \"attributes\": {\"step\": null, \"low\": 0.0001, \"high\": 0.1, \"log\": true}}"}
{"op_code":5,"worker_id":"e85338a4-22f8-4024-99d6-f57ec0c91644-140062064023360","trial_id":15,"param_name":"dropout","param_value_internal":0.3584792817217744,"distribution":"{\"name\": \"FloatDistribution\", \"attributes\": {\"step\": null, \"low\": 0.0, \"high\": 0.5, \"log\": false}}"}
{"op_code":5,"worker_id":"e85338a4-22f8-4024-99d6-f57ec0c91644-140062064023360","trial_id":15,"param_name":"layers","param_value_internal":3.0,"distribution":"{\"name\": \"IntDistribution\", \"attributes\": {\"log\": false, \"step\": 1, \"low\": 1, \"high\": 3}}"}
{"op_code":5,"worker_id":"e85338a4-22f8-4024-99d6-f57ec0c91644-140062064023360","trial_id":15,"param_name":"nodes","param_value_internal":0,"distribution":"{\"name\": \"CategoricalDistribution\", \"attributes\": {\"choices\": [32, 64, 128]}}"}
{"op_code":6,"worker_id":"e85338a4-22f8-4024-99d6-f57ec0c91644-140062064023360","trial_id":15,"state":1,"values":[0.683169918123926],"datetime_complete":"2026-04-14T11:40:26.087092"}
{"op_code":4,"worker_id":"e85338a4-22f8-4024-99d6-f57ec0c91644-140062064023360","study_id":0,"datetime_start":"2026-04-14T11:40:26.107543"}
{"op_code":5,"worker_id":"e85338a4-22f8-4024-99d6-f57ec0c91644-140062064023360","trial_id":16,"param_name":"lr","param_value_internal":0.021444574237143476,"distribution":"{\"name\": \"FloatDistribution\", \"attributes\": {\"step\": null, \"low\": 0.0001, \"high\": 0.1, \"log\": true}}"}
{"op_code":5,"worker_id":"e85338a4-22f8-4024-99d6-f57ec0c91644-140062064023360","trial_id":16,"param_name":"dropout","param_value_internal":0.15983658956473903,"distribution":"{\"name\": \"FloatDistribution\", \"attributes\": {\"step\": null, \"low\": 0.0, \"high\": 0.5, \"log\": false}}"}
{"op_code":5,"worker_id":"e85338a4-22f8-4024-99d6-f57ec0c91644-140062064023360","trial_id":16,"param_name":"layers","param_value_internal":3.0,"distribution":"{\"name\": \"IntDistribution\", \"attributes\": {\"log\": false, \"step\": 1, \"low\": 1, \"high\": 3}}"}
{"op_code":5,"worker_id":"e85338a4-22f8-4024-99d6-f57ec0c91644-140062064023360","trial_id":16,"param_name":"nodes","param_value_internal":0,"distribution":"{\"name\": \"CategoricalDistribution\", \"attributes\": {\"choices\": [32, 64, 128]}}"}
{"op_code":6,"worker_id":"e85338a4-22f8-4024-99d6-f57ec0c91644-140062064023360","trial_id":16,"state":1,"values":[0.682745375518043],"datetime_complete":"2026-04-14T11:40:30.392740"}
{"op_code":4,"worker_id":"e85338a4-22f8-4024-99d6-f57ec0c91644-140062064023360","study_id":0,"datetime_start":"2026-04-14T11:40:30.407771"}
{"op_code":5,"worker_id":"e85338a4-22f8-4024-99d6-f57ec0c91644-140062064023360","trial_id":17,"param_name":"lr","param_value_internal":0.0001205664566583968,"distribution":"{\"name\": \"FloatDistribution\", \"attributes\": {\"step\": null, \"low\": 0.0001, \"high\": 0.1, \"log\": true}}"}
{"op_code":5,"worker_id":"e85338a4-22f8-4024-99d6-f57ec0c91644-140062064023360","trial_id":17,"param_name":"dropout","param_value_internal":0.4148396770769541,"distribution":"{\"name\": \"FloatDistribution\", \"attributes\": {\"step\": null, \"low\": 0.0, \"high\": 0.5, \"log\": false}}"}
{"op_code":5,"worker_id":"e85338a4-22f8-4024-99d6-f57ec0c91644-140062064023360","trial_id":17,"param_name":"layers","param_value_internal":3.0,"distribution":"{\"name\": \"IntDistribution\", \"attributes\": {\"log\": false, \"step\": 1, \"low\": 1, \"high\": 3}}"}
{"op_code":5,"worker_id":"e85338a4-22f8-4024-99d6-f57ec0c91644-140062064023360","trial_id":17,"param_name":"nodes","param_value_internal":0,"distribution":"{\"name\": \"CategoricalDistribution\", \"attributes\": {\"choices\": [32, 64, 128]}}"}
{"op_code":6,"worker_id":"e85338a4-22f8-4024-99d6-f57ec0c91644-140062064023360","trial_id":17,"state":1,"values":[0.6653189123622764],"datetime_complete":"2026-04-14T11:40:34.500571"}
{"op_code":4,"worker_id":"e85338a4-22f8-4024-99d6-f57ec0c91644-140062064023360","study_id":0,"datetime_start":"2026-04-14T11:40:34.529640"}
{"op_code":5,"worker_id":"e85338a4-22f8-4024-99d6-f57ec0c91644-140062064023360","trial_id":18,"param_name":"lr","param_value_internal":0.09255441175240854,"distribution":"{\"name\": \"FloatDistribution\", \"attributes\": {\"step\": null, \"low\": 0.0001, \"high\": 0.1, \"log\": true}}"}
{"op_code":5,"worker_id":"e85338a4-22f8-4024-99d6-f57ec0c91644-140062064023360","trial_id":18,"param_name":"dropout","param_value_internal":0.30325599519744106,"distribution":"{\"name\": \"FloatDistribution\", \"attributes\": {\"step\": null, \"low\": 0.0, \"high\": 0.5, \"log\": false}}"}
{"op_code":5,"worker_id":"e85338a4-22f8-4024-99d6-f57ec0c91644-140062064023360","trial_id":18,"param_name":"layers","param_value_internal":3.0,"distribution":"{\"name\": \"IntDistribution\", \"attributes\": {\"log\": false, \"step\": 1, \"low\": 1, \"high\": 3}}"}
{"op_code":5,"worker_id":"e85338a4-22f8-4024-99d6-f57ec0c91644-140062064023360","trial_id":18,"param_name":"nodes","param_value_internal":2,"distribution":"{\"name\": \"CategoricalDistribution\", \"attributes\": {\"choices\": [32, 64, 128]}}"}
{"op_code":6,"worker_id":"e85338a4-22f8-4024-99d6-f57ec0c91644-140062064023360","trial_id":18,"state":1,"values":[0.6891640553927019],"datetime_complete":"2026-04-14T11:40:38.560564"}
{"op_code":4,"worker_id":"e85338a4-22f8-4024-99d6-f57ec0c91644-140062064023360","study_id":0,"datetime_start":"2026-04-14T11:40:38.581393"}
{"op_code":5,"worker_id":"e85338a4-22f8-4024-99d6-f57ec0c91644-140062064023360","trial_id":19,"param_name":"lr","param_value_internal":0.011040555169338164,"distribution":"{\"name\": \"FloatDistribution\", \"attributes\": {\"step\": null, \"low\": 0.0001, \"high\": 0.1, \"log\": true}}"}
{"op_code":5,"worker_id":"e85338a4-22f8-4024-99d6-f57ec0c91644-140062064023360","trial_id":19,"param_name":"dropout","param_value_internal":0.009294455810478386,"distribution":"{\"name\": \"FloatDistribution\", \"attributes\": {\"step\": null, \"low\": 0.0, \"high\": 0.5, \"log\": false}}"}
{"op_code":5,"worker_id":"e85338a4-22f8-4024-99d6-f57ec0c91644-140062064023360","trial_id":19,"param_name":"layers","param_value_internal":3.0,"distribution":"{\"name\": \"IntDistribution\", \"attributes\": {\"log\": false, \"step\": 1, \"low\": 1, \"high\": 3}}"}
{"op_code":5,"worker_id":"e85338a4-22f8-4024-99d6-f57ec0c91644-140062064023360","trial_id":19,"param_name":"nodes","param_value_internal":0,"distribution":"{\"name\": \"CategoricalDistribution\", \"attributes\": {\"choices\": [32, 64, 128]}}"}
{"op_code":6,"worker_id":"e85338a4-22f8-4024-99d6-f57ec0c91644-140062064023360","trial_id":19,"state":1,"values":[0.6145052057010008],"datetime_complete":"2026-04-14T11:40:42.694820"}
