{"op_code":0,"worker_id":"c5beca5b-ec21-499c-bd67-a8bb73bbdff3-140544486217536","study_name":"deepsurv_tuning","directions":[2]}
{"op_code":4,"worker_id":"c5beca5b-ec21-499c-bd67-a8bb73bbdff3-140544486217536","study_id":0,"datetime_start":"2026-03-31T19:37:58.174644"}
{"op_code":5,"worker_id":"c5beca5b-ec21-499c-bd67-a8bb73bbdff3-140544486217536","trial_id":0,"param_name":"lr","param_value_internal":0.0008077494526489397,"distribution":"{\"name\": \"FloatDistribution\", \"attributes\": {\"step\": null, \"low\": 0.0001, \"high\": 0.1, \"log\": true}}"}
{"op_code":5,"worker_id":"c5beca5b-ec21-499c-bd67-a8bb73bbdff3-140544486217536","trial_id":0,"param_name":"dropout","param_value_internal":0.28076118023667673,"distribution":"{\"name\": \"FloatDistribution\", \"attributes\": {\"step\": null, \"low\": 0.0, \"high\": 0.5, \"log\": false}}"}
{"op_code":5,"worker_id":"c5beca5b-ec21-499c-bd67-a8bb73bbdff3-140544486217536","trial_id":0,"param_name":"layers","param_value_internal":2,"distribution":"{\"name\": \"CategoricalDistribution\", \"attributes\": {\"choices\": [1, 2, 3]}}"}
{"op_code":5,"worker_id":"c5beca5b-ec21-499c-bd67-a8bb73bbdff3-140544486217536","trial_id":0,"param_name":"nodes","param_value_internal":2,"distribution":"{\"name\": \"CategoricalDistribution\", \"attributes\": {\"choices\": [16, 32, 64]}}"}
{"op_code":6,"worker_id":"c5beca5b-ec21-499c-bd67-a8bb73bbdff3-140544486217536","trial_id":0,"state":1,"values":[0.5965074467723092],"datetime_complete":"2026-03-31T19:38:06.381491"}
{"op_code":4,"worker_id":"c5beca5b-ec21-499c-bd67-a8bb73bbdff3-140544486217536","study_id":0,"datetime_start":"2026-03-31T19:38:06.410928"}
{"op_code":5,"worker_id":"c5beca5b-ec21-499c-bd67-a8bb73bbdff3-140544486217536","trial_id":1,"param_name":"lr","param_value_internal":0.005037206739016308,"distribution":"{\"name\": \"FloatDistribution\", \"attributes\": {\"step\": null, \"low\": 0.0001, \"high\": 0.1, \"log\": true}}"}
{"op_code":5,"worker_id":"c5beca5b-ec21-499c-bd67-a8bb73bbdff3-140544486217536","trial_id":1,"param_name":"dropout","param_value_internal":0.4910995230860931,"distribution":"{\"name\": \"FloatDistribution\", \"attributes\": {\"step\": null, \"low\": 0.0, \"high\": 0.5, \"log\": false}}"}
{"op_code":5,"worker_id":"c5beca5b-ec21-499c-bd67-a8bb73bbdff3-140544486217536","trial_id":1,"param_name":"layers","param_value_internal":2,"distribution":"{\"name\": \"CategoricalDistribution\", \"attributes\": {\"choices\": [1, 2, 3]}}"}
{"op_code":5,"worker_id":"c5beca5b-ec21-499c-bd67-a8bb73bbdff3-140544486217536","trial_id":1,"param_name":"nodes","param_value_internal":2,"distribution":"{\"name\": \"CategoricalDistribution\", \"attributes\": {\"choices\": [16, 32, 64]}}"}
{"op_code":6,"worker_id":"c5beca5b-ec21-499c-bd67-a8bb73bbdff3-140544486217536","trial_id":1,"state":1,"values":[0.596892546421806],"datetime_complete":"2026-03-31T19:38:14.481059"}
{"op_code":4,"worker_id":"c5beca5b-ec21-499c-bd67-a8bb73bbdff3-140544486217536","study_id":0,"datetime_start":"2026-03-31T19:38:14.492585"}
{"op_code":5,"worker_id":"c5beca5b-ec21-499c-bd67-a8bb73bbdff3-140544486217536","trial_id":2,"param_name":"lr","param_value_internal":0.0009846490115094815,"distribution":"{\"name\": \"FloatDistribution\", \"attributes\": {\"step\": null, \"low\": 0.0001, \"high\": 0.1, \"log\": true}}"}
{"op_code":5,"worker_id":"c5beca5b-ec21-499c-bd67-a8bb73bbdff3-140544486217536","trial_id":2,"param_name":"dropout","param_value_internal":0.41784791610323035,"distribution":"{\"name\": \"FloatDistribution\", \"attributes\": {\"step\": null, \"low\": 0.0, \"high\": 0.5, \"log\": false}}"}
{"op_code":5,"worker_id":"c5beca5b-ec21-499c-bd67-a8bb73bbdff3-140544486217536","trial_id":2,"param_name":"layers","param_value_internal":0,"distribution":"{\"name\": \"CategoricalDistribution\", \"attributes\": {\"choices\": [1, 2, 3]}}"}
{"op_code":5,"worker_id":"c5beca5b-ec21-499c-bd67-a8bb73bbdff3-140544486217536","trial_id":2,"param_name":"nodes","param_value_internal":1,"distribution":"{\"name\": \"CategoricalDistribution\", \"attributes\": {\"choices\": [16, 32, 64]}}"}
{"op_code":6,"worker_id":"c5beca5b-ec21-499c-bd67-a8bb73bbdff3-140544486217536","trial_id":2,"state":1,"values":[0.5972271690922084],"datetime_complete":"2026-03-31T19:38:20.231519"}
{"op_code":4,"worker_id":"c5beca5b-ec21-499c-bd67-a8bb73bbdff3-140544486217536","study_id":0,"datetime_start":"2026-03-31T19:38:20.249413"}
{"op_code":5,"worker_id":"c5beca5b-ec21-499c-bd67-a8bb73bbdff3-140544486217536","trial_id":3,"param_name":"lr","param_value_internal":0.0003719736377443383,"distribution":"{\"name\": \"FloatDistribution\", \"attributes\": {\"step\": null, \"low\": 0.0001, \"high\": 0.1, \"log\": true}}"}
{"op_code":5,"worker_id":"c5beca5b-ec21-499c-bd67-a8bb73bbdff3-140544486217536","trial_id":3,"param_name":"dropout","param_value_internal":0.02013300357407144,"distribution":"{\"name\": \"FloatDistribution\", \"attributes\": {\"step\": null, \"low\": 0.0, \"high\": 0.5, \"log\": false}}"}
{"op_code":5,"worker_id":"c5beca5b-ec21-499c-bd67-a8bb73bbdff3-140544486217536","trial_id":3,"param_name":"layers","param_value_internal":2,"distribution":"{\"name\": \"CategoricalDistribution\", \"attributes\": {\"choices\": [1, 2, 3]}}"}
{"op_code":5,"worker_id":"c5beca5b-ec21-499c-bd67-a8bb73bbdff3-140544486217536","trial_id":3,"param_name":"nodes","param_value_internal":1,"distribution":"{\"name\": \"CategoricalDistribution\", \"attributes\": {\"choices\": [16, 32, 64]}}"}
{"op_code":6,"worker_id":"c5beca5b-ec21-499c-bd67-a8bb73bbdff3-140544486217536","trial_id":3,"state":1,"values":[0.5920836216381765],"datetime_complete":"2026-03-31T19:38:28.266532"}
{"op_code":4,"worker_id":"c5beca5b-ec21-499c-bd67-a8bb73bbdff3-140544486217536","study_id":0,"datetime_start":"2026-03-31T19:38:28.278518"}
{"op_code":5,"worker_id":"c5beca5b-ec21-499c-bd67-a8bb73bbdff3-140544486217536","trial_id":4,"param_name":"lr","param_value_internal":0.0011437260790166652,"distribution":"{\"name\": \"FloatDistribution\", \"attributes\": {\"step\": null, \"low\": 0.0001, \"high\": 0.1, \"log\": true}}"}
{"op_code":5,"worker_id":"c5beca5b-ec21-499c-bd67-a8bb73bbdff3-140544486217536","trial_id":4,"param_name":"dropout","param_value_internal":0.35725689277174744,"distribution":"{\"name\": \"FloatDistribution\", \"attributes\": {\"step\": null, \"low\": 0.0, \"high\": 0.5, \"log\": false}}"}
{"op_code":5,"worker_id":"c5beca5b-ec21-499c-bd67-a8bb73bbdff3-140544486217536","trial_id":4,"param_name":"layers","param_value_internal":1,"distribution":"{\"name\": \"CategoricalDistribution\", \"attributes\": {\"choices\": [1, 2, 3]}}"}
{"op_code":5,"worker_id":"c5beca5b-ec21-499c-bd67-a8bb73bbdff3-140544486217536","trial_id":4,"param_name":"nodes","param_value_internal":2,"distribution":"{\"name\": \"CategoricalDistribution\", \"attributes\": {\"choices\": [16, 32, 64]}}"}
{"op_code":6,"worker_id":"c5beca5b-ec21-499c-bd67-a8bb73bbdff3-140544486217536","trial_id":4,"state":1,"values":[0.5960883176987035],"datetime_complete":"2026-03-31T19:38:35.201501"}
{"op_code":4,"worker_id":"c5beca5b-ec21-499c-bd67-a8bb73bbdff3-140544486217536","study_id":0,"datetime_start":"2026-03-31T19:38:35.217634"}
{"op_code":5,"worker_id":"c5beca5b-ec21-499c-bd67-a8bb73bbdff3-140544486217536","trial_id":5,"param_name":"lr","param_value_internal":0.0051636981415649355,"distribution":"{\"name\": \"FloatDistribution\", \"attributes\": {\"step\": null, \"low\": 0.0001, \"high\": 0.1, \"log\": true}}"}
{"op_code":5,"worker_id":"c5beca5b-ec21-499c-bd67-a8bb73bbdff3-140544486217536","trial_id":5,"param_name":"dropout","param_value_internal":0.24135270505757822,"distribution":"{\"name\": \"FloatDistribution\", \"attributes\": {\"step\": null, \"low\": 0.0, \"high\": 0.5, \"log\": false}}"}
{"op_code":5,"worker_id":"c5beca5b-ec21-499c-bd67-a8bb73bbdff3-140544486217536","trial_id":5,"param_name":"layers","param_value_internal":2,"distribution":"{\"name\": \"CategoricalDistribution\", \"attributes\": {\"choices\": [1, 2, 3]}}"}
{"op_code":5,"worker_id":"c5beca5b-ec21-499c-bd67-a8bb73bbdff3-140544486217536","trial_id":5,"param_name":"nodes","param_value_internal":0,"distribution":"{\"name\": \"CategoricalDistribution\", \"attributes\": {\"choices\": [16, 32, 64]}}"}
{"op_code":6,"worker_id":"c5beca5b-ec21-499c-bd67-a8bb73bbdff3-140544486217536","trial_id":5,"state":1,"values":[0.5863944690842682],"datetime_complete":"2026-03-31T19:38:43.321325"}
{"op_code":4,"worker_id":"c5beca5b-ec21-499c-bd67-a8bb73bbdff3-140544486217536","study_id":0,"datetime_start":"2026-03-31T19:38:43.333480"}
{"op_code":5,"worker_id":"c5beca5b-ec21-499c-bd67-a8bb73bbdff3-140544486217536","trial_id":6,"param_name":"lr","param_value_internal":0.0012788255593765762,"distribution":"{\"name\": \"FloatDistribution\", \"attributes\": {\"step\": null, \"low\": 0.0001, \"high\": 0.1, \"log\": true}}"}
{"op_code":5,"worker_id":"c5beca5b-ec21-499c-bd67-a8bb73bbdff3-140544486217536","trial_id":6,"param_name":"dropout","param_value_internal":0.42148338206216357,"distribution":"{\"name\": \"FloatDistribution\", \"attributes\": {\"step\": null, \"low\": 0.0, \"high\": 0.5, \"log\": false}}"}
{"op_code":5,"worker_id":"c5beca5b-ec21-499c-bd67-a8bb73bbdff3-140544486217536","trial_id":6,"param_name":"layers","param_value_internal":0,"distribution":"{\"name\": \"CategoricalDistribution\", \"attributes\": {\"choices\": [1, 2, 3]}}"}
{"op_code":5,"worker_id":"c5beca5b-ec21-499c-bd67-a8bb73bbdff3-140544486217536","trial_id":6,"param_name":"nodes","param_value_internal":2,"distribution":"{\"name\": \"CategoricalDistribution\", \"attributes\": {\"choices\": [16, 32, 64]}}"}
{"op_code":6,"worker_id":"c5beca5b-ec21-499c-bd67-a8bb73bbdff3-140544486217536","trial_id":6,"state":1,"values":[0.5948366020485714],"datetime_complete":"2026-03-31T19:38:49.002028"}
{"op_code":4,"worker_id":"c5beca5b-ec21-499c-bd67-a8bb73bbdff3-140544486217536","study_id":0,"datetime_start":"2026-03-31T19:38:49.016395"}
{"op_code":5,"worker_id":"c5beca5b-ec21-499c-bd67-a8bb73bbdff3-140544486217536","trial_id":7,"param_name":"lr","param_value_internal":0.0023631785852407123,"distribution":"{\"name\": \"FloatDistribution\", \"attributes\": {\"step\": null, \"low\": 0.0001, \"high\": 0.1, \"log\": true}}"}
{"op_code":5,"worker_id":"c5beca5b-ec21-499c-bd67-a8bb73bbdff3-140544486217536","trial_id":7,"param_name":"dropout","param_value_internal":0.16919883701069355,"distribution":"{\"name\": \"FloatDistribution\", \"attributes\": {\"step\": null, \"low\": 0.0, \"high\": 0.5, \"log\": false}}"}
{"op_code":5,"worker_id":"c5beca5b-ec21-499c-bd67-a8bb73bbdff3-140544486217536","trial_id":7,"param_name":"layers","param_value_internal":2,"distribution":"{\"name\": \"CategoricalDistribution\", \"attributes\": {\"choices\": [1, 2, 3]}}"}
{"op_code":5,"worker_id":"c5beca5b-ec21-499c-bd67-a8bb73bbdff3-140544486217536","trial_id":7,"param_name":"nodes","param_value_internal":1,"distribution":"{\"name\": \"CategoricalDistribution\", \"attributes\": {\"choices\": [16, 32, 64]}}"}
{"op_code":6,"worker_id":"c5beca5b-ec21-499c-bd67-a8bb73bbdff3-140544486217536","trial_id":7,"state":1,"values":[0.5983246180197144],"datetime_complete":"2026-03-31T19:38:57.052447"}
{"op_code":4,"worker_id":"c5beca5b-ec21-499c-bd67-a8bb73bbdff3-140544486217536","study_id":0,"datetime_start":"2026-03-31T19:38:57.075806"}
{"op_code":5,"worker_id":"c5beca5b-ec21-499c-bd67-a8bb73bbdff3-140544486217536","trial_id":8,"param_name":"lr","param_value_internal":0.00379079002626215,"distribution":"{\"name\": \"FloatDistribution\", \"attributes\": {\"step\": null, \"low\": 0.0001, \"high\": 0.1, \"log\": true}}"}
{"op_code":5,"worker_id":"c5beca5b-ec21-499c-bd67-a8bb73bbdff3-140544486217536","trial_id":8,"param_name":"dropout","param_value_internal":0.0280671928057305,"distribution":"{\"name\": \"FloatDistribution\", \"attributes\": {\"step\": null, \"low\": 0.0, \"high\": 0.5, \"log\": false}}"}
{"op_code":5,"worker_id":"c5beca5b-ec21-499c-bd67-a8bb73bbdff3-140544486217536","trial_id":8,"param_name":"layers","param_value_internal":1,"distribution":"{\"name\": \"CategoricalDistribution\", \"attributes\": {\"choices\": [1, 2, 3]}}"}
{"op_code":5,"worker_id":"c5beca5b-ec21-499c-bd67-a8bb73bbdff3-140544486217536","trial_id":8,"param_name":"nodes","param_value_internal":2,"distribution":"{\"name\": \"CategoricalDistribution\", \"attributes\": {\"choices\": [16, 32, 64]}}"}
{"op_code":6,"worker_id":"c5beca5b-ec21-499c-bd67-a8bb73bbdff3-140544486217536","trial_id":8,"state":1,"values":[0.6079991832938214],"datetime_complete":"2026-03-31T19:39:04.011648"}
{"op_code":4,"worker_id":"c5beca5b-ec21-499c-bd67-a8bb73bbdff3-140544486217536","study_id":0,"datetime_start":"2026-03-31T19:39:04.028775"}
{"op_code":5,"worker_id":"c5beca5b-ec21-499c-bd67-a8bb73bbdff3-140544486217536","trial_id":9,"param_name":"lr","param_value_internal":0.00549307801888266,"distribution":"{\"name\": \"FloatDistribution\", \"attributes\": {\"step\": null, \"low\": 0.0001, \"high\": 0.1, \"log\": true}}"}
{"op_code":5,"worker_id":"c5beca5b-ec21-499c-bd67-a8bb73bbdff3-140544486217536","trial_id":9,"param_name":"dropout","param_value_internal":0.10318966395602552,"distribution":"{\"name\": \"FloatDistribution\", \"attributes\": {\"step\": null, \"low\": 0.0, \"high\": 0.5, \"log\": false}}"}
{"op_code":5,"worker_id":"c5beca5b-ec21-499c-bd67-a8bb73bbdff3-140544486217536","trial_id":9,"param_name":"layers","param_value_internal":0,"distribution":"{\"name\": \"CategoricalDistribution\", \"attributes\": {\"choices\": [1, 2, 3]}}"}
{"op_code":5,"worker_id":"c5beca5b-ec21-499c-bd67-a8bb73bbdff3-140544486217536","trial_id":9,"param_name":"nodes","param_value_internal":1,"distribution":"{\"name\": \"CategoricalDistribution\", \"attributes\": {\"choices\": [16, 32, 64]}}"}
{"op_code":6,"worker_id":"c5beca5b-ec21-499c-bd67-a8bb73bbdff3-140544486217536","trial_id":9,"state":1,"values":[0.600923331707483],"datetime_complete":"2026-03-31T19:39:09.688634"}
{"op_code":4,"worker_id":"c5beca5b-ec21-499c-bd67-a8bb73bbdff3-140544486217536","study_id":0,"datetime_start":"2026-03-31T19:39:09.706483"}
{"op_code":5,"worker_id":"c5beca5b-ec21-499c-bd67-a8bb73bbdff3-140544486217536","trial_id":10,"param_name":"lr","param_value_internal":0.059372483848298935,"distribution":"{\"name\": \"FloatDistribution\", \"attributes\": {\"step\": null, \"low\": 0.0001, \"high\": 0.1, \"log\": true}}"}
{"op_code":5,"worker_id":"c5beca5b-ec21-499c-bd67-a8bb73bbdff3-140544486217536","trial_id":10,"param_name":"dropout","param_value_internal":0.0018998557556284788,"distribution":"{\"name\": \"FloatDistribution\", \"attributes\": {\"step\": null, \"low\": 0.0, \"high\": 0.5, \"log\": false}}"}
{"op_code":5,"worker_id":"c5beca5b-ec21-499c-bd67-a8bb73bbdff3-140544486217536","trial_id":10,"param_name":"layers","param_value_internal":1,"distribution":"{\"name\": \"CategoricalDistribution\", \"attributes\": {\"choices\": [1, 2, 3]}}"}
{"op_code":5,"worker_id":"c5beca5b-ec21-499c-bd67-a8bb73bbdff3-140544486217536","trial_id":10,"param_name":"nodes","param_value_internal":0,"distribution":"{\"name\": \"CategoricalDistribution\", \"attributes\": {\"choices\": [16, 32, 64]}}"}
{"op_code":6,"worker_id":"c5beca5b-ec21-499c-bd67-a8bb73bbdff3-140544486217536","trial_id":10,"state":1,"values":[0.5976553726789097],"datetime_complete":"2026-03-31T19:39:16.712626"}
{"op_code":4,"worker_id":"c5beca5b-ec21-499c-bd67-a8bb73bbdff3-140544486217536","study_id":0,"datetime_start":"2026-03-31T19:39:16.724893"}
{"op_code":5,"worker_id":"c5beca5b-ec21-499c-bd67-a8bb73bbdff3-140544486217536","trial_id":11,"param_name":"lr","param_value_internal":0.01909464235117745,"distribution":"{\"name\": \"FloatDistribution\", \"attributes\": {\"step\": null, \"low\": 0.0001, \"high\": 0.1, \"log\": true}}"}
{"op_code":5,"worker_id":"c5beca5b-ec21-499c-bd67-a8bb73bbdff3-140544486217536","trial_id":11,"param_name":"dropout","param_value_internal":0.11800794660240412,"distribution":"{\"name\": \"FloatDistribution\", \"attributes\": {\"step\": null, \"low\": 0.0, \"high\": 0.5, \"log\": false}}"}
{"op_code":5,"worker_id":"c5beca5b-ec21-499c-bd67-a8bb73bbdff3-140544486217536","trial_id":11,"param_name":"layers","param_value_internal":0,"distribution":"{\"name\": \"CategoricalDistribution\", \"attributes\": {\"choices\": [1, 2, 3]}}"}
{"op_code":5,"worker_id":"c5beca5b-ec21-499c-bd67-a8bb73bbdff3-140544486217536","trial_id":11,"param_name":"nodes","param_value_internal":1,"distribution":"{\"name\": \"CategoricalDistribution\", \"attributes\": {\"choices\": [16, 32, 64]}}"}
{"op_code":6,"worker_id":"c5beca5b-ec21-499c-bd67-a8bb73bbdff3-140544486217536","trial_id":11,"state":1,"values":[0.5939773590898263],"datetime_complete":"2026-03-31T19:39:22.483913"}
{"op_code":4,"worker_id":"c5beca5b-ec21-499c-bd67-a8bb73bbdff3-140544486217536","study_id":0,"datetime_start":"2026-03-31T19:39:22.502227"}
{"op_code":5,"worker_id":"c5beca5b-ec21-499c-bd67-a8bb73bbdff3-140544486217536","trial_id":12,"param_name":"lr","param_value_internal":0.014176719664740435,"distribution":"{\"name\": \"FloatDistribution\", \"attributes\": {\"step\": null, \"low\": 0.0001, \"high\": 0.1, \"log\": true}}"}
{"op_code":5,"worker_id":"c5beca5b-ec21-499c-bd67-a8bb73bbdff3-140544486217536","trial_id":12,"param_name":"dropout","param_value_internal":0.10009004294793679,"distribution":"{\"name\": \"FloatDistribution\", \"attributes\": {\"step\": null, \"low\": 0.0, \"high\": 0.5, \"log\": false}}"}
{"op_code":5,"worker_id":"c5beca5b-ec21-499c-bd67-a8bb73bbdff3-140544486217536","trial_id":12,"param_name":"layers","param_value_internal":1,"distribution":"{\"name\": \"CategoricalDistribution\", \"attributes\": {\"choices\": [1, 2, 3]}}"}
{"op_code":5,"worker_id":"c5beca5b-ec21-499c-bd67-a8bb73bbdff3-140544486217536","trial_id":12,"param_name":"nodes","param_value_internal":2,"distribution":"{\"name\": \"CategoricalDistribution\", \"attributes\": {\"choices\": [16, 32, 64]}}"}
{"op_code":6,"worker_id":"c5beca5b-ec21-499c-bd67-a8bb73bbdff3-140544486217536","trial_id":12,"state":1,"values":[0.6074637870211776],"datetime_complete":"2026-03-31T19:39:29.532733"}
{"op_code":4,"worker_id":"c5beca5b-ec21-499c-bd67-a8bb73bbdff3-140544486217536","study_id":0,"datetime_start":"2026-03-31T19:39:29.545269"}
{"op_code":5,"worker_id":"c5beca5b-ec21-499c-bd67-a8bb73bbdff3-140544486217536","trial_id":13,"param_name":"lr","param_value_internal":0.02062260150486541,"distribution":"{\"name\": \"FloatDistribution\", \"attributes\": {\"step\": null, \"low\": 0.0001, \"high\": 0.1, \"log\": true}}"}
{"op_code":5,"worker_id":"c5beca5b-ec21-499c-bd67-a8bb73bbdff3-140544486217536","trial_id":13,"param_name":"dropout","param_value_internal":0.07853478426184682,"distribution":"{\"name\": \"FloatDistribution\", \"attributes\": {\"step\": null, \"low\": 0.0, \"high\": 0.5, \"log\": false}}"}
{"op_code":5,"worker_id":"c5beca5b-ec21-499c-bd67-a8bb73bbdff3-140544486217536","trial_id":13,"param_name":"layers","param_value_internal":1,"distribution":"{\"name\": \"CategoricalDistribution\", \"attributes\": {\"choices\": [1, 2, 3]}}"}
{"op_code":5,"worker_id":"c5beca5b-ec21-499c-bd67-a8bb73bbdff3-140544486217536","trial_id":13,"param_name":"nodes","param_value_internal":2,"distribution":"{\"name\": \"CategoricalDistribution\", \"attributes\": {\"choices\": [16, 32, 64]}}"}
{"op_code":6,"worker_id":"c5beca5b-ec21-499c-bd67-a8bb73bbdff3-140544486217536","trial_id":13,"state":1,"values":[0.6028221735727493],"datetime_complete":"2026-03-31T19:39:36.503475"}
{"op_code":4,"worker_id":"c5beca5b-ec21-499c-bd67-a8bb73bbdff3-140544486217536","study_id":0,"datetime_start":"2026-03-31T19:39:36.527695"}
{"op_code":5,"worker_id":"c5beca5b-ec21-499c-bd67-a8bb73bbdff3-140544486217536","trial_id":14,"param_name":"lr","param_value_internal":0.017720259241990065,"distribution":"{\"name\": \"FloatDistribution\", \"attributes\": {\"step\": null, \"low\": 0.0001, \"high\": 0.1, \"log\": true}}"}
{"op_code":5,"worker_id":"c5beca5b-ec21-499c-bd67-a8bb73bbdff3-140544486217536","trial_id":14,"param_name":"dropout","param_value_internal":0.1882685317390309,"distribution":"{\"name\": \"FloatDistribution\", \"attributes\": {\"step\": null, \"low\": 0.0, \"high\": 0.5, \"log\": false}}"}
{"op_code":5,"worker_id":"c5beca5b-ec21-499c-bd67-a8bb73bbdff3-140544486217536","trial_id":14,"param_name":"layers","param_value_internal":1,"distribution":"{\"name\": \"CategoricalDistribution\", \"attributes\": {\"choices\": [1, 2, 3]}}"}
{"op_code":5,"worker_id":"c5beca5b-ec21-499c-bd67-a8bb73bbdff3-140544486217536","trial_id":14,"param_name":"nodes","param_value_internal":2,"distribution":"{\"name\": \"CategoricalDistribution\", \"attributes\": {\"choices\": [16, 32, 64]}}"}
{"op_code":6,"worker_id":"c5beca5b-ec21-499c-bd67-a8bb73bbdff3-140544486217536","trial_id":14,"state":1,"values":[0.5996166018217085],"datetime_complete":"2026-03-31T19:39:43.444633"}
{"op_code":4,"worker_id":"c5beca5b-ec21-499c-bd67-a8bb73bbdff3-140544486217536","study_id":0,"datetime_start":"2026-03-31T19:39:43.469774"}
{"op_code":5,"worker_id":"c5beca5b-ec21-499c-bd67-a8bb73bbdff3-140544486217536","trial_id":15,"param_name":"lr","param_value_internal":0.00011047208698281976,"distribution":"{\"name\": \"FloatDistribution\", \"attributes\": {\"step\": null, \"low\": 0.0001, \"high\": 0.1, \"log\": true}}"}
{"op_code":5,"worker_id":"c5beca5b-ec21-499c-bd67-a8bb73bbdff3-140544486217536","trial_id":15,"param_name":"dropout","param_value_internal":0.047171085903925186,"distribution":"{\"name\": \"FloatDistribution\", \"attributes\": {\"step\": null, \"low\": 0.0, \"high\": 0.5, \"log\": false}}"}
{"op_code":5,"worker_id":"c5beca5b-ec21-499c-bd67-a8bb73bbdff3-140544486217536","trial_id":15,"param_name":"layers","param_value_internal":1,"distribution":"{\"name\": \"CategoricalDistribution\", \"attributes\": {\"choices\": [1, 2, 3]}}"}
{"op_code":5,"worker_id":"c5beca5b-ec21-499c-bd67-a8bb73bbdff3-140544486217536","trial_id":15,"param_name":"nodes","param_value_internal":2,"distribution":"{\"name\": \"CategoricalDistribution\", \"attributes\": {\"choices\": [16, 32, 64]}}"}
{"op_code":6,"worker_id":"c5beca5b-ec21-499c-bd67-a8bb73bbdff3-140544486217536","trial_id":15,"state":1,"values":[0.5833839993647841],"datetime_complete":"2026-03-31T19:39:50.672589"}
{"op_code":4,"worker_id":"c5beca5b-ec21-499c-bd67-a8bb73bbdff3-140544486217536","study_id":0,"datetime_start":"2026-03-31T19:39:50.692466"}
{"op_code":5,"worker_id":"c5beca5b-ec21-499c-bd67-a8bb73bbdff3-140544486217536","trial_id":16,"param_name":"lr","param_value_internal":0.096917636687545,"distribution":"{\"name\": \"FloatDistribution\", \"attributes\": {\"step\": null, \"low\": 0.0001, \"high\": 0.1, \"log\": true}}"}
{"op_code":5,"worker_id":"c5beca5b-ec21-499c-bd67-a8bb73bbdff3-140544486217536","trial_id":16,"param_name":"dropout","param_value_internal":0.17218967457822934,"distribution":"{\"name\": \"FloatDistribution\", \"attributes\": {\"step\": null, \"low\": 0.0, \"high\": 0.5, \"log\": false}}"}
{"op_code":5,"worker_id":"c5beca5b-ec21-499c-bd67-a8bb73bbdff3-140544486217536","trial_id":16,"param_name":"layers","param_value_internal":1,"distribution":"{\"name\": \"CategoricalDistribution\", \"attributes\": {\"choices\": [1, 2, 3]}}"}
{"op_code":5,"worker_id":"c5beca5b-ec21-499c-bd67-a8bb73bbdff3-140544486217536","trial_id":16,"param_name":"nodes","param_value_internal":2,"distribution":"{\"name\": \"CategoricalDistribution\", \"attributes\": {\"choices\": [16, 32, 64]}}"}
{"op_code":6,"worker_id":"c5beca5b-ec21-499c-bd67-a8bb73bbdff3-140544486217536","trial_id":16,"state":1,"values":[0.5940760444197416],"datetime_complete":"2026-03-31T19:39:57.618317"}
{"op_code":4,"worker_id":"c5beca5b-ec21-499c-bd67-a8bb73bbdff3-140544486217536","study_id":0,"datetime_start":"2026-03-31T19:39:57.639113"}
{"op_code":5,"worker_id":"c5beca5b-ec21-499c-bd67-a8bb73bbdff3-140544486217536","trial_id":17,"param_name":"lr","param_value_internal":0.011474011323990556,"distribution":"{\"name\": \"FloatDistribution\", \"attributes\": {\"step\": null, \"low\": 0.0001, \"high\": 0.1, \"log\": true}}"}
{"op_code":5,"worker_id":"c5beca5b-ec21-499c-bd67-a8bb73bbdff3-140544486217536","trial_id":17,"param_name":"dropout","param_value_internal":0.11546454693363033,"distribution":"{\"name\": \"FloatDistribution\", \"attributes\": {\"step\": null, \"low\": 0.0, \"high\": 0.5, \"log\": false}}"}
{"op_code":5,"worker_id":"c5beca5b-ec21-499c-bd67-a8bb73bbdff3-140544486217536","trial_id":17,"param_name":"layers","param_value_internal":1,"distribution":"{\"name\": \"CategoricalDistribution\", \"attributes\": {\"choices\": [1, 2, 3]}}"}
{"op_code":5,"worker_id":"c5beca5b-ec21-499c-bd67-a8bb73bbdff3-140544486217536","trial_id":17,"param_name":"nodes","param_value_internal":0,"distribution":"{\"name\": \"CategoricalDistribution\", \"attributes\": {\"choices\": [16, 32, 64]}}"}
{"op_code":6,"worker_id":"c5beca5b-ec21-499c-bd67-a8bb73bbdff3-140544486217536","trial_id":17,"state":1,"values":[0.6014360416973876],"datetime_complete":"2026-03-31T19:40:03.939048"}
{"op_code":4,"worker_id":"c5beca5b-ec21-499c-bd67-a8bb73bbdff3-140544486217536","study_id":0,"datetime_start":"2026-03-31T19:40:03.957652"}
{"op_code":5,"worker_id":"c5beca5b-ec21-499c-bd67-a8bb73bbdff3-140544486217536","trial_id":18,"param_name":"lr","param_value_internal":0.048779554075246194,"distribution":"{\"name\": \"FloatDistribution\", \"attributes\": {\"step\": null, \"low\": 0.0001, \"high\": 0.1, \"log\": true}}"}
{"op_code":5,"worker_id":"c5beca5b-ec21-499c-bd67-a8bb73bbdff3-140544486217536","trial_id":18,"param_name":"dropout","param_value_internal":0.2660850961411615,"distribution":"{\"name\": \"FloatDistribution\", \"attributes\": {\"step\": null, \"low\": 0.0, \"high\": 0.5, \"log\": false}}"}
{"op_code":5,"worker_id":"c5beca5b-ec21-499c-bd67-a8bb73bbdff3-140544486217536","trial_id":18,"param_name":"layers","param_value_internal":1,"distribution":"{\"name\": \"CategoricalDistribution\", \"attributes\": {\"choices\": [1, 2, 3]}}"}
{"op_code":5,"worker_id":"c5beca5b-ec21-499c-bd67-a8bb73bbdff3-140544486217536","trial_id":18,"param_name":"nodes","param_value_internal":2,"distribution":"{\"name\": \"CategoricalDistribution\", \"attributes\": {\"choices\": [16, 32, 64]}}"}
{"op_code":6,"worker_id":"c5beca5b-ec21-499c-bd67-a8bb73bbdff3-140544486217536","trial_id":18,"state":1,"values":[0.5980875463650903],"datetime_complete":"2026-03-31T19:40:10.832778"}
{"op_code":4,"worker_id":"c5beca5b-ec21-499c-bd67-a8bb73bbdff3-140544486217536","study_id":0,"datetime_start":"2026-03-31T19:40:10.857237"}
{"op_code":5,"worker_id":"c5beca5b-ec21-499c-bd67-a8bb73bbdff3-140544486217536","trial_id":19,"param_name":"lr","param_value_internal":0.002648185411680987,"distribution":"{\"name\": \"FloatDistribution\", \"attributes\": {\"step\": null, \"low\": 0.0001, \"high\": 0.1, \"log\": true}}"}
{"op_code":5,"worker_id":"c5beca5b-ec21-499c-bd67-a8bb73bbdff3-140544486217536","trial_id":19,"param_name":"dropout","param_value_internal":0.0465304804711395,"distribution":"{\"name\": \"FloatDistribution\", \"attributes\": {\"step\": null, \"low\": 0.0, \"high\": 0.5, \"log\": false}}"}
{"op_code":5,"worker_id":"c5beca5b-ec21-499c-bd67-a8bb73bbdff3-140544486217536","trial_id":19,"param_name":"layers","param_value_internal":1,"distribution":"{\"name\": \"CategoricalDistribution\", \"attributes\": {\"choices\": [1, 2, 3]}}"}
{"op_code":5,"worker_id":"c5beca5b-ec21-499c-bd67-a8bb73bbdff3-140544486217536","trial_id":19,"param_name":"nodes","param_value_internal":2,"distribution":"{\"name\": \"CategoricalDistribution\", \"attributes\": {\"choices\": [16, 32, 64]}}"}
{"op_code":6,"worker_id":"c5beca5b-ec21-499c-bd67-a8bb73bbdff3-140544486217536","trial_id":19,"state":1,"values":[0.5955965925203326],"datetime_complete":"2026-03-31T19:40:17.812650"}
