{"op_code":0,"worker_id":"8f8be359-1d33-4435-a5c5-23a897b0dfed-140218449991488","study_name":"tabdpt_deephit","directions":[2]}
{"op_code":4,"worker_id":"8f8be359-1d33-4435-a5c5-23a897b0dfed-140218449991488","study_id":0,"datetime_start":"2026-03-31T11:09:48.253108"}
{"op_code":5,"worker_id":"8f8be359-1d33-4435-a5c5-23a897b0dfed-140218449991488","trial_id":0,"param_name":"lr","param_value_internal":0.00016322208785463123,"distribution":"{\"name\": \"FloatDistribution\", \"attributes\": {\"step\": null, \"low\": 0.0001, \"high\": 0.1, \"log\": true}}"}
{"op_code":5,"worker_id":"8f8be359-1d33-4435-a5c5-23a897b0dfed-140218449991488","trial_id":0,"param_name":"dropout","param_value_internal":0.01445283891862681,"distribution":"{\"name\": \"FloatDistribution\", \"attributes\": {\"step\": null, \"low\": 0.0, \"high\": 0.5, \"log\": false}}"}
{"op_code":5,"worker_id":"8f8be359-1d33-4435-a5c5-23a897b0dfed-140218449991488","trial_id":0,"param_name":"nodes","param_value_internal":2,"distribution":"{\"name\": \"CategoricalDistribution\", \"attributes\": {\"choices\": [\"64-64\", \"128-64\", \"256-128\"]}}"}
{"op_code":6,"worker_id":"8f8be359-1d33-4435-a5c5-23a897b0dfed-140218449991488","trial_id":0,"state":1,"values":[0.5741379646191095],"datetime_complete":"2026-03-31T11:09:55.864961"}
{"op_code":4,"worker_id":"8f8be359-1d33-4435-a5c5-23a897b0dfed-140218449991488","study_id":0,"datetime_start":"2026-03-31T11:09:55.886111"}
{"op_code":5,"worker_id":"8f8be359-1d33-4435-a5c5-23a897b0dfed-140218449991488","trial_id":1,"param_name":"lr","param_value_internal":0.06956387204552678,"distribution":"{\"name\": \"FloatDistribution\", \"attributes\": {\"step\": null, \"low\": 0.0001, \"high\": 0.1, \"log\": true}}"}
{"op_code":5,"worker_id":"8f8be359-1d33-4435-a5c5-23a897b0dfed-140218449991488","trial_id":1,"param_name":"dropout","param_value_internal":0.24873409359448034,"distribution":"{\"name\": \"FloatDistribution\", \"attributes\": {\"step\": null, \"low\": 0.0, \"high\": 0.5, \"log\": false}}"}
{"op_code":5,"worker_id":"8f8be359-1d33-4435-a5c5-23a897b0dfed-140218449991488","trial_id":1,"param_name":"nodes","param_value_internal":2,"distribution":"{\"name\": \"CategoricalDistribution\", \"attributes\": {\"choices\": [\"64-64\", \"128-64\", \"256-128\"]}}"}
{"op_code":6,"worker_id":"8f8be359-1d33-4435-a5c5-23a897b0dfed-140218449991488","trial_id":1,"state":1,"values":[0.4144530216068869],"datetime_complete":"2026-03-31T11:10:03.476277"}
{"op_code":4,"worker_id":"8f8be359-1d33-4435-a5c5-23a897b0dfed-140218449991488","study_id":0,"datetime_start":"2026-03-31T11:10:03.496209"}
{"op_code":5,"worker_id":"8f8be359-1d33-4435-a5c5-23a897b0dfed-140218449991488","trial_id":2,"param_name":"lr","param_value_internal":0.0006283857373350995,"distribution":"{\"name\": \"FloatDistribution\", \"attributes\": {\"step\": null, \"low\": 0.0001, \"high\": 0.1, \"log\": true}}"}
{"op_code":5,"worker_id":"8f8be359-1d33-4435-a5c5-23a897b0dfed-140218449991488","trial_id":2,"param_name":"dropout","param_value_internal":0.06838643220432022,"distribution":"{\"name\": \"FloatDistribution\", \"attributes\": {\"step\": null, \"low\": 0.0, \"high\": 0.5, \"log\": false}}"}
{"op_code":5,"worker_id":"8f8be359-1d33-4435-a5c5-23a897b0dfed-140218449991488","trial_id":2,"param_name":"nodes","param_value_internal":1,"distribution":"{\"name\": \"CategoricalDistribution\", \"attributes\": {\"choices\": [\"64-64\", \"128-64\", \"256-128\"]}}"}
{"op_code":6,"worker_id":"8f8be359-1d33-4435-a5c5-23a897b0dfed-140218449991488","trial_id":2,"state":1,"values":[0.6071000113437015],"datetime_complete":"2026-03-31T11:10:11.032305"}
{"op_code":4,"worker_id":"8f8be359-1d33-4435-a5c5-23a897b0dfed-140218449991488","study_id":0,"datetime_start":"2026-03-31T11:10:11.053777"}
{"op_code":5,"worker_id":"8f8be359-1d33-4435-a5c5-23a897b0dfed-140218449991488","trial_id":3,"param_name":"lr","param_value_internal":0.0009878254402752112,"distribution":"{\"name\": \"FloatDistribution\", \"attributes\": {\"step\": null, \"low\": 0.0001, \"high\": 0.1, \"log\": true}}"}
{"op_code":5,"worker_id":"8f8be359-1d33-4435-a5c5-23a897b0dfed-140218449991488","trial_id":3,"param_name":"dropout","param_value_internal":0.2588559387818277,"distribution":"{\"name\": \"FloatDistribution\", \"attributes\": {\"step\": null, \"low\": 0.0, \"high\": 0.5, \"log\": false}}"}
{"op_code":5,"worker_id":"8f8be359-1d33-4435-a5c5-23a897b0dfed-140218449991488","trial_id":3,"param_name":"nodes","param_value_internal":1,"distribution":"{\"name\": \"CategoricalDistribution\", \"attributes\": {\"choices\": [\"64-64\", \"128-64\", \"256-128\"]}}"}
{"op_code":6,"worker_id":"8f8be359-1d33-4435-a5c5-23a897b0dfed-140218449991488","trial_id":3,"state":1,"values":[0.6144436258136814],"datetime_complete":"2026-03-31T11:10:18.645391"}
{"op_code":4,"worker_id":"8f8be359-1d33-4435-a5c5-23a897b0dfed-140218449991488","study_id":0,"datetime_start":"2026-03-31T11:10:18.658912"}
{"op_code":5,"worker_id":"8f8be359-1d33-4435-a5c5-23a897b0dfed-140218449991488","trial_id":4,"param_name":"lr","param_value_internal":0.004445045998403234,"distribution":"{\"name\": \"FloatDistribution\", \"attributes\": {\"step\": null, \"low\": 0.0001, \"high\": 0.1, \"log\": true}}"}
{"op_code":5,"worker_id":"8f8be359-1d33-4435-a5c5-23a897b0dfed-140218449991488","trial_id":4,"param_name":"dropout","param_value_internal":0.4384101478843913,"distribution":"{\"name\": \"FloatDistribution\", \"attributes\": {\"step\": null, \"low\": 0.0, \"high\": 0.5, \"log\": false}}"}
{"op_code":5,"worker_id":"8f8be359-1d33-4435-a5c5-23a897b0dfed-140218449991488","trial_id":4,"param_name":"nodes","param_value_internal":2,"distribution":"{\"name\": \"CategoricalDistribution\", \"attributes\": {\"choices\": [\"64-64\", \"128-64\", \"256-128\"]}}"}
{"op_code":6,"worker_id":"8f8be359-1d33-4435-a5c5-23a897b0dfed-140218449991488","trial_id":4,"state":1,"values":[0.6156857038423065],"datetime_complete":"2026-03-31T11:10:26.253293"}
{"op_code":4,"worker_id":"8f8be359-1d33-4435-a5c5-23a897b0dfed-140218449991488","study_id":0,"datetime_start":"2026-03-31T11:10:26.271122"}
{"op_code":5,"worker_id":"8f8be359-1d33-4435-a5c5-23a897b0dfed-140218449991488","trial_id":5,"param_name":"lr","param_value_internal":0.022115772094417632,"distribution":"{\"name\": \"FloatDistribution\", \"attributes\": {\"step\": null, \"low\": 0.0001, \"high\": 0.1, \"log\": true}}"}
{"op_code":5,"worker_id":"8f8be359-1d33-4435-a5c5-23a897b0dfed-140218449991488","trial_id":5,"param_name":"dropout","param_value_internal":0.14392208516955707,"distribution":"{\"name\": \"FloatDistribution\", \"attributes\": {\"step\": null, \"low\": 0.0, \"high\": 0.5, \"log\": false}}"}
{"op_code":5,"worker_id":"8f8be359-1d33-4435-a5c5-23a897b0dfed-140218449991488","trial_id":5,"param_name":"nodes","param_value_internal":2,"distribution":"{\"name\": \"CategoricalDistribution\", \"attributes\": {\"choices\": [\"64-64\", \"128-64\", \"256-128\"]}}"}
{"op_code":6,"worker_id":"8f8be359-1d33-4435-a5c5-23a897b0dfed-140218449991488","trial_id":5,"state":1,"values":[0.5928287181273497],"datetime_complete":"2026-03-31T11:10:33.871613"}
{"op_code":4,"worker_id":"8f8be359-1d33-4435-a5c5-23a897b0dfed-140218449991488","study_id":0,"datetime_start":"2026-03-31T11:10:33.886700"}
{"op_code":5,"worker_id":"8f8be359-1d33-4435-a5c5-23a897b0dfed-140218449991488","trial_id":6,"param_name":"lr","param_value_internal":0.0001947759501047505,"distribution":"{\"name\": \"FloatDistribution\", \"attributes\": {\"step\": null, \"low\": 0.0001, \"high\": 0.1, \"log\": true}}"}
{"op_code":5,"worker_id":"8f8be359-1d33-4435-a5c5-23a897b0dfed-140218449991488","trial_id":6,"param_name":"dropout","param_value_internal":0.21188740912693232,"distribution":"{\"name\": \"FloatDistribution\", \"attributes\": {\"step\": null, \"low\": 0.0, \"high\": 0.5, \"log\": false}}"}
{"op_code":5,"worker_id":"8f8be359-1d33-4435-a5c5-23a897b0dfed-140218449991488","trial_id":6,"param_name":"nodes","param_value_internal":2,"distribution":"{\"name\": \"CategoricalDistribution\", \"attributes\": {\"choices\": [\"64-64\", \"128-64\", \"256-128\"]}}"}
{"op_code":6,"worker_id":"8f8be359-1d33-4435-a5c5-23a897b0dfed-140218449991488","trial_id":6,"state":1,"values":[0.6213850545013297],"datetime_complete":"2026-03-31T11:10:41.481482"}
{"op_code":4,"worker_id":"8f8be359-1d33-4435-a5c5-23a897b0dfed-140218449991488","study_id":0,"datetime_start":"2026-03-31T11:10:41.501796"}
{"op_code":5,"worker_id":"8f8be359-1d33-4435-a5c5-23a897b0dfed-140218449991488","trial_id":7,"param_name":"lr","param_value_internal":0.0031516384305492664,"distribution":"{\"name\": \"FloatDistribution\", \"attributes\": {\"step\": null, \"low\": 0.0001, \"high\": 0.1, \"log\": true}}"}
{"op_code":5,"worker_id":"8f8be359-1d33-4435-a5c5-23a897b0dfed-140218449991488","trial_id":7,"param_name":"dropout","param_value_internal":0.46651825356994964,"distribution":"{\"name\": \"FloatDistribution\", \"attributes\": {\"step\": null, \"low\": 0.0, \"high\": 0.5, \"log\": false}}"}
{"op_code":5,"worker_id":"8f8be359-1d33-4435-a5c5-23a897b0dfed-140218449991488","trial_id":7,"param_name":"nodes","param_value_internal":1,"distribution":"{\"name\": \"CategoricalDistribution\", \"attributes\": {\"choices\": [\"64-64\", \"128-64\", \"256-128\"]}}"}
{"op_code":6,"worker_id":"8f8be359-1d33-4435-a5c5-23a897b0dfed-140218449991488","trial_id":7,"state":1,"values":[0.6391694577137743],"datetime_complete":"2026-03-31T11:10:49.043137"}
{"op_code":4,"worker_id":"8f8be359-1d33-4435-a5c5-23a897b0dfed-140218449991488","study_id":0,"datetime_start":"2026-03-31T11:10:49.062514"}
{"op_code":5,"worker_id":"8f8be359-1d33-4435-a5c5-23a897b0dfed-140218449991488","trial_id":8,"param_name":"lr","param_value_internal":0.041874602473647354,"distribution":"{\"name\": \"FloatDistribution\", \"attributes\": {\"step\": null, \"low\": 0.0001, \"high\": 0.1, \"log\": true}}"}
{"op_code":5,"worker_id":"8f8be359-1d33-4435-a5c5-23a897b0dfed-140218449991488","trial_id":8,"param_name":"dropout","param_value_internal":0.21568337183160197,"distribution":"{\"name\": \"FloatDistribution\", \"attributes\": {\"step\": null, \"low\": 0.0, \"high\": 0.5, \"log\": false}}"}
{"op_code":5,"worker_id":"8f8be359-1d33-4435-a5c5-23a897b0dfed-140218449991488","trial_id":8,"param_name":"nodes","param_value_internal":2,"distribution":"{\"name\": \"CategoricalDistribution\", \"attributes\": {\"choices\": [\"64-64\", \"128-64\", \"256-128\"]}}"}
{"op_code":6,"worker_id":"8f8be359-1d33-4435-a5c5-23a897b0dfed-140218449991488","trial_id":8,"state":1,"values":[0.6118506160546606],"datetime_complete":"2026-03-31T11:10:56.619414"}
{"op_code":4,"worker_id":"8f8be359-1d33-4435-a5c5-23a897b0dfed-140218449991488","study_id":0,"datetime_start":"2026-03-31T11:10:56.638822"}
{"op_code":5,"worker_id":"8f8be359-1d33-4435-a5c5-23a897b0dfed-140218449991488","trial_id":9,"param_name":"lr","param_value_internal":0.007125967636719597,"distribution":"{\"name\": \"FloatDistribution\", \"attributes\": {\"step\": null, \"low\": 0.0001, \"high\": 0.1, \"log\": true}}"}
{"op_code":5,"worker_id":"8f8be359-1d33-4435-a5c5-23a897b0dfed-140218449991488","trial_id":9,"param_name":"dropout","param_value_internal":0.1495292085564644,"distribution":"{\"name\": \"FloatDistribution\", \"attributes\": {\"step\": null, \"low\": 0.0, \"high\": 0.5, \"log\": false}}"}
{"op_code":5,"worker_id":"8f8be359-1d33-4435-a5c5-23a897b0dfed-140218449991488","trial_id":9,"param_name":"nodes","param_value_internal":0,"distribution":"{\"name\": \"CategoricalDistribution\", \"attributes\": {\"choices\": [\"64-64\", \"128-64\", \"256-128\"]}}"}
{"op_code":6,"worker_id":"8f8be359-1d33-4435-a5c5-23a897b0dfed-140218449991488","trial_id":9,"state":1,"values":[0.5995673351811727],"datetime_complete":"2026-03-31T11:11:04.186528"}
{"op_code":4,"worker_id":"8f8be359-1d33-4435-a5c5-23a897b0dfed-140218449991488","study_id":0,"datetime_start":"2026-03-31T11:11:04.207835"}
{"op_code":5,"worker_id":"8f8be359-1d33-4435-a5c5-23a897b0dfed-140218449991488","trial_id":10,"param_name":"lr","param_value_internal":0.0010186446835060907,"distribution":"{\"name\": \"FloatDistribution\", \"attributes\": {\"step\": null, \"low\": 0.0001, \"high\": 0.1, \"log\": true}}"}
{"op_code":5,"worker_id":"8f8be359-1d33-4435-a5c5-23a897b0dfed-140218449991488","trial_id":10,"param_name":"dropout","param_value_internal":0.4806450783515221,"distribution":"{\"name\": \"FloatDistribution\", \"attributes\": {\"step\": null, \"low\": 0.0, \"high\": 0.5, \"log\": false}}"}
{"op_code":5,"worker_id":"8f8be359-1d33-4435-a5c5-23a897b0dfed-140218449991488","trial_id":10,"param_name":"nodes","param_value_internal":1,"distribution":"{\"name\": \"CategoricalDistribution\", \"attributes\": {\"choices\": [\"64-64\", \"128-64\", \"256-128\"]}}"}
{"op_code":6,"worker_id":"8f8be359-1d33-4435-a5c5-23a897b0dfed-140218449991488","trial_id":10,"state":1,"values":[0.6272803418235401],"datetime_complete":"2026-03-31T11:11:11.766876"}
{"op_code":4,"worker_id":"8f8be359-1d33-4435-a5c5-23a897b0dfed-140218449991488","study_id":0,"datetime_start":"2026-03-31T11:11:11.786739"}
{"op_code":5,"worker_id":"8f8be359-1d33-4435-a5c5-23a897b0dfed-140218449991488","trial_id":11,"param_name":"lr","param_value_internal":0.0015374181836958134,"distribution":"{\"name\": \"FloatDistribution\", \"attributes\": {\"step\": null, \"low\": 0.0001, \"high\": 0.1, \"log\": true}}"}
{"op_code":5,"worker_id":"8f8be359-1d33-4435-a5c5-23a897b0dfed-140218449991488","trial_id":11,"param_name":"dropout","param_value_internal":0.4776391322428326,"distribution":"{\"name\": \"FloatDistribution\", \"attributes\": {\"step\": null, \"low\": 0.0, \"high\": 0.5, \"log\": false}}"}
{"op_code":5,"worker_id":"8f8be359-1d33-4435-a5c5-23a897b0dfed-140218449991488","trial_id":11,"param_name":"nodes","param_value_internal":1,"distribution":"{\"name\": \"CategoricalDistribution\", \"attributes\": {\"choices\": [\"64-64\", \"128-64\", \"256-128\"]}}"}
{"op_code":6,"worker_id":"8f8be359-1d33-4435-a5c5-23a897b0dfed-140218449991488","trial_id":11,"state":1,"values":[0.6303855368951028],"datetime_complete":"2026-03-31T11:11:19.322511"}
{"op_code":4,"worker_id":"8f8be359-1d33-4435-a5c5-23a897b0dfed-140218449991488","study_id":0,"datetime_start":"2026-03-31T11:11:19.342665"}
{"op_code":5,"worker_id":"8f8be359-1d33-4435-a5c5-23a897b0dfed-140218449991488","trial_id":12,"param_name":"lr","param_value_internal":0.009831566629966053,"distribution":"{\"name\": \"FloatDistribution\", \"attributes\": {\"step\": null, \"low\": 0.0001, \"high\": 0.1, \"log\": true}}"}
{"op_code":5,"worker_id":"8f8be359-1d33-4435-a5c5-23a897b0dfed-140218449991488","trial_id":12,"param_name":"dropout","param_value_internal":0.3730985436589247,"distribution":"{\"name\": \"FloatDistribution\", \"attributes\": {\"step\": null, \"low\": 0.0, \"high\": 0.5, \"log\": false}}"}
{"op_code":5,"worker_id":"8f8be359-1d33-4435-a5c5-23a897b0dfed-140218449991488","trial_id":12,"param_name":"nodes","param_value_internal":1,"distribution":"{\"name\": \"CategoricalDistribution\", \"attributes\": {\"choices\": [\"64-64\", \"128-64\", \"256-128\"]}}"}
{"op_code":6,"worker_id":"8f8be359-1d33-4435-a5c5-23a897b0dfed-140218449991488","trial_id":12,"state":1,"values":[0.5986896305963694],"datetime_complete":"2026-03-31T11:11:26.890121"}
{"op_code":4,"worker_id":"8f8be359-1d33-4435-a5c5-23a897b0dfed-140218449991488","study_id":0,"datetime_start":"2026-03-31T11:11:26.911161"}
{"op_code":5,"worker_id":"8f8be359-1d33-4435-a5c5-23a897b0dfed-140218449991488","trial_id":13,"param_name":"lr","param_value_internal":0.002395722618022678,"distribution":"{\"name\": \"FloatDistribution\", \"attributes\": {\"step\": null, \"low\": 0.0001, \"high\": 0.1, \"log\": true}}"}
{"op_code":5,"worker_id":"8f8be359-1d33-4435-a5c5-23a897b0dfed-140218449991488","trial_id":13,"param_name":"dropout","param_value_internal":0.367211826717221,"distribution":"{\"name\": \"FloatDistribution\", \"attributes\": {\"step\": null, \"low\": 0.0, \"high\": 0.5, \"log\": false}}"}
{"op_code":5,"worker_id":"8f8be359-1d33-4435-a5c5-23a897b0dfed-140218449991488","trial_id":13,"param_name":"nodes","param_value_internal":1,"distribution":"{\"name\": \"CategoricalDistribution\", \"attributes\": {\"choices\": [\"64-64\", \"128-64\", \"256-128\"]}}"}
{"op_code":6,"worker_id":"8f8be359-1d33-4435-a5c5-23a897b0dfed-140218449991488","trial_id":13,"state":1,"values":[0.6184929835195495],"datetime_complete":"2026-03-31T11:11:34.457414"}
{"op_code":4,"worker_id":"8f8be359-1d33-4435-a5c5-23a897b0dfed-140218449991488","study_id":0,"datetime_start":"2026-03-31T11:11:34.471188"}
{"op_code":5,"worker_id":"8f8be359-1d33-4435-a5c5-23a897b0dfed-140218449991488","trial_id":14,"param_name":"lr","param_value_internal":0.0026489817908305975,"distribution":"{\"name\": \"FloatDistribution\", \"attributes\": {\"step\": null, \"low\": 0.0001, \"high\": 0.1, \"log\": true}}"}
{"op_code":5,"worker_id":"8f8be359-1d33-4435-a5c5-23a897b0dfed-140218449991488","trial_id":14,"param_name":"dropout","param_value_internal":0.4964665332388873,"distribution":"{\"name\": \"FloatDistribution\", \"attributes\": {\"step\": null, \"low\": 0.0, \"high\": 0.5, \"log\": false}}"}
{"op_code":5,"worker_id":"8f8be359-1d33-4435-a5c5-23a897b0dfed-140218449991488","trial_id":14,"param_name":"nodes","param_value_internal":0,"distribution":"{\"name\": \"CategoricalDistribution\", \"attributes\": {\"choices\": [\"64-64\", \"128-64\", \"256-128\"]}}"}
{"op_code":6,"worker_id":"8f8be359-1d33-4435-a5c5-23a897b0dfed-140218449991488","trial_id":14,"state":1,"values":[0.628352837243091],"datetime_complete":"2026-03-31T11:11:42.023854"}
{"op_code":4,"worker_id":"8f8be359-1d33-4435-a5c5-23a897b0dfed-140218449991488","study_id":0,"datetime_start":"2026-03-31T11:11:42.034994"}
{"op_code":5,"worker_id":"8f8be359-1d33-4435-a5c5-23a897b0dfed-140218449991488","trial_id":15,"param_name":"lr","param_value_internal":0.0003432806296104353,"distribution":"{\"name\": \"FloatDistribution\", \"attributes\": {\"step\": null, \"low\": 0.0001, \"high\": 0.1, \"log\": true}}"}
{"op_code":5,"worker_id":"8f8be359-1d33-4435-a5c5-23a897b0dfed-140218449991488","trial_id":15,"param_name":"dropout","param_value_internal":0.3707522848725698,"distribution":"{\"name\": \"FloatDistribution\", \"attributes\": {\"step\": null, \"low\": 0.0, \"high\": 0.5, \"log\": false}}"}
{"op_code":5,"worker_id":"8f8be359-1d33-4435-a5c5-23a897b0dfed-140218449991488","trial_id":15,"param_name":"nodes","param_value_internal":1,"distribution":"{\"name\": \"CategoricalDistribution\", \"attributes\": {\"choices\": [\"64-64\", \"128-64\", \"256-128\"]}}"}
{"op_code":6,"worker_id":"8f8be359-1d33-4435-a5c5-23a897b0dfed-140218449991488","trial_id":15,"state":1,"values":[0.6261986797764718],"datetime_complete":"2026-03-31T11:11:49.625326"}
{"op_code":4,"worker_id":"8f8be359-1d33-4435-a5c5-23a897b0dfed-140218449991488","study_id":0,"datetime_start":"2026-03-31T11:11:49.645414"}
{"op_code":5,"worker_id":"8f8be359-1d33-4435-a5c5-23a897b0dfed-140218449991488","trial_id":16,"param_name":"lr","param_value_internal":0.001731131608336433,"distribution":"{\"name\": \"FloatDistribution\", \"attributes\": {\"step\": null, \"low\": 0.0001, \"high\": 0.1, \"log\": true}}"}
{"op_code":5,"worker_id":"8f8be359-1d33-4435-a5c5-23a897b0dfed-140218449991488","trial_id":16,"param_name":"dropout","param_value_internal":0.4214930996092433,"distribution":"{\"name\": \"FloatDistribution\", \"attributes\": {\"step\": null, \"low\": 0.0, \"high\": 0.5, \"log\": false}}"}
{"op_code":5,"worker_id":"8f8be359-1d33-4435-a5c5-23a897b0dfed-140218449991488","trial_id":16,"param_name":"nodes","param_value_internal":1,"distribution":"{\"name\": \"CategoricalDistribution\", \"attributes\": {\"choices\": [\"64-64\", \"128-64\", \"256-128\"]}}"}
{"op_code":6,"worker_id":"8f8be359-1d33-4435-a5c5-23a897b0dfed-140218449991488","trial_id":16,"state":1,"values":[0.6286037736713833],"datetime_complete":"2026-03-31T11:11:57.204036"}
{"op_code":4,"worker_id":"8f8be359-1d33-4435-a5c5-23a897b0dfed-140218449991488","study_id":0,"datetime_start":"2026-03-31T11:11:57.223907"}
{"op_code":5,"worker_id":"8f8be359-1d33-4435-a5c5-23a897b0dfed-140218449991488","trial_id":17,"param_name":"lr","param_value_internal":0.011635026876400114,"distribution":"{\"name\": \"FloatDistribution\", \"attributes\": {\"step\": null, \"low\": 0.0001, \"high\": 0.1, \"log\": true}}"}
{"op_code":5,"worker_id":"8f8be359-1d33-4435-a5c5-23a897b0dfed-140218449991488","trial_id":17,"param_name":"dropout","param_value_internal":0.3223400629122661,"distribution":"{\"name\": \"FloatDistribution\", \"attributes\": {\"step\": null, \"low\": 0.0, \"high\": 0.5, \"log\": false}}"}
{"op_code":5,"worker_id":"8f8be359-1d33-4435-a5c5-23a897b0dfed-140218449991488","trial_id":17,"param_name":"nodes","param_value_internal":1,"distribution":"{\"name\": \"CategoricalDistribution\", \"attributes\": {\"choices\": [\"64-64\", \"128-64\", \"256-128\"]}}"}
{"op_code":6,"worker_id":"8f8be359-1d33-4435-a5c5-23a897b0dfed-140218449991488","trial_id":17,"state":1,"values":[0.6080659447183611],"datetime_complete":"2026-03-31T11:12:04.817108"}
{"op_code":4,"worker_id":"8f8be359-1d33-4435-a5c5-23a897b0dfed-140218449991488","study_id":0,"datetime_start":"2026-03-31T11:12:04.838099"}
{"op_code":5,"worker_id":"8f8be359-1d33-4435-a5c5-23a897b0dfed-140218449991488","trial_id":18,"param_name":"lr","param_value_internal":0.0004630215726864769,"distribution":"{\"name\": \"FloatDistribution\", \"attributes\": {\"step\": null, \"low\": 0.0001, \"high\": 0.1, \"log\": true}}"}
{"op_code":5,"worker_id":"8f8be359-1d33-4435-a5c5-23a897b0dfed-140218449991488","trial_id":18,"param_name":"dropout","param_value_internal":0.43762432521600586,"distribution":"{\"name\": \"FloatDistribution\", \"attributes\": {\"step\": null, \"low\": 0.0, \"high\": 0.5, \"log\": false}}"}
{"op_code":5,"worker_id":"8f8be359-1d33-4435-a5c5-23a897b0dfed-140218449991488","trial_id":18,"param_name":"nodes","param_value_internal":0,"distribution":"{\"name\": \"CategoricalDistribution\", \"attributes\": {\"choices\": [\"64-64\", \"128-64\", \"256-128\"]}}"}
{"op_code":6,"worker_id":"8f8be359-1d33-4435-a5c5-23a897b0dfed-140218449991488","trial_id":18,"state":1,"values":[0.6162987220575412],"datetime_complete":"2026-03-31T11:12:12.369397"}
{"op_code":4,"worker_id":"8f8be359-1d33-4435-a5c5-23a897b0dfed-140218449991488","study_id":0,"datetime_start":"2026-03-31T11:12:12.390064"}
{"op_code":5,"worker_id":"8f8be359-1d33-4435-a5c5-23a897b0dfed-140218449991488","trial_id":19,"param_name":"lr","param_value_internal":0.0047658123891380095,"distribution":"{\"name\": \"FloatDistribution\", \"attributes\": {\"step\": null, \"low\": 0.0001, \"high\": 0.1, \"log\": true}}"}
{"op_code":5,"worker_id":"8f8be359-1d33-4435-a5c5-23a897b0dfed-140218449991488","trial_id":19,"param_name":"dropout","param_value_internal":0.32688512420544735,"distribution":"{\"name\": \"FloatDistribution\", \"attributes\": {\"step\": null, \"low\": 0.0, \"high\": 0.5, \"log\": false}}"}
{"op_code":5,"worker_id":"8f8be359-1d33-4435-a5c5-23a897b0dfed-140218449991488","trial_id":19,"param_name":"nodes","param_value_internal":1,"distribution":"{\"name\": \"CategoricalDistribution\", \"attributes\": {\"choices\": [\"64-64\", \"128-64\", \"256-128\"]}}"}
{"op_code":6,"worker_id":"8f8be359-1d33-4435-a5c5-23a897b0dfed-140218449991488","trial_id":19,"state":1,"values":[0.6110565569459547],"datetime_complete":"2026-03-31T11:12:19.930077"}
{"op_code":0,"worker_id":"bbc82a39-efcb-45d8-b46a-77864f216aca-140544486217536","study_name":"tabdpt_deephit","directions":[2]}
{"op_code":4,"worker_id":"bbc82a39-efcb-45d8-b46a-77864f216aca-140544486217536","study_id":0,"datetime_start":"2026-03-31T20:08:05.650310"}
{"op_code":5,"worker_id":"bbc82a39-efcb-45d8-b46a-77864f216aca-140544486217536","trial_id":20,"param_name":"lr","param_value_internal":0.001506748738629554,"distribution":"{\"name\": \"FloatDistribution\", \"attributes\": {\"step\": null, \"low\": 0.0001, \"high\": 0.1, \"log\": true}}"}
{"op_code":5,"worker_id":"bbc82a39-efcb-45d8-b46a-77864f216aca-140544486217536","trial_id":20,"param_name":"dropout","param_value_internal":0.49915517944051824,"distribution":"{\"name\": \"FloatDistribution\", \"attributes\": {\"step\": null, \"low\": 0.0, \"high\": 0.5, \"log\": false}}"}
{"op_code":5,"worker_id":"bbc82a39-efcb-45d8-b46a-77864f216aca-140544486217536","trial_id":20,"param_name":"nodes","param_value_internal":1,"distribution":"{\"name\": \"CategoricalDistribution\", \"attributes\": {\"choices\": [\"64-64\", \"128-64\", \"256-128\"]}}"}
{"op_code":6,"worker_id":"bbc82a39-efcb-45d8-b46a-77864f216aca-140544486217536","trial_id":20,"state":1,"values":[0.611255931094461],"datetime_complete":"2026-03-31T20:08:13.279040"}
{"op_code":4,"worker_id":"bbc82a39-efcb-45d8-b46a-77864f216aca-140544486217536","study_id":0,"datetime_start":"2026-03-31T20:08:13.300985"}
{"op_code":5,"worker_id":"bbc82a39-efcb-45d8-b46a-77864f216aca-140544486217536","trial_id":21,"param_name":"lr","param_value_internal":0.0017567078890079024,"distribution":"{\"name\": \"FloatDistribution\", \"attributes\": {\"step\": null, \"low\": 0.0001, \"high\": 0.1, \"log\": true}}"}
{"op_code":5,"worker_id":"bbc82a39-efcb-45d8-b46a-77864f216aca-140544486217536","trial_id":21,"param_name":"dropout","param_value_internal":0.43263199422593995,"distribution":"{\"name\": \"FloatDistribution\", \"attributes\": {\"step\": null, \"low\": 0.0, \"high\": 0.5, \"log\": false}}"}
{"op_code":5,"worker_id":"bbc82a39-efcb-45d8-b46a-77864f216aca-140544486217536","trial_id":21,"param_name":"nodes","param_value_internal":1,"distribution":"{\"name\": \"CategoricalDistribution\", \"attributes\": {\"choices\": [\"64-64\", \"128-64\", \"256-128\"]}}"}
{"op_code":6,"worker_id":"bbc82a39-efcb-45d8-b46a-77864f216aca-140544486217536","trial_id":21,"state":1,"values":[0.6242232715464444],"datetime_complete":"2026-03-31T20:08:20.922032"}
{"op_code":4,"worker_id":"bbc82a39-efcb-45d8-b46a-77864f216aca-140544486217536","study_id":0,"datetime_start":"2026-03-31T20:08:20.937242"}
{"op_code":5,"worker_id":"bbc82a39-efcb-45d8-b46a-77864f216aca-140544486217536","trial_id":22,"param_name":"lr","param_value_internal":0.0007955648624342631,"distribution":"{\"name\": \"FloatDistribution\", \"attributes\": {\"step\": null, \"low\": 0.0001, \"high\": 0.1, \"log\": true}}"}
{"op_code":5,"worker_id":"bbc82a39-efcb-45d8-b46a-77864f216aca-140544486217536","trial_id":22,"param_name":"dropout","param_value_internal":0.4103627117245276,"distribution":"{\"name\": \"FloatDistribution\", \"attributes\": {\"step\": null, \"low\": 0.0, \"high\": 0.5, \"log\": false}}"}
{"op_code":5,"worker_id":"bbc82a39-efcb-45d8-b46a-77864f216aca-140544486217536","trial_id":22,"param_name":"nodes","param_value_internal":1,"distribution":"{\"name\": \"CategoricalDistribution\", \"attributes\": {\"choices\": [\"64-64\", \"128-64\", \"256-128\"]}}"}
{"op_code":6,"worker_id":"bbc82a39-efcb-45d8-b46a-77864f216aca-140544486217536","trial_id":22,"state":1,"values":[0.6200707892810041],"datetime_complete":"2026-03-31T20:08:28.557775"}
{"op_code":4,"worker_id":"bbc82a39-efcb-45d8-b46a-77864f216aca-140544486217536","study_id":0,"datetime_start":"2026-03-31T20:08:28.572740"}
{"op_code":5,"worker_id":"bbc82a39-efcb-45d8-b46a-77864f216aca-140544486217536","trial_id":23,"param_name":"lr","param_value_internal":0.004385911981347077,"distribution":"{\"name\": \"FloatDistribution\", \"attributes\": {\"step\": null, \"low\": 0.0001, \"high\": 0.1, \"log\": true}}"}
{"op_code":5,"worker_id":"bbc82a39-efcb-45d8-b46a-77864f216aca-140544486217536","trial_id":23,"param_name":"dropout","param_value_internal":0.45475278823653703,"distribution":"{\"name\": \"FloatDistribution\", \"attributes\": {\"step\": null, \"low\": 0.0, \"high\": 0.5, \"log\": false}}"}
{"op_code":5,"worker_id":"bbc82a39-efcb-45d8-b46a-77864f216aca-140544486217536","trial_id":23,"param_name":"nodes","param_value_internal":1,"distribution":"{\"name\": \"CategoricalDistribution\", \"attributes\": {\"choices\": [\"64-64\", \"128-64\", \"256-128\"]}}"}
{"op_code":6,"worker_id":"bbc82a39-efcb-45d8-b46a-77864f216aca-140544486217536","trial_id":23,"state":1,"values":[0.6268976351246833],"datetime_complete":"2026-03-31T20:08:36.207666"}
{"op_code":4,"worker_id":"bbc82a39-efcb-45d8-b46a-77864f216aca-140544486217536","study_id":0,"datetime_start":"2026-03-31T20:08:36.223301"}
{"op_code":5,"worker_id":"bbc82a39-efcb-45d8-b46a-77864f216aca-140544486217536","trial_id":24,"param_name":"lr","param_value_internal":0.001431702525076169,"distribution":"{\"name\": \"FloatDistribution\", \"attributes\": {\"step\": null, \"low\": 0.0001, \"high\": 0.1, \"log\": true}}"}
{"op_code":5,"worker_id":"bbc82a39-efcb-45d8-b46a-77864f216aca-140544486217536","trial_id":24,"param_name":"dropout","param_value_internal":0.4062366556834901,"distribution":"{\"name\": \"FloatDistribution\", \"attributes\": {\"step\": null, \"low\": 0.0, \"high\": 0.5, \"log\": false}}"}
{"op_code":5,"worker_id":"bbc82a39-efcb-45d8-b46a-77864f216aca-140544486217536","trial_id":24,"param_name":"nodes","param_value_internal":1,"distribution":"{\"name\": \"CategoricalDistribution\", \"attributes\": {\"choices\": [\"64-64\", \"128-64\", \"256-128\"]}}"}
{"op_code":6,"worker_id":"bbc82a39-efcb-45d8-b46a-77864f216aca-140544486217536","trial_id":24,"state":1,"values":[0.6239161895246073],"datetime_complete":"2026-03-31T20:08:43.862654"}
{"op_code":4,"worker_id":"bbc82a39-efcb-45d8-b46a-77864f216aca-140544486217536","study_id":0,"datetime_start":"2026-03-31T20:08:43.877833"}
{"op_code":5,"worker_id":"bbc82a39-efcb-45d8-b46a-77864f216aca-140544486217536","trial_id":25,"param_name":"lr","param_value_internal":0.0002923093676101334,"distribution":"{\"name\": \"FloatDistribution\", \"attributes\": {\"step\": null, \"low\": 0.0001, \"high\": 0.1, \"log\": true}}"}
{"op_code":5,"worker_id":"bbc82a39-efcb-45d8-b46a-77864f216aca-140544486217536","trial_id":25,"param_name":"dropout","param_value_internal":0.30878864202449324,"distribution":"{\"name\": \"FloatDistribution\", \"attributes\": {\"step\": null, \"low\": 0.0, \"high\": 0.5, \"log\": false}}"}
{"op_code":5,"worker_id":"bbc82a39-efcb-45d8-b46a-77864f216aca-140544486217536","trial_id":25,"param_name":"nodes","param_value_internal":0,"distribution":"{\"name\": \"CategoricalDistribution\", \"attributes\": {\"choices\": [\"64-64\", \"128-64\", \"256-128\"]}}"}
{"op_code":6,"worker_id":"bbc82a39-efcb-45d8-b46a-77864f216aca-140544486217536","trial_id":25,"state":1,"values":[0.5902024793435778],"datetime_complete":"2026-03-31T20:08:51.470507"}
{"op_code":4,"worker_id":"bbc82a39-efcb-45d8-b46a-77864f216aca-140544486217536","study_id":0,"datetime_start":"2026-03-31T20:08:51.484042"}
{"op_code":5,"worker_id":"bbc82a39-efcb-45d8-b46a-77864f216aca-140544486217536","trial_id":26,"param_name":"lr","param_value_internal":0.019607441436103882,"distribution":"{\"name\": \"FloatDistribution\", \"attributes\": {\"step\": null, \"low\": 0.0001, \"high\": 0.1, \"log\": true}}"}
{"op_code":5,"worker_id":"bbc82a39-efcb-45d8-b46a-77864f216aca-140544486217536","trial_id":26,"param_name":"dropout","param_value_internal":0.39615117380658776,"distribution":"{\"name\": \"FloatDistribution\", \"attributes\": {\"step\": null, \"low\": 0.0, \"high\": 0.5, \"log\": false}}"}
{"op_code":5,"worker_id":"bbc82a39-efcb-45d8-b46a-77864f216aca-140544486217536","trial_id":26,"param_name":"nodes","param_value_internal":1,"distribution":"{\"name\": \"CategoricalDistribution\", \"attributes\": {\"choices\": [\"64-64\", \"128-64\", \"256-128\"]}}"}
{"op_code":6,"worker_id":"bbc82a39-efcb-45d8-b46a-77864f216aca-140544486217536","trial_id":26,"state":1,"values":[0.6314832405403269],"datetime_complete":"2026-03-31T20:08:59.114524"}
{"op_code":4,"worker_id":"bbc82a39-efcb-45d8-b46a-77864f216aca-140544486217536","study_id":0,"datetime_start":"2026-03-31T20:08:59.125708"}
{"op_code":5,"worker_id":"bbc82a39-efcb-45d8-b46a-77864f216aca-140544486217536","trial_id":27,"param_name":"lr","param_value_internal":0.020472396305422476,"distribution":"{\"name\": \"FloatDistribution\", \"attributes\": {\"step\": null, \"low\": 0.0001, \"high\": 0.1, \"log\": true}}"}
{"op_code":5,"worker_id":"bbc82a39-efcb-45d8-b46a-77864f216aca-140544486217536","trial_id":27,"param_name":"dropout","param_value_internal":0.4678923568760408,"distribution":"{\"name\": \"FloatDistribution\", \"attributes\": {\"step\": null, \"low\": 0.0, \"high\": 0.5, \"log\": false}}"}
{"op_code":5,"worker_id":"bbc82a39-efcb-45d8-b46a-77864f216aca-140544486217536","trial_id":27,"param_name":"nodes","param_value_internal":1,"distribution":"{\"name\": \"CategoricalDistribution\", \"attributes\": {\"choices\": [\"64-64\", \"128-64\", \"256-128\"]}}"}
{"op_code":6,"worker_id":"bbc82a39-efcb-45d8-b46a-77864f216aca-140544486217536","trial_id":27,"state":1,"values":[0.6229101521545585],"datetime_complete":"2026-03-31T20:09:06.715306"}
{"op_code":4,"worker_id":"bbc82a39-efcb-45d8-b46a-77864f216aca-140544486217536","study_id":0,"datetime_start":"2026-03-31T20:09:06.729826"}
{"op_code":5,"worker_id":"bbc82a39-efcb-45d8-b46a-77864f216aca-140544486217536","trial_id":28,"param_name":"lr","param_value_internal":0.09853277715937069,"distribution":"{\"name\": \"FloatDistribution\", \"attributes\": {\"step\": null, \"low\": 0.0001, \"high\": 0.1, \"log\": true}}"}
{"op_code":5,"worker_id":"bbc82a39-efcb-45d8-b46a-77864f216aca-140544486217536","trial_id":28,"param_name":"dropout","param_value_internal":0.3848620246211782,"distribution":"{\"name\": \"FloatDistribution\", \"attributes\": {\"step\": null, \"low\": 0.0, \"high\": 0.5, \"log\": false}}"}
{"op_code":5,"worker_id":"bbc82a39-efcb-45d8-b46a-77864f216aca-140544486217536","trial_id":28,"param_name":"nodes","param_value_internal":1,"distribution":"{\"name\": \"CategoricalDistribution\", \"attributes\": {\"choices\": [\"64-64\", \"128-64\", \"256-128\"]}}"}
{"op_code":6,"worker_id":"bbc82a39-efcb-45d8-b46a-77864f216aca-140544486217536","trial_id":28,"state":1,"values":[0.48557688451538905],"datetime_complete":"2026-03-31T20:09:14.363662"}
{"op_code":4,"worker_id":"bbc82a39-efcb-45d8-b46a-77864f216aca-140544486217536","study_id":0,"datetime_start":"2026-03-31T20:09:14.380794"}
{"op_code":5,"worker_id":"bbc82a39-efcb-45d8-b46a-77864f216aca-140544486217536","trial_id":29,"param_name":"lr","param_value_internal":0.017887316214820904,"distribution":"{\"name\": \"FloatDistribution\", \"attributes\": {\"step\": null, \"low\": 0.0001, \"high\": 0.1, \"log\": true}}"}
{"op_code":5,"worker_id":"bbc82a39-efcb-45d8-b46a-77864f216aca-140544486217536","trial_id":29,"param_name":"dropout","param_value_internal":0.33950179272315395,"distribution":"{\"name\": \"FloatDistribution\", \"attributes\": {\"step\": null, \"low\": 0.0, \"high\": 0.5, \"log\": false}}"}
{"op_code":5,"worker_id":"bbc82a39-efcb-45d8-b46a-77864f216aca-140544486217536","trial_id":29,"param_name":"nodes","param_value_internal":0,"distribution":"{\"name\": \"CategoricalDistribution\", \"attributes\": {\"choices\": [\"64-64\", \"128-64\", \"256-128\"]}}"}
{"op_code":6,"worker_id":"bbc82a39-efcb-45d8-b46a-77864f216aca-140544486217536","trial_id":29,"state":1,"values":[0.6238841063282959],"datetime_complete":"2026-03-31T20:09:21.961978"}
{"op_code":4,"worker_id":"bbc82a39-efcb-45d8-b46a-77864f216aca-140544486217536","study_id":0,"datetime_start":"2026-03-31T20:09:21.976632"}
{"op_code":5,"worker_id":"bbc82a39-efcb-45d8-b46a-77864f216aca-140544486217536","trial_id":30,"param_name":"lr","param_value_internal":0.007153506112672458,"distribution":"{\"name\": \"FloatDistribution\", \"attributes\": {\"step\": null, \"low\": 0.0001, \"high\": 0.1, \"log\": true}}"}
{"op_code":5,"worker_id":"bbc82a39-efcb-45d8-b46a-77864f216aca-140544486217536","trial_id":30,"param_name":"dropout","param_value_internal":0.4558779505027227,"distribution":"{\"name\": \"FloatDistribution\", \"attributes\": {\"step\": null, \"low\": 0.0, \"high\": 0.5, \"log\": false}}"}
{"op_code":5,"worker_id":"bbc82a39-efcb-45d8-b46a-77864f216aca-140544486217536","trial_id":30,"param_name":"nodes","param_value_internal":1,"distribution":"{\"name\": \"CategoricalDistribution\", \"attributes\": {\"choices\": [\"64-64\", \"128-64\", \"256-128\"]}}"}
{"op_code":6,"worker_id":"bbc82a39-efcb-45d8-b46a-77864f216aca-140544486217536","trial_id":30,"state":1,"values":[0.6303397037575152],"datetime_complete":"2026-03-31T20:09:29.623868"}
{"op_code":4,"worker_id":"bbc82a39-efcb-45d8-b46a-77864f216aca-140544486217536","study_id":0,"datetime_start":"2026-03-31T20:09:29.636154"}
{"op_code":5,"worker_id":"bbc82a39-efcb-45d8-b46a-77864f216aca-140544486217536","trial_id":31,"param_name":"lr","param_value_internal":0.00010206114272265768,"distribution":"{\"name\": \"FloatDistribution\", \"attributes\": {\"step\": null, \"low\": 0.0001, \"high\": 0.1, \"log\": true}}"}
{"op_code":5,"worker_id":"bbc82a39-efcb-45d8-b46a-77864f216aca-140544486217536","trial_id":31,"param_name":"dropout","param_value_internal":0.4674786354053946,"distribution":"{\"name\": \"FloatDistribution\", \"attributes\": {\"step\": null, \"low\": 0.0, \"high\": 0.5, \"log\": false}}"}
{"op_code":5,"worker_id":"bbc82a39-efcb-45d8-b46a-77864f216aca-140544486217536","trial_id":31,"param_name":"nodes","param_value_internal":1,"distribution":"{\"name\": \"CategoricalDistribution\", \"attributes\": {\"choices\": [\"64-64\", \"128-64\", \"256-128\"]}}"}
{"op_code":6,"worker_id":"bbc82a39-efcb-45d8-b46a-77864f216aca-140544486217536","trial_id":31,"state":1,"values":[0.576450246410406],"datetime_complete":"2026-03-31T20:09:37.270664"}
{"op_code":4,"worker_id":"bbc82a39-efcb-45d8-b46a-77864f216aca-140544486217536","study_id":0,"datetime_start":"2026-03-31T20:09:37.287559"}
{"op_code":5,"worker_id":"bbc82a39-efcb-45d8-b46a-77864f216aca-140544486217536","trial_id":32,"param_name":"lr","param_value_internal":0.03467877791512143,"distribution":"{\"name\": \"FloatDistribution\", \"attributes\": {\"step\": null, \"low\": 0.0001, \"high\": 0.1, \"log\": true}}"}
{"op_code":5,"worker_id":"bbc82a39-efcb-45d8-b46a-77864f216aca-140544486217536","trial_id":32,"param_name":"dropout","param_value_internal":0.40151754468374407,"distribution":"{\"name\": \"FloatDistribution\", \"attributes\": {\"step\": null, \"low\": 0.0, \"high\": 0.5, \"log\": false}}"}
{"op_code":5,"worker_id":"bbc82a39-efcb-45d8-b46a-77864f216aca-140544486217536","trial_id":32,"param_name":"nodes","param_value_internal":1,"distribution":"{\"name\": \"CategoricalDistribution\", \"attributes\": {\"choices\": [\"64-64\", \"128-64\", \"256-128\"]}}"}
{"op_code":6,"worker_id":"bbc82a39-efcb-45d8-b46a-77864f216aca-140544486217536","trial_id":32,"state":1,"values":[0.6292832499361201],"datetime_complete":"2026-03-31T20:09:44.840146"}
{"op_code":4,"worker_id":"bbc82a39-efcb-45d8-b46a-77864f216aca-140544486217536","study_id":0,"datetime_start":"2026-03-31T20:09:44.861298"}
{"op_code":5,"worker_id":"bbc82a39-efcb-45d8-b46a-77864f216aca-140544486217536","trial_id":33,"param_name":"lr","param_value_internal":0.009015694307332246,"distribution":"{\"name\": \"FloatDistribution\", \"attributes\": {\"step\": null, \"low\": 0.0001, \"high\": 0.1, \"log\": true}}"}
{"op_code":5,"worker_id":"bbc82a39-efcb-45d8-b46a-77864f216aca-140544486217536","trial_id":33,"param_name":"dropout","param_value_internal":0.4729721705909604,"distribution":"{\"name\": \"FloatDistribution\", \"attributes\": {\"step\": null, \"low\": 0.0, \"high\": 0.5, \"log\": false}}"}
{"op_code":5,"worker_id":"bbc82a39-efcb-45d8-b46a-77864f216aca-140544486217536","trial_id":33,"param_name":"nodes","param_value_internal":1,"distribution":"{\"name\": \"CategoricalDistribution\", \"attributes\": {\"choices\": [\"64-64\", \"128-64\", \"256-128\"]}}"}
{"op_code":6,"worker_id":"bbc82a39-efcb-45d8-b46a-77864f216aca-140544486217536","trial_id":33,"state":1,"values":[0.628779085422656],"datetime_complete":"2026-03-31T20:09:52.423438"}
{"op_code":4,"worker_id":"bbc82a39-efcb-45d8-b46a-77864f216aca-140544486217536","study_id":0,"datetime_start":"2026-03-31T20:09:52.443861"}
{"op_code":5,"worker_id":"bbc82a39-efcb-45d8-b46a-77864f216aca-140544486217536","trial_id":34,"param_name":"lr","param_value_internal":0.006039308880084695,"distribution":"{\"name\": \"FloatDistribution\", \"attributes\": {\"step\": null, \"low\": 0.0001, \"high\": 0.1, \"log\": true}}"}
{"op_code":5,"worker_id":"bbc82a39-efcb-45d8-b46a-77864f216aca-140544486217536","trial_id":34,"param_name":"dropout","param_value_internal":0.44807259181547077,"distribution":"{\"name\": \"FloatDistribution\", \"attributes\": {\"step\": null, \"low\": 0.0, \"high\": 0.5, \"log\": false}}"}
{"op_code":5,"worker_id":"bbc82a39-efcb-45d8-b46a-77864f216aca-140544486217536","trial_id":34,"param_name":"nodes","param_value_internal":1,"distribution":"{\"name\": \"CategoricalDistribution\", \"attributes\": {\"choices\": [\"64-64\", \"128-64\", \"256-128\"]}}"}
{"op_code":6,"worker_id":"bbc82a39-efcb-45d8-b46a-77864f216aca-140544486217536","trial_id":34,"state":1,"values":[0.6276057571004123],"datetime_complete":"2026-03-31T20:10:00.062220"}
{"op_code":4,"worker_id":"bbc82a39-efcb-45d8-b46a-77864f216aca-140544486217536","study_id":0,"datetime_start":"2026-03-31T20:10:00.082267"}
{"op_code":5,"worker_id":"bbc82a39-efcb-45d8-b46a-77864f216aca-140544486217536","trial_id":35,"param_name":"lr","param_value_internal":0.0032384821152242945,"distribution":"{\"name\": \"FloatDistribution\", \"attributes\": {\"step\": null, \"low\": 0.0001, \"high\": 0.1, \"log\": true}}"}
{"op_code":5,"worker_id":"bbc82a39-efcb-45d8-b46a-77864f216aca-140544486217536","trial_id":35,"param_name":"dropout","param_value_internal":0.3434784304939471,"distribution":"{\"name\": \"FloatDistribution\", \"attributes\": {\"step\": null, \"low\": 0.0, \"high\": 0.5, \"log\": false}}"}
{"op_code":5,"worker_id":"bbc82a39-efcb-45d8-b46a-77864f216aca-140544486217536","trial_id":35,"param_name":"nodes","param_value_internal":1,"distribution":"{\"name\": \"CategoricalDistribution\", \"attributes\": {\"choices\": [\"64-64\", \"128-64\", \"256-128\"]}}"}
{"op_code":6,"worker_id":"bbc82a39-efcb-45d8-b46a-77864f216aca-140544486217536","trial_id":35,"state":1,"values":[0.6214446375801936],"datetime_complete":"2026-03-31T20:10:07.726323"}
{"op_code":4,"worker_id":"bbc82a39-efcb-45d8-b46a-77864f216aca-140544486217536","study_id":0,"datetime_start":"2026-03-31T20:10:07.741657"}
{"op_code":5,"worker_id":"bbc82a39-efcb-45d8-b46a-77864f216aca-140544486217536","trial_id":36,"param_name":"lr","param_value_internal":0.014045030231514821,"distribution":"{\"name\": \"FloatDistribution\", \"attributes\": {\"step\": null, \"low\": 0.0001, \"high\": 0.1, \"log\": true}}"}
{"op_code":5,"worker_id":"bbc82a39-efcb-45d8-b46a-77864f216aca-140544486217536","trial_id":36,"param_name":"dropout","param_value_internal":0.030093671967792307,"distribution":"{\"name\": \"FloatDistribution\", \"attributes\": {\"step\": null, \"low\": 0.0, \"high\": 0.5, \"log\": false}}"}
{"op_code":5,"worker_id":"bbc82a39-efcb-45d8-b46a-77864f216aca-140544486217536","trial_id":36,"param_name":"nodes","param_value_internal":2,"distribution":"{\"name\": \"CategoricalDistribution\", \"attributes\": {\"choices\": [\"64-64\", \"128-64\", \"256-128\"]}}"}
{"op_code":6,"worker_id":"bbc82a39-efcb-45d8-b46a-77864f216aca-140544486217536","trial_id":36,"state":1,"values":[0.5839737559454173],"datetime_complete":"2026-03-31T20:10:15.385042"}
{"op_code":4,"worker_id":"bbc82a39-efcb-45d8-b46a-77864f216aca-140544486217536","study_id":0,"datetime_start":"2026-03-31T20:10:15.405799"}
{"op_code":5,"worker_id":"bbc82a39-efcb-45d8-b46a-77864f216aca-140544486217536","trial_id":37,"param_name":"lr","param_value_internal":0.0376602104522699,"distribution":"{\"name\": \"FloatDistribution\", \"attributes\": {\"step\": null, \"low\": 0.0001, \"high\": 0.1, \"log\": true}}"}
{"op_code":5,"worker_id":"bbc82a39-efcb-45d8-b46a-77864f216aca-140544486217536","trial_id":37,"param_name":"dropout","param_value_internal":0.273562731651145,"distribution":"{\"name\": \"FloatDistribution\", \"attributes\": {\"step\": null, \"low\": 0.0, \"high\": 0.5, \"log\": false}}"}
{"op_code":5,"worker_id":"bbc82a39-efcb-45d8-b46a-77864f216aca-140544486217536","trial_id":37,"param_name":"nodes","param_value_internal":1,"distribution":"{\"name\": \"CategoricalDistribution\", \"attributes\": {\"choices\": [\"64-64\", \"128-64\", \"256-128\"]}}"}
{"op_code":6,"worker_id":"bbc82a39-efcb-45d8-b46a-77864f216aca-140544486217536","trial_id":37,"state":1,"values":[0.6103243725729921],"datetime_complete":"2026-03-31T20:10:23.008822"}
{"op_code":4,"worker_id":"bbc82a39-efcb-45d8-b46a-77864f216aca-140544486217536","study_id":0,"datetime_start":"2026-03-31T20:10:23.029625"}
{"op_code":5,"worker_id":"bbc82a39-efcb-45d8-b46a-77864f216aca-140544486217536","trial_id":38,"param_name":"lr","param_value_internal":0.003972345696127995,"distribution":"{\"name\": \"FloatDistribution\", \"attributes\": {\"step\": null, \"low\": 0.0001, \"high\": 0.1, \"log\": true}}"}
{"op_code":5,"worker_id":"bbc82a39-efcb-45d8-b46a-77864f216aca-140544486217536","trial_id":38,"param_name":"dropout","param_value_internal":0.4999131458264646,"distribution":"{\"name\": \"FloatDistribution\", \"attributes\": {\"step\": null, \"low\": 0.0, \"high\": 0.5, \"log\": false}}"}
{"op_code":5,"worker_id":"bbc82a39-efcb-45d8-b46a-77864f216aca-140544486217536","trial_id":38,"param_name":"nodes","param_value_internal":2,"distribution":"{\"name\": \"CategoricalDistribution\", \"attributes\": {\"choices\": [\"64-64\", \"128-64\", \"256-128\"]}}"}
{"op_code":6,"worker_id":"bbc82a39-efcb-45d8-b46a-77864f216aca-140544486217536","trial_id":38,"state":1,"values":[0.6234418165505752],"datetime_complete":"2026-03-31T20:10:30.640615"}
{"op_code":4,"worker_id":"bbc82a39-efcb-45d8-b46a-77864f216aca-140544486217536","study_id":0,"datetime_start":"2026-03-31T20:10:30.654686"}
{"op_code":5,"worker_id":"bbc82a39-efcb-45d8-b46a-77864f216aca-140544486217536","trial_id":39,"param_name":"lr","param_value_internal":0.05388624048867232,"distribution":"{\"name\": \"FloatDistribution\", \"attributes\": {\"step\": null, \"low\": 0.0001, \"high\": 0.1, \"log\": true}}"}
{"op_code":5,"worker_id":"bbc82a39-efcb-45d8-b46a-77864f216aca-140544486217536","trial_id":39,"param_name":"dropout","param_value_internal":0.1335339784467683,"distribution":"{\"name\": \"FloatDistribution\", \"attributes\": {\"step\": null, \"low\": 0.0, \"high\": 0.5, \"log\": false}}"}
{"op_code":5,"worker_id":"bbc82a39-efcb-45d8-b46a-77864f216aca-140544486217536","trial_id":39,"param_name":"nodes","param_value_internal":1,"distribution":"{\"name\": \"CategoricalDistribution\", \"attributes\": {\"choices\": [\"64-64\", \"128-64\", \"256-128\"]}}"}
{"op_code":6,"worker_id":"bbc82a39-efcb-45d8-b46a-77864f216aca-140544486217536","trial_id":39,"state":1,"values":[0.5923509076679985],"datetime_complete":"2026-03-31T20:10:38.264389"}
