{"op_code":0,"worker_id":"5485dd38-d3d4-4872-92ac-32ab3cd0babe-140436226778944","study_name":"gbsa_tuning","directions":[2]}
{"op_code":4,"worker_id":"5485dd38-d3d4-4872-92ac-32ab3cd0babe-140436226778944","study_id":0,"datetime_start":"2026-04-12T09:01:05.446434"}
{"op_code":5,"worker_id":"5485dd38-d3d4-4872-92ac-32ab3cd0babe-140436226778944","trial_id":0,"param_name":"learning_rate","param_value_internal":0.18292770672203965,"distribution":"{\"name\": \"FloatDistribution\", \"attributes\": {\"step\": null, \"low\": 0.01, \"high\": 0.2, \"log\": true}}"}
{"op_code":5,"worker_id":"5485dd38-d3d4-4872-92ac-32ab3cd0babe-140436226778944","trial_id":0,"param_name":"n_estimators","param_value_internal":58.0,"distribution":"{\"name\": \"IntDistribution\", \"attributes\": {\"log\": false, \"step\": 1, \"low\": 50, \"high\": 200}}"}
{"op_code":5,"worker_id":"5485dd38-d3d4-4872-92ac-32ab3cd0babe-140436226778944","trial_id":0,"param_name":"max_depth","param_value_internal":5.0,"distribution":"{\"name\": \"IntDistribution\", \"attributes\": {\"log\": false, \"step\": 1, \"low\": 2, \"high\": 5}}"}
{"op_code":6,"worker_id":"5485dd38-d3d4-4872-92ac-32ab3cd0babe-140436226778944","trial_id":0,"state":1,"values":[0.614626958364032],"datetime_complete":"2026-04-12T09:01:40.376902"}
{"op_code":4,"worker_id":"5485dd38-d3d4-4872-92ac-32ab3cd0babe-140436226778944","study_id":0,"datetime_start":"2026-04-12T09:01:40.395569"}
{"op_code":5,"worker_id":"5485dd38-d3d4-4872-92ac-32ab3cd0babe-140436226778944","trial_id":1,"param_name":"learning_rate","param_value_internal":0.016589493817141962,"distribution":"{\"name\": \"FloatDistribution\", \"attributes\": {\"step\": null, \"low\": 0.01, \"high\": 0.2, \"log\": true}}"}
{"op_code":5,"worker_id":"5485dd38-d3d4-4872-92ac-32ab3cd0babe-140436226778944","trial_id":1,"param_name":"n_estimators","param_value_internal":102.0,"distribution":"{\"name\": \"IntDistribution\", \"attributes\": {\"log\": false, \"step\": 1, \"low\": 50, \"high\": 200}}"}
{"op_code":5,"worker_id":"5485dd38-d3d4-4872-92ac-32ab3cd0babe-140436226778944","trial_id":1,"param_name":"max_depth","param_value_internal":5.0,"distribution":"{\"name\": \"IntDistribution\", \"attributes\": {\"log\": false, \"step\": 1, \"low\": 2, \"high\": 5}}"}
{"op_code":6,"worker_id":"5485dd38-d3d4-4872-92ac-32ab3cd0babe-140436226778944","trial_id":1,"state":1,"values":[0.6029756018750336],"datetime_complete":"2026-04-12T09:02:39.320294"}
{"op_code":4,"worker_id":"5485dd38-d3d4-4872-92ac-32ab3cd0babe-140436226778944","study_id":0,"datetime_start":"2026-04-12T09:02:39.331960"}
{"op_code":5,"worker_id":"5485dd38-d3d4-4872-92ac-32ab3cd0babe-140436226778944","trial_id":2,"param_name":"learning_rate","param_value_internal":0.05232316024644585,"distribution":"{\"name\": \"FloatDistribution\", \"attributes\": {\"step\": null, \"low\": 0.01, \"high\": 0.2, \"log\": true}}"}
{"op_code":5,"worker_id":"5485dd38-d3d4-4872-92ac-32ab3cd0babe-140436226778944","trial_id":2,"param_name":"n_estimators","param_value_internal":176.0,"distribution":"{\"name\": \"IntDistribution\", \"attributes\": {\"log\": false, \"step\": 1, \"low\": 50, \"high\": 200}}"}
{"op_code":5,"worker_id":"5485dd38-d3d4-4872-92ac-32ab3cd0babe-140436226778944","trial_id":2,"param_name":"max_depth","param_value_internal":5.0,"distribution":"{\"name\": \"IntDistribution\", \"attributes\": {\"log\": false, \"step\": 1, \"low\": 2, \"high\": 5}}"}
{"op_code":6,"worker_id":"5485dd38-d3d4-4872-92ac-32ab3cd0babe-140436226778944","trial_id":2,"state":1,"values":[0.6150646648279939],"datetime_complete":"2026-04-12T09:04:21.551405"}
{"op_code":4,"worker_id":"5485dd38-d3d4-4872-92ac-32ab3cd0babe-140436226778944","study_id":0,"datetime_start":"2026-04-12T09:04:21.571354"}
{"op_code":5,"worker_id":"5485dd38-d3d4-4872-92ac-32ab3cd0babe-140436226778944","trial_id":3,"param_name":"learning_rate","param_value_internal":0.11755993400908456,"distribution":"{\"name\": \"FloatDistribution\", \"attributes\": {\"step\": null, \"low\": 0.01, \"high\": 0.2, \"log\": true}}"}
{"op_code":5,"worker_id":"5485dd38-d3d4-4872-92ac-32ab3cd0babe-140436226778944","trial_id":3,"param_name":"n_estimators","param_value_internal":64.0,"distribution":"{\"name\": \"IntDistribution\", \"attributes\": {\"log\": false, \"step\": 1, \"low\": 50, \"high\": 200}}"}
{"op_code":5,"worker_id":"5485dd38-d3d4-4872-92ac-32ab3cd0babe-140436226778944","trial_id":3,"param_name":"max_depth","param_value_internal":3.0,"distribution":"{\"name\": \"IntDistribution\", \"attributes\": {\"log\": false, \"step\": 1, \"low\": 2, \"high\": 5}}"}
{"op_code":6,"worker_id":"5485dd38-d3d4-4872-92ac-32ab3cd0babe-140436226778944","trial_id":3,"state":1,"values":[0.6106446316218858],"datetime_complete":"2026-04-12T09:04:59.378804"}
{"op_code":4,"worker_id":"5485dd38-d3d4-4872-92ac-32ab3cd0babe-140436226778944","study_id":0,"datetime_start":"2026-04-12T09:04:59.390509"}
{"op_code":5,"worker_id":"5485dd38-d3d4-4872-92ac-32ab3cd0babe-140436226778944","trial_id":4,"param_name":"learning_rate","param_value_internal":0.014206599804804116,"distribution":"{\"name\": \"FloatDistribution\", \"attributes\": {\"step\": null, \"low\": 0.01, \"high\": 0.2, \"log\": true}}"}
{"op_code":5,"worker_id":"5485dd38-d3d4-4872-92ac-32ab3cd0babe-140436226778944","trial_id":4,"param_name":"n_estimators","param_value_internal":147.0,"distribution":"{\"name\": \"IntDistribution\", \"attributes\": {\"log\": false, \"step\": 1, \"low\": 50, \"high\": 200}}"}
{"op_code":5,"worker_id":"5485dd38-d3d4-4872-92ac-32ab3cd0babe-140436226778944","trial_id":4,"param_name":"max_depth","param_value_internal":3.0,"distribution":"{\"name\": \"IntDistribution\", \"attributes\": {\"log\": false, \"step\": 1, \"low\": 2, \"high\": 5}}"}
{"op_code":6,"worker_id":"5485dd38-d3d4-4872-92ac-32ab3cd0babe-140436226778944","trial_id":4,"state":1,"values":[0.5972659387600532],"datetime_complete":"2026-04-12T09:06:28.976790"}
{"op_code":4,"worker_id":"5485dd38-d3d4-4872-92ac-32ab3cd0babe-140436226778944","study_id":0,"datetime_start":"2026-04-12T09:06:28.995227"}
{"op_code":5,"worker_id":"5485dd38-d3d4-4872-92ac-32ab3cd0babe-140436226778944","trial_id":5,"param_name":"learning_rate","param_value_internal":0.021562738049846646,"distribution":"{\"name\": \"FloatDistribution\", \"attributes\": {\"step\": null, \"low\": 0.01, \"high\": 0.2, \"log\": true}}"}
{"op_code":5,"worker_id":"5485dd38-d3d4-4872-92ac-32ab3cd0babe-140436226778944","trial_id":5,"param_name":"n_estimators","param_value_internal":108.0,"distribution":"{\"name\": \"IntDistribution\", \"attributes\": {\"log\": false, \"step\": 1, \"low\": 50, \"high\": 200}}"}
{"op_code":5,"worker_id":"5485dd38-d3d4-4872-92ac-32ab3cd0babe-140436226778944","trial_id":5,"param_name":"max_depth","param_value_internal":5.0,"distribution":"{\"name\": \"IntDistribution\", \"attributes\": {\"log\": false, \"step\": 1, \"low\": 2, \"high\": 5}}"}
{"op_code":6,"worker_id":"5485dd38-d3d4-4872-92ac-32ab3cd0babe-140436226778944","trial_id":5,"state":1,"values":[0.6053377272034567],"datetime_complete":"2026-04-12T09:07:33.395716"}
{"op_code":4,"worker_id":"5485dd38-d3d4-4872-92ac-32ab3cd0babe-140436226778944","study_id":0,"datetime_start":"2026-04-12T09:07:33.423580"}
{"op_code":5,"worker_id":"5485dd38-d3d4-4872-92ac-32ab3cd0babe-140436226778944","trial_id":6,"param_name":"learning_rate","param_value_internal":0.01937361306849689,"distribution":"{\"name\": \"FloatDistribution\", \"attributes\": {\"step\": null, \"low\": 0.01, \"high\": 0.2, \"log\": true}}"}
{"op_code":5,"worker_id":"5485dd38-d3d4-4872-92ac-32ab3cd0babe-140436226778944","trial_id":6,"param_name":"n_estimators","param_value_internal":93.0,"distribution":"{\"name\": \"IntDistribution\", \"attributes\": {\"log\": false, \"step\": 1, \"low\": 50, \"high\": 200}}"}
{"op_code":5,"worker_id":"5485dd38-d3d4-4872-92ac-32ab3cd0babe-140436226778944","trial_id":6,"param_name":"max_depth","param_value_internal":5.0,"distribution":"{\"name\": \"IntDistribution\", \"attributes\": {\"log\": false, \"step\": 1, \"low\": 2, \"high\": 5}}"}
{"op_code":6,"worker_id":"5485dd38-d3d4-4872-92ac-32ab3cd0babe-140436226778944","trial_id":6,"state":1,"values":[0.6032351320166237],"datetime_complete":"2026-04-12T09:08:28.153421"}
{"op_code":4,"worker_id":"5485dd38-d3d4-4872-92ac-32ab3cd0babe-140436226778944","study_id":0,"datetime_start":"2026-04-12T09:08:28.172804"}
{"op_code":5,"worker_id":"5485dd38-d3d4-4872-92ac-32ab3cd0babe-140436226778944","trial_id":7,"param_name":"learning_rate","param_value_internal":0.08432730116552699,"distribution":"{\"name\": \"FloatDistribution\", \"attributes\": {\"step\": null, \"low\": 0.01, \"high\": 0.2, \"log\": true}}"}
{"op_code":5,"worker_id":"5485dd38-d3d4-4872-92ac-32ab3cd0babe-140436226778944","trial_id":7,"param_name":"n_estimators","param_value_internal":123.0,"distribution":"{\"name\": \"IntDistribution\", \"attributes\": {\"log\": false, \"step\": 1, \"low\": 50, \"high\": 200}}"}
{"op_code":5,"worker_id":"5485dd38-d3d4-4872-92ac-32ab3cd0babe-140436226778944","trial_id":7,"param_name":"max_depth","param_value_internal":3.0,"distribution":"{\"name\": \"IntDistribution\", \"attributes\": {\"log\": false, \"step\": 1, \"low\": 2, \"high\": 5}}"}
{"op_code":6,"worker_id":"5485dd38-d3d4-4872-92ac-32ab3cd0babe-140436226778944","trial_id":7,"state":1,"values":[0.6126767583596778],"datetime_complete":"2026-04-12T09:09:39.539401"}
{"op_code":4,"worker_id":"5485dd38-d3d4-4872-92ac-32ab3cd0babe-140436226778944","study_id":0,"datetime_start":"2026-04-12T09:09:39.555396"}
{"op_code":5,"worker_id":"5485dd38-d3d4-4872-92ac-32ab3cd0babe-140436226778944","trial_id":8,"param_name":"learning_rate","param_value_internal":0.14224807608472564,"distribution":"{\"name\": \"FloatDistribution\", \"attributes\": {\"step\": null, \"low\": 0.01, \"high\": 0.2, \"log\": true}}"}
{"op_code":5,"worker_id":"5485dd38-d3d4-4872-92ac-32ab3cd0babe-140436226778944","trial_id":8,"param_name":"n_estimators","param_value_internal":62.0,"distribution":"{\"name\": \"IntDistribution\", \"attributes\": {\"log\": false, \"step\": 1, \"low\": 50, \"high\": 200}}"}
{"op_code":5,"worker_id":"5485dd38-d3d4-4872-92ac-32ab3cd0babe-140436226778944","trial_id":8,"param_name":"max_depth","param_value_internal":3.0,"distribution":"{\"name\": \"IntDistribution\", \"attributes\": {\"log\": false, \"step\": 1, \"low\": 2, \"high\": 5}}"}
{"op_code":6,"worker_id":"5485dd38-d3d4-4872-92ac-32ab3cd0babe-140436226778944","trial_id":8,"state":1,"values":[0.6114810863828603],"datetime_complete":"2026-04-12T09:10:16.685124"}
{"op_code":4,"worker_id":"5485dd38-d3d4-4872-92ac-32ab3cd0babe-140436226778944","study_id":0,"datetime_start":"2026-04-12T09:10:16.705503"}
{"op_code":5,"worker_id":"5485dd38-d3d4-4872-92ac-32ab3cd0babe-140436226778944","trial_id":9,"param_name":"learning_rate","param_value_internal":0.05054468478256168,"distribution":"{\"name\": \"FloatDistribution\", \"attributes\": {\"step\": null, \"low\": 0.01, \"high\": 0.2, \"log\": true}}"}
{"op_code":5,"worker_id":"5485dd38-d3d4-4872-92ac-32ab3cd0babe-140436226778944","trial_id":9,"param_name":"n_estimators","param_value_internal":55.0,"distribution":"{\"name\": \"IntDistribution\", \"attributes\": {\"log\": false, \"step\": 1, \"low\": 50, \"high\": 200}}"}
{"op_code":5,"worker_id":"5485dd38-d3d4-4872-92ac-32ab3cd0babe-140436226778944","trial_id":9,"param_name":"max_depth","param_value_internal":2.0,"distribution":"{\"name\": \"IntDistribution\", \"attributes\": {\"log\": false, \"step\": 1, \"low\": 2, \"high\": 5}}"}
{"op_code":6,"worker_id":"5485dd38-d3d4-4872-92ac-32ab3cd0babe-140436226778944","trial_id":9,"state":1,"values":[0.5927341872810752],"datetime_complete":"2026-04-12T09:10:48.044054"}
{"op_code":4,"worker_id":"5485dd38-d3d4-4872-92ac-32ab3cd0babe-140436226778944","study_id":0,"datetime_start":"2026-04-12T09:10:48.059136"}
{"op_code":5,"worker_id":"5485dd38-d3d4-4872-92ac-32ab3cd0babe-140436226778944","trial_id":10,"param_name":"learning_rate","param_value_internal":0.03776981416577706,"distribution":"{\"name\": \"FloatDistribution\", \"attributes\": {\"step\": null, \"low\": 0.01, \"high\": 0.2, \"log\": true}}"}
{"op_code":5,"worker_id":"5485dd38-d3d4-4872-92ac-32ab3cd0babe-140436226778944","trial_id":10,"param_name":"n_estimators","param_value_internal":180.0,"distribution":"{\"name\": \"IntDistribution\", \"attributes\": {\"log\": false, \"step\": 1, \"low\": 50, \"high\": 200}}"}
{"op_code":5,"worker_id":"5485dd38-d3d4-4872-92ac-32ab3cd0babe-140436226778944","trial_id":10,"param_name":"max_depth","param_value_internal":4.0,"distribution":"{\"name\": \"IntDistribution\", \"attributes\": {\"log\": false, \"step\": 1, \"low\": 2, \"high\": 5}}"}
{"op_code":6,"worker_id":"5485dd38-d3d4-4872-92ac-32ab3cd0babe-140436226778944","trial_id":10,"state":1,"values":[0.6086422964235257],"datetime_complete":"2026-04-12T09:12:37.595623"}
{"op_code":4,"worker_id":"5485dd38-d3d4-4872-92ac-32ab3cd0babe-140436226778944","study_id":0,"datetime_start":"2026-04-12T09:12:37.618194"}
{"op_code":5,"worker_id":"5485dd38-d3d4-4872-92ac-32ab3cd0babe-140436226778944","trial_id":11,"param_name":"learning_rate","param_value_internal":0.18693617551163763,"distribution":"{\"name\": \"FloatDistribution\", \"attributes\": {\"step\": null, \"low\": 0.01, \"high\": 0.2, \"log\": true}}"}
{"op_code":5,"worker_id":"5485dd38-d3d4-4872-92ac-32ab3cd0babe-140436226778944","trial_id":11,"param_name":"n_estimators","param_value_internal":200.0,"distribution":"{\"name\": \"IntDistribution\", \"attributes\": {\"log\": false, \"step\": 1, \"low\": 50, \"high\": 200}}"}
{"op_code":5,"worker_id":"5485dd38-d3d4-4872-92ac-32ab3cd0babe-140436226778944","trial_id":11,"param_name":"max_depth","param_value_internal":4.0,"distribution":"{\"name\": \"IntDistribution\", \"attributes\": {\"log\": false, \"step\": 1, \"low\": 2, \"high\": 5}}"}
{"op_code":6,"worker_id":"5485dd38-d3d4-4872-92ac-32ab3cd0babe-140436226778944","trial_id":11,"state":1,"values":[0.6152514348636636],"datetime_complete":"2026-04-12T09:14:33.748868"}
{"op_code":4,"worker_id":"5485dd38-d3d4-4872-92ac-32ab3cd0babe-140436226778944","study_id":0,"datetime_start":"2026-04-12T09:14:33.770159"}
{"op_code":5,"worker_id":"5485dd38-d3d4-4872-92ac-32ab3cd0babe-140436226778944","trial_id":12,"param_name":"learning_rate","param_value_internal":0.06157210850114647,"distribution":"{\"name\": \"FloatDistribution\", \"attributes\": {\"step\": null, \"low\": 0.01, \"high\": 0.2, \"log\": true}}"}
{"op_code":5,"worker_id":"5485dd38-d3d4-4872-92ac-32ab3cd0babe-140436226778944","trial_id":12,"param_name":"n_estimators","param_value_internal":193.0,"distribution":"{\"name\": \"IntDistribution\", \"attributes\": {\"log\": false, \"step\": 1, \"low\": 50, \"high\": 200}}"}
{"op_code":5,"worker_id":"5485dd38-d3d4-4872-92ac-32ab3cd0babe-140436226778944","trial_id":12,"param_name":"max_depth","param_value_internal":4.0,"distribution":"{\"name\": \"IntDistribution\", \"attributes\": {\"log\": false, \"step\": 1, \"low\": 2, \"high\": 5}}"}
{"op_code":6,"worker_id":"5485dd38-d3d4-4872-92ac-32ab3cd0babe-140436226778944","trial_id":12,"state":1,"values":[0.6157641930904253],"datetime_complete":"2026-04-12T09:16:25.019926"}
{"op_code":4,"worker_id":"5485dd38-d3d4-4872-92ac-32ab3cd0babe-140436226778944","study_id":0,"datetime_start":"2026-04-12T09:16:25.036758"}
{"op_code":5,"worker_id":"5485dd38-d3d4-4872-92ac-32ab3cd0babe-140436226778944","trial_id":13,"param_name":"learning_rate","param_value_internal":0.08435160584899778,"distribution":"{\"name\": \"FloatDistribution\", \"attributes\": {\"step\": null, \"low\": 0.01, \"high\": 0.2, \"log\": true}}"}
{"op_code":5,"worker_id":"5485dd38-d3d4-4872-92ac-32ab3cd0babe-140436226778944","trial_id":13,"param_name":"n_estimators","param_value_internal":196.0,"distribution":"{\"name\": \"IntDistribution\", \"attributes\": {\"log\": false, \"step\": 1, \"low\": 50, \"high\": 200}}"}
{"op_code":5,"worker_id":"5485dd38-d3d4-4872-92ac-32ab3cd0babe-140436226778944","trial_id":13,"param_name":"max_depth","param_value_internal":4.0,"distribution":"{\"name\": \"IntDistribution\", \"attributes\": {\"log\": false, \"step\": 1, \"low\": 2, \"high\": 5}}"}
{"op_code":6,"worker_id":"5485dd38-d3d4-4872-92ac-32ab3cd0babe-140436226778944","trial_id":13,"state":1,"values":[0.6179842356923267],"datetime_complete":"2026-04-12T09:18:19.384661"}
{"op_code":4,"worker_id":"5485dd38-d3d4-4872-92ac-32ab3cd0babe-140436226778944","study_id":0,"datetime_start":"2026-04-12T09:18:19.403303"}
{"op_code":5,"worker_id":"5485dd38-d3d4-4872-92ac-32ab3cd0babe-140436226778944","trial_id":14,"param_name":"learning_rate","param_value_internal":0.07754866350175973,"distribution":"{\"name\": \"FloatDistribution\", \"attributes\": {\"step\": null, \"low\": 0.01, \"high\": 0.2, \"log\": true}}"}
{"op_code":5,"worker_id":"5485dd38-d3d4-4872-92ac-32ab3cd0babe-140436226778944","trial_id":14,"param_name":"n_estimators","param_value_internal":161.0,"distribution":"{\"name\": \"IntDistribution\", \"attributes\": {\"log\": false, \"step\": 1, \"low\": 50, \"high\": 200}}"}
{"op_code":5,"worker_id":"5485dd38-d3d4-4872-92ac-32ab3cd0babe-140436226778944","trial_id":14,"param_name":"max_depth","param_value_internal":4.0,"distribution":"{\"name\": \"IntDistribution\", \"attributes\": {\"log\": false, \"step\": 1, \"low\": 2, \"high\": 5}}"}
{"op_code":6,"worker_id":"5485dd38-d3d4-4872-92ac-32ab3cd0babe-140436226778944","trial_id":14,"state":1,"values":[0.6150549252862566],"datetime_complete":"2026-04-12T09:19:58.566220"}
{"op_code":4,"worker_id":"5485dd38-d3d4-4872-92ac-32ab3cd0babe-140436226778944","study_id":0,"datetime_start":"2026-04-12T09:19:58.593025"}
{"op_code":5,"worker_id":"5485dd38-d3d4-4872-92ac-32ab3cd0babe-140436226778944","trial_id":15,"param_name":"learning_rate","param_value_internal":0.07745742239533497,"distribution":"{\"name\": \"FloatDistribution\", \"attributes\": {\"step\": null, \"low\": 0.01, \"high\": 0.2, \"log\": true}}"}
{"op_code":5,"worker_id":"5485dd38-d3d4-4872-92ac-32ab3cd0babe-140436226778944","trial_id":15,"param_name":"n_estimators","param_value_internal":198.0,"distribution":"{\"name\": \"IntDistribution\", \"attributes\": {\"log\": false, \"step\": 1, \"low\": 50, \"high\": 200}}"}
{"op_code":5,"worker_id":"5485dd38-d3d4-4872-92ac-32ab3cd0babe-140436226778944","trial_id":15,"param_name":"max_depth","param_value_internal":4.0,"distribution":"{\"name\": \"IntDistribution\", \"attributes\": {\"log\": false, \"step\": 1, \"low\": 2, \"high\": 5}}"}
{"op_code":6,"worker_id":"5485dd38-d3d4-4872-92ac-32ab3cd0babe-140436226778944","trial_id":15,"state":1,"values":[0.6151563311031693],"datetime_complete":"2026-04-12T09:21:54.574178"}
{"op_code":4,"worker_id":"5485dd38-d3d4-4872-92ac-32ab3cd0babe-140436226778944","study_id":0,"datetime_start":"2026-04-12T09:21:54.603470"}
{"op_code":5,"worker_id":"5485dd38-d3d4-4872-92ac-32ab3cd0babe-140436226778944","trial_id":16,"param_name":"learning_rate","param_value_internal":0.03186964864727169,"distribution":"{\"name\": \"FloatDistribution\", \"attributes\": {\"step\": null, \"low\": 0.01, \"high\": 0.2, \"log\": true}}"}
{"op_code":5,"worker_id":"5485dd38-d3d4-4872-92ac-32ab3cd0babe-140436226778944","trial_id":16,"param_name":"n_estimators","param_value_internal":143.0,"distribution":"{\"name\": \"IntDistribution\", \"attributes\": {\"log\": false, \"step\": 1, \"low\": 50, \"high\": 200}}"}
{"op_code":5,"worker_id":"5485dd38-d3d4-4872-92ac-32ab3cd0babe-140436226778944","trial_id":16,"param_name":"max_depth","param_value_internal":2.0,"distribution":"{\"name\": \"IntDistribution\", \"attributes\": {\"log\": false, \"step\": 1, \"low\": 2, \"high\": 5}}"}
{"op_code":6,"worker_id":"5485dd38-d3d4-4872-92ac-32ab3cd0babe-140436226778944","trial_id":16,"state":1,"values":[0.5979041652009611],"datetime_complete":"2026-04-12T09:24:42.326267"}
{"op_code":4,"worker_id":"5485dd38-d3d4-4872-92ac-32ab3cd0babe-140436226778944","study_id":0,"datetime_start":"2026-04-12T09:24:42.346763"}
{"op_code":5,"worker_id":"5485dd38-d3d4-4872-92ac-32ab3cd0babe-140436226778944","trial_id":17,"param_name":"learning_rate","param_value_internal":0.10879895249805341,"distribution":"{\"name\": \"FloatDistribution\", \"attributes\": {\"step\": null, \"low\": 0.01, \"high\": 0.2, \"log\": true}}"}
{"op_code":5,"worker_id":"5485dd38-d3d4-4872-92ac-32ab3cd0babe-140436226778944","trial_id":17,"param_name":"n_estimators","param_value_internal":175.0,"distribution":"{\"name\": \"IntDistribution\", \"attributes\": {\"log\": false, \"step\": 1, \"low\": 50, \"high\": 200}}"}
{"op_code":5,"worker_id":"5485dd38-d3d4-4872-92ac-32ab3cd0babe-140436226778944","trial_id":17,"param_name":"max_depth","param_value_internal":4.0,"distribution":"{\"name\": \"IntDistribution\", \"attributes\": {\"log\": false, \"step\": 1, \"low\": 2, \"high\": 5}}"}
{"op_code":6,"worker_id":"5485dd38-d3d4-4872-92ac-32ab3cd0babe-140436226778944","trial_id":17,"state":1,"values":[0.6155224232896506],"datetime_complete":"2026-04-12T09:27:33.895329"}
{"op_code":4,"worker_id":"5485dd38-d3d4-4872-92ac-32ab3cd0babe-140436226778944","study_id":0,"datetime_start":"2026-04-12T09:27:33.925332"}
{"op_code":5,"worker_id":"5485dd38-d3d4-4872-92ac-32ab3cd0babe-140436226778944","trial_id":18,"param_name":"learning_rate","param_value_internal":0.028754539908661923,"distribution":"{\"name\": \"FloatDistribution\", \"attributes\": {\"step\": null, \"low\": 0.01, \"high\": 0.2, \"log\": true}}"}
{"op_code":5,"worker_id":"5485dd38-d3d4-4872-92ac-32ab3cd0babe-140436226778944","trial_id":18,"param_name":"n_estimators","param_value_internal":188.0,"distribution":"{\"name\": \"IntDistribution\", \"attributes\": {\"log\": false, \"step\": 1, \"low\": 50, \"high\": 200}}"}
{"op_code":5,"worker_id":"5485dd38-d3d4-4872-92ac-32ab3cd0babe-140436226778944","trial_id":18,"param_name":"max_depth","param_value_internal":4.0,"distribution":"{\"name\": \"IntDistribution\", \"attributes\": {\"log\": false, \"step\": 1, \"low\": 2, \"high\": 5}}"}
{"op_code":6,"worker_id":"5485dd38-d3d4-4872-92ac-32ab3cd0babe-140436226778944","trial_id":18,"state":1,"values":[0.606745950355837],"datetime_complete":"2026-04-12T09:29:26.782254"}
{"op_code":4,"worker_id":"5485dd38-d3d4-4872-92ac-32ab3cd0babe-140436226778944","study_id":0,"datetime_start":"2026-04-12T09:29:26.793849"}
{"op_code":5,"worker_id":"5485dd38-d3d4-4872-92ac-32ab3cd0babe-140436226778944","trial_id":19,"param_name":"learning_rate","param_value_internal":0.062303933836666915,"distribution":"{\"name\": \"FloatDistribution\", \"attributes\": {\"step\": null, \"low\": 0.01, \"high\": 0.2, \"log\": true}}"}
{"op_code":5,"worker_id":"5485dd38-d3d4-4872-92ac-32ab3cd0babe-140436226778944","trial_id":19,"param_name":"n_estimators","param_value_internal":160.0,"distribution":"{\"name\": \"IntDistribution\", \"attributes\": {\"log\": false, \"step\": 1, \"low\": 50, \"high\": 200}}"}
{"op_code":5,"worker_id":"5485dd38-d3d4-4872-92ac-32ab3cd0babe-140436226778944","trial_id":19,"param_name":"max_depth","param_value_internal":3.0,"distribution":"{\"name\": \"IntDistribution\", \"attributes\": {\"log\": false, \"step\": 1, \"low\": 2, \"high\": 5}}"}
{"op_code":6,"worker_id":"5485dd38-d3d4-4872-92ac-32ab3cd0babe-140436226778944","trial_id":19,"state":1,"values":[0.613269724577218],"datetime_complete":"2026-04-12T09:33:44.368029"}
