{"op_code":0,"worker_id":"3b17f935-1099-42e0-af03-adb364064185-139876742551360","study_name":"rsf_tuning","directions":[2]}
{"op_code":4,"worker_id":"3b17f935-1099-42e0-af03-adb364064185-139876742551360","study_id":0,"datetime_start":"2026-04-14T09:31:01.501115"}
{"op_code":5,"worker_id":"3b17f935-1099-42e0-af03-adb364064185-139876742551360","trial_id":0,"param_name":"n_estimators","param_value_internal":159.0,"distribution":"{\"name\": \"IntDistribution\", \"attributes\": {\"log\": false, \"step\": 1, \"low\": 50, \"high\": 200}}"}
{"op_code":5,"worker_id":"3b17f935-1099-42e0-af03-adb364064185-139876742551360","trial_id":0,"param_name":"min_samples_split","param_value_internal":9.0,"distribution":"{\"name\": \"IntDistribution\", \"attributes\": {\"log\": false, \"step\": 1, \"low\": 5, \"high\": 20}}"}
{"op_code":5,"worker_id":"3b17f935-1099-42e0-af03-adb364064185-139876742551360","trial_id":0,"param_name":"min_samples_leaf","param_value_internal":9.0,"distribution":"{\"name\": \"IntDistribution\", \"attributes\": {\"log\": false, \"step\": 1, \"low\": 5, \"high\": 20}}"}
{"op_code":6,"worker_id":"3b17f935-1099-42e0-af03-adb364064185-139876742551360","trial_id":0,"state":1,"values":[0.9201398930365812],"datetime_complete":"2026-04-14T09:31:21.035508"}
{"op_code":4,"worker_id":"3b17f935-1099-42e0-af03-adb364064185-139876742551360","study_id":0,"datetime_start":"2026-04-14T09:31:21.064835"}
{"op_code":5,"worker_id":"3b17f935-1099-42e0-af03-adb364064185-139876742551360","trial_id":1,"param_name":"n_estimators","param_value_internal":166.0,"distribution":"{\"name\": \"IntDistribution\", \"attributes\": {\"log\": false, \"step\": 1, \"low\": 50, \"high\": 200}}"}
{"op_code":5,"worker_id":"3b17f935-1099-42e0-af03-adb364064185-139876742551360","trial_id":1,"param_name":"min_samples_split","param_value_internal":12.0,"distribution":"{\"name\": \"IntDistribution\", \"attributes\": {\"log\": false, \"step\": 1, \"low\": 5, \"high\": 20}}"}
{"op_code":5,"worker_id":"3b17f935-1099-42e0-af03-adb364064185-139876742551360","trial_id":1,"param_name":"min_samples_leaf","param_value_internal":18.0,"distribution":"{\"name\": \"IntDistribution\", \"attributes\": {\"log\": false, \"step\": 1, \"low\": 5, \"high\": 20}}"}
{"op_code":6,"worker_id":"3b17f935-1099-42e0-af03-adb364064185-139876742551360","trial_id":1,"state":1,"values":[0.9130989700818614],"datetime_complete":"2026-04-14T09:31:37.544660"}
{"op_code":4,"worker_id":"3b17f935-1099-42e0-af03-adb364064185-139876742551360","study_id":0,"datetime_start":"2026-04-14T09:31:37.566802"}
{"op_code":5,"worker_id":"3b17f935-1099-42e0-af03-adb364064185-139876742551360","trial_id":2,"param_name":"n_estimators","param_value_internal":190.0,"distribution":"{\"name\": \"IntDistribution\", \"attributes\": {\"log\": false, \"step\": 1, \"low\": 50, \"high\": 200}}"}
{"op_code":5,"worker_id":"3b17f935-1099-42e0-af03-adb364064185-139876742551360","trial_id":2,"param_name":"min_samples_split","param_value_internal":19.0,"distribution":"{\"name\": \"IntDistribution\", \"attributes\": {\"log\": false, \"step\": 1, \"low\": 5, \"high\": 20}}"}
{"op_code":5,"worker_id":"3b17f935-1099-42e0-af03-adb364064185-139876742551360","trial_id":2,"param_name":"min_samples_leaf","param_value_internal":14.0,"distribution":"{\"name\": \"IntDistribution\", \"attributes\": {\"log\": false, \"step\": 1, \"low\": 5, \"high\": 20}}"}
{"op_code":6,"worker_id":"3b17f935-1099-42e0-af03-adb364064185-139876742551360","trial_id":2,"state":1,"values":[0.9156284582846522],"datetime_complete":"2026-04-14T09:31:58.120842"}
{"op_code":4,"worker_id":"3b17f935-1099-42e0-af03-adb364064185-139876742551360","study_id":0,"datetime_start":"2026-04-14T09:31:58.143655"}
{"op_code":5,"worker_id":"3b17f935-1099-42e0-af03-adb364064185-139876742551360","trial_id":3,"param_name":"n_estimators","param_value_internal":119.0,"distribution":"{\"name\": \"IntDistribution\", \"attributes\": {\"log\": false, \"step\": 1, \"low\": 50, \"high\": 200}}"}
{"op_code":5,"worker_id":"3b17f935-1099-42e0-af03-adb364064185-139876742551360","trial_id":3,"param_name":"min_samples_split","param_value_internal":20.0,"distribution":"{\"name\": \"IntDistribution\", \"attributes\": {\"log\": false, \"step\": 1, \"low\": 5, \"high\": 20}}"}
{"op_code":5,"worker_id":"3b17f935-1099-42e0-af03-adb364064185-139876742551360","trial_id":3,"param_name":"min_samples_leaf","param_value_internal":14.0,"distribution":"{\"name\": \"IntDistribution\", \"attributes\": {\"log\": false, \"step\": 1, \"low\": 5, \"high\": 20}}"}
{"op_code":6,"worker_id":"3b17f935-1099-42e0-af03-adb364064185-139876742551360","trial_id":3,"state":1,"values":[0.9158212546415723],"datetime_complete":"2026-04-14T09:32:10.556446"}
{"op_code":4,"worker_id":"3b17f935-1099-42e0-af03-adb364064185-139876742551360","study_id":0,"datetime_start":"2026-04-14T09:32:10.576800"}
{"op_code":5,"worker_id":"3b17f935-1099-42e0-af03-adb364064185-139876742551360","trial_id":4,"param_name":"n_estimators","param_value_internal":57.0,"distribution":"{\"name\": \"IntDistribution\", \"attributes\": {\"log\": false, \"step\": 1, \"low\": 50, \"high\": 200}}"}
{"op_code":5,"worker_id":"3b17f935-1099-42e0-af03-adb364064185-139876742551360","trial_id":4,"param_name":"min_samples_split","param_value_internal":19.0,"distribution":"{\"name\": \"IntDistribution\", \"attributes\": {\"log\": false, \"step\": 1, \"low\": 5, \"high\": 20}}"}
{"op_code":5,"worker_id":"3b17f935-1099-42e0-af03-adb364064185-139876742551360","trial_id":4,"param_name":"min_samples_leaf","param_value_internal":8.0,"distribution":"{\"name\": \"IntDistribution\", \"attributes\": {\"log\": false, \"step\": 1, \"low\": 5, \"high\": 20}}"}
{"op_code":6,"worker_id":"3b17f935-1099-42e0-af03-adb364064185-139876742551360","trial_id":4,"state":1,"values":[0.919896969626862],"datetime_complete":"2026-04-14T09:32:17.487654"}
{"op_code":4,"worker_id":"3b17f935-1099-42e0-af03-adb364064185-139876742551360","study_id":0,"datetime_start":"2026-04-14T09:32:17.513913"}
{"op_code":5,"worker_id":"3b17f935-1099-42e0-af03-adb364064185-139876742551360","trial_id":5,"param_name":"n_estimators","param_value_internal":85.0,"distribution":"{\"name\": \"IntDistribution\", \"attributes\": {\"log\": false, \"step\": 1, \"low\": 50, \"high\": 200}}"}
{"op_code":5,"worker_id":"3b17f935-1099-42e0-af03-adb364064185-139876742551360","trial_id":5,"param_name":"min_samples_split","param_value_internal":17.0,"distribution":"{\"name\": \"IntDistribution\", \"attributes\": {\"log\": false, \"step\": 1, \"low\": 5, \"high\": 20}}"}
{"op_code":5,"worker_id":"3b17f935-1099-42e0-af03-adb364064185-139876742551360","trial_id":5,"param_name":"min_samples_leaf","param_value_internal":18.0,"distribution":"{\"name\": \"IntDistribution\", \"attributes\": {\"log\": false, \"step\": 1, \"low\": 5, \"high\": 20}}"}
{"op_code":6,"worker_id":"3b17f935-1099-42e0-af03-adb364064185-139876742551360","trial_id":5,"state":1,"values":[0.9131568089889374],"datetime_complete":"2026-04-14T09:32:25.758975"}
{"op_code":4,"worker_id":"3b17f935-1099-42e0-af03-adb364064185-139876742551360","study_id":0,"datetime_start":"2026-04-14T09:32:25.774725"}
{"op_code":5,"worker_id":"3b17f935-1099-42e0-af03-adb364064185-139876742551360","trial_id":6,"param_name":"n_estimators","param_value_internal":194.0,"distribution":"{\"name\": \"IntDistribution\", \"attributes\": {\"log\": false, \"step\": 1, \"low\": 50, \"high\": 200}}"}
{"op_code":5,"worker_id":"3b17f935-1099-42e0-af03-adb364064185-139876742551360","trial_id":6,"param_name":"min_samples_split","param_value_internal":7.0,"distribution":"{\"name\": \"IntDistribution\", \"attributes\": {\"log\": false, \"step\": 1, \"low\": 5, \"high\": 20}}"}
{"op_code":5,"worker_id":"3b17f935-1099-42e0-af03-adb364064185-139876742551360","trial_id":6,"param_name":"min_samples_leaf","param_value_internal":11.0,"distribution":"{\"name\": \"IntDistribution\", \"attributes\": {\"log\": false, \"step\": 1, \"low\": 5, \"high\": 20}}"}
{"op_code":6,"worker_id":"3b17f935-1099-42e0-af03-adb364064185-139876742551360","trial_id":6,"state":1,"values":[0.9187980303924177],"datetime_complete":"2026-04-14T09:32:47.371908"}
{"op_code":4,"worker_id":"3b17f935-1099-42e0-af03-adb364064185-139876742551360","study_id":0,"datetime_start":"2026-04-14T09:32:47.385487"}
{"op_code":5,"worker_id":"3b17f935-1099-42e0-af03-adb364064185-139876742551360","trial_id":7,"param_name":"n_estimators","param_value_internal":122.0,"distribution":"{\"name\": \"IntDistribution\", \"attributes\": {\"log\": false, \"step\": 1, \"low\": 50, \"high\": 200}}"}
{"op_code":5,"worker_id":"3b17f935-1099-42e0-af03-adb364064185-139876742551360","trial_id":7,"param_name":"min_samples_split","param_value_internal":7.0,"distribution":"{\"name\": \"IntDistribution\", \"attributes\": {\"log\": false, \"step\": 1, \"low\": 5, \"high\": 20}}"}
{"op_code":5,"worker_id":"3b17f935-1099-42e0-af03-adb364064185-139876742551360","trial_id":7,"param_name":"min_samples_leaf","param_value_internal":14.0,"distribution":"{\"name\": \"IntDistribution\", \"attributes\": {\"log\": false, \"step\": 1, \"low\": 5, \"high\": 20}}"}
{"op_code":6,"worker_id":"3b17f935-1099-42e0-af03-adb364064185-139876742551360","trial_id":7,"state":1,"values":[0.9159446443100011],"datetime_complete":"2026-04-14T09:33:00.468000"}
{"op_code":4,"worker_id":"3b17f935-1099-42e0-af03-adb364064185-139876742551360","study_id":0,"datetime_start":"2026-04-14T09:33:00.484957"}
{"op_code":5,"worker_id":"3b17f935-1099-42e0-af03-adb364064185-139876742551360","trial_id":8,"param_name":"n_estimators","param_value_internal":179.0,"distribution":"{\"name\": \"IntDistribution\", \"attributes\": {\"log\": false, \"step\": 1, \"low\": 50, \"high\": 200}}"}
{"op_code":5,"worker_id":"3b17f935-1099-42e0-af03-adb364064185-139876742551360","trial_id":8,"param_name":"min_samples_split","param_value_internal":19.0,"distribution":"{\"name\": \"IntDistribution\", \"attributes\": {\"log\": false, \"step\": 1, \"low\": 5, \"high\": 20}}"}
{"op_code":5,"worker_id":"3b17f935-1099-42e0-af03-adb364064185-139876742551360","trial_id":8,"param_name":"min_samples_leaf","param_value_internal":13.0,"distribution":"{\"name\": \"IntDistribution\", \"attributes\": {\"log\": false, \"step\": 1, \"low\": 5, \"high\": 20}}"}
{"op_code":6,"worker_id":"3b17f935-1099-42e0-af03-adb364064185-139876742551360","trial_id":8,"state":1,"values":[0.9162916777524572],"datetime_complete":"2026-04-14T09:33:18.924772"}
{"op_code":4,"worker_id":"3b17f935-1099-42e0-af03-adb364064185-139876742551360","study_id":0,"datetime_start":"2026-04-14T09:33:18.940248"}
{"op_code":5,"worker_id":"3b17f935-1099-42e0-af03-adb364064185-139876742551360","trial_id":9,"param_name":"n_estimators","param_value_internal":128.0,"distribution":"{\"name\": \"IntDistribution\", \"attributes\": {\"log\": false, \"step\": 1, \"low\": 50, \"high\": 200}}"}
{"op_code":5,"worker_id":"3b17f935-1099-42e0-af03-adb364064185-139876742551360","trial_id":9,"param_name":"min_samples_split","param_value_internal":9.0,"distribution":"{\"name\": \"IntDistribution\", \"attributes\": {\"log\": false, \"step\": 1, \"low\": 5, \"high\": 20}}"}
{"op_code":5,"worker_id":"3b17f935-1099-42e0-af03-adb364064185-139876742551360","trial_id":9,"param_name":"min_samples_leaf","param_value_internal":5.0,"distribution":"{\"name\": \"IntDistribution\", \"attributes\": {\"log\": false, \"step\": 1, \"low\": 5, \"high\": 20}}"}
{"op_code":6,"worker_id":"3b17f935-1099-42e0-af03-adb364064185-139876742551360","trial_id":9,"state":1,"values":[0.9221256955128576],"datetime_complete":"2026-04-14T09:33:36.132503"}
{"op_code":4,"worker_id":"3b17f935-1099-42e0-af03-adb364064185-139876742551360","study_id":0,"datetime_start":"2026-04-14T09:33:36.149986"}
{"op_code":5,"worker_id":"3b17f935-1099-42e0-af03-adb364064185-139876742551360","trial_id":10,"param_name":"n_estimators","param_value_internal":91.0,"distribution":"{\"name\": \"IntDistribution\", \"attributes\": {\"log\": false, \"step\": 1, \"low\": 50, \"high\": 200}}"}
{"op_code":5,"worker_id":"3b17f935-1099-42e0-af03-adb364064185-139876742551360","trial_id":10,"param_name":"min_samples_split","param_value_internal":13.0,"distribution":"{\"name\": \"IntDistribution\", \"attributes\": {\"log\": false, \"step\": 1, \"low\": 5, \"high\": 20}}"}
{"op_code":5,"worker_id":"3b17f935-1099-42e0-af03-adb364064185-139876742551360","trial_id":10,"param_name":"min_samples_leaf","param_value_internal":6.0,"distribution":"{\"name\": \"IntDistribution\", \"attributes\": {\"log\": false, \"step\": 1, \"low\": 5, \"high\": 20}}"}
{"op_code":6,"worker_id":"3b17f935-1099-42e0-af03-adb364064185-139876742551360","trial_id":10,"state":1,"values":[0.9210151884969981],"datetime_complete":"2026-04-14T09:33:48.291742"}
{"op_code":4,"worker_id":"3b17f935-1099-42e0-af03-adb364064185-139876742551360","study_id":0,"datetime_start":"2026-04-14T09:33:48.308494"}
{"op_code":5,"worker_id":"3b17f935-1099-42e0-af03-adb364064185-139876742551360","trial_id":11,"param_name":"n_estimators","param_value_internal":96.0,"distribution":"{\"name\": \"IntDistribution\", \"attributes\": {\"log\": false, \"step\": 1, \"low\": 50, \"high\": 200}}"}
{"op_code":5,"worker_id":"3b17f935-1099-42e0-af03-adb364064185-139876742551360","trial_id":11,"param_name":"min_samples_split","param_value_internal":13.0,"distribution":"{\"name\": \"IntDistribution\", \"attributes\": {\"log\": false, \"step\": 1, \"low\": 5, \"high\": 20}}"}
{"op_code":5,"worker_id":"3b17f935-1099-42e0-af03-adb364064185-139876742551360","trial_id":11,"param_name":"min_samples_leaf","param_value_internal":5.0,"distribution":"{\"name\": \"IntDistribution\", \"attributes\": {\"log\": false, \"step\": 1, \"low\": 5, \"high\": 20}}"}
{"op_code":6,"worker_id":"3b17f935-1099-42e0-af03-adb364064185-139876742551360","trial_id":11,"state":1,"values":[0.922033153261536],"datetime_complete":"2026-04-14T09:34:01.199426"}
{"op_code":4,"worker_id":"3b17f935-1099-42e0-af03-adb364064185-139876742551360","study_id":0,"datetime_start":"2026-04-14T09:34:01.214991"}
{"op_code":5,"worker_id":"3b17f935-1099-42e0-af03-adb364064185-139876742551360","trial_id":12,"param_name":"n_estimators","param_value_internal":142.0,"distribution":"{\"name\": \"IntDistribution\", \"attributes\": {\"log\": false, \"step\": 1, \"low\": 50, \"high\": 200}}"}
{"op_code":5,"worker_id":"3b17f935-1099-42e0-af03-adb364064185-139876742551360","trial_id":12,"param_name":"min_samples_split","param_value_internal":12.0,"distribution":"{\"name\": \"IntDistribution\", \"attributes\": {\"log\": false, \"step\": 1, \"low\": 5, \"high\": 20}}"}
{"op_code":5,"worker_id":"3b17f935-1099-42e0-af03-adb364064185-139876742551360","trial_id":12,"param_name":"min_samples_leaf","param_value_internal":5.0,"distribution":"{\"name\": \"IntDistribution\", \"attributes\": {\"log\": false, \"step\": 1, \"low\": 5, \"high\": 20}}"}
{"op_code":6,"worker_id":"3b17f935-1099-42e0-af03-adb364064185-139876742551360","trial_id":12,"state":1,"values":[0.9210537477683821],"datetime_complete":"2026-04-14T09:34:20.728657"}
{"op_code":4,"worker_id":"3b17f935-1099-42e0-af03-adb364064185-139876742551360","study_id":0,"datetime_start":"2026-04-14T09:34:20.749018"}
{"op_code":5,"worker_id":"3b17f935-1099-42e0-af03-adb364064185-139876742551360","trial_id":13,"param_name":"n_estimators","param_value_internal":101.0,"distribution":"{\"name\": \"IntDistribution\", \"attributes\": {\"log\": false, \"step\": 1, \"low\": 50, \"high\": 200}}"}
{"op_code":5,"worker_id":"3b17f935-1099-42e0-af03-adb364064185-139876742551360","trial_id":13,"param_name":"min_samples_split","param_value_internal":15.0,"distribution":"{\"name\": \"IntDistribution\", \"attributes\": {\"log\": false, \"step\": 1, \"low\": 5, \"high\": 20}}"}
{"op_code":5,"worker_id":"3b17f935-1099-42e0-af03-adb364064185-139876742551360","trial_id":13,"param_name":"min_samples_leaf","param_value_internal":7.0,"distribution":"{\"name\": \"IntDistribution\", \"attributes\": {\"log\": false, \"step\": 1, \"low\": 5, \"high\": 20}}"}
{"op_code":6,"worker_id":"3b17f935-1099-42e0-af03-adb364064185-139876742551360","trial_id":13,"state":1,"values":[0.9207182821073413],"datetime_complete":"2026-04-14T09:34:33.375291"}
{"op_code":4,"worker_id":"3b17f935-1099-42e0-af03-adb364064185-139876742551360","study_id":0,"datetime_start":"2026-04-14T09:34:33.395975"}
{"op_code":5,"worker_id":"3b17f935-1099-42e0-af03-adb364064185-139876742551360","trial_id":14,"param_name":"n_estimators","param_value_internal":69.0,"distribution":"{\"name\": \"IntDistribution\", \"attributes\": {\"log\": false, \"step\": 1, \"low\": 50, \"high\": 200}}"}
{"op_code":5,"worker_id":"3b17f935-1099-42e0-af03-adb364064185-139876742551360","trial_id":14,"param_name":"min_samples_split","param_value_internal":10.0,"distribution":"{\"name\": \"IntDistribution\", \"attributes\": {\"log\": false, \"step\": 1, \"low\": 5, \"high\": 20}}"}
{"op_code":5,"worker_id":"3b17f935-1099-42e0-af03-adb364064185-139876742551360","trial_id":14,"param_name":"min_samples_leaf","param_value_internal":10.0,"distribution":"{\"name\": \"IntDistribution\", \"attributes\": {\"log\": false, \"step\": 1, \"low\": 5, \"high\": 20}}"}
{"op_code":6,"worker_id":"3b17f935-1099-42e0-af03-adb364064185-139876742551360","trial_id":14,"state":1,"values":[0.9191681993977042],"datetime_complete":"2026-04-14T09:34:41.538019"}
{"op_code":4,"worker_id":"3b17f935-1099-42e0-af03-adb364064185-139876742551360","study_id":0,"datetime_start":"2026-04-14T09:34:41.553764"}
{"op_code":5,"worker_id":"3b17f935-1099-42e0-af03-adb364064185-139876742551360","trial_id":15,"param_name":"n_estimators","param_value_internal":140.0,"distribution":"{\"name\": \"IntDistribution\", \"attributes\": {\"log\": false, \"step\": 1, \"low\": 50, \"high\": 200}}"}
{"op_code":5,"worker_id":"3b17f935-1099-42e0-af03-adb364064185-139876742551360","trial_id":15,"param_name":"min_samples_split","param_value_internal":9.0,"distribution":"{\"name\": \"IntDistribution\", \"attributes\": {\"log\": false, \"step\": 1, \"low\": 5, \"high\": 20}}"}
{"op_code":5,"worker_id":"3b17f935-1099-42e0-af03-adb364064185-139876742551360","trial_id":15,"param_name":"min_samples_leaf","param_value_internal":5.0,"distribution":"{\"name\": \"IntDistribution\", \"attributes\": {\"log\": false, \"step\": 1, \"low\": 5, \"high\": 20}}"}
{"op_code":6,"worker_id":"3b17f935-1099-42e0-af03-adb364064185-139876742551360","trial_id":15,"state":1,"values":[0.9220524328972279],"datetime_complete":"2026-04-14T09:35:00.145830"}
{"op_code":4,"worker_id":"3b17f935-1099-42e0-af03-adb364064185-139876742551360","study_id":0,"datetime_start":"2026-04-14T09:35:00.164690"}
{"op_code":5,"worker_id":"3b17f935-1099-42e0-af03-adb364064185-139876742551360","trial_id":16,"param_name":"n_estimators","param_value_internal":144.0,"distribution":"{\"name\": \"IntDistribution\", \"attributes\": {\"log\": false, \"step\": 1, \"low\": 50, \"high\": 200}}"}
{"op_code":5,"worker_id":"3b17f935-1099-42e0-af03-adb364064185-139876742551360","trial_id":16,"param_name":"min_samples_split","param_value_internal":5.0,"distribution":"{\"name\": \"IntDistribution\", \"attributes\": {\"log\": false, \"step\": 1, \"low\": 5, \"high\": 20}}"}
{"op_code":5,"worker_id":"3b17f935-1099-42e0-af03-adb364064185-139876742551360","trial_id":16,"param_name":"min_samples_leaf","param_value_internal":7.0,"distribution":"{\"name\": \"IntDistribution\", \"attributes\": {\"log\": false, \"step\": 1, \"low\": 5, \"high\": 20}}"}
{"op_code":6,"worker_id":"3b17f935-1099-42e0-af03-adb364064185-139876742551360","trial_id":16,"state":1,"values":[0.9215087471707135],"datetime_complete":"2026-04-14T09:35:17.690781"}
{"op_code":4,"worker_id":"3b17f935-1099-42e0-af03-adb364064185-139876742551360","study_id":0,"datetime_start":"2026-04-14T09:35:17.708193"}
{"op_code":5,"worker_id":"3b17f935-1099-42e0-af03-adb364064185-139876742551360","trial_id":17,"param_name":"n_estimators","param_value_internal":140.0,"distribution":"{\"name\": \"IntDistribution\", \"attributes\": {\"log\": false, \"step\": 1, \"low\": 50, \"high\": 200}}"}
{"op_code":5,"worker_id":"3b17f935-1099-42e0-af03-adb364064185-139876742551360","trial_id":17,"param_name":"min_samples_split","param_value_internal":9.0,"distribution":"{\"name\": \"IntDistribution\", \"attributes\": {\"log\": false, \"step\": 1, \"low\": 5, \"high\": 20}}"}
{"op_code":5,"worker_id":"3b17f935-1099-42e0-af03-adb364064185-139876742551360","trial_id":17,"param_name":"min_samples_leaf","param_value_internal":20.0,"distribution":"{\"name\": \"IntDistribution\", \"attributes\": {\"log\": false, \"step\": 1, \"low\": 5, \"high\": 20}}"}
{"op_code":6,"worker_id":"3b17f935-1099-42e0-af03-adb364064185-139876742551360","trial_id":17,"state":1,"values":[0.9070066052031881],"datetime_complete":"2026-04-14T09:35:30.855256"}
{"op_code":4,"worker_id":"3b17f935-1099-42e0-af03-adb364064185-139876742551360","study_id":0,"datetime_start":"2026-04-14T09:35:30.871510"}
{"op_code":5,"worker_id":"3b17f935-1099-42e0-af03-adb364064185-139876742551360","trial_id":18,"param_name":"n_estimators","param_value_internal":115.0,"distribution":"{\"name\": \"IntDistribution\", \"attributes\": {\"log\": false, \"step\": 1, \"low\": 50, \"high\": 200}}"}
{"op_code":5,"worker_id":"3b17f935-1099-42e0-af03-adb364064185-139876742551360","trial_id":18,"param_name":"min_samples_split","param_value_internal":5.0,"distribution":"{\"name\": \"IntDistribution\", \"attributes\": {\"log\": false, \"step\": 1, \"low\": 5, \"high\": 20}}"}
{"op_code":5,"worker_id":"3b17f935-1099-42e0-af03-adb364064185-139876742551360","trial_id":18,"param_name":"min_samples_leaf","param_value_internal":11.0,"distribution":"{\"name\": \"IntDistribution\", \"attributes\": {\"log\": false, \"step\": 1, \"low\": 5, \"high\": 20}}"}
{"op_code":6,"worker_id":"3b17f935-1099-42e0-af03-adb364064185-139876742551360","trial_id":18,"state":1,"values":[0.9181425227788895],"datetime_complete":"2026-04-14T09:35:43.506661"}
{"op_code":4,"worker_id":"3b17f935-1099-42e0-af03-adb364064185-139876742551360","study_id":0,"datetime_start":"2026-04-14T09:35:43.522511"}
{"op_code":5,"worker_id":"3b17f935-1099-42e0-af03-adb364064185-139876742551360","trial_id":19,"param_name":"n_estimators","param_value_internal":158.0,"distribution":"{\"name\": \"IntDistribution\", \"attributes\": {\"log\": false, \"step\": 1, \"low\": 50, \"high\": 200}}"}
{"op_code":5,"worker_id":"3b17f935-1099-42e0-af03-adb364064185-139876742551360","trial_id":19,"param_name":"min_samples_split","param_value_internal":10.0,"distribution":"{\"name\": \"IntDistribution\", \"attributes\": {\"log\": false, \"step\": 1, \"low\": 5, \"high\": 20}}"}
{"op_code":5,"worker_id":"3b17f935-1099-42e0-af03-adb364064185-139876742551360","trial_id":19,"param_name":"min_samples_leaf","param_value_internal":8.0,"distribution":"{\"name\": \"IntDistribution\", \"attributes\": {\"log\": false, \"step\": 1, \"low\": 5, \"high\": 20}}"}
{"op_code":6,"worker_id":"3b17f935-1099-42e0-af03-adb364064185-139876742551360","trial_id":19,"state":1,"values":[0.9206026042931893],"datetime_complete":"2026-04-14T09:36:02.384999"}
