{"op_code":0,"worker_id":"96f14f9b-950c-4eff-a821-78248787dcfc-139952901822272","study_name":"pchazard_tuning","directions":[2]}
{"op_code":4,"worker_id":"96f14f9b-950c-4eff-a821-78248787dcfc-139952901822272","study_id":0,"datetime_start":"2026-03-26T09:52:24.669895"}
{"op_code":5,"worker_id":"96f14f9b-950c-4eff-a821-78248787dcfc-139952901822272","trial_id":0,"param_name":"lr","param_value_internal":0.005170492161039291,"distribution":"{\"name\": \"FloatDistribution\", \"attributes\": {\"step\": null, \"low\": 0.0001, \"high\": 0.1, \"log\": true}}"}
{"op_code":5,"worker_id":"96f14f9b-950c-4eff-a821-78248787dcfc-139952901822272","trial_id":0,"param_name":"dropout","param_value_internal":0.421443401020058,"distribution":"{\"name\": \"FloatDistribution\", \"attributes\": {\"step\": null, \"low\": 0.0, \"high\": 0.5, \"log\": false}}"}
{"op_code":5,"worker_id":"96f14f9b-950c-4eff-a821-78248787dcfc-139952901822272","trial_id":0,"param_name":"layers","param_value_internal":3.0,"distribution":"{\"name\": \"IntDistribution\", \"attributes\": {\"log\": false, \"step\": 1, \"low\": 1, \"high\": 3}}"}
{"op_code":5,"worker_id":"96f14f9b-950c-4eff-a821-78248787dcfc-139952901822272","trial_id":0,"param_name":"nodes","param_value_internal":2,"distribution":"{\"name\": \"CategoricalDistribution\", \"attributes\": {\"choices\": [32, 64, 128]}}"}
{"op_code":6,"worker_id":"96f14f9b-950c-4eff-a821-78248787dcfc-139952901822272","trial_id":0,"state":1,"values":[0.0],"datetime_complete":"2026-03-26T09:52:24.732036"}
{"op_code":4,"worker_id":"96f14f9b-950c-4eff-a821-78248787dcfc-139952901822272","study_id":0,"datetime_start":"2026-03-26T09:52:24.742119"}
{"op_code":5,"worker_id":"96f14f9b-950c-4eff-a821-78248787dcfc-139952901822272","trial_id":1,"param_name":"lr","param_value_internal":0.00096719876067891,"distribution":"{\"name\": \"FloatDistribution\", \"attributes\": {\"step\": null, \"low\": 0.0001, \"high\": 0.1, \"log\": true}}"}
{"op_code":5,"worker_id":"96f14f9b-950c-4eff-a821-78248787dcfc-139952901822272","trial_id":1,"param_name":"dropout","param_value_internal":0.0793903336319437,"distribution":"{\"name\": \"FloatDistribution\", \"attributes\": {\"step\": null, \"low\": 0.0, \"high\": 0.5, \"log\": false}}"}
{"op_code":5,"worker_id":"96f14f9b-950c-4eff-a821-78248787dcfc-139952901822272","trial_id":1,"param_name":"layers","param_value_internal":3.0,"distribution":"{\"name\": \"IntDistribution\", \"attributes\": {\"log\": false, \"step\": 1, \"low\": 1, \"high\": 3}}"}
{"op_code":5,"worker_id":"96f14f9b-950c-4eff-a821-78248787dcfc-139952901822272","trial_id":1,"param_name":"nodes","param_value_internal":1,"distribution":"{\"name\": \"CategoricalDistribution\", \"attributes\": {\"choices\": [32, 64, 128]}}"}
{"op_code":6,"worker_id":"96f14f9b-950c-4eff-a821-78248787dcfc-139952901822272","trial_id":1,"state":1,"values":[0.0],"datetime_complete":"2026-03-26T09:52:24.800868"}
{"op_code":4,"worker_id":"96f14f9b-950c-4eff-a821-78248787dcfc-139952901822272","study_id":0,"datetime_start":"2026-03-26T09:52:24.813028"}
{"op_code":5,"worker_id":"96f14f9b-950c-4eff-a821-78248787dcfc-139952901822272","trial_id":2,"param_name":"lr","param_value_internal":0.00016029578544802164,"distribution":"{\"name\": \"FloatDistribution\", \"attributes\": {\"step\": null, \"low\": 0.0001, \"high\": 0.1, \"log\": true}}"}
{"op_code":5,"worker_id":"96f14f9b-950c-4eff-a821-78248787dcfc-139952901822272","trial_id":2,"param_name":"dropout","param_value_internal":0.18241723388325565,"distribution":"{\"name\": \"FloatDistribution\", \"attributes\": {\"step\": null, \"low\": 0.0, \"high\": 0.5, \"log\": false}}"}
{"op_code":5,"worker_id":"96f14f9b-950c-4eff-a821-78248787dcfc-139952901822272","trial_id":2,"param_name":"layers","param_value_internal":3.0,"distribution":"{\"name\": \"IntDistribution\", \"attributes\": {\"log\": false, \"step\": 1, \"low\": 1, \"high\": 3}}"}
{"op_code":5,"worker_id":"96f14f9b-950c-4eff-a821-78248787dcfc-139952901822272","trial_id":2,"param_name":"nodes","param_value_internal":2,"distribution":"{\"name\": \"CategoricalDistribution\", \"attributes\": {\"choices\": [32, 64, 128]}}"}
{"op_code":6,"worker_id":"96f14f9b-950c-4eff-a821-78248787dcfc-139952901822272","trial_id":2,"state":1,"values":[0.0],"datetime_complete":"2026-03-26T09:52:24.871540"}
{"op_code":4,"worker_id":"96f14f9b-950c-4eff-a821-78248787dcfc-139952901822272","study_id":0,"datetime_start":"2026-03-26T09:52:24.881912"}
{"op_code":5,"worker_id":"96f14f9b-950c-4eff-a821-78248787dcfc-139952901822272","trial_id":3,"param_name":"lr","param_value_internal":0.004620263957174214,"distribution":"{\"name\": \"FloatDistribution\", \"attributes\": {\"step\": null, \"low\": 0.0001, \"high\": 0.1, \"log\": true}}"}
{"op_code":5,"worker_id":"96f14f9b-950c-4eff-a821-78248787dcfc-139952901822272","trial_id":3,"param_name":"dropout","param_value_internal":0.19380545590375514,"distribution":"{\"name\": \"FloatDistribution\", \"attributes\": {\"step\": null, \"low\": 0.0, \"high\": 0.5, \"log\": false}}"}
{"op_code":5,"worker_id":"96f14f9b-950c-4eff-a821-78248787dcfc-139952901822272","trial_id":3,"param_name":"layers","param_value_internal":2.0,"distribution":"{\"name\": \"IntDistribution\", \"attributes\": {\"log\": false, \"step\": 1, \"low\": 1, \"high\": 3}}"}
{"op_code":5,"worker_id":"96f14f9b-950c-4eff-a821-78248787dcfc-139952901822272","trial_id":3,"param_name":"nodes","param_value_internal":2,"distribution":"{\"name\": \"CategoricalDistribution\", \"attributes\": {\"choices\": [32, 64, 128]}}"}
{"op_code":6,"worker_id":"96f14f9b-950c-4eff-a821-78248787dcfc-139952901822272","trial_id":3,"state":1,"values":[0.0],"datetime_complete":"2026-03-26T09:52:24.942538"}
{"op_code":4,"worker_id":"96f14f9b-950c-4eff-a821-78248787dcfc-139952901822272","study_id":0,"datetime_start":"2026-03-26T09:52:24.953876"}
{"op_code":5,"worker_id":"96f14f9b-950c-4eff-a821-78248787dcfc-139952901822272","trial_id":4,"param_name":"lr","param_value_internal":0.0007688755304822601,"distribution":"{\"name\": \"FloatDistribution\", \"attributes\": {\"step\": null, \"low\": 0.0001, \"high\": 0.1, \"log\": true}}"}
{"op_code":5,"worker_id":"96f14f9b-950c-4eff-a821-78248787dcfc-139952901822272","trial_id":4,"param_name":"dropout","param_value_internal":0.3315142196779587,"distribution":"{\"name\": \"FloatDistribution\", \"attributes\": {\"step\": null, \"low\": 0.0, \"high\": 0.5, \"log\": false}}"}
{"op_code":5,"worker_id":"96f14f9b-950c-4eff-a821-78248787dcfc-139952901822272","trial_id":4,"param_name":"layers","param_value_internal":2.0,"distribution":"{\"name\": \"IntDistribution\", \"attributes\": {\"log\": false, \"step\": 1, \"low\": 1, \"high\": 3}}"}
{"op_code":5,"worker_id":"96f14f9b-950c-4eff-a821-78248787dcfc-139952901822272","trial_id":4,"param_name":"nodes","param_value_internal":1,"distribution":"{\"name\": \"CategoricalDistribution\", \"attributes\": {\"choices\": [32, 64, 128]}}"}
{"op_code":6,"worker_id":"96f14f9b-950c-4eff-a821-78248787dcfc-139952901822272","trial_id":4,"state":1,"values":[0.0],"datetime_complete":"2026-03-26T09:52:25.013618"}
{"op_code":4,"worker_id":"96f14f9b-950c-4eff-a821-78248787dcfc-139952901822272","study_id":0,"datetime_start":"2026-03-26T09:52:25.025714"}
{"op_code":5,"worker_id":"96f14f9b-950c-4eff-a821-78248787dcfc-139952901822272","trial_id":5,"param_name":"lr","param_value_internal":0.0011602314495800228,"distribution":"{\"name\": \"FloatDistribution\", \"attributes\": {\"step\": null, \"low\": 0.0001, \"high\": 0.1, \"log\": true}}"}
{"op_code":5,"worker_id":"96f14f9b-950c-4eff-a821-78248787dcfc-139952901822272","trial_id":5,"param_name":"dropout","param_value_internal":0.3917167666496417,"distribution":"{\"name\": \"FloatDistribution\", \"attributes\": {\"step\": null, \"low\": 0.0, \"high\": 0.5, \"log\": false}}"}
{"op_code":5,"worker_id":"96f14f9b-950c-4eff-a821-78248787dcfc-139952901822272","trial_id":5,"param_name":"layers","param_value_internal":3.0,"distribution":"{\"name\": \"IntDistribution\", \"attributes\": {\"log\": false, \"step\": 1, \"low\": 1, \"high\": 3}}"}
{"op_code":5,"worker_id":"96f14f9b-950c-4eff-a821-78248787dcfc-139952901822272","trial_id":5,"param_name":"nodes","param_value_internal":1,"distribution":"{\"name\": \"CategoricalDistribution\", \"attributes\": {\"choices\": [32, 64, 128]}}"}
{"op_code":6,"worker_id":"96f14f9b-950c-4eff-a821-78248787dcfc-139952901822272","trial_id":5,"state":1,"values":[0.0],"datetime_complete":"2026-03-26T09:52:25.086042"}
{"op_code":4,"worker_id":"96f14f9b-950c-4eff-a821-78248787dcfc-139952901822272","study_id":0,"datetime_start":"2026-03-26T09:52:25.096494"}
{"op_code":5,"worker_id":"96f14f9b-950c-4eff-a821-78248787dcfc-139952901822272","trial_id":6,"param_name":"lr","param_value_internal":0.055860227456564784,"distribution":"{\"name\": \"FloatDistribution\", \"attributes\": {\"step\": null, \"low\": 0.0001, \"high\": 0.1, \"log\": true}}"}
{"op_code":5,"worker_id":"96f14f9b-950c-4eff-a821-78248787dcfc-139952901822272","trial_id":6,"param_name":"dropout","param_value_internal":0.02613741569813005,"distribution":"{\"name\": \"FloatDistribution\", \"attributes\": {\"step\": null, \"low\": 0.0, \"high\": 0.5, \"log\": false}}"}
{"op_code":5,"worker_id":"96f14f9b-950c-4eff-a821-78248787dcfc-139952901822272","trial_id":6,"param_name":"layers","param_value_internal":3.0,"distribution":"{\"name\": \"IntDistribution\", \"attributes\": {\"log\": false, \"step\": 1, \"low\": 1, \"high\": 3}}"}
{"op_code":5,"worker_id":"96f14f9b-950c-4eff-a821-78248787dcfc-139952901822272","trial_id":6,"param_name":"nodes","param_value_internal":0,"distribution":"{\"name\": \"CategoricalDistribution\", \"attributes\": {\"choices\": [32, 64, 128]}}"}
{"op_code":6,"worker_id":"96f14f9b-950c-4eff-a821-78248787dcfc-139952901822272","trial_id":6,"state":1,"values":[0.0],"datetime_complete":"2026-03-26T09:52:25.154957"}
{"op_code":4,"worker_id":"96f14f9b-950c-4eff-a821-78248787dcfc-139952901822272","study_id":0,"datetime_start":"2026-03-26T09:52:25.166638"}
{"op_code":5,"worker_id":"96f14f9b-950c-4eff-a821-78248787dcfc-139952901822272","trial_id":7,"param_name":"lr","param_value_internal":0.001687954293154996,"distribution":"{\"name\": \"FloatDistribution\", \"attributes\": {\"step\": null, \"low\": 0.0001, \"high\": 0.1, \"log\": true}}"}
{"op_code":5,"worker_id":"96f14f9b-950c-4eff-a821-78248787dcfc-139952901822272","trial_id":7,"param_name":"dropout","param_value_internal":0.46931246071361177,"distribution":"{\"name\": \"FloatDistribution\", \"attributes\": {\"step\": null, \"low\": 0.0, \"high\": 0.5, \"log\": false}}"}
{"op_code":5,"worker_id":"96f14f9b-950c-4eff-a821-78248787dcfc-139952901822272","trial_id":7,"param_name":"layers","param_value_internal":3.0,"distribution":"{\"name\": \"IntDistribution\", \"attributes\": {\"log\": false, \"step\": 1, \"low\": 1, \"high\": 3}}"}
{"op_code":5,"worker_id":"96f14f9b-950c-4eff-a821-78248787dcfc-139952901822272","trial_id":7,"param_name":"nodes","param_value_internal":0,"distribution":"{\"name\": \"CategoricalDistribution\", \"attributes\": {\"choices\": [32, 64, 128]}}"}
{"op_code":6,"worker_id":"96f14f9b-950c-4eff-a821-78248787dcfc-139952901822272","trial_id":7,"state":1,"values":[0.0],"datetime_complete":"2026-03-26T09:52:25.226256"}
{"op_code":4,"worker_id":"96f14f9b-950c-4eff-a821-78248787dcfc-139952901822272","study_id":0,"datetime_start":"2026-03-26T09:52:25.236556"}
{"op_code":5,"worker_id":"96f14f9b-950c-4eff-a821-78248787dcfc-139952901822272","trial_id":8,"param_name":"lr","param_value_internal":0.0012734904497567947,"distribution":"{\"name\": \"FloatDistribution\", \"attributes\": {\"step\": null, \"low\": 0.0001, \"high\": 0.1, \"log\": true}}"}
{"op_code":5,"worker_id":"96f14f9b-950c-4eff-a821-78248787dcfc-139952901822272","trial_id":8,"param_name":"dropout","param_value_internal":0.3996298429536797,"distribution":"{\"name\": \"FloatDistribution\", \"attributes\": {\"step\": null, \"low\": 0.0, \"high\": 0.5, \"log\": false}}"}
{"op_code":5,"worker_id":"96f14f9b-950c-4eff-a821-78248787dcfc-139952901822272","trial_id":8,"param_name":"layers","param_value_internal":1.0,"distribution":"{\"name\": \"IntDistribution\", \"attributes\": {\"log\": false, \"step\": 1, \"low\": 1, \"high\": 3}}"}
{"op_code":5,"worker_id":"96f14f9b-950c-4eff-a821-78248787dcfc-139952901822272","trial_id":8,"param_name":"nodes","param_value_internal":1,"distribution":"{\"name\": \"CategoricalDistribution\", \"attributes\": {\"choices\": [32, 64, 128]}}"}
{"op_code":6,"worker_id":"96f14f9b-950c-4eff-a821-78248787dcfc-139952901822272","trial_id":8,"state":1,"values":[0.0],"datetime_complete":"2026-03-26T09:52:25.293742"}
{"op_code":4,"worker_id":"96f14f9b-950c-4eff-a821-78248787dcfc-139952901822272","study_id":0,"datetime_start":"2026-03-26T09:52:25.307409"}
{"op_code":5,"worker_id":"96f14f9b-950c-4eff-a821-78248787dcfc-139952901822272","trial_id":9,"param_name":"lr","param_value_internal":0.0001758557687789023,"distribution":"{\"name\": \"FloatDistribution\", \"attributes\": {\"step\": null, \"low\": 0.0001, \"high\": 0.1, \"log\": true}}"}
{"op_code":5,"worker_id":"96f14f9b-950c-4eff-a821-78248787dcfc-139952901822272","trial_id":9,"param_name":"dropout","param_value_internal":0.3362729061352546,"distribution":"{\"name\": \"FloatDistribution\", \"attributes\": {\"step\": null, \"low\": 0.0, \"high\": 0.5, \"log\": false}}"}
{"op_code":5,"worker_id":"96f14f9b-950c-4eff-a821-78248787dcfc-139952901822272","trial_id":9,"param_name":"layers","param_value_internal":1.0,"distribution":"{\"name\": \"IntDistribution\", \"attributes\": {\"log\": false, \"step\": 1, \"low\": 1, \"high\": 3}}"}
{"op_code":5,"worker_id":"96f14f9b-950c-4eff-a821-78248787dcfc-139952901822272","trial_id":9,"param_name":"nodes","param_value_internal":1,"distribution":"{\"name\": \"CategoricalDistribution\", \"attributes\": {\"choices\": [32, 64, 128]}}"}
{"op_code":6,"worker_id":"96f14f9b-950c-4eff-a821-78248787dcfc-139952901822272","trial_id":9,"state":1,"values":[0.0],"datetime_complete":"2026-03-26T09:52:25.363177"}
{"op_code":4,"worker_id":"96f14f9b-950c-4eff-a821-78248787dcfc-139952901822272","study_id":0,"datetime_start":"2026-03-26T09:52:25.373285"}
{"op_code":5,"worker_id":"96f14f9b-950c-4eff-a821-78248787dcfc-139952901822272","trial_id":10,"param_name":"lr","param_value_internal":0.01735186797211772,"distribution":"{\"name\": \"FloatDistribution\", \"attributes\": {\"step\": null, \"low\": 0.0001, \"high\": 0.1, \"log\": true}}"}
{"op_code":5,"worker_id":"96f14f9b-950c-4eff-a821-78248787dcfc-139952901822272","trial_id":10,"param_name":"dropout","param_value_internal":0.4833062722485783,"distribution":"{\"name\": \"FloatDistribution\", \"attributes\": {\"step\": null, \"low\": 0.0, \"high\": 0.5, \"log\": false}}"}
{"op_code":5,"worker_id":"96f14f9b-950c-4eff-a821-78248787dcfc-139952901822272","trial_id":10,"param_name":"layers","param_value_internal":2.0,"distribution":"{\"name\": \"IntDistribution\", \"attributes\": {\"log\": false, \"step\": 1, \"low\": 1, \"high\": 3}}"}
{"op_code":5,"worker_id":"96f14f9b-950c-4eff-a821-78248787dcfc-139952901822272","trial_id":10,"param_name":"nodes","param_value_internal":2,"distribution":"{\"name\": \"CategoricalDistribution\", \"attributes\": {\"choices\": [32, 64, 128]}}"}
{"op_code":6,"worker_id":"96f14f9b-950c-4eff-a821-78248787dcfc-139952901822272","trial_id":10,"state":1,"values":[0.0],"datetime_complete":"2026-03-26T09:52:25.437325"}
{"op_code":4,"worker_id":"96f14f9b-950c-4eff-a821-78248787dcfc-139952901822272","study_id":0,"datetime_start":"2026-03-26T09:52:25.449407"}
{"op_code":5,"worker_id":"96f14f9b-950c-4eff-a821-78248787dcfc-139952901822272","trial_id":11,"param_name":"lr","param_value_internal":0.006931030560504867,"distribution":"{\"name\": \"FloatDistribution\", \"attributes\": {\"step\": null, \"low\": 0.0001, \"high\": 0.1, \"log\": true}}"}
{"op_code":5,"worker_id":"96f14f9b-950c-4eff-a821-78248787dcfc-139952901822272","trial_id":11,"param_name":"dropout","param_value_internal":0.07242721522630564,"distribution":"{\"name\": \"FloatDistribution\", \"attributes\": {\"step\": null, \"low\": 0.0, \"high\": 0.5, \"log\": false}}"}
{"op_code":5,"worker_id":"96f14f9b-950c-4eff-a821-78248787dcfc-139952901822272","trial_id":11,"param_name":"layers","param_value_internal":3.0,"distribution":"{\"name\": \"IntDistribution\", \"attributes\": {\"log\": false, \"step\": 1, \"low\": 1, \"high\": 3}}"}
{"op_code":5,"worker_id":"96f14f9b-950c-4eff-a821-78248787dcfc-139952901822272","trial_id":11,"param_name":"nodes","param_value_internal":2,"distribution":"{\"name\": \"CategoricalDistribution\", \"attributes\": {\"choices\": [32, 64, 128]}}"}
{"op_code":6,"worker_id":"96f14f9b-950c-4eff-a821-78248787dcfc-139952901822272","trial_id":11,"state":1,"values":[0.0],"datetime_complete":"2026-03-26T09:52:25.513106"}
{"op_code":4,"worker_id":"96f14f9b-950c-4eff-a821-78248787dcfc-139952901822272","study_id":0,"datetime_start":"2026-03-26T09:52:25.524490"}
{"op_code":5,"worker_id":"96f14f9b-950c-4eff-a821-78248787dcfc-139952901822272","trial_id":12,"param_name":"lr","param_value_internal":0.00043147530743249457,"distribution":"{\"name\": \"FloatDistribution\", \"attributes\": {\"step\": null, \"low\": 0.0001, \"high\": 0.1, \"log\": true}}"}
{"op_code":5,"worker_id":"96f14f9b-950c-4eff-a821-78248787dcfc-139952901822272","trial_id":12,"param_name":"dropout","param_value_internal":0.12390968988105883,"distribution":"{\"name\": \"FloatDistribution\", \"attributes\": {\"step\": null, \"low\": 0.0, \"high\": 0.5, \"log\": false}}"}
{"op_code":5,"worker_id":"96f14f9b-950c-4eff-a821-78248787dcfc-139952901822272","trial_id":12,"param_name":"layers","param_value_internal":2.0,"distribution":"{\"name\": \"IntDistribution\", \"attributes\": {\"log\": false, \"step\": 1, \"low\": 1, \"high\": 3}}"}
{"op_code":5,"worker_id":"96f14f9b-950c-4eff-a821-78248787dcfc-139952901822272","trial_id":12,"param_name":"nodes","param_value_internal":1,"distribution":"{\"name\": \"CategoricalDistribution\", \"attributes\": {\"choices\": [32, 64, 128]}}"}
{"op_code":6,"worker_id":"96f14f9b-950c-4eff-a821-78248787dcfc-139952901822272","trial_id":12,"state":1,"values":[0.0],"datetime_complete":"2026-03-26T09:52:25.586815"}
{"op_code":4,"worker_id":"96f14f9b-950c-4eff-a821-78248787dcfc-139952901822272","study_id":0,"datetime_start":"2026-03-26T09:52:25.597097"}
{"op_code":5,"worker_id":"96f14f9b-950c-4eff-a821-78248787dcfc-139952901822272","trial_id":13,"param_name":"lr","param_value_internal":0.00913901853133764,"distribution":"{\"name\": \"FloatDistribution\", \"attributes\": {\"step\": null, \"low\": 0.0001, \"high\": 0.1, \"log\": true}}"}
{"op_code":5,"worker_id":"96f14f9b-950c-4eff-a821-78248787dcfc-139952901822272","trial_id":13,"param_name":"dropout","param_value_internal":0.23604529833252486,"distribution":"{\"name\": \"FloatDistribution\", \"attributes\": {\"step\": null, \"low\": 0.0, \"high\": 0.5, \"log\": false}}"}
{"op_code":5,"worker_id":"96f14f9b-950c-4eff-a821-78248787dcfc-139952901822272","trial_id":13,"param_name":"layers","param_value_internal":3.0,"distribution":"{\"name\": \"IntDistribution\", \"attributes\": {\"log\": false, \"step\": 1, \"low\": 1, \"high\": 3}}"}
{"op_code":5,"worker_id":"96f14f9b-950c-4eff-a821-78248787dcfc-139952901822272","trial_id":13,"param_name":"nodes","param_value_internal":2,"distribution":"{\"name\": \"CategoricalDistribution\", \"attributes\": {\"choices\": [32, 64, 128]}}"}
{"op_code":6,"worker_id":"96f14f9b-950c-4eff-a821-78248787dcfc-139952901822272","trial_id":13,"state":1,"values":[0.0],"datetime_complete":"2026-03-26T09:52:25.661723"}
{"op_code":4,"worker_id":"96f14f9b-950c-4eff-a821-78248787dcfc-139952901822272","study_id":0,"datetime_start":"2026-03-26T09:52:25.671133"}
{"op_code":5,"worker_id":"96f14f9b-950c-4eff-a821-78248787dcfc-139952901822272","trial_id":14,"param_name":"lr","param_value_internal":0.023620024475896343,"distribution":"{\"name\": \"FloatDistribution\", \"attributes\": {\"step\": null, \"low\": 0.0001, \"high\": 0.1, \"log\": true}}"}
{"op_code":5,"worker_id":"96f14f9b-950c-4eff-a821-78248787dcfc-139952901822272","trial_id":14,"param_name":"dropout","param_value_internal":0.004011129603210067,"distribution":"{\"name\": \"FloatDistribution\", \"attributes\": {\"step\": null, \"low\": 0.0, \"high\": 0.5, \"log\": false}}"}
{"op_code":5,"worker_id":"96f14f9b-950c-4eff-a821-78248787dcfc-139952901822272","trial_id":14,"param_name":"layers","param_value_internal":2.0,"distribution":"{\"name\": \"IntDistribution\", \"attributes\": {\"log\": false, \"step\": 1, \"low\": 1, \"high\": 3}}"}
{"op_code":5,"worker_id":"96f14f9b-950c-4eff-a821-78248787dcfc-139952901822272","trial_id":14,"param_name":"nodes","param_value_internal":0,"distribution":"{\"name\": \"CategoricalDistribution\", \"attributes\": {\"choices\": [32, 64, 128]}}"}
{"op_code":6,"worker_id":"96f14f9b-950c-4eff-a821-78248787dcfc-139952901822272","trial_id":14,"state":1,"values":[0.0],"datetime_complete":"2026-03-26T09:52:25.733236"}
{"op_code":4,"worker_id":"96f14f9b-950c-4eff-a821-78248787dcfc-139952901822272","study_id":0,"datetime_start":"2026-03-26T09:52:25.745190"}
{"op_code":5,"worker_id":"96f14f9b-950c-4eff-a821-78248787dcfc-139952901822272","trial_id":15,"param_name":"lr","param_value_internal":0.0029165019710940612,"distribution":"{\"name\": \"FloatDistribution\", \"attributes\": {\"step\": null, \"low\": 0.0001, \"high\": 0.1, \"log\": true}}"}
{"op_code":5,"worker_id":"96f14f9b-950c-4eff-a821-78248787dcfc-139952901822272","trial_id":15,"param_name":"dropout","param_value_internal":0.2911059266350894,"distribution":"{\"name\": \"FloatDistribution\", \"attributes\": {\"step\": null, \"low\": 0.0, \"high\": 0.5, \"log\": false}}"}
{"op_code":5,"worker_id":"96f14f9b-950c-4eff-a821-78248787dcfc-139952901822272","trial_id":15,"param_name":"layers","param_value_internal":3.0,"distribution":"{\"name\": \"IntDistribution\", \"attributes\": {\"log\": false, \"step\": 1, \"low\": 1, \"high\": 3}}"}
{"op_code":5,"worker_id":"96f14f9b-950c-4eff-a821-78248787dcfc-139952901822272","trial_id":15,"param_name":"nodes","param_value_internal":1,"distribution":"{\"name\": \"CategoricalDistribution\", \"attributes\": {\"choices\": [32, 64, 128]}}"}
{"op_code":6,"worker_id":"96f14f9b-950c-4eff-a821-78248787dcfc-139952901822272","trial_id":15,"state":1,"values":[0.0],"datetime_complete":"2026-03-26T09:52:25.809340"}
{"op_code":4,"worker_id":"96f14f9b-950c-4eff-a821-78248787dcfc-139952901822272","study_id":0,"datetime_start":"2026-03-26T09:52:25.821388"}
{"op_code":5,"worker_id":"96f14f9b-950c-4eff-a821-78248787dcfc-139952901822272","trial_id":16,"param_name":"lr","param_value_internal":0.0005889813422538107,"distribution":"{\"name\": \"FloatDistribution\", \"attributes\": {\"step\": null, \"low\": 0.0001, \"high\": 0.1, \"log\": true}}"}
{"op_code":5,"worker_id":"96f14f9b-950c-4eff-a821-78248787dcfc-139952901822272","trial_id":16,"param_name":"dropout","param_value_internal":0.11556596744161501,"distribution":"{\"name\": \"FloatDistribution\", \"attributes\": {\"step\": null, \"low\": 0.0, \"high\": 0.5, \"log\": false}}"}
{"op_code":5,"worker_id":"96f14f9b-950c-4eff-a821-78248787dcfc-139952901822272","trial_id":16,"param_name":"layers","param_value_internal":3.0,"distribution":"{\"name\": \"IntDistribution\", \"attributes\": {\"log\": false, \"step\": 1, \"low\": 1, \"high\": 3}}"}
{"op_code":5,"worker_id":"96f14f9b-950c-4eff-a821-78248787dcfc-139952901822272","trial_id":16,"param_name":"nodes","param_value_internal":2,"distribution":"{\"name\": \"CategoricalDistribution\", \"attributes\": {\"choices\": [32, 64, 128]}}"}
{"op_code":6,"worker_id":"96f14f9b-950c-4eff-a821-78248787dcfc-139952901822272","trial_id":16,"state":1,"values":[0.0],"datetime_complete":"2026-03-26T09:52:25.885735"}
{"op_code":4,"worker_id":"96f14f9b-950c-4eff-a821-78248787dcfc-139952901822272","study_id":0,"datetime_start":"2026-03-26T09:52:25.896202"}
{"op_code":5,"worker_id":"96f14f9b-950c-4eff-a821-78248787dcfc-139952901822272","trial_id":17,"param_name":"lr","param_value_internal":0.0032909103419148053,"distribution":"{\"name\": \"FloatDistribution\", \"attributes\": {\"step\": null, \"low\": 0.0001, \"high\": 0.1, \"log\": true}}"}
{"op_code":5,"worker_id":"96f14f9b-950c-4eff-a821-78248787dcfc-139952901822272","trial_id":17,"param_name":"dropout","param_value_internal":0.4249856216458322,"distribution":"{\"name\": \"FloatDistribution\", \"attributes\": {\"step\": null, \"low\": 0.0, \"high\": 0.5, \"log\": false}}"}
{"op_code":5,"worker_id":"96f14f9b-950c-4eff-a821-78248787dcfc-139952901822272","trial_id":17,"param_name":"layers","param_value_internal":2.0,"distribution":"{\"name\": \"IntDistribution\", \"attributes\": {\"log\": false, \"step\": 1, \"low\": 1, \"high\": 3}}"}
{"op_code":5,"worker_id":"96f14f9b-950c-4eff-a821-78248787dcfc-139952901822272","trial_id":17,"param_name":"nodes","param_value_internal":1,"distribution":"{\"name\": \"CategoricalDistribution\", \"attributes\": {\"choices\": [32, 64, 128]}}"}
{"op_code":6,"worker_id":"96f14f9b-950c-4eff-a821-78248787dcfc-139952901822272","trial_id":17,"state":1,"values":[0.0],"datetime_complete":"2026-03-26T09:52:25.959944"}
{"op_code":4,"worker_id":"96f14f9b-950c-4eff-a821-78248787dcfc-139952901822272","study_id":0,"datetime_start":"2026-03-26T09:52:25.971817"}
{"op_code":5,"worker_id":"96f14f9b-950c-4eff-a821-78248787dcfc-139952901822272","trial_id":18,"param_name":"lr","param_value_internal":0.00034211691886025275,"distribution":"{\"name\": \"FloatDistribution\", \"attributes\": {\"step\": null, \"low\": 0.0001, \"high\": 0.1, \"log\": true}}"}
{"op_code":5,"worker_id":"96f14f9b-950c-4eff-a821-78248787dcfc-139952901822272","trial_id":18,"param_name":"dropout","param_value_internal":0.24639643019746052,"distribution":"{\"name\": \"FloatDistribution\", \"attributes\": {\"step\": null, \"low\": 0.0, \"high\": 0.5, \"log\": false}}"}
{"op_code":5,"worker_id":"96f14f9b-950c-4eff-a821-78248787dcfc-139952901822272","trial_id":18,"param_name":"layers","param_value_internal":1.0,"distribution":"{\"name\": \"IntDistribution\", \"attributes\": {\"log\": false, \"step\": 1, \"low\": 1, \"high\": 3}}"}
{"op_code":5,"worker_id":"96f14f9b-950c-4eff-a821-78248787dcfc-139952901822272","trial_id":18,"param_name":"nodes","param_value_internal":2,"distribution":"{\"name\": \"CategoricalDistribution\", \"attributes\": {\"choices\": [32, 64, 128]}}"}
{"op_code":6,"worker_id":"96f14f9b-950c-4eff-a821-78248787dcfc-139952901822272","trial_id":18,"state":1,"values":[0.0],"datetime_complete":"2026-03-26T09:52:26.033273"}
{"op_code":4,"worker_id":"96f14f9b-950c-4eff-a821-78248787dcfc-139952901822272","study_id":0,"datetime_start":"2026-03-26T09:52:26.043691"}
{"op_code":5,"worker_id":"96f14f9b-950c-4eff-a821-78248787dcfc-139952901822272","trial_id":19,"param_name":"lr","param_value_internal":0.09533748586181762,"distribution":"{\"name\": \"FloatDistribution\", \"attributes\": {\"step\": null, \"low\": 0.0001, \"high\": 0.1, \"log\": true}}"}
{"op_code":5,"worker_id":"96f14f9b-950c-4eff-a821-78248787dcfc-139952901822272","trial_id":19,"param_name":"dropout","param_value_internal":0.15683197209927807,"distribution":"{\"name\": \"FloatDistribution\", \"attributes\": {\"step\": null, \"low\": 0.0, \"high\": 0.5, \"log\": false}}"}
{"op_code":5,"worker_id":"96f14f9b-950c-4eff-a821-78248787dcfc-139952901822272","trial_id":19,"param_name":"layers","param_value_internal":3.0,"distribution":"{\"name\": \"IntDistribution\", \"attributes\": {\"log\": false, \"step\": 1, \"low\": 1, \"high\": 3}}"}
{"op_code":5,"worker_id":"96f14f9b-950c-4eff-a821-78248787dcfc-139952901822272","trial_id":19,"param_name":"nodes","param_value_internal":0,"distribution":"{\"name\": \"CategoricalDistribution\", \"attributes\": {\"choices\": [32, 64, 128]}}"}
{"op_code":6,"worker_id":"96f14f9b-950c-4eff-a821-78248787dcfc-139952901822272","trial_id":19,"state":1,"values":[0.0],"datetime_complete":"2026-03-26T09:52:26.108799"}
{"op_code":0,"worker_id":"67c2a91b-0e73-4838-81ca-1e097eaadf6d-139699157092160","study_name":"pchazard_tuning","directions":[2]}
{"op_code":4,"worker_id":"67c2a91b-0e73-4838-81ca-1e097eaadf6d-139699157092160","study_id":0,"datetime_start":"2026-03-26T14:25:37.550728"}
{"op_code":5,"worker_id":"67c2a91b-0e73-4838-81ca-1e097eaadf6d-139699157092160","trial_id":20,"param_name":"lr","param_value_internal":0.015071134164643495,"distribution":"{\"name\": \"FloatDistribution\", \"attributes\": {\"step\": null, \"low\": 0.0001, \"high\": 0.1, \"log\": true}}"}
{"op_code":5,"worker_id":"67c2a91b-0e73-4838-81ca-1e097eaadf6d-139699157092160","trial_id":20,"param_name":"dropout","param_value_internal":0.06785284246553674,"distribution":"{\"name\": \"FloatDistribution\", \"attributes\": {\"step\": null, \"low\": 0.0, \"high\": 0.5, \"log\": false}}"}
{"op_code":5,"worker_id":"67c2a91b-0e73-4838-81ca-1e097eaadf6d-139699157092160","trial_id":20,"param_name":"layers","param_value_internal":2.0,"distribution":"{\"name\": \"IntDistribution\", \"attributes\": {\"log\": false, \"step\": 1, \"low\": 1, \"high\": 3}}"}
{"op_code":5,"worker_id":"67c2a91b-0e73-4838-81ca-1e097eaadf6d-139699157092160","trial_id":20,"param_name":"nodes","param_value_internal":1,"distribution":"{\"name\": \"CategoricalDistribution\", \"attributes\": {\"choices\": [32, 64, 128]}}"}
{"op_code":6,"worker_id":"67c2a91b-0e73-4838-81ca-1e097eaadf6d-139699157092160","trial_id":20,"state":1,"values":[0.0],"datetime_complete":"2026-03-26T14:25:37.666260"}
{"op_code":4,"worker_id":"67c2a91b-0e73-4838-81ca-1e097eaadf6d-139699157092160","study_id":0,"datetime_start":"2026-03-26T14:25:37.686130"}
{"op_code":5,"worker_id":"67c2a91b-0e73-4838-81ca-1e097eaadf6d-139699157092160","trial_id":21,"param_name":"lr","param_value_internal":0.0001177122937568984,"distribution":"{\"name\": \"FloatDistribution\", \"attributes\": {\"step\": null, \"low\": 0.0001, \"high\": 0.1, \"log\": true}}"}
{"op_code":5,"worker_id":"67c2a91b-0e73-4838-81ca-1e097eaadf6d-139699157092160","trial_id":21,"param_name":"dropout","param_value_internal":0.19219241460720168,"distribution":"{\"name\": \"FloatDistribution\", \"attributes\": {\"step\": null, \"low\": 0.0, \"high\": 0.5, \"log\": false}}"}
{"op_code":5,"worker_id":"67c2a91b-0e73-4838-81ca-1e097eaadf6d-139699157092160","trial_id":21,"param_name":"layers","param_value_internal":3.0,"distribution":"{\"name\": \"IntDistribution\", \"attributes\": {\"log\": false, \"step\": 1, \"low\": 1, \"high\": 3}}"}
{"op_code":5,"worker_id":"67c2a91b-0e73-4838-81ca-1e097eaadf6d-139699157092160","trial_id":21,"param_name":"nodes","param_value_internal":2,"distribution":"{\"name\": \"CategoricalDistribution\", \"attributes\": {\"choices\": [32, 64, 128]}}"}
{"op_code":6,"worker_id":"67c2a91b-0e73-4838-81ca-1e097eaadf6d-139699157092160","trial_id":21,"state":1,"values":[0.0],"datetime_complete":"2026-03-26T14:25:37.808248"}
{"op_code":4,"worker_id":"67c2a91b-0e73-4838-81ca-1e097eaadf6d-139699157092160","study_id":0,"datetime_start":"2026-03-26T14:25:37.831209"}
{"op_code":5,"worker_id":"67c2a91b-0e73-4838-81ca-1e097eaadf6d-139699157092160","trial_id":22,"param_name":"lr","param_value_internal":0.00025930690971706096,"distribution":"{\"name\": \"FloatDistribution\", \"attributes\": {\"step\": null, \"low\": 0.0001, \"high\": 0.1, \"log\": true}}"}
{"op_code":5,"worker_id":"67c2a91b-0e73-4838-81ca-1e097eaadf6d-139699157092160","trial_id":22,"param_name":"dropout","param_value_internal":0.1870087457029967,"distribution":"{\"name\": \"FloatDistribution\", \"attributes\": {\"step\": null, \"low\": 0.0, \"high\": 0.5, \"log\": false}}"}
{"op_code":5,"worker_id":"67c2a91b-0e73-4838-81ca-1e097eaadf6d-139699157092160","trial_id":22,"param_name":"layers","param_value_internal":3.0,"distribution":"{\"name\": \"IntDistribution\", \"attributes\": {\"log\": false, \"step\": 1, \"low\": 1, \"high\": 3}}"}
{"op_code":5,"worker_id":"67c2a91b-0e73-4838-81ca-1e097eaadf6d-139699157092160","trial_id":22,"param_name":"nodes","param_value_internal":2,"distribution":"{\"name\": \"CategoricalDistribution\", \"attributes\": {\"choices\": [32, 64, 128]}}"}
{"op_code":6,"worker_id":"67c2a91b-0e73-4838-81ca-1e097eaadf6d-139699157092160","trial_id":22,"state":1,"values":[0.0],"datetime_complete":"2026-03-26T14:25:37.949330"}
{"op_code":4,"worker_id":"67c2a91b-0e73-4838-81ca-1e097eaadf6d-139699157092160","study_id":0,"datetime_start":"2026-03-26T14:25:37.972164"}
{"op_code":5,"worker_id":"67c2a91b-0e73-4838-81ca-1e097eaadf6d-139699157092160","trial_id":23,"param_name":"lr","param_value_internal":0.0021390745364827553,"distribution":"{\"name\": \"FloatDistribution\", \"attributes\": {\"step\": null, \"low\": 0.0001, \"high\": 0.1, \"log\": true}}"}
{"op_code":5,"worker_id":"67c2a91b-0e73-4838-81ca-1e097eaadf6d-139699157092160","trial_id":23,"param_name":"dropout","param_value_internal":0.08042588546707644,"distribution":"{\"name\": \"FloatDistribution\", \"attributes\": {\"step\": null, \"low\": 0.0, \"high\": 0.5, \"log\": false}}"}
{"op_code":5,"worker_id":"67c2a91b-0e73-4838-81ca-1e097eaadf6d-139699157092160","trial_id":23,"param_name":"layers","param_value_internal":3.0,"distribution":"{\"name\": \"IntDistribution\", \"attributes\": {\"log\": false, \"step\": 1, \"low\": 1, \"high\": 3}}"}
{"op_code":5,"worker_id":"67c2a91b-0e73-4838-81ca-1e097eaadf6d-139699157092160","trial_id":23,"param_name":"nodes","param_value_internal":2,"distribution":"{\"name\": \"CategoricalDistribution\", \"attributes\": {\"choices\": [32, 64, 128]}}"}
{"op_code":6,"worker_id":"67c2a91b-0e73-4838-81ca-1e097eaadf6d-139699157092160","trial_id":23,"state":1,"values":[0.0],"datetime_complete":"2026-03-26T14:25:38.119170"}
{"op_code":4,"worker_id":"67c2a91b-0e73-4838-81ca-1e097eaadf6d-139699157092160","study_id":0,"datetime_start":"2026-03-26T14:25:38.141724"}
{"op_code":5,"worker_id":"67c2a91b-0e73-4838-81ca-1e097eaadf6d-139699157092160","trial_id":24,"param_name":"lr","param_value_internal":0.00013336963361997654,"distribution":"{\"name\": \"FloatDistribution\", \"attributes\": {\"step\": null, \"low\": 0.0001, \"high\": 0.1, \"log\": true}}"}
{"op_code":5,"worker_id":"67c2a91b-0e73-4838-81ca-1e097eaadf6d-139699157092160","trial_id":24,"param_name":"dropout","param_value_internal":0.14162295051434304,"distribution":"{\"name\": \"FloatDistribution\", \"attributes\": {\"step\": null, \"low\": 0.0, \"high\": 0.5, \"log\": false}}"}
{"op_code":5,"worker_id":"67c2a91b-0e73-4838-81ca-1e097eaadf6d-139699157092160","trial_id":24,"param_name":"layers","param_value_internal":3.0,"distribution":"{\"name\": \"IntDistribution\", \"attributes\": {\"log\": false, \"step\": 1, \"low\": 1, \"high\": 3}}"}
{"op_code":5,"worker_id":"67c2a91b-0e73-4838-81ca-1e097eaadf6d-139699157092160","trial_id":24,"param_name":"nodes","param_value_internal":2,"distribution":"{\"name\": \"CategoricalDistribution\", \"attributes\": {\"choices\": [32, 64, 128]}}"}
{"op_code":6,"worker_id":"67c2a91b-0e73-4838-81ca-1e097eaadf6d-139699157092160","trial_id":24,"state":1,"values":[0.0],"datetime_complete":"2026-03-26T14:25:38.290649"}
{"op_code":4,"worker_id":"67c2a91b-0e73-4838-81ca-1e097eaadf6d-139699157092160","study_id":0,"datetime_start":"2026-03-26T14:25:38.313164"}
{"op_code":5,"worker_id":"67c2a91b-0e73-4838-81ca-1e097eaadf6d-139699157092160","trial_id":25,"param_name":"lr","param_value_internal":0.0008186282502503778,"distribution":"{\"name\": \"FloatDistribution\", \"attributes\": {\"step\": null, \"low\": 0.0001, \"high\": 0.1, \"log\": true}}"}
{"op_code":5,"worker_id":"67c2a91b-0e73-4838-81ca-1e097eaadf6d-139699157092160","trial_id":25,"param_name":"dropout","param_value_internal":0.28054681189572755,"distribution":"{\"name\": \"FloatDistribution\", \"attributes\": {\"step\": null, \"low\": 0.0, \"high\": 0.5, \"log\": false}}"}
{"op_code":5,"worker_id":"67c2a91b-0e73-4838-81ca-1e097eaadf6d-139699157092160","trial_id":25,"param_name":"layers","param_value_internal":3.0,"distribution":"{\"name\": \"IntDistribution\", \"attributes\": {\"log\": false, \"step\": 1, \"low\": 1, \"high\": 3}}"}
{"op_code":5,"worker_id":"67c2a91b-0e73-4838-81ca-1e097eaadf6d-139699157092160","trial_id":25,"param_name":"nodes","param_value_internal":2,"distribution":"{\"name\": \"CategoricalDistribution\", \"attributes\": {\"choices\": [32, 64, 128]}}"}
{"op_code":6,"worker_id":"67c2a91b-0e73-4838-81ca-1e097eaadf6d-139699157092160","trial_id":25,"state":1,"values":[0.0],"datetime_complete":"2026-03-26T14:25:38.448034"}
{"op_code":4,"worker_id":"67c2a91b-0e73-4838-81ca-1e097eaadf6d-139699157092160","study_id":0,"datetime_start":"2026-03-26T14:25:38.466782"}
{"op_code":5,"worker_id":"67c2a91b-0e73-4838-81ca-1e097eaadf6d-139699157092160","trial_id":26,"param_name":"lr","param_value_internal":0.0043143747533373805,"distribution":"{\"name\": \"FloatDistribution\", \"attributes\": {\"step\": null, \"low\": 0.0001, \"high\": 0.1, \"log\": true}}"}
{"op_code":5,"worker_id":"67c2a91b-0e73-4838-81ca-1e097eaadf6d-139699157092160","trial_id":26,"param_name":"dropout","param_value_internal":0.2273496300059478,"distribution":"{\"name\": \"FloatDistribution\", \"attributes\": {\"step\": null, \"low\": 0.0, \"high\": 0.5, \"log\": false}}"}
{"op_code":5,"worker_id":"67c2a91b-0e73-4838-81ca-1e097eaadf6d-139699157092160","trial_id":26,"param_name":"layers","param_value_internal":3.0,"distribution":"{\"name\": \"IntDistribution\", \"attributes\": {\"log\": false, \"step\": 1, \"low\": 1, \"high\": 3}}"}
{"op_code":5,"worker_id":"67c2a91b-0e73-4838-81ca-1e097eaadf6d-139699157092160","trial_id":26,"param_name":"nodes","param_value_internal":2,"distribution":"{\"name\": \"CategoricalDistribution\", \"attributes\": {\"choices\": [32, 64, 128]}}"}
{"op_code":6,"worker_id":"67c2a91b-0e73-4838-81ca-1e097eaadf6d-139699157092160","trial_id":26,"state":1,"values":[0.0],"datetime_complete":"2026-03-26T14:25:38.598775"}
{"op_code":4,"worker_id":"67c2a91b-0e73-4838-81ca-1e097eaadf6d-139699157092160","study_id":0,"datetime_start":"2026-03-26T14:25:38.620932"}
{"op_code":5,"worker_id":"67c2a91b-0e73-4838-81ca-1e097eaadf6d-139699157092160","trial_id":27,"param_name":"lr","param_value_internal":0.00021130982959188926,"distribution":"{\"name\": \"FloatDistribution\", \"attributes\": {\"step\": null, \"low\": 0.0001, \"high\": 0.1, \"log\": true}}"}
{"op_code":5,"worker_id":"67c2a91b-0e73-4838-81ca-1e097eaadf6d-139699157092160","trial_id":27,"param_name":"dropout","param_value_internal":0.3414676107950366,"distribution":"{\"name\": \"FloatDistribution\", \"attributes\": {\"step\": null, \"low\": 0.0, \"high\": 0.5, \"log\": false}}"}
{"op_code":5,"worker_id":"67c2a91b-0e73-4838-81ca-1e097eaadf6d-139699157092160","trial_id":27,"param_name":"layers","param_value_internal":3.0,"distribution":"{\"name\": \"IntDistribution\", \"attributes\": {\"log\": false, \"step\": 1, \"low\": 1, \"high\": 3}}"}
{"op_code":5,"worker_id":"67c2a91b-0e73-4838-81ca-1e097eaadf6d-139699157092160","trial_id":27,"param_name":"nodes","param_value_internal":2,"distribution":"{\"name\": \"CategoricalDistribution\", \"attributes\": {\"choices\": [32, 64, 128]}}"}
{"op_code":6,"worker_id":"67c2a91b-0e73-4838-81ca-1e097eaadf6d-139699157092160","trial_id":27,"state":1,"values":[0.0],"datetime_complete":"2026-03-26T14:25:38.737546"}
{"op_code":4,"worker_id":"67c2a91b-0e73-4838-81ca-1e097eaadf6d-139699157092160","study_id":0,"datetime_start":"2026-03-26T14:25:38.757050"}
{"op_code":5,"worker_id":"67c2a91b-0e73-4838-81ca-1e097eaadf6d-139699157092160","trial_id":28,"param_name":"lr","param_value_internal":0.0004875987930236413,"distribution":"{\"name\": \"FloatDistribution\", \"attributes\": {\"step\": null, \"low\": 0.0001, \"high\": 0.1, \"log\": true}}"}
{"op_code":5,"worker_id":"67c2a91b-0e73-4838-81ca-1e097eaadf6d-139699157092160","trial_id":28,"param_name":"dropout","param_value_internal":0.09903325352318605,"distribution":"{\"name\": \"FloatDistribution\", \"attributes\": {\"step\": null, \"low\": 0.0, \"high\": 0.5, \"log\": false}}"}
{"op_code":5,"worker_id":"67c2a91b-0e73-4838-81ca-1e097eaadf6d-139699157092160","trial_id":28,"param_name":"layers","param_value_internal":2.0,"distribution":"{\"name\": \"IntDistribution\", \"attributes\": {\"log\": false, \"step\": 1, \"low\": 1, \"high\": 3}}"}
{"op_code":5,"worker_id":"67c2a91b-0e73-4838-81ca-1e097eaadf6d-139699157092160","trial_id":28,"param_name":"nodes","param_value_internal":0,"distribution":"{\"name\": \"CategoricalDistribution\", \"attributes\": {\"choices\": [32, 64, 128]}}"}
{"op_code":6,"worker_id":"67c2a91b-0e73-4838-81ca-1e097eaadf6d-139699157092160","trial_id":28,"state":1,"values":[0.0],"datetime_complete":"2026-03-26T14:25:38.877472"}
{"op_code":4,"worker_id":"67c2a91b-0e73-4838-81ca-1e097eaadf6d-139699157092160","study_id":0,"datetime_start":"2026-03-26T14:25:38.899851"}
{"op_code":5,"worker_id":"67c2a91b-0e73-4838-81ca-1e097eaadf6d-139699157092160","trial_id":29,"param_name":"lr","param_value_internal":0.00697075123642349,"distribution":"{\"name\": \"FloatDistribution\", \"attributes\": {\"step\": null, \"low\": 0.0001, \"high\": 0.1, \"log\": true}}"}
{"op_code":5,"worker_id":"67c2a91b-0e73-4838-81ca-1e097eaadf6d-139699157092160","trial_id":29,"param_name":"dropout","param_value_internal":0.03238126010916967,"distribution":"{\"name\": \"FloatDistribution\", \"attributes\": {\"step\": null, \"low\": 0.0, \"high\": 0.5, \"log\": false}}"}
{"op_code":5,"worker_id":"67c2a91b-0e73-4838-81ca-1e097eaadf6d-139699157092160","trial_id":29,"param_name":"layers","param_value_internal":2.0,"distribution":"{\"name\": \"IntDistribution\", \"attributes\": {\"log\": false, \"step\": 1, \"low\": 1, \"high\": 3}}"}
{"op_code":5,"worker_id":"67c2a91b-0e73-4838-81ca-1e097eaadf6d-139699157092160","trial_id":29,"param_name":"nodes","param_value_internal":1,"distribution":"{\"name\": \"CategoricalDistribution\", \"attributes\": {\"choices\": [32, 64, 128]}}"}
{"op_code":6,"worker_id":"67c2a91b-0e73-4838-81ca-1e097eaadf6d-139699157092160","trial_id":29,"state":1,"values":[0.0],"datetime_complete":"2026-03-26T14:25:39.008579"}
{"op_code":4,"worker_id":"67c2a91b-0e73-4838-81ca-1e097eaadf6d-139699157092160","study_id":0,"datetime_start":"2026-03-26T14:25:39.027362"}
{"op_code":5,"worker_id":"67c2a91b-0e73-4838-81ca-1e097eaadf6d-139699157092160","trial_id":30,"param_name":"lr","param_value_internal":0.03333563826973951,"distribution":"{\"name\": \"FloatDistribution\", \"attributes\": {\"step\": null, \"low\": 0.0001, \"high\": 0.1, \"log\": true}}"}
{"op_code":5,"worker_id":"67c2a91b-0e73-4838-81ca-1e097eaadf6d-139699157092160","trial_id":30,"param_name":"dropout","param_value_internal":0.17395173017519766,"distribution":"{\"name\": \"FloatDistribution\", \"attributes\": {\"step\": null, \"low\": 0.0, \"high\": 0.5, \"log\": false}}"}
{"op_code":5,"worker_id":"67c2a91b-0e73-4838-81ca-1e097eaadf6d-139699157092160","trial_id":30,"param_name":"layers","param_value_internal":3.0,"distribution":"{\"name\": \"IntDistribution\", \"attributes\": {\"log\": false, \"step\": 1, \"low\": 1, \"high\": 3}}"}
{"op_code":5,"worker_id":"67c2a91b-0e73-4838-81ca-1e097eaadf6d-139699157092160","trial_id":30,"param_name":"nodes","param_value_internal":2,"distribution":"{\"name\": \"CategoricalDistribution\", \"attributes\": {\"choices\": [32, 64, 128]}}"}
{"op_code":6,"worker_id":"67c2a91b-0e73-4838-81ca-1e097eaadf6d-139699157092160","trial_id":30,"state":1,"values":[0.0],"datetime_complete":"2026-03-26T14:25:39.160307"}
{"op_code":4,"worker_id":"67c2a91b-0e73-4838-81ca-1e097eaadf6d-139699157092160","study_id":0,"datetime_start":"2026-03-26T14:25:39.180036"}
{"op_code":5,"worker_id":"67c2a91b-0e73-4838-81ca-1e097eaadf6d-139699157092160","trial_id":31,"param_name":"lr","param_value_internal":0.00551722966784335,"distribution":"{\"name\": \"FloatDistribution\", \"attributes\": {\"step\": null, \"low\": 0.0001, \"high\": 0.1, \"log\": true}}"}
{"op_code":5,"worker_id":"67c2a91b-0e73-4838-81ca-1e097eaadf6d-139699157092160","trial_id":31,"param_name":"dropout","param_value_internal":0.21132240604315936,"distribution":"{\"name\": \"FloatDistribution\", \"attributes\": {\"step\": null, \"low\": 0.0, \"high\": 0.5, \"log\": false}}"}
{"op_code":5,"worker_id":"67c2a91b-0e73-4838-81ca-1e097eaadf6d-139699157092160","trial_id":31,"param_name":"layers","param_value_internal":2.0,"distribution":"{\"name\": \"IntDistribution\", \"attributes\": {\"log\": false, \"step\": 1, \"low\": 1, \"high\": 3}}"}
{"op_code":5,"worker_id":"67c2a91b-0e73-4838-81ca-1e097eaadf6d-139699157092160","trial_id":31,"param_name":"nodes","param_value_internal":2,"distribution":"{\"name\": \"CategoricalDistribution\", \"attributes\": {\"choices\": [32, 64, 128]}}"}
{"op_code":6,"worker_id":"67c2a91b-0e73-4838-81ca-1e097eaadf6d-139699157092160","trial_id":31,"state":1,"values":[0.0],"datetime_complete":"2026-03-26T14:25:39.302989"}
{"op_code":4,"worker_id":"67c2a91b-0e73-4838-81ca-1e097eaadf6d-139699157092160","study_id":0,"datetime_start":"2026-03-26T14:25:39.322062"}
{"op_code":5,"worker_id":"67c2a91b-0e73-4838-81ca-1e097eaadf6d-139699157092160","trial_id":32,"param_name":"lr","param_value_internal":0.0023675661570744322,"distribution":"{\"name\": \"FloatDistribution\", \"attributes\": {\"step\": null, \"low\": 0.0001, \"high\": 0.1, \"log\": true}}"}
{"op_code":5,"worker_id":"67c2a91b-0e73-4838-81ca-1e097eaadf6d-139699157092160","trial_id":32,"param_name":"dropout","param_value_internal":0.28036116557385166,"distribution":"{\"name\": \"FloatDistribution\", \"attributes\": {\"step\": null, \"low\": 0.0, \"high\": 0.5, \"log\": false}}"}
{"op_code":5,"worker_id":"67c2a91b-0e73-4838-81ca-1e097eaadf6d-139699157092160","trial_id":32,"param_name":"layers","param_value_internal":2.0,"distribution":"{\"name\": \"IntDistribution\", \"attributes\": {\"log\": false, \"step\": 1, \"low\": 1, \"high\": 3}}"}
{"op_code":5,"worker_id":"67c2a91b-0e73-4838-81ca-1e097eaadf6d-139699157092160","trial_id":32,"param_name":"nodes","param_value_internal":2,"distribution":"{\"name\": \"CategoricalDistribution\", \"attributes\": {\"choices\": [32, 64, 128]}}"}
{"op_code":6,"worker_id":"67c2a91b-0e73-4838-81ca-1e097eaadf6d-139699157092160","trial_id":32,"state":1,"values":[0.0],"datetime_complete":"2026-03-26T14:25:39.461882"}
{"op_code":4,"worker_id":"67c2a91b-0e73-4838-81ca-1e097eaadf6d-139699157092160","study_id":0,"datetime_start":"2026-03-26T14:25:39.482300"}
{"op_code":5,"worker_id":"67c2a91b-0e73-4838-81ca-1e097eaadf6d-139699157092160","trial_id":33,"param_name":"lr","param_value_internal":0.0010086420257773801,"distribution":"{\"name\": \"FloatDistribution\", \"attributes\": {\"step\": null, \"low\": 0.0001, \"high\": 0.1, \"log\": true}}"}
{"op_code":5,"worker_id":"67c2a91b-0e73-4838-81ca-1e097eaadf6d-139699157092160","trial_id":33,"param_name":"dropout","param_value_internal":0.14759288343879884,"distribution":"{\"name\": \"FloatDistribution\", \"attributes\": {\"step\": null, \"low\": 0.0, \"high\": 0.5, \"log\": false}}"}
{"op_code":5,"worker_id":"67c2a91b-0e73-4838-81ca-1e097eaadf6d-139699157092160","trial_id":33,"param_name":"layers","param_value_internal":2.0,"distribution":"{\"name\": \"IntDistribution\", \"attributes\": {\"log\": false, \"step\": 1, \"low\": 1, \"high\": 3}}"}
{"op_code":5,"worker_id":"67c2a91b-0e73-4838-81ca-1e097eaadf6d-139699157092160","trial_id":33,"param_name":"nodes","param_value_internal":1,"distribution":"{\"name\": \"CategoricalDistribution\", \"attributes\": {\"choices\": [32, 64, 128]}}"}
{"op_code":6,"worker_id":"67c2a91b-0e73-4838-81ca-1e097eaadf6d-139699157092160","trial_id":33,"state":1,"values":[0.0],"datetime_complete":"2026-03-26T14:25:39.615817"}
{"op_code":4,"worker_id":"67c2a91b-0e73-4838-81ca-1e097eaadf6d-139699157092160","study_id":0,"datetime_start":"2026-03-26T14:25:39.634631"}
{"op_code":5,"worker_id":"67c2a91b-0e73-4838-81ca-1e097eaadf6d-139699157092160","trial_id":34,"param_name":"lr","param_value_internal":0.010212538531389077,"distribution":"{\"name\": \"FloatDistribution\", \"attributes\": {\"step\": null, \"low\": 0.0001, \"high\": 0.1, \"log\": true}}"}
{"op_code":5,"worker_id":"67c2a91b-0e73-4838-81ca-1e097eaadf6d-139699157092160","trial_id":34,"param_name":"dropout","param_value_internal":0.3134890238152707,"distribution":"{\"name\": \"FloatDistribution\", \"attributes\": {\"step\": null, \"low\": 0.0, \"high\": 0.5, \"log\": false}}"}
{"op_code":5,"worker_id":"67c2a91b-0e73-4838-81ca-1e097eaadf6d-139699157092160","trial_id":34,"param_name":"layers","param_value_internal":3.0,"distribution":"{\"name\": \"IntDistribution\", \"attributes\": {\"log\": false, \"step\": 1, \"low\": 1, \"high\": 3}}"}
{"op_code":5,"worker_id":"67c2a91b-0e73-4838-81ca-1e097eaadf6d-139699157092160","trial_id":34,"param_name":"nodes","param_value_internal":2,"distribution":"{\"name\": \"CategoricalDistribution\", \"attributes\": {\"choices\": [32, 64, 128]}}"}
{"op_code":6,"worker_id":"67c2a91b-0e73-4838-81ca-1e097eaadf6d-139699157092160","trial_id":34,"state":1,"values":[0.0],"datetime_complete":"2026-03-26T14:25:39.777291"}
{"op_code":4,"worker_id":"67c2a91b-0e73-4838-81ca-1e097eaadf6d-139699157092160","study_id":0,"datetime_start":"2026-03-26T14:25:39.796262"}
{"op_code":5,"worker_id":"67c2a91b-0e73-4838-81ca-1e097eaadf6d-139699157092160","trial_id":35,"param_name":"lr","param_value_internal":0.0015144259734162602,"distribution":"{\"name\": \"FloatDistribution\", \"attributes\": {\"step\": null, \"low\": 0.0001, \"high\": 0.1, \"log\": true}}"}
{"op_code":5,"worker_id":"67c2a91b-0e73-4838-81ca-1e097eaadf6d-139699157092160","trial_id":35,"param_name":"dropout","param_value_internal":0.362582801292892,"distribution":"{\"name\": \"FloatDistribution\", \"attributes\": {\"step\": null, \"low\": 0.0, \"high\": 0.5, \"log\": false}}"}
{"op_code":5,"worker_id":"67c2a91b-0e73-4838-81ca-1e097eaadf6d-139699157092160","trial_id":35,"param_name":"layers","param_value_internal":1.0,"distribution":"{\"name\": \"IntDistribution\", \"attributes\": {\"log\": false, \"step\": 1, \"low\": 1, \"high\": 3}}"}
{"op_code":5,"worker_id":"67c2a91b-0e73-4838-81ca-1e097eaadf6d-139699157092160","trial_id":35,"param_name":"nodes","param_value_internal":2,"distribution":"{\"name\": \"CategoricalDistribution\", \"attributes\": {\"choices\": [32, 64, 128]}}"}
{"op_code":6,"worker_id":"67c2a91b-0e73-4838-81ca-1e097eaadf6d-139699157092160","trial_id":35,"state":1,"values":[0.0],"datetime_complete":"2026-03-26T14:25:39.923547"}
{"op_code":4,"worker_id":"67c2a91b-0e73-4838-81ca-1e097eaadf6d-139699157092160","study_id":0,"datetime_start":"2026-03-26T14:25:39.947897"}
{"op_code":5,"worker_id":"67c2a91b-0e73-4838-81ca-1e097eaadf6d-139699157092160","trial_id":36,"param_name":"lr","param_value_internal":0.004220166493181228,"distribution":"{\"name\": \"FloatDistribution\", \"attributes\": {\"step\": null, \"low\": 0.0001, \"high\": 0.1, \"log\": true}}"}
{"op_code":5,"worker_id":"67c2a91b-0e73-4838-81ca-1e097eaadf6d-139699157092160","trial_id":36,"param_name":"dropout","param_value_internal":0.048007862367946706,"distribution":"{\"name\": \"FloatDistribution\", \"attributes\": {\"step\": null, \"low\": 0.0, \"high\": 0.5, \"log\": false}}"}
{"op_code":5,"worker_id":"67c2a91b-0e73-4838-81ca-1e097eaadf6d-139699157092160","trial_id":36,"param_name":"layers","param_value_internal":3.0,"distribution":"{\"name\": \"IntDistribution\", \"attributes\": {\"log\": false, \"step\": 1, \"low\": 1, \"high\": 3}}"}
{"op_code":5,"worker_id":"67c2a91b-0e73-4838-81ca-1e097eaadf6d-139699157092160","trial_id":36,"param_name":"nodes","param_value_internal":0,"distribution":"{\"name\": \"CategoricalDistribution\", \"attributes\": {\"choices\": [32, 64, 128]}}"}
{"op_code":6,"worker_id":"67c2a91b-0e73-4838-81ca-1e097eaadf6d-139699157092160","trial_id":36,"state":1,"values":[0.0],"datetime_complete":"2026-03-26T14:25:40.082855"}
{"op_code":4,"worker_id":"67c2a91b-0e73-4838-81ca-1e097eaadf6d-139699157092160","study_id":0,"datetime_start":"2026-03-26T14:25:40.104966"}
{"op_code":5,"worker_id":"67c2a91b-0e73-4838-81ca-1e097eaadf6d-139699157092160","trial_id":37,"param_name":"lr","param_value_internal":0.000758588727635349,"distribution":"{\"name\": \"FloatDistribution\", \"attributes\": {\"step\": null, \"low\": 0.0001, \"high\": 0.1, \"log\": true}}"}
{"op_code":5,"worker_id":"67c2a91b-0e73-4838-81ca-1e097eaadf6d-139699157092160","trial_id":37,"param_name":"dropout","param_value_internal":0.44934709942824047,"distribution":"{\"name\": \"FloatDistribution\", \"attributes\": {\"step\": null, \"low\": 0.0, \"high\": 0.5, \"log\": false}}"}
{"op_code":5,"worker_id":"67c2a91b-0e73-4838-81ca-1e097eaadf6d-139699157092160","trial_id":37,"param_name":"layers","param_value_internal":2.0,"distribution":"{\"name\": \"IntDistribution\", \"attributes\": {\"log\": false, \"step\": 1, \"low\": 1, \"high\": 3}}"}
{"op_code":5,"worker_id":"67c2a91b-0e73-4838-81ca-1e097eaadf6d-139699157092160","trial_id":37,"param_name":"nodes","param_value_internal":1,"distribution":"{\"name\": \"CategoricalDistribution\", \"attributes\": {\"choices\": [32, 64, 128]}}"}
{"op_code":6,"worker_id":"67c2a91b-0e73-4838-81ca-1e097eaadf6d-139699157092160","trial_id":37,"state":1,"values":[0.0],"datetime_complete":"2026-03-26T14:25:40.234789"}
{"op_code":4,"worker_id":"67c2a91b-0e73-4838-81ca-1e097eaadf6d-139699157092160","study_id":0,"datetime_start":"2026-03-26T14:25:40.254081"}
{"op_code":5,"worker_id":"67c2a91b-0e73-4838-81ca-1e097eaadf6d-139699157092160","trial_id":38,"param_name":"lr","param_value_internal":0.0018041403882693254,"distribution":"{\"name\": \"FloatDistribution\", \"attributes\": {\"step\": null, \"low\": 0.0001, \"high\": 0.1, \"log\": true}}"}
{"op_code":5,"worker_id":"67c2a91b-0e73-4838-81ca-1e097eaadf6d-139699157092160","trial_id":38,"param_name":"dropout","param_value_internal":0.3908837687281028,"distribution":"{\"name\": \"FloatDistribution\", \"attributes\": {\"step\": null, \"low\": 0.0, \"high\": 0.5, \"log\": false}}"}
{"op_code":5,"worker_id":"67c2a91b-0e73-4838-81ca-1e097eaadf6d-139699157092160","trial_id":38,"param_name":"layers","param_value_internal":1.0,"distribution":"{\"name\": \"IntDistribution\", \"attributes\": {\"log\": false, \"step\": 1, \"low\": 1, \"high\": 3}}"}
{"op_code":5,"worker_id":"67c2a91b-0e73-4838-81ca-1e097eaadf6d-139699157092160","trial_id":38,"param_name":"nodes","param_value_internal":1,"distribution":"{\"name\": \"CategoricalDistribution\", \"attributes\": {\"choices\": [32, 64, 128]}}"}
{"op_code":6,"worker_id":"67c2a91b-0e73-4838-81ca-1e097eaadf6d-139699157092160","trial_id":38,"state":1,"values":[0.0],"datetime_complete":"2026-03-26T14:25:40.412043"}
{"op_code":4,"worker_id":"67c2a91b-0e73-4838-81ca-1e097eaadf6d-139699157092160","study_id":0,"datetime_start":"2026-03-26T14:25:40.433611"}
{"op_code":5,"worker_id":"67c2a91b-0e73-4838-81ca-1e097eaadf6d-139699157092160","trial_id":39,"param_name":"lr","param_value_internal":0.011981215270464201,"distribution":"{\"name\": \"FloatDistribution\", \"attributes\": {\"step\": null, \"low\": 0.0001, \"high\": 0.1, \"log\": true}}"}
{"op_code":5,"worker_id":"67c2a91b-0e73-4838-81ca-1e097eaadf6d-139699157092160","trial_id":39,"param_name":"dropout","param_value_internal":0.26144515546205577,"distribution":"{\"name\": \"FloatDistribution\", \"attributes\": {\"step\": null, \"low\": 0.0, \"high\": 0.5, \"log\": false}}"}
{"op_code":5,"worker_id":"67c2a91b-0e73-4838-81ca-1e097eaadf6d-139699157092160","trial_id":39,"param_name":"layers","param_value_internal":3.0,"distribution":"{\"name\": \"IntDistribution\", \"attributes\": {\"log\": false, \"step\": 1, \"low\": 1, \"high\": 3}}"}
{"op_code":5,"worker_id":"67c2a91b-0e73-4838-81ca-1e097eaadf6d-139699157092160","trial_id":39,"param_name":"nodes","param_value_internal":2,"distribution":"{\"name\": \"CategoricalDistribution\", \"attributes\": {\"choices\": [32, 64, 128]}}"}
{"op_code":6,"worker_id":"67c2a91b-0e73-4838-81ca-1e097eaadf6d-139699157092160","trial_id":39,"state":1,"values":[0.0],"datetime_complete":"2026-03-26T14:25:40.579780"}
