{"op_code":0,"worker_id":"e4cab523-7e89-400f-b7cb-d72d6f412e3a-140611610289984","study_name":"gbsa_tuning","directions":[2]}
{"op_code":4,"worker_id":"e4cab523-7e89-400f-b7cb-d72d6f412e3a-140611610289984","study_id":0,"datetime_start":"2026-03-30T13:32:12.550357"}
{"op_code":5,"worker_id":"e4cab523-7e89-400f-b7cb-d72d6f412e3a-140611610289984","trial_id":0,"param_name":"learning_rate","param_value_internal":0.017774519737441697,"distribution":"{\"name\": \"FloatDistribution\", \"attributes\": {\"step\": null, \"low\": 0.01, \"high\": 0.2, \"log\": true}}"}
{"op_code":5,"worker_id":"e4cab523-7e89-400f-b7cb-d72d6f412e3a-140611610289984","trial_id":0,"param_name":"n_estimators","param_value_internal":151.0,"distribution":"{\"name\": \"IntDistribution\", \"attributes\": {\"log\": false, \"step\": 1, \"low\": 50, \"high\": 200}}"}
{"op_code":5,"worker_id":"e4cab523-7e89-400f-b7cb-d72d6f412e3a-140611610289984","trial_id":0,"param_name":"max_depth","param_value_internal":4.0,"distribution":"{\"name\": \"IntDistribution\", \"attributes\": {\"log\": false, \"step\": 1, \"low\": 2, \"high\": 5}}"}
{"op_code":6,"worker_id":"e4cab523-7e89-400f-b7cb-d72d6f412e3a-140611610289984","trial_id":0,"state":1,"values":[0.6515837104072398],"datetime_complete":"2026-03-30T13:32:12.708193"}
{"op_code":4,"worker_id":"e4cab523-7e89-400f-b7cb-d72d6f412e3a-140611610289984","study_id":0,"datetime_start":"2026-03-30T13:32:12.718923"}
{"op_code":5,"worker_id":"e4cab523-7e89-400f-b7cb-d72d6f412e3a-140611610289984","trial_id":1,"param_name":"learning_rate","param_value_internal":0.010501740780940409,"distribution":"{\"name\": \"FloatDistribution\", \"attributes\": {\"step\": null, \"low\": 0.01, \"high\": 0.2, \"log\": true}}"}
{"op_code":5,"worker_id":"e4cab523-7e89-400f-b7cb-d72d6f412e3a-140611610289984","trial_id":1,"param_name":"n_estimators","param_value_internal":129.0,"distribution":"{\"name\": \"IntDistribution\", \"attributes\": {\"log\": false, \"step\": 1, \"low\": 50, \"high\": 200}}"}
{"op_code":5,"worker_id":"e4cab523-7e89-400f-b7cb-d72d6f412e3a-140611610289984","trial_id":1,"param_name":"max_depth","param_value_internal":2.0,"distribution":"{\"name\": \"IntDistribution\", \"attributes\": {\"log\": false, \"step\": 1, \"low\": 2, \"high\": 5}}"}
{"op_code":6,"worker_id":"e4cab523-7e89-400f-b7cb-d72d6f412e3a-140611610289984","trial_id":1,"state":1,"values":[0.6606334841628959],"datetime_complete":"2026-03-30T13:32:12.855207"}
{"op_code":4,"worker_id":"e4cab523-7e89-400f-b7cb-d72d6f412e3a-140611610289984","study_id":0,"datetime_start":"2026-03-30T13:32:12.866716"}
{"op_code":5,"worker_id":"e4cab523-7e89-400f-b7cb-d72d6f412e3a-140611610289984","trial_id":2,"param_name":"learning_rate","param_value_internal":0.011837953999841807,"distribution":"{\"name\": \"FloatDistribution\", \"attributes\": {\"step\": null, \"low\": 0.01, \"high\": 0.2, \"log\": true}}"}
{"op_code":5,"worker_id":"e4cab523-7e89-400f-b7cb-d72d6f412e3a-140611610289984","trial_id":2,"param_name":"n_estimators","param_value_internal":125.0,"distribution":"{\"name\": \"IntDistribution\", \"attributes\": {\"log\": false, \"step\": 1, \"low\": 50, \"high\": 200}}"}
{"op_code":5,"worker_id":"e4cab523-7e89-400f-b7cb-d72d6f412e3a-140611610289984","trial_id":2,"param_name":"max_depth","param_value_internal":5.0,"distribution":"{\"name\": \"IntDistribution\", \"attributes\": {\"log\": false, \"step\": 1, \"low\": 2, \"high\": 5}}"}
{"op_code":6,"worker_id":"e4cab523-7e89-400f-b7cb-d72d6f412e3a-140611610289984","trial_id":2,"state":1,"values":[0.7013574660633484],"datetime_complete":"2026-03-30T13:32:12.977585"}
{"op_code":4,"worker_id":"e4cab523-7e89-400f-b7cb-d72d6f412e3a-140611610289984","study_id":0,"datetime_start":"2026-03-30T13:32:12.988452"}
{"op_code":5,"worker_id":"e4cab523-7e89-400f-b7cb-d72d6f412e3a-140611610289984","trial_id":3,"param_name":"learning_rate","param_value_internal":0.015011313880927963,"distribution":"{\"name\": \"FloatDistribution\", \"attributes\": {\"step\": null, \"low\": 0.01, \"high\": 0.2, \"log\": true}}"}
{"op_code":5,"worker_id":"e4cab523-7e89-400f-b7cb-d72d6f412e3a-140611610289984","trial_id":3,"param_name":"n_estimators","param_value_internal":119.0,"distribution":"{\"name\": \"IntDistribution\", \"attributes\": {\"log\": false, \"step\": 1, \"low\": 50, \"high\": 200}}"}
{"op_code":5,"worker_id":"e4cab523-7e89-400f-b7cb-d72d6f412e3a-140611610289984","trial_id":3,"param_name":"max_depth","param_value_internal":5.0,"distribution":"{\"name\": \"IntDistribution\", \"attributes\": {\"log\": false, \"step\": 1, \"low\": 2, \"high\": 5}}"}
{"op_code":6,"worker_id":"e4cab523-7e89-400f-b7cb-d72d6f412e3a-140611610289984","trial_id":3,"state":1,"values":[0.7058823529411765],"datetime_complete":"2026-03-30T13:32:13.091612"}
{"op_code":4,"worker_id":"e4cab523-7e89-400f-b7cb-d72d6f412e3a-140611610289984","study_id":0,"datetime_start":"2026-03-30T13:32:13.102893"}
{"op_code":5,"worker_id":"e4cab523-7e89-400f-b7cb-d72d6f412e3a-140611610289984","trial_id":4,"param_name":"learning_rate","param_value_internal":0.010668632578917083,"distribution":"{\"name\": \"FloatDistribution\", \"attributes\": {\"step\": null, \"low\": 0.01, \"high\": 0.2, \"log\": true}}"}
{"op_code":5,"worker_id":"e4cab523-7e89-400f-b7cb-d72d6f412e3a-140611610289984","trial_id":4,"param_name":"n_estimators","param_value_internal":128.0,"distribution":"{\"name\": \"IntDistribution\", \"attributes\": {\"log\": false, \"step\": 1, \"low\": 50, \"high\": 200}}"}
{"op_code":5,"worker_id":"e4cab523-7e89-400f-b7cb-d72d6f412e3a-140611610289984","trial_id":4,"param_name":"max_depth","param_value_internal":5.0,"distribution":"{\"name\": \"IntDistribution\", \"attributes\": {\"log\": false, \"step\": 1, \"low\": 2, \"high\": 5}}"}
{"op_code":6,"worker_id":"e4cab523-7e89-400f-b7cb-d72d6f412e3a-140611610289984","trial_id":4,"state":1,"values":[0.7058823529411765],"datetime_complete":"2026-03-30T13:32:13.200314"}
{"op_code":4,"worker_id":"e4cab523-7e89-400f-b7cb-d72d6f412e3a-140611610289984","study_id":0,"datetime_start":"2026-03-30T13:32:13.211760"}
{"op_code":5,"worker_id":"e4cab523-7e89-400f-b7cb-d72d6f412e3a-140611610289984","trial_id":5,"param_name":"learning_rate","param_value_internal":0.01734166859452072,"distribution":"{\"name\": \"FloatDistribution\", \"attributes\": {\"step\": null, \"low\": 0.01, \"high\": 0.2, \"log\": true}}"}
{"op_code":5,"worker_id":"e4cab523-7e89-400f-b7cb-d72d6f412e3a-140611610289984","trial_id":5,"param_name":"n_estimators","param_value_internal":101.0,"distribution":"{\"name\": \"IntDistribution\", \"attributes\": {\"log\": false, \"step\": 1, \"low\": 50, \"high\": 200}}"}
{"op_code":5,"worker_id":"e4cab523-7e89-400f-b7cb-d72d6f412e3a-140611610289984","trial_id":5,"param_name":"max_depth","param_value_internal":5.0,"distribution":"{\"name\": \"IntDistribution\", \"attributes\": {\"log\": false, \"step\": 1, \"low\": 2, \"high\": 5}}"}
{"op_code":6,"worker_id":"e4cab523-7e89-400f-b7cb-d72d6f412e3a-140611610289984","trial_id":5,"state":1,"values":[0.6923076923076923],"datetime_complete":"2026-03-30T13:32:13.297230"}
{"op_code":4,"worker_id":"e4cab523-7e89-400f-b7cb-d72d6f412e3a-140611610289984","study_id":0,"datetime_start":"2026-03-30T13:32:13.308786"}
{"op_code":5,"worker_id":"e4cab523-7e89-400f-b7cb-d72d6f412e3a-140611610289984","trial_id":6,"param_name":"learning_rate","param_value_internal":0.12462863194068552,"distribution":"{\"name\": \"FloatDistribution\", \"attributes\": {\"step\": null, \"low\": 0.01, \"high\": 0.2, \"log\": true}}"}
{"op_code":5,"worker_id":"e4cab523-7e89-400f-b7cb-d72d6f412e3a-140611610289984","trial_id":6,"param_name":"n_estimators","param_value_internal":140.0,"distribution":"{\"name\": \"IntDistribution\", \"attributes\": {\"log\": false, \"step\": 1, \"low\": 50, \"high\": 200}}"}
{"op_code":5,"worker_id":"e4cab523-7e89-400f-b7cb-d72d6f412e3a-140611610289984","trial_id":6,"param_name":"max_depth","param_value_internal":5.0,"distribution":"{\"name\": \"IntDistribution\", \"attributes\": {\"log\": false, \"step\": 1, \"low\": 2, \"high\": 5}}"}
{"op_code":6,"worker_id":"e4cab523-7e89-400f-b7cb-d72d6f412e3a-140611610289984","trial_id":6,"state":1,"values":[0.7013574660633484],"datetime_complete":"2026-03-30T13:32:13.421601"}
{"op_code":4,"worker_id":"e4cab523-7e89-400f-b7cb-d72d6f412e3a-140611610289984","study_id":0,"datetime_start":"2026-03-30T13:32:13.434471"}
{"op_code":5,"worker_id":"e4cab523-7e89-400f-b7cb-d72d6f412e3a-140611610289984","trial_id":7,"param_name":"learning_rate","param_value_internal":0.17272873368949895,"distribution":"{\"name\": \"FloatDistribution\", \"attributes\": {\"step\": null, \"low\": 0.01, \"high\": 0.2, \"log\": true}}"}
{"op_code":5,"worker_id":"e4cab523-7e89-400f-b7cb-d72d6f412e3a-140611610289984","trial_id":7,"param_name":"n_estimators","param_value_internal":174.0,"distribution":"{\"name\": \"IntDistribution\", \"attributes\": {\"log\": false, \"step\": 1, \"low\": 50, \"high\": 200}}"}
{"op_code":5,"worker_id":"e4cab523-7e89-400f-b7cb-d72d6f412e3a-140611610289984","trial_id":7,"param_name":"max_depth","param_value_internal":5.0,"distribution":"{\"name\": \"IntDistribution\", \"attributes\": {\"log\": false, \"step\": 1, \"low\": 2, \"high\": 5}}"}
{"op_code":6,"worker_id":"e4cab523-7e89-400f-b7cb-d72d6f412e3a-140611610289984","trial_id":7,"state":1,"values":[0.6787330316742082],"datetime_complete":"2026-03-30T13:32:13.555671"}
{"op_code":4,"worker_id":"e4cab523-7e89-400f-b7cb-d72d6f412e3a-140611610289984","study_id":0,"datetime_start":"2026-03-30T13:32:13.568201"}
{"op_code":5,"worker_id":"e4cab523-7e89-400f-b7cb-d72d6f412e3a-140611610289984","trial_id":8,"param_name":"learning_rate","param_value_internal":0.019653715447459356,"distribution":"{\"name\": \"FloatDistribution\", \"attributes\": {\"step\": null, \"low\": 0.01, \"high\": 0.2, \"log\": true}}"}
{"op_code":5,"worker_id":"e4cab523-7e89-400f-b7cb-d72d6f412e3a-140611610289984","trial_id":8,"param_name":"n_estimators","param_value_internal":156.0,"distribution":"{\"name\": \"IntDistribution\", \"attributes\": {\"log\": false, \"step\": 1, \"low\": 50, \"high\": 200}}"}
{"op_code":5,"worker_id":"e4cab523-7e89-400f-b7cb-d72d6f412e3a-140611610289984","trial_id":8,"param_name":"max_depth","param_value_internal":5.0,"distribution":"{\"name\": \"IntDistribution\", \"attributes\": {\"log\": false, \"step\": 1, \"low\": 2, \"high\": 5}}"}
{"op_code":6,"worker_id":"e4cab523-7e89-400f-b7cb-d72d6f412e3a-140611610289984","trial_id":8,"state":1,"values":[0.7013574660633484],"datetime_complete":"2026-03-30T13:32:13.678591"}
{"op_code":4,"worker_id":"e4cab523-7e89-400f-b7cb-d72d6f412e3a-140611610289984","study_id":0,"datetime_start":"2026-03-30T13:32:13.689775"}
{"op_code":5,"worker_id":"e4cab523-7e89-400f-b7cb-d72d6f412e3a-140611610289984","trial_id":9,"param_name":"learning_rate","param_value_internal":0.014080044265259991,"distribution":"{\"name\": \"FloatDistribution\", \"attributes\": {\"step\": null, \"low\": 0.01, \"high\": 0.2, \"log\": true}}"}
{"op_code":5,"worker_id":"e4cab523-7e89-400f-b7cb-d72d6f412e3a-140611610289984","trial_id":9,"param_name":"n_estimators","param_value_internal":72.0,"distribution":"{\"name\": \"IntDistribution\", \"attributes\": {\"log\": false, \"step\": 1, \"low\": 50, \"high\": 200}}"}
{"op_code":5,"worker_id":"e4cab523-7e89-400f-b7cb-d72d6f412e3a-140611610289984","trial_id":9,"param_name":"max_depth","param_value_internal":3.0,"distribution":"{\"name\": \"IntDistribution\", \"attributes\": {\"log\": false, \"step\": 1, \"low\": 2, \"high\": 5}}"}
{"op_code":6,"worker_id":"e4cab523-7e89-400f-b7cb-d72d6f412e3a-140611610289984","trial_id":9,"state":1,"values":[0.6606334841628959],"datetime_complete":"2026-03-30T13:32:13.760813"}
{"op_code":4,"worker_id":"e4cab523-7e89-400f-b7cb-d72d6f412e3a-140611610289984","study_id":0,"datetime_start":"2026-03-30T13:32:13.771573"}
{"op_code":5,"worker_id":"e4cab523-7e89-400f-b7cb-d72d6f412e3a-140611610289984","trial_id":10,"param_name":"learning_rate","param_value_internal":0.03917924103916542,"distribution":"{\"name\": \"FloatDistribution\", \"attributes\": {\"step\": null, \"low\": 0.01, \"high\": 0.2, \"log\": true}}"}
{"op_code":5,"worker_id":"e4cab523-7e89-400f-b7cb-d72d6f412e3a-140611610289984","trial_id":10,"param_name":"n_estimators","param_value_internal":198.0,"distribution":"{\"name\": \"IntDistribution\", \"attributes\": {\"log\": false, \"step\": 1, \"low\": 50, \"high\": 200}}"}
{"op_code":5,"worker_id":"e4cab523-7e89-400f-b7cb-d72d6f412e3a-140611610289984","trial_id":10,"param_name":"max_depth","param_value_internal":4.0,"distribution":"{\"name\": \"IntDistribution\", \"attributes\": {\"log\": false, \"step\": 1, \"low\": 2, \"high\": 5}}"}
{"op_code":6,"worker_id":"e4cab523-7e89-400f-b7cb-d72d6f412e3a-140611610289984","trial_id":10,"state":1,"values":[0.6968325791855203],"datetime_complete":"2026-03-30T13:32:13.935590"}
{"op_code":4,"worker_id":"e4cab523-7e89-400f-b7cb-d72d6f412e3a-140611610289984","study_id":0,"datetime_start":"2026-03-30T13:32:13.947758"}
{"op_code":5,"worker_id":"e4cab523-7e89-400f-b7cb-d72d6f412e3a-140611610289984","trial_id":11,"param_name":"learning_rate","param_value_internal":0.033815254276416865,"distribution":"{\"name\": \"FloatDistribution\", \"attributes\": {\"step\": null, \"low\": 0.01, \"high\": 0.2, \"log\": true}}"}
{"op_code":5,"worker_id":"e4cab523-7e89-400f-b7cb-d72d6f412e3a-140611610289984","trial_id":11,"param_name":"n_estimators","param_value_internal":97.0,"distribution":"{\"name\": \"IntDistribution\", \"attributes\": {\"log\": false, \"step\": 1, \"low\": 50, \"high\": 200}}"}
{"op_code":5,"worker_id":"e4cab523-7e89-400f-b7cb-d72d6f412e3a-140611610289984","trial_id":11,"param_name":"max_depth","param_value_internal":4.0,"distribution":"{\"name\": \"IntDistribution\", \"attributes\": {\"log\": false, \"step\": 1, \"low\": 2, \"high\": 5}}"}
{"op_code":6,"worker_id":"e4cab523-7e89-400f-b7cb-d72d6f412e3a-140611610289984","trial_id":11,"state":1,"values":[0.6289592760180995],"datetime_complete":"2026-03-30T13:32:14.035493"}
{"op_code":4,"worker_id":"e4cab523-7e89-400f-b7cb-d72d6f412e3a-140611610289984","study_id":0,"datetime_start":"2026-03-30T13:32:14.047892"}
{"op_code":5,"worker_id":"e4cab523-7e89-400f-b7cb-d72d6f412e3a-140611610289984","trial_id":12,"param_name":"learning_rate","param_value_internal":0.07365911866336487,"distribution":"{\"name\": \"FloatDistribution\", \"attributes\": {\"step\": null, \"low\": 0.01, \"high\": 0.2, \"log\": true}}"}
{"op_code":5,"worker_id":"e4cab523-7e89-400f-b7cb-d72d6f412e3a-140611610289984","trial_id":12,"param_name":"n_estimators","param_value_internal":100.0,"distribution":"{\"name\": \"IntDistribution\", \"attributes\": {\"log\": false, \"step\": 1, \"low\": 50, \"high\": 200}}"}
{"op_code":5,"worker_id":"e4cab523-7e89-400f-b7cb-d72d6f412e3a-140611610289984","trial_id":12,"param_name":"max_depth","param_value_internal":3.0,"distribution":"{\"name\": \"IntDistribution\", \"attributes\": {\"log\": false, \"step\": 1, \"low\": 2, \"high\": 5}}"}
{"op_code":6,"worker_id":"e4cab523-7e89-400f-b7cb-d72d6f412e3a-140611610289984","trial_id":12,"state":1,"values":[0.746606334841629],"datetime_complete":"2026-03-30T13:32:14.132441"}
{"op_code":4,"worker_id":"e4cab523-7e89-400f-b7cb-d72d6f412e3a-140611610289984","study_id":0,"datetime_start":"2026-03-30T13:32:14.144169"}
{"op_code":5,"worker_id":"e4cab523-7e89-400f-b7cb-d72d6f412e3a-140611610289984","trial_id":13,"param_name":"learning_rate","param_value_internal":0.07846704768324991,"distribution":"{\"name\": \"FloatDistribution\", \"attributes\": {\"step\": null, \"low\": 0.01, \"high\": 0.2, \"log\": true}}"}
{"op_code":5,"worker_id":"e4cab523-7e89-400f-b7cb-d72d6f412e3a-140611610289984","trial_id":13,"param_name":"n_estimators","param_value_internal":61.0,"distribution":"{\"name\": \"IntDistribution\", \"attributes\": {\"log\": false, \"step\": 1, \"low\": 50, \"high\": 200}}"}
{"op_code":5,"worker_id":"e4cab523-7e89-400f-b7cb-d72d6f412e3a-140611610289984","trial_id":13,"param_name":"max_depth","param_value_internal":3.0,"distribution":"{\"name\": \"IntDistribution\", \"attributes\": {\"log\": false, \"step\": 1, \"low\": 2, \"high\": 5}}"}
{"op_code":6,"worker_id":"e4cab523-7e89-400f-b7cb-d72d6f412e3a-140611610289984","trial_id":13,"state":1,"values":[0.7194570135746606],"datetime_complete":"2026-03-30T13:32:14.215729"}
{"op_code":4,"worker_id":"e4cab523-7e89-400f-b7cb-d72d6f412e3a-140611610289984","study_id":0,"datetime_start":"2026-03-30T13:32:14.228809"}
{"op_code":5,"worker_id":"e4cab523-7e89-400f-b7cb-d72d6f412e3a-140611610289984","trial_id":14,"param_name":"learning_rate","param_value_internal":0.07511110710292297,"distribution":"{\"name\": \"FloatDistribution\", \"attributes\": {\"step\": null, \"low\": 0.01, \"high\": 0.2, \"log\": true}}"}
{"op_code":5,"worker_id":"e4cab523-7e89-400f-b7cb-d72d6f412e3a-140611610289984","trial_id":14,"param_name":"n_estimators","param_value_internal":56.0,"distribution":"{\"name\": \"IntDistribution\", \"attributes\": {\"log\": false, \"step\": 1, \"low\": 50, \"high\": 200}}"}
{"op_code":5,"worker_id":"e4cab523-7e89-400f-b7cb-d72d6f412e3a-140611610289984","trial_id":14,"param_name":"max_depth","param_value_internal":3.0,"distribution":"{\"name\": \"IntDistribution\", \"attributes\": {\"log\": false, \"step\": 1, \"low\": 2, \"high\": 5}}"}
{"op_code":6,"worker_id":"e4cab523-7e89-400f-b7cb-d72d6f412e3a-140611610289984","trial_id":14,"state":1,"values":[0.6877828054298643],"datetime_complete":"2026-03-30T13:32:14.300896"}
{"op_code":4,"worker_id":"e4cab523-7e89-400f-b7cb-d72d6f412e3a-140611610289984","study_id":0,"datetime_start":"2026-03-30T13:32:14.312941"}
{"op_code":5,"worker_id":"e4cab523-7e89-400f-b7cb-d72d6f412e3a-140611610289984","trial_id":15,"param_name":"learning_rate","param_value_internal":0.06918587386474956,"distribution":"{\"name\": \"FloatDistribution\", \"attributes\": {\"step\": null, \"low\": 0.01, \"high\": 0.2, \"log\": true}}"}
{"op_code":5,"worker_id":"e4cab523-7e89-400f-b7cb-d72d6f412e3a-140611610289984","trial_id":15,"param_name":"n_estimators","param_value_internal":78.0,"distribution":"{\"name\": \"IntDistribution\", \"attributes\": {\"log\": false, \"step\": 1, \"low\": 50, \"high\": 200}}"}
{"op_code":5,"worker_id":"e4cab523-7e89-400f-b7cb-d72d6f412e3a-140611610289984","trial_id":15,"param_name":"max_depth","param_value_internal":2.0,"distribution":"{\"name\": \"IntDistribution\", \"attributes\": {\"log\": false, \"step\": 1, \"low\": 2, \"high\": 5}}"}
{"op_code":6,"worker_id":"e4cab523-7e89-400f-b7cb-d72d6f412e3a-140611610289984","trial_id":15,"state":1,"values":[0.6809954751131222],"datetime_complete":"2026-03-30T13:32:14.386111"}
{"op_code":4,"worker_id":"e4cab523-7e89-400f-b7cb-d72d6f412e3a-140611610289984","study_id":0,"datetime_start":"2026-03-30T13:32:14.398407"}
{"op_code":5,"worker_id":"e4cab523-7e89-400f-b7cb-d72d6f412e3a-140611610289984","trial_id":16,"param_name":"learning_rate","param_value_internal":0.07496499650406532,"distribution":"{\"name\": \"FloatDistribution\", \"attributes\": {\"step\": null, \"low\": 0.01, \"high\": 0.2, \"log\": true}}"}
{"op_code":5,"worker_id":"e4cab523-7e89-400f-b7cb-d72d6f412e3a-140611610289984","trial_id":16,"param_name":"n_estimators","param_value_internal":50.0,"distribution":"{\"name\": \"IntDistribution\", \"attributes\": {\"log\": false, \"step\": 1, \"low\": 50, \"high\": 200}}"}
{"op_code":5,"worker_id":"e4cab523-7e89-400f-b7cb-d72d6f412e3a-140611610289984","trial_id":16,"param_name":"max_depth","param_value_internal":3.0,"distribution":"{\"name\": \"IntDistribution\", \"attributes\": {\"log\": false, \"step\": 1, \"low\": 2, \"high\": 5}}"}
{"op_code":6,"worker_id":"e4cab523-7e89-400f-b7cb-d72d6f412e3a-140611610289984","trial_id":16,"state":1,"values":[0.6923076923076923],"datetime_complete":"2026-03-30T13:32:14.468004"}
{"op_code":4,"worker_id":"e4cab523-7e89-400f-b7cb-d72d6f412e3a-140611610289984","study_id":0,"datetime_start":"2026-03-30T13:32:14.478360"}
{"op_code":5,"worker_id":"e4cab523-7e89-400f-b7cb-d72d6f412e3a-140611610289984","trial_id":17,"param_name":"learning_rate","param_value_internal":0.11121302432779764,"distribution":"{\"name\": \"FloatDistribution\", \"attributes\": {\"step\": null, \"low\": 0.01, \"high\": 0.2, \"log\": true}}"}
{"op_code":5,"worker_id":"e4cab523-7e89-400f-b7cb-d72d6f412e3a-140611610289984","trial_id":17,"param_name":"n_estimators","param_value_internal":92.0,"distribution":"{\"name\": \"IntDistribution\", \"attributes\": {\"log\": false, \"step\": 1, \"low\": 50, \"high\": 200}}"}
{"op_code":5,"worker_id":"e4cab523-7e89-400f-b7cb-d72d6f412e3a-140611610289984","trial_id":17,"param_name":"max_depth","param_value_internal":3.0,"distribution":"{\"name\": \"IntDistribution\", \"attributes\": {\"log\": false, \"step\": 1, \"low\": 2, \"high\": 5}}"}
{"op_code":6,"worker_id":"e4cab523-7e89-400f-b7cb-d72d6f412e3a-140611610289984","trial_id":17,"state":1,"values":[0.7420814479638009],"datetime_complete":"2026-03-30T13:32:14.590263"}
{"op_code":4,"worker_id":"e4cab523-7e89-400f-b7cb-d72d6f412e3a-140611610289984","study_id":0,"datetime_start":"2026-03-30T13:32:14.604832"}
{"op_code":5,"worker_id":"e4cab523-7e89-400f-b7cb-d72d6f412e3a-140611610289984","trial_id":18,"param_name":"learning_rate","param_value_internal":0.11840961882987665,"distribution":"{\"name\": \"FloatDistribution\", \"attributes\": {\"step\": null, \"low\": 0.01, \"high\": 0.2, \"log\": true}}"}
{"op_code":5,"worker_id":"e4cab523-7e89-400f-b7cb-d72d6f412e3a-140611610289984","trial_id":18,"param_name":"n_estimators","param_value_internal":99.0,"distribution":"{\"name\": \"IntDistribution\", \"attributes\": {\"log\": false, \"step\": 1, \"low\": 50, \"high\": 200}}"}
{"op_code":5,"worker_id":"e4cab523-7e89-400f-b7cb-d72d6f412e3a-140611610289984","trial_id":18,"param_name":"max_depth","param_value_internal":2.0,"distribution":"{\"name\": \"IntDistribution\", \"attributes\": {\"log\": false, \"step\": 1, \"low\": 2, \"high\": 5}}"}
{"op_code":6,"worker_id":"e4cab523-7e89-400f-b7cb-d72d6f412e3a-140611610289984","trial_id":18,"state":1,"values":[0.7194570135746606],"datetime_complete":"2026-03-30T13:32:14.699971"}
{"op_code":4,"worker_id":"e4cab523-7e89-400f-b7cb-d72d6f412e3a-140611610289984","study_id":0,"datetime_start":"2026-03-30T13:32:14.712193"}
{"op_code":5,"worker_id":"e4cab523-7e89-400f-b7cb-d72d6f412e3a-140611610289984","trial_id":19,"param_name":"learning_rate","param_value_internal":0.0473987018837699,"distribution":"{\"name\": \"FloatDistribution\", \"attributes\": {\"step\": null, \"low\": 0.01, \"high\": 0.2, \"log\": true}}"}
{"op_code":5,"worker_id":"e4cab523-7e89-400f-b7cb-d72d6f412e3a-140611610289984","trial_id":19,"param_name":"n_estimators","param_value_internal":89.0,"distribution":"{\"name\": \"IntDistribution\", \"attributes\": {\"log\": false, \"step\": 1, \"low\": 50, \"high\": 200}}"}
{"op_code":5,"worker_id":"e4cab523-7e89-400f-b7cb-d72d6f412e3a-140611610289984","trial_id":19,"param_name":"max_depth","param_value_internal":3.0,"distribution":"{\"name\": \"IntDistribution\", \"attributes\": {\"log\": false, \"step\": 1, \"low\": 2, \"high\": 5}}"}
{"op_code":6,"worker_id":"e4cab523-7e89-400f-b7cb-d72d6f412e3a-140611610289984","trial_id":19,"state":1,"values":[0.7013574660633484],"datetime_complete":"2026-03-30T13:32:14.814046"}
