{"op_code":0,"worker_id":"ce853273-ef44-46d1-9677-a2c0d8021589-140252871579456","study_name":"deepsurv_tuning","directions":[2]}
{"op_code":4,"worker_id":"ce853273-ef44-46d1-9677-a2c0d8021589-140252871579456","study_id":0,"datetime_start":"2026-03-30T11:43:14.673454"}
{"op_code":5,"worker_id":"ce853273-ef44-46d1-9677-a2c0d8021589-140252871579456","trial_id":0,"param_name":"lr","param_value_internal":0.0006535816161258579,"distribution":"{\"name\": \"FloatDistribution\", \"attributes\": {\"step\": null, \"low\": 0.0001, \"high\": 0.1, \"log\": true}}"}
{"op_code":5,"worker_id":"ce853273-ef44-46d1-9677-a2c0d8021589-140252871579456","trial_id":0,"param_name":"dropout","param_value_internal":0.313830806519431,"distribution":"{\"name\": \"FloatDistribution\", \"attributes\": {\"step\": null, \"low\": 0.0, \"high\": 0.5, \"log\": false}}"}
{"op_code":5,"worker_id":"ce853273-ef44-46d1-9677-a2c0d8021589-140252871579456","trial_id":0,"param_name":"layers","param_value_internal":0,"distribution":"{\"name\": \"CategoricalDistribution\", \"attributes\": {\"choices\": [1, 2, 3]}}"}
{"op_code":5,"worker_id":"ce853273-ef44-46d1-9677-a2c0d8021589-140252871579456","trial_id":0,"param_name":"nodes","param_value_internal":2,"distribution":"{\"name\": \"CategoricalDistribution\", \"attributes\": {\"choices\": [16, 32, 64]}}"}
{"op_code":6,"worker_id":"ce853273-ef44-46d1-9677-a2c0d8021589-140252871579456","trial_id":0,"state":1,"values":[0.7098214285714286],"datetime_complete":"2026-03-30T11:43:14.874070"}
{"op_code":4,"worker_id":"ce853273-ef44-46d1-9677-a2c0d8021589-140252871579456","study_id":0,"datetime_start":"2026-03-30T11:43:14.894181"}
{"op_code":5,"worker_id":"ce853273-ef44-46d1-9677-a2c0d8021589-140252871579456","trial_id":1,"param_name":"lr","param_value_internal":0.05544315470707329,"distribution":"{\"name\": \"FloatDistribution\", \"attributes\": {\"step\": null, \"low\": 0.0001, \"high\": 0.1, \"log\": true}}"}
{"op_code":5,"worker_id":"ce853273-ef44-46d1-9677-a2c0d8021589-140252871579456","trial_id":1,"param_name":"dropout","param_value_internal":0.23062748434821556,"distribution":"{\"name\": \"FloatDistribution\", \"attributes\": {\"step\": null, \"low\": 0.0, \"high\": 0.5, \"log\": false}}"}
{"op_code":5,"worker_id":"ce853273-ef44-46d1-9677-a2c0d8021589-140252871579456","trial_id":1,"param_name":"layers","param_value_internal":1,"distribution":"{\"name\": \"CategoricalDistribution\", \"attributes\": {\"choices\": [1, 2, 3]}}"}
{"op_code":5,"worker_id":"ce853273-ef44-46d1-9677-a2c0d8021589-140252871579456","trial_id":1,"param_name":"nodes","param_value_internal":2,"distribution":"{\"name\": \"CategoricalDistribution\", \"attributes\": {\"choices\": [16, 32, 64]}}"}
{"op_code":6,"worker_id":"ce853273-ef44-46d1-9677-a2c0d8021589-140252871579456","trial_id":1,"state":1,"values":[0.7410714285714286],"datetime_complete":"2026-03-30T11:43:15.130944"}
{"op_code":4,"worker_id":"ce853273-ef44-46d1-9677-a2c0d8021589-140252871579456","study_id":0,"datetime_start":"2026-03-30T11:43:15.151239"}
{"op_code":5,"worker_id":"ce853273-ef44-46d1-9677-a2c0d8021589-140252871579456","trial_id":2,"param_name":"lr","param_value_internal":0.0006856144671503424,"distribution":"{\"name\": \"FloatDistribution\", \"attributes\": {\"step\": null, \"low\": 0.0001, \"high\": 0.1, \"log\": true}}"}
{"op_code":5,"worker_id":"ce853273-ef44-46d1-9677-a2c0d8021589-140252871579456","trial_id":2,"param_name":"dropout","param_value_internal":0.011720973144282498,"distribution":"{\"name\": \"FloatDistribution\", \"attributes\": {\"step\": null, \"low\": 0.0, \"high\": 0.5, \"log\": false}}"}
{"op_code":5,"worker_id":"ce853273-ef44-46d1-9677-a2c0d8021589-140252871579456","trial_id":2,"param_name":"layers","param_value_internal":1,"distribution":"{\"name\": \"CategoricalDistribution\", \"attributes\": {\"choices\": [1, 2, 3]}}"}
{"op_code":5,"worker_id":"ce853273-ef44-46d1-9677-a2c0d8021589-140252871579456","trial_id":2,"param_name":"nodes","param_value_internal":1,"distribution":"{\"name\": \"CategoricalDistribution\", \"attributes\": {\"choices\": [16, 32, 64]}}"}
{"op_code":6,"worker_id":"ce853273-ef44-46d1-9677-a2c0d8021589-140252871579456","trial_id":2,"state":1,"values":[0.65625],"datetime_complete":"2026-03-30T11:43:15.394002"}
{"op_code":4,"worker_id":"ce853273-ef44-46d1-9677-a2c0d8021589-140252871579456","study_id":0,"datetime_start":"2026-03-30T11:43:15.414067"}
{"op_code":5,"worker_id":"ce853273-ef44-46d1-9677-a2c0d8021589-140252871579456","trial_id":3,"param_name":"lr","param_value_internal":0.0008424964347229827,"distribution":"{\"name\": \"FloatDistribution\", \"attributes\": {\"step\": null, \"low\": 0.0001, \"high\": 0.1, \"log\": true}}"}
{"op_code":5,"worker_id":"ce853273-ef44-46d1-9677-a2c0d8021589-140252871579456","trial_id":3,"param_name":"dropout","param_value_internal":0.18658873975131945,"distribution":"{\"name\": \"FloatDistribution\", \"attributes\": {\"step\": null, \"low\": 0.0, \"high\": 0.5, \"log\": false}}"}
{"op_code":5,"worker_id":"ce853273-ef44-46d1-9677-a2c0d8021589-140252871579456","trial_id":3,"param_name":"layers","param_value_internal":2,"distribution":"{\"name\": \"CategoricalDistribution\", \"attributes\": {\"choices\": [1, 2, 3]}}"}
{"op_code":5,"worker_id":"ce853273-ef44-46d1-9677-a2c0d8021589-140252871579456","trial_id":3,"param_name":"nodes","param_value_internal":1,"distribution":"{\"name\": \"CategoricalDistribution\", \"attributes\": {\"choices\": [16, 32, 64]}}"}
{"op_code":6,"worker_id":"ce853273-ef44-46d1-9677-a2c0d8021589-140252871579456","trial_id":3,"state":1,"values":[0.6339285714285714],"datetime_complete":"2026-03-30T11:43:15.684410"}
{"op_code":4,"worker_id":"ce853273-ef44-46d1-9677-a2c0d8021589-140252871579456","study_id":0,"datetime_start":"2026-03-30T11:43:15.703851"}
{"op_code":5,"worker_id":"ce853273-ef44-46d1-9677-a2c0d8021589-140252871579456","trial_id":4,"param_name":"lr","param_value_internal":0.024352630044623957,"distribution":"{\"name\": \"FloatDistribution\", \"attributes\": {\"step\": null, \"low\": 0.0001, \"high\": 0.1, \"log\": true}}"}
{"op_code":5,"worker_id":"ce853273-ef44-46d1-9677-a2c0d8021589-140252871579456","trial_id":4,"param_name":"dropout","param_value_internal":0.17968956891475324,"distribution":"{\"name\": \"FloatDistribution\", \"attributes\": {\"step\": null, \"low\": 0.0, \"high\": 0.5, \"log\": false}}"}
{"op_code":5,"worker_id":"ce853273-ef44-46d1-9677-a2c0d8021589-140252871579456","trial_id":4,"param_name":"layers","param_value_internal":1,"distribution":"{\"name\": \"CategoricalDistribution\", \"attributes\": {\"choices\": [1, 2, 3]}}"}
{"op_code":5,"worker_id":"ce853273-ef44-46d1-9677-a2c0d8021589-140252871579456","trial_id":4,"param_name":"nodes","param_value_internal":2,"distribution":"{\"name\": \"CategoricalDistribution\", \"attributes\": {\"choices\": [16, 32, 64]}}"}
{"op_code":6,"worker_id":"ce853273-ef44-46d1-9677-a2c0d8021589-140252871579456","trial_id":4,"state":1,"values":[0.71875],"datetime_complete":"2026-03-30T11:43:15.950441"}
{"op_code":4,"worker_id":"ce853273-ef44-46d1-9677-a2c0d8021589-140252871579456","study_id":0,"datetime_start":"2026-03-30T11:43:15.973059"}
{"op_code":5,"worker_id":"ce853273-ef44-46d1-9677-a2c0d8021589-140252871579456","trial_id":5,"param_name":"lr","param_value_internal":0.0025070370997412298,"distribution":"{\"name\": \"FloatDistribution\", \"attributes\": {\"step\": null, \"low\": 0.0001, \"high\": 0.1, \"log\": true}}"}
{"op_code":5,"worker_id":"ce853273-ef44-46d1-9677-a2c0d8021589-140252871579456","trial_id":5,"param_name":"dropout","param_value_internal":0.23979202347830125,"distribution":"{\"name\": \"FloatDistribution\", \"attributes\": {\"step\": null, \"low\": 0.0, \"high\": 0.5, \"log\": false}}"}
{"op_code":5,"worker_id":"ce853273-ef44-46d1-9677-a2c0d8021589-140252871579456","trial_id":5,"param_name":"layers","param_value_internal":0,"distribution":"{\"name\": \"CategoricalDistribution\", \"attributes\": {\"choices\": [1, 2, 3]}}"}
{"op_code":5,"worker_id":"ce853273-ef44-46d1-9677-a2c0d8021589-140252871579456","trial_id":5,"param_name":"nodes","param_value_internal":1,"distribution":"{\"name\": \"CategoricalDistribution\", \"attributes\": {\"choices\": [16, 32, 64]}}"}
{"op_code":6,"worker_id":"ce853273-ef44-46d1-9677-a2c0d8021589-140252871579456","trial_id":5,"state":1,"values":[0.5133928571428571],"datetime_complete":"2026-03-30T11:43:16.197820"}
{"op_code":4,"worker_id":"ce853273-ef44-46d1-9677-a2c0d8021589-140252871579456","study_id":0,"datetime_start":"2026-03-30T11:43:16.219218"}
{"op_code":5,"worker_id":"ce853273-ef44-46d1-9677-a2c0d8021589-140252871579456","trial_id":6,"param_name":"lr","param_value_internal":0.09268028129654321,"distribution":"{\"name\": \"FloatDistribution\", \"attributes\": {\"step\": null, \"low\": 0.0001, \"high\": 0.1, \"log\": true}}"}
{"op_code":5,"worker_id":"ce853273-ef44-46d1-9677-a2c0d8021589-140252871579456","trial_id":6,"param_name":"dropout","param_value_internal":0.44938457301886514,"distribution":"{\"name\": \"FloatDistribution\", \"attributes\": {\"step\": null, \"low\": 0.0, \"high\": 0.5, \"log\": false}}"}
{"op_code":5,"worker_id":"ce853273-ef44-46d1-9677-a2c0d8021589-140252871579456","trial_id":6,"param_name":"layers","param_value_internal":2,"distribution":"{\"name\": \"CategoricalDistribution\", \"attributes\": {\"choices\": [1, 2, 3]}}"}
{"op_code":5,"worker_id":"ce853273-ef44-46d1-9677-a2c0d8021589-140252871579456","trial_id":6,"param_name":"nodes","param_value_internal":0,"distribution":"{\"name\": \"CategoricalDistribution\", \"attributes\": {\"choices\": [16, 32, 64]}}"}
{"op_code":6,"worker_id":"ce853273-ef44-46d1-9677-a2c0d8021589-140252871579456","trial_id":6,"state":1,"values":[0.7544642857142857],"datetime_complete":"2026-03-30T11:43:16.492355"}
{"op_code":4,"worker_id":"ce853273-ef44-46d1-9677-a2c0d8021589-140252871579456","study_id":0,"datetime_start":"2026-03-30T11:43:16.511281"}
{"op_code":5,"worker_id":"ce853273-ef44-46d1-9677-a2c0d8021589-140252871579456","trial_id":7,"param_name":"lr","param_value_internal":0.0088256273672354,"distribution":"{\"name\": \"FloatDistribution\", \"attributes\": {\"step\": null, \"low\": 0.0001, \"high\": 0.1, \"log\": true}}"}
{"op_code":5,"worker_id":"ce853273-ef44-46d1-9677-a2c0d8021589-140252871579456","trial_id":7,"param_name":"dropout","param_value_internal":0.1428268394421638,"distribution":"{\"name\": \"FloatDistribution\", \"attributes\": {\"step\": null, \"low\": 0.0, \"high\": 0.5, \"log\": false}}"}
{"op_code":5,"worker_id":"ce853273-ef44-46d1-9677-a2c0d8021589-140252871579456","trial_id":7,"param_name":"layers","param_value_internal":0,"distribution":"{\"name\": \"CategoricalDistribution\", \"attributes\": {\"choices\": [1, 2, 3]}}"}
{"op_code":5,"worker_id":"ce853273-ef44-46d1-9677-a2c0d8021589-140252871579456","trial_id":7,"param_name":"nodes","param_value_internal":2,"distribution":"{\"name\": \"CategoricalDistribution\", \"attributes\": {\"choices\": [16, 32, 64]}}"}
{"op_code":6,"worker_id":"ce853273-ef44-46d1-9677-a2c0d8021589-140252871579456","trial_id":7,"state":1,"values":[0.7142857142857143],"datetime_complete":"2026-03-30T11:43:16.725421"}
{"op_code":4,"worker_id":"ce853273-ef44-46d1-9677-a2c0d8021589-140252871579456","study_id":0,"datetime_start":"2026-03-30T11:43:16.741362"}
{"op_code":5,"worker_id":"ce853273-ef44-46d1-9677-a2c0d8021589-140252871579456","trial_id":8,"param_name":"lr","param_value_internal":0.029288777741305467,"distribution":"{\"name\": \"FloatDistribution\", \"attributes\": {\"step\": null, \"low\": 0.0001, \"high\": 0.1, \"log\": true}}"}
{"op_code":5,"worker_id":"ce853273-ef44-46d1-9677-a2c0d8021589-140252871579456","trial_id":8,"param_name":"dropout","param_value_internal":0.08940294930782777,"distribution":"{\"name\": \"FloatDistribution\", \"attributes\": {\"step\": null, \"low\": 0.0, \"high\": 0.5, \"log\": false}}"}
{"op_code":5,"worker_id":"ce853273-ef44-46d1-9677-a2c0d8021589-140252871579456","trial_id":8,"param_name":"layers","param_value_internal":1,"distribution":"{\"name\": \"CategoricalDistribution\", \"attributes\": {\"choices\": [1, 2, 3]}}"}
{"op_code":5,"worker_id":"ce853273-ef44-46d1-9677-a2c0d8021589-140252871579456","trial_id":8,"param_name":"nodes","param_value_internal":2,"distribution":"{\"name\": \"CategoricalDistribution\", \"attributes\": {\"choices\": [16, 32, 64]}}"}
{"op_code":6,"worker_id":"ce853273-ef44-46d1-9677-a2c0d8021589-140252871579456","trial_id":8,"state":1,"values":[0.625],"datetime_complete":"2026-03-30T11:43:16.985016"}
{"op_code":4,"worker_id":"ce853273-ef44-46d1-9677-a2c0d8021589-140252871579456","study_id":0,"datetime_start":"2026-03-30T11:43:17.003459"}
{"op_code":5,"worker_id":"ce853273-ef44-46d1-9677-a2c0d8021589-140252871579456","trial_id":9,"param_name":"lr","param_value_internal":0.06505972748557327,"distribution":"{\"name\": \"FloatDistribution\", \"attributes\": {\"step\": null, \"low\": 0.0001, \"high\": 0.1, \"log\": true}}"}
{"op_code":5,"worker_id":"ce853273-ef44-46d1-9677-a2c0d8021589-140252871579456","trial_id":9,"param_name":"dropout","param_value_internal":0.358734977429519,"distribution":"{\"name\": \"FloatDistribution\", \"attributes\": {\"step\": null, \"low\": 0.0, \"high\": 0.5, \"log\": false}}"}
{"op_code":5,"worker_id":"ce853273-ef44-46d1-9677-a2c0d8021589-140252871579456","trial_id":9,"param_name":"layers","param_value_internal":1,"distribution":"{\"name\": \"CategoricalDistribution\", \"attributes\": {\"choices\": [1, 2, 3]}}"}
{"op_code":5,"worker_id":"ce853273-ef44-46d1-9677-a2c0d8021589-140252871579456","trial_id":9,"param_name":"nodes","param_value_internal":1,"distribution":"{\"name\": \"CategoricalDistribution\", \"attributes\": {\"choices\": [16, 32, 64]}}"}
{"op_code":6,"worker_id":"ce853273-ef44-46d1-9677-a2c0d8021589-140252871579456","trial_id":9,"state":1,"values":[0.7455357142857143],"datetime_complete":"2026-03-30T11:43:17.246051"}
{"op_code":4,"worker_id":"ce853273-ef44-46d1-9677-a2c0d8021589-140252871579456","study_id":0,"datetime_start":"2026-03-30T11:43:17.264987"}
{"op_code":5,"worker_id":"ce853273-ef44-46d1-9677-a2c0d8021589-140252871579456","trial_id":10,"param_name":"lr","param_value_internal":0.00010167692180619262,"distribution":"{\"name\": \"FloatDistribution\", \"attributes\": {\"step\": null, \"low\": 0.0001, \"high\": 0.1, \"log\": true}}"}
{"op_code":5,"worker_id":"ce853273-ef44-46d1-9677-a2c0d8021589-140252871579456","trial_id":10,"param_name":"dropout","param_value_internal":0.4739930903471211,"distribution":"{\"name\": \"FloatDistribution\", \"attributes\": {\"step\": null, \"low\": 0.0, \"high\": 0.5, \"log\": false}}"}
{"op_code":5,"worker_id":"ce853273-ef44-46d1-9677-a2c0d8021589-140252871579456","trial_id":10,"param_name":"layers","param_value_internal":2,"distribution":"{\"name\": \"CategoricalDistribution\", \"attributes\": {\"choices\": [1, 2, 3]}}"}
{"op_code":5,"worker_id":"ce853273-ef44-46d1-9677-a2c0d8021589-140252871579456","trial_id":10,"param_name":"nodes","param_value_internal":0,"distribution":"{\"name\": \"CategoricalDistribution\", \"attributes\": {\"choices\": [16, 32, 64]}}"}
{"op_code":6,"worker_id":"ce853273-ef44-46d1-9677-a2c0d8021589-140252871579456","trial_id":10,"state":1,"values":[0.5803571428571429],"datetime_complete":"2026-03-30T11:43:17.533130"}
{"op_code":4,"worker_id":"ce853273-ef44-46d1-9677-a2c0d8021589-140252871579456","study_id":0,"datetime_start":"2026-03-30T11:43:17.548825"}
{"op_code":5,"worker_id":"ce853273-ef44-46d1-9677-a2c0d8021589-140252871579456","trial_id":11,"param_name":"lr","param_value_internal":0.09718329994159805,"distribution":"{\"name\": \"FloatDistribution\", \"attributes\": {\"step\": null, \"low\": 0.0001, \"high\": 0.1, \"log\": true}}"}
{"op_code":5,"worker_id":"ce853273-ef44-46d1-9677-a2c0d8021589-140252871579456","trial_id":11,"param_name":"dropout","param_value_internal":0.41369735484885994,"distribution":"{\"name\": \"FloatDistribution\", \"attributes\": {\"step\": null, \"low\": 0.0, \"high\": 0.5, \"log\": false}}"}
{"op_code":5,"worker_id":"ce853273-ef44-46d1-9677-a2c0d8021589-140252871579456","trial_id":11,"param_name":"layers","param_value_internal":2,"distribution":"{\"name\": \"CategoricalDistribution\", \"attributes\": {\"choices\": [1, 2, 3]}}"}
{"op_code":5,"worker_id":"ce853273-ef44-46d1-9677-a2c0d8021589-140252871579456","trial_id":11,"param_name":"nodes","param_value_internal":0,"distribution":"{\"name\": \"CategoricalDistribution\", \"attributes\": {\"choices\": [16, 32, 64]}}"}
{"op_code":6,"worker_id":"ce853273-ef44-46d1-9677-a2c0d8021589-140252871579456","trial_id":11,"state":1,"values":[0.6919642857142857],"datetime_complete":"2026-03-30T11:43:17.818862"}
{"op_code":4,"worker_id":"ce853273-ef44-46d1-9677-a2c0d8021589-140252871579456","study_id":0,"datetime_start":"2026-03-30T11:43:17.838658"}
{"op_code":5,"worker_id":"ce853273-ef44-46d1-9677-a2c0d8021589-140252871579456","trial_id":12,"param_name":"lr","param_value_internal":0.01135062609702942,"distribution":"{\"name\": \"FloatDistribution\", \"attributes\": {\"step\": null, \"low\": 0.0001, \"high\": 0.1, \"log\": true}}"}
{"op_code":5,"worker_id":"ce853273-ef44-46d1-9677-a2c0d8021589-140252871579456","trial_id":12,"param_name":"dropout","param_value_internal":0.35070525575042916,"distribution":"{\"name\": \"FloatDistribution\", \"attributes\": {\"step\": null, \"low\": 0.0, \"high\": 0.5, \"log\": false}}"}
{"op_code":5,"worker_id":"ce853273-ef44-46d1-9677-a2c0d8021589-140252871579456","trial_id":12,"param_name":"layers","param_value_internal":2,"distribution":"{\"name\": \"CategoricalDistribution\", \"attributes\": {\"choices\": [1, 2, 3]}}"}
{"op_code":5,"worker_id":"ce853273-ef44-46d1-9677-a2c0d8021589-140252871579456","trial_id":12,"param_name":"nodes","param_value_internal":0,"distribution":"{\"name\": \"CategoricalDistribution\", \"attributes\": {\"choices\": [16, 32, 64]}}"}
{"op_code":6,"worker_id":"ce853273-ef44-46d1-9677-a2c0d8021589-140252871579456","trial_id":12,"state":1,"values":[0.75],"datetime_complete":"2026-03-30T11:43:18.094815"}
{"op_code":4,"worker_id":"ce853273-ef44-46d1-9677-a2c0d8021589-140252871579456","study_id":0,"datetime_start":"2026-03-30T11:43:18.108540"}
{"op_code":5,"worker_id":"ce853273-ef44-46d1-9677-a2c0d8021589-140252871579456","trial_id":13,"param_name":"lr","param_value_internal":0.009225148560486928,"distribution":"{\"name\": \"FloatDistribution\", \"attributes\": {\"step\": null, \"low\": 0.0001, \"high\": 0.1, \"log\": true}}"}
{"op_code":5,"worker_id":"ce853273-ef44-46d1-9677-a2c0d8021589-140252871579456","trial_id":13,"param_name":"dropout","param_value_internal":0.4752705530488553,"distribution":"{\"name\": \"FloatDistribution\", \"attributes\": {\"step\": null, \"low\": 0.0, \"high\": 0.5, \"log\": false}}"}
{"op_code":5,"worker_id":"ce853273-ef44-46d1-9677-a2c0d8021589-140252871579456","trial_id":13,"param_name":"layers","param_value_internal":2,"distribution":"{\"name\": \"CategoricalDistribution\", \"attributes\": {\"choices\": [1, 2, 3]}}"}
{"op_code":5,"worker_id":"ce853273-ef44-46d1-9677-a2c0d8021589-140252871579456","trial_id":13,"param_name":"nodes","param_value_internal":0,"distribution":"{\"name\": \"CategoricalDistribution\", \"attributes\": {\"choices\": [16, 32, 64]}}"}
{"op_code":6,"worker_id":"ce853273-ef44-46d1-9677-a2c0d8021589-140252871579456","trial_id":13,"state":1,"values":[0.7589285714285714],"datetime_complete":"2026-03-30T11:43:18.356212"}
{"op_code":4,"worker_id":"ce853273-ef44-46d1-9677-a2c0d8021589-140252871579456","study_id":0,"datetime_start":"2026-03-30T11:43:18.368841"}
{"op_code":5,"worker_id":"ce853273-ef44-46d1-9677-a2c0d8021589-140252871579456","trial_id":14,"param_name":"lr","param_value_internal":0.003912451741800651,"distribution":"{\"name\": \"FloatDistribution\", \"attributes\": {\"step\": null, \"low\": 0.0001, \"high\": 0.1, \"log\": true}}"}
{"op_code":5,"worker_id":"ce853273-ef44-46d1-9677-a2c0d8021589-140252871579456","trial_id":14,"param_name":"dropout","param_value_internal":0.4937360115581796,"distribution":"{\"name\": \"FloatDistribution\", \"attributes\": {\"step\": null, \"low\": 0.0, \"high\": 0.5, \"log\": false}}"}
{"op_code":5,"worker_id":"ce853273-ef44-46d1-9677-a2c0d8021589-140252871579456","trial_id":14,"param_name":"layers","param_value_internal":2,"distribution":"{\"name\": \"CategoricalDistribution\", \"attributes\": {\"choices\": [1, 2, 3]}}"}
{"op_code":5,"worker_id":"ce853273-ef44-46d1-9677-a2c0d8021589-140252871579456","trial_id":14,"param_name":"nodes","param_value_internal":0,"distribution":"{\"name\": \"CategoricalDistribution\", \"attributes\": {\"choices\": [16, 32, 64]}}"}
{"op_code":6,"worker_id":"ce853273-ef44-46d1-9677-a2c0d8021589-140252871579456","trial_id":14,"state":1,"values":[0.6339285714285714],"datetime_complete":"2026-03-30T11:43:18.617551"}
{"op_code":4,"worker_id":"ce853273-ef44-46d1-9677-a2c0d8021589-140252871579456","study_id":0,"datetime_start":"2026-03-30T11:43:18.629681"}
{"op_code":5,"worker_id":"ce853273-ef44-46d1-9677-a2c0d8021589-140252871579456","trial_id":15,"param_name":"lr","param_value_internal":0.014357414808589314,"distribution":"{\"name\": \"FloatDistribution\", \"attributes\": {\"step\": null, \"low\": 0.0001, \"high\": 0.1, \"log\": true}}"}
{"op_code":5,"worker_id":"ce853273-ef44-46d1-9677-a2c0d8021589-140252871579456","trial_id":15,"param_name":"dropout","param_value_internal":0.4335603530512269,"distribution":"{\"name\": \"FloatDistribution\", \"attributes\": {\"step\": null, \"low\": 0.0, \"high\": 0.5, \"log\": false}}"}
{"op_code":5,"worker_id":"ce853273-ef44-46d1-9677-a2c0d8021589-140252871579456","trial_id":15,"param_name":"layers","param_value_internal":2,"distribution":"{\"name\": \"CategoricalDistribution\", \"attributes\": {\"choices\": [1, 2, 3]}}"}
{"op_code":5,"worker_id":"ce853273-ef44-46d1-9677-a2c0d8021589-140252871579456","trial_id":15,"param_name":"nodes","param_value_internal":0,"distribution":"{\"name\": \"CategoricalDistribution\", \"attributes\": {\"choices\": [16, 32, 64]}}"}
{"op_code":6,"worker_id":"ce853273-ef44-46d1-9677-a2c0d8021589-140252871579456","trial_id":15,"state":1,"values":[0.6205357142857143],"datetime_complete":"2026-03-30T11:43:18.870585"}
{"op_code":4,"worker_id":"ce853273-ef44-46d1-9677-a2c0d8021589-140252871579456","study_id":0,"datetime_start":"2026-03-30T11:43:18.884128"}
{"op_code":5,"worker_id":"ce853273-ef44-46d1-9677-a2c0d8021589-140252871579456","trial_id":16,"param_name":"lr","param_value_internal":0.004588100753516053,"distribution":"{\"name\": \"FloatDistribution\", \"attributes\": {\"step\": null, \"low\": 0.0001, \"high\": 0.1, \"log\": true}}"}
{"op_code":5,"worker_id":"ce853273-ef44-46d1-9677-a2c0d8021589-140252871579456","trial_id":16,"param_name":"dropout","param_value_internal":0.40959081291781996,"distribution":"{\"name\": \"FloatDistribution\", \"attributes\": {\"step\": null, \"low\": 0.0, \"high\": 0.5, \"log\": false}}"}
{"op_code":5,"worker_id":"ce853273-ef44-46d1-9677-a2c0d8021589-140252871579456","trial_id":16,"param_name":"layers","param_value_internal":2,"distribution":"{\"name\": \"CategoricalDistribution\", \"attributes\": {\"choices\": [1, 2, 3]}}"}
{"op_code":5,"worker_id":"ce853273-ef44-46d1-9677-a2c0d8021589-140252871579456","trial_id":16,"param_name":"nodes","param_value_internal":0,"distribution":"{\"name\": \"CategoricalDistribution\", \"attributes\": {\"choices\": [16, 32, 64]}}"}
{"op_code":6,"worker_id":"ce853273-ef44-46d1-9677-a2c0d8021589-140252871579456","trial_id":16,"state":1,"values":[0.5758928571428571],"datetime_complete":"2026-03-30T11:43:19.151843"}
{"op_code":4,"worker_id":"ce853273-ef44-46d1-9677-a2c0d8021589-140252871579456","study_id":0,"datetime_start":"2026-03-30T11:43:19.175816"}
{"op_code":5,"worker_id":"ce853273-ef44-46d1-9677-a2c0d8021589-140252871579456","trial_id":17,"param_name":"lr","param_value_internal":0.0015479937268087726,"distribution":"{\"name\": \"FloatDistribution\", \"attributes\": {\"step\": null, \"low\": 0.0001, \"high\": 0.1, \"log\": true}}"}
{"op_code":5,"worker_id":"ce853273-ef44-46d1-9677-a2c0d8021589-140252871579456","trial_id":17,"param_name":"dropout","param_value_internal":0.30224209804674074,"distribution":"{\"name\": \"FloatDistribution\", \"attributes\": {\"step\": null, \"low\": 0.0, \"high\": 0.5, \"log\": false}}"}
{"op_code":5,"worker_id":"ce853273-ef44-46d1-9677-a2c0d8021589-140252871579456","trial_id":17,"param_name":"layers","param_value_internal":2,"distribution":"{\"name\": \"CategoricalDistribution\", \"attributes\": {\"choices\": [1, 2, 3]}}"}
{"op_code":5,"worker_id":"ce853273-ef44-46d1-9677-a2c0d8021589-140252871579456","trial_id":17,"param_name":"nodes","param_value_internal":0,"distribution":"{\"name\": \"CategoricalDistribution\", \"attributes\": {\"choices\": [16, 32, 64]}}"}
{"op_code":6,"worker_id":"ce853273-ef44-46d1-9677-a2c0d8021589-140252871579456","trial_id":17,"state":1,"values":[0.39285714285714285],"datetime_complete":"2026-03-30T11:43:19.451541"}
{"op_code":4,"worker_id":"ce853273-ef44-46d1-9677-a2c0d8021589-140252871579456","study_id":0,"datetime_start":"2026-03-30T11:43:19.471042"}
{"op_code":5,"worker_id":"ce853273-ef44-46d1-9677-a2c0d8021589-140252871579456","trial_id":18,"param_name":"lr","param_value_internal":0.00021206324022362313,"distribution":"{\"name\": \"FloatDistribution\", \"attributes\": {\"step\": null, \"low\": 0.0001, \"high\": 0.1, \"log\": true}}"}
{"op_code":5,"worker_id":"ce853273-ef44-46d1-9677-a2c0d8021589-140252871579456","trial_id":18,"param_name":"dropout","param_value_internal":0.4441389650808314,"distribution":"{\"name\": \"FloatDistribution\", \"attributes\": {\"step\": null, \"low\": 0.0, \"high\": 0.5, \"log\": false}}"}
{"op_code":5,"worker_id":"ce853273-ef44-46d1-9677-a2c0d8021589-140252871579456","trial_id":18,"param_name":"layers","param_value_internal":2,"distribution":"{\"name\": \"CategoricalDistribution\", \"attributes\": {\"choices\": [1, 2, 3]}}"}
{"op_code":5,"worker_id":"ce853273-ef44-46d1-9677-a2c0d8021589-140252871579456","trial_id":18,"param_name":"nodes","param_value_internal":0,"distribution":"{\"name\": \"CategoricalDistribution\", \"attributes\": {\"choices\": [16, 32, 64]}}"}
{"op_code":6,"worker_id":"ce853273-ef44-46d1-9677-a2c0d8021589-140252871579456","trial_id":18,"state":1,"values":[0.45089285714285715],"datetime_complete":"2026-03-30T11:43:19.738516"}
{"op_code":4,"worker_id":"ce853273-ef44-46d1-9677-a2c0d8021589-140252871579456","study_id":0,"datetime_start":"2026-03-30T11:43:19.757409"}
{"op_code":5,"worker_id":"ce853273-ef44-46d1-9677-a2c0d8021589-140252871579456","trial_id":19,"param_name":"lr","param_value_internal":0.028068717884551186,"distribution":"{\"name\": \"FloatDistribution\", \"attributes\": {\"step\": null, \"low\": 0.0001, \"high\": 0.1, \"log\": true}}"}
{"op_code":5,"worker_id":"ce853273-ef44-46d1-9677-a2c0d8021589-140252871579456","trial_id":19,"param_name":"dropout","param_value_internal":0.37360868046046625,"distribution":"{\"name\": \"FloatDistribution\", \"attributes\": {\"step\": null, \"low\": 0.0, \"high\": 0.5, \"log\": false}}"}
{"op_code":5,"worker_id":"ce853273-ef44-46d1-9677-a2c0d8021589-140252871579456","trial_id":19,"param_name":"layers","param_value_internal":2,"distribution":"{\"name\": \"CategoricalDistribution\", \"attributes\": {\"choices\": [1, 2, 3]}}"}
{"op_code":5,"worker_id":"ce853273-ef44-46d1-9677-a2c0d8021589-140252871579456","trial_id":19,"param_name":"nodes","param_value_internal":0,"distribution":"{\"name\": \"CategoricalDistribution\", \"attributes\": {\"choices\": [16, 32, 64]}}"}
{"op_code":6,"worker_id":"ce853273-ef44-46d1-9677-a2c0d8021589-140252871579456","trial_id":19,"state":1,"values":[0.7544642857142857],"datetime_complete":"2026-03-30T11:43:20.025272"}
{"op_code":0,"worker_id":"0698ff37-fd78-48d7-b5de-f09f067b3e1b-140611610289984","study_name":"deepsurv_tuning","directions":[2]}
{"op_code":4,"worker_id":"0698ff37-fd78-48d7-b5de-f09f067b3e1b-140611610289984","study_id":0,"datetime_start":"2026-03-30T13:34:56.685030"}
{"op_code":5,"worker_id":"0698ff37-fd78-48d7-b5de-f09f067b3e1b-140611610289984","trial_id":20,"param_name":"lr","param_value_internal":0.007979905751205933,"distribution":"{\"name\": \"FloatDistribution\", \"attributes\": {\"step\": null, \"low\": 0.0001, \"high\": 0.1, \"log\": true}}"}
{"op_code":5,"worker_id":"0698ff37-fd78-48d7-b5de-f09f067b3e1b-140611610289984","trial_id":20,"param_name":"dropout","param_value_internal":0.49540663444867566,"distribution":"{\"name\": \"FloatDistribution\", \"attributes\": {\"step\": null, \"low\": 0.0, \"high\": 0.5, \"log\": false}}"}
{"op_code":5,"worker_id":"0698ff37-fd78-48d7-b5de-f09f067b3e1b-140611610289984","trial_id":20,"param_name":"layers","param_value_internal":0,"distribution":"{\"name\": \"CategoricalDistribution\", \"attributes\": {\"choices\": [1, 2, 3]}}"}
{"op_code":5,"worker_id":"0698ff37-fd78-48d7-b5de-f09f067b3e1b-140611610289984","trial_id":20,"param_name":"nodes","param_value_internal":0,"distribution":"{\"name\": \"CategoricalDistribution\", \"attributes\": {\"choices\": [16, 32, 64]}}"}
{"op_code":6,"worker_id":"0698ff37-fd78-48d7-b5de-f09f067b3e1b-140611610289984","trial_id":20,"state":1,"values":[0.6919642857142857],"datetime_complete":"2026-03-30T13:34:56.869752"}
{"op_code":4,"worker_id":"0698ff37-fd78-48d7-b5de-f09f067b3e1b-140611610289984","study_id":0,"datetime_start":"2026-03-30T13:34:56.883141"}
{"op_code":5,"worker_id":"0698ff37-fd78-48d7-b5de-f09f067b3e1b-140611610289984","trial_id":21,"param_name":"lr","param_value_internal":0.02386516992884533,"distribution":"{\"name\": \"FloatDistribution\", \"attributes\": {\"step\": null, \"low\": 0.0001, \"high\": 0.1, \"log\": true}}"}
{"op_code":5,"worker_id":"0698ff37-fd78-48d7-b5de-f09f067b3e1b-140611610289984","trial_id":21,"param_name":"dropout","param_value_internal":0.3868328882648078,"distribution":"{\"name\": \"FloatDistribution\", \"attributes\": {\"step\": null, \"low\": 0.0, \"high\": 0.5, \"log\": false}}"}
{"op_code":5,"worker_id":"0698ff37-fd78-48d7-b5de-f09f067b3e1b-140611610289984","trial_id":21,"param_name":"layers","param_value_internal":2,"distribution":"{\"name\": \"CategoricalDistribution\", \"attributes\": {\"choices\": [1, 2, 3]}}"}
{"op_code":5,"worker_id":"0698ff37-fd78-48d7-b5de-f09f067b3e1b-140611610289984","trial_id":21,"param_name":"nodes","param_value_internal":0,"distribution":"{\"name\": \"CategoricalDistribution\", \"attributes\": {\"choices\": [16, 32, 64]}}"}
{"op_code":6,"worker_id":"0698ff37-fd78-48d7-b5de-f09f067b3e1b-140611610289984","trial_id":21,"state":1,"values":[0.7008928571428571],"datetime_complete":"2026-03-30T13:34:57.181935"}
{"op_code":4,"worker_id":"0698ff37-fd78-48d7-b5de-f09f067b3e1b-140611610289984","study_id":0,"datetime_start":"2026-03-30T13:34:57.196557"}
{"op_code":5,"worker_id":"0698ff37-fd78-48d7-b5de-f09f067b3e1b-140611610289984","trial_id":22,"param_name":"lr","param_value_internal":0.04281958907027869,"distribution":"{\"name\": \"FloatDistribution\", \"attributes\": {\"step\": null, \"low\": 0.0001, \"high\": 0.1, \"log\": true}}"}
{"op_code":5,"worker_id":"0698ff37-fd78-48d7-b5de-f09f067b3e1b-140611610289984","trial_id":22,"param_name":"dropout","param_value_internal":0.29678113298087183,"distribution":"{\"name\": \"FloatDistribution\", \"attributes\": {\"step\": null, \"low\": 0.0, \"high\": 0.5, \"log\": false}}"}
{"op_code":5,"worker_id":"0698ff37-fd78-48d7-b5de-f09f067b3e1b-140611610289984","trial_id":22,"param_name":"layers","param_value_internal":2,"distribution":"{\"name\": \"CategoricalDistribution\", \"attributes\": {\"choices\": [1, 2, 3]}}"}
{"op_code":5,"worker_id":"0698ff37-fd78-48d7-b5de-f09f067b3e1b-140611610289984","trial_id":22,"param_name":"nodes","param_value_internal":0,"distribution":"{\"name\": \"CategoricalDistribution\", \"attributes\": {\"choices\": [16, 32, 64]}}"}
{"op_code":6,"worker_id":"0698ff37-fd78-48d7-b5de-f09f067b3e1b-140611610289984","trial_id":22,"state":1,"values":[0.7633928571428571],"datetime_complete":"2026-03-30T13:34:57.511023"}
{"op_code":4,"worker_id":"0698ff37-fd78-48d7-b5de-f09f067b3e1b-140611610289984","study_id":0,"datetime_start":"2026-03-30T13:34:57.526801"}
{"op_code":5,"worker_id":"0698ff37-fd78-48d7-b5de-f09f067b3e1b-140611610289984","trial_id":23,"param_name":"lr","param_value_internal":0.05481682248655233,"distribution":"{\"name\": \"FloatDistribution\", \"attributes\": {\"step\": null, \"low\": 0.0001, \"high\": 0.1, \"log\": true}}"}
{"op_code":5,"worker_id":"0698ff37-fd78-48d7-b5de-f09f067b3e1b-140611610289984","trial_id":23,"param_name":"dropout","param_value_internal":0.27033351810276407,"distribution":"{\"name\": \"FloatDistribution\", \"attributes\": {\"step\": null, \"low\": 0.0, \"high\": 0.5, \"log\": false}}"}
{"op_code":5,"worker_id":"0698ff37-fd78-48d7-b5de-f09f067b3e1b-140611610289984","trial_id":23,"param_name":"layers","param_value_internal":2,"distribution":"{\"name\": \"CategoricalDistribution\", \"attributes\": {\"choices\": [1, 2, 3]}}"}
{"op_code":5,"worker_id":"0698ff37-fd78-48d7-b5de-f09f067b3e1b-140611610289984","trial_id":23,"param_name":"nodes","param_value_internal":0,"distribution":"{\"name\": \"CategoricalDistribution\", \"attributes\": {\"choices\": [16, 32, 64]}}"}
{"op_code":6,"worker_id":"0698ff37-fd78-48d7-b5de-f09f067b3e1b-140611610289984","trial_id":23,"state":1,"values":[0.7633928571428571],"datetime_complete":"2026-03-30T13:34:57.842537"}
{"op_code":4,"worker_id":"0698ff37-fd78-48d7-b5de-f09f067b3e1b-140611610289984","study_id":0,"datetime_start":"2026-03-30T13:34:57.857317"}
{"op_code":5,"worker_id":"0698ff37-fd78-48d7-b5de-f09f067b3e1b-140611610289984","trial_id":24,"param_name":"lr","param_value_internal":0.049009567165260594,"distribution":"{\"name\": \"FloatDistribution\", \"attributes\": {\"step\": null, \"low\": 0.0001, \"high\": 0.1, \"log\": true}}"}
{"op_code":5,"worker_id":"0698ff37-fd78-48d7-b5de-f09f067b3e1b-140611610289984","trial_id":24,"param_name":"dropout","param_value_internal":0.3003708020910689,"distribution":"{\"name\": \"FloatDistribution\", \"attributes\": {\"step\": null, \"low\": 0.0, \"high\": 0.5, \"log\": false}}"}
{"op_code":5,"worker_id":"0698ff37-fd78-48d7-b5de-f09f067b3e1b-140611610289984","trial_id":24,"param_name":"layers","param_value_internal":2,"distribution":"{\"name\": \"CategoricalDistribution\", \"attributes\": {\"choices\": [1, 2, 3]}}"}
{"op_code":5,"worker_id":"0698ff37-fd78-48d7-b5de-f09f067b3e1b-140611610289984","trial_id":24,"param_name":"nodes","param_value_internal":0,"distribution":"{\"name\": \"CategoricalDistribution\", \"attributes\": {\"choices\": [16, 32, 64]}}"}
{"op_code":6,"worker_id":"0698ff37-fd78-48d7-b5de-f09f067b3e1b-140611610289984","trial_id":24,"state":1,"values":[0.7276785714285714],"datetime_complete":"2026-03-30T13:34:58.173339"}
{"op_code":4,"worker_id":"0698ff37-fd78-48d7-b5de-f09f067b3e1b-140611610289984","study_id":0,"datetime_start":"2026-03-30T13:34:58.189740"}
{"op_code":5,"worker_id":"0698ff37-fd78-48d7-b5de-f09f067b3e1b-140611610289984","trial_id":25,"param_name":"lr","param_value_internal":0.043662194752167205,"distribution":"{\"name\": \"FloatDistribution\", \"attributes\": {\"step\": null, \"low\": 0.0001, \"high\": 0.1, \"log\": true}}"}
{"op_code":5,"worker_id":"0698ff37-fd78-48d7-b5de-f09f067b3e1b-140611610289984","trial_id":25,"param_name":"dropout","param_value_internal":0.26805083583093603,"distribution":"{\"name\": \"FloatDistribution\", \"attributes\": {\"step\": null, \"low\": 0.0, \"high\": 0.5, \"log\": false}}"}
{"op_code":5,"worker_id":"0698ff37-fd78-48d7-b5de-f09f067b3e1b-140611610289984","trial_id":25,"param_name":"layers","param_value_internal":2,"distribution":"{\"name\": \"CategoricalDistribution\", \"attributes\": {\"choices\": [1, 2, 3]}}"}
{"op_code":5,"worker_id":"0698ff37-fd78-48d7-b5de-f09f067b3e1b-140611610289984","trial_id":25,"param_name":"nodes","param_value_internal":0,"distribution":"{\"name\": \"CategoricalDistribution\", \"attributes\": {\"choices\": [16, 32, 64]}}"}
{"op_code":6,"worker_id":"0698ff37-fd78-48d7-b5de-f09f067b3e1b-140611610289984","trial_id":25,"state":1,"values":[0.7276785714285714],"datetime_complete":"2026-03-30T13:34:58.512718"}
{"op_code":4,"worker_id":"0698ff37-fd78-48d7-b5de-f09f067b3e1b-140611610289984","study_id":0,"datetime_start":"2026-03-30T13:34:58.524820"}
{"op_code":5,"worker_id":"0698ff37-fd78-48d7-b5de-f09f067b3e1b-140611610289984","trial_id":26,"param_name":"lr","param_value_internal":0.01329933181152359,"distribution":"{\"name\": \"FloatDistribution\", \"attributes\": {\"step\": null, \"low\": 0.0001, \"high\": 0.1, \"log\": true}}"}
{"op_code":5,"worker_id":"0698ff37-fd78-48d7-b5de-f09f067b3e1b-140611610289984","trial_id":26,"param_name":"dropout","param_value_internal":0.10949487236890157,"distribution":"{\"name\": \"FloatDistribution\", \"attributes\": {\"step\": null, \"low\": 0.0, \"high\": 0.5, \"log\": false}}"}
{"op_code":5,"worker_id":"0698ff37-fd78-48d7-b5de-f09f067b3e1b-140611610289984","trial_id":26,"param_name":"layers","param_value_internal":2,"distribution":"{\"name\": \"CategoricalDistribution\", \"attributes\": {\"choices\": [1, 2, 3]}}"}
{"op_code":5,"worker_id":"0698ff37-fd78-48d7-b5de-f09f067b3e1b-140611610289984","trial_id":26,"param_name":"nodes","param_value_internal":0,"distribution":"{\"name\": \"CategoricalDistribution\", \"attributes\": {\"choices\": [16, 32, 64]}}"}
{"op_code":6,"worker_id":"0698ff37-fd78-48d7-b5de-f09f067b3e1b-140611610289984","trial_id":26,"state":1,"values":[0.6875],"datetime_complete":"2026-03-30T13:34:58.837292"}
{"op_code":4,"worker_id":"0698ff37-fd78-48d7-b5de-f09f067b3e1b-140611610289984","study_id":0,"datetime_start":"2026-03-30T13:34:58.852092"}
{"op_code":5,"worker_id":"0698ff37-fd78-48d7-b5de-f09f067b3e1b-140611610289984","trial_id":27,"param_name":"lr","param_value_internal":0.006507892369959154,"distribution":"{\"name\": \"FloatDistribution\", \"attributes\": {\"step\": null, \"low\": 0.0001, \"high\": 0.1, \"log\": true}}"}
{"op_code":5,"worker_id":"0698ff37-fd78-48d7-b5de-f09f067b3e1b-140611610289984","trial_id":27,"param_name":"dropout","param_value_internal":0.20182668463993775,"distribution":"{\"name\": \"FloatDistribution\", \"attributes\": {\"step\": null, \"low\": 0.0, \"high\": 0.5, \"log\": false}}"}
{"op_code":5,"worker_id":"0698ff37-fd78-48d7-b5de-f09f067b3e1b-140611610289984","trial_id":27,"param_name":"layers","param_value_internal":2,"distribution":"{\"name\": \"CategoricalDistribution\", \"attributes\": {\"choices\": [1, 2, 3]}}"}
{"op_code":5,"worker_id":"0698ff37-fd78-48d7-b5de-f09f067b3e1b-140611610289984","trial_id":27,"param_name":"nodes","param_value_internal":0,"distribution":"{\"name\": \"CategoricalDistribution\", \"attributes\": {\"choices\": [16, 32, 64]}}"}
{"op_code":6,"worker_id":"0698ff37-fd78-48d7-b5de-f09f067b3e1b-140611610289984","trial_id":27,"state":1,"values":[0.7008928571428571],"datetime_complete":"2026-03-30T13:34:59.164366"}
{"op_code":4,"worker_id":"0698ff37-fd78-48d7-b5de-f09f067b3e1b-140611610289984","study_id":0,"datetime_start":"2026-03-30T13:34:59.177691"}
{"op_code":5,"worker_id":"0698ff37-fd78-48d7-b5de-f09f067b3e1b-140611610289984","trial_id":28,"param_name":"lr","param_value_internal":0.016763661391524545,"distribution":"{\"name\": \"FloatDistribution\", \"attributes\": {\"step\": null, \"low\": 0.0001, \"high\": 0.1, \"log\": true}}"}
{"op_code":5,"worker_id":"0698ff37-fd78-48d7-b5de-f09f067b3e1b-140611610289984","trial_id":28,"param_name":"dropout","param_value_internal":0.2785748301646088,"distribution":"{\"name\": \"FloatDistribution\", \"attributes\": {\"step\": null, \"low\": 0.0, \"high\": 0.5, \"log\": false}}"}
{"op_code":5,"worker_id":"0698ff37-fd78-48d7-b5de-f09f067b3e1b-140611610289984","trial_id":28,"param_name":"layers","param_value_internal":2,"distribution":"{\"name\": \"CategoricalDistribution\", \"attributes\": {\"choices\": [1, 2, 3]}}"}
{"op_code":5,"worker_id":"0698ff37-fd78-48d7-b5de-f09f067b3e1b-140611610289984","trial_id":28,"param_name":"nodes","param_value_internal":1,"distribution":"{\"name\": \"CategoricalDistribution\", \"attributes\": {\"choices\": [16, 32, 64]}}"}
{"op_code":6,"worker_id":"0698ff37-fd78-48d7-b5de-f09f067b3e1b-140611610289984","trial_id":28,"state":1,"values":[0.7366071428571429],"datetime_complete":"2026-03-30T13:34:59.478371"}
{"op_code":4,"worker_id":"0698ff37-fd78-48d7-b5de-f09f067b3e1b-140611610289984","study_id":0,"datetime_start":"2026-03-30T13:34:59.493604"}
{"op_code":5,"worker_id":"0698ff37-fd78-48d7-b5de-f09f067b3e1b-140611610289984","trial_id":29,"param_name":"lr","param_value_internal":0.0019035317652820092,"distribution":"{\"name\": \"FloatDistribution\", \"attributes\": {\"step\": null, \"low\": 0.0001, \"high\": 0.1, \"log\": true}}"}
{"op_code":5,"worker_id":"0698ff37-fd78-48d7-b5de-f09f067b3e1b-140611610289984","trial_id":29,"param_name":"dropout","param_value_internal":0.32995136271300957,"distribution":"{\"name\": \"FloatDistribution\", \"attributes\": {\"step\": null, \"low\": 0.0, \"high\": 0.5, \"log\": false}}"}
{"op_code":5,"worker_id":"0698ff37-fd78-48d7-b5de-f09f067b3e1b-140611610289984","trial_id":29,"param_name":"layers","param_value_internal":0,"distribution":"{\"name\": \"CategoricalDistribution\", \"attributes\": {\"choices\": [1, 2, 3]}}"}
{"op_code":5,"worker_id":"0698ff37-fd78-48d7-b5de-f09f067b3e1b-140611610289984","trial_id":29,"param_name":"nodes","param_value_internal":0,"distribution":"{\"name\": \"CategoricalDistribution\", \"attributes\": {\"choices\": [16, 32, 64]}}"}
{"op_code":6,"worker_id":"0698ff37-fd78-48d7-b5de-f09f067b3e1b-140611610289984","trial_id":29,"state":1,"values":[0.6294642857142857],"datetime_complete":"2026-03-30T13:34:59.754313"}
{"op_code":4,"worker_id":"0698ff37-fd78-48d7-b5de-f09f067b3e1b-140611610289984","study_id":0,"datetime_start":"2026-03-30T13:34:59.769099"}
{"op_code":5,"worker_id":"0698ff37-fd78-48d7-b5de-f09f067b3e1b-140611610289984","trial_id":30,"param_name":"lr","param_value_internal":0.03423496472781777,"distribution":"{\"name\": \"FloatDistribution\", \"attributes\": {\"step\": null, \"low\": 0.0001, \"high\": 0.1, \"log\": true}}"}
{"op_code":5,"worker_id":"0698ff37-fd78-48d7-b5de-f09f067b3e1b-140611610289984","trial_id":30,"param_name":"dropout","param_value_internal":0.018134005431211242,"distribution":"{\"name\": \"FloatDistribution\", \"attributes\": {\"step\": null, \"low\": 0.0, \"high\": 0.5, \"log\": false}}"}
{"op_code":5,"worker_id":"0698ff37-fd78-48d7-b5de-f09f067b3e1b-140611610289984","trial_id":30,"param_name":"layers","param_value_internal":0,"distribution":"{\"name\": \"CategoricalDistribution\", \"attributes\": {\"choices\": [1, 2, 3]}}"}
{"op_code":5,"worker_id":"0698ff37-fd78-48d7-b5de-f09f067b3e1b-140611610289984","trial_id":30,"param_name":"nodes","param_value_internal":2,"distribution":"{\"name\": \"CategoricalDistribution\", \"attributes\": {\"choices\": [16, 32, 64]}}"}
{"op_code":6,"worker_id":"0698ff37-fd78-48d7-b5de-f09f067b3e1b-140611610289984","trial_id":30,"state":1,"values":[0.6919642857142857],"datetime_complete":"2026-03-30T13:35:00.019998"}
{"op_code":4,"worker_id":"0698ff37-fd78-48d7-b5de-f09f067b3e1b-140611610289984","study_id":0,"datetime_start":"2026-03-30T13:35:00.034983"}
{"op_code":5,"worker_id":"0698ff37-fd78-48d7-b5de-f09f067b3e1b-140611610289984","trial_id":31,"param_name":"lr","param_value_internal":0.09796725233674605,"distribution":"{\"name\": \"FloatDistribution\", \"attributes\": {\"step\": null, \"low\": 0.0001, \"high\": 0.1, \"log\": true}}"}
{"op_code":5,"worker_id":"0698ff37-fd78-48d7-b5de-f09f067b3e1b-140611610289984","trial_id":31,"param_name":"dropout","param_value_internal":0.453177117431587,"distribution":"{\"name\": \"FloatDistribution\", \"attributes\": {\"step\": null, \"low\": 0.0, \"high\": 0.5, \"log\": false}}"}
{"op_code":5,"worker_id":"0698ff37-fd78-48d7-b5de-f09f067b3e1b-140611610289984","trial_id":31,"param_name":"layers","param_value_internal":2,"distribution":"{\"name\": \"CategoricalDistribution\", \"attributes\": {\"choices\": [1, 2, 3]}}"}
{"op_code":5,"worker_id":"0698ff37-fd78-48d7-b5de-f09f067b3e1b-140611610289984","trial_id":31,"param_name":"nodes","param_value_internal":0,"distribution":"{\"name\": \"CategoricalDistribution\", \"attributes\": {\"choices\": [16, 32, 64]}}"}
{"op_code":6,"worker_id":"0698ff37-fd78-48d7-b5de-f09f067b3e1b-140611610289984","trial_id":31,"state":1,"values":[0.7276785714285714],"datetime_complete":"2026-03-30T13:35:00.350304"}
{"op_code":4,"worker_id":"0698ff37-fd78-48d7-b5de-f09f067b3e1b-140611610289984","study_id":0,"datetime_start":"2026-03-30T13:35:00.364531"}
{"op_code":5,"worker_id":"0698ff37-fd78-48d7-b5de-f09f067b3e1b-140611610289984","trial_id":32,"param_name":"lr","param_value_internal":0.06833772341216578,"distribution":"{\"name\": \"FloatDistribution\", \"attributes\": {\"step\": null, \"low\": 0.0001, \"high\": 0.1, \"log\": true}}"}
{"op_code":5,"worker_id":"0698ff37-fd78-48d7-b5de-f09f067b3e1b-140611610289984","trial_id":32,"param_name":"dropout","param_value_internal":0.330442457720138,"distribution":"{\"name\": \"FloatDistribution\", \"attributes\": {\"step\": null, \"low\": 0.0, \"high\": 0.5, \"log\": false}}"}
{"op_code":5,"worker_id":"0698ff37-fd78-48d7-b5de-f09f067b3e1b-140611610289984","trial_id":32,"param_name":"layers","param_value_internal":2,"distribution":"{\"name\": \"CategoricalDistribution\", \"attributes\": {\"choices\": [1, 2, 3]}}"}
{"op_code":5,"worker_id":"0698ff37-fd78-48d7-b5de-f09f067b3e1b-140611610289984","trial_id":32,"param_name":"nodes","param_value_internal":0,"distribution":"{\"name\": \"CategoricalDistribution\", \"attributes\": {\"choices\": [16, 32, 64]}}"}
{"op_code":6,"worker_id":"0698ff37-fd78-48d7-b5de-f09f067b3e1b-140611610289984","trial_id":32,"state":1,"values":[0.7455357142857143],"datetime_complete":"2026-03-30T13:35:00.676507"}
{"op_code":4,"worker_id":"0698ff37-fd78-48d7-b5de-f09f067b3e1b-140611610289984","study_id":0,"datetime_start":"2026-03-30T13:35:00.694556"}
{"op_code":5,"worker_id":"0698ff37-fd78-48d7-b5de-f09f067b3e1b-140611610289984","trial_id":33,"param_name":"lr","param_value_internal":0.07027284765047676,"distribution":"{\"name\": \"FloatDistribution\", \"attributes\": {\"step\": null, \"low\": 0.0001, \"high\": 0.1, \"log\": true}}"}
{"op_code":5,"worker_id":"0698ff37-fd78-48d7-b5de-f09f067b3e1b-140611610289984","trial_id":33,"param_name":"dropout","param_value_internal":0.3917131944622478,"distribution":"{\"name\": \"FloatDistribution\", \"attributes\": {\"step\": null, \"low\": 0.0, \"high\": 0.5, \"log\": false}}"}
{"op_code":5,"worker_id":"0698ff37-fd78-48d7-b5de-f09f067b3e1b-140611610289984","trial_id":33,"param_name":"layers","param_value_internal":2,"distribution":"{\"name\": \"CategoricalDistribution\", \"attributes\": {\"choices\": [1, 2, 3]}}"}
{"op_code":5,"worker_id":"0698ff37-fd78-48d7-b5de-f09f067b3e1b-140611610289984","trial_id":33,"param_name":"nodes","param_value_internal":0,"distribution":"{\"name\": \"CategoricalDistribution\", \"attributes\": {\"choices\": [16, 32, 64]}}"}
{"op_code":6,"worker_id":"0698ff37-fd78-48d7-b5de-f09f067b3e1b-140611610289984","trial_id":33,"state":1,"values":[0.7544642857142857],"datetime_complete":"2026-03-30T13:35:01.003340"}
{"op_code":4,"worker_id":"0698ff37-fd78-48d7-b5de-f09f067b3e1b-140611610289984","study_id":0,"datetime_start":"2026-03-30T13:35:01.017554"}
{"op_code":5,"worker_id":"0698ff37-fd78-48d7-b5de-f09f067b3e1b-140611610289984","trial_id":34,"param_name":"lr","param_value_internal":0.049020212218585366,"distribution":"{\"name\": \"FloatDistribution\", \"attributes\": {\"step\": null, \"low\": 0.0001, \"high\": 0.1, \"log\": true}}"}
{"op_code":5,"worker_id":"0698ff37-fd78-48d7-b5de-f09f067b3e1b-140611610289984","trial_id":34,"param_name":"dropout","param_value_internal":0.22127960987778217,"distribution":"{\"name\": \"FloatDistribution\", \"attributes\": {\"step\": null, \"low\": 0.0, \"high\": 0.5, \"log\": false}}"}
{"op_code":5,"worker_id":"0698ff37-fd78-48d7-b5de-f09f067b3e1b-140611610289984","trial_id":34,"param_name":"layers","param_value_internal":2,"distribution":"{\"name\": \"CategoricalDistribution\", \"attributes\": {\"choices\": [1, 2, 3]}}"}
{"op_code":5,"worker_id":"0698ff37-fd78-48d7-b5de-f09f067b3e1b-140611610289984","trial_id":34,"param_name":"nodes","param_value_internal":0,"distribution":"{\"name\": \"CategoricalDistribution\", \"attributes\": {\"choices\": [16, 32, 64]}}"}
{"op_code":6,"worker_id":"0698ff37-fd78-48d7-b5de-f09f067b3e1b-140611610289984","trial_id":34,"state":1,"values":[0.7232142857142857],"datetime_complete":"2026-03-30T13:35:01.328508"}
{"op_code":4,"worker_id":"0698ff37-fd78-48d7-b5de-f09f067b3e1b-140611610289984","study_id":0,"datetime_start":"2026-03-30T13:35:01.343798"}
{"op_code":5,"worker_id":"0698ff37-fd78-48d7-b5de-f09f067b3e1b-140611610289984","trial_id":35,"param_name":"lr","param_value_internal":0.020288653898573906,"distribution":"{\"name\": \"FloatDistribution\", \"attributes\": {\"step\": null, \"low\": 0.0001, \"high\": 0.1, \"log\": true}}"}
{"op_code":5,"worker_id":"0698ff37-fd78-48d7-b5de-f09f067b3e1b-140611610289984","trial_id":35,"param_name":"dropout","param_value_internal":0.2682253071441765,"distribution":"{\"name\": \"FloatDistribution\", \"attributes\": {\"step\": null, \"low\": 0.0, \"high\": 0.5, \"log\": false}}"}
{"op_code":5,"worker_id":"0698ff37-fd78-48d7-b5de-f09f067b3e1b-140611610289984","trial_id":35,"param_name":"layers","param_value_internal":1,"distribution":"{\"name\": \"CategoricalDistribution\", \"attributes\": {\"choices\": [1, 2, 3]}}"}
{"op_code":5,"worker_id":"0698ff37-fd78-48d7-b5de-f09f067b3e1b-140611610289984","trial_id":35,"param_name":"nodes","param_value_internal":1,"distribution":"{\"name\": \"CategoricalDistribution\", \"attributes\": {\"choices\": [16, 32, 64]}}"}
{"op_code":6,"worker_id":"0698ff37-fd78-48d7-b5de-f09f067b3e1b-140611610289984","trial_id":35,"state":1,"values":[0.71875],"datetime_complete":"2026-03-30T13:35:01.637394"}
{"op_code":4,"worker_id":"0698ff37-fd78-48d7-b5de-f09f067b3e1b-140611610289984","study_id":0,"datetime_start":"2026-03-30T13:35:01.653822"}
{"op_code":5,"worker_id":"0698ff37-fd78-48d7-b5de-f09f067b3e1b-140611610289984","trial_id":36,"param_name":"lr","param_value_internal":0.03652631861575369,"distribution":"{\"name\": \"FloatDistribution\", \"attributes\": {\"step\": null, \"low\": 0.0001, \"high\": 0.1, \"log\": true}}"}
{"op_code":5,"worker_id":"0698ff37-fd78-48d7-b5de-f09f067b3e1b-140611610289984","trial_id":36,"param_name":"dropout","param_value_internal":0.15977010026788352,"distribution":"{\"name\": \"FloatDistribution\", \"attributes\": {\"step\": null, \"low\": 0.0, \"high\": 0.5, \"log\": false}}"}
{"op_code":5,"worker_id":"0698ff37-fd78-48d7-b5de-f09f067b3e1b-140611610289984","trial_id":36,"param_name":"layers","param_value_internal":2,"distribution":"{\"name\": \"CategoricalDistribution\", \"attributes\": {\"choices\": [1, 2, 3]}}"}
{"op_code":5,"worker_id":"0698ff37-fd78-48d7-b5de-f09f067b3e1b-140611610289984","trial_id":36,"param_name":"nodes","param_value_internal":2,"distribution":"{\"name\": \"CategoricalDistribution\", \"attributes\": {\"choices\": [16, 32, 64]}}"}
{"op_code":6,"worker_id":"0698ff37-fd78-48d7-b5de-f09f067b3e1b-140611610289984","trial_id":36,"state":1,"values":[0.7410714285714286],"datetime_complete":"2026-03-30T13:35:01.966951"}
{"op_code":4,"worker_id":"0698ff37-fd78-48d7-b5de-f09f067b3e1b-140611610289984","study_id":0,"datetime_start":"2026-03-30T13:35:01.981206"}
{"op_code":5,"worker_id":"0698ff37-fd78-48d7-b5de-f09f067b3e1b-140611610289984","trial_id":37,"param_name":"lr","param_value_internal":0.08050021679828856,"distribution":"{\"name\": \"FloatDistribution\", \"attributes\": {\"step\": null, \"low\": 0.0001, \"high\": 0.1, \"log\": true}}"}
{"op_code":5,"worker_id":"0698ff37-fd78-48d7-b5de-f09f067b3e1b-140611610289984","trial_id":37,"param_name":"dropout","param_value_internal":0.4683999632308194,"distribution":"{\"name\": \"FloatDistribution\", \"attributes\": {\"step\": null, \"low\": 0.0, \"high\": 0.5, \"log\": false}}"}
{"op_code":5,"worker_id":"0698ff37-fd78-48d7-b5de-f09f067b3e1b-140611610289984","trial_id":37,"param_name":"layers","param_value_internal":1,"distribution":"{\"name\": \"CategoricalDistribution\", \"attributes\": {\"choices\": [1, 2, 3]}}"}
{"op_code":5,"worker_id":"0698ff37-fd78-48d7-b5de-f09f067b3e1b-140611610289984","trial_id":37,"param_name":"nodes","param_value_internal":0,"distribution":"{\"name\": \"CategoricalDistribution\", \"attributes\": {\"choices\": [16, 32, 64]}}"}
{"op_code":6,"worker_id":"0698ff37-fd78-48d7-b5de-f09f067b3e1b-140611610289984","trial_id":37,"state":1,"values":[0.7723214285714286],"datetime_complete":"2026-03-30T13:35:02.267933"}
{"op_code":4,"worker_id":"0698ff37-fd78-48d7-b5de-f09f067b3e1b-140611610289984","study_id":0,"datetime_start":"2026-03-30T13:35:02.283869"}
{"op_code":5,"worker_id":"0698ff37-fd78-48d7-b5de-f09f067b3e1b-140611610289984","trial_id":38,"param_name":"lr","param_value_internal":0.0004675570763954793,"distribution":"{\"name\": \"FloatDistribution\", \"attributes\": {\"step\": null, \"low\": 0.0001, \"high\": 0.1, \"log\": true}}"}
{"op_code":5,"worker_id":"0698ff37-fd78-48d7-b5de-f09f067b3e1b-140611610289984","trial_id":38,"param_name":"dropout","param_value_internal":0.23054160767131443,"distribution":"{\"name\": \"FloatDistribution\", \"attributes\": {\"step\": null, \"low\": 0.0, \"high\": 0.5, \"log\": false}}"}
{"op_code":5,"worker_id":"0698ff37-fd78-48d7-b5de-f09f067b3e1b-140611610289984","trial_id":38,"param_name":"layers","param_value_internal":1,"distribution":"{\"name\": \"CategoricalDistribution\", \"attributes\": {\"choices\": [1, 2, 3]}}"}
{"op_code":5,"worker_id":"0698ff37-fd78-48d7-b5de-f09f067b3e1b-140611610289984","trial_id":38,"param_name":"nodes","param_value_internal":0,"distribution":"{\"name\": \"CategoricalDistribution\", \"attributes\": {\"choices\": [16, 32, 64]}}"}
{"op_code":6,"worker_id":"0698ff37-fd78-48d7-b5de-f09f067b3e1b-140611610289984","trial_id":38,"state":1,"values":[0.6651785714285714],"datetime_complete":"2026-03-30T13:35:02.570595"}
{"op_code":4,"worker_id":"0698ff37-fd78-48d7-b5de-f09f067b3e1b-140611610289984","study_id":0,"datetime_start":"2026-03-30T13:35:02.586697"}
{"op_code":5,"worker_id":"0698ff37-fd78-48d7-b5de-f09f067b3e1b-140611610289984","trial_id":39,"param_name":"lr","param_value_internal":0.01939868356702921,"distribution":"{\"name\": \"FloatDistribution\", \"attributes\": {\"step\": null, \"low\": 0.0001, \"high\": 0.1, \"log\": true}}"}
{"op_code":5,"worker_id":"0698ff37-fd78-48d7-b5de-f09f067b3e1b-140611610289984","trial_id":39,"param_name":"dropout","param_value_internal":0.46629678957586496,"distribution":"{\"name\": \"FloatDistribution\", \"attributes\": {\"step\": null, \"low\": 0.0, \"high\": 0.5, \"log\": false}}"}
{"op_code":5,"worker_id":"0698ff37-fd78-48d7-b5de-f09f067b3e1b-140611610289984","trial_id":39,"param_name":"layers","param_value_internal":1,"distribution":"{\"name\": \"CategoricalDistribution\", \"attributes\": {\"choices\": [1, 2, 3]}}"}
{"op_code":5,"worker_id":"0698ff37-fd78-48d7-b5de-f09f067b3e1b-140611610289984","trial_id":39,"param_name":"nodes","param_value_internal":1,"distribution":"{\"name\": \"CategoricalDistribution\", \"attributes\": {\"choices\": [16, 32, 64]}}"}
{"op_code":6,"worker_id":"0698ff37-fd78-48d7-b5de-f09f067b3e1b-140611610289984","trial_id":39,"state":1,"values":[0.7098214285714286],"datetime_complete":"2026-03-30T13:35:02.878729"}
