{"op_code":0,"worker_id":"916ac1a5-bc04-4a9f-843b-fee767536850-139906009941824","study_name":"rsf_tuning","directions":[2]}
{"op_code":4,"worker_id":"916ac1a5-bc04-4a9f-843b-fee767536850-139906009941824","study_id":0,"datetime_start":"2026-04-06T00:53:00.968232"}
{"op_code":5,"worker_id":"916ac1a5-bc04-4a9f-843b-fee767536850-139906009941824","trial_id":0,"param_name":"n_estimators","param_value_internal":57.0,"distribution":"{\"name\": \"IntDistribution\", \"attributes\": {\"log\": false, \"step\": 1, \"low\": 50, \"high\": 200}}"}
{"op_code":5,"worker_id":"916ac1a5-bc04-4a9f-843b-fee767536850-139906009941824","trial_id":0,"param_name":"min_samples_split","param_value_internal":10.0,"distribution":"{\"name\": \"IntDistribution\", \"attributes\": {\"log\": false, \"step\": 1, \"low\": 5, \"high\": 20}}"}
{"op_code":5,"worker_id":"916ac1a5-bc04-4a9f-843b-fee767536850-139906009941824","trial_id":0,"param_name":"min_samples_leaf","param_value_internal":12.0,"distribution":"{\"name\": \"IntDistribution\", \"attributes\": {\"log\": false, \"step\": 1, \"low\": 5, \"high\": 20}}"}
{"op_code":6,"worker_id":"916ac1a5-bc04-4a9f-843b-fee767536850-139906009941824","trial_id":0,"state":1,"values":[0.5778145695364238],"datetime_complete":"2026-04-06T00:53:01.630298"}
{"op_code":4,"worker_id":"916ac1a5-bc04-4a9f-843b-fee767536850-139906009941824","study_id":0,"datetime_start":"2026-04-06T00:53:01.644479"}
{"op_code":5,"worker_id":"916ac1a5-bc04-4a9f-843b-fee767536850-139906009941824","trial_id":1,"param_name":"n_estimators","param_value_internal":188.0,"distribution":"{\"name\": \"IntDistribution\", \"attributes\": {\"log\": false, \"step\": 1, \"low\": 50, \"high\": 200}}"}
{"op_code":5,"worker_id":"916ac1a5-bc04-4a9f-843b-fee767536850-139906009941824","trial_id":1,"param_name":"min_samples_split","param_value_internal":15.0,"distribution":"{\"name\": \"IntDistribution\", \"attributes\": {\"log\": false, \"step\": 1, \"low\": 5, \"high\": 20}}"}
{"op_code":5,"worker_id":"916ac1a5-bc04-4a9f-843b-fee767536850-139906009941824","trial_id":1,"param_name":"min_samples_leaf","param_value_internal":7.0,"distribution":"{\"name\": \"IntDistribution\", \"attributes\": {\"log\": false, \"step\": 1, \"low\": 5, \"high\": 20}}"}
{"op_code":6,"worker_id":"916ac1a5-bc04-4a9f-843b-fee767536850-139906009941824","trial_id":1,"state":1,"values":[0.5711920529801324],"datetime_complete":"2026-04-06T00:53:04.619993"}
{"op_code":4,"worker_id":"916ac1a5-bc04-4a9f-843b-fee767536850-139906009941824","study_id":0,"datetime_start":"2026-04-06T00:53:04.634456"}
{"op_code":5,"worker_id":"916ac1a5-bc04-4a9f-843b-fee767536850-139906009941824","trial_id":2,"param_name":"n_estimators","param_value_internal":118.0,"distribution":"{\"name\": \"IntDistribution\", \"attributes\": {\"log\": false, \"step\": 1, \"low\": 50, \"high\": 200}}"}
{"op_code":5,"worker_id":"916ac1a5-bc04-4a9f-843b-fee767536850-139906009941824","trial_id":2,"param_name":"min_samples_split","param_value_internal":17.0,"distribution":"{\"name\": \"IntDistribution\", \"attributes\": {\"log\": false, \"step\": 1, \"low\": 5, \"high\": 20}}"}
{"op_code":5,"worker_id":"916ac1a5-bc04-4a9f-843b-fee767536850-139906009941824","trial_id":2,"param_name":"min_samples_leaf","param_value_internal":8.0,"distribution":"{\"name\": \"IntDistribution\", \"attributes\": {\"log\": false, \"step\": 1, \"low\": 5, \"high\": 20}}"}
{"op_code":6,"worker_id":"916ac1a5-bc04-4a9f-843b-fee767536850-139906009941824","trial_id":2,"state":1,"values":[0.5380794701986755],"datetime_complete":"2026-04-06T00:53:06.381286"}
{"op_code":4,"worker_id":"916ac1a5-bc04-4a9f-843b-fee767536850-139906009941824","study_id":0,"datetime_start":"2026-04-06T00:53:06.404766"}
{"op_code":5,"worker_id":"916ac1a5-bc04-4a9f-843b-fee767536850-139906009941824","trial_id":3,"param_name":"n_estimators","param_value_internal":178.0,"distribution":"{\"name\": \"IntDistribution\", \"attributes\": {\"log\": false, \"step\": 1, \"low\": 50, \"high\": 200}}"}
{"op_code":5,"worker_id":"916ac1a5-bc04-4a9f-843b-fee767536850-139906009941824","trial_id":3,"param_name":"min_samples_split","param_value_internal":17.0,"distribution":"{\"name\": \"IntDistribution\", \"attributes\": {\"log\": false, \"step\": 1, \"low\": 5, \"high\": 20}}"}
{"op_code":5,"worker_id":"916ac1a5-bc04-4a9f-843b-fee767536850-139906009941824","trial_id":3,"param_name":"min_samples_leaf","param_value_internal":17.0,"distribution":"{\"name\": \"IntDistribution\", \"attributes\": {\"log\": false, \"step\": 1, \"low\": 5, \"high\": 20}}"}
{"op_code":6,"worker_id":"916ac1a5-bc04-4a9f-843b-fee767536850-139906009941824","trial_id":3,"state":1,"values":[0.5662251655629139],"datetime_complete":"2026-04-06T00:53:07.655121"}
{"op_code":4,"worker_id":"916ac1a5-bc04-4a9f-843b-fee767536850-139906009941824","study_id":0,"datetime_start":"2026-04-06T00:53:07.678358"}
{"op_code":5,"worker_id":"916ac1a5-bc04-4a9f-843b-fee767536850-139906009941824","trial_id":4,"param_name":"n_estimators","param_value_internal":174.0,"distribution":"{\"name\": \"IntDistribution\", \"attributes\": {\"log\": false, \"step\": 1, \"low\": 50, \"high\": 200}}"}
{"op_code":5,"worker_id":"916ac1a5-bc04-4a9f-843b-fee767536850-139906009941824","trial_id":4,"param_name":"min_samples_split","param_value_internal":10.0,"distribution":"{\"name\": \"IntDistribution\", \"attributes\": {\"log\": false, \"step\": 1, \"low\": 5, \"high\": 20}}"}
{"op_code":5,"worker_id":"916ac1a5-bc04-4a9f-843b-fee767536850-139906009941824","trial_id":4,"param_name":"min_samples_leaf","param_value_internal":5.0,"distribution":"{\"name\": \"IntDistribution\", \"attributes\": {\"log\": false, \"step\": 1, \"low\": 5, \"high\": 20}}"}
{"op_code":6,"worker_id":"916ac1a5-bc04-4a9f-843b-fee767536850-139906009941824","trial_id":4,"state":1,"values":[0.5562913907284768],"datetime_complete":"2026-04-06T00:53:11.509287"}
{"op_code":4,"worker_id":"916ac1a5-bc04-4a9f-843b-fee767536850-139906009941824","study_id":0,"datetime_start":"2026-04-06T00:53:11.529206"}
{"op_code":5,"worker_id":"916ac1a5-bc04-4a9f-843b-fee767536850-139906009941824","trial_id":5,"param_name":"n_estimators","param_value_internal":124.0,"distribution":"{\"name\": \"IntDistribution\", \"attributes\": {\"log\": false, \"step\": 1, \"low\": 50, \"high\": 200}}"}
{"op_code":5,"worker_id":"916ac1a5-bc04-4a9f-843b-fee767536850-139906009941824","trial_id":5,"param_name":"min_samples_split","param_value_internal":20.0,"distribution":"{\"name\": \"IntDistribution\", \"attributes\": {\"log\": false, \"step\": 1, \"low\": 5, \"high\": 20}}"}
{"op_code":5,"worker_id":"916ac1a5-bc04-4a9f-843b-fee767536850-139906009941824","trial_id":5,"param_name":"min_samples_leaf","param_value_internal":14.0,"distribution":"{\"name\": \"IntDistribution\", \"attributes\": {\"log\": false, \"step\": 1, \"low\": 5, \"high\": 20}}"}
{"op_code":6,"worker_id":"916ac1a5-bc04-4a9f-843b-fee767536850-139906009941824","trial_id":5,"state":1,"values":[0.5745033112582781],"datetime_complete":"2026-04-06T00:53:12.666139"}
{"op_code":4,"worker_id":"916ac1a5-bc04-4a9f-843b-fee767536850-139906009941824","study_id":0,"datetime_start":"2026-04-06T00:53:13.051562"}
{"op_code":5,"worker_id":"916ac1a5-bc04-4a9f-843b-fee767536850-139906009941824","trial_id":6,"param_name":"n_estimators","param_value_internal":67.0,"distribution":"{\"name\": \"IntDistribution\", \"attributes\": {\"log\": false, \"step\": 1, \"low\": 50, \"high\": 200}}"}
{"op_code":5,"worker_id":"916ac1a5-bc04-4a9f-843b-fee767536850-139906009941824","trial_id":6,"param_name":"min_samples_split","param_value_internal":7.0,"distribution":"{\"name\": \"IntDistribution\", \"attributes\": {\"log\": false, \"step\": 1, \"low\": 5, \"high\": 20}}"}
{"op_code":5,"worker_id":"916ac1a5-bc04-4a9f-843b-fee767536850-139906009941824","trial_id":6,"param_name":"min_samples_leaf","param_value_internal":9.0,"distribution":"{\"name\": \"IntDistribution\", \"attributes\": {\"log\": false, \"step\": 1, \"low\": 5, \"high\": 20}}"}
{"op_code":6,"worker_id":"916ac1a5-bc04-4a9f-843b-fee767536850-139906009941824","trial_id":6,"state":1,"values":[0.4817880794701987],"datetime_complete":"2026-04-06T00:53:14.851947"}
{"op_code":4,"worker_id":"916ac1a5-bc04-4a9f-843b-fee767536850-139906009941824","study_id":0,"datetime_start":"2026-04-06T00:53:14.872091"}
{"op_code":5,"worker_id":"916ac1a5-bc04-4a9f-843b-fee767536850-139906009941824","trial_id":7,"param_name":"n_estimators","param_value_internal":172.0,"distribution":"{\"name\": \"IntDistribution\", \"attributes\": {\"log\": false, \"step\": 1, \"low\": 50, \"high\": 200}}"}
{"op_code":5,"worker_id":"916ac1a5-bc04-4a9f-843b-fee767536850-139906009941824","trial_id":7,"param_name":"min_samples_split","param_value_internal":20.0,"distribution":"{\"name\": \"IntDistribution\", \"attributes\": {\"log\": false, \"step\": 1, \"low\": 5, \"high\": 20}}"}
{"op_code":5,"worker_id":"916ac1a5-bc04-4a9f-843b-fee767536850-139906009941824","trial_id":7,"param_name":"min_samples_leaf","param_value_internal":5.0,"distribution":"{\"name\": \"IntDistribution\", \"attributes\": {\"log\": false, \"step\": 1, \"low\": 5, \"high\": 20}}"}
{"op_code":6,"worker_id":"916ac1a5-bc04-4a9f-843b-fee767536850-139906009941824","trial_id":7,"state":1,"values":[0.5894039735099338],"datetime_complete":"2026-04-06T00:53:18.506985"}
{"op_code":4,"worker_id":"916ac1a5-bc04-4a9f-843b-fee767536850-139906009941824","study_id":0,"datetime_start":"2026-04-06T00:53:18.527397"}
{"op_code":5,"worker_id":"916ac1a5-bc04-4a9f-843b-fee767536850-139906009941824","trial_id":8,"param_name":"n_estimators","param_value_internal":122.0,"distribution":"{\"name\": \"IntDistribution\", \"attributes\": {\"log\": false, \"step\": 1, \"low\": 50, \"high\": 200}}"}
{"op_code":5,"worker_id":"916ac1a5-bc04-4a9f-843b-fee767536850-139906009941824","trial_id":8,"param_name":"min_samples_split","param_value_internal":20.0,"distribution":"{\"name\": \"IntDistribution\", \"attributes\": {\"log\": false, \"step\": 1, \"low\": 5, \"high\": 20}}"}
{"op_code":5,"worker_id":"916ac1a5-bc04-4a9f-843b-fee767536850-139906009941824","trial_id":8,"param_name":"min_samples_leaf","param_value_internal":8.0,"distribution":"{\"name\": \"IntDistribution\", \"attributes\": {\"log\": false, \"step\": 1, \"low\": 5, \"high\": 20}}"}
{"op_code":6,"worker_id":"916ac1a5-bc04-4a9f-843b-fee767536850-139906009941824","trial_id":8,"state":1,"values":[0.5480132450331126],"datetime_complete":"2026-04-06T00:53:20.338519"}
{"op_code":4,"worker_id":"916ac1a5-bc04-4a9f-843b-fee767536850-139906009941824","study_id":0,"datetime_start":"2026-04-06T00:53:20.362784"}
{"op_code":5,"worker_id":"916ac1a5-bc04-4a9f-843b-fee767536850-139906009941824","trial_id":9,"param_name":"n_estimators","param_value_internal":196.0,"distribution":"{\"name\": \"IntDistribution\", \"attributes\": {\"log\": false, \"step\": 1, \"low\": 50, \"high\": 200}}"}
{"op_code":5,"worker_id":"916ac1a5-bc04-4a9f-843b-fee767536850-139906009941824","trial_id":9,"param_name":"min_samples_split","param_value_internal":9.0,"distribution":"{\"name\": \"IntDistribution\", \"attributes\": {\"log\": false, \"step\": 1, \"low\": 5, \"high\": 20}}"}
{"op_code":5,"worker_id":"916ac1a5-bc04-4a9f-843b-fee767536850-139906009941824","trial_id":9,"param_name":"min_samples_leaf","param_value_internal":9.0,"distribution":"{\"name\": \"IntDistribution\", \"attributes\": {\"log\": false, \"step\": 1, \"low\": 5, \"high\": 20}}"}
{"op_code":6,"worker_id":"916ac1a5-bc04-4a9f-843b-fee767536850-139906009941824","trial_id":9,"state":1,"values":[0.5480132450331126],"datetime_complete":"2026-04-06T00:53:22.899938"}
{"op_code":4,"worker_id":"916ac1a5-bc04-4a9f-843b-fee767536850-139906009941824","study_id":0,"datetime_start":"2026-04-06T00:53:22.920262"}
{"op_code":5,"worker_id":"916ac1a5-bc04-4a9f-843b-fee767536850-139906009941824","trial_id":10,"param_name":"n_estimators","param_value_internal":153.0,"distribution":"{\"name\": \"IntDistribution\", \"attributes\": {\"log\": false, \"step\": 1, \"low\": 50, \"high\": 200}}"}
{"op_code":5,"worker_id":"916ac1a5-bc04-4a9f-843b-fee767536850-139906009941824","trial_id":10,"param_name":"min_samples_split","param_value_internal":13.0,"distribution":"{\"name\": \"IntDistribution\", \"attributes\": {\"log\": false, \"step\": 1, \"low\": 5, \"high\": 20}}"}
{"op_code":5,"worker_id":"916ac1a5-bc04-4a9f-843b-fee767536850-139906009941824","trial_id":10,"param_name":"min_samples_leaf","param_value_internal":20.0,"distribution":"{\"name\": \"IntDistribution\", \"attributes\": {\"log\": false, \"step\": 1, \"low\": 5, \"high\": 20}}"}
{"op_code":6,"worker_id":"916ac1a5-bc04-4a9f-843b-fee767536850-139906009941824","trial_id":10,"state":1,"values":[0.5629139072847682],"datetime_complete":"2026-04-06T00:53:23.867606"}
{"op_code":4,"worker_id":"916ac1a5-bc04-4a9f-843b-fee767536850-139906009941824","study_id":0,"datetime_start":"2026-04-06T00:53:23.878246"}
{"op_code":5,"worker_id":"916ac1a5-bc04-4a9f-843b-fee767536850-139906009941824","trial_id":11,"param_name":"n_estimators","param_value_internal":54.0,"distribution":"{\"name\": \"IntDistribution\", \"attributes\": {\"log\": false, \"step\": 1, \"low\": 50, \"high\": 200}}"}
{"op_code":5,"worker_id":"916ac1a5-bc04-4a9f-843b-fee767536850-139906009941824","trial_id":11,"param_name":"min_samples_split","param_value_internal":12.0,"distribution":"{\"name\": \"IntDistribution\", \"attributes\": {\"log\": false, \"step\": 1, \"low\": 5, \"high\": 20}}"}
{"op_code":5,"worker_id":"916ac1a5-bc04-4a9f-843b-fee767536850-139906009941824","trial_id":11,"param_name":"min_samples_leaf","param_value_internal":11.0,"distribution":"{\"name\": \"IntDistribution\", \"attributes\": {\"log\": false, \"step\": 1, \"low\": 5, \"high\": 20}}"}
{"op_code":6,"worker_id":"916ac1a5-bc04-4a9f-843b-fee767536850-139906009941824","trial_id":11,"state":1,"values":[0.5496688741721855],"datetime_complete":"2026-04-06T00:53:24.572767"}
{"op_code":4,"worker_id":"916ac1a5-bc04-4a9f-843b-fee767536850-139906009941824","study_id":0,"datetime_start":"2026-04-06T00:53:24.589577"}
{"op_code":5,"worker_id":"916ac1a5-bc04-4a9f-843b-fee767536850-139906009941824","trial_id":12,"param_name":"n_estimators","param_value_internal":87.0,"distribution":"{\"name\": \"IntDistribution\", \"attributes\": {\"log\": false, \"step\": 1, \"low\": 50, \"high\": 200}}"}
{"op_code":5,"worker_id":"916ac1a5-bc04-4a9f-843b-fee767536850-139906009941824","trial_id":12,"param_name":"min_samples_split","param_value_internal":7.0,"distribution":"{\"name\": \"IntDistribution\", \"attributes\": {\"log\": false, \"step\": 1, \"low\": 5, \"high\": 20}}"}
{"op_code":5,"worker_id":"916ac1a5-bc04-4a9f-843b-fee767536850-139906009941824","trial_id":12,"param_name":"min_samples_leaf","param_value_internal":14.0,"distribution":"{\"name\": \"IntDistribution\", \"attributes\": {\"log\": false, \"step\": 1, \"low\": 5, \"high\": 20}}"}
{"op_code":6,"worker_id":"916ac1a5-bc04-4a9f-843b-fee767536850-139906009941824","trial_id":12,"state":1,"values":[0.5562913907284768],"datetime_complete":"2026-04-06T00:53:25.431652"}
{"op_code":4,"worker_id":"916ac1a5-bc04-4a9f-843b-fee767536850-139906009941824","study_id":0,"datetime_start":"2026-04-06T00:53:25.444389"}
{"op_code":5,"worker_id":"916ac1a5-bc04-4a9f-843b-fee767536850-139906009941824","trial_id":13,"param_name":"n_estimators","param_value_internal":152.0,"distribution":"{\"name\": \"IntDistribution\", \"attributes\": {\"log\": false, \"step\": 1, \"low\": 50, \"high\": 200}}"}
{"op_code":5,"worker_id":"916ac1a5-bc04-4a9f-843b-fee767536850-139906009941824","trial_id":13,"param_name":"min_samples_split","param_value_internal":5.0,"distribution":"{\"name\": \"IntDistribution\", \"attributes\": {\"log\": false, \"step\": 1, \"low\": 5, \"high\": 20}}"}
{"op_code":5,"worker_id":"916ac1a5-bc04-4a9f-843b-fee767536850-139906009941824","trial_id":13,"param_name":"min_samples_leaf","param_value_internal":5.0,"distribution":"{\"name\": \"IntDistribution\", \"attributes\": {\"log\": false, \"step\": 1, \"low\": 5, \"high\": 20}}"}
{"op_code":6,"worker_id":"916ac1a5-bc04-4a9f-843b-fee767536850-139906009941824","trial_id":13,"state":1,"values":[0.5397350993377483],"datetime_complete":"2026-04-06T00:53:28.810400"}
{"op_code":4,"worker_id":"916ac1a5-bc04-4a9f-843b-fee767536850-139906009941824","study_id":0,"datetime_start":"2026-04-06T00:53:28.831742"}
{"op_code":5,"worker_id":"916ac1a5-bc04-4a9f-843b-fee767536850-139906009941824","trial_id":14,"param_name":"n_estimators","param_value_internal":89.0,"distribution":"{\"name\": \"IntDistribution\", \"attributes\": {\"log\": false, \"step\": 1, \"low\": 50, \"high\": 200}}"}
{"op_code":5,"worker_id":"916ac1a5-bc04-4a9f-843b-fee767536850-139906009941824","trial_id":14,"param_name":"min_samples_split","param_value_internal":11.0,"distribution":"{\"name\": \"IntDistribution\", \"attributes\": {\"log\": false, \"step\": 1, \"low\": 5, \"high\": 20}}"}
{"op_code":5,"worker_id":"916ac1a5-bc04-4a9f-843b-fee767536850-139906009941824","trial_id":14,"param_name":"min_samples_leaf","param_value_internal":12.0,"distribution":"{\"name\": \"IntDistribution\", \"attributes\": {\"log\": false, \"step\": 1, \"low\": 5, \"high\": 20}}"}
{"op_code":6,"worker_id":"916ac1a5-bc04-4a9f-843b-fee767536850-139906009941824","trial_id":14,"state":1,"values":[0.5629139072847682],"datetime_complete":"2026-04-06T00:53:29.795789"}
{"op_code":4,"worker_id":"916ac1a5-bc04-4a9f-843b-fee767536850-139906009941824","study_id":0,"datetime_start":"2026-04-06T00:53:29.808667"}
{"op_code":5,"worker_id":"916ac1a5-bc04-4a9f-843b-fee767536850-139906009941824","trial_id":15,"param_name":"n_estimators","param_value_internal":150.0,"distribution":"{\"name\": \"IntDistribution\", \"attributes\": {\"log\": false, \"step\": 1, \"low\": 50, \"high\": 200}}"}
{"op_code":5,"worker_id":"916ac1a5-bc04-4a9f-843b-fee767536850-139906009941824","trial_id":15,"param_name":"min_samples_split","param_value_internal":14.0,"distribution":"{\"name\": \"IntDistribution\", \"attributes\": {\"log\": false, \"step\": 1, \"low\": 5, \"high\": 20}}"}
{"op_code":5,"worker_id":"916ac1a5-bc04-4a9f-843b-fee767536850-139906009941824","trial_id":15,"param_name":"min_samples_leaf","param_value_internal":16.0,"distribution":"{\"name\": \"IntDistribution\", \"attributes\": {\"log\": false, \"step\": 1, \"low\": 5, \"high\": 20}}"}
{"op_code":6,"worker_id":"916ac1a5-bc04-4a9f-843b-fee767536850-139906009941824","trial_id":15,"state":1,"values":[0.5562913907284768],"datetime_complete":"2026-04-06T00:53:30.940972"}
{"op_code":4,"worker_id":"916ac1a5-bc04-4a9f-843b-fee767536850-139906009941824","study_id":0,"datetime_start":"2026-04-06T00:53:30.957110"}
{"op_code":5,"worker_id":"916ac1a5-bc04-4a9f-843b-fee767536850-139906009941824","trial_id":16,"param_name":"n_estimators","param_value_internal":99.0,"distribution":"{\"name\": \"IntDistribution\", \"attributes\": {\"log\": false, \"step\": 1, \"low\": 50, \"high\": 200}}"}
{"op_code":5,"worker_id":"916ac1a5-bc04-4a9f-843b-fee767536850-139906009941824","trial_id":16,"param_name":"min_samples_split","param_value_internal":17.0,"distribution":"{\"name\": \"IntDistribution\", \"attributes\": {\"log\": false, \"step\": 1, \"low\": 5, \"high\": 20}}"}
{"op_code":5,"worker_id":"916ac1a5-bc04-4a9f-843b-fee767536850-139906009941824","trial_id":16,"param_name":"min_samples_leaf","param_value_internal":19.0,"distribution":"{\"name\": \"IntDistribution\", \"attributes\": {\"log\": false, \"step\": 1, \"low\": 5, \"high\": 20}}"}
{"op_code":6,"worker_id":"916ac1a5-bc04-4a9f-843b-fee767536850-139906009941824","trial_id":16,"state":1,"values":[0.5678807947019867],"datetime_complete":"2026-04-06T00:53:31.643402"}
{"op_code":4,"worker_id":"916ac1a5-bc04-4a9f-843b-fee767536850-139906009941824","study_id":0,"datetime_start":"2026-04-06T00:53:31.660711"}
{"op_code":5,"worker_id":"916ac1a5-bc04-4a9f-843b-fee767536850-139906009941824","trial_id":17,"param_name":"n_estimators","param_value_internal":140.0,"distribution":"{\"name\": \"IntDistribution\", \"attributes\": {\"log\": false, \"step\": 1, \"low\": 50, \"high\": 200}}"}
{"op_code":5,"worker_id":"916ac1a5-bc04-4a9f-843b-fee767536850-139906009941824","trial_id":17,"param_name":"min_samples_split","param_value_internal":8.0,"distribution":"{\"name\": \"IntDistribution\", \"attributes\": {\"log\": false, \"step\": 1, \"low\": 5, \"high\": 20}}"}
{"op_code":5,"worker_id":"916ac1a5-bc04-4a9f-843b-fee767536850-139906009941824","trial_id":17,"param_name":"min_samples_leaf","param_value_internal":11.0,"distribution":"{\"name\": \"IntDistribution\", \"attributes\": {\"log\": false, \"step\": 1, \"low\": 5, \"high\": 20}}"}
{"op_code":6,"worker_id":"916ac1a5-bc04-4a9f-843b-fee767536850-139906009941824","trial_id":17,"state":1,"values":[0.5447019867549668],"datetime_complete":"2026-04-06T00:53:33.246802"}
{"op_code":4,"worker_id":"916ac1a5-bc04-4a9f-843b-fee767536850-139906009941824","study_id":0,"datetime_start":"2026-04-06T00:53:33.267786"}
{"op_code":5,"worker_id":"916ac1a5-bc04-4a9f-843b-fee767536850-139906009941824","trial_id":18,"param_name":"n_estimators","param_value_internal":104.0,"distribution":"{\"name\": \"IntDistribution\", \"attributes\": {\"log\": false, \"step\": 1, \"low\": 50, \"high\": 200}}"}
{"op_code":5,"worker_id":"916ac1a5-bc04-4a9f-843b-fee767536850-139906009941824","trial_id":18,"param_name":"min_samples_split","param_value_internal":5.0,"distribution":"{\"name\": \"IntDistribution\", \"attributes\": {\"log\": false, \"step\": 1, \"low\": 5, \"high\": 20}}"}
{"op_code":5,"worker_id":"916ac1a5-bc04-4a9f-843b-fee767536850-139906009941824","trial_id":18,"param_name":"min_samples_leaf","param_value_internal":14.0,"distribution":"{\"name\": \"IntDistribution\", \"attributes\": {\"log\": false, \"step\": 1, \"low\": 5, \"high\": 20}}"}
{"op_code":6,"worker_id":"916ac1a5-bc04-4a9f-843b-fee767536850-139906009941824","trial_id":18,"state":1,"values":[0.5827814569536424],"datetime_complete":"2026-04-06T00:53:34.247082"}
{"op_code":4,"worker_id":"916ac1a5-bc04-4a9f-843b-fee767536850-139906009941824","study_id":0,"datetime_start":"2026-04-06T00:53:34.268793"}
{"op_code":5,"worker_id":"916ac1a5-bc04-4a9f-843b-fee767536850-139906009941824","trial_id":19,"param_name":"n_estimators","param_value_internal":106.0,"distribution":"{\"name\": \"IntDistribution\", \"attributes\": {\"log\": false, \"step\": 1, \"low\": 50, \"high\": 200}}"}
{"op_code":5,"worker_id":"916ac1a5-bc04-4a9f-843b-fee767536850-139906009941824","trial_id":19,"param_name":"min_samples_split","param_value_internal":6.0,"distribution":"{\"name\": \"IntDistribution\", \"attributes\": {\"log\": false, \"step\": 1, \"low\": 5, \"high\": 20}}"}
{"op_code":5,"worker_id":"916ac1a5-bc04-4a9f-843b-fee767536850-139906009941824","trial_id":19,"param_name":"min_samples_leaf","param_value_internal":15.0,"distribution":"{\"name\": \"IntDistribution\", \"attributes\": {\"log\": false, \"step\": 1, \"low\": 5, \"high\": 20}}"}
{"op_code":6,"worker_id":"916ac1a5-bc04-4a9f-843b-fee767536850-139906009941824","trial_id":19,"state":1,"values":[0.5860927152317881],"datetime_complete":"2026-04-06T00:53:35.192690"}
