{"op_code":0,"worker_id":"597bece5-8192-430a-bb5c-1620d7a0292f-139906009941824","study_name":"rsf_tuning","directions":[2]}
{"op_code":4,"worker_id":"597bece5-8192-430a-bb5c-1620d7a0292f-139906009941824","study_id":0,"datetime_start":"2026-04-05T23:03:12.763313"}
{"op_code":5,"worker_id":"597bece5-8192-430a-bb5c-1620d7a0292f-139906009941824","trial_id":0,"param_name":"n_estimators","param_value_internal":121.0,"distribution":"{\"name\": \"IntDistribution\", \"attributes\": {\"log\": false, \"step\": 1, \"low\": 50, \"high\": 200}}"}
{"op_code":5,"worker_id":"597bece5-8192-430a-bb5c-1620d7a0292f-139906009941824","trial_id":0,"param_name":"min_samples_split","param_value_internal":5.0,"distribution":"{\"name\": \"IntDistribution\", \"attributes\": {\"log\": false, \"step\": 1, \"low\": 5, \"high\": 20}}"}
{"op_code":5,"worker_id":"597bece5-8192-430a-bb5c-1620d7a0292f-139906009941824","trial_id":0,"param_name":"min_samples_leaf","param_value_internal":11.0,"distribution":"{\"name\": \"IntDistribution\", \"attributes\": {\"log\": false, \"step\": 1, \"low\": 5, \"high\": 20}}"}
{"op_code":6,"worker_id":"597bece5-8192-430a-bb5c-1620d7a0292f-139906009941824","trial_id":0,"state":1,"values":[0.6477272727272727],"datetime_complete":"2026-04-05T23:03:12.918828"}
{"op_code":4,"worker_id":"597bece5-8192-430a-bb5c-1620d7a0292f-139906009941824","study_id":0,"datetime_start":"2026-04-05T23:03:12.934219"}
{"op_code":5,"worker_id":"597bece5-8192-430a-bb5c-1620d7a0292f-139906009941824","trial_id":1,"param_name":"n_estimators","param_value_internal":157.0,"distribution":"{\"name\": \"IntDistribution\", \"attributes\": {\"log\": false, \"step\": 1, \"low\": 50, \"high\": 200}}"}
{"op_code":5,"worker_id":"597bece5-8192-430a-bb5c-1620d7a0292f-139906009941824","trial_id":1,"param_name":"min_samples_split","param_value_internal":16.0,"distribution":"{\"name\": \"IntDistribution\", \"attributes\": {\"log\": false, \"step\": 1, \"low\": 5, \"high\": 20}}"}
{"op_code":5,"worker_id":"597bece5-8192-430a-bb5c-1620d7a0292f-139906009941824","trial_id":1,"param_name":"min_samples_leaf","param_value_internal":15.0,"distribution":"{\"name\": \"IntDistribution\", \"attributes\": {\"log\": false, \"step\": 1, \"low\": 5, \"high\": 20}}"}
{"op_code":6,"worker_id":"597bece5-8192-430a-bb5c-1620d7a0292f-139906009941824","trial_id":1,"state":1,"values":[0.6818181818181818],"datetime_complete":"2026-04-05T23:03:13.111076"}
{"op_code":4,"worker_id":"597bece5-8192-430a-bb5c-1620d7a0292f-139906009941824","study_id":0,"datetime_start":"2026-04-05T23:03:13.129590"}
{"op_code":5,"worker_id":"597bece5-8192-430a-bb5c-1620d7a0292f-139906009941824","trial_id":2,"param_name":"n_estimators","param_value_internal":131.0,"distribution":"{\"name\": \"IntDistribution\", \"attributes\": {\"log\": false, \"step\": 1, \"low\": 50, \"high\": 200}}"}
{"op_code":5,"worker_id":"597bece5-8192-430a-bb5c-1620d7a0292f-139906009941824","trial_id":2,"param_name":"min_samples_split","param_value_internal":12.0,"distribution":"{\"name\": \"IntDistribution\", \"attributes\": {\"log\": false, \"step\": 1, \"low\": 5, \"high\": 20}}"}
{"op_code":5,"worker_id":"597bece5-8192-430a-bb5c-1620d7a0292f-139906009941824","trial_id":2,"param_name":"min_samples_leaf","param_value_internal":10.0,"distribution":"{\"name\": \"IntDistribution\", \"attributes\": {\"log\": false, \"step\": 1, \"low\": 5, \"high\": 20}}"}
{"op_code":6,"worker_id":"597bece5-8192-430a-bb5c-1620d7a0292f-139906009941824","trial_id":2,"state":1,"values":[0.6818181818181818],"datetime_complete":"2026-04-05T23:03:13.290101"}
{"op_code":4,"worker_id":"597bece5-8192-430a-bb5c-1620d7a0292f-139906009941824","study_id":0,"datetime_start":"2026-04-05T23:03:13.308589"}
{"op_code":5,"worker_id":"597bece5-8192-430a-bb5c-1620d7a0292f-139906009941824","trial_id":3,"param_name":"n_estimators","param_value_internal":196.0,"distribution":"{\"name\": \"IntDistribution\", \"attributes\": {\"log\": false, \"step\": 1, \"low\": 50, \"high\": 200}}"}
{"op_code":5,"worker_id":"597bece5-8192-430a-bb5c-1620d7a0292f-139906009941824","trial_id":3,"param_name":"min_samples_split","param_value_internal":16.0,"distribution":"{\"name\": \"IntDistribution\", \"attributes\": {\"log\": false, \"step\": 1, \"low\": 5, \"high\": 20}}"}
{"op_code":5,"worker_id":"597bece5-8192-430a-bb5c-1620d7a0292f-139906009941824","trial_id":3,"param_name":"min_samples_leaf","param_value_internal":19.0,"distribution":"{\"name\": \"IntDistribution\", \"attributes\": {\"log\": false, \"step\": 1, \"low\": 5, \"high\": 20}}"}
{"op_code":6,"worker_id":"597bece5-8192-430a-bb5c-1620d7a0292f-139906009941824","trial_id":3,"state":1,"values":[0.7102272727272727],"datetime_complete":"2026-04-05T23:03:13.518837"}
{"op_code":4,"worker_id":"597bece5-8192-430a-bb5c-1620d7a0292f-139906009941824","study_id":0,"datetime_start":"2026-04-05T23:03:13.534313"}
{"op_code":5,"worker_id":"597bece5-8192-430a-bb5c-1620d7a0292f-139906009941824","trial_id":4,"param_name":"n_estimators","param_value_internal":83.0,"distribution":"{\"name\": \"IntDistribution\", \"attributes\": {\"log\": false, \"step\": 1, \"low\": 50, \"high\": 200}}"}
{"op_code":5,"worker_id":"597bece5-8192-430a-bb5c-1620d7a0292f-139906009941824","trial_id":4,"param_name":"min_samples_split","param_value_internal":12.0,"distribution":"{\"name\": \"IntDistribution\", \"attributes\": {\"log\": false, \"step\": 1, \"low\": 5, \"high\": 20}}"}
{"op_code":5,"worker_id":"597bece5-8192-430a-bb5c-1620d7a0292f-139906009941824","trial_id":4,"param_name":"min_samples_leaf","param_value_internal":14.0,"distribution":"{\"name\": \"IntDistribution\", \"attributes\": {\"log\": false, \"step\": 1, \"low\": 5, \"high\": 20}}"}
{"op_code":6,"worker_id":"597bece5-8192-430a-bb5c-1620d7a0292f-139906009941824","trial_id":4,"state":1,"values":[0.6704545454545454],"datetime_complete":"2026-04-05T23:03:13.671747"}
{"op_code":4,"worker_id":"597bece5-8192-430a-bb5c-1620d7a0292f-139906009941824","study_id":0,"datetime_start":"2026-04-05T23:03:13.689512"}
{"op_code":5,"worker_id":"597bece5-8192-430a-bb5c-1620d7a0292f-139906009941824","trial_id":5,"param_name":"n_estimators","param_value_internal":123.0,"distribution":"{\"name\": \"IntDistribution\", \"attributes\": {\"log\": false, \"step\": 1, \"low\": 50, \"high\": 200}}"}
{"op_code":5,"worker_id":"597bece5-8192-430a-bb5c-1620d7a0292f-139906009941824","trial_id":5,"param_name":"min_samples_split","param_value_internal":13.0,"distribution":"{\"name\": \"IntDistribution\", \"attributes\": {\"log\": false, \"step\": 1, \"low\": 5, \"high\": 20}}"}
{"op_code":5,"worker_id":"597bece5-8192-430a-bb5c-1620d7a0292f-139906009941824","trial_id":5,"param_name":"min_samples_leaf","param_value_internal":10.0,"distribution":"{\"name\": \"IntDistribution\", \"attributes\": {\"log\": false, \"step\": 1, \"low\": 5, \"high\": 20}}"}
{"op_code":6,"worker_id":"597bece5-8192-430a-bb5c-1620d7a0292f-139906009941824","trial_id":5,"state":1,"values":[0.6818181818181818],"datetime_complete":"2026-04-05T23:03:13.855336"}
{"op_code":4,"worker_id":"597bece5-8192-430a-bb5c-1620d7a0292f-139906009941824","study_id":0,"datetime_start":"2026-04-05T23:03:13.869844"}
{"op_code":5,"worker_id":"597bece5-8192-430a-bb5c-1620d7a0292f-139906009941824","trial_id":6,"param_name":"n_estimators","param_value_internal":122.0,"distribution":"{\"name\": \"IntDistribution\", \"attributes\": {\"log\": false, \"step\": 1, \"low\": 50, \"high\": 200}}"}
{"op_code":5,"worker_id":"597bece5-8192-430a-bb5c-1620d7a0292f-139906009941824","trial_id":6,"param_name":"min_samples_split","param_value_internal":17.0,"distribution":"{\"name\": \"IntDistribution\", \"attributes\": {\"log\": false, \"step\": 1, \"low\": 5, \"high\": 20}}"}
{"op_code":5,"worker_id":"597bece5-8192-430a-bb5c-1620d7a0292f-139906009941824","trial_id":6,"param_name":"min_samples_leaf","param_value_internal":5.0,"distribution":"{\"name\": \"IntDistribution\", \"attributes\": {\"log\": false, \"step\": 1, \"low\": 5, \"high\": 20}}"}
{"op_code":6,"worker_id":"597bece5-8192-430a-bb5c-1620d7a0292f-139906009941824","trial_id":6,"state":1,"values":[0.6931818181818182],"datetime_complete":"2026-04-05T23:03:14.042426"}
{"op_code":4,"worker_id":"597bece5-8192-430a-bb5c-1620d7a0292f-139906009941824","study_id":0,"datetime_start":"2026-04-05T23:03:14.057557"}
{"op_code":5,"worker_id":"597bece5-8192-430a-bb5c-1620d7a0292f-139906009941824","trial_id":7,"param_name":"n_estimators","param_value_internal":142.0,"distribution":"{\"name\": \"IntDistribution\", \"attributes\": {\"log\": false, \"step\": 1, \"low\": 50, \"high\": 200}}"}
{"op_code":5,"worker_id":"597bece5-8192-430a-bb5c-1620d7a0292f-139906009941824","trial_id":7,"param_name":"min_samples_split","param_value_internal":18.0,"distribution":"{\"name\": \"IntDistribution\", \"attributes\": {\"log\": false, \"step\": 1, \"low\": 5, \"high\": 20}}"}
{"op_code":5,"worker_id":"597bece5-8192-430a-bb5c-1620d7a0292f-139906009941824","trial_id":7,"param_name":"min_samples_leaf","param_value_internal":6.0,"distribution":"{\"name\": \"IntDistribution\", \"attributes\": {\"log\": false, \"step\": 1, \"low\": 5, \"high\": 20}}"}
{"op_code":6,"worker_id":"597bece5-8192-430a-bb5c-1620d7a0292f-139906009941824","trial_id":7,"state":1,"values":[0.6590909090909091],"datetime_complete":"2026-04-05T23:03:14.234017"}
{"op_code":4,"worker_id":"597bece5-8192-430a-bb5c-1620d7a0292f-139906009941824","study_id":0,"datetime_start":"2026-04-05T23:03:14.249234"}
{"op_code":5,"worker_id":"597bece5-8192-430a-bb5c-1620d7a0292f-139906009941824","trial_id":8,"param_name":"n_estimators","param_value_internal":155.0,"distribution":"{\"name\": \"IntDistribution\", \"attributes\": {\"log\": false, \"step\": 1, \"low\": 50, \"high\": 200}}"}
{"op_code":5,"worker_id":"597bece5-8192-430a-bb5c-1620d7a0292f-139906009941824","trial_id":8,"param_name":"min_samples_split","param_value_internal":16.0,"distribution":"{\"name\": \"IntDistribution\", \"attributes\": {\"log\": false, \"step\": 1, \"low\": 5, \"high\": 20}}"}
{"op_code":5,"worker_id":"597bece5-8192-430a-bb5c-1620d7a0292f-139906009941824","trial_id":8,"param_name":"min_samples_leaf","param_value_internal":6.0,"distribution":"{\"name\": \"IntDistribution\", \"attributes\": {\"log\": false, \"step\": 1, \"low\": 5, \"high\": 20}}"}
{"op_code":6,"worker_id":"597bece5-8192-430a-bb5c-1620d7a0292f-139906009941824","trial_id":8,"state":1,"values":[0.6477272727272727],"datetime_complete":"2026-04-05T23:03:14.426231"}
{"op_code":4,"worker_id":"597bece5-8192-430a-bb5c-1620d7a0292f-139906009941824","study_id":0,"datetime_start":"2026-04-05T23:03:14.443259"}
{"op_code":5,"worker_id":"597bece5-8192-430a-bb5c-1620d7a0292f-139906009941824","trial_id":9,"param_name":"n_estimators","param_value_internal":81.0,"distribution":"{\"name\": \"IntDistribution\", \"attributes\": {\"log\": false, \"step\": 1, \"low\": 50, \"high\": 200}}"}
{"op_code":5,"worker_id":"597bece5-8192-430a-bb5c-1620d7a0292f-139906009941824","trial_id":9,"param_name":"min_samples_split","param_value_internal":17.0,"distribution":"{\"name\": \"IntDistribution\", \"attributes\": {\"log\": false, \"step\": 1, \"low\": 5, \"high\": 20}}"}
{"op_code":5,"worker_id":"597bece5-8192-430a-bb5c-1620d7a0292f-139906009941824","trial_id":9,"param_name":"min_samples_leaf","param_value_internal":12.0,"distribution":"{\"name\": \"IntDistribution\", \"attributes\": {\"log\": false, \"step\": 1, \"low\": 5, \"high\": 20}}"}
{"op_code":6,"worker_id":"597bece5-8192-430a-bb5c-1620d7a0292f-139906009941824","trial_id":9,"state":1,"values":[0.6477272727272727],"datetime_complete":"2026-04-05T23:03:18.518543"}
{"op_code":4,"worker_id":"597bece5-8192-430a-bb5c-1620d7a0292f-139906009941824","study_id":0,"datetime_start":"2026-04-05T23:03:18.532716"}
{"op_code":5,"worker_id":"597bece5-8192-430a-bb5c-1620d7a0292f-139906009941824","trial_id":10,"param_name":"n_estimators","param_value_internal":193.0,"distribution":"{\"name\": \"IntDistribution\", \"attributes\": {\"log\": false, \"step\": 1, \"low\": 50, \"high\": 200}}"}
{"op_code":5,"worker_id":"597bece5-8192-430a-bb5c-1620d7a0292f-139906009941824","trial_id":10,"param_name":"min_samples_split","param_value_internal":20.0,"distribution":"{\"name\": \"IntDistribution\", \"attributes\": {\"log\": false, \"step\": 1, \"low\": 5, \"high\": 20}}"}
{"op_code":5,"worker_id":"597bece5-8192-430a-bb5c-1620d7a0292f-139906009941824","trial_id":10,"param_name":"min_samples_leaf","param_value_internal":20.0,"distribution":"{\"name\": \"IntDistribution\", \"attributes\": {\"log\": false, \"step\": 1, \"low\": 5, \"high\": 20}}"}
{"op_code":6,"worker_id":"597bece5-8192-430a-bb5c-1620d7a0292f-139906009941824","trial_id":10,"state":1,"values":[0.7102272727272727],"datetime_complete":"2026-04-05T23:03:18.791190"}
{"op_code":4,"worker_id":"597bece5-8192-430a-bb5c-1620d7a0292f-139906009941824","study_id":0,"datetime_start":"2026-04-05T23:03:18.805654"}
{"op_code":5,"worker_id":"597bece5-8192-430a-bb5c-1620d7a0292f-139906009941824","trial_id":11,"param_name":"n_estimators","param_value_internal":200.0,"distribution":"{\"name\": \"IntDistribution\", \"attributes\": {\"log\": false, \"step\": 1, \"low\": 50, \"high\": 200}}"}
{"op_code":5,"worker_id":"597bece5-8192-430a-bb5c-1620d7a0292f-139906009941824","trial_id":11,"param_name":"min_samples_split","param_value_internal":20.0,"distribution":"{\"name\": \"IntDistribution\", \"attributes\": {\"log\": false, \"step\": 1, \"low\": 5, \"high\": 20}}"}
{"op_code":5,"worker_id":"597bece5-8192-430a-bb5c-1620d7a0292f-139906009941824","trial_id":11,"param_name":"min_samples_leaf","param_value_internal":20.0,"distribution":"{\"name\": \"IntDistribution\", \"attributes\": {\"log\": false, \"step\": 1, \"low\": 5, \"high\": 20}}"}
{"op_code":6,"worker_id":"597bece5-8192-430a-bb5c-1620d7a0292f-139906009941824","trial_id":11,"state":1,"values":[0.7329545454545454],"datetime_complete":"2026-04-05T23:03:19.056758"}
{"op_code":4,"worker_id":"597bece5-8192-430a-bb5c-1620d7a0292f-139906009941824","study_id":0,"datetime_start":"2026-04-05T23:03:19.071090"}
{"op_code":5,"worker_id":"597bece5-8192-430a-bb5c-1620d7a0292f-139906009941824","trial_id":12,"param_name":"n_estimators","param_value_internal":200.0,"distribution":"{\"name\": \"IntDistribution\", \"attributes\": {\"log\": false, \"step\": 1, \"low\": 50, \"high\": 200}}"}
{"op_code":5,"worker_id":"597bece5-8192-430a-bb5c-1620d7a0292f-139906009941824","trial_id":12,"param_name":"min_samples_split","param_value_internal":20.0,"distribution":"{\"name\": \"IntDistribution\", \"attributes\": {\"log\": false, \"step\": 1, \"low\": 5, \"high\": 20}}"}
{"op_code":5,"worker_id":"597bece5-8192-430a-bb5c-1620d7a0292f-139906009941824","trial_id":12,"param_name":"min_samples_leaf","param_value_internal":20.0,"distribution":"{\"name\": \"IntDistribution\", \"attributes\": {\"log\": false, \"step\": 1, \"low\": 5, \"high\": 20}}"}
{"op_code":6,"worker_id":"597bece5-8192-430a-bb5c-1620d7a0292f-139906009941824","trial_id":12,"state":1,"values":[0.7329545454545454],"datetime_complete":"2026-04-05T23:03:19.320367"}
{"op_code":4,"worker_id":"597bece5-8192-430a-bb5c-1620d7a0292f-139906009941824","study_id":0,"datetime_start":"2026-04-05T23:03:19.335347"}
{"op_code":5,"worker_id":"597bece5-8192-430a-bb5c-1620d7a0292f-139906009941824","trial_id":13,"param_name":"n_estimators","param_value_internal":173.0,"distribution":"{\"name\": \"IntDistribution\", \"attributes\": {\"log\": false, \"step\": 1, \"low\": 50, \"high\": 200}}"}
{"op_code":5,"worker_id":"597bece5-8192-430a-bb5c-1620d7a0292f-139906009941824","trial_id":13,"param_name":"min_samples_split","param_value_internal":20.0,"distribution":"{\"name\": \"IntDistribution\", \"attributes\": {\"log\": false, \"step\": 1, \"low\": 5, \"high\": 20}}"}
{"op_code":5,"worker_id":"597bece5-8192-430a-bb5c-1620d7a0292f-139906009941824","trial_id":13,"param_name":"min_samples_leaf","param_value_internal":17.0,"distribution":"{\"name\": \"IntDistribution\", \"attributes\": {\"log\": false, \"step\": 1, \"low\": 5, \"high\": 20}}"}
{"op_code":6,"worker_id":"597bece5-8192-430a-bb5c-1620d7a0292f-139906009941824","trial_id":13,"state":1,"values":[0.7159090909090909],"datetime_complete":"2026-04-05T23:03:19.559839"}
{"op_code":4,"worker_id":"597bece5-8192-430a-bb5c-1620d7a0292f-139906009941824","study_id":0,"datetime_start":"2026-04-05T23:03:19.575060"}
{"op_code":5,"worker_id":"597bece5-8192-430a-bb5c-1620d7a0292f-139906009941824","trial_id":14,"param_name":"n_estimators","param_value_internal":176.0,"distribution":"{\"name\": \"IntDistribution\", \"attributes\": {\"log\": false, \"step\": 1, \"low\": 50, \"high\": 200}}"}
{"op_code":5,"worker_id":"597bece5-8192-430a-bb5c-1620d7a0292f-139906009941824","trial_id":14,"param_name":"min_samples_split","param_value_internal":6.0,"distribution":"{\"name\": \"IntDistribution\", \"attributes\": {\"log\": false, \"step\": 1, \"low\": 5, \"high\": 20}}"}
{"op_code":5,"worker_id":"597bece5-8192-430a-bb5c-1620d7a0292f-139906009941824","trial_id":14,"param_name":"min_samples_leaf","param_value_internal":18.0,"distribution":"{\"name\": \"IntDistribution\", \"attributes\": {\"log\": false, \"step\": 1, \"low\": 5, \"high\": 20}}"}
{"op_code":6,"worker_id":"597bece5-8192-430a-bb5c-1620d7a0292f-139906009941824","trial_id":14,"state":1,"values":[0.7045454545454546],"datetime_complete":"2026-04-05T23:03:19.820112"}
{"op_code":4,"worker_id":"597bece5-8192-430a-bb5c-1620d7a0292f-139906009941824","study_id":0,"datetime_start":"2026-04-05T23:03:19.834713"}
{"op_code":5,"worker_id":"597bece5-8192-430a-bb5c-1620d7a0292f-139906009941824","trial_id":15,"param_name":"n_estimators","param_value_internal":62.0,"distribution":"{\"name\": \"IntDistribution\", \"attributes\": {\"log\": false, \"step\": 1, \"low\": 50, \"high\": 200}}"}
{"op_code":5,"worker_id":"597bece5-8192-430a-bb5c-1620d7a0292f-139906009941824","trial_id":15,"param_name":"min_samples_split","param_value_internal":9.0,"distribution":"{\"name\": \"IntDistribution\", \"attributes\": {\"log\": false, \"step\": 1, \"low\": 5, \"high\": 20}}"}
{"op_code":5,"worker_id":"597bece5-8192-430a-bb5c-1620d7a0292f-139906009941824","trial_id":15,"param_name":"min_samples_leaf","param_value_internal":16.0,"distribution":"{\"name\": \"IntDistribution\", \"attributes\": {\"log\": false, \"step\": 1, \"low\": 5, \"high\": 20}}"}
{"op_code":6,"worker_id":"597bece5-8192-430a-bb5c-1620d7a0292f-139906009941824","trial_id":15,"state":1,"values":[0.7386363636363636],"datetime_complete":"2026-04-05T23:03:19.969316"}
{"op_code":4,"worker_id":"597bece5-8192-430a-bb5c-1620d7a0292f-139906009941824","study_id":0,"datetime_start":"2026-04-05T23:03:19.984808"}
{"op_code":5,"worker_id":"597bece5-8192-430a-bb5c-1620d7a0292f-139906009941824","trial_id":16,"param_name":"n_estimators","param_value_internal":61.0,"distribution":"{\"name\": \"IntDistribution\", \"attributes\": {\"log\": false, \"step\": 1, \"low\": 50, \"high\": 200}}"}
{"op_code":5,"worker_id":"597bece5-8192-430a-bb5c-1620d7a0292f-139906009941824","trial_id":16,"param_name":"min_samples_split","param_value_internal":10.0,"distribution":"{\"name\": \"IntDistribution\", \"attributes\": {\"log\": false, \"step\": 1, \"low\": 5, \"high\": 20}}"}
{"op_code":5,"worker_id":"597bece5-8192-430a-bb5c-1620d7a0292f-139906009941824","trial_id":16,"param_name":"min_samples_leaf","param_value_internal":16.0,"distribution":"{\"name\": \"IntDistribution\", \"attributes\": {\"log\": false, \"step\": 1, \"low\": 5, \"high\": 20}}"}
{"op_code":6,"worker_id":"597bece5-8192-430a-bb5c-1620d7a0292f-139906009941824","trial_id":16,"state":1,"values":[0.7386363636363636],"datetime_complete":"2026-04-05T23:03:20.126164"}
{"op_code":4,"worker_id":"597bece5-8192-430a-bb5c-1620d7a0292f-139906009941824","study_id":0,"datetime_start":"2026-04-05T23:03:20.140775"}
{"op_code":5,"worker_id":"597bece5-8192-430a-bb5c-1620d7a0292f-139906009941824","trial_id":17,"param_name":"n_estimators","param_value_internal":50.0,"distribution":"{\"name\": \"IntDistribution\", \"attributes\": {\"log\": false, \"step\": 1, \"low\": 50, \"high\": 200}}"}
{"op_code":5,"worker_id":"597bece5-8192-430a-bb5c-1620d7a0292f-139906009941824","trial_id":17,"param_name":"min_samples_split","param_value_internal":8.0,"distribution":"{\"name\": \"IntDistribution\", \"attributes\": {\"log\": false, \"step\": 1, \"low\": 5, \"high\": 20}}"}
{"op_code":5,"worker_id":"597bece5-8192-430a-bb5c-1620d7a0292f-139906009941824","trial_id":17,"param_name":"min_samples_leaf","param_value_internal":16.0,"distribution":"{\"name\": \"IntDistribution\", \"attributes\": {\"log\": false, \"step\": 1, \"low\": 5, \"high\": 20}}"}
{"op_code":6,"worker_id":"597bece5-8192-430a-bb5c-1620d7a0292f-139906009941824","trial_id":17,"state":1,"values":[0.7272727272727273],"datetime_complete":"2026-04-05T23:03:20.260448"}
{"op_code":4,"worker_id":"597bece5-8192-430a-bb5c-1620d7a0292f-139906009941824","study_id":0,"datetime_start":"2026-04-05T23:03:20.275931"}
{"op_code":5,"worker_id":"597bece5-8192-430a-bb5c-1620d7a0292f-139906009941824","trial_id":18,"param_name":"n_estimators","param_value_internal":53.0,"distribution":"{\"name\": \"IntDistribution\", \"attributes\": {\"log\": false, \"step\": 1, \"low\": 50, \"high\": 200}}"}
{"op_code":5,"worker_id":"597bece5-8192-430a-bb5c-1620d7a0292f-139906009941824","trial_id":18,"param_name":"min_samples_split","param_value_internal":10.0,"distribution":"{\"name\": \"IntDistribution\", \"attributes\": {\"log\": false, \"step\": 1, \"low\": 5, \"high\": 20}}"}
{"op_code":5,"worker_id":"597bece5-8192-430a-bb5c-1620d7a0292f-139906009941824","trial_id":18,"param_name":"min_samples_leaf","param_value_internal":13.0,"distribution":"{\"name\": \"IntDistribution\", \"attributes\": {\"log\": false, \"step\": 1, \"low\": 5, \"high\": 20}}"}
{"op_code":6,"worker_id":"597bece5-8192-430a-bb5c-1620d7a0292f-139906009941824","trial_id":18,"state":1,"values":[0.6590909090909091],"datetime_complete":"2026-04-05T23:03:20.399136"}
{"op_code":4,"worker_id":"597bece5-8192-430a-bb5c-1620d7a0292f-139906009941824","study_id":0,"datetime_start":"2026-04-05T23:03:20.415300"}
{"op_code":5,"worker_id":"597bece5-8192-430a-bb5c-1620d7a0292f-139906009941824","trial_id":19,"param_name":"n_estimators","param_value_internal":77.0,"distribution":"{\"name\": \"IntDistribution\", \"attributes\": {\"log\": false, \"step\": 1, \"low\": 50, \"high\": 200}}"}
{"op_code":5,"worker_id":"597bece5-8192-430a-bb5c-1620d7a0292f-139906009941824","trial_id":19,"param_name":"min_samples_split","param_value_internal":9.0,"distribution":"{\"name\": \"IntDistribution\", \"attributes\": {\"log\": false, \"step\": 1, \"low\": 5, \"high\": 20}}"}
{"op_code":5,"worker_id":"597bece5-8192-430a-bb5c-1620d7a0292f-139906009941824","trial_id":19,"param_name":"min_samples_leaf","param_value_internal":16.0,"distribution":"{\"name\": \"IntDistribution\", \"attributes\": {\"log\": false, \"step\": 1, \"low\": 5, \"high\": 20}}"}
{"op_code":6,"worker_id":"597bece5-8192-430a-bb5c-1620d7a0292f-139906009941824","trial_id":19,"state":1,"values":[0.7272727272727273],"datetime_complete":"2026-04-05T23:03:20.566660"}
