{"op_code":0,"worker_id":"4ecbe98c-4b33-46a7-8494-8d4f297a175c-140544486217536","study_name":"tabdpt_pchazard","directions":[2]}
{"op_code":4,"worker_id":"4ecbe98c-4b33-46a7-8494-8d4f297a175c-140544486217536","study_id":0,"datetime_start":"2026-04-01T03:01:01.745767"}
{"op_code":5,"worker_id":"4ecbe98c-4b33-46a7-8494-8d4f297a175c-140544486217536","trial_id":0,"param_name":"lr","param_value_internal":0.0295679544154628,"distribution":"{\"name\": \"FloatDistribution\", \"attributes\": {\"step\": null, \"low\": 0.0001, \"high\": 0.1, \"log\": true}}"}
{"op_code":5,"worker_id":"4ecbe98c-4b33-46a7-8494-8d4f297a175c-140544486217536","trial_id":0,"param_name":"dropout","param_value_internal":0.4470993502169885,"distribution":"{\"name\": \"FloatDistribution\", \"attributes\": {\"step\": null, \"low\": 0.0, \"high\": 0.5, \"log\": false}}"}
{"op_code":5,"worker_id":"4ecbe98c-4b33-46a7-8494-8d4f297a175c-140544486217536","trial_id":0,"param_name":"nodes","param_value_internal":2,"distribution":"{\"name\": \"CategoricalDistribution\", \"attributes\": {\"choices\": [\"64-64\", \"128-64\", \"256-128\"]}}"}
{"op_code":6,"worker_id":"4ecbe98c-4b33-46a7-8494-8d4f297a175c-140544486217536","trial_id":0,"state":1,"values":[0.5221838026995501],"datetime_complete":"2026-04-01T03:01:03.532644"}
{"op_code":4,"worker_id":"4ecbe98c-4b33-46a7-8494-8d4f297a175c-140544486217536","study_id":0,"datetime_start":"2026-04-01T03:01:03.545123"}
{"op_code":5,"worker_id":"4ecbe98c-4b33-46a7-8494-8d4f297a175c-140544486217536","trial_id":1,"param_name":"lr","param_value_internal":0.0007482866719182507,"distribution":"{\"name\": \"FloatDistribution\", \"attributes\": {\"step\": null, \"low\": 0.0001, \"high\": 0.1, \"log\": true}}"}
{"op_code":5,"worker_id":"4ecbe98c-4b33-46a7-8494-8d4f297a175c-140544486217536","trial_id":1,"param_name":"dropout","param_value_internal":0.10250500170574417,"distribution":"{\"name\": \"FloatDistribution\", \"attributes\": {\"step\": null, \"low\": 0.0, \"high\": 0.5, \"log\": false}}"}
{"op_code":5,"worker_id":"4ecbe98c-4b33-46a7-8494-8d4f297a175c-140544486217536","trial_id":1,"param_name":"nodes","param_value_internal":2,"distribution":"{\"name\": \"CategoricalDistribution\", \"attributes\": {\"choices\": [\"64-64\", \"128-64\", \"256-128\"]}}"}
{"op_code":6,"worker_id":"4ecbe98c-4b33-46a7-8494-8d4f297a175c-140544486217536","trial_id":1,"state":1,"values":[0.5198091984669222],"datetime_complete":"2026-04-01T03:01:05.316500"}
{"op_code":4,"worker_id":"4ecbe98c-4b33-46a7-8494-8d4f297a175c-140544486217536","study_id":0,"datetime_start":"2026-04-01T03:01:05.329689"}
{"op_code":5,"worker_id":"4ecbe98c-4b33-46a7-8494-8d4f297a175c-140544486217536","trial_id":2,"param_name":"lr","param_value_internal":0.00011607262040479844,"distribution":"{\"name\": \"FloatDistribution\", \"attributes\": {\"step\": null, \"low\": 0.0001, \"high\": 0.1, \"log\": true}}"}
{"op_code":5,"worker_id":"4ecbe98c-4b33-46a7-8494-8d4f297a175c-140544486217536","trial_id":2,"param_name":"dropout","param_value_internal":0.10970524480978228,"distribution":"{\"name\": \"FloatDistribution\", \"attributes\": {\"step\": null, \"low\": 0.0, \"high\": 0.5, \"log\": false}}"}
{"op_code":5,"worker_id":"4ecbe98c-4b33-46a7-8494-8d4f297a175c-140544486217536","trial_id":2,"param_name":"nodes","param_value_internal":0,"distribution":"{\"name\": \"CategoricalDistribution\", \"attributes\": {\"choices\": [\"64-64\", \"128-64\", \"256-128\"]}}"}
{"op_code":6,"worker_id":"4ecbe98c-4b33-46a7-8494-8d4f297a175c-140544486217536","trial_id":2,"state":1,"values":[0.5308073654390935],"datetime_complete":"2026-04-01T03:01:07.094397"}
{"op_code":4,"worker_id":"4ecbe98c-4b33-46a7-8494-8d4f297a175c-140544486217536","study_id":0,"datetime_start":"2026-04-01T03:01:07.106082"}
{"op_code":5,"worker_id":"4ecbe98c-4b33-46a7-8494-8d4f297a175c-140544486217536","trial_id":3,"param_name":"lr","param_value_internal":0.0026704358729099267,"distribution":"{\"name\": \"FloatDistribution\", \"attributes\": {\"step\": null, \"low\": 0.0001, \"high\": 0.1, \"log\": true}}"}
{"op_code":5,"worker_id":"4ecbe98c-4b33-46a7-8494-8d4f297a175c-140544486217536","trial_id":3,"param_name":"dropout","param_value_internal":0.3208628913255138,"distribution":"{\"name\": \"FloatDistribution\", \"attributes\": {\"step\": null, \"low\": 0.0, \"high\": 0.5, \"log\": false}}"}
{"op_code":5,"worker_id":"4ecbe98c-4b33-46a7-8494-8d4f297a175c-140544486217536","trial_id":3,"param_name":"nodes","param_value_internal":1,"distribution":"{\"name\": \"CategoricalDistribution\", \"attributes\": {\"choices\": [\"64-64\", \"128-64\", \"256-128\"]}}"}
{"op_code":6,"worker_id":"4ecbe98c-4b33-46a7-8494-8d4f297a175c-140544486217536","trial_id":3,"state":1,"values":[0.5088110314947508],"datetime_complete":"2026-04-01T03:01:08.895644"}
{"op_code":4,"worker_id":"4ecbe98c-4b33-46a7-8494-8d4f297a175c-140544486217536","study_id":0,"datetime_start":"2026-04-01T03:01:08.913567"}
{"op_code":5,"worker_id":"4ecbe98c-4b33-46a7-8494-8d4f297a175c-140544486217536","trial_id":4,"param_name":"lr","param_value_internal":0.007680567929762528,"distribution":"{\"name\": \"FloatDistribution\", \"attributes\": {\"step\": null, \"low\": 0.0001, \"high\": 0.1, \"log\": true}}"}
{"op_code":5,"worker_id":"4ecbe98c-4b33-46a7-8494-8d4f297a175c-140544486217536","trial_id":4,"param_name":"dropout","param_value_internal":0.2553633770950308,"distribution":"{\"name\": \"FloatDistribution\", \"attributes\": {\"step\": null, \"low\": 0.0, \"high\": 0.5, \"log\": false}}"}
{"op_code":5,"worker_id":"4ecbe98c-4b33-46a7-8494-8d4f297a175c-140544486217536","trial_id":4,"param_name":"nodes","param_value_internal":1,"distribution":"{\"name\": \"CategoricalDistribution\", \"attributes\": {\"choices\": [\"64-64\", \"128-64\", \"256-128\"]}}"}
{"op_code":6,"worker_id":"4ecbe98c-4b33-46a7-8494-8d4f297a175c-140544486217536","trial_id":4,"state":1,"values":[0.5251624729211798],"datetime_complete":"2026-04-01T03:01:10.679799"}
{"op_code":4,"worker_id":"4ecbe98c-4b33-46a7-8494-8d4f297a175c-140544486217536","study_id":0,"datetime_start":"2026-04-01T03:01:10.693067"}
{"op_code":5,"worker_id":"4ecbe98c-4b33-46a7-8494-8d4f297a175c-140544486217536","trial_id":5,"param_name":"lr","param_value_internal":0.0008807921478314522,"distribution":"{\"name\": \"FloatDistribution\", \"attributes\": {\"step\": null, \"low\": 0.0001, \"high\": 0.1, \"log\": true}}"}
{"op_code":5,"worker_id":"4ecbe98c-4b33-46a7-8494-8d4f297a175c-140544486217536","trial_id":5,"param_name":"dropout","param_value_internal":0.39730177985926834,"distribution":"{\"name\": \"FloatDistribution\", \"attributes\": {\"step\": null, \"low\": 0.0, \"high\": 0.5, \"log\": false}}"}
{"op_code":5,"worker_id":"4ecbe98c-4b33-46a7-8494-8d4f297a175c-140544486217536","trial_id":5,"param_name":"nodes","param_value_internal":1,"distribution":"{\"name\": \"CategoricalDistribution\", \"attributes\": {\"choices\": [\"64-64\", \"128-64\", \"256-128\"]}}"}
{"op_code":6,"worker_id":"4ecbe98c-4b33-46a7-8494-8d4f297a175c-140544486217536","trial_id":5,"state":1,"values":[0.539576737210465],"datetime_complete":"2026-04-01T03:01:12.457515"}
{"op_code":4,"worker_id":"4ecbe98c-4b33-46a7-8494-8d4f297a175c-140544486217536","study_id":0,"datetime_start":"2026-04-01T03:01:12.468971"}
{"op_code":5,"worker_id":"4ecbe98c-4b33-46a7-8494-8d4f297a175c-140544486217536","trial_id":6,"param_name":"lr","param_value_internal":0.00020069768843436933,"distribution":"{\"name\": \"FloatDistribution\", \"attributes\": {\"step\": null, \"low\": 0.0001, \"high\": 0.1, \"log\": true}}"}
{"op_code":5,"worker_id":"4ecbe98c-4b33-46a7-8494-8d4f297a175c-140544486217536","trial_id":6,"param_name":"dropout","param_value_internal":0.0007089450840344624,"distribution":"{\"name\": \"FloatDistribution\", \"attributes\": {\"step\": null, \"low\": 0.0, \"high\": 0.5, \"log\": false}}"}
{"op_code":5,"worker_id":"4ecbe98c-4b33-46a7-8494-8d4f297a175c-140544486217536","trial_id":6,"param_name":"nodes","param_value_internal":1,"distribution":"{\"name\": \"CategoricalDistribution\", \"attributes\": {\"choices\": [\"64-64\", \"128-64\", \"256-128\"]}}"}
{"op_code":6,"worker_id":"4ecbe98c-4b33-46a7-8494-8d4f297a175c-140544486217536","trial_id":6,"state":1,"values":[0.5205382436260623],"datetime_complete":"2026-04-01T03:01:14.245161"}
{"op_code":4,"worker_id":"4ecbe98c-4b33-46a7-8494-8d4f297a175c-140544486217536","study_id":0,"datetime_start":"2026-04-01T03:01:14.258342"}
{"op_code":5,"worker_id":"4ecbe98c-4b33-46a7-8494-8d4f297a175c-140544486217536","trial_id":7,"param_name":"lr","param_value_internal":0.014059078105688379,"distribution":"{\"name\": \"FloatDistribution\", \"attributes\": {\"step\": null, \"low\": 0.0001, \"high\": 0.1, \"log\": true}}"}
{"op_code":5,"worker_id":"4ecbe98c-4b33-46a7-8494-8d4f297a175c-140544486217536","trial_id":7,"param_name":"dropout","param_value_internal":0.2638837773285416,"distribution":"{\"name\": \"FloatDistribution\", \"attributes\": {\"step\": null, \"low\": 0.0, \"high\": 0.5, \"log\": false}}"}
{"op_code":5,"worker_id":"4ecbe98c-4b33-46a7-8494-8d4f297a175c-140544486217536","trial_id":7,"param_name":"nodes","param_value_internal":2,"distribution":"{\"name\": \"CategoricalDistribution\", \"attributes\": {\"choices\": [\"64-64\", \"128-64\", \"256-128\"]}}"}
{"op_code":6,"worker_id":"4ecbe98c-4b33-46a7-8494-8d4f297a175c-140544486217536","trial_id":7,"state":1,"values":[0.5182052991168139],"datetime_complete":"2026-04-01T03:01:16.024983"}
{"op_code":4,"worker_id":"4ecbe98c-4b33-46a7-8494-8d4f297a175c-140544486217536","study_id":0,"datetime_start":"2026-04-01T03:01:16.043221"}
{"op_code":5,"worker_id":"4ecbe98c-4b33-46a7-8494-8d4f297a175c-140544486217536","trial_id":8,"param_name":"lr","param_value_internal":0.004259576303951278,"distribution":"{\"name\": \"FloatDistribution\", \"attributes\": {\"step\": null, \"low\": 0.0001, \"high\": 0.1, \"log\": true}}"}
{"op_code":5,"worker_id":"4ecbe98c-4b33-46a7-8494-8d4f297a175c-140544486217536","trial_id":8,"param_name":"dropout","param_value_internal":0.21232779452295963,"distribution":"{\"name\": \"FloatDistribution\", \"attributes\": {\"step\": null, \"low\": 0.0, \"high\": 0.5, \"log\": false}}"}
{"op_code":5,"worker_id":"4ecbe98c-4b33-46a7-8494-8d4f297a175c-140544486217536","trial_id":8,"param_name":"nodes","param_value_internal":1,"distribution":"{\"name\": \"CategoricalDistribution\", \"attributes\": {\"choices\": [\"64-64\", \"128-64\", \"256-128\"]}}"}
{"op_code":6,"worker_id":"4ecbe98c-4b33-46a7-8494-8d4f297a175c-140544486217536","trial_id":8,"state":1,"values":[0.5285994000999833],"datetime_complete":"2026-04-01T03:01:17.807825"}
{"op_code":4,"worker_id":"4ecbe98c-4b33-46a7-8494-8d4f297a175c-140544486217536","study_id":0,"datetime_start":"2026-04-01T03:01:17.825555"}
{"op_code":5,"worker_id":"4ecbe98c-4b33-46a7-8494-8d4f297a175c-140544486217536","trial_id":9,"param_name":"lr","param_value_internal":0.00019860564856014884,"distribution":"{\"name\": \"FloatDistribution\", \"attributes\": {\"step\": null, \"low\": 0.0001, \"high\": 0.1, \"log\": true}}"}
{"op_code":5,"worker_id":"4ecbe98c-4b33-46a7-8494-8d4f297a175c-140544486217536","trial_id":9,"param_name":"dropout","param_value_internal":0.42332111346108187,"distribution":"{\"name\": \"FloatDistribution\", \"attributes\": {\"step\": null, \"low\": 0.0, \"high\": 0.5, \"log\": false}}"}
{"op_code":5,"worker_id":"4ecbe98c-4b33-46a7-8494-8d4f297a175c-140544486217536","trial_id":9,"param_name":"nodes","param_value_internal":1,"distribution":"{\"name\": \"CategoricalDistribution\", \"attributes\": {\"choices\": [\"64-64\", \"128-64\", \"256-128\"]}}"}
{"op_code":6,"worker_id":"4ecbe98c-4b33-46a7-8494-8d4f297a175c-140544486217536","trial_id":9,"state":1,"values":[0.5476795534077654],"datetime_complete":"2026-04-01T03:01:19.603802"}
{"op_code":4,"worker_id":"4ecbe98c-4b33-46a7-8494-8d4f297a175c-140544486217536","study_id":0,"datetime_start":"2026-04-01T03:01:19.617145"}
{"op_code":5,"worker_id":"4ecbe98c-4b33-46a7-8494-8d4f297a175c-140544486217536","trial_id":10,"param_name":"lr","param_value_internal":0.08894058823313819,"distribution":"{\"name\": \"FloatDistribution\", \"attributes\": {\"step\": null, \"low\": 0.0001, \"high\": 0.1, \"log\": true}}"}
{"op_code":5,"worker_id":"4ecbe98c-4b33-46a7-8494-8d4f297a175c-140544486217536","trial_id":10,"param_name":"dropout","param_value_internal":0.48991729471073897,"distribution":"{\"name\": \"FloatDistribution\", \"attributes\": {\"step\": null, \"low\": 0.0, \"high\": 0.5, \"log\": false}}"}
{"op_code":5,"worker_id":"4ecbe98c-4b33-46a7-8494-8d4f297a175c-140544486217536","trial_id":10,"param_name":"nodes","param_value_internal":0,"distribution":"{\"name\": \"CategoricalDistribution\", \"attributes\": {\"choices\": [\"64-64\", \"128-64\", \"256-128\"]}}"}
{"op_code":6,"worker_id":"4ecbe98c-4b33-46a7-8494-8d4f297a175c-140544486217536","trial_id":10,"state":1,"values":[0.5042492917847026],"datetime_complete":"2026-04-01T03:01:21.381726"}
{"op_code":4,"worker_id":"4ecbe98c-4b33-46a7-8494-8d4f297a175c-140544486217536","study_id":0,"datetime_start":"2026-04-01T03:01:21.396271"}
{"op_code":5,"worker_id":"4ecbe98c-4b33-46a7-8494-8d4f297a175c-140544486217536","trial_id":11,"param_name":"lr","param_value_internal":0.0006857211708010812,"distribution":"{\"name\": \"FloatDistribution\", \"attributes\": {\"step\": null, \"low\": 0.0001, \"high\": 0.1, \"log\": true}}"}
{"op_code":5,"worker_id":"4ecbe98c-4b33-46a7-8494-8d4f297a175c-140544486217536","trial_id":11,"param_name":"dropout","param_value_internal":0.3983336739958213,"distribution":"{\"name\": \"FloatDistribution\", \"attributes\": {\"step\": null, \"low\": 0.0, \"high\": 0.5, \"log\": false}}"}
{"op_code":5,"worker_id":"4ecbe98c-4b33-46a7-8494-8d4f297a175c-140544486217536","trial_id":11,"param_name":"nodes","param_value_internal":1,"distribution":"{\"name\": \"CategoricalDistribution\", \"attributes\": {\"choices\": [\"64-64\", \"128-64\", \"256-128\"]}}"}
{"op_code":6,"worker_id":"4ecbe98c-4b33-46a7-8494-8d4f297a175c-140544486217536","trial_id":11,"state":1,"values":[0.5513664389268456],"datetime_complete":"2026-04-01T03:01:23.169970"}
{"op_code":4,"worker_id":"4ecbe98c-4b33-46a7-8494-8d4f297a175c-140544486217536","study_id":0,"datetime_start":"2026-04-01T03:01:23.182134"}
{"op_code":5,"worker_id":"4ecbe98c-4b33-46a7-8494-8d4f297a175c-140544486217536","trial_id":12,"param_name":"lr","param_value_internal":0.0005229541965432226,"distribution":"{\"name\": \"FloatDistribution\", \"attributes\": {\"step\": null, \"low\": 0.0001, \"high\": 0.1, \"log\": true}}"}
{"op_code":5,"worker_id":"4ecbe98c-4b33-46a7-8494-8d4f297a175c-140544486217536","trial_id":12,"param_name":"dropout","param_value_internal":0.3668003073166899,"distribution":"{\"name\": \"FloatDistribution\", \"attributes\": {\"step\": null, \"low\": 0.0, \"high\": 0.5, \"log\": false}}"}
{"op_code":5,"worker_id":"4ecbe98c-4b33-46a7-8494-8d4f297a175c-140544486217536","trial_id":12,"param_name":"nodes","param_value_internal":1,"distribution":"{\"name\": \"CategoricalDistribution\", \"attributes\": {\"choices\": [\"64-64\", \"128-64\", \"256-128\"]}}"}
{"op_code":6,"worker_id":"4ecbe98c-4b33-46a7-8494-8d4f297a175c-140544486217536","trial_id":12,"state":1,"values":[0.5531578070321613],"datetime_complete":"2026-04-01T03:01:24.960623"}
{"op_code":4,"worker_id":"4ecbe98c-4b33-46a7-8494-8d4f297a175c-140544486217536","study_id":0,"datetime_start":"2026-04-01T03:01:24.975756"}
{"op_code":5,"worker_id":"4ecbe98c-4b33-46a7-8494-8d4f297a175c-140544486217536","trial_id":13,"param_name":"lr","param_value_internal":0.0007404089158715209,"distribution":"{\"name\": \"FloatDistribution\", \"attributes\": {\"step\": null, \"low\": 0.0001, \"high\": 0.1, \"log\": true}}"}
{"op_code":5,"worker_id":"4ecbe98c-4b33-46a7-8494-8d4f297a175c-140544486217536","trial_id":13,"param_name":"dropout","param_value_internal":0.33174015877733914,"distribution":"{\"name\": \"FloatDistribution\", \"attributes\": {\"step\": null, \"low\": 0.0, \"high\": 0.5, \"log\": false}}"}
{"op_code":5,"worker_id":"4ecbe98c-4b33-46a7-8494-8d4f297a175c-140544486217536","trial_id":13,"param_name":"nodes","param_value_internal":1,"distribution":"{\"name\": \"CategoricalDistribution\", \"attributes\": {\"choices\": [\"64-64\", \"128-64\", \"256-128\"]}}"}
{"op_code":6,"worker_id":"4ecbe98c-4b33-46a7-8494-8d4f297a175c-140544486217536","trial_id":13,"state":1,"values":[0.5337235460756541],"datetime_complete":"2026-04-01T03:01:26.747815"}
{"op_code":4,"worker_id":"4ecbe98c-4b33-46a7-8494-8d4f297a175c-140544486217536","study_id":0,"datetime_start":"2026-04-01T03:01:26.767331"}
{"op_code":5,"worker_id":"4ecbe98c-4b33-46a7-8494-8d4f297a175c-140544486217536","trial_id":14,"param_name":"lr","param_value_internal":0.0016269986446980891,"distribution":"{\"name\": \"FloatDistribution\", \"attributes\": {\"step\": null, \"low\": 0.0001, \"high\": 0.1, \"log\": true}}"}
{"op_code":5,"worker_id":"4ecbe98c-4b33-46a7-8494-8d4f297a175c-140544486217536","trial_id":14,"param_name":"dropout","param_value_internal":0.35739547158779467,"distribution":"{\"name\": \"FloatDistribution\", \"attributes\": {\"step\": null, \"low\": 0.0, \"high\": 0.5, \"log\": false}}"}
{"op_code":5,"worker_id":"4ecbe98c-4b33-46a7-8494-8d4f297a175c-140544486217536","trial_id":14,"param_name":"nodes","param_value_internal":1,"distribution":"{\"name\": \"CategoricalDistribution\", \"attributes\": {\"choices\": [\"64-64\", \"128-64\", \"256-128\"]}}"}
{"op_code":6,"worker_id":"4ecbe98c-4b33-46a7-8494-8d4f297a175c-140544486217536","trial_id":14,"state":1,"values":[0.5395350774870855],"datetime_complete":"2026-04-01T03:01:28.537306"}
{"op_code":4,"worker_id":"4ecbe98c-4b33-46a7-8494-8d4f297a175c-140544486217536","study_id":0,"datetime_start":"2026-04-01T03:01:28.550330"}
{"op_code":5,"worker_id":"4ecbe98c-4b33-46a7-8494-8d4f297a175c-140544486217536","trial_id":15,"param_name":"lr","param_value_internal":0.00038939542281308994,"distribution":"{\"name\": \"FloatDistribution\", \"attributes\": {\"step\": null, \"low\": 0.0001, \"high\": 0.1, \"log\": true}}"}
{"op_code":5,"worker_id":"4ecbe98c-4b33-46a7-8494-8d4f297a175c-140544486217536","trial_id":15,"param_name":"dropout","param_value_internal":0.4934098058816935,"distribution":"{\"name\": \"FloatDistribution\", \"attributes\": {\"step\": null, \"low\": 0.0, \"high\": 0.5, \"log\": false}}"}
{"op_code":5,"worker_id":"4ecbe98c-4b33-46a7-8494-8d4f297a175c-140544486217536","trial_id":15,"param_name":"nodes","param_value_internal":0,"distribution":"{\"name\": \"CategoricalDistribution\", \"attributes\": {\"choices\": [\"64-64\", \"128-64\", \"256-128\"]}}"}
{"op_code":6,"worker_id":"4ecbe98c-4b33-46a7-8494-8d4f297a175c-140544486217536","trial_id":15,"state":1,"values":[0.5660931511414764],"datetime_complete":"2026-04-01T03:01:30.326258"}
{"op_code":4,"worker_id":"4ecbe98c-4b33-46a7-8494-8d4f297a175c-140544486217536","study_id":0,"datetime_start":"2026-04-01T03:01:30.340232"}
{"op_code":5,"worker_id":"4ecbe98c-4b33-46a7-8494-8d4f297a175c-140544486217536","trial_id":16,"param_name":"lr","param_value_internal":0.00032225371641216537,"distribution":"{\"name\": \"FloatDistribution\", \"attributes\": {\"step\": null, \"low\": 0.0001, \"high\": 0.1, \"log\": true}}"}
{"op_code":5,"worker_id":"4ecbe98c-4b33-46a7-8494-8d4f297a175c-140544486217536","trial_id":16,"param_name":"dropout","param_value_internal":0.48620833728478086,"distribution":"{\"name\": \"FloatDistribution\", \"attributes\": {\"step\": null, \"low\": 0.0, \"high\": 0.5, \"log\": false}}"}
{"op_code":5,"worker_id":"4ecbe98c-4b33-46a7-8494-8d4f297a175c-140544486217536","trial_id":16,"param_name":"nodes","param_value_internal":0,"distribution":"{\"name\": \"CategoricalDistribution\", \"attributes\": {\"choices\": [\"64-64\", \"128-64\", \"256-128\"]}}"}
{"op_code":6,"worker_id":"4ecbe98c-4b33-46a7-8494-8d4f297a175c-140544486217536","trial_id":16,"state":1,"values":[0.5790284952507916],"datetime_complete":"2026-04-01T03:01:32.106036"}
{"op_code":4,"worker_id":"4ecbe98c-4b33-46a7-8494-8d4f297a175c-140544486217536","study_id":0,"datetime_start":"2026-04-01T03:01:32.118858"}
{"op_code":5,"worker_id":"4ecbe98c-4b33-46a7-8494-8d4f297a175c-140544486217536","trial_id":17,"param_name":"lr","param_value_internal":0.0003454044345679878,"distribution":"{\"name\": \"FloatDistribution\", \"attributes\": {\"step\": null, \"low\": 0.0001, \"high\": 0.1, \"log\": true}}"}
{"op_code":5,"worker_id":"4ecbe98c-4b33-46a7-8494-8d4f297a175c-140544486217536","trial_id":17,"param_name":"dropout","param_value_internal":0.497776817861144,"distribution":"{\"name\": \"FloatDistribution\", \"attributes\": {\"step\": null, \"low\": 0.0, \"high\": 0.5, \"log\": false}}"}
{"op_code":5,"worker_id":"4ecbe98c-4b33-46a7-8494-8d4f297a175c-140544486217536","trial_id":17,"param_name":"nodes","param_value_internal":0,"distribution":"{\"name\": \"CategoricalDistribution\", \"attributes\": {\"choices\": [\"64-64\", \"128-64\", \"256-128\"]}}"}
{"op_code":6,"worker_id":"4ecbe98c-4b33-46a7-8494-8d4f297a175c-140544486217536","trial_id":17,"state":1,"values":[0.5523871021496417],"datetime_complete":"2026-04-01T03:01:33.893312"}
{"op_code":4,"worker_id":"4ecbe98c-4b33-46a7-8494-8d4f297a175c-140544486217536","study_id":0,"datetime_start":"2026-04-01T03:01:33.911782"}
{"op_code":5,"worker_id":"4ecbe98c-4b33-46a7-8494-8d4f297a175c-140544486217536","trial_id":18,"param_name":"lr","param_value_internal":0.001661710418516627,"distribution":"{\"name\": \"FloatDistribution\", \"attributes\": {\"step\": null, \"low\": 0.0001, \"high\": 0.1, \"log\": true}}"}
{"op_code":5,"worker_id":"4ecbe98c-4b33-46a7-8494-8d4f297a175c-140544486217536","trial_id":18,"param_name":"dropout","param_value_internal":0.4691809405154619,"distribution":"{\"name\": \"FloatDistribution\", \"attributes\": {\"step\": null, \"low\": 0.0, \"high\": 0.5, \"log\": false}}"}
{"op_code":5,"worker_id":"4ecbe98c-4b33-46a7-8494-8d4f297a175c-140544486217536","trial_id":18,"param_name":"nodes","param_value_internal":0,"distribution":"{\"name\": \"CategoricalDistribution\", \"attributes\": {\"choices\": [\"64-64\", \"128-64\", \"256-128\"]}}"}
{"op_code":6,"worker_id":"4ecbe98c-4b33-46a7-8494-8d4f297a175c-140544486217536","trial_id":18,"state":1,"values":[0.5653016163972672],"datetime_complete":"2026-04-01T03:01:35.687338"}
{"op_code":4,"worker_id":"4ecbe98c-4b33-46a7-8494-8d4f297a175c-140544486217536","study_id":0,"datetime_start":"2026-04-01T03:01:35.706926"}
{"op_code":5,"worker_id":"4ecbe98c-4b33-46a7-8494-8d4f297a175c-140544486217536","trial_id":19,"param_name":"lr","param_value_internal":0.00010810688803506021,"distribution":"{\"name\": \"FloatDistribution\", \"attributes\": {\"step\": null, \"low\": 0.0001, \"high\": 0.1, \"log\": true}}"}
{"op_code":5,"worker_id":"4ecbe98c-4b33-46a7-8494-8d4f297a175c-140544486217536","trial_id":19,"param_name":"dropout","param_value_internal":0.2963339833149137,"distribution":"{\"name\": \"FloatDistribution\", \"attributes\": {\"step\": null, \"low\": 0.0, \"high\": 0.5, \"log\": false}}"}
{"op_code":5,"worker_id":"4ecbe98c-4b33-46a7-8494-8d4f297a175c-140544486217536","trial_id":19,"param_name":"nodes","param_value_internal":0,"distribution":"{\"name\": \"CategoricalDistribution\", \"attributes\": {\"choices\": [\"64-64\", \"128-64\", \"256-128\"]}}"}
{"op_code":6,"worker_id":"4ecbe98c-4b33-46a7-8494-8d4f297a175c-140544486217536","trial_id":19,"state":1,"values":[0.49770871521413096],"datetime_complete":"2026-04-01T03:01:37.480898"}
