{"op_code":0,"worker_id":"58d4088f-4a88-497a-a500-0abf67e6a415-140485451474752","study_name":"pchazard_tuning","directions":[2]}
{"op_code":4,"worker_id":"58d4088f-4a88-497a-a500-0abf67e6a415-140485451474752","study_id":0,"datetime_start":"2026-04-06T10:25:35.110306"}
{"op_code":5,"worker_id":"58d4088f-4a88-497a-a500-0abf67e6a415-140485451474752","trial_id":0,"param_name":"lr","param_value_internal":0.0010723856016001119,"distribution":"{\"name\": \"FloatDistribution\", \"attributes\": {\"step\": null, \"low\": 0.0001, \"high\": 0.1, \"log\": true}}"}
{"op_code":5,"worker_id":"58d4088f-4a88-497a-a500-0abf67e6a415-140485451474752","trial_id":0,"param_name":"dropout","param_value_internal":0.27401052387722935,"distribution":"{\"name\": \"FloatDistribution\", \"attributes\": {\"step\": null, \"low\": 0.0, \"high\": 0.5, \"log\": false}}"}
{"op_code":5,"worker_id":"58d4088f-4a88-497a-a500-0abf67e6a415-140485451474752","trial_id":0,"param_name":"layers","param_value_internal":3.0,"distribution":"{\"name\": \"IntDistribution\", \"attributes\": {\"log\": false, \"step\": 1, \"low\": 1, \"high\": 3}}"}
{"op_code":5,"worker_id":"58d4088f-4a88-497a-a500-0abf67e6a415-140485451474752","trial_id":0,"param_name":"nodes","param_value_internal":0,"distribution":"{\"name\": \"CategoricalDistribution\", \"attributes\": {\"choices\": [32, 64, 128]}}"}
{"op_code":6,"worker_id":"58d4088f-4a88-497a-a500-0abf67e6a415-140485451474752","trial_id":0,"state":1,"values":[0.0],"datetime_complete":"2026-04-06T10:25:35.165813"}
{"op_code":4,"worker_id":"58d4088f-4a88-497a-a500-0abf67e6a415-140485451474752","study_id":0,"datetime_start":"2026-04-06T10:25:35.175227"}
{"op_code":5,"worker_id":"58d4088f-4a88-497a-a500-0abf67e6a415-140485451474752","trial_id":1,"param_name":"lr","param_value_internal":0.01107720034071653,"distribution":"{\"name\": \"FloatDistribution\", \"attributes\": {\"step\": null, \"low\": 0.0001, \"high\": 0.1, \"log\": true}}"}
{"op_code":5,"worker_id":"58d4088f-4a88-497a-a500-0abf67e6a415-140485451474752","trial_id":1,"param_name":"dropout","param_value_internal":0.11007046229405976,"distribution":"{\"name\": \"FloatDistribution\", \"attributes\": {\"step\": null, \"low\": 0.0, \"high\": 0.5, \"log\": false}}"}
{"op_code":5,"worker_id":"58d4088f-4a88-497a-a500-0abf67e6a415-140485451474752","trial_id":1,"param_name":"layers","param_value_internal":3.0,"distribution":"{\"name\": \"IntDistribution\", \"attributes\": {\"log\": false, \"step\": 1, \"low\": 1, \"high\": 3}}"}
{"op_code":5,"worker_id":"58d4088f-4a88-497a-a500-0abf67e6a415-140485451474752","trial_id":1,"param_name":"nodes","param_value_internal":1,"distribution":"{\"name\": \"CategoricalDistribution\", \"attributes\": {\"choices\": [32, 64, 128]}}"}
{"op_code":6,"worker_id":"58d4088f-4a88-497a-a500-0abf67e6a415-140485451474752","trial_id":1,"state":1,"values":[0.0],"datetime_complete":"2026-04-06T10:25:35.227339"}
{"op_code":4,"worker_id":"58d4088f-4a88-497a-a500-0abf67e6a415-140485451474752","study_id":0,"datetime_start":"2026-04-06T10:25:35.236721"}
{"op_code":5,"worker_id":"58d4088f-4a88-497a-a500-0abf67e6a415-140485451474752","trial_id":2,"param_name":"lr","param_value_internal":0.021103840541463557,"distribution":"{\"name\": \"FloatDistribution\", \"attributes\": {\"step\": null, \"low\": 0.0001, \"high\": 0.1, \"log\": true}}"}
{"op_code":5,"worker_id":"58d4088f-4a88-497a-a500-0abf67e6a415-140485451474752","trial_id":2,"param_name":"dropout","param_value_internal":0.1164558825728293,"distribution":"{\"name\": \"FloatDistribution\", \"attributes\": {\"step\": null, \"low\": 0.0, \"high\": 0.5, \"log\": false}}"}
{"op_code":5,"worker_id":"58d4088f-4a88-497a-a500-0abf67e6a415-140485451474752","trial_id":2,"param_name":"layers","param_value_internal":2.0,"distribution":"{\"name\": \"IntDistribution\", \"attributes\": {\"log\": false, \"step\": 1, \"low\": 1, \"high\": 3}}"}
{"op_code":5,"worker_id":"58d4088f-4a88-497a-a500-0abf67e6a415-140485451474752","trial_id":2,"param_name":"nodes","param_value_internal":2,"distribution":"{\"name\": \"CategoricalDistribution\", \"attributes\": {\"choices\": [32, 64, 128]}}"}
{"op_code":6,"worker_id":"58d4088f-4a88-497a-a500-0abf67e6a415-140485451474752","trial_id":2,"state":1,"values":[0.0],"datetime_complete":"2026-04-06T10:25:35.286734"}
{"op_code":4,"worker_id":"58d4088f-4a88-497a-a500-0abf67e6a415-140485451474752","study_id":0,"datetime_start":"2026-04-06T10:25:35.295796"}
{"op_code":5,"worker_id":"58d4088f-4a88-497a-a500-0abf67e6a415-140485451474752","trial_id":3,"param_name":"lr","param_value_internal":0.0006035472681950775,"distribution":"{\"name\": \"FloatDistribution\", \"attributes\": {\"step\": null, \"low\": 0.0001, \"high\": 0.1, \"log\": true}}"}
{"op_code":5,"worker_id":"58d4088f-4a88-497a-a500-0abf67e6a415-140485451474752","trial_id":3,"param_name":"dropout","param_value_internal":0.4344930177198259,"distribution":"{\"name\": \"FloatDistribution\", \"attributes\": {\"step\": null, \"low\": 0.0, \"high\": 0.5, \"log\": false}}"}
{"op_code":5,"worker_id":"58d4088f-4a88-497a-a500-0abf67e6a415-140485451474752","trial_id":3,"param_name":"layers","param_value_internal":1.0,"distribution":"{\"name\": \"IntDistribution\", \"attributes\": {\"log\": false, \"step\": 1, \"low\": 1, \"high\": 3}}"}
{"op_code":5,"worker_id":"58d4088f-4a88-497a-a500-0abf67e6a415-140485451474752","trial_id":3,"param_name":"nodes","param_value_internal":0,"distribution":"{\"name\": \"CategoricalDistribution\", \"attributes\": {\"choices\": [32, 64, 128]}}"}
{"op_code":6,"worker_id":"58d4088f-4a88-497a-a500-0abf67e6a415-140485451474752","trial_id":3,"state":1,"values":[0.0],"datetime_complete":"2026-04-06T10:25:35.347690"}
{"op_code":4,"worker_id":"58d4088f-4a88-497a-a500-0abf67e6a415-140485451474752","study_id":0,"datetime_start":"2026-04-06T10:25:35.357614"}
{"op_code":5,"worker_id":"58d4088f-4a88-497a-a500-0abf67e6a415-140485451474752","trial_id":4,"param_name":"lr","param_value_internal":0.0038661327554269337,"distribution":"{\"name\": \"FloatDistribution\", \"attributes\": {\"step\": null, \"low\": 0.0001, \"high\": 0.1, \"log\": true}}"}
{"op_code":5,"worker_id":"58d4088f-4a88-497a-a500-0abf67e6a415-140485451474752","trial_id":4,"param_name":"dropout","param_value_internal":0.23070489155548396,"distribution":"{\"name\": \"FloatDistribution\", \"attributes\": {\"step\": null, \"low\": 0.0, \"high\": 0.5, \"log\": false}}"}
{"op_code":5,"worker_id":"58d4088f-4a88-497a-a500-0abf67e6a415-140485451474752","trial_id":4,"param_name":"layers","param_value_internal":1.0,"distribution":"{\"name\": \"IntDistribution\", \"attributes\": {\"log\": false, \"step\": 1, \"low\": 1, \"high\": 3}}"}
{"op_code":5,"worker_id":"58d4088f-4a88-497a-a500-0abf67e6a415-140485451474752","trial_id":4,"param_name":"nodes","param_value_internal":1,"distribution":"{\"name\": \"CategoricalDistribution\", \"attributes\": {\"choices\": [32, 64, 128]}}"}
{"op_code":6,"worker_id":"58d4088f-4a88-497a-a500-0abf67e6a415-140485451474752","trial_id":4,"state":1,"values":[0.0],"datetime_complete":"2026-04-06T10:25:35.412932"}
{"op_code":4,"worker_id":"58d4088f-4a88-497a-a500-0abf67e6a415-140485451474752","study_id":0,"datetime_start":"2026-04-06T10:25:35.423685"}
{"op_code":5,"worker_id":"58d4088f-4a88-497a-a500-0abf67e6a415-140485451474752","trial_id":5,"param_name":"lr","param_value_internal":0.008000974558206081,"distribution":"{\"name\": \"FloatDistribution\", \"attributes\": {\"step\": null, \"low\": 0.0001, \"high\": 0.1, \"log\": true}}"}
{"op_code":5,"worker_id":"58d4088f-4a88-497a-a500-0abf67e6a415-140485451474752","trial_id":5,"param_name":"dropout","param_value_internal":0.053666554425369106,"distribution":"{\"name\": \"FloatDistribution\", \"attributes\": {\"step\": null, \"low\": 0.0, \"high\": 0.5, \"log\": false}}"}
{"op_code":5,"worker_id":"58d4088f-4a88-497a-a500-0abf67e6a415-140485451474752","trial_id":5,"param_name":"layers","param_value_internal":1.0,"distribution":"{\"name\": \"IntDistribution\", \"attributes\": {\"log\": false, \"step\": 1, \"low\": 1, \"high\": 3}}"}
{"op_code":5,"worker_id":"58d4088f-4a88-497a-a500-0abf67e6a415-140485451474752","trial_id":5,"param_name":"nodes","param_value_internal":2,"distribution":"{\"name\": \"CategoricalDistribution\", \"attributes\": {\"choices\": [32, 64, 128]}}"}
{"op_code":6,"worker_id":"58d4088f-4a88-497a-a500-0abf67e6a415-140485451474752","trial_id":5,"state":1,"values":[0.0],"datetime_complete":"2026-04-06T10:25:35.485961"}
{"op_code":4,"worker_id":"58d4088f-4a88-497a-a500-0abf67e6a415-140485451474752","study_id":0,"datetime_start":"2026-04-06T10:25:35.498530"}
{"op_code":5,"worker_id":"58d4088f-4a88-497a-a500-0abf67e6a415-140485451474752","trial_id":6,"param_name":"lr","param_value_internal":0.00010142900440854256,"distribution":"{\"name\": \"FloatDistribution\", \"attributes\": {\"step\": null, \"low\": 0.0001, \"high\": 0.1, \"log\": true}}"}
{"op_code":5,"worker_id":"58d4088f-4a88-497a-a500-0abf67e6a415-140485451474752","trial_id":6,"param_name":"dropout","param_value_internal":0.03128481667262345,"distribution":"{\"name\": \"FloatDistribution\", \"attributes\": {\"step\": null, \"low\": 0.0, \"high\": 0.5, \"log\": false}}"}
{"op_code":5,"worker_id":"58d4088f-4a88-497a-a500-0abf67e6a415-140485451474752","trial_id":6,"param_name":"layers","param_value_internal":3.0,"distribution":"{\"name\": \"IntDistribution\", \"attributes\": {\"log\": false, \"step\": 1, \"low\": 1, \"high\": 3}}"}
{"op_code":5,"worker_id":"58d4088f-4a88-497a-a500-0abf67e6a415-140485451474752","trial_id":6,"param_name":"nodes","param_value_internal":0,"distribution":"{\"name\": \"CategoricalDistribution\", \"attributes\": {\"choices\": [32, 64, 128]}}"}
{"op_code":6,"worker_id":"58d4088f-4a88-497a-a500-0abf67e6a415-140485451474752","trial_id":6,"state":1,"values":[0.0],"datetime_complete":"2026-04-06T10:25:35.557850"}
{"op_code":4,"worker_id":"58d4088f-4a88-497a-a500-0abf67e6a415-140485451474752","study_id":0,"datetime_start":"2026-04-06T10:25:35.567810"}
{"op_code":5,"worker_id":"58d4088f-4a88-497a-a500-0abf67e6a415-140485451474752","trial_id":7,"param_name":"lr","param_value_internal":0.0019849212954688206,"distribution":"{\"name\": \"FloatDistribution\", \"attributes\": {\"step\": null, \"low\": 0.0001, \"high\": 0.1, \"log\": true}}"}
{"op_code":5,"worker_id":"58d4088f-4a88-497a-a500-0abf67e6a415-140485451474752","trial_id":7,"param_name":"dropout","param_value_internal":0.13637825715720225,"distribution":"{\"name\": \"FloatDistribution\", \"attributes\": {\"step\": null, \"low\": 0.0, \"high\": 0.5, \"log\": false}}"}
{"op_code":5,"worker_id":"58d4088f-4a88-497a-a500-0abf67e6a415-140485451474752","trial_id":7,"param_name":"layers","param_value_internal":2.0,"distribution":"{\"name\": \"IntDistribution\", \"attributes\": {\"log\": false, \"step\": 1, \"low\": 1, \"high\": 3}}"}
{"op_code":5,"worker_id":"58d4088f-4a88-497a-a500-0abf67e6a415-140485451474752","trial_id":7,"param_name":"nodes","param_value_internal":1,"distribution":"{\"name\": \"CategoricalDistribution\", \"attributes\": {\"choices\": [32, 64, 128]}}"}
{"op_code":6,"worker_id":"58d4088f-4a88-497a-a500-0abf67e6a415-140485451474752","trial_id":7,"state":1,"values":[0.0],"datetime_complete":"2026-04-06T10:25:35.623706"}
{"op_code":4,"worker_id":"58d4088f-4a88-497a-a500-0abf67e6a415-140485451474752","study_id":0,"datetime_start":"2026-04-06T10:25:35.633155"}
{"op_code":5,"worker_id":"58d4088f-4a88-497a-a500-0abf67e6a415-140485451474752","trial_id":8,"param_name":"lr","param_value_internal":0.05531703449581935,"distribution":"{\"name\": \"FloatDistribution\", \"attributes\": {\"step\": null, \"low\": 0.0001, \"high\": 0.1, \"log\": true}}"}
{"op_code":5,"worker_id":"58d4088f-4a88-497a-a500-0abf67e6a415-140485451474752","trial_id":8,"param_name":"dropout","param_value_internal":0.17139076509016543,"distribution":"{\"name\": \"FloatDistribution\", \"attributes\": {\"step\": null, \"low\": 0.0, \"high\": 0.5, \"log\": false}}"}
{"op_code":5,"worker_id":"58d4088f-4a88-497a-a500-0abf67e6a415-140485451474752","trial_id":8,"param_name":"layers","param_value_internal":1.0,"distribution":"{\"name\": \"IntDistribution\", \"attributes\": {\"log\": false, \"step\": 1, \"low\": 1, \"high\": 3}}"}
{"op_code":5,"worker_id":"58d4088f-4a88-497a-a500-0abf67e6a415-140485451474752","trial_id":8,"param_name":"nodes","param_value_internal":1,"distribution":"{\"name\": \"CategoricalDistribution\", \"attributes\": {\"choices\": [32, 64, 128]}}"}
{"op_code":6,"worker_id":"58d4088f-4a88-497a-a500-0abf67e6a415-140485451474752","trial_id":8,"state":1,"values":[0.0],"datetime_complete":"2026-04-06T10:25:35.689580"}
{"op_code":4,"worker_id":"58d4088f-4a88-497a-a500-0abf67e6a415-140485451474752","study_id":0,"datetime_start":"2026-04-06T10:25:35.698812"}
{"op_code":5,"worker_id":"58d4088f-4a88-497a-a500-0abf67e6a415-140485451474752","trial_id":9,"param_name":"lr","param_value_internal":0.0025560016030628865,"distribution":"{\"name\": \"FloatDistribution\", \"attributes\": {\"step\": null, \"low\": 0.0001, \"high\": 0.1, \"log\": true}}"}
{"op_code":5,"worker_id":"58d4088f-4a88-497a-a500-0abf67e6a415-140485451474752","trial_id":9,"param_name":"dropout","param_value_internal":0.06401897546936186,"distribution":"{\"name\": \"FloatDistribution\", \"attributes\": {\"step\": null, \"low\": 0.0, \"high\": 0.5, \"log\": false}}"}
{"op_code":5,"worker_id":"58d4088f-4a88-497a-a500-0abf67e6a415-140485451474752","trial_id":9,"param_name":"layers","param_value_internal":3.0,"distribution":"{\"name\": \"IntDistribution\", \"attributes\": {\"log\": false, \"step\": 1, \"low\": 1, \"high\": 3}}"}
{"op_code":5,"worker_id":"58d4088f-4a88-497a-a500-0abf67e6a415-140485451474752","trial_id":9,"param_name":"nodes","param_value_internal":2,"distribution":"{\"name\": \"CategoricalDistribution\", \"attributes\": {\"choices\": [32, 64, 128]}}"}
{"op_code":6,"worker_id":"58d4088f-4a88-497a-a500-0abf67e6a415-140485451474752","trial_id":9,"state":1,"values":[0.0],"datetime_complete":"2026-04-06T10:25:35.759878"}
{"op_code":4,"worker_id":"58d4088f-4a88-497a-a500-0abf67e6a415-140485451474752","study_id":0,"datetime_start":"2026-04-06T10:25:35.770358"}
{"op_code":5,"worker_id":"58d4088f-4a88-497a-a500-0abf67e6a415-140485451474752","trial_id":10,"param_name":"lr","param_value_internal":0.0005715941330045703,"distribution":"{\"name\": \"FloatDistribution\", \"attributes\": {\"step\": null, \"low\": 0.0001, \"high\": 0.1, \"log\": true}}"}
{"op_code":5,"worker_id":"58d4088f-4a88-497a-a500-0abf67e6a415-140485451474752","trial_id":10,"param_name":"dropout","param_value_internal":0.3727860409741123,"distribution":"{\"name\": \"FloatDistribution\", \"attributes\": {\"step\": null, \"low\": 0.0, \"high\": 0.5, \"log\": false}}"}
{"op_code":5,"worker_id":"58d4088f-4a88-497a-a500-0abf67e6a415-140485451474752","trial_id":10,"param_name":"layers","param_value_internal":3.0,"distribution":"{\"name\": \"IntDistribution\", \"attributes\": {\"log\": false, \"step\": 1, \"low\": 1, \"high\": 3}}"}
{"op_code":5,"worker_id":"58d4088f-4a88-497a-a500-0abf67e6a415-140485451474752","trial_id":10,"param_name":"nodes","param_value_internal":0,"distribution":"{\"name\": \"CategoricalDistribution\", \"attributes\": {\"choices\": [32, 64, 128]}}"}
{"op_code":6,"worker_id":"58d4088f-4a88-497a-a500-0abf67e6a415-140485451474752","trial_id":10,"state":1,"values":[0.0],"datetime_complete":"2026-04-06T10:25:35.843918"}
{"op_code":4,"worker_id":"58d4088f-4a88-497a-a500-0abf67e6a415-140485451474752","study_id":0,"datetime_start":"2026-04-06T10:25:35.855213"}
{"op_code":5,"worker_id":"58d4088f-4a88-497a-a500-0abf67e6a415-140485451474752","trial_id":11,"param_name":"lr","param_value_internal":0.01678747229270017,"distribution":"{\"name\": \"FloatDistribution\", \"attributes\": {\"step\": null, \"low\": 0.0001, \"high\": 0.1, \"log\": true}}"}
{"op_code":5,"worker_id":"58d4088f-4a88-497a-a500-0abf67e6a415-140485451474752","trial_id":11,"param_name":"dropout","param_value_internal":0.3060099327685775,"distribution":"{\"name\": \"FloatDistribution\", \"attributes\": {\"step\": null, \"low\": 0.0, \"high\": 0.5, \"log\": false}}"}
{"op_code":5,"worker_id":"58d4088f-4a88-497a-a500-0abf67e6a415-140485451474752","trial_id":11,"param_name":"layers","param_value_internal":3.0,"distribution":"{\"name\": \"IntDistribution\", \"attributes\": {\"log\": false, \"step\": 1, \"low\": 1, \"high\": 3}}"}
{"op_code":5,"worker_id":"58d4088f-4a88-497a-a500-0abf67e6a415-140485451474752","trial_id":11,"param_name":"nodes","param_value_internal":0,"distribution":"{\"name\": \"CategoricalDistribution\", \"attributes\": {\"choices\": [32, 64, 128]}}"}
{"op_code":6,"worker_id":"58d4088f-4a88-497a-a500-0abf67e6a415-140485451474752","trial_id":11,"state":1,"values":[0.0],"datetime_complete":"2026-04-06T10:25:35.930473"}
{"op_code":4,"worker_id":"58d4088f-4a88-497a-a500-0abf67e6a415-140485451474752","study_id":0,"datetime_start":"2026-04-06T10:25:35.941695"}
{"op_code":5,"worker_id":"58d4088f-4a88-497a-a500-0abf67e6a415-140485451474752","trial_id":12,"param_name":"lr","param_value_internal":0.000964473595690788,"distribution":"{\"name\": \"FloatDistribution\", \"attributes\": {\"step\": null, \"low\": 0.0001, \"high\": 0.1, \"log\": true}}"}
{"op_code":5,"worker_id":"58d4088f-4a88-497a-a500-0abf67e6a415-140485451474752","trial_id":12,"param_name":"dropout","param_value_internal":0.27178015571145825,"distribution":"{\"name\": \"FloatDistribution\", \"attributes\": {\"step\": null, \"low\": 0.0, \"high\": 0.5, \"log\": false}}"}
{"op_code":5,"worker_id":"58d4088f-4a88-497a-a500-0abf67e6a415-140485451474752","trial_id":12,"param_name":"layers","param_value_internal":2.0,"distribution":"{\"name\": \"IntDistribution\", \"attributes\": {\"log\": false, \"step\": 1, \"low\": 1, \"high\": 3}}"}
{"op_code":5,"worker_id":"58d4088f-4a88-497a-a500-0abf67e6a415-140485451474752","trial_id":12,"param_name":"nodes","param_value_internal":1,"distribution":"{\"name\": \"CategoricalDistribution\", \"attributes\": {\"choices\": [32, 64, 128]}}"}
{"op_code":6,"worker_id":"58d4088f-4a88-497a-a500-0abf67e6a415-140485451474752","trial_id":12,"state":1,"values":[0.0],"datetime_complete":"2026-04-06T10:25:36.015415"}
{"op_code":4,"worker_id":"58d4088f-4a88-497a-a500-0abf67e6a415-140485451474752","study_id":0,"datetime_start":"2026-04-06T10:25:36.025325"}
{"op_code":5,"worker_id":"58d4088f-4a88-497a-a500-0abf67e6a415-140485451474752","trial_id":13,"param_name":"lr","param_value_internal":0.0002277989277490591,"distribution":"{\"name\": \"FloatDistribution\", \"attributes\": {\"step\": null, \"low\": 0.0001, \"high\": 0.1, \"log\": true}}"}
{"op_code":5,"worker_id":"58d4088f-4a88-497a-a500-0abf67e6a415-140485451474752","trial_id":13,"param_name":"dropout","param_value_internal":0.20597696557484685,"distribution":"{\"name\": \"FloatDistribution\", \"attributes\": {\"step\": null, \"low\": 0.0, \"high\": 0.5, \"log\": false}}"}
{"op_code":5,"worker_id":"58d4088f-4a88-497a-a500-0abf67e6a415-140485451474752","trial_id":13,"param_name":"layers","param_value_internal":3.0,"distribution":"{\"name\": \"IntDistribution\", \"attributes\": {\"log\": false, \"step\": 1, \"low\": 1, \"high\": 3}}"}
{"op_code":5,"worker_id":"58d4088f-4a88-497a-a500-0abf67e6a415-140485451474752","trial_id":13,"param_name":"nodes","param_value_internal":1,"distribution":"{\"name\": \"CategoricalDistribution\", \"attributes\": {\"choices\": [32, 64, 128]}}"}
{"op_code":6,"worker_id":"58d4088f-4a88-497a-a500-0abf67e6a415-140485451474752","trial_id":13,"state":1,"values":[0.0],"datetime_complete":"2026-04-06T10:25:36.098352"}
{"op_code":4,"worker_id":"58d4088f-4a88-497a-a500-0abf67e6a415-140485451474752","study_id":0,"datetime_start":"2026-04-06T10:25:36.109666"}
{"op_code":5,"worker_id":"58d4088f-4a88-497a-a500-0abf67e6a415-140485451474752","trial_id":14,"param_name":"lr","param_value_internal":0.09768635967592691,"distribution":"{\"name\": \"FloatDistribution\", \"attributes\": {\"step\": null, \"low\": 0.0001, \"high\": 0.1, \"log\": true}}"}
{"op_code":5,"worker_id":"58d4088f-4a88-497a-a500-0abf67e6a415-140485451474752","trial_id":14,"param_name":"dropout","param_value_internal":0.3308157486696198,"distribution":"{\"name\": \"FloatDistribution\", \"attributes\": {\"step\": null, \"low\": 0.0, \"high\": 0.5, \"log\": false}}"}
{"op_code":5,"worker_id":"58d4088f-4a88-497a-a500-0abf67e6a415-140485451474752","trial_id":14,"param_name":"layers","param_value_internal":2.0,"distribution":"{\"name\": \"IntDistribution\", \"attributes\": {\"log\": false, \"step\": 1, \"low\": 1, \"high\": 3}}"}
{"op_code":5,"worker_id":"58d4088f-4a88-497a-a500-0abf67e6a415-140485451474752","trial_id":14,"param_name":"nodes","param_value_internal":0,"distribution":"{\"name\": \"CategoricalDistribution\", \"attributes\": {\"choices\": [32, 64, 128]}}"}
{"op_code":6,"worker_id":"58d4088f-4a88-497a-a500-0abf67e6a415-140485451474752","trial_id":14,"state":1,"values":[0.0],"datetime_complete":"2026-04-06T10:25:36.182620"}
{"op_code":4,"worker_id":"58d4088f-4a88-497a-a500-0abf67e6a415-140485451474752","study_id":0,"datetime_start":"2026-04-06T10:25:36.196187"}
{"op_code":5,"worker_id":"58d4088f-4a88-497a-a500-0abf67e6a415-140485451474752","trial_id":15,"param_name":"lr","param_value_internal":0.006652836795178252,"distribution":"{\"name\": \"FloatDistribution\", \"attributes\": {\"step\": null, \"low\": 0.0001, \"high\": 0.1, \"log\": true}}"}
{"op_code":5,"worker_id":"58d4088f-4a88-497a-a500-0abf67e6a415-140485451474752","trial_id":15,"param_name":"dropout","param_value_internal":0.4868253754896278,"distribution":"{\"name\": \"FloatDistribution\", \"attributes\": {\"step\": null, \"low\": 0.0, \"high\": 0.5, \"log\": false}}"}
{"op_code":5,"worker_id":"58d4088f-4a88-497a-a500-0abf67e6a415-140485451474752","trial_id":15,"param_name":"layers","param_value_internal":3.0,"distribution":"{\"name\": \"IntDistribution\", \"attributes\": {\"log\": false, \"step\": 1, \"low\": 1, \"high\": 3}}"}
{"op_code":5,"worker_id":"58d4088f-4a88-497a-a500-0abf67e6a415-140485451474752","trial_id":15,"param_name":"nodes","param_value_internal":0,"distribution":"{\"name\": \"CategoricalDistribution\", \"attributes\": {\"choices\": [32, 64, 128]}}"}
{"op_code":6,"worker_id":"58d4088f-4a88-497a-a500-0abf67e6a415-140485451474752","trial_id":15,"state":1,"values":[0.0],"datetime_complete":"2026-04-06T10:25:36.267060"}
{"op_code":4,"worker_id":"58d4088f-4a88-497a-a500-0abf67e6a415-140485451474752","study_id":0,"datetime_start":"2026-04-06T10:25:36.276900"}
{"op_code":5,"worker_id":"58d4088f-4a88-497a-a500-0abf67e6a415-140485451474752","trial_id":16,"param_name":"lr","param_value_internal":0.02031508803210187,"distribution":"{\"name\": \"FloatDistribution\", \"attributes\": {\"step\": null, \"low\": 0.0001, \"high\": 0.1, \"log\": true}}"}
{"op_code":5,"worker_id":"58d4088f-4a88-497a-a500-0abf67e6a415-140485451474752","trial_id":16,"param_name":"dropout","param_value_internal":0.1265639174368901,"distribution":"{\"name\": \"FloatDistribution\", \"attributes\": {\"step\": null, \"low\": 0.0, \"high\": 0.5, \"log\": false}}"}
{"op_code":5,"worker_id":"58d4088f-4a88-497a-a500-0abf67e6a415-140485451474752","trial_id":16,"param_name":"layers","param_value_internal":3.0,"distribution":"{\"name\": \"IntDistribution\", \"attributes\": {\"log\": false, \"step\": 1, \"low\": 1, \"high\": 3}}"}
{"op_code":5,"worker_id":"58d4088f-4a88-497a-a500-0abf67e6a415-140485451474752","trial_id":16,"param_name":"nodes","param_value_internal":1,"distribution":"{\"name\": \"CategoricalDistribution\", \"attributes\": {\"choices\": [32, 64, 128]}}"}
{"op_code":6,"worker_id":"58d4088f-4a88-497a-a500-0abf67e6a415-140485451474752","trial_id":16,"state":1,"values":[0.0],"datetime_complete":"2026-04-06T10:25:36.350711"}
{"op_code":4,"worker_id":"58d4088f-4a88-497a-a500-0abf67e6a415-140485451474752","study_id":0,"datetime_start":"2026-04-06T10:25:36.360758"}
{"op_code":5,"worker_id":"58d4088f-4a88-497a-a500-0abf67e6a415-140485451474752","trial_id":17,"param_name":"lr","param_value_internal":0.0012471938150915472,"distribution":"{\"name\": \"FloatDistribution\", \"attributes\": {\"step\": null, \"low\": 0.0001, \"high\": 0.1, \"log\": true}}"}
{"op_code":5,"worker_id":"58d4088f-4a88-497a-a500-0abf67e6a415-140485451474752","trial_id":17,"param_name":"dropout","param_value_internal":0.3684082094418094,"distribution":"{\"name\": \"FloatDistribution\", \"attributes\": {\"step\": null, \"low\": 0.0, \"high\": 0.5, \"log\": false}}"}
{"op_code":5,"worker_id":"58d4088f-4a88-497a-a500-0abf67e6a415-140485451474752","trial_id":17,"param_name":"layers","param_value_internal":2.0,"distribution":"{\"name\": \"IntDistribution\", \"attributes\": {\"log\": false, \"step\": 1, \"low\": 1, \"high\": 3}}"}
{"op_code":5,"worker_id":"58d4088f-4a88-497a-a500-0abf67e6a415-140485451474752","trial_id":17,"param_name":"nodes","param_value_internal":1,"distribution":"{\"name\": \"CategoricalDistribution\", \"attributes\": {\"choices\": [32, 64, 128]}}"}
{"op_code":6,"worker_id":"58d4088f-4a88-497a-a500-0abf67e6a415-140485451474752","trial_id":17,"state":1,"values":[0.0],"datetime_complete":"2026-04-06T10:25:36.436965"}
{"op_code":4,"worker_id":"58d4088f-4a88-497a-a500-0abf67e6a415-140485451474752","study_id":0,"datetime_start":"2026-04-06T10:25:36.447264"}
{"op_code":5,"worker_id":"58d4088f-4a88-497a-a500-0abf67e6a415-140485451474752","trial_id":18,"param_name":"lr","param_value_internal":0.007319275640201625,"distribution":"{\"name\": \"FloatDistribution\", \"attributes\": {\"step\": null, \"low\": 0.0001, \"high\": 0.1, \"log\": true}}"}
{"op_code":5,"worker_id":"58d4088f-4a88-497a-a500-0abf67e6a415-140485451474752","trial_id":18,"param_name":"dropout","param_value_internal":0.006405197758847167,"distribution":"{\"name\": \"FloatDistribution\", \"attributes\": {\"step\": null, \"low\": 0.0, \"high\": 0.5, \"log\": false}}"}
{"op_code":5,"worker_id":"58d4088f-4a88-497a-a500-0abf67e6a415-140485451474752","trial_id":18,"param_name":"layers","param_value_internal":3.0,"distribution":"{\"name\": \"IntDistribution\", \"attributes\": {\"log\": false, \"step\": 1, \"low\": 1, \"high\": 3}}"}
{"op_code":5,"worker_id":"58d4088f-4a88-497a-a500-0abf67e6a415-140485451474752","trial_id":18,"param_name":"nodes","param_value_internal":0,"distribution":"{\"name\": \"CategoricalDistribution\", \"attributes\": {\"choices\": [32, 64, 128]}}"}
{"op_code":6,"worker_id":"58d4088f-4a88-497a-a500-0abf67e6a415-140485451474752","trial_id":18,"state":1,"values":[0.0],"datetime_complete":"2026-04-06T10:25:36.528011"}
{"op_code":4,"worker_id":"58d4088f-4a88-497a-a500-0abf67e6a415-140485451474752","study_id":0,"datetime_start":"2026-04-06T10:25:36.538527"}
{"op_code":5,"worker_id":"58d4088f-4a88-497a-a500-0abf67e6a415-140485451474752","trial_id":19,"param_name":"lr","param_value_internal":0.00033454937156393534,"distribution":"{\"name\": \"FloatDistribution\", \"attributes\": {\"step\": null, \"low\": 0.0001, \"high\": 0.1, \"log\": true}}"}
{"op_code":5,"worker_id":"58d4088f-4a88-497a-a500-0abf67e6a415-140485451474752","trial_id":19,"param_name":"dropout","param_value_internal":0.2689352301125512,"distribution":"{\"name\": \"FloatDistribution\", \"attributes\": {\"step\": null, \"low\": 0.0, \"high\": 0.5, \"log\": false}}"}
{"op_code":5,"worker_id":"58d4088f-4a88-497a-a500-0abf67e6a415-140485451474752","trial_id":19,"param_name":"layers","param_value_internal":3.0,"distribution":"{\"name\": \"IntDistribution\", \"attributes\": {\"log\": false, \"step\": 1, \"low\": 1, \"high\": 3}}"}
{"op_code":5,"worker_id":"58d4088f-4a88-497a-a500-0abf67e6a415-140485451474752","trial_id":19,"param_name":"nodes","param_value_internal":2,"distribution":"{\"name\": \"CategoricalDistribution\", \"attributes\": {\"choices\": [32, 64, 128]}}"}
{"op_code":6,"worker_id":"58d4088f-4a88-497a-a500-0abf67e6a415-140485451474752","trial_id":19,"state":1,"values":[0.0],"datetime_complete":"2026-04-06T10:25:36.614633"}
