{"op_code":0,"worker_id":"0ab736b4-6cdc-48c8-a6c8-44f26bb5e2b2-140218449991488","study_name":"tabpfn_deephit","directions":[2]}
{"op_code":4,"worker_id":"0ab736b4-6cdc-48c8-a6c8-44f26bb5e2b2-140218449991488","study_id":0,"datetime_start":"2026-03-31T12:21:53.921198"}
{"op_code":5,"worker_id":"0ab736b4-6cdc-48c8-a6c8-44f26bb5e2b2-140218449991488","trial_id":0,"param_name":"lr","param_value_internal":0.005201284233913396,"distribution":"{\"name\": \"FloatDistribution\", \"attributes\": {\"step\": null, \"low\": 0.0001, \"high\": 0.1, \"log\": true}}"}
{"op_code":5,"worker_id":"0ab736b4-6cdc-48c8-a6c8-44f26bb5e2b2-140218449991488","trial_id":0,"param_name":"dropout","param_value_internal":0.1121504071608661,"distribution":"{\"name\": \"FloatDistribution\", \"attributes\": {\"step\": null, \"low\": 0.0, \"high\": 0.5, \"log\": false}}"}
{"op_code":5,"worker_id":"0ab736b4-6cdc-48c8-a6c8-44f26bb5e2b2-140218449991488","trial_id":0,"param_name":"nodes","param_value_internal":0,"distribution":"{\"name\": \"CategoricalDistribution\", \"attributes\": {\"choices\": [\"64-64\", \"128-64\", \"256-128\"]}}"}
{"op_code":6,"worker_id":"0ab736b4-6cdc-48c8-a6c8-44f26bb5e2b2-140218449991488","trial_id":0,"state":1,"values":[0.45045045045045046],"datetime_complete":"2026-03-31T12:21:54.140101"}
{"op_code":4,"worker_id":"0ab736b4-6cdc-48c8-a6c8-44f26bb5e2b2-140218449991488","study_id":0,"datetime_start":"2026-03-31T12:21:54.151358"}
{"op_code":5,"worker_id":"0ab736b4-6cdc-48c8-a6c8-44f26bb5e2b2-140218449991488","trial_id":1,"param_name":"lr","param_value_internal":0.027488919230577953,"distribution":"{\"name\": \"FloatDistribution\", \"attributes\": {\"step\": null, \"low\": 0.0001, \"high\": 0.1, \"log\": true}}"}
{"op_code":5,"worker_id":"0ab736b4-6cdc-48c8-a6c8-44f26bb5e2b2-140218449991488","trial_id":1,"param_name":"dropout","param_value_internal":0.2471599115903061,"distribution":"{\"name\": \"FloatDistribution\", \"attributes\": {\"step\": null, \"low\": 0.0, \"high\": 0.5, \"log\": false}}"}
{"op_code":5,"worker_id":"0ab736b4-6cdc-48c8-a6c8-44f26bb5e2b2-140218449991488","trial_id":1,"param_name":"nodes","param_value_internal":0,"distribution":"{\"name\": \"CategoricalDistribution\", \"attributes\": {\"choices\": [\"64-64\", \"128-64\", \"256-128\"]}}"}
{"op_code":6,"worker_id":"0ab736b4-6cdc-48c8-a6c8-44f26bb5e2b2-140218449991488","trial_id":1,"state":1,"values":[0.46846846846846846],"datetime_complete":"2026-03-31T12:21:54.371683"}
{"op_code":4,"worker_id":"0ab736b4-6cdc-48c8-a6c8-44f26bb5e2b2-140218449991488","study_id":0,"datetime_start":"2026-03-31T12:21:54.385195"}
{"op_code":5,"worker_id":"0ab736b4-6cdc-48c8-a6c8-44f26bb5e2b2-140218449991488","trial_id":2,"param_name":"lr","param_value_internal":0.07991383708250166,"distribution":"{\"name\": \"FloatDistribution\", \"attributes\": {\"step\": null, \"low\": 0.0001, \"high\": 0.1, \"log\": true}}"}
{"op_code":5,"worker_id":"0ab736b4-6cdc-48c8-a6c8-44f26bb5e2b2-140218449991488","trial_id":2,"param_name":"dropout","param_value_internal":0.2435781305600942,"distribution":"{\"name\": \"FloatDistribution\", \"attributes\": {\"step\": null, \"low\": 0.0, \"high\": 0.5, \"log\": false}}"}
{"op_code":5,"worker_id":"0ab736b4-6cdc-48c8-a6c8-44f26bb5e2b2-140218449991488","trial_id":2,"param_name":"nodes","param_value_internal":1,"distribution":"{\"name\": \"CategoricalDistribution\", \"attributes\": {\"choices\": [\"64-64\", \"128-64\", \"256-128\"]}}"}
{"op_code":6,"worker_id":"0ab736b4-6cdc-48c8-a6c8-44f26bb5e2b2-140218449991488","trial_id":2,"state":1,"values":[0.5990990990990991],"datetime_complete":"2026-03-31T12:21:54.604827"}
{"op_code":4,"worker_id":"0ab736b4-6cdc-48c8-a6c8-44f26bb5e2b2-140218449991488","study_id":0,"datetime_start":"2026-03-31T12:21:54.616269"}
{"op_code":5,"worker_id":"0ab736b4-6cdc-48c8-a6c8-44f26bb5e2b2-140218449991488","trial_id":3,"param_name":"lr","param_value_internal":0.028226360667005082,"distribution":"{\"name\": \"FloatDistribution\", \"attributes\": {\"step\": null, \"low\": 0.0001, \"high\": 0.1, \"log\": true}}"}
{"op_code":5,"worker_id":"0ab736b4-6cdc-48c8-a6c8-44f26bb5e2b2-140218449991488","trial_id":3,"param_name":"dropout","param_value_internal":0.20076166913219057,"distribution":"{\"name\": \"FloatDistribution\", \"attributes\": {\"step\": null, \"low\": 0.0, \"high\": 0.5, \"log\": false}}"}
{"op_code":5,"worker_id":"0ab736b4-6cdc-48c8-a6c8-44f26bb5e2b2-140218449991488","trial_id":3,"param_name":"nodes","param_value_internal":0,"distribution":"{\"name\": \"CategoricalDistribution\", \"attributes\": {\"choices\": [\"64-64\", \"128-64\", \"256-128\"]}}"}
{"op_code":6,"worker_id":"0ab736b4-6cdc-48c8-a6c8-44f26bb5e2b2-140218449991488","trial_id":3,"state":1,"values":[0.6396396396396397],"datetime_complete":"2026-03-31T12:21:54.838154"}
{"op_code":4,"worker_id":"0ab736b4-6cdc-48c8-a6c8-44f26bb5e2b2-140218449991488","study_id":0,"datetime_start":"2026-03-31T12:21:54.850165"}
{"op_code":5,"worker_id":"0ab736b4-6cdc-48c8-a6c8-44f26bb5e2b2-140218449991488","trial_id":4,"param_name":"lr","param_value_internal":0.001976132278194972,"distribution":"{\"name\": \"FloatDistribution\", \"attributes\": {\"step\": null, \"low\": 0.0001, \"high\": 0.1, \"log\": true}}"}
{"op_code":5,"worker_id":"0ab736b4-6cdc-48c8-a6c8-44f26bb5e2b2-140218449991488","trial_id":4,"param_name":"dropout","param_value_internal":0.4809865195996724,"distribution":"{\"name\": \"FloatDistribution\", \"attributes\": {\"step\": null, \"low\": 0.0, \"high\": 0.5, \"log\": false}}"}
{"op_code":5,"worker_id":"0ab736b4-6cdc-48c8-a6c8-44f26bb5e2b2-140218449991488","trial_id":4,"param_name":"nodes","param_value_internal":2,"distribution":"{\"name\": \"CategoricalDistribution\", \"attributes\": {\"choices\": [\"64-64\", \"128-64\", \"256-128\"]}}"}
{"op_code":6,"worker_id":"0ab736b4-6cdc-48c8-a6c8-44f26bb5e2b2-140218449991488","trial_id":4,"state":1,"values":[0.5405405405405406],"datetime_complete":"2026-03-31T12:21:55.070645"}
{"op_code":4,"worker_id":"0ab736b4-6cdc-48c8-a6c8-44f26bb5e2b2-140218449991488","study_id":0,"datetime_start":"2026-03-31T12:21:55.082683"}
{"op_code":5,"worker_id":"0ab736b4-6cdc-48c8-a6c8-44f26bb5e2b2-140218449991488","trial_id":5,"param_name":"lr","param_value_internal":0.00017692045609440864,"distribution":"{\"name\": \"FloatDistribution\", \"attributes\": {\"step\": null, \"low\": 0.0001, \"high\": 0.1, \"log\": true}}"}
{"op_code":5,"worker_id":"0ab736b4-6cdc-48c8-a6c8-44f26bb5e2b2-140218449991488","trial_id":5,"param_name":"dropout","param_value_internal":0.05503027735184307,"distribution":"{\"name\": \"FloatDistribution\", \"attributes\": {\"step\": null, \"low\": 0.0, \"high\": 0.5, \"log\": false}}"}
{"op_code":5,"worker_id":"0ab736b4-6cdc-48c8-a6c8-44f26bb5e2b2-140218449991488","trial_id":5,"param_name":"nodes","param_value_internal":1,"distribution":"{\"name\": \"CategoricalDistribution\", \"attributes\": {\"choices\": [\"64-64\", \"128-64\", \"256-128\"]}}"}
{"op_code":6,"worker_id":"0ab736b4-6cdc-48c8-a6c8-44f26bb5e2b2-140218449991488","trial_id":5,"state":1,"values":[0.5180180180180181],"datetime_complete":"2026-03-31T12:21:55.304065"}
{"op_code":4,"worker_id":"0ab736b4-6cdc-48c8-a6c8-44f26bb5e2b2-140218449991488","study_id":0,"datetime_start":"2026-03-31T12:21:55.316045"}
{"op_code":5,"worker_id":"0ab736b4-6cdc-48c8-a6c8-44f26bb5e2b2-140218449991488","trial_id":6,"param_name":"lr","param_value_internal":0.02290233142310353,"distribution":"{\"name\": \"FloatDistribution\", \"attributes\": {\"step\": null, \"low\": 0.0001, \"high\": 0.1, \"log\": true}}"}
{"op_code":5,"worker_id":"0ab736b4-6cdc-48c8-a6c8-44f26bb5e2b2-140218449991488","trial_id":6,"param_name":"dropout","param_value_internal":0.35670493139808745,"distribution":"{\"name\": \"FloatDistribution\", \"attributes\": {\"step\": null, \"low\": 0.0, \"high\": 0.5, \"log\": false}}"}
{"op_code":5,"worker_id":"0ab736b4-6cdc-48c8-a6c8-44f26bb5e2b2-140218449991488","trial_id":6,"param_name":"nodes","param_value_internal":0,"distribution":"{\"name\": \"CategoricalDistribution\", \"attributes\": {\"choices\": [\"64-64\", \"128-64\", \"256-128\"]}}"}
{"op_code":6,"worker_id":"0ab736b4-6cdc-48c8-a6c8-44f26bb5e2b2-140218449991488","trial_id":6,"state":1,"values":[0.4954954954954955],"datetime_complete":"2026-03-31T12:21:55.529403"}
{"op_code":4,"worker_id":"0ab736b4-6cdc-48c8-a6c8-44f26bb5e2b2-140218449991488","study_id":0,"datetime_start":"2026-03-31T12:21:55.543358"}
{"op_code":5,"worker_id":"0ab736b4-6cdc-48c8-a6c8-44f26bb5e2b2-140218449991488","trial_id":7,"param_name":"lr","param_value_internal":0.009639622804075395,"distribution":"{\"name\": \"FloatDistribution\", \"attributes\": {\"step\": null, \"low\": 0.0001, \"high\": 0.1, \"log\": true}}"}
{"op_code":5,"worker_id":"0ab736b4-6cdc-48c8-a6c8-44f26bb5e2b2-140218449991488","trial_id":7,"param_name":"dropout","param_value_internal":0.38333105453327754,"distribution":"{\"name\": \"FloatDistribution\", \"attributes\": {\"step\": null, \"low\": 0.0, \"high\": 0.5, \"log\": false}}"}
{"op_code":5,"worker_id":"0ab736b4-6cdc-48c8-a6c8-44f26bb5e2b2-140218449991488","trial_id":7,"param_name":"nodes","param_value_internal":1,"distribution":"{\"name\": \"CategoricalDistribution\", \"attributes\": {\"choices\": [\"64-64\", \"128-64\", \"256-128\"]}}"}
{"op_code":6,"worker_id":"0ab736b4-6cdc-48c8-a6c8-44f26bb5e2b2-140218449991488","trial_id":7,"state":1,"values":[0.5495495495495496],"datetime_complete":"2026-03-31T12:21:55.759178"}
{"op_code":4,"worker_id":"0ab736b4-6cdc-48c8-a6c8-44f26bb5e2b2-140218449991488","study_id":0,"datetime_start":"2026-03-31T12:21:55.770417"}
{"op_code":5,"worker_id":"0ab736b4-6cdc-48c8-a6c8-44f26bb5e2b2-140218449991488","trial_id":8,"param_name":"lr","param_value_internal":0.014271796167428056,"distribution":"{\"name\": \"FloatDistribution\", \"attributes\": {\"step\": null, \"low\": 0.0001, \"high\": 0.1, \"log\": true}}"}
{"op_code":5,"worker_id":"0ab736b4-6cdc-48c8-a6c8-44f26bb5e2b2-140218449991488","trial_id":8,"param_name":"dropout","param_value_internal":0.03960881648810011,"distribution":"{\"name\": \"FloatDistribution\", \"attributes\": {\"step\": null, \"low\": 0.0, \"high\": 0.5, \"log\": false}}"}
{"op_code":5,"worker_id":"0ab736b4-6cdc-48c8-a6c8-44f26bb5e2b2-140218449991488","trial_id":8,"param_name":"nodes","param_value_internal":1,"distribution":"{\"name\": \"CategoricalDistribution\", \"attributes\": {\"choices\": [\"64-64\", \"128-64\", \"256-128\"]}}"}
{"op_code":6,"worker_id":"0ab736b4-6cdc-48c8-a6c8-44f26bb5e2b2-140218449991488","trial_id":8,"state":1,"values":[0.45495495495495497],"datetime_complete":"2026-03-31T12:21:55.987238"}
{"op_code":4,"worker_id":"0ab736b4-6cdc-48c8-a6c8-44f26bb5e2b2-140218449991488","study_id":0,"datetime_start":"2026-03-31T12:21:55.998474"}
{"op_code":5,"worker_id":"0ab736b4-6cdc-48c8-a6c8-44f26bb5e2b2-140218449991488","trial_id":9,"param_name":"lr","param_value_internal":0.0026072081256045304,"distribution":"{\"name\": \"FloatDistribution\", \"attributes\": {\"step\": null, \"low\": 0.0001, \"high\": 0.1, \"log\": true}}"}
{"op_code":5,"worker_id":"0ab736b4-6cdc-48c8-a6c8-44f26bb5e2b2-140218449991488","trial_id":9,"param_name":"dropout","param_value_internal":0.3201724128851395,"distribution":"{\"name\": \"FloatDistribution\", \"attributes\": {\"step\": null, \"low\": 0.0, \"high\": 0.5, \"log\": false}}"}
{"op_code":5,"worker_id":"0ab736b4-6cdc-48c8-a6c8-44f26bb5e2b2-140218449991488","trial_id":9,"param_name":"nodes","param_value_internal":0,"distribution":"{\"name\": \"CategoricalDistribution\", \"attributes\": {\"choices\": [\"64-64\", \"128-64\", \"256-128\"]}}"}
{"op_code":6,"worker_id":"0ab736b4-6cdc-48c8-a6c8-44f26bb5e2b2-140218449991488","trial_id":9,"state":1,"values":[0.5045045045045045],"datetime_complete":"2026-03-31T12:21:56.212623"}
{"op_code":4,"worker_id":"0ab736b4-6cdc-48c8-a6c8-44f26bb5e2b2-140218449991488","study_id":0,"datetime_start":"2026-03-31T12:21:56.223603"}
{"op_code":5,"worker_id":"0ab736b4-6cdc-48c8-a6c8-44f26bb5e2b2-140218449991488","trial_id":10,"param_name":"lr","param_value_internal":0.0004219472941735201,"distribution":"{\"name\": \"FloatDistribution\", \"attributes\": {\"step\": null, \"low\": 0.0001, \"high\": 0.1, \"log\": true}}"}
{"op_code":5,"worker_id":"0ab736b4-6cdc-48c8-a6c8-44f26bb5e2b2-140218449991488","trial_id":10,"param_name":"dropout","param_value_internal":0.15648583565841268,"distribution":"{\"name\": \"FloatDistribution\", \"attributes\": {\"step\": null, \"low\": 0.0, \"high\": 0.5, \"log\": false}}"}
{"op_code":5,"worker_id":"0ab736b4-6cdc-48c8-a6c8-44f26bb5e2b2-140218449991488","trial_id":10,"param_name":"nodes","param_value_internal":2,"distribution":"{\"name\": \"CategoricalDistribution\", \"attributes\": {\"choices\": [\"64-64\", \"128-64\", \"256-128\"]}}"}
{"op_code":6,"worker_id":"0ab736b4-6cdc-48c8-a6c8-44f26bb5e2b2-140218449991488","trial_id":10,"state":1,"values":[0.5585585585585585],"datetime_complete":"2026-03-31T12:21:56.454272"}
{"op_code":4,"worker_id":"0ab736b4-6cdc-48c8-a6c8-44f26bb5e2b2-140218449991488","study_id":0,"datetime_start":"2026-03-31T12:21:56.463944"}
{"op_code":5,"worker_id":"0ab736b4-6cdc-48c8-a6c8-44f26bb5e2b2-140218449991488","trial_id":11,"param_name":"lr","param_value_internal":0.09159916731025261,"distribution":"{\"name\": \"FloatDistribution\", \"attributes\": {\"step\": null, \"low\": 0.0001, \"high\": 0.1, \"log\": true}}"}
{"op_code":5,"worker_id":"0ab736b4-6cdc-48c8-a6c8-44f26bb5e2b2-140218449991488","trial_id":11,"param_name":"dropout","param_value_internal":0.21480164943752353,"distribution":"{\"name\": \"FloatDistribution\", \"attributes\": {\"step\": null, \"low\": 0.0, \"high\": 0.5, \"log\": false}}"}
{"op_code":5,"worker_id":"0ab736b4-6cdc-48c8-a6c8-44f26bb5e2b2-140218449991488","trial_id":11,"param_name":"nodes","param_value_internal":1,"distribution":"{\"name\": \"CategoricalDistribution\", \"attributes\": {\"choices\": [\"64-64\", \"128-64\", \"256-128\"]}}"}
{"op_code":6,"worker_id":"0ab736b4-6cdc-48c8-a6c8-44f26bb5e2b2-140218449991488","trial_id":11,"state":1,"values":[0.5315315315315315],"datetime_complete":"2026-03-31T12:21:56.680329"}
{"op_code":4,"worker_id":"0ab736b4-6cdc-48c8-a6c8-44f26bb5e2b2-140218449991488","study_id":0,"datetime_start":"2026-03-31T12:21:56.691101"}
{"op_code":5,"worker_id":"0ab736b4-6cdc-48c8-a6c8-44f26bb5e2b2-140218449991488","trial_id":12,"param_name":"lr","param_value_internal":0.09665480314454312,"distribution":"{\"name\": \"FloatDistribution\", \"attributes\": {\"step\": null, \"low\": 0.0001, \"high\": 0.1, \"log\": true}}"}
{"op_code":5,"worker_id":"0ab736b4-6cdc-48c8-a6c8-44f26bb5e2b2-140218449991488","trial_id":12,"param_name":"dropout","param_value_internal":0.1624655619167094,"distribution":"{\"name\": \"FloatDistribution\", \"attributes\": {\"step\": null, \"low\": 0.0, \"high\": 0.5, \"log\": false}}"}
{"op_code":5,"worker_id":"0ab736b4-6cdc-48c8-a6c8-44f26bb5e2b2-140218449991488","trial_id":12,"param_name":"nodes","param_value_internal":0,"distribution":"{\"name\": \"CategoricalDistribution\", \"attributes\": {\"choices\": [\"64-64\", \"128-64\", \"256-128\"]}}"}
{"op_code":6,"worker_id":"0ab736b4-6cdc-48c8-a6c8-44f26bb5e2b2-140218449991488","trial_id":12,"state":1,"values":[0.5900900900900901],"datetime_complete":"2026-03-31T12:21:56.907695"}
{"op_code":4,"worker_id":"0ab736b4-6cdc-48c8-a6c8-44f26bb5e2b2-140218449991488","study_id":0,"datetime_start":"2026-03-31T12:21:56.917023"}
{"op_code":5,"worker_id":"0ab736b4-6cdc-48c8-a6c8-44f26bb5e2b2-140218449991488","trial_id":13,"param_name":"lr","param_value_internal":0.03668936299729487,"distribution":"{\"name\": \"FloatDistribution\", \"attributes\": {\"step\": null, \"low\": 0.0001, \"high\": 0.1, \"log\": true}}"}
{"op_code":5,"worker_id":"0ab736b4-6cdc-48c8-a6c8-44f26bb5e2b2-140218449991488","trial_id":13,"param_name":"dropout","param_value_internal":0.3004124522657683,"distribution":"{\"name\": \"FloatDistribution\", \"attributes\": {\"step\": null, \"low\": 0.0, \"high\": 0.5, \"log\": false}}"}
{"op_code":5,"worker_id":"0ab736b4-6cdc-48c8-a6c8-44f26bb5e2b2-140218449991488","trial_id":13,"param_name":"nodes","param_value_internal":1,"distribution":"{\"name\": \"CategoricalDistribution\", \"attributes\": {\"choices\": [\"64-64\", \"128-64\", \"256-128\"]}}"}
{"op_code":6,"worker_id":"0ab736b4-6cdc-48c8-a6c8-44f26bb5e2b2-140218449991488","trial_id":13,"state":1,"values":[0.6171171171171171],"datetime_complete":"2026-03-31T12:21:57.136572"}
{"op_code":4,"worker_id":"0ab736b4-6cdc-48c8-a6c8-44f26bb5e2b2-140218449991488","study_id":0,"datetime_start":"2026-03-31T12:21:57.150528"}
{"op_code":5,"worker_id":"0ab736b4-6cdc-48c8-a6c8-44f26bb5e2b2-140218449991488","trial_id":14,"param_name":"lr","param_value_internal":0.03593173695686267,"distribution":"{\"name\": \"FloatDistribution\", \"attributes\": {\"step\": null, \"low\": 0.0001, \"high\": 0.1, \"log\": true}}"}
{"op_code":5,"worker_id":"0ab736b4-6cdc-48c8-a6c8-44f26bb5e2b2-140218449991488","trial_id":14,"param_name":"dropout","param_value_internal":0.31070673230194923,"distribution":"{\"name\": \"FloatDistribution\", \"attributes\": {\"step\": null, \"low\": 0.0, \"high\": 0.5, \"log\": false}}"}
{"op_code":5,"worker_id":"0ab736b4-6cdc-48c8-a6c8-44f26bb5e2b2-140218449991488","trial_id":14,"param_name":"nodes","param_value_internal":2,"distribution":"{\"name\": \"CategoricalDistribution\", \"attributes\": {\"choices\": [\"64-64\", \"128-64\", \"256-128\"]}}"}
{"op_code":6,"worker_id":"0ab736b4-6cdc-48c8-a6c8-44f26bb5e2b2-140218449991488","trial_id":14,"state":1,"values":[0.5765765765765766],"datetime_complete":"2026-03-31T12:21:57.371755"}
{"op_code":4,"worker_id":"0ab736b4-6cdc-48c8-a6c8-44f26bb5e2b2-140218449991488","study_id":0,"datetime_start":"2026-03-31T12:21:57.383077"}
{"op_code":5,"worker_id":"0ab736b4-6cdc-48c8-a6c8-44f26bb5e2b2-140218449991488","trial_id":15,"param_name":"lr","param_value_internal":0.0012347000998414255,"distribution":"{\"name\": \"FloatDistribution\", \"attributes\": {\"step\": null, \"low\": 0.0001, \"high\": 0.1, \"log\": true}}"}
{"op_code":5,"worker_id":"0ab736b4-6cdc-48c8-a6c8-44f26bb5e2b2-140218449991488","trial_id":15,"param_name":"dropout","param_value_internal":0.41952122013840915,"distribution":"{\"name\": \"FloatDistribution\", \"attributes\": {\"step\": null, \"low\": 0.0, \"high\": 0.5, \"log\": false}}"}
{"op_code":5,"worker_id":"0ab736b4-6cdc-48c8-a6c8-44f26bb5e2b2-140218449991488","trial_id":15,"param_name":"nodes","param_value_internal":0,"distribution":"{\"name\": \"CategoricalDistribution\", \"attributes\": {\"choices\": [\"64-64\", \"128-64\", \"256-128\"]}}"}
{"op_code":6,"worker_id":"0ab736b4-6cdc-48c8-a6c8-44f26bb5e2b2-140218449991488","trial_id":15,"state":1,"values":[0.5180180180180181],"datetime_complete":"2026-03-31T12:21:57.602991"}
{"op_code":4,"worker_id":"0ab736b4-6cdc-48c8-a6c8-44f26bb5e2b2-140218449991488","study_id":0,"datetime_start":"2026-03-31T12:21:57.613962"}
{"op_code":5,"worker_id":"0ab736b4-6cdc-48c8-a6c8-44f26bb5e2b2-140218449991488","trial_id":16,"param_name":"lr","param_value_internal":0.007250879025805596,"distribution":"{\"name\": \"FloatDistribution\", \"attributes\": {\"step\": null, \"low\": 0.0001, \"high\": 0.1, \"log\": true}}"}
{"op_code":5,"worker_id":"0ab736b4-6cdc-48c8-a6c8-44f26bb5e2b2-140218449991488","trial_id":16,"param_name":"dropout","param_value_internal":0.2850424548733416,"distribution":"{\"name\": \"FloatDistribution\", \"attributes\": {\"step\": null, \"low\": 0.0, \"high\": 0.5, \"log\": false}}"}
{"op_code":5,"worker_id":"0ab736b4-6cdc-48c8-a6c8-44f26bb5e2b2-140218449991488","trial_id":16,"param_name":"nodes","param_value_internal":1,"distribution":"{\"name\": \"CategoricalDistribution\", \"attributes\": {\"choices\": [\"64-64\", \"128-64\", \"256-128\"]}}"}
{"op_code":6,"worker_id":"0ab736b4-6cdc-48c8-a6c8-44f26bb5e2b2-140218449991488","trial_id":16,"state":1,"values":[0.5855855855855856],"datetime_complete":"2026-03-31T12:21:57.833170"}
{"op_code":4,"worker_id":"0ab736b4-6cdc-48c8-a6c8-44f26bb5e2b2-140218449991488","study_id":0,"datetime_start":"2026-03-31T12:21:57.844658"}
{"op_code":5,"worker_id":"0ab736b4-6cdc-48c8-a6c8-44f26bb5e2b2-140218449991488","trial_id":17,"param_name":"lr","param_value_internal":0.04375857372584593,"distribution":"{\"name\": \"FloatDistribution\", \"attributes\": {\"step\": null, \"low\": 0.0001, \"high\": 0.1, \"log\": true}}"}
{"op_code":5,"worker_id":"0ab736b4-6cdc-48c8-a6c8-44f26bb5e2b2-140218449991488","trial_id":17,"param_name":"dropout","param_value_internal":0.1881333042335527,"distribution":"{\"name\": \"FloatDistribution\", \"attributes\": {\"step\": null, \"low\": 0.0, \"high\": 0.5, \"log\": false}}"}
{"op_code":5,"worker_id":"0ab736b4-6cdc-48c8-a6c8-44f26bb5e2b2-140218449991488","trial_id":17,"param_name":"nodes","param_value_internal":1,"distribution":"{\"name\": \"CategoricalDistribution\", \"attributes\": {\"choices\": [\"64-64\", \"128-64\", \"256-128\"]}}"}
{"op_code":6,"worker_id":"0ab736b4-6cdc-48c8-a6c8-44f26bb5e2b2-140218449991488","trial_id":17,"state":1,"values":[0.5540540540540541],"datetime_complete":"2026-03-31T12:21:58.071207"}
{"op_code":4,"worker_id":"0ab736b4-6cdc-48c8-a6c8-44f26bb5e2b2-140218449991488","study_id":0,"datetime_start":"2026-03-31T12:21:58.082967"}
{"op_code":5,"worker_id":"0ab736b4-6cdc-48c8-a6c8-44f26bb5e2b2-140218449991488","trial_id":18,"param_name":"lr","param_value_internal":0.016237954899025922,"distribution":"{\"name\": \"FloatDistribution\", \"attributes\": {\"step\": null, \"low\": 0.0001, \"high\": 0.1, \"log\": true}}"}
{"op_code":5,"worker_id":"0ab736b4-6cdc-48c8-a6c8-44f26bb5e2b2-140218449991488","trial_id":18,"param_name":"dropout","param_value_internal":0.10509478914623852,"distribution":"{\"name\": \"FloatDistribution\", \"attributes\": {\"step\": null, \"low\": 0.0, \"high\": 0.5, \"log\": false}}"}
{"op_code":5,"worker_id":"0ab736b4-6cdc-48c8-a6c8-44f26bb5e2b2-140218449991488","trial_id":18,"param_name":"nodes","param_value_internal":0,"distribution":"{\"name\": \"CategoricalDistribution\", \"attributes\": {\"choices\": [\"64-64\", \"128-64\", \"256-128\"]}}"}
{"op_code":6,"worker_id":"0ab736b4-6cdc-48c8-a6c8-44f26bb5e2b2-140218449991488","trial_id":18,"state":1,"values":[0.5540540540540541],"datetime_complete":"2026-03-31T12:21:58.300250"}
{"op_code":4,"worker_id":"0ab736b4-6cdc-48c8-a6c8-44f26bb5e2b2-140218449991488","study_id":0,"datetime_start":"2026-03-31T12:21:58.313437"}
{"op_code":5,"worker_id":"0ab736b4-6cdc-48c8-a6c8-44f26bb5e2b2-140218449991488","trial_id":19,"param_name":"lr","param_value_internal":0.0010653429572785203,"distribution":"{\"name\": \"FloatDistribution\", \"attributes\": {\"step\": null, \"low\": 0.0001, \"high\": 0.1, \"log\": true}}"}
{"op_code":5,"worker_id":"0ab736b4-6cdc-48c8-a6c8-44f26bb5e2b2-140218449991488","trial_id":19,"param_name":"dropout","param_value_internal":0.44508755529435917,"distribution":"{\"name\": \"FloatDistribution\", \"attributes\": {\"step\": null, \"low\": 0.0, \"high\": 0.5, \"log\": false}}"}
{"op_code":5,"worker_id":"0ab736b4-6cdc-48c8-a6c8-44f26bb5e2b2-140218449991488","trial_id":19,"param_name":"nodes","param_value_internal":2,"distribution":"{\"name\": \"CategoricalDistribution\", \"attributes\": {\"choices\": [\"64-64\", \"128-64\", \"256-128\"]}}"}
{"op_code":6,"worker_id":"0ab736b4-6cdc-48c8-a6c8-44f26bb5e2b2-140218449991488","trial_id":19,"state":1,"values":[0.5405405405405406],"datetime_complete":"2026-03-31T12:21:58.530289"}
