{"op_code":0,"worker_id":"f4d7bd8a-96ed-4f71-b6a7-25a76ab935b5-139735962314560","study_name":"mtlr_tuning","directions":[2]}
{"op_code":4,"worker_id":"f4d7bd8a-96ed-4f71-b6a7-25a76ab935b5-139735962314560","study_id":0,"datetime_start":"2026-03-30T10:26:34.647304"}
{"op_code":5,"worker_id":"f4d7bd8a-96ed-4f71-b6a7-25a76ab935b5-139735962314560","trial_id":0,"param_name":"lr","param_value_internal":0.0020270671872850018,"distribution":"{\"name\": \"FloatDistribution\", \"attributes\": {\"step\": null, \"low\": 0.0001, \"high\": 0.1, \"log\": true}}"}
{"op_code":5,"worker_id":"f4d7bd8a-96ed-4f71-b6a7-25a76ab935b5-139735962314560","trial_id":0,"param_name":"dropout","param_value_internal":0.15818879154316468,"distribution":"{\"name\": \"FloatDistribution\", \"attributes\": {\"step\": null, \"low\": 0.0, \"high\": 0.5, \"log\": false}}"}
{"op_code":5,"worker_id":"f4d7bd8a-96ed-4f71-b6a7-25a76ab935b5-139735962314560","trial_id":0,"param_name":"layers","param_value_internal":3.0,"distribution":"{\"name\": \"IntDistribution\", \"attributes\": {\"log\": false, \"step\": 1, \"low\": 1, \"high\": 3}}"}
{"op_code":5,"worker_id":"f4d7bd8a-96ed-4f71-b6a7-25a76ab935b5-139735962314560","trial_id":0,"param_name":"nodes","param_value_internal":0,"distribution":"{\"name\": \"CategoricalDistribution\", \"attributes\": {\"choices\": [32, 64, 128]}}"}
{"op_code":6,"worker_id":"f4d7bd8a-96ed-4f71-b6a7-25a76ab935b5-139735962314560","trial_id":0,"state":1,"values":[0.6157430560516937],"datetime_complete":"2026-03-30T10:26:37.780342"}
{"op_code":4,"worker_id":"f4d7bd8a-96ed-4f71-b6a7-25a76ab935b5-139735962314560","study_id":0,"datetime_start":"2026-03-30T10:26:37.797594"}
{"op_code":5,"worker_id":"f4d7bd8a-96ed-4f71-b6a7-25a76ab935b5-139735962314560","trial_id":1,"param_name":"lr","param_value_internal":0.08349207466322472,"distribution":"{\"name\": \"FloatDistribution\", \"attributes\": {\"step\": null, \"low\": 0.0001, \"high\": 0.1, \"log\": true}}"}
{"op_code":5,"worker_id":"f4d7bd8a-96ed-4f71-b6a7-25a76ab935b5-139735962314560","trial_id":1,"param_name":"dropout","param_value_internal":0.4965048742948193,"distribution":"{\"name\": \"FloatDistribution\", \"attributes\": {\"step\": null, \"low\": 0.0, \"high\": 0.5, \"log\": false}}"}
{"op_code":5,"worker_id":"f4d7bd8a-96ed-4f71-b6a7-25a76ab935b5-139735962314560","trial_id":1,"param_name":"layers","param_value_internal":1.0,"distribution":"{\"name\": \"IntDistribution\", \"attributes\": {\"log\": false, \"step\": 1, \"low\": 1, \"high\": 3}}"}
{"op_code":5,"worker_id":"f4d7bd8a-96ed-4f71-b6a7-25a76ab935b5-139735962314560","trial_id":1,"param_name":"nodes","param_value_internal":0,"distribution":"{\"name\": \"CategoricalDistribution\", \"attributes\": {\"choices\": [32, 64, 128]}}"}
{"op_code":6,"worker_id":"f4d7bd8a-96ed-4f71-b6a7-25a76ab935b5-139735962314560","trial_id":1,"state":1,"values":[0.5982977077854552],"datetime_complete":"2026-03-30T10:26:40.224095"}
{"op_code":4,"worker_id":"f4d7bd8a-96ed-4f71-b6a7-25a76ab935b5-139735962314560","study_id":0,"datetime_start":"2026-03-30T10:26:40.237824"}
{"op_code":5,"worker_id":"f4d7bd8a-96ed-4f71-b6a7-25a76ab935b5-139735962314560","trial_id":2,"param_name":"lr","param_value_internal":0.004532423285881881,"distribution":"{\"name\": \"FloatDistribution\", \"attributes\": {\"step\": null, \"low\": 0.0001, \"high\": 0.1, \"log\": true}}"}
{"op_code":5,"worker_id":"f4d7bd8a-96ed-4f71-b6a7-25a76ab935b5-139735962314560","trial_id":2,"param_name":"dropout","param_value_internal":0.08579806247986721,"distribution":"{\"name\": \"FloatDistribution\", \"attributes\": {\"step\": null, \"low\": 0.0, \"high\": 0.5, \"log\": false}}"}
{"op_code":5,"worker_id":"f4d7bd8a-96ed-4f71-b6a7-25a76ab935b5-139735962314560","trial_id":2,"param_name":"layers","param_value_internal":3.0,"distribution":"{\"name\": \"IntDistribution\", \"attributes\": {\"log\": false, \"step\": 1, \"low\": 1, \"high\": 3}}"}
{"op_code":5,"worker_id":"f4d7bd8a-96ed-4f71-b6a7-25a76ab935b5-139735962314560","trial_id":2,"param_name":"nodes","param_value_internal":0,"distribution":"{\"name\": \"CategoricalDistribution\", \"attributes\": {\"choices\": [32, 64, 128]}}"}
{"op_code":6,"worker_id":"f4d7bd8a-96ed-4f71-b6a7-25a76ab935b5-139735962314560","trial_id":2,"state":1,"values":[0.6173908014302385],"datetime_complete":"2026-03-30T10:26:42.569934"}
{"op_code":4,"worker_id":"f4d7bd8a-96ed-4f71-b6a7-25a76ab935b5-139735962314560","study_id":0,"datetime_start":"2026-03-30T10:26:42.587083"}
{"op_code":5,"worker_id":"f4d7bd8a-96ed-4f71-b6a7-25a76ab935b5-139735962314560","trial_id":3,"param_name":"lr","param_value_internal":0.055186448410788444,"distribution":"{\"name\": \"FloatDistribution\", \"attributes\": {\"step\": null, \"low\": 0.0001, \"high\": 0.1, \"log\": true}}"}
{"op_code":5,"worker_id":"f4d7bd8a-96ed-4f71-b6a7-25a76ab935b5-139735962314560","trial_id":3,"param_name":"dropout","param_value_internal":0.40087106369821035,"distribution":"{\"name\": \"FloatDistribution\", \"attributes\": {\"step\": null, \"low\": 0.0, \"high\": 0.5, \"log\": false}}"}
{"op_code":5,"worker_id":"f4d7bd8a-96ed-4f71-b6a7-25a76ab935b5-139735962314560","trial_id":3,"param_name":"layers","param_value_internal":2.0,"distribution":"{\"name\": \"IntDistribution\", \"attributes\": {\"log\": false, \"step\": 1, \"low\": 1, \"high\": 3}}"}
{"op_code":5,"worker_id":"f4d7bd8a-96ed-4f71-b6a7-25a76ab935b5-139735962314560","trial_id":3,"param_name":"nodes","param_value_internal":0,"distribution":"{\"name\": \"CategoricalDistribution\", \"attributes\": {\"choices\": [32, 64, 128]}}"}
{"op_code":6,"worker_id":"f4d7bd8a-96ed-4f71-b6a7-25a76ab935b5-139735962314560","trial_id":3,"state":1,"values":[0.5391841335615002],"datetime_complete":"2026-03-30T10:26:44.448326"}
{"op_code":4,"worker_id":"f4d7bd8a-96ed-4f71-b6a7-25a76ab935b5-139735962314560","study_id":0,"datetime_start":"2026-03-30T10:26:44.466413"}
{"op_code":5,"worker_id":"f4d7bd8a-96ed-4f71-b6a7-25a76ab935b5-139735962314560","trial_id":4,"param_name":"lr","param_value_internal":0.05154968817487493,"distribution":"{\"name\": \"FloatDistribution\", \"attributes\": {\"step\": null, \"low\": 0.0001, \"high\": 0.1, \"log\": true}}"}
{"op_code":5,"worker_id":"f4d7bd8a-96ed-4f71-b6a7-25a76ab935b5-139735962314560","trial_id":4,"param_name":"dropout","param_value_internal":0.36252751879387785,"distribution":"{\"name\": \"FloatDistribution\", \"attributes\": {\"step\": null, \"low\": 0.0, \"high\": 0.5, \"log\": false}}"}
{"op_code":5,"worker_id":"f4d7bd8a-96ed-4f71-b6a7-25a76ab935b5-139735962314560","trial_id":4,"param_name":"layers","param_value_internal":1.0,"distribution":"{\"name\": \"IntDistribution\", \"attributes\": {\"log\": false, \"step\": 1, \"low\": 1, \"high\": 3}}"}
{"op_code":5,"worker_id":"f4d7bd8a-96ed-4f71-b6a7-25a76ab935b5-139735962314560","trial_id":4,"param_name":"nodes","param_value_internal":1,"distribution":"{\"name\": \"CategoricalDistribution\", \"attributes\": {\"choices\": [32, 64, 128]}}"}
{"op_code":6,"worker_id":"f4d7bd8a-96ed-4f71-b6a7-25a76ab935b5-139735962314560","trial_id":4,"state":1,"values":[0.5403697617743485],"datetime_complete":"2026-03-30T10:26:46.096834"}
{"op_code":4,"worker_id":"f4d7bd8a-96ed-4f71-b6a7-25a76ab935b5-139735962314560","study_id":0,"datetime_start":"2026-03-30T10:26:46.112460"}
{"op_code":5,"worker_id":"f4d7bd8a-96ed-4f71-b6a7-25a76ab935b5-139735962314560","trial_id":5,"param_name":"lr","param_value_internal":0.05803594595192084,"distribution":"{\"name\": \"FloatDistribution\", \"attributes\": {\"step\": null, \"low\": 0.0001, \"high\": 0.1, \"log\": true}}"}
{"op_code":5,"worker_id":"f4d7bd8a-96ed-4f71-b6a7-25a76ab935b5-139735962314560","trial_id":5,"param_name":"dropout","param_value_internal":0.3970887641781232,"distribution":"{\"name\": \"FloatDistribution\", \"attributes\": {\"step\": null, \"low\": 0.0, \"high\": 0.5, \"log\": false}}"}
{"op_code":5,"worker_id":"f4d7bd8a-96ed-4f71-b6a7-25a76ab935b5-139735962314560","trial_id":5,"param_name":"layers","param_value_internal":1.0,"distribution":"{\"name\": \"IntDistribution\", \"attributes\": {\"log\": false, \"step\": 1, \"low\": 1, \"high\": 3}}"}
{"op_code":5,"worker_id":"f4d7bd8a-96ed-4f71-b6a7-25a76ab935b5-139735962314560","trial_id":5,"param_name":"nodes","param_value_internal":2,"distribution":"{\"name\": \"CategoricalDistribution\", \"attributes\": {\"choices\": [32, 64, 128]}}"}
{"op_code":6,"worker_id":"f4d7bd8a-96ed-4f71-b6a7-25a76ab935b5-139735962314560","trial_id":5,"state":1,"values":[0.5930766343354755],"datetime_complete":"2026-03-30T10:26:47.742594"}
{"op_code":4,"worker_id":"f4d7bd8a-96ed-4f71-b6a7-25a76ab935b5-139735962314560","study_id":0,"datetime_start":"2026-03-30T10:26:47.758919"}
{"op_code":5,"worker_id":"f4d7bd8a-96ed-4f71-b6a7-25a76ab935b5-139735962314560","trial_id":6,"param_name":"lr","param_value_internal":0.03549299994881569,"distribution":"{\"name\": \"FloatDistribution\", \"attributes\": {\"step\": null, \"low\": 0.0001, \"high\": 0.1, \"log\": true}}"}
{"op_code":5,"worker_id":"f4d7bd8a-96ed-4f71-b6a7-25a76ab935b5-139735962314560","trial_id":6,"param_name":"dropout","param_value_internal":0.30059947940658716,"distribution":"{\"name\": \"FloatDistribution\", \"attributes\": {\"step\": null, \"low\": 0.0, \"high\": 0.5, \"log\": false}}"}
{"op_code":5,"worker_id":"f4d7bd8a-96ed-4f71-b6a7-25a76ab935b5-139735962314560","trial_id":6,"param_name":"layers","param_value_internal":1.0,"distribution":"{\"name\": \"IntDistribution\", \"attributes\": {\"log\": false, \"step\": 1, \"low\": 1, \"high\": 3}}"}
{"op_code":5,"worker_id":"f4d7bd8a-96ed-4f71-b6a7-25a76ab935b5-139735962314560","trial_id":6,"param_name":"nodes","param_value_internal":0,"distribution":"{\"name\": \"CategoricalDistribution\", \"attributes\": {\"choices\": [32, 64, 128]}}"}
{"op_code":6,"worker_id":"f4d7bd8a-96ed-4f71-b6a7-25a76ab935b5-139735962314560","trial_id":6,"state":1,"values":[0.6032307376523994],"datetime_complete":"2026-03-30T10:26:49.384547"}
{"op_code":4,"worker_id":"f4d7bd8a-96ed-4f71-b6a7-25a76ab935b5-139735962314560","study_id":0,"datetime_start":"2026-03-30T10:26:49.402106"}
{"op_code":5,"worker_id":"f4d7bd8a-96ed-4f71-b6a7-25a76ab935b5-139735962314560","trial_id":7,"param_name":"lr","param_value_internal":0.00036537921322774003,"distribution":"{\"name\": \"FloatDistribution\", \"attributes\": {\"step\": null, \"low\": 0.0001, \"high\": 0.1, \"log\": true}}"}
{"op_code":5,"worker_id":"f4d7bd8a-96ed-4f71-b6a7-25a76ab935b5-139735962314560","trial_id":7,"param_name":"dropout","param_value_internal":0.01702771668349251,"distribution":"{\"name\": \"FloatDistribution\", \"attributes\": {\"step\": null, \"low\": 0.0, \"high\": 0.5, \"log\": false}}"}
{"op_code":5,"worker_id":"f4d7bd8a-96ed-4f71-b6a7-25a76ab935b5-139735962314560","trial_id":7,"param_name":"layers","param_value_internal":2.0,"distribution":"{\"name\": \"IntDistribution\", \"attributes\": {\"log\": false, \"step\": 1, \"low\": 1, \"high\": 3}}"}
{"op_code":5,"worker_id":"f4d7bd8a-96ed-4f71-b6a7-25a76ab935b5-139735962314560","trial_id":7,"param_name":"nodes","param_value_internal":0,"distribution":"{\"name\": \"CategoricalDistribution\", \"attributes\": {\"choices\": [32, 64, 128]}}"}
{"op_code":6,"worker_id":"f4d7bd8a-96ed-4f71-b6a7-25a76ab935b5-139735962314560","trial_id":7,"state":1,"values":[0.5914396622405481],"datetime_complete":"2026-03-30T10:26:51.260226"}
{"op_code":4,"worker_id":"f4d7bd8a-96ed-4f71-b6a7-25a76ab935b5-139735962314560","study_id":0,"datetime_start":"2026-03-30T10:26:51.277948"}
{"op_code":5,"worker_id":"f4d7bd8a-96ed-4f71-b6a7-25a76ab935b5-139735962314560","trial_id":8,"param_name":"lr","param_value_internal":0.04873824790782097,"distribution":"{\"name\": \"FloatDistribution\", \"attributes\": {\"step\": null, \"low\": 0.0001, \"high\": 0.1, \"log\": true}}"}
{"op_code":5,"worker_id":"f4d7bd8a-96ed-4f71-b6a7-25a76ab935b5-139735962314560","trial_id":8,"param_name":"dropout","param_value_internal":0.26006292162159533,"distribution":"{\"name\": \"FloatDistribution\", \"attributes\": {\"step\": null, \"low\": 0.0, \"high\": 0.5, \"log\": false}}"}
{"op_code":5,"worker_id":"f4d7bd8a-96ed-4f71-b6a7-25a76ab935b5-139735962314560","trial_id":8,"param_name":"layers","param_value_internal":2.0,"distribution":"{\"name\": \"IntDistribution\", \"attributes\": {\"log\": false, \"step\": 1, \"low\": 1, \"high\": 3}}"}
{"op_code":5,"worker_id":"f4d7bd8a-96ed-4f71-b6a7-25a76ab935b5-139735962314560","trial_id":8,"param_name":"nodes","param_value_internal":0,"distribution":"{\"name\": \"CategoricalDistribution\", \"attributes\": {\"choices\": [32, 64, 128]}}"}
{"op_code":6,"worker_id":"f4d7bd8a-96ed-4f71-b6a7-25a76ab935b5-139735962314560","trial_id":8,"state":1,"values":[0.6112092046935228],"datetime_complete":"2026-03-30T10:26:53.141333"}
{"op_code":4,"worker_id":"f4d7bd8a-96ed-4f71-b6a7-25a76ab935b5-139735962314560","study_id":0,"datetime_start":"2026-03-30T10:26:53.157970"}
{"op_code":5,"worker_id":"f4d7bd8a-96ed-4f71-b6a7-25a76ab935b5-139735962314560","trial_id":9,"param_name":"lr","param_value_internal":0.05037139787509364,"distribution":"{\"name\": \"FloatDistribution\", \"attributes\": {\"step\": null, \"low\": 0.0001, \"high\": 0.1, \"log\": true}}"}
{"op_code":5,"worker_id":"f4d7bd8a-96ed-4f71-b6a7-25a76ab935b5-139735962314560","trial_id":9,"param_name":"dropout","param_value_internal":0.32100659250435587,"distribution":"{\"name\": \"FloatDistribution\", \"attributes\": {\"step\": null, \"low\": 0.0, \"high\": 0.5, \"log\": false}}"}
{"op_code":5,"worker_id":"f4d7bd8a-96ed-4f71-b6a7-25a76ab935b5-139735962314560","trial_id":9,"param_name":"layers","param_value_internal":2.0,"distribution":"{\"name\": \"IntDistribution\", \"attributes\": {\"log\": false, \"step\": 1, \"low\": 1, \"high\": 3}}"}
{"op_code":5,"worker_id":"f4d7bd8a-96ed-4f71-b6a7-25a76ab935b5-139735962314560","trial_id":9,"param_name":"nodes","param_value_internal":1,"distribution":"{\"name\": \"CategoricalDistribution\", \"attributes\": {\"choices\": [32, 64, 128]}}"}
{"op_code":6,"worker_id":"f4d7bd8a-96ed-4f71-b6a7-25a76ab935b5-139735962314560","trial_id":9,"state":1,"values":[0.6175546687442094],"datetime_complete":"2026-03-30T10:26:55.015175"}
{"op_code":4,"worker_id":"f4d7bd8a-96ed-4f71-b6a7-25a76ab935b5-139735962314560","study_id":0,"datetime_start":"2026-03-30T10:26:55.033605"}
{"op_code":5,"worker_id":"f4d7bd8a-96ed-4f71-b6a7-25a76ab935b5-139735962314560","trial_id":10,"param_name":"lr","param_value_internal":0.008343869878665361,"distribution":"{\"name\": \"FloatDistribution\", \"attributes\": {\"step\": null, \"low\": 0.0001, \"high\": 0.1, \"log\": true}}"}
{"op_code":5,"worker_id":"f4d7bd8a-96ed-4f71-b6a7-25a76ab935b5-139735962314560","trial_id":10,"param_name":"dropout","param_value_internal":0.17730060805963097,"distribution":"{\"name\": \"FloatDistribution\", \"attributes\": {\"step\": null, \"low\": 0.0, \"high\": 0.5, \"log\": false}}"}
{"op_code":5,"worker_id":"f4d7bd8a-96ed-4f71-b6a7-25a76ab935b5-139735962314560","trial_id":10,"param_name":"layers","param_value_internal":2.0,"distribution":"{\"name\": \"IntDistribution\", \"attributes\": {\"log\": false, \"step\": 1, \"low\": 1, \"high\": 3}}"}
{"op_code":5,"worker_id":"f4d7bd8a-96ed-4f71-b6a7-25a76ab935b5-139735962314560","trial_id":10,"param_name":"nodes","param_value_internal":1,"distribution":"{\"name\": \"CategoricalDistribution\", \"attributes\": {\"choices\": [32, 64, 128]}}"}
{"op_code":6,"worker_id":"f4d7bd8a-96ed-4f71-b6a7-25a76ab935b5-139735962314560","trial_id":10,"state":1,"values":[0.6130990654459969],"datetime_complete":"2026-03-30T10:26:56.883524"}
{"op_code":4,"worker_id":"f4d7bd8a-96ed-4f71-b6a7-25a76ab935b5-139735962314560","study_id":0,"datetime_start":"2026-03-30T10:26:56.901635"}
{"op_code":5,"worker_id":"f4d7bd8a-96ed-4f71-b6a7-25a76ab935b5-139735962314560","trial_id":11,"param_name":"lr","param_value_internal":0.00649143833284551,"distribution":"{\"name\": \"FloatDistribution\", \"attributes\": {\"step\": null, \"low\": 0.0001, \"high\": 0.1, \"log\": true}}"}
{"op_code":5,"worker_id":"f4d7bd8a-96ed-4f71-b6a7-25a76ab935b5-139735962314560","trial_id":11,"param_name":"dropout","param_value_internal":0.008100888619716112,"distribution":"{\"name\": \"FloatDistribution\", \"attributes\": {\"step\": null, \"low\": 0.0, \"high\": 0.5, \"log\": false}}"}
{"op_code":5,"worker_id":"f4d7bd8a-96ed-4f71-b6a7-25a76ab935b5-139735962314560","trial_id":11,"param_name":"layers","param_value_internal":3.0,"distribution":"{\"name\": \"IntDistribution\", \"attributes\": {\"log\": false, \"step\": 1, \"low\": 1, \"high\": 3}}"}
{"op_code":5,"worker_id":"f4d7bd8a-96ed-4f71-b6a7-25a76ab935b5-139735962314560","trial_id":11,"param_name":"nodes","param_value_internal":1,"distribution":"{\"name\": \"CategoricalDistribution\", \"attributes\": {\"choices\": [32, 64, 128]}}"}
{"op_code":6,"worker_id":"f4d7bd8a-96ed-4f71-b6a7-25a76ab935b5-139735962314560","trial_id":11,"state":1,"values":[0.5385859328132673],"datetime_complete":"2026-03-30T10:26:58.978132"}
{"op_code":4,"worker_id":"f4d7bd8a-96ed-4f71-b6a7-25a76ab935b5-139735962314560","study_id":0,"datetime_start":"2026-03-30T10:26:58.993887"}
{"op_code":5,"worker_id":"f4d7bd8a-96ed-4f71-b6a7-25a76ab935b5-139735962314560","trial_id":12,"param_name":"lr","param_value_internal":0.0012994128353219186,"distribution":"{\"name\": \"FloatDistribution\", \"attributes\": {\"step\": null, \"low\": 0.0001, \"high\": 0.1, \"log\": true}}"}
{"op_code":5,"worker_id":"f4d7bd8a-96ed-4f71-b6a7-25a76ab935b5-139735962314560","trial_id":12,"param_name":"dropout","param_value_internal":0.11506186051845288,"distribution":"{\"name\": \"FloatDistribution\", \"attributes\": {\"step\": null, \"low\": 0.0, \"high\": 0.5, \"log\": false}}"}
{"op_code":5,"worker_id":"f4d7bd8a-96ed-4f71-b6a7-25a76ab935b5-139735962314560","trial_id":12,"param_name":"layers","param_value_internal":3.0,"distribution":"{\"name\": \"IntDistribution\", \"attributes\": {\"log\": false, \"step\": 1, \"low\": 1, \"high\": 3}}"}
{"op_code":5,"worker_id":"f4d7bd8a-96ed-4f71-b6a7-25a76ab935b5-139735962314560","trial_id":12,"param_name":"nodes","param_value_internal":2,"distribution":"{\"name\": \"CategoricalDistribution\", \"attributes\": {\"choices\": [32, 64, 128]}}"}
{"op_code":6,"worker_id":"f4d7bd8a-96ed-4f71-b6a7-25a76ab935b5-139735962314560","trial_id":12,"state":1,"values":[0.5880024177516497],"datetime_complete":"2026-03-30T10:27:01.070004"}
{"op_code":4,"worker_id":"f4d7bd8a-96ed-4f71-b6a7-25a76ab935b5-139735962314560","study_id":0,"datetime_start":"2026-03-30T10:27:01.087963"}
{"op_code":5,"worker_id":"f4d7bd8a-96ed-4f71-b6a7-25a76ab935b5-139735962314560","trial_id":13,"param_name":"lr","param_value_internal":0.01356568050258714,"distribution":"{\"name\": \"FloatDistribution\", \"attributes\": {\"step\": null, \"low\": 0.0001, \"high\": 0.1, \"log\": true}}"}
{"op_code":5,"worker_id":"f4d7bd8a-96ed-4f71-b6a7-25a76ab935b5-139735962314560","trial_id":13,"param_name":"dropout","param_value_internal":0.09592438746705174,"distribution":"{\"name\": \"FloatDistribution\", \"attributes\": {\"step\": null, \"low\": 0.0, \"high\": 0.5, \"log\": false}}"}
{"op_code":5,"worker_id":"f4d7bd8a-96ed-4f71-b6a7-25a76ab935b5-139735962314560","trial_id":13,"param_name":"layers","param_value_internal":3.0,"distribution":"{\"name\": \"IntDistribution\", \"attributes\": {\"log\": false, \"step\": 1, \"low\": 1, \"high\": 3}}"}
{"op_code":5,"worker_id":"f4d7bd8a-96ed-4f71-b6a7-25a76ab935b5-139735962314560","trial_id":13,"param_name":"nodes","param_value_internal":1,"distribution":"{\"name\": \"CategoricalDistribution\", \"attributes\": {\"choices\": [32, 64, 128]}}"}
{"op_code":6,"worker_id":"f4d7bd8a-96ed-4f71-b6a7-25a76ab935b5-139735962314560","trial_id":13,"state":1,"values":[0.6170222417275357],"datetime_complete":"2026-03-30T10:27:03.175532"}
{"op_code":4,"worker_id":"f4d7bd8a-96ed-4f71-b6a7-25a76ab935b5-139735962314560","study_id":0,"datetime_start":"2026-03-30T10:27:03.199486"}
{"op_code":5,"worker_id":"f4d7bd8a-96ed-4f71-b6a7-25a76ab935b5-139735962314560","trial_id":14,"param_name":"lr","param_value_internal":0.0005835121374386057,"distribution":"{\"name\": \"FloatDistribution\", \"attributes\": {\"step\": null, \"low\": 0.0001, \"high\": 0.1, \"log\": true}}"}
{"op_code":5,"worker_id":"f4d7bd8a-96ed-4f71-b6a7-25a76ab935b5-139735962314560","trial_id":14,"param_name":"dropout","param_value_internal":0.22241520964822334,"distribution":"{\"name\": \"FloatDistribution\", \"attributes\": {\"step\": null, \"low\": 0.0, \"high\": 0.5, \"log\": false}}"}
{"op_code":5,"worker_id":"f4d7bd8a-96ed-4f71-b6a7-25a76ab935b5-139735962314560","trial_id":14,"param_name":"layers","param_value_internal":2.0,"distribution":"{\"name\": \"IntDistribution\", \"attributes\": {\"log\": false, \"step\": 1, \"low\": 1, \"high\": 3}}"}
{"op_code":5,"worker_id":"f4d7bd8a-96ed-4f71-b6a7-25a76ab935b5-139735962314560","trial_id":14,"param_name":"nodes","param_value_internal":1,"distribution":"{\"name\": \"CategoricalDistribution\", \"attributes\": {\"choices\": [32, 64, 128]}}"}
{"op_code":6,"worker_id":"f4d7bd8a-96ed-4f71-b6a7-25a76ab935b5-139735962314560","trial_id":14,"state":1,"values":[0.6121663258906954],"datetime_complete":"2026-03-30T10:27:05.059869"}
{"op_code":4,"worker_id":"f4d7bd8a-96ed-4f71-b6a7-25a76ab935b5-139735962314560","study_id":0,"datetime_start":"2026-03-30T10:27:05.075838"}
{"op_code":5,"worker_id":"f4d7bd8a-96ed-4f71-b6a7-25a76ab935b5-139735962314560","trial_id":15,"param_name":"lr","param_value_internal":0.00018600058699992392,"distribution":"{\"name\": \"FloatDistribution\", \"attributes\": {\"step\": null, \"low\": 0.0001, \"high\": 0.1, \"log\": true}}"}
{"op_code":5,"worker_id":"f4d7bd8a-96ed-4f71-b6a7-25a76ab935b5-139735962314560","trial_id":15,"param_name":"dropout","param_value_internal":0.3191212135810647,"distribution":"{\"name\": \"FloatDistribution\", \"attributes\": {\"step\": null, \"low\": 0.0, \"high\": 0.5, \"log\": false}}"}
{"op_code":5,"worker_id":"f4d7bd8a-96ed-4f71-b6a7-25a76ab935b5-139735962314560","trial_id":15,"param_name":"layers","param_value_internal":3.0,"distribution":"{\"name\": \"IntDistribution\", \"attributes\": {\"log\": false, \"step\": 1, \"low\": 1, \"high\": 3}}"}
{"op_code":5,"worker_id":"f4d7bd8a-96ed-4f71-b6a7-25a76ab935b5-139735962314560","trial_id":15,"param_name":"nodes","param_value_internal":2,"distribution":"{\"name\": \"CategoricalDistribution\", \"attributes\": {\"choices\": [32, 64, 128]}}"}
{"op_code":6,"worker_id":"f4d7bd8a-96ed-4f71-b6a7-25a76ab935b5-139735962314560","trial_id":15,"state":1,"values":[0.6046409037764329],"datetime_complete":"2026-03-30T10:27:07.152327"}
{"op_code":4,"worker_id":"f4d7bd8a-96ed-4f71-b6a7-25a76ab935b5-139735962314560","study_id":0,"datetime_start":"2026-03-30T10:27:07.170511"}
{"op_code":5,"worker_id":"f4d7bd8a-96ed-4f71-b6a7-25a76ab935b5-139735962314560","trial_id":16,"param_name":"lr","param_value_internal":0.02026242386162325,"distribution":"{\"name\": \"FloatDistribution\", \"attributes\": {\"step\": null, \"low\": 0.0001, \"high\": 0.1, \"log\": true}}"}
{"op_code":5,"worker_id":"f4d7bd8a-96ed-4f71-b6a7-25a76ab935b5-139735962314560","trial_id":16,"param_name":"dropout","param_value_internal":0.45456074172558014,"distribution":"{\"name\": \"FloatDistribution\", \"attributes\": {\"step\": null, \"low\": 0.0, \"high\": 0.5, \"log\": false}}"}
{"op_code":5,"worker_id":"f4d7bd8a-96ed-4f71-b6a7-25a76ab935b5-139735962314560","trial_id":16,"param_name":"layers","param_value_internal":2.0,"distribution":"{\"name\": \"IntDistribution\", \"attributes\": {\"log\": false, \"step\": 1, \"low\": 1, \"high\": 3}}"}
{"op_code":5,"worker_id":"f4d7bd8a-96ed-4f71-b6a7-25a76ab935b5-139735962314560","trial_id":16,"param_name":"nodes","param_value_internal":1,"distribution":"{\"name\": \"CategoricalDistribution\", \"attributes\": {\"choices\": [32, 64, 128]}}"}
{"op_code":6,"worker_id":"f4d7bd8a-96ed-4f71-b6a7-25a76ab935b5-139735962314560","trial_id":16,"state":1,"values":[0.6105514673779302],"datetime_complete":"2026-03-30T10:27:09.027630"}
{"op_code":4,"worker_id":"f4d7bd8a-96ed-4f71-b6a7-25a76ab935b5-139735962314560","study_id":0,"datetime_start":"2026-03-30T10:27:09.043970"}
{"op_code":5,"worker_id":"f4d7bd8a-96ed-4f71-b6a7-25a76ab935b5-139735962314560","trial_id":17,"param_name":"lr","param_value_internal":0.0038977638334014492,"distribution":"{\"name\": \"FloatDistribution\", \"attributes\": {\"step\": null, \"low\": 0.0001, \"high\": 0.1, \"log\": true}}"}
{"op_code":5,"worker_id":"f4d7bd8a-96ed-4f71-b6a7-25a76ab935b5-139735962314560","trial_id":17,"param_name":"dropout","param_value_internal":0.06392568965166401,"distribution":"{\"name\": \"FloatDistribution\", \"attributes\": {\"step\": null, \"low\": 0.0, \"high\": 0.5, \"log\": false}}"}
{"op_code":5,"worker_id":"f4d7bd8a-96ed-4f71-b6a7-25a76ab935b5-139735962314560","trial_id":17,"param_name":"layers","param_value_internal":2.0,"distribution":"{\"name\": \"IntDistribution\", \"attributes\": {\"log\": false, \"step\": 1, \"low\": 1, \"high\": 3}}"}
{"op_code":5,"worker_id":"f4d7bd8a-96ed-4f71-b6a7-25a76ab935b5-139735962314560","trial_id":17,"param_name":"nodes","param_value_internal":1,"distribution":"{\"name\": \"CategoricalDistribution\", \"attributes\": {\"choices\": [32, 64, 128]}}"}
{"op_code":6,"worker_id":"f4d7bd8a-96ed-4f71-b6a7-25a76ab935b5-139735962314560","trial_id":17,"state":1,"values":[0.6077214958761005],"datetime_complete":"2026-03-30T10:27:10.906617"}
{"op_code":4,"worker_id":"f4d7bd8a-96ed-4f71-b6a7-25a76ab935b5-139735962314560","study_id":0,"datetime_start":"2026-03-30T10:27:10.924496"}
{"op_code":5,"worker_id":"f4d7bd8a-96ed-4f71-b6a7-25a76ab935b5-139735962314560","trial_id":18,"param_name":"lr","param_value_internal":0.01918014023782793,"distribution":"{\"name\": \"FloatDistribution\", \"attributes\": {\"step\": null, \"low\": 0.0001, \"high\": 0.1, \"log\": true}}"}
{"op_code":5,"worker_id":"f4d7bd8a-96ed-4f71-b6a7-25a76ab935b5-139735962314560","trial_id":18,"param_name":"dropout","param_value_internal":0.21917430992283338,"distribution":"{\"name\": \"FloatDistribution\", \"attributes\": {\"step\": null, \"low\": 0.0, \"high\": 0.5, \"log\": false}}"}
{"op_code":5,"worker_id":"f4d7bd8a-96ed-4f71-b6a7-25a76ab935b5-139735962314560","trial_id":18,"param_name":"layers","param_value_internal":3.0,"distribution":"{\"name\": \"IntDistribution\", \"attributes\": {\"log\": false, \"step\": 1, \"low\": 1, \"high\": 3}}"}
{"op_code":5,"worker_id":"f4d7bd8a-96ed-4f71-b6a7-25a76ab935b5-139735962314560","trial_id":18,"param_name":"nodes","param_value_internal":0,"distribution":"{\"name\": \"CategoricalDistribution\", \"attributes\": {\"choices\": [32, 64, 128]}}"}
{"op_code":6,"worker_id":"f4d7bd8a-96ed-4f71-b6a7-25a76ab935b5-139735962314560","trial_id":18,"state":1,"values":[0.5845379565462441],"datetime_complete":"2026-03-30T10:27:13.005146"}
{"op_code":4,"worker_id":"f4d7bd8a-96ed-4f71-b6a7-25a76ab935b5-139735962314560","study_id":0,"datetime_start":"2026-03-30T10:27:13.028256"}
{"op_code":5,"worker_id":"f4d7bd8a-96ed-4f71-b6a7-25a76ab935b5-139735962314560","trial_id":19,"param_name":"lr","param_value_internal":0.0007359179873789346,"distribution":"{\"name\": \"FloatDistribution\", \"attributes\": {\"step\": null, \"low\": 0.0001, \"high\": 0.1, \"log\": true}}"}
{"op_code":5,"worker_id":"f4d7bd8a-96ed-4f71-b6a7-25a76ab935b5-139735962314560","trial_id":19,"param_name":"dropout","param_value_internal":0.2856440507552524,"distribution":"{\"name\": \"FloatDistribution\", \"attributes\": {\"step\": null, \"low\": 0.0, \"high\": 0.5, \"log\": false}}"}
{"op_code":5,"worker_id":"f4d7bd8a-96ed-4f71-b6a7-25a76ab935b5-139735962314560","trial_id":19,"param_name":"layers","param_value_internal":3.0,"distribution":"{\"name\": \"IntDistribution\", \"attributes\": {\"log\": false, \"step\": 1, \"low\": 1, \"high\": 3}}"}
{"op_code":5,"worker_id":"f4d7bd8a-96ed-4f71-b6a7-25a76ab935b5-139735962314560","trial_id":19,"param_name":"nodes","param_value_internal":2,"distribution":"{\"name\": \"CategoricalDistribution\", \"attributes\": {\"choices\": [32, 64, 128]}}"}
{"op_code":6,"worker_id":"f4d7bd8a-96ed-4f71-b6a7-25a76ab935b5-139735962314560","trial_id":19,"state":1,"values":[0.5998927207757672],"datetime_complete":"2026-03-30T10:27:15.118246"}
{"op_code":0,"worker_id":"a12ad60e-2c59-4088-9a8c-a77816dc882d-139956833154880","study_name":"mtlr_tuning","directions":[2]}
{"op_code":4,"worker_id":"a12ad60e-2c59-4088-9a8c-a77816dc882d-139956833154880","study_id":0,"datetime_start":"2026-03-30T10:43:05.628269"}
{"op_code":5,"worker_id":"a12ad60e-2c59-4088-9a8c-a77816dc882d-139956833154880","trial_id":20,"param_name":"lr","param_value_internal":0.003821670386409073,"distribution":"{\"name\": \"FloatDistribution\", \"attributes\": {\"step\": null, \"low\": 0.0001, \"high\": 0.1, \"log\": true}}"}
{"op_code":5,"worker_id":"a12ad60e-2c59-4088-9a8c-a77816dc882d-139956833154880","trial_id":20,"param_name":"dropout","param_value_internal":0.16491558095659914,"distribution":"{\"name\": \"FloatDistribution\", \"attributes\": {\"step\": null, \"low\": 0.0, \"high\": 0.5, \"log\": false}}"}
{"op_code":5,"worker_id":"a12ad60e-2c59-4088-9a8c-a77816dc882d-139956833154880","trial_id":20,"param_name":"layers","param_value_internal":2.0,"distribution":"{\"name\": \"IntDistribution\", \"attributes\": {\"log\": false, \"step\": 1, \"low\": 1, \"high\": 3}}"}
{"op_code":5,"worker_id":"a12ad60e-2c59-4088-9a8c-a77816dc882d-139956833154880","trial_id":20,"param_name":"nodes","param_value_internal":0,"distribution":"{\"name\": \"CategoricalDistribution\", \"attributes\": {\"choices\": [32, 64, 128]}}"}
{"op_code":6,"worker_id":"a12ad60e-2c59-4088-9a8c-a77816dc882d-139956833154880","trial_id":20,"state":1,"values":[0.6104477036462462],"datetime_complete":"2026-03-30T10:43:08.528182"}
{"op_code":4,"worker_id":"a12ad60e-2c59-4088-9a8c-a77816dc882d-139956833154880","study_id":0,"datetime_start":"2026-03-30T10:43:08.546674"}
{"op_code":5,"worker_id":"a12ad60e-2c59-4088-9a8c-a77816dc882d-139956833154880","trial_id":21,"param_name":"lr","param_value_internal":0.017030596398352395,"distribution":"{\"name\": \"FloatDistribution\", \"attributes\": {\"step\": null, \"low\": 0.0001, \"high\": 0.1, \"log\": true}}"}
{"op_code":5,"worker_id":"a12ad60e-2c59-4088-9a8c-a77816dc882d-139956833154880","trial_id":21,"param_name":"dropout","param_value_internal":0.06835060655267478,"distribution":"{\"name\": \"FloatDistribution\", \"attributes\": {\"step\": null, \"low\": 0.0, \"high\": 0.5, \"log\": false}}"}
{"op_code":5,"worker_id":"a12ad60e-2c59-4088-9a8c-a77816dc882d-139956833154880","trial_id":21,"param_name":"layers","param_value_internal":3.0,"distribution":"{\"name\": \"IntDistribution\", \"attributes\": {\"log\": false, \"step\": 1, \"low\": 1, \"high\": 3}}"}
{"op_code":5,"worker_id":"a12ad60e-2c59-4088-9a8c-a77816dc882d-139956833154880","trial_id":21,"param_name":"nodes","param_value_internal":1,"distribution":"{\"name\": \"CategoricalDistribution\", \"attributes\": {\"choices\": [32, 64, 128]}}"}
{"op_code":6,"worker_id":"a12ad60e-2c59-4088-9a8c-a77816dc882d-139956833154880","trial_id":21,"state":1,"values":[0.5972084721102368],"datetime_complete":"2026-03-30T10:43:11.688164"}
{"op_code":4,"worker_id":"a12ad60e-2c59-4088-9a8c-a77816dc882d-139956833154880","study_id":0,"datetime_start":"2026-03-30T10:43:11.709541"}
{"op_code":5,"worker_id":"a12ad60e-2c59-4088-9a8c-a77816dc882d-139956833154880","trial_id":22,"param_name":"lr","param_value_internal":0.010469107373663257,"distribution":"{\"name\": \"FloatDistribution\", \"attributes\": {\"step\": null, \"low\": 0.0001, \"high\": 0.1, \"log\": true}}"}
{"op_code":5,"worker_id":"a12ad60e-2c59-4088-9a8c-a77816dc882d-139956833154880","trial_id":22,"param_name":"dropout","param_value_internal":0.11000231570713401,"distribution":"{\"name\": \"FloatDistribution\", \"attributes\": {\"step\": null, \"low\": 0.0, \"high\": 0.5, \"log\": false}}"}
{"op_code":5,"worker_id":"a12ad60e-2c59-4088-9a8c-a77816dc882d-139956833154880","trial_id":22,"param_name":"layers","param_value_internal":3.0,"distribution":"{\"name\": \"IntDistribution\", \"attributes\": {\"log\": false, \"step\": 1, \"low\": 1, \"high\": 3}}"}
{"op_code":5,"worker_id":"a12ad60e-2c59-4088-9a8c-a77816dc882d-139956833154880","trial_id":22,"param_name":"nodes","param_value_internal":1,"distribution":"{\"name\": \"CategoricalDistribution\", \"attributes\": {\"choices\": [32, 64, 128]}}"}
{"op_code":6,"worker_id":"a12ad60e-2c59-4088-9a8c-a77816dc882d-139956833154880","trial_id":22,"state":1,"values":[0.6010363898840001],"datetime_complete":"2026-03-30T10:43:13.994367"}
{"op_code":4,"worker_id":"a12ad60e-2c59-4088-9a8c-a77816dc882d-139956833154880","study_id":0,"datetime_start":"2026-03-30T10:43:14.013516"}
{"op_code":5,"worker_id":"a12ad60e-2c59-4088-9a8c-a77816dc882d-139956833154880","trial_id":23,"param_name":"lr","param_value_internal":0.013239621968963633,"distribution":"{\"name\": \"FloatDistribution\", \"attributes\": {\"step\": null, \"low\": 0.0001, \"high\": 0.1, \"log\": true}}"}
{"op_code":5,"worker_id":"a12ad60e-2c59-4088-9a8c-a77816dc882d-139956833154880","trial_id":23,"param_name":"dropout","param_value_internal":0.07149312417454297,"distribution":"{\"name\": \"FloatDistribution\", \"attributes\": {\"step\": null, \"low\": 0.0, \"high\": 0.5, \"log\": false}}"}
{"op_code":5,"worker_id":"a12ad60e-2c59-4088-9a8c-a77816dc882d-139956833154880","trial_id":23,"param_name":"layers","param_value_internal":3.0,"distribution":"{\"name\": \"IntDistribution\", \"attributes\": {\"log\": false, \"step\": 1, \"low\": 1, \"high\": 3}}"}
{"op_code":5,"worker_id":"a12ad60e-2c59-4088-9a8c-a77816dc882d-139956833154880","trial_id":23,"param_name":"nodes","param_value_internal":1,"distribution":"{\"name\": \"CategoricalDistribution\", \"attributes\": {\"choices\": [32, 64, 128]}}"}
{"op_code":6,"worker_id":"a12ad60e-2c59-4088-9a8c-a77816dc882d-139956833154880","trial_id":23,"state":1,"values":[0.5984933279353513],"datetime_complete":"2026-03-30T10:43:16.170198"}
{"op_code":4,"worker_id":"a12ad60e-2c59-4088-9a8c-a77816dc882d-139956833154880","study_id":0,"datetime_start":"2026-03-30T10:43:16.189706"}
{"op_code":5,"worker_id":"a12ad60e-2c59-4088-9a8c-a77816dc882d-139956833154880","trial_id":24,"param_name":"lr","param_value_internal":0.029279012174773248,"distribution":"{\"name\": \"FloatDistribution\", \"attributes\": {\"step\": null, \"low\": 0.0001, \"high\": 0.1, \"log\": true}}"}
{"op_code":5,"worker_id":"a12ad60e-2c59-4088-9a8c-a77816dc882d-139956833154880","trial_id":24,"param_name":"dropout","param_value_internal":0.12020350110138105,"distribution":"{\"name\": \"FloatDistribution\", \"attributes\": {\"step\": null, \"low\": 0.0, \"high\": 0.5, \"log\": false}}"}
{"op_code":5,"worker_id":"a12ad60e-2c59-4088-9a8c-a77816dc882d-139956833154880","trial_id":24,"param_name":"layers","param_value_internal":3.0,"distribution":"{\"name\": \"IntDistribution\", \"attributes\": {\"log\": false, \"step\": 1, \"low\": 1, \"high\": 3}}"}
{"op_code":5,"worker_id":"a12ad60e-2c59-4088-9a8c-a77816dc882d-139956833154880","trial_id":24,"param_name":"nodes","param_value_internal":1,"distribution":"{\"name\": \"CategoricalDistribution\", \"attributes\": {\"choices\": [32, 64, 128]}}"}
{"op_code":6,"worker_id":"a12ad60e-2c59-4088-9a8c-a77816dc882d-139956833154880","trial_id":24,"state":1,"values":[0.6039457434756428],"datetime_complete":"2026-03-30T10:43:18.348176"}
{"op_code":4,"worker_id":"a12ad60e-2c59-4088-9a8c-a77816dc882d-139956833154880","study_id":0,"datetime_start":"2026-03-30T10:43:18.373160"}
{"op_code":5,"worker_id":"a12ad60e-2c59-4088-9a8c-a77816dc882d-139956833154880","trial_id":25,"param_name":"lr","param_value_internal":0.0050981071727331725,"distribution":"{\"name\": \"FloatDistribution\", \"attributes\": {\"step\": null, \"low\": 0.0001, \"high\": 0.1, \"log\": true}}"}
{"op_code":5,"worker_id":"a12ad60e-2c59-4088-9a8c-a77816dc882d-139956833154880","trial_id":25,"param_name":"dropout","param_value_internal":0.3373271010088602,"distribution":"{\"name\": \"FloatDistribution\", \"attributes\": {\"step\": null, \"low\": 0.0, \"high\": 0.5, \"log\": false}}"}
{"op_code":5,"worker_id":"a12ad60e-2c59-4088-9a8c-a77816dc882d-139956833154880","trial_id":25,"param_name":"layers","param_value_internal":2.0,"distribution":"{\"name\": \"IntDistribution\", \"attributes\": {\"log\": false, \"step\": 1, \"low\": 1, \"high\": 3}}"}
{"op_code":5,"worker_id":"a12ad60e-2c59-4088-9a8c-a77816dc882d-139956833154880","trial_id":25,"param_name":"nodes","param_value_internal":1,"distribution":"{\"name\": \"CategoricalDistribution\", \"attributes\": {\"choices\": [32, 64, 128]}}"}
{"op_code":6,"worker_id":"a12ad60e-2c59-4088-9a8c-a77816dc882d-139956833154880","trial_id":25,"state":1,"values":[0.6219558386094073],"datetime_complete":"2026-03-30T10:43:20.311528"}
{"op_code":4,"worker_id":"a12ad60e-2c59-4088-9a8c-a77816dc882d-139956833154880","study_id":0,"datetime_start":"2026-03-30T10:43:20.328578"}
{"op_code":5,"worker_id":"a12ad60e-2c59-4088-9a8c-a77816dc882d-139956833154880","trial_id":26,"param_name":"lr","param_value_internal":0.0015129550404754991,"distribution":"{\"name\": \"FloatDistribution\", \"attributes\": {\"step\": null, \"low\": 0.0001, \"high\": 0.1, \"log\": true}}"}
{"op_code":5,"worker_id":"a12ad60e-2c59-4088-9a8c-a77816dc882d-139956833154880","trial_id":26,"param_name":"dropout","param_value_internal":0.3613504107241154,"distribution":"{\"name\": \"FloatDistribution\", \"attributes\": {\"step\": null, \"low\": 0.0, \"high\": 0.5, \"log\": false}}"}
{"op_code":5,"worker_id":"a12ad60e-2c59-4088-9a8c-a77816dc882d-139956833154880","trial_id":26,"param_name":"layers","param_value_internal":2.0,"distribution":"{\"name\": \"IntDistribution\", \"attributes\": {\"log\": false, \"step\": 1, \"low\": 1, \"high\": 3}}"}
{"op_code":5,"worker_id":"a12ad60e-2c59-4088-9a8c-a77816dc882d-139956833154880","trial_id":26,"param_name":"nodes","param_value_internal":1,"distribution":"{\"name\": \"CategoricalDistribution\", \"attributes\": {\"choices\": [32, 64, 128]}}"}
{"op_code":6,"worker_id":"a12ad60e-2c59-4088-9a8c-a77816dc882d-139956833154880","trial_id":26,"state":1,"values":[0.6024800098887403],"datetime_complete":"2026-03-30T10:43:22.268294"}
{"op_code":4,"worker_id":"a12ad60e-2c59-4088-9a8c-a77816dc882d-139956833154880","study_id":0,"datetime_start":"2026-03-30T10:43:22.282792"}
{"op_code":5,"worker_id":"a12ad60e-2c59-4088-9a8c-a77816dc882d-139956833154880","trial_id":27,"param_name":"lr","param_value_internal":0.005516337899499293,"distribution":"{\"name\": \"FloatDistribution\", \"attributes\": {\"step\": null, \"low\": 0.0001, \"high\": 0.1, \"log\": true}}"}
{"op_code":5,"worker_id":"a12ad60e-2c59-4088-9a8c-a77816dc882d-139956833154880","trial_id":27,"param_name":"dropout","param_value_internal":0.3343314935467404,"distribution":"{\"name\": \"FloatDistribution\", \"attributes\": {\"step\": null, \"low\": 0.0, \"high\": 0.5, \"log\": false}}"}
{"op_code":5,"worker_id":"a12ad60e-2c59-4088-9a8c-a77816dc882d-139956833154880","trial_id":27,"param_name":"layers","param_value_internal":2.0,"distribution":"{\"name\": \"IntDistribution\", \"attributes\": {\"log\": false, \"step\": 1, \"low\": 1, \"high\": 3}}"}
{"op_code":5,"worker_id":"a12ad60e-2c59-4088-9a8c-a77816dc882d-139956833154880","trial_id":27,"param_name":"nodes","param_value_internal":1,"distribution":"{\"name\": \"CategoricalDistribution\", \"attributes\": {\"choices\": [32, 64, 128]}}"}
{"op_code":6,"worker_id":"a12ad60e-2c59-4088-9a8c-a77816dc882d-139956833154880","trial_id":27,"state":1,"values":[0.6121606557414231],"datetime_complete":"2026-03-30T10:43:24.218603"}
{"op_code":4,"worker_id":"a12ad60e-2c59-4088-9a8c-a77816dc882d-139956833154880","study_id":0,"datetime_start":"2026-03-30T10:43:24.237763"}
{"op_code":5,"worker_id":"a12ad60e-2c59-4088-9a8c-a77816dc882d-139956833154880","trial_id":28,"param_name":"lr","param_value_internal":0.0022939728879856,"distribution":"{\"name\": \"FloatDistribution\", \"attributes\": {\"step\": null, \"low\": 0.0001, \"high\": 0.1, \"log\": true}}"}
{"op_code":5,"worker_id":"a12ad60e-2c59-4088-9a8c-a77816dc882d-139956833154880","trial_id":28,"param_name":"dropout","param_value_internal":0.259741493570366,"distribution":"{\"name\": \"FloatDistribution\", \"attributes\": {\"step\": null, \"low\": 0.0, \"high\": 0.5, \"log\": false}}"}
{"op_code":5,"worker_id":"a12ad60e-2c59-4088-9a8c-a77816dc882d-139956833154880","trial_id":28,"param_name":"layers","param_value_internal":2.0,"distribution":"{\"name\": \"IntDistribution\", \"attributes\": {\"log\": false, \"step\": 1, \"low\": 1, \"high\": 3}}"}
{"op_code":5,"worker_id":"a12ad60e-2c59-4088-9a8c-a77816dc882d-139956833154880","trial_id":28,"param_name":"nodes","param_value_internal":2,"distribution":"{\"name\": \"CategoricalDistribution\", \"attributes\": {\"choices\": [32, 64, 128]}}"}
{"op_code":6,"worker_id":"a12ad60e-2c59-4088-9a8c-a77816dc882d-139956833154880","trial_id":28,"state":1,"values":[0.6074929888604247],"datetime_complete":"2026-03-30T10:43:26.193098"}
{"op_code":4,"worker_id":"a12ad60e-2c59-4088-9a8c-a77816dc882d-139956833154880","study_id":0,"datetime_start":"2026-03-30T10:43:26.218211"}
{"op_code":5,"worker_id":"a12ad60e-2c59-4088-9a8c-a77816dc882d-139956833154880","trial_id":29,"param_name":"lr","param_value_internal":0.002956852040422468,"distribution":"{\"name\": \"FloatDistribution\", \"attributes\": {\"step\": null, \"low\": 0.0001, \"high\": 0.1, \"log\": true}}"}
{"op_code":5,"worker_id":"a12ad60e-2c59-4088-9a8c-a77816dc882d-139956833154880","trial_id":29,"param_name":"dropout","param_value_internal":0.20651852681109012,"distribution":"{\"name\": \"FloatDistribution\", \"attributes\": {\"step\": null, \"low\": 0.0, \"high\": 0.5, \"log\": false}}"}
{"op_code":5,"worker_id":"a12ad60e-2c59-4088-9a8c-a77816dc882d-139956833154880","trial_id":29,"param_name":"layers","param_value_internal":1.0,"distribution":"{\"name\": \"IntDistribution\", \"attributes\": {\"log\": false, \"step\": 1, \"low\": 1, \"high\": 3}}"}
{"op_code":5,"worker_id":"a12ad60e-2c59-4088-9a8c-a77816dc882d-139956833154880","trial_id":29,"param_name":"nodes","param_value_internal":0,"distribution":"{\"name\": \"CategoricalDistribution\", \"attributes\": {\"choices\": [32, 64, 128]}}"}
{"op_code":6,"worker_id":"a12ad60e-2c59-4088-9a8c-a77816dc882d-139956833154880","trial_id":29,"state":1,"values":[0.5955726340451639],"datetime_complete":"2026-03-30T10:43:27.923523"}
{"op_code":4,"worker_id":"a12ad60e-2c59-4088-9a8c-a77816dc882d-139956833154880","study_id":0,"datetime_start":"2026-03-30T10:43:27.944582"}
{"op_code":5,"worker_id":"a12ad60e-2c59-4088-9a8c-a77816dc882d-139956833154880","trial_id":30,"param_name":"lr","param_value_internal":0.09767788972401821,"distribution":"{\"name\": \"FloatDistribution\", \"attributes\": {\"step\": null, \"low\": 0.0001, \"high\": 0.1, \"log\": true}}"}
{"op_code":5,"worker_id":"a12ad60e-2c59-4088-9a8c-a77816dc882d-139956833154880","trial_id":30,"param_name":"dropout","param_value_internal":0.40875027609167175,"distribution":"{\"name\": \"FloatDistribution\", \"attributes\": {\"step\": null, \"low\": 0.0, \"high\": 0.5, \"log\": false}}"}
{"op_code":5,"worker_id":"a12ad60e-2c59-4088-9a8c-a77816dc882d-139956833154880","trial_id":30,"param_name":"layers","param_value_internal":2.0,"distribution":"{\"name\": \"IntDistribution\", \"attributes\": {\"log\": false, \"step\": 1, \"low\": 1, \"high\": 3}}"}
{"op_code":5,"worker_id":"a12ad60e-2c59-4088-9a8c-a77816dc882d-139956833154880","trial_id":30,"param_name":"nodes","param_value_internal":0,"distribution":"{\"name\": \"CategoricalDistribution\", \"attributes\": {\"choices\": [32, 64, 128]}}"}
{"op_code":6,"worker_id":"a12ad60e-2c59-4088-9a8c-a77816dc882d-139956833154880","trial_id":30,"state":1,"values":[0.5890905193970136],"datetime_complete":"2026-03-30T10:43:29.880706"}
{"op_code":4,"worker_id":"a12ad60e-2c59-4088-9a8c-a77816dc882d-139956833154880","study_id":0,"datetime_start":"2026-03-30T10:43:29.899969"}
{"op_code":5,"worker_id":"a12ad60e-2c59-4088-9a8c-a77816dc882d-139956833154880","trial_id":31,"param_name":"lr","param_value_internal":0.006578193037555227,"distribution":"{\"name\": \"FloatDistribution\", \"attributes\": {\"step\": null, \"low\": 0.0001, \"high\": 0.1, \"log\": true}}"}
{"op_code":5,"worker_id":"a12ad60e-2c59-4088-9a8c-a77816dc882d-139956833154880","trial_id":31,"param_name":"dropout","param_value_internal":0.34619047555071814,"distribution":"{\"name\": \"FloatDistribution\", \"attributes\": {\"step\": null, \"low\": 0.0, \"high\": 0.5, \"log\": false}}"}
{"op_code":5,"worker_id":"a12ad60e-2c59-4088-9a8c-a77816dc882d-139956833154880","trial_id":31,"param_name":"layers","param_value_internal":3.0,"distribution":"{\"name\": \"IntDistribution\", \"attributes\": {\"log\": false, \"step\": 1, \"low\": 1, \"high\": 3}}"}
{"op_code":5,"worker_id":"a12ad60e-2c59-4088-9a8c-a77816dc882d-139956833154880","trial_id":31,"param_name":"nodes","param_value_internal":1,"distribution":"{\"name\": \"CategoricalDistribution\", \"attributes\": {\"choices\": [32, 64, 128]}}"}
{"op_code":6,"worker_id":"a12ad60e-2c59-4088-9a8c-a77816dc882d-139956833154880","trial_id":31,"state":1,"values":[0.612877362609448],"datetime_complete":"2026-03-30T10:43:32.064172"}
{"op_code":4,"worker_id":"a12ad60e-2c59-4088-9a8c-a77816dc882d-139956833154880","study_id":0,"datetime_start":"2026-03-30T10:43:32.089087"}
{"op_code":5,"worker_id":"a12ad60e-2c59-4088-9a8c-a77816dc882d-139956833154880","trial_id":32,"param_name":"lr","param_value_internal":0.026592172466541674,"distribution":"{\"name\": \"FloatDistribution\", \"attributes\": {\"step\": null, \"low\": 0.0001, \"high\": 0.1, \"log\": true}}"}
{"op_code":5,"worker_id":"a12ad60e-2c59-4088-9a8c-a77816dc882d-139956833154880","trial_id":32,"param_name":"dropout","param_value_internal":0.30115706580760426,"distribution":"{\"name\": \"FloatDistribution\", \"attributes\": {\"step\": null, \"low\": 0.0, \"high\": 0.5, \"log\": false}}"}
{"op_code":5,"worker_id":"a12ad60e-2c59-4088-9a8c-a77816dc882d-139956833154880","trial_id":32,"param_name":"layers","param_value_internal":3.0,"distribution":"{\"name\": \"IntDistribution\", \"attributes\": {\"log\": false, \"step\": 1, \"low\": 1, \"high\": 3}}"}
{"op_code":5,"worker_id":"a12ad60e-2c59-4088-9a8c-a77816dc882d-139956833154880","trial_id":32,"param_name":"nodes","param_value_internal":1,"distribution":"{\"name\": \"CategoricalDistribution\", \"attributes\": {\"choices\": [32, 64, 128]}}"}
{"op_code":6,"worker_id":"a12ad60e-2c59-4088-9a8c-a77816dc882d-139956833154880","trial_id":32,"state":1,"values":[0.6151567626169326],"datetime_complete":"2026-03-30T10:43:34.240806"}
{"op_code":4,"worker_id":"a12ad60e-2c59-4088-9a8c-a77816dc882d-139956833154880","study_id":0,"datetime_start":"2026-03-30T10:43:34.265252"}
{"op_code":5,"worker_id":"a12ad60e-2c59-4088-9a8c-a77816dc882d-139956833154880","trial_id":33,"param_name":"lr","param_value_internal":0.012018118060202207,"distribution":"{\"name\": \"FloatDistribution\", \"attributes\": {\"step\": null, \"low\": 0.0001, \"high\": 0.1, \"log\": true}}"}
{"op_code":5,"worker_id":"a12ad60e-2c59-4088-9a8c-a77816dc882d-139956833154880","trial_id":33,"param_name":"dropout","param_value_internal":0.03740584471659669,"distribution":"{\"name\": \"FloatDistribution\", \"attributes\": {\"step\": null, \"low\": 0.0, \"high\": 0.5, \"log\": false}}"}
{"op_code":5,"worker_id":"a12ad60e-2c59-4088-9a8c-a77816dc882d-139956833154880","trial_id":33,"param_name":"layers","param_value_internal":2.0,"distribution":"{\"name\": \"IntDistribution\", \"attributes\": {\"log\": false, \"step\": 1, \"low\": 1, \"high\": 3}}"}
{"op_code":5,"worker_id":"a12ad60e-2c59-4088-9a8c-a77816dc882d-139956833154880","trial_id":33,"param_name":"nodes","param_value_internal":1,"distribution":"{\"name\": \"CategoricalDistribution\", \"attributes\": {\"choices\": [32, 64, 128]}}"}
{"op_code":6,"worker_id":"a12ad60e-2c59-4088-9a8c-a77816dc882d-139956833154880","trial_id":33,"state":1,"values":[0.592747198662752],"datetime_complete":"2026-03-30T10:43:36.203659"}
{"op_code":4,"worker_id":"a12ad60e-2c59-4088-9a8c-a77816dc882d-139956833154880","study_id":0,"datetime_start":"2026-03-30T10:43:36.217644"}
{"op_code":5,"worker_id":"a12ad60e-2c59-4088-9a8c-a77816dc882d-139956833154880","trial_id":34,"param_name":"lr","param_value_internal":0.004057757683008524,"distribution":"{\"name\": \"FloatDistribution\", \"attributes\": {\"step\": null, \"low\": 0.0001, \"high\": 0.1, \"log\": true}}"}
{"op_code":5,"worker_id":"a12ad60e-2c59-4088-9a8c-a77816dc882d-139956833154880","trial_id":34,"param_name":"dropout","param_value_internal":0.44249566179601846,"distribution":"{\"name\": \"FloatDistribution\", \"attributes\": {\"step\": null, \"low\": 0.0, \"high\": 0.5, \"log\": false}}"}
{"op_code":5,"worker_id":"a12ad60e-2c59-4088-9a8c-a77816dc882d-139956833154880","trial_id":34,"param_name":"layers","param_value_internal":3.0,"distribution":"{\"name\": \"IntDistribution\", \"attributes\": {\"log\": false, \"step\": 1, \"low\": 1, \"high\": 3}}"}
{"op_code":5,"worker_id":"a12ad60e-2c59-4088-9a8c-a77816dc882d-139956833154880","trial_id":34,"param_name":"nodes","param_value_internal":1,"distribution":"{\"name\": \"CategoricalDistribution\", \"attributes\": {\"choices\": [32, 64, 128]}}"}
{"op_code":6,"worker_id":"a12ad60e-2c59-4088-9a8c-a77816dc882d-139956833154880","trial_id":34,"state":1,"values":[0.5974596597230019],"datetime_complete":"2026-03-30T10:43:38.380923"}
{"op_code":4,"worker_id":"a12ad60e-2c59-4088-9a8c-a77816dc882d-139956833154880","study_id":0,"datetime_start":"2026-03-30T10:43:38.394368"}
{"op_code":5,"worker_id":"a12ad60e-2c59-4088-9a8c-a77816dc882d-139956833154880","trial_id":35,"param_name":"lr","param_value_internal":0.0016123191972154639,"distribution":"{\"name\": \"FloatDistribution\", \"attributes\": {\"step\": null, \"low\": 0.0001, \"high\": 0.1, \"log\": true}}"}
{"op_code":5,"worker_id":"a12ad60e-2c59-4088-9a8c-a77816dc882d-139956833154880","trial_id":35,"param_name":"dropout","param_value_internal":0.14521609726399798,"distribution":"{\"name\": \"FloatDistribution\", \"attributes\": {\"step\": null, \"low\": 0.0, \"high\": 0.5, \"log\": false}}"}
{"op_code":5,"worker_id":"a12ad60e-2c59-4088-9a8c-a77816dc882d-139956833154880","trial_id":35,"param_name":"layers","param_value_internal":1.0,"distribution":"{\"name\": \"IntDistribution\", \"attributes\": {\"log\": false, \"step\": 1, \"low\": 1, \"high\": 3}}"}
{"op_code":5,"worker_id":"a12ad60e-2c59-4088-9a8c-a77816dc882d-139956833154880","trial_id":35,"param_name":"nodes","param_value_internal":0,"distribution":"{\"name\": \"CategoricalDistribution\", \"attributes\": {\"choices\": [32, 64, 128]}}"}
{"op_code":6,"worker_id":"a12ad60e-2c59-4088-9a8c-a77816dc882d-139956833154880","trial_id":35,"state":1,"values":[0.6093822825979717],"datetime_complete":"2026-03-30T10:43:40.090409"}
{"op_code":4,"worker_id":"a12ad60e-2c59-4088-9a8c-a77816dc882d-139956833154880","study_id":0,"datetime_start":"2026-03-30T10:43:40.103344"}
{"op_code":5,"worker_id":"a12ad60e-2c59-4088-9a8c-a77816dc882d-139956833154880","trial_id":36,"param_name":"lr","param_value_internal":0.008710923212904023,"distribution":"{\"name\": \"FloatDistribution\", \"attributes\": {\"step\": null, \"low\": 0.0001, \"high\": 0.1, \"log\": true}}"}
{"op_code":5,"worker_id":"a12ad60e-2c59-4088-9a8c-a77816dc882d-139956833154880","trial_id":36,"param_name":"dropout","param_value_internal":0.3784602257414093,"distribution":"{\"name\": \"FloatDistribution\", \"attributes\": {\"step\": null, \"low\": 0.0, \"high\": 0.5, \"log\": false}}"}
{"op_code":5,"worker_id":"a12ad60e-2c59-4088-9a8c-a77816dc882d-139956833154880","trial_id":36,"param_name":"layers","param_value_internal":2.0,"distribution":"{\"name\": \"IntDistribution\", \"attributes\": {\"log\": false, \"step\": 1, \"low\": 1, \"high\": 3}}"}
{"op_code":5,"worker_id":"a12ad60e-2c59-4088-9a8c-a77816dc882d-139956833154880","trial_id":36,"param_name":"nodes","param_value_internal":1,"distribution":"{\"name\": \"CategoricalDistribution\", \"attributes\": {\"choices\": [32, 64, 128]}}"}
{"op_code":6,"worker_id":"a12ad60e-2c59-4088-9a8c-a77816dc882d-139956833154880","trial_id":36,"state":1,"values":[0.6260394801153535],"datetime_complete":"2026-03-30T10:43:42.029416"}
{"op_code":4,"worker_id":"a12ad60e-2c59-4088-9a8c-a77816dc882d-139956833154880","study_id":0,"datetime_start":"2026-03-30T10:43:42.043722"}
{"op_code":5,"worker_id":"a12ad60e-2c59-4088-9a8c-a77816dc882d-139956833154880","trial_id":37,"param_name":"lr","param_value_internal":0.07156769555402127,"distribution":"{\"name\": \"FloatDistribution\", \"attributes\": {\"step\": null, \"low\": 0.0001, \"high\": 0.1, \"log\": true}}"}
{"op_code":5,"worker_id":"a12ad60e-2c59-4088-9a8c-a77816dc882d-139956833154880","trial_id":37,"param_name":"dropout","param_value_internal":0.3827724367826995,"distribution":"{\"name\": \"FloatDistribution\", \"attributes\": {\"step\": null, \"low\": 0.0, \"high\": 0.5, \"log\": false}}"}
{"op_code":5,"worker_id":"a12ad60e-2c59-4088-9a8c-a77816dc882d-139956833154880","trial_id":37,"param_name":"layers","param_value_internal":2.0,"distribution":"{\"name\": \"IntDistribution\", \"attributes\": {\"log\": false, \"step\": 1, \"low\": 1, \"high\": 3}}"}
{"op_code":5,"worker_id":"a12ad60e-2c59-4088-9a8c-a77816dc882d-139956833154880","trial_id":37,"param_name":"nodes","param_value_internal":0,"distribution":"{\"name\": \"CategoricalDistribution\", \"attributes\": {\"choices\": [32, 64, 128]}}"}
{"op_code":6,"worker_id":"a12ad60e-2c59-4088-9a8c-a77816dc882d-139956833154880","trial_id":37,"state":1,"values":[0.5607074531844125],"datetime_complete":"2026-03-30T10:43:43.981916"}
{"op_code":4,"worker_id":"a12ad60e-2c59-4088-9a8c-a77816dc882d-139956833154880","study_id":0,"datetime_start":"2026-03-30T10:43:44.005224"}
{"op_code":5,"worker_id":"a12ad60e-2c59-4088-9a8c-a77816dc882d-139956833154880","trial_id":38,"param_name":"lr","param_value_internal":0.0022716433795230448,"distribution":"{\"name\": \"FloatDistribution\", \"attributes\": {\"step\": null, \"low\": 0.0001, \"high\": 0.1, \"log\": true}}"}
{"op_code":5,"worker_id":"a12ad60e-2c59-4088-9a8c-a77816dc882d-139956833154880","trial_id":38,"param_name":"dropout","param_value_internal":0.48213836055405573,"distribution":"{\"name\": \"FloatDistribution\", \"attributes\": {\"step\": null, \"low\": 0.0, \"high\": 0.5, \"log\": false}}"}
{"op_code":5,"worker_id":"a12ad60e-2c59-4088-9a8c-a77816dc882d-139956833154880","trial_id":38,"param_name":"layers","param_value_internal":1.0,"distribution":"{\"name\": \"IntDistribution\", \"attributes\": {\"log\": false, \"step\": 1, \"low\": 1, \"high\": 3}}"}
{"op_code":5,"worker_id":"a12ad60e-2c59-4088-9a8c-a77816dc882d-139956833154880","trial_id":38,"param_name":"nodes","param_value_internal":1,"distribution":"{\"name\": \"CategoricalDistribution\", \"attributes\": {\"choices\": [32, 64, 128]}}"}
{"op_code":6,"worker_id":"a12ad60e-2c59-4088-9a8c-a77816dc882d-139956833154880","trial_id":38,"state":1,"values":[0.6107346131994271],"datetime_complete":"2026-03-30T10:43:45.707190"}
{"op_code":4,"worker_id":"a12ad60e-2c59-4088-9a8c-a77816dc882d-139956833154880","study_id":0,"datetime_start":"2026-03-30T10:43:45.722491"}
{"op_code":5,"worker_id":"a12ad60e-2c59-4088-9a8c-a77816dc882d-139956833154880","trial_id":39,"param_name":"lr","param_value_internal":0.04335377142159437,"distribution":"{\"name\": \"FloatDistribution\", \"attributes\": {\"step\": null, \"low\": 0.0001, \"high\": 0.1, \"log\": true}}"}
{"op_code":5,"worker_id":"a12ad60e-2c59-4088-9a8c-a77816dc882d-139956833154880","trial_id":39,"param_name":"dropout","param_value_internal":0.43491385133463434,"distribution":"{\"name\": \"FloatDistribution\", \"attributes\": {\"step\": null, \"low\": 0.0, \"high\": 0.5, \"log\": false}}"}
{"op_code":5,"worker_id":"a12ad60e-2c59-4088-9a8c-a77816dc882d-139956833154880","trial_id":39,"param_name":"layers","param_value_internal":2.0,"distribution":"{\"name\": \"IntDistribution\", \"attributes\": {\"log\": false, \"step\": 1, \"low\": 1, \"high\": 3}}"}
{"op_code":5,"worker_id":"a12ad60e-2c59-4088-9a8c-a77816dc882d-139956833154880","trial_id":39,"param_name":"nodes","param_value_internal":0,"distribution":"{\"name\": \"CategoricalDistribution\", \"attributes\": {\"choices\": [32, 64, 128]}}"}
{"op_code":6,"worker_id":"a12ad60e-2c59-4088-9a8c-a77816dc882d-139956833154880","trial_id":39,"state":1,"values":[0.6253085978741476],"datetime_complete":"2026-03-30T10:43:47.650536"}
{"op_code":0,"worker_id":"fd85f0b9-cc59-40c3-a8f3-927967a13b2d-140252871579456","study_name":"mtlr_tuning","directions":[2]}
{"op_code":4,"worker_id":"fd85f0b9-cc59-40c3-a8f3-927967a13b2d-140252871579456","study_id":0,"datetime_start":"2026-03-30T10:55:34.497607"}
{"op_code":5,"worker_id":"fd85f0b9-cc59-40c3-a8f3-927967a13b2d-140252871579456","trial_id":40,"param_name":"lr","param_value_internal":0.03976451947687386,"distribution":"{\"name\": \"FloatDistribution\", \"attributes\": {\"step\": null, \"low\": 0.0001, \"high\": 0.1, \"log\": true}}"}
{"op_code":5,"worker_id":"fd85f0b9-cc59-40c3-a8f3-927967a13b2d-140252871579456","trial_id":40,"param_name":"dropout","param_value_internal":0.4246223233387566,"distribution":"{\"name\": \"FloatDistribution\", \"attributes\": {\"step\": null, \"low\": 0.0, \"high\": 0.5, \"log\": false}}"}
{"op_code":5,"worker_id":"fd85f0b9-cc59-40c3-a8f3-927967a13b2d-140252871579456","trial_id":40,"param_name":"layers","param_value_internal":2.0,"distribution":"{\"name\": \"IntDistribution\", \"attributes\": {\"log\": false, \"step\": 1, \"low\": 1, \"high\": 3}}"}
{"op_code":5,"worker_id":"fd85f0b9-cc59-40c3-a8f3-927967a13b2d-140252871579456","trial_id":40,"param_name":"nodes","param_value_internal":1,"distribution":"{\"name\": \"CategoricalDistribution\", \"attributes\": {\"choices\": [32, 64, 128]}}"}
{"op_code":6,"worker_id":"fd85f0b9-cc59-40c3-a8f3-927967a13b2d-140252871579456","trial_id":40,"state":1,"values":[0.6159188306791364],"datetime_complete":"2026-03-30T10:55:37.368912"}
{"op_code":4,"worker_id":"fd85f0b9-cc59-40c3-a8f3-927967a13b2d-140252871579456","study_id":0,"datetime_start":"2026-03-30T10:55:37.553331"}
{"op_code":5,"worker_id":"fd85f0b9-cc59-40c3-a8f3-927967a13b2d-140252871579456","trial_id":41,"param_name":"lr","param_value_internal":0.05803982112734446,"distribution":"{\"name\": \"FloatDistribution\", \"attributes\": {\"step\": null, \"low\": 0.0001, \"high\": 0.1, \"log\": true}}"}
{"op_code":5,"worker_id":"fd85f0b9-cc59-40c3-a8f3-927967a13b2d-140252871579456","trial_id":41,"param_name":"dropout","param_value_internal":0.38455162238502316,"distribution":"{\"name\": \"FloatDistribution\", \"attributes\": {\"step\": null, \"low\": 0.0, \"high\": 0.5, \"log\": false}}"}
{"op_code":5,"worker_id":"fd85f0b9-cc59-40c3-a8f3-927967a13b2d-140252871579456","trial_id":41,"param_name":"layers","param_value_internal":2.0,"distribution":"{\"name\": \"IntDistribution\", \"attributes\": {\"log\": false, \"step\": 1, \"low\": 1, \"high\": 3}}"}
{"op_code":5,"worker_id":"fd85f0b9-cc59-40c3-a8f3-927967a13b2d-140252871579456","trial_id":41,"param_name":"nodes","param_value_internal":0,"distribution":"{\"name\": \"CategoricalDistribution\", \"attributes\": {\"choices\": [32, 64, 128]}}"}
{"op_code":6,"worker_id":"fd85f0b9-cc59-40c3-a8f3-927967a13b2d-140252871579456","trial_id":41,"state":1,"values":[0.5738587974067005],"datetime_complete":"2026-03-30T10:55:40.408364"}
{"op_code":4,"worker_id":"fd85f0b9-cc59-40c3-a8f3-927967a13b2d-140252871579456","study_id":0,"datetime_start":"2026-03-30T10:55:40.424865"}
{"op_code":5,"worker_id":"fd85f0b9-cc59-40c3-a8f3-927967a13b2d-140252871579456","trial_id":42,"param_name":"lr","param_value_internal":0.005538577206874998,"distribution":"{\"name\": \"FloatDistribution\", \"attributes\": {\"step\": null, \"low\": 0.0001, \"high\": 0.1, \"log\": true}}"}
{"op_code":5,"worker_id":"fd85f0b9-cc59-40c3-a8f3-927967a13b2d-140252871579456","trial_id":42,"param_name":"dropout","param_value_internal":0.3650166263450608,"distribution":"{\"name\": \"FloatDistribution\", \"attributes\": {\"step\": null, \"low\": 0.0, \"high\": 0.5, \"log\": false}}"}
{"op_code":5,"worker_id":"fd85f0b9-cc59-40c3-a8f3-927967a13b2d-140252871579456","trial_id":42,"param_name":"layers","param_value_internal":2.0,"distribution":"{\"name\": \"IntDistribution\", \"attributes\": {\"log\": false, \"step\": 1, \"low\": 1, \"high\": 3}}"}
{"op_code":5,"worker_id":"fd85f0b9-cc59-40c3-a8f3-927967a13b2d-140252871579456","trial_id":42,"param_name":"nodes","param_value_internal":0,"distribution":"{\"name\": \"CategoricalDistribution\", \"attributes\": {\"choices\": [32, 64, 128]}}"}
{"op_code":6,"worker_id":"fd85f0b9-cc59-40c3-a8f3-927967a13b2d-140252871579456","trial_id":42,"state":1,"values":[0.610825902602712],"datetime_complete":"2026-03-30T10:55:42.837588"}
{"op_code":4,"worker_id":"fd85f0b9-cc59-40c3-a8f3-927967a13b2d-140252871579456","study_id":0,"datetime_start":"2026-03-30T10:55:43.316989"}
{"op_code":5,"worker_id":"fd85f0b9-cc59-40c3-a8f3-927967a13b2d-140252871579456","trial_id":43,"param_name":"lr","param_value_internal":0.029723165879718974,"distribution":"{\"name\": \"FloatDistribution\", \"attributes\": {\"step\": null, \"low\": 0.0001, \"high\": 0.1, \"log\": true}}"}
{"op_code":5,"worker_id":"fd85f0b9-cc59-40c3-a8f3-927967a13b2d-140252871579456","trial_id":43,"param_name":"dropout","param_value_internal":0.49322808924384903,"distribution":"{\"name\": \"FloatDistribution\", \"attributes\": {\"step\": null, \"low\": 0.0, \"high\": 0.5, \"log\": false}}"}
{"op_code":5,"worker_id":"fd85f0b9-cc59-40c3-a8f3-927967a13b2d-140252871579456","trial_id":43,"param_name":"layers","param_value_internal":2.0,"distribution":"{\"name\": \"IntDistribution\", \"attributes\": {\"log\": false, \"step\": 1, \"low\": 1, \"high\": 3}}"}
{"op_code":5,"worker_id":"fd85f0b9-cc59-40c3-a8f3-927967a13b2d-140252871579456","trial_id":43,"param_name":"nodes","param_value_internal":0,"distribution":"{\"name\": \"CategoricalDistribution\", \"attributes\": {\"choices\": [32, 64, 128]}}"}
{"op_code":6,"worker_id":"fd85f0b9-cc59-40c3-a8f3-927967a13b2d-140252871579456","trial_id":43,"state":1,"values":[0.6160231614257476],"datetime_complete":"2026-03-30T10:55:45.251514"}
{"op_code":4,"worker_id":"fd85f0b9-cc59-40c3-a8f3-927967a13b2d-140252871579456","study_id":0,"datetime_start":"2026-03-30T10:55:45.275856"}
{"op_code":5,"worker_id":"fd85f0b9-cc59-40c3-a8f3-927967a13b2d-140252871579456","trial_id":44,"param_name":"lr","param_value_internal":0.00800889149516367,"distribution":"{\"name\": \"FloatDistribution\", \"attributes\": {\"step\": null, \"low\": 0.0001, \"high\": 0.1, \"log\": true}}"}
{"op_code":5,"worker_id":"fd85f0b9-cc59-40c3-a8f3-927967a13b2d-140252871579456","trial_id":44,"param_name":"dropout","param_value_internal":0.2854001218537841,"distribution":"{\"name\": \"FloatDistribution\", \"attributes\": {\"step\": null, \"low\": 0.0, \"high\": 0.5, \"log\": false}}"}
{"op_code":5,"worker_id":"fd85f0b9-cc59-40c3-a8f3-927967a13b2d-140252871579456","trial_id":44,"param_name":"layers","param_value_internal":2.0,"distribution":"{\"name\": \"IntDistribution\", \"attributes\": {\"log\": false, \"step\": 1, \"low\": 1, \"high\": 3}}"}
{"op_code":5,"worker_id":"fd85f0b9-cc59-40c3-a8f3-927967a13b2d-140252871579456","trial_id":44,"param_name":"nodes","param_value_internal":0,"distribution":"{\"name\": \"CategoricalDistribution\", \"attributes\": {\"choices\": [32, 64, 128]}}"}
{"op_code":6,"worker_id":"fd85f0b9-cc59-40c3-a8f3-927967a13b2d-140252871579456","trial_id":44,"state":1,"values":[0.6134489136561009],"datetime_complete":"2026-03-30T10:55:47.316894"}
{"op_code":4,"worker_id":"fd85f0b9-cc59-40c3-a8f3-927967a13b2d-140252871579456","study_id":0,"datetime_start":"2026-03-30T10:55:47.342659"}
{"op_code":5,"worker_id":"fd85f0b9-cc59-40c3-a8f3-927967a13b2d-140252871579456","trial_id":45,"param_name":"lr","param_value_internal":0.001037334667353319,"distribution":"{\"name\": \"FloatDistribution\", \"attributes\": {\"step\": null, \"low\": 0.0001, \"high\": 0.1, \"log\": true}}"}
{"op_code":5,"worker_id":"fd85f0b9-cc59-40c3-a8f3-927967a13b2d-140252871579456","trial_id":45,"param_name":"dropout","param_value_internal":0.4593405435545607,"distribution":"{\"name\": \"FloatDistribution\", \"attributes\": {\"step\": null, \"low\": 0.0, \"high\": 0.5, \"log\": false}}"}
{"op_code":5,"worker_id":"fd85f0b9-cc59-40c3-a8f3-927967a13b2d-140252871579456","trial_id":45,"param_name":"layers","param_value_internal":2.0,"distribution":"{\"name\": \"IntDistribution\", \"attributes\": {\"log\": false, \"step\": 1, \"low\": 1, \"high\": 3}}"}
{"op_code":5,"worker_id":"fd85f0b9-cc59-40c3-a8f3-927967a13b2d-140252871579456","trial_id":45,"param_name":"nodes","param_value_internal":0,"distribution":"{\"name\": \"CategoricalDistribution\", \"attributes\": {\"choices\": [32, 64, 128]}}"}
{"op_code":6,"worker_id":"fd85f0b9-cc59-40c3-a8f3-927967a13b2d-140252871579456","trial_id":45,"state":1,"values":[0.6035340906384702],"datetime_complete":"2026-03-30T10:55:49.826591"}
{"op_code":4,"worker_id":"fd85f0b9-cc59-40c3-a8f3-927967a13b2d-140252871579456","study_id":0,"datetime_start":"2026-03-30T10:55:49.845809"}
{"op_code":5,"worker_id":"fd85f0b9-cc59-40c3-a8f3-927967a13b2d-140252871579456","trial_id":46,"param_name":"lr","param_value_internal":0.04039714635519013,"distribution":"{\"name\": \"FloatDistribution\", \"attributes\": {\"step\": null, \"low\": 0.0001, \"high\": 0.1, \"log\": true}}"}
{"op_code":5,"worker_id":"fd85f0b9-cc59-40c3-a8f3-927967a13b2d-140252871579456","trial_id":46,"param_name":"dropout","param_value_internal":0.4100616066483769,"distribution":"{\"name\": \"FloatDistribution\", \"attributes\": {\"step\": null, \"low\": 0.0, \"high\": 0.5, \"log\": false}}"}
{"op_code":5,"worker_id":"fd85f0b9-cc59-40c3-a8f3-927967a13b2d-140252871579456","trial_id":46,"param_name":"layers","param_value_internal":1.0,"distribution":"{\"name\": \"IntDistribution\", \"attributes\": {\"log\": false, \"step\": 1, \"low\": 1, \"high\": 3}}"}
{"op_code":5,"worker_id":"fd85f0b9-cc59-40c3-a8f3-927967a13b2d-140252871579456","trial_id":46,"param_name":"nodes","param_value_internal":2,"distribution":"{\"name\": \"CategoricalDistribution\", \"attributes\": {\"choices\": [32, 64, 128]}}"}
{"op_code":6,"worker_id":"fd85f0b9-cc59-40c3-a8f3-927967a13b2d-140252871579456","trial_id":46,"state":1,"values":[0.584812958785953],"datetime_complete":"2026-03-30T10:55:51.543816"}
{"op_code":4,"worker_id":"fd85f0b9-cc59-40c3-a8f3-927967a13b2d-140252871579456","study_id":0,"datetime_start":"2026-03-30T10:55:51.568525"}
{"op_code":5,"worker_id":"fd85f0b9-cc59-40c3-a8f3-927967a13b2d-140252871579456","trial_id":47,"param_name":"lr","param_value_internal":0.00927412853263094,"distribution":"{\"name\": \"FloatDistribution\", \"attributes\": {\"step\": null, \"low\": 0.0001, \"high\": 0.1, \"log\": true}}"}
{"op_code":5,"worker_id":"fd85f0b9-cc59-40c3-a8f3-927967a13b2d-140252871579456","trial_id":47,"param_name":"dropout","param_value_internal":0.3132786930251321,"distribution":"{\"name\": \"FloatDistribution\", \"attributes\": {\"step\": null, \"low\": 0.0, \"high\": 0.5, \"log\": false}}"}
{"op_code":5,"worker_id":"fd85f0b9-cc59-40c3-a8f3-927967a13b2d-140252871579456","trial_id":47,"param_name":"layers","param_value_internal":2.0,"distribution":"{\"name\": \"IntDistribution\", \"attributes\": {\"log\": false, \"step\": 1, \"low\": 1, \"high\": 3}}"}
{"op_code":5,"worker_id":"fd85f0b9-cc59-40c3-a8f3-927967a13b2d-140252871579456","trial_id":47,"param_name":"nodes","param_value_internal":0,"distribution":"{\"name\": \"CategoricalDistribution\", \"attributes\": {\"choices\": [32, 64, 128]}}"}
{"op_code":6,"worker_id":"fd85f0b9-cc59-40c3-a8f3-927967a13b2d-140252871579456","trial_id":47,"state":1,"values":[0.6170891494889494],"datetime_complete":"2026-03-30T10:55:53.485760"}
{"op_code":4,"worker_id":"fd85f0b9-cc59-40c3-a8f3-927967a13b2d-140252871579456","study_id":0,"datetime_start":"2026-03-30T10:55:53.605433"}
{"op_code":5,"worker_id":"fd85f0b9-cc59-40c3-a8f3-927967a13b2d-140252871579456","trial_id":48,"param_name":"lr","param_value_internal":0.06614762674861699,"distribution":"{\"name\": \"FloatDistribution\", \"attributes\": {\"step\": null, \"low\": 0.0001, \"high\": 0.1, \"log\": true}}"}
{"op_code":5,"worker_id":"fd85f0b9-cc59-40c3-a8f3-927967a13b2d-140252871579456","trial_id":48,"param_name":"dropout","param_value_internal":0.3283155254255171,"distribution":"{\"name\": \"FloatDistribution\", \"attributes\": {\"step\": null, \"low\": 0.0, \"high\": 0.5, \"log\": false}}"}
{"op_code":5,"worker_id":"fd85f0b9-cc59-40c3-a8f3-927967a13b2d-140252871579456","trial_id":48,"param_name":"layers","param_value_internal":2.0,"distribution":"{\"name\": \"IntDistribution\", \"attributes\": {\"log\": false, \"step\": 1, \"low\": 1, \"high\": 3}}"}
{"op_code":5,"worker_id":"fd85f0b9-cc59-40c3-a8f3-927967a13b2d-140252871579456","trial_id":48,"param_name":"nodes","param_value_internal":1,"distribution":"{\"name\": \"CategoricalDistribution\", \"attributes\": {\"choices\": [32, 64, 128]}}"}
{"op_code":6,"worker_id":"fd85f0b9-cc59-40c3-a8f3-927967a13b2d-140252871579456","trial_id":48,"state":1,"values":[0.567453229773727],"datetime_complete":"2026-03-30T10:55:55.650597"}
{"op_code":4,"worker_id":"fd85f0b9-cc59-40c3-a8f3-927967a13b2d-140252871579456","study_id":0,"datetime_start":"2026-03-30T10:55:55.663714"}
{"op_code":5,"worker_id":"fd85f0b9-cc59-40c3-a8f3-927967a13b2d-140252871579456","trial_id":49,"param_name":"lr","param_value_internal":0.017109533613195504,"distribution":"{\"name\": \"FloatDistribution\", \"attributes\": {\"step\": null, \"low\": 0.0001, \"high\": 0.1, \"log\": true}}"}
{"op_code":5,"worker_id":"fd85f0b9-cc59-40c3-a8f3-927967a13b2d-140252871579456","trial_id":49,"param_name":"dropout","param_value_internal":0.2426997776618671,"distribution":"{\"name\": \"FloatDistribution\", \"attributes\": {\"step\": null, \"low\": 0.0, \"high\": 0.5, \"log\": false}}"}
{"op_code":5,"worker_id":"fd85f0b9-cc59-40c3-a8f3-927967a13b2d-140252871579456","trial_id":49,"param_name":"layers","param_value_internal":2.0,"distribution":"{\"name\": \"IntDistribution\", \"attributes\": {\"log\": false, \"step\": 1, \"low\": 1, \"high\": 3}}"}
{"op_code":5,"worker_id":"fd85f0b9-cc59-40c3-a8f3-927967a13b2d-140252871579456","trial_id":49,"param_name":"nodes","param_value_internal":1,"distribution":"{\"name\": \"CategoricalDistribution\", \"attributes\": {\"choices\": [32, 64, 128]}}"}
{"op_code":6,"worker_id":"fd85f0b9-cc59-40c3-a8f3-927967a13b2d-140252871579456","trial_id":49,"state":1,"values":[0.6171401808324006],"datetime_complete":"2026-03-30T10:55:57.697263"}
{"op_code":4,"worker_id":"fd85f0b9-cc59-40c3-a8f3-927967a13b2d-140252871579456","study_id":0,"datetime_start":"2026-03-30T10:55:58.043275"}
{"op_code":5,"worker_id":"fd85f0b9-cc59-40c3-a8f3-927967a13b2d-140252871579456","trial_id":50,"param_name":"lr","param_value_internal":0.0029966574506605555,"distribution":"{\"name\": \"FloatDistribution\", \"attributes\": {\"step\": null, \"low\": 0.0001, \"high\": 0.1, \"log\": true}}"}
{"op_code":5,"worker_id":"fd85f0b9-cc59-40c3-a8f3-927967a13b2d-140252871579456","trial_id":50,"param_name":"dropout","param_value_internal":0.43048365037828523,"distribution":"{\"name\": \"FloatDistribution\", \"attributes\": {\"step\": null, \"low\": 0.0, \"high\": 0.5, \"log\": false}}"}
{"op_code":5,"worker_id":"fd85f0b9-cc59-40c3-a8f3-927967a13b2d-140252871579456","trial_id":50,"param_name":"layers","param_value_internal":2.0,"distribution":"{\"name\": \"IntDistribution\", \"attributes\": {\"log\": false, \"step\": 1, \"low\": 1, \"high\": 3}}"}
{"op_code":5,"worker_id":"fd85f0b9-cc59-40c3-a8f3-927967a13b2d-140252871579456","trial_id":50,"param_name":"nodes","param_value_internal":2,"distribution":"{\"name\": \"CategoricalDistribution\", \"attributes\": {\"choices\": [32, 64, 128]}}"}
{"op_code":6,"worker_id":"fd85f0b9-cc59-40c3-a8f3-927967a13b2d-140252871579456","trial_id":50,"state":1,"values":[0.613502213059261],"datetime_complete":"2026-03-30T10:55:59.995793"}
{"op_code":4,"worker_id":"fd85f0b9-cc59-40c3-a8f3-927967a13b2d-140252871579456","study_id":0,"datetime_start":"2026-03-30T10:56:00.011606"}
{"op_code":5,"worker_id":"fd85f0b9-cc59-40c3-a8f3-927967a13b2d-140252871579456","trial_id":51,"param_name":"lr","param_value_internal":0.021864147381720083,"distribution":"{\"name\": \"FloatDistribution\", \"attributes\": {\"step\": null, \"low\": 0.0001, \"high\": 0.1, \"log\": true}}"}
{"op_code":5,"worker_id":"fd85f0b9-cc59-40c3-a8f3-927967a13b2d-140252871579456","trial_id":51,"param_name":"dropout","param_value_internal":0.2350398549079605,"distribution":"{\"name\": \"FloatDistribution\", \"attributes\": {\"step\": null, \"low\": 0.0, \"high\": 0.5, \"log\": false}}"}
{"op_code":5,"worker_id":"fd85f0b9-cc59-40c3-a8f3-927967a13b2d-140252871579456","trial_id":51,"param_name":"layers","param_value_internal":2.0,"distribution":"{\"name\": \"IntDistribution\", \"attributes\": {\"log\": false, \"step\": 1, \"low\": 1, \"high\": 3}}"}
{"op_code":5,"worker_id":"fd85f0b9-cc59-40c3-a8f3-927967a13b2d-140252871579456","trial_id":51,"param_name":"nodes","param_value_internal":1,"distribution":"{\"name\": \"CategoricalDistribution\", \"attributes\": {\"choices\": [32, 64, 128]}}"}
{"op_code":6,"worker_id":"fd85f0b9-cc59-40c3-a8f3-927967a13b2d-140252871579456","trial_id":51,"state":1,"values":[0.6144655714206332],"datetime_complete":"2026-03-30T10:56:02.040247"}
{"op_code":4,"worker_id":"fd85f0b9-cc59-40c3-a8f3-927967a13b2d-140252871579456","study_id":0,"datetime_start":"2026-03-30T10:56:02.060085"}
{"op_code":5,"worker_id":"fd85f0b9-cc59-40c3-a8f3-927967a13b2d-140252871579456","trial_id":52,"param_name":"lr","param_value_internal":0.014199450080354507,"distribution":"{\"name\": \"FloatDistribution\", \"attributes\": {\"step\": null, \"low\": 0.0001, \"high\": 0.1, \"log\": true}}"}
{"op_code":5,"worker_id":"fd85f0b9-cc59-40c3-a8f3-927967a13b2d-140252871579456","trial_id":52,"param_name":"dropout","param_value_internal":0.3589582181171648,"distribution":"{\"name\": \"FloatDistribution\", \"attributes\": {\"step\": null, \"low\": 0.0, \"high\": 0.5, \"log\": false}}"}
{"op_code":5,"worker_id":"fd85f0b9-cc59-40c3-a8f3-927967a13b2d-140252871579456","trial_id":52,"param_name":"layers","param_value_internal":1.0,"distribution":"{\"name\": \"IntDistribution\", \"attributes\": {\"log\": false, \"step\": 1, \"low\": 1, \"high\": 3}}"}
{"op_code":5,"worker_id":"fd85f0b9-cc59-40c3-a8f3-927967a13b2d-140252871579456","trial_id":52,"param_name":"nodes","param_value_internal":1,"distribution":"{\"name\": \"CategoricalDistribution\", \"attributes\": {\"choices\": [32, 64, 128]}}"}
{"op_code":6,"worker_id":"fd85f0b9-cc59-40c3-a8f3-927967a13b2d-140252871579456","trial_id":52,"state":1,"values":[0.6086553694612564],"datetime_complete":"2026-03-30T10:56:03.736176"}
{"op_code":4,"worker_id":"fd85f0b9-cc59-40c3-a8f3-927967a13b2d-140252871579456","study_id":0,"datetime_start":"2026-03-30T10:56:03.762173"}
{"op_code":5,"worker_id":"fd85f0b9-cc59-40c3-a8f3-927967a13b2d-140252871579456","trial_id":53,"param_name":"lr","param_value_internal":0.04539672046009749,"distribution":"{\"name\": \"FloatDistribution\", \"attributes\": {\"step\": null, \"low\": 0.0001, \"high\": 0.1, \"log\": true}}"}
{"op_code":5,"worker_id":"fd85f0b9-cc59-40c3-a8f3-927967a13b2d-140252871579456","trial_id":53,"param_name":"dropout","param_value_internal":0.38375088603392443,"distribution":"{\"name\": \"FloatDistribution\", \"attributes\": {\"step\": null, \"low\": 0.0, \"high\": 0.5, \"log\": false}}"}
{"op_code":5,"worker_id":"fd85f0b9-cc59-40c3-a8f3-927967a13b2d-140252871579456","trial_id":53,"param_name":"layers","param_value_internal":2.0,"distribution":"{\"name\": \"IntDistribution\", \"attributes\": {\"log\": false, \"step\": 1, \"low\": 1, \"high\": 3}}"}
{"op_code":5,"worker_id":"fd85f0b9-cc59-40c3-a8f3-927967a13b2d-140252871579456","trial_id":53,"param_name":"nodes","param_value_internal":1,"distribution":"{\"name\": \"CategoricalDistribution\", \"attributes\": {\"choices\": [32, 64, 128]}}"}
{"op_code":6,"worker_id":"fd85f0b9-cc59-40c3-a8f3-927967a13b2d-140252871579456","trial_id":53,"state":1,"values":[0.6174032757586376],"datetime_complete":"2026-03-30T10:56:05.694645"}
{"op_code":4,"worker_id":"fd85f0b9-cc59-40c3-a8f3-927967a13b2d-140252871579456","study_id":0,"datetime_start":"2026-03-30T10:56:05.713026"}
{"op_code":5,"worker_id":"fd85f0b9-cc59-40c3-a8f3-927967a13b2d-140252871579456","trial_id":54,"param_name":"lr","param_value_internal":0.09897005365555274,"distribution":"{\"name\": \"FloatDistribution\", \"attributes\": {\"step\": null, \"low\": 0.0001, \"high\": 0.1, \"log\": true}}"}
{"op_code":5,"worker_id":"fd85f0b9-cc59-40c3-a8f3-927967a13b2d-140252871579456","trial_id":54,"param_name":"dropout","param_value_internal":0.3863672332607384,"distribution":"{\"name\": \"FloatDistribution\", \"attributes\": {\"step\": null, \"low\": 0.0, \"high\": 0.5, \"log\": false}}"}
{"op_code":5,"worker_id":"fd85f0b9-cc59-40c3-a8f3-927967a13b2d-140252871579456","trial_id":54,"param_name":"layers","param_value_internal":2.0,"distribution":"{\"name\": \"IntDistribution\", \"attributes\": {\"log\": false, \"step\": 1, \"low\": 1, \"high\": 3}}"}
{"op_code":5,"worker_id":"fd85f0b9-cc59-40c3-a8f3-927967a13b2d-140252871579456","trial_id":54,"param_name":"nodes","param_value_internal":1,"distribution":"{\"name\": \"CategoricalDistribution\", \"attributes\": {\"choices\": [32, 64, 128]}}"}
{"op_code":6,"worker_id":"fd85f0b9-cc59-40c3-a8f3-927967a13b2d-140252871579456","trial_id":54,"state":1,"values":[0.5768123781626675],"datetime_complete":"2026-03-30T10:56:07.636110"}
{"op_code":4,"worker_id":"fd85f0b9-cc59-40c3-a8f3-927967a13b2d-140252871579456","study_id":0,"datetime_start":"2026-03-30T10:56:07.739155"}
{"op_code":5,"worker_id":"fd85f0b9-cc59-40c3-a8f3-927967a13b2d-140252871579456","trial_id":55,"param_name":"lr","param_value_internal":0.0536616676764456,"distribution":"{\"name\": \"FloatDistribution\", \"attributes\": {\"step\": null, \"low\": 0.0001, \"high\": 0.1, \"log\": true}}"}
{"op_code":5,"worker_id":"fd85f0b9-cc59-40c3-a8f3-927967a13b2d-140252871579456","trial_id":55,"param_name":"dropout","param_value_internal":0.27662696423659144,"distribution":"{\"name\": \"FloatDistribution\", \"attributes\": {\"step\": null, \"low\": 0.0, \"high\": 0.5, \"log\": false}}"}
{"op_code":5,"worker_id":"fd85f0b9-cc59-40c3-a8f3-927967a13b2d-140252871579456","trial_id":55,"param_name":"layers","param_value_internal":2.0,"distribution":"{\"name\": \"IntDistribution\", \"attributes\": {\"log\": false, \"step\": 1, \"low\": 1, \"high\": 3}}"}
{"op_code":5,"worker_id":"fd85f0b9-cc59-40c3-a8f3-927967a13b2d-140252871579456","trial_id":55,"param_name":"nodes","param_value_internal":1,"distribution":"{\"name\": \"CategoricalDistribution\", \"attributes\": {\"choices\": [32, 64, 128]}}"}
{"op_code":6,"worker_id":"fd85f0b9-cc59-40c3-a8f3-927967a13b2d-140252871579456","trial_id":55,"state":1,"values":[0.5747308663647879],"datetime_complete":"2026-03-30T10:56:09.681214"}
{"op_code":4,"worker_id":"fd85f0b9-cc59-40c3-a8f3-927967a13b2d-140252871579456","study_id":0,"datetime_start":"2026-03-30T10:56:09.763768"}
{"op_code":5,"worker_id":"fd85f0b9-cc59-40c3-a8f3-927967a13b2d-140252871579456","trial_id":56,"param_name":"lr","param_value_internal":0.00011292852666902946,"distribution":"{\"name\": \"FloatDistribution\", \"attributes\": {\"step\": null, \"low\": 0.0001, \"high\": 0.1, \"log\": true}}"}
{"op_code":5,"worker_id":"fd85f0b9-cc59-40c3-a8f3-927967a13b2d-140252871579456","trial_id":56,"param_name":"dropout","param_value_internal":0.3456210412272999,"distribution":"{\"name\": \"FloatDistribution\", \"attributes\": {\"step\": null, \"low\": 0.0, \"high\": 0.5, \"log\": false}}"}
{"op_code":5,"worker_id":"fd85f0b9-cc59-40c3-a8f3-927967a13b2d-140252871579456","trial_id":56,"param_name":"layers","param_value_internal":2.0,"distribution":"{\"name\": \"IntDistribution\", \"attributes\": {\"log\": false, \"step\": 1, \"low\": 1, \"high\": 3}}"}
{"op_code":5,"worker_id":"fd85f0b9-cc59-40c3-a8f3-927967a13b2d-140252871579456","trial_id":56,"param_name":"nodes","param_value_internal":1,"distribution":"{\"name\": \"CategoricalDistribution\", \"attributes\": {\"choices\": [32, 64, 128]}}"}
{"op_code":6,"worker_id":"fd85f0b9-cc59-40c3-a8f3-927967a13b2d-140252871579456","trial_id":56,"state":1,"values":[0.5692931932126045],"datetime_complete":"2026-03-30T10:56:11.741879"}
{"op_code":4,"worker_id":"fd85f0b9-cc59-40c3-a8f3-927967a13b2d-140252871579456","study_id":0,"datetime_start":"2026-03-30T10:56:11.783547"}
{"op_code":5,"worker_id":"fd85f0b9-cc59-40c3-a8f3-927967a13b2d-140252871579456","trial_id":57,"param_name":"lr","param_value_internal":0.04080062662772675,"distribution":"{\"name\": \"FloatDistribution\", \"attributes\": {\"step\": null, \"low\": 0.0001, \"high\": 0.1, \"log\": true}}"}
{"op_code":5,"worker_id":"fd85f0b9-cc59-40c3-a8f3-927967a13b2d-140252871579456","trial_id":57,"param_name":"dropout","param_value_internal":0.4675492406676405,"distribution":"{\"name\": \"FloatDistribution\", \"attributes\": {\"step\": null, \"low\": 0.0, \"high\": 0.5, \"log\": false}}"}
{"op_code":5,"worker_id":"fd85f0b9-cc59-40c3-a8f3-927967a13b2d-140252871579456","trial_id":57,"param_name":"layers","param_value_internal":2.0,"distribution":"{\"name\": \"IntDistribution\", \"attributes\": {\"log\": false, \"step\": 1, \"low\": 1, \"high\": 3}}"}
{"op_code":5,"worker_id":"fd85f0b9-cc59-40c3-a8f3-927967a13b2d-140252871579456","trial_id":57,"param_name":"nodes","param_value_internal":0,"distribution":"{\"name\": \"CategoricalDistribution\", \"attributes\": {\"choices\": [32, 64, 128]}}"}
{"op_code":6,"worker_id":"fd85f0b9-cc59-40c3-a8f3-927967a13b2d-140252871579456","trial_id":57,"state":1,"values":[0.5525883664413349],"datetime_complete":"2026-03-30T10:56:13.841103"}
{"op_code":4,"worker_id":"fd85f0b9-cc59-40c3-a8f3-927967a13b2d-140252871579456","study_id":0,"datetime_start":"2026-03-30T10:56:13.870942"}
{"op_code":5,"worker_id":"fd85f0b9-cc59-40c3-a8f3-927967a13b2d-140252871579456","trial_id":58,"param_name":"lr","param_value_internal":0.00475813100052857,"distribution":"{\"name\": \"FloatDistribution\", \"attributes\": {\"step\": null, \"low\": 0.0001, \"high\": 0.1, \"log\": true}}"}
{"op_code":5,"worker_id":"fd85f0b9-cc59-40c3-a8f3-927967a13b2d-140252871579456","trial_id":58,"param_name":"dropout","param_value_internal":0.39494429000261844,"distribution":"{\"name\": \"FloatDistribution\", \"attributes\": {\"step\": null, \"low\": 0.0, \"high\": 0.5, \"log\": false}}"}
{"op_code":5,"worker_id":"fd85f0b9-cc59-40c3-a8f3-927967a13b2d-140252871579456","trial_id":58,"param_name":"layers","param_value_internal":2.0,"distribution":"{\"name\": \"IntDistribution\", \"attributes\": {\"log\": false, \"step\": 1, \"low\": 1, \"high\": 3}}"}
{"op_code":5,"worker_id":"fd85f0b9-cc59-40c3-a8f3-927967a13b2d-140252871579456","trial_id":58,"param_name":"nodes","param_value_internal":1,"distribution":"{\"name\": \"CategoricalDistribution\", \"attributes\": {\"choices\": [32, 64, 128]}}"}
{"op_code":6,"worker_id":"fd85f0b9-cc59-40c3-a8f3-927967a13b2d-140252871579456","trial_id":58,"state":1,"values":[0.60727865721793],"datetime_complete":"2026-03-30T10:56:16.107727"}
{"op_code":4,"worker_id":"fd85f0b9-cc59-40c3-a8f3-927967a13b2d-140252871579456","study_id":0,"datetime_start":"2026-03-30T10:56:16.163497"}
{"op_code":5,"worker_id":"fd85f0b9-cc59-40c3-a8f3-927967a13b2d-140252871579456","trial_id":59,"param_name":"lr","param_value_internal":0.07701785448246358,"distribution":"{\"name\": \"FloatDistribution\", \"attributes\": {\"step\": null, \"low\": 0.0001, \"high\": 0.1, \"log\": true}}"}
{"op_code":5,"worker_id":"fd85f0b9-cc59-40c3-a8f3-927967a13b2d-140252871579456","trial_id":59,"param_name":"dropout","param_value_internal":0.197794532512074,"distribution":"{\"name\": \"FloatDistribution\", \"attributes\": {\"step\": null, \"low\": 0.0, \"high\": 0.5, \"log\": false}}"}
{"op_code":5,"worker_id":"fd85f0b9-cc59-40c3-a8f3-927967a13b2d-140252871579456","trial_id":59,"param_name":"layers","param_value_internal":1.0,"distribution":"{\"name\": \"IntDistribution\", \"attributes\": {\"log\": false, \"step\": 1, \"low\": 1, \"high\": 3}}"}
{"op_code":5,"worker_id":"fd85f0b9-cc59-40c3-a8f3-927967a13b2d-140252871579456","trial_id":59,"param_name":"nodes","param_value_internal":1,"distribution":"{\"name\": \"CategoricalDistribution\", \"attributes\": {\"choices\": [32, 64, 128]}}"}
{"op_code":6,"worker_id":"fd85f0b9-cc59-40c3-a8f3-927967a13b2d-140252871579456","trial_id":59,"state":1,"values":[0.5783722362274909],"datetime_complete":"2026-03-30T10:56:18.038987"}
