{"op_code":0,"worker_id":"02696459-71bc-44b3-b89b-add58d470bda-140062064023360","study_name":"mtlr_tuning","directions":[2]}
{"op_code":4,"worker_id":"02696459-71bc-44b3-b89b-add58d470bda-140062064023360","study_id":0,"datetime_start":"2026-04-14T12:05:42.188321"}
{"op_code":5,"worker_id":"02696459-71bc-44b3-b89b-add58d470bda-140062064023360","trial_id":0,"param_name":"lr","param_value_internal":0.0037879783901166794,"distribution":"{\"name\": \"FloatDistribution\", \"attributes\": {\"step\": null, \"low\": 0.0001, \"high\": 0.1, \"log\": true}}"}
{"op_code":5,"worker_id":"02696459-71bc-44b3-b89b-add58d470bda-140062064023360","trial_id":0,"param_name":"dropout","param_value_internal":0.2124635742057523,"distribution":"{\"name\": \"FloatDistribution\", \"attributes\": {\"step\": null, \"low\": 0.0, \"high\": 0.5, \"log\": false}}"}
{"op_code":5,"worker_id":"02696459-71bc-44b3-b89b-add58d470bda-140062064023360","trial_id":0,"param_name":"layers","param_value_internal":2.0,"distribution":"{\"name\": \"IntDistribution\", \"attributes\": {\"log\": false, \"step\": 1, \"low\": 1, \"high\": 3}}"}
{"op_code":5,"worker_id":"02696459-71bc-44b3-b89b-add58d470bda-140062064023360","trial_id":0,"param_name":"nodes","param_value_internal":2,"distribution":"{\"name\": \"CategoricalDistribution\", \"attributes\": {\"choices\": [32, 64, 128]}}"}
{"op_code":6,"worker_id":"02696459-71bc-44b3-b89b-add58d470bda-140062064023360","trial_id":0,"state":1,"values":[0.6575230092036815],"datetime_complete":"2026-04-14T12:05:46.400555"}
{"op_code":4,"worker_id":"02696459-71bc-44b3-b89b-add58d470bda-140062064023360","study_id":0,"datetime_start":"2026-04-14T12:05:46.424128"}
{"op_code":5,"worker_id":"02696459-71bc-44b3-b89b-add58d470bda-140062064023360","trial_id":1,"param_name":"lr","param_value_internal":0.00034403120051463215,"distribution":"{\"name\": \"FloatDistribution\", \"attributes\": {\"step\": null, \"low\": 0.0001, \"high\": 0.1, \"log\": true}}"}
{"op_code":5,"worker_id":"02696459-71bc-44b3-b89b-add58d470bda-140062064023360","trial_id":1,"param_name":"dropout","param_value_internal":0.28326883374324546,"distribution":"{\"name\": \"FloatDistribution\", \"attributes\": {\"step\": null, \"low\": 0.0, \"high\": 0.5, \"log\": false}}"}
{"op_code":5,"worker_id":"02696459-71bc-44b3-b89b-add58d470bda-140062064023360","trial_id":1,"param_name":"layers","param_value_internal":2.0,"distribution":"{\"name\": \"IntDistribution\", \"attributes\": {\"log\": false, \"step\": 1, \"low\": 1, \"high\": 3}}"}
{"op_code":5,"worker_id":"02696459-71bc-44b3-b89b-add58d470bda-140062064023360","trial_id":1,"param_name":"nodes","param_value_internal":0,"distribution":"{\"name\": \"CategoricalDistribution\", \"attributes\": {\"choices\": [32, 64, 128]}}"}
{"op_code":6,"worker_id":"02696459-71bc-44b3-b89b-add58d470bda-140062064023360","trial_id":1,"state":1,"values":[0.6984593837535014],"datetime_complete":"2026-04-14T12:05:50.442867"}
{"op_code":4,"worker_id":"02696459-71bc-44b3-b89b-add58d470bda-140062064023360","study_id":0,"datetime_start":"2026-04-14T12:05:50.468721"}
{"op_code":5,"worker_id":"02696459-71bc-44b3-b89b-add58d470bda-140062064023360","trial_id":2,"param_name":"lr","param_value_internal":0.00019273458296370386,"distribution":"{\"name\": \"FloatDistribution\", \"attributes\": {\"step\": null, \"low\": 0.0001, \"high\": 0.1, \"log\": true}}"}
{"op_code":5,"worker_id":"02696459-71bc-44b3-b89b-add58d470bda-140062064023360","trial_id":2,"param_name":"dropout","param_value_internal":0.03598845772549697,"distribution":"{\"name\": \"FloatDistribution\", \"attributes\": {\"step\": null, \"low\": 0.0, \"high\": 0.5, \"log\": false}}"}
{"op_code":5,"worker_id":"02696459-71bc-44b3-b89b-add58d470bda-140062064023360","trial_id":2,"param_name":"layers","param_value_internal":1.0,"distribution":"{\"name\": \"IntDistribution\", \"attributes\": {\"log\": false, \"step\": 1, \"low\": 1, \"high\": 3}}"}
{"op_code":5,"worker_id":"02696459-71bc-44b3-b89b-add58d470bda-140062064023360","trial_id":2,"param_name":"nodes","param_value_internal":0,"distribution":"{\"name\": \"CategoricalDistribution\", \"attributes\": {\"choices\": [32, 64, 128]}}"}
{"op_code":6,"worker_id":"02696459-71bc-44b3-b89b-add58d470bda-140062064023360","trial_id":2,"state":1,"values":[0.6330732292917167],"datetime_complete":"2026-04-14T12:05:54.028643"}
{"op_code":4,"worker_id":"02696459-71bc-44b3-b89b-add58d470bda-140062064023360","study_id":0,"datetime_start":"2026-04-14T12:05:54.050717"}
{"op_code":5,"worker_id":"02696459-71bc-44b3-b89b-add58d470bda-140062064023360","trial_id":3,"param_name":"lr","param_value_internal":0.002809050286562961,"distribution":"{\"name\": \"FloatDistribution\", \"attributes\": {\"step\": null, \"low\": 0.0001, \"high\": 0.1, \"log\": true}}"}
{"op_code":5,"worker_id":"02696459-71bc-44b3-b89b-add58d470bda-140062064023360","trial_id":3,"param_name":"dropout","param_value_internal":0.07721925837999699,"distribution":"{\"name\": \"FloatDistribution\", \"attributes\": {\"step\": null, \"low\": 0.0, \"high\": 0.5, \"log\": false}}"}
{"op_code":5,"worker_id":"02696459-71bc-44b3-b89b-add58d470bda-140062064023360","trial_id":3,"param_name":"layers","param_value_internal":1.0,"distribution":"{\"name\": \"IntDistribution\", \"attributes\": {\"log\": false, \"step\": 1, \"low\": 1, \"high\": 3}}"}
{"op_code":5,"worker_id":"02696459-71bc-44b3-b89b-add58d470bda-140062064023360","trial_id":3,"param_name":"nodes","param_value_internal":0,"distribution":"{\"name\": \"CategoricalDistribution\", \"attributes\": {\"choices\": [32, 64, 128]}}"}
{"op_code":6,"worker_id":"02696459-71bc-44b3-b89b-add58d470bda-140062064023360","trial_id":3,"state":1,"values":[0.6817927170868348],"datetime_complete":"2026-04-14T12:05:58.145382"}
{"op_code":4,"worker_id":"02696459-71bc-44b3-b89b-add58d470bda-140062064023360","study_id":0,"datetime_start":"2026-04-14T12:05:58.166539"}
{"op_code":5,"worker_id":"02696459-71bc-44b3-b89b-add58d470bda-140062064023360","trial_id":4,"param_name":"lr","param_value_internal":0.00017754027139861342,"distribution":"{\"name\": \"FloatDistribution\", \"attributes\": {\"step\": null, \"low\": 0.0001, \"high\": 0.1, \"log\": true}}"}
{"op_code":5,"worker_id":"02696459-71bc-44b3-b89b-add58d470bda-140062064023360","trial_id":4,"param_name":"dropout","param_value_internal":0.050817778839423566,"distribution":"{\"name\": \"FloatDistribution\", \"attributes\": {\"step\": null, \"low\": 0.0, \"high\": 0.5, \"log\": false}}"}
{"op_code":5,"worker_id":"02696459-71bc-44b3-b89b-add58d470bda-140062064023360","trial_id":4,"param_name":"layers","param_value_internal":2.0,"distribution":"{\"name\": \"IntDistribution\", \"attributes\": {\"log\": false, \"step\": 1, \"low\": 1, \"high\": 3}}"}
{"op_code":5,"worker_id":"02696459-71bc-44b3-b89b-add58d470bda-140062064023360","trial_id":4,"param_name":"nodes","param_value_internal":0,"distribution":"{\"name\": \"CategoricalDistribution\", \"attributes\": {\"choices\": [32, 64, 128]}}"}
{"op_code":6,"worker_id":"02696459-71bc-44b3-b89b-add58d470bda-140062064023360","trial_id":4,"state":1,"values":[0.6844937975190076],"datetime_complete":"2026-04-14T12:06:02.159273"}
{"op_code":4,"worker_id":"02696459-71bc-44b3-b89b-add58d470bda-140062064023360","study_id":0,"datetime_start":"2026-04-14T12:06:02.177086"}
{"op_code":5,"worker_id":"02696459-71bc-44b3-b89b-add58d470bda-140062064023360","trial_id":5,"param_name":"lr","param_value_internal":0.08959519223514774,"distribution":"{\"name\": \"FloatDistribution\", \"attributes\": {\"step\": null, \"low\": 0.0001, \"high\": 0.1, \"log\": true}}"}
{"op_code":5,"worker_id":"02696459-71bc-44b3-b89b-add58d470bda-140062064023360","trial_id":5,"param_name":"dropout","param_value_internal":0.28203673964729525,"distribution":"{\"name\": \"FloatDistribution\", \"attributes\": {\"step\": null, \"low\": 0.0, \"high\": 0.5, \"log\": false}}"}
{"op_code":5,"worker_id":"02696459-71bc-44b3-b89b-add58d470bda-140062064023360","trial_id":5,"param_name":"layers","param_value_internal":1.0,"distribution":"{\"name\": \"IntDistribution\", \"attributes\": {\"log\": false, \"step\": 1, \"low\": 1, \"high\": 3}}"}
{"op_code":5,"worker_id":"02696459-71bc-44b3-b89b-add58d470bda-140062064023360","trial_id":5,"param_name":"nodes","param_value_internal":0,"distribution":"{\"name\": \"CategoricalDistribution\", \"attributes\": {\"choices\": [32, 64, 128]}}"}
{"op_code":6,"worker_id":"02696459-71bc-44b3-b89b-add58d470bda-140062064023360","trial_id":5,"state":1,"values":[0.6842537014805923],"datetime_complete":"2026-04-14T12:06:05.814473"}
{"op_code":4,"worker_id":"02696459-71bc-44b3-b89b-add58d470bda-140062064023360","study_id":0,"datetime_start":"2026-04-14T12:06:05.841498"}
{"op_code":5,"worker_id":"02696459-71bc-44b3-b89b-add58d470bda-140062064023360","trial_id":6,"param_name":"lr","param_value_internal":0.006801265074873399,"distribution":"{\"name\": \"FloatDistribution\", \"attributes\": {\"step\": null, \"low\": 0.0001, \"high\": 0.1, \"log\": true}}"}
{"op_code":5,"worker_id":"02696459-71bc-44b3-b89b-add58d470bda-140062064023360","trial_id":6,"param_name":"dropout","param_value_internal":0.44089576857474155,"distribution":"{\"name\": \"FloatDistribution\", \"attributes\": {\"step\": null, \"low\": 0.0, \"high\": 0.5, \"log\": false}}"}
{"op_code":5,"worker_id":"02696459-71bc-44b3-b89b-add58d470bda-140062064023360","trial_id":6,"param_name":"layers","param_value_internal":2.0,"distribution":"{\"name\": \"IntDistribution\", \"attributes\": {\"log\": false, \"step\": 1, \"low\": 1, \"high\": 3}}"}
{"op_code":5,"worker_id":"02696459-71bc-44b3-b89b-add58d470bda-140062064023360","trial_id":6,"param_name":"nodes","param_value_internal":0,"distribution":"{\"name\": \"CategoricalDistribution\", \"attributes\": {\"choices\": [32, 64, 128]}}"}
{"op_code":6,"worker_id":"02696459-71bc-44b3-b89b-add58d470bda-140062064023360","trial_id":6,"state":1,"values":[0.7034813925570228],"datetime_complete":"2026-04-14T12:06:09.891212"}
{"op_code":4,"worker_id":"02696459-71bc-44b3-b89b-add58d470bda-140062064023360","study_id":0,"datetime_start":"2026-04-14T12:06:09.911098"}
{"op_code":5,"worker_id":"02696459-71bc-44b3-b89b-add58d470bda-140062064023360","trial_id":7,"param_name":"lr","param_value_internal":0.00030098396210115146,"distribution":"{\"name\": \"FloatDistribution\", \"attributes\": {\"step\": null, \"low\": 0.0001, \"high\": 0.1, \"log\": true}}"}
{"op_code":5,"worker_id":"02696459-71bc-44b3-b89b-add58d470bda-140062064023360","trial_id":7,"param_name":"dropout","param_value_internal":0.0711924380492136,"distribution":"{\"name\": \"FloatDistribution\", \"attributes\": {\"step\": null, \"low\": 0.0, \"high\": 0.5, \"log\": false}}"}
{"op_code":5,"worker_id":"02696459-71bc-44b3-b89b-add58d470bda-140062064023360","trial_id":7,"param_name":"layers","param_value_internal":2.0,"distribution":"{\"name\": \"IntDistribution\", \"attributes\": {\"log\": false, \"step\": 1, \"low\": 1, \"high\": 3}}"}
{"op_code":5,"worker_id":"02696459-71bc-44b3-b89b-add58d470bda-140062064023360","trial_id":7,"param_name":"nodes","param_value_internal":1,"distribution":"{\"name\": \"CategoricalDistribution\", \"attributes\": {\"choices\": [32, 64, 128]}}"}
{"op_code":6,"worker_id":"02696459-71bc-44b3-b89b-add58d470bda-140062064023360","trial_id":7,"state":1,"values":[0.674249699879952],"datetime_complete":"2026-04-14T12:06:13.802944"}
{"op_code":4,"worker_id":"02696459-71bc-44b3-b89b-add58d470bda-140062064023360","study_id":0,"datetime_start":"2026-04-14T12:06:13.824011"}
{"op_code":5,"worker_id":"02696459-71bc-44b3-b89b-add58d470bda-140062064023360","trial_id":8,"param_name":"lr","param_value_internal":0.00011897606882723186,"distribution":"{\"name\": \"FloatDistribution\", \"attributes\": {\"step\": null, \"low\": 0.0001, \"high\": 0.1, \"log\": true}}"}
{"op_code":5,"worker_id":"02696459-71bc-44b3-b89b-add58d470bda-140062064023360","trial_id":8,"param_name":"dropout","param_value_internal":0.22600495808066096,"distribution":"{\"name\": \"FloatDistribution\", \"attributes\": {\"step\": null, \"low\": 0.0, \"high\": 0.5, \"log\": false}}"}
{"op_code":5,"worker_id":"02696459-71bc-44b3-b89b-add58d470bda-140062064023360","trial_id":8,"param_name":"layers","param_value_internal":2.0,"distribution":"{\"name\": \"IntDistribution\", \"attributes\": {\"log\": false, \"step\": 1, \"low\": 1, \"high\": 3}}"}
{"op_code":5,"worker_id":"02696459-71bc-44b3-b89b-add58d470bda-140062064023360","trial_id":8,"param_name":"nodes","param_value_internal":2,"distribution":"{\"name\": \"CategoricalDistribution\", \"attributes\": {\"choices\": [32, 64, 128]}}"}
{"op_code":6,"worker_id":"02696459-71bc-44b3-b89b-add58d470bda-140062064023360","trial_id":8,"state":1,"values":[0.6670268107242897],"datetime_complete":"2026-04-14T12:06:17.535855"}
{"op_code":4,"worker_id":"02696459-71bc-44b3-b89b-add58d470bda-140062064023360","study_id":0,"datetime_start":"2026-04-14T12:06:17.562305"}
{"op_code":5,"worker_id":"02696459-71bc-44b3-b89b-add58d470bda-140062064023360","trial_id":9,"param_name":"lr","param_value_internal":0.004732440249860942,"distribution":"{\"name\": \"FloatDistribution\", \"attributes\": {\"step\": null, \"low\": 0.0001, \"high\": 0.1, \"log\": true}}"}
{"op_code":5,"worker_id":"02696459-71bc-44b3-b89b-add58d470bda-140062064023360","trial_id":9,"param_name":"dropout","param_value_internal":0.32062374048399905,"distribution":"{\"name\": \"FloatDistribution\", \"attributes\": {\"step\": null, \"low\": 0.0, \"high\": 0.5, \"log\": false}}"}
{"op_code":5,"worker_id":"02696459-71bc-44b3-b89b-add58d470bda-140062064023360","trial_id":9,"param_name":"layers","param_value_internal":1.0,"distribution":"{\"name\": \"IntDistribution\", \"attributes\": {\"log\": false, \"step\": 1, \"low\": 1, \"high\": 3}}"}
{"op_code":5,"worker_id":"02696459-71bc-44b3-b89b-add58d470bda-140062064023360","trial_id":9,"param_name":"nodes","param_value_internal":2,"distribution":"{\"name\": \"CategoricalDistribution\", \"attributes\": {\"choices\": [32, 64, 128]}}"}
{"op_code":6,"worker_id":"02696459-71bc-44b3-b89b-add58d470bda-140062064023360","trial_id":9,"state":1,"values":[0.6940976390556223],"datetime_complete":"2026-04-14T12:06:21.694389"}
{"op_code":4,"worker_id":"02696459-71bc-44b3-b89b-add58d470bda-140062064023360","study_id":0,"datetime_start":"2026-04-14T12:06:21.718219"}
{"op_code":5,"worker_id":"02696459-71bc-44b3-b89b-add58d470bda-140062064023360","trial_id":10,"param_name":"lr","param_value_internal":0.026528008121388596,"distribution":"{\"name\": \"FloatDistribution\", \"attributes\": {\"step\": null, \"low\": 0.0001, \"high\": 0.1, \"log\": true}}"}
{"op_code":5,"worker_id":"02696459-71bc-44b3-b89b-add58d470bda-140062064023360","trial_id":10,"param_name":"dropout","param_value_internal":0.4876669910936753,"distribution":"{\"name\": \"FloatDistribution\", \"attributes\": {\"step\": null, \"low\": 0.0, \"high\": 0.5, \"log\": false}}"}
{"op_code":5,"worker_id":"02696459-71bc-44b3-b89b-add58d470bda-140062064023360","trial_id":10,"param_name":"layers","param_value_internal":3.0,"distribution":"{\"name\": \"IntDistribution\", \"attributes\": {\"log\": false, \"step\": 1, \"low\": 1, \"high\": 3}}"}
{"op_code":5,"worker_id":"02696459-71bc-44b3-b89b-add58d470bda-140062064023360","trial_id":10,"param_name":"nodes","param_value_internal":1,"distribution":"{\"name\": \"CategoricalDistribution\", \"attributes\": {\"choices\": [32, 64, 128]}}"}
{"op_code":6,"worker_id":"02696459-71bc-44b3-b89b-add58d470bda-140062064023360","trial_id":10,"state":1,"values":[0.7297519007603042],"datetime_complete":"2026-04-14T12:06:25.722292"}
{"op_code":4,"worker_id":"02696459-71bc-44b3-b89b-add58d470bda-140062064023360","study_id":0,"datetime_start":"2026-04-14T12:06:25.748079"}
{"op_code":5,"worker_id":"02696459-71bc-44b3-b89b-add58d470bda-140062064023360","trial_id":11,"param_name":"lr","param_value_internal":0.026015880590735684,"distribution":"{\"name\": \"FloatDistribution\", \"attributes\": {\"step\": null, \"low\": 0.0001, \"high\": 0.1, \"log\": true}}"}
{"op_code":5,"worker_id":"02696459-71bc-44b3-b89b-add58d470bda-140062064023360","trial_id":11,"param_name":"dropout","param_value_internal":0.49872952140384524,"distribution":"{\"name\": \"FloatDistribution\", \"attributes\": {\"step\": null, \"low\": 0.0, \"high\": 0.5, \"log\": false}}"}
{"op_code":5,"worker_id":"02696459-71bc-44b3-b89b-add58d470bda-140062064023360","trial_id":11,"param_name":"layers","param_value_internal":3.0,"distribution":"{\"name\": \"IntDistribution\", \"attributes\": {\"log\": false, \"step\": 1, \"low\": 1, \"high\": 3}}"}
{"op_code":5,"worker_id":"02696459-71bc-44b3-b89b-add58d470bda-140062064023360","trial_id":11,"param_name":"nodes","param_value_internal":1,"distribution":"{\"name\": \"CategoricalDistribution\", \"attributes\": {\"choices\": [32, 64, 128]}}"}
{"op_code":6,"worker_id":"02696459-71bc-44b3-b89b-add58d470bda-140062064023360","trial_id":11,"state":1,"values":[0.706422569027611],"datetime_complete":"2026-04-14T12:06:29.734826"}
{"op_code":4,"worker_id":"02696459-71bc-44b3-b89b-add58d470bda-140062064023360","study_id":0,"datetime_start":"2026-04-14T12:06:29.769807"}
{"op_code":5,"worker_id":"02696459-71bc-44b3-b89b-add58d470bda-140062064023360","trial_id":12,"param_name":"lr","param_value_internal":0.054530397281703766,"distribution":"{\"name\": \"FloatDistribution\", \"attributes\": {\"step\": null, \"low\": 0.0001, \"high\": 0.1, \"log\": true}}"}
{"op_code":5,"worker_id":"02696459-71bc-44b3-b89b-add58d470bda-140062064023360","trial_id":12,"param_name":"dropout","param_value_internal":0.4817954761411685,"distribution":"{\"name\": \"FloatDistribution\", \"attributes\": {\"step\": null, \"low\": 0.0, \"high\": 0.5, \"log\": false}}"}
{"op_code":5,"worker_id":"02696459-71bc-44b3-b89b-add58d470bda-140062064023360","trial_id":12,"param_name":"layers","param_value_internal":3.0,"distribution":"{\"name\": \"IntDistribution\", \"attributes\": {\"log\": false, \"step\": 1, \"low\": 1, \"high\": 3}}"}
{"op_code":5,"worker_id":"02696459-71bc-44b3-b89b-add58d470bda-140062064023360","trial_id":12,"param_name":"nodes","param_value_internal":1,"distribution":"{\"name\": \"CategoricalDistribution\", \"attributes\": {\"choices\": [32, 64, 128]}}"}
{"op_code":6,"worker_id":"02696459-71bc-44b3-b89b-add58d470bda-140062064023360","trial_id":12,"state":1,"values":[0.701280512204882],"datetime_complete":"2026-04-14T12:06:34.058222"}
{"op_code":4,"worker_id":"02696459-71bc-44b3-b89b-add58d470bda-140062064023360","study_id":0,"datetime_start":"2026-04-14T12:06:34.078946"}
{"op_code":5,"worker_id":"02696459-71bc-44b3-b89b-add58d470bda-140062064023360","trial_id":13,"param_name":"lr","param_value_internal":0.022012005078951076,"distribution":"{\"name\": \"FloatDistribution\", \"attributes\": {\"step\": null, \"low\": 0.0001, \"high\": 0.1, \"log\": true}}"}
{"op_code":5,"worker_id":"02696459-71bc-44b3-b89b-add58d470bda-140062064023360","trial_id":13,"param_name":"dropout","param_value_internal":0.3942835404350916,"distribution":"{\"name\": \"FloatDistribution\", \"attributes\": {\"step\": null, \"low\": 0.0, \"high\": 0.5, \"log\": false}}"}
{"op_code":5,"worker_id":"02696459-71bc-44b3-b89b-add58d470bda-140062064023360","trial_id":13,"param_name":"layers","param_value_internal":3.0,"distribution":"{\"name\": \"IntDistribution\", \"attributes\": {\"log\": false, \"step\": 1, \"low\": 1, \"high\": 3}}"}
{"op_code":5,"worker_id":"02696459-71bc-44b3-b89b-add58d470bda-140062064023360","trial_id":13,"param_name":"nodes","param_value_internal":1,"distribution":"{\"name\": \"CategoricalDistribution\", \"attributes\": {\"choices\": [32, 64, 128]}}"}
{"op_code":6,"worker_id":"02696459-71bc-44b3-b89b-add58d470bda-140062064023360","trial_id":13,"state":1,"values":[0.7136454581832733],"datetime_complete":"2026-04-14T12:06:38.155961"}
{"op_code":4,"worker_id":"02696459-71bc-44b3-b89b-add58d470bda-140062064023360","study_id":0,"datetime_start":"2026-04-14T12:06:38.171597"}
{"op_code":5,"worker_id":"02696459-71bc-44b3-b89b-add58d470bda-140062064023360","trial_id":14,"param_name":"lr","param_value_internal":0.017378233918399176,"distribution":"{\"name\": \"FloatDistribution\", \"attributes\": {\"step\": null, \"low\": 0.0001, \"high\": 0.1, \"log\": true}}"}
{"op_code":5,"worker_id":"02696459-71bc-44b3-b89b-add58d470bda-140062064023360","trial_id":14,"param_name":"dropout","param_value_internal":0.3823242963455219,"distribution":"{\"name\": \"FloatDistribution\", \"attributes\": {\"step\": null, \"low\": 0.0, \"high\": 0.5, \"log\": false}}"}
{"op_code":5,"worker_id":"02696459-71bc-44b3-b89b-add58d470bda-140062064023360","trial_id":14,"param_name":"layers","param_value_internal":3.0,"distribution":"{\"name\": \"IntDistribution\", \"attributes\": {\"log\": false, \"step\": 1, \"low\": 1, \"high\": 3}}"}
{"op_code":5,"worker_id":"02696459-71bc-44b3-b89b-add58d470bda-140062064023360","trial_id":14,"param_name":"nodes","param_value_internal":1,"distribution":"{\"name\": \"CategoricalDistribution\", \"attributes\": {\"choices\": [32, 64, 128]}}"}
{"op_code":6,"worker_id":"02696459-71bc-44b3-b89b-add58d470bda-140062064023360","trial_id":14,"state":1,"values":[0.714045618247299],"datetime_complete":"2026-04-14T12:06:42.293507"}
{"op_code":4,"worker_id":"02696459-71bc-44b3-b89b-add58d470bda-140062064023360","study_id":0,"datetime_start":"2026-04-14T12:06:42.318285"}
{"op_code":5,"worker_id":"02696459-71bc-44b3-b89b-add58d470bda-140062064023360","trial_id":15,"param_name":"lr","param_value_internal":0.012892708405365006,"distribution":"{\"name\": \"FloatDistribution\", \"attributes\": {\"step\": null, \"low\": 0.0001, \"high\": 0.1, \"log\": true}}"}
{"op_code":5,"worker_id":"02696459-71bc-44b3-b89b-add58d470bda-140062064023360","trial_id":15,"param_name":"dropout","param_value_internal":0.3873834334100251,"distribution":"{\"name\": \"FloatDistribution\", \"attributes\": {\"step\": null, \"low\": 0.0, \"high\": 0.5, \"log\": false}}"}
{"op_code":5,"worker_id":"02696459-71bc-44b3-b89b-add58d470bda-140062064023360","trial_id":15,"param_name":"layers","param_value_internal":3.0,"distribution":"{\"name\": \"IntDistribution\", \"attributes\": {\"log\": false, \"step\": 1, \"low\": 1, \"high\": 3}}"}
{"op_code":5,"worker_id":"02696459-71bc-44b3-b89b-add58d470bda-140062064023360","trial_id":15,"param_name":"nodes","param_value_internal":1,"distribution":"{\"name\": \"CategoricalDistribution\", \"attributes\": {\"choices\": [32, 64, 128]}}"}
{"op_code":6,"worker_id":"02696459-71bc-44b3-b89b-add58d470bda-140062064023360","trial_id":15,"state":1,"values":[0.7267907162865146],"datetime_complete":"2026-04-14T12:06:46.461615"}
{"op_code":4,"worker_id":"02696459-71bc-44b3-b89b-add58d470bda-140062064023360","study_id":0,"datetime_start":"2026-04-14T12:06:46.479777"}
{"op_code":5,"worker_id":"02696459-71bc-44b3-b89b-add58d470bda-140062064023360","trial_id":16,"param_name":"lr","param_value_internal":0.010876585637718235,"distribution":"{\"name\": \"FloatDistribution\", \"attributes\": {\"step\": null, \"low\": 0.0001, \"high\": 0.1, \"log\": true}}"}
{"op_code":5,"worker_id":"02696459-71bc-44b3-b89b-add58d470bda-140062064023360","trial_id":16,"param_name":"dropout","param_value_internal":0.37717404864363097,"distribution":"{\"name\": \"FloatDistribution\", \"attributes\": {\"step\": null, \"low\": 0.0, \"high\": 0.5, \"log\": false}}"}
{"op_code":5,"worker_id":"02696459-71bc-44b3-b89b-add58d470bda-140062064023360","trial_id":16,"param_name":"layers","param_value_internal":3.0,"distribution":"{\"name\": \"IntDistribution\", \"attributes\": {\"log\": false, \"step\": 1, \"low\": 1, \"high\": 3}}"}
{"op_code":5,"worker_id":"02696459-71bc-44b3-b89b-add58d470bda-140062064023360","trial_id":16,"param_name":"nodes","param_value_internal":1,"distribution":"{\"name\": \"CategoricalDistribution\", \"attributes\": {\"choices\": [32, 64, 128]}}"}
{"op_code":6,"worker_id":"02696459-71bc-44b3-b89b-add58d470bda-140062064023360","trial_id":16,"state":1,"values":[0.6979991996798719],"datetime_complete":"2026-04-14T12:06:50.634437"}
{"op_code":4,"worker_id":"02696459-71bc-44b3-b89b-add58d470bda-140062064023360","study_id":0,"datetime_start":"2026-04-14T12:06:50.652350"}
{"op_code":5,"worker_id":"02696459-71bc-44b3-b89b-add58d470bda-140062064023360","trial_id":17,"param_name":"lr","param_value_internal":0.0012360701145866986,"distribution":"{\"name\": \"FloatDistribution\", \"attributes\": {\"step\": null, \"low\": 0.0001, \"high\": 0.1, \"log\": true}}"}
{"op_code":5,"worker_id":"02696459-71bc-44b3-b89b-add58d470bda-140062064023360","trial_id":17,"param_name":"dropout","param_value_internal":0.1535382447502663,"distribution":"{\"name\": \"FloatDistribution\", \"attributes\": {\"step\": null, \"low\": 0.0, \"high\": 0.5, \"log\": false}}"}
{"op_code":5,"worker_id":"02696459-71bc-44b3-b89b-add58d470bda-140062064023360","trial_id":17,"param_name":"layers","param_value_internal":3.0,"distribution":"{\"name\": \"IntDistribution\", \"attributes\": {\"log\": false, \"step\": 1, \"low\": 1, \"high\": 3}}"}
{"op_code":5,"worker_id":"02696459-71bc-44b3-b89b-add58d470bda-140062064023360","trial_id":17,"param_name":"nodes","param_value_internal":1,"distribution":"{\"name\": \"CategoricalDistribution\", \"attributes\": {\"choices\": [32, 64, 128]}}"}
{"op_code":6,"worker_id":"02696459-71bc-44b3-b89b-add58d470bda-140062064023360","trial_id":17,"state":1,"values":[0.6983793517406963],"datetime_complete":"2026-04-14T12:06:55.579035"}
{"op_code":4,"worker_id":"02696459-71bc-44b3-b89b-add58d470bda-140062064023360","study_id":0,"datetime_start":"2026-04-14T12:06:55.601551"}
{"op_code":5,"worker_id":"02696459-71bc-44b3-b89b-add58d470bda-140062064023360","trial_id":18,"param_name":"lr","param_value_internal":0.0013042996446674079,"distribution":"{\"name\": \"FloatDistribution\", \"attributes\": {\"step\": null, \"low\": 0.0001, \"high\": 0.1, \"log\": true}}"}
{"op_code":5,"worker_id":"02696459-71bc-44b3-b89b-add58d470bda-140062064023360","trial_id":18,"param_name":"dropout","param_value_internal":0.4501084376768967,"distribution":"{\"name\": \"FloatDistribution\", \"attributes\": {\"step\": null, \"low\": 0.0, \"high\": 0.5, \"log\": false}}"}
{"op_code":5,"worker_id":"02696459-71bc-44b3-b89b-add58d470bda-140062064023360","trial_id":18,"param_name":"layers","param_value_internal":3.0,"distribution":"{\"name\": \"IntDistribution\", \"attributes\": {\"log\": false, \"step\": 1, \"low\": 1, \"high\": 3}}"}
{"op_code":5,"worker_id":"02696459-71bc-44b3-b89b-add58d470bda-140062064023360","trial_id":18,"param_name":"nodes","param_value_internal":1,"distribution":"{\"name\": \"CategoricalDistribution\", \"attributes\": {\"choices\": [32, 64, 128]}}"}
{"op_code":6,"worker_id":"02696459-71bc-44b3-b89b-add58d470bda-140062064023360","trial_id":18,"state":1,"values":[0.6925570228091237],"datetime_complete":"2026-04-14T12:06:59.560090"}
{"op_code":4,"worker_id":"02696459-71bc-44b3-b89b-add58d470bda-140062064023360","study_id":0,"datetime_start":"2026-04-14T12:06:59.584858"}
{"op_code":5,"worker_id":"02696459-71bc-44b3-b89b-add58d470bda-140062064023360","trial_id":19,"param_name":"lr","param_value_internal":0.06176726751745186,"distribution":"{\"name\": \"FloatDistribution\", \"attributes\": {\"step\": null, \"low\": 0.0001, \"high\": 0.1, \"log\": true}}"}
{"op_code":5,"worker_id":"02696459-71bc-44b3-b89b-add58d470bda-140062064023360","trial_id":19,"param_name":"dropout","param_value_internal":0.34487044354464363,"distribution":"{\"name\": \"FloatDistribution\", \"attributes\": {\"step\": null, \"low\": 0.0, \"high\": 0.5, \"log\": false}}"}
{"op_code":5,"worker_id":"02696459-71bc-44b3-b89b-add58d470bda-140062064023360","trial_id":19,"param_name":"layers","param_value_internal":3.0,"distribution":"{\"name\": \"IntDistribution\", \"attributes\": {\"log\": false, \"step\": 1, \"low\": 1, \"high\": 3}}"}
{"op_code":5,"worker_id":"02696459-71bc-44b3-b89b-add58d470bda-140062064023360","trial_id":19,"param_name":"nodes","param_value_internal":1,"distribution":"{\"name\": \"CategoricalDistribution\", \"attributes\": {\"choices\": [32, 64, 128]}}"}
{"op_code":6,"worker_id":"02696459-71bc-44b3-b89b-add58d470bda-140062064023360","trial_id":19,"state":1,"values":[0.7027611044417768],"datetime_complete":"2026-04-14T12:07:03.872593"}
