{"op_code":0,"worker_id":"31bf5364-83ea-49d1-a498-ed592e1a3e4c-140485451474752","study_name":"deepsurv_tuning","directions":[2]}
{"op_code":4,"worker_id":"31bf5364-83ea-49d1-a498-ed592e1a3e4c-140485451474752","study_id":0,"datetime_start":"2026-04-06T09:58:20.108111"}
{"op_code":5,"worker_id":"31bf5364-83ea-49d1-a498-ed592e1a3e4c-140485451474752","trial_id":0,"param_name":"lr","param_value_internal":0.000590545570921332,"distribution":"{\"name\": \"FloatDistribution\", \"attributes\": {\"step\": null, \"low\": 0.0001, \"high\": 0.1, \"log\": true}}"}
{"op_code":5,"worker_id":"31bf5364-83ea-49d1-a498-ed592e1a3e4c-140485451474752","trial_id":0,"param_name":"dropout","param_value_internal":0.352393030655157,"distribution":"{\"name\": \"FloatDistribution\", \"attributes\": {\"step\": null, \"low\": 0.0, \"high\": 0.5, \"log\": false}}"}
{"op_code":5,"worker_id":"31bf5364-83ea-49d1-a498-ed592e1a3e4c-140485451474752","trial_id":0,"param_name":"layers","param_value_internal":1,"distribution":"{\"name\": \"CategoricalDistribution\", \"attributes\": {\"choices\": [1, 2, 3]}}"}
{"op_code":5,"worker_id":"31bf5364-83ea-49d1-a498-ed592e1a3e4c-140485451474752","trial_id":0,"param_name":"nodes","param_value_internal":1,"distribution":"{\"name\": \"CategoricalDistribution\", \"attributes\": {\"choices\": [16, 32, 64]}}"}
{"op_code":6,"worker_id":"31bf5364-83ea-49d1-a498-ed592e1a3e4c-140485451474752","trial_id":0,"state":1,"values":[0.9193583209320616],"datetime_complete":"2026-04-06T09:58:22.025884"}
{"op_code":4,"worker_id":"31bf5364-83ea-49d1-a498-ed592e1a3e4c-140485451474752","study_id":0,"datetime_start":"2026-04-06T09:58:22.057612"}
{"op_code":5,"worker_id":"31bf5364-83ea-49d1-a498-ed592e1a3e4c-140485451474752","trial_id":1,"param_name":"lr","param_value_internal":0.0005908821721681484,"distribution":"{\"name\": \"FloatDistribution\", \"attributes\": {\"step\": null, \"low\": 0.0001, \"high\": 0.1, \"log\": true}}"}
{"op_code":5,"worker_id":"31bf5364-83ea-49d1-a498-ed592e1a3e4c-140485451474752","trial_id":1,"param_name":"dropout","param_value_internal":0.465105527401997,"distribution":"{\"name\": \"FloatDistribution\", \"attributes\": {\"step\": null, \"low\": 0.0, \"high\": 0.5, \"log\": false}}"}
{"op_code":5,"worker_id":"31bf5364-83ea-49d1-a498-ed592e1a3e4c-140485451474752","trial_id":1,"param_name":"layers","param_value_internal":1,"distribution":"{\"name\": \"CategoricalDistribution\", \"attributes\": {\"choices\": [1, 2, 3]}}"}
{"op_code":5,"worker_id":"31bf5364-83ea-49d1-a498-ed592e1a3e4c-140485451474752","trial_id":1,"param_name":"nodes","param_value_internal":2,"distribution":"{\"name\": \"CategoricalDistribution\", \"attributes\": {\"choices\": [16, 32, 64]}}"}
{"op_code":6,"worker_id":"31bf5364-83ea-49d1-a498-ed592e1a3e4c-140485451474752","trial_id":1,"state":1,"values":[0.9239808467819663],"datetime_complete":"2026-04-06T09:58:24.005901"}
{"op_code":4,"worker_id":"31bf5364-83ea-49d1-a498-ed592e1a3e4c-140485451474752","study_id":0,"datetime_start":"2026-04-06T09:58:24.020342"}
{"op_code":5,"worker_id":"31bf5364-83ea-49d1-a498-ed592e1a3e4c-140485451474752","trial_id":2,"param_name":"lr","param_value_internal":0.000616369513035197,"distribution":"{\"name\": \"FloatDistribution\", \"attributes\": {\"step\": null, \"low\": 0.0001, \"high\": 0.1, \"log\": true}}"}
{"op_code":5,"worker_id":"31bf5364-83ea-49d1-a498-ed592e1a3e4c-140485451474752","trial_id":2,"param_name":"dropout","param_value_internal":0.21162157397119458,"distribution":"{\"name\": \"FloatDistribution\", \"attributes\": {\"step\": null, \"low\": 0.0, \"high\": 0.5, \"log\": false}}"}
{"op_code":5,"worker_id":"31bf5364-83ea-49d1-a498-ed592e1a3e4c-140485451474752","trial_id":2,"param_name":"layers","param_value_internal":1,"distribution":"{\"name\": \"CategoricalDistribution\", \"attributes\": {\"choices\": [1, 2, 3]}}"}
{"op_code":5,"worker_id":"31bf5364-83ea-49d1-a498-ed592e1a3e4c-140485451474752","trial_id":2,"param_name":"nodes","param_value_internal":2,"distribution":"{\"name\": \"CategoricalDistribution\", \"attributes\": {\"choices\": [16, 32, 64]}}"}
{"op_code":6,"worker_id":"31bf5364-83ea-49d1-a498-ed592e1a3e4c-140485451474752","trial_id":2,"state":1,"values":[0.9248444379332413],"datetime_complete":"2026-04-06T09:58:25.898172"}
{"op_code":4,"worker_id":"31bf5364-83ea-49d1-a498-ed592e1a3e4c-140485451474752","study_id":0,"datetime_start":"2026-04-06T09:58:25.923220"}
{"op_code":5,"worker_id":"31bf5364-83ea-49d1-a498-ed592e1a3e4c-140485451474752","trial_id":3,"param_name":"lr","param_value_internal":0.0006974209465527216,"distribution":"{\"name\": \"FloatDistribution\", \"attributes\": {\"step\": null, \"low\": 0.0001, \"high\": 0.1, \"log\": true}}"}
{"op_code":5,"worker_id":"31bf5364-83ea-49d1-a498-ed592e1a3e4c-140485451474752","trial_id":3,"param_name":"dropout","param_value_internal":0.1552530849208873,"distribution":"{\"name\": \"FloatDistribution\", \"attributes\": {\"step\": null, \"low\": 0.0, \"high\": 0.5, \"log\": false}}"}
{"op_code":5,"worker_id":"31bf5364-83ea-49d1-a498-ed592e1a3e4c-140485451474752","trial_id":3,"param_name":"layers","param_value_internal":0,"distribution":"{\"name\": \"CategoricalDistribution\", \"attributes\": {\"choices\": [1, 2, 3]}}"}
{"op_code":5,"worker_id":"31bf5364-83ea-49d1-a498-ed592e1a3e4c-140485451474752","trial_id":3,"param_name":"nodes","param_value_internal":1,"distribution":"{\"name\": \"CategoricalDistribution\", \"attributes\": {\"choices\": [16, 32, 64]}}"}
{"op_code":6,"worker_id":"31bf5364-83ea-49d1-a498-ed592e1a3e4c-140485451474752","trial_id":3,"state":1,"values":[0.9210855032346115],"datetime_complete":"2026-04-06T09:58:27.526395"}
{"op_code":4,"worker_id":"31bf5364-83ea-49d1-a498-ed592e1a3e4c-140485451474752","study_id":0,"datetime_start":"2026-04-06T09:58:27.545565"}
{"op_code":5,"worker_id":"31bf5364-83ea-49d1-a498-ed592e1a3e4c-140485451474752","trial_id":4,"param_name":"lr","param_value_internal":0.008051232038587625,"distribution":"{\"name\": \"FloatDistribution\", \"attributes\": {\"step\": null, \"low\": 0.0001, \"high\": 0.1, \"log\": true}}"}
{"op_code":5,"worker_id":"31bf5364-83ea-49d1-a498-ed592e1a3e4c-140485451474752","trial_id":4,"param_name":"dropout","param_value_internal":0.10259598293498468,"distribution":"{\"name\": \"FloatDistribution\", \"attributes\": {\"step\": null, \"low\": 0.0, \"high\": 0.5, \"log\": false}}"}
{"op_code":5,"worker_id":"31bf5364-83ea-49d1-a498-ed592e1a3e4c-140485451474752","trial_id":4,"param_name":"layers","param_value_internal":0,"distribution":"{\"name\": \"CategoricalDistribution\", \"attributes\": {\"choices\": [1, 2, 3]}}"}
{"op_code":5,"worker_id":"31bf5364-83ea-49d1-a498-ed592e1a3e4c-140485451474752","trial_id":4,"param_name":"nodes","param_value_internal":0,"distribution":"{\"name\": \"CategoricalDistribution\", \"attributes\": {\"choices\": [16, 32, 64]}}"}
{"op_code":6,"worker_id":"31bf5364-83ea-49d1-a498-ed592e1a3e4c-140485451474752","trial_id":4,"state":1,"values":[0.9254497228026617],"datetime_complete":"2026-04-06T09:58:29.197183"}
{"op_code":4,"worker_id":"31bf5364-83ea-49d1-a498-ed592e1a3e4c-140485451474752","study_id":0,"datetime_start":"2026-04-06T09:58:29.212826"}
{"op_code":5,"worker_id":"31bf5364-83ea-49d1-a498-ed592e1a3e4c-140485451474752","trial_id":5,"param_name":"lr","param_value_internal":0.0008955715757418808,"distribution":"{\"name\": \"FloatDistribution\", \"attributes\": {\"step\": null, \"low\": 0.0001, \"high\": 0.1, \"log\": true}}"}
{"op_code":5,"worker_id":"31bf5364-83ea-49d1-a498-ed592e1a3e4c-140485451474752","trial_id":5,"param_name":"dropout","param_value_internal":0.12655994096453843,"distribution":"{\"name\": \"FloatDistribution\", \"attributes\": {\"step\": null, \"low\": 0.0, \"high\": 0.5, \"log\": false}}"}
{"op_code":5,"worker_id":"31bf5364-83ea-49d1-a498-ed592e1a3e4c-140485451474752","trial_id":5,"param_name":"layers","param_value_internal":0,"distribution":"{\"name\": \"CategoricalDistribution\", \"attributes\": {\"choices\": [1, 2, 3]}}"}
{"op_code":5,"worker_id":"31bf5364-83ea-49d1-a498-ed592e1a3e4c-140485451474752","trial_id":5,"param_name":"nodes","param_value_internal":0,"distribution":"{\"name\": \"CategoricalDistribution\", \"attributes\": {\"choices\": [16, 32, 64]}}"}
{"op_code":6,"worker_id":"31bf5364-83ea-49d1-a498-ed592e1a3e4c-140485451474752","trial_id":5,"state":1,"values":[0.9203568482007233],"datetime_complete":"2026-04-06T09:58:30.817782"}
{"op_code":4,"worker_id":"31bf5364-83ea-49d1-a498-ed592e1a3e4c-140485451474752","study_id":0,"datetime_start":"2026-04-06T09:58:30.837649"}
{"op_code":5,"worker_id":"31bf5364-83ea-49d1-a498-ed592e1a3e4c-140485451474752","trial_id":6,"param_name":"lr","param_value_internal":0.0005202592426450339,"distribution":"{\"name\": \"FloatDistribution\", \"attributes\": {\"step\": null, \"low\": 0.0001, \"high\": 0.1, \"log\": true}}"}
{"op_code":5,"worker_id":"31bf5364-83ea-49d1-a498-ed592e1a3e4c-140485451474752","trial_id":6,"param_name":"dropout","param_value_internal":0.45433994031984454,"distribution":"{\"name\": \"FloatDistribution\", \"attributes\": {\"step\": null, \"low\": 0.0, \"high\": 0.5, \"log\": false}}"}
{"op_code":5,"worker_id":"31bf5364-83ea-49d1-a498-ed592e1a3e4c-140485451474752","trial_id":6,"param_name":"layers","param_value_internal":1,"distribution":"{\"name\": \"CategoricalDistribution\", \"attributes\": {\"choices\": [1, 2, 3]}}"}
{"op_code":5,"worker_id":"31bf5364-83ea-49d1-a498-ed592e1a3e4c-140485451474752","trial_id":6,"param_name":"nodes","param_value_internal":0,"distribution":"{\"name\": \"CategoricalDistribution\", \"attributes\": {\"choices\": [16, 32, 64]}}"}
{"op_code":6,"worker_id":"31bf5364-83ea-49d1-a498-ed592e1a3e4c-140485451474752","trial_id":6,"state":1,"values":[0.9127040426860769],"datetime_complete":"2026-04-06T09:58:32.775551"}
{"op_code":4,"worker_id":"31bf5364-83ea-49d1-a498-ed592e1a3e4c-140485451474752","study_id":0,"datetime_start":"2026-04-06T09:58:32.797362"}
{"op_code":5,"worker_id":"31bf5364-83ea-49d1-a498-ed592e1a3e4c-140485451474752","trial_id":7,"param_name":"lr","param_value_internal":0.007857709697431155,"distribution":"{\"name\": \"FloatDistribution\", \"attributes\": {\"step\": null, \"low\": 0.0001, \"high\": 0.1, \"log\": true}}"}
{"op_code":5,"worker_id":"31bf5364-83ea-49d1-a498-ed592e1a3e4c-140485451474752","trial_id":7,"param_name":"dropout","param_value_internal":0.4677909605574613,"distribution":"{\"name\": \"FloatDistribution\", \"attributes\": {\"step\": null, \"low\": 0.0, \"high\": 0.5, \"log\": false}}"}
{"op_code":5,"worker_id":"31bf5364-83ea-49d1-a498-ed592e1a3e4c-140485451474752","trial_id":7,"param_name":"layers","param_value_internal":1,"distribution":"{\"name\": \"CategoricalDistribution\", \"attributes\": {\"choices\": [1, 2, 3]}}"}
{"op_code":5,"worker_id":"31bf5364-83ea-49d1-a498-ed592e1a3e4c-140485451474752","trial_id":7,"param_name":"nodes","param_value_internal":2,"distribution":"{\"name\": \"CategoricalDistribution\", \"attributes\": {\"choices\": [16, 32, 64]}}"}
{"op_code":6,"worker_id":"31bf5364-83ea-49d1-a498-ed592e1a3e4c-140485451474752","trial_id":7,"state":1,"values":[0.9253340632734731],"datetime_complete":"2026-04-06T09:58:34.675067"}
{"op_code":4,"worker_id":"31bf5364-83ea-49d1-a498-ed592e1a3e4c-140485451474752","study_id":0,"datetime_start":"2026-04-06T09:58:34.697107"}
{"op_code":5,"worker_id":"31bf5364-83ea-49d1-a498-ed592e1a3e4c-140485451474752","trial_id":8,"param_name":"lr","param_value_internal":0.0001967666461246237,"distribution":"{\"name\": \"FloatDistribution\", \"attributes\": {\"step\": null, \"low\": 0.0001, \"high\": 0.1, \"log\": true}}"}
{"op_code":5,"worker_id":"31bf5364-83ea-49d1-a498-ed592e1a3e4c-140485451474752","trial_id":8,"param_name":"dropout","param_value_internal":0.48556782732299925,"distribution":"{\"name\": \"FloatDistribution\", \"attributes\": {\"step\": null, \"low\": 0.0, \"high\": 0.5, \"log\": false}}"}
{"op_code":5,"worker_id":"31bf5364-83ea-49d1-a498-ed592e1a3e4c-140485451474752","trial_id":8,"param_name":"layers","param_value_internal":0,"distribution":"{\"name\": \"CategoricalDistribution\", \"attributes\": {\"choices\": [1, 2, 3]}}"}
{"op_code":5,"worker_id":"31bf5364-83ea-49d1-a498-ed592e1a3e4c-140485451474752","trial_id":8,"param_name":"nodes","param_value_internal":0,"distribution":"{\"name\": \"CategoricalDistribution\", \"attributes\": {\"choices\": [16, 32, 64]}}"}
{"op_code":6,"worker_id":"31bf5364-83ea-49d1-a498-ed592e1a3e4c-140485451474752","trial_id":8,"state":1,"values":[0.8206005042755473],"datetime_complete":"2026-04-06T09:58:36.270903"}
{"op_code":4,"worker_id":"31bf5364-83ea-49d1-a498-ed592e1a3e4c-140485451474752","study_id":0,"datetime_start":"2026-04-06T09:58:36.293306"}
{"op_code":5,"worker_id":"31bf5364-83ea-49d1-a498-ed592e1a3e4c-140485451474752","trial_id":9,"param_name":"lr","param_value_internal":0.05547642390629925,"distribution":"{\"name\": \"FloatDistribution\", \"attributes\": {\"step\": null, \"low\": 0.0001, \"high\": 0.1, \"log\": true}}"}
{"op_code":5,"worker_id":"31bf5364-83ea-49d1-a498-ed592e1a3e4c-140485451474752","trial_id":9,"param_name":"dropout","param_value_internal":0.1629466556128229,"distribution":"{\"name\": \"FloatDistribution\", \"attributes\": {\"step\": null, \"low\": 0.0, \"high\": 0.5, \"log\": false}}"}
{"op_code":5,"worker_id":"31bf5364-83ea-49d1-a498-ed592e1a3e4c-140485451474752","trial_id":9,"param_name":"layers","param_value_internal":2,"distribution":"{\"name\": \"CategoricalDistribution\", \"attributes\": {\"choices\": [1, 2, 3]}}"}
{"op_code":5,"worker_id":"31bf5364-83ea-49d1-a498-ed592e1a3e4c-140485451474752","trial_id":9,"param_name":"nodes","param_value_internal":0,"distribution":"{\"name\": \"CategoricalDistribution\", \"attributes\": {\"choices\": [16, 32, 64]}}"}
{"op_code":6,"worker_id":"31bf5364-83ea-49d1-a498-ed592e1a3e4c-140485451474752","trial_id":9,"state":1,"values":[0.9263325905421348],"datetime_complete":"2026-04-06T09:58:38.522611"}
{"op_code":4,"worker_id":"31bf5364-83ea-49d1-a498-ed592e1a3e4c-140485451474752","study_id":0,"datetime_start":"2026-04-06T09:58:38.542158"}
{"op_code":5,"worker_id":"31bf5364-83ea-49d1-a498-ed592e1a3e4c-140485451474752","trial_id":10,"param_name":"lr","param_value_internal":0.05000048988648737,"distribution":"{\"name\": \"FloatDistribution\", \"attributes\": {\"step\": null, \"low\": 0.0001, \"high\": 0.1, \"log\": true}}"}
{"op_code":5,"worker_id":"31bf5364-83ea-49d1-a498-ed592e1a3e4c-140485451474752","trial_id":10,"param_name":"dropout","param_value_internal":0.022509212604419432,"distribution":"{\"name\": \"FloatDistribution\", \"attributes\": {\"step\": null, \"low\": 0.0, \"high\": 0.5, \"log\": false}}"}
{"op_code":5,"worker_id":"31bf5364-83ea-49d1-a498-ed592e1a3e4c-140485451474752","trial_id":10,"param_name":"layers","param_value_internal":2,"distribution":"{\"name\": \"CategoricalDistribution\", \"attributes\": {\"choices\": [1, 2, 3]}}"}
{"op_code":5,"worker_id":"31bf5364-83ea-49d1-a498-ed592e1a3e4c-140485451474752","trial_id":10,"param_name":"nodes","param_value_internal":0,"distribution":"{\"name\": \"CategoricalDistribution\", \"attributes\": {\"choices\": [16, 32, 64]}}"}
{"op_code":6,"worker_id":"31bf5364-83ea-49d1-a498-ed592e1a3e4c-140485451474752","trial_id":10,"state":1,"values":[0.923040149277899],"datetime_complete":"2026-04-06T09:58:40.688491"}
{"op_code":4,"worker_id":"31bf5364-83ea-49d1-a498-ed592e1a3e4c-140485451474752","study_id":0,"datetime_start":"2026-04-06T09:58:40.713068"}
{"op_code":5,"worker_id":"31bf5364-83ea-49d1-a498-ed592e1a3e4c-140485451474752","trial_id":11,"param_name":"lr","param_value_internal":0.0924148766305077,"distribution":"{\"name\": \"FloatDistribution\", \"attributes\": {\"step\": null, \"low\": 0.0001, \"high\": 0.1, \"log\": true}}"}
{"op_code":5,"worker_id":"31bf5364-83ea-49d1-a498-ed592e1a3e4c-140485451474752","trial_id":11,"param_name":"dropout","param_value_internal":0.04201305798174895,"distribution":"{\"name\": \"FloatDistribution\", \"attributes\": {\"step\": null, \"low\": 0.0, \"high\": 0.5, \"log\": false}}"}
{"op_code":5,"worker_id":"31bf5364-83ea-49d1-a498-ed592e1a3e4c-140485451474752","trial_id":11,"param_name":"layers","param_value_internal":2,"distribution":"{\"name\": \"CategoricalDistribution\", \"attributes\": {\"choices\": [1, 2, 3]}}"}
{"op_code":5,"worker_id":"31bf5364-83ea-49d1-a498-ed592e1a3e4c-140485451474752","trial_id":11,"param_name":"nodes","param_value_internal":0,"distribution":"{\"name\": \"CategoricalDistribution\", \"attributes\": {\"choices\": [16, 32, 64]}}"}
{"op_code":6,"worker_id":"31bf5364-83ea-49d1-a498-ed592e1a3e4c-140485451474752","trial_id":11,"state":1,"values":[0.9243817998164868],"datetime_complete":"2026-04-06T09:58:42.969631"}
{"op_code":4,"worker_id":"31bf5364-83ea-49d1-a498-ed592e1a3e4c-140485451474752","study_id":0,"datetime_start":"2026-04-06T09:58:43.241267"}
{"op_code":5,"worker_id":"31bf5364-83ea-49d1-a498-ed592e1a3e4c-140485451474752","trial_id":12,"param_name":"lr","param_value_internal":0.01728534420506006,"distribution":"{\"name\": \"FloatDistribution\", \"attributes\": {\"step\": null, \"low\": 0.0001, \"high\": 0.1, \"log\": true}}"}
{"op_code":5,"worker_id":"31bf5364-83ea-49d1-a498-ed592e1a3e4c-140485451474752","trial_id":12,"param_name":"dropout","param_value_internal":0.2769295549068764,"distribution":"{\"name\": \"FloatDistribution\", \"attributes\": {\"step\": null, \"low\": 0.0, \"high\": 0.5, \"log\": false}}"}
{"op_code":5,"worker_id":"31bf5364-83ea-49d1-a498-ed592e1a3e4c-140485451474752","trial_id":12,"param_name":"layers","param_value_internal":2,"distribution":"{\"name\": \"CategoricalDistribution\", \"attributes\": {\"choices\": [1, 2, 3]}}"}
{"op_code":5,"worker_id":"31bf5364-83ea-49d1-a498-ed592e1a3e4c-140485451474752","trial_id":12,"param_name":"nodes","param_value_internal":0,"distribution":"{\"name\": \"CategoricalDistribution\", \"attributes\": {\"choices\": [16, 32, 64]}}"}
{"op_code":6,"worker_id":"31bf5364-83ea-49d1-a498-ed592e1a3e4c-140485451474752","trial_id":12,"state":1,"values":[0.9226565451727567],"datetime_complete":"2026-04-06T09:58:45.399991"}
{"op_code":4,"worker_id":"31bf5364-83ea-49d1-a498-ed592e1a3e4c-140485451474752","study_id":0,"datetime_start":"2026-04-06T09:58:45.419801"}
{"op_code":5,"worker_id":"31bf5364-83ea-49d1-a498-ed592e1a3e4c-140485451474752","trial_id":13,"param_name":"lr","param_value_internal":0.004288402735832509,"distribution":"{\"name\": \"FloatDistribution\", \"attributes\": {\"step\": null, \"low\": 0.0001, \"high\": 0.1, \"log\": true}}"}
{"op_code":5,"worker_id":"31bf5364-83ea-49d1-a498-ed592e1a3e4c-140485451474752","trial_id":13,"param_name":"dropout","param_value_internal":0.11087798818182529,"distribution":"{\"name\": \"FloatDistribution\", \"attributes\": {\"step\": null, \"low\": 0.0, \"high\": 0.5, \"log\": false}}"}
{"op_code":5,"worker_id":"31bf5364-83ea-49d1-a498-ed592e1a3e4c-140485451474752","trial_id":13,"param_name":"layers","param_value_internal":2,"distribution":"{\"name\": \"CategoricalDistribution\", \"attributes\": {\"choices\": [1, 2, 3]}}"}
{"op_code":5,"worker_id":"31bf5364-83ea-49d1-a498-ed592e1a3e4c-140485451474752","trial_id":13,"param_name":"nodes","param_value_internal":0,"distribution":"{\"name\": \"CategoricalDistribution\", \"attributes\": {\"choices\": [16, 32, 64]}}"}
{"op_code":6,"worker_id":"31bf5364-83ea-49d1-a498-ed592e1a3e4c-140485451474752","trial_id":13,"state":1,"values":[0.9252569569206807],"datetime_complete":"2026-04-06T09:58:47.683148"}
{"op_code":4,"worker_id":"31bf5364-83ea-49d1-a498-ed592e1a3e4c-140485451474752","study_id":0,"datetime_start":"2026-04-06T09:58:47.701738"}
{"op_code":5,"worker_id":"31bf5364-83ea-49d1-a498-ed592e1a3e4c-140485451474752","trial_id":14,"param_name":"lr","param_value_internal":0.028955868000313446,"distribution":"{\"name\": \"FloatDistribution\", \"attributes\": {\"step\": null, \"low\": 0.0001, \"high\": 0.1, \"log\": true}}"}
{"op_code":5,"worker_id":"31bf5364-83ea-49d1-a498-ed592e1a3e4c-140485451474752","trial_id":14,"param_name":"dropout","param_value_internal":0.23681030927365862,"distribution":"{\"name\": \"FloatDistribution\", \"attributes\": {\"step\": null, \"low\": 0.0, \"high\": 0.5, \"log\": false}}"}
{"op_code":5,"worker_id":"31bf5364-83ea-49d1-a498-ed592e1a3e4c-140485451474752","trial_id":14,"param_name":"layers","param_value_internal":0,"distribution":"{\"name\": \"CategoricalDistribution\", \"attributes\": {\"choices\": [1, 2, 3]}}"}
{"op_code":5,"worker_id":"31bf5364-83ea-49d1-a498-ed592e1a3e4c-140485451474752","trial_id":14,"param_name":"nodes","param_value_internal":0,"distribution":"{\"name\": \"CategoricalDistribution\", \"attributes\": {\"choices\": [16, 32, 64]}}"}
{"op_code":6,"worker_id":"31bf5364-83ea-49d1-a498-ed592e1a3e4c-140485451474752","trial_id":14,"state":1,"values":[0.9240271105936418],"datetime_complete":"2026-04-06T09:58:49.255738"}
{"op_code":4,"worker_id":"31bf5364-83ea-49d1-a498-ed592e1a3e4c-140485451474752","study_id":0,"datetime_start":"2026-04-06T09:58:52.363950"}
{"op_code":5,"worker_id":"31bf5364-83ea-49d1-a498-ed592e1a3e4c-140485451474752","trial_id":15,"param_name":"lr","param_value_internal":0.011613285732275574,"distribution":"{\"name\": \"FloatDistribution\", \"attributes\": {\"step\": null, \"low\": 0.0001, \"high\": 0.1, \"log\": true}}"}
{"op_code":5,"worker_id":"31bf5364-83ea-49d1-a498-ed592e1a3e4c-140485451474752","trial_id":15,"param_name":"dropout","param_value_internal":0.08125755569271735,"distribution":"{\"name\": \"FloatDistribution\", \"attributes\": {\"step\": null, \"low\": 0.0, \"high\": 0.5, \"log\": false}}"}
{"op_code":5,"worker_id":"31bf5364-83ea-49d1-a498-ed592e1a3e4c-140485451474752","trial_id":15,"param_name":"layers","param_value_internal":2,"distribution":"{\"name\": \"CategoricalDistribution\", \"attributes\": {\"choices\": [1, 2, 3]}}"}
{"op_code":5,"worker_id":"31bf5364-83ea-49d1-a498-ed592e1a3e4c-140485451474752","trial_id":15,"param_name":"nodes","param_value_internal":1,"distribution":"{\"name\": \"CategoricalDistribution\", \"attributes\": {\"choices\": [16, 32, 64]}}"}
{"op_code":6,"worker_id":"31bf5364-83ea-49d1-a498-ed592e1a3e4c-140485451474752","trial_id":15,"state":1,"values":[0.9252531016030411],"datetime_complete":"2026-04-06T09:58:54.602821"}
{"op_code":4,"worker_id":"31bf5364-83ea-49d1-a498-ed592e1a3e4c-140485451474752","study_id":0,"datetime_start":"2026-04-06T09:58:58.065663"}
{"op_code":5,"worker_id":"31bf5364-83ea-49d1-a498-ed592e1a3e4c-140485451474752","trial_id":16,"param_name":"lr","param_value_internal":0.0023364384232814448,"distribution":"{\"name\": \"FloatDistribution\", \"attributes\": {\"step\": null, \"low\": 0.0001, \"high\": 0.1, \"log\": true}}"}
{"op_code":5,"worker_id":"31bf5364-83ea-49d1-a498-ed592e1a3e4c-140485451474752","trial_id":16,"param_name":"dropout","param_value_internal":0.17342159275821495,"distribution":"{\"name\": \"FloatDistribution\", \"attributes\": {\"step\": null, \"low\": 0.0, \"high\": 0.5, \"log\": false}}"}
{"op_code":5,"worker_id":"31bf5364-83ea-49d1-a498-ed592e1a3e4c-140485451474752","trial_id":16,"param_name":"layers","param_value_internal":0,"distribution":"{\"name\": \"CategoricalDistribution\", \"attributes\": {\"choices\": [1, 2, 3]}}"}
{"op_code":5,"worker_id":"31bf5364-83ea-49d1-a498-ed592e1a3e4c-140485451474752","trial_id":16,"param_name":"nodes","param_value_internal":0,"distribution":"{\"name\": \"CategoricalDistribution\", \"attributes\": {\"choices\": [16, 32, 64]}}"}
{"op_code":6,"worker_id":"31bf5364-83ea-49d1-a498-ed592e1a3e4c-140485451474752","trial_id":16,"state":1,"values":[0.9221727028089844],"datetime_complete":"2026-04-06T09:58:59.681113"}
{"op_code":4,"worker_id":"31bf5364-83ea-49d1-a498-ed592e1a3e4c-140485451474752","study_id":0,"datetime_start":"2026-04-06T09:59:03.453935"}
{"op_code":5,"worker_id":"31bf5364-83ea-49d1-a498-ed592e1a3e4c-140485451474752","trial_id":17,"param_name":"lr","param_value_internal":0.09074790039400221,"distribution":"{\"name\": \"FloatDistribution\", \"attributes\": {\"step\": null, \"low\": 0.0001, \"high\": 0.1, \"log\": true}}"}
{"op_code":5,"worker_id":"31bf5364-83ea-49d1-a498-ed592e1a3e4c-140485451474752","trial_id":17,"param_name":"dropout","param_value_internal":0.3071265220335251,"distribution":"{\"name\": \"FloatDistribution\", \"attributes\": {\"step\": null, \"low\": 0.0, \"high\": 0.5, \"log\": false}}"}
{"op_code":5,"worker_id":"31bf5364-83ea-49d1-a498-ed592e1a3e4c-140485451474752","trial_id":17,"param_name":"layers","param_value_internal":2,"distribution":"{\"name\": \"CategoricalDistribution\", \"attributes\": {\"choices\": [1, 2, 3]}}"}
{"op_code":5,"worker_id":"31bf5364-83ea-49d1-a498-ed592e1a3e4c-140485451474752","trial_id":17,"param_name":"nodes","param_value_internal":0,"distribution":"{\"name\": \"CategoricalDistribution\", \"attributes\": {\"choices\": [16, 32, 64]}}"}
{"op_code":6,"worker_id":"31bf5364-83ea-49d1-a498-ed592e1a3e4c-140485451474752","trial_id":17,"state":1,"values":[0.9265716202357912],"datetime_complete":"2026-04-06T09:59:05.651984"}
{"op_code":4,"worker_id":"31bf5364-83ea-49d1-a498-ed592e1a3e4c-140485451474752","study_id":0,"datetime_start":"2026-04-06T09:59:05.670086"}
{"op_code":5,"worker_id":"31bf5364-83ea-49d1-a498-ed592e1a3e4c-140485451474752","trial_id":18,"param_name":"lr","param_value_internal":0.09100287482139587,"distribution":"{\"name\": \"FloatDistribution\", \"attributes\": {\"step\": null, \"low\": 0.0001, \"high\": 0.1, \"log\": true}}"}
{"op_code":5,"worker_id":"31bf5364-83ea-49d1-a498-ed592e1a3e4c-140485451474752","trial_id":18,"param_name":"dropout","param_value_internal":0.3418183998783536,"distribution":"{\"name\": \"FloatDistribution\", \"attributes\": {\"step\": null, \"low\": 0.0, \"high\": 0.5, \"log\": false}}"}
{"op_code":5,"worker_id":"31bf5364-83ea-49d1-a498-ed592e1a3e4c-140485451474752","trial_id":18,"param_name":"layers","param_value_internal":2,"distribution":"{\"name\": \"CategoricalDistribution\", \"attributes\": {\"choices\": [1, 2, 3]}}"}
{"op_code":5,"worker_id":"31bf5364-83ea-49d1-a498-ed592e1a3e4c-140485451474752","trial_id":18,"param_name":"nodes","param_value_internal":2,"distribution":"{\"name\": \"CategoricalDistribution\", \"attributes\": {\"choices\": [16, 32, 64]}}"}
{"op_code":6,"worker_id":"31bf5364-83ea-49d1-a498-ed592e1a3e4c-140485451474752","trial_id":18,"state":1,"values":[0.92627861609518],"datetime_complete":"2026-04-06T09:59:07.893241"}
{"op_code":4,"worker_id":"31bf5364-83ea-49d1-a498-ed592e1a3e4c-140485451474752","study_id":0,"datetime_start":"2026-04-06T09:59:07.913176"}
{"op_code":5,"worker_id":"31bf5364-83ea-49d1-a498-ed592e1a3e4c-140485451474752","trial_id":19,"param_name":"lr","param_value_internal":0.03186515986208097,"distribution":"{\"name\": \"FloatDistribution\", \"attributes\": {\"step\": null, \"low\": 0.0001, \"high\": 0.1, \"log\": true}}"}
{"op_code":5,"worker_id":"31bf5364-83ea-49d1-a498-ed592e1a3e4c-140485451474752","trial_id":19,"param_name":"dropout","param_value_internal":0.3050387980237001,"distribution":"{\"name\": \"FloatDistribution\", \"attributes\": {\"step\": null, \"low\": 0.0, \"high\": 0.5, \"log\": false}}"}
{"op_code":5,"worker_id":"31bf5364-83ea-49d1-a498-ed592e1a3e4c-140485451474752","trial_id":19,"param_name":"layers","param_value_internal":2,"distribution":"{\"name\": \"CategoricalDistribution\", \"attributes\": {\"choices\": [1, 2, 3]}}"}
{"op_code":5,"worker_id":"31bf5364-83ea-49d1-a498-ed592e1a3e4c-140485451474752","trial_id":19,"param_name":"nodes","param_value_internal":1,"distribution":"{\"name\": \"CategoricalDistribution\", \"attributes\": {\"choices\": [16, 32, 64]}}"}
{"op_code":6,"worker_id":"31bf5364-83ea-49d1-a498-ed592e1a3e4c-140485451474752","trial_id":19,"state":1,"values":[0.9232020726187631],"datetime_complete":"2026-04-06T09:59:10.078958"}
