{"op_code":0,"worker_id":"6f91f034-57d3-463b-9123-3121fc427f1e-140544486217536","study_name":"tabicl_mtlr","directions":[2]}
{"op_code":4,"worker_id":"6f91f034-57d3-463b-9123-3121fc427f1e-140544486217536","study_id":0,"datetime_start":"2026-04-01T03:34:49.935811"}
{"op_code":5,"worker_id":"6f91f034-57d3-463b-9123-3121fc427f1e-140544486217536","trial_id":0,"param_name":"lr","param_value_internal":0.00022535053836200987,"distribution":"{\"name\": \"FloatDistribution\", \"attributes\": {\"step\": null, \"low\": 0.0001, \"high\": 0.1, \"log\": true}}"}
{"op_code":5,"worker_id":"6f91f034-57d3-463b-9123-3121fc427f1e-140544486217536","trial_id":0,"param_name":"dropout","param_value_internal":0.22094475335028912,"distribution":"{\"name\": \"FloatDistribution\", \"attributes\": {\"step\": null, \"low\": 0.0, \"high\": 0.5, \"log\": false}}"}
{"op_code":5,"worker_id":"6f91f034-57d3-463b-9123-3121fc427f1e-140544486217536","trial_id":0,"param_name":"nodes","param_value_internal":0,"distribution":"{\"name\": \"CategoricalDistribution\", \"attributes\": {\"choices\": [\"64-64\", \"128-64\", \"256-128\"]}}"}
{"op_code":6,"worker_id":"6f91f034-57d3-463b-9123-3121fc427f1e-140544486217536","trial_id":0,"state":1,"values":[0.6818181818181818],"datetime_complete":"2026-04-01T03:34:50.113473"}
{"op_code":4,"worker_id":"6f91f034-57d3-463b-9123-3121fc427f1e-140544486217536","study_id":0,"datetime_start":"2026-04-01T03:34:50.124488"}
{"op_code":5,"worker_id":"6f91f034-57d3-463b-9123-3121fc427f1e-140544486217536","trial_id":1,"param_name":"lr","param_value_internal":0.00014230059555788823,"distribution":"{\"name\": \"FloatDistribution\", \"attributes\": {\"step\": null, \"low\": 0.0001, \"high\": 0.1, \"log\": true}}"}
{"op_code":5,"worker_id":"6f91f034-57d3-463b-9123-3121fc427f1e-140544486217536","trial_id":1,"param_name":"dropout","param_value_internal":0.10547560186395588,"distribution":"{\"name\": \"FloatDistribution\", \"attributes\": {\"step\": null, \"low\": 0.0, \"high\": 0.5, \"log\": false}}"}
{"op_code":5,"worker_id":"6f91f034-57d3-463b-9123-3121fc427f1e-140544486217536","trial_id":1,"param_name":"nodes","param_value_internal":0,"distribution":"{\"name\": \"CategoricalDistribution\", \"attributes\": {\"choices\": [\"64-64\", \"128-64\", \"256-128\"]}}"}
{"op_code":6,"worker_id":"6f91f034-57d3-463b-9123-3121fc427f1e-140544486217536","trial_id":1,"state":1,"values":[0.6772727272727272],"datetime_complete":"2026-04-01T03:34:50.304210"}
{"op_code":4,"worker_id":"6f91f034-57d3-463b-9123-3121fc427f1e-140544486217536","study_id":0,"datetime_start":"2026-04-01T03:34:50.313845"}
{"op_code":5,"worker_id":"6f91f034-57d3-463b-9123-3121fc427f1e-140544486217536","trial_id":2,"param_name":"lr","param_value_internal":0.0008054195856557677,"distribution":"{\"name\": \"FloatDistribution\", \"attributes\": {\"step\": null, \"low\": 0.0001, \"high\": 0.1, \"log\": true}}"}
{"op_code":5,"worker_id":"6f91f034-57d3-463b-9123-3121fc427f1e-140544486217536","trial_id":2,"param_name":"dropout","param_value_internal":0.3567151859711599,"distribution":"{\"name\": \"FloatDistribution\", \"attributes\": {\"step\": null, \"low\": 0.0, \"high\": 0.5, \"log\": false}}"}
{"op_code":5,"worker_id":"6f91f034-57d3-463b-9123-3121fc427f1e-140544486217536","trial_id":2,"param_name":"nodes","param_value_internal":0,"distribution":"{\"name\": \"CategoricalDistribution\", \"attributes\": {\"choices\": [\"64-64\", \"128-64\", \"256-128\"]}}"}
{"op_code":6,"worker_id":"6f91f034-57d3-463b-9123-3121fc427f1e-140544486217536","trial_id":2,"state":1,"values":[0.7090909090909091],"datetime_complete":"2026-04-01T03:34:50.491904"}
{"op_code":4,"worker_id":"6f91f034-57d3-463b-9123-3121fc427f1e-140544486217536","study_id":0,"datetime_start":"2026-04-01T03:34:50.503446"}
{"op_code":5,"worker_id":"6f91f034-57d3-463b-9123-3121fc427f1e-140544486217536","trial_id":3,"param_name":"lr","param_value_internal":0.008452526781312258,"distribution":"{\"name\": \"FloatDistribution\", \"attributes\": {\"step\": null, \"low\": 0.0001, \"high\": 0.1, \"log\": true}}"}
{"op_code":5,"worker_id":"6f91f034-57d3-463b-9123-3121fc427f1e-140544486217536","trial_id":3,"param_name":"dropout","param_value_internal":0.1149409962893091,"distribution":"{\"name\": \"FloatDistribution\", \"attributes\": {\"step\": null, \"low\": 0.0, \"high\": 0.5, \"log\": false}}"}
{"op_code":5,"worker_id":"6f91f034-57d3-463b-9123-3121fc427f1e-140544486217536","trial_id":3,"param_name":"nodes","param_value_internal":0,"distribution":"{\"name\": \"CategoricalDistribution\", \"attributes\": {\"choices\": [\"64-64\", \"128-64\", \"256-128\"]}}"}
{"op_code":6,"worker_id":"6f91f034-57d3-463b-9123-3121fc427f1e-140544486217536","trial_id":3,"state":1,"values":[0.759090909090909],"datetime_complete":"2026-04-01T03:34:50.686448"}
{"op_code":4,"worker_id":"6f91f034-57d3-463b-9123-3121fc427f1e-140544486217536","study_id":0,"datetime_start":"2026-04-01T03:34:50.696777"}
{"op_code":5,"worker_id":"6f91f034-57d3-463b-9123-3121fc427f1e-140544486217536","trial_id":4,"param_name":"lr","param_value_internal":0.033442595431265196,"distribution":"{\"name\": \"FloatDistribution\", \"attributes\": {\"step\": null, \"low\": 0.0001, \"high\": 0.1, \"log\": true}}"}
{"op_code":5,"worker_id":"6f91f034-57d3-463b-9123-3121fc427f1e-140544486217536","trial_id":4,"param_name":"dropout","param_value_internal":0.24941042440772948,"distribution":"{\"name\": \"FloatDistribution\", \"attributes\": {\"step\": null, \"low\": 0.0, \"high\": 0.5, \"log\": false}}"}
{"op_code":5,"worker_id":"6f91f034-57d3-463b-9123-3121fc427f1e-140544486217536","trial_id":4,"param_name":"nodes","param_value_internal":1,"distribution":"{\"name\": \"CategoricalDistribution\", \"attributes\": {\"choices\": [\"64-64\", \"128-64\", \"256-128\"]}}"}
{"op_code":6,"worker_id":"6f91f034-57d3-463b-9123-3121fc427f1e-140544486217536","trial_id":4,"state":1,"values":[0.7454545454545455],"datetime_complete":"2026-04-01T03:34:50.877389"}
{"op_code":4,"worker_id":"6f91f034-57d3-463b-9123-3121fc427f1e-140544486217536","study_id":0,"datetime_start":"2026-04-01T03:34:50.887068"}
{"op_code":5,"worker_id":"6f91f034-57d3-463b-9123-3121fc427f1e-140544486217536","trial_id":5,"param_name":"lr","param_value_internal":0.00303078878057754,"distribution":"{\"name\": \"FloatDistribution\", \"attributes\": {\"step\": null, \"low\": 0.0001, \"high\": 0.1, \"log\": true}}"}
{"op_code":5,"worker_id":"6f91f034-57d3-463b-9123-3121fc427f1e-140544486217536","trial_id":5,"param_name":"dropout","param_value_internal":0.09838145168870105,"distribution":"{\"name\": \"FloatDistribution\", \"attributes\": {\"step\": null, \"low\": 0.0, \"high\": 0.5, \"log\": false}}"}
{"op_code":5,"worker_id":"6f91f034-57d3-463b-9123-3121fc427f1e-140544486217536","trial_id":5,"param_name":"nodes","param_value_internal":0,"distribution":"{\"name\": \"CategoricalDistribution\", \"attributes\": {\"choices\": [\"64-64\", \"128-64\", \"256-128\"]}}"}
{"op_code":6,"worker_id":"6f91f034-57d3-463b-9123-3121fc427f1e-140544486217536","trial_id":5,"state":1,"values":[0.7272727272727273],"datetime_complete":"2026-04-01T03:34:51.069270"}
{"op_code":4,"worker_id":"6f91f034-57d3-463b-9123-3121fc427f1e-140544486217536","study_id":0,"datetime_start":"2026-04-01T03:34:51.081193"}
{"op_code":5,"worker_id":"6f91f034-57d3-463b-9123-3121fc427f1e-140544486217536","trial_id":6,"param_name":"lr","param_value_internal":0.0011251684854421188,"distribution":"{\"name\": \"FloatDistribution\", \"attributes\": {\"step\": null, \"low\": 0.0001, \"high\": 0.1, \"log\": true}}"}
{"op_code":5,"worker_id":"6f91f034-57d3-463b-9123-3121fc427f1e-140544486217536","trial_id":6,"param_name":"dropout","param_value_internal":0.006169517026284377,"distribution":"{\"name\": \"FloatDistribution\", \"attributes\": {\"step\": null, \"low\": 0.0, \"high\": 0.5, \"log\": false}}"}
{"op_code":5,"worker_id":"6f91f034-57d3-463b-9123-3121fc427f1e-140544486217536","trial_id":6,"param_name":"nodes","param_value_internal":1,"distribution":"{\"name\": \"CategoricalDistribution\", \"attributes\": {\"choices\": [\"64-64\", \"128-64\", \"256-128\"]}}"}
{"op_code":6,"worker_id":"6f91f034-57d3-463b-9123-3121fc427f1e-140544486217536","trial_id":6,"state":1,"values":[0.6954545454545454],"datetime_complete":"2026-04-01T03:34:51.263080"}
{"op_code":4,"worker_id":"6f91f034-57d3-463b-9123-3121fc427f1e-140544486217536","study_id":0,"datetime_start":"2026-04-01T03:34:51.277131"}
{"op_code":5,"worker_id":"6f91f034-57d3-463b-9123-3121fc427f1e-140544486217536","trial_id":7,"param_name":"lr","param_value_internal":0.003304881655276775,"distribution":"{\"name\": \"FloatDistribution\", \"attributes\": {\"step\": null, \"low\": 0.0001, \"high\": 0.1, \"log\": true}}"}
{"op_code":5,"worker_id":"6f91f034-57d3-463b-9123-3121fc427f1e-140544486217536","trial_id":7,"param_name":"dropout","param_value_internal":0.3050149875745913,"distribution":"{\"name\": \"FloatDistribution\", \"attributes\": {\"step\": null, \"low\": 0.0, \"high\": 0.5, \"log\": false}}"}
{"op_code":5,"worker_id":"6f91f034-57d3-463b-9123-3121fc427f1e-140544486217536","trial_id":7,"param_name":"nodes","param_value_internal":2,"distribution":"{\"name\": \"CategoricalDistribution\", \"attributes\": {\"choices\": [\"64-64\", \"128-64\", \"256-128\"]}}"}
{"op_code":6,"worker_id":"6f91f034-57d3-463b-9123-3121fc427f1e-140544486217536","trial_id":7,"state":1,"values":[0.7272727272727273],"datetime_complete":"2026-04-01T03:34:51.458302"}
{"op_code":4,"worker_id":"6f91f034-57d3-463b-9123-3121fc427f1e-140544486217536","study_id":0,"datetime_start":"2026-04-01T03:34:51.468598"}
{"op_code":5,"worker_id":"6f91f034-57d3-463b-9123-3121fc427f1e-140544486217536","trial_id":8,"param_name":"lr","param_value_internal":0.0007005160718348851,"distribution":"{\"name\": \"FloatDistribution\", \"attributes\": {\"step\": null, \"low\": 0.0001, \"high\": 0.1, \"log\": true}}"}
{"op_code":5,"worker_id":"6f91f034-57d3-463b-9123-3121fc427f1e-140544486217536","trial_id":8,"param_name":"dropout","param_value_internal":0.41450534918190945,"distribution":"{\"name\": \"FloatDistribution\", \"attributes\": {\"step\": null, \"low\": 0.0, \"high\": 0.5, \"log\": false}}"}
{"op_code":5,"worker_id":"6f91f034-57d3-463b-9123-3121fc427f1e-140544486217536","trial_id":8,"param_name":"nodes","param_value_internal":2,"distribution":"{\"name\": \"CategoricalDistribution\", \"attributes\": {\"choices\": [\"64-64\", \"128-64\", \"256-128\"]}}"}
{"op_code":6,"worker_id":"6f91f034-57d3-463b-9123-3121fc427f1e-140544486217536","trial_id":8,"state":1,"values":[0.7454545454545455],"datetime_complete":"2026-04-01T03:34:51.649561"}
{"op_code":4,"worker_id":"6f91f034-57d3-463b-9123-3121fc427f1e-140544486217536","study_id":0,"datetime_start":"2026-04-01T03:34:51.659633"}
{"op_code":5,"worker_id":"6f91f034-57d3-463b-9123-3121fc427f1e-140544486217536","trial_id":9,"param_name":"lr","param_value_internal":0.00317704633721603,"distribution":"{\"name\": \"FloatDistribution\", \"attributes\": {\"step\": null, \"low\": 0.0001, \"high\": 0.1, \"log\": true}}"}
{"op_code":5,"worker_id":"6f91f034-57d3-463b-9123-3121fc427f1e-140544486217536","trial_id":9,"param_name":"dropout","param_value_internal":0.339281361489134,"distribution":"{\"name\": \"FloatDistribution\", \"attributes\": {\"step\": null, \"low\": 0.0, \"high\": 0.5, \"log\": false}}"}
{"op_code":5,"worker_id":"6f91f034-57d3-463b-9123-3121fc427f1e-140544486217536","trial_id":9,"param_name":"nodes","param_value_internal":1,"distribution":"{\"name\": \"CategoricalDistribution\", \"attributes\": {\"choices\": [\"64-64\", \"128-64\", \"256-128\"]}}"}
{"op_code":6,"worker_id":"6f91f034-57d3-463b-9123-3121fc427f1e-140544486217536","trial_id":9,"state":1,"values":[0.740909090909091],"datetime_complete":"2026-04-01T03:34:51.840883"}
{"op_code":4,"worker_id":"6f91f034-57d3-463b-9123-3121fc427f1e-140544486217536","study_id":0,"datetime_start":"2026-04-01T03:34:51.851407"}
{"op_code":5,"worker_id":"6f91f034-57d3-463b-9123-3121fc427f1e-140544486217536","trial_id":10,"param_name":"lr","param_value_internal":0.0434953580678584,"distribution":"{\"name\": \"FloatDistribution\", \"attributes\": {\"step\": null, \"low\": 0.0001, \"high\": 0.1, \"log\": true}}"}
{"op_code":5,"worker_id":"6f91f034-57d3-463b-9123-3121fc427f1e-140544486217536","trial_id":10,"param_name":"dropout","param_value_internal":0.48866775122039263,"distribution":"{\"name\": \"FloatDistribution\", \"attributes\": {\"step\": null, \"low\": 0.0, \"high\": 0.5, \"log\": false}}"}
{"op_code":5,"worker_id":"6f91f034-57d3-463b-9123-3121fc427f1e-140544486217536","trial_id":10,"param_name":"nodes","param_value_internal":0,"distribution":"{\"name\": \"CategoricalDistribution\", \"attributes\": {\"choices\": [\"64-64\", \"128-64\", \"256-128\"]}}"}
{"op_code":6,"worker_id":"6f91f034-57d3-463b-9123-3121fc427f1e-140544486217536","trial_id":10,"state":1,"values":[0.7545454545454545],"datetime_complete":"2026-04-01T03:34:52.035080"}
{"op_code":4,"worker_id":"6f91f034-57d3-463b-9123-3121fc427f1e-140544486217536","study_id":0,"datetime_start":"2026-04-01T03:34:52.046065"}
{"op_code":5,"worker_id":"6f91f034-57d3-463b-9123-3121fc427f1e-140544486217536","trial_id":11,"param_name":"lr","param_value_internal":0.05961860223028703,"distribution":"{\"name\": \"FloatDistribution\", \"attributes\": {\"step\": null, \"low\": 0.0001, \"high\": 0.1, \"log\": true}}"}
{"op_code":5,"worker_id":"6f91f034-57d3-463b-9123-3121fc427f1e-140544486217536","trial_id":11,"param_name":"dropout","param_value_internal":0.4896730707251011,"distribution":"{\"name\": \"FloatDistribution\", \"attributes\": {\"step\": null, \"low\": 0.0, \"high\": 0.5, \"log\": false}}"}
{"op_code":5,"worker_id":"6f91f034-57d3-463b-9123-3121fc427f1e-140544486217536","trial_id":11,"param_name":"nodes","param_value_internal":0,"distribution":"{\"name\": \"CategoricalDistribution\", \"attributes\": {\"choices\": [\"64-64\", \"128-64\", \"256-128\"]}}"}
{"op_code":6,"worker_id":"6f91f034-57d3-463b-9123-3121fc427f1e-140544486217536","trial_id":11,"state":1,"values":[0.7136363636363636],"datetime_complete":"2026-04-01T03:34:52.232972"}
{"op_code":4,"worker_id":"6f91f034-57d3-463b-9123-3121fc427f1e-140544486217536","study_id":0,"datetime_start":"2026-04-01T03:34:52.243784"}
{"op_code":5,"worker_id":"6f91f034-57d3-463b-9123-3121fc427f1e-140544486217536","trial_id":12,"param_name":"lr","param_value_internal":0.016507860932290935,"distribution":"{\"name\": \"FloatDistribution\", \"attributes\": {\"step\": null, \"low\": 0.0001, \"high\": 0.1, \"log\": true}}"}
{"op_code":5,"worker_id":"6f91f034-57d3-463b-9123-3121fc427f1e-140544486217536","trial_id":12,"param_name":"dropout","param_value_internal":0.15580967666945716,"distribution":"{\"name\": \"FloatDistribution\", \"attributes\": {\"step\": null, \"low\": 0.0, \"high\": 0.5, \"log\": false}}"}
{"op_code":5,"worker_id":"6f91f034-57d3-463b-9123-3121fc427f1e-140544486217536","trial_id":12,"param_name":"nodes","param_value_internal":0,"distribution":"{\"name\": \"CategoricalDistribution\", \"attributes\": {\"choices\": [\"64-64\", \"128-64\", \"256-128\"]}}"}
{"op_code":6,"worker_id":"6f91f034-57d3-463b-9123-3121fc427f1e-140544486217536","trial_id":12,"state":1,"values":[0.7090909090909091],"datetime_complete":"2026-04-01T03:34:52.432901"}
{"op_code":4,"worker_id":"6f91f034-57d3-463b-9123-3121fc427f1e-140544486217536","study_id":0,"datetime_start":"2026-04-01T03:34:52.443313"}
{"op_code":5,"worker_id":"6f91f034-57d3-463b-9123-3121fc427f1e-140544486217536","trial_id":13,"param_name":"lr","param_value_internal":0.01306028680302104,"distribution":"{\"name\": \"FloatDistribution\", \"attributes\": {\"step\": null, \"low\": 0.0001, \"high\": 0.1, \"log\": true}}"}
{"op_code":5,"worker_id":"6f91f034-57d3-463b-9123-3121fc427f1e-140544486217536","trial_id":13,"param_name":"dropout","param_value_internal":0.490699368413973,"distribution":"{\"name\": \"FloatDistribution\", \"attributes\": {\"step\": null, \"low\": 0.0, \"high\": 0.5, \"log\": false}}"}
{"op_code":5,"worker_id":"6f91f034-57d3-463b-9123-3121fc427f1e-140544486217536","trial_id":13,"param_name":"nodes","param_value_internal":0,"distribution":"{\"name\": \"CategoricalDistribution\", \"attributes\": {\"choices\": [\"64-64\", \"128-64\", \"256-128\"]}}"}
{"op_code":6,"worker_id":"6f91f034-57d3-463b-9123-3121fc427f1e-140544486217536","trial_id":13,"state":1,"values":[0.7363636363636363],"datetime_complete":"2026-04-01T03:34:52.629275"}
{"op_code":4,"worker_id":"6f91f034-57d3-463b-9123-3121fc427f1e-140544486217536","study_id":0,"datetime_start":"2026-04-01T03:34:52.643092"}
{"op_code":5,"worker_id":"6f91f034-57d3-463b-9123-3121fc427f1e-140544486217536","trial_id":14,"param_name":"lr","param_value_internal":0.09242580021662374,"distribution":"{\"name\": \"FloatDistribution\", \"attributes\": {\"step\": null, \"low\": 0.0001, \"high\": 0.1, \"log\": true}}"}
{"op_code":5,"worker_id":"6f91f034-57d3-463b-9123-3121fc427f1e-140544486217536","trial_id":14,"param_name":"dropout","param_value_internal":0.018467782560761203,"distribution":"{\"name\": \"FloatDistribution\", \"attributes\": {\"step\": null, \"low\": 0.0, \"high\": 0.5, \"log\": false}}"}
{"op_code":5,"worker_id":"6f91f034-57d3-463b-9123-3121fc427f1e-140544486217536","trial_id":14,"param_name":"nodes","param_value_internal":2,"distribution":"{\"name\": \"CategoricalDistribution\", \"attributes\": {\"choices\": [\"64-64\", \"128-64\", \"256-128\"]}}"}
{"op_code":6,"worker_id":"6f91f034-57d3-463b-9123-3121fc427f1e-140544486217536","trial_id":14,"state":1,"values":[0.7136363636363636],"datetime_complete":"2026-04-01T03:34:52.830177"}
{"op_code":4,"worker_id":"6f91f034-57d3-463b-9123-3121fc427f1e-140544486217536","study_id":0,"datetime_start":"2026-04-01T03:34:52.841149"}
{"op_code":5,"worker_id":"6f91f034-57d3-463b-9123-3121fc427f1e-140544486217536","trial_id":15,"param_name":"lr","param_value_internal":0.011250735400582936,"distribution":"{\"name\": \"FloatDistribution\", \"attributes\": {\"step\": null, \"low\": 0.0001, \"high\": 0.1, \"log\": true}}"}
{"op_code":5,"worker_id":"6f91f034-57d3-463b-9123-3121fc427f1e-140544486217536","trial_id":15,"param_name":"dropout","param_value_internal":0.17351888961781275,"distribution":"{\"name\": \"FloatDistribution\", \"attributes\": {\"step\": null, \"low\": 0.0, \"high\": 0.5, \"log\": false}}"}
{"op_code":5,"worker_id":"6f91f034-57d3-463b-9123-3121fc427f1e-140544486217536","trial_id":15,"param_name":"nodes","param_value_internal":0,"distribution":"{\"name\": \"CategoricalDistribution\", \"attributes\": {\"choices\": [\"64-64\", \"128-64\", \"256-128\"]}}"}
{"op_code":6,"worker_id":"6f91f034-57d3-463b-9123-3121fc427f1e-140544486217536","trial_id":15,"state":1,"values":[0.7136363636363636],"datetime_complete":"2026-04-01T03:34:53.023859"}
{"op_code":4,"worker_id":"6f91f034-57d3-463b-9123-3121fc427f1e-140544486217536","study_id":0,"datetime_start":"2026-04-01T03:34:53.034962"}
{"op_code":5,"worker_id":"6f91f034-57d3-463b-9123-3121fc427f1e-140544486217536","trial_id":16,"param_name":"lr","param_value_internal":0.030256029570487702,"distribution":"{\"name\": \"FloatDistribution\", \"attributes\": {\"step\": null, \"low\": 0.0001, \"high\": 0.1, \"log\": true}}"}
{"op_code":5,"worker_id":"6f91f034-57d3-463b-9123-3121fc427f1e-140544486217536","trial_id":16,"param_name":"dropout","param_value_internal":0.417636323407406,"distribution":"{\"name\": \"FloatDistribution\", \"attributes\": {\"step\": null, \"low\": 0.0, \"high\": 0.5, \"log\": false}}"}
{"op_code":5,"worker_id":"6f91f034-57d3-463b-9123-3121fc427f1e-140544486217536","trial_id":16,"param_name":"nodes","param_value_internal":0,"distribution":"{\"name\": \"CategoricalDistribution\", \"attributes\": {\"choices\": [\"64-64\", \"128-64\", \"256-128\"]}}"}
{"op_code":6,"worker_id":"6f91f034-57d3-463b-9123-3121fc427f1e-140544486217536","trial_id":16,"state":1,"values":[0.7454545454545455],"datetime_complete":"2026-04-01T03:34:53.218889"}
{"op_code":4,"worker_id":"6f91f034-57d3-463b-9123-3121fc427f1e-140544486217536","study_id":0,"datetime_start":"2026-04-01T03:34:53.230413"}
{"op_code":5,"worker_id":"6f91f034-57d3-463b-9123-3121fc427f1e-140544486217536","trial_id":17,"param_name":"lr","param_value_internal":0.005641378010459181,"distribution":"{\"name\": \"FloatDistribution\", \"attributes\": {\"step\": null, \"low\": 0.0001, \"high\": 0.1, \"log\": true}}"}
{"op_code":5,"worker_id":"6f91f034-57d3-463b-9123-3121fc427f1e-140544486217536","trial_id":17,"param_name":"dropout","param_value_internal":0.09307839692149159,"distribution":"{\"name\": \"FloatDistribution\", \"attributes\": {\"step\": null, \"low\": 0.0, \"high\": 0.5, \"log\": false}}"}
{"op_code":5,"worker_id":"6f91f034-57d3-463b-9123-3121fc427f1e-140544486217536","trial_id":17,"param_name":"nodes","param_value_internal":0,"distribution":"{\"name\": \"CategoricalDistribution\", \"attributes\": {\"choices\": [\"64-64\", \"128-64\", \"256-128\"]}}"}
{"op_code":6,"worker_id":"6f91f034-57d3-463b-9123-3121fc427f1e-140544486217536","trial_id":17,"state":1,"values":[0.7454545454545455],"datetime_complete":"2026-04-01T03:34:53.417879"}
{"op_code":4,"worker_id":"6f91f034-57d3-463b-9123-3121fc427f1e-140544486217536","study_id":0,"datetime_start":"2026-04-01T03:34:53.428935"}
{"op_code":5,"worker_id":"6f91f034-57d3-463b-9123-3121fc427f1e-140544486217536","trial_id":18,"param_name":"lr","param_value_internal":0.03269019536480468,"distribution":"{\"name\": \"FloatDistribution\", \"attributes\": {\"step\": null, \"low\": 0.0001, \"high\": 0.1, \"log\": true}}"}
{"op_code":5,"worker_id":"6f91f034-57d3-463b-9123-3121fc427f1e-140544486217536","trial_id":18,"param_name":"dropout","param_value_internal":0.19326180695210787,"distribution":"{\"name\": \"FloatDistribution\", \"attributes\": {\"step\": null, \"low\": 0.0, \"high\": 0.5, \"log\": false}}"}
{"op_code":5,"worker_id":"6f91f034-57d3-463b-9123-3121fc427f1e-140544486217536","trial_id":18,"param_name":"nodes","param_value_internal":2,"distribution":"{\"name\": \"CategoricalDistribution\", \"attributes\": {\"choices\": [\"64-64\", \"128-64\", \"256-128\"]}}"}
{"op_code":6,"worker_id":"6f91f034-57d3-463b-9123-3121fc427f1e-140544486217536","trial_id":18,"state":1,"values":[0.7818181818181819],"datetime_complete":"2026-04-01T03:34:53.614987"}
{"op_code":4,"worker_id":"6f91f034-57d3-463b-9123-3121fc427f1e-140544486217536","study_id":0,"datetime_start":"2026-04-01T03:34:53.626010"}
{"op_code":5,"worker_id":"6f91f034-57d3-463b-9123-3121fc427f1e-140544486217536","trial_id":19,"param_name":"lr","param_value_internal":0.007222773516126282,"distribution":"{\"name\": \"FloatDistribution\", \"attributes\": {\"step\": null, \"low\": 0.0001, \"high\": 0.1, \"log\": true}}"}
{"op_code":5,"worker_id":"6f91f034-57d3-463b-9123-3121fc427f1e-140544486217536","trial_id":19,"param_name":"dropout","param_value_internal":0.17469617524046804,"distribution":"{\"name\": \"FloatDistribution\", \"attributes\": {\"step\": null, \"low\": 0.0, \"high\": 0.5, \"log\": false}}"}
{"op_code":5,"worker_id":"6f91f034-57d3-463b-9123-3121fc427f1e-140544486217536","trial_id":19,"param_name":"nodes","param_value_internal":2,"distribution":"{\"name\": \"CategoricalDistribution\", \"attributes\": {\"choices\": [\"64-64\", \"128-64\", \"256-128\"]}}"}
{"op_code":6,"worker_id":"6f91f034-57d3-463b-9123-3121fc427f1e-140544486217536","trial_id":19,"state":1,"values":[0.7136363636363636],"datetime_complete":"2026-04-01T03:34:53.817436"}
