{"op_code":0,"worker_id":"cb16bb82-05b1-480f-95f2-7ec71bda571c-140544486217536","study_name":"tabicl_pchazard","directions":[2]}
{"op_code":4,"worker_id":"cb16bb82-05b1-480f-95f2-7ec71bda571c-140544486217536","study_id":0,"datetime_start":"2026-04-01T03:28:15.132953"}
{"op_code":5,"worker_id":"cb16bb82-05b1-480f-95f2-7ec71bda571c-140544486217536","trial_id":0,"param_name":"lr","param_value_internal":0.0015710228528535415,"distribution":"{\"name\": \"FloatDistribution\", \"attributes\": {\"step\": null, \"low\": 0.0001, \"high\": 0.1, \"log\": true}}"}
{"op_code":5,"worker_id":"cb16bb82-05b1-480f-95f2-7ec71bda571c-140544486217536","trial_id":0,"param_name":"dropout","param_value_internal":0.22126954886596156,"distribution":"{\"name\": \"FloatDistribution\", \"attributes\": {\"step\": null, \"low\": 0.0, \"high\": 0.5, \"log\": false}}"}
{"op_code":5,"worker_id":"cb16bb82-05b1-480f-95f2-7ec71bda571c-140544486217536","trial_id":0,"param_name":"nodes","param_value_internal":2,"distribution":"{\"name\": \"CategoricalDistribution\", \"attributes\": {\"choices\": [\"64-64\", \"128-64\", \"256-128\"]}}"}
{"op_code":6,"worker_id":"cb16bb82-05b1-480f-95f2-7ec71bda571c-140544486217536","trial_id":0,"state":1,"values":[0.5607476635514018],"datetime_complete":"2026-04-01T03:28:15.623893"}
{"op_code":4,"worker_id":"cb16bb82-05b1-480f-95f2-7ec71bda571c-140544486217536","study_id":0,"datetime_start":"2026-04-01T03:28:15.640334"}
{"op_code":5,"worker_id":"cb16bb82-05b1-480f-95f2-7ec71bda571c-140544486217536","trial_id":1,"param_name":"lr","param_value_internal":0.00303635969126003,"distribution":"{\"name\": \"FloatDistribution\", \"attributes\": {\"step\": null, \"low\": 0.0001, \"high\": 0.1, \"log\": true}}"}
{"op_code":5,"worker_id":"cb16bb82-05b1-480f-95f2-7ec71bda571c-140544486217536","trial_id":1,"param_name":"dropout","param_value_internal":0.051474215247118926,"distribution":"{\"name\": \"FloatDistribution\", \"attributes\": {\"step\": null, \"low\": 0.0, \"high\": 0.5, \"log\": false}}"}
{"op_code":5,"worker_id":"cb16bb82-05b1-480f-95f2-7ec71bda571c-140544486217536","trial_id":1,"param_name":"nodes","param_value_internal":1,"distribution":"{\"name\": \"CategoricalDistribution\", \"attributes\": {\"choices\": [\"64-64\", \"128-64\", \"256-128\"]}}"}
{"op_code":6,"worker_id":"cb16bb82-05b1-480f-95f2-7ec71bda571c-140544486217536","trial_id":1,"state":1,"values":[0.563343717549325],"datetime_complete":"2026-04-01T03:28:16.110003"}
{"op_code":4,"worker_id":"cb16bb82-05b1-480f-95f2-7ec71bda571c-140544486217536","study_id":0,"datetime_start":"2026-04-01T03:28:16.127442"}
{"op_code":5,"worker_id":"cb16bb82-05b1-480f-95f2-7ec71bda571c-140544486217536","trial_id":2,"param_name":"lr","param_value_internal":0.03303343287036237,"distribution":"{\"name\": \"FloatDistribution\", \"attributes\": {\"step\": null, \"low\": 0.0001, \"high\": 0.1, \"log\": true}}"}
{"op_code":5,"worker_id":"cb16bb82-05b1-480f-95f2-7ec71bda571c-140544486217536","trial_id":2,"param_name":"dropout","param_value_internal":0.4603666234315864,"distribution":"{\"name\": \"FloatDistribution\", \"attributes\": {\"step\": null, \"low\": 0.0, \"high\": 0.5, \"log\": false}}"}
{"op_code":5,"worker_id":"cb16bb82-05b1-480f-95f2-7ec71bda571c-140544486217536","trial_id":2,"param_name":"nodes","param_value_internal":1,"distribution":"{\"name\": \"CategoricalDistribution\", \"attributes\": {\"choices\": [\"64-64\", \"128-64\", \"256-128\"]}}"}
{"op_code":6,"worker_id":"cb16bb82-05b1-480f-95f2-7ec71bda571c-140544486217536","trial_id":2,"state":1,"values":[0.59865005192108],"datetime_complete":"2026-04-01T03:28:16.598379"}
{"op_code":4,"worker_id":"cb16bb82-05b1-480f-95f2-7ec71bda571c-140544486217536","study_id":0,"datetime_start":"2026-04-01T03:28:16.615735"}
{"op_code":5,"worker_id":"cb16bb82-05b1-480f-95f2-7ec71bda571c-140544486217536","trial_id":3,"param_name":"lr","param_value_internal":0.0010210862439823964,"distribution":"{\"name\": \"FloatDistribution\", \"attributes\": {\"step\": null, \"low\": 0.0001, \"high\": 0.1, \"log\": true}}"}
{"op_code":5,"worker_id":"cb16bb82-05b1-480f-95f2-7ec71bda571c-140544486217536","trial_id":3,"param_name":"dropout","param_value_internal":0.04327309655302919,"distribution":"{\"name\": \"FloatDistribution\", \"attributes\": {\"step\": null, \"low\": 0.0, \"high\": 0.5, \"log\": false}}"}
{"op_code":5,"worker_id":"cb16bb82-05b1-480f-95f2-7ec71bda571c-140544486217536","trial_id":3,"param_name":"nodes","param_value_internal":2,"distribution":"{\"name\": \"CategoricalDistribution\", \"attributes\": {\"choices\": [\"64-64\", \"128-64\", \"256-128\"]}}"}
{"op_code":6,"worker_id":"cb16bb82-05b1-480f-95f2-7ec71bda571c-140544486217536","trial_id":3,"state":1,"values":[0.5571131879543094],"datetime_complete":"2026-04-01T03:28:17.089763"}
{"op_code":4,"worker_id":"cb16bb82-05b1-480f-95f2-7ec71bda571c-140544486217536","study_id":0,"datetime_start":"2026-04-01T03:28:17.106432"}
{"op_code":5,"worker_id":"cb16bb82-05b1-480f-95f2-7ec71bda571c-140544486217536","trial_id":4,"param_name":"lr","param_value_internal":0.00015683078668575625,"distribution":"{\"name\": \"FloatDistribution\", \"attributes\": {\"step\": null, \"low\": 0.0001, \"high\": 0.1, \"log\": true}}"}
{"op_code":5,"worker_id":"cb16bb82-05b1-480f-95f2-7ec71bda571c-140544486217536","trial_id":4,"param_name":"dropout","param_value_internal":0.23732900733312895,"distribution":"{\"name\": \"FloatDistribution\", \"attributes\": {\"step\": null, \"low\": 0.0, \"high\": 0.5, \"log\": false}}"}
{"op_code":5,"worker_id":"cb16bb82-05b1-480f-95f2-7ec71bda571c-140544486217536","trial_id":4,"param_name":"nodes","param_value_internal":0,"distribution":"{\"name\": \"CategoricalDistribution\", \"attributes\": {\"choices\": [\"64-64\", \"128-64\", \"256-128\"]}}"}
{"op_code":6,"worker_id":"cb16bb82-05b1-480f-95f2-7ec71bda571c-140544486217536","trial_id":4,"state":1,"values":[0.4994807892004154],"datetime_complete":"2026-04-01T03:28:17.575567"}
{"op_code":4,"worker_id":"cb16bb82-05b1-480f-95f2-7ec71bda571c-140544486217536","study_id":0,"datetime_start":"2026-04-01T03:28:17.590957"}
{"op_code":5,"worker_id":"cb16bb82-05b1-480f-95f2-7ec71bda571c-140544486217536","trial_id":5,"param_name":"lr","param_value_internal":0.032713812308893024,"distribution":"{\"name\": \"FloatDistribution\", \"attributes\": {\"step\": null, \"low\": 0.0001, \"high\": 0.1, \"log\": true}}"}
{"op_code":5,"worker_id":"cb16bb82-05b1-480f-95f2-7ec71bda571c-140544486217536","trial_id":5,"param_name":"dropout","param_value_internal":0.12192108900991422,"distribution":"{\"name\": \"FloatDistribution\", \"attributes\": {\"step\": null, \"low\": 0.0, \"high\": 0.5, \"log\": false}}"}
{"op_code":5,"worker_id":"cb16bb82-05b1-480f-95f2-7ec71bda571c-140544486217536","trial_id":5,"param_name":"nodes","param_value_internal":2,"distribution":"{\"name\": \"CategoricalDistribution\", \"attributes\": {\"choices\": [\"64-64\", \"128-64\", \"256-128\"]}}"}
{"op_code":6,"worker_id":"cb16bb82-05b1-480f-95f2-7ec71bda571c-140544486217536","trial_id":5,"state":1,"values":[0.618380062305296],"datetime_complete":"2026-04-01T03:28:18.064084"}
{"op_code":4,"worker_id":"cb16bb82-05b1-480f-95f2-7ec71bda571c-140544486217536","study_id":0,"datetime_start":"2026-04-01T03:28:18.085661"}
{"op_code":5,"worker_id":"cb16bb82-05b1-480f-95f2-7ec71bda571c-140544486217536","trial_id":6,"param_name":"lr","param_value_internal":0.011464497608780396,"distribution":"{\"name\": \"FloatDistribution\", \"attributes\": {\"step\": null, \"low\": 0.0001, \"high\": 0.1, \"log\": true}}"}
{"op_code":5,"worker_id":"cb16bb82-05b1-480f-95f2-7ec71bda571c-140544486217536","trial_id":6,"param_name":"dropout","param_value_internal":0.024991080458111714,"distribution":"{\"name\": \"FloatDistribution\", \"attributes\": {\"step\": null, \"low\": 0.0, \"high\": 0.5, \"log\": false}}"}
{"op_code":5,"worker_id":"cb16bb82-05b1-480f-95f2-7ec71bda571c-140544486217536","trial_id":6,"param_name":"nodes","param_value_internal":0,"distribution":"{\"name\": \"CategoricalDistribution\", \"attributes\": {\"choices\": [\"64-64\", \"128-64\", \"256-128\"]}}"}
{"op_code":6,"worker_id":"cb16bb82-05b1-480f-95f2-7ec71bda571c-140544486217536","trial_id":6,"state":1,"values":[0.5747663551401869],"datetime_complete":"2026-04-01T03:28:18.556838"}
{"op_code":4,"worker_id":"cb16bb82-05b1-480f-95f2-7ec71bda571c-140544486217536","study_id":0,"datetime_start":"2026-04-01T03:28:18.578630"}
{"op_code":5,"worker_id":"cb16bb82-05b1-480f-95f2-7ec71bda571c-140544486217536","trial_id":7,"param_name":"lr","param_value_internal":0.05905559102623532,"distribution":"{\"name\": \"FloatDistribution\", \"attributes\": {\"step\": null, \"low\": 0.0001, \"high\": 0.1, \"log\": true}}"}
{"op_code":5,"worker_id":"cb16bb82-05b1-480f-95f2-7ec71bda571c-140544486217536","trial_id":7,"param_name":"dropout","param_value_internal":0.4706449608174442,"distribution":"{\"name\": \"FloatDistribution\", \"attributes\": {\"step\": null, \"low\": 0.0, \"high\": 0.5, \"log\": false}}"}
{"op_code":5,"worker_id":"cb16bb82-05b1-480f-95f2-7ec71bda571c-140544486217536","trial_id":7,"param_name":"nodes","param_value_internal":2,"distribution":"{\"name\": \"CategoricalDistribution\", \"attributes\": {\"choices\": [\"64-64\", \"128-64\", \"256-128\"]}}"}
{"op_code":6,"worker_id":"cb16bb82-05b1-480f-95f2-7ec71bda571c-140544486217536","trial_id":7,"state":1,"values":[0.6137071651090342],"datetime_complete":"2026-04-01T03:28:19.049504"}
{"op_code":4,"worker_id":"cb16bb82-05b1-480f-95f2-7ec71bda571c-140544486217536","study_id":0,"datetime_start":"2026-04-01T03:28:19.059784"}
{"op_code":5,"worker_id":"cb16bb82-05b1-480f-95f2-7ec71bda571c-140544486217536","trial_id":8,"param_name":"lr","param_value_internal":0.0031147125783987234,"distribution":"{\"name\": \"FloatDistribution\", \"attributes\": {\"step\": null, \"low\": 0.0001, \"high\": 0.1, \"log\": true}}"}
{"op_code":5,"worker_id":"cb16bb82-05b1-480f-95f2-7ec71bda571c-140544486217536","trial_id":8,"param_name":"dropout","param_value_internal":0.16307401850025255,"distribution":"{\"name\": \"FloatDistribution\", \"attributes\": {\"step\": null, \"low\": 0.0, \"high\": 0.5, \"log\": false}}"}
{"op_code":5,"worker_id":"cb16bb82-05b1-480f-95f2-7ec71bda571c-140544486217536","trial_id":8,"param_name":"nodes","param_value_internal":2,"distribution":"{\"name\": \"CategoricalDistribution\", \"attributes\": {\"choices\": [\"64-64\", \"128-64\", \"256-128\"]}}"}
{"op_code":6,"worker_id":"cb16bb82-05b1-480f-95f2-7ec71bda571c-140544486217536","trial_id":8,"state":1,"values":[0.509865005192108],"datetime_complete":"2026-04-01T03:28:19.529486"}
{"op_code":4,"worker_id":"cb16bb82-05b1-480f-95f2-7ec71bda571c-140544486217536","study_id":0,"datetime_start":"2026-04-01T03:28:19.551806"}
{"op_code":5,"worker_id":"cb16bb82-05b1-480f-95f2-7ec71bda571c-140544486217536","trial_id":9,"param_name":"lr","param_value_internal":0.000415690819881883,"distribution":"{\"name\": \"FloatDistribution\", \"attributes\": {\"step\": null, \"low\": 0.0001, \"high\": 0.1, \"log\": true}}"}
{"op_code":5,"worker_id":"cb16bb82-05b1-480f-95f2-7ec71bda571c-140544486217536","trial_id":9,"param_name":"dropout","param_value_internal":0.32333255649918785,"distribution":"{\"name\": \"FloatDistribution\", \"attributes\": {\"step\": null, \"low\": 0.0, \"high\": 0.5, \"log\": false}}"}
{"op_code":5,"worker_id":"cb16bb82-05b1-480f-95f2-7ec71bda571c-140544486217536","trial_id":9,"param_name":"nodes","param_value_internal":2,"distribution":"{\"name\": \"CategoricalDistribution\", \"attributes\": {\"choices\": [\"64-64\", \"128-64\", \"256-128\"]}}"}
{"op_code":6,"worker_id":"cb16bb82-05b1-480f-95f2-7ec71bda571c-140544486217536","trial_id":9,"state":1,"values":[0.5991692627206646],"datetime_complete":"2026-04-01T03:28:20.032729"}
{"op_code":4,"worker_id":"cb16bb82-05b1-480f-95f2-7ec71bda571c-140544486217536","study_id":0,"datetime_start":"2026-04-01T03:28:20.048076"}
{"op_code":5,"worker_id":"cb16bb82-05b1-480f-95f2-7ec71bda571c-140544486217536","trial_id":10,"param_name":"lr","param_value_internal":0.013495320606454763,"distribution":"{\"name\": \"FloatDistribution\", \"attributes\": {\"step\": null, \"low\": 0.0001, \"high\": 0.1, \"log\": true}}"}
{"op_code":5,"worker_id":"cb16bb82-05b1-480f-95f2-7ec71bda571c-140544486217536","trial_id":10,"param_name":"dropout","param_value_internal":0.13700424644053688,"distribution":"{\"name\": \"FloatDistribution\", \"attributes\": {\"step\": null, \"low\": 0.0, \"high\": 0.5, \"log\": false}}"}
{"op_code":5,"worker_id":"cb16bb82-05b1-480f-95f2-7ec71bda571c-140544486217536","trial_id":10,"param_name":"nodes","param_value_internal":1,"distribution":"{\"name\": \"CategoricalDistribution\", \"attributes\": {\"choices\": [\"64-64\", \"128-64\", \"256-128\"]}}"}
{"op_code":6,"worker_id":"cb16bb82-05b1-480f-95f2-7ec71bda571c-140544486217536","trial_id":10,"state":1,"values":[0.5976116303219107],"datetime_complete":"2026-04-01T03:28:20.522769"}
{"op_code":4,"worker_id":"cb16bb82-05b1-480f-95f2-7ec71bda571c-140544486217536","study_id":0,"datetime_start":"2026-04-01T03:28:20.531800"}
{"op_code":5,"worker_id":"cb16bb82-05b1-480f-95f2-7ec71bda571c-140544486217536","trial_id":11,"param_name":"lr","param_value_internal":0.09337795839004018,"distribution":"{\"name\": \"FloatDistribution\", \"attributes\": {\"step\": null, \"low\": 0.0001, \"high\": 0.1, \"log\": true}}"}
{"op_code":5,"worker_id":"cb16bb82-05b1-480f-95f2-7ec71bda571c-140544486217536","trial_id":11,"param_name":"dropout","param_value_internal":0.47117954577922166,"distribution":"{\"name\": \"FloatDistribution\", \"attributes\": {\"step\": null, \"low\": 0.0, \"high\": 0.5, \"log\": false}}"}
{"op_code":5,"worker_id":"cb16bb82-05b1-480f-95f2-7ec71bda571c-140544486217536","trial_id":11,"param_name":"nodes","param_value_internal":2,"distribution":"{\"name\": \"CategoricalDistribution\", \"attributes\": {\"choices\": [\"64-64\", \"128-64\", \"256-128\"]}}"}
{"op_code":6,"worker_id":"cb16bb82-05b1-480f-95f2-7ec71bda571c-140544486217536","trial_id":11,"state":1,"values":[0.6064382139148494],"datetime_complete":"2026-04-01T03:28:21.004382"}
{"op_code":4,"worker_id":"cb16bb82-05b1-480f-95f2-7ec71bda571c-140544486217536","study_id":0,"datetime_start":"2026-04-01T03:28:21.013166"}
{"op_code":5,"worker_id":"cb16bb82-05b1-480f-95f2-7ec71bda571c-140544486217536","trial_id":12,"param_name":"lr","param_value_internal":0.07547707125443254,"distribution":"{\"name\": \"FloatDistribution\", \"attributes\": {\"step\": null, \"low\": 0.0001, \"high\": 0.1, \"log\": true}}"}
{"op_code":5,"worker_id":"cb16bb82-05b1-480f-95f2-7ec71bda571c-140544486217536","trial_id":12,"param_name":"dropout","param_value_internal":0.3711884330909214,"distribution":"{\"name\": \"FloatDistribution\", \"attributes\": {\"step\": null, \"low\": 0.0, \"high\": 0.5, \"log\": false}}"}
{"op_code":5,"worker_id":"cb16bb82-05b1-480f-95f2-7ec71bda571c-140544486217536","trial_id":12,"param_name":"nodes","param_value_internal":2,"distribution":"{\"name\": \"CategoricalDistribution\", \"attributes\": {\"choices\": [\"64-64\", \"128-64\", \"256-128\"]}}"}
{"op_code":6,"worker_id":"cb16bb82-05b1-480f-95f2-7ec71bda571c-140544486217536","trial_id":12,"state":1,"values":[0.606957424714434],"datetime_complete":"2026-04-01T03:28:21.488944"}
{"op_code":4,"worker_id":"cb16bb82-05b1-480f-95f2-7ec71bda571c-140544486217536","study_id":0,"datetime_start":"2026-04-01T03:28:21.511468"}
{"op_code":5,"worker_id":"cb16bb82-05b1-480f-95f2-7ec71bda571c-140544486217536","trial_id":13,"param_name":"lr","param_value_internal":0.01370251302088739,"distribution":"{\"name\": \"FloatDistribution\", \"attributes\": {\"step\": null, \"low\": 0.0001, \"high\": 0.1, \"log\": true}}"}
{"op_code":5,"worker_id":"cb16bb82-05b1-480f-95f2-7ec71bda571c-140544486217536","trial_id":13,"param_name":"dropout","param_value_internal":0.33668391987099844,"distribution":"{\"name\": \"FloatDistribution\", \"attributes\": {\"step\": null, \"low\": 0.0, \"high\": 0.5, \"log\": false}}"}
{"op_code":5,"worker_id":"cb16bb82-05b1-480f-95f2-7ec71bda571c-140544486217536","trial_id":13,"param_name":"nodes","param_value_internal":2,"distribution":"{\"name\": \"CategoricalDistribution\", \"attributes\": {\"choices\": [\"64-64\", \"128-64\", \"256-128\"]}}"}
{"op_code":6,"worker_id":"cb16bb82-05b1-480f-95f2-7ec71bda571c-140544486217536","trial_id":13,"state":1,"values":[0.614226375908619],"datetime_complete":"2026-04-01T03:28:21.985999"}
{"op_code":4,"worker_id":"cb16bb82-05b1-480f-95f2-7ec71bda571c-140544486217536","study_id":0,"datetime_start":"2026-04-01T03:28:22.009450"}
{"op_code":5,"worker_id":"cb16bb82-05b1-480f-95f2-7ec71bda571c-140544486217536","trial_id":14,"param_name":"lr","param_value_internal":0.013897155293067924,"distribution":"{\"name\": \"FloatDistribution\", \"attributes\": {\"step\": null, \"low\": 0.0001, \"high\": 0.1, \"log\": true}}"}
{"op_code":5,"worker_id":"cb16bb82-05b1-480f-95f2-7ec71bda571c-140544486217536","trial_id":14,"param_name":"dropout","param_value_internal":0.33504532713758745,"distribution":"{\"name\": \"FloatDistribution\", \"attributes\": {\"step\": null, \"low\": 0.0, \"high\": 0.5, \"log\": false}}"}
{"op_code":5,"worker_id":"cb16bb82-05b1-480f-95f2-7ec71bda571c-140544486217536","trial_id":14,"param_name":"nodes","param_value_internal":2,"distribution":"{\"name\": \"CategoricalDistribution\", \"attributes\": {\"choices\": [\"64-64\", \"128-64\", \"256-128\"]}}"}
{"op_code":6,"worker_id":"cb16bb82-05b1-480f-95f2-7ec71bda571c-140544486217536","trial_id":14,"state":1,"values":[0.6116303219106958],"datetime_complete":"2026-04-01T03:28:22.484268"}
{"op_code":4,"worker_id":"cb16bb82-05b1-480f-95f2-7ec71bda571c-140544486217536","study_id":0,"datetime_start":"2026-04-01T03:28:22.495462"}
{"op_code":5,"worker_id":"cb16bb82-05b1-480f-95f2-7ec71bda571c-140544486217536","trial_id":15,"param_name":"lr","param_value_internal":0.007735601283858709,"distribution":"{\"name\": \"FloatDistribution\", \"attributes\": {\"step\": null, \"low\": 0.0001, \"high\": 0.1, \"log\": true}}"}
{"op_code":5,"worker_id":"cb16bb82-05b1-480f-95f2-7ec71bda571c-140544486217536","trial_id":15,"param_name":"dropout","param_value_internal":0.13340825031410805,"distribution":"{\"name\": \"FloatDistribution\", \"attributes\": {\"step\": null, \"low\": 0.0, \"high\": 0.5, \"log\": false}}"}
{"op_code":5,"worker_id":"cb16bb82-05b1-480f-95f2-7ec71bda571c-140544486217536","trial_id":15,"param_name":"nodes","param_value_internal":0,"distribution":"{\"name\": \"CategoricalDistribution\", \"attributes\": {\"choices\": [\"64-64\", \"128-64\", \"256-128\"]}}"}
{"op_code":6,"worker_id":"cb16bb82-05b1-480f-95f2-7ec71bda571c-140544486217536","trial_id":15,"state":1,"values":[0.5176531671858775],"datetime_complete":"2026-04-01T03:28:22.967825"}
{"op_code":4,"worker_id":"cb16bb82-05b1-480f-95f2-7ec71bda571c-140544486217536","study_id":0,"datetime_start":"2026-04-01T03:28:22.995554"}
{"op_code":5,"worker_id":"cb16bb82-05b1-480f-95f2-7ec71bda571c-140544486217536","trial_id":16,"param_name":"lr","param_value_internal":0.02849595391950051,"distribution":"{\"name\": \"FloatDistribution\", \"attributes\": {\"step\": null, \"low\": 0.0001, \"high\": 0.1, \"log\": true}}"}
{"op_code":5,"worker_id":"cb16bb82-05b1-480f-95f2-7ec71bda571c-140544486217536","trial_id":16,"param_name":"dropout","param_value_internal":0.2818528805688085,"distribution":"{\"name\": \"FloatDistribution\", \"attributes\": {\"step\": null, \"low\": 0.0, \"high\": 0.5, \"log\": false}}"}
{"op_code":5,"worker_id":"cb16bb82-05b1-480f-95f2-7ec71bda571c-140544486217536","trial_id":16,"param_name":"nodes","param_value_internal":2,"distribution":"{\"name\": \"CategoricalDistribution\", \"attributes\": {\"choices\": [\"64-64\", \"128-64\", \"256-128\"]}}"}
{"op_code":6,"worker_id":"cb16bb82-05b1-480f-95f2-7ec71bda571c-140544486217536","trial_id":16,"state":1,"values":[0.618380062305296],"datetime_complete":"2026-04-01T03:28:23.516329"}
{"op_code":4,"worker_id":"cb16bb82-05b1-480f-95f2-7ec71bda571c-140544486217536","study_id":0,"datetime_start":"2026-04-01T03:28:23.537453"}
{"op_code":5,"worker_id":"cb16bb82-05b1-480f-95f2-7ec71bda571c-140544486217536","trial_id":17,"param_name":"lr","param_value_internal":0.031234781459194328,"distribution":"{\"name\": \"FloatDistribution\", \"attributes\": {\"step\": null, \"low\": 0.0001, \"high\": 0.1, \"log\": true}}"}
{"op_code":5,"worker_id":"cb16bb82-05b1-480f-95f2-7ec71bda571c-140544486217536","trial_id":17,"param_name":"dropout","param_value_internal":0.1986899040622177,"distribution":"{\"name\": \"FloatDistribution\", \"attributes\": {\"step\": null, \"low\": 0.0, \"high\": 0.5, \"log\": false}}"}
{"op_code":5,"worker_id":"cb16bb82-05b1-480f-95f2-7ec71bda571c-140544486217536","trial_id":17,"param_name":"nodes","param_value_internal":2,"distribution":"{\"name\": \"CategoricalDistribution\", \"attributes\": {\"choices\": [\"64-64\", \"128-64\", \"256-128\"]}}"}
{"op_code":6,"worker_id":"cb16bb82-05b1-480f-95f2-7ec71bda571c-140544486217536","trial_id":17,"state":1,"values":[0.6116303219106958],"datetime_complete":"2026-04-01T03:28:24.053635"}
{"op_code":4,"worker_id":"cb16bb82-05b1-480f-95f2-7ec71bda571c-140544486217536","study_id":0,"datetime_start":"2026-04-01T03:28:24.069826"}
{"op_code":5,"worker_id":"cb16bb82-05b1-480f-95f2-7ec71bda571c-140544486217536","trial_id":18,"param_name":"lr","param_value_internal":0.03010149725730192,"distribution":"{\"name\": \"FloatDistribution\", \"attributes\": {\"step\": null, \"low\": 0.0001, \"high\": 0.1, \"log\": true}}"}
{"op_code":5,"worker_id":"cb16bb82-05b1-480f-95f2-7ec71bda571c-140544486217536","trial_id":18,"param_name":"dropout","param_value_internal":0.28149191978042126,"distribution":"{\"name\": \"FloatDistribution\", \"attributes\": {\"step\": null, \"low\": 0.0, \"high\": 0.5, \"log\": false}}"}
{"op_code":5,"worker_id":"cb16bb82-05b1-480f-95f2-7ec71bda571c-140544486217536","trial_id":18,"param_name":"nodes","param_value_internal":1,"distribution":"{\"name\": \"CategoricalDistribution\", \"attributes\": {\"choices\": [\"64-64\", \"128-64\", \"256-128\"]}}"}
{"op_code":6,"worker_id":"cb16bb82-05b1-480f-95f2-7ec71bda571c-140544486217536","trial_id":18,"state":1,"values":[0.616822429906542],"datetime_complete":"2026-04-01T03:28:24.586227"}
{"op_code":4,"worker_id":"cb16bb82-05b1-480f-95f2-7ec71bda571c-140544486217536","study_id":0,"datetime_start":"2026-04-01T03:28:24.616085"}
{"op_code":5,"worker_id":"cb16bb82-05b1-480f-95f2-7ec71bda571c-140544486217536","trial_id":19,"param_name":"lr","param_value_internal":0.0057964514706876635,"distribution":"{\"name\": \"FloatDistribution\", \"attributes\": {\"step\": null, \"low\": 0.0001, \"high\": 0.1, \"log\": true}}"}
{"op_code":5,"worker_id":"cb16bb82-05b1-480f-95f2-7ec71bda571c-140544486217536","trial_id":19,"param_name":"dropout","param_value_internal":0.11093443447796773,"distribution":"{\"name\": \"FloatDistribution\", \"attributes\": {\"step\": null, \"low\": 0.0, \"high\": 0.5, \"log\": false}}"}
{"op_code":5,"worker_id":"cb16bb82-05b1-480f-95f2-7ec71bda571c-140544486217536","trial_id":19,"param_name":"nodes","param_value_internal":0,"distribution":"{\"name\": \"CategoricalDistribution\", \"attributes\": {\"choices\": [\"64-64\", \"128-64\", \"256-128\"]}}"}
{"op_code":6,"worker_id":"cb16bb82-05b1-480f-95f2-7ec71bda571c-140544486217536","trial_id":19,"state":1,"values":[0.6230529595015576],"datetime_complete":"2026-04-01T03:28:25.109931"}
