{"op_code":0,"worker_id":"ec556d99-dfc2-46ea-b4c0-032c351e51e9-140544486217536","study_name":"tabicl_mtlr","directions":[2]}
{"op_code":4,"worker_id":"ec556d99-dfc2-46ea-b4c0-032c351e51e9-140544486217536","study_id":0,"datetime_start":"2026-04-01T07:47:50.634801"}
{"op_code":5,"worker_id":"ec556d99-dfc2-46ea-b4c0-032c351e51e9-140544486217536","trial_id":0,"param_name":"lr","param_value_internal":0.0033105807561700368,"distribution":"{\"name\": \"FloatDistribution\", \"attributes\": {\"step\": null, \"low\": 0.0001, \"high\": 0.1, \"log\": true}}"}
{"op_code":5,"worker_id":"ec556d99-dfc2-46ea-b4c0-032c351e51e9-140544486217536","trial_id":0,"param_name":"dropout","param_value_internal":0.32714933026248055,"distribution":"{\"name\": \"FloatDistribution\", \"attributes\": {\"step\": null, \"low\": 0.0, \"high\": 0.5, \"log\": false}}"}
{"op_code":5,"worker_id":"ec556d99-dfc2-46ea-b4c0-032c351e51e9-140544486217536","trial_id":0,"param_name":"nodes","param_value_internal":1,"distribution":"{\"name\": \"CategoricalDistribution\", \"attributes\": {\"choices\": [\"64-64\", \"128-64\", \"256-128\"]}}"}
{"op_code":6,"worker_id":"ec556d99-dfc2-46ea-b4c0-032c351e51e9-140544486217536","trial_id":0,"state":1,"values":[0.9338344641695325],"datetime_complete":"2026-04-01T07:47:55.007860"}
{"op_code":4,"worker_id":"ec556d99-dfc2-46ea-b4c0-032c351e51e9-140544486217536","study_id":0,"datetime_start":"2026-04-01T07:47:55.026312"}
{"op_code":5,"worker_id":"ec556d99-dfc2-46ea-b4c0-032c351e51e9-140544486217536","trial_id":1,"param_name":"lr","param_value_internal":0.00019132384319549563,"distribution":"{\"name\": \"FloatDistribution\", \"attributes\": {\"step\": null, \"low\": 0.0001, \"high\": 0.1, \"log\": true}}"}
{"op_code":5,"worker_id":"ec556d99-dfc2-46ea-b4c0-032c351e51e9-140544486217536","trial_id":1,"param_name":"dropout","param_value_internal":0.31208676878289004,"distribution":"{\"name\": \"FloatDistribution\", \"attributes\": {\"step\": null, \"low\": 0.0, \"high\": 0.5, \"log\": false}}"}
{"op_code":5,"worker_id":"ec556d99-dfc2-46ea-b4c0-032c351e51e9-140544486217536","trial_id":1,"param_name":"nodes","param_value_internal":1,"distribution":"{\"name\": \"CategoricalDistribution\", \"attributes\": {\"choices\": [\"64-64\", \"128-64\", \"256-128\"]}}"}
{"op_code":6,"worker_id":"ec556d99-dfc2-46ea-b4c0-032c351e51e9-140544486217536","trial_id":1,"state":1,"values":[0.9292375375654491],"datetime_complete":"2026-04-01T07:47:59.411566"}
{"op_code":4,"worker_id":"ec556d99-dfc2-46ea-b4c0-032c351e51e9-140544486217536","study_id":0,"datetime_start":"2026-04-01T07:47:59.430096"}
{"op_code":5,"worker_id":"ec556d99-dfc2-46ea-b4c0-032c351e51e9-140544486217536","trial_id":2,"param_name":"lr","param_value_internal":0.00504107195770784,"distribution":"{\"name\": \"FloatDistribution\", \"attributes\": {\"step\": null, \"low\": 0.0001, \"high\": 0.1, \"log\": true}}"}
{"op_code":5,"worker_id":"ec556d99-dfc2-46ea-b4c0-032c351e51e9-140544486217536","trial_id":2,"param_name":"dropout","param_value_internal":0.11391706742306323,"distribution":"{\"name\": \"FloatDistribution\", \"attributes\": {\"step\": null, \"low\": 0.0, \"high\": 0.5, \"log\": false}}"}
{"op_code":5,"worker_id":"ec556d99-dfc2-46ea-b4c0-032c351e51e9-140544486217536","trial_id":2,"param_name":"nodes","param_value_internal":2,"distribution":"{\"name\": \"CategoricalDistribution\", \"attributes\": {\"choices\": [\"64-64\", \"128-64\", \"256-128\"]}}"}
{"op_code":6,"worker_id":"ec556d99-dfc2-46ea-b4c0-032c351e51e9-140544486217536","trial_id":2,"state":1,"values":[0.9277000650618087],"datetime_complete":"2026-04-01T07:48:03.809725"}
{"op_code":4,"worker_id":"ec556d99-dfc2-46ea-b4c0-032c351e51e9-140544486217536","study_id":0,"datetime_start":"2026-04-01T07:48:03.827718"}
{"op_code":5,"worker_id":"ec556d99-dfc2-46ea-b4c0-032c351e51e9-140544486217536","trial_id":3,"param_name":"lr","param_value_internal":0.0014294420311100737,"distribution":"{\"name\": \"FloatDistribution\", \"attributes\": {\"step\": null, \"low\": 0.0001, \"high\": 0.1, \"log\": true}}"}
{"op_code":5,"worker_id":"ec556d99-dfc2-46ea-b4c0-032c351e51e9-140544486217536","trial_id":3,"param_name":"dropout","param_value_internal":0.024387417363433972,"distribution":"{\"name\": \"FloatDistribution\", \"attributes\": {\"step\": null, \"low\": 0.0, \"high\": 0.5, \"log\": false}}"}
{"op_code":5,"worker_id":"ec556d99-dfc2-46ea-b4c0-032c351e51e9-140544486217536","trial_id":3,"param_name":"nodes","param_value_internal":0,"distribution":"{\"name\": \"CategoricalDistribution\", \"attributes\": {\"choices\": [\"64-64\", \"128-64\", \"256-128\"]}}"}
{"op_code":6,"worker_id":"ec556d99-dfc2-46ea-b4c0-032c351e51e9-140544486217536","trial_id":3,"state":1,"values":[0.9238660656194814],"datetime_complete":"2026-04-01T07:48:08.189108"}
{"op_code":4,"worker_id":"ec556d99-dfc2-46ea-b4c0-032c351e51e9-140544486217536","study_id":0,"datetime_start":"2026-04-01T07:48:08.213206"}
{"op_code":5,"worker_id":"ec556d99-dfc2-46ea-b4c0-032c351e51e9-140544486217536","trial_id":4,"param_name":"lr","param_value_internal":0.00029881168296252845,"distribution":"{\"name\": \"FloatDistribution\", \"attributes\": {\"step\": null, \"low\": 0.0001, \"high\": 0.1, \"log\": true}}"}
{"op_code":5,"worker_id":"ec556d99-dfc2-46ea-b4c0-032c351e51e9-140544486217536","trial_id":4,"param_name":"dropout","param_value_internal":0.017998098955177566,"distribution":"{\"name\": \"FloatDistribution\", \"attributes\": {\"step\": null, \"low\": 0.0, \"high\": 0.5, \"log\": false}}"}
{"op_code":5,"worker_id":"ec556d99-dfc2-46ea-b4c0-032c351e51e9-140544486217536","trial_id":4,"param_name":"nodes","param_value_internal":0,"distribution":"{\"name\": \"CategoricalDistribution\", \"attributes\": {\"choices\": [\"64-64\", \"128-64\", \"256-128\"]}}"}
{"op_code":6,"worker_id":"ec556d99-dfc2-46ea-b4c0-032c351e51e9-140544486217536","trial_id":4,"state":1,"values":[0.9279130650308269],"datetime_complete":"2026-04-01T07:48:12.585108"}
{"op_code":4,"worker_id":"ec556d99-dfc2-46ea-b4c0-032c351e51e9-140544486217536","study_id":0,"datetime_start":"2026-04-01T07:48:12.602754"}
{"op_code":5,"worker_id":"ec556d99-dfc2-46ea-b4c0-032c351e51e9-140544486217536","trial_id":5,"param_name":"lr","param_value_internal":0.00037806661874484007,"distribution":"{\"name\": \"FloatDistribution\", \"attributes\": {\"step\": null, \"low\": 0.0001, \"high\": 0.1, \"log\": true}}"}
{"op_code":5,"worker_id":"ec556d99-dfc2-46ea-b4c0-032c351e51e9-140544486217536","trial_id":5,"param_name":"dropout","param_value_internal":0.005997818222023887,"distribution":"{\"name\": \"FloatDistribution\", \"attributes\": {\"step\": null, \"low\": 0.0, \"high\": 0.5, \"log\": false}}"}
{"op_code":5,"worker_id":"ec556d99-dfc2-46ea-b4c0-032c351e51e9-140544486217536","trial_id":5,"param_name":"nodes","param_value_internal":2,"distribution":"{\"name\": \"CategoricalDistribution\", \"attributes\": {\"choices\": [\"64-64\", \"128-64\", \"256-128\"]}}"}
{"op_code":6,"worker_id":"ec556d99-dfc2-46ea-b4c0-032c351e51e9-140544486217536","trial_id":5,"state":1,"values":[0.9165388666852557],"datetime_complete":"2026-04-01T07:48:16.985048"}
{"op_code":4,"worker_id":"ec556d99-dfc2-46ea-b4c0-032c351e51e9-140544486217536","study_id":0,"datetime_start":"2026-04-01T07:48:17.002754"}
{"op_code":5,"worker_id":"ec556d99-dfc2-46ea-b4c0-032c351e51e9-140544486217536","trial_id":6,"param_name":"lr","param_value_internal":0.001702249560158217,"distribution":"{\"name\": \"FloatDistribution\", \"attributes\": {\"step\": null, \"low\": 0.0001, \"high\": 0.1, \"log\": true}}"}
{"op_code":5,"worker_id":"ec556d99-dfc2-46ea-b4c0-032c351e51e9-140544486217536","trial_id":6,"param_name":"dropout","param_value_internal":0.21954383278401973,"distribution":"{\"name\": \"FloatDistribution\", \"attributes\": {\"step\": null, \"low\": 0.0, \"high\": 0.5, \"log\": false}}"}
{"op_code":5,"worker_id":"ec556d99-dfc2-46ea-b4c0-032c351e51e9-140544486217536","trial_id":6,"param_name":"nodes","param_value_internal":0,"distribution":"{\"name\": \"CategoricalDistribution\", \"attributes\": {\"choices\": [\"64-64\", \"128-64\", \"256-128\"]}}"}
{"op_code":6,"worker_id":"ec556d99-dfc2-46ea-b4c0-032c351e51e9-140544486217536","trial_id":6,"state":1,"values":[0.9290942466772005],"datetime_complete":"2026-04-01T07:48:21.373495"}
{"op_code":4,"worker_id":"ec556d99-dfc2-46ea-b4c0-032c351e51e9-140544486217536","study_id":0,"datetime_start":"2026-04-01T07:48:21.391422"}
{"op_code":5,"worker_id":"ec556d99-dfc2-46ea-b4c0-032c351e51e9-140544486217536","trial_id":7,"param_name":"lr","param_value_internal":0.0010691422753657282,"distribution":"{\"name\": \"FloatDistribution\", \"attributes\": {\"step\": null, \"low\": 0.0001, \"high\": 0.1, \"log\": true}}"}
{"op_code":5,"worker_id":"ec556d99-dfc2-46ea-b4c0-032c351e51e9-140544486217536","trial_id":7,"param_name":"dropout","param_value_internal":0.42856301660207025,"distribution":"{\"name\": \"FloatDistribution\", \"attributes\": {\"step\": null, \"low\": 0.0, \"high\": 0.5, \"log\": false}}"}
{"op_code":5,"worker_id":"ec556d99-dfc2-46ea-b4c0-032c351e51e9-140544486217536","trial_id":7,"param_name":"nodes","param_value_internal":2,"distribution":"{\"name\": \"CategoricalDistribution\", \"attributes\": {\"choices\": [\"64-64\", \"128-64\", \"256-128\"]}}"}
{"op_code":6,"worker_id":"ec556d99-dfc2-46ea-b4c0-032c351e51e9-140544486217536","trial_id":7,"state":1,"values":[0.9315805372246492],"datetime_complete":"2026-04-01T07:48:25.775501"}
{"op_code":4,"worker_id":"ec556d99-dfc2-46ea-b4c0-032c351e51e9-140544486217536","study_id":0,"datetime_start":"2026-04-01T07:48:25.795066"}
{"op_code":5,"worker_id":"ec556d99-dfc2-46ea-b4c0-032c351e51e9-140544486217536","trial_id":8,"param_name":"lr","param_value_internal":0.00059299838200491,"distribution":"{\"name\": \"FloatDistribution\", \"attributes\": {\"step\": null, \"low\": 0.0001, \"high\": 0.1, \"log\": true}}"}
{"op_code":5,"worker_id":"ec556d99-dfc2-46ea-b4c0-032c351e51e9-140544486217536","trial_id":8,"param_name":"dropout","param_value_internal":0.013177644857343795,"distribution":"{\"name\": \"FloatDistribution\", \"attributes\": {\"step\": null, \"low\": 0.0, \"high\": 0.5, \"log\": false}}"}
{"op_code":5,"worker_id":"ec556d99-dfc2-46ea-b4c0-032c351e51e9-140544486217536","trial_id":8,"param_name":"nodes","param_value_internal":0,"distribution":"{\"name\": \"CategoricalDistribution\", \"attributes\": {\"choices\": [\"64-64\", \"128-64\", \"256-128\"]}}"}
{"op_code":6,"worker_id":"ec556d99-dfc2-46ea-b4c0-032c351e51e9-140544486217536","trial_id":8,"state":1,"values":[0.9259224835021842],"datetime_complete":"2026-04-01T07:48:30.174557"}
{"op_code":4,"worker_id":"ec556d99-dfc2-46ea-b4c0-032c351e51e9-140544486217536","study_id":0,"datetime_start":"2026-04-01T07:48:30.188939"}
{"op_code":5,"worker_id":"ec556d99-dfc2-46ea-b4c0-032c351e51e9-140544486217536","trial_id":9,"param_name":"lr","param_value_internal":0.0006924543695999375,"distribution":"{\"name\": \"FloatDistribution\", \"attributes\": {\"step\": null, \"low\": 0.0001, \"high\": 0.1, \"log\": true}}"}
{"op_code":5,"worker_id":"ec556d99-dfc2-46ea-b4c0-032c351e51e9-140544486217536","trial_id":9,"param_name":"dropout","param_value_internal":0.13410510731074798,"distribution":"{\"name\": \"FloatDistribution\", \"attributes\": {\"step\": null, \"low\": 0.0, \"high\": 0.5, \"log\": false}}"}
{"op_code":5,"worker_id":"ec556d99-dfc2-46ea-b4c0-032c351e51e9-140544486217536","trial_id":9,"param_name":"nodes","param_value_internal":1,"distribution":"{\"name\": \"CategoricalDistribution\", \"attributes\": {\"choices\": [\"64-64\", \"128-64\", \"256-128\"]}}"}
{"op_code":6,"worker_id":"ec556d99-dfc2-46ea-b4c0-032c351e51e9-140544486217536","trial_id":9,"state":1,"values":[0.9297371193109645],"datetime_complete":"2026-04-01T07:48:34.578305"}
{"op_code":4,"worker_id":"ec556d99-dfc2-46ea-b4c0-032c351e51e9-140544486217536","study_id":0,"datetime_start":"2026-04-01T07:48:34.598009"}
{"op_code":5,"worker_id":"ec556d99-dfc2-46ea-b4c0-032c351e51e9-140544486217536","trial_id":10,"param_name":"lr","param_value_internal":0.04003610437435011,"distribution":"{\"name\": \"FloatDistribution\", \"attributes\": {\"step\": null, \"low\": 0.0001, \"high\": 0.1, \"log\": true}}"}
{"op_code":5,"worker_id":"ec556d99-dfc2-46ea-b4c0-032c351e51e9-140544486217536","trial_id":10,"param_name":"dropout","param_value_internal":0.4941740443315541,"distribution":"{\"name\": \"FloatDistribution\", \"attributes\": {\"step\": null, \"low\": 0.0, \"high\": 0.5, \"log\": false}}"}
{"op_code":5,"worker_id":"ec556d99-dfc2-46ea-b4c0-032c351e51e9-140544486217536","trial_id":10,"param_name":"nodes","param_value_internal":1,"distribution":"{\"name\": \"CategoricalDistribution\", \"attributes\": {\"choices\": [\"64-64\", \"128-64\", \"256-128\"]}}"}
{"op_code":6,"worker_id":"ec556d99-dfc2-46ea-b4c0-032c351e51e9-140544486217536","trial_id":10,"state":1,"values":[0.8848057440282554],"datetime_complete":"2026-04-01T07:48:38.991851"}
{"op_code":4,"worker_id":"ec556d99-dfc2-46ea-b4c0-032c351e51e9-140544486217536","study_id":0,"datetime_start":"2026-04-01T07:48:39.010642"}
{"op_code":5,"worker_id":"ec556d99-dfc2-46ea-b4c0-032c351e51e9-140544486217536","trial_id":11,"param_name":"lr","param_value_internal":0.007207066505131341,"distribution":"{\"name\": \"FloatDistribution\", \"attributes\": {\"step\": null, \"low\": 0.0001, \"high\": 0.1, \"log\": true}}"}
{"op_code":5,"worker_id":"ec556d99-dfc2-46ea-b4c0-032c351e51e9-140544486217536","trial_id":11,"param_name":"dropout","param_value_internal":0.4239939374304932,"distribution":"{\"name\": \"FloatDistribution\", \"attributes\": {\"step\": null, \"low\": 0.0, \"high\": 0.5, \"log\": false}}"}
{"op_code":5,"worker_id":"ec556d99-dfc2-46ea-b4c0-032c351e51e9-140544486217536","trial_id":11,"param_name":"nodes","param_value_internal":2,"distribution":"{\"name\": \"CategoricalDistribution\", \"attributes\": {\"choices\": [\"64-64\", \"128-64\", \"256-128\"]}}"}
{"op_code":6,"worker_id":"ec556d99-dfc2-46ea-b4c0-032c351e51e9-140544486217536","trial_id":11,"state":1,"values":[0.9308640827834062],"datetime_complete":"2026-04-01T07:48:43.380982"}
{"op_code":4,"worker_id":"ec556d99-dfc2-46ea-b4c0-032c351e51e9-140544486217536","study_id":0,"datetime_start":"2026-04-01T07:48:43.395077"}
{"op_code":5,"worker_id":"ec556d99-dfc2-46ea-b4c0-032c351e51e9-140544486217536","trial_id":12,"param_name":"lr","param_value_internal":0.014314893381631374,"distribution":"{\"name\": \"FloatDistribution\", \"attributes\": {\"step\": null, \"low\": 0.0001, \"high\": 0.1, \"log\": true}}"}
{"op_code":5,"worker_id":"ec556d99-dfc2-46ea-b4c0-032c351e51e9-140544486217536","trial_id":12,"param_name":"dropout","param_value_internal":0.3402790283142776,"distribution":"{\"name\": \"FloatDistribution\", \"attributes\": {\"step\": null, \"low\": 0.0, \"high\": 0.5, \"log\": false}}"}
{"op_code":5,"worker_id":"ec556d99-dfc2-46ea-b4c0-032c351e51e9-140544486217536","trial_id":12,"param_name":"nodes","param_value_internal":2,"distribution":"{\"name\": \"CategoricalDistribution\", \"attributes\": {\"choices\": [\"64-64\", \"128-64\", \"256-128\"]}}"}
{"op_code":6,"worker_id":"ec556d99-dfc2-46ea-b4c0-032c351e51e9-140544486217536","trial_id":12,"state":1,"values":[0.9340861914056449],"datetime_complete":"2026-04-01T07:48:47.770267"}
{"op_code":4,"worker_id":"ec556d99-dfc2-46ea-b4c0-032c351e51e9-140544486217536","study_id":0,"datetime_start":"2026-04-01T07:48:47.783906"}
{"op_code":5,"worker_id":"ec556d99-dfc2-46ea-b4c0-032c351e51e9-140544486217536","trial_id":13,"param_name":"lr","param_value_internal":0.018111265938864186,"distribution":"{\"name\": \"FloatDistribution\", \"attributes\": {\"step\": null, \"low\": 0.0001, \"high\": 0.1, \"log\": true}}"}
{"op_code":5,"worker_id":"ec556d99-dfc2-46ea-b4c0-032c351e51e9-140544486217536","trial_id":13,"param_name":"dropout","param_value_internal":0.3050605395201742,"distribution":"{\"name\": \"FloatDistribution\", \"attributes\": {\"step\": null, \"low\": 0.0, \"high\": 0.5, \"log\": false}}"}
{"op_code":5,"worker_id":"ec556d99-dfc2-46ea-b4c0-032c351e51e9-140544486217536","trial_id":13,"param_name":"nodes","param_value_internal":1,"distribution":"{\"name\": \"CategoricalDistribution\", \"attributes\": {\"choices\": [\"64-64\", \"128-64\", \"256-128\"]}}"}
{"op_code":6,"worker_id":"ec556d99-dfc2-46ea-b4c0-032c351e51e9-140544486217536","trial_id":13,"state":1,"values":[0.9318787371812746],"datetime_complete":"2026-04-01T07:48:52.158342"}
{"op_code":4,"worker_id":"ec556d99-dfc2-46ea-b4c0-032c351e51e9-140544486217536","study_id":0,"datetime_start":"2026-04-01T07:48:52.181242"}
{"op_code":5,"worker_id":"ec556d99-dfc2-46ea-b4c0-032c351e51e9-140544486217536","trial_id":14,"param_name":"lr","param_value_internal":0.07210529725049757,"distribution":"{\"name\": \"FloatDistribution\", \"attributes\": {\"step\": null, \"low\": 0.0001, \"high\": 0.1, \"log\": true}}"}
{"op_code":5,"worker_id":"ec556d99-dfc2-46ea-b4c0-032c351e51e9-140544486217536","trial_id":14,"param_name":"dropout","param_value_internal":0.34741844534922284,"distribution":"{\"name\": \"FloatDistribution\", \"attributes\": {\"step\": null, \"low\": 0.0, \"high\": 0.5, \"log\": false}}"}
{"op_code":5,"worker_id":"ec556d99-dfc2-46ea-b4c0-032c351e51e9-140544486217536","trial_id":14,"param_name":"nodes","param_value_internal":2,"distribution":"{\"name\": \"CategoricalDistribution\", \"attributes\": {\"choices\": [\"64-64\", \"128-64\", \"256-128\"]}}"}
{"op_code":6,"worker_id":"ec556d99-dfc2-46ea-b4c0-032c351e51e9-140544486217536","trial_id":14,"state":1,"values":[0.8382749326145552],"datetime_complete":"2026-04-01T07:48:56.554730"}
{"op_code":4,"worker_id":"ec556d99-dfc2-46ea-b4c0-032c351e51e9-140544486217536","study_id":0,"datetime_start":"2026-04-01T07:48:56.573196"}
{"op_code":5,"worker_id":"ec556d99-dfc2-46ea-b4c0-032c351e51e9-140544486217536","trial_id":15,"param_name":"lr","param_value_internal":0.012827927802643083,"distribution":"{\"name\": \"FloatDistribution\", \"attributes\": {\"step\": null, \"low\": 0.0001, \"high\": 0.1, \"log\": true}}"}
{"op_code":5,"worker_id":"ec556d99-dfc2-46ea-b4c0-032c351e51e9-140544486217536","trial_id":15,"param_name":"dropout","param_value_internal":0.2299952456832361,"distribution":"{\"name\": \"FloatDistribution\", \"attributes\": {\"step\": null, \"low\": 0.0, \"high\": 0.5, \"log\": false}}"}
{"op_code":5,"worker_id":"ec556d99-dfc2-46ea-b4c0-032c351e51e9-140544486217536","trial_id":15,"param_name":"nodes","param_value_internal":1,"distribution":"{\"name\": \"CategoricalDistribution\", \"attributes\": {\"choices\": [\"64-64\", \"128-64\", \"256-128\"]}}"}
{"op_code":6,"worker_id":"ec556d99-dfc2-46ea-b4c0-032c351e51e9-140544486217536","trial_id":15,"state":1,"values":[0.9298494283855376],"datetime_complete":"2026-04-01T07:49:00.967295"}
{"op_code":4,"worker_id":"ec556d99-dfc2-46ea-b4c0-032c351e51e9-140544486217536","study_id":0,"datetime_start":"2026-04-01T07:49:00.989790"}
{"op_code":5,"worker_id":"ec556d99-dfc2-46ea-b4c0-032c351e51e9-140544486217536","trial_id":16,"param_name":"lr","param_value_internal":0.002713592514561923,"distribution":"{\"name\": \"FloatDistribution\", \"attributes\": {\"step\": null, \"low\": 0.0001, \"high\": 0.1, \"log\": true}}"}
{"op_code":5,"worker_id":"ec556d99-dfc2-46ea-b4c0-032c351e51e9-140544486217536","trial_id":16,"param_name":"dropout","param_value_internal":0.37818891042426395,"distribution":"{\"name\": \"FloatDistribution\", \"attributes\": {\"step\": null, \"low\": 0.0, \"high\": 0.5, \"log\": false}}"}
{"op_code":5,"worker_id":"ec556d99-dfc2-46ea-b4c0-032c351e51e9-140544486217536","trial_id":16,"param_name":"nodes","param_value_internal":1,"distribution":"{\"name\": \"CategoricalDistribution\", \"attributes\": {\"choices\": [\"64-64\", \"128-64\", \"256-128\"]}}"}
{"op_code":6,"worker_id":"ec556d99-dfc2-46ea-b4c0-032c351e51e9-140544486217536","trial_id":16,"state":1,"values":[0.9318864826346934],"datetime_complete":"2026-04-01T07:49:05.415502"}
{"op_code":4,"worker_id":"ec556d99-dfc2-46ea-b4c0-032c351e51e9-140544486217536","study_id":0,"datetime_start":"2026-04-01T07:49:05.446628"}
{"op_code":5,"worker_id":"ec556d99-dfc2-46ea-b4c0-032c351e51e9-140544486217536","trial_id":17,"param_name":"lr","param_value_internal":0.023473899252692516,"distribution":"{\"name\": \"FloatDistribution\", \"attributes\": {\"step\": null, \"low\": 0.0001, \"high\": 0.1, \"log\": true}}"}
{"op_code":5,"worker_id":"ec556d99-dfc2-46ea-b4c0-032c351e51e9-140544486217536","trial_id":17,"param_name":"dropout","param_value_internal":0.27680293001308204,"distribution":"{\"name\": \"FloatDistribution\", \"attributes\": {\"step\": null, \"low\": 0.0, \"high\": 0.5, \"log\": false}}"}
{"op_code":5,"worker_id":"ec556d99-dfc2-46ea-b4c0-032c351e51e9-140544486217536","trial_id":17,"param_name":"nodes","param_value_internal":2,"distribution":"{\"name\": \"CategoricalDistribution\", \"attributes\": {\"choices\": [\"64-64\", \"128-64\", \"256-128\"]}}"}
{"op_code":6,"worker_id":"ec556d99-dfc2-46ea-b4c0-032c351e51e9-140544486217536","trial_id":17,"state":1,"values":[0.9308331009697308],"datetime_complete":"2026-04-01T07:49:09.893107"}
{"op_code":4,"worker_id":"ec556d99-dfc2-46ea-b4c0-032c351e51e9-140544486217536","study_id":0,"datetime_start":"2026-04-01T07:49:09.914656"}
{"op_code":5,"worker_id":"ec556d99-dfc2-46ea-b4c0-032c351e51e9-140544486217536","trial_id":18,"param_name":"lr","param_value_internal":0.008697462986124352,"distribution":"{\"name\": \"FloatDistribution\", \"attributes\": {\"step\": null, \"low\": 0.0001, \"high\": 0.1, \"log\": true}}"}
{"op_code":5,"worker_id":"ec556d99-dfc2-46ea-b4c0-032c351e51e9-140544486217536","trial_id":18,"param_name":"dropout","param_value_internal":0.1516864054499989,"distribution":"{\"name\": \"FloatDistribution\", \"attributes\": {\"step\": null, \"low\": 0.0, \"high\": 0.5, \"log\": false}}"}
{"op_code":5,"worker_id":"ec556d99-dfc2-46ea-b4c0-032c351e51e9-140544486217536","trial_id":18,"param_name":"nodes","param_value_internal":1,"distribution":"{\"name\": \"CategoricalDistribution\", \"attributes\": {\"choices\": [\"64-64\", \"128-64\", \"256-128\"]}}"}
{"op_code":6,"worker_id":"ec556d99-dfc2-46ea-b4c0-032c351e51e9-140544486217536","trial_id":18,"state":1,"values":[0.9301321374353254],"datetime_complete":"2026-04-01T07:49:14.350936"}
{"op_code":4,"worker_id":"ec556d99-dfc2-46ea-b4c0-032c351e51e9-140544486217536","study_id":0,"datetime_start":"2026-04-01T07:49:14.374753"}
{"op_code":5,"worker_id":"ec556d99-dfc2-46ea-b4c0-032c351e51e9-140544486217536","trial_id":19,"param_name":"lr","param_value_internal":0.0036183126960525947,"distribution":"{\"name\": \"FloatDistribution\", \"attributes\": {\"step\": null, \"low\": 0.0001, \"high\": 0.1, \"log\": true}}"}
{"op_code":5,"worker_id":"ec556d99-dfc2-46ea-b4c0-032c351e51e9-140544486217536","trial_id":19,"param_name":"dropout","param_value_internal":0.3833063384419582,"distribution":"{\"name\": \"FloatDistribution\", \"attributes\": {\"step\": null, \"low\": 0.0, \"high\": 0.5, \"log\": false}}"}
{"op_code":5,"worker_id":"ec556d99-dfc2-46ea-b4c0-032c351e51e9-140544486217536","trial_id":19,"param_name":"nodes","param_value_internal":2,"distribution":"{\"name\": \"CategoricalDistribution\", \"attributes\": {\"choices\": [\"64-64\", \"128-64\", \"256-128\"]}}"}
{"op_code":6,"worker_id":"ec556d99-dfc2-46ea-b4c0-032c351e51e9-140544486217536","trial_id":19,"state":1,"values":[0.9326881370635437],"datetime_complete":"2026-04-01T07:49:18.758188"}
