{"op_code":0,"worker_id":"219a1a75-ae06-4eac-8e25-b980d223e25f-139980335085376","study_name":"beta_surv_tuning","directions":[1]}
{"op_code":4,"worker_id":"219a1a75-ae06-4eac-8e25-b980d223e25f-139980335085376","study_id":0,"datetime_start":"2026-04-03T00:16:23.373546"}
{"op_code":5,"worker_id":"219a1a75-ae06-4eac-8e25-b980d223e25f-139980335085376","trial_id":0,"param_name":"lr","param_value_internal":0.0007261498321538335,"distribution":"{\"name\": \"FloatDistribution\", \"attributes\": {\"step\": null, \"low\": 0.0001, \"high\": 0.01, \"log\": true}}"}
{"op_code":5,"worker_id":"219a1a75-ae06-4eac-8e25-b980d223e25f-139980335085376","trial_id":0,"param_name":"context_size","param_value_internal":128.0,"distribution":"{\"name\": \"IntDistribution\", \"attributes\": {\"log\": false, \"step\": 128, \"low\": 128, \"high\": 1024}}"}
{"op_code":5,"worker_id":"219a1a75-ae06-4eac-8e25-b980d223e25f-139980335085376","trial_id":0,"param_name":"backbone_dim","param_value_internal":2,"distribution":"{\"name\": \"CategoricalDistribution\", \"attributes\": {\"choices\": [32, 64, 128, 256]}}"}
{"op_code":6,"worker_id":"219a1a75-ae06-4eac-8e25-b980d223e25f-139980335085376","trial_id":0,"state":1,"values":[-0.03894804251550288],"datetime_complete":"2026-04-03T00:39:15.507680"}
{"op_code":4,"worker_id":"219a1a75-ae06-4eac-8e25-b980d223e25f-139980335085376","study_id":0,"datetime_start":"2026-04-03T00:39:15.536153"}
{"op_code":5,"worker_id":"219a1a75-ae06-4eac-8e25-b980d223e25f-139980335085376","trial_id":1,"param_name":"lr","param_value_internal":0.00037698304619887844,"distribution":"{\"name\": \"FloatDistribution\", \"attributes\": {\"step\": null, \"low\": 0.0001, \"high\": 0.01, \"log\": true}}"}
{"op_code":5,"worker_id":"219a1a75-ae06-4eac-8e25-b980d223e25f-139980335085376","trial_id":1,"param_name":"context_size","param_value_internal":128.0,"distribution":"{\"name\": \"IntDistribution\", \"attributes\": {\"log\": false, \"step\": 128, \"low\": 128, \"high\": 1024}}"}
{"op_code":5,"worker_id":"219a1a75-ae06-4eac-8e25-b980d223e25f-139980335085376","trial_id":1,"param_name":"backbone_dim","param_value_internal":3,"distribution":"{\"name\": \"CategoricalDistribution\", \"attributes\": {\"choices\": [32, 64, 128, 256]}}"}
{"op_code":6,"worker_id":"219a1a75-ae06-4eac-8e25-b980d223e25f-139980335085376","trial_id":1,"state":1,"values":[-0.1951844506064788],"datetime_complete":"2026-04-03T01:02:10.094344"}
{"op_code":4,"worker_id":"219a1a75-ae06-4eac-8e25-b980d223e25f-139980335085376","study_id":0,"datetime_start":"2026-04-03T01:02:10.121404"}
{"op_code":5,"worker_id":"219a1a75-ae06-4eac-8e25-b980d223e25f-139980335085376","trial_id":2,"param_name":"lr","param_value_internal":0.00046211090723737085,"distribution":"{\"name\": \"FloatDistribution\", \"attributes\": {\"step\": null, \"low\": 0.0001, \"high\": 0.01, \"log\": true}}"}
{"op_code":5,"worker_id":"219a1a75-ae06-4eac-8e25-b980d223e25f-139980335085376","trial_id":2,"param_name":"context_size","param_value_internal":640.0,"distribution":"{\"name\": \"IntDistribution\", \"attributes\": {\"log\": false, \"step\": 128, \"low\": 128, \"high\": 1024}}"}
{"op_code":5,"worker_id":"219a1a75-ae06-4eac-8e25-b980d223e25f-139980335085376","trial_id":2,"param_name":"backbone_dim","param_value_internal":2,"distribution":"{\"name\": \"CategoricalDistribution\", \"attributes\": {\"choices\": [32, 64, 128, 256]}}"}
{"op_code":6,"worker_id":"219a1a75-ae06-4eac-8e25-b980d223e25f-139980335085376","trial_id":2,"state":1,"values":[-0.21706097524169868],"datetime_complete":"2026-04-03T01:25:02.678468"}
{"op_code":4,"worker_id":"219a1a75-ae06-4eac-8e25-b980d223e25f-139980335085376","study_id":0,"datetime_start":"2026-04-03T01:25:02.694706"}
{"op_code":5,"worker_id":"219a1a75-ae06-4eac-8e25-b980d223e25f-139980335085376","trial_id":3,"param_name":"lr","param_value_internal":0.003890766219105315,"distribution":"{\"name\": \"FloatDistribution\", \"attributes\": {\"step\": null, \"low\": 0.0001, \"high\": 0.01, \"log\": true}}"}
{"op_code":5,"worker_id":"219a1a75-ae06-4eac-8e25-b980d223e25f-139980335085376","trial_id":3,"param_name":"context_size","param_value_internal":512.0,"distribution":"{\"name\": \"IntDistribution\", \"attributes\": {\"log\": false, \"step\": 128, \"low\": 128, \"high\": 1024}}"}
{"op_code":5,"worker_id":"219a1a75-ae06-4eac-8e25-b980d223e25f-139980335085376","trial_id":3,"param_name":"backbone_dim","param_value_internal":2,"distribution":"{\"name\": \"CategoricalDistribution\", \"attributes\": {\"choices\": [32, 64, 128, 256]}}"}
{"op_code":6,"worker_id":"219a1a75-ae06-4eac-8e25-b980d223e25f-139980335085376","trial_id":3,"state":1,"values":[-0.03663067712729677],"datetime_complete":"2026-04-03T01:47:49.932287"}
{"op_code":4,"worker_id":"219a1a75-ae06-4eac-8e25-b980d223e25f-139980335085376","study_id":0,"datetime_start":"2026-04-03T01:47:49.954012"}
{"op_code":5,"worker_id":"219a1a75-ae06-4eac-8e25-b980d223e25f-139980335085376","trial_id":4,"param_name":"lr","param_value_internal":0.007659349407392549,"distribution":"{\"name\": \"FloatDistribution\", \"attributes\": {\"step\": null, \"low\": 0.0001, \"high\": 0.01, \"log\": true}}"}
{"op_code":5,"worker_id":"219a1a75-ae06-4eac-8e25-b980d223e25f-139980335085376","trial_id":4,"param_name":"context_size","param_value_internal":768.0,"distribution":"{\"name\": \"IntDistribution\", \"attributes\": {\"log\": false, \"step\": 128, \"low\": 128, \"high\": 1024}}"}
{"op_code":5,"worker_id":"219a1a75-ae06-4eac-8e25-b980d223e25f-139980335085376","trial_id":4,"param_name":"backbone_dim","param_value_internal":0,"distribution":"{\"name\": \"CategoricalDistribution\", \"attributes\": {\"choices\": [32, 64, 128, 256]}}"}
{"op_code":6,"worker_id":"219a1a75-ae06-4eac-8e25-b980d223e25f-139980335085376","trial_id":4,"state":1,"values":[-0.06707256893829996],"datetime_complete":"2026-04-03T02:10:59.123885"}
{"op_code":4,"worker_id":"219a1a75-ae06-4eac-8e25-b980d223e25f-139980335085376","study_id":0,"datetime_start":"2026-04-03T02:10:59.150700"}
{"op_code":5,"worker_id":"219a1a75-ae06-4eac-8e25-b980d223e25f-139980335085376","trial_id":5,"param_name":"lr","param_value_internal":0.0007961350556172351,"distribution":"{\"name\": \"FloatDistribution\", \"attributes\": {\"step\": null, \"low\": 0.0001, \"high\": 0.01, \"log\": true}}"}
{"op_code":5,"worker_id":"219a1a75-ae06-4eac-8e25-b980d223e25f-139980335085376","trial_id":5,"param_name":"context_size","param_value_internal":768.0,"distribution":"{\"name\": \"IntDistribution\", \"attributes\": {\"log\": false, \"step\": 128, \"low\": 128, \"high\": 1024}}"}
{"op_code":5,"worker_id":"219a1a75-ae06-4eac-8e25-b980d223e25f-139980335085376","trial_id":5,"param_name":"backbone_dim","param_value_internal":3,"distribution":"{\"name\": \"CategoricalDistribution\", \"attributes\": {\"choices\": [32, 64, 128, 256]}}"}
{"op_code":6,"worker_id":"219a1a75-ae06-4eac-8e25-b980d223e25f-139980335085376","trial_id":5,"state":1,"values":[-0.030386247563045275],"datetime_complete":"2026-04-03T02:34:08.211442"}
{"op_code":4,"worker_id":"219a1a75-ae06-4eac-8e25-b980d223e25f-139980335085376","study_id":0,"datetime_start":"2026-04-03T02:34:08.234600"}
{"op_code":5,"worker_id":"219a1a75-ae06-4eac-8e25-b980d223e25f-139980335085376","trial_id":6,"param_name":"lr","param_value_internal":0.0010945429917550793,"distribution":"{\"name\": \"FloatDistribution\", \"attributes\": {\"step\": null, \"low\": 0.0001, \"high\": 0.01, \"log\": true}}"}
{"op_code":5,"worker_id":"219a1a75-ae06-4eac-8e25-b980d223e25f-139980335085376","trial_id":6,"param_name":"context_size","param_value_internal":640.0,"distribution":"{\"name\": \"IntDistribution\", \"attributes\": {\"log\": false, \"step\": 128, \"low\": 128, \"high\": 1024}}"}
{"op_code":5,"worker_id":"219a1a75-ae06-4eac-8e25-b980d223e25f-139980335085376","trial_id":6,"param_name":"backbone_dim","param_value_internal":2,"distribution":"{\"name\": \"CategoricalDistribution\", \"attributes\": {\"choices\": [32, 64, 128, 256]}}"}
{"op_code":6,"worker_id":"219a1a75-ae06-4eac-8e25-b980d223e25f-139980335085376","trial_id":6,"state":1,"values":[-0.008228845419409016],"datetime_complete":"2026-04-03T02:57:05.524777"}
{"op_code":4,"worker_id":"219a1a75-ae06-4eac-8e25-b980d223e25f-139980335085376","study_id":0,"datetime_start":"2026-04-03T02:57:05.542401"}
{"op_code":5,"worker_id":"219a1a75-ae06-4eac-8e25-b980d223e25f-139980335085376","trial_id":7,"param_name":"lr","param_value_internal":0.009190725955113188,"distribution":"{\"name\": \"FloatDistribution\", \"attributes\": {\"step\": null, \"low\": 0.0001, \"high\": 0.01, \"log\": true}}"}
{"op_code":5,"worker_id":"219a1a75-ae06-4eac-8e25-b980d223e25f-139980335085376","trial_id":7,"param_name":"context_size","param_value_internal":896.0,"distribution":"{\"name\": \"IntDistribution\", \"attributes\": {\"log\": false, \"step\": 128, \"low\": 128, \"high\": 1024}}"}
{"op_code":5,"worker_id":"219a1a75-ae06-4eac-8e25-b980d223e25f-139980335085376","trial_id":7,"param_name":"backbone_dim","param_value_internal":3,"distribution":"{\"name\": \"CategoricalDistribution\", \"attributes\": {\"choices\": [32, 64, 128, 256]}}"}
{"op_code":6,"worker_id":"219a1a75-ae06-4eac-8e25-b980d223e25f-139980335085376","trial_id":7,"state":1,"values":[-0.0],"datetime_complete":"2026-04-03T03:21:07.511579"}
{"op_code":4,"worker_id":"219a1a75-ae06-4eac-8e25-b980d223e25f-139980335085376","study_id":0,"datetime_start":"2026-04-03T03:21:07.525466"}
{"op_code":5,"worker_id":"219a1a75-ae06-4eac-8e25-b980d223e25f-139980335085376","trial_id":8,"param_name":"lr","param_value_internal":0.0010570895732525665,"distribution":"{\"name\": \"FloatDistribution\", \"attributes\": {\"step\": null, \"low\": 0.0001, \"high\": 0.01, \"log\": true}}"}
{"op_code":5,"worker_id":"219a1a75-ae06-4eac-8e25-b980d223e25f-139980335085376","trial_id":8,"param_name":"context_size","param_value_internal":128.0,"distribution":"{\"name\": \"IntDistribution\", \"attributes\": {\"log\": false, \"step\": 128, \"low\": 128, \"high\": 1024}}"}
{"op_code":5,"worker_id":"219a1a75-ae06-4eac-8e25-b980d223e25f-139980335085376","trial_id":8,"param_name":"backbone_dim","param_value_internal":2,"distribution":"{\"name\": \"CategoricalDistribution\", \"attributes\": {\"choices\": [32, 64, 128, 256]}}"}
{"op_code":6,"worker_id":"219a1a75-ae06-4eac-8e25-b980d223e25f-139980335085376","trial_id":8,"state":1,"values":[-0.0935373396489631],"datetime_complete":"2026-04-03T03:43:57.080633"}
{"op_code":4,"worker_id":"219a1a75-ae06-4eac-8e25-b980d223e25f-139980335085376","study_id":0,"datetime_start":"2026-04-03T03:43:57.114541"}
{"op_code":5,"worker_id":"219a1a75-ae06-4eac-8e25-b980d223e25f-139980335085376","trial_id":9,"param_name":"lr","param_value_internal":0.00017121097941876225,"distribution":"{\"name\": \"FloatDistribution\", \"attributes\": {\"step\": null, \"low\": 0.0001, \"high\": 0.01, \"log\": true}}"}
{"op_code":5,"worker_id":"219a1a75-ae06-4eac-8e25-b980d223e25f-139980335085376","trial_id":9,"param_name":"context_size","param_value_internal":896.0,"distribution":"{\"name\": \"IntDistribution\", \"attributes\": {\"log\": false, \"step\": 128, \"low\": 128, \"high\": 1024}}"}
{"op_code":5,"worker_id":"219a1a75-ae06-4eac-8e25-b980d223e25f-139980335085376","trial_id":9,"param_name":"backbone_dim","param_value_internal":1,"distribution":"{\"name\": \"CategoricalDistribution\", \"attributes\": {\"choices\": [32, 64, 128, 256]}}"}
{"op_code":6,"worker_id":"219a1a75-ae06-4eac-8e25-b980d223e25f-139980335085376","trial_id":9,"state":1,"values":[-0.18721601110796582],"datetime_complete":"2026-04-03T04:07:52.348446"}
{"op_code":4,"worker_id":"219a1a75-ae06-4eac-8e25-b980d223e25f-139980335085376","study_id":0,"datetime_start":"2026-04-03T04:07:52.362272"}
{"op_code":5,"worker_id":"219a1a75-ae06-4eac-8e25-b980d223e25f-139980335085376","trial_id":10,"param_name":"lr","param_value_internal":0.00010752933792376673,"distribution":"{\"name\": \"FloatDistribution\", \"attributes\": {\"step\": null, \"low\": 0.0001, \"high\": 0.01, \"log\": true}}"}
{"op_code":5,"worker_id":"219a1a75-ae06-4eac-8e25-b980d223e25f-139980335085376","trial_id":10,"param_name":"context_size","param_value_internal":384.0,"distribution":"{\"name\": \"IntDistribution\", \"attributes\": {\"log\": false, \"step\": 128, \"low\": 128, \"high\": 1024}}"}
{"op_code":5,"worker_id":"219a1a75-ae06-4eac-8e25-b980d223e25f-139980335085376","trial_id":10,"param_name":"backbone_dim","param_value_internal":1,"distribution":"{\"name\": \"CategoricalDistribution\", \"attributes\": {\"choices\": [32, 64, 128, 256]}}"}
{"op_code":6,"worker_id":"219a1a75-ae06-4eac-8e25-b980d223e25f-139980335085376","trial_id":10,"state":1,"values":[-0.15939695557725045],"datetime_complete":"2026-04-03T04:30:40.791218"}
{"op_code":4,"worker_id":"219a1a75-ae06-4eac-8e25-b980d223e25f-139980335085376","study_id":0,"datetime_start":"2026-04-03T04:30:40.815359"}
{"op_code":5,"worker_id":"219a1a75-ae06-4eac-8e25-b980d223e25f-139980335085376","trial_id":11,"param_name":"lr","param_value_internal":0.0003089796153006069,"distribution":"{\"name\": \"FloatDistribution\", \"attributes\": {\"step\": null, \"low\": 0.0001, \"high\": 0.01, \"log\": true}}"}
{"op_code":5,"worker_id":"219a1a75-ae06-4eac-8e25-b980d223e25f-139980335085376","trial_id":11,"param_name":"context_size","param_value_internal":384.0,"distribution":"{\"name\": \"IntDistribution\", \"attributes\": {\"log\": false, \"step\": 128, \"low\": 128, \"high\": 1024}}"}
{"op_code":5,"worker_id":"219a1a75-ae06-4eac-8e25-b980d223e25f-139980335085376","trial_id":11,"param_name":"backbone_dim","param_value_internal":3,"distribution":"{\"name\": \"CategoricalDistribution\", \"attributes\": {\"choices\": [32, 64, 128, 256]}}"}
{"op_code":6,"worker_id":"219a1a75-ae06-4eac-8e25-b980d223e25f-139980335085376","trial_id":11,"state":1,"values":[-0.15216343233139645],"datetime_complete":"2026-04-03T04:53:32.961350"}
{"op_code":4,"worker_id":"219a1a75-ae06-4eac-8e25-b980d223e25f-139980335085376","study_id":0,"datetime_start":"2026-04-03T04:53:32.988039"}
{"op_code":5,"worker_id":"219a1a75-ae06-4eac-8e25-b980d223e25f-139980335085376","trial_id":12,"param_name":"lr","param_value_internal":0.0003132147644742413,"distribution":"{\"name\": \"FloatDistribution\", \"attributes\": {\"step\": null, \"low\": 0.0001, \"high\": 0.01, \"log\": true}}"}
{"op_code":5,"worker_id":"219a1a75-ae06-4eac-8e25-b980d223e25f-139980335085376","trial_id":12,"param_name":"context_size","param_value_internal":384.0,"distribution":"{\"name\": \"IntDistribution\", \"attributes\": {\"log\": false, \"step\": 128, \"low\": 128, \"high\": 1024}}"}
{"op_code":5,"worker_id":"219a1a75-ae06-4eac-8e25-b980d223e25f-139980335085376","trial_id":12,"param_name":"backbone_dim","param_value_internal":0,"distribution":"{\"name\": \"CategoricalDistribution\", \"attributes\": {\"choices\": [32, 64, 128, 256]}}"}
{"op_code":6,"worker_id":"219a1a75-ae06-4eac-8e25-b980d223e25f-139980335085376","trial_id":12,"state":1,"values":[-0.25607817233696817],"datetime_complete":"2026-04-03T05:16:13.075527"}
{"op_code":4,"worker_id":"219a1a75-ae06-4eac-8e25-b980d223e25f-139980335085376","study_id":0,"datetime_start":"2026-04-03T05:16:13.099696"}
{"op_code":5,"worker_id":"219a1a75-ae06-4eac-8e25-b980d223e25f-139980335085376","trial_id":13,"param_name":"lr","param_value_internal":0.00032028436074992505,"distribution":"{\"name\": \"FloatDistribution\", \"attributes\": {\"step\": null, \"low\": 0.0001, \"high\": 0.01, \"log\": true}}"}
{"op_code":5,"worker_id":"219a1a75-ae06-4eac-8e25-b980d223e25f-139980335085376","trial_id":13,"param_name":"context_size","param_value_internal":384.0,"distribution":"{\"name\": \"IntDistribution\", \"attributes\": {\"log\": false, \"step\": 128, \"low\": 128, \"high\": 1024}}"}
{"op_code":5,"worker_id":"219a1a75-ae06-4eac-8e25-b980d223e25f-139980335085376","trial_id":13,"param_name":"backbone_dim","param_value_internal":0,"distribution":"{\"name\": \"CategoricalDistribution\", \"attributes\": {\"choices\": [32, 64, 128, 256]}}"}
{"op_code":6,"worker_id":"219a1a75-ae06-4eac-8e25-b980d223e25f-139980335085376","trial_id":13,"state":1,"values":[-0.19114426602511977],"datetime_complete":"2026-04-03T05:38:43.183380"}
{"op_code":4,"worker_id":"219a1a75-ae06-4eac-8e25-b980d223e25f-139980335085376","study_id":0,"datetime_start":"2026-04-03T05:38:43.199431"}
{"op_code":5,"worker_id":"219a1a75-ae06-4eac-8e25-b980d223e25f-139980335085376","trial_id":14,"param_name":"lr","param_value_internal":0.0026911161289372002,"distribution":"{\"name\": \"FloatDistribution\", \"attributes\": {\"step\": null, \"low\": 0.0001, \"high\": 0.01, \"log\": true}}"}
{"op_code":5,"worker_id":"219a1a75-ae06-4eac-8e25-b980d223e25f-139980335085376","trial_id":14,"param_name":"context_size","param_value_internal":512.0,"distribution":"{\"name\": \"IntDistribution\", \"attributes\": {\"log\": false, \"step\": 128, \"low\": 128, \"high\": 1024}}"}
{"op_code":5,"worker_id":"219a1a75-ae06-4eac-8e25-b980d223e25f-139980335085376","trial_id":14,"param_name":"backbone_dim","param_value_internal":0,"distribution":"{\"name\": \"CategoricalDistribution\", \"attributes\": {\"choices\": [32, 64, 128, 256]}}"}
{"op_code":6,"worker_id":"219a1a75-ae06-4eac-8e25-b980d223e25f-139980335085376","trial_id":14,"state":1,"values":[-0.14523331907955161],"datetime_complete":"2026-04-03T06:01:00.356917"}
{"op_code":4,"worker_id":"219a1a75-ae06-4eac-8e25-b980d223e25f-139980335085376","study_id":0,"datetime_start":"2026-04-03T06:01:00.374787"}
{"op_code":5,"worker_id":"219a1a75-ae06-4eac-8e25-b980d223e25f-139980335085376","trial_id":15,"param_name":"lr","param_value_internal":0.0004870652362081591,"distribution":"{\"name\": \"FloatDistribution\", \"attributes\": {\"step\": null, \"low\": 0.0001, \"high\": 0.01, \"log\": true}}"}
{"op_code":5,"worker_id":"219a1a75-ae06-4eac-8e25-b980d223e25f-139980335085376","trial_id":15,"param_name":"context_size","param_value_internal":640.0,"distribution":"{\"name\": \"IntDistribution\", \"attributes\": {\"log\": false, \"step\": 128, \"low\": 128, \"high\": 1024}}"}
{"op_code":5,"worker_id":"219a1a75-ae06-4eac-8e25-b980d223e25f-139980335085376","trial_id":15,"param_name":"backbone_dim","param_value_internal":0,"distribution":"{\"name\": \"CategoricalDistribution\", \"attributes\": {\"choices\": [32, 64, 128, 256]}}"}
{"op_code":6,"worker_id":"219a1a75-ae06-4eac-8e25-b980d223e25f-139980335085376","trial_id":15,"state":1,"values":[-0.008498273494089183],"datetime_complete":"2026-04-03T06:23:16.544139"}
{"op_code":4,"worker_id":"219a1a75-ae06-4eac-8e25-b980d223e25f-139980335085376","study_id":0,"datetime_start":"2026-04-03T06:23:16.565956"}
{"op_code":5,"worker_id":"219a1a75-ae06-4eac-8e25-b980d223e25f-139980335085376","trial_id":16,"param_name":"lr","param_value_internal":0.0001696001789438681,"distribution":"{\"name\": \"FloatDistribution\", \"attributes\": {\"step\": null, \"low\": 0.0001, \"high\": 0.01, \"log\": true}}"}
{"op_code":5,"worker_id":"219a1a75-ae06-4eac-8e25-b980d223e25f-139980335085376","trial_id":16,"param_name":"context_size","param_value_internal":1024.0,"distribution":"{\"name\": \"IntDistribution\", \"attributes\": {\"log\": false, \"step\": 128, \"low\": 128, \"high\": 1024}}"}
{"op_code":5,"worker_id":"219a1a75-ae06-4eac-8e25-b980d223e25f-139980335085376","trial_id":16,"param_name":"backbone_dim","param_value_internal":2,"distribution":"{\"name\": \"CategoricalDistribution\", \"attributes\": {\"choices\": [32, 64, 128, 256]}}"}
{"op_code":6,"worker_id":"219a1a75-ae06-4eac-8e25-b980d223e25f-139980335085376","trial_id":16,"state":1,"values":[-0.009396183885416631],"datetime_complete":"2026-04-03T06:48:33.650669"}
{"op_code":4,"worker_id":"219a1a75-ae06-4eac-8e25-b980d223e25f-139980335085376","study_id":0,"datetime_start":"2026-04-03T06:48:33.674174"}
{"op_code":5,"worker_id":"219a1a75-ae06-4eac-8e25-b980d223e25f-139980335085376","trial_id":17,"param_name":"lr","param_value_internal":0.00022452334304068005,"distribution":"{\"name\": \"FloatDistribution\", \"attributes\": {\"step\": null, \"low\": 0.0001, \"high\": 0.01, \"log\": true}}"}
{"op_code":5,"worker_id":"219a1a75-ae06-4eac-8e25-b980d223e25f-139980335085376","trial_id":17,"param_name":"context_size","param_value_internal":256.0,"distribution":"{\"name\": \"IntDistribution\", \"attributes\": {\"log\": false, \"step\": 128, \"low\": 128, \"high\": 1024}}"}
{"op_code":5,"worker_id":"219a1a75-ae06-4eac-8e25-b980d223e25f-139980335085376","trial_id":17,"param_name":"backbone_dim","param_value_internal":0,"distribution":"{\"name\": \"CategoricalDistribution\", \"attributes\": {\"choices\": [32, 64, 128, 256]}}"}
{"op_code":6,"worker_id":"219a1a75-ae06-4eac-8e25-b980d223e25f-139980335085376","trial_id":17,"state":1,"values":[-0.26000867134313443],"datetime_complete":"2026-04-03T07:10:36.176406"}
{"op_code":4,"worker_id":"219a1a75-ae06-4eac-8e25-b980d223e25f-139980335085376","study_id":0,"datetime_start":"2026-04-03T07:10:36.206262"}
{"op_code":5,"worker_id":"219a1a75-ae06-4eac-8e25-b980d223e25f-139980335085376","trial_id":18,"param_name":"lr","param_value_internal":0.00019408545435272142,"distribution":"{\"name\": \"FloatDistribution\", \"attributes\": {\"step\": null, \"low\": 0.0001, \"high\": 0.01, \"log\": true}}"}
{"op_code":5,"worker_id":"219a1a75-ae06-4eac-8e25-b980d223e25f-139980335085376","trial_id":18,"param_name":"context_size","param_value_internal":256.0,"distribution":"{\"name\": \"IntDistribution\", \"attributes\": {\"log\": false, \"step\": 128, \"low\": 128, \"high\": 1024}}"}
{"op_code":5,"worker_id":"219a1a75-ae06-4eac-8e25-b980d223e25f-139980335085376","trial_id":18,"param_name":"backbone_dim","param_value_internal":0,"distribution":"{\"name\": \"CategoricalDistribution\", \"attributes\": {\"choices\": [32, 64, 128, 256]}}"}
{"op_code":6,"worker_id":"219a1a75-ae06-4eac-8e25-b980d223e25f-139980335085376","trial_id":18,"state":1,"values":[-0.25008558451717805],"datetime_complete":"2026-04-03T07:32:59.388992"}
{"op_code":4,"worker_id":"219a1a75-ae06-4eac-8e25-b980d223e25f-139980335085376","study_id":0,"datetime_start":"2026-04-03T07:32:59.410154"}
{"op_code":5,"worker_id":"219a1a75-ae06-4eac-8e25-b980d223e25f-139980335085376","trial_id":19,"param_name":"lr","param_value_internal":0.00010825748845288256,"distribution":"{\"name\": \"FloatDistribution\", \"attributes\": {\"step\": null, \"low\": 0.0001, \"high\": 0.01, \"log\": true}}"}
{"op_code":5,"worker_id":"219a1a75-ae06-4eac-8e25-b980d223e25f-139980335085376","trial_id":19,"param_name":"context_size","param_value_internal":256.0,"distribution":"{\"name\": \"IntDistribution\", \"attributes\": {\"log\": false, \"step\": 128, \"low\": 128, \"high\": 1024}}"}
{"op_code":5,"worker_id":"219a1a75-ae06-4eac-8e25-b980d223e25f-139980335085376","trial_id":19,"param_name":"backbone_dim","param_value_internal":0,"distribution":"{\"name\": \"CategoricalDistribution\", \"attributes\": {\"choices\": [32, 64, 128, 256]}}"}
{"op_code":6,"worker_id":"219a1a75-ae06-4eac-8e25-b980d223e25f-139980335085376","trial_id":19,"state":1,"values":[-0.26874000951035765],"datetime_complete":"2026-04-03T07:55:30.415485"}
