{"op_code":0,"worker_id":"2043721d-027c-45a2-8dfe-8314273daa3d-140062064023360","study_name":"dysurv_tuning","directions":[2]}
{"op_code":4,"worker_id":"2043721d-027c-45a2-8dfe-8314273daa3d-140062064023360","study_id":0,"datetime_start":"2026-04-14T08:50:11.578140"}
{"op_code":5,"worker_id":"2043721d-027c-45a2-8dfe-8314273daa3d-140062064023360","trial_id":0,"param_name":"lr","param_value_internal":0.0017902502124633988,"distribution":"{\"name\": \"FloatDistribution\", \"attributes\": {\"step\": null, \"low\": 0.0001, \"high\": 0.01, \"log\": true}}"}
{"op_code":5,"worker_id":"2043721d-027c-45a2-8dfe-8314273daa3d-140062064023360","trial_id":0,"param_name":"encoded_features","param_value_internal":2,"distribution":"{\"name\": \"CategoricalDistribution\", \"attributes\": {\"choices\": [16, 32, 64, 128]}}"}
{"op_code":5,"worker_id":"2043721d-027c-45a2-8dfe-8314273daa3d-140062064023360","trial_id":0,"param_name":"batch_size","param_value_internal":1,"distribution":"{\"name\": \"CategoricalDistribution\", \"attributes\": {\"choices\": [64, 128, 256]}}"}
{"op_code":6,"worker_id":"2043721d-027c-45a2-8dfe-8314273daa3d-140062064023360","trial_id":0,"state":1,"values":[0.7180753377137493],"datetime_complete":"2026-04-14T08:50:16.018917"}
{"op_code":4,"worker_id":"2043721d-027c-45a2-8dfe-8314273daa3d-140062064023360","study_id":0,"datetime_start":"2026-04-14T08:50:16.036039"}
{"op_code":5,"worker_id":"2043721d-027c-45a2-8dfe-8314273daa3d-140062064023360","trial_id":1,"param_name":"lr","param_value_internal":0.000725446656230059,"distribution":"{\"name\": \"FloatDistribution\", \"attributes\": {\"step\": null, \"low\": 0.0001, \"high\": 0.01, \"log\": true}}"}
{"op_code":5,"worker_id":"2043721d-027c-45a2-8dfe-8314273daa3d-140062064023360","trial_id":1,"param_name":"encoded_features","param_value_internal":2,"distribution":"{\"name\": \"CategoricalDistribution\", \"attributes\": {\"choices\": [16, 32, 64, 128]}}"}
{"op_code":5,"worker_id":"2043721d-027c-45a2-8dfe-8314273daa3d-140062064023360","trial_id":1,"param_name":"batch_size","param_value_internal":2,"distribution":"{\"name\": \"CategoricalDistribution\", \"attributes\": {\"choices\": [64, 128, 256]}}"}
{"op_code":6,"worker_id":"2043721d-027c-45a2-8dfe-8314273daa3d-140062064023360","trial_id":1,"state":1,"values":[0.7163816675509121],"datetime_complete":"2026-04-14T08:50:20.112905"}
{"op_code":4,"worker_id":"2043721d-027c-45a2-8dfe-8314273daa3d-140062064023360","study_id":0,"datetime_start":"2026-04-14T08:50:20.129999"}
{"op_code":5,"worker_id":"2043721d-027c-45a2-8dfe-8314273daa3d-140062064023360","trial_id":2,"param_name":"lr","param_value_internal":0.0009594290298092844,"distribution":"{\"name\": \"FloatDistribution\", \"attributes\": {\"step\": null, \"low\": 0.0001, \"high\": 0.01, \"log\": true}}"}
{"op_code":5,"worker_id":"2043721d-027c-45a2-8dfe-8314273daa3d-140062064023360","trial_id":2,"param_name":"encoded_features","param_value_internal":0,"distribution":"{\"name\": \"CategoricalDistribution\", \"attributes\": {\"choices\": [16, 32, 64, 128]}}"}
{"op_code":5,"worker_id":"2043721d-027c-45a2-8dfe-8314273daa3d-140062064023360","trial_id":2,"param_name":"batch_size","param_value_internal":1,"distribution":"{\"name\": \"CategoricalDistribution\", \"attributes\": {\"choices\": [64, 128, 256]}}"}
{"op_code":6,"worker_id":"2043721d-027c-45a2-8dfe-8314273daa3d-140062064023360","trial_id":2,"state":1,"values":[0.7230135085499735],"datetime_complete":"2026-04-14T08:50:26.902163"}
{"op_code":4,"worker_id":"2043721d-027c-45a2-8dfe-8314273daa3d-140062064023360","study_id":0,"datetime_start":"2026-04-14T08:50:26.923985"}
{"op_code":5,"worker_id":"2043721d-027c-45a2-8dfe-8314273daa3d-140062064023360","trial_id":3,"param_name":"lr","param_value_internal":0.000990513071658175,"distribution":"{\"name\": \"FloatDistribution\", \"attributes\": {\"step\": null, \"low\": 0.0001, \"high\": 0.01, \"log\": true}}"}
{"op_code":5,"worker_id":"2043721d-027c-45a2-8dfe-8314273daa3d-140062064023360","trial_id":3,"param_name":"encoded_features","param_value_internal":0,"distribution":"{\"name\": \"CategoricalDistribution\", \"attributes\": {\"choices\": [16, 32, 64, 128]}}"}
{"op_code":5,"worker_id":"2043721d-027c-45a2-8dfe-8314273daa3d-140062064023360","trial_id":3,"param_name":"batch_size","param_value_internal":2,"distribution":"{\"name\": \"CategoricalDistribution\", \"attributes\": {\"choices\": [64, 128, 256]}}"}
{"op_code":6,"worker_id":"2043721d-027c-45a2-8dfe-8314273daa3d-140062064023360","trial_id":3,"state":1,"values":[0.7217075460147737],"datetime_complete":"2026-04-14T08:50:30.828078"}
{"op_code":4,"worker_id":"2043721d-027c-45a2-8dfe-8314273daa3d-140062064023360","study_id":0,"datetime_start":"2026-04-14T08:50:30.842529"}
{"op_code":5,"worker_id":"2043721d-027c-45a2-8dfe-8314273daa3d-140062064023360","trial_id":4,"param_name":"lr","param_value_internal":0.0012049003102211678,"distribution":"{\"name\": \"FloatDistribution\", \"attributes\": {\"step\": null, \"low\": 0.0001, \"high\": 0.01, \"log\": true}}"}
{"op_code":5,"worker_id":"2043721d-027c-45a2-8dfe-8314273daa3d-140062064023360","trial_id":4,"param_name":"encoded_features","param_value_internal":2,"distribution":"{\"name\": \"CategoricalDistribution\", \"attributes\": {\"choices\": [16, 32, 64, 128]}}"}
{"op_code":5,"worker_id":"2043721d-027c-45a2-8dfe-8314273daa3d-140062064023360","trial_id":4,"param_name":"batch_size","param_value_internal":1,"distribution":"{\"name\": \"CategoricalDistribution\", \"attributes\": {\"choices\": [64, 128, 256]}}"}
{"op_code":6,"worker_id":"2043721d-027c-45a2-8dfe-8314273daa3d-140062064023360","trial_id":4,"state":1,"values":[0.7205852344610864],"datetime_complete":"2026-04-14T08:50:36.843042"}
{"op_code":4,"worker_id":"2043721d-027c-45a2-8dfe-8314273daa3d-140062064023360","study_id":0,"datetime_start":"2026-04-14T08:50:36.855592"}
{"op_code":5,"worker_id":"2043721d-027c-45a2-8dfe-8314273daa3d-140062064023360","trial_id":5,"param_name":"lr","param_value_internal":0.0033796460887283142,"distribution":"{\"name\": \"FloatDistribution\", \"attributes\": {\"step\": null, \"low\": 0.0001, \"high\": 0.01, \"log\": true}}"}
{"op_code":5,"worker_id":"2043721d-027c-45a2-8dfe-8314273daa3d-140062064023360","trial_id":5,"param_name":"encoded_features","param_value_internal":3,"distribution":"{\"name\": \"CategoricalDistribution\", \"attributes\": {\"choices\": [16, 32, 64, 128]}}"}
{"op_code":5,"worker_id":"2043721d-027c-45a2-8dfe-8314273daa3d-140062064023360","trial_id":5,"param_name":"batch_size","param_value_internal":2,"distribution":"{\"name\": \"CategoricalDistribution\", \"attributes\": {\"choices\": [64, 128, 256]}}"}
{"op_code":6,"worker_id":"2043721d-027c-45a2-8dfe-8314273daa3d-140062064023360","trial_id":5,"state":1,"values":[0.7205240174672489],"datetime_complete":"2026-04-14T08:50:40.643286"}
{"op_code":4,"worker_id":"2043721d-027c-45a2-8dfe-8314273daa3d-140062064023360","study_id":0,"datetime_start":"2026-04-14T08:50:40.658346"}
{"op_code":5,"worker_id":"2043721d-027c-45a2-8dfe-8314273daa3d-140062064023360","trial_id":6,"param_name":"lr","param_value_internal":0.001785643708086319,"distribution":"{\"name\": \"FloatDistribution\", \"attributes\": {\"step\": null, \"low\": 0.0001, \"high\": 0.01, \"log\": true}}"}
{"op_code":5,"worker_id":"2043721d-027c-45a2-8dfe-8314273daa3d-140062064023360","trial_id":6,"param_name":"encoded_features","param_value_internal":0,"distribution":"{\"name\": \"CategoricalDistribution\", \"attributes\": {\"choices\": [16, 32, 64, 128]}}"}
{"op_code":5,"worker_id":"2043721d-027c-45a2-8dfe-8314273daa3d-140062064023360","trial_id":6,"param_name":"batch_size","param_value_internal":1,"distribution":"{\"name\": \"CategoricalDistribution\", \"attributes\": {\"choices\": [64, 128, 256]}}"}
{"op_code":6,"worker_id":"2043721d-027c-45a2-8dfe-8314273daa3d-140062064023360","trial_id":6,"state":1,"values":[0.7195445455658491],"datetime_complete":"2026-04-14T08:50:46.729765"}
{"op_code":4,"worker_id":"2043721d-027c-45a2-8dfe-8314273daa3d-140062064023360","study_id":0,"datetime_start":"2026-04-14T08:50:46.743819"}
{"op_code":5,"worker_id":"2043721d-027c-45a2-8dfe-8314273daa3d-140062064023360","trial_id":7,"param_name":"lr","param_value_internal":0.0035695520957398,"distribution":"{\"name\": \"FloatDistribution\", \"attributes\": {\"step\": null, \"low\": 0.0001, \"high\": 0.01, \"log\": true}}"}
{"op_code":5,"worker_id":"2043721d-027c-45a2-8dfe-8314273daa3d-140062064023360","trial_id":7,"param_name":"encoded_features","param_value_internal":0,"distribution":"{\"name\": \"CategoricalDistribution\", \"attributes\": {\"choices\": [16, 32, 64, 128]}}"}
{"op_code":5,"worker_id":"2043721d-027c-45a2-8dfe-8314273daa3d-140062064023360","trial_id":7,"param_name":"batch_size","param_value_internal":1,"distribution":"{\"name\": \"CategoricalDistribution\", \"attributes\": {\"choices\": [64, 128, 256]}}"}
{"op_code":6,"worker_id":"2043721d-027c-45a2-8dfe-8314273daa3d-140062064023360","trial_id":7,"state":1,"values":[0.7132800065298127],"datetime_complete":"2026-04-14T08:50:53.288175"}
{"op_code":4,"worker_id":"2043721d-027c-45a2-8dfe-8314273daa3d-140062064023360","study_id":0,"datetime_start":"2026-04-14T08:50:53.304262"}
{"op_code":5,"worker_id":"2043721d-027c-45a2-8dfe-8314273daa3d-140062064023360","trial_id":8,"param_name":"lr","param_value_internal":0.006573902793153119,"distribution":"{\"name\": \"FloatDistribution\", \"attributes\": {\"step\": null, \"low\": 0.0001, \"high\": 0.01, \"log\": true}}"}
{"op_code":5,"worker_id":"2043721d-027c-45a2-8dfe-8314273daa3d-140062064023360","trial_id":8,"param_name":"encoded_features","param_value_internal":1,"distribution":"{\"name\": \"CategoricalDistribution\", \"attributes\": {\"choices\": [16, 32, 64, 128]}}"}
{"op_code":5,"worker_id":"2043721d-027c-45a2-8dfe-8314273daa3d-140062064023360","trial_id":8,"param_name":"batch_size","param_value_internal":2,"distribution":"{\"name\": \"CategoricalDistribution\", \"attributes\": {\"choices\": [64, 128, 256]}}"}
{"op_code":6,"worker_id":"2043721d-027c-45a2-8dfe-8314273daa3d-140062064023360","trial_id":8,"state":1,"values":[0.7206260457903114],"datetime_complete":"2026-04-14T08:50:55.927041"}
{"op_code":4,"worker_id":"2043721d-027c-45a2-8dfe-8314273daa3d-140062064023360","study_id":0,"datetime_start":"2026-04-14T08:50:55.941257"}
{"op_code":5,"worker_id":"2043721d-027c-45a2-8dfe-8314273daa3d-140062064023360","trial_id":9,"param_name":"lr","param_value_internal":0.0008072378804448223,"distribution":"{\"name\": \"FloatDistribution\", \"attributes\": {\"step\": null, \"low\": 0.0001, \"high\": 0.01, \"log\": true}}"}
{"op_code":5,"worker_id":"2043721d-027c-45a2-8dfe-8314273daa3d-140062064023360","trial_id":9,"param_name":"encoded_features","param_value_internal":3,"distribution":"{\"name\": \"CategoricalDistribution\", \"attributes\": {\"choices\": [16, 32, 64, 128]}}"}
{"op_code":5,"worker_id":"2043721d-027c-45a2-8dfe-8314273daa3d-140062064023360","trial_id":9,"param_name":"batch_size","param_value_internal":0,"distribution":"{\"name\": \"CategoricalDistribution\", \"attributes\": {\"choices\": [64, 128, 256]}}"}
{"op_code":6,"worker_id":"2043721d-027c-45a2-8dfe-8314273daa3d-140062064023360","trial_id":9,"state":1,"values":[0.7188915642982492],"datetime_complete":"2026-04-14T08:51:02.961206"}
{"op_code":4,"worker_id":"2043721d-027c-45a2-8dfe-8314273daa3d-140062064023360","study_id":0,"datetime_start":"2026-04-14T08:51:02.975795"}
{"op_code":5,"worker_id":"2043721d-027c-45a2-8dfe-8314273daa3d-140062064023360","trial_id":10,"param_name":"lr","param_value_internal":0.00015902705785031024,"distribution":"{\"name\": \"FloatDistribution\", \"attributes\": {\"step\": null, \"low\": 0.0001, \"high\": 0.01, \"log\": true}}"}
{"op_code":5,"worker_id":"2043721d-027c-45a2-8dfe-8314273daa3d-140062064023360","trial_id":10,"param_name":"encoded_features","param_value_internal":1,"distribution":"{\"name\": \"CategoricalDistribution\", \"attributes\": {\"choices\": [16, 32, 64, 128]}}"}
{"op_code":5,"worker_id":"2043721d-027c-45a2-8dfe-8314273daa3d-140062064023360","trial_id":10,"param_name":"batch_size","param_value_internal":0,"distribution":"{\"name\": \"CategoricalDistribution\", \"attributes\": {\"choices\": [64, 128, 256]}}"}
{"op_code":6,"worker_id":"2043721d-027c-45a2-8dfe-8314273daa3d-140062064023360","trial_id":10,"state":1,"values":[0.7038934008080643],"datetime_complete":"2026-04-14T08:51:14.528503"}
{"op_code":4,"worker_id":"2043721d-027c-45a2-8dfe-8314273daa3d-140062064023360","study_id":0,"datetime_start":"2026-04-14T08:51:14.547493"}
{"op_code":5,"worker_id":"2043721d-027c-45a2-8dfe-8314273daa3d-140062064023360","trial_id":11,"param_name":"lr","param_value_internal":0.0003313191898635019,"distribution":"{\"name\": \"FloatDistribution\", \"attributes\": {\"step\": null, \"low\": 0.0001, \"high\": 0.01, \"log\": true}}"}
{"op_code":5,"worker_id":"2043721d-027c-45a2-8dfe-8314273daa3d-140062064023360","trial_id":11,"param_name":"encoded_features","param_value_internal":0,"distribution":"{\"name\": \"CategoricalDistribution\", \"attributes\": {\"choices\": [16, 32, 64, 128]}}"}
{"op_code":5,"worker_id":"2043721d-027c-45a2-8dfe-8314273daa3d-140062064023360","trial_id":11,"param_name":"batch_size","param_value_internal":2,"distribution":"{\"name\": \"CategoricalDistribution\", \"attributes\": {\"choices\": [64, 128, 256]}}"}
{"op_code":6,"worker_id":"2043721d-027c-45a2-8dfe-8314273daa3d-140062064023360","trial_id":11,"state":1,"values":[0.47359506999142964],"datetime_complete":"2026-04-14T08:51:18.585700"}
{"op_code":4,"worker_id":"2043721d-027c-45a2-8dfe-8314273daa3d-140062064023360","study_id":0,"datetime_start":"2026-04-14T08:51:18.601286"}
{"op_code":5,"worker_id":"2043721d-027c-45a2-8dfe-8314273daa3d-140062064023360","trial_id":12,"param_name":"lr","param_value_internal":0.000432169162605209,"distribution":"{\"name\": \"FloatDistribution\", \"attributes\": {\"step\": null, \"low\": 0.0001, \"high\": 0.01, \"log\": true}}"}
{"op_code":5,"worker_id":"2043721d-027c-45a2-8dfe-8314273daa3d-140062064023360","trial_id":12,"param_name":"encoded_features","param_value_internal":0,"distribution":"{\"name\": \"CategoricalDistribution\", \"attributes\": {\"choices\": [16, 32, 64, 128]}}"}
{"op_code":5,"worker_id":"2043721d-027c-45a2-8dfe-8314273daa3d-140062064023360","trial_id":12,"param_name":"batch_size","param_value_internal":2,"distribution":"{\"name\": \"CategoricalDistribution\", \"attributes\": {\"choices\": [64, 128, 256]}}"}
{"op_code":6,"worker_id":"2043721d-027c-45a2-8dfe-8314273daa3d-140062064023360","trial_id":12,"state":1,"values":[0.703138391217402],"datetime_complete":"2026-04-14T08:51:22.629313"}
{"op_code":4,"worker_id":"2043721d-027c-45a2-8dfe-8314273daa3d-140062064023360","study_id":0,"datetime_start":"2026-04-14T08:51:22.642183"}
{"op_code":5,"worker_id":"2043721d-027c-45a2-8dfe-8314273daa3d-140062064023360","trial_id":13,"param_name":"lr","param_value_internal":0.000433598269426329,"distribution":"{\"name\": \"FloatDistribution\", \"attributes\": {\"step\": null, \"low\": 0.0001, \"high\": 0.01, \"log\": true}}"}
{"op_code":5,"worker_id":"2043721d-027c-45a2-8dfe-8314273daa3d-140062064023360","trial_id":13,"param_name":"encoded_features","param_value_internal":0,"distribution":"{\"name\": \"CategoricalDistribution\", \"attributes\": {\"choices\": [16, 32, 64, 128]}}"}
{"op_code":5,"worker_id":"2043721d-027c-45a2-8dfe-8314273daa3d-140062064023360","trial_id":13,"param_name":"batch_size","param_value_internal":1,"distribution":"{\"name\": \"CategoricalDistribution\", \"attributes\": {\"choices\": [64, 128, 256]}}"}
{"op_code":6,"worker_id":"2043721d-027c-45a2-8dfe-8314273daa3d-140062064023360","trial_id":13,"state":1,"values":[0.6962412765783782],"datetime_complete":"2026-04-14T08:51:29.348051"}
{"op_code":4,"worker_id":"2043721d-027c-45a2-8dfe-8314273daa3d-140062064023360","study_id":0,"datetime_start":"2026-04-14T08:51:29.364543"}
{"op_code":5,"worker_id":"2043721d-027c-45a2-8dfe-8314273daa3d-140062064023360","trial_id":14,"param_name":"lr","param_value_internal":0.00018297736736579376,"distribution":"{\"name\": \"FloatDistribution\", \"attributes\": {\"step\": null, \"low\": 0.0001, \"high\": 0.01, \"log\": true}}"}
{"op_code":5,"worker_id":"2043721d-027c-45a2-8dfe-8314273daa3d-140062064023360","trial_id":14,"param_name":"encoded_features","param_value_internal":0,"distribution":"{\"name\": \"CategoricalDistribution\", \"attributes\": {\"choices\": [16, 32, 64, 128]}}"}
{"op_code":5,"worker_id":"2043721d-027c-45a2-8dfe-8314273daa3d-140062064023360","trial_id":14,"param_name":"batch_size","param_value_internal":0,"distribution":"{\"name\": \"CategoricalDistribution\", \"attributes\": {\"choices\": [64, 128, 256]}}"}
{"op_code":6,"worker_id":"2043721d-027c-45a2-8dfe-8314273daa3d-140062064023360","trial_id":14,"state":1,"values":[0.7113006570624005],"datetime_complete":"2026-04-14T08:51:41.315799"}
{"op_code":4,"worker_id":"2043721d-027c-45a2-8dfe-8314273daa3d-140062064023360","study_id":0,"datetime_start":"2026-04-14T08:51:41.328179"}
{"op_code":5,"worker_id":"2043721d-027c-45a2-8dfe-8314273daa3d-140062064023360","trial_id":15,"param_name":"lr","param_value_internal":0.001261069525531436,"distribution":"{\"name\": \"FloatDistribution\", \"attributes\": {\"step\": null, \"low\": 0.0001, \"high\": 0.01, \"log\": true}}"}
{"op_code":5,"worker_id":"2043721d-027c-45a2-8dfe-8314273daa3d-140062064023360","trial_id":15,"param_name":"encoded_features","param_value_internal":0,"distribution":"{\"name\": \"CategoricalDistribution\", \"attributes\": {\"choices\": [16, 32, 64, 128]}}"}
{"op_code":5,"worker_id":"2043721d-027c-45a2-8dfe-8314273daa3d-140062064023360","trial_id":15,"param_name":"batch_size","param_value_internal":1,"distribution":"{\"name\": \"CategoricalDistribution\", \"attributes\": {\"choices\": [64, 128, 256]}}"}
{"op_code":6,"worker_id":"2043721d-027c-45a2-8dfe-8314273daa3d-140062064023360","trial_id":15,"state":1,"values":[0.7184018283475493],"datetime_complete":"2026-04-14T08:51:47.268884"}
{"op_code":4,"worker_id":"2043721d-027c-45a2-8dfe-8314273daa3d-140062064023360","study_id":0,"datetime_start":"2026-04-14T08:51:47.288546"}
{"op_code":5,"worker_id":"2043721d-027c-45a2-8dfe-8314273daa3d-140062064023360","trial_id":16,"param_name":"lr","param_value_internal":0.002612966775894921,"distribution":"{\"name\": \"FloatDistribution\", \"attributes\": {\"step\": null, \"low\": 0.0001, \"high\": 0.01, \"log\": true}}"}
{"op_code":5,"worker_id":"2043721d-027c-45a2-8dfe-8314273daa3d-140062064023360","trial_id":16,"param_name":"encoded_features","param_value_internal":0,"distribution":"{\"name\": \"CategoricalDistribution\", \"attributes\": {\"choices\": [16, 32, 64, 128]}}"}
{"op_code":5,"worker_id":"2043721d-027c-45a2-8dfe-8314273daa3d-140062064023360","trial_id":16,"param_name":"batch_size","param_value_internal":2,"distribution":"{\"name\": \"CategoricalDistribution\", \"attributes\": {\"choices\": [64, 128, 256]}}"}
{"op_code":6,"worker_id":"2043721d-027c-45a2-8dfe-8314273daa3d-140062064023360","trial_id":16,"state":1,"values":[0.7167285638493246],"datetime_complete":"2026-04-14T08:51:51.003722"}
{"op_code":4,"worker_id":"2043721d-027c-45a2-8dfe-8314273daa3d-140062064023360","study_id":0,"datetime_start":"2026-04-14T08:51:51.020475"}
{"op_code":5,"worker_id":"2043721d-027c-45a2-8dfe-8314273daa3d-140062064023360","trial_id":17,"param_name":"lr","param_value_internal":0.007197991943161268,"distribution":"{\"name\": \"FloatDistribution\", \"attributes\": {\"step\": null, \"low\": 0.0001, \"high\": 0.01, \"log\": true}}"}
{"op_code":5,"worker_id":"2043721d-027c-45a2-8dfe-8314273daa3d-140062064023360","trial_id":17,"param_name":"encoded_features","param_value_internal":1,"distribution":"{\"name\": \"CategoricalDistribution\", \"attributes\": {\"choices\": [16, 32, 64, 128]}}"}
{"op_code":5,"worker_id":"2043721d-027c-45a2-8dfe-8314273daa3d-140062064023360","trial_id":17,"param_name":"batch_size","param_value_internal":1,"distribution":"{\"name\": \"CategoricalDistribution\", \"attributes\": {\"choices\": [64, 128, 256]}}"}
{"op_code":6,"worker_id":"2043721d-027c-45a2-8dfe-8314273daa3d-140062064023360","trial_id":17,"state":1,"values":[0.6819777170142431],"datetime_complete":"2026-04-14T08:51:54.795446"}
{"op_code":4,"worker_id":"2043721d-027c-45a2-8dfe-8314273daa3d-140062064023360","study_id":0,"datetime_start":"2026-04-14T08:51:54.811184"}
{"op_code":5,"worker_id":"2043721d-027c-45a2-8dfe-8314273daa3d-140062064023360","trial_id":18,"param_name":"lr","param_value_internal":0.0002728874708441821,"distribution":"{\"name\": \"FloatDistribution\", \"attributes\": {\"step\": null, \"low\": 0.0001, \"high\": 0.01, \"log\": true}}"}
{"op_code":5,"worker_id":"2043721d-027c-45a2-8dfe-8314273daa3d-140062064023360","trial_id":18,"param_name":"encoded_features","param_value_internal":3,"distribution":"{\"name\": \"CategoricalDistribution\", \"attributes\": {\"choices\": [16, 32, 64, 128]}}"}
{"op_code":5,"worker_id":"2043721d-027c-45a2-8dfe-8314273daa3d-140062064023360","trial_id":18,"param_name":"batch_size","param_value_internal":2,"distribution":"{\"name\": \"CategoricalDistribution\", \"attributes\": {\"choices\": [64, 128, 256]}}"}
{"op_code":6,"worker_id":"2043721d-027c-45a2-8dfe-8314273daa3d-140062064023360","trial_id":18,"state":1,"values":[0.6932212382157287],"datetime_complete":"2026-04-14T08:51:59.537693"}
{"op_code":4,"worker_id":"2043721d-027c-45a2-8dfe-8314273daa3d-140062064023360","study_id":0,"datetime_start":"2026-04-14T08:51:59.552354"}
{"op_code":5,"worker_id":"2043721d-027c-45a2-8dfe-8314273daa3d-140062064023360","trial_id":19,"param_name":"lr","param_value_internal":0.0005731645217943722,"distribution":"{\"name\": \"FloatDistribution\", \"attributes\": {\"step\": null, \"low\": 0.0001, \"high\": 0.01, \"log\": true}}"}
{"op_code":5,"worker_id":"2043721d-027c-45a2-8dfe-8314273daa3d-140062064023360","trial_id":19,"param_name":"encoded_features","param_value_internal":0,"distribution":"{\"name\": \"CategoricalDistribution\", \"attributes\": {\"choices\": [16, 32, 64, 128]}}"}
{"op_code":5,"worker_id":"2043721d-027c-45a2-8dfe-8314273daa3d-140062064023360","trial_id":19,"param_name":"batch_size","param_value_internal":0,"distribution":"{\"name\": \"CategoricalDistribution\", \"attributes\": {\"choices\": [64, 128, 256]}}"}
{"op_code":6,"worker_id":"2043721d-027c-45a2-8dfe-8314273daa3d-140062064023360","trial_id":19,"state":1,"values":[0.7195037342366241],"datetime_complete":"2026-04-14T08:52:08.646212"}
