{"op_code":0,"worker_id":"499ef36d-8bda-4cb9-bcf9-11cda9d70138-140544486217536","study_name":"tabicl_pchazard","directions":[2]}
{"op_code":4,"worker_id":"499ef36d-8bda-4cb9-bcf9-11cda9d70138-140544486217536","study_id":0,"datetime_start":"2026-04-01T00:52:36.749680"}
{"op_code":5,"worker_id":"499ef36d-8bda-4cb9-bcf9-11cda9d70138-140544486217536","trial_id":0,"param_name":"lr","param_value_internal":0.0036223882830759774,"distribution":"{\"name\": \"FloatDistribution\", \"attributes\": {\"step\": null, \"low\": 0.0001, \"high\": 0.1, \"log\": true}}"}
{"op_code":5,"worker_id":"499ef36d-8bda-4cb9-bcf9-11cda9d70138-140544486217536","trial_id":0,"param_name":"dropout","param_value_internal":0.47079789885595086,"distribution":"{\"name\": \"FloatDistribution\", \"attributes\": {\"step\": null, \"low\": 0.0, \"high\": 0.5, \"log\": false}}"}
{"op_code":5,"worker_id":"499ef36d-8bda-4cb9-bcf9-11cda9d70138-140544486217536","trial_id":0,"param_name":"nodes","param_value_internal":0,"distribution":"{\"name\": \"CategoricalDistribution\", \"attributes\": {\"choices\": [\"64-64\", \"128-64\", \"256-128\"]}}"}
{"op_code":6,"worker_id":"499ef36d-8bda-4cb9-bcf9-11cda9d70138-140544486217536","trial_id":0,"state":1,"values":[0.5805294833016309],"datetime_complete":"2026-04-01T00:52:38.219160"}
{"op_code":4,"worker_id":"499ef36d-8bda-4cb9-bcf9-11cda9d70138-140544486217536","study_id":0,"datetime_start":"2026-04-01T00:52:38.233689"}
{"op_code":5,"worker_id":"499ef36d-8bda-4cb9-bcf9-11cda9d70138-140544486217536","trial_id":1,"param_name":"lr","param_value_internal":0.0035627271914056976,"distribution":"{\"name\": \"FloatDistribution\", \"attributes\": {\"step\": null, \"low\": 0.0001, \"high\": 0.1, \"log\": true}}"}
{"op_code":5,"worker_id":"499ef36d-8bda-4cb9-bcf9-11cda9d70138-140544486217536","trial_id":1,"param_name":"dropout","param_value_internal":0.35114341897154666,"distribution":"{\"name\": \"FloatDistribution\", \"attributes\": {\"step\": null, \"low\": 0.0, \"high\": 0.5, \"log\": false}}"}
{"op_code":5,"worker_id":"499ef36d-8bda-4cb9-bcf9-11cda9d70138-140544486217536","trial_id":1,"param_name":"nodes","param_value_internal":2,"distribution":"{\"name\": \"CategoricalDistribution\", \"attributes\": {\"choices\": [\"64-64\", \"128-64\", \"256-128\"]}}"}
{"op_code":6,"worker_id":"499ef36d-8bda-4cb9-bcf9-11cda9d70138-140544486217536","trial_id":1,"state":1,"values":[0.5766316380304968],"datetime_complete":"2026-04-01T00:52:39.703787"}
{"op_code":4,"worker_id":"499ef36d-8bda-4cb9-bcf9-11cda9d70138-140544486217536","study_id":0,"datetime_start":"2026-04-01T00:52:39.715728"}
{"op_code":5,"worker_id":"499ef36d-8bda-4cb9-bcf9-11cda9d70138-140544486217536","trial_id":2,"param_name":"lr","param_value_internal":0.071779953077821,"distribution":"{\"name\": \"FloatDistribution\", \"attributes\": {\"step\": null, \"low\": 0.0001, \"high\": 0.1, \"log\": true}}"}
{"op_code":5,"worker_id":"499ef36d-8bda-4cb9-bcf9-11cda9d70138-140544486217536","trial_id":2,"param_name":"dropout","param_value_internal":0.4617580126168572,"distribution":"{\"name\": \"FloatDistribution\", \"attributes\": {\"step\": null, \"low\": 0.0, \"high\": 0.5, \"log\": false}}"}
{"op_code":5,"worker_id":"499ef36d-8bda-4cb9-bcf9-11cda9d70138-140544486217536","trial_id":2,"param_name":"nodes","param_value_internal":0,"distribution":"{\"name\": \"CategoricalDistribution\", \"attributes\": {\"choices\": [\"64-64\", \"128-64\", \"256-128\"]}}"}
{"op_code":6,"worker_id":"499ef36d-8bda-4cb9-bcf9-11cda9d70138-140544486217536","trial_id":2,"state":1,"values":[0.5679316473853254],"datetime_complete":"2026-04-01T00:52:41.197797"}
{"op_code":4,"worker_id":"499ef36d-8bda-4cb9-bcf9-11cda9d70138-140544486217536","study_id":0,"datetime_start":"2026-04-01T00:52:41.217954"}
{"op_code":5,"worker_id":"499ef36d-8bda-4cb9-bcf9-11cda9d70138-140544486217536","trial_id":3,"param_name":"lr","param_value_internal":0.06712549109571721,"distribution":"{\"name\": \"FloatDistribution\", \"attributes\": {\"step\": null, \"low\": 0.0001, \"high\": 0.1, \"log\": true}}"}
{"op_code":5,"worker_id":"499ef36d-8bda-4cb9-bcf9-11cda9d70138-140544486217536","trial_id":3,"param_name":"dropout","param_value_internal":0.49708283098628414,"distribution":"{\"name\": \"FloatDistribution\", \"attributes\": {\"step\": null, \"low\": 0.0, \"high\": 0.5, \"log\": false}}"}
{"op_code":5,"worker_id":"499ef36d-8bda-4cb9-bcf9-11cda9d70138-140544486217536","trial_id":3,"param_name":"nodes","param_value_internal":1,"distribution":"{\"name\": \"CategoricalDistribution\", \"attributes\": {\"choices\": [\"64-64\", \"128-64\", \"256-128\"]}}"}
{"op_code":6,"worker_id":"499ef36d-8bda-4cb9-bcf9-11cda9d70138-140544486217536","trial_id":3,"state":1,"values":[0.5855187252486825],"datetime_complete":"2026-04-01T00:52:42.729217"}
{"op_code":4,"worker_id":"499ef36d-8bda-4cb9-bcf9-11cda9d70138-140544486217536","study_id":0,"datetime_start":"2026-04-01T00:52:42.758561"}
{"op_code":5,"worker_id":"499ef36d-8bda-4cb9-bcf9-11cda9d70138-140544486217536","trial_id":4,"param_name":"lr","param_value_internal":0.0003975514035433517,"distribution":"{\"name\": \"FloatDistribution\", \"attributes\": {\"step\": null, \"low\": 0.0001, \"high\": 0.1, \"log\": true}}"}
{"op_code":5,"worker_id":"499ef36d-8bda-4cb9-bcf9-11cda9d70138-140544486217536","trial_id":4,"param_name":"dropout","param_value_internal":0.14431088451199614,"distribution":"{\"name\": \"FloatDistribution\", \"attributes\": {\"step\": null, \"low\": 0.0, \"high\": 0.5, \"log\": false}}"}
{"op_code":5,"worker_id":"499ef36d-8bda-4cb9-bcf9-11cda9d70138-140544486217536","trial_id":4,"param_name":"nodes","param_value_internal":2,"distribution":"{\"name\": \"CategoricalDistribution\", \"attributes\": {\"choices\": [\"64-64\", \"128-64\", \"256-128\"]}}"}
{"op_code":6,"worker_id":"499ef36d-8bda-4cb9-bcf9-11cda9d70138-140544486217536","trial_id":4,"state":1,"values":[0.5584520876859272],"datetime_complete":"2026-04-01T00:52:44.268538"}
{"op_code":4,"worker_id":"499ef36d-8bda-4cb9-bcf9-11cda9d70138-140544486217536","study_id":0,"datetime_start":"2026-04-01T00:52:44.288265"}
{"op_code":5,"worker_id":"499ef36d-8bda-4cb9-bcf9-11cda9d70138-140544486217536","trial_id":5,"param_name":"lr","param_value_internal":0.001472931486603054,"distribution":"{\"name\": \"FloatDistribution\", \"attributes\": {\"step\": null, \"low\": 0.0001, \"high\": 0.1, \"log\": true}}"}
{"op_code":5,"worker_id":"499ef36d-8bda-4cb9-bcf9-11cda9d70138-140544486217536","trial_id":5,"param_name":"dropout","param_value_internal":0.2698413357201057,"distribution":"{\"name\": \"FloatDistribution\", \"attributes\": {\"step\": null, \"low\": 0.0, \"high\": 0.5, \"log\": false}}"}
{"op_code":5,"worker_id":"499ef36d-8bda-4cb9-bcf9-11cda9d70138-140544486217536","trial_id":5,"param_name":"nodes","param_value_internal":0,"distribution":"{\"name\": \"CategoricalDistribution\", \"attributes\": {\"choices\": [\"64-64\", \"128-64\", \"256-128\"]}}"}
{"op_code":6,"worker_id":"499ef36d-8bda-4cb9-bcf9-11cda9d70138-140544486217536","trial_id":5,"state":1,"values":[0.5633789641086407],"datetime_complete":"2026-04-01T00:52:45.800209"}
{"op_code":4,"worker_id":"499ef36d-8bda-4cb9-bcf9-11cda9d70138-140544486217536","study_id":0,"datetime_start":"2026-04-01T00:52:45.820021"}
{"op_code":5,"worker_id":"499ef36d-8bda-4cb9-bcf9-11cda9d70138-140544486217536","trial_id":6,"param_name":"lr","param_value_internal":0.004027724924042917,"distribution":"{\"name\": \"FloatDistribution\", \"attributes\": {\"step\": null, \"low\": 0.0001, \"high\": 0.1, \"log\": true}}"}
{"op_code":5,"worker_id":"499ef36d-8bda-4cb9-bcf9-11cda9d70138-140544486217536","trial_id":6,"param_name":"dropout","param_value_internal":0.3231602809881381,"distribution":"{\"name\": \"FloatDistribution\", \"attributes\": {\"step\": null, \"low\": 0.0, \"high\": 0.5, \"log\": false}}"}
{"op_code":5,"worker_id":"499ef36d-8bda-4cb9-bcf9-11cda9d70138-140544486217536","trial_id":6,"param_name":"nodes","param_value_internal":1,"distribution":"{\"name\": \"CategoricalDistribution\", \"attributes\": {\"choices\": [\"64-64\", \"128-64\", \"256-128\"]}}"}
{"op_code":6,"worker_id":"499ef36d-8bda-4cb9-bcf9-11cda9d70138-140544486217536","trial_id":6,"state":1,"values":[0.5796875487230659],"datetime_complete":"2026-04-01T00:52:47.318050"}
{"op_code":4,"worker_id":"499ef36d-8bda-4cb9-bcf9-11cda9d70138-140544486217536","study_id":0,"datetime_start":"2026-04-01T00:52:47.346143"}
{"op_code":5,"worker_id":"499ef36d-8bda-4cb9-bcf9-11cda9d70138-140544486217536","trial_id":7,"param_name":"lr","param_value_internal":0.0031791553270366464,"distribution":"{\"name\": \"FloatDistribution\", \"attributes\": {\"step\": null, \"low\": 0.0001, \"high\": 0.1, \"log\": true}}"}
{"op_code":5,"worker_id":"499ef36d-8bda-4cb9-bcf9-11cda9d70138-140544486217536","trial_id":7,"param_name":"dropout","param_value_internal":0.3483361130214448,"distribution":"{\"name\": \"FloatDistribution\", \"attributes\": {\"step\": null, \"low\": 0.0, \"high\": 0.5, \"log\": false}}"}
{"op_code":5,"worker_id":"499ef36d-8bda-4cb9-bcf9-11cda9d70138-140544486217536","trial_id":7,"param_name":"nodes","param_value_internal":2,"distribution":"{\"name\": \"CategoricalDistribution\", \"attributes\": {\"choices\": [\"64-64\", \"128-64\", \"256-128\"]}}"}
{"op_code":6,"worker_id":"499ef36d-8bda-4cb9-bcf9-11cda9d70138-140544486217536","trial_id":7,"state":1,"values":[0.5798746452960803],"datetime_complete":"2026-04-01T00:52:48.838319"}
{"op_code":4,"worker_id":"499ef36d-8bda-4cb9-bcf9-11cda9d70138-140544486217536","study_id":0,"datetime_start":"2026-04-01T00:52:48.857464"}
{"op_code":5,"worker_id":"499ef36d-8bda-4cb9-bcf9-11cda9d70138-140544486217536","trial_id":8,"param_name":"lr","param_value_internal":0.0006176496501899677,"distribution":"{\"name\": \"FloatDistribution\", \"attributes\": {\"step\": null, \"low\": 0.0001, \"high\": 0.1, \"log\": true}}"}
{"op_code":5,"worker_id":"499ef36d-8bda-4cb9-bcf9-11cda9d70138-140544486217536","trial_id":8,"param_name":"dropout","param_value_internal":0.3444742692605004,"distribution":"{\"name\": \"FloatDistribution\", \"attributes\": {\"step\": null, \"low\": 0.0, \"high\": 0.5, \"log\": false}}"}
{"op_code":5,"worker_id":"499ef36d-8bda-4cb9-bcf9-11cda9d70138-140544486217536","trial_id":8,"param_name":"nodes","param_value_internal":2,"distribution":"{\"name\": \"CategoricalDistribution\", \"attributes\": {\"choices\": [\"64-64\", \"128-64\", \"256-128\"]}}"}
{"op_code":6,"worker_id":"499ef36d-8bda-4cb9-bcf9-11cda9d70138-140544486217536","trial_id":8,"state":1,"values":[0.576350993170975],"datetime_complete":"2026-04-01T00:52:50.365635"}
{"op_code":4,"worker_id":"499ef36d-8bda-4cb9-bcf9-11cda9d70138-140544486217536","study_id":0,"datetime_start":"2026-04-01T00:52:50.385231"}
{"op_code":5,"worker_id":"499ef36d-8bda-4cb9-bcf9-11cda9d70138-140544486217536","trial_id":9,"param_name":"lr","param_value_internal":0.005645153533084003,"distribution":"{\"name\": \"FloatDistribution\", \"attributes\": {\"step\": null, \"low\": 0.0001, \"high\": 0.1, \"log\": true}}"}
{"op_code":5,"worker_id":"499ef36d-8bda-4cb9-bcf9-11cda9d70138-140544486217536","trial_id":9,"param_name":"dropout","param_value_internal":0.13535812586931534,"distribution":"{\"name\": \"FloatDistribution\", \"attributes\": {\"step\": null, \"low\": 0.0, \"high\": 0.5, \"log\": false}}"}
{"op_code":5,"worker_id":"499ef36d-8bda-4cb9-bcf9-11cda9d70138-140544486217536","trial_id":9,"param_name":"nodes","param_value_internal":2,"distribution":"{\"name\": \"CategoricalDistribution\", \"attributes\": {\"choices\": [\"64-64\", \"128-64\", \"256-128\"]}}"}
{"op_code":6,"worker_id":"499ef36d-8bda-4cb9-bcf9-11cda9d70138-140544486217536","trial_id":9,"state":1,"values":[0.5661230471795191],"datetime_complete":"2026-04-01T00:52:51.896281"}
{"op_code":4,"worker_id":"499ef36d-8bda-4cb9-bcf9-11cda9d70138-140544486217536","study_id":0,"datetime_start":"2026-04-01T00:52:51.916424"}
{"op_code":5,"worker_id":"499ef36d-8bda-4cb9-bcf9-11cda9d70138-140544486217536","trial_id":10,"param_name":"lr","param_value_internal":0.058155059071086375,"distribution":"{\"name\": \"FloatDistribution\", \"attributes\": {\"step\": null, \"low\": 0.0001, \"high\": 0.1, \"log\": true}}"}
{"op_code":5,"worker_id":"499ef36d-8bda-4cb9-bcf9-11cda9d70138-140544486217536","trial_id":10,"param_name":"dropout","param_value_internal":0.19502149854464693,"distribution":"{\"name\": \"FloatDistribution\", \"attributes\": {\"step\": null, \"low\": 0.0, \"high\": 0.5, \"log\": false}}"}
{"op_code":5,"worker_id":"499ef36d-8bda-4cb9-bcf9-11cda9d70138-140544486217536","trial_id":10,"param_name":"nodes","param_value_internal":1,"distribution":"{\"name\": \"CategoricalDistribution\", \"attributes\": {\"choices\": [\"64-64\", \"128-64\", \"256-128\"]}}"}
{"op_code":6,"worker_id":"499ef36d-8bda-4cb9-bcf9-11cda9d70138-140544486217536","trial_id":10,"state":1,"values":[0.5784090554741339],"datetime_complete":"2026-04-01T00:52:53.451105"}
{"op_code":4,"worker_id":"499ef36d-8bda-4cb9-bcf9-11cda9d70138-140544486217536","study_id":0,"datetime_start":"2026-04-01T00:52:53.476915"}
{"op_code":5,"worker_id":"499ef36d-8bda-4cb9-bcf9-11cda9d70138-140544486217536","trial_id":11,"param_name":"lr","param_value_internal":0.018261358407279236,"distribution":"{\"name\": \"FloatDistribution\", \"attributes\": {\"step\": null, \"low\": 0.0001, \"high\": 0.1, \"log\": true}}"}
{"op_code":5,"worker_id":"499ef36d-8bda-4cb9-bcf9-11cda9d70138-140544486217536","trial_id":11,"param_name":"dropout","param_value_internal":0.4751221884934616,"distribution":"{\"name\": \"FloatDistribution\", \"attributes\": {\"step\": null, \"low\": 0.0, \"high\": 0.5, \"log\": false}}"}
{"op_code":5,"worker_id":"499ef36d-8bda-4cb9-bcf9-11cda9d70138-140544486217536","trial_id":11,"param_name":"nodes","param_value_internal":0,"distribution":"{\"name\": \"CategoricalDistribution\", \"attributes\": {\"choices\": [\"64-64\", \"128-64\", \"256-128\"]}}"}
{"op_code":6,"worker_id":"499ef36d-8bda-4cb9-bcf9-11cda9d70138-140544486217536","trial_id":11,"state":1,"values":[0.5759144345006081],"datetime_complete":"2026-04-01T00:52:55.005424"}
{"op_code":4,"worker_id":"499ef36d-8bda-4cb9-bcf9-11cda9d70138-140544486217536","study_id":0,"datetime_start":"2026-04-01T00:52:55.031684"}
{"op_code":5,"worker_id":"499ef36d-8bda-4cb9-bcf9-11cda9d70138-140544486217536","trial_id":12,"param_name":"lr","param_value_internal":0.0001108856055979647,"distribution":"{\"name\": \"FloatDistribution\", \"attributes\": {\"step\": null, \"low\": 0.0001, \"high\": 0.1, \"log\": true}}"}
{"op_code":5,"worker_id":"499ef36d-8bda-4cb9-bcf9-11cda9d70138-140544486217536","trial_id":12,"param_name":"dropout","param_value_internal":0.49541395268443494,"distribution":"{\"name\": \"FloatDistribution\", \"attributes\": {\"step\": null, \"low\": 0.0, \"high\": 0.5, \"log\": false}}"}
{"op_code":5,"worker_id":"499ef36d-8bda-4cb9-bcf9-11cda9d70138-140544486217536","trial_id":12,"param_name":"nodes","param_value_internal":1,"distribution":"{\"name\": \"CategoricalDistribution\", \"attributes\": {\"choices\": [\"64-64\", \"128-64\", \"256-128\"]}}"}
{"op_code":6,"worker_id":"499ef36d-8bda-4cb9-bcf9-11cda9d70138-140544486217536","trial_id":12,"state":1,"values":[0.5775671208955689],"datetime_complete":"2026-04-01T00:52:56.504966"}
{"op_code":4,"worker_id":"499ef36d-8bda-4cb9-bcf9-11cda9d70138-140544486217536","study_id":0,"datetime_start":"2026-04-01T00:52:56.518942"}
{"op_code":5,"worker_id":"499ef36d-8bda-4cb9-bcf9-11cda9d70138-140544486217536","trial_id":13,"param_name":"lr","param_value_internal":0.01692964311617439,"distribution":"{\"name\": \"FloatDistribution\", \"attributes\": {\"step\": null, \"low\": 0.0001, \"high\": 0.1, \"log\": true}}"}
{"op_code":5,"worker_id":"499ef36d-8bda-4cb9-bcf9-11cda9d70138-140544486217536","trial_id":13,"param_name":"dropout","param_value_internal":0.031628849431424716,"distribution":"{\"name\": \"FloatDistribution\", \"attributes\": {\"step\": null, \"low\": 0.0, \"high\": 0.5, \"log\": false}}"}
{"op_code":5,"worker_id":"499ef36d-8bda-4cb9-bcf9-11cda9d70138-140544486217536","trial_id":13,"param_name":"nodes","param_value_internal":1,"distribution":"{\"name\": \"CategoricalDistribution\", \"attributes\": {\"choices\": [\"64-64\", \"128-64\", \"256-128\"]}}"}
{"op_code":6,"worker_id":"499ef36d-8bda-4cb9-bcf9-11cda9d70138-140544486217536","trial_id":13,"state":1,"values":[0.5454800586235928],"datetime_complete":"2026-04-01T00:52:58.003944"}
{"op_code":4,"worker_id":"499ef36d-8bda-4cb9-bcf9-11cda9d70138-140544486217536","study_id":0,"datetime_start":"2026-04-01T00:52:58.021993"}
{"op_code":5,"worker_id":"499ef36d-8bda-4cb9-bcf9-11cda9d70138-140544486217536","trial_id":14,"param_name":"lr","param_value_internal":0.014239209182071543,"distribution":"{\"name\": \"FloatDistribution\", \"attributes\": {\"step\": null, \"low\": 0.0001, \"high\": 0.1, \"log\": true}}"}
{"op_code":5,"worker_id":"499ef36d-8bda-4cb9-bcf9-11cda9d70138-140544486217536","trial_id":14,"param_name":"dropout","param_value_internal":0.41164774501109247,"distribution":"{\"name\": \"FloatDistribution\", \"attributes\": {\"step\": null, \"low\": 0.0, \"high\": 0.5, \"log\": false}}"}
{"op_code":5,"worker_id":"499ef36d-8bda-4cb9-bcf9-11cda9d70138-140544486217536","trial_id":14,"param_name":"nodes","param_value_internal":0,"distribution":"{\"name\": \"CategoricalDistribution\", \"attributes\": {\"choices\": [\"64-64\", \"128-64\", \"256-128\"]}}"}
{"op_code":6,"worker_id":"499ef36d-8bda-4cb9-bcf9-11cda9d70138-140544486217536","trial_id":14,"state":1,"values":[0.574137017056971],"datetime_complete":"2026-04-01T00:52:59.495235"}
{"op_code":4,"worker_id":"499ef36d-8bda-4cb9-bcf9-11cda9d70138-140544486217536","study_id":0,"datetime_start":"2026-04-01T00:52:59.515062"}
{"op_code":5,"worker_id":"499ef36d-8bda-4cb9-bcf9-11cda9d70138-140544486217536","trial_id":15,"param_name":"lr","param_value_internal":0.031308481775239295,"distribution":"{\"name\": \"FloatDistribution\", \"attributes\": {\"step\": null, \"low\": 0.0001, \"high\": 0.1, \"log\": true}}"}
{"op_code":5,"worker_id":"499ef36d-8bda-4cb9-bcf9-11cda9d70138-140544486217536","trial_id":15,"param_name":"dropout","param_value_internal":0.4193443727633891,"distribution":"{\"name\": \"FloatDistribution\", \"attributes\": {\"step\": null, \"low\": 0.0, \"high\": 0.5, \"log\": false}}"}
{"op_code":5,"worker_id":"499ef36d-8bda-4cb9-bcf9-11cda9d70138-140544486217536","trial_id":15,"param_name":"nodes","param_value_internal":1,"distribution":"{\"name\": \"CategoricalDistribution\", \"attributes\": {\"choices\": [\"64-64\", \"128-64\", \"256-128\"]}}"}
{"op_code":6,"worker_id":"499ef36d-8bda-4cb9-bcf9-11cda9d70138-140544486217536","trial_id":15,"state":1,"values":[0.5824939973182824],"datetime_complete":"2026-04-01T00:53:01.006957"}
{"op_code":4,"worker_id":"499ef36d-8bda-4cb9-bcf9-11cda9d70138-140544486217536","study_id":0,"datetime_start":"2026-04-01T00:53:01.027201"}
{"op_code":5,"worker_id":"499ef36d-8bda-4cb9-bcf9-11cda9d70138-140544486217536","trial_id":16,"param_name":"lr","param_value_internal":0.032123902801677214,"distribution":"{\"name\": \"FloatDistribution\", \"attributes\": {\"step\": null, \"low\": 0.0001, \"high\": 0.1, \"log\": true}}"}
{"op_code":5,"worker_id":"499ef36d-8bda-4cb9-bcf9-11cda9d70138-140544486217536","trial_id":16,"param_name":"dropout","param_value_internal":0.4055070333682244,"distribution":"{\"name\": \"FloatDistribution\", \"attributes\": {\"step\": null, \"low\": 0.0, \"high\": 0.5, \"log\": false}}"}
{"op_code":5,"worker_id":"499ef36d-8bda-4cb9-bcf9-11cda9d70138-140544486217536","trial_id":16,"param_name":"nodes","param_value_internal":1,"distribution":"{\"name\": \"CategoricalDistribution\", \"attributes\": {\"choices\": [\"64-64\", \"128-64\", \"256-128\"]}}"}
{"op_code":6,"worker_id":"499ef36d-8bda-4cb9-bcf9-11cda9d70138-140544486217536","trial_id":16,"state":1,"values":[0.5838660388537217],"datetime_complete":"2026-04-01T00:53:02.531510"}
{"op_code":4,"worker_id":"499ef36d-8bda-4cb9-bcf9-11cda9d70138-140544486217536","study_id":0,"datetime_start":"2026-04-01T00:53:02.548021"}
{"op_code":5,"worker_id":"499ef36d-8bda-4cb9-bcf9-11cda9d70138-140544486217536","trial_id":17,"param_name":"lr","param_value_internal":0.08891436304566733,"distribution":"{\"name\": \"FloatDistribution\", \"attributes\": {\"step\": null, \"low\": 0.0001, \"high\": 0.1, \"log\": true}}"}
{"op_code":5,"worker_id":"499ef36d-8bda-4cb9-bcf9-11cda9d70138-140544486217536","trial_id":17,"param_name":"dropout","param_value_internal":0.40880341112157537,"distribution":"{\"name\": \"FloatDistribution\", \"attributes\": {\"step\": null, \"low\": 0.0, \"high\": 0.5, \"log\": false}}"}
{"op_code":5,"worker_id":"499ef36d-8bda-4cb9-bcf9-11cda9d70138-140544486217536","trial_id":17,"param_name":"nodes","param_value_internal":1,"distribution":"{\"name\": \"CategoricalDistribution\", \"attributes\": {\"choices\": [\"64-64\", \"128-64\", \"256-128\"]}}"}
{"op_code":6,"worker_id":"499ef36d-8bda-4cb9-bcf9-11cda9d70138-140544486217536","trial_id":17,"state":1,"values":[0.5864542081137547],"datetime_complete":"2026-04-01T00:53:04.048937"}
{"op_code":4,"worker_id":"499ef36d-8bda-4cb9-bcf9-11cda9d70138-140544486217536","study_id":0,"datetime_start":"2026-04-01T00:53:04.071620"}
{"op_code":5,"worker_id":"499ef36d-8bda-4cb9-bcf9-11cda9d70138-140544486217536","trial_id":18,"param_name":"lr","param_value_internal":0.09453876911384478,"distribution":"{\"name\": \"FloatDistribution\", \"attributes\": {\"step\": null, \"low\": 0.0001, \"high\": 0.1, \"log\": true}}"}
{"op_code":5,"worker_id":"499ef36d-8bda-4cb9-bcf9-11cda9d70138-140544486217536","trial_id":18,"param_name":"dropout","param_value_internal":0.2501725746496344,"distribution":"{\"name\": \"FloatDistribution\", \"attributes\": {\"step\": null, \"low\": 0.0, \"high\": 0.5, \"log\": false}}"}
{"op_code":5,"worker_id":"499ef36d-8bda-4cb9-bcf9-11cda9d70138-140544486217536","trial_id":18,"param_name":"nodes","param_value_internal":1,"distribution":"{\"name\": \"CategoricalDistribution\", \"attributes\": {\"choices\": [\"64-64\", \"128-64\", \"256-128\"]}}"}
{"op_code":6,"worker_id":"499ef36d-8bda-4cb9-bcf9-11cda9d70138-140544486217536","trial_id":18,"state":1,"values":[0.573731641148773],"datetime_complete":"2026-04-01T00:53:05.585885"}
{"op_code":4,"worker_id":"499ef36d-8bda-4cb9-bcf9-11cda9d70138-140544486217536","study_id":0,"datetime_start":"2026-04-01T00:53:05.610201"}
{"op_code":5,"worker_id":"499ef36d-8bda-4cb9-bcf9-11cda9d70138-140544486217536","trial_id":19,"param_name":"lr","param_value_internal":0.00834411780675165,"distribution":"{\"name\": \"FloatDistribution\", \"attributes\": {\"step\": null, \"low\": 0.0001, \"high\": 0.1, \"log\": true}}"}
{"op_code":5,"worker_id":"499ef36d-8bda-4cb9-bcf9-11cda9d70138-140544486217536","trial_id":19,"param_name":"dropout","param_value_internal":0.4065233139946043,"distribution":"{\"name\": \"FloatDistribution\", \"attributes\": {\"step\": null, \"low\": 0.0, \"high\": 0.5, \"log\": false}}"}
{"op_code":5,"worker_id":"499ef36d-8bda-4cb9-bcf9-11cda9d70138-140544486217536","trial_id":19,"param_name":"nodes","param_value_internal":1,"distribution":"{\"name\": \"CategoricalDistribution\", \"attributes\": {\"choices\": [\"64-64\", \"128-64\", \"256-128\"]}}"}
{"op_code":6,"worker_id":"499ef36d-8bda-4cb9-bcf9-11cda9d70138-140544486217536","trial_id":19,"state":1,"values":[0.5806542143503072],"datetime_complete":"2026-04-01T00:53:07.167355"}
