{"op_code":0,"worker_id":"bd4fefaf-4653-4184-abdf-1663ac0b30aa-140544486217536","study_name":"pchazard_tuning","directions":[2]}
{"op_code":4,"worker_id":"bd4fefaf-4653-4184-abdf-1663ac0b30aa-140544486217536","study_id":0,"datetime_start":"2026-04-01T04:43:37.574197"}
{"op_code":5,"worker_id":"bd4fefaf-4653-4184-abdf-1663ac0b30aa-140544486217536","trial_id":0,"param_name":"lr","param_value_internal":0.00023845330513477957,"distribution":"{\"name\": \"FloatDistribution\", \"attributes\": {\"step\": null, \"low\": 0.0001, \"high\": 0.1, \"log\": true}}"}
{"op_code":5,"worker_id":"bd4fefaf-4653-4184-abdf-1663ac0b30aa-140544486217536","trial_id":0,"param_name":"dropout","param_value_internal":0.4026357831313959,"distribution":"{\"name\": \"FloatDistribution\", \"attributes\": {\"step\": null, \"low\": 0.0, \"high\": 0.5, \"log\": false}}"}
{"op_code":5,"worker_id":"bd4fefaf-4653-4184-abdf-1663ac0b30aa-140544486217536","trial_id":0,"param_name":"layers","param_value_internal":2.0,"distribution":"{\"name\": \"IntDistribution\", \"attributes\": {\"log\": false, \"step\": 1, \"low\": 1, \"high\": 3}}"}
{"op_code":5,"worker_id":"bd4fefaf-4653-4184-abdf-1663ac0b30aa-140544486217536","trial_id":0,"param_name":"nodes","param_value_internal":0,"distribution":"{\"name\": \"CategoricalDistribution\", \"attributes\": {\"choices\": [32, 64, 128]}}"}
{"op_code":6,"worker_id":"bd4fefaf-4653-4184-abdf-1663ac0b30aa-140544486217536","trial_id":0,"state":1,"values":[0.0],"datetime_complete":"2026-04-01T04:43:37.630453"}
{"op_code":4,"worker_id":"bd4fefaf-4653-4184-abdf-1663ac0b30aa-140544486217536","study_id":0,"datetime_start":"2026-04-01T04:43:37.641583"}
{"op_code":5,"worker_id":"bd4fefaf-4653-4184-abdf-1663ac0b30aa-140544486217536","trial_id":1,"param_name":"lr","param_value_internal":0.0011092902666797518,"distribution":"{\"name\": \"FloatDistribution\", \"attributes\": {\"step\": null, \"low\": 0.0001, \"high\": 0.1, \"log\": true}}"}
{"op_code":5,"worker_id":"bd4fefaf-4653-4184-abdf-1663ac0b30aa-140544486217536","trial_id":1,"param_name":"dropout","param_value_internal":0.13560305713184845,"distribution":"{\"name\": \"FloatDistribution\", \"attributes\": {\"step\": null, \"low\": 0.0, \"high\": 0.5, \"log\": false}}"}
{"op_code":5,"worker_id":"bd4fefaf-4653-4184-abdf-1663ac0b30aa-140544486217536","trial_id":1,"param_name":"layers","param_value_internal":1.0,"distribution":"{\"name\": \"IntDistribution\", \"attributes\": {\"log\": false, \"step\": 1, \"low\": 1, \"high\": 3}}"}
{"op_code":5,"worker_id":"bd4fefaf-4653-4184-abdf-1663ac0b30aa-140544486217536","trial_id":1,"param_name":"nodes","param_value_internal":0,"distribution":"{\"name\": \"CategoricalDistribution\", \"attributes\": {\"choices\": [32, 64, 128]}}"}
{"op_code":6,"worker_id":"bd4fefaf-4653-4184-abdf-1663ac0b30aa-140544486217536","trial_id":1,"state":1,"values":[0.0],"datetime_complete":"2026-04-01T04:43:37.699700"}
{"op_code":4,"worker_id":"bd4fefaf-4653-4184-abdf-1663ac0b30aa-140544486217536","study_id":0,"datetime_start":"2026-04-01T04:43:37.709546"}
{"op_code":5,"worker_id":"bd4fefaf-4653-4184-abdf-1663ac0b30aa-140544486217536","trial_id":2,"param_name":"lr","param_value_internal":0.00781084527714126,"distribution":"{\"name\": \"FloatDistribution\", \"attributes\": {\"step\": null, \"low\": 0.0001, \"high\": 0.1, \"log\": true}}"}
{"op_code":5,"worker_id":"bd4fefaf-4653-4184-abdf-1663ac0b30aa-140544486217536","trial_id":2,"param_name":"dropout","param_value_internal":0.25871481605431723,"distribution":"{\"name\": \"FloatDistribution\", \"attributes\": {\"step\": null, \"low\": 0.0, \"high\": 0.5, \"log\": false}}"}
{"op_code":5,"worker_id":"bd4fefaf-4653-4184-abdf-1663ac0b30aa-140544486217536","trial_id":2,"param_name":"layers","param_value_internal":2.0,"distribution":"{\"name\": \"IntDistribution\", \"attributes\": {\"log\": false, \"step\": 1, \"low\": 1, \"high\": 3}}"}
{"op_code":5,"worker_id":"bd4fefaf-4653-4184-abdf-1663ac0b30aa-140544486217536","trial_id":2,"param_name":"nodes","param_value_internal":2,"distribution":"{\"name\": \"CategoricalDistribution\", \"attributes\": {\"choices\": [32, 64, 128]}}"}
{"op_code":6,"worker_id":"bd4fefaf-4653-4184-abdf-1663ac0b30aa-140544486217536","trial_id":2,"state":1,"values":[0.0],"datetime_complete":"2026-04-01T04:43:37.769136"}
{"op_code":4,"worker_id":"bd4fefaf-4653-4184-abdf-1663ac0b30aa-140544486217536","study_id":0,"datetime_start":"2026-04-01T04:43:37.779027"}
{"op_code":5,"worker_id":"bd4fefaf-4653-4184-abdf-1663ac0b30aa-140544486217536","trial_id":3,"param_name":"lr","param_value_internal":0.06356414790024095,"distribution":"{\"name\": \"FloatDistribution\", \"attributes\": {\"step\": null, \"low\": 0.0001, \"high\": 0.1, \"log\": true}}"}
{"op_code":5,"worker_id":"bd4fefaf-4653-4184-abdf-1663ac0b30aa-140544486217536","trial_id":3,"param_name":"dropout","param_value_internal":0.13283839773805778,"distribution":"{\"name\": \"FloatDistribution\", \"attributes\": {\"step\": null, \"low\": 0.0, \"high\": 0.5, \"log\": false}}"}
{"op_code":5,"worker_id":"bd4fefaf-4653-4184-abdf-1663ac0b30aa-140544486217536","trial_id":3,"param_name":"layers","param_value_internal":3.0,"distribution":"{\"name\": \"IntDistribution\", \"attributes\": {\"log\": false, \"step\": 1, \"low\": 1, \"high\": 3}}"}
{"op_code":5,"worker_id":"bd4fefaf-4653-4184-abdf-1663ac0b30aa-140544486217536","trial_id":3,"param_name":"nodes","param_value_internal":1,"distribution":"{\"name\": \"CategoricalDistribution\", \"attributes\": {\"choices\": [32, 64, 128]}}"}
{"op_code":6,"worker_id":"bd4fefaf-4653-4184-abdf-1663ac0b30aa-140544486217536","trial_id":3,"state":1,"values":[0.0],"datetime_complete":"2026-04-01T04:43:37.836606"}
{"op_code":4,"worker_id":"bd4fefaf-4653-4184-abdf-1663ac0b30aa-140544486217536","study_id":0,"datetime_start":"2026-04-01T04:43:37.846044"}
{"op_code":5,"worker_id":"bd4fefaf-4653-4184-abdf-1663ac0b30aa-140544486217536","trial_id":4,"param_name":"lr","param_value_internal":0.06916010431191337,"distribution":"{\"name\": \"FloatDistribution\", \"attributes\": {\"step\": null, \"low\": 0.0001, \"high\": 0.1, \"log\": true}}"}
{"op_code":5,"worker_id":"bd4fefaf-4653-4184-abdf-1663ac0b30aa-140544486217536","trial_id":4,"param_name":"dropout","param_value_internal":0.40351081408746486,"distribution":"{\"name\": \"FloatDistribution\", \"attributes\": {\"step\": null, \"low\": 0.0, \"high\": 0.5, \"log\": false}}"}
{"op_code":5,"worker_id":"bd4fefaf-4653-4184-abdf-1663ac0b30aa-140544486217536","trial_id":4,"param_name":"layers","param_value_internal":3.0,"distribution":"{\"name\": \"IntDistribution\", \"attributes\": {\"log\": false, \"step\": 1, \"low\": 1, \"high\": 3}}"}
{"op_code":5,"worker_id":"bd4fefaf-4653-4184-abdf-1663ac0b30aa-140544486217536","trial_id":4,"param_name":"nodes","param_value_internal":1,"distribution":"{\"name\": \"CategoricalDistribution\", \"attributes\": {\"choices\": [32, 64, 128]}}"}
{"op_code":6,"worker_id":"bd4fefaf-4653-4184-abdf-1663ac0b30aa-140544486217536","trial_id":4,"state":1,"values":[0.0],"datetime_complete":"2026-04-01T04:43:37.907309"}
{"op_code":4,"worker_id":"bd4fefaf-4653-4184-abdf-1663ac0b30aa-140544486217536","study_id":0,"datetime_start":"2026-04-01T04:43:37.916904"}
{"op_code":5,"worker_id":"bd4fefaf-4653-4184-abdf-1663ac0b30aa-140544486217536","trial_id":5,"param_name":"lr","param_value_internal":0.0035606577525007206,"distribution":"{\"name\": \"FloatDistribution\", \"attributes\": {\"step\": null, \"low\": 0.0001, \"high\": 0.1, \"log\": true}}"}
{"op_code":5,"worker_id":"bd4fefaf-4653-4184-abdf-1663ac0b30aa-140544486217536","trial_id":5,"param_name":"dropout","param_value_internal":0.2400811209288944,"distribution":"{\"name\": \"FloatDistribution\", \"attributes\": {\"step\": null, \"low\": 0.0, \"high\": 0.5, \"log\": false}}"}
{"op_code":5,"worker_id":"bd4fefaf-4653-4184-abdf-1663ac0b30aa-140544486217536","trial_id":5,"param_name":"layers","param_value_internal":3.0,"distribution":"{\"name\": \"IntDistribution\", \"attributes\": {\"log\": false, \"step\": 1, \"low\": 1, \"high\": 3}}"}
{"op_code":5,"worker_id":"bd4fefaf-4653-4184-abdf-1663ac0b30aa-140544486217536","trial_id":5,"param_name":"nodes","param_value_internal":2,"distribution":"{\"name\": \"CategoricalDistribution\", \"attributes\": {\"choices\": [32, 64, 128]}}"}
{"op_code":6,"worker_id":"bd4fefaf-4653-4184-abdf-1663ac0b30aa-140544486217536","trial_id":5,"state":1,"values":[0.0],"datetime_complete":"2026-04-01T04:43:37.980739"}
{"op_code":4,"worker_id":"bd4fefaf-4653-4184-abdf-1663ac0b30aa-140544486217536","study_id":0,"datetime_start":"2026-04-01T04:43:37.990166"}
{"op_code":5,"worker_id":"bd4fefaf-4653-4184-abdf-1663ac0b30aa-140544486217536","trial_id":6,"param_name":"lr","param_value_internal":0.001554689223173808,"distribution":"{\"name\": \"FloatDistribution\", \"attributes\": {\"step\": null, \"low\": 0.0001, \"high\": 0.1, \"log\": true}}"}
{"op_code":5,"worker_id":"bd4fefaf-4653-4184-abdf-1663ac0b30aa-140544486217536","trial_id":6,"param_name":"dropout","param_value_internal":0.027594884432644018,"distribution":"{\"name\": \"FloatDistribution\", \"attributes\": {\"step\": null, \"low\": 0.0, \"high\": 0.5, \"log\": false}}"}
{"op_code":5,"worker_id":"bd4fefaf-4653-4184-abdf-1663ac0b30aa-140544486217536","trial_id":6,"param_name":"layers","param_value_internal":1.0,"distribution":"{\"name\": \"IntDistribution\", \"attributes\": {\"log\": false, \"step\": 1, \"low\": 1, \"high\": 3}}"}
{"op_code":5,"worker_id":"bd4fefaf-4653-4184-abdf-1663ac0b30aa-140544486217536","trial_id":6,"param_name":"nodes","param_value_internal":1,"distribution":"{\"name\": \"CategoricalDistribution\", \"attributes\": {\"choices\": [32, 64, 128]}}"}
{"op_code":6,"worker_id":"bd4fefaf-4653-4184-abdf-1663ac0b30aa-140544486217536","trial_id":6,"state":1,"values":[0.0],"datetime_complete":"2026-04-01T04:43:38.049595"}
{"op_code":4,"worker_id":"bd4fefaf-4653-4184-abdf-1663ac0b30aa-140544486217536","study_id":0,"datetime_start":"2026-04-01T04:43:38.059661"}
{"op_code":5,"worker_id":"bd4fefaf-4653-4184-abdf-1663ac0b30aa-140544486217536","trial_id":7,"param_name":"lr","param_value_internal":0.00355568220031158,"distribution":"{\"name\": \"FloatDistribution\", \"attributes\": {\"step\": null, \"low\": 0.0001, \"high\": 0.1, \"log\": true}}"}
{"op_code":5,"worker_id":"bd4fefaf-4653-4184-abdf-1663ac0b30aa-140544486217536","trial_id":7,"param_name":"dropout","param_value_internal":0.07398904286413915,"distribution":"{\"name\": \"FloatDistribution\", \"attributes\": {\"step\": null, \"low\": 0.0, \"high\": 0.5, \"log\": false}}"}
{"op_code":5,"worker_id":"bd4fefaf-4653-4184-abdf-1663ac0b30aa-140544486217536","trial_id":7,"param_name":"layers","param_value_internal":3.0,"distribution":"{\"name\": \"IntDistribution\", \"attributes\": {\"log\": false, \"step\": 1, \"low\": 1, \"high\": 3}}"}
{"op_code":5,"worker_id":"bd4fefaf-4653-4184-abdf-1663ac0b30aa-140544486217536","trial_id":7,"param_name":"nodes","param_value_internal":0,"distribution":"{\"name\": \"CategoricalDistribution\", \"attributes\": {\"choices\": [32, 64, 128]}}"}
{"op_code":6,"worker_id":"bd4fefaf-4653-4184-abdf-1663ac0b30aa-140544486217536","trial_id":7,"state":1,"values":[0.0],"datetime_complete":"2026-04-01T04:43:38.122184"}
{"op_code":4,"worker_id":"bd4fefaf-4653-4184-abdf-1663ac0b30aa-140544486217536","study_id":0,"datetime_start":"2026-04-01T04:43:38.133900"}
{"op_code":5,"worker_id":"bd4fefaf-4653-4184-abdf-1663ac0b30aa-140544486217536","trial_id":8,"param_name":"lr","param_value_internal":0.00034623948286254094,"distribution":"{\"name\": \"FloatDistribution\", \"attributes\": {\"step\": null, \"low\": 0.0001, \"high\": 0.1, \"log\": true}}"}
{"op_code":5,"worker_id":"bd4fefaf-4653-4184-abdf-1663ac0b30aa-140544486217536","trial_id":8,"param_name":"dropout","param_value_internal":0.3702520885859597,"distribution":"{\"name\": \"FloatDistribution\", \"attributes\": {\"step\": null, \"low\": 0.0, \"high\": 0.5, \"log\": false}}"}
{"op_code":5,"worker_id":"bd4fefaf-4653-4184-abdf-1663ac0b30aa-140544486217536","trial_id":8,"param_name":"layers","param_value_internal":1.0,"distribution":"{\"name\": \"IntDistribution\", \"attributes\": {\"log\": false, \"step\": 1, \"low\": 1, \"high\": 3}}"}
{"op_code":5,"worker_id":"bd4fefaf-4653-4184-abdf-1663ac0b30aa-140544486217536","trial_id":8,"param_name":"nodes","param_value_internal":0,"distribution":"{\"name\": \"CategoricalDistribution\", \"attributes\": {\"choices\": [32, 64, 128]}}"}
{"op_code":6,"worker_id":"bd4fefaf-4653-4184-abdf-1663ac0b30aa-140544486217536","trial_id":8,"state":1,"values":[0.0],"datetime_complete":"2026-04-01T04:43:38.190544"}
{"op_code":4,"worker_id":"bd4fefaf-4653-4184-abdf-1663ac0b30aa-140544486217536","study_id":0,"datetime_start":"2026-04-01T04:43:38.202707"}
{"op_code":5,"worker_id":"bd4fefaf-4653-4184-abdf-1663ac0b30aa-140544486217536","trial_id":9,"param_name":"lr","param_value_internal":0.09513191137975828,"distribution":"{\"name\": \"FloatDistribution\", \"attributes\": {\"step\": null, \"low\": 0.0001, \"high\": 0.1, \"log\": true}}"}
{"op_code":5,"worker_id":"bd4fefaf-4653-4184-abdf-1663ac0b30aa-140544486217536","trial_id":9,"param_name":"dropout","param_value_internal":0.07512111393200216,"distribution":"{\"name\": \"FloatDistribution\", \"attributes\": {\"step\": null, \"low\": 0.0, \"high\": 0.5, \"log\": false}}"}
{"op_code":5,"worker_id":"bd4fefaf-4653-4184-abdf-1663ac0b30aa-140544486217536","trial_id":9,"param_name":"layers","param_value_internal":2.0,"distribution":"{\"name\": \"IntDistribution\", \"attributes\": {\"log\": false, \"step\": 1, \"low\": 1, \"high\": 3}}"}
{"op_code":5,"worker_id":"bd4fefaf-4653-4184-abdf-1663ac0b30aa-140544486217536","trial_id":9,"param_name":"nodes","param_value_internal":1,"distribution":"{\"name\": \"CategoricalDistribution\", \"attributes\": {\"choices\": [32, 64, 128]}}"}
{"op_code":6,"worker_id":"bd4fefaf-4653-4184-abdf-1663ac0b30aa-140544486217536","trial_id":9,"state":1,"values":[0.0],"datetime_complete":"2026-04-01T04:43:38.267393"}
{"op_code":4,"worker_id":"bd4fefaf-4653-4184-abdf-1663ac0b30aa-140544486217536","study_id":0,"datetime_start":"2026-04-01T04:43:38.276712"}
{"op_code":5,"worker_id":"bd4fefaf-4653-4184-abdf-1663ac0b30aa-140544486217536","trial_id":10,"param_name":"lr","param_value_internal":0.0001075200608571143,"distribution":"{\"name\": \"FloatDistribution\", \"attributes\": {\"step\": null, \"low\": 0.0001, \"high\": 0.1, \"log\": true}}"}
{"op_code":5,"worker_id":"bd4fefaf-4653-4184-abdf-1663ac0b30aa-140544486217536","trial_id":10,"param_name":"dropout","param_value_internal":0.4412382774423501,"distribution":"{\"name\": \"FloatDistribution\", \"attributes\": {\"step\": null, \"low\": 0.0, \"high\": 0.5, \"log\": false}}"}
{"op_code":5,"worker_id":"bd4fefaf-4653-4184-abdf-1663ac0b30aa-140544486217536","trial_id":10,"param_name":"layers","param_value_internal":2.0,"distribution":"{\"name\": \"IntDistribution\", \"attributes\": {\"log\": false, \"step\": 1, \"low\": 1, \"high\": 3}}"}
{"op_code":5,"worker_id":"bd4fefaf-4653-4184-abdf-1663ac0b30aa-140544486217536","trial_id":10,"param_name":"nodes","param_value_internal":0,"distribution":"{\"name\": \"CategoricalDistribution\", \"attributes\": {\"choices\": [32, 64, 128]}}"}
{"op_code":6,"worker_id":"bd4fefaf-4653-4184-abdf-1663ac0b30aa-140544486217536","trial_id":10,"state":1,"values":[0.0],"datetime_complete":"2026-04-01T04:43:38.350807"}
{"op_code":4,"worker_id":"bd4fefaf-4653-4184-abdf-1663ac0b30aa-140544486217536","study_id":0,"datetime_start":"2026-04-01T04:43:38.362338"}
{"op_code":5,"worker_id":"bd4fefaf-4653-4184-abdf-1663ac0b30aa-140544486217536","trial_id":11,"param_name":"lr","param_value_internal":0.0005628588206444968,"distribution":"{\"name\": \"FloatDistribution\", \"attributes\": {\"step\": null, \"low\": 0.0001, \"high\": 0.1, \"log\": true}}"}
{"op_code":5,"worker_id":"bd4fefaf-4653-4184-abdf-1663ac0b30aa-140544486217536","trial_id":11,"param_name":"dropout","param_value_internal":0.22229627648015932,"distribution":"{\"name\": \"FloatDistribution\", \"attributes\": {\"step\": null, \"low\": 0.0, \"high\": 0.5, \"log\": false}}"}
{"op_code":5,"worker_id":"bd4fefaf-4653-4184-abdf-1663ac0b30aa-140544486217536","trial_id":11,"param_name":"layers","param_value_internal":1.0,"distribution":"{\"name\": \"IntDistribution\", \"attributes\": {\"log\": false, \"step\": 1, \"low\": 1, \"high\": 3}}"}
{"op_code":5,"worker_id":"bd4fefaf-4653-4184-abdf-1663ac0b30aa-140544486217536","trial_id":11,"param_name":"nodes","param_value_internal":0,"distribution":"{\"name\": \"CategoricalDistribution\", \"attributes\": {\"choices\": [32, 64, 128]}}"}
{"op_code":6,"worker_id":"bd4fefaf-4653-4184-abdf-1663ac0b30aa-140544486217536","trial_id":11,"state":1,"values":[0.0],"datetime_complete":"2026-04-01T04:43:38.439531"}
{"op_code":4,"worker_id":"bd4fefaf-4653-4184-abdf-1663ac0b30aa-140544486217536","study_id":0,"datetime_start":"2026-04-01T04:43:38.450972"}
{"op_code":5,"worker_id":"bd4fefaf-4653-4184-abdf-1663ac0b30aa-140544486217536","trial_id":12,"param_name":"lr","param_value_internal":0.00010319029437914224,"distribution":"{\"name\": \"FloatDistribution\", \"attributes\": {\"step\": null, \"low\": 0.0001, \"high\": 0.1, \"log\": true}}"}
{"op_code":5,"worker_id":"bd4fefaf-4653-4184-abdf-1663ac0b30aa-140544486217536","trial_id":12,"param_name":"dropout","param_value_internal":0.4979262896120368,"distribution":"{\"name\": \"FloatDistribution\", \"attributes\": {\"step\": null, \"low\": 0.0, \"high\": 0.5, \"log\": false}}"}
{"op_code":5,"worker_id":"bd4fefaf-4653-4184-abdf-1663ac0b30aa-140544486217536","trial_id":12,"param_name":"layers","param_value_internal":2.0,"distribution":"{\"name\": \"IntDistribution\", \"attributes\": {\"log\": false, \"step\": 1, \"low\": 1, \"high\": 3}}"}
{"op_code":5,"worker_id":"bd4fefaf-4653-4184-abdf-1663ac0b30aa-140544486217536","trial_id":12,"param_name":"nodes","param_value_internal":0,"distribution":"{\"name\": \"CategoricalDistribution\", \"attributes\": {\"choices\": [32, 64, 128]}}"}
{"op_code":6,"worker_id":"bd4fefaf-4653-4184-abdf-1663ac0b30aa-140544486217536","trial_id":12,"state":1,"values":[0.0],"datetime_complete":"2026-04-01T04:43:38.529024"}
{"op_code":4,"worker_id":"bd4fefaf-4653-4184-abdf-1663ac0b30aa-140544486217536","study_id":0,"datetime_start":"2026-04-01T04:43:38.541748"}
{"op_code":5,"worker_id":"bd4fefaf-4653-4184-abdf-1663ac0b30aa-140544486217536","trial_id":13,"param_name":"lr","param_value_internal":0.0005777822859200721,"distribution":"{\"name\": \"FloatDistribution\", \"attributes\": {\"step\": null, \"low\": 0.0001, \"high\": 0.1, \"log\": true}}"}
{"op_code":5,"worker_id":"bd4fefaf-4653-4184-abdf-1663ac0b30aa-140544486217536","trial_id":13,"param_name":"dropout","param_value_internal":0.3477145533762894,"distribution":"{\"name\": \"FloatDistribution\", \"attributes\": {\"step\": null, \"low\": 0.0, \"high\": 0.5, \"log\": false}}"}
{"op_code":5,"worker_id":"bd4fefaf-4653-4184-abdf-1663ac0b30aa-140544486217536","trial_id":13,"param_name":"layers","param_value_internal":1.0,"distribution":"{\"name\": \"IntDistribution\", \"attributes\": {\"log\": false, \"step\": 1, \"low\": 1, \"high\": 3}}"}
{"op_code":5,"worker_id":"bd4fefaf-4653-4184-abdf-1663ac0b30aa-140544486217536","trial_id":13,"param_name":"nodes","param_value_internal":0,"distribution":"{\"name\": \"CategoricalDistribution\", \"attributes\": {\"choices\": [32, 64, 128]}}"}
{"op_code":6,"worker_id":"bd4fefaf-4653-4184-abdf-1663ac0b30aa-140544486217536","trial_id":13,"state":1,"values":[0.0],"datetime_complete":"2026-04-01T04:43:38.615990"}
{"op_code":4,"worker_id":"bd4fefaf-4653-4184-abdf-1663ac0b30aa-140544486217536","study_id":0,"datetime_start":"2026-04-01T04:43:38.632098"}
{"op_code":5,"worker_id":"bd4fefaf-4653-4184-abdf-1663ac0b30aa-140544486217536","trial_id":14,"param_name":"lr","param_value_internal":0.00029126054769727203,"distribution":"{\"name\": \"FloatDistribution\", \"attributes\": {\"step\": null, \"low\": 0.0001, \"high\": 0.1, \"log\": true}}"}
{"op_code":5,"worker_id":"bd4fefaf-4653-4184-abdf-1663ac0b30aa-140544486217536","trial_id":14,"param_name":"dropout","param_value_internal":0.1721222207903116,"distribution":"{\"name\": \"FloatDistribution\", \"attributes\": {\"step\": null, \"low\": 0.0, \"high\": 0.5, \"log\": false}}"}
{"op_code":5,"worker_id":"bd4fefaf-4653-4184-abdf-1663ac0b30aa-140544486217536","trial_id":14,"param_name":"layers","param_value_internal":1.0,"distribution":"{\"name\": \"IntDistribution\", \"attributes\": {\"log\": false, \"step\": 1, \"low\": 1, \"high\": 3}}"}
{"op_code":5,"worker_id":"bd4fefaf-4653-4184-abdf-1663ac0b30aa-140544486217536","trial_id":14,"param_name":"nodes","param_value_internal":0,"distribution":"{\"name\": \"CategoricalDistribution\", \"attributes\": {\"choices\": [32, 64, 128]}}"}
{"op_code":6,"worker_id":"bd4fefaf-4653-4184-abdf-1663ac0b30aa-140544486217536","trial_id":14,"state":1,"values":[0.0],"datetime_complete":"2026-04-01T04:43:38.707784"}
{"op_code":4,"worker_id":"bd4fefaf-4653-4184-abdf-1663ac0b30aa-140544486217536","study_id":0,"datetime_start":"2026-04-01T04:43:38.719958"}
{"op_code":5,"worker_id":"bd4fefaf-4653-4184-abdf-1663ac0b30aa-140544486217536","trial_id":15,"param_name":"lr","param_value_internal":0.0011167690327412,"distribution":"{\"name\": \"FloatDistribution\", \"attributes\": {\"step\": null, \"low\": 0.0001, \"high\": 0.1, \"log\": true}}"}
{"op_code":5,"worker_id":"bd4fefaf-4653-4184-abdf-1663ac0b30aa-140544486217536","trial_id":15,"param_name":"dropout","param_value_internal":0.3126303197215633,"distribution":"{\"name\": \"FloatDistribution\", \"attributes\": {\"step\": null, \"low\": 0.0, \"high\": 0.5, \"log\": false}}"}
{"op_code":5,"worker_id":"bd4fefaf-4653-4184-abdf-1663ac0b30aa-140544486217536","trial_id":15,"param_name":"layers","param_value_internal":2.0,"distribution":"{\"name\": \"IntDistribution\", \"attributes\": {\"log\": false, \"step\": 1, \"low\": 1, \"high\": 3}}"}
{"op_code":5,"worker_id":"bd4fefaf-4653-4184-abdf-1663ac0b30aa-140544486217536","trial_id":15,"param_name":"nodes","param_value_internal":0,"distribution":"{\"name\": \"CategoricalDistribution\", \"attributes\": {\"choices\": [32, 64, 128]}}"}
{"op_code":6,"worker_id":"bd4fefaf-4653-4184-abdf-1663ac0b30aa-140544486217536","trial_id":15,"state":1,"values":[0.0],"datetime_complete":"2026-04-01T04:43:38.797981"}
{"op_code":4,"worker_id":"bd4fefaf-4653-4184-abdf-1663ac0b30aa-140544486217536","study_id":0,"datetime_start":"2026-04-01T04:43:38.815050"}
{"op_code":5,"worker_id":"bd4fefaf-4653-4184-abdf-1663ac0b30aa-140544486217536","trial_id":16,"param_name":"lr","param_value_internal":0.0098225292029981,"distribution":"{\"name\": \"FloatDistribution\", \"attributes\": {\"step\": null, \"low\": 0.0001, \"high\": 0.1, \"log\": true}}"}
{"op_code":5,"worker_id":"bd4fefaf-4653-4184-abdf-1663ac0b30aa-140544486217536","trial_id":16,"param_name":"dropout","param_value_internal":0.16145441215418369,"distribution":"{\"name\": \"FloatDistribution\", \"attributes\": {\"step\": null, \"low\": 0.0, \"high\": 0.5, \"log\": false}}"}
{"op_code":5,"worker_id":"bd4fefaf-4653-4184-abdf-1663ac0b30aa-140544486217536","trial_id":16,"param_name":"layers","param_value_internal":1.0,"distribution":"{\"name\": \"IntDistribution\", \"attributes\": {\"log\": false, \"step\": 1, \"low\": 1, \"high\": 3}}"}
{"op_code":5,"worker_id":"bd4fefaf-4653-4184-abdf-1663ac0b30aa-140544486217536","trial_id":16,"param_name":"nodes","param_value_internal":2,"distribution":"{\"name\": \"CategoricalDistribution\", \"attributes\": {\"choices\": [32, 64, 128]}}"}
{"op_code":6,"worker_id":"bd4fefaf-4653-4184-abdf-1663ac0b30aa-140544486217536","trial_id":16,"state":1,"values":[0.0],"datetime_complete":"2026-04-01T04:43:38.907608"}
{"op_code":4,"worker_id":"bd4fefaf-4653-4184-abdf-1663ac0b30aa-140544486217536","study_id":0,"datetime_start":"2026-04-01T04:43:38.921430"}
{"op_code":5,"worker_id":"bd4fefaf-4653-4184-abdf-1663ac0b30aa-140544486217536","trial_id":17,"param_name":"lr","param_value_internal":0.00018942739712593445,"distribution":"{\"name\": \"FloatDistribution\", \"attributes\": {\"step\": null, \"low\": 0.0001, \"high\": 0.1, \"log\": true}}"}
{"op_code":5,"worker_id":"bd4fefaf-4653-4184-abdf-1663ac0b30aa-140544486217536","trial_id":17,"param_name":"dropout","param_value_internal":0.29514080711483454,"distribution":"{\"name\": \"FloatDistribution\", \"attributes\": {\"step\": null, \"low\": 0.0, \"high\": 0.5, \"log\": false}}"}
{"op_code":5,"worker_id":"bd4fefaf-4653-4184-abdf-1663ac0b30aa-140544486217536","trial_id":17,"param_name":"layers","param_value_internal":2.0,"distribution":"{\"name\": \"IntDistribution\", \"attributes\": {\"log\": false, \"step\": 1, \"low\": 1, \"high\": 3}}"}
{"op_code":5,"worker_id":"bd4fefaf-4653-4184-abdf-1663ac0b30aa-140544486217536","trial_id":17,"param_name":"nodes","param_value_internal":0,"distribution":"{\"name\": \"CategoricalDistribution\", \"attributes\": {\"choices\": [32, 64, 128]}}"}
{"op_code":6,"worker_id":"bd4fefaf-4653-4184-abdf-1663ac0b30aa-140544486217536","trial_id":17,"state":1,"values":[0.0],"datetime_complete":"2026-04-01T04:43:39.022352"}
{"op_code":4,"worker_id":"bd4fefaf-4653-4184-abdf-1663ac0b30aa-140544486217536","study_id":0,"datetime_start":"2026-04-01T04:43:39.039327"}
{"op_code":5,"worker_id":"bd4fefaf-4653-4184-abdf-1663ac0b30aa-140544486217536","trial_id":18,"param_name":"lr","param_value_internal":0.0012105332830651583,"distribution":"{\"name\": \"FloatDistribution\", \"attributes\": {\"step\": null, \"low\": 0.0001, \"high\": 0.1, \"log\": true}}"}
{"op_code":5,"worker_id":"bd4fefaf-4653-4184-abdf-1663ac0b30aa-140544486217536","trial_id":18,"param_name":"dropout","param_value_internal":0.49540494664564366,"distribution":"{\"name\": \"FloatDistribution\", \"attributes\": {\"step\": null, \"low\": 0.0, \"high\": 0.5, \"log\": false}}"}
{"op_code":5,"worker_id":"bd4fefaf-4653-4184-abdf-1663ac0b30aa-140544486217536","trial_id":18,"param_name":"layers","param_value_internal":1.0,"distribution":"{\"name\": \"IntDistribution\", \"attributes\": {\"log\": false, \"step\": 1, \"low\": 1, \"high\": 3}}"}
{"op_code":5,"worker_id":"bd4fefaf-4653-4184-abdf-1663ac0b30aa-140544486217536","trial_id":18,"param_name":"nodes","param_value_internal":0,"distribution":"{\"name\": \"CategoricalDistribution\", \"attributes\": {\"choices\": [32, 64, 128]}}"}
{"op_code":6,"worker_id":"bd4fefaf-4653-4184-abdf-1663ac0b30aa-140544486217536","trial_id":18,"state":1,"values":[0.0],"datetime_complete":"2026-04-01T04:43:39.141095"}
{"op_code":4,"worker_id":"bd4fefaf-4653-4184-abdf-1663ac0b30aa-140544486217536","study_id":0,"datetime_start":"2026-04-01T04:43:39.160702"}
{"op_code":5,"worker_id":"bd4fefaf-4653-4184-abdf-1663ac0b30aa-140544486217536","trial_id":19,"param_name":"lr","param_value_internal":0.018458882179888725,"distribution":"{\"name\": \"FloatDistribution\", \"attributes\": {\"step\": null, \"low\": 0.0001, \"high\": 0.1, \"log\": true}}"}
{"op_code":5,"worker_id":"bd4fefaf-4653-4184-abdf-1663ac0b30aa-140544486217536","trial_id":19,"param_name":"dropout","param_value_internal":0.10440919452091169,"distribution":"{\"name\": \"FloatDistribution\", \"attributes\": {\"step\": null, \"low\": 0.0, \"high\": 0.5, \"log\": false}}"}
{"op_code":5,"worker_id":"bd4fefaf-4653-4184-abdf-1663ac0b30aa-140544486217536","trial_id":19,"param_name":"layers","param_value_internal":2.0,"distribution":"{\"name\": \"IntDistribution\", \"attributes\": {\"log\": false, \"step\": 1, \"low\": 1, \"high\": 3}}"}
{"op_code":5,"worker_id":"bd4fefaf-4653-4184-abdf-1663ac0b30aa-140544486217536","trial_id":19,"param_name":"nodes","param_value_internal":2,"distribution":"{\"name\": \"CategoricalDistribution\", \"attributes\": {\"choices\": [32, 64, 128]}}"}
{"op_code":6,"worker_id":"bd4fefaf-4653-4184-abdf-1663ac0b30aa-140544486217536","trial_id":19,"state":1,"values":[0.0],"datetime_complete":"2026-04-01T04:43:39.272359"}
