{"op_code":0,"worker_id":"038b9e19-71c3-4494-9759-836f0806b51d-140218438481728","study_name":"pchazard_tuning","directions":[2]}
{"op_code":4,"worker_id":"038b9e19-71c3-4494-9759-836f0806b51d-140218438481728","study_id":0,"datetime_start":"2026-04-11T20:45:34.952901"}
{"op_code":5,"worker_id":"038b9e19-71c3-4494-9759-836f0806b51d-140218438481728","trial_id":0,"param_name":"lr","param_value_internal":0.09982273304402675,"distribution":"{\"name\": \"FloatDistribution\", \"attributes\": {\"step\": null, \"low\": 0.0001, \"high\": 0.1, \"log\": true}}"}
{"op_code":5,"worker_id":"038b9e19-71c3-4494-9759-836f0806b51d-140218438481728","trial_id":0,"param_name":"dropout","param_value_internal":0.2322551404643241,"distribution":"{\"name\": \"FloatDistribution\", \"attributes\": {\"step\": null, \"low\": 0.0, \"high\": 0.5, \"log\": false}}"}
{"op_code":5,"worker_id":"038b9e19-71c3-4494-9759-836f0806b51d-140218438481728","trial_id":0,"param_name":"layers","param_value_internal":2.0,"distribution":"{\"name\": \"IntDistribution\", \"attributes\": {\"log\": false, \"step\": 1, \"low\": 1, \"high\": 3}}"}
{"op_code":5,"worker_id":"038b9e19-71c3-4494-9759-836f0806b51d-140218438481728","trial_id":0,"param_name":"nodes","param_value_internal":0,"distribution":"{\"name\": \"CategoricalDistribution\", \"attributes\": {\"choices\": [32, 64, 128]}}"}
{"op_code":6,"worker_id":"038b9e19-71c3-4494-9759-836f0806b51d-140218438481728","trial_id":0,"state":1,"values":[0.6229781859147236],"datetime_complete":"2026-04-11T20:45:36.989681"}
{"op_code":4,"worker_id":"038b9e19-71c3-4494-9759-836f0806b51d-140218438481728","study_id":0,"datetime_start":"2026-04-11T20:45:37.003667"}
{"op_code":5,"worker_id":"038b9e19-71c3-4494-9759-836f0806b51d-140218438481728","trial_id":1,"param_name":"lr","param_value_internal":0.00020367932952079163,"distribution":"{\"name\": \"FloatDistribution\", \"attributes\": {\"step\": null, \"low\": 0.0001, \"high\": 0.1, \"log\": true}}"}
{"op_code":5,"worker_id":"038b9e19-71c3-4494-9759-836f0806b51d-140218438481728","trial_id":1,"param_name":"dropout","param_value_internal":0.36115634514204403,"distribution":"{\"name\": \"FloatDistribution\", \"attributes\": {\"step\": null, \"low\": 0.0, \"high\": 0.5, \"log\": false}}"}
{"op_code":5,"worker_id":"038b9e19-71c3-4494-9759-836f0806b51d-140218438481728","trial_id":1,"param_name":"layers","param_value_internal":3.0,"distribution":"{\"name\": \"IntDistribution\", \"attributes\": {\"log\": false, \"step\": 1, \"low\": 1, \"high\": 3}}"}
{"op_code":5,"worker_id":"038b9e19-71c3-4494-9759-836f0806b51d-140218438481728","trial_id":1,"param_name":"nodes","param_value_internal":0,"distribution":"{\"name\": \"CategoricalDistribution\", \"attributes\": {\"choices\": [32, 64, 128]}}"}
{"op_code":6,"worker_id":"038b9e19-71c3-4494-9759-836f0806b51d-140218438481728","trial_id":1,"state":1,"values":[0.5402951785978448],"datetime_complete":"2026-04-11T20:45:39.237435"}
{"op_code":4,"worker_id":"038b9e19-71c3-4494-9759-836f0806b51d-140218438481728","study_id":0,"datetime_start":"2026-04-11T20:45:39.251258"}
{"op_code":5,"worker_id":"038b9e19-71c3-4494-9759-836f0806b51d-140218438481728","trial_id":2,"param_name":"lr","param_value_internal":0.0006731272932579096,"distribution":"{\"name\": \"FloatDistribution\", \"attributes\": {\"step\": null, \"low\": 0.0001, \"high\": 0.1, \"log\": true}}"}
{"op_code":5,"worker_id":"038b9e19-71c3-4494-9759-836f0806b51d-140218438481728","trial_id":2,"param_name":"dropout","param_value_internal":0.19416859629444733,"distribution":"{\"name\": \"FloatDistribution\", \"attributes\": {\"step\": null, \"low\": 0.0, \"high\": 0.5, \"log\": false}}"}
{"op_code":5,"worker_id":"038b9e19-71c3-4494-9759-836f0806b51d-140218438481728","trial_id":2,"param_name":"layers","param_value_internal":3.0,"distribution":"{\"name\": \"IntDistribution\", \"attributes\": {\"log\": false, \"step\": 1, \"low\": 1, \"high\": 3}}"}
{"op_code":5,"worker_id":"038b9e19-71c3-4494-9759-836f0806b51d-140218438481728","trial_id":2,"param_name":"nodes","param_value_internal":0,"distribution":"{\"name\": \"CategoricalDistribution\", \"attributes\": {\"choices\": [32, 64, 128]}}"}
{"op_code":6,"worker_id":"038b9e19-71c3-4494-9759-836f0806b51d-140218438481728","trial_id":2,"state":1,"values":[0.5844485030553375],"datetime_complete":"2026-04-11T20:45:41.492318"}
{"op_code":4,"worker_id":"038b9e19-71c3-4494-9759-836f0806b51d-140218438481728","study_id":0,"datetime_start":"2026-04-11T20:45:41.504485"}
{"op_code":5,"worker_id":"038b9e19-71c3-4494-9759-836f0806b51d-140218438481728","trial_id":3,"param_name":"lr","param_value_internal":0.00063785007227945,"distribution":"{\"name\": \"FloatDistribution\", \"attributes\": {\"step\": null, \"low\": 0.0001, \"high\": 0.1, \"log\": true}}"}
{"op_code":5,"worker_id":"038b9e19-71c3-4494-9759-836f0806b51d-140218438481728","trial_id":3,"param_name":"dropout","param_value_internal":0.1872518118066328,"distribution":"{\"name\": \"FloatDistribution\", \"attributes\": {\"step\": null, \"low\": 0.0, \"high\": 0.5, \"log\": false}}"}
{"op_code":5,"worker_id":"038b9e19-71c3-4494-9759-836f0806b51d-140218438481728","trial_id":3,"param_name":"layers","param_value_internal":2.0,"distribution":"{\"name\": \"IntDistribution\", \"attributes\": {\"log\": false, \"step\": 1, \"low\": 1, \"high\": 3}}"}
{"op_code":5,"worker_id":"038b9e19-71c3-4494-9759-836f0806b51d-140218438481728","trial_id":3,"param_name":"nodes","param_value_internal":2,"distribution":"{\"name\": \"CategoricalDistribution\", \"attributes\": {\"choices\": [32, 64, 128]}}"}
{"op_code":6,"worker_id":"038b9e19-71c3-4494-9759-836f0806b51d-140218438481728","trial_id":3,"state":1,"values":[0.6063564674154235],"datetime_complete":"2026-04-11T20:45:43.538710"}
{"op_code":4,"worker_id":"038b9e19-71c3-4494-9759-836f0806b51d-140218438481728","study_id":0,"datetime_start":"2026-04-11T20:45:43.553691"}
{"op_code":5,"worker_id":"038b9e19-71c3-4494-9759-836f0806b51d-140218438481728","trial_id":4,"param_name":"lr","param_value_internal":0.0016262122286447122,"distribution":"{\"name\": \"FloatDistribution\", \"attributes\": {\"step\": null, \"low\": 0.0001, \"high\": 0.1, \"log\": true}}"}
{"op_code":5,"worker_id":"038b9e19-71c3-4494-9759-836f0806b51d-140218438481728","trial_id":4,"param_name":"dropout","param_value_internal":0.005753032723136875,"distribution":"{\"name\": \"FloatDistribution\", \"attributes\": {\"step\": null, \"low\": 0.0, \"high\": 0.5, \"log\": false}}"}
{"op_code":5,"worker_id":"038b9e19-71c3-4494-9759-836f0806b51d-140218438481728","trial_id":4,"param_name":"layers","param_value_internal":1.0,"distribution":"{\"name\": \"IntDistribution\", \"attributes\": {\"log\": false, \"step\": 1, \"low\": 1, \"high\": 3}}"}
{"op_code":5,"worker_id":"038b9e19-71c3-4494-9759-836f0806b51d-140218438481728","trial_id":4,"param_name":"nodes","param_value_internal":0,"distribution":"{\"name\": \"CategoricalDistribution\", \"attributes\": {\"choices\": [32, 64, 128]}}"}
{"op_code":6,"worker_id":"038b9e19-71c3-4494-9759-836f0806b51d-140218438481728","trial_id":4,"state":1,"values":[0.6176356126036937],"datetime_complete":"2026-04-11T20:45:45.332843"}
{"op_code":4,"worker_id":"038b9e19-71c3-4494-9759-836f0806b51d-140218438481728","study_id":0,"datetime_start":"2026-04-11T20:45:45.346211"}
{"op_code":5,"worker_id":"038b9e19-71c3-4494-9759-836f0806b51d-140218438481728","trial_id":5,"param_name":"lr","param_value_internal":0.003413263785744506,"distribution":"{\"name\": \"FloatDistribution\", \"attributes\": {\"step\": null, \"low\": 0.0001, \"high\": 0.1, \"log\": true}}"}
{"op_code":5,"worker_id":"038b9e19-71c3-4494-9759-836f0806b51d-140218438481728","trial_id":5,"param_name":"dropout","param_value_internal":0.40487275771855286,"distribution":"{\"name\": \"FloatDistribution\", \"attributes\": {\"step\": null, \"low\": 0.0, \"high\": 0.5, \"log\": false}}"}
{"op_code":5,"worker_id":"038b9e19-71c3-4494-9759-836f0806b51d-140218438481728","trial_id":5,"param_name":"layers","param_value_internal":1.0,"distribution":"{\"name\": \"IntDistribution\", \"attributes\": {\"log\": false, \"step\": 1, \"low\": 1, \"high\": 3}}"}
{"op_code":5,"worker_id":"038b9e19-71c3-4494-9759-836f0806b51d-140218438481728","trial_id":5,"param_name":"nodes","param_value_internal":2,"distribution":"{\"name\": \"CategoricalDistribution\", \"attributes\": {\"choices\": [32, 64, 128]}}"}
{"op_code":6,"worker_id":"038b9e19-71c3-4494-9759-836f0806b51d-140218438481728","trial_id":5,"state":1,"values":[0.6268363317743716],"datetime_complete":"2026-04-11T20:45:47.123078"}
{"op_code":4,"worker_id":"038b9e19-71c3-4494-9759-836f0806b51d-140218438481728","study_id":0,"datetime_start":"2026-04-11T20:45:47.134001"}
{"op_code":5,"worker_id":"038b9e19-71c3-4494-9759-836f0806b51d-140218438481728","trial_id":6,"param_name":"lr","param_value_internal":0.00016545844027533567,"distribution":"{\"name\": \"FloatDistribution\", \"attributes\": {\"step\": null, \"low\": 0.0001, \"high\": 0.1, \"log\": true}}"}
{"op_code":5,"worker_id":"038b9e19-71c3-4494-9759-836f0806b51d-140218438481728","trial_id":6,"param_name":"dropout","param_value_internal":0.3512907216459281,"distribution":"{\"name\": \"FloatDistribution\", \"attributes\": {\"step\": null, \"low\": 0.0, \"high\": 0.5, \"log\": false}}"}
{"op_code":5,"worker_id":"038b9e19-71c3-4494-9759-836f0806b51d-140218438481728","trial_id":6,"param_name":"layers","param_value_internal":3.0,"distribution":"{\"name\": \"IntDistribution\", \"attributes\": {\"log\": false, \"step\": 1, \"low\": 1, \"high\": 3}}"}
{"op_code":5,"worker_id":"038b9e19-71c3-4494-9759-836f0806b51d-140218438481728","trial_id":6,"param_name":"nodes","param_value_internal":2,"distribution":"{\"name\": \"CategoricalDistribution\", \"attributes\": {\"choices\": [32, 64, 128]}}"}
{"op_code":6,"worker_id":"038b9e19-71c3-4494-9759-836f0806b51d-140218438481728","trial_id":6,"state":1,"values":[0.5702778820878708],"datetime_complete":"2026-04-11T20:45:49.366547"}
{"op_code":4,"worker_id":"038b9e19-71c3-4494-9759-836f0806b51d-140218438481728","study_id":0,"datetime_start":"2026-04-11T20:45:49.381731"}
{"op_code":5,"worker_id":"038b9e19-71c3-4494-9759-836f0806b51d-140218438481728","trial_id":7,"param_name":"lr","param_value_internal":0.03855592490564128,"distribution":"{\"name\": \"FloatDistribution\", \"attributes\": {\"step\": null, \"low\": 0.0001, \"high\": 0.1, \"log\": true}}"}
{"op_code":5,"worker_id":"038b9e19-71c3-4494-9759-836f0806b51d-140218438481728","trial_id":7,"param_name":"dropout","param_value_internal":0.16177262171220075,"distribution":"{\"name\": \"FloatDistribution\", \"attributes\": {\"step\": null, \"low\": 0.0, \"high\": 0.5, \"log\": false}}"}
{"op_code":5,"worker_id":"038b9e19-71c3-4494-9759-836f0806b51d-140218438481728","trial_id":7,"param_name":"layers","param_value_internal":1.0,"distribution":"{\"name\": \"IntDistribution\", \"attributes\": {\"log\": false, \"step\": 1, \"low\": 1, \"high\": 3}}"}
{"op_code":5,"worker_id":"038b9e19-71c3-4494-9759-836f0806b51d-140218438481728","trial_id":7,"param_name":"nodes","param_value_internal":1,"distribution":"{\"name\": \"CategoricalDistribution\", \"attributes\": {\"choices\": [32, 64, 128]}}"}
{"op_code":6,"worker_id":"038b9e19-71c3-4494-9759-836f0806b51d-140218438481728","trial_id":7,"state":1,"values":[0.6210311906143675],"datetime_complete":"2026-04-11T20:45:51.154383"}
{"op_code":4,"worker_id":"038b9e19-71c3-4494-9759-836f0806b51d-140218438481728","study_id":0,"datetime_start":"2026-04-11T20:45:51.164230"}
{"op_code":5,"worker_id":"038b9e19-71c3-4494-9759-836f0806b51d-140218438481728","trial_id":8,"param_name":"lr","param_value_internal":0.0008161476411421599,"distribution":"{\"name\": \"FloatDistribution\", \"attributes\": {\"step\": null, \"low\": 0.0001, \"high\": 0.1, \"log\": true}}"}
{"op_code":5,"worker_id":"038b9e19-71c3-4494-9759-836f0806b51d-140218438481728","trial_id":8,"param_name":"dropout","param_value_internal":0.0847488848318968,"distribution":"{\"name\": \"FloatDistribution\", \"attributes\": {\"step\": null, \"low\": 0.0, \"high\": 0.5, \"log\": false}}"}
{"op_code":5,"worker_id":"038b9e19-71c3-4494-9759-836f0806b51d-140218438481728","trial_id":8,"param_name":"layers","param_value_internal":2.0,"distribution":"{\"name\": \"IntDistribution\", \"attributes\": {\"log\": false, \"step\": 1, \"low\": 1, \"high\": 3}}"}
{"op_code":5,"worker_id":"038b9e19-71c3-4494-9759-836f0806b51d-140218438481728","trial_id":8,"param_name":"nodes","param_value_internal":2,"distribution":"{\"name\": \"CategoricalDistribution\", \"attributes\": {\"choices\": [32, 64, 128]}}"}
{"op_code":6,"worker_id":"038b9e19-71c3-4494-9759-836f0806b51d-140218438481728","trial_id":8,"state":1,"values":[0.6019122884875795],"datetime_complete":"2026-04-11T20:45:53.191497"}
{"op_code":4,"worker_id":"038b9e19-71c3-4494-9759-836f0806b51d-140218438481728","study_id":0,"datetime_start":"2026-04-11T20:45:53.203220"}
{"op_code":5,"worker_id":"038b9e19-71c3-4494-9759-836f0806b51d-140218438481728","trial_id":9,"param_name":"lr","param_value_internal":0.04183503175763922,"distribution":"{\"name\": \"FloatDistribution\", \"attributes\": {\"step\": null, \"low\": 0.0001, \"high\": 0.1, \"log\": true}}"}
{"op_code":5,"worker_id":"038b9e19-71c3-4494-9759-836f0806b51d-140218438481728","trial_id":9,"param_name":"dropout","param_value_internal":0.013463242763057603,"distribution":"{\"name\": \"FloatDistribution\", \"attributes\": {\"step\": null, \"low\": 0.0, \"high\": 0.5, \"log\": false}}"}
{"op_code":5,"worker_id":"038b9e19-71c3-4494-9759-836f0806b51d-140218438481728","trial_id":9,"param_name":"layers","param_value_internal":2.0,"distribution":"{\"name\": \"IntDistribution\", \"attributes\": {\"log\": false, \"step\": 1, \"low\": 1, \"high\": 3}}"}
{"op_code":5,"worker_id":"038b9e19-71c3-4494-9759-836f0806b51d-140218438481728","trial_id":9,"param_name":"nodes","param_value_internal":1,"distribution":"{\"name\": \"CategoricalDistribution\", \"attributes\": {\"choices\": [32, 64, 128]}}"}
{"op_code":6,"worker_id":"038b9e19-71c3-4494-9759-836f0806b51d-140218438481728","trial_id":9,"state":1,"values":[0.6030143720342744],"datetime_complete":"2026-04-11T20:45:55.208942"}
{"op_code":4,"worker_id":"038b9e19-71c3-4494-9759-836f0806b51d-140218438481728","study_id":0,"datetime_start":"2026-04-11T20:45:55.218772"}
{"op_code":5,"worker_id":"038b9e19-71c3-4494-9759-836f0806b51d-140218438481728","trial_id":10,"param_name":"lr","param_value_internal":0.007132457049168927,"distribution":"{\"name\": \"FloatDistribution\", \"attributes\": {\"step\": null, \"low\": 0.0001, \"high\": 0.1, \"log\": true}}"}
{"op_code":5,"worker_id":"038b9e19-71c3-4494-9759-836f0806b51d-140218438481728","trial_id":10,"param_name":"dropout","param_value_internal":0.4790561917355182,"distribution":"{\"name\": \"FloatDistribution\", \"attributes\": {\"step\": null, \"low\": 0.0, \"high\": 0.5, \"log\": false}}"}
{"op_code":5,"worker_id":"038b9e19-71c3-4494-9759-836f0806b51d-140218438481728","trial_id":10,"param_name":"layers","param_value_internal":1.0,"distribution":"{\"name\": \"IntDistribution\", \"attributes\": {\"log\": false, \"step\": 1, \"low\": 1, \"high\": 3}}"}
{"op_code":5,"worker_id":"038b9e19-71c3-4494-9759-836f0806b51d-140218438481728","trial_id":10,"param_name":"nodes","param_value_internal":2,"distribution":"{\"name\": \"CategoricalDistribution\", \"attributes\": {\"choices\": [32, 64, 128]}}"}
{"op_code":6,"worker_id":"038b9e19-71c3-4494-9759-836f0806b51d-140218438481728","trial_id":10,"state":1,"values":[0.6330158513410485],"datetime_complete":"2026-04-11T20:45:56.996674"}
{"op_code":4,"worker_id":"038b9e19-71c3-4494-9759-836f0806b51d-140218438481728","study_id":0,"datetime_start":"2026-04-11T20:45:57.008188"}
{"op_code":5,"worker_id":"038b9e19-71c3-4494-9759-836f0806b51d-140218438481728","trial_id":11,"param_name":"lr","param_value_internal":0.006235928975196485,"distribution":"{\"name\": \"FloatDistribution\", \"attributes\": {\"step\": null, \"low\": 0.0001, \"high\": 0.1, \"log\": true}}"}
{"op_code":5,"worker_id":"038b9e19-71c3-4494-9759-836f0806b51d-140218438481728","trial_id":11,"param_name":"dropout","param_value_internal":0.49790303455788226,"distribution":"{\"name\": \"FloatDistribution\", \"attributes\": {\"step\": null, \"low\": 0.0, \"high\": 0.5, \"log\": false}}"}
{"op_code":5,"worker_id":"038b9e19-71c3-4494-9759-836f0806b51d-140218438481728","trial_id":11,"param_name":"layers","param_value_internal":1.0,"distribution":"{\"name\": \"IntDistribution\", \"attributes\": {\"log\": false, \"step\": 1, \"low\": 1, \"high\": 3}}"}
{"op_code":5,"worker_id":"038b9e19-71c3-4494-9759-836f0806b51d-140218438481728","trial_id":11,"param_name":"nodes","param_value_internal":2,"distribution":"{\"name\": \"CategoricalDistribution\", \"attributes\": {\"choices\": [32, 64, 128]}}"}
{"op_code":6,"worker_id":"038b9e19-71c3-4494-9759-836f0806b51d-140218438481728","trial_id":11,"state":1,"values":[0.6349577259641097],"datetime_complete":"2026-04-11T20:45:58.796243"}
{"op_code":4,"worker_id":"038b9e19-71c3-4494-9759-836f0806b51d-140218438481728","study_id":0,"datetime_start":"2026-04-11T20:45:58.807304"}
{"op_code":5,"worker_id":"038b9e19-71c3-4494-9759-836f0806b51d-140218438481728","trial_id":12,"param_name":"lr","param_value_internal":0.007375889946694117,"distribution":"{\"name\": \"FloatDistribution\", \"attributes\": {\"step\": null, \"low\": 0.0001, \"high\": 0.1, \"log\": true}}"}
{"op_code":5,"worker_id":"038b9e19-71c3-4494-9759-836f0806b51d-140218438481728","trial_id":12,"param_name":"dropout","param_value_internal":0.49763419569420253,"distribution":"{\"name\": \"FloatDistribution\", \"attributes\": {\"step\": null, \"low\": 0.0, \"high\": 0.5, \"log\": false}}"}
{"op_code":5,"worker_id":"038b9e19-71c3-4494-9759-836f0806b51d-140218438481728","trial_id":12,"param_name":"layers","param_value_internal":1.0,"distribution":"{\"name\": \"IntDistribution\", \"attributes\": {\"log\": false, \"step\": 1, \"low\": 1, \"high\": 3}}"}
{"op_code":5,"worker_id":"038b9e19-71c3-4494-9759-836f0806b51d-140218438481728","trial_id":12,"param_name":"nodes","param_value_internal":2,"distribution":"{\"name\": \"CategoricalDistribution\", \"attributes\": {\"choices\": [32, 64, 128]}}"}
{"op_code":6,"worker_id":"038b9e19-71c3-4494-9759-836f0806b51d-140218438481728","trial_id":12,"state":1,"values":[0.6325117491095711],"datetime_complete":"2026-04-11T20:46:00.594845"}
{"op_code":4,"worker_id":"038b9e19-71c3-4494-9759-836f0806b51d-140218438481728","study_id":0,"datetime_start":"2026-04-11T20:46:00.602634"}
{"op_code":5,"worker_id":"038b9e19-71c3-4494-9759-836f0806b51d-140218438481728","trial_id":13,"param_name":"lr","param_value_internal":0.009729519745012646,"distribution":"{\"name\": \"FloatDistribution\", \"attributes\": {\"step\": null, \"low\": 0.0001, \"high\": 0.1, \"log\": true}}"}
{"op_code":5,"worker_id":"038b9e19-71c3-4494-9759-836f0806b51d-140218438481728","trial_id":13,"param_name":"dropout","param_value_internal":0.4760722536421839,"distribution":"{\"name\": \"FloatDistribution\", \"attributes\": {\"step\": null, \"low\": 0.0, \"high\": 0.5, \"log\": false}}"}
{"op_code":5,"worker_id":"038b9e19-71c3-4494-9759-836f0806b51d-140218438481728","trial_id":13,"param_name":"layers","param_value_internal":1.0,"distribution":"{\"name\": \"IntDistribution\", \"attributes\": {\"log\": false, \"step\": 1, \"low\": 1, \"high\": 3}}"}
{"op_code":5,"worker_id":"038b9e19-71c3-4494-9759-836f0806b51d-140218438481728","trial_id":13,"param_name":"nodes","param_value_internal":2,"distribution":"{\"name\": \"CategoricalDistribution\", \"attributes\": {\"choices\": [32, 64, 128]}}"}
{"op_code":6,"worker_id":"038b9e19-71c3-4494-9759-836f0806b51d-140218438481728","trial_id":13,"state":1,"values":[0.6341537796288078],"datetime_complete":"2026-04-11T20:46:02.376006"}
{"op_code":4,"worker_id":"038b9e19-71c3-4494-9759-836f0806b51d-140218438481728","study_id":0,"datetime_start":"2026-04-11T20:46:02.385931"}
{"op_code":5,"worker_id":"038b9e19-71c3-4494-9759-836f0806b51d-140218438481728","trial_id":14,"param_name":"lr","param_value_internal":0.013232034355843445,"distribution":"{\"name\": \"FloatDistribution\", \"attributes\": {\"step\": null, \"low\": 0.0001, \"high\": 0.1, \"log\": true}}"}
{"op_code":5,"worker_id":"038b9e19-71c3-4494-9759-836f0806b51d-140218438481728","trial_id":14,"param_name":"dropout","param_value_internal":0.4186958502050654,"distribution":"{\"name\": \"FloatDistribution\", \"attributes\": {\"step\": null, \"low\": 0.0, \"high\": 0.5, \"log\": false}}"}
{"op_code":5,"worker_id":"038b9e19-71c3-4494-9759-836f0806b51d-140218438481728","trial_id":14,"param_name":"layers","param_value_internal":1.0,"distribution":"{\"name\": \"IntDistribution\", \"attributes\": {\"log\": false, \"step\": 1, \"low\": 1, \"high\": 3}}"}
{"op_code":5,"worker_id":"038b9e19-71c3-4494-9759-836f0806b51d-140218438481728","trial_id":14,"param_name":"nodes","param_value_internal":2,"distribution":"{\"name\": \"CategoricalDistribution\", \"attributes\": {\"choices\": [32, 64, 128]}}"}
{"op_code":6,"worker_id":"038b9e19-71c3-4494-9759-836f0806b51d-140218438481728","trial_id":14,"state":1,"values":[0.6355198625382629],"datetime_complete":"2026-04-11T20:46:04.164321"}
{"op_code":4,"worker_id":"038b9e19-71c3-4494-9759-836f0806b51d-140218438481728","study_id":0,"datetime_start":"2026-04-11T20:46:04.174331"}
{"op_code":5,"worker_id":"038b9e19-71c3-4494-9759-836f0806b51d-140218438481728","trial_id":15,"param_name":"lr","param_value_internal":0.01570928087109921,"distribution":"{\"name\": \"FloatDistribution\", \"attributes\": {\"step\": null, \"low\": 0.0001, \"high\": 0.1, \"log\": true}}"}
{"op_code":5,"worker_id":"038b9e19-71c3-4494-9759-836f0806b51d-140218438481728","trial_id":15,"param_name":"dropout","param_value_internal":0.3110388724319001,"distribution":"{\"name\": \"FloatDistribution\", \"attributes\": {\"step\": null, \"low\": 0.0, \"high\": 0.5, \"log\": false}}"}
{"op_code":5,"worker_id":"038b9e19-71c3-4494-9759-836f0806b51d-140218438481728","trial_id":15,"param_name":"layers","param_value_internal":2.0,"distribution":"{\"name\": \"IntDistribution\", \"attributes\": {\"log\": false, \"step\": 1, \"low\": 1, \"high\": 3}}"}
{"op_code":5,"worker_id":"038b9e19-71c3-4494-9759-836f0806b51d-140218438481728","trial_id":15,"param_name":"nodes","param_value_internal":2,"distribution":"{\"name\": \"CategoricalDistribution\", \"attributes\": {\"choices\": [32, 64, 128]}}"}
{"op_code":6,"worker_id":"038b9e19-71c3-4494-9759-836f0806b51d-140218438481728","trial_id":15,"state":1,"values":[0.6312930279133809],"datetime_complete":"2026-04-11T20:46:06.196243"}
{"op_code":4,"worker_id":"038b9e19-71c3-4494-9759-836f0806b51d-140218438481728","study_id":0,"datetime_start":"2026-04-11T20:46:06.214443"}
{"op_code":5,"worker_id":"038b9e19-71c3-4494-9759-836f0806b51d-140218438481728","trial_id":16,"param_name":"lr","param_value_internal":0.0026279181677945937,"distribution":"{\"name\": \"FloatDistribution\", \"attributes\": {\"step\": null, \"low\": 0.0001, \"high\": 0.1, \"log\": true}}"}
{"op_code":5,"worker_id":"038b9e19-71c3-4494-9759-836f0806b51d-140218438481728","trial_id":16,"param_name":"dropout","param_value_internal":0.4287194457823448,"distribution":"{\"name\": \"FloatDistribution\", \"attributes\": {\"step\": null, \"low\": 0.0, \"high\": 0.5, \"log\": false}}"}
{"op_code":5,"worker_id":"038b9e19-71c3-4494-9759-836f0806b51d-140218438481728","trial_id":16,"param_name":"layers","param_value_internal":1.0,"distribution":"{\"name\": \"IntDistribution\", \"attributes\": {\"log\": false, \"step\": 1, \"low\": 1, \"high\": 3}}"}
{"op_code":5,"worker_id":"038b9e19-71c3-4494-9759-836f0806b51d-140218438481728","trial_id":16,"param_name":"nodes","param_value_internal":1,"distribution":"{\"name\": \"CategoricalDistribution\", \"attributes\": {\"choices\": [32, 64, 128]}}"}
{"op_code":6,"worker_id":"038b9e19-71c3-4494-9759-836f0806b51d-140218438481728","trial_id":16,"state":1,"values":[0.6276141057590551],"datetime_complete":"2026-04-11T20:46:07.996415"}
{"op_code":4,"worker_id":"038b9e19-71c3-4494-9759-836f0806b51d-140218438481728","study_id":0,"datetime_start":"2026-04-11T20:46:08.006762"}
{"op_code":5,"worker_id":"038b9e19-71c3-4494-9759-836f0806b51d-140218438481728","trial_id":17,"param_name":"lr","param_value_internal":0.0196873301230768,"distribution":"{\"name\": \"FloatDistribution\", \"attributes\": {\"step\": null, \"low\": 0.0001, \"high\": 0.1, \"log\": true}}"}
{"op_code":5,"worker_id":"038b9e19-71c3-4494-9759-836f0806b51d-140218438481728","trial_id":17,"param_name":"dropout","param_value_internal":0.28519830130769674,"distribution":"{\"name\": \"FloatDistribution\", \"attributes\": {\"step\": null, \"low\": 0.0, \"high\": 0.5, \"log\": false}}"}
{"op_code":5,"worker_id":"038b9e19-71c3-4494-9759-836f0806b51d-140218438481728","trial_id":17,"param_name":"layers","param_value_internal":1.0,"distribution":"{\"name\": \"IntDistribution\", \"attributes\": {\"log\": false, \"step\": 1, \"low\": 1, \"high\": 3}}"}
{"op_code":5,"worker_id":"038b9e19-71c3-4494-9759-836f0806b51d-140218438481728","trial_id":17,"param_name":"nodes","param_value_internal":2,"distribution":"{\"name\": \"CategoricalDistribution\", \"attributes\": {\"choices\": [32, 64, 128]}}"}
{"op_code":6,"worker_id":"038b9e19-71c3-4494-9759-836f0806b51d-140218438481728","trial_id":17,"state":1,"values":[0.6218220507743601],"datetime_complete":"2026-04-11T20:46:09.795571"}
{"op_code":4,"worker_id":"038b9e19-71c3-4494-9759-836f0806b51d-140218438481728","study_id":0,"datetime_start":"2026-04-11T20:46:09.809662"}
{"op_code":5,"worker_id":"038b9e19-71c3-4494-9759-836f0806b51d-140218438481728","trial_id":18,"param_name":"lr","param_value_internal":0.00450250976261788,"distribution":"{\"name\": \"FloatDistribution\", \"attributes\": {\"step\": null, \"low\": 0.0001, \"high\": 0.1, \"log\": true}}"}
{"op_code":5,"worker_id":"038b9e19-71c3-4494-9759-836f0806b51d-140218438481728","trial_id":18,"param_name":"dropout","param_value_internal":0.41908748382675304,"distribution":"{\"name\": \"FloatDistribution\", \"attributes\": {\"step\": null, \"low\": 0.0, \"high\": 0.5, \"log\": false}}"}
{"op_code":5,"worker_id":"038b9e19-71c3-4494-9759-836f0806b51d-140218438481728","trial_id":18,"param_name":"layers","param_value_internal":1.0,"distribution":"{\"name\": \"IntDistribution\", \"attributes\": {\"log\": false, \"step\": 1, \"low\": 1, \"high\": 3}}"}
{"op_code":5,"worker_id":"038b9e19-71c3-4494-9759-836f0806b51d-140218438481728","trial_id":18,"param_name":"nodes","param_value_internal":2,"distribution":"{\"name\": \"CategoricalDistribution\", \"attributes\": {\"choices\": [32, 64, 128]}}"}
{"op_code":6,"worker_id":"038b9e19-71c3-4494-9759-836f0806b51d-140218438481728","trial_id":18,"state":1,"values":[0.6358822926979142],"datetime_complete":"2026-04-11T20:46:11.598783"}
{"op_code":4,"worker_id":"038b9e19-71c3-4494-9759-836f0806b51d-140218438481728","study_id":0,"datetime_start":"2026-04-11T20:46:11.612973"}
{"op_code":5,"worker_id":"038b9e19-71c3-4494-9759-836f0806b51d-140218438481728","trial_id":19,"param_name":"lr","param_value_internal":0.00306105810224909,"distribution":"{\"name\": \"FloatDistribution\", \"attributes\": {\"step\": null, \"low\": 0.0001, \"high\": 0.1, \"log\": true}}"}
{"op_code":5,"worker_id":"038b9e19-71c3-4494-9759-836f0806b51d-140218438481728","trial_id":19,"param_name":"dropout","param_value_internal":0.4102790505391296,"distribution":"{\"name\": \"FloatDistribution\", \"attributes\": {\"step\": null, \"low\": 0.0, \"high\": 0.5, \"log\": false}}"}
{"op_code":5,"worker_id":"038b9e19-71c3-4494-9759-836f0806b51d-140218438481728","trial_id":19,"param_name":"layers","param_value_internal":2.0,"distribution":"{\"name\": \"IntDistribution\", \"attributes\": {\"log\": false, \"step\": 1, \"low\": 1, \"high\": 3}}"}
{"op_code":5,"worker_id":"038b9e19-71c3-4494-9759-836f0806b51d-140218438481728","trial_id":19,"param_name":"nodes","param_value_internal":1,"distribution":"{\"name\": \"CategoricalDistribution\", \"attributes\": {\"choices\": [32, 64, 128]}}"}
{"op_code":6,"worker_id":"038b9e19-71c3-4494-9759-836f0806b51d-140218438481728","trial_id":19,"state":1,"values":[0.623590960297682],"datetime_complete":"2026-04-11T20:46:13.636509"}
