{"op_code":0,"worker_id":"8cbcb316-1a72-4c5f-bebf-d2854767738a-140218449991488","study_name":"tabicl_deephit","directions":[2]}
{"op_code":4,"worker_id":"8cbcb316-1a72-4c5f-bebf-d2854767738a-140218449991488","study_id":0,"datetime_start":"2026-03-31T13:01:42.550473"}
{"op_code":5,"worker_id":"8cbcb316-1a72-4c5f-bebf-d2854767738a-140218449991488","trial_id":0,"param_name":"lr","param_value_internal":0.00019016902166880324,"distribution":"{\"name\": \"FloatDistribution\", \"attributes\": {\"step\": null, \"low\": 0.0001, \"high\": 0.1, \"log\": true}}"}
{"op_code":5,"worker_id":"8cbcb316-1a72-4c5f-bebf-d2854767738a-140218449991488","trial_id":0,"param_name":"dropout","param_value_internal":0.03138256641986864,"distribution":"{\"name\": \"FloatDistribution\", \"attributes\": {\"step\": null, \"low\": 0.0, \"high\": 0.5, \"log\": false}}"}
{"op_code":5,"worker_id":"8cbcb316-1a72-4c5f-bebf-d2854767738a-140218449991488","trial_id":0,"param_name":"nodes","param_value_internal":0,"distribution":"{\"name\": \"CategoricalDistribution\", \"attributes\": {\"choices\": [\"64-64\", \"128-64\", \"256-128\"]}}"}
{"op_code":6,"worker_id":"8cbcb316-1a72-4c5f-bebf-d2854767738a-140218449991488","trial_id":0,"state":1,"values":[0.9280176286519813],"datetime_complete":"2026-03-31T13:01:48.178842"}
{"op_code":4,"worker_id":"8cbcb316-1a72-4c5f-bebf-d2854767738a-140218449991488","study_id":0,"datetime_start":"2026-03-31T13:01:48.202124"}
{"op_code":5,"worker_id":"8cbcb316-1a72-4c5f-bebf-d2854767738a-140218449991488","trial_id":1,"param_name":"lr","param_value_internal":0.020097220933641448,"distribution":"{\"name\": \"FloatDistribution\", \"attributes\": {\"step\": null, \"low\": 0.0001, \"high\": 0.1, \"log\": true}}"}
{"op_code":5,"worker_id":"8cbcb316-1a72-4c5f-bebf-d2854767738a-140218449991488","trial_id":1,"param_name":"dropout","param_value_internal":0.4632098317376274,"distribution":"{\"name\": \"FloatDistribution\", \"attributes\": {\"step\": null, \"low\": 0.0, \"high\": 0.5, \"log\": false}}"}
{"op_code":5,"worker_id":"8cbcb316-1a72-4c5f-bebf-d2854767738a-140218449991488","trial_id":1,"param_name":"nodes","param_value_internal":0,"distribution":"{\"name\": \"CategoricalDistribution\", \"attributes\": {\"choices\": [\"64-64\", \"128-64\", \"256-128\"]}}"}
{"op_code":6,"worker_id":"8cbcb316-1a72-4c5f-bebf-d2854767738a-140218449991488","trial_id":1,"state":1,"values":[0.9236375747436255],"datetime_complete":"2026-03-31T13:01:53.793637"}
{"op_code":4,"worker_id":"8cbcb316-1a72-4c5f-bebf-d2854767738a-140218449991488","study_id":0,"datetime_start":"2026-03-31T13:01:53.817495"}
{"op_code":5,"worker_id":"8cbcb316-1a72-4c5f-bebf-d2854767738a-140218449991488","trial_id":2,"param_name":"lr","param_value_internal":0.016909332626376335,"distribution":"{\"name\": \"FloatDistribution\", \"attributes\": {\"step\": null, \"low\": 0.0001, \"high\": 0.1, \"log\": true}}"}
{"op_code":5,"worker_id":"8cbcb316-1a72-4c5f-bebf-d2854767738a-140218449991488","trial_id":2,"param_name":"dropout","param_value_internal":0.3554379891188102,"distribution":"{\"name\": \"FloatDistribution\", \"attributes\": {\"step\": null, \"low\": 0.0, \"high\": 0.5, \"log\": false}}"}
{"op_code":5,"worker_id":"8cbcb316-1a72-4c5f-bebf-d2854767738a-140218449991488","trial_id":2,"param_name":"nodes","param_value_internal":0,"distribution":"{\"name\": \"CategoricalDistribution\", \"attributes\": {\"choices\": [\"64-64\", \"128-64\", \"256-128\"]}}"}
{"op_code":6,"worker_id":"8cbcb316-1a72-4c5f-bebf-d2854767738a-140218449991488","trial_id":2,"state":1,"values":[0.932994082473588],"datetime_complete":"2026-03-31T13:01:59.375344"}
{"op_code":4,"worker_id":"8cbcb316-1a72-4c5f-bebf-d2854767738a-140218449991488","study_id":0,"datetime_start":"2026-03-31T13:01:59.393952"}
{"op_code":5,"worker_id":"8cbcb316-1a72-4c5f-bebf-d2854767738a-140218449991488","trial_id":3,"param_name":"lr","param_value_internal":0.058168308983125736,"distribution":"{\"name\": \"FloatDistribution\", \"attributes\": {\"step\": null, \"low\": 0.0001, \"high\": 0.1, \"log\": true}}"}
{"op_code":5,"worker_id":"8cbcb316-1a72-4c5f-bebf-d2854767738a-140218449991488","trial_id":3,"param_name":"dropout","param_value_internal":0.2135461706514164,"distribution":"{\"name\": \"FloatDistribution\", \"attributes\": {\"step\": null, \"low\": 0.0, \"high\": 0.5, \"log\": false}}"}
{"op_code":5,"worker_id":"8cbcb316-1a72-4c5f-bebf-d2854767738a-140218449991488","trial_id":3,"param_name":"nodes","param_value_internal":1,"distribution":"{\"name\": \"CategoricalDistribution\", \"attributes\": {\"choices\": [\"64-64\", \"128-64\", \"256-128\"]}}"}
{"op_code":6,"worker_id":"8cbcb316-1a72-4c5f-bebf-d2854767738a-140218449991488","trial_id":3,"state":1,"values":[0.8416519503051708],"datetime_complete":"2026-03-31T13:02:04.924772"}
{"op_code":4,"worker_id":"8cbcb316-1a72-4c5f-bebf-d2854767738a-140218449991488","study_id":0,"datetime_start":"2026-03-31T13:02:04.958252"}
{"op_code":5,"worker_id":"8cbcb316-1a72-4c5f-bebf-d2854767738a-140218449991488","trial_id":4,"param_name":"lr","param_value_internal":0.004385508945177488,"distribution":"{\"name\": \"FloatDistribution\", \"attributes\": {\"step\": null, \"low\": 0.0001, \"high\": 0.1, \"log\": true}}"}
{"op_code":5,"worker_id":"8cbcb316-1a72-4c5f-bebf-d2854767738a-140218449991488","trial_id":4,"param_name":"dropout","param_value_internal":0.25902949346970466,"distribution":"{\"name\": \"FloatDistribution\", \"attributes\": {\"step\": null, \"low\": 0.0, \"high\": 0.5, \"log\": false}}"}
{"op_code":5,"worker_id":"8cbcb316-1a72-4c5f-bebf-d2854767738a-140218449991488","trial_id":4,"param_name":"nodes","param_value_internal":1,"distribution":"{\"name\": \"CategoricalDistribution\", \"attributes\": {\"choices\": [\"64-64\", \"128-64\", \"256-128\"]}}"}
{"op_code":6,"worker_id":"8cbcb316-1a72-4c5f-bebf-d2854767738a-140218449991488","trial_id":4,"state":1,"values":[0.9321111007838399],"datetime_complete":"2026-03-31T13:02:10.500397"}
{"op_code":4,"worker_id":"8cbcb316-1a72-4c5f-bebf-d2854767738a-140218449991488","study_id":0,"datetime_start":"2026-03-31T13:02:10.532949"}
{"op_code":5,"worker_id":"8cbcb316-1a72-4c5f-bebf-d2854767738a-140218449991488","trial_id":5,"param_name":"lr","param_value_internal":0.0015775669086992576,"distribution":"{\"name\": \"FloatDistribution\", \"attributes\": {\"step\": null, \"low\": 0.0001, \"high\": 0.1, \"log\": true}}"}
{"op_code":5,"worker_id":"8cbcb316-1a72-4c5f-bebf-d2854767738a-140218449991488","trial_id":5,"param_name":"dropout","param_value_internal":0.2872087746104223,"distribution":"{\"name\": \"FloatDistribution\", \"attributes\": {\"step\": null, \"low\": 0.0, \"high\": 0.5, \"log\": false}}"}
{"op_code":5,"worker_id":"8cbcb316-1a72-4c5f-bebf-d2854767738a-140218449991488","trial_id":5,"param_name":"nodes","param_value_internal":2,"distribution":"{\"name\": \"CategoricalDistribution\", \"attributes\": {\"choices\": [\"64-64\", \"128-64\", \"256-128\"]}}"}
{"op_code":6,"worker_id":"8cbcb316-1a72-4c5f-bebf-d2854767738a-140218449991488","trial_id":5,"state":1,"values":[0.9321808098646095],"datetime_complete":"2026-03-31T13:02:16.104575"}
{"op_code":4,"worker_id":"8cbcb316-1a72-4c5f-bebf-d2854767738a-140218449991488","study_id":0,"datetime_start":"2026-03-31T13:02:16.130353"}
{"op_code":5,"worker_id":"8cbcb316-1a72-4c5f-bebf-d2854767738a-140218449991488","trial_id":6,"param_name":"lr","param_value_internal":0.0012693800622676607,"distribution":"{\"name\": \"FloatDistribution\", \"attributes\": {\"step\": null, \"low\": 0.0001, \"high\": 0.1, \"log\": true}}"}
{"op_code":5,"worker_id":"8cbcb316-1a72-4c5f-bebf-d2854767738a-140218449991488","trial_id":6,"param_name":"dropout","param_value_internal":0.47362607238049953,"distribution":"{\"name\": \"FloatDistribution\", \"attributes\": {\"step\": null, \"low\": 0.0, \"high\": 0.5, \"log\": false}}"}
{"op_code":5,"worker_id":"8cbcb316-1a72-4c5f-bebf-d2854767738a-140218449991488","trial_id":6,"param_name":"nodes","param_value_internal":2,"distribution":"{\"name\": \"CategoricalDistribution\", \"attributes\": {\"choices\": [\"64-64\", \"128-64\", \"256-128\"]}}"}
{"op_code":6,"worker_id":"8cbcb316-1a72-4c5f-bebf-d2854767738a-140218449991488","trial_id":6,"state":1,"values":[0.9356778820832171],"datetime_complete":"2026-03-31T13:02:21.702200"}
{"op_code":4,"worker_id":"8cbcb316-1a72-4c5f-bebf-d2854767738a-140218449991488","study_id":0,"datetime_start":"2026-03-31T13:02:21.725241"}
{"op_code":5,"worker_id":"8cbcb316-1a72-4c5f-bebf-d2854767738a-140218449991488","trial_id":7,"param_name":"lr","param_value_internal":0.027238970272707715,"distribution":"{\"name\": \"FloatDistribution\", \"attributes\": {\"step\": null, \"low\": 0.0001, \"high\": 0.1, \"log\": true}}"}
{"op_code":5,"worker_id":"8cbcb316-1a72-4c5f-bebf-d2854767738a-140218449991488","trial_id":7,"param_name":"dropout","param_value_internal":0.4769606893492066,"distribution":"{\"name\": \"FloatDistribution\", \"attributes\": {\"step\": null, \"low\": 0.0, \"high\": 0.5, \"log\": false}}"}
{"op_code":5,"worker_id":"8cbcb316-1a72-4c5f-bebf-d2854767738a-140218449991488","trial_id":7,"param_name":"nodes","param_value_internal":1,"distribution":"{\"name\": \"CategoricalDistribution\", \"attributes\": {\"choices\": [\"64-64\", \"128-64\", \"256-128\"]}}"}
{"op_code":6,"worker_id":"8cbcb316-1a72-4c5f-bebf-d2854767738a-140218449991488","trial_id":7,"state":1,"values":[0.9308795736902439],"datetime_complete":"2026-03-31T13:02:27.317969"}
{"op_code":4,"worker_id":"8cbcb316-1a72-4c5f-bebf-d2854767738a-140218449991488","study_id":0,"datetime_start":"2026-03-31T13:02:27.327949"}
{"op_code":5,"worker_id":"8cbcb316-1a72-4c5f-bebf-d2854767738a-140218449991488","trial_id":8,"param_name":"lr","param_value_internal":0.0012511916050858857,"distribution":"{\"name\": \"FloatDistribution\", \"attributes\": {\"step\": null, \"low\": 0.0001, \"high\": 0.1, \"log\": true}}"}
{"op_code":5,"worker_id":"8cbcb316-1a72-4c5f-bebf-d2854767738a-140218449991488","trial_id":8,"param_name":"dropout","param_value_internal":0.3700385510515565,"distribution":"{\"name\": \"FloatDistribution\", \"attributes\": {\"step\": null, \"low\": 0.0, \"high\": 0.5, \"log\": false}}"}
{"op_code":5,"worker_id":"8cbcb316-1a72-4c5f-bebf-d2854767738a-140218449991488","trial_id":8,"param_name":"nodes","param_value_internal":1,"distribution":"{\"name\": \"CategoricalDistribution\", \"attributes\": {\"choices\": [\"64-64\", \"128-64\", \"256-128\"]}}"}
{"op_code":6,"worker_id":"8cbcb316-1a72-4c5f-bebf-d2854767738a-140218449991488","trial_id":8,"state":1,"values":[0.9331915915357685],"datetime_complete":"2026-03-31T13:02:32.885615"}
{"op_code":4,"worker_id":"8cbcb316-1a72-4c5f-bebf-d2854767738a-140218449991488","study_id":0,"datetime_start":"2026-03-31T13:02:32.902653"}
{"op_code":5,"worker_id":"8cbcb316-1a72-4c5f-bebf-d2854767738a-140218449991488","trial_id":9,"param_name":"lr","param_value_internal":0.0025694627000452442,"distribution":"{\"name\": \"FloatDistribution\", \"attributes\": {\"step\": null, \"low\": 0.0001, \"high\": 0.1, \"log\": true}}"}
{"op_code":5,"worker_id":"8cbcb316-1a72-4c5f-bebf-d2854767738a-140218449991488","trial_id":9,"param_name":"dropout","param_value_internal":0.08256338057923956,"distribution":"{\"name\": \"FloatDistribution\", \"attributes\": {\"step\": null, \"low\": 0.0, \"high\": 0.5, \"log\": false}}"}
{"op_code":5,"worker_id":"8cbcb316-1a72-4c5f-bebf-d2854767738a-140218449991488","trial_id":9,"param_name":"nodes","param_value_internal":2,"distribution":"{\"name\": \"CategoricalDistribution\", \"attributes\": {\"choices\": [\"64-64\", \"128-64\", \"256-128\"]}}"}
{"op_code":6,"worker_id":"8cbcb316-1a72-4c5f-bebf-d2854767738a-140218449991488","trial_id":9,"state":1,"values":[0.9228940112154166],"datetime_complete":"2026-03-31T13:02:38.457860"}
{"op_code":4,"worker_id":"8cbcb316-1a72-4c5f-bebf-d2854767738a-140218449991488","study_id":0,"datetime_start":"2026-03-31T13:02:38.468772"}
{"op_code":5,"worker_id":"8cbcb316-1a72-4c5f-bebf-d2854767738a-140218449991488","trial_id":10,"param_name":"lr","param_value_internal":0.00040716196038165816,"distribution":"{\"name\": \"FloatDistribution\", \"attributes\": {\"step\": null, \"low\": 0.0001, \"high\": 0.1, \"log\": true}}"}
{"op_code":5,"worker_id":"8cbcb316-1a72-4c5f-bebf-d2854767738a-140218449991488","trial_id":10,"param_name":"dropout","param_value_internal":0.11944911035722858,"distribution":"{\"name\": \"FloatDistribution\", \"attributes\": {\"step\": null, \"low\": 0.0, \"high\": 0.5, \"log\": false}}"}
{"op_code":5,"worker_id":"8cbcb316-1a72-4c5f-bebf-d2854767738a-140218449991488","trial_id":10,"param_name":"nodes","param_value_internal":2,"distribution":"{\"name\": \"CategoricalDistribution\", \"attributes\": {\"choices\": [\"64-64\", \"128-64\", \"256-128\"]}}"}
{"op_code":6,"worker_id":"8cbcb316-1a72-4c5f-bebf-d2854767738a-140218449991488","trial_id":10,"state":1,"values":[0.9237653747250364],"datetime_complete":"2026-03-31T13:02:44.048803"}
{"op_code":4,"worker_id":"8cbcb316-1a72-4c5f-bebf-d2854767738a-140218449991488","study_id":0,"datetime_start":"2026-03-31T13:02:44.059028"}
{"op_code":5,"worker_id":"8cbcb316-1a72-4c5f-bebf-d2854767738a-140218449991488","trial_id":11,"param_name":"lr","param_value_internal":0.0006482700868933896,"distribution":"{\"name\": \"FloatDistribution\", \"attributes\": {\"step\": null, \"low\": 0.0001, \"high\": 0.1, \"log\": true}}"}
{"op_code":5,"worker_id":"8cbcb316-1a72-4c5f-bebf-d2854767738a-140218449991488","trial_id":11,"param_name":"dropout","param_value_internal":0.386878956463753,"distribution":"{\"name\": \"FloatDistribution\", \"attributes\": {\"step\": null, \"low\": 0.0, \"high\": 0.5, \"log\": false}}"}
{"op_code":5,"worker_id":"8cbcb316-1a72-4c5f-bebf-d2854767738a-140218449991488","trial_id":11,"param_name":"nodes","param_value_internal":1,"distribution":"{\"name\": \"CategoricalDistribution\", \"attributes\": {\"choices\": [\"64-64\", \"128-64\", \"256-128\"]}}"}
{"op_code":6,"worker_id":"8cbcb316-1a72-4c5f-bebf-d2854767738a-140218449991488","trial_id":11,"state":1,"values":[0.9360148093069368],"datetime_complete":"2026-03-31T13:02:49.615497"}
{"op_code":4,"worker_id":"8cbcb316-1a72-4c5f-bebf-d2854767738a-140218449991488","study_id":0,"datetime_start":"2026-03-31T13:02:49.630934"}
{"op_code":5,"worker_id":"8cbcb316-1a72-4c5f-bebf-d2854767738a-140218449991488","trial_id":12,"param_name":"lr","param_value_internal":0.000490584907123962,"distribution":"{\"name\": \"FloatDistribution\", \"attributes\": {\"step\": null, \"low\": 0.0001, \"high\": 0.1, \"log\": true}}"}
{"op_code":5,"worker_id":"8cbcb316-1a72-4c5f-bebf-d2854767738a-140218449991488","trial_id":12,"param_name":"dropout","param_value_internal":0.4057261059566886,"distribution":"{\"name\": \"FloatDistribution\", \"attributes\": {\"step\": null, \"low\": 0.0, \"high\": 0.5, \"log\": false}}"}
{"op_code":5,"worker_id":"8cbcb316-1a72-4c5f-bebf-d2854767738a-140218449991488","trial_id":12,"param_name":"nodes","param_value_internal":2,"distribution":"{\"name\": \"CategoricalDistribution\", \"attributes\": {\"choices\": [\"64-64\", \"128-64\", \"256-128\"]}}"}
{"op_code":6,"worker_id":"8cbcb316-1a72-4c5f-bebf-d2854767738a-140218449991488","trial_id":12,"state":1,"values":[0.9359179911392013],"datetime_complete":"2026-03-31T13:02:55.209538"}
{"op_code":4,"worker_id":"8cbcb316-1a72-4c5f-bebf-d2854767738a-140218449991488","study_id":0,"datetime_start":"2026-03-31T13:02:55.224743"}
{"op_code":5,"worker_id":"8cbcb316-1a72-4c5f-bebf-d2854767738a-140218449991488","trial_id":13,"param_name":"lr","param_value_internal":0.00011504517553229926,"distribution":"{\"name\": \"FloatDistribution\", \"attributes\": {\"step\": null, \"low\": 0.0001, \"high\": 0.1, \"log\": true}}"}
{"op_code":5,"worker_id":"8cbcb316-1a72-4c5f-bebf-d2854767738a-140218449991488","trial_id":13,"param_name":"dropout","param_value_internal":0.3703194959895686,"distribution":"{\"name\": \"FloatDistribution\", \"attributes\": {\"step\": null, \"low\": 0.0, \"high\": 0.5, \"log\": false}}"}
{"op_code":5,"worker_id":"8cbcb316-1a72-4c5f-bebf-d2854767738a-140218449991488","trial_id":13,"param_name":"nodes","param_value_internal":2,"distribution":"{\"name\": \"CategoricalDistribution\", \"attributes\": {\"choices\": [\"64-64\", \"128-64\", \"256-128\"]}}"}
{"op_code":6,"worker_id":"8cbcb316-1a72-4c5f-bebf-d2854767738a-140218449991488","trial_id":13,"state":1,"values":[0.929016792143012],"datetime_complete":"2026-03-31T13:03:00.845803"}
{"op_code":4,"worker_id":"8cbcb316-1a72-4c5f-bebf-d2854767738a-140218449991488","study_id":0,"datetime_start":"2026-03-31T13:03:00.863994"}
{"op_code":5,"worker_id":"8cbcb316-1a72-4c5f-bebf-d2854767738a-140218449991488","trial_id":14,"param_name":"lr","param_value_internal":0.0004417468893721717,"distribution":"{\"name\": \"FloatDistribution\", \"attributes\": {\"step\": null, \"low\": 0.0001, \"high\": 0.1, \"log\": true}}"}
{"op_code":5,"worker_id":"8cbcb316-1a72-4c5f-bebf-d2854767738a-140218449991488","trial_id":14,"param_name":"dropout","param_value_internal":0.40348851941203867,"distribution":"{\"name\": \"FloatDistribution\", \"attributes\": {\"step\": null, \"low\": 0.0, \"high\": 0.5, \"log\": false}}"}
{"op_code":5,"worker_id":"8cbcb316-1a72-4c5f-bebf-d2854767738a-140218449991488","trial_id":14,"param_name":"nodes","param_value_internal":1,"distribution":"{\"name\": \"CategoricalDistribution\", \"attributes\": {\"choices\": [\"64-64\", \"128-64\", \"256-128\"]}}"}
{"op_code":6,"worker_id":"8cbcb316-1a72-4c5f-bebf-d2854767738a-140218449991488","trial_id":14,"state":1,"values":[0.931929082628497],"datetime_complete":"2026-03-31T13:03:06.739753"}
{"op_code":4,"worker_id":"8cbcb316-1a72-4c5f-bebf-d2854767738a-140218449991488","study_id":0,"datetime_start":"2026-03-31T13:03:06.756772"}
{"op_code":5,"worker_id":"8cbcb316-1a72-4c5f-bebf-d2854767738a-140218449991488","trial_id":15,"param_name":"lr","param_value_internal":0.000396294431438533,"distribution":"{\"name\": \"FloatDistribution\", \"attributes\": {\"step\": null, \"low\": 0.0001, \"high\": 0.1, \"log\": true}}"}
{"op_code":5,"worker_id":"8cbcb316-1a72-4c5f-bebf-d2854767738a-140218449991488","trial_id":15,"param_name":"dropout","param_value_internal":0.306469641403292,"distribution":"{\"name\": \"FloatDistribution\", \"attributes\": {\"step\": null, \"low\": 0.0, \"high\": 0.5, \"log\": false}}"}
{"op_code":5,"worker_id":"8cbcb316-1a72-4c5f-bebf-d2854767738a-140218449991488","trial_id":15,"param_name":"nodes","param_value_internal":1,"distribution":"{\"name\": \"CategoricalDistribution\", \"attributes\": {\"choices\": [\"64-64\", \"128-64\", \"256-128\"]}}"}
{"op_code":6,"worker_id":"8cbcb316-1a72-4c5f-bebf-d2854767738a-140218449991488","trial_id":15,"state":1,"values":[0.9346245004182545],"datetime_complete":"2026-03-31T13:03:12.447851"}
{"op_code":4,"worker_id":"8cbcb316-1a72-4c5f-bebf-d2854767738a-140218449991488","study_id":0,"datetime_start":"2026-03-31T13:03:12.466449"}
{"op_code":5,"worker_id":"8cbcb316-1a72-4c5f-bebf-d2854767738a-140218449991488","trial_id":16,"param_name":"lr","param_value_internal":0.006739897999045735,"distribution":"{\"name\": \"FloatDistribution\", \"attributes\": {\"step\": null, \"low\": 0.0001, \"high\": 0.1, \"log\": true}}"}
{"op_code":5,"worker_id":"8cbcb316-1a72-4c5f-bebf-d2854767738a-140218449991488","trial_id":16,"param_name":"dropout","param_value_internal":0.17164947195532376,"distribution":"{\"name\": \"FloatDistribution\", \"attributes\": {\"step\": null, \"low\": 0.0, \"high\": 0.5, \"log\": false}}"}
{"op_code":5,"worker_id":"8cbcb316-1a72-4c5f-bebf-d2854767738a-140218449991488","trial_id":16,"param_name":"nodes","param_value_internal":2,"distribution":"{\"name\": \"CategoricalDistribution\", \"attributes\": {\"choices\": [\"64-64\", \"128-64\", \"256-128\"]}}"}
{"op_code":6,"worker_id":"8cbcb316-1a72-4c5f-bebf-d2854767738a-140218449991488","trial_id":16,"state":1,"values":[0.9250898472596586],"datetime_complete":"2026-03-31T13:03:18.304166"}
{"op_code":4,"worker_id":"8cbcb316-1a72-4c5f-bebf-d2854767738a-140218449991488","study_id":0,"datetime_start":"2026-03-31T13:03:20.272959"}
{"op_code":5,"worker_id":"8cbcb316-1a72-4c5f-bebf-d2854767738a-140218449991488","trial_id":17,"param_name":"lr","param_value_internal":0.00025836874917007675,"distribution":"{\"name\": \"FloatDistribution\", \"attributes\": {\"step\": null, \"low\": 0.0001, \"high\": 0.1, \"log\": true}}"}
{"op_code":5,"worker_id":"8cbcb316-1a72-4c5f-bebf-d2854767738a-140218449991488","trial_id":17,"param_name":"dropout","param_value_internal":0.43048194727533734,"distribution":"{\"name\": \"FloatDistribution\", \"attributes\": {\"step\": null, \"low\": 0.0, \"high\": 0.5, \"log\": false}}"}
{"op_code":5,"worker_id":"8cbcb316-1a72-4c5f-bebf-d2854767738a-140218449991488","trial_id":17,"param_name":"nodes","param_value_internal":1,"distribution":"{\"name\": \"CategoricalDistribution\", \"attributes\": {\"choices\": [\"64-64\", \"128-64\", \"256-128\"]}}"}
{"op_code":6,"worker_id":"8cbcb316-1a72-4c5f-bebf-d2854767738a-140218449991488","trial_id":17,"state":1,"values":[0.9315882826780679],"datetime_complete":"2026-03-31T13:03:25.943553"}
{"op_code":4,"worker_id":"8cbcb316-1a72-4c5f-bebf-d2854767738a-140218449991488","study_id":0,"datetime_start":"2026-03-31T13:03:25.954142"}
{"op_code":5,"worker_id":"8cbcb316-1a72-4c5f-bebf-d2854767738a-140218449991488","trial_id":18,"param_name":"lr","param_value_internal":0.0007820823346438713,"distribution":"{\"name\": \"FloatDistribution\", \"attributes\": {\"step\": null, \"low\": 0.0001, \"high\": 0.1, \"log\": true}}"}
{"op_code":5,"worker_id":"8cbcb316-1a72-4c5f-bebf-d2854767738a-140218449991488","trial_id":18,"param_name":"dropout","param_value_internal":0.32141603021436815,"distribution":"{\"name\": \"FloatDistribution\", \"attributes\": {\"step\": null, \"low\": 0.0, \"high\": 0.5, \"log\": false}}"}
{"op_code":5,"worker_id":"8cbcb316-1a72-4c5f-bebf-d2854767738a-140218449991488","trial_id":18,"param_name":"nodes","param_value_internal":2,"distribution":"{\"name\": \"CategoricalDistribution\", \"attributes\": {\"choices\": [\"64-64\", \"128-64\", \"256-128\"]}}"}
{"op_code":6,"worker_id":"8cbcb316-1a72-4c5f-bebf-d2854767738a-140218449991488","trial_id":18,"state":1,"values":[0.934500573163553],"datetime_complete":"2026-03-31T13:03:31.597881"}
{"op_code":4,"worker_id":"8cbcb316-1a72-4c5f-bebf-d2854767738a-140218449991488","study_id":0,"datetime_start":"2026-03-31T13:03:31.609705"}
{"op_code":5,"worker_id":"8cbcb316-1a72-4c5f-bebf-d2854767738a-140218449991488","trial_id":19,"param_name":"lr","param_value_internal":0.00010073641675715081,"distribution":"{\"name\": \"FloatDistribution\", \"attributes\": {\"step\": null, \"low\": 0.0001, \"high\": 0.1, \"log\": true}}"}
{"op_code":5,"worker_id":"8cbcb316-1a72-4c5f-bebf-d2854767738a-140218449991488","trial_id":19,"param_name":"dropout","param_value_internal":0.4096103629975418,"distribution":"{\"name\": \"FloatDistribution\", \"attributes\": {\"step\": null, \"low\": 0.0, \"high\": 0.5, \"log\": false}}"}
{"op_code":5,"worker_id":"8cbcb316-1a72-4c5f-bebf-d2854767738a-140218449991488","trial_id":19,"param_name":"nodes","param_value_internal":0,"distribution":"{\"name\": \"CategoricalDistribution\", \"attributes\": {\"choices\": [\"64-64\", \"128-64\", \"256-128\"]}}"}
{"op_code":6,"worker_id":"8cbcb316-1a72-4c5f-bebf-d2854767738a-140218449991488","trial_id":19,"state":1,"values":[0.9157294668029866],"datetime_complete":"2026-03-31T13:03:37.189727"}
