{"op_code":0,"worker_id":"e0472e4b-3f09-4982-b505-0cecd1deb1ed-139952901822272","study_name":"deepsurv_tuning","directions":[2]}
{"op_code":4,"worker_id":"e0472e4b-3f09-4982-b505-0cecd1deb1ed-139952901822272","study_id":0,"datetime_start":"2026-03-26T11:39:30.351663"}
{"op_code":5,"worker_id":"e0472e4b-3f09-4982-b505-0cecd1deb1ed-139952901822272","trial_id":0,"param_name":"lr","param_value_internal":0.036305248452479025,"distribution":"{\"name\": \"FloatDistribution\", \"attributes\": {\"step\": null, \"low\": 0.0001, \"high\": 0.1, \"log\": true}}"}
{"op_code":5,"worker_id":"e0472e4b-3f09-4982-b505-0cecd1deb1ed-139952901822272","trial_id":0,"param_name":"dropout","param_value_internal":0.15820931813340672,"distribution":"{\"name\": \"FloatDistribution\", \"attributes\": {\"step\": null, \"low\": 0.0, \"high\": 0.5, \"log\": false}}"}
{"op_code":5,"worker_id":"e0472e4b-3f09-4982-b505-0cecd1deb1ed-139952901822272","trial_id":0,"param_name":"layers","param_value_internal":2,"distribution":"{\"name\": \"CategoricalDistribution\", \"attributes\": {\"choices\": [1, 2, 3]}}"}
{"op_code":5,"worker_id":"e0472e4b-3f09-4982-b505-0cecd1deb1ed-139952901822272","trial_id":0,"param_name":"nodes","param_value_internal":0,"distribution":"{\"name\": \"CategoricalDistribution\", \"attributes\": {\"choices\": [16, 32, 64]}}"}
{"op_code":6,"worker_id":"e0472e4b-3f09-4982-b505-0cecd1deb1ed-139952901822272","trial_id":0,"state":1,"values":[0.6527730149328179],"datetime_complete":"2026-03-26T11:39:32.319113"}
{"op_code":4,"worker_id":"e0472e4b-3f09-4982-b505-0cecd1deb1ed-139952901822272","study_id":0,"datetime_start":"2026-03-26T11:39:32.336758"}
{"op_code":5,"worker_id":"e0472e4b-3f09-4982-b505-0cecd1deb1ed-139952901822272","trial_id":1,"param_name":"lr","param_value_internal":0.01385913848809446,"distribution":"{\"name\": \"FloatDistribution\", \"attributes\": {\"step\": null, \"low\": 0.0001, \"high\": 0.1, \"log\": true}}"}
{"op_code":5,"worker_id":"e0472e4b-3f09-4982-b505-0cecd1deb1ed-139952901822272","trial_id":1,"param_name":"dropout","param_value_internal":0.13231706250218767,"distribution":"{\"name\": \"FloatDistribution\", \"attributes\": {\"step\": null, \"low\": 0.0, \"high\": 0.5, \"log\": false}}"}
{"op_code":5,"worker_id":"e0472e4b-3f09-4982-b505-0cecd1deb1ed-139952901822272","trial_id":1,"param_name":"layers","param_value_internal":2,"distribution":"{\"name\": \"CategoricalDistribution\", \"attributes\": {\"choices\": [1, 2, 3]}}"}
{"op_code":5,"worker_id":"e0472e4b-3f09-4982-b505-0cecd1deb1ed-139952901822272","trial_id":1,"param_name":"nodes","param_value_internal":2,"distribution":"{\"name\": \"CategoricalDistribution\", \"attributes\": {\"choices\": [16, 32, 64]}}"}
{"op_code":6,"worker_id":"e0472e4b-3f09-4982-b505-0cecd1deb1ed-139952901822272","trial_id":1,"state":1,"values":[0.6256196028306886],"datetime_complete":"2026-03-26T11:39:34.418309"}
{"op_code":4,"worker_id":"e0472e4b-3f09-4982-b505-0cecd1deb1ed-139952901822272","study_id":0,"datetime_start":"2026-03-26T11:39:34.437132"}
{"op_code":5,"worker_id":"e0472e4b-3f09-4982-b505-0cecd1deb1ed-139952901822272","trial_id":2,"param_name":"lr","param_value_internal":0.0001766451197448987,"distribution":"{\"name\": \"FloatDistribution\", \"attributes\": {\"step\": null, \"low\": 0.0001, \"high\": 0.1, \"log\": true}}"}
{"op_code":5,"worker_id":"e0472e4b-3f09-4982-b505-0cecd1deb1ed-139952901822272","trial_id":2,"param_name":"dropout","param_value_internal":0.1530373397927408,"distribution":"{\"name\": \"FloatDistribution\", \"attributes\": {\"step\": null, \"low\": 0.0, \"high\": 0.5, \"log\": false}}"}
{"op_code":5,"worker_id":"e0472e4b-3f09-4982-b505-0cecd1deb1ed-139952901822272","trial_id":2,"param_name":"layers","param_value_internal":1,"distribution":"{\"name\": \"CategoricalDistribution\", \"attributes\": {\"choices\": [1, 2, 3]}}"}
{"op_code":5,"worker_id":"e0472e4b-3f09-4982-b505-0cecd1deb1ed-139952901822272","trial_id":2,"param_name":"nodes","param_value_internal":0,"distribution":"{\"name\": \"CategoricalDistribution\", \"attributes\": {\"choices\": [16, 32, 64]}}"}
{"op_code":6,"worker_id":"e0472e4b-3f09-4982-b505-0cecd1deb1ed-139952901822272","trial_id":2,"state":1,"values":[0.5783895002649874],"datetime_complete":"2026-03-26T11:39:36.290077"}
{"op_code":4,"worker_id":"e0472e4b-3f09-4982-b505-0cecd1deb1ed-139952901822272","study_id":0,"datetime_start":"2026-03-26T11:39:36.313314"}
{"op_code":5,"worker_id":"e0472e4b-3f09-4982-b505-0cecd1deb1ed-139952901822272","trial_id":3,"param_name":"lr","param_value_internal":0.006062137455317682,"distribution":"{\"name\": \"FloatDistribution\", \"attributes\": {\"step\": null, \"low\": 0.0001, \"high\": 0.1, \"log\": true}}"}
{"op_code":5,"worker_id":"e0472e4b-3f09-4982-b505-0cecd1deb1ed-139952901822272","trial_id":3,"param_name":"dropout","param_value_internal":0.1695219144193425,"distribution":"{\"name\": \"FloatDistribution\", \"attributes\": {\"step\": null, \"low\": 0.0, \"high\": 0.5, \"log\": false}}"}
{"op_code":5,"worker_id":"e0472e4b-3f09-4982-b505-0cecd1deb1ed-139952901822272","trial_id":3,"param_name":"layers","param_value_internal":2,"distribution":"{\"name\": \"CategoricalDistribution\", \"attributes\": {\"choices\": [1, 2, 3]}}"}
{"op_code":5,"worker_id":"e0472e4b-3f09-4982-b505-0cecd1deb1ed-139952901822272","trial_id":3,"param_name":"nodes","param_value_internal":1,"distribution":"{\"name\": \"CategoricalDistribution\", \"attributes\": {\"choices\": [16, 32, 64]}}"}
{"op_code":6,"worker_id":"e0472e4b-3f09-4982-b505-0cecd1deb1ed-139952901822272","trial_id":3,"state":1,"values":[0.6353461982105558],"datetime_complete":"2026-03-26T11:39:38.489903"}
{"op_code":4,"worker_id":"e0472e4b-3f09-4982-b505-0cecd1deb1ed-139952901822272","study_id":0,"datetime_start":"2026-03-26T11:39:38.510450"}
{"op_code":5,"worker_id":"e0472e4b-3f09-4982-b505-0cecd1deb1ed-139952901822272","trial_id":4,"param_name":"lr","param_value_internal":0.0012078107595368298,"distribution":"{\"name\": \"FloatDistribution\", \"attributes\": {\"step\": null, \"low\": 0.0001, \"high\": 0.1, \"log\": true}}"}
{"op_code":5,"worker_id":"e0472e4b-3f09-4982-b505-0cecd1deb1ed-139952901822272","trial_id":4,"param_name":"dropout","param_value_internal":0.21770270825633203,"distribution":"{\"name\": \"FloatDistribution\", \"attributes\": {\"step\": null, \"low\": 0.0, \"high\": 0.5, \"log\": false}}"}
{"op_code":5,"worker_id":"e0472e4b-3f09-4982-b505-0cecd1deb1ed-139952901822272","trial_id":4,"param_name":"layers","param_value_internal":2,"distribution":"{\"name\": \"CategoricalDistribution\", \"attributes\": {\"choices\": [1, 2, 3]}}"}
{"op_code":5,"worker_id":"e0472e4b-3f09-4982-b505-0cecd1deb1ed-139952901822272","trial_id":4,"param_name":"nodes","param_value_internal":1,"distribution":"{\"name\": \"CategoricalDistribution\", \"attributes\": {\"choices\": [16, 32, 64]}}"}
{"op_code":6,"worker_id":"e0472e4b-3f09-4982-b505-0cecd1deb1ed-139952901822272","trial_id":4,"state":1,"values":[0.6209433550519063],"datetime_complete":"2026-03-26T11:39:40.667413"}
{"op_code":4,"worker_id":"e0472e4b-3f09-4982-b505-0cecd1deb1ed-139952901822272","study_id":0,"datetime_start":"2026-03-26T11:39:40.696685"}
{"op_code":5,"worker_id":"e0472e4b-3f09-4982-b505-0cecd1deb1ed-139952901822272","trial_id":5,"param_name":"lr","param_value_internal":0.04248772298171868,"distribution":"{\"name\": \"FloatDistribution\", \"attributes\": {\"step\": null, \"low\": 0.0001, \"high\": 0.1, \"log\": true}}"}
{"op_code":5,"worker_id":"e0472e4b-3f09-4982-b505-0cecd1deb1ed-139952901822272","trial_id":5,"param_name":"dropout","param_value_internal":0.06225579944038029,"distribution":"{\"name\": \"FloatDistribution\", \"attributes\": {\"step\": null, \"low\": 0.0, \"high\": 0.5, \"log\": false}}"}
{"op_code":5,"worker_id":"e0472e4b-3f09-4982-b505-0cecd1deb1ed-139952901822272","trial_id":5,"param_name":"layers","param_value_internal":0,"distribution":"{\"name\": \"CategoricalDistribution\", \"attributes\": {\"choices\": [1, 2, 3]}}"}
{"op_code":5,"worker_id":"e0472e4b-3f09-4982-b505-0cecd1deb1ed-139952901822272","trial_id":5,"param_name":"nodes","param_value_internal":0,"distribution":"{\"name\": \"CategoricalDistribution\", \"attributes\": {\"choices\": [16, 32, 64]}}"}
{"op_code":6,"worker_id":"e0472e4b-3f09-4982-b505-0cecd1deb1ed-139952901822272","trial_id":5,"state":1,"values":[0.6370296474109175],"datetime_complete":"2026-03-26T11:39:42.314487"}
{"op_code":4,"worker_id":"e0472e4b-3f09-4982-b505-0cecd1deb1ed-139952901822272","study_id":0,"datetime_start":"2026-03-26T11:39:42.338325"}
{"op_code":5,"worker_id":"e0472e4b-3f09-4982-b505-0cecd1deb1ed-139952901822272","trial_id":6,"param_name":"lr","param_value_internal":0.0019776775602335346,"distribution":"{\"name\": \"FloatDistribution\", \"attributes\": {\"step\": null, \"low\": 0.0001, \"high\": 0.1, \"log\": true}}"}
{"op_code":5,"worker_id":"e0472e4b-3f09-4982-b505-0cecd1deb1ed-139952901822272","trial_id":6,"param_name":"dropout","param_value_internal":0.17376307364605187,"distribution":"{\"name\": \"FloatDistribution\", \"attributes\": {\"step\": null, \"low\": 0.0, \"high\": 0.5, \"log\": false}}"}
{"op_code":5,"worker_id":"e0472e4b-3f09-4982-b505-0cecd1deb1ed-139952901822272","trial_id":6,"param_name":"layers","param_value_internal":2,"distribution":"{\"name\": \"CategoricalDistribution\", \"attributes\": {\"choices\": [1, 2, 3]}}"}
{"op_code":5,"worker_id":"e0472e4b-3f09-4982-b505-0cecd1deb1ed-139952901822272","trial_id":6,"param_name":"nodes","param_value_internal":0,"distribution":"{\"name\": \"CategoricalDistribution\", \"attributes\": {\"choices\": [16, 32, 64]}}"}
{"op_code":6,"worker_id":"e0472e4b-3f09-4982-b505-0cecd1deb1ed-139952901822272","trial_id":6,"state":1,"values":[0.6165165071546591],"datetime_complete":"2026-03-26T11:39:44.462572"}
{"op_code":4,"worker_id":"e0472e4b-3f09-4982-b505-0cecd1deb1ed-139952901822272","study_id":0,"datetime_start":"2026-03-26T11:39:44.530156"}
{"op_code":5,"worker_id":"e0472e4b-3f09-4982-b505-0cecd1deb1ed-139952901822272","trial_id":7,"param_name":"lr","param_value_internal":0.000627238128880808,"distribution":"{\"name\": \"FloatDistribution\", \"attributes\": {\"step\": null, \"low\": 0.0001, \"high\": 0.1, \"log\": true}}"}
{"op_code":5,"worker_id":"e0472e4b-3f09-4982-b505-0cecd1deb1ed-139952901822272","trial_id":7,"param_name":"dropout","param_value_internal":0.10982398239048113,"distribution":"{\"name\": \"FloatDistribution\", \"attributes\": {\"step\": null, \"low\": 0.0, \"high\": 0.5, \"log\": false}}"}
{"op_code":5,"worker_id":"e0472e4b-3f09-4982-b505-0cecd1deb1ed-139952901822272","trial_id":7,"param_name":"layers","param_value_internal":1,"distribution":"{\"name\": \"CategoricalDistribution\", \"attributes\": {\"choices\": [1, 2, 3]}}"}
{"op_code":5,"worker_id":"e0472e4b-3f09-4982-b505-0cecd1deb1ed-139952901822272","trial_id":7,"param_name":"nodes","param_value_internal":2,"distribution":"{\"name\": \"CategoricalDistribution\", \"attributes\": {\"choices\": [16, 32, 64]}}"}
{"op_code":6,"worker_id":"e0472e4b-3f09-4982-b505-0cecd1deb1ed-139952901822272","trial_id":7,"state":1,"values":[0.6290488512017957],"datetime_complete":"2026-03-26T11:39:46.410493"}
{"op_code":4,"worker_id":"e0472e4b-3f09-4982-b505-0cecd1deb1ed-139952901822272","study_id":0,"datetime_start":"2026-03-26T11:39:46.436921"}
{"op_code":5,"worker_id":"e0472e4b-3f09-4982-b505-0cecd1deb1ed-139952901822272","trial_id":8,"param_name":"lr","param_value_internal":0.018933342114545705,"distribution":"{\"name\": \"FloatDistribution\", \"attributes\": {\"step\": null, \"low\": 0.0001, \"high\": 0.1, \"log\": true}}"}
{"op_code":5,"worker_id":"e0472e4b-3f09-4982-b505-0cecd1deb1ed-139952901822272","trial_id":8,"param_name":"dropout","param_value_internal":0.20362540112586308,"distribution":"{\"name\": \"FloatDistribution\", \"attributes\": {\"step\": null, \"low\": 0.0, \"high\": 0.5, \"log\": false}}"}
{"op_code":5,"worker_id":"e0472e4b-3f09-4982-b505-0cecd1deb1ed-139952901822272","trial_id":8,"param_name":"layers","param_value_internal":2,"distribution":"{\"name\": \"CategoricalDistribution\", \"attributes\": {\"choices\": [1, 2, 3]}}"}
{"op_code":5,"worker_id":"e0472e4b-3f09-4982-b505-0cecd1deb1ed-139952901822272","trial_id":8,"param_name":"nodes","param_value_internal":2,"distribution":"{\"name\": \"CategoricalDistribution\", \"attributes\": {\"choices\": [16, 32, 64]}}"}
{"op_code":6,"worker_id":"e0472e4b-3f09-4982-b505-0cecd1deb1ed-139952901822272","trial_id":8,"state":1,"values":[0.6306699504317735],"datetime_complete":"2026-03-26T11:39:48.567499"}
{"op_code":4,"worker_id":"e0472e4b-3f09-4982-b505-0cecd1deb1ed-139952901822272","study_id":0,"datetime_start":"2026-03-26T11:39:48.601938"}
{"op_code":5,"worker_id":"e0472e4b-3f09-4982-b505-0cecd1deb1ed-139952901822272","trial_id":9,"param_name":"lr","param_value_internal":0.00042796235968229783,"distribution":"{\"name\": \"FloatDistribution\", \"attributes\": {\"step\": null, \"low\": 0.0001, \"high\": 0.1, \"log\": true}}"}
{"op_code":5,"worker_id":"e0472e4b-3f09-4982-b505-0cecd1deb1ed-139952901822272","trial_id":9,"param_name":"dropout","param_value_internal":0.08268735706967678,"distribution":"{\"name\": \"FloatDistribution\", \"attributes\": {\"step\": null, \"low\": 0.0, \"high\": 0.5, \"log\": false}}"}
{"op_code":5,"worker_id":"e0472e4b-3f09-4982-b505-0cecd1deb1ed-139952901822272","trial_id":9,"param_name":"layers","param_value_internal":0,"distribution":"{\"name\": \"CategoricalDistribution\", \"attributes\": {\"choices\": [1, 2, 3]}}"}
{"op_code":5,"worker_id":"e0472e4b-3f09-4982-b505-0cecd1deb1ed-139952901822272","trial_id":9,"param_name":"nodes","param_value_internal":2,"distribution":"{\"name\": \"CategoricalDistribution\", \"attributes\": {\"choices\": [16, 32, 64]}}"}
{"op_code":6,"worker_id":"e0472e4b-3f09-4982-b505-0cecd1deb1ed-139952901822272","trial_id":9,"state":1,"values":[0.6205692552296037],"datetime_complete":"2026-03-26T11:39:49.807188"}
{"op_code":4,"worker_id":"e0472e4b-3f09-4982-b505-0cecd1deb1ed-139952901822272","study_id":0,"datetime_start":"2026-03-26T11:39:49.825910"}
{"op_code":5,"worker_id":"e0472e4b-3f09-4982-b505-0cecd1deb1ed-139952901822272","trial_id":10,"param_name":"lr","param_value_internal":0.06003354619367363,"distribution":"{\"name\": \"FloatDistribution\", \"attributes\": {\"step\": null, \"low\": 0.0001, \"high\": 0.1, \"log\": true}}"}
{"op_code":5,"worker_id":"e0472e4b-3f09-4982-b505-0cecd1deb1ed-139952901822272","trial_id":10,"param_name":"dropout","param_value_internal":0.3505208585624852,"distribution":"{\"name\": \"FloatDistribution\", \"attributes\": {\"step\": null, \"low\": 0.0, \"high\": 0.5, \"log\": false}}"}
{"op_code":5,"worker_id":"e0472e4b-3f09-4982-b505-0cecd1deb1ed-139952901822272","trial_id":10,"param_name":"layers","param_value_internal":1,"distribution":"{\"name\": \"CategoricalDistribution\", \"attributes\": {\"choices\": [1, 2, 3]}}"}
{"op_code":5,"worker_id":"e0472e4b-3f09-4982-b505-0cecd1deb1ed-139952901822272","trial_id":10,"param_name":"nodes","param_value_internal":0,"distribution":"{\"name\": \"CategoricalDistribution\", \"attributes\": {\"choices\": [16, 32, 64]}}"}
{"op_code":6,"worker_id":"e0472e4b-3f09-4982-b505-0cecd1deb1ed-139952901822272","trial_id":10,"state":1,"values":[0.6332262992175078],"datetime_complete":"2026-03-26T11:39:51.283685"}
{"op_code":4,"worker_id":"e0472e4b-3f09-4982-b505-0cecd1deb1ed-139952901822272","study_id":0,"datetime_start":"2026-03-26T11:39:51.306990"}
{"op_code":5,"worker_id":"e0472e4b-3f09-4982-b505-0cecd1deb1ed-139952901822272","trial_id":11,"param_name":"lr","param_value_internal":0.09919334655939337,"distribution":"{\"name\": \"FloatDistribution\", \"attributes\": {\"step\": null, \"low\": 0.0001, \"high\": 0.1, \"log\": true}}"}
{"op_code":5,"worker_id":"e0472e4b-3f09-4982-b505-0cecd1deb1ed-139952901822272","trial_id":11,"param_name":"dropout","param_value_internal":0.029989410815505574,"distribution":"{\"name\": \"FloatDistribution\", \"attributes\": {\"step\": null, \"low\": 0.0, \"high\": 0.5, \"log\": false}}"}
{"op_code":5,"worker_id":"e0472e4b-3f09-4982-b505-0cecd1deb1ed-139952901822272","trial_id":11,"param_name":"layers","param_value_internal":0,"distribution":"{\"name\": \"CategoricalDistribution\", \"attributes\": {\"choices\": [1, 2, 3]}}"}
{"op_code":5,"worker_id":"e0472e4b-3f09-4982-b505-0cecd1deb1ed-139952901822272","trial_id":11,"param_name":"nodes","param_value_internal":0,"distribution":"{\"name\": \"CategoricalDistribution\", \"attributes\": {\"choices\": [16, 32, 64]}}"}
{"op_code":6,"worker_id":"e0472e4b-3f09-4982-b505-0cecd1deb1ed-139952901822272","trial_id":11,"state":1,"values":[0.6309193503133086],"datetime_complete":"2026-03-26T11:39:52.881372"}
{"op_code":4,"worker_id":"e0472e4b-3f09-4982-b505-0cecd1deb1ed-139952901822272","study_id":0,"datetime_start":"2026-03-26T11:39:52.895323"}
{"op_code":5,"worker_id":"e0472e4b-3f09-4982-b505-0cecd1deb1ed-139952901822272","trial_id":12,"param_name":"lr","param_value_internal":0.02788029260600276,"distribution":"{\"name\": \"FloatDistribution\", \"attributes\": {\"step\": null, \"low\": 0.0001, \"high\": 0.1, \"log\": true}}"}
{"op_code":5,"worker_id":"e0472e4b-3f09-4982-b505-0cecd1deb1ed-139952901822272","trial_id":12,"param_name":"dropout","param_value_internal":0.3152189881041234,"distribution":"{\"name\": \"FloatDistribution\", \"attributes\": {\"step\": null, \"low\": 0.0, \"high\": 0.5, \"log\": false}}"}
{"op_code":5,"worker_id":"e0472e4b-3f09-4982-b505-0cecd1deb1ed-139952901822272","trial_id":12,"param_name":"layers","param_value_internal":0,"distribution":"{\"name\": \"CategoricalDistribution\", \"attributes\": {\"choices\": [1, 2, 3]}}"}
{"op_code":5,"worker_id":"e0472e4b-3f09-4982-b505-0cecd1deb1ed-139952901822272","trial_id":12,"param_name":"nodes","param_value_internal":0,"distribution":"{\"name\": \"CategoricalDistribution\", \"attributes\": {\"choices\": [16, 32, 64]}}"}
{"op_code":6,"worker_id":"e0472e4b-3f09-4982-b505-0cecd1deb1ed-139952901822272","trial_id":12,"state":1,"values":[0.6302958506094709],"datetime_complete":"2026-03-26T11:39:54.482893"}
{"op_code":4,"worker_id":"e0472e4b-3f09-4982-b505-0cecd1deb1ed-139952901822272","study_id":0,"datetime_start":"2026-03-26T11:39:54.502591"}
{"op_code":5,"worker_id":"e0472e4b-3f09-4982-b505-0cecd1deb1ed-139952901822272","trial_id":13,"param_name":"lr","param_value_internal":0.005890860233325065,"distribution":"{\"name\": \"FloatDistribution\", \"attributes\": {\"step\": null, \"low\": 0.0001, \"high\": 0.1, \"log\": true}}"}
{"op_code":5,"worker_id":"e0472e4b-3f09-4982-b505-0cecd1deb1ed-139952901822272","trial_id":13,"param_name":"dropout","param_value_internal":0.44277950903615526,"distribution":"{\"name\": \"FloatDistribution\", \"attributes\": {\"step\": null, \"low\": 0.0, \"high\": 0.5, \"log\": false}}"}
{"op_code":5,"worker_id":"e0472e4b-3f09-4982-b505-0cecd1deb1ed-139952901822272","trial_id":13,"param_name":"layers","param_value_internal":0,"distribution":"{\"name\": \"CategoricalDistribution\", \"attributes\": {\"choices\": [1, 2, 3]}}"}
{"op_code":5,"worker_id":"e0472e4b-3f09-4982-b505-0cecd1deb1ed-139952901822272","trial_id":13,"param_name":"nodes","param_value_internal":0,"distribution":"{\"name\": \"CategoricalDistribution\", \"attributes\": {\"choices\": [16, 32, 64]}}"}
{"op_code":6,"worker_id":"e0472e4b-3f09-4982-b505-0cecd1deb1ed-139952901822272","trial_id":13,"state":1,"values":[0.6418617701156591],"datetime_complete":"2026-03-26T11:39:56.084275"}
{"op_code":4,"worker_id":"e0472e4b-3f09-4982-b505-0cecd1deb1ed-139952901822272","study_id":0,"datetime_start":"2026-03-26T11:39:56.100835"}
{"op_code":5,"worker_id":"e0472e4b-3f09-4982-b505-0cecd1deb1ed-139952901822272","trial_id":14,"param_name":"lr","param_value_internal":0.006498677907697057,"distribution":"{\"name\": \"FloatDistribution\", \"attributes\": {\"step\": null, \"low\": 0.0001, \"high\": 0.1, \"log\": true}}"}
{"op_code":5,"worker_id":"e0472e4b-3f09-4982-b505-0cecd1deb1ed-139952901822272","trial_id":14,"param_name":"dropout","param_value_internal":0.49819238336699767,"distribution":"{\"name\": \"FloatDistribution\", \"attributes\": {\"step\": null, \"low\": 0.0, \"high\": 0.5, \"log\": false}}"}
{"op_code":5,"worker_id":"e0472e4b-3f09-4982-b505-0cecd1deb1ed-139952901822272","trial_id":14,"param_name":"layers","param_value_internal":0,"distribution":"{\"name\": \"CategoricalDistribution\", \"attributes\": {\"choices\": [1, 2, 3]}}"}
{"op_code":5,"worker_id":"e0472e4b-3f09-4982-b505-0cecd1deb1ed-139952901822272","trial_id":14,"param_name":"nodes","param_value_internal":0,"distribution":"{\"name\": \"CategoricalDistribution\", \"attributes\": {\"choices\": [16, 32, 64]}}"}
{"op_code":6,"worker_id":"e0472e4b-3f09-4982-b505-0cecd1deb1ed-139952901822272","trial_id":14,"state":1,"values":[0.6383078218037846],"datetime_complete":"2026-03-26T11:39:57.691044"}
{"op_code":4,"worker_id":"e0472e4b-3f09-4982-b505-0cecd1deb1ed-139952901822272","study_id":0,"datetime_start":"2026-03-26T11:39:57.711811"}
{"op_code":5,"worker_id":"e0472e4b-3f09-4982-b505-0cecd1deb1ed-139952901822272","trial_id":15,"param_name":"lr","param_value_internal":0.004953648969094844,"distribution":"{\"name\": \"FloatDistribution\", \"attributes\": {\"step\": null, \"low\": 0.0001, \"high\": 0.1, \"log\": true}}"}
{"op_code":5,"worker_id":"e0472e4b-3f09-4982-b505-0cecd1deb1ed-139952901822272","trial_id":15,"param_name":"dropout","param_value_internal":0.4703839745105658,"distribution":"{\"name\": \"FloatDistribution\", \"attributes\": {\"step\": null, \"low\": 0.0, \"high\": 0.5, \"log\": false}}"}
{"op_code":5,"worker_id":"e0472e4b-3f09-4982-b505-0cecd1deb1ed-139952901822272","trial_id":15,"param_name":"layers","param_value_internal":2,"distribution":"{\"name\": \"CategoricalDistribution\", \"attributes\": {\"choices\": [1, 2, 3]}}"}
{"op_code":5,"worker_id":"e0472e4b-3f09-4982-b505-0cecd1deb1ed-139952901822272","trial_id":15,"param_name":"nodes","param_value_internal":0,"distribution":"{\"name\": \"CategoricalDistribution\", \"attributes\": {\"choices\": [16, 32, 64]}}"}
{"op_code":6,"worker_id":"e0472e4b-3f09-4982-b505-0cecd1deb1ed-139952901822272","trial_id":15,"state":1,"values":[0.6326027995136703],"datetime_complete":"2026-03-26T11:39:59.877669"}
{"op_code":4,"worker_id":"e0472e4b-3f09-4982-b505-0cecd1deb1ed-139952901822272","study_id":0,"datetime_start":"2026-03-26T11:39:59.908262"}
{"op_code":5,"worker_id":"e0472e4b-3f09-4982-b505-0cecd1deb1ed-139952901822272","trial_id":16,"param_name":"lr","param_value_internal":0.0120329545020987,"distribution":"{\"name\": \"FloatDistribution\", \"attributes\": {\"step\": null, \"low\": 0.0001, \"high\": 0.1, \"log\": true}}"}
{"op_code":5,"worker_id":"e0472e4b-3f09-4982-b505-0cecd1deb1ed-139952901822272","trial_id":16,"param_name":"dropout","param_value_internal":0.2919990999733657,"distribution":"{\"name\": \"FloatDistribution\", \"attributes\": {\"step\": null, \"low\": 0.0, \"high\": 0.5, \"log\": false}}"}
{"op_code":5,"worker_id":"e0472e4b-3f09-4982-b505-0cecd1deb1ed-139952901822272","trial_id":16,"param_name":"layers","param_value_internal":0,"distribution":"{\"name\": \"CategoricalDistribution\", \"attributes\": {\"choices\": [1, 2, 3]}}"}
{"op_code":5,"worker_id":"e0472e4b-3f09-4982-b505-0cecd1deb1ed-139952901822272","trial_id":16,"param_name":"nodes","param_value_internal":1,"distribution":"{\"name\": \"CategoricalDistribution\", \"attributes\": {\"choices\": [16, 32, 64]}}"}
{"op_code":6,"worker_id":"e0472e4b-3f09-4982-b505-0cecd1deb1ed-139952901822272","trial_id":16,"state":1,"values":[0.6295788259500577],"datetime_complete":"2026-03-26T11:40:01.528312"}
{"op_code":4,"worker_id":"e0472e4b-3f09-4982-b505-0cecd1deb1ed-139952901822272","study_id":0,"datetime_start":"2026-03-26T11:40:01.552630"}
{"op_code":5,"worker_id":"e0472e4b-3f09-4982-b505-0cecd1deb1ed-139952901822272","trial_id":17,"param_name":"lr","param_value_internal":0.0025008643305227,"distribution":"{\"name\": \"FloatDistribution\", \"attributes\": {\"step\": null, \"low\": 0.0001, \"high\": 0.1, \"log\": true}}"}
{"op_code":5,"worker_id":"e0472e4b-3f09-4982-b505-0cecd1deb1ed-139952901822272","trial_id":17,"param_name":"dropout","param_value_internal":0.40675588675561775,"distribution":"{\"name\": \"FloatDistribution\", \"attributes\": {\"step\": null, \"low\": 0.0, \"high\": 0.5, \"log\": false}}"}
{"op_code":5,"worker_id":"e0472e4b-3f09-4982-b505-0cecd1deb1ed-139952901822272","trial_id":17,"param_name":"layers","param_value_internal":2,"distribution":"{\"name\": \"CategoricalDistribution\", \"attributes\": {\"choices\": [1, 2, 3]}}"}
{"op_code":5,"worker_id":"e0472e4b-3f09-4982-b505-0cecd1deb1ed-139952901822272","trial_id":17,"param_name":"nodes","param_value_internal":0,"distribution":"{\"name\": \"CategoricalDistribution\", \"attributes\": {\"choices\": [16, 32, 64]}}"}
{"op_code":6,"worker_id":"e0472e4b-3f09-4982-b505-0cecd1deb1ed-139952901822272","trial_id":17,"state":1,"values":[0.6330392493063566],"datetime_complete":"2026-03-26T11:40:03.724326"}
{"op_code":4,"worker_id":"e0472e4b-3f09-4982-b505-0cecd1deb1ed-139952901822272","study_id":0,"datetime_start":"2026-03-26T11:40:03.737775"}
{"op_code":5,"worker_id":"e0472e4b-3f09-4982-b505-0cecd1deb1ed-139952901822272","trial_id":18,"param_name":"lr","param_value_internal":0.009807690392126475,"distribution":"{\"name\": \"FloatDistribution\", \"attributes\": {\"step\": null, \"low\": 0.0001, \"high\": 0.1, \"log\": true}}"}
{"op_code":5,"worker_id":"e0472e4b-3f09-4982-b505-0cecd1deb1ed-139952901822272","trial_id":18,"param_name":"dropout","param_value_internal":0.41848641352023486,"distribution":"{\"name\": \"FloatDistribution\", \"attributes\": {\"step\": null, \"low\": 0.0, \"high\": 0.5, \"log\": false}}"}
{"op_code":5,"worker_id":"e0472e4b-3f09-4982-b505-0cecd1deb1ed-139952901822272","trial_id":18,"param_name":"layers","param_value_internal":0,"distribution":"{\"name\": \"CategoricalDistribution\", \"attributes\": {\"choices\": [1, 2, 3]}}"}
{"op_code":5,"worker_id":"e0472e4b-3f09-4982-b505-0cecd1deb1ed-139952901822272","trial_id":18,"param_name":"nodes","param_value_internal":0,"distribution":"{\"name\": \"CategoricalDistribution\", \"attributes\": {\"choices\": [16, 32, 64]}}"}
{"op_code":6,"worker_id":"e0472e4b-3f09-4982-b505-0cecd1deb1ed-139952901822272","trial_id":18,"state":1,"values":[0.640303020856065],"datetime_complete":"2026-03-26T11:40:05.315180"}
{"op_code":4,"worker_id":"e0472e4b-3f09-4982-b505-0cecd1deb1ed-139952901822272","study_id":0,"datetime_start":"2026-03-26T11:40:05.329777"}
{"op_code":5,"worker_id":"e0472e4b-3f09-4982-b505-0cecd1deb1ed-139952901822272","trial_id":19,"param_name":"lr","param_value_internal":0.038959950551881804,"distribution":"{\"name\": \"FloatDistribution\", \"attributes\": {\"step\": null, \"low\": 0.0001, \"high\": 0.1, \"log\": true}}"}
{"op_code":5,"worker_id":"e0472e4b-3f09-4982-b505-0cecd1deb1ed-139952901822272","trial_id":19,"param_name":"dropout","param_value_internal":0.2676768889829111,"distribution":"{\"name\": \"FloatDistribution\", \"attributes\": {\"step\": null, \"low\": 0.0, \"high\": 0.5, \"log\": false}}"}
{"op_code":5,"worker_id":"e0472e4b-3f09-4982-b505-0cecd1deb1ed-139952901822272","trial_id":19,"param_name":"layers","param_value_internal":1,"distribution":"{\"name\": \"CategoricalDistribution\", \"attributes\": {\"choices\": [1, 2, 3]}}"}
{"op_code":5,"worker_id":"e0472e4b-3f09-4982-b505-0cecd1deb1ed-139952901822272","trial_id":19,"param_name":"nodes","param_value_internal":1,"distribution":"{\"name\": \"CategoricalDistribution\", \"attributes\": {\"choices\": [16, 32, 64]}}"}
{"op_code":6,"worker_id":"e0472e4b-3f09-4982-b505-0cecd1deb1ed-139952901822272","trial_id":19,"state":1,"values":[0.6341615487732644],"datetime_complete":"2026-03-26T11:40:07.147728"}
{"op_code":0,"worker_id":"33d9ba64-75b2-430f-8219-d880582a9e47-139699157092160","study_name":"deepsurv_tuning","directions":[2]}
{"op_code":4,"worker_id":"33d9ba64-75b2-430f-8219-d880582a9e47-139699157092160","study_id":0,"datetime_start":"2026-03-26T16:44:42.026193"}
{"op_code":5,"worker_id":"33d9ba64-75b2-430f-8219-d880582a9e47-139699157092160","trial_id":20,"param_name":"lr","param_value_internal":0.02334755230644595,"distribution":"{\"name\": \"FloatDistribution\", \"attributes\": {\"step\": null, \"low\": 0.0001, \"high\": 0.1, \"log\": true}}"}
{"op_code":5,"worker_id":"33d9ba64-75b2-430f-8219-d880582a9e47-139699157092160","trial_id":20,"param_name":"dropout","param_value_internal":0.36585789037991195,"distribution":"{\"name\": \"FloatDistribution\", \"attributes\": {\"step\": null, \"low\": 0.0, \"high\": 0.5, \"log\": false}}"}
{"op_code":5,"worker_id":"33d9ba64-75b2-430f-8219-d880582a9e47-139699157092160","trial_id":20,"param_name":"layers","param_value_internal":2,"distribution":"{\"name\": \"CategoricalDistribution\", \"attributes\": {\"choices\": [1, 2, 3]}}"}
{"op_code":5,"worker_id":"33d9ba64-75b2-430f-8219-d880582a9e47-139699157092160","trial_id":20,"param_name":"nodes","param_value_internal":0,"distribution":"{\"name\": \"CategoricalDistribution\", \"attributes\": {\"choices\": [16, 32, 64]}}"}
{"op_code":6,"worker_id":"33d9ba64-75b2-430f-8219-d880582a9e47-139699157092160","trial_id":20,"state":1,"values":[0.6309193503133086],"datetime_complete":"2026-03-26T16:44:44.155432"}
{"op_code":4,"worker_id":"33d9ba64-75b2-430f-8219-d880582a9e47-139699157092160","study_id":0,"datetime_start":"2026-03-26T16:44:44.188286"}
{"op_code":5,"worker_id":"33d9ba64-75b2-430f-8219-d880582a9e47-139699157092160","trial_id":21,"param_name":"lr","param_value_internal":0.009595987890340482,"distribution":"{\"name\": \"FloatDistribution\", \"attributes\": {\"step\": null, \"low\": 0.0001, \"high\": 0.1, \"log\": true}}"}
{"op_code":5,"worker_id":"33d9ba64-75b2-430f-8219-d880582a9e47-139699157092160","trial_id":21,"param_name":"dropout","param_value_internal":0.4219005367210145,"distribution":"{\"name\": \"FloatDistribution\", \"attributes\": {\"step\": null, \"low\": 0.0, \"high\": 0.5, \"log\": false}}"}
{"op_code":5,"worker_id":"33d9ba64-75b2-430f-8219-d880582a9e47-139699157092160","trial_id":21,"param_name":"layers","param_value_internal":0,"distribution":"{\"name\": \"CategoricalDistribution\", \"attributes\": {\"choices\": [1, 2, 3]}}"}
{"op_code":5,"worker_id":"33d9ba64-75b2-430f-8219-d880582a9e47-139699157092160","trial_id":21,"param_name":"nodes","param_value_internal":0,"distribution":"{\"name\": \"CategoricalDistribution\", \"attributes\": {\"choices\": [16, 32, 64]}}"}
{"op_code":6,"worker_id":"33d9ba64-75b2-430f-8219-d880582a9e47-139699157092160","trial_id":21,"state":1,"values":[0.6417370701748917],"datetime_complete":"2026-03-26T16:44:45.766141"}
{"op_code":4,"worker_id":"33d9ba64-75b2-430f-8219-d880582a9e47-139699157092160","study_id":0,"datetime_start":"2026-03-26T16:44:45.794158"}
{"op_code":5,"worker_id":"33d9ba64-75b2-430f-8219-d880582a9e47-139699157092160","trial_id":22,"param_name":"lr","param_value_internal":0.004804946458328322,"distribution":"{\"name\": \"FloatDistribution\", \"attributes\": {\"step\": null, \"low\": 0.0001, \"high\": 0.1, \"log\": true}}"}
{"op_code":5,"worker_id":"33d9ba64-75b2-430f-8219-d880582a9e47-139699157092160","trial_id":22,"param_name":"dropout","param_value_internal":0.43824926229652306,"distribution":"{\"name\": \"FloatDistribution\", \"attributes\": {\"step\": null, \"low\": 0.0, \"high\": 0.5, \"log\": false}}"}
{"op_code":5,"worker_id":"33d9ba64-75b2-430f-8219-d880582a9e47-139699157092160","trial_id":22,"param_name":"layers","param_value_internal":0,"distribution":"{\"name\": \"CategoricalDistribution\", \"attributes\": {\"choices\": [1, 2, 3]}}"}
{"op_code":5,"worker_id":"33d9ba64-75b2-430f-8219-d880582a9e47-139699157092160","trial_id":22,"param_name":"nodes","param_value_internal":0,"distribution":"{\"name\": \"CategoricalDistribution\", \"attributes\": {\"choices\": [16, 32, 64]}}"}
{"op_code":6,"worker_id":"33d9ba64-75b2-430f-8219-d880582a9e47-139699157092160","trial_id":22,"state":1,"values":[0.6246843532749322],"datetime_complete":"2026-03-26T16:44:47.333027"}
{"op_code":4,"worker_id":"33d9ba64-75b2-430f-8219-d880582a9e47-139699157092160","study_id":0,"datetime_start":"2026-03-26T16:44:47.370536"}
{"op_code":5,"worker_id":"33d9ba64-75b2-430f-8219-d880582a9e47-139699157092160","trial_id":23,"param_name":"lr","param_value_internal":0.08440135667662854,"distribution":"{\"name\": \"FloatDistribution\", \"attributes\": {\"step\": null, \"low\": 0.0001, \"high\": 0.1, \"log\": true}}"}
{"op_code":5,"worker_id":"33d9ba64-75b2-430f-8219-d880582a9e47-139699157092160","trial_id":23,"param_name":"dropout","param_value_internal":0.3660371664698661,"distribution":"{\"name\": \"FloatDistribution\", \"attributes\": {\"step\": null, \"low\": 0.0, \"high\": 0.5, \"log\": false}}"}
{"op_code":5,"worker_id":"33d9ba64-75b2-430f-8219-d880582a9e47-139699157092160","trial_id":23,"param_name":"layers","param_value_internal":0,"distribution":"{\"name\": \"CategoricalDistribution\", \"attributes\": {\"choices\": [1, 2, 3]}}"}
{"op_code":5,"worker_id":"33d9ba64-75b2-430f-8219-d880582a9e47-139699157092160","trial_id":23,"param_name":"nodes","param_value_internal":0,"distribution":"{\"name\": \"CategoricalDistribution\", \"attributes\": {\"choices\": [16, 32, 64]}}"}
{"op_code":6,"worker_id":"33d9ba64-75b2-430f-8219-d880582a9e47-139699157092160","trial_id":23,"state":1,"values":[0.6444804688717772],"datetime_complete":"2026-03-26T16:44:48.947795"}
{"op_code":4,"worker_id":"33d9ba64-75b2-430f-8219-d880582a9e47-139699157092160","study_id":0,"datetime_start":"2026-03-26T16:44:48.961463"}
{"op_code":5,"worker_id":"33d9ba64-75b2-430f-8219-d880582a9e47-139699157092160","trial_id":24,"param_name":"lr","param_value_internal":0.09538813465360442,"distribution":"{\"name\": \"FloatDistribution\", \"attributes\": {\"step\": null, \"low\": 0.0001, \"high\": 0.1, \"log\": true}}"}
{"op_code":5,"worker_id":"33d9ba64-75b2-430f-8219-d880582a9e47-139699157092160","trial_id":24,"param_name":"dropout","param_value_internal":0.3699281907355199,"distribution":"{\"name\": \"FloatDistribution\", \"attributes\": {\"step\": null, \"low\": 0.0, \"high\": 0.5, \"log\": false}}"}
{"op_code":5,"worker_id":"33d9ba64-75b2-430f-8219-d880582a9e47-139699157092160","trial_id":24,"param_name":"layers","param_value_internal":0,"distribution":"{\"name\": \"CategoricalDistribution\", \"attributes\": {\"choices\": [1, 2, 3]}}"}
{"op_code":5,"worker_id":"33d9ba64-75b2-430f-8219-d880582a9e47-139699157092160","trial_id":24,"param_name":"nodes","param_value_internal":0,"distribution":"{\"name\": \"CategoricalDistribution\", \"attributes\": {\"choices\": [16, 32, 64]}}"}
{"op_code":6,"worker_id":"33d9ba64-75b2-430f-8219-d880582a9e47-139699157092160","trial_id":24,"state":1,"values":[0.6415188452785485],"datetime_complete":"2026-03-26T16:44:50.502817"}
{"op_code":4,"worker_id":"33d9ba64-75b2-430f-8219-d880582a9e47-139699157092160","study_id":0,"datetime_start":"2026-03-26T16:44:50.526169"}
{"op_code":5,"worker_id":"33d9ba64-75b2-430f-8219-d880582a9e47-139699157092160","trial_id":25,"param_name":"lr","param_value_internal":0.046085055086229176,"distribution":"{\"name\": \"FloatDistribution\", \"attributes\": {\"step\": null, \"low\": 0.0001, \"high\": 0.1, \"log\": true}}"}
{"op_code":5,"worker_id":"33d9ba64-75b2-430f-8219-d880582a9e47-139699157092160","trial_id":25,"param_name":"dropout","param_value_internal":0.24835967095713432,"distribution":"{\"name\": \"FloatDistribution\", \"attributes\": {\"step\": null, \"low\": 0.0, \"high\": 0.5, \"log\": false}}"}
{"op_code":5,"worker_id":"33d9ba64-75b2-430f-8219-d880582a9e47-139699157092160","trial_id":25,"param_name":"layers","param_value_internal":0,"distribution":"{\"name\": \"CategoricalDistribution\", \"attributes\": {\"choices\": [1, 2, 3]}}"}
{"op_code":5,"worker_id":"33d9ba64-75b2-430f-8219-d880582a9e47-139699157092160","trial_id":25,"param_name":"nodes","param_value_internal":0,"distribution":"{\"name\": \"CategoricalDistribution\", \"attributes\": {\"choices\": [16, 32, 64]}}"}
{"op_code":6,"worker_id":"33d9ba64-75b2-430f-8219-d880582a9e47-139699157092160","trial_id":25,"state":1,"values":[0.6465380178944415],"datetime_complete":"2026-03-26T16:44:52.175523"}
{"op_code":4,"worker_id":"33d9ba64-75b2-430f-8219-d880582a9e47-139699157092160","study_id":0,"datetime_start":"2026-03-26T16:44:52.203844"}
{"op_code":5,"worker_id":"33d9ba64-75b2-430f-8219-d880582a9e47-139699157092160","trial_id":26,"param_name":"lr","param_value_internal":0.057998904969878806,"distribution":"{\"name\": \"FloatDistribution\", \"attributes\": {\"step\": null, \"low\": 0.0001, \"high\": 0.1, \"log\": true}}"}
{"op_code":5,"worker_id":"33d9ba64-75b2-430f-8219-d880582a9e47-139699157092160","trial_id":26,"param_name":"dropout","param_value_internal":0.23589455412307864,"distribution":"{\"name\": \"FloatDistribution\", \"attributes\": {\"step\": null, \"low\": 0.0, \"high\": 0.5, \"log\": false}}"}
{"op_code":5,"worker_id":"33d9ba64-75b2-430f-8219-d880582a9e47-139699157092160","trial_id":26,"param_name":"layers","param_value_internal":0,"distribution":"{\"name\": \"CategoricalDistribution\", \"attributes\": {\"choices\": [1, 2, 3]}}"}
{"op_code":5,"worker_id":"33d9ba64-75b2-430f-8219-d880582a9e47-139699157092160","trial_id":26,"param_name":"nodes","param_value_internal":0,"distribution":"{\"name\": \"CategoricalDistribution\", \"attributes\": {\"choices\": [16, 32, 64]}}"}
{"op_code":6,"worker_id":"33d9ba64-75b2-430f-8219-d880582a9e47-139699157092160","trial_id":26,"state":1,"values":[0.6315740250023382],"datetime_complete":"2026-03-26T16:44:53.794456"}
{"op_code":4,"worker_id":"33d9ba64-75b2-430f-8219-d880582a9e47-139699157092160","study_id":0,"datetime_start":"2026-03-26T16:44:53.826910"}
{"op_code":5,"worker_id":"33d9ba64-75b2-430f-8219-d880582a9e47-139699157092160","trial_id":27,"param_name":"lr","param_value_internal":0.06222866567620273,"distribution":"{\"name\": \"FloatDistribution\", \"attributes\": {\"step\": null, \"low\": 0.0001, \"high\": 0.1, \"log\": true}}"}
{"op_code":5,"worker_id":"33d9ba64-75b2-430f-8219-d880582a9e47-139699157092160","trial_id":27,"param_name":"dropout","param_value_internal":0.2652045812936763,"distribution":"{\"name\": \"FloatDistribution\", \"attributes\": {\"step\": null, \"low\": 0.0, \"high\": 0.5, \"log\": false}}"}
{"op_code":5,"worker_id":"33d9ba64-75b2-430f-8219-d880582a9e47-139699157092160","trial_id":27,"param_name":"layers","param_value_internal":1,"distribution":"{\"name\": \"CategoricalDistribution\", \"attributes\": {\"choices\": [1, 2, 3]}}"}
{"op_code":5,"worker_id":"33d9ba64-75b2-430f-8219-d880582a9e47-139699157092160","trial_id":27,"param_name":"nodes","param_value_internal":0,"distribution":"{\"name\": \"CategoricalDistribution\", \"attributes\": {\"choices\": [16, 32, 64]}}"}
{"op_code":6,"worker_id":"33d9ba64-75b2-430f-8219-d880582a9e47-139699157092160","trial_id":27,"state":1,"values":[0.6412382704118216],"datetime_complete":"2026-03-26T16:44:55.667819"}
{"op_code":4,"worker_id":"33d9ba64-75b2-430f-8219-d880582a9e47-139699157092160","study_id":0,"datetime_start":"2026-03-26T16:44:55.690977"}
{"op_code":5,"worker_id":"33d9ba64-75b2-430f-8219-d880582a9e47-139699157092160","trial_id":28,"param_name":"lr","param_value_internal":0.03239451308686017,"distribution":"{\"name\": \"FloatDistribution\", \"attributes\": {\"step\": null, \"low\": 0.0001, \"high\": 0.1, \"log\": true}}"}
{"op_code":5,"worker_id":"33d9ba64-75b2-430f-8219-d880582a9e47-139699157092160","trial_id":28,"param_name":"dropout","param_value_internal":0.318114195917683,"distribution":"{\"name\": \"FloatDistribution\", \"attributes\": {\"step\": null, \"low\": 0.0, \"high\": 0.5, \"log\": false}}"}
{"op_code":5,"worker_id":"33d9ba64-75b2-430f-8219-d880582a9e47-139699157092160","trial_id":28,"param_name":"layers","param_value_internal":0,"distribution":"{\"name\": \"CategoricalDistribution\", \"attributes\": {\"choices\": [1, 2, 3]}}"}
{"op_code":5,"worker_id":"33d9ba64-75b2-430f-8219-d880582a9e47-139699157092160","trial_id":28,"param_name":"nodes","param_value_internal":1,"distribution":"{\"name\": \"CategoricalDistribution\", \"attributes\": {\"choices\": [16, 32, 64]}}"}
{"op_code":6,"worker_id":"33d9ba64-75b2-430f-8219-d880582a9e47-139699157092160","trial_id":28,"state":1,"values":[0.6354085481809396],"datetime_complete":"2026-03-26T16:44:57.270954"}
{"op_code":4,"worker_id":"33d9ba64-75b2-430f-8219-d880582a9e47-139699157092160","study_id":0,"datetime_start":"2026-03-26T16:44:57.309414"}
{"op_code":5,"worker_id":"33d9ba64-75b2-430f-8219-d880582a9e47-139699157092160","trial_id":29,"param_name":"lr","param_value_internal":0.018819752968749538,"distribution":"{\"name\": \"FloatDistribution\", \"attributes\": {\"step\": null, \"low\": 0.0001, \"high\": 0.1, \"log\": true}}"}
{"op_code":5,"worker_id":"33d9ba64-75b2-430f-8219-d880582a9e47-139699157092160","trial_id":29,"param_name":"dropout","param_value_internal":0.19388733097748187,"distribution":"{\"name\": \"FloatDistribution\", \"attributes\": {\"step\": null, \"low\": 0.0, \"high\": 0.5, \"log\": false}}"}
{"op_code":5,"worker_id":"33d9ba64-75b2-430f-8219-d880582a9e47-139699157092160","trial_id":29,"param_name":"layers","param_value_internal":2,"distribution":"{\"name\": \"CategoricalDistribution\", \"attributes\": {\"choices\": [1, 2, 3]}}"}
{"op_code":5,"worker_id":"33d9ba64-75b2-430f-8219-d880582a9e47-139699157092160","trial_id":29,"param_name":"nodes","param_value_internal":2,"distribution":"{\"name\": \"CategoricalDistribution\", \"attributes\": {\"choices\": [16, 32, 64]}}"}
{"op_code":6,"worker_id":"33d9ba64-75b2-430f-8219-d880582a9e47-139699157092160","trial_id":29,"state":1,"values":[0.6327274994544377],"datetime_complete":"2026-03-26T16:44:59.425227"}
{"op_code":4,"worker_id":"33d9ba64-75b2-430f-8219-d880582a9e47-139699157092160","study_id":0,"datetime_start":"2026-03-26T16:44:59.444747"}
{"op_code":5,"worker_id":"33d9ba64-75b2-430f-8219-d880582a9e47-139699157092160","trial_id":30,"param_name":"lr","param_value_internal":0.0979652778960549,"distribution":"{\"name\": \"FloatDistribution\", \"attributes\": {\"step\": null, \"low\": 0.0001, \"high\": 0.1, \"log\": true}}"}
{"op_code":5,"worker_id":"33d9ba64-75b2-430f-8219-d880582a9e47-139699157092160","trial_id":30,"param_name":"dropout","param_value_internal":0.11854364707281925,"distribution":"{\"name\": \"FloatDistribution\", \"attributes\": {\"step\": null, \"low\": 0.0, \"high\": 0.5, \"log\": false}}"}
{"op_code":5,"worker_id":"33d9ba64-75b2-430f-8219-d880582a9e47-139699157092160","trial_id":30,"param_name":"layers","param_value_internal":2,"distribution":"{\"name\": \"CategoricalDistribution\", \"attributes\": {\"choices\": [1, 2, 3]}}"}
{"op_code":5,"worker_id":"33d9ba64-75b2-430f-8219-d880582a9e47-139699157092160","trial_id":30,"param_name":"nodes","param_value_internal":2,"distribution":"{\"name\": \"CategoricalDistribution\", \"attributes\": {\"choices\": [16, 32, 64]}}"}
{"op_code":6,"worker_id":"33d9ba64-75b2-430f-8219-d880582a9e47-139699157092160","trial_id":30,"state":1,"values":[0.6309193503133086],"datetime_complete":"2026-03-26T16:45:01.561161"}
{"op_code":4,"worker_id":"33d9ba64-75b2-430f-8219-d880582a9e47-139699157092160","study_id":0,"datetime_start":"2026-03-26T16:45:01.579425"}
{"op_code":5,"worker_id":"33d9ba64-75b2-430f-8219-d880582a9e47-139699157092160","trial_id":31,"param_name":"lr","param_value_internal":0.01553505201363017,"distribution":"{\"name\": \"FloatDistribution\", \"attributes\": {\"step\": null, \"low\": 0.0001, \"high\": 0.1, \"log\": true}}"}
{"op_code":5,"worker_id":"33d9ba64-75b2-430f-8219-d880582a9e47-139699157092160","trial_id":31,"param_name":"dropout","param_value_internal":0.3873537418575831,"distribution":"{\"name\": \"FloatDistribution\", \"attributes\": {\"step\": null, \"low\": 0.0, \"high\": 0.5, \"log\": false}}"}
{"op_code":5,"worker_id":"33d9ba64-75b2-430f-8219-d880582a9e47-139699157092160","trial_id":31,"param_name":"layers","param_value_internal":0,"distribution":"{\"name\": \"CategoricalDistribution\", \"attributes\": {\"choices\": [1, 2, 3]}}"}
{"op_code":5,"worker_id":"33d9ba64-75b2-430f-8219-d880582a9e47-139699157092160","trial_id":31,"param_name":"nodes","param_value_internal":0,"distribution":"{\"name\": \"CategoricalDistribution\", \"attributes\": {\"choices\": [16, 32, 64]}}"}
{"op_code":6,"worker_id":"33d9ba64-75b2-430f-8219-d880582a9e47-139699157092160","trial_id":31,"state":1,"values":[0.6433893443900615],"datetime_complete":"2026-03-26T16:45:03.138353"}
{"op_code":4,"worker_id":"33d9ba64-75b2-430f-8219-d880582a9e47-139699157092160","study_id":0,"datetime_start":"2026-03-26T16:45:03.154369"}
{"op_code":5,"worker_id":"33d9ba64-75b2-430f-8219-d880582a9e47-139699157092160","trial_id":32,"param_name":"lr","param_value_internal":0.01624565982172729,"distribution":"{\"name\": \"FloatDistribution\", \"attributes\": {\"step\": null, \"low\": 0.0001, \"high\": 0.1, \"log\": true}}"}
{"op_code":5,"worker_id":"33d9ba64-75b2-430f-8219-d880582a9e47-139699157092160","trial_id":32,"param_name":"dropout","param_value_internal":0.3316690287320302,"distribution":"{\"name\": \"FloatDistribution\", \"attributes\": {\"step\": null, \"low\": 0.0, \"high\": 0.5, \"log\": false}}"}
{"op_code":5,"worker_id":"33d9ba64-75b2-430f-8219-d880582a9e47-139699157092160","trial_id":32,"param_name":"layers","param_value_internal":0,"distribution":"{\"name\": \"CategoricalDistribution\", \"attributes\": {\"choices\": [1, 2, 3]}}"}
{"op_code":5,"worker_id":"33d9ba64-75b2-430f-8219-d880582a9e47-139699157092160","trial_id":32,"param_name":"nodes","param_value_internal":0,"distribution":"{\"name\": \"CategoricalDistribution\", \"attributes\": {\"choices\": [16, 32, 64]}}"}
{"op_code":6,"worker_id":"33d9ba64-75b2-430f-8219-d880582a9e47-139699157092160","trial_id":32,"state":1,"values":[0.6304829005206223],"datetime_complete":"2026-03-26T16:45:04.721636"}
{"op_code":4,"worker_id":"33d9ba64-75b2-430f-8219-d880582a9e47-139699157092160","study_id":0,"datetime_start":"2026-03-26T16:45:04.862895"}
{"op_code":5,"worker_id":"33d9ba64-75b2-430f-8219-d880582a9e47-139699157092160","trial_id":33,"param_name":"lr","param_value_internal":0.04762885983686013,"distribution":"{\"name\": \"FloatDistribution\", \"attributes\": {\"step\": null, \"low\": 0.0001, \"high\": 0.1, \"log\": true}}"}
{"op_code":5,"worker_id":"33d9ba64-75b2-430f-8219-d880582a9e47-139699157092160","trial_id":33,"param_name":"dropout","param_value_internal":0.38176577035956843,"distribution":"{\"name\": \"FloatDistribution\", \"attributes\": {\"step\": null, \"low\": 0.0, \"high\": 0.5, \"log\": false}}"}
{"op_code":5,"worker_id":"33d9ba64-75b2-430f-8219-d880582a9e47-139699157092160","trial_id":33,"param_name":"layers","param_value_internal":0,"distribution":"{\"name\": \"CategoricalDistribution\", \"attributes\": {\"choices\": [1, 2, 3]}}"}
{"op_code":5,"worker_id":"33d9ba64-75b2-430f-8219-d880582a9e47-139699157092160","trial_id":33,"param_name":"nodes","param_value_internal":0,"distribution":"{\"name\": \"CategoricalDistribution\", \"attributes\": {\"choices\": [16, 32, 64]}}"}
{"op_code":6,"worker_id":"33d9ba64-75b2-430f-8219-d880582a9e47-139699157092160","trial_id":33,"state":1,"values":[0.6410823954858621],"datetime_complete":"2026-03-26T16:45:06.474924"}
{"op_code":4,"worker_id":"33d9ba64-75b2-430f-8219-d880582a9e47-139699157092160","study_id":0,"datetime_start":"2026-03-26T16:45:06.498841"}
{"op_code":5,"worker_id":"33d9ba64-75b2-430f-8219-d880582a9e47-139699157092160","trial_id":34,"param_name":"lr","param_value_internal":0.02931437923443719,"distribution":"{\"name\": \"FloatDistribution\", \"attributes\": {\"step\": null, \"low\": 0.0001, \"high\": 0.1, \"log\": true}}"}
{"op_code":5,"worker_id":"33d9ba64-75b2-430f-8219-d880582a9e47-139699157092160","trial_id":34,"param_name":"dropout","param_value_internal":0.15088489035391112,"distribution":"{\"name\": \"FloatDistribution\", \"attributes\": {\"step\": null, \"low\": 0.0, \"high\": 0.5, \"log\": false}}"}
{"op_code":5,"worker_id":"33d9ba64-75b2-430f-8219-d880582a9e47-139699157092160","trial_id":34,"param_name":"layers","param_value_internal":0,"distribution":"{\"name\": \"CategoricalDistribution\", \"attributes\": {\"choices\": [1, 2, 3]}}"}
{"op_code":5,"worker_id":"33d9ba64-75b2-430f-8219-d880582a9e47-139699157092160","trial_id":34,"param_name":"nodes","param_value_internal":0,"distribution":"{\"name\": \"CategoricalDistribution\", \"attributes\": {\"choices\": [16, 32, 64]}}"}
{"op_code":6,"worker_id":"33d9ba64-75b2-430f-8219-d880582a9e47-139699157092160","trial_id":34,"state":1,"values":[0.6422670449231537],"datetime_complete":"2026-03-26T16:45:08.059348"}
{"op_code":4,"worker_id":"33d9ba64-75b2-430f-8219-d880582a9e47-139699157092160","study_id":0,"datetime_start":"2026-03-26T16:45:08.599062"}
{"op_code":5,"worker_id":"33d9ba64-75b2-430f-8219-d880582a9e47-139699157092160","trial_id":35,"param_name":"lr","param_value_internal":0.06502307753309745,"distribution":"{\"name\": \"FloatDistribution\", \"attributes\": {\"step\": null, \"low\": 0.0001, \"high\": 0.1, \"log\": true}}"}
{"op_code":5,"worker_id":"33d9ba64-75b2-430f-8219-d880582a9e47-139699157092160","trial_id":35,"param_name":"dropout","param_value_internal":0.24390157935504628,"distribution":"{\"name\": \"FloatDistribution\", \"attributes\": {\"step\": null, \"low\": 0.0, \"high\": 0.5, \"log\": false}}"}
{"op_code":5,"worker_id":"33d9ba64-75b2-430f-8219-d880582a9e47-139699157092160","trial_id":35,"param_name":"layers","param_value_internal":0,"distribution":"{\"name\": \"CategoricalDistribution\", \"attributes\": {\"choices\": [1, 2, 3]}}"}
{"op_code":5,"worker_id":"33d9ba64-75b2-430f-8219-d880582a9e47-139699157092160","trial_id":35,"param_name":"nodes","param_value_internal":0,"distribution":"{\"name\": \"CategoricalDistribution\", \"attributes\": {\"choices\": [16, 32, 64]}}"}
{"op_code":6,"worker_id":"33d9ba64-75b2-430f-8219-d880582a9e47-139699157092160","trial_id":35,"state":1,"values":[0.6495308164728621],"datetime_complete":"2026-03-26T16:45:10.795512"}
{"op_code":4,"worker_id":"33d9ba64-75b2-430f-8219-d880582a9e47-139699157092160","study_id":0,"datetime_start":"2026-03-26T16:45:10.818578"}
{"op_code":5,"worker_id":"33d9ba64-75b2-430f-8219-d880582a9e47-139699157092160","trial_id":36,"param_name":"lr","param_value_internal":0.06022909052854066,"distribution":"{\"name\": \"FloatDistribution\", \"attributes\": {\"step\": null, \"low\": 0.0001, \"high\": 0.1, \"log\": true}}"}
{"op_code":5,"worker_id":"33d9ba64-75b2-430f-8219-d880582a9e47-139699157092160","trial_id":36,"param_name":"dropout","param_value_internal":0.22807330253893865,"distribution":"{\"name\": \"FloatDistribution\", \"attributes\": {\"step\": null, \"low\": 0.0, \"high\": 0.5, \"log\": false}}"}
{"op_code":5,"worker_id":"33d9ba64-75b2-430f-8219-d880582a9e47-139699157092160","trial_id":36,"param_name":"layers","param_value_internal":2,"distribution":"{\"name\": \"CategoricalDistribution\", \"attributes\": {\"choices\": [1, 2, 3]}}"}
{"op_code":5,"worker_id":"33d9ba64-75b2-430f-8219-d880582a9e47-139699157092160","trial_id":36,"param_name":"nodes","param_value_internal":1,"distribution":"{\"name\": \"CategoricalDistribution\", \"attributes\": {\"choices\": [16, 32, 64]}}"}
{"op_code":6,"worker_id":"33d9ba64-75b2-430f-8219-d880582a9e47-139699157092160","trial_id":36,"state":1,"values":[0.648782616828257],"datetime_complete":"2026-03-26T16:45:12.926418"}
{"op_code":4,"worker_id":"33d9ba64-75b2-430f-8219-d880582a9e47-139699157092160","study_id":0,"datetime_start":"2026-03-26T16:45:12.945370"}
{"op_code":5,"worker_id":"33d9ba64-75b2-430f-8219-d880582a9e47-139699157092160","trial_id":37,"param_name":"lr","param_value_internal":0.03804282966895672,"distribution":"{\"name\": \"FloatDistribution\", \"attributes\": {\"step\": null, \"low\": 0.0001, \"high\": 0.1, \"log\": true}}"}
{"op_code":5,"worker_id":"33d9ba64-75b2-430f-8219-d880582a9e47-139699157092160","trial_id":37,"param_name":"dropout","param_value_internal":0.2295821151241892,"distribution":"{\"name\": \"FloatDistribution\", \"attributes\": {\"step\": null, \"low\": 0.0, \"high\": 0.5, \"log\": false}}"}
{"op_code":5,"worker_id":"33d9ba64-75b2-430f-8219-d880582a9e47-139699157092160","trial_id":37,"param_name":"layers","param_value_internal":2,"distribution":"{\"name\": \"CategoricalDistribution\", \"attributes\": {\"choices\": [1, 2, 3]}}"}
{"op_code":5,"worker_id":"33d9ba64-75b2-430f-8219-d880582a9e47-139699157092160","trial_id":37,"param_name":"nodes","param_value_internal":1,"distribution":"{\"name\": \"CategoricalDistribution\", \"attributes\": {\"choices\": [16, 32, 64]}}"}
{"op_code":6,"worker_id":"33d9ba64-75b2-430f-8219-d880582a9e47-139699157092160","trial_id":37,"state":1,"values":[0.6501543161766998],"datetime_complete":"2026-03-26T16:45:15.089946"}
{"op_code":4,"worker_id":"33d9ba64-75b2-430f-8219-d880582a9e47-139699157092160","study_id":0,"datetime_start":"2026-03-26T16:45:15.106651"}
{"op_code":5,"worker_id":"33d9ba64-75b2-430f-8219-d880582a9e47-139699157092160","trial_id":38,"param_name":"lr","param_value_internal":0.06555259745455079,"distribution":"{\"name\": \"FloatDistribution\", \"attributes\": {\"step\": null, \"low\": 0.0001, \"high\": 0.1, \"log\": true}}"}
{"op_code":5,"worker_id":"33d9ba64-75b2-430f-8219-d880582a9e47-139699157092160","trial_id":38,"param_name":"dropout","param_value_internal":0.17686652233528177,"distribution":"{\"name\": \"FloatDistribution\", \"attributes\": {\"step\": null, \"low\": 0.0, \"high\": 0.5, \"log\": false}}"}
{"op_code":5,"worker_id":"33d9ba64-75b2-430f-8219-d880582a9e47-139699157092160","trial_id":38,"param_name":"layers","param_value_internal":2,"distribution":"{\"name\": \"CategoricalDistribution\", \"attributes\": {\"choices\": [1, 2, 3]}}"}
{"op_code":5,"worker_id":"33d9ba64-75b2-430f-8219-d880582a9e47-139699157092160","trial_id":38,"param_name":"nodes","param_value_internal":1,"distribution":"{\"name\": \"CategoricalDistribution\", \"attributes\": {\"choices\": [16, 32, 64]}}"}
{"op_code":6,"worker_id":"33d9ba64-75b2-430f-8219-d880582a9e47-139699157092160","trial_id":38,"state":1,"values":[0.6404588957820245],"datetime_complete":"2026-03-26T16:45:17.164736"}
{"op_code":4,"worker_id":"33d9ba64-75b2-430f-8219-d880582a9e47-139699157092160","study_id":0,"datetime_start":"2026-03-26T16:45:17.253523"}
{"op_code":5,"worker_id":"33d9ba64-75b2-430f-8219-d880582a9e47-139699157092160","trial_id":39,"param_name":"lr","param_value_internal":0.02401244073269094,"distribution":"{\"name\": \"FloatDistribution\", \"attributes\": {\"step\": null, \"low\": 0.0001, \"high\": 0.1, \"log\": true}}"}
{"op_code":5,"worker_id":"33d9ba64-75b2-430f-8219-d880582a9e47-139699157092160","trial_id":39,"param_name":"dropout","param_value_internal":0.22237283160985277,"distribution":"{\"name\": \"FloatDistribution\", \"attributes\": {\"step\": null, \"low\": 0.0, \"high\": 0.5, \"log\": false}}"}
{"op_code":5,"worker_id":"33d9ba64-75b2-430f-8219-d880582a9e47-139699157092160","trial_id":39,"param_name":"layers","param_value_internal":2,"distribution":"{\"name\": \"CategoricalDistribution\", \"attributes\": {\"choices\": [1, 2, 3]}}"}
{"op_code":5,"worker_id":"33d9ba64-75b2-430f-8219-d880582a9e47-139699157092160","trial_id":39,"param_name":"nodes","param_value_internal":1,"distribution":"{\"name\": \"CategoricalDistribution\", \"attributes\": {\"choices\": [16, 32, 64]}}"}
{"op_code":6,"worker_id":"33d9ba64-75b2-430f-8219-d880582a9e47-139699157092160","trial_id":39,"state":1,"values":[0.6518689403622533],"datetime_complete":"2026-03-26T16:45:19.353688"}
{"op_code":0,"worker_id":"463c6042-40bb-4682-9ad1-9d4a65e6023c-140252871579456","study_name":"deepsurv_tuning","directions":[2]}
{"op_code":4,"worker_id":"463c6042-40bb-4682-9ad1-9d4a65e6023c-140252871579456","study_id":0,"datetime_start":"2026-03-30T11:18:58.396057"}
{"op_code":5,"worker_id":"463c6042-40bb-4682-9ad1-9d4a65e6023c-140252871579456","trial_id":40,"param_name":"lr","param_value_internal":0.00013004083550578893,"distribution":"{\"name\": \"FloatDistribution\", \"attributes\": {\"step\": null, \"low\": 0.0001, \"high\": 0.1, \"log\": true}}"}
{"op_code":5,"worker_id":"463c6042-40bb-4682-9ad1-9d4a65e6023c-140252871579456","trial_id":40,"param_name":"dropout","param_value_internal":0.15564199582743365,"distribution":"{\"name\": \"FloatDistribution\", \"attributes\": {\"step\": null, \"low\": 0.0, \"high\": 0.5, \"log\": false}}"}
{"op_code":5,"worker_id":"463c6042-40bb-4682-9ad1-9d4a65e6023c-140252871579456","trial_id":40,"param_name":"layers","param_value_internal":2,"distribution":"{\"name\": \"CategoricalDistribution\", \"attributes\": {\"choices\": [1, 2, 3]}}"}
{"op_code":5,"worker_id":"463c6042-40bb-4682-9ad1-9d4a65e6023c-140252871579456","trial_id":40,"param_name":"nodes","param_value_internal":1,"distribution":"{\"name\": \"CategoricalDistribution\", \"attributes\": {\"choices\": [16, 32, 64]}}"}
{"op_code":6,"worker_id":"463c6042-40bb-4682-9ad1-9d4a65e6023c-140252871579456","trial_id":40,"state":1,"values":[0.563955482121146],"datetime_complete":"2026-03-30T11:19:00.070569"}
{"op_code":4,"worker_id":"463c6042-40bb-4682-9ad1-9d4a65e6023c-140252871579456","study_id":0,"datetime_start":"2026-03-30T11:19:00.099686"}
{"op_code":5,"worker_id":"463c6042-40bb-4682-9ad1-9d4a65e6023c-140252871579456","trial_id":41,"param_name":"lr","param_value_internal":0.024969653524829626,"distribution":"{\"name\": \"FloatDistribution\", \"attributes\": {\"step\": null, \"low\": 0.0001, \"high\": 0.1, \"log\": true}}"}
{"op_code":5,"worker_id":"463c6042-40bb-4682-9ad1-9d4a65e6023c-140252871579456","trial_id":41,"param_name":"dropout","param_value_internal":0.22412223327981196,"distribution":"{\"name\": \"FloatDistribution\", \"attributes\": {\"step\": null, \"low\": 0.0, \"high\": 0.5, \"log\": false}}"}
{"op_code":5,"worker_id":"463c6042-40bb-4682-9ad1-9d4a65e6023c-140252871579456","trial_id":41,"param_name":"layers","param_value_internal":2,"distribution":"{\"name\": \"CategoricalDistribution\", \"attributes\": {\"choices\": [1, 2, 3]}}"}
{"op_code":5,"worker_id":"463c6042-40bb-4682-9ad1-9d4a65e6023c-140252871579456","trial_id":41,"param_name":"nodes","param_value_internal":1,"distribution":"{\"name\": \"CategoricalDistribution\", \"attributes\": {\"choices\": [16, 32, 64]}}"}
{"op_code":6,"worker_id":"463c6042-40bb-4682-9ad1-9d4a65e6023c-140252871579456","trial_id":41,"state":1,"values":[0.6442310689902422],"datetime_complete":"2026-03-30T11:19:01.942103"}
{"op_code":4,"worker_id":"463c6042-40bb-4682-9ad1-9d4a65e6023c-140252871579456","study_id":0,"datetime_start":"2026-03-30T11:19:01.959407"}
{"op_code":5,"worker_id":"463c6042-40bb-4682-9ad1-9d4a65e6023c-140252871579456","trial_id":42,"param_name":"lr","param_value_internal":0.001208285987603757,"distribution":"{\"name\": \"FloatDistribution\", \"attributes\": {\"step\": null, \"low\": 0.0001, \"high\": 0.1, \"log\": true}}"}
{"op_code":5,"worker_id":"463c6042-40bb-4682-9ad1-9d4a65e6023c-140252871579456","trial_id":42,"param_name":"dropout","param_value_internal":0.2101532586241071,"distribution":"{\"name\": \"FloatDistribution\", \"attributes\": {\"step\": null, \"low\": 0.0, \"high\": 0.5, \"log\": false}}"}
{"op_code":5,"worker_id":"463c6042-40bb-4682-9ad1-9d4a65e6023c-140252871579456","trial_id":42,"param_name":"layers","param_value_internal":2,"distribution":"{\"name\": \"CategoricalDistribution\", \"attributes\": {\"choices\": [1, 2, 3]}}"}
{"op_code":5,"worker_id":"463c6042-40bb-4682-9ad1-9d4a65e6023c-140252871579456","trial_id":42,"param_name":"nodes","param_value_internal":1,"distribution":"{\"name\": \"CategoricalDistribution\", \"attributes\": {\"choices\": [16, 32, 64]}}"}
{"op_code":6,"worker_id":"463c6042-40bb-4682-9ad1-9d4a65e6023c-140252871579456","trial_id":42,"state":1,"values":[0.6237491037191757],"datetime_complete":"2026-03-30T11:19:03.637934"}
{"op_code":4,"worker_id":"463c6042-40bb-4682-9ad1-9d4a65e6023c-140252871579456","study_id":0,"datetime_start":"2026-03-30T11:19:03.654159"}
{"op_code":5,"worker_id":"463c6042-40bb-4682-9ad1-9d4a65e6023c-140252871579456","trial_id":43,"param_name":"lr","param_value_internal":0.03725307582432804,"distribution":"{\"name\": \"FloatDistribution\", \"attributes\": {\"step\": null, \"low\": 0.0001, \"high\": 0.1, \"log\": true}}"}
{"op_code":5,"worker_id":"463c6042-40bb-4682-9ad1-9d4a65e6023c-140252871579456","trial_id":43,"param_name":"dropout","param_value_internal":0.2794931268456221,"distribution":"{\"name\": \"FloatDistribution\", \"attributes\": {\"step\": null, \"low\": 0.0, \"high\": 0.5, \"log\": false}}"}
{"op_code":5,"worker_id":"463c6042-40bb-4682-9ad1-9d4a65e6023c-140252871579456","trial_id":43,"param_name":"layers","param_value_internal":2,"distribution":"{\"name\": \"CategoricalDistribution\", \"attributes\": {\"choices\": [1, 2, 3]}}"}
{"op_code":5,"worker_id":"463c6042-40bb-4682-9ad1-9d4a65e6023c-140252871579456","trial_id":43,"param_name":"nodes","param_value_internal":1,"distribution":"{\"name\": \"CategoricalDistribution\", \"attributes\": {\"choices\": [16, 32, 64]}}"}
{"op_code":6,"worker_id":"463c6042-40bb-4682-9ad1-9d4a65e6023c-140252871579456","trial_id":43,"state":1,"values":[0.6461015681017551],"datetime_complete":"2026-03-30T11:19:05.305246"}
{"op_code":4,"worker_id":"463c6042-40bb-4682-9ad1-9d4a65e6023c-140252871579456","study_id":0,"datetime_start":"2026-03-30T11:19:05.341754"}
{"op_code":5,"worker_id":"463c6042-40bb-4682-9ad1-9d4a65e6023c-140252871579456","trial_id":44,"param_name":"lr","param_value_internal":0.00032362274566712145,"distribution":"{\"name\": \"FloatDistribution\", \"attributes\": {\"step\": null, \"low\": 0.0001, \"high\": 0.1, \"log\": true}}"}
{"op_code":5,"worker_id":"463c6042-40bb-4682-9ad1-9d4a65e6023c-140252871579456","trial_id":44,"param_name":"dropout","param_value_internal":0.09330795824514415,"distribution":"{\"name\": \"FloatDistribution\", \"attributes\": {\"step\": null, \"low\": 0.0, \"high\": 0.5, \"log\": false}}"}
{"op_code":5,"worker_id":"463c6042-40bb-4682-9ad1-9d4a65e6023c-140252871579456","trial_id":44,"param_name":"layers","param_value_internal":2,"distribution":"{\"name\": \"CategoricalDistribution\", \"attributes\": {\"choices\": [1, 2, 3]}}"}
{"op_code":5,"worker_id":"463c6042-40bb-4682-9ad1-9d4a65e6023c-140252871579456","trial_id":44,"param_name":"nodes","param_value_internal":1,"distribution":"{\"name\": \"CategoricalDistribution\", \"attributes\": {\"choices\": [16, 32, 64]}}"}
{"op_code":6,"worker_id":"463c6042-40bb-4682-9ad1-9d4a65e6023c-140252871579456","trial_id":44,"state":1,"values":[0.6053246874707735],"datetime_complete":"2026-03-30T11:19:07.174037"}
{"op_code":4,"worker_id":"463c6042-40bb-4682-9ad1-9d4a65e6023c-140252871579456","study_id":0,"datetime_start":"2026-03-30T11:19:07.197382"}
{"op_code":5,"worker_id":"463c6042-40bb-4682-9ad1-9d4a65e6023c-140252871579456","trial_id":45,"param_name":"lr","param_value_internal":0.06278128636500967,"distribution":"{\"name\": \"FloatDistribution\", \"attributes\": {\"step\": null, \"low\": 0.0001, \"high\": 0.1, \"log\": true}}"}
{"op_code":5,"worker_id":"463c6042-40bb-4682-9ad1-9d4a65e6023c-140252871579456","trial_id":45,"param_name":"dropout","param_value_internal":0.18592607211026616,"distribution":"{\"name\": \"FloatDistribution\", \"attributes\": {\"step\": null, \"low\": 0.0, \"high\": 0.5, \"log\": false}}"}
{"op_code":5,"worker_id":"463c6042-40bb-4682-9ad1-9d4a65e6023c-140252871579456","trial_id":45,"param_name":"layers","param_value_internal":2,"distribution":"{\"name\": \"CategoricalDistribution\", \"attributes\": {\"choices\": [1, 2, 3]}}"}
{"op_code":5,"worker_id":"463c6042-40bb-4682-9ad1-9d4a65e6023c-140252871579456","trial_id":45,"param_name":"nodes","param_value_internal":1,"distribution":"{\"name\": \"CategoricalDistribution\", \"attributes\": {\"choices\": [16, 32, 64]}}"}
{"op_code":6,"worker_id":"463c6042-40bb-4682-9ad1-9d4a65e6023c-140252871579456","trial_id":45,"state":1,"values":[0.644823393708888],"datetime_complete":"2026-03-30T11:19:08.889324"}
{"op_code":4,"worker_id":"463c6042-40bb-4682-9ad1-9d4a65e6023c-140252871579456","study_id":0,"datetime_start":"2026-03-30T11:19:08.909621"}
{"op_code":5,"worker_id":"463c6042-40bb-4682-9ad1-9d4a65e6023c-140252871579456","trial_id":46,"param_name":"lr","param_value_internal":0.021872322633044523,"distribution":"{\"name\": \"FloatDistribution\", \"attributes\": {\"step\": null, \"low\": 0.0001, \"high\": 0.1, \"log\": true}}"}
{"op_code":5,"worker_id":"463c6042-40bb-4682-9ad1-9d4a65e6023c-140252871579456","trial_id":46,"param_name":"dropout","param_value_internal":0.13948536875437106,"distribution":"{\"name\": \"FloatDistribution\", \"attributes\": {\"step\": null, \"low\": 0.0, \"high\": 0.5, \"log\": false}}"}
{"op_code":5,"worker_id":"463c6042-40bb-4682-9ad1-9d4a65e6023c-140252871579456","trial_id":46,"param_name":"layers","param_value_internal":2,"distribution":"{\"name\": \"CategoricalDistribution\", \"attributes\": {\"choices\": [1, 2, 3]}}"}
{"op_code":5,"worker_id":"463c6042-40bb-4682-9ad1-9d4a65e6023c-140252871579456","trial_id":46,"param_name":"nodes","param_value_internal":1,"distribution":"{\"name\": \"CategoricalDistribution\", \"attributes\": {\"choices\": [16, 32, 64]}}"}
{"op_code":6,"worker_id":"463c6042-40bb-4682-9ad1-9d4a65e6023c-140252871579456","trial_id":46,"state":1,"values":[0.6349720983882533],"datetime_complete":"2026-03-30T11:19:10.576652"}
{"op_code":4,"worker_id":"463c6042-40bb-4682-9ad1-9d4a65e6023c-140252871579456","study_id":0,"datetime_start":"2026-03-30T11:19:10.602123"}
{"op_code":5,"worker_id":"463c6042-40bb-4682-9ad1-9d4a65e6023c-140252871579456","trial_id":47,"param_name":"lr","param_value_internal":0.04635789184509212,"distribution":"{\"name\": \"FloatDistribution\", \"attributes\": {\"step\": null, \"low\": 0.0001, \"high\": 0.1, \"log\": true}}"}
{"op_code":5,"worker_id":"463c6042-40bb-4682-9ad1-9d4a65e6023c-140252871579456","trial_id":47,"param_name":"dropout","param_value_internal":0.23814727505673633,"distribution":"{\"name\": \"FloatDistribution\", \"attributes\": {\"step\": null, \"low\": 0.0, \"high\": 0.5, \"log\": false}}"}
{"op_code":5,"worker_id":"463c6042-40bb-4682-9ad1-9d4a65e6023c-140252871579456","trial_id":47,"param_name":"layers","param_value_internal":2,"distribution":"{\"name\": \"CategoricalDistribution\", \"attributes\": {\"choices\": [1, 2, 3]}}"}
{"op_code":5,"worker_id":"463c6042-40bb-4682-9ad1-9d4a65e6023c-140252871579456","trial_id":47,"param_name":"nodes","param_value_internal":1,"distribution":"{\"name\": \"CategoricalDistribution\", \"attributes\": {\"choices\": [16, 32, 64]}}"}
{"op_code":6,"worker_id":"463c6042-40bb-4682-9ad1-9d4a65e6023c-140252871579456","trial_id":47,"state":1,"values":[0.6528041899180098],"datetime_complete":"2026-03-30T11:19:12.260900"}
{"op_code":4,"worker_id":"463c6042-40bb-4682-9ad1-9d4a65e6023c-140252871579456","study_id":0,"datetime_start":"2026-03-30T11:19:12.276929"}
{"op_code":5,"worker_id":"463c6042-40bb-4682-9ad1-9d4a65e6023c-140252871579456","trial_id":48,"param_name":"lr","param_value_internal":0.012389020186333637,"distribution":"{\"name\": \"FloatDistribution\", \"attributes\": {\"step\": null, \"low\": 0.0001, \"high\": 0.1, \"log\": true}}"}
{"op_code":5,"worker_id":"463c6042-40bb-4682-9ad1-9d4a65e6023c-140252871579456","trial_id":48,"param_name":"dropout","param_value_internal":0.2485373678332943,"distribution":"{\"name\": \"FloatDistribution\", \"attributes\": {\"step\": null, \"low\": 0.0, \"high\": 0.5, \"log\": false}}"}
{"op_code":5,"worker_id":"463c6042-40bb-4682-9ad1-9d4a65e6023c-140252871579456","trial_id":48,"param_name":"layers","param_value_internal":2,"distribution":"{\"name\": \"CategoricalDistribution\", \"attributes\": {\"choices\": [1, 2, 3]}}"}
{"op_code":5,"worker_id":"463c6042-40bb-4682-9ad1-9d4a65e6023c-140252871579456","trial_id":48,"param_name":"nodes","param_value_internal":1,"distribution":"{\"name\": \"CategoricalDistribution\", \"attributes\": {\"choices\": [16, 32, 64]}}"}
{"op_code":6,"worker_id":"463c6042-40bb-4682-9ad1-9d4a65e6023c-140252871579456","trial_id":48,"state":1,"values":[0.6332574742026997],"datetime_complete":"2026-03-30T11:19:13.929076"}
{"op_code":4,"worker_id":"463c6042-40bb-4682-9ad1-9d4a65e6023c-140252871579456","study_id":0,"datetime_start":"2026-03-30T11:19:13.944713"}
{"op_code":5,"worker_id":"463c6042-40bb-4682-9ad1-9d4a65e6023c-140252871579456","trial_id":49,"param_name":"lr","param_value_internal":0.03262125443170386,"distribution":"{\"name\": \"FloatDistribution\", \"attributes\": {\"step\": null, \"low\": 0.0001, \"high\": 0.1, \"log\": true}}"}
{"op_code":5,"worker_id":"463c6042-40bb-4682-9ad1-9d4a65e6023c-140252871579456","trial_id":49,"param_name":"dropout","param_value_internal":0.005037094942606346,"distribution":"{\"name\": \"FloatDistribution\", \"attributes\": {\"step\": null, \"low\": 0.0, \"high\": 0.5, \"log\": false}}"}
{"op_code":5,"worker_id":"463c6042-40bb-4682-9ad1-9d4a65e6023c-140252871579456","trial_id":49,"param_name":"layers","param_value_internal":1,"distribution":"{\"name\": \"CategoricalDistribution\", \"attributes\": {\"choices\": [1, 2, 3]}}"}
{"op_code":5,"worker_id":"463c6042-40bb-4682-9ad1-9d4a65e6023c-140252871579456","trial_id":49,"param_name":"nodes","param_value_internal":2,"distribution":"{\"name\": \"CategoricalDistribution\", \"attributes\": {\"choices\": [16, 32, 64]}}"}
{"op_code":6,"worker_id":"463c6042-40bb-4682-9ad1-9d4a65e6023c-140252871579456","trial_id":49,"state":1,"values":[0.644823393708888],"datetime_complete":"2026-03-30T11:19:15.389139"}
{"op_code":4,"worker_id":"463c6042-40bb-4682-9ad1-9d4a65e6023c-140252871579456","study_id":0,"datetime_start":"2026-03-30T11:19:15.419300"}
{"op_code":5,"worker_id":"463c6042-40bb-4682-9ad1-9d4a65e6023c-140252871579456","trial_id":50,"param_name":"lr","param_value_internal":0.046583213727360226,"distribution":"{\"name\": \"FloatDistribution\", \"attributes\": {\"step\": null, \"low\": 0.0001, \"high\": 0.1, \"log\": true}}"}
{"op_code":5,"worker_id":"463c6042-40bb-4682-9ad1-9d4a65e6023c-140252871579456","trial_id":50,"param_name":"dropout","param_value_internal":0.20876706740240425,"distribution":"{\"name\": \"FloatDistribution\", \"attributes\": {\"step\": null, \"low\": 0.0, \"high\": 0.5, \"log\": false}}"}
{"op_code":5,"worker_id":"463c6042-40bb-4682-9ad1-9d4a65e6023c-140252871579456","trial_id":50,"param_name":"layers","param_value_internal":2,"distribution":"{\"name\": \"CategoricalDistribution\", \"attributes\": {\"choices\": [1, 2, 3]}}"}
{"op_code":5,"worker_id":"463c6042-40bb-4682-9ad1-9d4a65e6023c-140252871579456","trial_id":50,"param_name":"nodes","param_value_internal":1,"distribution":"{\"name\": \"CategoricalDistribution\", \"attributes\": {\"choices\": [16, 32, 64]}}"}
{"op_code":6,"worker_id":"463c6042-40bb-4682-9ad1-9d4a65e6023c-140252871579456","trial_id":50,"state":1,"values":[0.633974498862113],"datetime_complete":"2026-03-30T11:19:17.083693"}
{"op_code":4,"worker_id":"463c6042-40bb-4682-9ad1-9d4a65e6023c-140252871579456","study_id":0,"datetime_start":"2026-03-30T11:19:17.100839"}
{"op_code":5,"worker_id":"463c6042-40bb-4682-9ad1-9d4a65e6023c-140252871579456","trial_id":51,"param_name":"lr","param_value_internal":0.07656593873191533,"distribution":"{\"name\": \"FloatDistribution\", \"attributes\": {\"step\": null, \"low\": 0.0001, \"high\": 0.1, \"log\": true}}"}
{"op_code":5,"worker_id":"463c6042-40bb-4682-9ad1-9d4a65e6023c-140252871579456","trial_id":51,"param_name":"dropout","param_value_internal":0.2939765725578889,"distribution":"{\"name\": \"FloatDistribution\", \"attributes\": {\"step\": null, \"low\": 0.0, \"high\": 0.5, \"log\": false}}"}
{"op_code":5,"worker_id":"463c6042-40bb-4682-9ad1-9d4a65e6023c-140252871579456","trial_id":51,"param_name":"layers","param_value_internal":2,"distribution":"{\"name\": \"CategoricalDistribution\", \"attributes\": {\"choices\": [1, 2, 3]}}"}
{"op_code":5,"worker_id":"463c6042-40bb-4682-9ad1-9d4a65e6023c-140252871579456","trial_id":51,"param_name":"nodes","param_value_internal":1,"distribution":"{\"name\": \"CategoricalDistribution\", \"attributes\": {\"choices\": [16, 32, 64]}}"}
{"op_code":6,"worker_id":"463c6042-40bb-4682-9ad1-9d4a65e6023c-140252871579456","trial_id":51,"state":1,"values":[0.6455404183683012],"datetime_complete":"2026-03-30T11:19:18.737847"}
{"op_code":4,"worker_id":"463c6042-40bb-4682-9ad1-9d4a65e6023c-140252871579456","study_id":0,"datetime_start":"2026-03-30T11:19:18.945431"}
{"op_code":5,"worker_id":"463c6042-40bb-4682-9ad1-9d4a65e6023c-140252871579456","trial_id":52,"param_name":"lr","param_value_internal":0.04753838816232372,"distribution":"{\"name\": \"FloatDistribution\", \"attributes\": {\"step\": null, \"low\": 0.0001, \"high\": 0.1, \"log\": true}}"}
{"op_code":5,"worker_id":"463c6042-40bb-4682-9ad1-9d4a65e6023c-140252871579456","trial_id":52,"param_name":"dropout","param_value_internal":0.16602837252711838,"distribution":"{\"name\": \"FloatDistribution\", \"attributes\": {\"step\": null, \"low\": 0.0, \"high\": 0.5, \"log\": false}}"}
{"op_code":5,"worker_id":"463c6042-40bb-4682-9ad1-9d4a65e6023c-140252871579456","trial_id":52,"param_name":"layers","param_value_internal":2,"distribution":"{\"name\": \"CategoricalDistribution\", \"attributes\": {\"choices\": [1, 2, 3]}}"}
{"op_code":5,"worker_id":"463c6042-40bb-4682-9ad1-9d4a65e6023c-140252871579456","trial_id":52,"param_name":"nodes","param_value_internal":1,"distribution":"{\"name\": \"CategoricalDistribution\", \"attributes\": {\"choices\": [16, 32, 64]}}"}
{"op_code":6,"worker_id":"463c6042-40bb-4682-9ad1-9d4a65e6023c-140252871579456","trial_id":52,"state":1,"values":[0.6366867225738068],"datetime_complete":"2026-03-30T11:19:20.697224"}
{"op_code":4,"worker_id":"463c6042-40bb-4682-9ad1-9d4a65e6023c-140252871579456","study_id":0,"datetime_start":"2026-03-30T11:19:20.716599"}
{"op_code":5,"worker_id":"463c6042-40bb-4682-9ad1-9d4a65e6023c-140252871579456","trial_id":53,"param_name":"lr","param_value_internal":0.036463756402130884,"distribution":"{\"name\": \"FloatDistribution\", \"attributes\": {\"step\": null, \"low\": 0.0001, \"high\": 0.1, \"log\": true}}"}
{"op_code":5,"worker_id":"463c6042-40bb-4682-9ad1-9d4a65e6023c-140252871579456","trial_id":53,"param_name":"dropout","param_value_internal":0.23207858300269132,"distribution":"{\"name\": \"FloatDistribution\", \"attributes\": {\"step\": null, \"low\": 0.0, \"high\": 0.5, \"log\": false}}"}
{"op_code":5,"worker_id":"463c6042-40bb-4682-9ad1-9d4a65e6023c-140252871579456","trial_id":53,"param_name":"layers","param_value_internal":2,"distribution":"{\"name\": \"CategoricalDistribution\", \"attributes\": {\"choices\": [1, 2, 3]}}"}
{"op_code":5,"worker_id":"463c6042-40bb-4682-9ad1-9d4a65e6023c-140252871579456","trial_id":53,"param_name":"nodes","param_value_internal":1,"distribution":"{\"name\": \"CategoricalDistribution\", \"attributes\": {\"choices\": [16, 32, 64]}}"}
{"op_code":6,"worker_id":"463c6042-40bb-4682-9ad1-9d4a65e6023c-140252871579456","trial_id":53,"state":1,"values":[0.6466003678648252],"datetime_complete":"2026-03-30T11:19:22.400629"}
{"op_code":4,"worker_id":"463c6042-40bb-4682-9ad1-9d4a65e6023c-140252871579456","study_id":0,"datetime_start":"2026-03-30T11:19:22.423774"}
{"op_code":5,"worker_id":"463c6042-40bb-4682-9ad1-9d4a65e6023c-140252871579456","trial_id":54,"param_name":"lr","param_value_internal":0.07292510375959618,"distribution":"{\"name\": \"FloatDistribution\", \"attributes\": {\"step\": null, \"low\": 0.0001, \"high\": 0.1, \"log\": true}}"}
{"op_code":5,"worker_id":"463c6042-40bb-4682-9ad1-9d4a65e6023c-140252871579456","trial_id":54,"param_name":"dropout","param_value_internal":0.26249403129642085,"distribution":"{\"name\": \"FloatDistribution\", \"attributes\": {\"step\": null, \"low\": 0.0, \"high\": 0.5, \"log\": false}}"}
{"op_code":5,"worker_id":"463c6042-40bb-4682-9ad1-9d4a65e6023c-140252871579456","trial_id":54,"param_name":"layers","param_value_internal":2,"distribution":"{\"name\": \"CategoricalDistribution\", \"attributes\": {\"choices\": [1, 2, 3]}}"}
{"op_code":5,"worker_id":"463c6042-40bb-4682-9ad1-9d4a65e6023c-140252871579456","trial_id":54,"param_name":"nodes","param_value_internal":1,"distribution":"{\"name\": \"CategoricalDistribution\", \"attributes\": {\"choices\": [16, 32, 64]}}"}
{"op_code":6,"worker_id":"463c6042-40bb-4682-9ad1-9d4a65e6023c-140252871579456","trial_id":54,"state":1,"values":[0.6357514730180504],"datetime_complete":"2026-03-30T11:19:24.151596"}
{"op_code":4,"worker_id":"463c6042-40bb-4682-9ad1-9d4a65e6023c-140252871579456","study_id":0,"datetime_start":"2026-03-30T11:19:24.171983"}
{"op_code":5,"worker_id":"463c6042-40bb-4682-9ad1-9d4a65e6023c-140252871579456","trial_id":55,"param_name":"lr","param_value_internal":0.026028131608677712,"distribution":"{\"name\": \"FloatDistribution\", \"attributes\": {\"step\": null, \"low\": 0.0001, \"high\": 0.1, \"log\": true}}"}
{"op_code":5,"worker_id":"463c6042-40bb-4682-9ad1-9d4a65e6023c-140252871579456","trial_id":55,"param_name":"dropout","param_value_internal":0.2923939229690379,"distribution":"{\"name\": \"FloatDistribution\", \"attributes\": {\"step\": null, \"low\": 0.0, \"high\": 0.5, \"log\": false}}"}
{"op_code":5,"worker_id":"463c6042-40bb-4682-9ad1-9d4a65e6023c-140252871579456","trial_id":55,"param_name":"layers","param_value_internal":2,"distribution":"{\"name\": \"CategoricalDistribution\", \"attributes\": {\"choices\": [1, 2, 3]}}"}
{"op_code":5,"worker_id":"463c6042-40bb-4682-9ad1-9d4a65e6023c-140252871579456","trial_id":55,"param_name":"nodes","param_value_internal":1,"distribution":"{\"name\": \"CategoricalDistribution\", \"attributes\": {\"choices\": [16, 32, 64]}}"}
{"op_code":6,"worker_id":"463c6042-40bb-4682-9ad1-9d4a65e6023c-140252871579456","trial_id":55,"state":1,"values":[0.6297035258908252],"datetime_complete":"2026-03-30T11:19:25.833089"}
{"op_code":4,"worker_id":"463c6042-40bb-4682-9ad1-9d4a65e6023c-140252871579456","study_id":0,"datetime_start":"2026-03-30T11:19:25.866713"}
{"op_code":5,"worker_id":"463c6042-40bb-4682-9ad1-9d4a65e6023c-140252871579456","trial_id":56,"param_name":"lr","param_value_internal":0.008915593150498986,"distribution":"{\"name\": \"FloatDistribution\", \"attributes\": {\"step\": null, \"low\": 0.0001, \"high\": 0.1, \"log\": true}}"}
{"op_code":5,"worker_id":"463c6042-40bb-4682-9ad1-9d4a65e6023c-140252871579456","trial_id":56,"param_name":"dropout","param_value_internal":0.1930974142791263,"distribution":"{\"name\": \"FloatDistribution\", \"attributes\": {\"step\": null, \"low\": 0.0, \"high\": 0.5, \"log\": false}}"}
{"op_code":5,"worker_id":"463c6042-40bb-4682-9ad1-9d4a65e6023c-140252871579456","trial_id":56,"param_name":"layers","param_value_internal":2,"distribution":"{\"name\": \"CategoricalDistribution\", \"attributes\": {\"choices\": [1, 2, 3]}}"}
{"op_code":5,"worker_id":"463c6042-40bb-4682-9ad1-9d4a65e6023c-140252871579456","trial_id":56,"param_name":"nodes","param_value_internal":1,"distribution":"{\"name\": \"CategoricalDistribution\", \"attributes\": {\"choices\": [16, 32, 64]}}"}
{"op_code":6,"worker_id":"463c6042-40bb-4682-9ad1-9d4a65e6023c-140252871579456","trial_id":56,"state":1,"values":[0.6489696667394083],"datetime_complete":"2026-03-30T11:19:27.469687"}
{"op_code":4,"worker_id":"463c6042-40bb-4682-9ad1-9d4a65e6023c-140252871579456","study_id":0,"datetime_start":"2026-03-30T11:19:27.493025"}
{"op_code":5,"worker_id":"463c6042-40bb-4682-9ad1-9d4a65e6023c-140252871579456","trial_id":57,"param_name":"lr","param_value_internal":0.00809073941301918,"distribution":"{\"name\": \"FloatDistribution\", \"attributes\": {\"step\": null, \"low\": 0.0001, \"high\": 0.1, \"log\": true}}"}
{"op_code":5,"worker_id":"463c6042-40bb-4682-9ad1-9d4a65e6023c-140252871579456","trial_id":57,"param_name":"dropout","param_value_internal":0.1899580117167202,"distribution":"{\"name\": \"FloatDistribution\", \"attributes\": {\"step\": null, \"low\": 0.0, \"high\": 0.5, \"log\": false}}"}
{"op_code":5,"worker_id":"463c6042-40bb-4682-9ad1-9d4a65e6023c-140252871579456","trial_id":57,"param_name":"layers","param_value_internal":1,"distribution":"{\"name\": \"CategoricalDistribution\", \"attributes\": {\"choices\": [1, 2, 3]}}"}
{"op_code":5,"worker_id":"463c6042-40bb-4682-9ad1-9d4a65e6023c-140252871579456","trial_id":57,"param_name":"nodes","param_value_internal":1,"distribution":"{\"name\": \"CategoricalDistribution\", \"attributes\": {\"choices\": [16, 32, 64]}}"}
{"op_code":6,"worker_id":"463c6042-40bb-4682-9ad1-9d4a65e6023c-140252871579456","trial_id":57,"state":1,"values":[0.63740374723322],"datetime_complete":"2026-03-30T11:19:28.929722"}
{"op_code":4,"worker_id":"463c6042-40bb-4682-9ad1-9d4a65e6023c-140252871579456","study_id":0,"datetime_start":"2026-03-30T11:19:28.945735"}
{"op_code":5,"worker_id":"463c6042-40bb-4682-9ad1-9d4a65e6023c-140252871579456","trial_id":58,"param_name":"lr","param_value_internal":0.01730464773205668,"distribution":"{\"name\": \"FloatDistribution\", \"attributes\": {\"step\": null, \"low\": 0.0001, \"high\": 0.1, \"log\": true}}"}
{"op_code":5,"worker_id":"463c6042-40bb-4682-9ad1-9d4a65e6023c-140252871579456","trial_id":58,"param_name":"dropout","param_value_internal":0.12736503408013616,"distribution":"{\"name\": \"FloatDistribution\", \"attributes\": {\"step\": null, \"low\": 0.0, \"high\": 0.5, \"log\": false}}"}
{"op_code":5,"worker_id":"463c6042-40bb-4682-9ad1-9d4a65e6023c-140252871579456","trial_id":58,"param_name":"layers","param_value_internal":2,"distribution":"{\"name\": \"CategoricalDistribution\", \"attributes\": {\"choices\": [1, 2, 3]}}"}
{"op_code":5,"worker_id":"463c6042-40bb-4682-9ad1-9d4a65e6023c-140252871579456","trial_id":58,"param_name":"nodes","param_value_internal":2,"distribution":"{\"name\": \"CategoricalDistribution\", \"attributes\": {\"choices\": [16, 32, 64]}}"}
{"op_code":6,"worker_id":"463c6042-40bb-4682-9ad1-9d4a65e6023c-140252871579456","trial_id":58,"state":1,"values":[0.6430775945381426],"datetime_complete":"2026-03-30T11:19:30.601913"}
{"op_code":4,"worker_id":"463c6042-40bb-4682-9ad1-9d4a65e6023c-140252871579456","study_id":0,"datetime_start":"2026-03-30T11:19:30.618063"}
{"op_code":5,"worker_id":"463c6042-40bb-4682-9ad1-9d4a65e6023c-140252871579456","trial_id":59,"param_name":"lr","param_value_internal":0.009575248568851464,"distribution":"{\"name\": \"FloatDistribution\", \"attributes\": {\"step\": null, \"low\": 0.0001, \"high\": 0.1, \"log\": true}}"}
{"op_code":5,"worker_id":"463c6042-40bb-4682-9ad1-9d4a65e6023c-140252871579456","trial_id":59,"param_name":"dropout","param_value_internal":0.2044249825734385,"distribution":"{\"name\": \"FloatDistribution\", \"attributes\": {\"step\": null, \"low\": 0.0, \"high\": 0.5, \"log\": false}}"}
{"op_code":5,"worker_id":"463c6042-40bb-4682-9ad1-9d4a65e6023c-140252871579456","trial_id":59,"param_name":"layers","param_value_internal":2,"distribution":"{\"name\": \"CategoricalDistribution\", \"attributes\": {\"choices\": [1, 2, 3]}}"}
{"op_code":5,"worker_id":"463c6042-40bb-4682-9ad1-9d4a65e6023c-140252871579456","trial_id":59,"param_name":"nodes","param_value_internal":1,"distribution":"{\"name\": \"CategoricalDistribution\", \"attributes\": {\"choices\": [16, 32, 64]}}"}
{"op_code":6,"worker_id":"463c6042-40bb-4682-9ad1-9d4a65e6023c-140252871579456","trial_id":59,"state":1,"values":[0.625027278112043],"datetime_complete":"2026-03-30T11:19:32.267699"}
