{"op_code":0,"worker_id":"7eb9f103-d3a1-4097-bc1b-ac23da6d5105-139751315212096","study_name":"survtrace_tuning","directions":[2]}
{"op_code":4,"worker_id":"7eb9f103-d3a1-4097-bc1b-ac23da6d5105-139751315212096","study_id":0,"datetime_start":"2026-04-05T22:49:30.478447"}
{"op_code":5,"worker_id":"7eb9f103-d3a1-4097-bc1b-ac23da6d5105-139751315212096","trial_id":0,"param_name":"learning_rate","param_value_internal":0.0002476988796936816,"distribution":"{\"name\": \"FloatDistribution\", \"attributes\": {\"step\": null, \"low\": 0.0001, \"high\": 0.01, \"log\": true}}"}
{"op_code":5,"worker_id":"7eb9f103-d3a1-4097-bc1b-ac23da6d5105-139751315212096","trial_id":0,"param_name":"hidden_size","param_value_internal":1,"distribution":"{\"name\": \"CategoricalDistribution\", \"attributes\": {\"choices\": [8, 16, 32]}}"}
{"op_code":5,"worker_id":"7eb9f103-d3a1-4097-bc1b-ac23da6d5105-139751315212096","trial_id":0,"param_name":"num_hidden_layers","param_value_internal":1,"distribution":"{\"name\": \"CategoricalDistribution\", \"attributes\": {\"choices\": [1, 2, 3, 4]}}"}
{"op_code":5,"worker_id":"7eb9f103-d3a1-4097-bc1b-ac23da6d5105-139751315212096","trial_id":0,"param_name":"num_attention_heads","param_value_internal":1,"distribution":"{\"name\": \"CategoricalDistribution\", \"attributes\": {\"choices\": [2, 4, 8]}}"}
{"op_code":5,"worker_id":"7eb9f103-d3a1-4097-bc1b-ac23da6d5105-139751315212096","trial_id":0,"param_name":"intermediate_size","param_value_internal":0,"distribution":"{\"name\": \"CategoricalDistribution\", \"attributes\": {\"choices\": [32, 64, 128]}}"}
{"op_code":6,"worker_id":"7eb9f103-d3a1-4097-bc1b-ac23da6d5105-139751315212096","trial_id":0,"state":1,"values":[0.7206759443339961],"datetime_complete":"2026-04-05T22:49:33.192500"}
{"op_code":4,"worker_id":"7eb9f103-d3a1-4097-bc1b-ac23da6d5105-139751315212096","study_id":0,"datetime_start":"2026-04-05T22:49:33.214112"}
{"op_code":5,"worker_id":"7eb9f103-d3a1-4097-bc1b-ac23da6d5105-139751315212096","trial_id":1,"param_name":"learning_rate","param_value_internal":0.00036490030164413803,"distribution":"{\"name\": \"FloatDistribution\", \"attributes\": {\"step\": null, \"low\": 0.0001, \"high\": 0.01, \"log\": true}}"}
{"op_code":5,"worker_id":"7eb9f103-d3a1-4097-bc1b-ac23da6d5105-139751315212096","trial_id":1,"param_name":"hidden_size","param_value_internal":1,"distribution":"{\"name\": \"CategoricalDistribution\", \"attributes\": {\"choices\": [8, 16, 32]}}"}
{"op_code":5,"worker_id":"7eb9f103-d3a1-4097-bc1b-ac23da6d5105-139751315212096","trial_id":1,"param_name":"num_hidden_layers","param_value_internal":0,"distribution":"{\"name\": \"CategoricalDistribution\", \"attributes\": {\"choices\": [1, 2, 3, 4]}}"}
{"op_code":5,"worker_id":"7eb9f103-d3a1-4097-bc1b-ac23da6d5105-139751315212096","trial_id":1,"param_name":"num_attention_heads","param_value_internal":2,"distribution":"{\"name\": \"CategoricalDistribution\", \"attributes\": {\"choices\": [2, 4, 8]}}"}
{"op_code":5,"worker_id":"7eb9f103-d3a1-4097-bc1b-ac23da6d5105-139751315212096","trial_id":1,"param_name":"intermediate_size","param_value_internal":2,"distribution":"{\"name\": \"CategoricalDistribution\", \"attributes\": {\"choices\": [32, 64, 128]}}"}
{"op_code":6,"worker_id":"7eb9f103-d3a1-4097-bc1b-ac23da6d5105-139751315212096","trial_id":1,"state":1,"values":[0.6590457256461233],"datetime_complete":"2026-04-05T22:49:34.801359"}
{"op_code":4,"worker_id":"7eb9f103-d3a1-4097-bc1b-ac23da6d5105-139751315212096","study_id":0,"datetime_start":"2026-04-05T22:49:34.817395"}
{"op_code":5,"worker_id":"7eb9f103-d3a1-4097-bc1b-ac23da6d5105-139751315212096","trial_id":2,"param_name":"learning_rate","param_value_internal":0.0005493882393259857,"distribution":"{\"name\": \"FloatDistribution\", \"attributes\": {\"step\": null, \"low\": 0.0001, \"high\": 0.01, \"log\": true}}"}
{"op_code":5,"worker_id":"7eb9f103-d3a1-4097-bc1b-ac23da6d5105-139751315212096","trial_id":2,"param_name":"hidden_size","param_value_internal":1,"distribution":"{\"name\": \"CategoricalDistribution\", \"attributes\": {\"choices\": [8, 16, 32]}}"}
{"op_code":5,"worker_id":"7eb9f103-d3a1-4097-bc1b-ac23da6d5105-139751315212096","trial_id":2,"param_name":"num_hidden_layers","param_value_internal":2,"distribution":"{\"name\": \"CategoricalDistribution\", \"attributes\": {\"choices\": [1, 2, 3, 4]}}"}
{"op_code":5,"worker_id":"7eb9f103-d3a1-4097-bc1b-ac23da6d5105-139751315212096","trial_id":2,"param_name":"num_attention_heads","param_value_internal":1,"distribution":"{\"name\": \"CategoricalDistribution\", \"attributes\": {\"choices\": [2, 4, 8]}}"}
{"op_code":5,"worker_id":"7eb9f103-d3a1-4097-bc1b-ac23da6d5105-139751315212096","trial_id":2,"param_name":"intermediate_size","param_value_internal":0,"distribution":"{\"name\": \"CategoricalDistribution\", \"attributes\": {\"choices\": [32, 64, 128]}}"}
{"op_code":6,"worker_id":"7eb9f103-d3a1-4097-bc1b-ac23da6d5105-139751315212096","trial_id":2,"state":1,"values":[0.7127236580516899],"datetime_complete":"2026-04-05T22:49:40.205097"}
{"op_code":4,"worker_id":"7eb9f103-d3a1-4097-bc1b-ac23da6d5105-139751315212096","study_id":0,"datetime_start":"2026-04-05T22:49:40.224574"}
{"op_code":5,"worker_id":"7eb9f103-d3a1-4097-bc1b-ac23da6d5105-139751315212096","trial_id":3,"param_name":"learning_rate","param_value_internal":0.00016785359801821926,"distribution":"{\"name\": \"FloatDistribution\", \"attributes\": {\"step\": null, \"low\": 0.0001, \"high\": 0.01, \"log\": true}}"}
{"op_code":5,"worker_id":"7eb9f103-d3a1-4097-bc1b-ac23da6d5105-139751315212096","trial_id":3,"param_name":"hidden_size","param_value_internal":0,"distribution":"{\"name\": \"CategoricalDistribution\", \"attributes\": {\"choices\": [8, 16, 32]}}"}
{"op_code":5,"worker_id":"7eb9f103-d3a1-4097-bc1b-ac23da6d5105-139751315212096","trial_id":3,"param_name":"num_hidden_layers","param_value_internal":3,"distribution":"{\"name\": \"CategoricalDistribution\", \"attributes\": {\"choices\": [1, 2, 3, 4]}}"}
{"op_code":5,"worker_id":"7eb9f103-d3a1-4097-bc1b-ac23da6d5105-139751315212096","trial_id":3,"param_name":"num_attention_heads","param_value_internal":0,"distribution":"{\"name\": \"CategoricalDistribution\", \"attributes\": {\"choices\": [2, 4, 8]}}"}
{"op_code":5,"worker_id":"7eb9f103-d3a1-4097-bc1b-ac23da6d5105-139751315212096","trial_id":3,"param_name":"intermediate_size","param_value_internal":1,"distribution":"{\"name\": \"CategoricalDistribution\", \"attributes\": {\"choices\": [32, 64, 128]}}"}
{"op_code":6,"worker_id":"7eb9f103-d3a1-4097-bc1b-ac23da6d5105-139751315212096","trial_id":3,"state":1,"values":[0.668986083499006],"datetime_complete":"2026-04-05T22:49:43.871881"}
{"op_code":4,"worker_id":"7eb9f103-d3a1-4097-bc1b-ac23da6d5105-139751315212096","study_id":0,"datetime_start":"2026-04-05T22:49:43.892531"}
{"op_code":5,"worker_id":"7eb9f103-d3a1-4097-bc1b-ac23da6d5105-139751315212096","trial_id":4,"param_name":"learning_rate","param_value_internal":0.0005786210345303179,"distribution":"{\"name\": \"FloatDistribution\", \"attributes\": {\"step\": null, \"low\": 0.0001, \"high\": 0.01, \"log\": true}}"}
{"op_code":5,"worker_id":"7eb9f103-d3a1-4097-bc1b-ac23da6d5105-139751315212096","trial_id":4,"param_name":"hidden_size","param_value_internal":1,"distribution":"{\"name\": \"CategoricalDistribution\", \"attributes\": {\"choices\": [8, 16, 32]}}"}
{"op_code":5,"worker_id":"7eb9f103-d3a1-4097-bc1b-ac23da6d5105-139751315212096","trial_id":4,"param_name":"num_hidden_layers","param_value_internal":2,"distribution":"{\"name\": \"CategoricalDistribution\", \"attributes\": {\"choices\": [1, 2, 3, 4]}}"}
{"op_code":5,"worker_id":"7eb9f103-d3a1-4097-bc1b-ac23da6d5105-139751315212096","trial_id":4,"param_name":"num_attention_heads","param_value_internal":0,"distribution":"{\"name\": \"CategoricalDistribution\", \"attributes\": {\"choices\": [2, 4, 8]}}"}
{"op_code":5,"worker_id":"7eb9f103-d3a1-4097-bc1b-ac23da6d5105-139751315212096","trial_id":4,"param_name":"intermediate_size","param_value_internal":1,"distribution":"{\"name\": \"CategoricalDistribution\", \"attributes\": {\"choices\": [32, 64, 128]}}"}
{"op_code":6,"worker_id":"7eb9f103-d3a1-4097-bc1b-ac23da6d5105-139751315212096","trial_id":4,"state":1,"values":[0.6630218687872763],"datetime_complete":"2026-04-05T22:49:46.779752"}
{"op_code":4,"worker_id":"7eb9f103-d3a1-4097-bc1b-ac23da6d5105-139751315212096","study_id":0,"datetime_start":"2026-04-05T22:49:46.798166"}
{"op_code":5,"worker_id":"7eb9f103-d3a1-4097-bc1b-ac23da6d5105-139751315212096","trial_id":5,"param_name":"learning_rate","param_value_internal":0.0001699963270601427,"distribution":"{\"name\": \"FloatDistribution\", \"attributes\": {\"step\": null, \"low\": 0.0001, \"high\": 0.01, \"log\": true}}"}
{"op_code":5,"worker_id":"7eb9f103-d3a1-4097-bc1b-ac23da6d5105-139751315212096","trial_id":5,"param_name":"hidden_size","param_value_internal":0,"distribution":"{\"name\": \"CategoricalDistribution\", \"attributes\": {\"choices\": [8, 16, 32]}}"}
{"op_code":5,"worker_id":"7eb9f103-d3a1-4097-bc1b-ac23da6d5105-139751315212096","trial_id":5,"param_name":"num_hidden_layers","param_value_internal":0,"distribution":"{\"name\": \"CategoricalDistribution\", \"attributes\": {\"choices\": [1, 2, 3, 4]}}"}
{"op_code":5,"worker_id":"7eb9f103-d3a1-4097-bc1b-ac23da6d5105-139751315212096","trial_id":5,"param_name":"num_attention_heads","param_value_internal":1,"distribution":"{\"name\": \"CategoricalDistribution\", \"attributes\": {\"choices\": [2, 4, 8]}}"}
{"op_code":5,"worker_id":"7eb9f103-d3a1-4097-bc1b-ac23da6d5105-139751315212096","trial_id":5,"param_name":"intermediate_size","param_value_internal":2,"distribution":"{\"name\": \"CategoricalDistribution\", \"attributes\": {\"choices\": [32, 64, 128]}}"}
{"op_code":6,"worker_id":"7eb9f103-d3a1-4097-bc1b-ac23da6d5105-139751315212096","trial_id":5,"state":1,"values":[0.6491053677932406],"datetime_complete":"2026-04-05T22:49:48.432251"}
{"op_code":4,"worker_id":"7eb9f103-d3a1-4097-bc1b-ac23da6d5105-139751315212096","study_id":0,"datetime_start":"2026-04-05T22:49:48.453105"}
{"op_code":5,"worker_id":"7eb9f103-d3a1-4097-bc1b-ac23da6d5105-139751315212096","trial_id":6,"param_name":"learning_rate","param_value_internal":0.001831039427933652,"distribution":"{\"name\": \"FloatDistribution\", \"attributes\": {\"step\": null, \"low\": 0.0001, \"high\": 0.01, \"log\": true}}"}
{"op_code":5,"worker_id":"7eb9f103-d3a1-4097-bc1b-ac23da6d5105-139751315212096","trial_id":6,"param_name":"hidden_size","param_value_internal":2,"distribution":"{\"name\": \"CategoricalDistribution\", \"attributes\": {\"choices\": [8, 16, 32]}}"}
{"op_code":5,"worker_id":"7eb9f103-d3a1-4097-bc1b-ac23da6d5105-139751315212096","trial_id":6,"param_name":"num_hidden_layers","param_value_internal":2,"distribution":"{\"name\": \"CategoricalDistribution\", \"attributes\": {\"choices\": [1, 2, 3, 4]}}"}
{"op_code":5,"worker_id":"7eb9f103-d3a1-4097-bc1b-ac23da6d5105-139751315212096","trial_id":6,"param_name":"num_attention_heads","param_value_internal":2,"distribution":"{\"name\": \"CategoricalDistribution\", \"attributes\": {\"choices\": [2, 4, 8]}}"}
{"op_code":5,"worker_id":"7eb9f103-d3a1-4097-bc1b-ac23da6d5105-139751315212096","trial_id":6,"param_name":"intermediate_size","param_value_internal":2,"distribution":"{\"name\": \"CategoricalDistribution\", \"attributes\": {\"choices\": [32, 64, 128]}}"}
{"op_code":6,"worker_id":"7eb9f103-d3a1-4097-bc1b-ac23da6d5105-139751315212096","trial_id":6,"state":1,"values":[0.6908548707753479],"datetime_complete":"2026-04-05T22:49:51.895300"}
{"op_code":4,"worker_id":"7eb9f103-d3a1-4097-bc1b-ac23da6d5105-139751315212096","study_id":0,"datetime_start":"2026-04-05T22:49:51.916341"}
{"op_code":5,"worker_id":"7eb9f103-d3a1-4097-bc1b-ac23da6d5105-139751315212096","trial_id":7,"param_name":"learning_rate","param_value_internal":0.0005057540722831923,"distribution":"{\"name\": \"FloatDistribution\", \"attributes\": {\"step\": null, \"low\": 0.0001, \"high\": 0.01, \"log\": true}}"}
{"op_code":5,"worker_id":"7eb9f103-d3a1-4097-bc1b-ac23da6d5105-139751315212096","trial_id":7,"param_name":"hidden_size","param_value_internal":0,"distribution":"{\"name\": \"CategoricalDistribution\", \"attributes\": {\"choices\": [8, 16, 32]}}"}
{"op_code":5,"worker_id":"7eb9f103-d3a1-4097-bc1b-ac23da6d5105-139751315212096","trial_id":7,"param_name":"num_hidden_layers","param_value_internal":0,"distribution":"{\"name\": \"CategoricalDistribution\", \"attributes\": {\"choices\": [1, 2, 3, 4]}}"}
{"op_code":5,"worker_id":"7eb9f103-d3a1-4097-bc1b-ac23da6d5105-139751315212096","trial_id":7,"param_name":"num_attention_heads","param_value_internal":1,"distribution":"{\"name\": \"CategoricalDistribution\", \"attributes\": {\"choices\": [2, 4, 8]}}"}
{"op_code":5,"worker_id":"7eb9f103-d3a1-4097-bc1b-ac23da6d5105-139751315212096","trial_id":7,"param_name":"intermediate_size","param_value_internal":2,"distribution":"{\"name\": \"CategoricalDistribution\", \"attributes\": {\"choices\": [32, 64, 128]}}"}
{"op_code":6,"worker_id":"7eb9f103-d3a1-4097-bc1b-ac23da6d5105-139751315212096","trial_id":7,"state":1,"values":[0.6530815109343936],"datetime_complete":"2026-04-05T22:49:54.142726"}
{"op_code":4,"worker_id":"7eb9f103-d3a1-4097-bc1b-ac23da6d5105-139751315212096","study_id":0,"datetime_start":"2026-04-05T22:49:54.158133"}
{"op_code":5,"worker_id":"7eb9f103-d3a1-4097-bc1b-ac23da6d5105-139751315212096","trial_id":8,"param_name":"learning_rate","param_value_internal":0.002399010252552652,"distribution":"{\"name\": \"FloatDistribution\", \"attributes\": {\"step\": null, \"low\": 0.0001, \"high\": 0.01, \"log\": true}}"}
{"op_code":5,"worker_id":"7eb9f103-d3a1-4097-bc1b-ac23da6d5105-139751315212096","trial_id":8,"param_name":"hidden_size","param_value_internal":2,"distribution":"{\"name\": \"CategoricalDistribution\", \"attributes\": {\"choices\": [8, 16, 32]}}"}
{"op_code":5,"worker_id":"7eb9f103-d3a1-4097-bc1b-ac23da6d5105-139751315212096","trial_id":8,"param_name":"num_hidden_layers","param_value_internal":2,"distribution":"{\"name\": \"CategoricalDistribution\", \"attributes\": {\"choices\": [1, 2, 3, 4]}}"}
{"op_code":5,"worker_id":"7eb9f103-d3a1-4097-bc1b-ac23da6d5105-139751315212096","trial_id":8,"param_name":"num_attention_heads","param_value_internal":2,"distribution":"{\"name\": \"CategoricalDistribution\", \"attributes\": {\"choices\": [2, 4, 8]}}"}
{"op_code":5,"worker_id":"7eb9f103-d3a1-4097-bc1b-ac23da6d5105-139751315212096","trial_id":8,"param_name":"intermediate_size","param_value_internal":0,"distribution":"{\"name\": \"CategoricalDistribution\", \"attributes\": {\"choices\": [32, 64, 128]}}"}
{"op_code":6,"worker_id":"7eb9f103-d3a1-4097-bc1b-ac23da6d5105-139751315212096","trial_id":8,"state":1,"values":[0.7266401590457257],"datetime_complete":"2026-04-05T22:49:58.424130"}
{"op_code":4,"worker_id":"7eb9f103-d3a1-4097-bc1b-ac23da6d5105-139751315212096","study_id":0,"datetime_start":"2026-04-05T22:49:58.442479"}
{"op_code":5,"worker_id":"7eb9f103-d3a1-4097-bc1b-ac23da6d5105-139751315212096","trial_id":9,"param_name":"learning_rate","param_value_internal":0.00012034790978090745,"distribution":"{\"name\": \"FloatDistribution\", \"attributes\": {\"step\": null, \"low\": 0.0001, \"high\": 0.01, \"log\": true}}"}
{"op_code":5,"worker_id":"7eb9f103-d3a1-4097-bc1b-ac23da6d5105-139751315212096","trial_id":9,"param_name":"hidden_size","param_value_internal":2,"distribution":"{\"name\": \"CategoricalDistribution\", \"attributes\": {\"choices\": [8, 16, 32]}}"}
{"op_code":5,"worker_id":"7eb9f103-d3a1-4097-bc1b-ac23da6d5105-139751315212096","trial_id":9,"param_name":"num_hidden_layers","param_value_internal":2,"distribution":"{\"name\": \"CategoricalDistribution\", \"attributes\": {\"choices\": [1, 2, 3, 4]}}"}
{"op_code":5,"worker_id":"7eb9f103-d3a1-4097-bc1b-ac23da6d5105-139751315212096","trial_id":9,"param_name":"num_attention_heads","param_value_internal":0,"distribution":"{\"name\": \"CategoricalDistribution\", \"attributes\": {\"choices\": [2, 4, 8]}}"}
{"op_code":5,"worker_id":"7eb9f103-d3a1-4097-bc1b-ac23da6d5105-139751315212096","trial_id":9,"param_name":"intermediate_size","param_value_internal":1,"distribution":"{\"name\": \"CategoricalDistribution\", \"attributes\": {\"choices\": [32, 64, 128]}}"}
{"op_code":6,"worker_id":"7eb9f103-d3a1-4097-bc1b-ac23da6d5105-139751315212096","trial_id":9,"state":1,"values":[0.6988071570576541],"datetime_complete":"2026-04-05T22:50:01.153849"}
{"op_code":4,"worker_id":"7eb9f103-d3a1-4097-bc1b-ac23da6d5105-139751315212096","study_id":0,"datetime_start":"2026-04-05T22:50:01.173936"}
{"op_code":5,"worker_id":"7eb9f103-d3a1-4097-bc1b-ac23da6d5105-139751315212096","trial_id":10,"param_name":"learning_rate","param_value_internal":0.009747681597026646,"distribution":"{\"name\": \"FloatDistribution\", \"attributes\": {\"step\": null, \"low\": 0.0001, \"high\": 0.01, \"log\": true}}"}
{"op_code":5,"worker_id":"7eb9f103-d3a1-4097-bc1b-ac23da6d5105-139751315212096","trial_id":10,"param_name":"hidden_size","param_value_internal":2,"distribution":"{\"name\": \"CategoricalDistribution\", \"attributes\": {\"choices\": [8, 16, 32]}}"}
{"op_code":5,"worker_id":"7eb9f103-d3a1-4097-bc1b-ac23da6d5105-139751315212096","trial_id":10,"param_name":"num_hidden_layers","param_value_internal":1,"distribution":"{\"name\": \"CategoricalDistribution\", \"attributes\": {\"choices\": [1, 2, 3, 4]}}"}
{"op_code":5,"worker_id":"7eb9f103-d3a1-4097-bc1b-ac23da6d5105-139751315212096","trial_id":10,"param_name":"num_attention_heads","param_value_internal":2,"distribution":"{\"name\": \"CategoricalDistribution\", \"attributes\": {\"choices\": [2, 4, 8]}}"}
{"op_code":5,"worker_id":"7eb9f103-d3a1-4097-bc1b-ac23da6d5105-139751315212096","trial_id":10,"param_name":"intermediate_size","param_value_internal":0,"distribution":"{\"name\": \"CategoricalDistribution\", \"attributes\": {\"choices\": [32, 64, 128]}}"}
{"op_code":6,"worker_id":"7eb9f103-d3a1-4097-bc1b-ac23da6d5105-139751315212096","trial_id":10,"state":1,"values":[0.7326043737574552],"datetime_complete":"2026-04-05T22:50:04.175478"}
{"op_code":4,"worker_id":"7eb9f103-d3a1-4097-bc1b-ac23da6d5105-139751315212096","study_id":0,"datetime_start":"2026-04-05T22:50:04.187439"}
{"op_code":5,"worker_id":"7eb9f103-d3a1-4097-bc1b-ac23da6d5105-139751315212096","trial_id":11,"param_name":"learning_rate","param_value_internal":0.009757198535948699,"distribution":"{\"name\": \"FloatDistribution\", \"attributes\": {\"step\": null, \"low\": 0.0001, \"high\": 0.01, \"log\": true}}"}
{"op_code":5,"worker_id":"7eb9f103-d3a1-4097-bc1b-ac23da6d5105-139751315212096","trial_id":11,"param_name":"hidden_size","param_value_internal":2,"distribution":"{\"name\": \"CategoricalDistribution\", \"attributes\": {\"choices\": [8, 16, 32]}}"}
{"op_code":5,"worker_id":"7eb9f103-d3a1-4097-bc1b-ac23da6d5105-139751315212096","trial_id":11,"param_name":"num_hidden_layers","param_value_internal":1,"distribution":"{\"name\": \"CategoricalDistribution\", \"attributes\": {\"choices\": [1, 2, 3, 4]}}"}
{"op_code":5,"worker_id":"7eb9f103-d3a1-4097-bc1b-ac23da6d5105-139751315212096","trial_id":11,"param_name":"num_attention_heads","param_value_internal":2,"distribution":"{\"name\": \"CategoricalDistribution\", \"attributes\": {\"choices\": [2, 4, 8]}}"}
{"op_code":5,"worker_id":"7eb9f103-d3a1-4097-bc1b-ac23da6d5105-139751315212096","trial_id":11,"param_name":"intermediate_size","param_value_internal":0,"distribution":"{\"name\": \"CategoricalDistribution\", \"attributes\": {\"choices\": [32, 64, 128]}}"}
{"op_code":6,"worker_id":"7eb9f103-d3a1-4097-bc1b-ac23da6d5105-139751315212096","trial_id":11,"state":1,"values":[0.5834990059642147],"datetime_complete":"2026-04-05T22:50:07.175983"}
{"op_code":4,"worker_id":"7eb9f103-d3a1-4097-bc1b-ac23da6d5105-139751315212096","study_id":0,"datetime_start":"2026-04-05T22:50:07.194557"}
{"op_code":5,"worker_id":"7eb9f103-d3a1-4097-bc1b-ac23da6d5105-139751315212096","trial_id":12,"param_name":"learning_rate","param_value_internal":0.008122734308804535,"distribution":"{\"name\": \"FloatDistribution\", \"attributes\": {\"step\": null, \"low\": 0.0001, \"high\": 0.01, \"log\": true}}"}
{"op_code":5,"worker_id":"7eb9f103-d3a1-4097-bc1b-ac23da6d5105-139751315212096","trial_id":12,"param_name":"hidden_size","param_value_internal":2,"distribution":"{\"name\": \"CategoricalDistribution\", \"attributes\": {\"choices\": [8, 16, 32]}}"}
{"op_code":5,"worker_id":"7eb9f103-d3a1-4097-bc1b-ac23da6d5105-139751315212096","trial_id":12,"param_name":"num_hidden_layers","param_value_internal":1,"distribution":"{\"name\": \"CategoricalDistribution\", \"attributes\": {\"choices\": [1, 2, 3, 4]}}"}
{"op_code":5,"worker_id":"7eb9f103-d3a1-4097-bc1b-ac23da6d5105-139751315212096","trial_id":12,"param_name":"num_attention_heads","param_value_internal":2,"distribution":"{\"name\": \"CategoricalDistribution\", \"attributes\": {\"choices\": [2, 4, 8]}}"}
{"op_code":5,"worker_id":"7eb9f103-d3a1-4097-bc1b-ac23da6d5105-139751315212096","trial_id":12,"param_name":"intermediate_size","param_value_internal":0,"distribution":"{\"name\": \"CategoricalDistribution\", \"attributes\": {\"choices\": [32, 64, 128]}}"}
{"op_code":6,"worker_id":"7eb9f103-d3a1-4097-bc1b-ac23da6d5105-139751315212096","trial_id":12,"state":1,"values":[0.7067594433399602],"datetime_complete":"2026-04-05T22:50:10.172869"}
{"op_code":4,"worker_id":"7eb9f103-d3a1-4097-bc1b-ac23da6d5105-139751315212096","study_id":0,"datetime_start":"2026-04-05T22:50:10.184139"}
{"op_code":5,"worker_id":"7eb9f103-d3a1-4097-bc1b-ac23da6d5105-139751315212096","trial_id":13,"param_name":"learning_rate","param_value_internal":0.0034714118378360945,"distribution":"{\"name\": \"FloatDistribution\", \"attributes\": {\"step\": null, \"low\": 0.0001, \"high\": 0.01, \"log\": true}}"}
{"op_code":5,"worker_id":"7eb9f103-d3a1-4097-bc1b-ac23da6d5105-139751315212096","trial_id":13,"param_name":"hidden_size","param_value_internal":2,"distribution":"{\"name\": \"CategoricalDistribution\", \"attributes\": {\"choices\": [8, 16, 32]}}"}
{"op_code":5,"worker_id":"7eb9f103-d3a1-4097-bc1b-ac23da6d5105-139751315212096","trial_id":13,"param_name":"num_hidden_layers","param_value_internal":3,"distribution":"{\"name\": \"CategoricalDistribution\", \"attributes\": {\"choices\": [1, 2, 3, 4]}}"}
{"op_code":5,"worker_id":"7eb9f103-d3a1-4097-bc1b-ac23da6d5105-139751315212096","trial_id":13,"param_name":"num_attention_heads","param_value_internal":2,"distribution":"{\"name\": \"CategoricalDistribution\", \"attributes\": {\"choices\": [2, 4, 8]}}"}
{"op_code":5,"worker_id":"7eb9f103-d3a1-4097-bc1b-ac23da6d5105-139751315212096","trial_id":13,"param_name":"intermediate_size","param_value_internal":0,"distribution":"{\"name\": \"CategoricalDistribution\", \"attributes\": {\"choices\": [32, 64, 128]}}"}
{"op_code":6,"worker_id":"7eb9f103-d3a1-4097-bc1b-ac23da6d5105-139751315212096","trial_id":13,"state":1,"values":[0.5397614314115308],"datetime_complete":"2026-04-05T22:50:14.275608"}
{"op_code":4,"worker_id":"7eb9f103-d3a1-4097-bc1b-ac23da6d5105-139751315212096","study_id":0,"datetime_start":"2026-04-05T22:50:14.294062"}
{"op_code":5,"worker_id":"7eb9f103-d3a1-4097-bc1b-ac23da6d5105-139751315212096","trial_id":14,"param_name":"learning_rate","param_value_internal":0.004265272519789061,"distribution":"{\"name\": \"FloatDistribution\", \"attributes\": {\"step\": null, \"low\": 0.0001, \"high\": 0.01, \"log\": true}}"}
{"op_code":5,"worker_id":"7eb9f103-d3a1-4097-bc1b-ac23da6d5105-139751315212096","trial_id":14,"param_name":"hidden_size","param_value_internal":2,"distribution":"{\"name\": \"CategoricalDistribution\", \"attributes\": {\"choices\": [8, 16, 32]}}"}
{"op_code":5,"worker_id":"7eb9f103-d3a1-4097-bc1b-ac23da6d5105-139751315212096","trial_id":14,"param_name":"num_hidden_layers","param_value_internal":1,"distribution":"{\"name\": \"CategoricalDistribution\", \"attributes\": {\"choices\": [1, 2, 3, 4]}}"}
{"op_code":5,"worker_id":"7eb9f103-d3a1-4097-bc1b-ac23da6d5105-139751315212096","trial_id":14,"param_name":"num_attention_heads","param_value_internal":2,"distribution":"{\"name\": \"CategoricalDistribution\", \"attributes\": {\"choices\": [2, 4, 8]}}"}
{"op_code":5,"worker_id":"7eb9f103-d3a1-4097-bc1b-ac23da6d5105-139751315212096","trial_id":14,"param_name":"intermediate_size","param_value_internal":0,"distribution":"{\"name\": \"CategoricalDistribution\", \"attributes\": {\"choices\": [32, 64, 128]}}"}
{"op_code":6,"worker_id":"7eb9f103-d3a1-4097-bc1b-ac23da6d5105-139751315212096","trial_id":14,"state":1,"values":[0.6789264413518886],"datetime_complete":"2026-04-05T22:50:15.937488"}
{"op_code":4,"worker_id":"7eb9f103-d3a1-4097-bc1b-ac23da6d5105-139751315212096","study_id":0,"datetime_start":"2026-04-05T22:50:15.948809"}
{"op_code":5,"worker_id":"7eb9f103-d3a1-4097-bc1b-ac23da6d5105-139751315212096","trial_id":15,"param_name":"learning_rate","param_value_internal":0.0016468581159476243,"distribution":"{\"name\": \"FloatDistribution\", \"attributes\": {\"step\": null, \"low\": 0.0001, \"high\": 0.01, \"log\": true}}"}
{"op_code":5,"worker_id":"7eb9f103-d3a1-4097-bc1b-ac23da6d5105-139751315212096","trial_id":15,"param_name":"hidden_size","param_value_internal":2,"distribution":"{\"name\": \"CategoricalDistribution\", \"attributes\": {\"choices\": [8, 16, 32]}}"}
{"op_code":5,"worker_id":"7eb9f103-d3a1-4097-bc1b-ac23da6d5105-139751315212096","trial_id":15,"param_name":"num_hidden_layers","param_value_internal":2,"distribution":"{\"name\": \"CategoricalDistribution\", \"attributes\": {\"choices\": [1, 2, 3, 4]}}"}
{"op_code":5,"worker_id":"7eb9f103-d3a1-4097-bc1b-ac23da6d5105-139751315212096","trial_id":15,"param_name":"num_attention_heads","param_value_internal":2,"distribution":"{\"name\": \"CategoricalDistribution\", \"attributes\": {\"choices\": [2, 4, 8]}}"}
{"op_code":5,"worker_id":"7eb9f103-d3a1-4097-bc1b-ac23da6d5105-139751315212096","trial_id":15,"param_name":"intermediate_size","param_value_internal":0,"distribution":"{\"name\": \"CategoricalDistribution\", \"attributes\": {\"choices\": [32, 64, 128]}}"}
{"op_code":6,"worker_id":"7eb9f103-d3a1-4097-bc1b-ac23da6d5105-139751315212096","trial_id":15,"state":1,"values":[0.7326043737574552],"datetime_complete":"2026-04-05T22:50:19.630413"}
{"op_code":4,"worker_id":"7eb9f103-d3a1-4097-bc1b-ac23da6d5105-139751315212096","study_id":0,"datetime_start":"2026-04-05T22:50:19.642425"}
{"op_code":5,"worker_id":"7eb9f103-d3a1-4097-bc1b-ac23da6d5105-139751315212096","trial_id":16,"param_name":"learning_rate","param_value_internal":0.0011868528840136559,"distribution":"{\"name\": \"FloatDistribution\", \"attributes\": {\"step\": null, \"low\": 0.0001, \"high\": 0.01, \"log\": true}}"}
{"op_code":5,"worker_id":"7eb9f103-d3a1-4097-bc1b-ac23da6d5105-139751315212096","trial_id":16,"param_name":"hidden_size","param_value_internal":2,"distribution":"{\"name\": \"CategoricalDistribution\", \"attributes\": {\"choices\": [8, 16, 32]}}"}
{"op_code":5,"worker_id":"7eb9f103-d3a1-4097-bc1b-ac23da6d5105-139751315212096","trial_id":16,"param_name":"num_hidden_layers","param_value_internal":1,"distribution":"{\"name\": \"CategoricalDistribution\", \"attributes\": {\"choices\": [1, 2, 3, 4]}}"}
{"op_code":5,"worker_id":"7eb9f103-d3a1-4097-bc1b-ac23da6d5105-139751315212096","trial_id":16,"param_name":"num_attention_heads","param_value_internal":2,"distribution":"{\"name\": \"CategoricalDistribution\", \"attributes\": {\"choices\": [2, 4, 8]}}"}
{"op_code":5,"worker_id":"7eb9f103-d3a1-4097-bc1b-ac23da6d5105-139751315212096","trial_id":16,"param_name":"intermediate_size","param_value_internal":0,"distribution":"{\"name\": \"CategoricalDistribution\", \"attributes\": {\"choices\": [32, 64, 128]}}"}
{"op_code":6,"worker_id":"7eb9f103-d3a1-4097-bc1b-ac23da6d5105-139751315212096","trial_id":16,"state":1,"values":[0.7127236580516899],"datetime_complete":"2026-04-05T22:50:22.558053"}
{"op_code":4,"worker_id":"7eb9f103-d3a1-4097-bc1b-ac23da6d5105-139751315212096","study_id":0,"datetime_start":"2026-04-05T22:50:22.576740"}
{"op_code":5,"worker_id":"7eb9f103-d3a1-4097-bc1b-ac23da6d5105-139751315212096","trial_id":17,"param_name":"learning_rate","param_value_internal":0.006054948161348376,"distribution":"{\"name\": \"FloatDistribution\", \"attributes\": {\"step\": null, \"low\": 0.0001, \"high\": 0.01, \"log\": true}}"}
{"op_code":5,"worker_id":"7eb9f103-d3a1-4097-bc1b-ac23da6d5105-139751315212096","trial_id":17,"param_name":"hidden_size","param_value_internal":2,"distribution":"{\"name\": \"CategoricalDistribution\", \"attributes\": {\"choices\": [8, 16, 32]}}"}
{"op_code":5,"worker_id":"7eb9f103-d3a1-4097-bc1b-ac23da6d5105-139751315212096","trial_id":17,"param_name":"num_hidden_layers","param_value_internal":3,"distribution":"{\"name\": \"CategoricalDistribution\", \"attributes\": {\"choices\": [1, 2, 3, 4]}}"}
{"op_code":5,"worker_id":"7eb9f103-d3a1-4097-bc1b-ac23da6d5105-139751315212096","trial_id":17,"param_name":"num_attention_heads","param_value_internal":2,"distribution":"{\"name\": \"CategoricalDistribution\", \"attributes\": {\"choices\": [2, 4, 8]}}"}
{"op_code":5,"worker_id":"7eb9f103-d3a1-4097-bc1b-ac23da6d5105-139751315212096","trial_id":17,"param_name":"intermediate_size","param_value_internal":0,"distribution":"{\"name\": \"CategoricalDistribution\", \"attributes\": {\"choices\": [32, 64, 128]}}"}
{"op_code":6,"worker_id":"7eb9f103-d3a1-4097-bc1b-ac23da6d5105-139751315212096","trial_id":17,"state":1,"values":[0.6988071570576541],"datetime_complete":"2026-04-05T22:50:26.907812"}
{"op_code":4,"worker_id":"7eb9f103-d3a1-4097-bc1b-ac23da6d5105-139751315212096","study_id":0,"datetime_start":"2026-04-05T22:50:26.935898"}
{"op_code":5,"worker_id":"7eb9f103-d3a1-4097-bc1b-ac23da6d5105-139751315212096","trial_id":18,"param_name":"learning_rate","param_value_internal":0.0012128109334005564,"distribution":"{\"name\": \"FloatDistribution\", \"attributes\": {\"step\": null, \"low\": 0.0001, \"high\": 0.01, \"log\": true}}"}
{"op_code":5,"worker_id":"7eb9f103-d3a1-4097-bc1b-ac23da6d5105-139751315212096","trial_id":18,"param_name":"hidden_size","param_value_internal":2,"distribution":"{\"name\": \"CategoricalDistribution\", \"attributes\": {\"choices\": [8, 16, 32]}}"}
{"op_code":5,"worker_id":"7eb9f103-d3a1-4097-bc1b-ac23da6d5105-139751315212096","trial_id":18,"param_name":"num_hidden_layers","param_value_internal":1,"distribution":"{\"name\": \"CategoricalDistribution\", \"attributes\": {\"choices\": [1, 2, 3, 4]}}"}
{"op_code":5,"worker_id":"7eb9f103-d3a1-4097-bc1b-ac23da6d5105-139751315212096","trial_id":18,"param_name":"num_attention_heads","param_value_internal":2,"distribution":"{\"name\": \"CategoricalDistribution\", \"attributes\": {\"choices\": [2, 4, 8]}}"}
{"op_code":5,"worker_id":"7eb9f103-d3a1-4097-bc1b-ac23da6d5105-139751315212096","trial_id":18,"param_name":"intermediate_size","param_value_internal":0,"distribution":"{\"name\": \"CategoricalDistribution\", \"attributes\": {\"choices\": [32, 64, 128]}}"}
{"op_code":6,"worker_id":"7eb9f103-d3a1-4097-bc1b-ac23da6d5105-139751315212096","trial_id":18,"state":1,"values":[0.5815109343936382],"datetime_complete":"2026-04-05T22:50:29.723029"}
{"op_code":4,"worker_id":"7eb9f103-d3a1-4097-bc1b-ac23da6d5105-139751315212096","study_id":0,"datetime_start":"2026-04-05T22:50:29.734709"}
{"op_code":5,"worker_id":"7eb9f103-d3a1-4097-bc1b-ac23da6d5105-139751315212096","trial_id":19,"param_name":"learning_rate","param_value_internal":0.002135166754247703,"distribution":"{\"name\": \"FloatDistribution\", \"attributes\": {\"step\": null, \"low\": 0.0001, \"high\": 0.01, \"log\": true}}"}
{"op_code":5,"worker_id":"7eb9f103-d3a1-4097-bc1b-ac23da6d5105-139751315212096","trial_id":19,"param_name":"hidden_size","param_value_internal":0,"distribution":"{\"name\": \"CategoricalDistribution\", \"attributes\": {\"choices\": [8, 16, 32]}}"}
{"op_code":5,"worker_id":"7eb9f103-d3a1-4097-bc1b-ac23da6d5105-139751315212096","trial_id":19,"param_name":"num_hidden_layers","param_value_internal":2,"distribution":"{\"name\": \"CategoricalDistribution\", \"attributes\": {\"choices\": [1, 2, 3, 4]}}"}
{"op_code":5,"worker_id":"7eb9f103-d3a1-4097-bc1b-ac23da6d5105-139751315212096","trial_id":19,"param_name":"num_attention_heads","param_value_internal":0,"distribution":"{\"name\": \"CategoricalDistribution\", \"attributes\": {\"choices\": [2, 4, 8]}}"}
{"op_code":5,"worker_id":"7eb9f103-d3a1-4097-bc1b-ac23da6d5105-139751315212096","trial_id":19,"param_name":"intermediate_size","param_value_internal":1,"distribution":"{\"name\": \"CategoricalDistribution\", \"attributes\": {\"choices\": [32, 64, 128]}}"}
{"op_code":6,"worker_id":"7eb9f103-d3a1-4097-bc1b-ac23da6d5105-139751315212096","trial_id":19,"state":1,"values":[0.6809145129224652],"datetime_complete":"2026-04-05T22:50:35.957401"}
