{"op_code":0,"worker_id":"2b1986be-2d17-47b0-9336-9235ed1d155e-140056154384192","study_name":"tabpfn_pchazard","directions":[2]}
{"op_code":4,"worker_id":"2b1986be-2d17-47b0-9336-9235ed1d155e-140056154384192","study_id":0,"datetime_start":"2026-03-31T16:10:24.236994"}
{"op_code":5,"worker_id":"2b1986be-2d17-47b0-9336-9235ed1d155e-140056154384192","trial_id":0,"param_name":"lr","param_value_internal":0.0369265683954468,"distribution":"{\"name\": \"FloatDistribution\", \"attributes\": {\"step\": null, \"low\": 0.0001, \"high\": 0.1, \"log\": true}}"}
{"op_code":5,"worker_id":"2b1986be-2d17-47b0-9336-9235ed1d155e-140056154384192","trial_id":0,"param_name":"dropout","param_value_internal":0.15843555353742678,"distribution":"{\"name\": \"FloatDistribution\", \"attributes\": {\"step\": null, \"low\": 0.0, \"high\": 0.5, \"log\": false}}"}
{"op_code":5,"worker_id":"2b1986be-2d17-47b0-9336-9235ed1d155e-140056154384192","trial_id":0,"param_name":"nodes","param_value_internal":0,"distribution":"{\"name\": \"CategoricalDistribution\", \"attributes\": {\"choices\": [\"64-64\", \"128-64\", \"256-128\"]}}"}
{"op_code":6,"worker_id":"2b1986be-2d17-47b0-9336-9235ed1d155e-140056154384192","trial_id":0,"state":1,"values":[0.7123812697883686],"datetime_complete":"2026-03-31T16:10:26.043101"}
{"op_code":4,"worker_id":"2b1986be-2d17-47b0-9336-9235ed1d155e-140056154384192","study_id":0,"datetime_start":"2026-03-31T16:10:26.066109"}
{"op_code":5,"worker_id":"2b1986be-2d17-47b0-9336-9235ed1d155e-140056154384192","trial_id":1,"param_name":"lr","param_value_internal":0.0007385635814136484,"distribution":"{\"name\": \"FloatDistribution\", \"attributes\": {\"step\": null, \"low\": 0.0001, \"high\": 0.1, \"log\": true}}"}
{"op_code":5,"worker_id":"2b1986be-2d17-47b0-9336-9235ed1d155e-140056154384192","trial_id":1,"param_name":"dropout","param_value_internal":0.21391505869729366,"distribution":"{\"name\": \"FloatDistribution\", \"attributes\": {\"step\": null, \"low\": 0.0, \"high\": 0.5, \"log\": false}}"}
{"op_code":5,"worker_id":"2b1986be-2d17-47b0-9336-9235ed1d155e-140056154384192","trial_id":1,"param_name":"nodes","param_value_internal":0,"distribution":"{\"name\": \"CategoricalDistribution\", \"attributes\": {\"choices\": [\"64-64\", \"128-64\", \"256-128\"]}}"}
{"op_code":6,"worker_id":"2b1986be-2d17-47b0-9336-9235ed1d155e-140056154384192","trial_id":1,"state":1,"values":[0.7148808531911348],"datetime_complete":"2026-03-31T16:10:27.879429"}
{"op_code":4,"worker_id":"2b1986be-2d17-47b0-9336-9235ed1d155e-140056154384192","study_id":0,"datetime_start":"2026-03-31T16:10:27.905364"}
{"op_code":5,"worker_id":"2b1986be-2d17-47b0-9336-9235ed1d155e-140056154384192","trial_id":2,"param_name":"lr","param_value_internal":0.00013037037328126187,"distribution":"{\"name\": \"FloatDistribution\", \"attributes\": {\"step\": null, \"low\": 0.0001, \"high\": 0.1, \"log\": true}}"}
{"op_code":5,"worker_id":"2b1986be-2d17-47b0-9336-9235ed1d155e-140056154384192","trial_id":2,"param_name":"dropout","param_value_internal":0.317934043708925,"distribution":"{\"name\": \"FloatDistribution\", \"attributes\": {\"step\": null, \"low\": 0.0, \"high\": 0.5, \"log\": false}}"}
{"op_code":5,"worker_id":"2b1986be-2d17-47b0-9336-9235ed1d155e-140056154384192","trial_id":2,"param_name":"nodes","param_value_internal":0,"distribution":"{\"name\": \"CategoricalDistribution\", \"attributes\": {\"choices\": [\"64-64\", \"128-64\", \"256-128\"]}}"}
{"op_code":6,"worker_id":"2b1986be-2d17-47b0-9336-9235ed1d155e-140056154384192","trial_id":2,"state":1,"values":[0.7087152141309782],"datetime_complete":"2026-03-31T16:10:29.752495"}
{"op_code":4,"worker_id":"2b1986be-2d17-47b0-9336-9235ed1d155e-140056154384192","study_id":0,"datetime_start":"2026-03-31T16:10:29.778571"}
{"op_code":5,"worker_id":"2b1986be-2d17-47b0-9336-9235ed1d155e-140056154384192","trial_id":3,"param_name":"lr","param_value_internal":0.000305112745712317,"distribution":"{\"name\": \"FloatDistribution\", \"attributes\": {\"step\": null, \"low\": 0.0001, \"high\": 0.1, \"log\": true}}"}
{"op_code":5,"worker_id":"2b1986be-2d17-47b0-9336-9235ed1d155e-140056154384192","trial_id":3,"param_name":"dropout","param_value_internal":0.00576710590965257,"distribution":"{\"name\": \"FloatDistribution\", \"attributes\": {\"step\": null, \"low\": 0.0, \"high\": 0.5, \"log\": false}}"}
{"op_code":5,"worker_id":"2b1986be-2d17-47b0-9336-9235ed1d155e-140056154384192","trial_id":3,"param_name":"nodes","param_value_internal":1,"distribution":"{\"name\": \"CategoricalDistribution\", \"attributes\": {\"choices\": [\"64-64\", \"128-64\", \"256-128\"]}}"}
{"op_code":6,"worker_id":"2b1986be-2d17-47b0-9336-9235ed1d155e-140056154384192","trial_id":3,"state":1,"values":[0.7092151308115314],"datetime_complete":"2026-03-31T16:10:31.608860"}
{"op_code":4,"worker_id":"2b1986be-2d17-47b0-9336-9235ed1d155e-140056154384192","study_id":0,"datetime_start":"2026-03-31T16:10:31.636502"}
{"op_code":5,"worker_id":"2b1986be-2d17-47b0-9336-9235ed1d155e-140056154384192","trial_id":4,"param_name":"lr","param_value_internal":0.00016386997712569915,"distribution":"{\"name\": \"FloatDistribution\", \"attributes\": {\"step\": null, \"low\": 0.0001, \"high\": 0.1, \"log\": true}}"}
{"op_code":5,"worker_id":"2b1986be-2d17-47b0-9336-9235ed1d155e-140056154384192","trial_id":4,"param_name":"dropout","param_value_internal":0.21269272437324832,"distribution":"{\"name\": \"FloatDistribution\", \"attributes\": {\"step\": null, \"low\": 0.0, \"high\": 0.5, \"log\": false}}"}
{"op_code":5,"worker_id":"2b1986be-2d17-47b0-9336-9235ed1d155e-140056154384192","trial_id":4,"param_name":"nodes","param_value_internal":2,"distribution":"{\"name\": \"CategoricalDistribution\", \"attributes\": {\"choices\": [\"64-64\", \"128-64\", \"256-128\"]}}"}
{"op_code":6,"worker_id":"2b1986be-2d17-47b0-9336-9235ed1d155e-140056154384192","trial_id":4,"state":1,"values":[0.7129020163306116],"datetime_complete":"2026-03-31T16:10:33.458323"}
{"op_code":4,"worker_id":"2b1986be-2d17-47b0-9336-9235ed1d155e-140056154384192","study_id":0,"datetime_start":"2026-03-31T16:10:33.481013"}
{"op_code":5,"worker_id":"2b1986be-2d17-47b0-9336-9235ed1d155e-140056154384192","trial_id":5,"param_name":"lr","param_value_internal":0.02229543071357587,"distribution":"{\"name\": \"FloatDistribution\", \"attributes\": {\"step\": null, \"low\": 0.0001, \"high\": 0.1, \"log\": true}}"}
{"op_code":5,"worker_id":"2b1986be-2d17-47b0-9336-9235ed1d155e-140056154384192","trial_id":5,"param_name":"dropout","param_value_internal":0.4472155494398042,"distribution":"{\"name\": \"FloatDistribution\", \"attributes\": {\"step\": null, \"low\": 0.0, \"high\": 0.5, \"log\": false}}"}
{"op_code":5,"worker_id":"2b1986be-2d17-47b0-9336-9235ed1d155e-140056154384192","trial_id":5,"param_name":"nodes","param_value_internal":1,"distribution":"{\"name\": \"CategoricalDistribution\", \"attributes\": {\"choices\": [\"64-64\", \"128-64\", \"256-128\"]}}"}
{"op_code":6,"worker_id":"2b1986be-2d17-47b0-9336-9235ed1d155e-140056154384192","trial_id":5,"state":1,"values":[0.7130061656390602],"datetime_complete":"2026-03-31T16:10:35.302896"}
{"op_code":4,"worker_id":"2b1986be-2d17-47b0-9336-9235ed1d155e-140056154384192","study_id":0,"datetime_start":"2026-03-31T16:10:35.327955"}
{"op_code":5,"worker_id":"2b1986be-2d17-47b0-9336-9235ed1d155e-140056154384192","trial_id":6,"param_name":"lr","param_value_internal":0.0264803585167754,"distribution":"{\"name\": \"FloatDistribution\", \"attributes\": {\"step\": null, \"low\": 0.0001, \"high\": 0.1, \"log\": true}}"}
{"op_code":5,"worker_id":"2b1986be-2d17-47b0-9336-9235ed1d155e-140056154384192","trial_id":6,"param_name":"dropout","param_value_internal":0.41590981225256357,"distribution":"{\"name\": \"FloatDistribution\", \"attributes\": {\"step\": null, \"low\": 0.0, \"high\": 0.5, \"log\": false}}"}
{"op_code":5,"worker_id":"2b1986be-2d17-47b0-9336-9235ed1d155e-140056154384192","trial_id":6,"param_name":"nodes","param_value_internal":2,"distribution":"{\"name\": \"CategoricalDistribution\", \"attributes\": {\"choices\": [\"64-64\", \"128-64\", \"256-128\"]}}"}
{"op_code":6,"worker_id":"2b1986be-2d17-47b0-9336-9235ed1d155e-140056154384192","trial_id":6,"state":1,"values":[0.7136935510748209],"datetime_complete":"2026-03-31T16:10:37.142048"}
{"op_code":4,"worker_id":"2b1986be-2d17-47b0-9336-9235ed1d155e-140056154384192","study_id":0,"datetime_start":"2026-03-31T16:10:37.169070"}
{"op_code":5,"worker_id":"2b1986be-2d17-47b0-9336-9235ed1d155e-140056154384192","trial_id":7,"param_name":"lr","param_value_internal":0.00032805944023317794,"distribution":"{\"name\": \"FloatDistribution\", \"attributes\": {\"step\": null, \"low\": 0.0001, \"high\": 0.1, \"log\": true}}"}
{"op_code":5,"worker_id":"2b1986be-2d17-47b0-9336-9235ed1d155e-140056154384192","trial_id":7,"param_name":"dropout","param_value_internal":0.11301726750778812,"distribution":"{\"name\": \"FloatDistribution\", \"attributes\": {\"step\": null, \"low\": 0.0, \"high\": 0.5, \"log\": false}}"}
{"op_code":5,"worker_id":"2b1986be-2d17-47b0-9336-9235ed1d155e-140056154384192","trial_id":7,"param_name":"nodes","param_value_internal":2,"distribution":"{\"name\": \"CategoricalDistribution\", \"attributes\": {\"choices\": [\"64-64\", \"128-64\", \"256-128\"]}}"}
{"op_code":6,"worker_id":"2b1986be-2d17-47b0-9336-9235ed1d155e-140056154384192","trial_id":7,"state":1,"values":[0.708506915514081],"datetime_complete":"2026-03-31T16:10:38.995323"}
{"op_code":4,"worker_id":"2b1986be-2d17-47b0-9336-9235ed1d155e-140056154384192","study_id":0,"datetime_start":"2026-03-31T16:10:39.022268"}
{"op_code":5,"worker_id":"2b1986be-2d17-47b0-9336-9235ed1d155e-140056154384192","trial_id":8,"param_name":"lr","param_value_internal":0.07497175454500947,"distribution":"{\"name\": \"FloatDistribution\", \"attributes\": {\"step\": null, \"low\": 0.0001, \"high\": 0.1, \"log\": true}}"}
{"op_code":5,"worker_id":"2b1986be-2d17-47b0-9336-9235ed1d155e-140056154384192","trial_id":8,"param_name":"dropout","param_value_internal":0.16396893180343552,"distribution":"{\"name\": \"FloatDistribution\", \"attributes\": {\"step\": null, \"low\": 0.0, \"high\": 0.5, \"log\": false}}"}
{"op_code":5,"worker_id":"2b1986be-2d17-47b0-9336-9235ed1d155e-140056154384192","trial_id":8,"param_name":"nodes","param_value_internal":1,"distribution":"{\"name\": \"CategoricalDistribution\", \"attributes\": {\"choices\": [\"64-64\", \"128-64\", \"256-128\"]}}"}
{"op_code":6,"worker_id":"2b1986be-2d17-47b0-9336-9235ed1d155e-140056154384192","trial_id":8,"state":1,"values":[0.7095692384602567],"datetime_complete":"2026-03-31T16:10:40.857869"}
{"op_code":4,"worker_id":"2b1986be-2d17-47b0-9336-9235ed1d155e-140056154384192","study_id":0,"datetime_start":"2026-03-31T16:10:40.879393"}
{"op_code":5,"worker_id":"2b1986be-2d17-47b0-9336-9235ed1d155e-140056154384192","trial_id":9,"param_name":"lr","param_value_internal":0.0001485277033721813,"distribution":"{\"name\": \"FloatDistribution\", \"attributes\": {\"step\": null, \"low\": 0.0001, \"high\": 0.1, \"log\": true}}"}
{"op_code":5,"worker_id":"2b1986be-2d17-47b0-9336-9235ed1d155e-140056154384192","trial_id":9,"param_name":"dropout","param_value_internal":0.3448104286203431,"distribution":"{\"name\": \"FloatDistribution\", \"attributes\": {\"step\": null, \"low\": 0.0, \"high\": 0.5, \"log\": false}}"}
{"op_code":5,"worker_id":"2b1986be-2d17-47b0-9336-9235ed1d155e-140056154384192","trial_id":9,"param_name":"nodes","param_value_internal":2,"distribution":"{\"name\": \"CategoricalDistribution\", \"attributes\": {\"choices\": [\"64-64\", \"128-64\", \"256-128\"]}}"}
{"op_code":6,"worker_id":"2b1986be-2d17-47b0-9336-9235ed1d155e-140056154384192","trial_id":9,"state":1,"values":[0.7109856690551575],"datetime_complete":"2026-03-31T16:10:42.699162"}
{"op_code":4,"worker_id":"2b1986be-2d17-47b0-9336-9235ed1d155e-140056154384192","study_id":0,"datetime_start":"2026-03-31T16:10:42.724248"}
{"op_code":5,"worker_id":"2b1986be-2d17-47b0-9336-9235ed1d155e-140056154384192","trial_id":10,"param_name":"lr","param_value_internal":0.002035320271351125,"distribution":"{\"name\": \"FloatDistribution\", \"attributes\": {\"step\": null, \"low\": 0.0001, \"high\": 0.1, \"log\": true}}"}
{"op_code":5,"worker_id":"2b1986be-2d17-47b0-9336-9235ed1d155e-140056154384192","trial_id":10,"param_name":"dropout","param_value_internal":0.03672930121497944,"distribution":"{\"name\": \"FloatDistribution\", \"attributes\": {\"step\": null, \"low\": 0.0, \"high\": 0.5, \"log\": false}}"}
{"op_code":5,"worker_id":"2b1986be-2d17-47b0-9336-9235ed1d155e-140056154384192","trial_id":10,"param_name":"nodes","param_value_internal":0,"distribution":"{\"name\": \"CategoricalDistribution\", \"attributes\": {\"choices\": [\"64-64\", \"128-64\", \"256-128\"]}}"}
{"op_code":6,"worker_id":"2b1986be-2d17-47b0-9336-9235ed1d155e-140056154384192","trial_id":10,"state":1,"values":[0.7074654224295951],"datetime_complete":"2026-03-31T16:10:44.535983"}
{"op_code":4,"worker_id":"2b1986be-2d17-47b0-9336-9235ed1d155e-140056154384192","study_id":0,"datetime_start":"2026-03-31T16:10:44.553014"}
{"op_code":5,"worker_id":"2b1986be-2d17-47b0-9336-9235ed1d155e-140056154384192","trial_id":11,"param_name":"lr","param_value_internal":0.004079694511966141,"distribution":"{\"name\": \"FloatDistribution\", \"attributes\": {\"step\": null, \"low\": 0.0001, \"high\": 0.1, \"log\": true}}"}
{"op_code":5,"worker_id":"2b1986be-2d17-47b0-9336-9235ed1d155e-140056154384192","trial_id":11,"param_name":"dropout","param_value_internal":0.4559923143184993,"distribution":"{\"name\": \"FloatDistribution\", \"attributes\": {\"step\": null, \"low\": 0.0, \"high\": 0.5, \"log\": false}}"}
{"op_code":5,"worker_id":"2b1986be-2d17-47b0-9336-9235ed1d155e-140056154384192","trial_id":11,"param_name":"nodes","param_value_internal":0,"distribution":"{\"name\": \"CategoricalDistribution\", \"attributes\": {\"choices\": [\"64-64\", \"128-64\", \"256-128\"]}}"}
{"op_code":6,"worker_id":"2b1986be-2d17-47b0-9336-9235ed1d155e-140056154384192","trial_id":11,"state":1,"values":[0.7138185302449592],"datetime_complete":"2026-03-31T16:10:46.353869"}
{"op_code":4,"worker_id":"2b1986be-2d17-47b0-9336-9235ed1d155e-140056154384192","study_id":0,"datetime_start":"2026-03-31T16:10:46.380230"}
{"op_code":5,"worker_id":"2b1986be-2d17-47b0-9336-9235ed1d155e-140056154384192","trial_id":12,"param_name":"lr","param_value_internal":0.0021581382502436235,"distribution":"{\"name\": \"FloatDistribution\", \"attributes\": {\"step\": null, \"low\": 0.0001, \"high\": 0.1, \"log\": true}}"}
{"op_code":5,"worker_id":"2b1986be-2d17-47b0-9336-9235ed1d155e-140056154384192","trial_id":12,"param_name":"dropout","param_value_internal":0.2825253447898398,"distribution":"{\"name\": \"FloatDistribution\", \"attributes\": {\"step\": null, \"low\": 0.0, \"high\": 0.5, \"log\": false}}"}
{"op_code":5,"worker_id":"2b1986be-2d17-47b0-9336-9235ed1d155e-140056154384192","trial_id":12,"param_name":"nodes","param_value_internal":0,"distribution":"{\"name\": \"CategoricalDistribution\", \"attributes\": {\"choices\": [\"64-64\", \"128-64\", \"256-128\"]}}"}
{"op_code":6,"worker_id":"2b1986be-2d17-47b0-9336-9235ed1d155e-140056154384192","trial_id":12,"state":1,"values":[0.7126103982669555],"datetime_complete":"2026-03-31T16:10:48.187811"}
{"op_code":4,"worker_id":"2b1986be-2d17-47b0-9336-9235ed1d155e-140056154384192","study_id":0,"datetime_start":"2026-03-31T16:10:48.217266"}
{"op_code":5,"worker_id":"2b1986be-2d17-47b0-9336-9235ed1d155e-140056154384192","trial_id":13,"param_name":"lr","param_value_internal":0.00680913969627144,"distribution":"{\"name\": \"FloatDistribution\", \"attributes\": {\"step\": null, \"low\": 0.0001, \"high\": 0.1, \"log\": true}}"}
{"op_code":5,"worker_id":"2b1986be-2d17-47b0-9336-9235ed1d155e-140056154384192","trial_id":13,"param_name":"dropout","param_value_internal":0.49715765198652495,"distribution":"{\"name\": \"FloatDistribution\", \"attributes\": {\"step\": null, \"low\": 0.0, \"high\": 0.5, \"log\": false}}"}
{"op_code":5,"worker_id":"2b1986be-2d17-47b0-9336-9235ed1d155e-140056154384192","trial_id":13,"param_name":"nodes","param_value_internal":0,"distribution":"{\"name\": \"CategoricalDistribution\", \"attributes\": {\"choices\": [\"64-64\", \"128-64\", \"256-128\"]}}"}
{"op_code":6,"worker_id":"2b1986be-2d17-47b0-9336-9235ed1d155e-140056154384192","trial_id":13,"state":1,"values":[0.7147975337443759],"datetime_complete":"2026-03-31T16:10:50.047581"}
{"op_code":4,"worker_id":"2b1986be-2d17-47b0-9336-9235ed1d155e-140056154384192","study_id":0,"datetime_start":"2026-03-31T16:10:50.068320"}
{"op_code":5,"worker_id":"2b1986be-2d17-47b0-9336-9235ed1d155e-140056154384192","trial_id":14,"param_name":"lr","param_value_internal":0.0074075647497580995,"distribution":"{\"name\": \"FloatDistribution\", \"attributes\": {\"step\": null, \"low\": 0.0001, \"high\": 0.1, \"log\": true}}"}
{"op_code":5,"worker_id":"2b1986be-2d17-47b0-9336-9235ed1d155e-140056154384192","trial_id":14,"param_name":"dropout","param_value_internal":0.36580646737852796,"distribution":"{\"name\": \"FloatDistribution\", \"attributes\": {\"step\": null, \"low\": 0.0, \"high\": 0.5, \"log\": false}}"}
{"op_code":5,"worker_id":"2b1986be-2d17-47b0-9336-9235ed1d155e-140056154384192","trial_id":14,"param_name":"nodes","param_value_internal":0,"distribution":"{\"name\": \"CategoricalDistribution\", \"attributes\": {\"choices\": [\"64-64\", \"128-64\", \"256-128\"]}}"}
{"op_code":6,"worker_id":"2b1986be-2d17-47b0-9336-9235ed1d155e-140056154384192","trial_id":14,"state":1,"values":[0.7125895684052658],"datetime_complete":"2026-03-31T16:10:51.907706"}
{"op_code":4,"worker_id":"2b1986be-2d17-47b0-9336-9235ed1d155e-140056154384192","study_id":0,"datetime_start":"2026-03-31T16:10:51.926896"}
{"op_code":5,"worker_id":"2b1986be-2d17-47b0-9336-9235ed1d155e-140056154384192","trial_id":15,"param_name":"lr","param_value_internal":0.0008750466273385902,"distribution":"{\"name\": \"FloatDistribution\", \"attributes\": {\"step\": null, \"low\": 0.0001, \"high\": 0.1, \"log\": true}}"}
{"op_code":5,"worker_id":"2b1986be-2d17-47b0-9336-9235ed1d155e-140056154384192","trial_id":15,"param_name":"dropout","param_value_internal":0.24602026060780727,"distribution":"{\"name\": \"FloatDistribution\", \"attributes\": {\"step\": null, \"low\": 0.0, \"high\": 0.5, \"log\": false}}"}
{"op_code":5,"worker_id":"2b1986be-2d17-47b0-9336-9235ed1d155e-140056154384192","trial_id":15,"param_name":"nodes","param_value_internal":0,"distribution":"{\"name\": \"CategoricalDistribution\", \"attributes\": {\"choices\": [\"64-64\", \"128-64\", \"256-128\"]}}"}
{"op_code":6,"worker_id":"2b1986be-2d17-47b0-9336-9235ed1d155e-140056154384192","trial_id":15,"state":1,"values":[0.7107773704382603],"datetime_complete":"2026-03-31T16:10:53.728465"}
{"op_code":4,"worker_id":"2b1986be-2d17-47b0-9336-9235ed1d155e-140056154384192","study_id":0,"datetime_start":"2026-03-31T16:10:53.748945"}
{"op_code":5,"worker_id":"2b1986be-2d17-47b0-9336-9235ed1d155e-140056154384192","trial_id":16,"param_name":"lr","param_value_internal":0.0008589343475504681,"distribution":"{\"name\": \"FloatDistribution\", \"attributes\": {\"step\": null, \"low\": 0.0001, \"high\": 0.1, \"log\": true}}"}
{"op_code":5,"worker_id":"2b1986be-2d17-47b0-9336-9235ed1d155e-140056154384192","trial_id":16,"param_name":"dropout","param_value_internal":0.48709808851144154,"distribution":"{\"name\": \"FloatDistribution\", \"attributes\": {\"step\": null, \"low\": 0.0, \"high\": 0.5, \"log\": false}}"}
{"op_code":5,"worker_id":"2b1986be-2d17-47b0-9336-9235ed1d155e-140056154384192","trial_id":16,"param_name":"nodes","param_value_internal":0,"distribution":"{\"name\": \"CategoricalDistribution\", \"attributes\": {\"choices\": [\"64-64\", \"128-64\", \"256-128\"]}}"}
{"op_code":6,"worker_id":"2b1986be-2d17-47b0-9336-9235ed1d155e-140056154384192","trial_id":16,"state":1,"values":[0.716422262956174],"datetime_complete":"2026-03-31T16:10:55.559815"}
{"op_code":4,"worker_id":"2b1986be-2d17-47b0-9336-9235ed1d155e-140056154384192","study_id":0,"datetime_start":"2026-03-31T16:10:55.588348"}
{"op_code":5,"worker_id":"2b1986be-2d17-47b0-9336-9235ed1d155e-140056154384192","trial_id":17,"param_name":"lr","param_value_internal":0.0008613156082298395,"distribution":"{\"name\": \"FloatDistribution\", \"attributes\": {\"step\": null, \"low\": 0.0001, \"high\": 0.1, \"log\": true}}"}
{"op_code":5,"worker_id":"2b1986be-2d17-47b0-9336-9235ed1d155e-140056154384192","trial_id":17,"param_name":"dropout","param_value_internal":0.10104050920083307,"distribution":"{\"name\": \"FloatDistribution\", \"attributes\": {\"step\": null, \"low\": 0.0, \"high\": 0.5, \"log\": false}}"}
{"op_code":5,"worker_id":"2b1986be-2d17-47b0-9336-9235ed1d155e-140056154384192","trial_id":17,"param_name":"nodes","param_value_internal":0,"distribution":"{\"name\": \"CategoricalDistribution\", \"attributes\": {\"choices\": [\"64-64\", \"128-64\", \"256-128\"]}}"}
{"op_code":6,"worker_id":"2b1986be-2d17-47b0-9336-9235ed1d155e-140056154384192","trial_id":17,"state":1,"values":[0.7132977837027162],"datetime_complete":"2026-03-31T16:10:57.448842"}
{"op_code":4,"worker_id":"2b1986be-2d17-47b0-9336-9235ed1d155e-140056154384192","study_id":0,"datetime_start":"2026-03-31T16:10:57.471471"}
{"op_code":5,"worker_id":"2b1986be-2d17-47b0-9336-9235ed1d155e-140056154384192","trial_id":18,"param_name":"lr","param_value_internal":0.000862472569423385,"distribution":"{\"name\": \"FloatDistribution\", \"attributes\": {\"step\": null, \"low\": 0.0001, \"high\": 0.1, \"log\": true}}"}
{"op_code":5,"worker_id":"2b1986be-2d17-47b0-9336-9235ed1d155e-140056154384192","trial_id":18,"param_name":"dropout","param_value_internal":0.2557462813083519,"distribution":"{\"name\": \"FloatDistribution\", \"attributes\": {\"step\": null, \"low\": 0.0, \"high\": 0.5, \"log\": false}}"}
{"op_code":5,"worker_id":"2b1986be-2d17-47b0-9336-9235ed1d155e-140056154384192","trial_id":18,"param_name":"nodes","param_value_internal":0,"distribution":"{\"name\": \"CategoricalDistribution\", \"attributes\": {\"choices\": [\"64-64\", \"128-64\", \"256-128\"]}}"}
{"op_code":6,"worker_id":"2b1986be-2d17-47b0-9336-9235ed1d155e-140056154384192","trial_id":18,"state":1,"values":[0.7123604399266789],"datetime_complete":"2026-03-31T16:10:59.306034"}
{"op_code":4,"worker_id":"2b1986be-2d17-47b0-9336-9235ed1d155e-140056154384192","study_id":0,"datetime_start":"2026-03-31T16:10:59.319653"}
{"op_code":5,"worker_id":"2b1986be-2d17-47b0-9336-9235ed1d155e-140056154384192","trial_id":19,"param_name":"lr","param_value_internal":0.00044778327669239777,"distribution":"{\"name\": \"FloatDistribution\", \"attributes\": {\"step\": null, \"low\": 0.0001, \"high\": 0.1, \"log\": true}}"}
{"op_code":5,"worker_id":"2b1986be-2d17-47b0-9336-9235ed1d155e-140056154384192","trial_id":19,"param_name":"dropout","param_value_internal":0.39242113622968333,"distribution":"{\"name\": \"FloatDistribution\", \"attributes\": {\"step\": null, \"low\": 0.0, \"high\": 0.5, \"log\": false}}"}
{"op_code":5,"worker_id":"2b1986be-2d17-47b0-9336-9235ed1d155e-140056154384192","trial_id":19,"param_name":"nodes","param_value_internal":1,"distribution":"{\"name\": \"CategoricalDistribution\", \"attributes\": {\"choices\": [\"64-64\", \"128-64\", \"256-128\"]}}"}
{"op_code":6,"worker_id":"2b1986be-2d17-47b0-9336-9235ed1d155e-140056154384192","trial_id":19,"state":1,"values":[0.7175887352107982],"datetime_complete":"2026-03-31T16:11:01.120854"}
{"op_code":0,"worker_id":"73b51405-15db-4e61-b427-a15c554340e0-140544486217536","study_name":"tabpfn_pchazard","directions":[2]}
{"op_code":4,"worker_id":"73b51405-15db-4e61-b427-a15c554340e0-140544486217536","study_id":0,"datetime_start":"2026-04-01T02:57:24.911138"}
{"op_code":5,"worker_id":"73b51405-15db-4e61-b427-a15c554340e0-140544486217536","trial_id":20,"param_name":"lr","param_value_internal":0.0003295556173775636,"distribution":"{\"name\": \"FloatDistribution\", \"attributes\": {\"step\": null, \"low\": 0.0001, \"high\": 0.1, \"log\": true}}"}
{"op_code":5,"worker_id":"73b51405-15db-4e61-b427-a15c554340e0-140544486217536","trial_id":20,"param_name":"dropout","param_value_internal":0.3990120902334583,"distribution":"{\"name\": \"FloatDistribution\", \"attributes\": {\"step\": null, \"low\": 0.0, \"high\": 0.5, \"log\": false}}"}
{"op_code":5,"worker_id":"73b51405-15db-4e61-b427-a15c554340e0-140544486217536","trial_id":20,"param_name":"nodes","param_value_internal":1,"distribution":"{\"name\": \"CategoricalDistribution\", \"attributes\": {\"choices\": [\"64-64\", \"128-64\", \"256-128\"]}}"}
{"op_code":6,"worker_id":"73b51405-15db-4e61-b427-a15c554340e0-140544486217536","trial_id":20,"state":1,"values":[0.7169013497750375],"datetime_complete":"2026-04-01T02:57:26.626776"}
{"op_code":4,"worker_id":"73b51405-15db-4e61-b427-a15c554340e0-140544486217536","study_id":0,"datetime_start":"2026-04-01T02:57:26.639042"}
{"op_code":5,"worker_id":"73b51405-15db-4e61-b427-a15c554340e0-140544486217536","trial_id":21,"param_name":"lr","param_value_internal":0.0004271173842229542,"distribution":"{\"name\": \"FloatDistribution\", \"attributes\": {\"step\": null, \"low\": 0.0001, \"high\": 0.1, \"log\": true}}"}
{"op_code":5,"worker_id":"73b51405-15db-4e61-b427-a15c554340e0-140544486217536","trial_id":21,"param_name":"dropout","param_value_internal":0.398967608902086,"distribution":"{\"name\": \"FloatDistribution\", \"attributes\": {\"step\": null, \"low\": 0.0, \"high\": 0.5, \"log\": false}}"}
{"op_code":5,"worker_id":"73b51405-15db-4e61-b427-a15c554340e0-140544486217536","trial_id":21,"param_name":"nodes","param_value_internal":1,"distribution":"{\"name\": \"CategoricalDistribution\", \"attributes\": {\"choices\": [\"64-64\", \"128-64\", \"256-128\"]}}"}
{"op_code":6,"worker_id":"73b51405-15db-4e61-b427-a15c554340e0-140544486217536","trial_id":21,"state":1,"values":[0.7166513914347609],"datetime_complete":"2026-04-01T02:57:28.354491"}
{"op_code":4,"worker_id":"73b51405-15db-4e61-b427-a15c554340e0-140544486217536","study_id":0,"datetime_start":"2026-04-01T02:57:28.370755"}
{"op_code":5,"worker_id":"73b51405-15db-4e61-b427-a15c554340e0-140544486217536","trial_id":22,"param_name":"lr","param_value_internal":0.00036368714222393826,"distribution":"{\"name\": \"FloatDistribution\", \"attributes\": {\"step\": null, \"low\": 0.0001, \"high\": 0.1, \"log\": true}}"}
{"op_code":5,"worker_id":"73b51405-15db-4e61-b427-a15c554340e0-140544486217536","trial_id":22,"param_name":"dropout","param_value_internal":0.39268575916024673,"distribution":"{\"name\": \"FloatDistribution\", \"attributes\": {\"step\": null, \"low\": 0.0, \"high\": 0.5, \"log\": false}}"}
{"op_code":5,"worker_id":"73b51405-15db-4e61-b427-a15c554340e0-140544486217536","trial_id":22,"param_name":"nodes","param_value_internal":1,"distribution":"{\"name\": \"CategoricalDistribution\", \"attributes\": {\"choices\": [\"64-64\", \"128-64\", \"256-128\"]}}"}
{"op_code":6,"worker_id":"73b51405-15db-4e61-b427-a15c554340e0-140544486217536","trial_id":22,"state":1,"values":[0.7200049991668055],"datetime_complete":"2026-04-01T02:57:30.101142"}
{"op_code":4,"worker_id":"73b51405-15db-4e61-b427-a15c554340e0-140544486217536","study_id":0,"datetime_start":"2026-04-01T02:57:30.117288"}
{"op_code":5,"worker_id":"73b51405-15db-4e61-b427-a15c554340e0-140544486217536","trial_id":23,"param_name":"lr","param_value_internal":0.0004603056968390348,"distribution":"{\"name\": \"FloatDistribution\", \"attributes\": {\"step\": null, \"low\": 0.0001, \"high\": 0.1, \"log\": true}}"}
{"op_code":5,"worker_id":"73b51405-15db-4e61-b427-a15c554340e0-140544486217536","trial_id":23,"param_name":"dropout","param_value_internal":0.39417303886591293,"distribution":"{\"name\": \"FloatDistribution\", \"attributes\": {\"step\": null, \"low\": 0.0, \"high\": 0.5, \"log\": false}}"}
{"op_code":5,"worker_id":"73b51405-15db-4e61-b427-a15c554340e0-140544486217536","trial_id":23,"param_name":"nodes","param_value_internal":1,"distribution":"{\"name\": \"CategoricalDistribution\", \"attributes\": {\"choices\": [\"64-64\", \"128-64\", \"256-128\"]}}"}
{"op_code":6,"worker_id":"73b51405-15db-4e61-b427-a15c554340e0-140544486217536","trial_id":23,"state":1,"values":[0.715609898350275],"datetime_complete":"2026-04-01T02:57:31.824044"}
{"op_code":4,"worker_id":"73b51405-15db-4e61-b427-a15c554340e0-140544486217536","study_id":0,"datetime_start":"2026-04-01T02:57:31.850796"}
{"op_code":5,"worker_id":"73b51405-15db-4e61-b427-a15c554340e0-140544486217536","trial_id":24,"param_name":"lr","param_value_internal":0.00023970446953985354,"distribution":"{\"name\": \"FloatDistribution\", \"attributes\": {\"step\": null, \"low\": 0.0001, \"high\": 0.1, \"log\": true}}"}
{"op_code":5,"worker_id":"73b51405-15db-4e61-b427-a15c554340e0-140544486217536","trial_id":24,"param_name":"dropout","param_value_internal":0.30723258529749264,"distribution":"{\"name\": \"FloatDistribution\", \"attributes\": {\"step\": null, \"low\": 0.0, \"high\": 0.5, \"log\": false}}"}
{"op_code":5,"worker_id":"73b51405-15db-4e61-b427-a15c554340e0-140544486217536","trial_id":24,"param_name":"nodes","param_value_internal":1,"distribution":"{\"name\": \"CategoricalDistribution\", \"attributes\": {\"choices\": [\"64-64\", \"128-64\", \"256-128\"]}}"}
{"op_code":6,"worker_id":"73b51405-15db-4e61-b427-a15c554340e0-140544486217536","trial_id":24,"state":1,"values":[0.7161306448925179],"datetime_complete":"2026-04-01T02:57:33.634387"}
{"op_code":4,"worker_id":"73b51405-15db-4e61-b427-a15c554340e0-140544486217536","study_id":0,"datetime_start":"2026-04-01T02:57:33.650371"}
{"op_code":5,"worker_id":"73b51405-15db-4e61-b427-a15c554340e0-140544486217536","trial_id":25,"param_name":"lr","param_value_internal":0.001601442191771303,"distribution":"{\"name\": \"FloatDistribution\", \"attributes\": {\"step\": null, \"low\": 0.0001, \"high\": 0.1, \"log\": true}}"}
{"op_code":5,"worker_id":"73b51405-15db-4e61-b427-a15c554340e0-140544486217536","trial_id":25,"param_name":"dropout","param_value_internal":0.36530995991962406,"distribution":"{\"name\": \"FloatDistribution\", \"attributes\": {\"step\": null, \"low\": 0.0, \"high\": 0.5, \"log\": false}}"}
{"op_code":5,"worker_id":"73b51405-15db-4e61-b427-a15c554340e0-140544486217536","trial_id":25,"param_name":"nodes","param_value_internal":1,"distribution":"{\"name\": \"CategoricalDistribution\", \"attributes\": {\"choices\": [\"64-64\", \"128-64\", \"256-128\"]}}"}
{"op_code":6,"worker_id":"73b51405-15db-4e61-b427-a15c554340e0-140544486217536","trial_id":25,"state":1,"values":[0.713089485085819],"datetime_complete":"2026-04-01T02:57:35.380542"}
{"op_code":4,"worker_id":"73b51405-15db-4e61-b427-a15c554340e0-140544486217536","study_id":0,"datetime_start":"2026-04-01T02:57:35.397346"}
{"op_code":5,"worker_id":"73b51405-15db-4e61-b427-a15c554340e0-140544486217536","trial_id":26,"param_name":"lr","param_value_internal":0.00019730891102856575,"distribution":"{\"name\": \"FloatDistribution\", \"attributes\": {\"step\": null, \"low\": 0.0001, \"high\": 0.1, \"log\": true}}"}
{"op_code":5,"worker_id":"73b51405-15db-4e61-b427-a15c554340e0-140544486217536","trial_id":26,"param_name":"dropout","param_value_internal":0.4393994893336623,"distribution":"{\"name\": \"FloatDistribution\", \"attributes\": {\"step\": null, \"low\": 0.0, \"high\": 0.5, \"log\": false}}"}
{"op_code":5,"worker_id":"73b51405-15db-4e61-b427-a15c554340e0-140544486217536","trial_id":26,"param_name":"nodes","param_value_internal":1,"distribution":"{\"name\": \"CategoricalDistribution\", \"attributes\": {\"choices\": [\"64-64\", \"128-64\", \"256-128\"]}}"}
{"op_code":6,"worker_id":"73b51405-15db-4e61-b427-a15c554340e0-140544486217536","trial_id":26,"state":1,"values":[0.7043409431761373],"datetime_complete":"2026-04-01T02:57:37.111223"}
{"op_code":4,"worker_id":"73b51405-15db-4e61-b427-a15c554340e0-140544486217536","study_id":0,"datetime_start":"2026-04-01T02:57:37.127480"}
{"op_code":5,"worker_id":"73b51405-15db-4e61-b427-a15c554340e0-140544486217536","trial_id":27,"param_name":"lr","param_value_internal":0.00010551369916249564,"distribution":"{\"name\": \"FloatDistribution\", \"attributes\": {\"step\": null, \"low\": 0.0001, \"high\": 0.1, \"log\": true}}"}
{"op_code":5,"worker_id":"73b51405-15db-4e61-b427-a15c554340e0-140544486217536","trial_id":27,"param_name":"dropout","param_value_internal":0.34520529010967343,"distribution":"{\"name\": \"FloatDistribution\", \"attributes\": {\"step\": null, \"low\": 0.0, \"high\": 0.5, \"log\": false}}"}
{"op_code":5,"worker_id":"73b51405-15db-4e61-b427-a15c554340e0-140544486217536","trial_id":27,"param_name":"nodes","param_value_internal":1,"distribution":"{\"name\": \"CategoricalDistribution\", \"attributes\": {\"choices\": [\"64-64\", \"128-64\", \"256-128\"]}}"}
{"op_code":6,"worker_id":"73b51405-15db-4e61-b427-a15c554340e0-140544486217536","trial_id":27,"state":1,"values":[0.7056740543242793],"datetime_complete":"2026-04-01T02:57:38.847231"}
{"op_code":4,"worker_id":"73b51405-15db-4e61-b427-a15c554340e0-140544486217536","study_id":0,"datetime_start":"2026-04-01T02:57:38.864351"}
{"op_code":5,"worker_id":"73b51405-15db-4e61-b427-a15c554340e0-140544486217536","trial_id":28,"param_name":"lr","param_value_internal":0.0005133202346247395,"distribution":"{\"name\": \"FloatDistribution\", \"attributes\": {\"step\": null, \"low\": 0.0001, \"high\": 0.1, \"log\": true}}"}
{"op_code":5,"worker_id":"73b51405-15db-4e61-b427-a15c554340e0-140544486217536","trial_id":28,"param_name":"dropout","param_value_internal":0.40778449729305744,"distribution":"{\"name\": \"FloatDistribution\", \"attributes\": {\"step\": null, \"low\": 0.0, \"high\": 0.5, \"log\": false}}"}
{"op_code":5,"worker_id":"73b51405-15db-4e61-b427-a15c554340e0-140544486217536","trial_id":28,"param_name":"nodes","param_value_internal":1,"distribution":"{\"name\": \"CategoricalDistribution\", \"attributes\": {\"choices\": [\"64-64\", \"128-64\", \"256-128\"]}}"}
{"op_code":6,"worker_id":"73b51405-15db-4e61-b427-a15c554340e0-140544486217536","trial_id":28,"state":1,"values":[0.7150683219463423],"datetime_complete":"2026-04-01T02:57:40.592292"}
{"op_code":4,"worker_id":"73b51405-15db-4e61-b427-a15c554340e0-140544486217536","study_id":0,"datetime_start":"2026-04-01T02:57:40.607149"}
{"op_code":5,"worker_id":"73b51405-15db-4e61-b427-a15c554340e0-140544486217536","trial_id":29,"param_name":"lr","param_value_internal":0.0013048321178679065,"distribution":"{\"name\": \"FloatDistribution\", \"attributes\": {\"step\": null, \"low\": 0.0001, \"high\": 0.1, \"log\": true}}"}
{"op_code":5,"worker_id":"73b51405-15db-4e61-b427-a15c554340e0-140544486217536","trial_id":29,"param_name":"dropout","param_value_internal":0.30168377408672004,"distribution":"{\"name\": \"FloatDistribution\", \"attributes\": {\"step\": null, \"low\": 0.0, \"high\": 0.5, \"log\": false}}"}
{"op_code":5,"worker_id":"73b51405-15db-4e61-b427-a15c554340e0-140544486217536","trial_id":29,"param_name":"nodes","param_value_internal":1,"distribution":"{\"name\": \"CategoricalDistribution\", \"attributes\": {\"choices\": [\"64-64\", \"128-64\", \"256-128\"]}}"}
{"op_code":6,"worker_id":"73b51405-15db-4e61-b427-a15c554340e0-140544486217536","trial_id":29,"state":1,"values":[0.7130478253624396],"datetime_complete":"2026-04-01T02:57:42.331396"}
{"op_code":4,"worker_id":"73b51405-15db-4e61-b427-a15c554340e0-140544486217536","study_id":0,"datetime_start":"2026-04-01T02:57:42.345176"}
{"op_code":5,"worker_id":"73b51405-15db-4e61-b427-a15c554340e0-140544486217536","trial_id":30,"param_name":"lr","param_value_internal":0.0002693908976427912,"distribution":"{\"name\": \"FloatDistribution\", \"attributes\": {\"step\": null, \"low\": 0.0001, \"high\": 0.1, \"log\": true}}"}
{"op_code":5,"worker_id":"73b51405-15db-4e61-b427-a15c554340e0-140544486217536","trial_id":30,"param_name":"dropout","param_value_internal":0.46508705994880395,"distribution":"{\"name\": \"FloatDistribution\", \"attributes\": {\"step\": null, \"low\": 0.0, \"high\": 0.5, \"log\": false}}"}
{"op_code":5,"worker_id":"73b51405-15db-4e61-b427-a15c554340e0-140544486217536","trial_id":30,"param_name":"nodes","param_value_internal":1,"distribution":"{\"name\": \"CategoricalDistribution\", \"attributes\": {\"choices\": [\"64-64\", \"128-64\", \"256-128\"]}}"}
{"op_code":6,"worker_id":"73b51405-15db-4e61-b427-a15c554340e0-140544486217536","trial_id":30,"state":1,"values":[0.7161723046158973],"datetime_complete":"2026-04-01T02:57:44.066797"}
{"op_code":4,"worker_id":"73b51405-15db-4e61-b427-a15c554340e0-140544486217536","study_id":0,"datetime_start":"2026-04-01T02:57:44.084749"}
{"op_code":5,"worker_id":"73b51405-15db-4e61-b427-a15c554340e0-140544486217536","trial_id":31,"param_name":"lr","param_value_internal":0.0004961199326071384,"distribution":"{\"name\": \"FloatDistribution\", \"attributes\": {\"step\": null, \"low\": 0.0001, \"high\": 0.1, \"log\": true}}"}
{"op_code":5,"worker_id":"73b51405-15db-4e61-b427-a15c554340e0-140544486217536","trial_id":31,"param_name":"dropout","param_value_internal":0.40082033676098705,"distribution":"{\"name\": \"FloatDistribution\", \"attributes\": {\"step\": null, \"low\": 0.0, \"high\": 0.5, \"log\": false}}"}
{"op_code":5,"worker_id":"73b51405-15db-4e61-b427-a15c554340e0-140544486217536","trial_id":31,"param_name":"nodes","param_value_internal":1,"distribution":"{\"name\": \"CategoricalDistribution\", \"attributes\": {\"choices\": [\"64-64\", \"128-64\", \"256-128\"]}}"}
{"op_code":6,"worker_id":"73b51405-15db-4e61-b427-a15c554340e0-140544486217536","trial_id":31,"state":1,"values":[0.7180886518913514],"datetime_complete":"2026-04-01T02:57:45.808049"}
{"op_code":4,"worker_id":"73b51405-15db-4e61-b427-a15c554340e0-140544486217536","study_id":0,"datetime_start":"2026-04-01T02:57:45.820659"}
{"op_code":5,"worker_id":"73b51405-15db-4e61-b427-a15c554340e0-140544486217536","trial_id":32,"param_name":"lr","param_value_internal":0.0004947684393073998,"distribution":"{\"name\": \"FloatDistribution\", \"attributes\": {\"step\": null, \"low\": 0.0001, \"high\": 0.1, \"log\": true}}"}
{"op_code":5,"worker_id":"73b51405-15db-4e61-b427-a15c554340e0-140544486217536","trial_id":32,"param_name":"dropout","param_value_internal":0.37758922535366135,"distribution":"{\"name\": \"FloatDistribution\", \"attributes\": {\"step\": null, \"low\": 0.0, \"high\": 0.5, \"log\": false}}"}
{"op_code":5,"worker_id":"73b51405-15db-4e61-b427-a15c554340e0-140544486217536","trial_id":32,"param_name":"nodes","param_value_internal":1,"distribution":"{\"name\": \"CategoricalDistribution\", \"attributes\": {\"choices\": [\"64-64\", \"128-64\", \"256-128\"]}}"}
{"op_code":6,"worker_id":"73b51405-15db-4e61-b427-a15c554340e0-140544486217536","trial_id":32,"state":1,"values":[0.7138810198300283],"datetime_complete":"2026-04-01T02:57:47.537600"}
{"op_code":4,"worker_id":"73b51405-15db-4e61-b427-a15c554340e0-140544486217536","study_id":0,"datetime_start":"2026-04-01T02:57:47.550556"}
{"op_code":5,"worker_id":"73b51405-15db-4e61-b427-a15c554340e0-140544486217536","trial_id":33,"param_name":"lr","param_value_internal":0.0006065525531747395,"distribution":"{\"name\": \"FloatDistribution\", \"attributes\": {\"step\": null, \"low\": 0.0001, \"high\": 0.1, \"log\": true}}"}
{"op_code":5,"worker_id":"73b51405-15db-4e61-b427-a15c554340e0-140544486217536","trial_id":33,"param_name":"dropout","param_value_internal":0.42824732596103293,"distribution":"{\"name\": \"FloatDistribution\", \"attributes\": {\"step\": null, \"low\": 0.0, \"high\": 0.5, \"log\": false}}"}
{"op_code":5,"worker_id":"73b51405-15db-4e61-b427-a15c554340e0-140544486217536","trial_id":33,"param_name":"nodes","param_value_internal":1,"distribution":"{\"name\": \"CategoricalDistribution\", \"attributes\": {\"choices\": [\"64-64\", \"128-64\", \"256-128\"]}}"}
{"op_code":6,"worker_id":"73b51405-15db-4e61-b427-a15c554340e0-140544486217536","trial_id":33,"state":1,"values":[0.7155474087652058],"datetime_complete":"2026-04-01T02:57:49.277816"}
{"op_code":4,"worker_id":"73b51405-15db-4e61-b427-a15c554340e0-140544486217536","study_id":0,"datetime_start":"2026-04-01T02:57:49.296125"}
{"op_code":5,"worker_id":"73b51405-15db-4e61-b427-a15c554340e0-140544486217536","trial_id":34,"param_name":"lr","param_value_internal":0.0003277725625964379,"distribution":"{\"name\": \"FloatDistribution\", \"attributes\": {\"step\": null, \"low\": 0.0001, \"high\": 0.1, \"log\": true}}"}
{"op_code":5,"worker_id":"73b51405-15db-4e61-b427-a15c554340e0-140544486217536","trial_id":34,"param_name":"dropout","param_value_internal":0.3276568055218371,"distribution":"{\"name\": \"FloatDistribution\", \"attributes\": {\"step\": null, \"low\": 0.0, \"high\": 0.5, \"log\": false}}"}
{"op_code":5,"worker_id":"73b51405-15db-4e61-b427-a15c554340e0-140544486217536","trial_id":34,"param_name":"nodes","param_value_internal":1,"distribution":"{\"name\": \"CategoricalDistribution\", \"attributes\": {\"choices\": [\"64-64\", \"128-64\", \"256-128\"]}}"}
{"op_code":6,"worker_id":"73b51405-15db-4e61-b427-a15c554340e0-140544486217536","trial_id":34,"state":1,"values":[0.7156932177970339],"datetime_complete":"2026-04-01T02:57:51.018554"}
{"op_code":4,"worker_id":"73b51405-15db-4e61-b427-a15c554340e0-140544486217536","study_id":0,"datetime_start":"2026-04-01T02:57:51.029044"}
{"op_code":5,"worker_id":"73b51405-15db-4e61-b427-a15c554340e0-140544486217536","trial_id":35,"param_name":"lr","param_value_internal":0.00019556758441311171,"distribution":"{\"name\": \"FloatDistribution\", \"attributes\": {\"step\": null, \"low\": 0.0001, \"high\": 0.1, \"log\": true}}"}
{"op_code":5,"worker_id":"73b51405-15db-4e61-b427-a15c554340e0-140544486217536","trial_id":35,"param_name":"dropout","param_value_internal":0.38022323175238765,"distribution":"{\"name\": \"FloatDistribution\", \"attributes\": {\"step\": null, \"low\": 0.0, \"high\": 0.5, \"log\": false}}"}
{"op_code":5,"worker_id":"73b51405-15db-4e61-b427-a15c554340e0-140544486217536","trial_id":35,"param_name":"nodes","param_value_internal":1,"distribution":"{\"name\": \"CategoricalDistribution\", \"attributes\": {\"choices\": [\"64-64\", \"128-64\", \"256-128\"]}}"}
{"op_code":6,"worker_id":"73b51405-15db-4e61-b427-a15c554340e0-140544486217536","trial_id":35,"state":1,"values":[0.7168180303282786],"datetime_complete":"2026-04-01T02:57:52.738009"}
{"op_code":4,"worker_id":"73b51405-15db-4e61-b427-a15c554340e0-140544486217536","study_id":0,"datetime_start":"2026-04-01T02:57:52.755353"}
{"op_code":5,"worker_id":"73b51405-15db-4e61-b427-a15c554340e0-140544486217536","trial_id":36,"param_name":"lr","param_value_internal":0.0013121267944439516,"distribution":"{\"name\": \"FloatDistribution\", \"attributes\": {\"step\": null, \"low\": 0.0001, \"high\": 0.1, \"log\": true}}"}
{"op_code":5,"worker_id":"73b51405-15db-4e61-b427-a15c554340e0-140544486217536","trial_id":36,"param_name":"dropout","param_value_internal":0.47611275854202395,"distribution":"{\"name\": \"FloatDistribution\", \"attributes\": {\"step\": null, \"low\": 0.0, \"high\": 0.5, \"log\": false}}"}
{"op_code":5,"worker_id":"73b51405-15db-4e61-b427-a15c554340e0-140544486217536","trial_id":36,"param_name":"nodes","param_value_internal":1,"distribution":"{\"name\": \"CategoricalDistribution\", \"attributes\": {\"choices\": [\"64-64\", \"128-64\", \"256-128\"]}}"}
{"op_code":6,"worker_id":"73b51405-15db-4e61-b427-a15c554340e0-140544486217536","trial_id":36,"state":1,"values":[0.7149850024995834],"datetime_complete":"2026-04-01T02:57:54.466132"}
{"op_code":4,"worker_id":"73b51405-15db-4e61-b427-a15c554340e0-140544486217536","study_id":0,"datetime_start":"2026-04-01T02:57:54.483056"}
{"op_code":5,"worker_id":"73b51405-15db-4e61-b427-a15c554340e0-140544486217536","trial_id":37,"param_name":"lr","param_value_internal":0.00010247302208821164,"distribution":"{\"name\": \"FloatDistribution\", \"attributes\": {\"step\": null, \"low\": 0.0001, \"high\": 0.1, \"log\": true}}"}
{"op_code":5,"worker_id":"73b51405-15db-4e61-b427-a15c554340e0-140544486217536","trial_id":37,"param_name":"dropout","param_value_internal":0.42633118150674054,"distribution":"{\"name\": \"FloatDistribution\", \"attributes\": {\"step\": null, \"low\": 0.0, \"high\": 0.5, \"log\": false}}"}
{"op_code":5,"worker_id":"73b51405-15db-4e61-b427-a15c554340e0-140544486217536","trial_id":37,"param_name":"nodes","param_value_internal":1,"distribution":"{\"name\": \"CategoricalDistribution\", \"attributes\": {\"choices\": [\"64-64\", \"128-64\", \"256-128\"]}}"}
{"op_code":6,"worker_id":"73b51405-15db-4e61-b427-a15c554340e0-140544486217536","trial_id":37,"state":1,"values":[0.7078611898016998],"datetime_complete":"2026-04-01T02:57:56.203833"}
{"op_code":4,"worker_id":"73b51405-15db-4e61-b427-a15c554340e0-140544486217536","study_id":0,"datetime_start":"2026-04-01T02:57:56.217207"}
{"op_code":5,"worker_id":"73b51405-15db-4e61-b427-a15c554340e0-140544486217536","trial_id":38,"param_name":"lr","param_value_internal":0.00038739415732543263,"distribution":"{\"name\": \"FloatDistribution\", \"attributes\": {\"step\": null, \"low\": 0.0001, \"high\": 0.1, \"log\": true}}"}
{"op_code":5,"worker_id":"73b51405-15db-4e61-b427-a15c554340e0-140544486217536","trial_id":38,"param_name":"dropout","param_value_internal":0.3447767749069793,"distribution":"{\"name\": \"FloatDistribution\", \"attributes\": {\"step\": null, \"low\": 0.0, \"high\": 0.5, \"log\": false}}"}
{"op_code":5,"worker_id":"73b51405-15db-4e61-b427-a15c554340e0-140544486217536","trial_id":38,"param_name":"nodes","param_value_internal":2,"distribution":"{\"name\": \"CategoricalDistribution\", \"attributes\": {\"choices\": [\"64-64\", \"128-64\", \"256-128\"]}}"}
{"op_code":6,"worker_id":"73b51405-15db-4e61-b427-a15c554340e0-140544486217536","trial_id":38,"state":1,"values":[0.7128811864689218],"datetime_complete":"2026-04-01T02:57:57.931743"}
{"op_code":4,"worker_id":"73b51405-15db-4e61-b427-a15c554340e0-140544486217536","study_id":0,"datetime_start":"2026-04-01T02:57:57.947796"}
{"op_code":5,"worker_id":"73b51405-15db-4e61-b427-a15c554340e0-140544486217536","trial_id":39,"param_name":"lr","param_value_internal":0.004395574260905256,"distribution":"{\"name\": \"FloatDistribution\", \"attributes\": {\"step\": null, \"low\": 0.0001, \"high\": 0.1, \"log\": true}}"}
{"op_code":5,"worker_id":"73b51405-15db-4e61-b427-a15c554340e0-140544486217536","trial_id":39,"param_name":"dropout","param_value_internal":0.27557180708746953,"distribution":"{\"name\": \"FloatDistribution\", \"attributes\": {\"step\": null, \"low\": 0.0, \"high\": 0.5, \"log\": false}}"}
{"op_code":5,"worker_id":"73b51405-15db-4e61-b427-a15c554340e0-140544486217536","trial_id":39,"param_name":"nodes","param_value_internal":1,"distribution":"{\"name\": \"CategoricalDistribution\", \"attributes\": {\"choices\": [\"64-64\", \"128-64\", \"256-128\"]}}"}
{"op_code":6,"worker_id":"73b51405-15db-4e61-b427-a15c554340e0-140544486217536","trial_id":39,"state":1,"values":[0.7104649225129145],"datetime_complete":"2026-04-01T02:57:59.659458"}
