{"op_code":0,"worker_id":"d001b366-0e49-487c-902d-d29f5a4f40bc-139952901822272","study_name":"deephit_single_tuning","directions":[2]}
{"op_code":4,"worker_id":"d001b366-0e49-487c-902d-d29f5a4f40bc-139952901822272","study_id":0,"datetime_start":"2026-03-26T11:59:38.356853"}
{"op_code":5,"worker_id":"d001b366-0e49-487c-902d-d29f5a4f40bc-139952901822272","trial_id":0,"param_name":"lr","param_value_internal":0.0041834705357886815,"distribution":"{\"name\": \"FloatDistribution\", \"attributes\": {\"step\": null, \"low\": 0.0001, \"high\": 0.1, \"log\": true}}"}
{"op_code":5,"worker_id":"d001b366-0e49-487c-902d-d29f5a4f40bc-139952901822272","trial_id":0,"param_name":"dropout","param_value_internal":0.33856448171813935,"distribution":"{\"name\": \"FloatDistribution\", \"attributes\": {\"step\": null, \"low\": 0.0, \"high\": 0.5, \"log\": false}}"}
{"op_code":5,"worker_id":"d001b366-0e49-487c-902d-d29f5a4f40bc-139952901822272","trial_id":0,"param_name":"layers","param_value_internal":2.0,"distribution":"{\"name\": \"IntDistribution\", \"attributes\": {\"log\": false, \"step\": 1, \"low\": 1, \"high\": 3}}"}
{"op_code":5,"worker_id":"d001b366-0e49-487c-902d-d29f5a4f40bc-139952901822272","trial_id":0,"param_name":"nodes","param_value_internal":1,"distribution":"{\"name\": \"CategoricalDistribution\", \"attributes\": {\"choices\": [32, 64, 128]}}"}
{"op_code":5,"worker_id":"d001b366-0e49-487c-902d-d29f5a4f40bc-139952901822272","trial_id":0,"param_name":"alpha","param_value_internal":0.27205947403403885,"distribution":"{\"name\": \"FloatDistribution\", \"attributes\": {\"step\": null, \"low\": 0.0, \"high\": 0.5, \"log\": false}}"}
{"op_code":5,"worker_id":"d001b366-0e49-487c-902d-d29f5a4f40bc-139952901822272","trial_id":0,"param_name":"sigma","param_value_internal":0.09279776406854336,"distribution":"{\"name\": \"FloatDistribution\", \"attributes\": {\"step\": null, \"low\": 0.01, \"high\": 1.0, \"log\": true}}"}
{"op_code":6,"worker_id":"d001b366-0e49-487c-902d-d29f5a4f40bc-139952901822272","trial_id":0,"state":1,"values":[0.6613862236246163],"datetime_complete":"2026-03-26T11:59:40.749841"}
{"op_code":4,"worker_id":"d001b366-0e49-487c-902d-d29f5a4f40bc-139952901822272","study_id":0,"datetime_start":"2026-03-26T11:59:40.770862"}
{"op_code":5,"worker_id":"d001b366-0e49-487c-902d-d29f5a4f40bc-139952901822272","trial_id":1,"param_name":"lr","param_value_internal":0.05649828781381505,"distribution":"{\"name\": \"FloatDistribution\", \"attributes\": {\"step\": null, \"low\": 0.0001, \"high\": 0.1, \"log\": true}}"}
{"op_code":5,"worker_id":"d001b366-0e49-487c-902d-d29f5a4f40bc-139952901822272","trial_id":1,"param_name":"dropout","param_value_internal":0.04778252888003903,"distribution":"{\"name\": \"FloatDistribution\", \"attributes\": {\"step\": null, \"low\": 0.0, \"high\": 0.5, \"log\": false}}"}
{"op_code":5,"worker_id":"d001b366-0e49-487c-902d-d29f5a4f40bc-139952901822272","trial_id":1,"param_name":"layers","param_value_internal":3.0,"distribution":"{\"name\": \"IntDistribution\", \"attributes\": {\"log\": false, \"step\": 1, \"low\": 1, \"high\": 3}}"}
{"op_code":5,"worker_id":"d001b366-0e49-487c-902d-d29f5a4f40bc-139952901822272","trial_id":1,"param_name":"nodes","param_value_internal":1,"distribution":"{\"name\": \"CategoricalDistribution\", \"attributes\": {\"choices\": [32, 64, 128]}}"}
{"op_code":5,"worker_id":"d001b366-0e49-487c-902d-d29f5a4f40bc-139952901822272","trial_id":1,"param_name":"alpha","param_value_internal":0.15915245634091363,"distribution":"{\"name\": \"FloatDistribution\", \"attributes\": {\"step\": null, \"low\": 0.0, \"high\": 0.5, \"log\": false}}"}
{"op_code":5,"worker_id":"d001b366-0e49-487c-902d-d29f5a4f40bc-139952901822272","trial_id":1,"param_name":"sigma","param_value_internal":0.9017040870653807,"distribution":"{\"name\": \"FloatDistribution\", \"attributes\": {\"step\": null, \"low\": 0.01, \"high\": 1.0, \"log\": true}}"}
{"op_code":6,"worker_id":"d001b366-0e49-487c-902d-d29f5a4f40bc-139952901822272","trial_id":1,"state":1,"values":[0.6052976152145448],"datetime_complete":"2026-03-26T11:59:43.404723"}
{"op_code":4,"worker_id":"d001b366-0e49-487c-902d-d29f5a4f40bc-139952901822272","study_id":0,"datetime_start":"2026-03-26T11:59:43.420717"}
{"op_code":5,"worker_id":"d001b366-0e49-487c-902d-d29f5a4f40bc-139952901822272","trial_id":2,"param_name":"lr","param_value_internal":0.0007803406273852084,"distribution":"{\"name\": \"FloatDistribution\", \"attributes\": {\"step\": null, \"low\": 0.0001, \"high\": 0.1, \"log\": true}}"}
{"op_code":5,"worker_id":"d001b366-0e49-487c-902d-d29f5a4f40bc-139952901822272","trial_id":2,"param_name":"dropout","param_value_internal":0.3930424829653578,"distribution":"{\"name\": \"FloatDistribution\", \"attributes\": {\"step\": null, \"low\": 0.0, \"high\": 0.5, \"log\": false}}"}
{"op_code":5,"worker_id":"d001b366-0e49-487c-902d-d29f5a4f40bc-139952901822272","trial_id":2,"param_name":"layers","param_value_internal":3.0,"distribution":"{\"name\": \"IntDistribution\", \"attributes\": {\"log\": false, \"step\": 1, \"low\": 1, \"high\": 3}}"}
{"op_code":5,"worker_id":"d001b366-0e49-487c-902d-d29f5a4f40bc-139952901822272","trial_id":2,"param_name":"nodes","param_value_internal":0,"distribution":"{\"name\": \"CategoricalDistribution\", \"attributes\": {\"choices\": [32, 64, 128]}}"}
{"op_code":5,"worker_id":"d001b366-0e49-487c-902d-d29f5a4f40bc-139952901822272","trial_id":2,"param_name":"alpha","param_value_internal":0.37583088003782805,"distribution":"{\"name\": \"FloatDistribution\", \"attributes\": {\"step\": null, \"low\": 0.0, \"high\": 0.5, \"log\": false}}"}
{"op_code":5,"worker_id":"d001b366-0e49-487c-902d-d29f5a4f40bc-139952901822272","trial_id":2,"param_name":"sigma","param_value_internal":0.023735140891768453,"distribution":"{\"name\": \"FloatDistribution\", \"attributes\": {\"step\": null, \"low\": 0.01, \"high\": 1.0, \"log\": true}}"}
{"op_code":6,"worker_id":"d001b366-0e49-487c-902d-d29f5a4f40bc-139952901822272","trial_id":2,"state":1,"values":[0.4728143044196879],"datetime_complete":"2026-03-26T11:59:46.082863"}
{"op_code":4,"worker_id":"d001b366-0e49-487c-902d-d29f5a4f40bc-139952901822272","study_id":0,"datetime_start":"2026-03-26T11:59:46.103011"}
{"op_code":5,"worker_id":"d001b366-0e49-487c-902d-d29f5a4f40bc-139952901822272","trial_id":3,"param_name":"lr","param_value_internal":0.004820075531791453,"distribution":"{\"name\": \"FloatDistribution\", \"attributes\": {\"step\": null, \"low\": 0.0001, \"high\": 0.1, \"log\": true}}"}
{"op_code":5,"worker_id":"d001b366-0e49-487c-902d-d29f5a4f40bc-139952901822272","trial_id":3,"param_name":"dropout","param_value_internal":0.44993241652864746,"distribution":"{\"name\": \"FloatDistribution\", \"attributes\": {\"step\": null, \"low\": 0.0, \"high\": 0.5, \"log\": false}}"}
{"op_code":5,"worker_id":"d001b366-0e49-487c-902d-d29f5a4f40bc-139952901822272","trial_id":3,"param_name":"layers","param_value_internal":3.0,"distribution":"{\"name\": \"IntDistribution\", \"attributes\": {\"log\": false, \"step\": 1, \"low\": 1, \"high\": 3}}"}
{"op_code":5,"worker_id":"d001b366-0e49-487c-902d-d29f5a4f40bc-139952901822272","trial_id":3,"param_name":"nodes","param_value_internal":2,"distribution":"{\"name\": \"CategoricalDistribution\", \"attributes\": {\"choices\": [32, 64, 128]}}"}
{"op_code":5,"worker_id":"d001b366-0e49-487c-902d-d29f5a4f40bc-139952901822272","trial_id":3,"param_name":"alpha","param_value_internal":0.3707401151976246,"distribution":"{\"name\": \"FloatDistribution\", \"attributes\": {\"step\": null, \"low\": 0.0, \"high\": 0.5, \"log\": false}}"}
{"op_code":5,"worker_id":"d001b366-0e49-487c-902d-d29f5a4f40bc-139952901822272","trial_id":3,"param_name":"sigma","param_value_internal":0.049978732277021314,"distribution":"{\"name\": \"FloatDistribution\", \"attributes\": {\"step\": null, \"low\": 0.01, \"high\": 1.0, \"log\": true}}"}
{"op_code":6,"worker_id":"d001b366-0e49-487c-902d-d29f5a4f40bc-139952901822272","trial_id":3,"state":1,"values":[0.5936634683495395],"datetime_complete":"2026-03-26T11:59:48.768754"}
{"op_code":4,"worker_id":"d001b366-0e49-487c-902d-d29f5a4f40bc-139952901822272","study_id":0,"datetime_start":"2026-03-26T11:59:48.792885"}
{"op_code":5,"worker_id":"d001b366-0e49-487c-902d-d29f5a4f40bc-139952901822272","trial_id":4,"param_name":"lr","param_value_internal":0.0001594538605136288,"distribution":"{\"name\": \"FloatDistribution\", \"attributes\": {\"step\": null, \"low\": 0.0001, \"high\": 0.1, \"log\": true}}"}
{"op_code":5,"worker_id":"d001b366-0e49-487c-902d-d29f5a4f40bc-139952901822272","trial_id":4,"param_name":"dropout","param_value_internal":0.06567502978875306,"distribution":"{\"name\": \"FloatDistribution\", \"attributes\": {\"step\": null, \"low\": 0.0, \"high\": 0.5, \"log\": false}}"}
{"op_code":5,"worker_id":"d001b366-0e49-487c-902d-d29f5a4f40bc-139952901822272","trial_id":4,"param_name":"layers","param_value_internal":2.0,"distribution":"{\"name\": \"IntDistribution\", \"attributes\": {\"log\": false, \"step\": 1, \"low\": 1, \"high\": 3}}"}
{"op_code":5,"worker_id":"d001b366-0e49-487c-902d-d29f5a4f40bc-139952901822272","trial_id":4,"param_name":"nodes","param_value_internal":0,"distribution":"{\"name\": \"CategoricalDistribution\", \"attributes\": {\"choices\": [32, 64, 128]}}"}
{"op_code":5,"worker_id":"d001b366-0e49-487c-902d-d29f5a4f40bc-139952901822272","trial_id":4,"param_name":"alpha","param_value_internal":0.05869698150513619,"distribution":"{\"name\": \"FloatDistribution\", \"attributes\": {\"step\": null, \"low\": 0.0, \"high\": 0.5, \"log\": false}}"}
{"op_code":5,"worker_id":"d001b366-0e49-487c-902d-d29f5a4f40bc-139952901822272","trial_id":4,"param_name":"sigma","param_value_internal":0.2517326786777284,"distribution":"{\"name\": \"FloatDistribution\", \"attributes\": {\"step\": null, \"low\": 0.01, \"high\": 1.0, \"log\": true}}"}
{"op_code":6,"worker_id":"d001b366-0e49-487c-902d-d29f5a4f40bc-139952901822272","trial_id":4,"state":1,"values":[0.6466825509262241],"datetime_complete":"2026-03-26T11:59:51.210145"}
{"op_code":4,"worker_id":"d001b366-0e49-487c-902d-d29f5a4f40bc-139952901822272","study_id":0,"datetime_start":"2026-03-26T11:59:51.230271"}
{"op_code":5,"worker_id":"d001b366-0e49-487c-902d-d29f5a4f40bc-139952901822272","trial_id":5,"param_name":"lr","param_value_internal":0.006915860798718836,"distribution":"{\"name\": \"FloatDistribution\", \"attributes\": {\"step\": null, \"low\": 0.0001, \"high\": 0.1, \"log\": true}}"}
{"op_code":5,"worker_id":"d001b366-0e49-487c-902d-d29f5a4f40bc-139952901822272","trial_id":5,"param_name":"dropout","param_value_internal":0.440440414889268,"distribution":"{\"name\": \"FloatDistribution\", \"attributes\": {\"step\": null, \"low\": 0.0, \"high\": 0.5, \"log\": false}}"}
{"op_code":5,"worker_id":"d001b366-0e49-487c-902d-d29f5a4f40bc-139952901822272","trial_id":5,"param_name":"layers","param_value_internal":1.0,"distribution":"{\"name\": \"IntDistribution\", \"attributes\": {\"log\": false, \"step\": 1, \"low\": 1, \"high\": 3}}"}
{"op_code":5,"worker_id":"d001b366-0e49-487c-902d-d29f5a4f40bc-139952901822272","trial_id":5,"param_name":"nodes","param_value_internal":2,"distribution":"{\"name\": \"CategoricalDistribution\", \"attributes\": {\"choices\": [32, 64, 128]}}"}
{"op_code":5,"worker_id":"d001b366-0e49-487c-902d-d29f5a4f40bc-139952901822272","trial_id":5,"param_name":"alpha","param_value_internal":0.10763639923090729,"distribution":"{\"name\": \"FloatDistribution\", \"attributes\": {\"step\": null, \"low\": 0.0, \"high\": 0.5, \"log\": false}}"}
{"op_code":5,"worker_id":"d001b366-0e49-487c-902d-d29f5a4f40bc-139952901822272","trial_id":5,"param_name":"sigma","param_value_internal":0.21284748188840652,"distribution":"{\"name\": \"FloatDistribution\", \"attributes\": {\"step\": null, \"low\": 0.01, \"high\": 1.0, \"log\": true}}"}
{"op_code":6,"worker_id":"d001b366-0e49-487c-902d-d29f5a4f40bc-139952901822272","trial_id":5,"state":1,"values":[0.6401785905939426],"datetime_complete":"2026-03-26T11:59:53.365937"}
{"op_code":4,"worker_id":"d001b366-0e49-487c-902d-d29f5a4f40bc-139952901822272","study_id":0,"datetime_start":"2026-03-26T11:59:53.387385"}
{"op_code":5,"worker_id":"d001b366-0e49-487c-902d-d29f5a4f40bc-139952901822272","trial_id":6,"param_name":"lr","param_value_internal":0.0004598584754239829,"distribution":"{\"name\": \"FloatDistribution\", \"attributes\": {\"step\": null, \"low\": 0.0001, \"high\": 0.1, \"log\": true}}"}
{"op_code":5,"worker_id":"d001b366-0e49-487c-902d-d29f5a4f40bc-139952901822272","trial_id":6,"param_name":"dropout","param_value_internal":0.1364915328774846,"distribution":"{\"name\": \"FloatDistribution\", \"attributes\": {\"step\": null, \"low\": 0.0, \"high\": 0.5, \"log\": false}}"}
{"op_code":5,"worker_id":"d001b366-0e49-487c-902d-d29f5a4f40bc-139952901822272","trial_id":6,"param_name":"layers","param_value_internal":3.0,"distribution":"{\"name\": \"IntDistribution\", \"attributes\": {\"log\": false, \"step\": 1, \"low\": 1, \"high\": 3}}"}
{"op_code":5,"worker_id":"d001b366-0e49-487c-902d-d29f5a4f40bc-139952901822272","trial_id":6,"param_name":"nodes","param_value_internal":2,"distribution":"{\"name\": \"CategoricalDistribution\", \"attributes\": {\"choices\": [32, 64, 128]}}"}
{"op_code":5,"worker_id":"d001b366-0e49-487c-902d-d29f5a4f40bc-139952901822272","trial_id":6,"param_name":"alpha","param_value_internal":0.4855631844664862,"distribution":"{\"name\": \"FloatDistribution\", \"attributes\": {\"step\": null, \"low\": 0.0, \"high\": 0.5, \"log\": false}}"}
{"op_code":5,"worker_id":"d001b366-0e49-487c-902d-d29f5a4f40bc-139952901822272","trial_id":6,"param_name":"sigma","param_value_internal":0.011820144971111569,"distribution":"{\"name\": \"FloatDistribution\", \"attributes\": {\"step\": null, \"low\": 0.01, \"high\": 1.0, \"log\": true}}"}
{"op_code":6,"worker_id":"d001b366-0e49-487c-902d-d29f5a4f40bc-139952901822272","trial_id":6,"state":1,"values":[0.5219911134007341],"datetime_complete":"2026-03-26T11:59:56.007657"}
{"op_code":4,"worker_id":"d001b366-0e49-487c-902d-d29f5a4f40bc-139952901822272","study_id":0,"datetime_start":"2026-03-26T11:59:56.030114"}
{"op_code":5,"worker_id":"d001b366-0e49-487c-902d-d29f5a4f40bc-139952901822272","trial_id":7,"param_name":"lr","param_value_internal":0.00033644406654912806,"distribution":"{\"name\": \"FloatDistribution\", \"attributes\": {\"step\": null, \"low\": 0.0001, \"high\": 0.1, \"log\": true}}"}
{"op_code":5,"worker_id":"d001b366-0e49-487c-902d-d29f5a4f40bc-139952901822272","trial_id":7,"param_name":"dropout","param_value_internal":0.17614142349675027,"distribution":"{\"name\": \"FloatDistribution\", \"attributes\": {\"step\": null, \"low\": 0.0, \"high\": 0.5, \"log\": false}}"}
{"op_code":5,"worker_id":"d001b366-0e49-487c-902d-d29f5a4f40bc-139952901822272","trial_id":7,"param_name":"layers","param_value_internal":2.0,"distribution":"{\"name\": \"IntDistribution\", \"attributes\": {\"log\": false, \"step\": 1, \"low\": 1, \"high\": 3}}"}
{"op_code":5,"worker_id":"d001b366-0e49-487c-902d-d29f5a4f40bc-139952901822272","trial_id":7,"param_name":"nodes","param_value_internal":0,"distribution":"{\"name\": \"CategoricalDistribution\", \"attributes\": {\"choices\": [32, 64, 128]}}"}
{"op_code":5,"worker_id":"d001b366-0e49-487c-902d-d29f5a4f40bc-139952901822272","trial_id":7,"param_name":"alpha","param_value_internal":0.4415065109742231,"distribution":"{\"name\": \"FloatDistribution\", \"attributes\": {\"step\": null, \"low\": 0.0, \"high\": 0.5, \"log\": false}}"}
{"op_code":5,"worker_id":"d001b366-0e49-487c-902d-d29f5a4f40bc-139952901822272","trial_id":7,"param_name":"sigma","param_value_internal":0.508120303870333,"distribution":"{\"name\": \"FloatDistribution\", \"attributes\": {\"step\": null, \"low\": 0.01, \"high\": 1.0, \"log\": true}}"}
{"op_code":6,"worker_id":"d001b366-0e49-487c-902d-d29f5a4f40bc-139952901822272","trial_id":7,"state":1,"values":[0.6300470088222037],"datetime_complete":"2026-03-26T11:59:58.469443"}
{"op_code":4,"worker_id":"d001b366-0e49-487c-902d-d29f5a4f40bc-139952901822272","study_id":0,"datetime_start":"2026-03-26T11:59:58.490608"}
{"op_code":5,"worker_id":"d001b366-0e49-487c-902d-d29f5a4f40bc-139952901822272","trial_id":8,"param_name":"lr","param_value_internal":0.006633734321903519,"distribution":"{\"name\": \"FloatDistribution\", \"attributes\": {\"step\": null, \"low\": 0.0001, \"high\": 0.1, \"log\": true}}"}
{"op_code":5,"worker_id":"d001b366-0e49-487c-902d-d29f5a4f40bc-139952901822272","trial_id":8,"param_name":"dropout","param_value_internal":0.4844564640910768,"distribution":"{\"name\": \"FloatDistribution\", \"attributes\": {\"step\": null, \"low\": 0.0, \"high\": 0.5, \"log\": false}}"}
{"op_code":5,"worker_id":"d001b366-0e49-487c-902d-d29f5a4f40bc-139952901822272","trial_id":8,"param_name":"layers","param_value_internal":3.0,"distribution":"{\"name\": \"IntDistribution\", \"attributes\": {\"log\": false, \"step\": 1, \"low\": 1, \"high\": 3}}"}
{"op_code":5,"worker_id":"d001b366-0e49-487c-902d-d29f5a4f40bc-139952901822272","trial_id":8,"param_name":"nodes","param_value_internal":1,"distribution":"{\"name\": \"CategoricalDistribution\", \"attributes\": {\"choices\": [32, 64, 128]}}"}
{"op_code":5,"worker_id":"d001b366-0e49-487c-902d-d29f5a4f40bc-139952901822272","trial_id":8,"param_name":"alpha","param_value_internal":0.09741500858700752,"distribution":"{\"name\": \"FloatDistribution\", \"attributes\": {\"step\": null, \"low\": 0.0, \"high\": 0.5, \"log\": false}}"}
{"op_code":5,"worker_id":"d001b366-0e49-487c-902d-d29f5a4f40bc-139952901822272","trial_id":8,"param_name":"sigma","param_value_internal":0.07467356860766967,"distribution":"{\"name\": \"FloatDistribution\", \"attributes\": {\"step\": null, \"low\": 0.01, \"high\": 1.0, \"log\": true}}"}
{"op_code":6,"worker_id":"d001b366-0e49-487c-902d-d29f5a4f40bc-139952901822272","trial_id":8,"state":1,"values":[0.667439414428918],"datetime_complete":"2026-03-26T12:00:01.079199"}
{"op_code":4,"worker_id":"d001b366-0e49-487c-902d-d29f5a4f40bc-139952901822272","study_id":0,"datetime_start":"2026-03-26T12:00:01.103113"}
{"op_code":5,"worker_id":"d001b366-0e49-487c-902d-d29f5a4f40bc-139952901822272","trial_id":9,"param_name":"lr","param_value_internal":0.019036043392447816,"distribution":"{\"name\": \"FloatDistribution\", \"attributes\": {\"step\": null, \"low\": 0.0001, \"high\": 0.1, \"log\": true}}"}
{"op_code":5,"worker_id":"d001b366-0e49-487c-902d-d29f5a4f40bc-139952901822272","trial_id":9,"param_name":"dropout","param_value_internal":0.3634845895694483,"distribution":"{\"name\": \"FloatDistribution\", \"attributes\": {\"step\": null, \"low\": 0.0, \"high\": 0.5, \"log\": false}}"}
{"op_code":5,"worker_id":"d001b366-0e49-487c-902d-d29f5a4f40bc-139952901822272","trial_id":9,"param_name":"layers","param_value_internal":1.0,"distribution":"{\"name\": \"IntDistribution\", \"attributes\": {\"log\": false, \"step\": 1, \"low\": 1, \"high\": 3}}"}
{"op_code":5,"worker_id":"d001b366-0e49-487c-902d-d29f5a4f40bc-139952901822272","trial_id":9,"param_name":"nodes","param_value_internal":1,"distribution":"{\"name\": \"CategoricalDistribution\", \"attributes\": {\"choices\": [32, 64, 128]}}"}
{"op_code":5,"worker_id":"d001b366-0e49-487c-902d-d29f5a4f40bc-139952901822272","trial_id":9,"param_name":"alpha","param_value_internal":0.46969412176865394,"distribution":"{\"name\": \"FloatDistribution\", \"attributes\": {\"step\": null, \"low\": 0.0, \"high\": 0.5, \"log\": false}}"}
{"op_code":5,"worker_id":"d001b366-0e49-487c-902d-d29f5a4f40bc-139952901822272","trial_id":9,"param_name":"sigma","param_value_internal":0.03534819964512269,"distribution":"{\"name\": \"FloatDistribution\", \"attributes\": {\"step\": null, \"low\": 0.01, \"high\": 1.0, \"log\": true}}"}
{"op_code":6,"worker_id":"d001b366-0e49-487c-902d-d29f5a4f40bc-139952901822272","trial_id":9,"state":1,"values":[0.47764397793375835],"datetime_complete":"2026-03-26T12:00:03.262878"}
{"op_code":4,"worker_id":"d001b366-0e49-487c-902d-d29f5a4f40bc-139952901822272","study_id":0,"datetime_start":"2026-03-26T12:00:03.286283"}
{"op_code":5,"worker_id":"d001b366-0e49-487c-902d-d29f5a4f40bc-139952901822272","trial_id":10,"param_name":"lr","param_value_internal":0.0015292628200570218,"distribution":"{\"name\": \"FloatDistribution\", \"attributes\": {\"step\": null, \"low\": 0.0001, \"high\": 0.1, \"log\": true}}"}
{"op_code":5,"worker_id":"d001b366-0e49-487c-902d-d29f5a4f40bc-139952901822272","trial_id":10,"param_name":"dropout","param_value_internal":0.2556515254847864,"distribution":"{\"name\": \"FloatDistribution\", \"attributes\": {\"step\": null, \"low\": 0.0, \"high\": 0.5, \"log\": false}}"}
{"op_code":5,"worker_id":"d001b366-0e49-487c-902d-d29f5a4f40bc-139952901822272","trial_id":10,"param_name":"layers","param_value_internal":2.0,"distribution":"{\"name\": \"IntDistribution\", \"attributes\": {\"log\": false, \"step\": 1, \"low\": 1, \"high\": 3}}"}
{"op_code":5,"worker_id":"d001b366-0e49-487c-902d-d29f5a4f40bc-139952901822272","trial_id":10,"param_name":"nodes","param_value_internal":1,"distribution":"{\"name\": \"CategoricalDistribution\", \"attributes\": {\"choices\": [32, 64, 128]}}"}
{"op_code":5,"worker_id":"d001b366-0e49-487c-902d-d29f5a4f40bc-139952901822272","trial_id":10,"param_name":"alpha","param_value_internal":0.0024587534552516777,"distribution":"{\"name\": \"FloatDistribution\", \"attributes\": {\"step\": null, \"low\": 0.0, \"high\": 0.5, \"log\": false}}"}
{"op_code":5,"worker_id":"d001b366-0e49-487c-902d-d29f5a4f40bc-139952901822272","trial_id":10,"param_name":"sigma","param_value_internal":0.10865690645095107,"distribution":"{\"name\": \"FloatDistribution\", \"attributes\": {\"step\": null, \"low\": 0.01, \"high\": 1.0, \"log\": true}}"}
{"op_code":6,"worker_id":"d001b366-0e49-487c-902d-d29f5a4f40bc-139952901822272","trial_id":10,"state":1,"values":[0.6655075450232898],"datetime_complete":"2026-03-26T12:00:05.718457"}
{"op_code":4,"worker_id":"d001b366-0e49-487c-902d-d29f5a4f40bc-139952901822272","study_id":0,"datetime_start":"2026-03-26T12:00:05.744309"}
{"op_code":5,"worker_id":"d001b366-0e49-487c-902d-d29f5a4f40bc-139952901822272","trial_id":11,"param_name":"lr","param_value_internal":0.0015441384668501723,"distribution":"{\"name\": \"FloatDistribution\", \"attributes\": {\"step\": null, \"low\": 0.0001, \"high\": 0.1, \"log\": true}}"}
{"op_code":5,"worker_id":"d001b366-0e49-487c-902d-d29f5a4f40bc-139952901822272","trial_id":11,"param_name":"dropout","param_value_internal":0.2798493364013098,"distribution":"{\"name\": \"FloatDistribution\", \"attributes\": {\"step\": null, \"low\": 0.0, \"high\": 0.5, \"log\": false}}"}
{"op_code":5,"worker_id":"d001b366-0e49-487c-902d-d29f5a4f40bc-139952901822272","trial_id":11,"param_name":"layers","param_value_internal":2.0,"distribution":"{\"name\": \"IntDistribution\", \"attributes\": {\"log\": false, \"step\": 1, \"low\": 1, \"high\": 3}}"}
{"op_code":5,"worker_id":"d001b366-0e49-487c-902d-d29f5a4f40bc-139952901822272","trial_id":11,"param_name":"nodes","param_value_internal":1,"distribution":"{\"name\": \"CategoricalDistribution\", \"attributes\": {\"choices\": [32, 64, 128]}}"}
{"op_code":5,"worker_id":"d001b366-0e49-487c-902d-d29f5a4f40bc-139952901822272","trial_id":11,"param_name":"alpha","param_value_internal":0.0007476249102506972,"distribution":"{\"name\": \"FloatDistribution\", \"attributes\": {\"step\": null, \"low\": 0.0, \"high\": 0.5, \"log\": false}}"}
{"op_code":5,"worker_id":"d001b366-0e49-487c-902d-d29f5a4f40bc-139952901822272","trial_id":11,"param_name":"sigma","param_value_internal":0.098363577572834,"distribution":"{\"name\": \"FloatDistribution\", \"attributes\": {\"step\": null, \"low\": 0.01, \"high\": 1.0, \"log\": true}}"}
{"op_code":6,"worker_id":"d001b366-0e49-487c-902d-d29f5a4f40bc-139952901822272","trial_id":11,"state":1,"values":[0.6713890141026466],"datetime_complete":"2026-03-26T12:00:08.073412"}
{"op_code":4,"worker_id":"d001b366-0e49-487c-902d-d29f5a4f40bc-139952901822272","study_id":0,"datetime_start":"2026-03-26T12:00:08.097653"}
{"op_code":5,"worker_id":"d001b366-0e49-487c-902d-d29f5a4f40bc-139952901822272","trial_id":12,"param_name":"lr","param_value_internal":0.02367455707430722,"distribution":"{\"name\": \"FloatDistribution\", \"attributes\": {\"step\": null, \"low\": 0.0001, \"high\": 0.1, \"log\": true}}"}
{"op_code":5,"worker_id":"d001b366-0e49-487c-902d-d29f5a4f40bc-139952901822272","trial_id":12,"param_name":"dropout","param_value_internal":0.4996257897649923,"distribution":"{\"name\": \"FloatDistribution\", \"attributes\": {\"step\": null, \"low\": 0.0, \"high\": 0.5, \"log\": false}}"}
{"op_code":5,"worker_id":"d001b366-0e49-487c-902d-d29f5a4f40bc-139952901822272","trial_id":12,"param_name":"layers","param_value_internal":2.0,"distribution":"{\"name\": \"IntDistribution\", \"attributes\": {\"log\": false, \"step\": 1, \"low\": 1, \"high\": 3}}"}
{"op_code":5,"worker_id":"d001b366-0e49-487c-902d-d29f5a4f40bc-139952901822272","trial_id":12,"param_name":"nodes","param_value_internal":1,"distribution":"{\"name\": \"CategoricalDistribution\", \"attributes\": {\"choices\": [32, 64, 128]}}"}
{"op_code":5,"worker_id":"d001b366-0e49-487c-902d-d29f5a4f40bc-139952901822272","trial_id":12,"param_name":"alpha","param_value_internal":0.16627847656950723,"distribution":"{\"name\": \"FloatDistribution\", \"attributes\": {\"step\": null, \"low\": 0.0, \"high\": 0.5, \"log\": false}}"}
{"op_code":5,"worker_id":"d001b366-0e49-487c-902d-d29f5a4f40bc-139952901822272","trial_id":12,"param_name":"sigma","param_value_internal":0.09087925404884009,"distribution":"{\"name\": \"FloatDistribution\", \"attributes\": {\"step\": null, \"low\": 0.01, \"high\": 1.0, \"log\": true}}"}
{"op_code":6,"worker_id":"d001b366-0e49-487c-902d-d29f5a4f40bc-139952901822272","trial_id":12,"state":1,"values":[0.6624594844055208],"datetime_complete":"2026-03-26T12:00:10.503701"}
{"op_code":4,"worker_id":"d001b366-0e49-487c-902d-d29f5a4f40bc-139952901822272","study_id":0,"datetime_start":"2026-03-26T12:00:10.541911"}
{"op_code":5,"worker_id":"d001b366-0e49-487c-902d-d29f5a4f40bc-139952901822272","trial_id":13,"param_name":"lr","param_value_internal":0.001908718890958016,"distribution":"{\"name\": \"FloatDistribution\", \"attributes\": {\"step\": null, \"low\": 0.0001, \"high\": 0.1, \"log\": true}}"}
{"op_code":5,"worker_id":"d001b366-0e49-487c-902d-d29f5a4f40bc-139952901822272","trial_id":13,"param_name":"dropout","param_value_internal":0.2642050719119517,"distribution":"{\"name\": \"FloatDistribution\", \"attributes\": {\"step\": null, \"low\": 0.0, \"high\": 0.5, \"log\": false}}"}
{"op_code":5,"worker_id":"d001b366-0e49-487c-902d-d29f5a4f40bc-139952901822272","trial_id":13,"param_name":"layers","param_value_internal":1.0,"distribution":"{\"name\": \"IntDistribution\", \"attributes\": {\"log\": false, \"step\": 1, \"low\": 1, \"high\": 3}}"}
{"op_code":5,"worker_id":"d001b366-0e49-487c-902d-d29f5a4f40bc-139952901822272","trial_id":13,"param_name":"nodes","param_value_internal":1,"distribution":"{\"name\": \"CategoricalDistribution\", \"attributes\": {\"choices\": [32, 64, 128]}}"}
{"op_code":5,"worker_id":"d001b366-0e49-487c-902d-d29f5a4f40bc-139952901822272","trial_id":13,"param_name":"alpha","param_value_internal":0.0028768982712308877,"distribution":"{\"name\": \"FloatDistribution\", \"attributes\": {\"step\": null, \"low\": 0.0, \"high\": 0.5, \"log\": false}}"}
{"op_code":5,"worker_id":"d001b366-0e49-487c-902d-d29f5a4f40bc-139952901822272","trial_id":13,"param_name":"sigma","param_value_internal":0.19165607299297735,"distribution":"{\"name\": \"FloatDistribution\", \"attributes\": {\"step\": null, \"low\": 0.01, \"high\": 1.0, \"log\": true}}"}
{"op_code":6,"worker_id":"d001b366-0e49-487c-902d-d29f5a4f40bc-139952901822272","trial_id":13,"state":1,"values":[0.6602485671968575],"datetime_complete":"2026-03-26T12:00:12.731874"}
{"op_code":4,"worker_id":"d001b366-0e49-487c-902d-d29f5a4f40bc-139952901822272","study_id":0,"datetime_start":"2026-03-26T12:00:12.757446"}
{"op_code":5,"worker_id":"d001b366-0e49-487c-902d-d29f5a4f40bc-139952901822272","trial_id":14,"param_name":"lr","param_value_internal":0.010449192023819548,"distribution":"{\"name\": \"FloatDistribution\", \"attributes\": {\"step\": null, \"low\": 0.0001, \"high\": 0.1, \"log\": true}}"}
{"op_code":5,"worker_id":"d001b366-0e49-487c-902d-d29f5a4f40bc-139952901822272","trial_id":14,"param_name":"dropout","param_value_internal":0.307533721793899,"distribution":"{\"name\": \"FloatDistribution\", \"attributes\": {\"step\": null, \"low\": 0.0, \"high\": 0.5, \"log\": false}}"}
{"op_code":5,"worker_id":"d001b366-0e49-487c-902d-d29f5a4f40bc-139952901822272","trial_id":14,"param_name":"layers","param_value_internal":3.0,"distribution":"{\"name\": \"IntDistribution\", \"attributes\": {\"log\": false, \"step\": 1, \"low\": 1, \"high\": 3}}"}
{"op_code":5,"worker_id":"d001b366-0e49-487c-902d-d29f5a4f40bc-139952901822272","trial_id":14,"param_name":"nodes","param_value_internal":1,"distribution":"{\"name\": \"CategoricalDistribution\", \"attributes\": {\"choices\": [32, 64, 128]}}"}
{"op_code":5,"worker_id":"d001b366-0e49-487c-902d-d29f5a4f40bc-139952901822272","trial_id":14,"param_name":"alpha","param_value_internal":0.23862821230751502,"distribution":"{\"name\": \"FloatDistribution\", \"attributes\": {\"step\": null, \"low\": 0.0, \"high\": 0.5, \"log\": false}}"}
{"op_code":5,"worker_id":"d001b366-0e49-487c-902d-d29f5a4f40bc-139952901822272","trial_id":14,"param_name":"sigma","param_value_internal":0.05097044656157021,"distribution":"{\"name\": \"FloatDistribution\", \"attributes\": {\"step\": null, \"low\": 0.01, \"high\": 1.0, \"log\": true}}"}
{"op_code":6,"worker_id":"d001b366-0e49-487c-902d-d29f5a4f40bc-139952901822272","trial_id":14,"state":1,"values":[0.6476055551978019],"datetime_complete":"2026-03-26T12:00:15.394118"}
{"op_code":4,"worker_id":"d001b366-0e49-487c-902d-d29f5a4f40bc-139952901822272","study_id":0,"datetime_start":"2026-03-26T12:00:15.409327"}
{"op_code":5,"worker_id":"d001b366-0e49-487c-902d-d29f5a4f40bc-139952901822272","trial_id":15,"param_name":"lr","param_value_internal":0.09242041727381974,"distribution":"{\"name\": \"FloatDistribution\", \"attributes\": {\"step\": null, \"low\": 0.0001, \"high\": 0.1, \"log\": true}}"}
{"op_code":5,"worker_id":"d001b366-0e49-487c-902d-d29f5a4f40bc-139952901822272","trial_id":15,"param_name":"dropout","param_value_internal":0.17886524506646218,"distribution":"{\"name\": \"FloatDistribution\", \"attributes\": {\"step\": null, \"low\": 0.0, \"high\": 0.5, \"log\": false}}"}
{"op_code":5,"worker_id":"d001b366-0e49-487c-902d-d29f5a4f40bc-139952901822272","trial_id":15,"param_name":"layers","param_value_internal":2.0,"distribution":"{\"name\": \"IntDistribution\", \"attributes\": {\"log\": false, \"step\": 1, \"low\": 1, \"high\": 3}}"}
{"op_code":5,"worker_id":"d001b366-0e49-487c-902d-d29f5a4f40bc-139952901822272","trial_id":15,"param_name":"nodes","param_value_internal":1,"distribution":"{\"name\": \"CategoricalDistribution\", \"attributes\": {\"choices\": [32, 64, 128]}}"}
{"op_code":5,"worker_id":"d001b366-0e49-487c-902d-d29f5a4f40bc-139952901822272","trial_id":15,"param_name":"alpha","param_value_internal":0.10337306844469955,"distribution":"{\"name\": \"FloatDistribution\", \"attributes\": {\"step\": null, \"low\": 0.0, \"high\": 0.5, \"log\": false}}"}
{"op_code":5,"worker_id":"d001b366-0e49-487c-902d-d29f5a4f40bc-139952901822272","trial_id":15,"param_name":"sigma","param_value_internal":0.02208791905954419,"distribution":"{\"name\": \"FloatDistribution\", \"attributes\": {\"step\": null, \"low\": 0.01, \"high\": 1.0, \"log\": true}}"}
{"op_code":6,"worker_id":"d001b366-0e49-487c-902d-d29f5a4f40bc-139952901822272","trial_id":15,"state":1,"values":[0.5056024212763217],"datetime_complete":"2026-03-26T12:00:17.800801"}
{"op_code":4,"worker_id":"d001b366-0e49-487c-902d-d29f5a4f40bc-139952901822272","study_id":0,"datetime_start":"2026-03-26T12:00:17.812984"}
{"op_code":5,"worker_id":"d001b366-0e49-487c-902d-d29f5a4f40bc-139952901822272","trial_id":16,"param_name":"lr","param_value_internal":0.0018799378306958948,"distribution":"{\"name\": \"FloatDistribution\", \"attributes\": {\"step\": null, \"low\": 0.0001, \"high\": 0.1, \"log\": true}}"}
{"op_code":5,"worker_id":"d001b366-0e49-487c-902d-d29f5a4f40bc-139952901822272","trial_id":16,"param_name":"dropout","param_value_internal":0.494071601210486,"distribution":"{\"name\": \"FloatDistribution\", \"attributes\": {\"step\": null, \"low\": 0.0, \"high\": 0.5, \"log\": false}}"}
{"op_code":5,"worker_id":"d001b366-0e49-487c-902d-d29f5a4f40bc-139952901822272","trial_id":16,"param_name":"layers","param_value_internal":3.0,"distribution":"{\"name\": \"IntDistribution\", \"attributes\": {\"log\": false, \"step\": 1, \"low\": 1, \"high\": 3}}"}
{"op_code":5,"worker_id":"d001b366-0e49-487c-902d-d29f5a4f40bc-139952901822272","trial_id":16,"param_name":"nodes","param_value_internal":1,"distribution":"{\"name\": \"CategoricalDistribution\", \"attributes\": {\"choices\": [32, 64, 128]}}"}
{"op_code":5,"worker_id":"d001b366-0e49-487c-902d-d29f5a4f40bc-139952901822272","trial_id":16,"param_name":"alpha","param_value_internal":0.06233594801289269,"distribution":"{\"name\": \"FloatDistribution\", \"attributes\": {\"step\": null, \"low\": 0.0, \"high\": 0.5, \"log\": false}}"}
{"op_code":5,"worker_id":"d001b366-0e49-487c-902d-d29f5a4f40bc-139952901822272","trial_id":16,"param_name":"sigma","param_value_internal":0.10810128231740818,"distribution":"{\"name\": \"FloatDistribution\", \"attributes\": {\"step\": null, \"low\": 0.01, \"high\": 1.0, \"log\": true}}"}
{"op_code":6,"worker_id":"d001b366-0e49-487c-902d-d29f5a4f40bc-139952901822272","trial_id":16,"state":1,"values":[0.6716036662588276],"datetime_complete":"2026-03-26T12:00:20.412472"}
{"op_code":4,"worker_id":"d001b366-0e49-487c-902d-d29f5a4f40bc-139952901822272","study_id":0,"datetime_start":"2026-03-26T12:00:20.425476"}
{"op_code":5,"worker_id":"d001b366-0e49-487c-902d-d29f5a4f40bc-139952901822272","trial_id":17,"param_name":"lr","param_value_internal":0.0014335578571550254,"distribution":"{\"name\": \"FloatDistribution\", \"attributes\": {\"step\": null, \"low\": 0.0001, \"high\": 0.1, \"log\": true}}"}
{"op_code":5,"worker_id":"d001b366-0e49-487c-902d-d29f5a4f40bc-139952901822272","trial_id":17,"param_name":"dropout","param_value_internal":0.20064484518712383,"distribution":"{\"name\": \"FloatDistribution\", \"attributes\": {\"step\": null, \"low\": 0.0, \"high\": 0.5, \"log\": false}}"}
{"op_code":5,"worker_id":"d001b366-0e49-487c-902d-d29f5a4f40bc-139952901822272","trial_id":17,"param_name":"layers","param_value_internal":2.0,"distribution":"{\"name\": \"IntDistribution\", \"attributes\": {\"log\": false, \"step\": 1, \"low\": 1, \"high\": 3}}"}
{"op_code":5,"worker_id":"d001b366-0e49-487c-902d-d29f5a4f40bc-139952901822272","trial_id":17,"param_name":"nodes","param_value_internal":1,"distribution":"{\"name\": \"CategoricalDistribution\", \"attributes\": {\"choices\": [32, 64, 128]}}"}
{"op_code":5,"worker_id":"d001b366-0e49-487c-902d-d29f5a4f40bc-139952901822272","trial_id":17,"param_name":"alpha","param_value_internal":0.2137973765847362,"distribution":"{\"name\": \"FloatDistribution\", \"attributes\": {\"step\": null, \"low\": 0.0, \"high\": 0.5, \"log\": false}}"}
{"op_code":5,"worker_id":"d001b366-0e49-487c-902d-d29f5a4f40bc-139952901822272","trial_id":17,"param_name":"sigma","param_value_internal":0.3903455438957622,"distribution":"{\"name\": \"FloatDistribution\", \"attributes\": {\"step\": null, \"low\": 0.01, \"high\": 1.0, \"log\": true}}"}
{"op_code":6,"worker_id":"d001b366-0e49-487c-902d-d29f5a4f40bc-139952901822272","trial_id":17,"state":1,"values":[0.6687273273660034],"datetime_complete":"2026-03-26T12:00:22.869189"}
{"op_code":4,"worker_id":"d001b366-0e49-487c-902d-d29f5a4f40bc-139952901822272","study_id":0,"datetime_start":"2026-03-26T12:00:22.888460"}
{"op_code":5,"worker_id":"d001b366-0e49-487c-902d-d29f5a4f40bc-139952901822272","trial_id":18,"param_name":"lr","param_value_internal":0.00011834963640277691,"distribution":"{\"name\": \"FloatDistribution\", \"attributes\": {\"step\": null, \"low\": 0.0001, \"high\": 0.1, \"log\": true}}"}
{"op_code":5,"worker_id":"d001b366-0e49-487c-902d-d29f5a4f40bc-139952901822272","trial_id":18,"param_name":"dropout","param_value_internal":0.39471407591705027,"distribution":"{\"name\": \"FloatDistribution\", \"attributes\": {\"step\": null, \"low\": 0.0, \"high\": 0.5, \"log\": false}}"}
{"op_code":5,"worker_id":"d001b366-0e49-487c-902d-d29f5a4f40bc-139952901822272","trial_id":18,"param_name":"layers","param_value_internal":1.0,"distribution":"{\"name\": \"IntDistribution\", \"attributes\": {\"log\": false, \"step\": 1, \"low\": 1, \"high\": 3}}"}
{"op_code":5,"worker_id":"d001b366-0e49-487c-902d-d29f5a4f40bc-139952901822272","trial_id":18,"param_name":"nodes","param_value_internal":0,"distribution":"{\"name\": \"CategoricalDistribution\", \"attributes\": {\"choices\": [32, 64, 128]}}"}
{"op_code":5,"worker_id":"d001b366-0e49-487c-902d-d29f5a4f40bc-139952901822272","trial_id":18,"param_name":"alpha","param_value_internal":0.024055607516537972,"distribution":"{\"name\": \"FloatDistribution\", \"attributes\": {\"step\": null, \"low\": 0.0, \"high\": 0.5, \"log\": false}}"}
{"op_code":5,"worker_id":"d001b366-0e49-487c-902d-d29f5a4f40bc-139952901822272","trial_id":18,"param_name":"sigma","param_value_internal":0.1182487490517148,"distribution":"{\"name\": \"FloatDistribution\", \"attributes\": {\"step\": null, \"low\": 0.01, \"high\": 1.0, \"log\": true}}"}
{"op_code":6,"worker_id":"d001b366-0e49-487c-902d-d29f5a4f40bc-139952901822272","trial_id":18,"state":1,"values":[0.6523708330650181],"datetime_complete":"2026-03-26T12:00:25.030063"}
{"op_code":4,"worker_id":"d001b366-0e49-487c-902d-d29f5a4f40bc-139952901822272","study_id":0,"datetime_start":"2026-03-26T12:00:25.042121"}
{"op_code":5,"worker_id":"d001b366-0e49-487c-902d-d29f5a4f40bc-139952901822272","trial_id":19,"param_name":"lr","param_value_internal":0.002536423028128104,"distribution":"{\"name\": \"FloatDistribution\", \"attributes\": {\"step\": null, \"low\": 0.0001, \"high\": 0.1, \"log\": true}}"}
{"op_code":5,"worker_id":"d001b366-0e49-487c-902d-d29f5a4f40bc-139952901822272","trial_id":19,"param_name":"dropout","param_value_internal":0.09339650999177257,"distribution":"{\"name\": \"FloatDistribution\", \"attributes\": {\"step\": null, \"low\": 0.0, \"high\": 0.5, \"log\": false}}"}
{"op_code":5,"worker_id":"d001b366-0e49-487c-902d-d29f5a4f40bc-139952901822272","trial_id":19,"param_name":"layers","param_value_internal":2.0,"distribution":"{\"name\": \"IntDistribution\", \"attributes\": {\"log\": false, \"step\": 1, \"low\": 1, \"high\": 3}}"}
{"op_code":5,"worker_id":"d001b366-0e49-487c-902d-d29f5a4f40bc-139952901822272","trial_id":19,"param_name":"nodes","param_value_internal":2,"distribution":"{\"name\": \"CategoricalDistribution\", \"attributes\": {\"choices\": [32, 64, 128]}}"}
{"op_code":5,"worker_id":"d001b366-0e49-487c-902d-d29f5a4f40bc-139952901822272","trial_id":19,"param_name":"alpha","param_value_internal":0.05678572733336057,"distribution":"{\"name\": \"FloatDistribution\", \"attributes\": {\"step\": null, \"low\": 0.0, \"high\": 0.5, \"log\": false}}"}
{"op_code":5,"worker_id":"d001b366-0e49-487c-902d-d29f5a4f40bc-139952901822272","trial_id":19,"param_name":"sigma","param_value_internal":0.16182071382570307,"distribution":"{\"name\": \"FloatDistribution\", \"attributes\": {\"step\": null, \"low\": 0.01, \"high\": 1.0, \"log\": true}}"}
{"op_code":6,"worker_id":"d001b366-0e49-487c-902d-d29f5a4f40bc-139952901822272","trial_id":19,"state":1,"values":[0.6164809925515702],"datetime_complete":"2026-03-26T12:00:27.407576"}
