{"op_code":0,"worker_id":"1fefa866-05f2-4210-adaa-eb7eafaffb0a-140544486217536","study_name":"tabdpt_pchazard","directions":[2]}
{"op_code":4,"worker_id":"1fefa866-05f2-4210-adaa-eb7eafaffb0a-140544486217536","study_id":0,"datetime_start":"2026-04-01T01:35:45.886865"}
{"op_code":5,"worker_id":"1fefa866-05f2-4210-adaa-eb7eafaffb0a-140544486217536","trial_id":0,"param_name":"lr","param_value_internal":0.06562365652481639,"distribution":"{\"name\": \"FloatDistribution\", \"attributes\": {\"step\": null, \"low\": 0.0001, \"high\": 0.1, \"log\": true}}"}
{"op_code":5,"worker_id":"1fefa866-05f2-4210-adaa-eb7eafaffb0a-140544486217536","trial_id":0,"param_name":"dropout","param_value_internal":0.29509198890445415,"distribution":"{\"name\": \"FloatDistribution\", \"attributes\": {\"step\": null, \"low\": 0.0, \"high\": 0.5, \"log\": false}}"}
{"op_code":5,"worker_id":"1fefa866-05f2-4210-adaa-eb7eafaffb0a-140544486217536","trial_id":0,"param_name":"nodes","param_value_internal":0,"distribution":"{\"name\": \"CategoricalDistribution\", \"attributes\": {\"choices\": [\"64-64\", \"128-64\", \"256-128\"]}}"}
{"op_code":6,"worker_id":"1fefa866-05f2-4210-adaa-eb7eafaffb0a-140544486217536","trial_id":0,"state":1,"values":[0.3937138909821653],"datetime_complete":"2026-04-01T01:35:47.410772"}
{"op_code":4,"worker_id":"1fefa866-05f2-4210-adaa-eb7eafaffb0a-140544486217536","study_id":0,"datetime_start":"2026-04-01T01:35:47.434040"}
{"op_code":5,"worker_id":"1fefa866-05f2-4210-adaa-eb7eafaffb0a-140544486217536","trial_id":1,"param_name":"lr","param_value_internal":0.0040834907783714935,"distribution":"{\"name\": \"FloatDistribution\", \"attributes\": {\"step\": null, \"low\": 0.0001, \"high\": 0.1, \"log\": true}}"}
{"op_code":5,"worker_id":"1fefa866-05f2-4210-adaa-eb7eafaffb0a-140544486217536","trial_id":1,"param_name":"dropout","param_value_internal":0.04176980386165563,"distribution":"{\"name\": \"FloatDistribution\", \"attributes\": {\"step\": null, \"low\": 0.0, \"high\": 0.5, \"log\": false}}"}
{"op_code":5,"worker_id":"1fefa866-05f2-4210-adaa-eb7eafaffb0a-140544486217536","trial_id":1,"param_name":"nodes","param_value_internal":0,"distribution":"{\"name\": \"CategoricalDistribution\", \"attributes\": {\"choices\": [\"64-64\", \"128-64\", \"256-128\"]}}"}
{"op_code":6,"worker_id":"1fefa866-05f2-4210-adaa-eb7eafaffb0a-140544486217536","trial_id":1,"state":1,"values":[0.3759419743782969],"datetime_complete":"2026-04-01T01:35:48.972393"}
{"op_code":4,"worker_id":"1fefa866-05f2-4210-adaa-eb7eafaffb0a-140544486217536","study_id":0,"datetime_start":"2026-04-01T01:35:48.995955"}
{"op_code":5,"worker_id":"1fefa866-05f2-4210-adaa-eb7eafaffb0a-140544486217536","trial_id":2,"param_name":"lr","param_value_internal":0.006066286154134285,"distribution":"{\"name\": \"FloatDistribution\", \"attributes\": {\"step\": null, \"low\": 0.0001, \"high\": 0.1, \"log\": true}}"}
{"op_code":5,"worker_id":"1fefa866-05f2-4210-adaa-eb7eafaffb0a-140544486217536","trial_id":2,"param_name":"dropout","param_value_internal":0.33006830230446943,"distribution":"{\"name\": \"FloatDistribution\", \"attributes\": {\"step\": null, \"low\": 0.0, \"high\": 0.5, \"log\": false}}"}
{"op_code":5,"worker_id":"1fefa866-05f2-4210-adaa-eb7eafaffb0a-140544486217536","trial_id":2,"param_name":"nodes","param_value_internal":0,"distribution":"{\"name\": \"CategoricalDistribution\", \"attributes\": {\"choices\": [\"64-64\", \"128-64\", \"256-128\"]}}"}
{"op_code":6,"worker_id":"1fefa866-05f2-4210-adaa-eb7eafaffb0a-140544486217536","trial_id":2,"state":1,"values":[0.3881562421502135],"datetime_complete":"2026-04-01T01:35:50.525435"}
{"op_code":4,"worker_id":"1fefa866-05f2-4210-adaa-eb7eafaffb0a-140544486217536","study_id":0,"datetime_start":"2026-04-01T01:35:50.549113"}
{"op_code":5,"worker_id":"1fefa866-05f2-4210-adaa-eb7eafaffb0a-140544486217536","trial_id":3,"param_name":"lr","param_value_internal":0.00012679199368133292,"distribution":"{\"name\": \"FloatDistribution\", \"attributes\": {\"step\": null, \"low\": 0.0001, \"high\": 0.1, \"log\": true}}"}
{"op_code":5,"worker_id":"1fefa866-05f2-4210-adaa-eb7eafaffb0a-140544486217536","trial_id":3,"param_name":"dropout","param_value_internal":0.3723204024801461,"distribution":"{\"name\": \"FloatDistribution\", \"attributes\": {\"step\": null, \"low\": 0.0, \"high\": 0.5, \"log\": false}}"}
{"op_code":5,"worker_id":"1fefa866-05f2-4210-adaa-eb7eafaffb0a-140544486217536","trial_id":3,"param_name":"nodes","param_value_internal":0,"distribution":"{\"name\": \"CategoricalDistribution\", \"attributes\": {\"choices\": [\"64-64\", \"128-64\", \"256-128\"]}}"}
{"op_code":6,"worker_id":"1fefa866-05f2-4210-adaa-eb7eafaffb0a-140544486217536","trial_id":3,"state":1,"values":[0.39047977895001257],"datetime_complete":"2026-04-01T01:35:52.077728"}
{"op_code":4,"worker_id":"1fefa866-05f2-4210-adaa-eb7eafaffb0a-140544486217536","study_id":0,"datetime_start":"2026-04-01T01:35:52.104726"}
{"op_code":5,"worker_id":"1fefa866-05f2-4210-adaa-eb7eafaffb0a-140544486217536","trial_id":4,"param_name":"lr","param_value_internal":0.00011125644519220002,"distribution":"{\"name\": \"FloatDistribution\", \"attributes\": {\"step\": null, \"low\": 0.0001, \"high\": 0.1, \"log\": true}}"}
{"op_code":5,"worker_id":"1fefa866-05f2-4210-adaa-eb7eafaffb0a-140544486217536","trial_id":4,"param_name":"dropout","param_value_internal":0.1565332366018431,"distribution":"{\"name\": \"FloatDistribution\", \"attributes\": {\"step\": null, \"low\": 0.0, \"high\": 0.5, \"log\": false}}"}
{"op_code":5,"worker_id":"1fefa866-05f2-4210-adaa-eb7eafaffb0a-140544486217536","trial_id":4,"param_name":"nodes","param_value_internal":2,"distribution":"{\"name\": \"CategoricalDistribution\", \"attributes\": {\"choices\": [\"64-64\", \"128-64\", \"256-128\"]}}"}
{"op_code":6,"worker_id":"1fefa866-05f2-4210-adaa-eb7eafaffb0a-140544486217536","trial_id":4,"state":1,"values":[0.3831323787992967],"datetime_complete":"2026-04-01T01:35:53.629439"}
{"op_code":4,"worker_id":"1fefa866-05f2-4210-adaa-eb7eafaffb0a-140544486217536","study_id":0,"datetime_start":"2026-04-01T01:35:53.645375"}
{"op_code":5,"worker_id":"1fefa866-05f2-4210-adaa-eb7eafaffb0a-140544486217536","trial_id":5,"param_name":"lr","param_value_internal":0.07373067185645572,"distribution":"{\"name\": \"FloatDistribution\", \"attributes\": {\"step\": null, \"low\": 0.0001, \"high\": 0.1, \"log\": true}}"}
{"op_code":5,"worker_id":"1fefa866-05f2-4210-adaa-eb7eafaffb0a-140544486217536","trial_id":5,"param_name":"dropout","param_value_internal":0.4459740784241487,"distribution":"{\"name\": \"FloatDistribution\", \"attributes\": {\"step\": null, \"low\": 0.0, \"high\": 0.5, \"log\": false}}"}
{"op_code":5,"worker_id":"1fefa866-05f2-4210-adaa-eb7eafaffb0a-140544486217536","trial_id":5,"param_name":"nodes","param_value_internal":0,"distribution":"{\"name\": \"CategoricalDistribution\", \"attributes\": {\"choices\": [\"64-64\", \"128-64\", \"256-128\"]}}"}
{"op_code":6,"worker_id":"1fefa866-05f2-4210-adaa-eb7eafaffb0a-140544486217536","trial_id":5,"state":1,"values":[0.4184250188394876],"datetime_complete":"2026-04-01T01:35:55.140854"}
{"op_code":4,"worker_id":"1fefa866-05f2-4210-adaa-eb7eafaffb0a-140544486217536","study_id":0,"datetime_start":"2026-04-01T01:35:55.156285"}
{"op_code":5,"worker_id":"1fefa866-05f2-4210-adaa-eb7eafaffb0a-140544486217536","trial_id":6,"param_name":"lr","param_value_internal":0.0619448796526671,"distribution":"{\"name\": \"FloatDistribution\", \"attributes\": {\"step\": null, \"low\": 0.0001, \"high\": 0.1, \"log\": true}}"}
{"op_code":5,"worker_id":"1fefa866-05f2-4210-adaa-eb7eafaffb0a-140544486217536","trial_id":6,"param_name":"dropout","param_value_internal":0.2925837924653819,"distribution":"{\"name\": \"FloatDistribution\", \"attributes\": {\"step\": null, \"low\": 0.0, \"high\": 0.5, \"log\": false}}"}
{"op_code":5,"worker_id":"1fefa866-05f2-4210-adaa-eb7eafaffb0a-140544486217536","trial_id":6,"param_name":"nodes","param_value_internal":0,"distribution":"{\"name\": \"CategoricalDistribution\", \"attributes\": {\"choices\": [\"64-64\", \"128-64\", \"256-128\"]}}"}
{"op_code":6,"worker_id":"1fefa866-05f2-4210-adaa-eb7eafaffb0a-140544486217536","trial_id":6,"state":1,"values":[0.38005526249686006],"datetime_complete":"2026-04-01T01:35:56.662550"}
{"op_code":4,"worker_id":"1fefa866-05f2-4210-adaa-eb7eafaffb0a-140544486217536","study_id":0,"datetime_start":"2026-04-01T01:35:56.680138"}
{"op_code":5,"worker_id":"1fefa866-05f2-4210-adaa-eb7eafaffb0a-140544486217536","trial_id":7,"param_name":"lr","param_value_internal":0.00017549003243779113,"distribution":"{\"name\": \"FloatDistribution\", \"attributes\": {\"step\": null, \"low\": 0.0001, \"high\": 0.1, \"log\": true}}"}
{"op_code":5,"worker_id":"1fefa866-05f2-4210-adaa-eb7eafaffb0a-140544486217536","trial_id":7,"param_name":"dropout","param_value_internal":0.4110460731234324,"distribution":"{\"name\": \"FloatDistribution\", \"attributes\": {\"step\": null, \"low\": 0.0, \"high\": 0.5, \"log\": false}}"}
{"op_code":5,"worker_id":"1fefa866-05f2-4210-adaa-eb7eafaffb0a-140544486217536","trial_id":7,"param_name":"nodes","param_value_internal":2,"distribution":"{\"name\": \"CategoricalDistribution\", \"attributes\": {\"choices\": [\"64-64\", \"128-64\", \"256-128\"]}}"}
{"op_code":6,"worker_id":"1fefa866-05f2-4210-adaa-eb7eafaffb0a-140544486217536","trial_id":7,"state":1,"values":[0.39594323034413464],"datetime_complete":"2026-04-01T01:35:58.185925"}
{"op_code":4,"worker_id":"1fefa866-05f2-4210-adaa-eb7eafaffb0a-140544486217536","study_id":0,"datetime_start":"2026-04-01T01:35:58.204451"}
{"op_code":5,"worker_id":"1fefa866-05f2-4210-adaa-eb7eafaffb0a-140544486217536","trial_id":8,"param_name":"lr","param_value_internal":0.01454357997089255,"distribution":"{\"name\": \"FloatDistribution\", \"attributes\": {\"step\": null, \"low\": 0.0001, \"high\": 0.1, \"log\": true}}"}
{"op_code":5,"worker_id":"1fefa866-05f2-4210-adaa-eb7eafaffb0a-140544486217536","trial_id":8,"param_name":"dropout","param_value_internal":0.3381300745706422,"distribution":"{\"name\": \"FloatDistribution\", \"attributes\": {\"step\": null, \"low\": 0.0, \"high\": 0.5, \"log\": false}}"}
{"op_code":5,"worker_id":"1fefa866-05f2-4210-adaa-eb7eafaffb0a-140544486217536","trial_id":8,"param_name":"nodes","param_value_internal":2,"distribution":"{\"name\": \"CategoricalDistribution\", \"attributes\": {\"choices\": [\"64-64\", \"128-64\", \"256-128\"]}}"}
{"op_code":6,"worker_id":"1fefa866-05f2-4210-adaa-eb7eafaffb0a-140544486217536","trial_id":8,"state":1,"values":[0.4032278322029641],"datetime_complete":"2026-04-01T01:35:59.737050"}
{"op_code":4,"worker_id":"1fefa866-05f2-4210-adaa-eb7eafaffb0a-140544486217536","study_id":0,"datetime_start":"2026-04-01T01:35:59.762569"}
{"op_code":5,"worker_id":"1fefa866-05f2-4210-adaa-eb7eafaffb0a-140544486217536","trial_id":9,"param_name":"lr","param_value_internal":0.0002737748750556415,"distribution":"{\"name\": \"FloatDistribution\", \"attributes\": {\"step\": null, \"low\": 0.0001, \"high\": 0.1, \"log\": true}}"}
{"op_code":5,"worker_id":"1fefa866-05f2-4210-adaa-eb7eafaffb0a-140544486217536","trial_id":9,"param_name":"dropout","param_value_internal":0.3494485600448106,"distribution":"{\"name\": \"FloatDistribution\", \"attributes\": {\"step\": null, \"low\": 0.0, \"high\": 0.5, \"log\": false}}"}
{"op_code":5,"worker_id":"1fefa866-05f2-4210-adaa-eb7eafaffb0a-140544486217536","trial_id":9,"param_name":"nodes","param_value_internal":2,"distribution":"{\"name\": \"CategoricalDistribution\", \"attributes\": {\"choices\": [\"64-64\", \"128-64\", \"256-128\"]}}"}
{"op_code":6,"worker_id":"1fefa866-05f2-4210-adaa-eb7eafaffb0a-140544486217536","trial_id":9,"state":1,"values":[0.39161014820396883],"datetime_complete":"2026-04-01T01:36:01.278717"}
{"op_code":4,"worker_id":"1fefa866-05f2-4210-adaa-eb7eafaffb0a-140544486217536","study_id":0,"datetime_start":"2026-04-01T01:36:01.300801"}
{"op_code":5,"worker_id":"1fefa866-05f2-4210-adaa-eb7eafaffb0a-140544486217536","trial_id":10,"param_name":"lr","param_value_internal":0.0008282596013802403,"distribution":"{\"name\": \"FloatDistribution\", \"attributes\": {\"step\": null, \"low\": 0.0001, \"high\": 0.1, \"log\": true}}"}
{"op_code":5,"worker_id":"1fefa866-05f2-4210-adaa-eb7eafaffb0a-140544486217536","trial_id":10,"param_name":"dropout","param_value_internal":0.4892550051575053,"distribution":"{\"name\": \"FloatDistribution\", \"attributes\": {\"step\": null, \"low\": 0.0, \"high\": 0.5, \"log\": false}}"}
{"op_code":5,"worker_id":"1fefa866-05f2-4210-adaa-eb7eafaffb0a-140544486217536","trial_id":10,"param_name":"nodes","param_value_internal":1,"distribution":"{\"name\": \"CategoricalDistribution\", \"attributes\": {\"choices\": [\"64-64\", \"128-64\", \"256-128\"]}}"}
{"op_code":6,"worker_id":"1fefa866-05f2-4210-adaa-eb7eafaffb0a-140544486217536","trial_id":10,"state":1,"values":[0.40778070836473246],"datetime_complete":"2026-04-01T01:36:02.810374"}
{"op_code":4,"worker_id":"1fefa866-05f2-4210-adaa-eb7eafaffb0a-140544486217536","study_id":0,"datetime_start":"2026-04-01T01:36:02.829944"}
{"op_code":5,"worker_id":"1fefa866-05f2-4210-adaa-eb7eafaffb0a-140544486217536","trial_id":11,"param_name":"lr","param_value_internal":0.000650121054157149,"distribution":"{\"name\": \"FloatDistribution\", \"attributes\": {\"step\": null, \"low\": 0.0001, \"high\": 0.1, \"log\": true}}"}
{"op_code":5,"worker_id":"1fefa866-05f2-4210-adaa-eb7eafaffb0a-140544486217536","trial_id":11,"param_name":"dropout","param_value_internal":0.49921409684155454,"distribution":"{\"name\": \"FloatDistribution\", \"attributes\": {\"step\": null, \"low\": 0.0, \"high\": 0.5, \"log\": false}}"}
{"op_code":5,"worker_id":"1fefa866-05f2-4210-adaa-eb7eafaffb0a-140544486217536","trial_id":11,"param_name":"nodes","param_value_internal":1,"distribution":"{\"name\": \"CategoricalDistribution\", \"attributes\": {\"choices\": [\"64-64\", \"128-64\", \"256-128\"]}}"}
{"op_code":6,"worker_id":"1fefa866-05f2-4210-adaa-eb7eafaffb0a-140544486217536","trial_id":11,"state":1,"values":[0.40784350665661895],"datetime_complete":"2026-04-01T01:36:04.343271"}
{"op_code":4,"worker_id":"1fefa866-05f2-4210-adaa-eb7eafaffb0a-140544486217536","study_id":0,"datetime_start":"2026-04-01T01:36:04.363669"}
{"op_code":5,"worker_id":"1fefa866-05f2-4210-adaa-eb7eafaffb0a-140544486217536","trial_id":12,"param_name":"lr","param_value_internal":0.0008792036676323584,"distribution":"{\"name\": \"FloatDistribution\", \"attributes\": {\"step\": null, \"low\": 0.0001, \"high\": 0.1, \"log\": true}}"}
{"op_code":5,"worker_id":"1fefa866-05f2-4210-adaa-eb7eafaffb0a-140544486217536","trial_id":12,"param_name":"dropout","param_value_internal":0.4959177703415304,"distribution":"{\"name\": \"FloatDistribution\", \"attributes\": {\"step\": null, \"low\": 0.0, \"high\": 0.5, \"log\": false}}"}
{"op_code":5,"worker_id":"1fefa866-05f2-4210-adaa-eb7eafaffb0a-140544486217536","trial_id":12,"param_name":"nodes","param_value_internal":1,"distribution":"{\"name\": \"CategoricalDistribution\", \"attributes\": {\"choices\": [\"64-64\", \"128-64\", \"256-128\"]}}"}
{"op_code":6,"worker_id":"1fefa866-05f2-4210-adaa-eb7eafaffb0a-140544486217536","trial_id":12,"state":1,"values":[0.40734112032152725],"datetime_complete":"2026-04-01T01:36:05.873224"}
{"op_code":4,"worker_id":"1fefa866-05f2-4210-adaa-eb7eafaffb0a-140544486217536","study_id":0,"datetime_start":"2026-04-01T01:36:05.894084"}
{"op_code":5,"worker_id":"1fefa866-05f2-4210-adaa-eb7eafaffb0a-140544486217536","trial_id":13,"param_name":"lr","param_value_internal":0.0010893774556339309,"distribution":"{\"name\": \"FloatDistribution\", \"attributes\": {\"step\": null, \"low\": 0.0001, \"high\": 0.1, \"log\": true}}"}
{"op_code":5,"worker_id":"1fefa866-05f2-4210-adaa-eb7eafaffb0a-140544486217536","trial_id":13,"param_name":"dropout","param_value_internal":0.4355538102388936,"distribution":"{\"name\": \"FloatDistribution\", \"attributes\": {\"step\": null, \"low\": 0.0, \"high\": 0.5, \"log\": false}}"}
{"op_code":5,"worker_id":"1fefa866-05f2-4210-adaa-eb7eafaffb0a-140544486217536","trial_id":13,"param_name":"nodes","param_value_internal":1,"distribution":"{\"name\": \"CategoricalDistribution\", \"attributes\": {\"choices\": [\"64-64\", \"128-64\", \"256-128\"]}}"}
{"op_code":6,"worker_id":"1fefa866-05f2-4210-adaa-eb7eafaffb0a-140544486217536","trial_id":13,"state":1,"values":[0.4112974127103743],"datetime_complete":"2026-04-01T01:36:07.410524"}
{"op_code":4,"worker_id":"1fefa866-05f2-4210-adaa-eb7eafaffb0a-140544486217536","study_id":0,"datetime_start":"2026-04-01T01:36:07.429313"}
{"op_code":5,"worker_id":"1fefa866-05f2-4210-adaa-eb7eafaffb0a-140544486217536","trial_id":14,"param_name":"lr","param_value_internal":0.015479712473532784,"distribution":"{\"name\": \"FloatDistribution\", \"attributes\": {\"step\": null, \"low\": 0.0001, \"high\": 0.1, \"log\": true}}"}
{"op_code":5,"worker_id":"1fefa866-05f2-4210-adaa-eb7eafaffb0a-140544486217536","trial_id":14,"param_name":"dropout","param_value_internal":0.20968366942336025,"distribution":"{\"name\": \"FloatDistribution\", \"attributes\": {\"step\": null, \"low\": 0.0, \"high\": 0.5, \"log\": false}}"}
{"op_code":5,"worker_id":"1fefa866-05f2-4210-adaa-eb7eafaffb0a-140544486217536","trial_id":14,"param_name":"nodes","param_value_internal":1,"distribution":"{\"name\": \"CategoricalDistribution\", \"attributes\": {\"choices\": [\"64-64\", \"128-64\", \"256-128\"]}}"}
{"op_code":6,"worker_id":"1fefa866-05f2-4210-adaa-eb7eafaffb0a-140544486217536","trial_id":14,"state":1,"values":[0.3921439336850038],"datetime_complete":"2026-04-01T01:36:08.959515"}
{"op_code":4,"worker_id":"1fefa866-05f2-4210-adaa-eb7eafaffb0a-140544486217536","study_id":0,"datetime_start":"2026-04-01T01:36:08.974298"}
{"op_code":5,"worker_id":"1fefa866-05f2-4210-adaa-eb7eafaffb0a-140544486217536","trial_id":15,"param_name":"lr","param_value_internal":0.001894461640011761,"distribution":"{\"name\": \"FloatDistribution\", \"attributes\": {\"step\": null, \"low\": 0.0001, \"high\": 0.1, \"log\": true}}"}
{"op_code":5,"worker_id":"1fefa866-05f2-4210-adaa-eb7eafaffb0a-140544486217536","trial_id":15,"param_name":"dropout","param_value_internal":0.42161994366141003,"distribution":"{\"name\": \"FloatDistribution\", \"attributes\": {\"step\": null, \"low\": 0.0, \"high\": 0.5, \"log\": false}}"}
{"op_code":5,"worker_id":"1fefa866-05f2-4210-adaa-eb7eafaffb0a-140544486217536","trial_id":15,"param_name":"nodes","param_value_internal":1,"distribution":"{\"name\": \"CategoricalDistribution\", \"attributes\": {\"choices\": [\"64-64\", \"128-64\", \"256-128\"]}}"}
{"op_code":6,"worker_id":"1fefa866-05f2-4210-adaa-eb7eafaffb0a-140544486217536","trial_id":15,"state":1,"values":[0.40102989198693795],"datetime_complete":"2026-04-01T01:36:10.469190"}
{"op_code":4,"worker_id":"1fefa866-05f2-4210-adaa-eb7eafaffb0a-140544486217536","study_id":0,"datetime_start":"2026-04-01T01:36:10.486013"}
{"op_code":5,"worker_id":"1fefa866-05f2-4210-adaa-eb7eafaffb0a-140544486217536","trial_id":16,"param_name":"lr","param_value_internal":0.020572615541437304,"distribution":"{\"name\": \"FloatDistribution\", \"attributes\": {\"step\": null, \"low\": 0.0001, \"high\": 0.1, \"log\": true}}"}
{"op_code":5,"worker_id":"1fefa866-05f2-4210-adaa-eb7eafaffb0a-140544486217536","trial_id":16,"param_name":"dropout","param_value_internal":0.42720114830891404,"distribution":"{\"name\": \"FloatDistribution\", \"attributes\": {\"step\": null, \"low\": 0.0, \"high\": 0.5, \"log\": false}}"}
{"op_code":5,"worker_id":"1fefa866-05f2-4210-adaa-eb7eafaffb0a-140544486217536","trial_id":16,"param_name":"nodes","param_value_internal":1,"distribution":"{\"name\": \"CategoricalDistribution\", \"attributes\": {\"choices\": [\"64-64\", \"128-64\", \"256-128\"]}}"}
{"op_code":6,"worker_id":"1fefa866-05f2-4210-adaa-eb7eafaffb0a-140544486217536","trial_id":16,"state":1,"values":[0.39456166792263253],"datetime_complete":"2026-04-01T01:36:11.981901"}
{"op_code":4,"worker_id":"1fefa866-05f2-4210-adaa-eb7eafaffb0a-140544486217536","study_id":0,"datetime_start":"2026-04-01T01:36:11.998531"}
{"op_code":5,"worker_id":"1fefa866-05f2-4210-adaa-eb7eafaffb0a-140544486217536","trial_id":17,"param_name":"lr","param_value_internal":0.0014754839082181009,"distribution":"{\"name\": \"FloatDistribution\", \"attributes\": {\"step\": null, \"low\": 0.0001, \"high\": 0.1, \"log\": true}}"}
{"op_code":5,"worker_id":"1fefa866-05f2-4210-adaa-eb7eafaffb0a-140544486217536","trial_id":17,"param_name":"dropout","param_value_internal":0.22159101464043246,"distribution":"{\"name\": \"FloatDistribution\", \"attributes\": {\"step\": null, \"low\": 0.0, \"high\": 0.5, \"log\": false}}"}
{"op_code":5,"worker_id":"1fefa866-05f2-4210-adaa-eb7eafaffb0a-140544486217536","trial_id":17,"param_name":"nodes","param_value_internal":0,"distribution":"{\"name\": \"CategoricalDistribution\", \"attributes\": {\"choices\": [\"64-64\", \"128-64\", \"256-128\"]}}"}
{"op_code":6,"worker_id":"1fefa866-05f2-4210-adaa-eb7eafaffb0a-140544486217536","trial_id":17,"state":1,"values":[0.3931173072092439],"datetime_complete":"2026-04-01T01:36:13.493306"}
{"op_code":4,"worker_id":"1fefa866-05f2-4210-adaa-eb7eafaffb0a-140544486217536","study_id":0,"datetime_start":"2026-04-01T01:36:13.504778"}
{"op_code":5,"worker_id":"1fefa866-05f2-4210-adaa-eb7eafaffb0a-140544486217536","trial_id":18,"param_name":"lr","param_value_internal":0.008490222317309089,"distribution":"{\"name\": \"FloatDistribution\", \"attributes\": {\"step\": null, \"low\": 0.0001, \"high\": 0.1, \"log\": true}}"}
{"op_code":5,"worker_id":"1fefa866-05f2-4210-adaa-eb7eafaffb0a-140544486217536","trial_id":18,"param_name":"dropout","param_value_internal":0.07745715123097419,"distribution":"{\"name\": \"FloatDistribution\", \"attributes\": {\"step\": null, \"low\": 0.0, \"high\": 0.5, \"log\": false}}"}
{"op_code":5,"worker_id":"1fefa866-05f2-4210-adaa-eb7eafaffb0a-140544486217536","trial_id":18,"param_name":"nodes","param_value_internal":1,"distribution":"{\"name\": \"CategoricalDistribution\", \"attributes\": {\"choices\": [\"64-64\", \"128-64\", \"256-128\"]}}"}
{"op_code":6,"worker_id":"1fefa866-05f2-4210-adaa-eb7eafaffb0a-140544486217536","trial_id":18,"state":1,"values":[0.3722368751569957],"datetime_complete":"2026-04-01T01:36:15.003401"}
{"op_code":4,"worker_id":"1fefa866-05f2-4210-adaa-eb7eafaffb0a-140544486217536","study_id":0,"datetime_start":"2026-04-01T01:36:15.019686"}
{"op_code":5,"worker_id":"1fefa866-05f2-4210-adaa-eb7eafaffb0a-140544486217536","trial_id":19,"param_name":"lr","param_value_internal":0.000386714914701727,"distribution":"{\"name\": \"FloatDistribution\", \"attributes\": {\"step\": null, \"low\": 0.0001, \"high\": 0.1, \"log\": true}}"}
{"op_code":5,"worker_id":"1fefa866-05f2-4210-adaa-eb7eafaffb0a-140544486217536","trial_id":19,"param_name":"dropout","param_value_internal":0.44956990499798377,"distribution":"{\"name\": \"FloatDistribution\", \"attributes\": {\"step\": null, \"low\": 0.0, \"high\": 0.5, \"log\": false}}"}
{"op_code":5,"worker_id":"1fefa866-05f2-4210-adaa-eb7eafaffb0a-140544486217536","trial_id":19,"param_name":"nodes","param_value_internal":0,"distribution":"{\"name\": \"CategoricalDistribution\", \"attributes\": {\"choices\": [\"64-64\", \"128-64\", \"256-128\"]}}"}
{"op_code":6,"worker_id":"1fefa866-05f2-4210-adaa-eb7eafaffb0a-140544486217536","trial_id":19,"state":1,"values":[0.39644561667922634],"datetime_complete":"2026-04-01T01:36:16.509380"}
