{"op_code":0,"worker_id":"311df73f-2184-4420-a37f-92ee577bdd4d-140218438481728","study_name":"survtrace_tuning","directions":[2]}
{"op_code":4,"worker_id":"311df73f-2184-4420-a37f-92ee577bdd4d-140218438481728","study_id":0,"datetime_start":"2026-04-11T21:18:19.072422"}
{"op_code":5,"worker_id":"311df73f-2184-4420-a37f-92ee577bdd4d-140218438481728","trial_id":0,"param_name":"learning_rate","param_value_internal":0.0018563488164624058,"distribution":"{\"name\": \"FloatDistribution\", \"attributes\": {\"step\": null, \"low\": 0.0001, \"high\": 0.01, \"log\": true}}"}
{"op_code":5,"worker_id":"311df73f-2184-4420-a37f-92ee577bdd4d-140218438481728","trial_id":0,"param_name":"hidden_size","param_value_internal":2,"distribution":"{\"name\": \"CategoricalDistribution\", \"attributes\": {\"choices\": [8, 16, 32]}}"}
{"op_code":5,"worker_id":"311df73f-2184-4420-a37f-92ee577bdd4d-140218438481728","trial_id":0,"param_name":"num_hidden_layers","param_value_internal":3,"distribution":"{\"name\": \"CategoricalDistribution\", \"attributes\": {\"choices\": [1, 2, 3, 4]}}"}
{"op_code":5,"worker_id":"311df73f-2184-4420-a37f-92ee577bdd4d-140218438481728","trial_id":0,"param_name":"num_attention_heads","param_value_internal":2,"distribution":"{\"name\": \"CategoricalDistribution\", \"attributes\": {\"choices\": [2, 4, 8]}}"}
{"op_code":5,"worker_id":"311df73f-2184-4420-a37f-92ee577bdd4d-140218438481728","trial_id":0,"param_name":"intermediate_size","param_value_internal":1,"distribution":"{\"name\": \"CategoricalDistribution\", \"attributes\": {\"choices\": [32, 64, 128]}}"}
{"op_code":6,"worker_id":"311df73f-2184-4420-a37f-92ee577bdd4d-140218438481728","trial_id":0,"state":1,"values":[0.5959853353851724],"datetime_complete":"2026-04-11T21:19:40.091509"}
{"op_code":4,"worker_id":"311df73f-2184-4420-a37f-92ee577bdd4d-140218438481728","study_id":0,"datetime_start":"2026-04-11T21:19:40.106244"}
{"op_code":5,"worker_id":"311df73f-2184-4420-a37f-92ee577bdd4d-140218438481728","trial_id":1,"param_name":"learning_rate","param_value_internal":0.00014407748195766632,"distribution":"{\"name\": \"FloatDistribution\", \"attributes\": {\"step\": null, \"low\": 0.0001, \"high\": 0.01, \"log\": true}}"}
{"op_code":5,"worker_id":"311df73f-2184-4420-a37f-92ee577bdd4d-140218438481728","trial_id":1,"param_name":"hidden_size","param_value_internal":2,"distribution":"{\"name\": \"CategoricalDistribution\", \"attributes\": {\"choices\": [8, 16, 32]}}"}
{"op_code":5,"worker_id":"311df73f-2184-4420-a37f-92ee577bdd4d-140218438481728","trial_id":1,"param_name":"num_hidden_layers","param_value_internal":1,"distribution":"{\"name\": \"CategoricalDistribution\", \"attributes\": {\"choices\": [1, 2, 3, 4]}}"}
{"op_code":5,"worker_id":"311df73f-2184-4420-a37f-92ee577bdd4d-140218438481728","trial_id":1,"param_name":"num_attention_heads","param_value_internal":2,"distribution":"{\"name\": \"CategoricalDistribution\", \"attributes\": {\"choices\": [2, 4, 8]}}"}
{"op_code":5,"worker_id":"311df73f-2184-4420-a37f-92ee577bdd4d-140218438481728","trial_id":1,"param_name":"intermediate_size","param_value_internal":2,"distribution":"{\"name\": \"CategoricalDistribution\", \"attributes\": {\"choices\": [32, 64, 128]}}"}
{"op_code":6,"worker_id":"311df73f-2184-4420-a37f-92ee577bdd4d-140218438481728","trial_id":1,"state":1,"values":[0.6154431067258079],"datetime_complete":"2026-04-11T21:20:43.377520"}
{"op_code":4,"worker_id":"311df73f-2184-4420-a37f-92ee577bdd4d-140218438481728","study_id":0,"datetime_start":"2026-04-11T21:20:43.396058"}
{"op_code":5,"worker_id":"311df73f-2184-4420-a37f-92ee577bdd4d-140218438481728","trial_id":2,"param_name":"learning_rate","param_value_internal":0.0006301967494168866,"distribution":"{\"name\": \"FloatDistribution\", \"attributes\": {\"step\": null, \"low\": 0.0001, \"high\": 0.01, \"log\": true}}"}
{"op_code":5,"worker_id":"311df73f-2184-4420-a37f-92ee577bdd4d-140218438481728","trial_id":2,"param_name":"hidden_size","param_value_internal":0,"distribution":"{\"name\": \"CategoricalDistribution\", \"attributes\": {\"choices\": [8, 16, 32]}}"}
{"op_code":5,"worker_id":"311df73f-2184-4420-a37f-92ee577bdd4d-140218438481728","trial_id":2,"param_name":"num_hidden_layers","param_value_internal":0,"distribution":"{\"name\": \"CategoricalDistribution\", \"attributes\": {\"choices\": [1, 2, 3, 4]}}"}
{"op_code":5,"worker_id":"311df73f-2184-4420-a37f-92ee577bdd4d-140218438481728","trial_id":2,"param_name":"num_attention_heads","param_value_internal":1,"distribution":"{\"name\": \"CategoricalDistribution\", \"attributes\": {\"choices\": [2, 4, 8]}}"}
{"op_code":5,"worker_id":"311df73f-2184-4420-a37f-92ee577bdd4d-140218438481728","trial_id":2,"param_name":"intermediate_size","param_value_internal":2,"distribution":"{\"name\": \"CategoricalDistribution\", \"attributes\": {\"choices\": [32, 64, 128]}}"}
{"op_code":6,"worker_id":"311df73f-2184-4420-a37f-92ee577bdd4d-140218438481728","trial_id":2,"state":1,"values":[0.6127681723544853],"datetime_complete":"2026-04-11T21:21:21.002744"}
{"op_code":4,"worker_id":"311df73f-2184-4420-a37f-92ee577bdd4d-140218438481728","study_id":0,"datetime_start":"2026-04-11T21:21:21.022940"}
{"op_code":5,"worker_id":"311df73f-2184-4420-a37f-92ee577bdd4d-140218438481728","trial_id":3,"param_name":"learning_rate","param_value_internal":0.004441655057625208,"distribution":"{\"name\": \"FloatDistribution\", \"attributes\": {\"step\": null, \"low\": 0.0001, \"high\": 0.01, \"log\": true}}"}
{"op_code":5,"worker_id":"311df73f-2184-4420-a37f-92ee577bdd4d-140218438481728","trial_id":3,"param_name":"hidden_size","param_value_internal":0,"distribution":"{\"name\": \"CategoricalDistribution\", \"attributes\": {\"choices\": [8, 16, 32]}}"}
{"op_code":5,"worker_id":"311df73f-2184-4420-a37f-92ee577bdd4d-140218438481728","trial_id":3,"param_name":"num_hidden_layers","param_value_internal":1,"distribution":"{\"name\": \"CategoricalDistribution\", \"attributes\": {\"choices\": [1, 2, 3, 4]}}"}
{"op_code":5,"worker_id":"311df73f-2184-4420-a37f-92ee577bdd4d-140218438481728","trial_id":3,"param_name":"num_attention_heads","param_value_internal":1,"distribution":"{\"name\": \"CategoricalDistribution\", \"attributes\": {\"choices\": [2, 4, 8]}}"}
{"op_code":5,"worker_id":"311df73f-2184-4420-a37f-92ee577bdd4d-140218438481728","trial_id":3,"param_name":"intermediate_size","param_value_internal":2,"distribution":"{\"name\": \"CategoricalDistribution\", \"attributes\": {\"choices\": [32, 64, 128]}}"}
{"op_code":6,"worker_id":"311df73f-2184-4420-a37f-92ee577bdd4d-140218438481728","trial_id":3,"state":1,"values":[0.6035167918892007],"datetime_complete":"2026-04-11T21:22:10.792249"}
{"op_code":4,"worker_id":"311df73f-2184-4420-a37f-92ee577bdd4d-140218438481728","study_id":0,"datetime_start":"2026-04-11T21:22:10.809843"}
{"op_code":5,"worker_id":"311df73f-2184-4420-a37f-92ee577bdd4d-140218438481728","trial_id":4,"param_name":"learning_rate","param_value_internal":0.00019468592508504367,"distribution":"{\"name\": \"FloatDistribution\", \"attributes\": {\"step\": null, \"low\": 0.0001, \"high\": 0.01, \"log\": true}}"}
{"op_code":5,"worker_id":"311df73f-2184-4420-a37f-92ee577bdd4d-140218438481728","trial_id":4,"param_name":"hidden_size","param_value_internal":1,"distribution":"{\"name\": \"CategoricalDistribution\", \"attributes\": {\"choices\": [8, 16, 32]}}"}
{"op_code":5,"worker_id":"311df73f-2184-4420-a37f-92ee577bdd4d-140218438481728","trial_id":4,"param_name":"num_hidden_layers","param_value_internal":3,"distribution":"{\"name\": \"CategoricalDistribution\", \"attributes\": {\"choices\": [1, 2, 3, 4]}}"}
{"op_code":5,"worker_id":"311df73f-2184-4420-a37f-92ee577bdd4d-140218438481728","trial_id":4,"param_name":"num_attention_heads","param_value_internal":1,"distribution":"{\"name\": \"CategoricalDistribution\", \"attributes\": {\"choices\": [2, 4, 8]}}"}
{"op_code":5,"worker_id":"311df73f-2184-4420-a37f-92ee577bdd4d-140218438481728","trial_id":4,"param_name":"intermediate_size","param_value_internal":1,"distribution":"{\"name\": \"CategoricalDistribution\", \"attributes\": {\"choices\": [32, 64, 128]}}"}
{"op_code":6,"worker_id":"311df73f-2184-4420-a37f-92ee577bdd4d-140218438481728","trial_id":4,"state":1,"values":[0.6008735403276908],"datetime_complete":"2026-04-11T21:23:45.868672"}
{"op_code":4,"worker_id":"311df73f-2184-4420-a37f-92ee577bdd4d-140218438481728","study_id":0,"datetime_start":"2026-04-11T21:23:45.885286"}
{"op_code":5,"worker_id":"311df73f-2184-4420-a37f-92ee577bdd4d-140218438481728","trial_id":5,"param_name":"learning_rate","param_value_internal":0.00026724648450380585,"distribution":"{\"name\": \"FloatDistribution\", \"attributes\": {\"step\": null, \"low\": 0.0001, \"high\": 0.01, \"log\": true}}"}
{"op_code":5,"worker_id":"311df73f-2184-4420-a37f-92ee577bdd4d-140218438481728","trial_id":5,"param_name":"hidden_size","param_value_internal":0,"distribution":"{\"name\": \"CategoricalDistribution\", \"attributes\": {\"choices\": [8, 16, 32]}}"}
{"op_code":5,"worker_id":"311df73f-2184-4420-a37f-92ee577bdd4d-140218438481728","trial_id":5,"param_name":"num_hidden_layers","param_value_internal":0,"distribution":"{\"name\": \"CategoricalDistribution\", \"attributes\": {\"choices\": [1, 2, 3, 4]}}"}
{"op_code":5,"worker_id":"311df73f-2184-4420-a37f-92ee577bdd4d-140218438481728","trial_id":5,"param_name":"num_attention_heads","param_value_internal":0,"distribution":"{\"name\": \"CategoricalDistribution\", \"attributes\": {\"choices\": [2, 4, 8]}}"}
{"op_code":5,"worker_id":"311df73f-2184-4420-a37f-92ee577bdd4d-140218438481728","trial_id":5,"param_name":"intermediate_size","param_value_internal":0,"distribution":"{\"name\": \"CategoricalDistribution\", \"attributes\": {\"choices\": [32, 64, 128]}}"}
{"op_code":6,"worker_id":"311df73f-2184-4420-a37f-92ee577bdd4d-140218438481728","trial_id":5,"state":1,"values":[0.6045985335385172],"datetime_complete":"2026-04-11T21:24:27.858230"}
{"op_code":4,"worker_id":"311df73f-2184-4420-a37f-92ee577bdd4d-140218438481728","study_id":0,"datetime_start":"2026-04-11T21:24:27.879701"}
{"op_code":5,"worker_id":"311df73f-2184-4420-a37f-92ee577bdd4d-140218438481728","trial_id":6,"param_name":"learning_rate","param_value_internal":0.0020735440083411933,"distribution":"{\"name\": \"FloatDistribution\", \"attributes\": {\"step\": null, \"low\": 0.0001, \"high\": 0.01, \"log\": true}}"}
{"op_code":5,"worker_id":"311df73f-2184-4420-a37f-92ee577bdd4d-140218438481728","trial_id":6,"param_name":"hidden_size","param_value_internal":1,"distribution":"{\"name\": \"CategoricalDistribution\", \"attributes\": {\"choices\": [8, 16, 32]}}"}
{"op_code":5,"worker_id":"311df73f-2184-4420-a37f-92ee577bdd4d-140218438481728","trial_id":6,"param_name":"num_hidden_layers","param_value_internal":1,"distribution":"{\"name\": \"CategoricalDistribution\", \"attributes\": {\"choices\": [1, 2, 3, 4]}}"}
{"op_code":5,"worker_id":"311df73f-2184-4420-a37f-92ee577bdd4d-140218438481728","trial_id":6,"param_name":"num_attention_heads","param_value_internal":0,"distribution":"{\"name\": \"CategoricalDistribution\", \"attributes\": {\"choices\": [2, 4, 8]}}"}
{"op_code":5,"worker_id":"311df73f-2184-4420-a37f-92ee577bdd4d-140218438481728","trial_id":6,"param_name":"intermediate_size","param_value_internal":2,"distribution":"{\"name\": \"CategoricalDistribution\", \"attributes\": {\"choices\": [32, 64, 128]}}"}
{"op_code":6,"worker_id":"311df73f-2184-4420-a37f-92ee577bdd4d-140218438481728","trial_id":6,"state":1,"values":[0.5948266497691681],"datetime_complete":"2026-04-11T21:25:27.392481"}
{"op_code":4,"worker_id":"311df73f-2184-4420-a37f-92ee577bdd4d-140218438481728","study_id":0,"datetime_start":"2026-04-11T21:25:27.414749"}
{"op_code":5,"worker_id":"311df73f-2184-4420-a37f-92ee577bdd4d-140218438481728","trial_id":7,"param_name":"learning_rate","param_value_internal":0.0022413505660844584,"distribution":"{\"name\": \"FloatDistribution\", \"attributes\": {\"step\": null, \"low\": 0.0001, \"high\": 0.01, \"log\": true}}"}
{"op_code":5,"worker_id":"311df73f-2184-4420-a37f-92ee577bdd4d-140218438481728","trial_id":7,"param_name":"hidden_size","param_value_internal":2,"distribution":"{\"name\": \"CategoricalDistribution\", \"attributes\": {\"choices\": [8, 16, 32]}}"}
{"op_code":5,"worker_id":"311df73f-2184-4420-a37f-92ee577bdd4d-140218438481728","trial_id":7,"param_name":"num_hidden_layers","param_value_internal":1,"distribution":"{\"name\": \"CategoricalDistribution\", \"attributes\": {\"choices\": [1, 2, 3, 4]}}"}
{"op_code":5,"worker_id":"311df73f-2184-4420-a37f-92ee577bdd4d-140218438481728","trial_id":7,"param_name":"num_attention_heads","param_value_internal":0,"distribution":"{\"name\": \"CategoricalDistribution\", \"attributes\": {\"choices\": [2, 4, 8]}}"}
{"op_code":5,"worker_id":"311df73f-2184-4420-a37f-92ee577bdd4d-140218438481728","trial_id":7,"param_name":"intermediate_size","param_value_internal":2,"distribution":"{\"name\": \"CategoricalDistribution\", \"attributes\": {\"choices\": [32, 64, 128]}}"}
{"op_code":6,"worker_id":"311df73f-2184-4420-a37f-92ee577bdd4d-140218438481728","trial_id":7,"state":1,"values":[0.5737394767810265],"datetime_complete":"2026-04-11T21:26:14.572172"}
{"op_code":4,"worker_id":"311df73f-2184-4420-a37f-92ee577bdd4d-140218438481728","study_id":0,"datetime_start":"2026-04-11T21:26:14.607952"}
{"op_code":5,"worker_id":"311df73f-2184-4420-a37f-92ee577bdd4d-140218438481728","trial_id":8,"param_name":"learning_rate","param_value_internal":0.0010498811562680635,"distribution":"{\"name\": \"FloatDistribution\", \"attributes\": {\"step\": null, \"low\": 0.0001, \"high\": 0.01, \"log\": true}}"}
{"op_code":5,"worker_id":"311df73f-2184-4420-a37f-92ee577bdd4d-140218438481728","trial_id":8,"param_name":"hidden_size","param_value_internal":2,"distribution":"{\"name\": \"CategoricalDistribution\", \"attributes\": {\"choices\": [8, 16, 32]}}"}
{"op_code":5,"worker_id":"311df73f-2184-4420-a37f-92ee577bdd4d-140218438481728","trial_id":8,"param_name":"num_hidden_layers","param_value_internal":2,"distribution":"{\"name\": \"CategoricalDistribution\", \"attributes\": {\"choices\": [1, 2, 3, 4]}}"}
{"op_code":5,"worker_id":"311df73f-2184-4420-a37f-92ee577bdd4d-140218438481728","trial_id":8,"param_name":"num_attention_heads","param_value_internal":2,"distribution":"{\"name\": \"CategoricalDistribution\", \"attributes\": {\"choices\": [2, 4, 8]}}"}
{"op_code":5,"worker_id":"311df73f-2184-4420-a37f-92ee577bdd4d-140218438481728","trial_id":8,"param_name":"intermediate_size","param_value_internal":0,"distribution":"{\"name\": \"CategoricalDistribution\", \"attributes\": {\"choices\": [32, 64, 128]}}"}
{"op_code":6,"worker_id":"311df73f-2184-4420-a37f-92ee577bdd4d-140218438481728","trial_id":8,"state":1,"values":[0.6141350592921155],"datetime_complete":"2026-04-11T21:27:31.754037"}
{"op_code":4,"worker_id":"311df73f-2184-4420-a37f-92ee577bdd4d-140218438481728","study_id":0,"datetime_start":"2026-04-11T21:27:31.794199"}
{"op_code":5,"worker_id":"311df73f-2184-4420-a37f-92ee577bdd4d-140218438481728","trial_id":9,"param_name":"learning_rate","param_value_internal":0.00012351049618056784,"distribution":"{\"name\": \"FloatDistribution\", \"attributes\": {\"step\": null, \"low\": 0.0001, \"high\": 0.01, \"log\": true}}"}
{"op_code":5,"worker_id":"311df73f-2184-4420-a37f-92ee577bdd4d-140218438481728","trial_id":9,"param_name":"hidden_size","param_value_internal":2,"distribution":"{\"name\": \"CategoricalDistribution\", \"attributes\": {\"choices\": [8, 16, 32]}}"}
{"op_code":5,"worker_id":"311df73f-2184-4420-a37f-92ee577bdd4d-140218438481728","trial_id":9,"param_name":"num_hidden_layers","param_value_internal":3,"distribution":"{\"name\": \"CategoricalDistribution\", \"attributes\": {\"choices\": [1, 2, 3, 4]}}"}
{"op_code":5,"worker_id":"311df73f-2184-4420-a37f-92ee577bdd4d-140218438481728","trial_id":9,"param_name":"num_attention_heads","param_value_internal":0,"distribution":"{\"name\": \"CategoricalDistribution\", \"attributes\": {\"choices\": [2, 4, 8]}}"}
{"op_code":5,"worker_id":"311df73f-2184-4420-a37f-92ee577bdd4d-140218438481728","trial_id":9,"param_name":"intermediate_size","param_value_internal":0,"distribution":"{\"name\": \"CategoricalDistribution\", \"attributes\": {\"choices\": [32, 64, 128]}}"}
{"op_code":6,"worker_id":"311df73f-2184-4420-a37f-92ee577bdd4d-140218438481728","trial_id":9,"state":1,"values":[0.5934461844844754],"datetime_complete":"2026-04-11T21:29:44.732076"}
{"op_code":4,"worker_id":"311df73f-2184-4420-a37f-92ee577bdd4d-140218438481728","study_id":0,"datetime_start":"2026-04-11T21:29:44.753032"}
{"op_code":5,"worker_id":"311df73f-2184-4420-a37f-92ee577bdd4d-140218438481728","trial_id":10,"param_name":"learning_rate","param_value_internal":0.0004311355270359143,"distribution":"{\"name\": \"FloatDistribution\", \"attributes\": {\"step\": null, \"low\": 0.0001, \"high\": 0.01, \"log\": true}}"}
{"op_code":5,"worker_id":"311df73f-2184-4420-a37f-92ee577bdd4d-140218438481728","trial_id":10,"param_name":"hidden_size","param_value_internal":2,"distribution":"{\"name\": \"CategoricalDistribution\", \"attributes\": {\"choices\": [8, 16, 32]}}"}
{"op_code":5,"worker_id":"311df73f-2184-4420-a37f-92ee577bdd4d-140218438481728","trial_id":10,"param_name":"num_hidden_layers","param_value_internal":2,"distribution":"{\"name\": \"CategoricalDistribution\", \"attributes\": {\"choices\": [1, 2, 3, 4]}}"}
{"op_code":5,"worker_id":"311df73f-2184-4420-a37f-92ee577bdd4d-140218438481728","trial_id":10,"param_name":"num_attention_heads","param_value_internal":2,"distribution":"{\"name\": \"CategoricalDistribution\", \"attributes\": {\"choices\": [2, 4, 8]}}"}
{"op_code":5,"worker_id":"311df73f-2184-4420-a37f-92ee577bdd4d-140218438481728","trial_id":10,"param_name":"intermediate_size","param_value_internal":2,"distribution":"{\"name\": \"CategoricalDistribution\", \"attributes\": {\"choices\": [32, 64, 128]}}"}
{"op_code":6,"worker_id":"311df73f-2184-4420-a37f-92ee577bdd4d-140218438481728","trial_id":10,"state":1,"values":[0.6143342083823663],"datetime_complete":"2026-04-11T21:30:42.765982"}
{"op_code":4,"worker_id":"311df73f-2184-4420-a37f-92ee577bdd4d-140218438481728","study_id":0,"datetime_start":"2026-04-11T21:30:42.786114"}
{"op_code":5,"worker_id":"311df73f-2184-4420-a37f-92ee577bdd4d-140218438481728","trial_id":11,"param_name":"learning_rate","param_value_internal":0.00042023366495353055,"distribution":"{\"name\": \"FloatDistribution\", \"attributes\": {\"step\": null, \"low\": 0.0001, \"high\": 0.01, \"log\": true}}"}
{"op_code":5,"worker_id":"311df73f-2184-4420-a37f-92ee577bdd4d-140218438481728","trial_id":11,"param_name":"hidden_size","param_value_internal":2,"distribution":"{\"name\": \"CategoricalDistribution\", \"attributes\": {\"choices\": [8, 16, 32]}}"}
{"op_code":5,"worker_id":"311df73f-2184-4420-a37f-92ee577bdd4d-140218438481728","trial_id":11,"param_name":"num_hidden_layers","param_value_internal":2,"distribution":"{\"name\": \"CategoricalDistribution\", \"attributes\": {\"choices\": [1, 2, 3, 4]}}"}
{"op_code":5,"worker_id":"311df73f-2184-4420-a37f-92ee577bdd4d-140218438481728","trial_id":11,"param_name":"num_attention_heads","param_value_internal":2,"distribution":"{\"name\": \"CategoricalDistribution\", \"attributes\": {\"choices\": [2, 4, 8]}}"}
{"op_code":5,"worker_id":"311df73f-2184-4420-a37f-92ee577bdd4d-140218438481728","trial_id":11,"param_name":"intermediate_size","param_value_internal":2,"distribution":"{\"name\": \"CategoricalDistribution\", \"attributes\": {\"choices\": [32, 64, 128]}}"}
{"op_code":6,"worker_id":"311df73f-2184-4420-a37f-92ee577bdd4d-140218438481728","trial_id":11,"state":1,"values":[0.6171313478772518],"datetime_complete":"2026-04-11T21:32:44.777503"}
{"op_code":4,"worker_id":"311df73f-2184-4420-a37f-92ee577bdd4d-140218438481728","study_id":0,"datetime_start":"2026-04-11T21:32:44.826615"}
{"op_code":5,"worker_id":"311df73f-2184-4420-a37f-92ee577bdd4d-140218438481728","trial_id":12,"param_name":"learning_rate","param_value_internal":0.00010132593449249541,"distribution":"{\"name\": \"FloatDistribution\", \"attributes\": {\"step\": null, \"low\": 0.0001, \"high\": 0.01, \"log\": true}}"}
{"op_code":5,"worker_id":"311df73f-2184-4420-a37f-92ee577bdd4d-140218438481728","trial_id":12,"param_name":"hidden_size","param_value_internal":2,"distribution":"{\"name\": \"CategoricalDistribution\", \"attributes\": {\"choices\": [8, 16, 32]}}"}
{"op_code":5,"worker_id":"311df73f-2184-4420-a37f-92ee577bdd4d-140218438481728","trial_id":12,"param_name":"num_hidden_layers","param_value_internal":2,"distribution":"{\"name\": \"CategoricalDistribution\", \"attributes\": {\"choices\": [1, 2, 3, 4]}}"}
{"op_code":5,"worker_id":"311df73f-2184-4420-a37f-92ee577bdd4d-140218438481728","trial_id":12,"param_name":"num_attention_heads","param_value_internal":2,"distribution":"{\"name\": \"CategoricalDistribution\", \"attributes\": {\"choices\": [2, 4, 8]}}"}
{"op_code":5,"worker_id":"311df73f-2184-4420-a37f-92ee577bdd4d-140218438481728","trial_id":12,"param_name":"intermediate_size","param_value_internal":2,"distribution":"{\"name\": \"CategoricalDistribution\", \"attributes\": {\"choices\": [32, 64, 128]}}"}
{"op_code":6,"worker_id":"311df73f-2184-4420-a37f-92ee577bdd4d-140218438481728","trial_id":12,"state":1,"values":[0.6160812890377478],"datetime_complete":"2026-04-11T21:34:02.731831"}
{"op_code":4,"worker_id":"311df73f-2184-4420-a37f-92ee577bdd4d-140218438481728","study_id":0,"datetime_start":"2026-04-11T21:34:02.754988"}
{"op_code":5,"worker_id":"311df73f-2184-4420-a37f-92ee577bdd4d-140218438481728","trial_id":13,"param_name":"learning_rate","param_value_internal":0.0003133579259545293,"distribution":"{\"name\": \"FloatDistribution\", \"attributes\": {\"step\": null, \"low\": 0.0001, \"high\": 0.01, \"log\": true}}"}
{"op_code":5,"worker_id":"311df73f-2184-4420-a37f-92ee577bdd4d-140218438481728","trial_id":13,"param_name":"hidden_size","param_value_internal":2,"distribution":"{\"name\": \"CategoricalDistribution\", \"attributes\": {\"choices\": [8, 16, 32]}}"}
{"op_code":5,"worker_id":"311df73f-2184-4420-a37f-92ee577bdd4d-140218438481728","trial_id":13,"param_name":"num_hidden_layers","param_value_internal":2,"distribution":"{\"name\": \"CategoricalDistribution\", \"attributes\": {\"choices\": [1, 2, 3, 4]}}"}
{"op_code":5,"worker_id":"311df73f-2184-4420-a37f-92ee577bdd4d-140218438481728","trial_id":13,"param_name":"num_attention_heads","param_value_internal":2,"distribution":"{\"name\": \"CategoricalDistribution\", \"attributes\": {\"choices\": [2, 4, 8]}}"}
{"op_code":5,"worker_id":"311df73f-2184-4420-a37f-92ee577bdd4d-140218438481728","trial_id":13,"param_name":"intermediate_size","param_value_internal":2,"distribution":"{\"name\": \"CategoricalDistribution\", \"attributes\": {\"choices\": [32, 64, 128]}}"}
{"op_code":6,"worker_id":"311df73f-2184-4420-a37f-92ee577bdd4d-140218438481728","trial_id":13,"state":1,"values":[0.6105141667421019],"datetime_complete":"2026-04-11T21:35:08.691606"}
{"op_code":4,"worker_id":"311df73f-2184-4420-a37f-92ee577bdd4d-140218438481728","study_id":0,"datetime_start":"2026-04-11T21:35:08.714289"}
{"op_code":5,"worker_id":"311df73f-2184-4420-a37f-92ee577bdd4d-140218438481728","trial_id":14,"param_name":"learning_rate","param_value_internal":0.00011318134167978134,"distribution":"{\"name\": \"FloatDistribution\", \"attributes\": {\"step\": null, \"low\": 0.0001, \"high\": 0.01, \"log\": true}}"}
{"op_code":5,"worker_id":"311df73f-2184-4420-a37f-92ee577bdd4d-140218438481728","trial_id":14,"param_name":"hidden_size","param_value_internal":2,"distribution":"{\"name\": \"CategoricalDistribution\", \"attributes\": {\"choices\": [8, 16, 32]}}"}
{"op_code":5,"worker_id":"311df73f-2184-4420-a37f-92ee577bdd4d-140218438481728","trial_id":14,"param_name":"num_hidden_layers","param_value_internal":2,"distribution":"{\"name\": \"CategoricalDistribution\", \"attributes\": {\"choices\": [1, 2, 3, 4]}}"}
{"op_code":5,"worker_id":"311df73f-2184-4420-a37f-92ee577bdd4d-140218438481728","trial_id":14,"param_name":"num_attention_heads","param_value_internal":2,"distribution":"{\"name\": \"CategoricalDistribution\", \"attributes\": {\"choices\": [2, 4, 8]}}"}
{"op_code":5,"worker_id":"311df73f-2184-4420-a37f-92ee577bdd4d-140218438481728","trial_id":14,"param_name":"intermediate_size","param_value_internal":2,"distribution":"{\"name\": \"CategoricalDistribution\", \"attributes\": {\"choices\": [32, 64, 128]}}"}
{"op_code":6,"worker_id":"311df73f-2184-4420-a37f-92ee577bdd4d-140218438481728","trial_id":14,"state":1,"values":[0.6099484022811623],"datetime_complete":"2026-04-11T21:36:26.483603"}
{"op_code":4,"worker_id":"311df73f-2184-4420-a37f-92ee577bdd4d-140218438481728","study_id":0,"datetime_start":"2026-04-11T21:36:26.511010"}
{"op_code":5,"worker_id":"311df73f-2184-4420-a37f-92ee577bdd4d-140218438481728","trial_id":15,"param_name":"learning_rate","param_value_internal":0.0007040629019324422,"distribution":"{\"name\": \"FloatDistribution\", \"attributes\": {\"step\": null, \"low\": 0.0001, \"high\": 0.01, \"log\": true}}"}
{"op_code":5,"worker_id":"311df73f-2184-4420-a37f-92ee577bdd4d-140218438481728","trial_id":15,"param_name":"hidden_size","param_value_internal":1,"distribution":"{\"name\": \"CategoricalDistribution\", \"attributes\": {\"choices\": [8, 16, 32]}}"}
{"op_code":5,"worker_id":"311df73f-2184-4420-a37f-92ee577bdd4d-140218438481728","trial_id":15,"param_name":"num_hidden_layers","param_value_internal":2,"distribution":"{\"name\": \"CategoricalDistribution\", \"attributes\": {\"choices\": [1, 2, 3, 4]}}"}
{"op_code":5,"worker_id":"311df73f-2184-4420-a37f-92ee577bdd4d-140218438481728","trial_id":15,"param_name":"num_attention_heads","param_value_internal":2,"distribution":"{\"name\": \"CategoricalDistribution\", \"attributes\": {\"choices\": [2, 4, 8]}}"}
{"op_code":5,"worker_id":"311df73f-2184-4420-a37f-92ee577bdd4d-140218438481728","trial_id":15,"param_name":"intermediate_size","param_value_internal":1,"distribution":"{\"name\": \"CategoricalDistribution\", \"attributes\": {\"choices\": [32, 64, 128]}}"}
{"op_code":6,"worker_id":"311df73f-2184-4420-a37f-92ee577bdd4d-140218438481728","trial_id":15,"state":1,"values":[0.588578347062551],"datetime_complete":"2026-04-11T21:37:46.169431"}
{"op_code":4,"worker_id":"311df73f-2184-4420-a37f-92ee577bdd4d-140218438481728","study_id":0,"datetime_start":"2026-04-11T21:37:46.190301"}
{"op_code":5,"worker_id":"311df73f-2184-4420-a37f-92ee577bdd4d-140218438481728","trial_id":16,"param_name":"learning_rate","param_value_internal":0.00906828496980484,"distribution":"{\"name\": \"FloatDistribution\", \"attributes\": {\"step\": null, \"low\": 0.0001, \"high\": 0.01, \"log\": true}}"}
{"op_code":5,"worker_id":"311df73f-2184-4420-a37f-92ee577bdd4d-140218438481728","trial_id":16,"param_name":"hidden_size","param_value_internal":2,"distribution":"{\"name\": \"CategoricalDistribution\", \"attributes\": {\"choices\": [8, 16, 32]}}"}
{"op_code":5,"worker_id":"311df73f-2184-4420-a37f-92ee577bdd4d-140218438481728","trial_id":16,"param_name":"num_hidden_layers","param_value_internal":2,"distribution":"{\"name\": \"CategoricalDistribution\", \"attributes\": {\"choices\": [1, 2, 3, 4]}}"}
{"op_code":5,"worker_id":"311df73f-2184-4420-a37f-92ee577bdd4d-140218438481728","trial_id":16,"param_name":"num_attention_heads","param_value_internal":2,"distribution":"{\"name\": \"CategoricalDistribution\", \"attributes\": {\"choices\": [2, 4, 8]}}"}
{"op_code":5,"worker_id":"311df73f-2184-4420-a37f-92ee577bdd4d-140218438481728","trial_id":16,"param_name":"intermediate_size","param_value_internal":2,"distribution":"{\"name\": \"CategoricalDistribution\", \"attributes\": {\"choices\": [32, 64, 128]}}"}
{"op_code":6,"worker_id":"311df73f-2184-4420-a37f-92ee577bdd4d-140218438481728","trial_id":16,"state":1,"values":[0.5620620983072327],"datetime_complete":"2026-04-11T21:38:44.212850"}
{"op_code":4,"worker_id":"311df73f-2184-4420-a37f-92ee577bdd4d-140218438481728","study_id":0,"datetime_start":"2026-04-11T21:38:44.235057"}
{"op_code":5,"worker_id":"311df73f-2184-4420-a37f-92ee577bdd4d-140218438481728","trial_id":17,"param_name":"learning_rate","param_value_internal":0.00023156199814706882,"distribution":"{\"name\": \"FloatDistribution\", \"attributes\": {\"step\": null, \"low\": 0.0001, \"high\": 0.01, \"log\": true}}"}
{"op_code":5,"worker_id":"311df73f-2184-4420-a37f-92ee577bdd4d-140218438481728","trial_id":17,"param_name":"hidden_size","param_value_internal":2,"distribution":"{\"name\": \"CategoricalDistribution\", \"attributes\": {\"choices\": [8, 16, 32]}}"}
{"op_code":5,"worker_id":"311df73f-2184-4420-a37f-92ee577bdd4d-140218438481728","trial_id":17,"param_name":"num_hidden_layers","param_value_internal":2,"distribution":"{\"name\": \"CategoricalDistribution\", \"attributes\": {\"choices\": [1, 2, 3, 4]}}"}
{"op_code":5,"worker_id":"311df73f-2184-4420-a37f-92ee577bdd4d-140218438481728","trial_id":17,"param_name":"num_attention_heads","param_value_internal":2,"distribution":"{\"name\": \"CategoricalDistribution\", \"attributes\": {\"choices\": [2, 4, 8]}}"}
{"op_code":5,"worker_id":"311df73f-2184-4420-a37f-92ee577bdd4d-140218438481728","trial_id":17,"param_name":"intermediate_size","param_value_internal":2,"distribution":"{\"name\": \"CategoricalDistribution\", \"attributes\": {\"choices\": [32, 64, 128]}}"}
{"op_code":6,"worker_id":"311df73f-2184-4420-a37f-92ee577bdd4d-140218438481728","trial_id":17,"state":1,"values":[0.6142120032588033],"datetime_complete":"2026-04-11T21:40:02.129786"}
{"op_code":4,"worker_id":"311df73f-2184-4420-a37f-92ee577bdd4d-140218438481728","study_id":0,"datetime_start":"2026-04-11T21:40:02.168019"}
{"op_code":5,"worker_id":"311df73f-2184-4420-a37f-92ee577bdd4d-140218438481728","trial_id":18,"param_name":"learning_rate","param_value_internal":0.00045427031426693376,"distribution":"{\"name\": \"FloatDistribution\", \"attributes\": {\"step\": null, \"low\": 0.0001, \"high\": 0.01, \"log\": true}}"}
{"op_code":5,"worker_id":"311df73f-2184-4420-a37f-92ee577bdd4d-140218438481728","trial_id":18,"param_name":"hidden_size","param_value_internal":1,"distribution":"{\"name\": \"CategoricalDistribution\", \"attributes\": {\"choices\": [8, 16, 32]}}"}
{"op_code":5,"worker_id":"311df73f-2184-4420-a37f-92ee577bdd4d-140218438481728","trial_id":18,"param_name":"num_hidden_layers","param_value_internal":2,"distribution":"{\"name\": \"CategoricalDistribution\", \"attributes\": {\"choices\": [1, 2, 3, 4]}}"}
{"op_code":5,"worker_id":"311df73f-2184-4420-a37f-92ee577bdd4d-140218438481728","trial_id":18,"param_name":"num_attention_heads","param_value_internal":2,"distribution":"{\"name\": \"CategoricalDistribution\", \"attributes\": {\"choices\": [2, 4, 8]}}"}
{"op_code":5,"worker_id":"311df73f-2184-4420-a37f-92ee577bdd4d-140218438481728","trial_id":18,"param_name":"intermediate_size","param_value_internal":1,"distribution":"{\"name\": \"CategoricalDistribution\", \"attributes\": {\"choices\": [32, 64, 128]}}"}
{"op_code":6,"worker_id":"311df73f-2184-4420-a37f-92ee577bdd4d-140218438481728","trial_id":18,"state":1,"values":[0.6112700280619172],"datetime_complete":"2026-04-11T21:41:28.751265"}
{"op_code":4,"worker_id":"311df73f-2184-4420-a37f-92ee577bdd4d-140218438481728","study_id":0,"datetime_start":"2026-04-11T21:41:28.774687"}
{"op_code":5,"worker_id":"311df73f-2184-4420-a37f-92ee577bdd4d-140218438481728","trial_id":19,"param_name":"learning_rate","param_value_internal":0.001090749979880978,"distribution":"{\"name\": \"FloatDistribution\", \"attributes\": {\"step\": null, \"low\": 0.0001, \"high\": 0.01, \"log\": true}}"}
{"op_code":5,"worker_id":"311df73f-2184-4420-a37f-92ee577bdd4d-140218438481728","trial_id":19,"param_name":"hidden_size","param_value_internal":0,"distribution":"{\"name\": \"CategoricalDistribution\", \"attributes\": {\"choices\": [8, 16, 32]}}"}
{"op_code":5,"worker_id":"311df73f-2184-4420-a37f-92ee577bdd4d-140218438481728","trial_id":19,"param_name":"num_hidden_layers","param_value_internal":0,"distribution":"{\"name\": \"CategoricalDistribution\", \"attributes\": {\"choices\": [1, 2, 3, 4]}}"}
{"op_code":5,"worker_id":"311df73f-2184-4420-a37f-92ee577bdd4d-140218438481728","trial_id":19,"param_name":"num_attention_heads","param_value_internal":1,"distribution":"{\"name\": \"CategoricalDistribution\", \"attributes\": {\"choices\": [2, 4, 8]}}"}
{"op_code":5,"worker_id":"311df73f-2184-4420-a37f-92ee577bdd4d-140218438481728","trial_id":19,"param_name":"intermediate_size","param_value_internal":0,"distribution":"{\"name\": \"CategoricalDistribution\", \"attributes\": {\"choices\": [32, 64, 128]}}"}
{"op_code":6,"worker_id":"311df73f-2184-4420-a37f-92ee577bdd4d-140218438481728","trial_id":19,"state":1,"values":[0.607223680637277],"datetime_complete":"2026-04-11T21:42:11.390686"}
