{"op_code":0,"worker_id":"a0bbfdb9-9af3-40ee-be50-3f92ff8c9ece-140544486217536","study_name":"tabdpt_cox","directions":[2]}
{"op_code":4,"worker_id":"a0bbfdb9-9af3-40ee-be50-3f92ff8c9ece-140544486217536","study_id":0,"datetime_start":"2026-04-01T00:47:19.720940"}
{"op_code":5,"worker_id":"a0bbfdb9-9af3-40ee-be50-3f92ff8c9ece-140544486217536","trial_id":0,"param_name":"lr","param_value_internal":0.0006640855029111192,"distribution":"{\"name\": \"FloatDistribution\", \"attributes\": {\"step\": null, \"low\": 0.0001, \"high\": 0.1, \"log\": true}}"}
{"op_code":5,"worker_id":"a0bbfdb9-9af3-40ee-be50-3f92ff8c9ece-140544486217536","trial_id":0,"param_name":"dropout","param_value_internal":0.2827245545702339,"distribution":"{\"name\": \"FloatDistribution\", \"attributes\": {\"step\": null, \"low\": 0.0, \"high\": 0.5, \"log\": false}}"}
{"op_code":5,"worker_id":"a0bbfdb9-9af3-40ee-be50-3f92ff8c9ece-140544486217536","trial_id":0,"param_name":"nodes","param_value_internal":1,"distribution":"{\"name\": \"CategoricalDistribution\", \"attributes\": {\"choices\": [\"64-64\", \"128-64\", \"256-128\"]}}"}
{"op_code":6,"worker_id":"a0bbfdb9-9af3-40ee-be50-3f92ff8c9ece-140544486217536","trial_id":0,"state":1,"values":[0.6201315912563535],"datetime_complete":"2026-04-01T00:47:20.910145"}
{"op_code":4,"worker_id":"a0bbfdb9-9af3-40ee-be50-3f92ff8c9ece-140544486217536","study_id":0,"datetime_start":"2026-04-01T00:47:20.925981"}
{"op_code":5,"worker_id":"a0bbfdb9-9af3-40ee-be50-3f92ff8c9ece-140544486217536","trial_id":1,"param_name":"lr","param_value_internal":0.004341126814294854,"distribution":"{\"name\": \"FloatDistribution\", \"attributes\": {\"step\": null, \"low\": 0.0001, \"high\": 0.1, \"log\": true}}"}
{"op_code":5,"worker_id":"a0bbfdb9-9af3-40ee-be50-3f92ff8c9ece-140544486217536","trial_id":1,"param_name":"dropout","param_value_internal":0.2850087109468047,"distribution":"{\"name\": \"FloatDistribution\", \"attributes\": {\"step\": null, \"low\": 0.0, \"high\": 0.5, \"log\": false}}"}
{"op_code":5,"worker_id":"a0bbfdb9-9af3-40ee-be50-3f92ff8c9ece-140544486217536","trial_id":1,"param_name":"nodes","param_value_internal":1,"distribution":"{\"name\": \"CategoricalDistribution\", \"attributes\": {\"choices\": [\"64-64\", \"128-64\", \"256-128\"]}}"}
{"op_code":6,"worker_id":"a0bbfdb9-9af3-40ee-be50-3f92ff8c9ece-140544486217536","trial_id":1,"state":1,"values":[0.6307025476316692],"datetime_complete":"2026-04-01T00:47:22.100118"}
{"op_code":4,"worker_id":"a0bbfdb9-9af3-40ee-be50-3f92ff8c9ece-140544486217536","study_id":0,"datetime_start":"2026-04-01T00:47:22.118553"}
{"op_code":5,"worker_id":"a0bbfdb9-9af3-40ee-be50-3f92ff8c9ece-140544486217536","trial_id":2,"param_name":"lr","param_value_internal":0.03547942778064282,"distribution":"{\"name\": \"FloatDistribution\", \"attributes\": {\"step\": null, \"low\": 0.0001, \"high\": 0.1, \"log\": true}}"}
{"op_code":5,"worker_id":"a0bbfdb9-9af3-40ee-be50-3f92ff8c9ece-140544486217536","trial_id":2,"param_name":"dropout","param_value_internal":0.27178409713840124,"distribution":"{\"name\": \"FloatDistribution\", \"attributes\": {\"step\": null, \"low\": 0.0, \"high\": 0.5, \"log\": false}}"}
{"op_code":5,"worker_id":"a0bbfdb9-9af3-40ee-be50-3f92ff8c9ece-140544486217536","trial_id":2,"param_name":"nodes","param_value_internal":0,"distribution":"{\"name\": \"CategoricalDistribution\", \"attributes\": {\"choices\": [\"64-64\", \"128-64\", \"256-128\"]}}"}
{"op_code":6,"worker_id":"a0bbfdb9-9af3-40ee-be50-3f92ff8c9ece-140544486217536","trial_id":2,"state":1,"values":[0.6159842838878667],"datetime_complete":"2026-04-01T00:47:23.293101"}
{"op_code":4,"worker_id":"a0bbfdb9-9af3-40ee-be50-3f92ff8c9ece-140544486217536","study_id":0,"datetime_start":"2026-04-01T00:47:23.304783"}
{"op_code":5,"worker_id":"a0bbfdb9-9af3-40ee-be50-3f92ff8c9ece-140544486217536","trial_id":3,"param_name":"lr","param_value_internal":0.0001522727963170519,"distribution":"{\"name\": \"FloatDistribution\", \"attributes\": {\"step\": null, \"low\": 0.0001, \"high\": 0.1, \"log\": true}}"}
{"op_code":5,"worker_id":"a0bbfdb9-9af3-40ee-be50-3f92ff8c9ece-140544486217536","trial_id":3,"param_name":"dropout","param_value_internal":0.20035774822370606,"distribution":"{\"name\": \"FloatDistribution\", \"attributes\": {\"step\": null, \"low\": 0.0, \"high\": 0.5, \"log\": false}}"}
{"op_code":5,"worker_id":"a0bbfdb9-9af3-40ee-be50-3f92ff8c9ece-140544486217536","trial_id":3,"param_name":"nodes","param_value_internal":1,"distribution":"{\"name\": \"CategoricalDistribution\", \"attributes\": {\"choices\": [\"64-64\", \"128-64\", \"256-128\"]}}"}
{"op_code":6,"worker_id":"a0bbfdb9-9af3-40ee-be50-3f92ff8c9ece-140544486217536","trial_id":3,"state":1,"values":[0.6630390720009979],"datetime_complete":"2026-04-01T00:47:24.479817"}
{"op_code":4,"worker_id":"a0bbfdb9-9af3-40ee-be50-3f92ff8c9ece-140544486217536","study_id":0,"datetime_start":"2026-04-01T00:47:24.491371"}
{"op_code":5,"worker_id":"a0bbfdb9-9af3-40ee-be50-3f92ff8c9ece-140544486217536","trial_id":4,"param_name":"lr","param_value_internal":0.0005001271415938698,"distribution":"{\"name\": \"FloatDistribution\", \"attributes\": {\"step\": null, \"low\": 0.0001, \"high\": 0.1, \"log\": true}}"}
{"op_code":5,"worker_id":"a0bbfdb9-9af3-40ee-be50-3f92ff8c9ece-140544486217536","trial_id":4,"param_name":"dropout","param_value_internal":0.3042528675599329,"distribution":"{\"name\": \"FloatDistribution\", \"attributes\": {\"step\": null, \"low\": 0.0, \"high\": 0.5, \"log\": false}}"}
{"op_code":5,"worker_id":"a0bbfdb9-9af3-40ee-be50-3f92ff8c9ece-140544486217536","trial_id":4,"param_name":"nodes","param_value_internal":1,"distribution":"{\"name\": \"CategoricalDistribution\", \"attributes\": {\"choices\": [\"64-64\", \"128-64\", \"256-128\"]}}"}
{"op_code":6,"worker_id":"a0bbfdb9-9af3-40ee-be50-3f92ff8c9ece-140544486217536","trial_id":4,"state":1,"values":[0.651563815522779],"datetime_complete":"2026-04-01T00:47:25.667417"}
{"op_code":4,"worker_id":"a0bbfdb9-9af3-40ee-be50-3f92ff8c9ece-140544486217536","study_id":0,"datetime_start":"2026-04-01T00:47:25.676525"}
{"op_code":5,"worker_id":"a0bbfdb9-9af3-40ee-be50-3f92ff8c9ece-140544486217536","trial_id":5,"param_name":"lr","param_value_internal":0.0002448294208716216,"distribution":"{\"name\": \"FloatDistribution\", \"attributes\": {\"step\": null, \"low\": 0.0001, \"high\": 0.1, \"log\": true}}"}
{"op_code":5,"worker_id":"a0bbfdb9-9af3-40ee-be50-3f92ff8c9ece-140544486217536","trial_id":5,"param_name":"dropout","param_value_internal":0.2764964044142729,"distribution":"{\"name\": \"FloatDistribution\", \"attributes\": {\"step\": null, \"low\": 0.0, \"high\": 0.5, \"log\": false}}"}
{"op_code":5,"worker_id":"a0bbfdb9-9af3-40ee-be50-3f92ff8c9ece-140544486217536","trial_id":5,"param_name":"nodes","param_value_internal":1,"distribution":"{\"name\": \"CategoricalDistribution\", \"attributes\": {\"choices\": [\"64-64\", \"128-64\", \"256-128\"]}}"}
{"op_code":6,"worker_id":"a0bbfdb9-9af3-40ee-be50-3f92ff8c9ece-140544486217536","trial_id":5,"state":1,"values":[0.6487261841653934],"datetime_complete":"2026-04-01T00:47:26.862903"}
{"op_code":4,"worker_id":"a0bbfdb9-9af3-40ee-be50-3f92ff8c9ece-140544486217536","study_id":0,"datetime_start":"2026-04-01T00:47:26.878551"}
{"op_code":5,"worker_id":"a0bbfdb9-9af3-40ee-be50-3f92ff8c9ece-140544486217536","trial_id":6,"param_name":"lr","param_value_internal":0.0008029006353299708,"distribution":"{\"name\": \"FloatDistribution\", \"attributes\": {\"step\": null, \"low\": 0.0001, \"high\": 0.1, \"log\": true}}"}
{"op_code":5,"worker_id":"a0bbfdb9-9af3-40ee-be50-3f92ff8c9ece-140544486217536","trial_id":6,"param_name":"dropout","param_value_internal":0.3690698372552354,"distribution":"{\"name\": \"FloatDistribution\", \"attributes\": {\"step\": null, \"low\": 0.0, \"high\": 0.5, \"log\": false}}"}
{"op_code":5,"worker_id":"a0bbfdb9-9af3-40ee-be50-3f92ff8c9ece-140544486217536","trial_id":6,"param_name":"nodes","param_value_internal":1,"distribution":"{\"name\": \"CategoricalDistribution\", \"attributes\": {\"choices\": [\"64-64\", \"128-64\", \"256-128\"]}}"}
{"op_code":6,"worker_id":"a0bbfdb9-9af3-40ee-be50-3f92ff8c9ece-140544486217536","trial_id":6,"state":1,"values":[0.6414917833421685],"datetime_complete":"2026-04-01T00:47:28.050928"}
{"op_code":4,"worker_id":"a0bbfdb9-9af3-40ee-be50-3f92ff8c9ece-140544486217536","study_id":0,"datetime_start":"2026-04-01T00:47:28.062247"}
{"op_code":5,"worker_id":"a0bbfdb9-9af3-40ee-be50-3f92ff8c9ece-140544486217536","trial_id":7,"param_name":"lr","param_value_internal":0.03176487552055832,"distribution":"{\"name\": \"FloatDistribution\", \"attributes\": {\"step\": null, \"low\": 0.0001, \"high\": 0.1, \"log\": true}}"}
{"op_code":5,"worker_id":"a0bbfdb9-9af3-40ee-be50-3f92ff8c9ece-140544486217536","trial_id":7,"param_name":"dropout","param_value_internal":0.3401474891962298,"distribution":"{\"name\": \"FloatDistribution\", \"attributes\": {\"step\": null, \"low\": 0.0, \"high\": 0.5, \"log\": false}}"}
{"op_code":5,"worker_id":"a0bbfdb9-9af3-40ee-be50-3f92ff8c9ece-140544486217536","trial_id":7,"param_name":"nodes","param_value_internal":1,"distribution":"{\"name\": \"CategoricalDistribution\", \"attributes\": {\"choices\": [\"64-64\", \"128-64\", \"256-128\"]}}"}
{"op_code":6,"worker_id":"a0bbfdb9-9af3-40ee-be50-3f92ff8c9ece-140544486217536","trial_id":7,"state":1,"values":[0.6259627677819701],"datetime_complete":"2026-04-01T00:47:29.237552"}
{"op_code":4,"worker_id":"a0bbfdb9-9af3-40ee-be50-3f92ff8c9ece-140544486217536","study_id":0,"datetime_start":"2026-04-01T00:47:29.249730"}
{"op_code":5,"worker_id":"a0bbfdb9-9af3-40ee-be50-3f92ff8c9ece-140544486217536","trial_id":8,"param_name":"lr","param_value_internal":0.0608637583107737,"distribution":"{\"name\": \"FloatDistribution\", \"attributes\": {\"step\": null, \"low\": 0.0001, \"high\": 0.1, \"log\": true}}"}
{"op_code":5,"worker_id":"a0bbfdb9-9af3-40ee-be50-3f92ff8c9ece-140544486217536","trial_id":8,"param_name":"dropout","param_value_internal":0.45687711869659803,"distribution":"{\"name\": \"FloatDistribution\", \"attributes\": {\"step\": null, \"low\": 0.0, \"high\": 0.5, \"log\": false}}"}
{"op_code":5,"worker_id":"a0bbfdb9-9af3-40ee-be50-3f92ff8c9ece-140544486217536","trial_id":8,"param_name":"nodes","param_value_internal":1,"distribution":"{\"name\": \"CategoricalDistribution\", \"attributes\": {\"choices\": [\"64-64\", \"128-64\", \"256-128\"]}}"}
{"op_code":6,"worker_id":"a0bbfdb9-9af3-40ee-be50-3f92ff8c9ece-140544486217536","trial_id":8,"state":1,"values":[0.6272412610309022],"datetime_complete":"2026-04-01T00:47:30.422751"}
{"op_code":4,"worker_id":"a0bbfdb9-9af3-40ee-be50-3f92ff8c9ece-140544486217536","study_id":0,"datetime_start":"2026-04-01T00:47:30.431730"}
{"op_code":5,"worker_id":"a0bbfdb9-9af3-40ee-be50-3f92ff8c9ece-140544486217536","trial_id":9,"param_name":"lr","param_value_internal":0.0046303518521291455,"distribution":"{\"name\": \"FloatDistribution\", \"attributes\": {\"step\": null, \"low\": 0.0001, \"high\": 0.1, \"log\": true}}"}
{"op_code":5,"worker_id":"a0bbfdb9-9af3-40ee-be50-3f92ff8c9ece-140544486217536","trial_id":9,"param_name":"dropout","param_value_internal":0.19123066937156086,"distribution":"{\"name\": \"FloatDistribution\", \"attributes\": {\"step\": null, \"low\": 0.0, \"high\": 0.5, \"log\": false}}"}
{"op_code":5,"worker_id":"a0bbfdb9-9af3-40ee-be50-3f92ff8c9ece-140544486217536","trial_id":9,"param_name":"nodes","param_value_internal":0,"distribution":"{\"name\": \"CategoricalDistribution\", \"attributes\": {\"choices\": [\"64-64\", \"128-64\", \"256-128\"]}}"}
{"op_code":6,"worker_id":"a0bbfdb9-9af3-40ee-be50-3f92ff8c9ece-140544486217536","trial_id":9,"state":1,"values":[0.6253391125385886],"datetime_complete":"2026-04-01T00:47:31.608613"}
{"op_code":4,"worker_id":"a0bbfdb9-9af3-40ee-be50-3f92ff8c9ece-140544486217536","study_id":0,"datetime_start":"2026-04-01T00:47:31.620398"}
{"op_code":5,"worker_id":"a0bbfdb9-9af3-40ee-be50-3f92ff8c9ece-140544486217536","trial_id":10,"param_name":"lr","param_value_internal":0.00010601843565812897,"distribution":"{\"name\": \"FloatDistribution\", \"attributes\": {\"step\": null, \"low\": 0.0001, \"high\": 0.1, \"log\": true}}"}
{"op_code":5,"worker_id":"a0bbfdb9-9af3-40ee-be50-3f92ff8c9ece-140544486217536","trial_id":10,"param_name":"dropout","param_value_internal":0.03523484789968742,"distribution":"{\"name\": \"FloatDistribution\", \"attributes\": {\"step\": null, \"low\": 0.0, \"high\": 0.5, \"log\": false}}"}
{"op_code":5,"worker_id":"a0bbfdb9-9af3-40ee-be50-3f92ff8c9ece-140544486217536","trial_id":10,"param_name":"nodes","param_value_internal":2,"distribution":"{\"name\": \"CategoricalDistribution\", \"attributes\": {\"choices\": [\"64-64\", \"128-64\", \"256-128\"]}}"}
{"op_code":6,"worker_id":"a0bbfdb9-9af3-40ee-be50-3f92ff8c9ece-140544486217536","trial_id":10,"state":1,"values":[0.6276778197012691],"datetime_complete":"2026-04-01T00:47:32.804640"}
{"op_code":4,"worker_id":"a0bbfdb9-9af3-40ee-be50-3f92ff8c9ece-140544486217536","study_id":0,"datetime_start":"2026-04-01T00:47:32.815954"}
{"op_code":5,"worker_id":"a0bbfdb9-9af3-40ee-be50-3f92ff8c9ece-140544486217536","trial_id":11,"param_name":"lr","param_value_internal":0.000723127803842041,"distribution":"{\"name\": \"FloatDistribution\", \"attributes\": {\"step\": null, \"low\": 0.0001, \"high\": 0.1, \"log\": true}}"}
{"op_code":5,"worker_id":"a0bbfdb9-9af3-40ee-be50-3f92ff8c9ece-140544486217536","trial_id":11,"param_name":"dropout","param_value_internal":0.14291899334546787,"distribution":"{\"name\": \"FloatDistribution\", \"attributes\": {\"step\": null, \"low\": 0.0, \"high\": 0.5, \"log\": false}}"}
{"op_code":5,"worker_id":"a0bbfdb9-9af3-40ee-be50-3f92ff8c9ece-140544486217536","trial_id":11,"param_name":"nodes","param_value_internal":2,"distribution":"{\"name\": \"CategoricalDistribution\", \"attributes\": {\"choices\": [\"64-64\", \"128-64\", \"256-128\"]}}"}
{"op_code":6,"worker_id":"a0bbfdb9-9af3-40ee-be50-3f92ff8c9ece-140544486217536","trial_id":11,"state":1,"values":[0.625058467679067],"datetime_complete":"2026-04-01T00:47:33.996675"}
{"op_code":4,"worker_id":"a0bbfdb9-9af3-40ee-be50-3f92ff8c9ece-140544486217536","study_id":0,"datetime_start":"2026-04-01T00:47:34.008517"}
{"op_code":5,"worker_id":"a0bbfdb9-9af3-40ee-be50-3f92ff8c9ece-140544486217536","trial_id":12,"param_name":"lr","param_value_internal":0.00010160185145982938,"distribution":"{\"name\": \"FloatDistribution\", \"attributes\": {\"step\": null, \"low\": 0.0001, \"high\": 0.1, \"log\": true}}"}
{"op_code":5,"worker_id":"a0bbfdb9-9af3-40ee-be50-3f92ff8c9ece-140544486217536","trial_id":12,"param_name":"dropout","param_value_internal":0.1344536656349895,"distribution":"{\"name\": \"FloatDistribution\", \"attributes\": {\"step\": null, \"low\": 0.0, \"high\": 0.5, \"log\": false}}"}
{"op_code":5,"worker_id":"a0bbfdb9-9af3-40ee-be50-3f92ff8c9ece-140544486217536","trial_id":12,"param_name":"nodes","param_value_internal":1,"distribution":"{\"name\": \"CategoricalDistribution\", \"attributes\": {\"choices\": [\"64-64\", \"128-64\", \"256-128\"]}}"}
{"op_code":6,"worker_id":"a0bbfdb9-9af3-40ee-be50-3f92ff8c9ece-140544486217536","trial_id":12,"state":1,"values":[0.6552121986965606],"datetime_complete":"2026-04-01T00:47:35.182400"}
{"op_code":4,"worker_id":"a0bbfdb9-9af3-40ee-be50-3f92ff8c9ece-140544486217536","study_id":0,"datetime_start":"2026-04-01T00:47:35.194678"}
{"op_code":5,"worker_id":"a0bbfdb9-9af3-40ee-be50-3f92ff8c9ece-140544486217536","trial_id":13,"param_name":"lr","param_value_internal":0.0001021031328439509,"distribution":"{\"name\": \"FloatDistribution\", \"attributes\": {\"step\": null, \"low\": 0.0001, \"high\": 0.1, \"log\": true}}"}
{"op_code":5,"worker_id":"a0bbfdb9-9af3-40ee-be50-3f92ff8c9ece-140544486217536","trial_id":13,"param_name":"dropout","param_value_internal":0.08628012948980415,"distribution":"{\"name\": \"FloatDistribution\", \"attributes\": {\"step\": null, \"low\": 0.0, \"high\": 0.5, \"log\": false}}"}
{"op_code":5,"worker_id":"a0bbfdb9-9af3-40ee-be50-3f92ff8c9ece-140544486217536","trial_id":13,"param_name":"nodes","param_value_internal":1,"distribution":"{\"name\": \"CategoricalDistribution\", \"attributes\": {\"choices\": [\"64-64\", \"128-64\", \"256-128\"]}}"}
{"op_code":6,"worker_id":"a0bbfdb9-9af3-40ee-be50-3f92ff8c9ece-140544486217536","trial_id":13,"state":1,"values":[0.6512831706632574],"datetime_complete":"2026-04-01T00:47:36.372746"}
{"op_code":4,"worker_id":"a0bbfdb9-9af3-40ee-be50-3f92ff8c9ece-140544486217536","study_id":0,"datetime_start":"2026-04-01T00:47:36.385930"}
{"op_code":5,"worker_id":"a0bbfdb9-9af3-40ee-be50-3f92ff8c9ece-140544486217536","trial_id":14,"param_name":"lr","param_value_internal":0.002063433965279499,"distribution":"{\"name\": \"FloatDistribution\", \"attributes\": {\"step\": null, \"low\": 0.0001, \"high\": 0.1, \"log\": true}}"}
{"op_code":5,"worker_id":"a0bbfdb9-9af3-40ee-be50-3f92ff8c9ece-140544486217536","trial_id":14,"param_name":"dropout","param_value_internal":0.1855974312429114,"distribution":"{\"name\": \"FloatDistribution\", \"attributes\": {\"step\": null, \"low\": 0.0, \"high\": 0.5, \"log\": false}}"}
{"op_code":5,"worker_id":"a0bbfdb9-9af3-40ee-be50-3f92ff8c9ece-140544486217536","trial_id":14,"param_name":"nodes","param_value_internal":2,"distribution":"{\"name\": \"CategoricalDistribution\", \"attributes\": {\"choices\": [\"64-64\", \"128-64\", \"256-128\"]}}"}
{"op_code":6,"worker_id":"a0bbfdb9-9af3-40ee-be50-3f92ff8c9ece-140544486217536","trial_id":14,"state":1,"values":[0.6309520097290218],"datetime_complete":"2026-04-01T00:47:37.578741"}
{"op_code":4,"worker_id":"a0bbfdb9-9af3-40ee-be50-3f92ff8c9ece-140544486217536","study_id":0,"datetime_start":"2026-04-01T00:47:37.591371"}
{"op_code":5,"worker_id":"a0bbfdb9-9af3-40ee-be50-3f92ff8c9ece-140544486217536","trial_id":15,"param_name":"lr","param_value_internal":0.00023692540335686006,"distribution":"{\"name\": \"FloatDistribution\", \"attributes\": {\"step\": null, \"low\": 0.0001, \"high\": 0.1, \"log\": true}}"}
{"op_code":5,"worker_id":"a0bbfdb9-9af3-40ee-be50-3f92ff8c9ece-140544486217536","trial_id":15,"param_name":"dropout","param_value_internal":0.11350516916535958,"distribution":"{\"name\": \"FloatDistribution\", \"attributes\": {\"step\": null, \"low\": 0.0, \"high\": 0.5, \"log\": false}}"}
{"op_code":5,"worker_id":"a0bbfdb9-9af3-40ee-be50-3f92ff8c9ece-140544486217536","trial_id":15,"param_name":"nodes","param_value_internal":0,"distribution":"{\"name\": \"CategoricalDistribution\", \"attributes\": {\"choices\": [\"64-64\", \"128-64\", \"256-128\"]}}"}
{"op_code":6,"worker_id":"a0bbfdb9-9af3-40ee-be50-3f92ff8c9ece-140544486217536","trial_id":15,"state":1,"values":[0.6542455330693193],"datetime_complete":"2026-04-01T00:47:38.765133"}
{"op_code":4,"worker_id":"a0bbfdb9-9af3-40ee-be50-3f92ff8c9ece-140544486217536","study_id":0,"datetime_start":"2026-04-01T00:47:38.776647"}
{"op_code":5,"worker_id":"a0bbfdb9-9af3-40ee-be50-3f92ff8c9ece-140544486217536","trial_id":16,"param_name":"lr","param_value_internal":0.011992215902612352,"distribution":"{\"name\": \"FloatDistribution\", \"attributes\": {\"step\": null, \"low\": 0.0001, \"high\": 0.1, \"log\": true}}"}
{"op_code":5,"worker_id":"a0bbfdb9-9af3-40ee-be50-3f92ff8c9ece-140544486217536","trial_id":16,"param_name":"dropout","param_value_internal":0.21000967850412,"distribution":"{\"name\": \"FloatDistribution\", \"attributes\": {\"step\": null, \"low\": 0.0, \"high\": 0.5, \"log\": false}}"}
{"op_code":5,"worker_id":"a0bbfdb9-9af3-40ee-be50-3f92ff8c9ece-140544486217536","trial_id":16,"param_name":"nodes","param_value_internal":1,"distribution":"{\"name\": \"CategoricalDistribution\", \"attributes\": {\"choices\": [\"64-64\", \"128-64\", \"256-128\"]}}"}
{"op_code":6,"worker_id":"a0bbfdb9-9af3-40ee-be50-3f92ff8c9ece-140544486217536","trial_id":16,"state":1,"values":[0.6355358757678755],"datetime_complete":"2026-04-01T00:47:39.952549"}
{"op_code":4,"worker_id":"a0bbfdb9-9af3-40ee-be50-3f92ff8c9ece-140544486217536","study_id":0,"datetime_start":"2026-04-01T00:47:39.970370"}
{"op_code":5,"worker_id":"a0bbfdb9-9af3-40ee-be50-3f92ff8c9ece-140544486217536","trial_id":17,"param_name":"lr","param_value_internal":0.00024118450591842757,"distribution":"{\"name\": \"FloatDistribution\", \"attributes\": {\"step\": null, \"low\": 0.0001, \"high\": 0.1, \"log\": true}}"}
{"op_code":5,"worker_id":"a0bbfdb9-9af3-40ee-be50-3f92ff8c9ece-140544486217536","trial_id":17,"param_name":"dropout","param_value_internal":0.005050474179639941,"distribution":"{\"name\": \"FloatDistribution\", \"attributes\": {\"step\": null, \"low\": 0.0, \"high\": 0.5, \"log\": false}}"}
{"op_code":5,"worker_id":"a0bbfdb9-9af3-40ee-be50-3f92ff8c9ece-140544486217536","trial_id":17,"param_name":"nodes","param_value_internal":1,"distribution":"{\"name\": \"CategoricalDistribution\", \"attributes\": {\"choices\": [\"64-64\", \"128-64\", \"256-128\"]}}"}
{"op_code":6,"worker_id":"a0bbfdb9-9af3-40ee-be50-3f92ff8c9ece-140544486217536","trial_id":17,"state":1,"values":[0.6287380336150176],"datetime_complete":"2026-04-01T00:47:41.148833"}
{"op_code":4,"worker_id":"a0bbfdb9-9af3-40ee-be50-3f92ff8c9ece-140544486217536","study_id":0,"datetime_start":"2026-04-01T00:47:41.167119"}
{"op_code":5,"worker_id":"a0bbfdb9-9af3-40ee-be50-3f92ff8c9ece-140544486217536","trial_id":18,"param_name":"lr","param_value_internal":0.0014924220180257033,"distribution":"{\"name\": \"FloatDistribution\", \"attributes\": {\"step\": null, \"low\": 0.0001, \"high\": 0.1, \"log\": true}}"}
{"op_code":5,"worker_id":"a0bbfdb9-9af3-40ee-be50-3f92ff8c9ece-140544486217536","trial_id":18,"param_name":"dropout","param_value_internal":0.07041582448818248,"distribution":"{\"name\": \"FloatDistribution\", \"attributes\": {\"step\": null, \"low\": 0.0, \"high\": 0.5, \"log\": false}}"}
{"op_code":5,"worker_id":"a0bbfdb9-9af3-40ee-be50-3f92ff8c9ece-140544486217536","trial_id":18,"param_name":"nodes","param_value_internal":0,"distribution":"{\"name\": \"CategoricalDistribution\", \"attributes\": {\"choices\": [\"64-64\", \"128-64\", \"256-128\"]}}"}
{"op_code":6,"worker_id":"a0bbfdb9-9af3-40ee-be50-3f92ff8c9ece-140544486217536","trial_id":18,"state":1,"values":[0.6243412641491783],"datetime_complete":"2026-04-01T00:47:42.346551"}
{"op_code":4,"worker_id":"a0bbfdb9-9af3-40ee-be50-3f92ff8c9ece-140544486217536","study_id":0,"datetime_start":"2026-04-01T00:47:42.358375"}
{"op_code":5,"worker_id":"a0bbfdb9-9af3-40ee-be50-3f92ff8c9ece-140544486217536","trial_id":19,"param_name":"lr","param_value_internal":0.00016937273525246415,"distribution":"{\"name\": \"FloatDistribution\", \"attributes\": {\"step\": null, \"low\": 0.0001, \"high\": 0.1, \"log\": true}}"}
{"op_code":5,"worker_id":"a0bbfdb9-9af3-40ee-be50-3f92ff8c9ece-140544486217536","trial_id":19,"param_name":"dropout","param_value_internal":0.1382285420823112,"distribution":"{\"name\": \"FloatDistribution\", \"attributes\": {\"step\": null, \"low\": 0.0, \"high\": 0.5, \"log\": false}}"}
{"op_code":5,"worker_id":"a0bbfdb9-9af3-40ee-be50-3f92ff8c9ece-140544486217536","trial_id":19,"param_name":"nodes","param_value_internal":2,"distribution":"{\"name\": \"CategoricalDistribution\", \"attributes\": {\"choices\": [\"64-64\", \"128-64\", \"256-128\"]}}"}
{"op_code":6,"worker_id":"a0bbfdb9-9af3-40ee-be50-3f92ff8c9ece-140544486217536","trial_id":19,"state":1,"values":[0.6248401883438836],"datetime_complete":"2026-04-01T00:47:43.536948"}
