{"op_code":0,"worker_id":"4b4c516c-9146-46fc-973f-495b3f290283-140377564591936","study_name":"deephit_single_tuning","directions":[2]}
{"op_code":4,"worker_id":"4b4c516c-9146-46fc-973f-495b3f290283-140377564591936","study_id":0,"datetime_start":"2026-04-11T20:24:33.409154"}
{"op_code":5,"worker_id":"4b4c516c-9146-46fc-973f-495b3f290283-140377564591936","trial_id":0,"param_name":"lr","param_value_internal":0.028375676159589247,"distribution":"{\"name\": \"FloatDistribution\", \"attributes\": {\"step\": null, \"low\": 0.0001, \"high\": 0.1, \"log\": true}}"}
{"op_code":5,"worker_id":"4b4c516c-9146-46fc-973f-495b3f290283-140377564591936","trial_id":0,"param_name":"dropout","param_value_internal":0.23059418556817346,"distribution":"{\"name\": \"FloatDistribution\", \"attributes\": {\"step\": null, \"low\": 0.0, \"high\": 0.5, \"log\": false}}"}
{"op_code":5,"worker_id":"4b4c516c-9146-46fc-973f-495b3f290283-140377564591936","trial_id":0,"param_name":"layers","param_value_internal":1.0,"distribution":"{\"name\": \"IntDistribution\", \"attributes\": {\"log\": false, \"step\": 1, \"low\": 1, \"high\": 3}}"}
{"op_code":5,"worker_id":"4b4c516c-9146-46fc-973f-495b3f290283-140377564591936","trial_id":0,"param_name":"nodes","param_value_internal":1,"distribution":"{\"name\": \"CategoricalDistribution\", \"attributes\": {\"choices\": [32, 64, 128]}}"}
{"op_code":5,"worker_id":"4b4c516c-9146-46fc-973f-495b3f290283-140377564591936","trial_id":0,"param_name":"alpha","param_value_internal":0.16462944305396537,"distribution":"{\"name\": \"FloatDistribution\", \"attributes\": {\"step\": null, \"low\": 0.0, \"high\": 0.5, \"log\": false}}"}
{"op_code":5,"worker_id":"4b4c516c-9146-46fc-973f-495b3f290283-140377564591936","trial_id":0,"param_name":"sigma","param_value_internal":0.2577330751769326,"distribution":"{\"name\": \"FloatDistribution\", \"attributes\": {\"step\": null, \"low\": 0.01, \"high\": 1.0, \"log\": true}}"}
{"op_code":6,"worker_id":"4b4c516c-9146-46fc-973f-495b3f290283-140377564591936","trial_id":0,"state":1,"values":[0.770229673701717],"datetime_complete":"2026-04-11T20:24:38.048734"}
{"op_code":4,"worker_id":"4b4c516c-9146-46fc-973f-495b3f290283-140377564591936","study_id":0,"datetime_start":"2026-04-11T20:24:38.059371"}
{"op_code":5,"worker_id":"4b4c516c-9146-46fc-973f-495b3f290283-140377564591936","trial_id":1,"param_name":"lr","param_value_internal":0.000202505270560851,"distribution":"{\"name\": \"FloatDistribution\", \"attributes\": {\"step\": null, \"low\": 0.0001, \"high\": 0.1, \"log\": true}}"}
{"op_code":5,"worker_id":"4b4c516c-9146-46fc-973f-495b3f290283-140377564591936","trial_id":1,"param_name":"dropout","param_value_internal":0.033210240109490974,"distribution":"{\"name\": \"FloatDistribution\", \"attributes\": {\"step\": null, \"low\": 0.0, \"high\": 0.5, \"log\": false}}"}
{"op_code":5,"worker_id":"4b4c516c-9146-46fc-973f-495b3f290283-140377564591936","trial_id":1,"param_name":"layers","param_value_internal":2.0,"distribution":"{\"name\": \"IntDistribution\", \"attributes\": {\"log\": false, \"step\": 1, \"low\": 1, \"high\": 3}}"}
{"op_code":5,"worker_id":"4b4c516c-9146-46fc-973f-495b3f290283-140377564591936","trial_id":1,"param_name":"nodes","param_value_internal":1,"distribution":"{\"name\": \"CategoricalDistribution\", \"attributes\": {\"choices\": [32, 64, 128]}}"}
{"op_code":5,"worker_id":"4b4c516c-9146-46fc-973f-495b3f290283-140377564591936","trial_id":1,"param_name":"alpha","param_value_internal":0.2923479443315816,"distribution":"{\"name\": \"FloatDistribution\", \"attributes\": {\"step\": null, \"low\": 0.0, \"high\": 0.5, \"log\": false}}"}
{"op_code":5,"worker_id":"4b4c516c-9146-46fc-973f-495b3f290283-140377564591936","trial_id":1,"param_name":"sigma","param_value_internal":0.025339496571855143,"distribution":"{\"name\": \"FloatDistribution\", \"attributes\": {\"step\": null, \"low\": 0.01, \"high\": 1.0, \"log\": true}}"}
{"op_code":6,"worker_id":"4b4c516c-9146-46fc-973f-495b3f290283-140377564591936","trial_id":1,"state":1,"values":[0.5633300929938394],"datetime_complete":"2026-04-11T20:24:41.787153"}
{"op_code":4,"worker_id":"4b4c516c-9146-46fc-973f-495b3f290283-140377564591936","study_id":0,"datetime_start":"2026-04-11T20:24:41.799696"}
{"op_code":5,"worker_id":"4b4c516c-9146-46fc-973f-495b3f290283-140377564591936","trial_id":2,"param_name":"lr","param_value_internal":0.007442627505062755,"distribution":"{\"name\": \"FloatDistribution\", \"attributes\": {\"step\": null, \"low\": 0.0001, \"high\": 0.1, \"log\": true}}"}
{"op_code":5,"worker_id":"4b4c516c-9146-46fc-973f-495b3f290283-140377564591936","trial_id":2,"param_name":"dropout","param_value_internal":0.38665922160656374,"distribution":"{\"name\": \"FloatDistribution\", \"attributes\": {\"step\": null, \"low\": 0.0, \"high\": 0.5, \"log\": false}}"}
{"op_code":5,"worker_id":"4b4c516c-9146-46fc-973f-495b3f290283-140377564591936","trial_id":2,"param_name":"layers","param_value_internal":1.0,"distribution":"{\"name\": \"IntDistribution\", \"attributes\": {\"log\": false, \"step\": 1, \"low\": 1, \"high\": 3}}"}
{"op_code":5,"worker_id":"4b4c516c-9146-46fc-973f-495b3f290283-140377564591936","trial_id":2,"param_name":"nodes","param_value_internal":1,"distribution":"{\"name\": \"CategoricalDistribution\", \"attributes\": {\"choices\": [32, 64, 128]}}"}
{"op_code":5,"worker_id":"4b4c516c-9146-46fc-973f-495b3f290283-140377564591936","trial_id":2,"param_name":"alpha","param_value_internal":0.0038135906086526616,"distribution":"{\"name\": \"FloatDistribution\", \"attributes\": {\"step\": null, \"low\": 0.0, \"high\": 0.5, \"log\": false}}"}
{"op_code":5,"worker_id":"4b4c516c-9146-46fc-973f-495b3f290283-140377564591936","trial_id":2,"param_name":"sigma","param_value_internal":0.3243702830521094,"distribution":"{\"name\": \"FloatDistribution\", \"attributes\": {\"step\": null, \"low\": 0.01, \"high\": 1.0, \"log\": true}}"}
{"op_code":6,"worker_id":"4b4c516c-9146-46fc-973f-495b3f290283-140377564591936","trial_id":2,"state":1,"values":[0.7697904710594738],"datetime_complete":"2026-04-11T20:24:44.968468"}
{"op_code":4,"worker_id":"4b4c516c-9146-46fc-973f-495b3f290283-140377564591936","study_id":0,"datetime_start":"2026-04-11T20:24:44.979643"}
{"op_code":5,"worker_id":"4b4c516c-9146-46fc-973f-495b3f290283-140377564591936","trial_id":3,"param_name":"lr","param_value_internal":0.0003271025777630513,"distribution":"{\"name\": \"FloatDistribution\", \"attributes\": {\"step\": null, \"low\": 0.0001, \"high\": 0.1, \"log\": true}}"}
{"op_code":5,"worker_id":"4b4c516c-9146-46fc-973f-495b3f290283-140377564591936","trial_id":3,"param_name":"dropout","param_value_internal":0.4463246825319052,"distribution":"{\"name\": \"FloatDistribution\", \"attributes\": {\"step\": null, \"low\": 0.0, \"high\": 0.5, \"log\": false}}"}
{"op_code":5,"worker_id":"4b4c516c-9146-46fc-973f-495b3f290283-140377564591936","trial_id":3,"param_name":"layers","param_value_internal":2.0,"distribution":"{\"name\": \"IntDistribution\", \"attributes\": {\"log\": false, \"step\": 1, \"low\": 1, \"high\": 3}}"}
{"op_code":5,"worker_id":"4b4c516c-9146-46fc-973f-495b3f290283-140377564591936","trial_id":3,"param_name":"nodes","param_value_internal":2,"distribution":"{\"name\": \"CategoricalDistribution\", \"attributes\": {\"choices\": [32, 64, 128]}}"}
{"op_code":5,"worker_id":"4b4c516c-9146-46fc-973f-495b3f290283-140377564591936","trial_id":3,"param_name":"alpha","param_value_internal":0.21657173694840381,"distribution":"{\"name\": \"FloatDistribution\", \"attributes\": {\"step\": null, \"low\": 0.0, \"high\": 0.5, \"log\": false}}"}
{"op_code":5,"worker_id":"4b4c516c-9146-46fc-973f-495b3f290283-140377564591936","trial_id":3,"param_name":"sigma","param_value_internal":0.38497291579464954,"distribution":"{\"name\": \"FloatDistribution\", \"attributes\": {\"step\": null, \"low\": 0.01, \"high\": 1.0, \"log\": true}}"}
{"op_code":6,"worker_id":"4b4c516c-9146-46fc-973f-495b3f290283-140377564591936","trial_id":3,"state":1,"values":[0.7865972921693097],"datetime_complete":"2026-04-11T20:24:48.447586"}
{"op_code":4,"worker_id":"4b4c516c-9146-46fc-973f-495b3f290283-140377564591936","study_id":0,"datetime_start":"2026-04-11T20:24:48.459539"}
{"op_code":5,"worker_id":"4b4c516c-9146-46fc-973f-495b3f290283-140377564591936","trial_id":4,"param_name":"lr","param_value_internal":0.0006594079925612608,"distribution":"{\"name\": \"FloatDistribution\", \"attributes\": {\"step\": null, \"low\": 0.0001, \"high\": 0.1, \"log\": true}}"}
{"op_code":5,"worker_id":"4b4c516c-9146-46fc-973f-495b3f290283-140377564591936","trial_id":4,"param_name":"dropout","param_value_internal":0.21382522453213737,"distribution":"{\"name\": \"FloatDistribution\", \"attributes\": {\"step\": null, \"low\": 0.0, \"high\": 0.5, \"log\": false}}"}
{"op_code":5,"worker_id":"4b4c516c-9146-46fc-973f-495b3f290283-140377564591936","trial_id":4,"param_name":"layers","param_value_internal":3.0,"distribution":"{\"name\": \"IntDistribution\", \"attributes\": {\"log\": false, \"step\": 1, \"low\": 1, \"high\": 3}}"}
{"op_code":5,"worker_id":"4b4c516c-9146-46fc-973f-495b3f290283-140377564591936","trial_id":4,"param_name":"nodes","param_value_internal":0,"distribution":"{\"name\": \"CategoricalDistribution\", \"attributes\": {\"choices\": [32, 64, 128]}}"}
{"op_code":5,"worker_id":"4b4c516c-9146-46fc-973f-495b3f290283-140377564591936","trial_id":4,"param_name":"alpha","param_value_internal":0.14974622695851125,"distribution":"{\"name\": \"FloatDistribution\", \"attributes\": {\"step\": null, \"low\": 0.0, \"high\": 0.5, \"log\": false}}"}
{"op_code":5,"worker_id":"4b4c516c-9146-46fc-973f-495b3f290283-140377564591936","trial_id":4,"param_name":"sigma","param_value_internal":0.05394959942945644,"distribution":"{\"name\": \"FloatDistribution\", \"attributes\": {\"step\": null, \"low\": 0.01, \"high\": 1.0, \"log\": true}}"}
{"op_code":6,"worker_id":"4b4c516c-9146-46fc-973f-495b3f290283-140377564591936","trial_id":4,"state":1,"values":[0.7374534445199222],"datetime_complete":"2026-04-11T20:24:52.232880"}
{"op_code":4,"worker_id":"4b4c516c-9146-46fc-973f-495b3f290283-140377564591936","study_id":0,"datetime_start":"2026-04-11T20:24:52.244885"}
{"op_code":5,"worker_id":"4b4c516c-9146-46fc-973f-495b3f290283-140377564591936","trial_id":5,"param_name":"lr","param_value_internal":0.002885408981848562,"distribution":"{\"name\": \"FloatDistribution\", \"attributes\": {\"step\": null, \"low\": 0.0001, \"high\": 0.1, \"log\": true}}"}
{"op_code":5,"worker_id":"4b4c516c-9146-46fc-973f-495b3f290283-140377564591936","trial_id":5,"param_name":"dropout","param_value_internal":0.38990107950668107,"distribution":"{\"name\": \"FloatDistribution\", \"attributes\": {\"step\": null, \"low\": 0.0, \"high\": 0.5, \"log\": false}}"}
{"op_code":5,"worker_id":"4b4c516c-9146-46fc-973f-495b3f290283-140377564591936","trial_id":5,"param_name":"layers","param_value_internal":2.0,"distribution":"{\"name\": \"IntDistribution\", \"attributes\": {\"log\": false, \"step\": 1, \"low\": 1, \"high\": 3}}"}
{"op_code":5,"worker_id":"4b4c516c-9146-46fc-973f-495b3f290283-140377564591936","trial_id":5,"param_name":"nodes","param_value_internal":1,"distribution":"{\"name\": \"CategoricalDistribution\", \"attributes\": {\"choices\": [32, 64, 128]}}"}
{"op_code":5,"worker_id":"4b4c516c-9146-46fc-973f-495b3f290283-140377564591936","trial_id":5,"param_name":"alpha","param_value_internal":0.08916417788155895,"distribution":"{\"name\": \"FloatDistribution\", \"attributes\": {\"step\": null, \"low\": 0.0, \"high\": 0.5, \"log\": false}}"}
{"op_code":5,"worker_id":"4b4c516c-9146-46fc-973f-495b3f290283-140377564591936","trial_id":5,"param_name":"sigma","param_value_internal":0.09629901166956444,"distribution":"{\"name\": \"FloatDistribution\", \"attributes\": {\"step\": null, \"low\": 0.01, \"high\": 1.0, \"log\": true}}"}
{"op_code":6,"worker_id":"4b4c516c-9146-46fc-973f-495b3f290283-140377564591936","trial_id":5,"state":1,"values":[0.7861463774566068],"datetime_complete":"2026-04-11T20:24:55.721185"}
{"op_code":4,"worker_id":"4b4c516c-9146-46fc-973f-495b3f290283-140377564591936","study_id":0,"datetime_start":"2026-04-11T20:24:55.739801"}
{"op_code":5,"worker_id":"4b4c516c-9146-46fc-973f-495b3f290283-140377564591936","trial_id":6,"param_name":"lr","param_value_internal":0.06435263739825492,"distribution":"{\"name\": \"FloatDistribution\", \"attributes\": {\"step\": null, \"low\": 0.0001, \"high\": 0.1, \"log\": true}}"}
{"op_code":5,"worker_id":"4b4c516c-9146-46fc-973f-495b3f290283-140377564591936","trial_id":6,"param_name":"dropout","param_value_internal":0.3169934281808711,"distribution":"{\"name\": \"FloatDistribution\", \"attributes\": {\"step\": null, \"low\": 0.0, \"high\": 0.5, \"log\": false}}"}
{"op_code":5,"worker_id":"4b4c516c-9146-46fc-973f-495b3f290283-140377564591936","trial_id":6,"param_name":"layers","param_value_internal":1.0,"distribution":"{\"name\": \"IntDistribution\", \"attributes\": {\"log\": false, \"step\": 1, \"low\": 1, \"high\": 3}}"}
{"op_code":5,"worker_id":"4b4c516c-9146-46fc-973f-495b3f290283-140377564591936","trial_id":6,"param_name":"nodes","param_value_internal":1,"distribution":"{\"name\": \"CategoricalDistribution\", \"attributes\": {\"choices\": [32, 64, 128]}}"}
{"op_code":5,"worker_id":"4b4c516c-9146-46fc-973f-495b3f290283-140377564591936","trial_id":6,"param_name":"alpha","param_value_internal":0.31159741737106134,"distribution":"{\"name\": \"FloatDistribution\", \"attributes\": {\"step\": null, \"low\": 0.0, \"high\": 0.5, \"log\": false}}"}
{"op_code":5,"worker_id":"4b4c516c-9146-46fc-973f-495b3f290283-140377564591936","trial_id":6,"param_name":"sigma","param_value_internal":0.1656889981650248,"distribution":"{\"name\": \"FloatDistribution\", \"attributes\": {\"step\": null, \"low\": 0.01, \"high\": 1.0, \"log\": true}}"}
{"op_code":6,"worker_id":"4b4c516c-9146-46fc-973f-495b3f290283-140377564591936","trial_id":6,"state":1,"values":[0.7656239019933944],"datetime_complete":"2026-04-11T20:24:58.897748"}
{"op_code":4,"worker_id":"4b4c516c-9146-46fc-973f-495b3f290283-140377564591936","study_id":0,"datetime_start":"2026-04-11T20:24:58.911233"}
{"op_code":5,"worker_id":"4b4c516c-9146-46fc-973f-495b3f290283-140377564591936","trial_id":7,"param_name":"lr","param_value_internal":0.005031191348902389,"distribution":"{\"name\": \"FloatDistribution\", \"attributes\": {\"step\": null, \"low\": 0.0001, \"high\": 0.1, \"log\": true}}"}
{"op_code":5,"worker_id":"4b4c516c-9146-46fc-973f-495b3f290283-140377564591936","trial_id":7,"param_name":"dropout","param_value_internal":0.14007745587307313,"distribution":"{\"name\": \"FloatDistribution\", \"attributes\": {\"step\": null, \"low\": 0.0, \"high\": 0.5, \"log\": false}}"}
{"op_code":5,"worker_id":"4b4c516c-9146-46fc-973f-495b3f290283-140377564591936","trial_id":7,"param_name":"layers","param_value_internal":1.0,"distribution":"{\"name\": \"IntDistribution\", \"attributes\": {\"log\": false, \"step\": 1, \"low\": 1, \"high\": 3}}"}
{"op_code":5,"worker_id":"4b4c516c-9146-46fc-973f-495b3f290283-140377564591936","trial_id":7,"param_name":"nodes","param_value_internal":0,"distribution":"{\"name\": \"CategoricalDistribution\", \"attributes\": {\"choices\": [32, 64, 128]}}"}
{"op_code":5,"worker_id":"4b4c516c-9146-46fc-973f-495b3f290283-140377564591936","trial_id":7,"param_name":"alpha","param_value_internal":0.34262689627129256,"distribution":"{\"name\": \"FloatDistribution\", \"attributes\": {\"step\": null, \"low\": 0.0, \"high\": 0.5, \"log\": false}}"}
{"op_code":5,"worker_id":"4b4c516c-9146-46fc-973f-495b3f290283-140377564591936","trial_id":7,"param_name":"sigma","param_value_internal":0.10740132498463686,"distribution":"{\"name\": \"FloatDistribution\", \"attributes\": {\"step\": null, \"low\": 0.01, \"high\": 1.0, \"log\": true}}"}
{"op_code":6,"worker_id":"4b4c516c-9146-46fc-973f-495b3f290283-140377564591936","trial_id":7,"state":1,"values":[0.7659840481600337],"datetime_complete":"2026-04-11T20:25:02.051979"}
{"op_code":4,"worker_id":"4b4c516c-9146-46fc-973f-495b3f290283-140377564591936","study_id":0,"datetime_start":"2026-04-11T20:25:02.065041"}
{"op_code":5,"worker_id":"4b4c516c-9146-46fc-973f-495b3f290283-140377564591936","trial_id":8,"param_name":"lr","param_value_internal":0.011939145707704381,"distribution":"{\"name\": \"FloatDistribution\", \"attributes\": {\"step\": null, \"low\": 0.0001, \"high\": 0.1, \"log\": true}}"}
{"op_code":5,"worker_id":"4b4c516c-9146-46fc-973f-495b3f290283-140377564591936","trial_id":8,"param_name":"dropout","param_value_internal":0.3537972496247931,"distribution":"{\"name\": \"FloatDistribution\", \"attributes\": {\"step\": null, \"low\": 0.0, \"high\": 0.5, \"log\": false}}"}
{"op_code":5,"worker_id":"4b4c516c-9146-46fc-973f-495b3f290283-140377564591936","trial_id":8,"param_name":"layers","param_value_internal":1.0,"distribution":"{\"name\": \"IntDistribution\", \"attributes\": {\"log\": false, \"step\": 1, \"low\": 1, \"high\": 3}}"}
{"op_code":5,"worker_id":"4b4c516c-9146-46fc-973f-495b3f290283-140377564591936","trial_id":8,"param_name":"nodes","param_value_internal":2,"distribution":"{\"name\": \"CategoricalDistribution\", \"attributes\": {\"choices\": [32, 64, 128]}}"}
{"op_code":5,"worker_id":"4b4c516c-9146-46fc-973f-495b3f290283-140377564591936","trial_id":8,"param_name":"alpha","param_value_internal":0.05778023041769964,"distribution":"{\"name\": \"FloatDistribution\", \"attributes\": {\"step\": null, \"low\": 0.0, \"high\": 0.5, \"log\": false}}"}
{"op_code":5,"worker_id":"4b4c516c-9146-46fc-973f-495b3f290283-140377564591936","trial_id":8,"param_name":"sigma","param_value_internal":0.1524915602337333,"distribution":"{\"name\": \"FloatDistribution\", \"attributes\": {\"step\": null, \"low\": 0.01, \"high\": 1.0, \"log\": true}}"}
{"op_code":6,"worker_id":"4b4c516c-9146-46fc-973f-495b3f290283-140377564591936","trial_id":8,"state":1,"values":[0.7661392330936263],"datetime_complete":"2026-04-11T20:25:05.254409"}
{"op_code":4,"worker_id":"4b4c516c-9146-46fc-973f-495b3f290283-140377564591936","study_id":0,"datetime_start":"2026-04-11T20:25:05.266310"}
{"op_code":5,"worker_id":"4b4c516c-9146-46fc-973f-495b3f290283-140377564591936","trial_id":9,"param_name":"lr","param_value_internal":0.00011890356478939851,"distribution":"{\"name\": \"FloatDistribution\", \"attributes\": {\"step\": null, \"low\": 0.0001, \"high\": 0.1, \"log\": true}}"}
{"op_code":5,"worker_id":"4b4c516c-9146-46fc-973f-495b3f290283-140377564591936","trial_id":9,"param_name":"dropout","param_value_internal":0.02614621815014967,"distribution":"{\"name\": \"FloatDistribution\", \"attributes\": {\"step\": null, \"low\": 0.0, \"high\": 0.5, \"log\": false}}"}
{"op_code":5,"worker_id":"4b4c516c-9146-46fc-973f-495b3f290283-140377564591936","trial_id":9,"param_name":"layers","param_value_internal":3.0,"distribution":"{\"name\": \"IntDistribution\", \"attributes\": {\"log\": false, \"step\": 1, \"low\": 1, \"high\": 3}}"}
{"op_code":5,"worker_id":"4b4c516c-9146-46fc-973f-495b3f290283-140377564591936","trial_id":9,"param_name":"nodes","param_value_internal":0,"distribution":"{\"name\": \"CategoricalDistribution\", \"attributes\": {\"choices\": [32, 64, 128]}}"}
{"op_code":5,"worker_id":"4b4c516c-9146-46fc-973f-495b3f290283-140377564591936","trial_id":9,"param_name":"alpha","param_value_internal":0.3906424607404319,"distribution":"{\"name\": \"FloatDistribution\", \"attributes\": {\"step\": null, \"low\": 0.0, \"high\": 0.5, \"log\": false}}"}
{"op_code":5,"worker_id":"4b4c516c-9146-46fc-973f-495b3f290283-140377564591936","trial_id":9,"param_name":"sigma","param_value_internal":0.06388847294754305,"distribution":"{\"name\": \"FloatDistribution\", \"attributes\": {\"step\": null, \"low\": 0.01, \"high\": 1.0, \"log\": true}}"}
{"op_code":6,"worker_id":"4b4c516c-9146-46fc-973f-495b3f290283-140377564591936","trial_id":9,"state":1,"values":[0.6452033215431824],"datetime_complete":"2026-04-11T20:25:09.037623"}
{"op_code":4,"worker_id":"4b4c516c-9146-46fc-973f-495b3f290283-140377564591936","study_id":0,"datetime_start":"2026-04-11T20:25:09.048786"}
{"op_code":5,"worker_id":"4b4c516c-9146-46fc-973f-495b3f290283-140377564591936","trial_id":10,"param_name":"lr","param_value_internal":0.0008430377879570673,"distribution":"{\"name\": \"FloatDistribution\", \"attributes\": {\"step\": null, \"low\": 0.0001, \"high\": 0.1, \"log\": true}}"}
{"op_code":5,"worker_id":"4b4c516c-9146-46fc-973f-495b3f290283-140377564591936","trial_id":10,"param_name":"dropout","param_value_internal":0.47018747913279724,"distribution":"{\"name\": \"FloatDistribution\", \"attributes\": {\"step\": null, \"low\": 0.0, \"high\": 0.5, \"log\": false}}"}
{"op_code":5,"worker_id":"4b4c516c-9146-46fc-973f-495b3f290283-140377564591936","trial_id":10,"param_name":"layers","param_value_internal":2.0,"distribution":"{\"name\": \"IntDistribution\", \"attributes\": {\"log\": false, \"step\": 1, \"low\": 1, \"high\": 3}}"}
{"op_code":5,"worker_id":"4b4c516c-9146-46fc-973f-495b3f290283-140377564591936","trial_id":10,"param_name":"nodes","param_value_internal":2,"distribution":"{\"name\": \"CategoricalDistribution\", \"attributes\": {\"choices\": [32, 64, 128]}}"}
{"op_code":5,"worker_id":"4b4c516c-9146-46fc-973f-495b3f290283-140377564591936","trial_id":10,"param_name":"alpha","param_value_internal":0.49403103064106146,"distribution":"{\"name\": \"FloatDistribution\", \"attributes\": {\"step\": null, \"low\": 0.0, \"high\": 0.5, \"log\": false}}"}
{"op_code":5,"worker_id":"4b4c516c-9146-46fc-973f-495b3f290283-140377564591936","trial_id":10,"param_name":"sigma","param_value_internal":0.9365026486489127,"distribution":"{\"name\": \"FloatDistribution\", \"attributes\": {\"step\": null, \"low\": 0.01, \"high\": 1.0, \"log\": true}}"}
{"op_code":6,"worker_id":"4b4c516c-9146-46fc-973f-495b3f290283-140377564591936","trial_id":10,"state":1,"values":[0.7914929376215127],"datetime_complete":"2026-04-11T20:25:12.528725"}
{"op_code":4,"worker_id":"4b4c516c-9146-46fc-973f-495b3f290283-140377564591936","study_id":0,"datetime_start":"2026-04-11T20:25:12.542863"}
{"op_code":5,"worker_id":"4b4c516c-9146-46fc-973f-495b3f290283-140377564591936","trial_id":11,"param_name":"lr","param_value_internal":0.0008563764204184758,"distribution":"{\"name\": \"FloatDistribution\", \"attributes\": {\"step\": null, \"low\": 0.0001, \"high\": 0.1, \"log\": true}}"}
{"op_code":5,"worker_id":"4b4c516c-9146-46fc-973f-495b3f290283-140377564591936","trial_id":11,"param_name":"dropout","param_value_internal":0.48479862635759413,"distribution":"{\"name\": \"FloatDistribution\", \"attributes\": {\"step\": null, \"low\": 0.0, \"high\": 0.5, \"log\": false}}"}
{"op_code":5,"worker_id":"4b4c516c-9146-46fc-973f-495b3f290283-140377564591936","trial_id":11,"param_name":"layers","param_value_internal":2.0,"distribution":"{\"name\": \"IntDistribution\", \"attributes\": {\"log\": false, \"step\": 1, \"low\": 1, \"high\": 3}}"}
{"op_code":5,"worker_id":"4b4c516c-9146-46fc-973f-495b3f290283-140377564591936","trial_id":11,"param_name":"nodes","param_value_internal":2,"distribution":"{\"name\": \"CategoricalDistribution\", \"attributes\": {\"choices\": [32, 64, 128]}}"}
{"op_code":5,"worker_id":"4b4c516c-9146-46fc-973f-495b3f290283-140377564591936","trial_id":11,"param_name":"alpha","param_value_internal":0.47308068279811244,"distribution":"{\"name\": \"FloatDistribution\", \"attributes\": {\"step\": null, \"low\": 0.0, \"high\": 0.5, \"log\": false}}"}
{"op_code":5,"worker_id":"4b4c516c-9146-46fc-973f-495b3f290283-140377564591936","trial_id":11,"param_name":"sigma","param_value_internal":0.96608154452189,"distribution":"{\"name\": \"FloatDistribution\", \"attributes\": {\"step\": null, \"low\": 0.01, \"high\": 1.0, \"log\": true}}"}
{"op_code":6,"worker_id":"4b4c516c-9146-46fc-973f-495b3f290283-140377564591936","trial_id":11,"state":1,"values":[0.7929159541823804],"datetime_complete":"2026-04-11T20:25:16.033074"}
{"op_code":4,"worker_id":"4b4c516c-9146-46fc-973f-495b3f290283-140377564591936","study_id":0,"datetime_start":"2026-04-11T20:25:16.051656"}
{"op_code":5,"worker_id":"4b4c516c-9146-46fc-973f-495b3f290283-140377564591936","trial_id":12,"param_name":"lr","param_value_internal":0.0011471972193247552,"distribution":"{\"name\": \"FloatDistribution\", \"attributes\": {\"step\": null, \"low\": 0.0001, \"high\": 0.1, \"log\": true}}"}
{"op_code":5,"worker_id":"4b4c516c-9146-46fc-973f-495b3f290283-140377564591936","trial_id":12,"param_name":"dropout","param_value_internal":0.4702605591018657,"distribution":"{\"name\": \"FloatDistribution\", \"attributes\": {\"step\": null, \"low\": 0.0, \"high\": 0.5, \"log\": false}}"}
{"op_code":5,"worker_id":"4b4c516c-9146-46fc-973f-495b3f290283-140377564591936","trial_id":12,"param_name":"layers","param_value_internal":2.0,"distribution":"{\"name\": \"IntDistribution\", \"attributes\": {\"log\": false, \"step\": 1, \"low\": 1, \"high\": 3}}"}
{"op_code":5,"worker_id":"4b4c516c-9146-46fc-973f-495b3f290283-140377564591936","trial_id":12,"param_name":"nodes","param_value_internal":2,"distribution":"{\"name\": \"CategoricalDistribution\", \"attributes\": {\"choices\": [32, 64, 128]}}"}
{"op_code":5,"worker_id":"4b4c516c-9146-46fc-973f-495b3f290283-140377564591936","trial_id":12,"param_name":"alpha","param_value_internal":0.48207023792925274,"distribution":"{\"name\": \"FloatDistribution\", \"attributes\": {\"step\": null, \"low\": 0.0, \"high\": 0.5, \"log\": false}}"}
{"op_code":5,"worker_id":"4b4c516c-9146-46fc-973f-495b3f290283-140377564591936","trial_id":12,"param_name":"sigma","param_value_internal":0.9743559196251983,"distribution":"{\"name\": \"FloatDistribution\", \"attributes\": {\"step\": null, \"low\": 0.01, \"high\": 1.0, \"log\": true}}"}
{"op_code":6,"worker_id":"4b4c516c-9146-46fc-973f-495b3f290283-140377564591936","trial_id":12,"state":1,"values":[0.7875371858237099],"datetime_complete":"2026-04-11T20:25:19.556935"}
{"op_code":4,"worker_id":"4b4c516c-9146-46fc-973f-495b3f290283-140377564591936","study_id":0,"datetime_start":"2026-04-11T20:25:19.580439"}
{"op_code":5,"worker_id":"4b4c516c-9146-46fc-973f-495b3f290283-140377564591936","trial_id":13,"param_name":"lr","param_value_internal":0.0012364421679989387,"distribution":"{\"name\": \"FloatDistribution\", \"attributes\": {\"step\": null, \"low\": 0.0001, \"high\": 0.1, \"log\": true}}"}
{"op_code":5,"worker_id":"4b4c516c-9146-46fc-973f-495b3f290283-140377564591936","trial_id":13,"param_name":"dropout","param_value_internal":0.47580570034992187,"distribution":"{\"name\": \"FloatDistribution\", \"attributes\": {\"step\": null, \"low\": 0.0, \"high\": 0.5, \"log\": false}}"}
{"op_code":5,"worker_id":"4b4c516c-9146-46fc-973f-495b3f290283-140377564591936","trial_id":13,"param_name":"layers","param_value_internal":2.0,"distribution":"{\"name\": \"IntDistribution\", \"attributes\": {\"log\": false, \"step\": 1, \"low\": 1, \"high\": 3}}"}
{"op_code":5,"worker_id":"4b4c516c-9146-46fc-973f-495b3f290283-140377564591936","trial_id":13,"param_name":"nodes","param_value_internal":2,"distribution":"{\"name\": \"CategoricalDistribution\", \"attributes\": {\"choices\": [32, 64, 128]}}"}
{"op_code":5,"worker_id":"4b4c516c-9146-46fc-973f-495b3f290283-140377564591936","trial_id":13,"param_name":"alpha","param_value_internal":0.49131122823592993,"distribution":"{\"name\": \"FloatDistribution\", \"attributes\": {\"step\": null, \"low\": 0.0, \"high\": 0.5, \"log\": false}}"}
{"op_code":5,"worker_id":"4b4c516c-9146-46fc-973f-495b3f290283-140377564591936","trial_id":13,"param_name":"sigma","param_value_internal":0.871850927886342,"distribution":"{\"name\": \"FloatDistribution\", \"attributes\": {\"step\": null, \"low\": 0.01, \"high\": 1.0, \"log\": true}}"}
{"op_code":6,"worker_id":"4b4c516c-9146-46fc-973f-495b3f290283-140377564591936","trial_id":13,"state":1,"values":[0.795934740343398],"datetime_complete":"2026-04-11T20:25:23.072967"}
{"op_code":4,"worker_id":"4b4c516c-9146-46fc-973f-495b3f290283-140377564591936","study_id":0,"datetime_start":"2026-04-11T20:25:23.090861"}
{"op_code":5,"worker_id":"4b4c516c-9146-46fc-973f-495b3f290283-140377564591936","trial_id":14,"param_name":"lr","param_value_internal":0.0021501976646694982,"distribution":"{\"name\": \"FloatDistribution\", \"attributes\": {\"step\": null, \"low\": 0.0001, \"high\": 0.1, \"log\": true}}"}
{"op_code":5,"worker_id":"4b4c516c-9146-46fc-973f-495b3f290283-140377564591936","trial_id":14,"param_name":"dropout","param_value_internal":0.4900392374046975,"distribution":"{\"name\": \"FloatDistribution\", \"attributes\": {\"step\": null, \"low\": 0.0, \"high\": 0.5, \"log\": false}}"}
{"op_code":5,"worker_id":"4b4c516c-9146-46fc-973f-495b3f290283-140377564591936","trial_id":14,"param_name":"layers","param_value_internal":3.0,"distribution":"{\"name\": \"IntDistribution\", \"attributes\": {\"log\": false, \"step\": 1, \"low\": 1, \"high\": 3}}"}
{"op_code":5,"worker_id":"4b4c516c-9146-46fc-973f-495b3f290283-140377564591936","trial_id":14,"param_name":"nodes","param_value_internal":2,"distribution":"{\"name\": \"CategoricalDistribution\", \"attributes\": {\"choices\": [32, 64, 128]}}"}
{"op_code":5,"worker_id":"4b4c516c-9146-46fc-973f-495b3f290283-140377564591936","trial_id":14,"param_name":"alpha","param_value_internal":0.41577247745801227,"distribution":"{\"name\": \"FloatDistribution\", \"attributes\": {\"step\": null, \"low\": 0.0, \"high\": 0.5, \"log\": false}}"}
{"op_code":5,"worker_id":"4b4c516c-9146-46fc-973f-495b3f290283-140377564591936","trial_id":14,"param_name":"sigma","param_value_internal":0.5685391053992576,"distribution":"{\"name\": \"FloatDistribution\", \"attributes\": {\"step\": null, \"low\": 0.01, \"high\": 1.0, \"log\": true}}"}
{"op_code":6,"worker_id":"4b4c516c-9146-46fc-973f-495b3f290283-140377564591936","trial_id":14,"state":1,"values":[0.7930799231688178],"datetime_complete":"2026-04-11T20:25:26.928469"}
{"op_code":4,"worker_id":"4b4c516c-9146-46fc-973f-495b3f290283-140377564591936","study_id":0,"datetime_start":"2026-04-11T20:25:26.946062"}
{"op_code":5,"worker_id":"4b4c516c-9146-46fc-973f-495b3f290283-140377564591936","trial_id":15,"param_name":"lr","param_value_internal":0.0024472473371713907,"distribution":"{\"name\": \"FloatDistribution\", \"attributes\": {\"step\": null, \"low\": 0.0001, \"high\": 0.1, \"log\": true}}"}
{"op_code":5,"worker_id":"4b4c516c-9146-46fc-973f-495b3f290283-140377564591936","trial_id":15,"param_name":"dropout","param_value_internal":0.3004577560283317,"distribution":"{\"name\": \"FloatDistribution\", \"attributes\": {\"step\": null, \"low\": 0.0, \"high\": 0.5, \"log\": false}}"}
{"op_code":5,"worker_id":"4b4c516c-9146-46fc-973f-495b3f290283-140377564591936","trial_id":15,"param_name":"layers","param_value_internal":3.0,"distribution":"{\"name\": \"IntDistribution\", \"attributes\": {\"log\": false, \"step\": 1, \"low\": 1, \"high\": 3}}"}
{"op_code":5,"worker_id":"4b4c516c-9146-46fc-973f-495b3f290283-140377564591936","trial_id":15,"param_name":"nodes","param_value_internal":2,"distribution":"{\"name\": \"CategoricalDistribution\", \"attributes\": {\"choices\": [32, 64, 128]}}"}
{"op_code":5,"worker_id":"4b4c516c-9146-46fc-973f-495b3f290283-140377564591936","trial_id":15,"param_name":"alpha","param_value_internal":0.4148548278924778,"distribution":"{\"name\": \"FloatDistribution\", \"attributes\": {\"step\": null, \"low\": 0.0, \"high\": 0.5, \"log\": false}}"}
{"op_code":5,"worker_id":"4b4c516c-9146-46fc-973f-495b3f290283-140377564591936","trial_id":15,"param_name":"sigma","param_value_internal":0.5443101840176475,"distribution":"{\"name\": \"FloatDistribution\", \"attributes\": {\"step\": null, \"low\": 0.01, \"high\": 1.0, \"log\": true}}"}
{"op_code":6,"worker_id":"4b4c516c-9146-46fc-973f-495b3f290283-140377564591936","trial_id":15,"state":1,"values":[0.7851010751680683],"datetime_complete":"2026-04-11T20:25:30.763005"}
{"op_code":4,"worker_id":"4b4c516c-9146-46fc-973f-495b3f290283-140377564591936","study_id":0,"datetime_start":"2026-04-11T20:25:30.787167"}
{"op_code":5,"worker_id":"4b4c516c-9146-46fc-973f-495b3f290283-140377564591936","trial_id":16,"param_name":"lr","param_value_internal":0.0019440235557646726,"distribution":"{\"name\": \"FloatDistribution\", \"attributes\": {\"step\": null, \"low\": 0.0001, \"high\": 0.1, \"log\": true}}"}
{"op_code":5,"worker_id":"4b4c516c-9146-46fc-973f-495b3f290283-140377564591936","trial_id":16,"param_name":"dropout","param_value_internal":0.4056017478517643,"distribution":"{\"name\": \"FloatDistribution\", \"attributes\": {\"step\": null, \"low\": 0.0, \"high\": 0.5, \"log\": false}}"}
{"op_code":5,"worker_id":"4b4c516c-9146-46fc-973f-495b3f290283-140377564591936","trial_id":16,"param_name":"layers","param_value_internal":3.0,"distribution":"{\"name\": \"IntDistribution\", \"attributes\": {\"log\": false, \"step\": 1, \"low\": 1, \"high\": 3}}"}
{"op_code":5,"worker_id":"4b4c516c-9146-46fc-973f-495b3f290283-140377564591936","trial_id":16,"param_name":"nodes","param_value_internal":2,"distribution":"{\"name\": \"CategoricalDistribution\", \"attributes\": {\"choices\": [32, 64, 128]}}"}
{"op_code":5,"worker_id":"4b4c516c-9146-46fc-973f-495b3f290283-140377564591936","trial_id":16,"param_name":"alpha","param_value_internal":0.41506366306105874,"distribution":"{\"name\": \"FloatDistribution\", \"attributes\": {\"step\": null, \"low\": 0.0, \"high\": 0.5, \"log\": false}}"}
{"op_code":5,"worker_id":"4b4c516c-9146-46fc-973f-495b3f290283-140377564591936","trial_id":16,"param_name":"sigma","param_value_internal":0.011502668703305836,"distribution":"{\"name\": \"FloatDistribution\", \"attributes\": {\"step\": null, \"low\": 0.01, \"high\": 1.0, \"log\": true}}"}
{"op_code":6,"worker_id":"4b4c516c-9146-46fc-973f-495b3f290283-140377564591936","trial_id":16,"state":1,"values":[0.4991479468740484],"datetime_complete":"2026-04-11T20:25:34.643708"}
{"op_code":4,"worker_id":"4b4c516c-9146-46fc-973f-495b3f290283-140377564591936","study_id":0,"datetime_start":"2026-04-11T20:25:34.659245"}
{"op_code":5,"worker_id":"4b4c516c-9146-46fc-973f-495b3f290283-140377564591936","trial_id":17,"param_name":"lr","param_value_internal":0.015878360228885204,"distribution":"{\"name\": \"FloatDistribution\", \"attributes\": {\"step\": null, \"low\": 0.0001, \"high\": 0.1, \"log\": true}}"}
{"op_code":5,"worker_id":"4b4c516c-9146-46fc-973f-495b3f290283-140377564591936","trial_id":17,"param_name":"dropout","param_value_internal":0.1518593988089345,"distribution":"{\"name\": \"FloatDistribution\", \"attributes\": {\"step\": null, \"low\": 0.0, \"high\": 0.5, \"log\": false}}"}
{"op_code":5,"worker_id":"4b4c516c-9146-46fc-973f-495b3f290283-140377564591936","trial_id":17,"param_name":"layers","param_value_internal":3.0,"distribution":"{\"name\": \"IntDistribution\", \"attributes\": {\"log\": false, \"step\": 1, \"low\": 1, \"high\": 3}}"}
{"op_code":5,"worker_id":"4b4c516c-9146-46fc-973f-495b3f290283-140377564591936","trial_id":17,"param_name":"nodes","param_value_internal":2,"distribution":"{\"name\": \"CategoricalDistribution\", \"attributes\": {\"choices\": [32, 64, 128]}}"}
{"op_code":5,"worker_id":"4b4c516c-9146-46fc-973f-495b3f290283-140377564591936","trial_id":17,"param_name":"alpha","param_value_internal":0.36213781092011277,"distribution":"{\"name\": \"FloatDistribution\", \"attributes\": {\"step\": null, \"low\": 0.0, \"high\": 0.5, \"log\": false}}"}
{"op_code":5,"worker_id":"4b4c516c-9146-46fc-973f-495b3f290283-140377564591936","trial_id":17,"param_name":"sigma","param_value_internal":0.5449433920903112,"distribution":"{\"name\": \"FloatDistribution\", \"attributes\": {\"step\": null, \"low\": 0.01, \"high\": 1.0, \"log\": true}}"}
{"op_code":6,"worker_id":"4b4c516c-9146-46fc-973f-495b3f290283-140377564591936","trial_id":17,"state":1,"values":[0.7568544892366073],"datetime_complete":"2026-04-11T20:25:38.455537"}
{"op_code":4,"worker_id":"4b4c516c-9146-46fc-973f-495b3f290283-140377564591936","study_id":0,"datetime_start":"2026-04-11T20:25:38.469962"}
{"op_code":5,"worker_id":"4b4c516c-9146-46fc-973f-495b3f290283-140377564591936","trial_id":18,"param_name":"lr","param_value_internal":0.0003425469824048658,"distribution":"{\"name\": \"FloatDistribution\", \"attributes\": {\"step\": null, \"low\": 0.0001, \"high\": 0.1, \"log\": true}}"}
{"op_code":5,"worker_id":"4b4c516c-9146-46fc-973f-495b3f290283-140377564591936","trial_id":18,"param_name":"dropout","param_value_internal":0.4982923558484395,"distribution":"{\"name\": \"FloatDistribution\", \"attributes\": {\"step\": null, \"low\": 0.0, \"high\": 0.5, \"log\": false}}"}
{"op_code":5,"worker_id":"4b4c516c-9146-46fc-973f-495b3f290283-140377564591936","trial_id":18,"param_name":"layers","param_value_internal":3.0,"distribution":"{\"name\": \"IntDistribution\", \"attributes\": {\"log\": false, \"step\": 1, \"low\": 1, \"high\": 3}}"}
{"op_code":5,"worker_id":"4b4c516c-9146-46fc-973f-495b3f290283-140377564591936","trial_id":18,"param_name":"nodes","param_value_internal":2,"distribution":"{\"name\": \"CategoricalDistribution\", \"attributes\": {\"choices\": [32, 64, 128]}}"}
{"op_code":5,"worker_id":"4b4c516c-9146-46fc-973f-495b3f290283-140377564591936","trial_id":18,"param_name":"alpha","param_value_internal":0.43314173411266627,"distribution":"{\"name\": \"FloatDistribution\", \"attributes\": {\"step\": null, \"low\": 0.0, \"high\": 0.5, \"log\": false}}"}
{"op_code":5,"worker_id":"4b4c516c-9146-46fc-973f-495b3f290283-140377564591936","trial_id":18,"param_name":"sigma","param_value_internal":0.571778786054671,"distribution":"{\"name\": \"FloatDistribution\", \"attributes\": {\"step\": null, \"low\": 0.01, \"high\": 1.0, \"log\": true}}"}
{"op_code":6,"worker_id":"4b4c516c-9146-46fc-973f-495b3f290283-140377564591936","trial_id":18,"state":1,"values":[0.7730581387177625],"datetime_complete":"2026-04-11T20:25:42.314583"}
{"op_code":4,"worker_id":"4b4c516c-9146-46fc-973f-495b3f290283-140377564591936","study_id":0,"datetime_start":"2026-04-11T20:25:42.330455"}
{"op_code":5,"worker_id":"4b4c516c-9146-46fc-973f-495b3f290283-140377564591936","trial_id":19,"param_name":"lr","param_value_internal":0.0014768816340396756,"distribution":"{\"name\": \"FloatDistribution\", \"attributes\": {\"step\": null, \"low\": 0.0001, \"high\": 0.1, \"log\": true}}"}
{"op_code":5,"worker_id":"4b4c516c-9146-46fc-973f-495b3f290283-140377564591936","trial_id":19,"param_name":"dropout","param_value_internal":0.4254633641683927,"distribution":"{\"name\": \"FloatDistribution\", \"attributes\": {\"step\": null, \"low\": 0.0, \"high\": 0.5, \"log\": false}}"}
{"op_code":5,"worker_id":"4b4c516c-9146-46fc-973f-495b3f290283-140377564591936","trial_id":19,"param_name":"layers","param_value_internal":2.0,"distribution":"{\"name\": \"IntDistribution\", \"attributes\": {\"log\": false, \"step\": 1, \"low\": 1, \"high\": 3}}"}
{"op_code":5,"worker_id":"4b4c516c-9146-46fc-973f-495b3f290283-140377564591936","trial_id":19,"param_name":"nodes","param_value_internal":2,"distribution":"{\"name\": \"CategoricalDistribution\", \"attributes\": {\"choices\": [32, 64, 128]}}"}
{"op_code":5,"worker_id":"4b4c516c-9146-46fc-973f-495b3f290283-140377564591936","trial_id":19,"param_name":"alpha","param_value_internal":0.2673654813028872,"distribution":"{\"name\": \"FloatDistribution\", \"attributes\": {\"step\": null, \"low\": 0.0, \"high\": 0.5, \"log\": false}}"}
{"op_code":5,"worker_id":"4b4c516c-9146-46fc-973f-495b3f290283-140377564591936","trial_id":19,"param_name":"sigma","param_value_internal":0.2152794825731855,"distribution":"{\"name\": \"FloatDistribution\", \"attributes\": {\"step\": null, \"low\": 0.01, \"high\": 1.0, \"log\": true}}"}
{"op_code":6,"worker_id":"4b4c516c-9146-46fc-973f-495b3f290283-140377564591936","trial_id":19,"state":1,"values":[0.7884126630905811],"datetime_complete":"2026-04-11T20:25:45.910904"}
