{"op_code":0,"worker_id":"a2cc351c-da2f-43bf-be29-663227cd8144-139952901822272","study_name":"gbsa_tuning","directions":[2]}
{"op_code":4,"worker_id":"a2cc351c-da2f-43bf-be29-663227cd8144-139952901822272","study_id":0,"datetime_start":"2026-03-26T10:27:37.073093"}
{"op_code":5,"worker_id":"a2cc351c-da2f-43bf-be29-663227cd8144-139952901822272","trial_id":0,"param_name":"learning_rate","param_value_internal":0.19708690020435718,"distribution":"{\"name\": \"FloatDistribution\", \"attributes\": {\"step\": null, \"low\": 0.01, \"high\": 0.2, \"log\": true}}"}
{"op_code":5,"worker_id":"a2cc351c-da2f-43bf-be29-663227cd8144-139952901822272","trial_id":0,"param_name":"n_estimators","param_value_internal":154.0,"distribution":"{\"name\": \"IntDistribution\", \"attributes\": {\"log\": false, \"step\": 1, \"low\": 50, \"high\": 200}}"}
{"op_code":5,"worker_id":"a2cc351c-da2f-43bf-be29-663227cd8144-139952901822272","trial_id":0,"param_name":"max_depth","param_value_internal":4.0,"distribution":"{\"name\": \"IntDistribution\", \"attributes\": {\"log\": false, \"step\": 1, \"low\": 2, \"high\": 5}}"}
{"op_code":6,"worker_id":"a2cc351c-da2f-43bf-be29-663227cd8144-139952901822272","trial_id":0,"state":1,"values":[0.6168825663224036],"datetime_complete":"2026-03-26T10:28:42.340373"}
{"op_code":4,"worker_id":"a2cc351c-da2f-43bf-be29-663227cd8144-139952901822272","study_id":0,"datetime_start":"2026-03-26T10:28:42.363688"}
{"op_code":5,"worker_id":"a2cc351c-da2f-43bf-be29-663227cd8144-139952901822272","trial_id":1,"param_name":"learning_rate","param_value_internal":0.025128920478089466,"distribution":"{\"name\": \"FloatDistribution\", \"attributes\": {\"step\": null, \"low\": 0.01, \"high\": 0.2, \"log\": true}}"}
{"op_code":5,"worker_id":"a2cc351c-da2f-43bf-be29-663227cd8144-139952901822272","trial_id":1,"param_name":"n_estimators","param_value_internal":95.0,"distribution":"{\"name\": \"IntDistribution\", \"attributes\": {\"log\": false, \"step\": 1, \"low\": 50, \"high\": 200}}"}
{"op_code":5,"worker_id":"a2cc351c-da2f-43bf-be29-663227cd8144-139952901822272","trial_id":1,"param_name":"max_depth","param_value_internal":2.0,"distribution":"{\"name\": \"IntDistribution\", \"attributes\": {\"log\": false, \"step\": 1, \"low\": 2, \"high\": 5}}"}
{"op_code":6,"worker_id":"a2cc351c-da2f-43bf-be29-663227cd8144-139952901822272","trial_id":1,"state":1,"values":[0.6045937015199672],"datetime_complete":"2026-03-26T10:29:22.022759"}
{"op_code":4,"worker_id":"a2cc351c-da2f-43bf-be29-663227cd8144-139952901822272","study_id":0,"datetime_start":"2026-03-26T10:29:22.039410"}
{"op_code":5,"worker_id":"a2cc351c-da2f-43bf-be29-663227cd8144-139952901822272","trial_id":2,"param_name":"learning_rate","param_value_internal":0.07390938768089841,"distribution":"{\"name\": \"FloatDistribution\", \"attributes\": {\"step\": null, \"low\": 0.01, \"high\": 0.2, \"log\": true}}"}
{"op_code":5,"worker_id":"a2cc351c-da2f-43bf-be29-663227cd8144-139952901822272","trial_id":2,"param_name":"n_estimators","param_value_internal":198.0,"distribution":"{\"name\": \"IntDistribution\", \"attributes\": {\"log\": false, \"step\": 1, \"low\": 50, \"high\": 200}}"}
{"op_code":5,"worker_id":"a2cc351c-da2f-43bf-be29-663227cd8144-139952901822272","trial_id":2,"param_name":"max_depth","param_value_internal":2.0,"distribution":"{\"name\": \"IntDistribution\", \"attributes\": {\"log\": false, \"step\": 1, \"low\": 2, \"high\": 5}}"}
{"op_code":6,"worker_id":"a2cc351c-da2f-43bf-be29-663227cd8144-139952901822272","trial_id":2,"state":1,"values":[0.6146208331519211],"datetime_complete":"2026-03-26T10:30:44.476500"}
{"op_code":4,"worker_id":"a2cc351c-da2f-43bf-be29-663227cd8144-139952901822272","study_id":0,"datetime_start":"2026-03-26T10:30:44.514348"}
{"op_code":5,"worker_id":"a2cc351c-da2f-43bf-be29-663227cd8144-139952901822272","trial_id":3,"param_name":"learning_rate","param_value_internal":0.012574715488646466,"distribution":"{\"name\": \"FloatDistribution\", \"attributes\": {\"step\": null, \"low\": 0.01, \"high\": 0.2, \"log\": true}}"}
{"op_code":5,"worker_id":"a2cc351c-da2f-43bf-be29-663227cd8144-139952901822272","trial_id":3,"param_name":"n_estimators","param_value_internal":115.0,"distribution":"{\"name\": \"IntDistribution\", \"attributes\": {\"log\": false, \"step\": 1, \"low\": 50, \"high\": 200}}"}
{"op_code":5,"worker_id":"a2cc351c-da2f-43bf-be29-663227cd8144-139952901822272","trial_id":3,"param_name":"max_depth","param_value_internal":5.0,"distribution":"{\"name\": \"IntDistribution\", \"attributes\": {\"log\": false, \"step\": 1, \"low\": 2, \"high\": 5}}"}
{"op_code":6,"worker_id":"a2cc351c-da2f-43bf-be29-663227cd8144-139952901822272","trial_id":3,"state":1,"values":[0.6143974096624357],"datetime_complete":"2026-03-26T10:31:33.332496"}
{"op_code":4,"worker_id":"a2cc351c-da2f-43bf-be29-663227cd8144-139952901822272","study_id":0,"datetime_start":"2026-03-26T10:31:33.348404"}
{"op_code":5,"worker_id":"a2cc351c-da2f-43bf-be29-663227cd8144-139952901822272","trial_id":4,"param_name":"learning_rate","param_value_internal":0.06610760064222947,"distribution":"{\"name\": \"FloatDistribution\", \"attributes\": {\"step\": null, \"low\": 0.01, \"high\": 0.2, \"log\": true}}"}
{"op_code":5,"worker_id":"a2cc351c-da2f-43bf-be29-663227cd8144-139952901822272","trial_id":4,"param_name":"n_estimators","param_value_internal":189.0,"distribution":"{\"name\": \"IntDistribution\", \"attributes\": {\"log\": false, \"step\": 1, \"low\": 50, \"high\": 200}}"}
{"op_code":5,"worker_id":"a2cc351c-da2f-43bf-be29-663227cd8144-139952901822272","trial_id":4,"param_name":"max_depth","param_value_internal":4.0,"distribution":"{\"name\": \"IntDistribution\", \"attributes\": {\"log\": false, \"step\": 1, \"low\": 2, \"high\": 5}}"}
{"op_code":6,"worker_id":"a2cc351c-da2f-43bf-be29-663227cd8144-139952901822272","trial_id":4,"state":1,"values":[0.6175098707351893],"datetime_complete":"2026-03-26T10:32:53.385771"}
{"op_code":4,"worker_id":"a2cc351c-da2f-43bf-be29-663227cd8144-139952901822272","study_id":0,"datetime_start":"2026-03-26T10:32:53.415792"}
{"op_code":5,"worker_id":"a2cc351c-da2f-43bf-be29-663227cd8144-139952901822272","trial_id":5,"param_name":"learning_rate","param_value_internal":0.012841840336241478,"distribution":"{\"name\": \"FloatDistribution\", \"attributes\": {\"step\": null, \"low\": 0.01, \"high\": 0.2, \"log\": true}}"}
{"op_code":5,"worker_id":"a2cc351c-da2f-43bf-be29-663227cd8144-139952901822272","trial_id":5,"param_name":"n_estimators","param_value_internal":71.0,"distribution":"{\"name\": \"IntDistribution\", \"attributes\": {\"log\": false, \"step\": 1, \"low\": 50, \"high\": 200}}"}
{"op_code":5,"worker_id":"a2cc351c-da2f-43bf-be29-663227cd8144-139952901822272","trial_id":5,"param_name":"max_depth","param_value_internal":4.0,"distribution":"{\"name\": \"IntDistribution\", \"attributes\": {\"log\": false, \"step\": 1, \"low\": 2, \"high\": 5}}"}
{"op_code":6,"worker_id":"a2cc351c-da2f-43bf-be29-663227cd8144-139952901822272","trial_id":5,"state":1,"values":[0.6048663927532878],"datetime_complete":"2026-03-26T10:33:23.560923"}
{"op_code":4,"worker_id":"a2cc351c-da2f-43bf-be29-663227cd8144-139952901822272","study_id":0,"datetime_start":"2026-03-26T10:33:23.583412"}
{"op_code":5,"worker_id":"a2cc351c-da2f-43bf-be29-663227cd8144-139952901822272","trial_id":6,"param_name":"learning_rate","param_value_internal":0.015817277199825622,"distribution":"{\"name\": \"FloatDistribution\", \"attributes\": {\"step\": null, \"low\": 0.01, \"high\": 0.2, \"log\": true}}"}
{"op_code":5,"worker_id":"a2cc351c-da2f-43bf-be29-663227cd8144-139952901822272","trial_id":6,"param_name":"n_estimators","param_value_internal":86.0,"distribution":"{\"name\": \"IntDistribution\", \"attributes\": {\"log\": false, \"step\": 1, \"low\": 50, \"high\": 200}}"}
{"op_code":5,"worker_id":"a2cc351c-da2f-43bf-be29-663227cd8144-139952901822272","trial_id":6,"param_name":"max_depth","param_value_internal":3.0,"distribution":"{\"name\": \"IntDistribution\", \"attributes\": {\"log\": false, \"step\": 1, \"low\": 2, \"high\": 5}}"}
{"op_code":6,"worker_id":"a2cc351c-da2f-43bf-be29-663227cd8144-139952901822272","trial_id":6,"state":1,"values":[0.6016846131107195],"datetime_complete":"2026-03-26T10:33:59.940348"}
{"op_code":4,"worker_id":"a2cc351c-da2f-43bf-be29-663227cd8144-139952901822272","study_id":0,"datetime_start":"2026-03-26T10:33:59.957302"}
{"op_code":5,"worker_id":"a2cc351c-da2f-43bf-be29-663227cd8144-139952901822272","trial_id":7,"param_name":"learning_rate","param_value_internal":0.061159531998028656,"distribution":"{\"name\": \"FloatDistribution\", \"attributes\": {\"step\": null, \"low\": 0.01, \"high\": 0.2, \"log\": true}}"}
{"op_code":5,"worker_id":"a2cc351c-da2f-43bf-be29-663227cd8144-139952901822272","trial_id":7,"param_name":"n_estimators","param_value_internal":93.0,"distribution":"{\"name\": \"IntDistribution\", \"attributes\": {\"log\": false, \"step\": 1, \"low\": 50, \"high\": 200}}"}
{"op_code":5,"worker_id":"a2cc351c-da2f-43bf-be29-663227cd8144-139952901822272","trial_id":7,"param_name":"max_depth","param_value_internal":3.0,"distribution":"{\"name\": \"IntDistribution\", \"attributes\": {\"log\": false, \"step\": 1, \"low\": 2, \"high\": 5}}"}
{"op_code":6,"worker_id":"a2cc351c-da2f-43bf-be29-663227cd8144-139952901822272","trial_id":7,"state":1,"values":[0.6149101379267675],"datetime_complete":"2026-03-26T10:34:39.605025"}
{"op_code":4,"worker_id":"a2cc351c-da2f-43bf-be29-663227cd8144-139952901822272","study_id":0,"datetime_start":"2026-03-26T10:34:39.622166"}
{"op_code":5,"worker_id":"a2cc351c-da2f-43bf-be29-663227cd8144-139952901822272","trial_id":8,"param_name":"learning_rate","param_value_internal":0.013860975911514053,"distribution":"{\"name\": \"FloatDistribution\", \"attributes\": {\"step\": null, \"low\": 0.01, \"high\": 0.2, \"log\": true}}"}
{"op_code":5,"worker_id":"a2cc351c-da2f-43bf-be29-663227cd8144-139952901822272","trial_id":8,"param_name":"n_estimators","param_value_internal":74.0,"distribution":"{\"name\": \"IntDistribution\", \"attributes\": {\"log\": false, \"step\": 1, \"low\": 50, \"high\": 200}}"}
{"op_code":5,"worker_id":"a2cc351c-da2f-43bf-be29-663227cd8144-139952901822272","trial_id":8,"param_name":"max_depth","param_value_internal":2.0,"distribution":"{\"name\": \"IntDistribution\", \"attributes\": {\"log\": false, \"step\": 1, \"low\": 2, \"high\": 5}}"}
{"op_code":6,"worker_id":"a2cc351c-da2f-43bf-be29-663227cd8144-139952901822272","trial_id":8,"state":1,"values":[0.5941392008542797],"datetime_complete":"2026-03-26T10:35:10.935417"}
{"op_code":4,"worker_id":"a2cc351c-da2f-43bf-be29-663227cd8144-139952901822272","study_id":0,"datetime_start":"2026-03-26T10:35:10.970791"}
{"op_code":5,"worker_id":"a2cc351c-da2f-43bf-be29-663227cd8144-139952901822272","trial_id":9,"param_name":"learning_rate","param_value_internal":0.011711663773733262,"distribution":"{\"name\": \"FloatDistribution\", \"attributes\": {\"step\": null, \"low\": 0.01, \"high\": 0.2, \"log\": true}}"}
{"op_code":5,"worker_id":"a2cc351c-da2f-43bf-be29-663227cd8144-139952901822272","trial_id":9,"param_name":"n_estimators","param_value_internal":104.0,"distribution":"{\"name\": \"IntDistribution\", \"attributes\": {\"log\": false, \"step\": 1, \"low\": 50, \"high\": 200}}"}
{"op_code":5,"worker_id":"a2cc351c-da2f-43bf-be29-663227cd8144-139952901822272","trial_id":9,"param_name":"max_depth","param_value_internal":3.0,"distribution":"{\"name\": \"IntDistribution\", \"attributes\": {\"log\": false, \"step\": 1, \"low\": 2, \"high\": 5}}"}
{"op_code":6,"worker_id":"a2cc351c-da2f-43bf-be29-663227cd8144-139952901822272","trial_id":9,"state":1,"values":[0.6012646915266355],"datetime_complete":"2026-03-26T10:35:54.979323"}
{"op_code":4,"worker_id":"a2cc351c-da2f-43bf-be29-663227cd8144-139952901822272","study_id":0,"datetime_start":"2026-03-26T10:35:54.995904"}
{"op_code":5,"worker_id":"a2cc351c-da2f-43bf-be29-663227cd8144-139952901822272","trial_id":10,"param_name":"learning_rate","param_value_internal":0.13642177532078276,"distribution":"{\"name\": \"FloatDistribution\", \"attributes\": {\"step\": null, \"low\": 0.01, \"high\": 0.2, \"log\": true}}"}
{"op_code":5,"worker_id":"a2cc351c-da2f-43bf-be29-663227cd8144-139952901822272","trial_id":10,"param_name":"n_estimators","param_value_internal":200.0,"distribution":"{\"name\": \"IntDistribution\", \"attributes\": {\"log\": false, \"step\": 1, \"low\": 50, \"high\": 200}}"}
{"op_code":5,"worker_id":"a2cc351c-da2f-43bf-be29-663227cd8144-139952901822272","trial_id":10,"param_name":"max_depth","param_value_internal":5.0,"distribution":"{\"name\": \"IntDistribution\", \"attributes\": {\"log\": false, \"step\": 1, \"low\": 2, \"high\": 5}}"}
{"op_code":6,"worker_id":"a2cc351c-da2f-43bf-be29-663227cd8144-139952901822272","trial_id":10,"state":1,"values":[0.617165569409085],"datetime_complete":"2026-03-26T10:37:20.666018"}
{"op_code":4,"worker_id":"a2cc351c-da2f-43bf-be29-663227cd8144-139952901822272","study_id":0,"datetime_start":"2026-03-26T10:37:20.688721"}
{"op_code":5,"worker_id":"a2cc351c-da2f-43bf-be29-663227cd8144-139952901822272","trial_id":11,"param_name":"learning_rate","param_value_internal":0.12467861536745967,"distribution":"{\"name\": \"FloatDistribution\", \"attributes\": {\"step\": null, \"low\": 0.01, \"high\": 0.2, \"log\": true}}"}
{"op_code":5,"worker_id":"a2cc351c-da2f-43bf-be29-663227cd8144-139952901822272","trial_id":11,"param_name":"n_estimators","param_value_internal":197.0,"distribution":"{\"name\": \"IntDistribution\", \"attributes\": {\"log\": false, \"step\": 1, \"low\": 50, \"high\": 200}}"}
{"op_code":5,"worker_id":"a2cc351c-da2f-43bf-be29-663227cd8144-139952901822272","trial_id":11,"param_name":"max_depth","param_value_internal":5.0,"distribution":"{\"name\": \"IntDistribution\", \"attributes\": {\"log\": false, \"step\": 1, \"low\": 2, \"high\": 5}}"}
{"op_code":6,"worker_id":"a2cc351c-da2f-43bf-be29-663227cd8144-139952901822272","trial_id":11,"state":1,"values":[0.6173339963473123],"datetime_complete":"2026-03-26T10:38:46.103678"}
{"op_code":4,"worker_id":"a2cc351c-da2f-43bf-be29-663227cd8144-139952901822272","study_id":0,"datetime_start":"2026-03-26T10:38:46.127434"}
{"op_code":5,"worker_id":"a2cc351c-da2f-43bf-be29-663227cd8144-139952901822272","trial_id":12,"param_name":"learning_rate","param_value_internal":0.09373034765828289,"distribution":"{\"name\": \"FloatDistribution\", \"attributes\": {\"step\": null, \"low\": 0.01, \"high\": 0.2, \"log\": true}}"}
{"op_code":5,"worker_id":"a2cc351c-da2f-43bf-be29-663227cd8144-139952901822272","trial_id":12,"param_name":"n_estimators","param_value_internal":163.0,"distribution":"{\"name\": \"IntDistribution\", \"attributes\": {\"log\": false, \"step\": 1, \"low\": 50, \"high\": 200}}"}
{"op_code":5,"worker_id":"a2cc351c-da2f-43bf-be29-663227cd8144-139952901822272","trial_id":12,"param_name":"max_depth","param_value_internal":5.0,"distribution":"{\"name\": \"IntDistribution\", \"attributes\": {\"log\": false, \"step\": 1, \"low\": 2, \"high\": 5}}"}
{"op_code":6,"worker_id":"a2cc351c-da2f-43bf-be29-663227cd8144-139952901822272","trial_id":12,"state":1,"values":[0.6151799647563767],"datetime_complete":"2026-03-26T10:39:57.444612"}
{"op_code":4,"worker_id":"a2cc351c-da2f-43bf-be29-663227cd8144-139952901822272","study_id":0,"datetime_start":"2026-03-26T10:39:57.685285"}
{"op_code":5,"worker_id":"a2cc351c-da2f-43bf-be29-663227cd8144-139952901822272","trial_id":13,"param_name":"learning_rate","param_value_internal":0.03894799322449904,"distribution":"{\"name\": \"FloatDistribution\", \"attributes\": {\"step\": null, \"low\": 0.01, \"high\": 0.2, \"log\": true}}"}
{"op_code":5,"worker_id":"a2cc351c-da2f-43bf-be29-663227cd8144-139952901822272","trial_id":13,"param_name":"n_estimators","param_value_internal":170.0,"distribution":"{\"name\": \"IntDistribution\", \"attributes\": {\"log\": false, \"step\": 1, \"low\": 50, \"high\": 200}}"}
{"op_code":5,"worker_id":"a2cc351c-da2f-43bf-be29-663227cd8144-139952901822272","trial_id":13,"param_name":"max_depth","param_value_internal":4.0,"distribution":"{\"name\": \"IntDistribution\", \"attributes\": {\"log\": false, \"step\": 1, \"low\": 2, \"high\": 5}}"}
{"op_code":6,"worker_id":"a2cc351c-da2f-43bf-be29-663227cd8144-139952901822272","trial_id":13,"state":1,"values":[0.6172400439055801],"datetime_complete":"2026-03-26T10:41:11.123482"}
{"op_code":4,"worker_id":"a2cc351c-da2f-43bf-be29-663227cd8144-139952901822272","study_id":0,"datetime_start":"2026-03-26T10:41:11.144273"}
{"op_code":5,"worker_id":"a2cc351c-da2f-43bf-be29-663227cd8144-139952901822272","trial_id":14,"param_name":"learning_rate","param_value_internal":0.11459025510895703,"distribution":"{\"name\": \"FloatDistribution\", \"attributes\": {\"step\": null, \"low\": 0.01, \"high\": 0.2, \"log\": true}}"}
{"op_code":5,"worker_id":"a2cc351c-da2f-43bf-be29-663227cd8144-139952901822272","trial_id":14,"param_name":"n_estimators","param_value_internal":148.0,"distribution":"{\"name\": \"IntDistribution\", \"attributes\": {\"log\": false, \"step\": 1, \"low\": 50, \"high\": 200}}"}
{"op_code":5,"worker_id":"a2cc351c-da2f-43bf-be29-663227cd8144-139952901822272","trial_id":14,"param_name":"max_depth","param_value_internal":5.0,"distribution":"{\"name\": \"IntDistribution\", \"attributes\": {\"log\": false, \"step\": 1, \"low\": 2, \"high\": 5}}"}
{"op_code":6,"worker_id":"a2cc351c-da2f-43bf-be29-663227cd8144-139952901822272","trial_id":14,"state":1,"values":[0.6181658191850886],"datetime_complete":"2026-03-26T10:42:15.101260"}
{"op_code":4,"worker_id":"a2cc351c-da2f-43bf-be29-663227cd8144-139952901822272","study_id":0,"datetime_start":"2026-03-26T10:42:15.127271"}
{"op_code":5,"worker_id":"a2cc351c-da2f-43bf-be29-663227cd8144-139952901822272","trial_id":15,"param_name":"learning_rate","param_value_internal":0.04601385967826426,"distribution":"{\"name\": \"FloatDistribution\", \"attributes\": {\"step\": null, \"low\": 0.01, \"high\": 0.2, \"log\": true}}"}
{"op_code":5,"worker_id":"a2cc351c-da2f-43bf-be29-663227cd8144-139952901822272","trial_id":15,"param_name":"n_estimators","param_value_internal":136.0,"distribution":"{\"name\": \"IntDistribution\", \"attributes\": {\"log\": false, \"step\": 1, \"low\": 50, \"high\": 200}}"}
{"op_code":5,"worker_id":"a2cc351c-da2f-43bf-be29-663227cd8144-139952901822272","trial_id":15,"param_name":"max_depth","param_value_internal":4.0,"distribution":"{\"name\": \"IntDistribution\", \"attributes\": {\"log\": false, \"step\": 1, \"low\": 2, \"high\": 5}}"}
{"op_code":6,"worker_id":"a2cc351c-da2f-43bf-be29-663227cd8144-139952901822272","trial_id":15,"state":1,"values":[0.6172354608596419],"datetime_complete":"2026-03-26T10:43:13.492798"}
{"op_code":4,"worker_id":"a2cc351c-da2f-43bf-be29-663227cd8144-139952901822272","study_id":0,"datetime_start":"2026-03-26T10:43:13.513366"}
{"op_code":5,"worker_id":"a2cc351c-da2f-43bf-be29-663227cd8144-139952901822272","trial_id":16,"param_name":"learning_rate","param_value_internal":0.037401115739385996,"distribution":"{\"name\": \"FloatDistribution\", \"attributes\": {\"step\": null, \"low\": 0.01, \"high\": 0.2, \"log\": true}}"}
{"op_code":5,"worker_id":"a2cc351c-da2f-43bf-be29-663227cd8144-139952901822272","trial_id":16,"param_name":"n_estimators","param_value_internal":139.0,"distribution":"{\"name\": \"IntDistribution\", \"attributes\": {\"log\": false, \"step\": 1, \"low\": 50, \"high\": 200}}"}
{"op_code":5,"worker_id":"a2cc351c-da2f-43bf-be29-663227cd8144-139952901822272","trial_id":16,"param_name":"max_depth","param_value_internal":5.0,"distribution":"{\"name\": \"IntDistribution\", \"attributes\": {\"log\": false, \"step\": 1, \"low\": 2, \"high\": 5}}"}
{"op_code":6,"worker_id":"a2cc351c-da2f-43bf-be29-663227cd8144-139952901822272","trial_id":16,"state":1,"values":[0.6141315929980224],"datetime_complete":"2026-03-26T10:44:13.223613"}
{"op_code":4,"worker_id":"a2cc351c-da2f-43bf-be29-663227cd8144-139952901822272","study_id":0,"datetime_start":"2026-03-26T10:44:13.261259"}
{"op_code":5,"worker_id":"a2cc351c-da2f-43bf-be29-663227cd8144-139952901822272","trial_id":17,"param_name":"learning_rate","param_value_internal":0.09998348509463574,"distribution":"{\"name\": \"FloatDistribution\", \"attributes\": {\"step\": null, \"low\": 0.01, \"high\": 0.2, \"log\": true}}"}
{"op_code":5,"worker_id":"a2cc351c-da2f-43bf-be29-663227cd8144-139952901822272","trial_id":17,"param_name":"n_estimators","param_value_internal":180.0,"distribution":"{\"name\": \"IntDistribution\", \"attributes\": {\"log\": false, \"step\": 1, \"low\": 50, \"high\": 200}}"}
{"op_code":5,"worker_id":"a2cc351c-da2f-43bf-be29-663227cd8144-139952901822272","trial_id":17,"param_name":"max_depth","param_value_internal":4.0,"distribution":"{\"name\": \"IntDistribution\", \"attributes\": {\"log\": false, \"step\": 1, \"low\": 2, \"high\": 5}}"}
{"op_code":6,"worker_id":"a2cc351c-da2f-43bf-be29-663227cd8144-139952901822272","trial_id":17,"state":1,"values":[0.6192256485582883],"datetime_complete":"2026-03-26T10:45:31.081718"}
{"op_code":4,"worker_id":"a2cc351c-da2f-43bf-be29-663227cd8144-139952901822272","study_id":0,"datetime_start":"2026-03-26T10:45:31.102688"}
{"op_code":5,"worker_id":"a2cc351c-da2f-43bf-be29-663227cd8144-139952901822272","trial_id":18,"param_name":"learning_rate","param_value_internal":0.18080852930179656,"distribution":"{\"name\": \"FloatDistribution\", \"attributes\": {\"step\": null, \"low\": 0.01, \"high\": 0.2, \"log\": true}}"}
{"op_code":5,"worker_id":"a2cc351c-da2f-43bf-be29-663227cd8144-139952901822272","trial_id":18,"param_name":"n_estimators","param_value_internal":52.0,"distribution":"{\"name\": \"IntDistribution\", \"attributes\": {\"log\": false, \"step\": 1, \"low\": 50, \"high\": 200}}"}
{"op_code":5,"worker_id":"a2cc351c-da2f-43bf-be29-663227cd8144-139952901822272","trial_id":18,"param_name":"max_depth","param_value_internal":5.0,"distribution":"{\"name\": \"IntDistribution\", \"attributes\": {\"log\": false, \"step\": 1, \"low\": 2, \"high\": 5}}"}
{"op_code":6,"worker_id":"a2cc351c-da2f-43bf-be29-663227cd8144-139952901822272","trial_id":18,"state":1,"values":[0.616022672328256],"datetime_complete":"2026-03-26T10:45:53.930510"}
{"op_code":4,"worker_id":"a2cc351c-da2f-43bf-be29-663227cd8144-139952901822272","study_id":0,"datetime_start":"2026-03-26T10:45:54.008581"}
{"op_code":5,"worker_id":"a2cc351c-da2f-43bf-be29-663227cd8144-139952901822272","trial_id":19,"param_name":"learning_rate","param_value_internal":0.11054897787670447,"distribution":"{\"name\": \"FloatDistribution\", \"attributes\": {\"step\": null, \"low\": 0.01, \"high\": 0.2, \"log\": true}}"}
{"op_code":5,"worker_id":"a2cc351c-da2f-43bf-be29-663227cd8144-139952901822272","trial_id":19,"param_name":"n_estimators","param_value_internal":179.0,"distribution":"{\"name\": \"IntDistribution\", \"attributes\": {\"log\": false, \"step\": 1, \"low\": 50, \"high\": 200}}"}
{"op_code":5,"worker_id":"a2cc351c-da2f-43bf-be29-663227cd8144-139952901822272","trial_id":19,"param_name":"max_depth","param_value_internal":4.0,"distribution":"{\"name\": \"IntDistribution\", \"attributes\": {\"log\": false, \"step\": 1, \"low\": 2, \"high\": 5}}"}
{"op_code":6,"worker_id":"a2cc351c-da2f-43bf-be29-663227cd8144-139952901822272","trial_id":19,"state":1,"values":[0.6188166117083075],"datetime_complete":"2026-03-26T10:47:11.773553"}
