{"op_code":0,"worker_id":"fb49d854-947d-4cc0-8856-210e88196359-140485451474752","study_name":"pchazard_tuning","directions":[2]}
{"op_code":4,"worker_id":"fb49d854-947d-4cc0-8856-210e88196359-140485451474752","study_id":0,"datetime_start":"2026-04-06T10:30:40.298025"}
{"op_code":5,"worker_id":"fb49d854-947d-4cc0-8856-210e88196359-140485451474752","trial_id":0,"param_name":"lr","param_value_internal":0.005131903693840217,"distribution":"{\"name\": \"FloatDistribution\", \"attributes\": {\"step\": null, \"low\": 0.0001, \"high\": 0.1, \"log\": true}}"}
{"op_code":5,"worker_id":"fb49d854-947d-4cc0-8856-210e88196359-140485451474752","trial_id":0,"param_name":"dropout","param_value_internal":0.4934919182946751,"distribution":"{\"name\": \"FloatDistribution\", \"attributes\": {\"step\": null, \"low\": 0.0, \"high\": 0.5, \"log\": false}}"}
{"op_code":5,"worker_id":"fb49d854-947d-4cc0-8856-210e88196359-140485451474752","trial_id":0,"param_name":"layers","param_value_internal":3.0,"distribution":"{\"name\": \"IntDistribution\", \"attributes\": {\"log\": false, \"step\": 1, \"low\": 1, \"high\": 3}}"}
{"op_code":5,"worker_id":"fb49d854-947d-4cc0-8856-210e88196359-140485451474752","trial_id":0,"param_name":"nodes","param_value_internal":2,"distribution":"{\"name\": \"CategoricalDistribution\", \"attributes\": {\"choices\": [32, 64, 128]}}"}
{"op_code":6,"worker_id":"fb49d854-947d-4cc0-8856-210e88196359-140485451474752","trial_id":0,"state":1,"values":[0.0],"datetime_complete":"2026-04-06T10:30:40.357850"}
{"op_code":4,"worker_id":"fb49d854-947d-4cc0-8856-210e88196359-140485451474752","study_id":0,"datetime_start":"2026-04-06T10:30:40.367985"}
{"op_code":5,"worker_id":"fb49d854-947d-4cc0-8856-210e88196359-140485451474752","trial_id":1,"param_name":"lr","param_value_internal":0.021861844054666044,"distribution":"{\"name\": \"FloatDistribution\", \"attributes\": {\"step\": null, \"low\": 0.0001, \"high\": 0.1, \"log\": true}}"}
{"op_code":5,"worker_id":"fb49d854-947d-4cc0-8856-210e88196359-140485451474752","trial_id":1,"param_name":"dropout","param_value_internal":0.26479802106250006,"distribution":"{\"name\": \"FloatDistribution\", \"attributes\": {\"step\": null, \"low\": 0.0, \"high\": 0.5, \"log\": false}}"}
{"op_code":5,"worker_id":"fb49d854-947d-4cc0-8856-210e88196359-140485451474752","trial_id":1,"param_name":"layers","param_value_internal":3.0,"distribution":"{\"name\": \"IntDistribution\", \"attributes\": {\"log\": false, \"step\": 1, \"low\": 1, \"high\": 3}}"}
{"op_code":5,"worker_id":"fb49d854-947d-4cc0-8856-210e88196359-140485451474752","trial_id":1,"param_name":"nodes","param_value_internal":0,"distribution":"{\"name\": \"CategoricalDistribution\", \"attributes\": {\"choices\": [32, 64, 128]}}"}
{"op_code":6,"worker_id":"fb49d854-947d-4cc0-8856-210e88196359-140485451474752","trial_id":1,"state":1,"values":[0.0],"datetime_complete":"2026-04-06T10:30:40.424290"}
{"op_code":4,"worker_id":"fb49d854-947d-4cc0-8856-210e88196359-140485451474752","study_id":0,"datetime_start":"2026-04-06T10:30:40.436390"}
{"op_code":5,"worker_id":"fb49d854-947d-4cc0-8856-210e88196359-140485451474752","trial_id":2,"param_name":"lr","param_value_internal":0.001135546364341746,"distribution":"{\"name\": \"FloatDistribution\", \"attributes\": {\"step\": null, \"low\": 0.0001, \"high\": 0.1, \"log\": true}}"}
{"op_code":5,"worker_id":"fb49d854-947d-4cc0-8856-210e88196359-140485451474752","trial_id":2,"param_name":"dropout","param_value_internal":0.10095426298094351,"distribution":"{\"name\": \"FloatDistribution\", \"attributes\": {\"step\": null, \"low\": 0.0, \"high\": 0.5, \"log\": false}}"}
{"op_code":5,"worker_id":"fb49d854-947d-4cc0-8856-210e88196359-140485451474752","trial_id":2,"param_name":"layers","param_value_internal":2.0,"distribution":"{\"name\": \"IntDistribution\", \"attributes\": {\"log\": false, \"step\": 1, \"low\": 1, \"high\": 3}}"}
{"op_code":5,"worker_id":"fb49d854-947d-4cc0-8856-210e88196359-140485451474752","trial_id":2,"param_name":"nodes","param_value_internal":2,"distribution":"{\"name\": \"CategoricalDistribution\", \"attributes\": {\"choices\": [32, 64, 128]}}"}
{"op_code":6,"worker_id":"fb49d854-947d-4cc0-8856-210e88196359-140485451474752","trial_id":2,"state":1,"values":[0.0],"datetime_complete":"2026-04-06T10:30:40.500071"}
{"op_code":4,"worker_id":"fb49d854-947d-4cc0-8856-210e88196359-140485451474752","study_id":0,"datetime_start":"2026-04-06T10:30:40.512280"}
{"op_code":5,"worker_id":"fb49d854-947d-4cc0-8856-210e88196359-140485451474752","trial_id":3,"param_name":"lr","param_value_internal":0.0004417177020457169,"distribution":"{\"name\": \"FloatDistribution\", \"attributes\": {\"step\": null, \"low\": 0.0001, \"high\": 0.1, \"log\": true}}"}
{"op_code":5,"worker_id":"fb49d854-947d-4cc0-8856-210e88196359-140485451474752","trial_id":3,"param_name":"dropout","param_value_internal":0.44800122473558734,"distribution":"{\"name\": \"FloatDistribution\", \"attributes\": {\"step\": null, \"low\": 0.0, \"high\": 0.5, \"log\": false}}"}
{"op_code":5,"worker_id":"fb49d854-947d-4cc0-8856-210e88196359-140485451474752","trial_id":3,"param_name":"layers","param_value_internal":2.0,"distribution":"{\"name\": \"IntDistribution\", \"attributes\": {\"log\": false, \"step\": 1, \"low\": 1, \"high\": 3}}"}
{"op_code":5,"worker_id":"fb49d854-947d-4cc0-8856-210e88196359-140485451474752","trial_id":3,"param_name":"nodes","param_value_internal":2,"distribution":"{\"name\": \"CategoricalDistribution\", \"attributes\": {\"choices\": [32, 64, 128]}}"}
{"op_code":6,"worker_id":"fb49d854-947d-4cc0-8856-210e88196359-140485451474752","trial_id":3,"state":1,"values":[0.0],"datetime_complete":"2026-04-06T10:30:40.572522"}
{"op_code":4,"worker_id":"fb49d854-947d-4cc0-8856-210e88196359-140485451474752","study_id":0,"datetime_start":"2026-04-06T10:30:40.582927"}
{"op_code":5,"worker_id":"fb49d854-947d-4cc0-8856-210e88196359-140485451474752","trial_id":4,"param_name":"lr","param_value_internal":0.0012543165774384242,"distribution":"{\"name\": \"FloatDistribution\", \"attributes\": {\"step\": null, \"low\": 0.0001, \"high\": 0.1, \"log\": true}}"}
{"op_code":5,"worker_id":"fb49d854-947d-4cc0-8856-210e88196359-140485451474752","trial_id":4,"param_name":"dropout","param_value_internal":0.2020309759616864,"distribution":"{\"name\": \"FloatDistribution\", \"attributes\": {\"step\": null, \"low\": 0.0, \"high\": 0.5, \"log\": false}}"}
{"op_code":5,"worker_id":"fb49d854-947d-4cc0-8856-210e88196359-140485451474752","trial_id":4,"param_name":"layers","param_value_internal":2.0,"distribution":"{\"name\": \"IntDistribution\", \"attributes\": {\"log\": false, \"step\": 1, \"low\": 1, \"high\": 3}}"}
{"op_code":5,"worker_id":"fb49d854-947d-4cc0-8856-210e88196359-140485451474752","trial_id":4,"param_name":"nodes","param_value_internal":0,"distribution":"{\"name\": \"CategoricalDistribution\", \"attributes\": {\"choices\": [32, 64, 128]}}"}
{"op_code":6,"worker_id":"fb49d854-947d-4cc0-8856-210e88196359-140485451474752","trial_id":4,"state":1,"values":[0.0],"datetime_complete":"2026-04-06T10:30:40.641646"}
{"op_code":4,"worker_id":"fb49d854-947d-4cc0-8856-210e88196359-140485451474752","study_id":0,"datetime_start":"2026-04-06T10:30:40.655590"}
{"op_code":5,"worker_id":"fb49d854-947d-4cc0-8856-210e88196359-140485451474752","trial_id":5,"param_name":"lr","param_value_internal":0.003142778215522067,"distribution":"{\"name\": \"FloatDistribution\", \"attributes\": {\"step\": null, \"low\": 0.0001, \"high\": 0.1, \"log\": true}}"}
{"op_code":5,"worker_id":"fb49d854-947d-4cc0-8856-210e88196359-140485451474752","trial_id":5,"param_name":"dropout","param_value_internal":0.19894559837769643,"distribution":"{\"name\": \"FloatDistribution\", \"attributes\": {\"step\": null, \"low\": 0.0, \"high\": 0.5, \"log\": false}}"}
{"op_code":5,"worker_id":"fb49d854-947d-4cc0-8856-210e88196359-140485451474752","trial_id":5,"param_name":"layers","param_value_internal":1.0,"distribution":"{\"name\": \"IntDistribution\", \"attributes\": {\"log\": false, \"step\": 1, \"low\": 1, \"high\": 3}}"}
{"op_code":5,"worker_id":"fb49d854-947d-4cc0-8856-210e88196359-140485451474752","trial_id":5,"param_name":"nodes","param_value_internal":2,"distribution":"{\"name\": \"CategoricalDistribution\", \"attributes\": {\"choices\": [32, 64, 128]}}"}
{"op_code":6,"worker_id":"fb49d854-947d-4cc0-8856-210e88196359-140485451474752","trial_id":5,"state":1,"values":[0.0],"datetime_complete":"2026-04-06T10:30:40.714878"}
{"op_code":4,"worker_id":"fb49d854-947d-4cc0-8856-210e88196359-140485451474752","study_id":0,"datetime_start":"2026-04-06T10:30:40.725373"}
{"op_code":5,"worker_id":"fb49d854-947d-4cc0-8856-210e88196359-140485451474752","trial_id":6,"param_name":"lr","param_value_internal":0.036018277587945347,"distribution":"{\"name\": \"FloatDistribution\", \"attributes\": {\"step\": null, \"low\": 0.0001, \"high\": 0.1, \"log\": true}}"}
{"op_code":5,"worker_id":"fb49d854-947d-4cc0-8856-210e88196359-140485451474752","trial_id":6,"param_name":"dropout","param_value_internal":0.14104160422835416,"distribution":"{\"name\": \"FloatDistribution\", \"attributes\": {\"step\": null, \"low\": 0.0, \"high\": 0.5, \"log\": false}}"}
{"op_code":5,"worker_id":"fb49d854-947d-4cc0-8856-210e88196359-140485451474752","trial_id":6,"param_name":"layers","param_value_internal":1.0,"distribution":"{\"name\": \"IntDistribution\", \"attributes\": {\"log\": false, \"step\": 1, \"low\": 1, \"high\": 3}}"}
{"op_code":5,"worker_id":"fb49d854-947d-4cc0-8856-210e88196359-140485451474752","trial_id":6,"param_name":"nodes","param_value_internal":2,"distribution":"{\"name\": \"CategoricalDistribution\", \"attributes\": {\"choices\": [32, 64, 128]}}"}
{"op_code":6,"worker_id":"fb49d854-947d-4cc0-8856-210e88196359-140485451474752","trial_id":6,"state":1,"values":[0.0],"datetime_complete":"2026-04-06T10:30:40.785214"}
{"op_code":4,"worker_id":"fb49d854-947d-4cc0-8856-210e88196359-140485451474752","study_id":0,"datetime_start":"2026-04-06T10:30:40.795619"}
{"op_code":5,"worker_id":"fb49d854-947d-4cc0-8856-210e88196359-140485451474752","trial_id":7,"param_name":"lr","param_value_internal":0.051578145961705436,"distribution":"{\"name\": \"FloatDistribution\", \"attributes\": {\"step\": null, \"low\": 0.0001, \"high\": 0.1, \"log\": true}}"}
{"op_code":5,"worker_id":"fb49d854-947d-4cc0-8856-210e88196359-140485451474752","trial_id":7,"param_name":"dropout","param_value_internal":0.2887253552909992,"distribution":"{\"name\": \"FloatDistribution\", \"attributes\": {\"step\": null, \"low\": 0.0, \"high\": 0.5, \"log\": false}}"}
{"op_code":5,"worker_id":"fb49d854-947d-4cc0-8856-210e88196359-140485451474752","trial_id":7,"param_name":"layers","param_value_internal":3.0,"distribution":"{\"name\": \"IntDistribution\", \"attributes\": {\"log\": false, \"step\": 1, \"low\": 1, \"high\": 3}}"}
{"op_code":5,"worker_id":"fb49d854-947d-4cc0-8856-210e88196359-140485451474752","trial_id":7,"param_name":"nodes","param_value_internal":0,"distribution":"{\"name\": \"CategoricalDistribution\", \"attributes\": {\"choices\": [32, 64, 128]}}"}
{"op_code":6,"worker_id":"fb49d854-947d-4cc0-8856-210e88196359-140485451474752","trial_id":7,"state":1,"values":[0.0],"datetime_complete":"2026-04-06T10:30:40.855417"}
{"op_code":4,"worker_id":"fb49d854-947d-4cc0-8856-210e88196359-140485451474752","study_id":0,"datetime_start":"2026-04-06T10:30:40.866047"}
{"op_code":5,"worker_id":"fb49d854-947d-4cc0-8856-210e88196359-140485451474752","trial_id":8,"param_name":"lr","param_value_internal":0.03761664430152995,"distribution":"{\"name\": \"FloatDistribution\", \"attributes\": {\"step\": null, \"low\": 0.0001, \"high\": 0.1, \"log\": true}}"}
{"op_code":5,"worker_id":"fb49d854-947d-4cc0-8856-210e88196359-140485451474752","trial_id":8,"param_name":"dropout","param_value_internal":0.45072710040182185,"distribution":"{\"name\": \"FloatDistribution\", \"attributes\": {\"step\": null, \"low\": 0.0, \"high\": 0.5, \"log\": false}}"}
{"op_code":5,"worker_id":"fb49d854-947d-4cc0-8856-210e88196359-140485451474752","trial_id":8,"param_name":"layers","param_value_internal":3.0,"distribution":"{\"name\": \"IntDistribution\", \"attributes\": {\"log\": false, \"step\": 1, \"low\": 1, \"high\": 3}}"}
{"op_code":5,"worker_id":"fb49d854-947d-4cc0-8856-210e88196359-140485451474752","trial_id":8,"param_name":"nodes","param_value_internal":2,"distribution":"{\"name\": \"CategoricalDistribution\", \"attributes\": {\"choices\": [32, 64, 128]}}"}
{"op_code":6,"worker_id":"fb49d854-947d-4cc0-8856-210e88196359-140485451474752","trial_id":8,"state":1,"values":[0.0],"datetime_complete":"2026-04-06T10:30:40.928286"}
{"op_code":4,"worker_id":"fb49d854-947d-4cc0-8856-210e88196359-140485451474752","study_id":0,"datetime_start":"2026-04-06T10:30:40.938914"}
{"op_code":5,"worker_id":"fb49d854-947d-4cc0-8856-210e88196359-140485451474752","trial_id":9,"param_name":"lr","param_value_internal":0.0018285788312707818,"distribution":"{\"name\": \"FloatDistribution\", \"attributes\": {\"step\": null, \"low\": 0.0001, \"high\": 0.1, \"log\": true}}"}
{"op_code":5,"worker_id":"fb49d854-947d-4cc0-8856-210e88196359-140485451474752","trial_id":9,"param_name":"dropout","param_value_internal":0.1524507056842178,"distribution":"{\"name\": \"FloatDistribution\", \"attributes\": {\"step\": null, \"low\": 0.0, \"high\": 0.5, \"log\": false}}"}
{"op_code":5,"worker_id":"fb49d854-947d-4cc0-8856-210e88196359-140485451474752","trial_id":9,"param_name":"layers","param_value_internal":2.0,"distribution":"{\"name\": \"IntDistribution\", \"attributes\": {\"log\": false, \"step\": 1, \"low\": 1, \"high\": 3}}"}
{"op_code":5,"worker_id":"fb49d854-947d-4cc0-8856-210e88196359-140485451474752","trial_id":9,"param_name":"nodes","param_value_internal":0,"distribution":"{\"name\": \"CategoricalDistribution\", \"attributes\": {\"choices\": [32, 64, 128]}}"}
{"op_code":6,"worker_id":"fb49d854-947d-4cc0-8856-210e88196359-140485451474752","trial_id":9,"state":1,"values":[0.0],"datetime_complete":"2026-04-06T10:30:40.997582"}
{"op_code":4,"worker_id":"fb49d854-947d-4cc0-8856-210e88196359-140485451474752","study_id":0,"datetime_start":"2026-04-06T10:30:41.009486"}
{"op_code":5,"worker_id":"fb49d854-947d-4cc0-8856-210e88196359-140485451474752","trial_id":10,"param_name":"lr","param_value_internal":0.00010060262923401325,"distribution":"{\"name\": \"FloatDistribution\", \"attributes\": {\"step\": null, \"low\": 0.0001, \"high\": 0.1, \"log\": true}}"}
{"op_code":5,"worker_id":"fb49d854-947d-4cc0-8856-210e88196359-140485451474752","trial_id":10,"param_name":"dropout","param_value_internal":0.3541138566562458,"distribution":"{\"name\": \"FloatDistribution\", \"attributes\": {\"step\": null, \"low\": 0.0, \"high\": 0.5, \"log\": false}}"}
{"op_code":5,"worker_id":"fb49d854-947d-4cc0-8856-210e88196359-140485451474752","trial_id":10,"param_name":"layers","param_value_internal":3.0,"distribution":"{\"name\": \"IntDistribution\", \"attributes\": {\"log\": false, \"step\": 1, \"low\": 1, \"high\": 3}}"}
{"op_code":5,"worker_id":"fb49d854-947d-4cc0-8856-210e88196359-140485451474752","trial_id":10,"param_name":"nodes","param_value_internal":1,"distribution":"{\"name\": \"CategoricalDistribution\", \"attributes\": {\"choices\": [32, 64, 128]}}"}
{"op_code":6,"worker_id":"fb49d854-947d-4cc0-8856-210e88196359-140485451474752","trial_id":10,"state":1,"values":[0.0],"datetime_complete":"2026-04-06T10:30:41.077856"}
{"op_code":4,"worker_id":"fb49d854-947d-4cc0-8856-210e88196359-140485451474752","study_id":0,"datetime_start":"2026-04-06T10:30:41.087837"}
{"op_code":5,"worker_id":"fb49d854-947d-4cc0-8856-210e88196359-140485451474752","trial_id":11,"param_name":"lr","param_value_internal":0.009652812863578877,"distribution":"{\"name\": \"FloatDistribution\", \"attributes\": {\"step\": null, \"low\": 0.0001, \"high\": 0.1, \"log\": true}}"}
{"op_code":5,"worker_id":"fb49d854-947d-4cc0-8856-210e88196359-140485451474752","trial_id":11,"param_name":"dropout","param_value_internal":0.009315156503679284,"distribution":"{\"name\": \"FloatDistribution\", \"attributes\": {\"step\": null, \"low\": 0.0, \"high\": 0.5, \"log\": false}}"}
{"op_code":5,"worker_id":"fb49d854-947d-4cc0-8856-210e88196359-140485451474752","trial_id":11,"param_name":"layers","param_value_internal":3.0,"distribution":"{\"name\": \"IntDistribution\", \"attributes\": {\"log\": false, \"step\": 1, \"low\": 1, \"high\": 3}}"}
{"op_code":5,"worker_id":"fb49d854-947d-4cc0-8856-210e88196359-140485451474752","trial_id":11,"param_name":"nodes","param_value_internal":1,"distribution":"{\"name\": \"CategoricalDistribution\", \"attributes\": {\"choices\": [32, 64, 128]}}"}
{"op_code":6,"worker_id":"fb49d854-947d-4cc0-8856-210e88196359-140485451474752","trial_id":11,"state":1,"values":[0.0],"datetime_complete":"2026-04-06T10:30:41.255066"}
{"op_code":4,"worker_id":"fb49d854-947d-4cc0-8856-210e88196359-140485451474752","study_id":0,"datetime_start":"2026-04-06T10:30:41.266526"}
{"op_code":5,"worker_id":"fb49d854-947d-4cc0-8856-210e88196359-140485451474752","trial_id":12,"param_name":"lr","param_value_internal":0.01119128874697438,"distribution":"{\"name\": \"FloatDistribution\", \"attributes\": {\"step\": null, \"low\": 0.0001, \"high\": 0.1, \"log\": true}}"}
{"op_code":5,"worker_id":"fb49d854-947d-4cc0-8856-210e88196359-140485451474752","trial_id":12,"param_name":"dropout","param_value_internal":0.353990165296024,"distribution":"{\"name\": \"FloatDistribution\", \"attributes\": {\"step\": null, \"low\": 0.0, \"high\": 0.5, \"log\": false}}"}
{"op_code":5,"worker_id":"fb49d854-947d-4cc0-8856-210e88196359-140485451474752","trial_id":12,"param_name":"layers","param_value_internal":3.0,"distribution":"{\"name\": \"IntDistribution\", \"attributes\": {\"log\": false, \"step\": 1, \"low\": 1, \"high\": 3}}"}
{"op_code":5,"worker_id":"fb49d854-947d-4cc0-8856-210e88196359-140485451474752","trial_id":12,"param_name":"nodes","param_value_internal":0,"distribution":"{\"name\": \"CategoricalDistribution\", \"attributes\": {\"choices\": [32, 64, 128]}}"}
{"op_code":6,"worker_id":"fb49d854-947d-4cc0-8856-210e88196359-140485451474752","trial_id":12,"state":1,"values":[0.0],"datetime_complete":"2026-04-06T10:30:41.349114"}
{"op_code":4,"worker_id":"fb49d854-947d-4cc0-8856-210e88196359-140485451474752","study_id":0,"datetime_start":"2026-04-06T10:30:41.360113"}
{"op_code":5,"worker_id":"fb49d854-947d-4cc0-8856-210e88196359-140485451474752","trial_id":13,"param_name":"lr","param_value_internal":0.011883971029725802,"distribution":"{\"name\": \"FloatDistribution\", \"attributes\": {\"step\": null, \"low\": 0.0001, \"high\": 0.1, \"log\": true}}"}
{"op_code":5,"worker_id":"fb49d854-947d-4cc0-8856-210e88196359-140485451474752","trial_id":13,"param_name":"dropout","param_value_internal":0.49296362045281306,"distribution":"{\"name\": \"FloatDistribution\", \"attributes\": {\"step\": null, \"low\": 0.0, \"high\": 0.5, \"log\": false}}"}
{"op_code":5,"worker_id":"fb49d854-947d-4cc0-8856-210e88196359-140485451474752","trial_id":13,"param_name":"layers","param_value_internal":3.0,"distribution":"{\"name\": \"IntDistribution\", \"attributes\": {\"log\": false, \"step\": 1, \"low\": 1, \"high\": 3}}"}
{"op_code":5,"worker_id":"fb49d854-947d-4cc0-8856-210e88196359-140485451474752","trial_id":13,"param_name":"nodes","param_value_internal":0,"distribution":"{\"name\": \"CategoricalDistribution\", \"attributes\": {\"choices\": [32, 64, 128]}}"}
{"op_code":6,"worker_id":"fb49d854-947d-4cc0-8856-210e88196359-140485451474752","trial_id":13,"state":1,"values":[0.0],"datetime_complete":"2026-04-06T10:30:41.440495"}
{"op_code":4,"worker_id":"fb49d854-947d-4cc0-8856-210e88196359-140485451474752","study_id":0,"datetime_start":"2026-04-06T10:30:41.452330"}
{"op_code":5,"worker_id":"fb49d854-947d-4cc0-8856-210e88196359-140485451474752","trial_id":14,"param_name":"lr","param_value_internal":0.006777154801736523,"distribution":"{\"name\": \"FloatDistribution\", \"attributes\": {\"step\": null, \"low\": 0.0001, \"high\": 0.1, \"log\": true}}"}
{"op_code":5,"worker_id":"fb49d854-947d-4cc0-8856-210e88196359-140485451474752","trial_id":14,"param_name":"dropout","param_value_internal":0.3267011617694543,"distribution":"{\"name\": \"FloatDistribution\", \"attributes\": {\"step\": null, \"low\": 0.0, \"high\": 0.5, \"log\": false}}"}
{"op_code":5,"worker_id":"fb49d854-947d-4cc0-8856-210e88196359-140485451474752","trial_id":14,"param_name":"layers","param_value_internal":3.0,"distribution":"{\"name\": \"IntDistribution\", \"attributes\": {\"log\": false, \"step\": 1, \"low\": 1, \"high\": 3}}"}
{"op_code":5,"worker_id":"fb49d854-947d-4cc0-8856-210e88196359-140485451474752","trial_id":14,"param_name":"nodes","param_value_internal":1,"distribution":"{\"name\": \"CategoricalDistribution\", \"attributes\": {\"choices\": [32, 64, 128]}}"}
{"op_code":6,"worker_id":"fb49d854-947d-4cc0-8856-210e88196359-140485451474752","trial_id":14,"state":1,"values":[0.0],"datetime_complete":"2026-04-06T10:30:41.535744"}
{"op_code":4,"worker_id":"fb49d854-947d-4cc0-8856-210e88196359-140485451474752","study_id":0,"datetime_start":"2026-04-06T10:30:41.546396"}
{"op_code":5,"worker_id":"fb49d854-947d-4cc0-8856-210e88196359-140485451474752","trial_id":15,"param_name":"lr","param_value_internal":0.019360504705468462,"distribution":"{\"name\": \"FloatDistribution\", \"attributes\": {\"step\": null, \"low\": 0.0001, \"high\": 0.1, \"log\": true}}"}
{"op_code":5,"worker_id":"fb49d854-947d-4cc0-8856-210e88196359-140485451474752","trial_id":15,"param_name":"dropout","param_value_internal":0.4098231697918945,"distribution":"{\"name\": \"FloatDistribution\", \"attributes\": {\"step\": null, \"low\": 0.0, \"high\": 0.5, \"log\": false}}"}
{"op_code":5,"worker_id":"fb49d854-947d-4cc0-8856-210e88196359-140485451474752","trial_id":15,"param_name":"layers","param_value_internal":2.0,"distribution":"{\"name\": \"IntDistribution\", \"attributes\": {\"log\": false, \"step\": 1, \"low\": 1, \"high\": 3}}"}
{"op_code":5,"worker_id":"fb49d854-947d-4cc0-8856-210e88196359-140485451474752","trial_id":15,"param_name":"nodes","param_value_internal":2,"distribution":"{\"name\": \"CategoricalDistribution\", \"attributes\": {\"choices\": [32, 64, 128]}}"}
{"op_code":6,"worker_id":"fb49d854-947d-4cc0-8856-210e88196359-140485451474752","trial_id":15,"state":1,"values":[0.0],"datetime_complete":"2026-04-06T10:30:41.626276"}
{"op_code":4,"worker_id":"fb49d854-947d-4cc0-8856-210e88196359-140485451474752","study_id":0,"datetime_start":"2026-04-06T10:30:41.638489"}
{"op_code":5,"worker_id":"fb49d854-947d-4cc0-8856-210e88196359-140485451474752","trial_id":16,"param_name":"lr","param_value_internal":0.08610943587168617,"distribution":"{\"name\": \"FloatDistribution\", \"attributes\": {\"step\": null, \"low\": 0.0001, \"high\": 0.1, \"log\": true}}"}
{"op_code":5,"worker_id":"fb49d854-947d-4cc0-8856-210e88196359-140485451474752","trial_id":16,"param_name":"dropout","param_value_internal":0.25372294151058733,"distribution":"{\"name\": \"FloatDistribution\", \"attributes\": {\"step\": null, \"low\": 0.0, \"high\": 0.5, \"log\": false}}"}
{"op_code":5,"worker_id":"fb49d854-947d-4cc0-8856-210e88196359-140485451474752","trial_id":16,"param_name":"layers","param_value_internal":3.0,"distribution":"{\"name\": \"IntDistribution\", \"attributes\": {\"log\": false, \"step\": 1, \"low\": 1, \"high\": 3}}"}
{"op_code":5,"worker_id":"fb49d854-947d-4cc0-8856-210e88196359-140485451474752","trial_id":16,"param_name":"nodes","param_value_internal":0,"distribution":"{\"name\": \"CategoricalDistribution\", \"attributes\": {\"choices\": [32, 64, 128]}}"}
{"op_code":6,"worker_id":"fb49d854-947d-4cc0-8856-210e88196359-140485451474752","trial_id":16,"state":1,"values":[0.0],"datetime_complete":"2026-04-06T10:30:41.716282"}
{"op_code":4,"worker_id":"fb49d854-947d-4cc0-8856-210e88196359-140485451474752","study_id":0,"datetime_start":"2026-04-06T10:30:41.726986"}
{"op_code":5,"worker_id":"fb49d854-947d-4cc0-8856-210e88196359-140485451474752","trial_id":17,"param_name":"lr","param_value_internal":0.0045004833895855145,"distribution":"{\"name\": \"FloatDistribution\", \"attributes\": {\"step\": null, \"low\": 0.0001, \"high\": 0.1, \"log\": true}}"}
{"op_code":5,"worker_id":"fb49d854-947d-4cc0-8856-210e88196359-140485451474752","trial_id":17,"param_name":"dropout","param_value_internal":0.0026705346241344685,"distribution":"{\"name\": \"FloatDistribution\", \"attributes\": {\"step\": null, \"low\": 0.0, \"high\": 0.5, \"log\": false}}"}
{"op_code":5,"worker_id":"fb49d854-947d-4cc0-8856-210e88196359-140485451474752","trial_id":17,"param_name":"layers","param_value_internal":1.0,"distribution":"{\"name\": \"IntDistribution\", \"attributes\": {\"log\": false, \"step\": 1, \"low\": 1, \"high\": 3}}"}
{"op_code":5,"worker_id":"fb49d854-947d-4cc0-8856-210e88196359-140485451474752","trial_id":17,"param_name":"nodes","param_value_internal":0,"distribution":"{\"name\": \"CategoricalDistribution\", \"attributes\": {\"choices\": [32, 64, 128]}}"}
{"op_code":6,"worker_id":"fb49d854-947d-4cc0-8856-210e88196359-140485451474752","trial_id":17,"state":1,"values":[0.0],"datetime_complete":"2026-04-06T10:30:41.803776"}
{"op_code":4,"worker_id":"fb49d854-947d-4cc0-8856-210e88196359-140485451474752","study_id":0,"datetime_start":"2026-04-06T10:30:41.816187"}
{"op_code":5,"worker_id":"fb49d854-947d-4cc0-8856-210e88196359-140485451474752","trial_id":18,"param_name":"lr","param_value_internal":0.0004479645672098419,"distribution":"{\"name\": \"FloatDistribution\", \"attributes\": {\"step\": null, \"low\": 0.0001, \"high\": 0.1, \"log\": true}}"}
{"op_code":5,"worker_id":"fb49d854-947d-4cc0-8856-210e88196359-140485451474752","trial_id":18,"param_name":"dropout","param_value_internal":0.40414302018190124,"distribution":"{\"name\": \"FloatDistribution\", \"attributes\": {\"step\": null, \"low\": 0.0, \"high\": 0.5, \"log\": false}}"}
{"op_code":5,"worker_id":"fb49d854-947d-4cc0-8856-210e88196359-140485451474752","trial_id":18,"param_name":"layers","param_value_internal":3.0,"distribution":"{\"name\": \"IntDistribution\", \"attributes\": {\"log\": false, \"step\": 1, \"low\": 1, \"high\": 3}}"}
{"op_code":5,"worker_id":"fb49d854-947d-4cc0-8856-210e88196359-140485451474752","trial_id":18,"param_name":"nodes","param_value_internal":2,"distribution":"{\"name\": \"CategoricalDistribution\", \"attributes\": {\"choices\": [32, 64, 128]}}"}
{"op_code":6,"worker_id":"fb49d854-947d-4cc0-8856-210e88196359-140485451474752","trial_id":18,"state":1,"values":[0.0],"datetime_complete":"2026-04-06T10:30:41.896399"}
{"op_code":4,"worker_id":"fb49d854-947d-4cc0-8856-210e88196359-140485451474752","study_id":0,"datetime_start":"2026-04-06T10:30:41.907374"}
{"op_code":5,"worker_id":"fb49d854-947d-4cc0-8856-210e88196359-140485451474752","trial_id":19,"param_name":"lr","param_value_internal":0.022407934130702863,"distribution":"{\"name\": \"FloatDistribution\", \"attributes\": {\"step\": null, \"low\": 0.0001, \"high\": 0.1, \"log\": true}}"}
{"op_code":5,"worker_id":"fb49d854-947d-4cc0-8856-210e88196359-140485451474752","trial_id":19,"param_name":"dropout","param_value_internal":0.07521552894050204,"distribution":"{\"name\": \"FloatDistribution\", \"attributes\": {\"step\": null, \"low\": 0.0, \"high\": 0.5, \"log\": false}}"}
{"op_code":5,"worker_id":"fb49d854-947d-4cc0-8856-210e88196359-140485451474752","trial_id":19,"param_name":"layers","param_value_internal":2.0,"distribution":"{\"name\": \"IntDistribution\", \"attributes\": {\"log\": false, \"step\": 1, \"low\": 1, \"high\": 3}}"}
{"op_code":5,"worker_id":"fb49d854-947d-4cc0-8856-210e88196359-140485451474752","trial_id":19,"param_name":"nodes","param_value_internal":1,"distribution":"{\"name\": \"CategoricalDistribution\", \"attributes\": {\"choices\": [32, 64, 128]}}"}
{"op_code":6,"worker_id":"fb49d854-947d-4cc0-8856-210e88196359-140485451474752","trial_id":19,"state":1,"values":[0.0],"datetime_complete":"2026-04-06T10:30:41.985021"}
