{"op_code":0,"worker_id":"4629d10f-b579-4e05-863d-b8cd079567e8-139952901822272","study_name":"rsf_tuning","directions":[2]}
{"op_code":4,"worker_id":"4629d10f-b579-4e05-863d-b8cd079567e8-139952901822272","study_id":0,"datetime_start":"2026-03-26T12:16:59.302937"}
{"op_code":5,"worker_id":"4629d10f-b579-4e05-863d-b8cd079567e8-139952901822272","trial_id":0,"param_name":"n_estimators","param_value_internal":123.0,"distribution":"{\"name\": \"IntDistribution\", \"attributes\": {\"log\": false, \"step\": 1, \"low\": 50, \"high\": 200}}"}
{"op_code":5,"worker_id":"4629d10f-b579-4e05-863d-b8cd079567e8-139952901822272","trial_id":0,"param_name":"min_samples_split","param_value_internal":11.0,"distribution":"{\"name\": \"IntDistribution\", \"attributes\": {\"log\": false, \"step\": 1, \"low\": 5, \"high\": 20}}"}
{"op_code":5,"worker_id":"4629d10f-b579-4e05-863d-b8cd079567e8-139952901822272","trial_id":0,"param_name":"min_samples_leaf","param_value_internal":15.0,"distribution":"{\"name\": \"IntDistribution\", \"attributes\": {\"log\": false, \"step\": 1, \"low\": 5, \"high\": 20}}"}
{"op_code":6,"worker_id":"4629d10f-b579-4e05-863d-b8cd079567e8-139952901822272","trial_id":0,"state":1,"values":[0.6757207132144643],"datetime_complete":"2026-03-26T12:17:00.683867"}
{"op_code":4,"worker_id":"4629d10f-b579-4e05-863d-b8cd079567e8-139952901822272","study_id":0,"datetime_start":"2026-03-26T12:17:00.710758"}
{"op_code":5,"worker_id":"4629d10f-b579-4e05-863d-b8cd079567e8-139952901822272","trial_id":1,"param_name":"n_estimators","param_value_internal":119.0,"distribution":"{\"name\": \"IntDistribution\", \"attributes\": {\"log\": false, \"step\": 1, \"low\": 50, \"high\": 200}}"}
{"op_code":5,"worker_id":"4629d10f-b579-4e05-863d-b8cd079567e8-139952901822272","trial_id":1,"param_name":"min_samples_split","param_value_internal":15.0,"distribution":"{\"name\": \"IntDistribution\", \"attributes\": {\"log\": false, \"step\": 1, \"low\": 5, \"high\": 20}}"}
{"op_code":5,"worker_id":"4629d10f-b579-4e05-863d-b8cd079567e8-139952901822272","trial_id":1,"param_name":"min_samples_leaf","param_value_internal":8.0,"distribution":"{\"name\": \"IntDistribution\", \"attributes\": {\"log\": false, \"step\": 1, \"low\": 5, \"high\": 20}}"}
{"op_code":6,"worker_id":"4629d10f-b579-4e05-863d-b8cd079567e8-139952901822272","trial_id":1,"state":1,"values":[0.6736168971838027],"datetime_complete":"2026-03-26T12:17:02.404345"}
{"op_code":4,"worker_id":"4629d10f-b579-4e05-863d-b8cd079567e8-139952901822272","study_id":0,"datetime_start":"2026-03-26T12:17:02.433530"}
{"op_code":5,"worker_id":"4629d10f-b579-4e05-863d-b8cd079567e8-139952901822272","trial_id":2,"param_name":"n_estimators","param_value_internal":172.0,"distribution":"{\"name\": \"IntDistribution\", \"attributes\": {\"log\": false, \"step\": 1, \"low\": 50, \"high\": 200}}"}
{"op_code":5,"worker_id":"4629d10f-b579-4e05-863d-b8cd079567e8-139952901822272","trial_id":2,"param_name":"min_samples_split","param_value_internal":17.0,"distribution":"{\"name\": \"IntDistribution\", \"attributes\": {\"log\": false, \"step\": 1, \"low\": 5, \"high\": 20}}"}
{"op_code":5,"worker_id":"4629d10f-b579-4e05-863d-b8cd079567e8-139952901822272","trial_id":2,"param_name":"min_samples_leaf","param_value_internal":13.0,"distribution":"{\"name\": \"IntDistribution\", \"attributes\": {\"log\": false, \"step\": 1, \"low\": 5, \"high\": 20}}"}
{"op_code":6,"worker_id":"4629d10f-b579-4e05-863d-b8cd079567e8-139952901822272","trial_id":2,"state":1,"values":[0.6765747375437428],"datetime_complete":"2026-03-26T12:17:04.384695"}
{"op_code":4,"worker_id":"4629d10f-b579-4e05-863d-b8cd079567e8-139952901822272","study_id":0,"datetime_start":"2026-03-26T12:17:04.405453"}
{"op_code":5,"worker_id":"4629d10f-b579-4e05-863d-b8cd079567e8-139952901822272","trial_id":3,"param_name":"n_estimators","param_value_internal":124.0,"distribution":"{\"name\": \"IntDistribution\", \"attributes\": {\"log\": false, \"step\": 1, \"low\": 50, \"high\": 200}}"}
{"op_code":5,"worker_id":"4629d10f-b579-4e05-863d-b8cd079567e8-139952901822272","trial_id":3,"param_name":"min_samples_split","param_value_internal":9.0,"distribution":"{\"name\": \"IntDistribution\", \"attributes\": {\"log\": false, \"step\": 1, \"low\": 5, \"high\": 20}}"}
{"op_code":5,"worker_id":"4629d10f-b579-4e05-863d-b8cd079567e8-139952901822272","trial_id":3,"param_name":"min_samples_leaf","param_value_internal":15.0,"distribution":"{\"name\": \"IntDistribution\", \"attributes\": {\"log\": false, \"step\": 1, \"low\": 5, \"high\": 20}}"}
{"op_code":6,"worker_id":"4629d10f-b579-4e05-863d-b8cd079567e8-139952901822272","trial_id":3,"state":1,"values":[0.6755957340443259],"datetime_complete":"2026-03-26T12:17:05.787210"}
{"op_code":4,"worker_id":"4629d10f-b579-4e05-863d-b8cd079567e8-139952901822272","study_id":0,"datetime_start":"2026-03-26T12:17:05.808879"}
{"op_code":5,"worker_id":"4629d10f-b579-4e05-863d-b8cd079567e8-139952901822272","trial_id":4,"param_name":"n_estimators","param_value_internal":149.0,"distribution":"{\"name\": \"IntDistribution\", \"attributes\": {\"log\": false, \"step\": 1, \"low\": 50, \"high\": 200}}"}
{"op_code":5,"worker_id":"4629d10f-b579-4e05-863d-b8cd079567e8-139952901822272","trial_id":4,"param_name":"min_samples_split","param_value_internal":20.0,"distribution":"{\"name\": \"IntDistribution\", \"attributes\": {\"log\": false, \"step\": 1, \"low\": 5, \"high\": 20}}"}
{"op_code":5,"worker_id":"4629d10f-b579-4e05-863d-b8cd079567e8-139952901822272","trial_id":4,"param_name":"min_samples_leaf","param_value_internal":5.0,"distribution":"{\"name\": \"IntDistribution\", \"attributes\": {\"log\": false, \"step\": 1, \"low\": 5, \"high\": 20}}"}
{"op_code":6,"worker_id":"4629d10f-b579-4e05-863d-b8cd079567e8-139952901822272","trial_id":4,"state":1,"values":[0.6750958173637727],"datetime_complete":"2026-03-26T12:17:08.091566"}
{"op_code":4,"worker_id":"4629d10f-b579-4e05-863d-b8cd079567e8-139952901822272","study_id":0,"datetime_start":"2026-03-26T12:17:08.113815"}
{"op_code":5,"worker_id":"4629d10f-b579-4e05-863d-b8cd079567e8-139952901822272","trial_id":5,"param_name":"n_estimators","param_value_internal":52.0,"distribution":"{\"name\": \"IntDistribution\", \"attributes\": {\"log\": false, \"step\": 1, \"low\": 50, \"high\": 200}}"}
{"op_code":5,"worker_id":"4629d10f-b579-4e05-863d-b8cd079567e8-139952901822272","trial_id":5,"param_name":"min_samples_split","param_value_internal":15.0,"distribution":"{\"name\": \"IntDistribution\", \"attributes\": {\"log\": false, \"step\": 1, \"low\": 5, \"high\": 20}}"}
{"op_code":5,"worker_id":"4629d10f-b579-4e05-863d-b8cd079567e8-139952901822272","trial_id":5,"param_name":"min_samples_leaf","param_value_internal":8.0,"distribution":"{\"name\": \"IntDistribution\", \"attributes\": {\"log\": false, \"step\": 1, \"low\": 5, \"high\": 20}}"}
{"op_code":6,"worker_id":"4629d10f-b579-4e05-863d-b8cd079567e8-139952901822272","trial_id":5,"state":1,"values":[0.6702841193134478],"datetime_complete":"2026-03-26T12:17:08.916181"}
{"op_code":4,"worker_id":"4629d10f-b579-4e05-863d-b8cd079567e8-139952901822272","study_id":0,"datetime_start":"2026-03-26T12:17:08.934465"}
{"op_code":5,"worker_id":"4629d10f-b579-4e05-863d-b8cd079567e8-139952901822272","trial_id":6,"param_name":"n_estimators","param_value_internal":65.0,"distribution":"{\"name\": \"IntDistribution\", \"attributes\": {\"log\": false, \"step\": 1, \"low\": 50, \"high\": 200}}"}
{"op_code":5,"worker_id":"4629d10f-b579-4e05-863d-b8cd079567e8-139952901822272","trial_id":6,"param_name":"min_samples_split","param_value_internal":17.0,"distribution":"{\"name\": \"IntDistribution\", \"attributes\": {\"log\": false, \"step\": 1, \"low\": 5, \"high\": 20}}"}
{"op_code":5,"worker_id":"4629d10f-b579-4e05-863d-b8cd079567e8-139952901822272","trial_id":6,"param_name":"min_samples_leaf","param_value_internal":20.0,"distribution":"{\"name\": \"IntDistribution\", \"attributes\": {\"log\": false, \"step\": 1, \"low\": 5, \"high\": 20}}"}
{"op_code":6,"worker_id":"4629d10f-b579-4e05-863d-b8cd079567e8-139952901822272","trial_id":6,"state":1,"values":[0.6787306282286285],"datetime_complete":"2026-03-26T12:17:09.593666"}
{"op_code":4,"worker_id":"4629d10f-b579-4e05-863d-b8cd079567e8-139952901822272","study_id":0,"datetime_start":"2026-03-26T12:17:09.613481"}
{"op_code":5,"worker_id":"4629d10f-b579-4e05-863d-b8cd079567e8-139952901822272","trial_id":7,"param_name":"n_estimators","param_value_internal":162.0,"distribution":"{\"name\": \"IntDistribution\", \"attributes\": {\"log\": false, \"step\": 1, \"low\": 50, \"high\": 200}}"}
{"op_code":5,"worker_id":"4629d10f-b579-4e05-863d-b8cd079567e8-139952901822272","trial_id":7,"param_name":"min_samples_split","param_value_internal":6.0,"distribution":"{\"name\": \"IntDistribution\", \"attributes\": {\"log\": false, \"step\": 1, \"low\": 5, \"high\": 20}}"}
{"op_code":5,"worker_id":"4629d10f-b579-4e05-863d-b8cd079567e8-139952901822272","trial_id":7,"param_name":"min_samples_leaf","param_value_internal":9.0,"distribution":"{\"name\": \"IntDistribution\", \"attributes\": {\"log\": false, \"step\": 1, \"low\": 5, \"high\": 20}}"}
{"op_code":6,"worker_id":"4629d10f-b579-4e05-863d-b8cd079567e8-139952901822272","trial_id":7,"state":1,"values":[0.6745959006832195],"datetime_complete":"2026-03-26T12:17:11.722666"}
{"op_code":4,"worker_id":"4629d10f-b579-4e05-863d-b8cd079567e8-139952901822272","study_id":0,"datetime_start":"2026-03-26T12:17:11.757105"}
{"op_code":5,"worker_id":"4629d10f-b579-4e05-863d-b8cd079567e8-139952901822272","trial_id":8,"param_name":"n_estimators","param_value_internal":149.0,"distribution":"{\"name\": \"IntDistribution\", \"attributes\": {\"log\": false, \"step\": 1, \"low\": 50, \"high\": 200}}"}
{"op_code":5,"worker_id":"4629d10f-b579-4e05-863d-b8cd079567e8-139952901822272","trial_id":8,"param_name":"min_samples_split","param_value_internal":19.0,"distribution":"{\"name\": \"IntDistribution\", \"attributes\": {\"log\": false, \"step\": 1, \"low\": 5, \"high\": 20}}"}
{"op_code":5,"worker_id":"4629d10f-b579-4e05-863d-b8cd079567e8-139952901822272","trial_id":8,"param_name":"min_samples_leaf","param_value_internal":5.0,"distribution":"{\"name\": \"IntDistribution\", \"attributes\": {\"log\": false, \"step\": 1, \"low\": 5, \"high\": 20}}"}
{"op_code":6,"worker_id":"4629d10f-b579-4e05-863d-b8cd079567e8-139952901822272","trial_id":8,"state":1,"values":[0.6771371438093651],"datetime_complete":"2026-03-26T12:17:14.057013"}
{"op_code":4,"worker_id":"4629d10f-b579-4e05-863d-b8cd079567e8-139952901822272","study_id":0,"datetime_start":"2026-03-26T12:17:14.075147"}
{"op_code":5,"worker_id":"4629d10f-b579-4e05-863d-b8cd079567e8-139952901822272","trial_id":9,"param_name":"n_estimators","param_value_internal":105.0,"distribution":"{\"name\": \"IntDistribution\", \"attributes\": {\"log\": false, \"step\": 1, \"low\": 50, \"high\": 200}}"}
{"op_code":5,"worker_id":"4629d10f-b579-4e05-863d-b8cd079567e8-139952901822272","trial_id":9,"param_name":"min_samples_split","param_value_internal":12.0,"distribution":"{\"name\": \"IntDistribution\", \"attributes\": {\"log\": false, \"step\": 1, \"low\": 5, \"high\": 20}}"}
{"op_code":5,"worker_id":"4629d10f-b579-4e05-863d-b8cd079567e8-139952901822272","trial_id":9,"param_name":"min_samples_leaf","param_value_internal":19.0,"distribution":"{\"name\": \"IntDistribution\", \"attributes\": {\"log\": false, \"step\": 1, \"low\": 5, \"high\": 20}}"}
{"op_code":6,"worker_id":"4629d10f-b579-4e05-863d-b8cd079567e8-139952901822272","trial_id":9,"state":1,"values":[0.6769705049158473],"datetime_complete":"2026-03-26T12:17:15.129271"}
{"op_code":4,"worker_id":"4629d10f-b579-4e05-863d-b8cd079567e8-139952901822272","study_id":0,"datetime_start":"2026-03-26T12:17:15.144329"}
{"op_code":5,"worker_id":"4629d10f-b579-4e05-863d-b8cd079567e8-139952901822272","trial_id":10,"param_name":"n_estimators","param_value_internal":53.0,"distribution":"{\"name\": \"IntDistribution\", \"attributes\": {\"log\": false, \"step\": 1, \"low\": 50, \"high\": 200}}"}
{"op_code":5,"worker_id":"4629d10f-b579-4e05-863d-b8cd079567e8-139952901822272","trial_id":10,"param_name":"min_samples_split","param_value_internal":15.0,"distribution":"{\"name\": \"IntDistribution\", \"attributes\": {\"log\": false, \"step\": 1, \"low\": 5, \"high\": 20}}"}
{"op_code":5,"worker_id":"4629d10f-b579-4e05-863d-b8cd079567e8-139952901822272","trial_id":10,"param_name":"min_samples_leaf","param_value_internal":19.0,"distribution":"{\"name\": \"IntDistribution\", \"attributes\": {\"log\": false, \"step\": 1, \"low\": 5, \"high\": 20}}"}
{"op_code":6,"worker_id":"4629d10f-b579-4e05-863d-b8cd079567e8-139952901822272","trial_id":10,"state":1,"values":[0.6788868521913014],"datetime_complete":"2026-03-26T12:17:15.728210"}
{"op_code":4,"worker_id":"4629d10f-b579-4e05-863d-b8cd079567e8-139952901822272","study_id":0,"datetime_start":"2026-03-26T12:17:15.823608"}
{"op_code":5,"worker_id":"4629d10f-b579-4e05-863d-b8cd079567e8-139952901822272","trial_id":11,"param_name":"n_estimators","param_value_internal":50.0,"distribution":"{\"name\": \"IntDistribution\", \"attributes\": {\"log\": false, \"step\": 1, \"low\": 50, \"high\": 200}}"}
{"op_code":5,"worker_id":"4629d10f-b579-4e05-863d-b8cd079567e8-139952901822272","trial_id":11,"param_name":"min_samples_split","param_value_internal":16.0,"distribution":"{\"name\": \"IntDistribution\", \"attributes\": {\"log\": false, \"step\": 1, \"low\": 5, \"high\": 20}}"}
{"op_code":5,"worker_id":"4629d10f-b579-4e05-863d-b8cd079567e8-139952901822272","trial_id":11,"param_name":"min_samples_leaf","param_value_internal":20.0,"distribution":"{\"name\": \"IntDistribution\", \"attributes\": {\"log\": false, \"step\": 1, \"low\": 5, \"high\": 20}}"}
{"op_code":6,"worker_id":"4629d10f-b579-4e05-863d-b8cd079567e8-139952901822272","trial_id":11,"state":1,"values":[0.6801887185469089],"datetime_complete":"2026-03-26T12:17:16.424839"}
{"op_code":4,"worker_id":"4629d10f-b579-4e05-863d-b8cd079567e8-139952901822272","study_id":0,"datetime_start":"2026-03-26T12:17:16.449756"}
{"op_code":5,"worker_id":"4629d10f-b579-4e05-863d-b8cd079567e8-139952901822272","trial_id":12,"param_name":"n_estimators","param_value_internal":87.0,"distribution":"{\"name\": \"IntDistribution\", \"attributes\": {\"log\": false, \"step\": 1, \"low\": 50, \"high\": 200}}"}
{"op_code":5,"worker_id":"4629d10f-b579-4e05-863d-b8cd079567e8-139952901822272","trial_id":12,"param_name":"min_samples_split","param_value_internal":14.0,"distribution":"{\"name\": \"IntDistribution\", \"attributes\": {\"log\": false, \"step\": 1, \"low\": 5, \"high\": 20}}"}
{"op_code":5,"worker_id":"4629d10f-b579-4e05-863d-b8cd079567e8-139952901822272","trial_id":12,"param_name":"min_samples_leaf","param_value_internal":18.0,"distribution":"{\"name\": \"IntDistribution\", \"attributes\": {\"log\": false, \"step\": 1, \"low\": 5, \"high\": 20}}"}
{"op_code":6,"worker_id":"4629d10f-b579-4e05-863d-b8cd079567e8-139952901822272","trial_id":12,"state":1,"values":[0.6754707548741876],"datetime_complete":"2026-03-26T12:17:17.352830"}
{"op_code":4,"worker_id":"4629d10f-b579-4e05-863d-b8cd079567e8-139952901822272","study_id":0,"datetime_start":"2026-03-26T12:17:17.384496"}
{"op_code":5,"worker_id":"4629d10f-b579-4e05-863d-b8cd079567e8-139952901822272","trial_id":13,"param_name":"n_estimators","param_value_internal":199.0,"distribution":"{\"name\": \"IntDistribution\", \"attributes\": {\"log\": false, \"step\": 1, \"low\": 50, \"high\": 200}}"}
{"op_code":5,"worker_id":"4629d10f-b579-4e05-863d-b8cd079567e8-139952901822272","trial_id":13,"param_name":"min_samples_split","param_value_internal":17.0,"distribution":"{\"name\": \"IntDistribution\", \"attributes\": {\"log\": false, \"step\": 1, \"low\": 5, \"high\": 20}}"}
{"op_code":5,"worker_id":"4629d10f-b579-4e05-863d-b8cd079567e8-139952901822272","trial_id":13,"param_name":"min_samples_leaf","param_value_internal":17.0,"distribution":"{\"name\": \"IntDistribution\", \"attributes\": {\"log\": false, \"step\": 1, \"low\": 5, \"high\": 20}}"}
{"op_code":6,"worker_id":"4629d10f-b579-4e05-863d-b8cd079567e8-139952901822272","trial_id":13,"state":1,"values":[0.6754290951508082],"datetime_complete":"2026-03-26T12:17:19.428165"}
{"op_code":4,"worker_id":"4629d10f-b579-4e05-863d-b8cd079567e8-139952901822272","study_id":0,"datetime_start":"2026-03-26T12:17:19.441218"}
{"op_code":5,"worker_id":"4629d10f-b579-4e05-863d-b8cd079567e8-139952901822272","trial_id":14,"param_name":"n_estimators","param_value_internal":80.0,"distribution":"{\"name\": \"IntDistribution\", \"attributes\": {\"log\": false, \"step\": 1, \"low\": 50, \"high\": 200}}"}
{"op_code":5,"worker_id":"4629d10f-b579-4e05-863d-b8cd079567e8-139952901822272","trial_id":14,"param_name":"min_samples_split","param_value_internal":10.0,"distribution":"{\"name\": \"IntDistribution\", \"attributes\": {\"log\": false, \"step\": 1, \"low\": 5, \"high\": 20}}"}
{"op_code":5,"worker_id":"4629d10f-b579-4e05-863d-b8cd079567e8-139952901822272","trial_id":14,"param_name":"min_samples_leaf","param_value_internal":16.0,"distribution":"{\"name\": \"IntDistribution\", \"attributes\": {\"log\": false, \"step\": 1, \"low\": 5, \"high\": 20}}"}
{"op_code":6,"worker_id":"4629d10f-b579-4e05-863d-b8cd079567e8-139952901822272","trial_id":14,"state":1,"values":[0.674262622896184],"datetime_complete":"2026-03-26T12:17:20.381935"}
{"op_code":4,"worker_id":"4629d10f-b579-4e05-863d-b8cd079567e8-139952901822272","study_id":0,"datetime_start":"2026-03-26T12:17:20.393969"}
{"op_code":5,"worker_id":"4629d10f-b579-4e05-863d-b8cd079567e8-139952901822272","trial_id":15,"param_name":"n_estimators","param_value_internal":65.0,"distribution":"{\"name\": \"IntDistribution\", \"attributes\": {\"log\": false, \"step\": 1, \"low\": 50, \"high\": 200}}"}
{"op_code":5,"worker_id":"4629d10f-b579-4e05-863d-b8cd079567e8-139952901822272","trial_id":15,"param_name":"min_samples_split","param_value_internal":13.0,"distribution":"{\"name\": \"IntDistribution\", \"attributes\": {\"log\": false, \"step\": 1, \"low\": 5, \"high\": 20}}"}
{"op_code":5,"worker_id":"4629d10f-b579-4e05-863d-b8cd079567e8-139952901822272","trial_id":15,"param_name":"min_samples_leaf","param_value_internal":20.0,"distribution":"{\"name\": \"IntDistribution\", \"attributes\": {\"log\": false, \"step\": 1, \"low\": 5, \"high\": 20}}"}
{"op_code":6,"worker_id":"4629d10f-b579-4e05-863d-b8cd079567e8-139952901822272","trial_id":15,"state":1,"values":[0.6787306282286285],"datetime_complete":"2026-03-26T12:17:21.047920"}
{"op_code":4,"worker_id":"4629d10f-b579-4e05-863d-b8cd079567e8-139952901822272","study_id":0,"datetime_start":"2026-03-26T12:17:21.057783"}
{"op_code":5,"worker_id":"4629d10f-b579-4e05-863d-b8cd079567e8-139952901822272","trial_id":16,"param_name":"n_estimators","param_value_internal":52.0,"distribution":"{\"name\": \"IntDistribution\", \"attributes\": {\"log\": false, \"step\": 1, \"low\": 50, \"high\": 200}}"}
{"op_code":5,"worker_id":"4629d10f-b579-4e05-863d-b8cd079567e8-139952901822272","trial_id":16,"param_name":"min_samples_split","param_value_internal":7.0,"distribution":"{\"name\": \"IntDistribution\", \"attributes\": {\"log\": false, \"step\": 1, \"low\": 5, \"high\": 20}}"}
{"op_code":5,"worker_id":"4629d10f-b579-4e05-863d-b8cd079567e8-139952901822272","trial_id":16,"param_name":"min_samples_leaf","param_value_internal":12.0,"distribution":"{\"name\": \"IntDistribution\", \"attributes\": {\"log\": false, \"step\": 1, \"low\": 5, \"high\": 20}}"}
{"op_code":6,"worker_id":"4629d10f-b579-4e05-863d-b8cd079567e8-139952901822272","trial_id":16,"state":1,"values":[0.6736377270454924],"datetime_complete":"2026-03-26T12:17:21.692249"}
{"op_code":4,"worker_id":"4629d10f-b579-4e05-863d-b8cd079567e8-139952901822272","study_id":0,"datetime_start":"2026-03-26T12:17:21.702015"}
{"op_code":5,"worker_id":"4629d10f-b579-4e05-863d-b8cd079567e8-139952901822272","trial_id":17,"param_name":"n_estimators","param_value_internal":92.0,"distribution":"{\"name\": \"IntDistribution\", \"attributes\": {\"log\": false, \"step\": 1, \"low\": 50, \"high\": 200}}"}
{"op_code":5,"worker_id":"4629d10f-b579-4e05-863d-b8cd079567e8-139952901822272","trial_id":17,"param_name":"min_samples_split","param_value_internal":16.0,"distribution":"{\"name\": \"IntDistribution\", \"attributes\": {\"log\": false, \"step\": 1, \"low\": 5, \"high\": 20}}"}
{"op_code":5,"worker_id":"4629d10f-b579-4e05-863d-b8cd079567e8-139952901822272","trial_id":17,"param_name":"min_samples_leaf","param_value_internal":18.0,"distribution":"{\"name\": \"IntDistribution\", \"attributes\": {\"log\": false, \"step\": 1, \"low\": 5, \"high\": 20}}"}
{"op_code":6,"worker_id":"4629d10f-b579-4e05-863d-b8cd079567e8-139952901822272","trial_id":17,"state":1,"values":[0.6758665222462923],"datetime_complete":"2026-03-26T12:17:22.625255"}
{"op_code":4,"worker_id":"4629d10f-b579-4e05-863d-b8cd079567e8-139952901822272","study_id":0,"datetime_start":"2026-03-26T12:17:22.639396"}
{"op_code":5,"worker_id":"4629d10f-b579-4e05-863d-b8cd079567e8-139952901822272","trial_id":18,"param_name":"n_estimators","param_value_internal":75.0,"distribution":"{\"name\": \"IntDistribution\", \"attributes\": {\"log\": false, \"step\": 1, \"low\": 50, \"high\": 200}}"}
{"op_code":5,"worker_id":"4629d10f-b579-4e05-863d-b8cd079567e8-139952901822272","trial_id":18,"param_name":"min_samples_split","param_value_internal":19.0,"distribution":"{\"name\": \"IntDistribution\", \"attributes\": {\"log\": false, \"step\": 1, \"low\": 5, \"high\": 20}}"}
{"op_code":5,"worker_id":"4629d10f-b579-4e05-863d-b8cd079567e8-139952901822272","trial_id":18,"param_name":"min_samples_leaf","param_value_internal":13.0,"distribution":"{\"name\": \"IntDistribution\", \"attributes\": {\"log\": false, \"step\": 1, \"low\": 5, \"high\": 20}}"}
{"op_code":6,"worker_id":"4629d10f-b579-4e05-863d-b8cd079567e8-139952901822272","trial_id":18,"state":1,"values":[0.6773037827028828],"datetime_complete":"2026-03-26T12:17:23.509740"}
{"op_code":4,"worker_id":"4629d10f-b579-4e05-863d-b8cd079567e8-139952901822272","study_id":0,"datetime_start":"2026-03-26T12:17:23.521370"}
{"op_code":5,"worker_id":"4629d10f-b579-4e05-863d-b8cd079567e8-139952901822272","trial_id":19,"param_name":"n_estimators","param_value_internal":109.0,"distribution":"{\"name\": \"IntDistribution\", \"attributes\": {\"log\": false, \"step\": 1, \"low\": 50, \"high\": 200}}"}
{"op_code":5,"worker_id":"4629d10f-b579-4e05-863d-b8cd079567e8-139952901822272","trial_id":19,"param_name":"min_samples_split","param_value_internal":14.0,"distribution":"{\"name\": \"IntDistribution\", \"attributes\": {\"log\": false, \"step\": 1, \"low\": 5, \"high\": 20}}"}
{"op_code":5,"worker_id":"4629d10f-b579-4e05-863d-b8cd079567e8-139952901822272","trial_id":19,"param_name":"min_samples_leaf","param_value_internal":11.0,"distribution":"{\"name\": \"IntDistribution\", \"attributes\": {\"log\": false, \"step\": 1, \"low\": 5, \"high\": 20}}"}
{"op_code":6,"worker_id":"4629d10f-b579-4e05-863d-b8cd079567e8-139952901822272","trial_id":19,"state":1,"values":[0.6710548241959673],"datetime_complete":"2026-03-26T12:17:24.846148"}
