{"op_code":0,"worker_id":"27997713-c486-44da-b01b-a385113ba180-140218449991488","study_name":"tabicl_deephit","directions":[2]}
{"op_code":4,"worker_id":"27997713-c486-44da-b01b-a385113ba180-140218449991488","study_id":0,"datetime_start":"2026-03-31T12:10:15.056464"}
{"op_code":5,"worker_id":"27997713-c486-44da-b01b-a385113ba180-140218449991488","trial_id":0,"param_name":"lr","param_value_internal":0.0004182302553342513,"distribution":"{\"name\": \"FloatDistribution\", \"attributes\": {\"step\": null, \"low\": 0.0001, \"high\": 0.1, \"log\": true}}"}
{"op_code":5,"worker_id":"27997713-c486-44da-b01b-a385113ba180-140218449991488","trial_id":0,"param_name":"dropout","param_value_internal":0.42982121044451665,"distribution":"{\"name\": \"FloatDistribution\", \"attributes\": {\"step\": null, \"low\": 0.0, \"high\": 0.5, \"log\": false}}"}
{"op_code":5,"worker_id":"27997713-c486-44da-b01b-a385113ba180-140218449991488","trial_id":0,"param_name":"nodes","param_value_internal":0,"distribution":"{\"name\": \"CategoricalDistribution\", \"attributes\": {\"choices\": [\"64-64\", \"128-64\", \"256-128\"]}}"}
{"op_code":6,"worker_id":"27997713-c486-44da-b01b-a385113ba180-140218449991488","trial_id":0,"state":1,"values":[0.8387224550211604],"datetime_complete":"2026-03-31T12:10:17.122871"}
{"op_code":4,"worker_id":"27997713-c486-44da-b01b-a385113ba180-140218449991488","study_id":0,"datetime_start":"2026-03-31T12:10:17.134745"}
{"op_code":5,"worker_id":"27997713-c486-44da-b01b-a385113ba180-140218449991488","trial_id":1,"param_name":"lr","param_value_internal":0.00011371258573986868,"distribution":"{\"name\": \"FloatDistribution\", \"attributes\": {\"step\": null, \"low\": 0.0001, \"high\": 0.1, \"log\": true}}"}
{"op_code":5,"worker_id":"27997713-c486-44da-b01b-a385113ba180-140218449991488","trial_id":1,"param_name":"dropout","param_value_internal":0.10642591413350144,"distribution":"{\"name\": \"FloatDistribution\", \"attributes\": {\"step\": null, \"low\": 0.0, \"high\": 0.5, \"log\": false}}"}
{"op_code":5,"worker_id":"27997713-c486-44da-b01b-a385113ba180-140218449991488","trial_id":1,"param_name":"nodes","param_value_internal":0,"distribution":"{\"name\": \"CategoricalDistribution\", \"attributes\": {\"choices\": [\"64-64\", \"128-64\", \"256-128\"]}}"}
{"op_code":6,"worker_id":"27997713-c486-44da-b01b-a385113ba180-140218449991488","trial_id":1,"state":1,"values":[0.8363875164175371],"datetime_complete":"2026-03-31T12:10:19.165189"}
{"op_code":4,"worker_id":"27997713-c486-44da-b01b-a385113ba180-140218449991488","study_id":0,"datetime_start":"2026-03-31T12:10:19.186976"}
{"op_code":5,"worker_id":"27997713-c486-44da-b01b-a385113ba180-140218449991488","trial_id":2,"param_name":"lr","param_value_internal":0.08258737798207204,"distribution":"{\"name\": \"FloatDistribution\", \"attributes\": {\"step\": null, \"low\": 0.0001, \"high\": 0.1, \"log\": true}}"}
{"op_code":5,"worker_id":"27997713-c486-44da-b01b-a385113ba180-140218449991488","trial_id":2,"param_name":"dropout","param_value_internal":0.31124779477808406,"distribution":"{\"name\": \"FloatDistribution\", \"attributes\": {\"step\": null, \"low\": 0.0, \"high\": 0.5, \"log\": false}}"}
{"op_code":5,"worker_id":"27997713-c486-44da-b01b-a385113ba180-140218449991488","trial_id":2,"param_name":"nodes","param_value_internal":0,"distribution":"{\"name\": \"CategoricalDistribution\", \"attributes\": {\"choices\": [\"64-64\", \"128-64\", \"256-128\"]}}"}
{"op_code":6,"worker_id":"27997713-c486-44da-b01b-a385113ba180-140218449991488","trial_id":2,"state":1,"values":[0.8266099610148644],"datetime_complete":"2026-03-31T12:10:21.216605"}
{"op_code":4,"worker_id":"27997713-c486-44da-b01b-a385113ba180-140218449991488","study_id":0,"datetime_start":"2026-03-31T12:10:21.228378"}
{"op_code":5,"worker_id":"27997713-c486-44da-b01b-a385113ba180-140218449991488","trial_id":3,"param_name":"lr","param_value_internal":0.003481143593893839,"distribution":"{\"name\": \"FloatDistribution\", \"attributes\": {\"step\": null, \"low\": 0.0001, \"high\": 0.1, \"log\": true}}"}
{"op_code":5,"worker_id":"27997713-c486-44da-b01b-a385113ba180-140218449991488","trial_id":3,"param_name":"dropout","param_value_internal":0.06783908272622902,"distribution":"{\"name\": \"FloatDistribution\", \"attributes\": {\"step\": null, \"low\": 0.0, \"high\": 0.5, \"log\": false}}"}
{"op_code":5,"worker_id":"27997713-c486-44da-b01b-a385113ba180-140218449991488","trial_id":3,"param_name":"nodes","param_value_internal":0,"distribution":"{\"name\": \"CategoricalDistribution\", \"attributes\": {\"choices\": [\"64-64\", \"128-64\", \"256-128\"]}}"}
{"op_code":6,"worker_id":"27997713-c486-44da-b01b-a385113ba180-140218449991488","trial_id":3,"state":1,"values":[0.8459357474930681],"datetime_complete":"2026-03-31T12:10:23.282944"}
{"op_code":4,"worker_id":"27997713-c486-44da-b01b-a385113ba180-140218449991488","study_id":0,"datetime_start":"2026-03-31T12:10:23.300382"}
{"op_code":5,"worker_id":"27997713-c486-44da-b01b-a385113ba180-140218449991488","trial_id":4,"param_name":"lr","param_value_internal":0.01788375753847008,"distribution":"{\"name\": \"FloatDistribution\", \"attributes\": {\"step\": null, \"low\": 0.0001, \"high\": 0.1, \"log\": true}}"}
{"op_code":5,"worker_id":"27997713-c486-44da-b01b-a385113ba180-140218449991488","trial_id":4,"param_name":"dropout","param_value_internal":0.34730820823807385,"distribution":"{\"name\": \"FloatDistribution\", \"attributes\": {\"step\": null, \"low\": 0.0, \"high\": 0.5, \"log\": false}}"}
{"op_code":5,"worker_id":"27997713-c486-44da-b01b-a385113ba180-140218449991488","trial_id":4,"param_name":"nodes","param_value_internal":0,"distribution":"{\"name\": \"CategoricalDistribution\", \"attributes\": {\"choices\": [\"64-64\", \"128-64\", \"256-128\"]}}"}
{"op_code":6,"worker_id":"27997713-c486-44da-b01b-a385113ba180-140218449991488","trial_id":4,"state":1,"values":[0.8377426147142827],"datetime_complete":"2026-03-31T12:10:25.340759"}
{"op_code":4,"worker_id":"27997713-c486-44da-b01b-a385113ba180-140218449991488","study_id":0,"datetime_start":"2026-03-31T12:10:25.352683"}
{"op_code":5,"worker_id":"27997713-c486-44da-b01b-a385113ba180-140218449991488","trial_id":5,"param_name":"lr","param_value_internal":0.002145463044412093,"distribution":"{\"name\": \"FloatDistribution\", \"attributes\": {\"step\": null, \"low\": 0.0001, \"high\": 0.1, \"log\": true}}"}
{"op_code":5,"worker_id":"27997713-c486-44da-b01b-a385113ba180-140218449991488","trial_id":5,"param_name":"dropout","param_value_internal":0.4948359749799519,"distribution":"{\"name\": \"FloatDistribution\", \"attributes\": {\"step\": null, \"low\": 0.0, \"high\": 0.5, \"log\": false}}"}
{"op_code":5,"worker_id":"27997713-c486-44da-b01b-a385113ba180-140218449991488","trial_id":5,"param_name":"nodes","param_value_internal":0,"distribution":"{\"name\": \"CategoricalDistribution\", \"attributes\": {\"choices\": [\"64-64\", \"128-64\", \"256-128\"]}}"}
{"op_code":6,"worker_id":"27997713-c486-44da-b01b-a385113ba180-140218449991488","trial_id":5,"state":1,"values":[0.8456438801676153],"datetime_complete":"2026-03-31T12:10:27.401929"}
{"op_code":4,"worker_id":"27997713-c486-44da-b01b-a385113ba180-140218449991488","study_id":0,"datetime_start":"2026-03-31T12:10:27.418844"}
{"op_code":5,"worker_id":"27997713-c486-44da-b01b-a385113ba180-140218449991488","trial_id":6,"param_name":"lr","param_value_internal":0.028139931335135312,"distribution":"{\"name\": \"FloatDistribution\", \"attributes\": {\"step\": null, \"low\": 0.0001, \"high\": 0.1, \"log\": true}}"}
{"op_code":5,"worker_id":"27997713-c486-44da-b01b-a385113ba180-140218449991488","trial_id":6,"param_name":"dropout","param_value_internal":0.21455082187079244,"distribution":"{\"name\": \"FloatDistribution\", \"attributes\": {\"step\": null, \"low\": 0.0, \"high\": 0.5, \"log\": false}}"}
{"op_code":5,"worker_id":"27997713-c486-44da-b01b-a385113ba180-140218449991488","trial_id":6,"param_name":"nodes","param_value_internal":0,"distribution":"{\"name\": \"CategoricalDistribution\", \"attributes\": {\"choices\": [\"64-64\", \"128-64\", \"256-128\"]}}"}
{"op_code":6,"worker_id":"27997713-c486-44da-b01b-a385113ba180-140218449991488","trial_id":6,"state":1,"values":[0.8508974920257677],"datetime_complete":"2026-03-31T12:10:29.512771"}
{"op_code":4,"worker_id":"27997713-c486-44da-b01b-a385113ba180-140218449991488","study_id":0,"datetime_start":"2026-03-31T12:10:29.536940"}
{"op_code":5,"worker_id":"27997713-c486-44da-b01b-a385113ba180-140218449991488","trial_id":7,"param_name":"lr","param_value_internal":0.07636124250230111,"distribution":"{\"name\": \"FloatDistribution\", \"attributes\": {\"step\": null, \"low\": 0.0001, \"high\": 0.1, \"log\": true}}"}
{"op_code":5,"worker_id":"27997713-c486-44da-b01b-a385113ba180-140218449991488","trial_id":7,"param_name":"dropout","param_value_internal":0.28700074446107854,"distribution":"{\"name\": \"FloatDistribution\", \"attributes\": {\"step\": null, \"low\": 0.0, \"high\": 0.5, \"log\": false}}"}
{"op_code":5,"worker_id":"27997713-c486-44da-b01b-a385113ba180-140218449991488","trial_id":7,"param_name":"nodes","param_value_internal":2,"distribution":"{\"name\": \"CategoricalDistribution\", \"attributes\": {\"choices\": [\"64-64\", \"128-64\", \"256-128\"]}}"}
{"op_code":6,"worker_id":"27997713-c486-44da-b01b-a385113ba180-140218449991488","trial_id":7,"state":1,"values":[0.8426626639147747],"datetime_complete":"2026-03-31T12:10:31.592876"}
{"op_code":4,"worker_id":"27997713-c486-44da-b01b-a385113ba180-140218449991488","study_id":0,"datetime_start":"2026-03-31T12:10:31.604795"}
{"op_code":5,"worker_id":"27997713-c486-44da-b01b-a385113ba180-140218449991488","trial_id":8,"param_name":"lr","param_value_internal":0.00014648117505272542,"distribution":"{\"name\": \"FloatDistribution\", \"attributes\": {\"step\": null, \"low\": 0.0001, \"high\": 0.1, \"log\": true}}"}
{"op_code":5,"worker_id":"27997713-c486-44da-b01b-a385113ba180-140218449991488","trial_id":8,"param_name":"dropout","param_value_internal":0.08198192741380833,"distribution":"{\"name\": \"FloatDistribution\", \"attributes\": {\"step\": null, \"low\": 0.0, \"high\": 0.5, \"log\": false}}"}
{"op_code":5,"worker_id":"27997713-c486-44da-b01b-a385113ba180-140218449991488","trial_id":8,"param_name":"nodes","param_value_internal":1,"distribution":"{\"name\": \"CategoricalDistribution\", \"attributes\": {\"choices\": [\"64-64\", \"128-64\", \"256-128\"]}}"}
{"op_code":6,"worker_id":"27997713-c486-44da-b01b-a385113ba180-140218449991488","trial_id":8,"state":1,"values":[0.8392019513415473],"datetime_complete":"2026-03-31T12:10:33.664954"}
{"op_code":4,"worker_id":"27997713-c486-44da-b01b-a385113ba180-140218449991488","study_id":0,"datetime_start":"2026-03-31T12:10:33.677810"}
{"op_code":5,"worker_id":"27997713-c486-44da-b01b-a385113ba180-140218449991488","trial_id":9,"param_name":"lr","param_value_internal":0.0009834513671251339,"distribution":"{\"name\": \"FloatDistribution\", \"attributes\": {\"step\": null, \"low\": 0.0001, \"high\": 0.1, \"log\": true}}"}
{"op_code":5,"worker_id":"27997713-c486-44da-b01b-a385113ba180-140218449991488","trial_id":9,"param_name":"dropout","param_value_internal":0.028056901727411987,"distribution":"{\"name\": \"FloatDistribution\", \"attributes\": {\"step\": null, \"low\": 0.0, \"high\": 0.5, \"log\": false}}"}
{"op_code":5,"worker_id":"27997713-c486-44da-b01b-a385113ba180-140218449991488","trial_id":9,"param_name":"nodes","param_value_internal":0,"distribution":"{\"name\": \"CategoricalDistribution\", \"attributes\": {\"choices\": [\"64-64\", \"128-64\", \"256-128\"]}}"}
{"op_code":6,"worker_id":"27997713-c486-44da-b01b-a385113ba180-140218449991488","trial_id":9,"state":1,"values":[0.8235662017637125],"datetime_complete":"2026-03-31T12:10:35.728160"}
{"op_code":4,"worker_id":"27997713-c486-44da-b01b-a385113ba180-140218449991488","study_id":0,"datetime_start":"2026-03-31T12:10:35.750494"}
{"op_code":5,"worker_id":"27997713-c486-44da-b01b-a385113ba180-140218449991488","trial_id":10,"param_name":"lr","param_value_internal":0.013619542297720515,"distribution":"{\"name\": \"FloatDistribution\", \"attributes\": {\"step\": null, \"low\": 0.0001, \"high\": 0.1, \"log\": true}}"}
{"op_code":5,"worker_id":"27997713-c486-44da-b01b-a385113ba180-140218449991488","trial_id":10,"param_name":"dropout","param_value_internal":0.18710378352791365,"distribution":"{\"name\": \"FloatDistribution\", \"attributes\": {\"step\": null, \"low\": 0.0, \"high\": 0.5, \"log\": false}}"}
{"op_code":5,"worker_id":"27997713-c486-44da-b01b-a385113ba180-140218449991488","trial_id":10,"param_name":"nodes","param_value_internal":1,"distribution":"{\"name\": \"CategoricalDistribution\", \"attributes\": {\"choices\": [\"64-64\", \"128-64\", \"256-128\"]}}"}
{"op_code":6,"worker_id":"27997713-c486-44da-b01b-a385113ba180-140218449991488","trial_id":10,"state":1,"values":[0.8289032042862802],"datetime_complete":"2026-03-31T12:10:37.797298"}
{"op_code":4,"worker_id":"27997713-c486-44da-b01b-a385113ba180-140218449991488","study_id":0,"datetime_start":"2026-03-31T12:10:37.813757"}
{"op_code":5,"worker_id":"27997713-c486-44da-b01b-a385113ba180-140218449991488","trial_id":11,"param_name":"lr","param_value_internal":0.008967873575940616,"distribution":"{\"name\": \"FloatDistribution\", \"attributes\": {\"step\": null, \"low\": 0.0001, \"high\": 0.1, \"log\": true}}"}
{"op_code":5,"worker_id":"27997713-c486-44da-b01b-a385113ba180-140218449991488","trial_id":11,"param_name":"dropout","param_value_internal":0.1789290288533656,"distribution":"{\"name\": \"FloatDistribution\", \"attributes\": {\"step\": null, \"low\": 0.0, \"high\": 0.5, \"log\": false}}"}
{"op_code":5,"worker_id":"27997713-c486-44da-b01b-a385113ba180-140218449991488","trial_id":11,"param_name":"nodes","param_value_internal":2,"distribution":"{\"name\": \"CategoricalDistribution\", \"attributes\": {\"choices\": [\"64-64\", \"128-64\", \"256-128\"]}}"}
{"op_code":6,"worker_id":"27997713-c486-44da-b01b-a385113ba180-140218449991488","trial_id":11,"state":1,"values":[0.8242750224112411],"datetime_complete":"2026-03-31T12:10:39.851068"}
{"op_code":4,"worker_id":"27997713-c486-44da-b01b-a385113ba180-140218449991488","study_id":0,"datetime_start":"2026-03-31T12:10:39.874316"}
{"op_code":5,"worker_id":"27997713-c486-44da-b01b-a385113ba180-140218449991488","trial_id":12,"param_name":"lr","param_value_internal":0.003868800459911126,"distribution":"{\"name\": \"FloatDistribution\", \"attributes\": {\"step\": null, \"low\": 0.0001, \"high\": 0.1, \"log\": true}}"}
{"op_code":5,"worker_id":"27997713-c486-44da-b01b-a385113ba180-140218449991488","trial_id":12,"param_name":"dropout","param_value_internal":0.2039931957447952,"distribution":"{\"name\": \"FloatDistribution\", \"attributes\": {\"step\": null, \"low\": 0.0, \"high\": 0.5, \"log\": false}}"}
{"op_code":5,"worker_id":"27997713-c486-44da-b01b-a385113ba180-140218449991488","trial_id":12,"param_name":"nodes","param_value_internal":0,"distribution":"{\"name\": \"CategoricalDistribution\", \"attributes\": {\"choices\": [\"64-64\", \"128-64\", \"256-128\"]}}"}
{"op_code":6,"worker_id":"27997713-c486-44da-b01b-a385113ba180-140218449991488","trial_id":12,"state":1,"values":[0.8306961035712052],"datetime_complete":"2026-03-31T12:10:41.948540"}
{"op_code":4,"worker_id":"27997713-c486-44da-b01b-a385113ba180-140218449991488","study_id":0,"datetime_start":"2026-03-31T12:10:41.968295"}
{"op_code":5,"worker_id":"27997713-c486-44da-b01b-a385113ba180-140218449991488","trial_id":13,"param_name":"lr","param_value_internal":0.02949557638936752,"distribution":"{\"name\": \"FloatDistribution\", \"attributes\": {\"step\": null, \"low\": 0.0001, \"high\": 0.1, \"log\": true}}"}
{"op_code":5,"worker_id":"27997713-c486-44da-b01b-a385113ba180-140218449991488","trial_id":13,"param_name":"dropout","param_value_internal":0.012989406330678244,"distribution":"{\"name\": \"FloatDistribution\", \"attributes\": {\"step\": null, \"low\": 0.0, \"high\": 0.5, \"log\": false}}"}
{"op_code":5,"worker_id":"27997713-c486-44da-b01b-a385113ba180-140218449991488","trial_id":13,"param_name":"nodes","param_value_internal":0,"distribution":"{\"name\": \"CategoricalDistribution\", \"attributes\": {\"choices\": [\"64-64\", \"128-64\", \"256-128\"]}}"}
{"op_code":6,"worker_id":"27997713-c486-44da-b01b-a385113ba180-140218449991488","trial_id":13,"state":1,"values":[0.8103070861217087],"datetime_complete":"2026-03-31T12:10:44.031283"}
{"op_code":4,"worker_id":"27997713-c486-44da-b01b-a385113ba180-140218449991488","study_id":0,"datetime_start":"2026-03-31T12:10:44.056079"}
{"op_code":5,"worker_id":"27997713-c486-44da-b01b-a385113ba180-140218449991488","trial_id":14,"param_name":"lr","param_value_internal":0.004689936884039544,"distribution":"{\"name\": \"FloatDistribution\", \"attributes\": {\"step\": null, \"low\": 0.0001, \"high\": 0.1, \"log\": true}}"}
{"op_code":5,"worker_id":"27997713-c486-44da-b01b-a385113ba180-140218449991488","trial_id":14,"param_name":"dropout","param_value_internal":0.10764566320813648,"distribution":"{\"name\": \"FloatDistribution\", \"attributes\": {\"step\": null, \"low\": 0.0, \"high\": 0.5, \"log\": false}}"}
{"op_code":5,"worker_id":"27997713-c486-44da-b01b-a385113ba180-140218449991488","trial_id":14,"param_name":"nodes","param_value_internal":2,"distribution":"{\"name\": \"CategoricalDistribution\", \"attributes\": {\"choices\": [\"64-64\", \"128-64\", \"256-128\"]}}"}
{"op_code":6,"worker_id":"27997713-c486-44da-b01b-a385113ba180-140218449991488","trial_id":14,"state":1,"values":[0.8272145433318739],"datetime_complete":"2026-03-31T12:10:46.113183"}
{"op_code":4,"worker_id":"27997713-c486-44da-b01b-a385113ba180-140218449991488","study_id":0,"datetime_start":"2026-03-31T12:10:46.137193"}
{"op_code":5,"worker_id":"27997713-c486-44da-b01b-a385113ba180-140218449991488","trial_id":15,"param_name":"lr","param_value_internal":0.0013127957447866207,"distribution":"{\"name\": \"FloatDistribution\", \"attributes\": {\"step\": null, \"low\": 0.0001, \"high\": 0.1, \"log\": true}}"}
{"op_code":5,"worker_id":"27997713-c486-44da-b01b-a385113ba180-140218449991488","trial_id":15,"param_name":"dropout","param_value_internal":0.2306787994897618,"distribution":"{\"name\": \"FloatDistribution\", \"attributes\": {\"step\": null, \"low\": 0.0, \"high\": 0.5, \"log\": false}}"}
{"op_code":5,"worker_id":"27997713-c486-44da-b01b-a385113ba180-140218449991488","trial_id":15,"param_name":"nodes","param_value_internal":1,"distribution":"{\"name\": \"CategoricalDistribution\", \"attributes\": {\"choices\": [\"64-64\", \"128-64\", \"256-128\"]}}"}
{"op_code":6,"worker_id":"27997713-c486-44da-b01b-a385113ba180-140218449991488","trial_id":15,"state":1,"values":[0.8327808701815832],"datetime_complete":"2026-03-31T12:10:48.213662"}
{"op_code":4,"worker_id":"27997713-c486-44da-b01b-a385113ba180-140218449991488","study_id":0,"datetime_start":"2026-03-31T12:10:48.236154"}
{"op_code":5,"worker_id":"27997713-c486-44da-b01b-a385113ba180-140218449991488","trial_id":16,"param_name":"lr","param_value_internal":0.035041268843043996,"distribution":"{\"name\": \"FloatDistribution\", \"attributes\": {\"step\": null, \"low\": 0.0001, \"high\": 0.1, \"log\": true}}"}
{"op_code":5,"worker_id":"27997713-c486-44da-b01b-a385113ba180-140218449991488","trial_id":16,"param_name":"dropout","param_value_internal":0.14353046352617635,"distribution":"{\"name\": \"FloatDistribution\", \"attributes\": {\"step\": null, \"low\": 0.0, \"high\": 0.5, \"log\": false}}"}
{"op_code":5,"worker_id":"27997713-c486-44da-b01b-a385113ba180-140218449991488","trial_id":16,"param_name":"nodes","param_value_internal":0,"distribution":"{\"name\": \"CategoricalDistribution\", \"attributes\": {\"choices\": [\"64-64\", \"128-64\", \"256-128\"]}}"}
{"op_code":6,"worker_id":"27997713-c486-44da-b01b-a385113ba180-140218449991488","trial_id":16,"state":1,"values":[0.827694039652261],"datetime_complete":"2026-03-31T12:10:50.293244"}
{"op_code":4,"worker_id":"27997713-c486-44da-b01b-a385113ba180-140218449991488","study_id":0,"datetime_start":"2026-03-31T12:10:50.317012"}
{"op_code":5,"worker_id":"27997713-c486-44da-b01b-a385113ba180-140218449991488","trial_id":17,"param_name":"lr","param_value_internal":0.005667183292019311,"distribution":"{\"name\": \"FloatDistribution\", \"attributes\": {\"step\": null, \"low\": 0.0001, \"high\": 0.1, \"log\": true}}"}
{"op_code":5,"worker_id":"27997713-c486-44da-b01b-a385113ba180-140218449991488","trial_id":17,"param_name":"dropout","param_value_internal":0.3934003312117611,"distribution":"{\"name\": \"FloatDistribution\", \"attributes\": {\"step\": null, \"low\": 0.0, \"high\": 0.5, \"log\": false}}"}
{"op_code":5,"worker_id":"27997713-c486-44da-b01b-a385113ba180-140218449991488","trial_id":17,"param_name":"nodes","param_value_internal":0,"distribution":"{\"name\": \"CategoricalDistribution\", \"attributes\": {\"choices\": [\"64-64\", \"128-64\", \"256-128\"]}}"}
{"op_code":6,"worker_id":"27997713-c486-44da-b01b-a385113ba180-140218449991488","trial_id":17,"state":1,"values":[0.837534138053245],"datetime_complete":"2026-03-31T12:10:52.364758"}
{"op_code":4,"worker_id":"27997713-c486-44da-b01b-a385113ba180-140218449991488","study_id":0,"datetime_start":"2026-03-31T12:10:52.384851"}
{"op_code":5,"worker_id":"27997713-c486-44da-b01b-a385113ba180-140218449991488","trial_id":18,"param_name":"lr","param_value_internal":0.0003564692553607248,"distribution":"{\"name\": \"FloatDistribution\", \"attributes\": {\"step\": null, \"low\": 0.0001, \"high\": 0.1, \"log\": true}}"}
{"op_code":5,"worker_id":"27997713-c486-44da-b01b-a385113ba180-140218449991488","trial_id":18,"param_name":"dropout","param_value_internal":0.26223905798717545,"distribution":"{\"name\": \"FloatDistribution\", \"attributes\": {\"step\": null, \"low\": 0.0, \"high\": 0.5, \"log\": false}}"}
{"op_code":5,"worker_id":"27997713-c486-44da-b01b-a385113ba180-140218449991488","trial_id":18,"param_name":"nodes","param_value_internal":1,"distribution":"{\"name\": \"CategoricalDistribution\", \"attributes\": {\"choices\": [\"64-64\", \"128-64\", \"256-128\"]}}"}
{"op_code":6,"worker_id":"27997713-c486-44da-b01b-a385113ba180-140218449991488","trial_id":18,"state":1,"values":[0.8466654158067004],"datetime_complete":"2026-03-31T12:10:54.420510"}
{"op_code":4,"worker_id":"27997713-c486-44da-b01b-a385113ba180-140218449991488","study_id":0,"datetime_start":"2026-03-31T12:10:54.439882"}
{"op_code":5,"worker_id":"27997713-c486-44da-b01b-a385113ba180-140218449991488","trial_id":19,"param_name":"lr","param_value_internal":0.00037385032417822366,"distribution":"{\"name\": \"FloatDistribution\", \"attributes\": {\"step\": null, \"low\": 0.0001, \"high\": 0.1, \"log\": true}}"}
{"op_code":5,"worker_id":"27997713-c486-44da-b01b-a385113ba180-140218449991488","trial_id":19,"param_name":"dropout","param_value_internal":0.2678407039630324,"distribution":"{\"name\": \"FloatDistribution\", \"attributes\": {\"step\": null, \"low\": 0.0, \"high\": 0.5, \"log\": false}}"}
{"op_code":5,"worker_id":"27997713-c486-44da-b01b-a385113ba180-140218449991488","trial_id":19,"param_name":"nodes","param_value_internal":1,"distribution":"{\"name\": \"CategoricalDistribution\", \"attributes\": {\"choices\": [\"64-64\", \"128-64\", \"256-128\"]}}"}
{"op_code":6,"worker_id":"27997713-c486-44da-b01b-a385113ba180-140218449991488","trial_id":19,"state":1,"values":[0.8341568161444326],"datetime_complete":"2026-03-31T12:10:56.469834"}
{"op_code":0,"worker_id":"ad4a2794-9a79-47e6-bccd-e23d5ea4cb27-140544486217536","study_name":"tabicl_deephit","directions":[2]}
{"op_code":4,"worker_id":"ad4a2794-9a79-47e6-bccd-e23d5ea4cb27-140544486217536","study_id":0,"datetime_start":"2026-04-01T02:29:38.651488"}
{"op_code":5,"worker_id":"ad4a2794-9a79-47e6-bccd-e23d5ea4cb27-140544486217536","trial_id":20,"param_name":"lr","param_value_internal":0.00048668411376234176,"distribution":"{\"name\": \"FloatDistribution\", \"attributes\": {\"step\": null, \"low\": 0.0001, \"high\": 0.1, \"log\": true}}"}
{"op_code":5,"worker_id":"ad4a2794-9a79-47e6-bccd-e23d5ea4cb27-140544486217536","trial_id":20,"param_name":"dropout","param_value_internal":0.3457641242638466,"distribution":"{\"name\": \"FloatDistribution\", \"attributes\": {\"step\": null, \"low\": 0.0, \"high\": 0.5, \"log\": false}}"}
{"op_code":5,"worker_id":"ad4a2794-9a79-47e6-bccd-e23d5ea4cb27-140544486217536","trial_id":20,"param_name":"nodes","param_value_internal":1,"distribution":"{\"name\": \"CategoricalDistribution\", \"attributes\": {\"choices\": [\"64-64\", \"128-64\", \"256-128\"]}}"}
{"op_code":6,"worker_id":"ad4a2794-9a79-47e6-bccd-e23d5ea4cb27-140544486217536","trial_id":20,"state":1,"values":[0.83761752871766],"datetime_complete":"2026-04-01T02:29:40.640261"}
{"op_code":4,"worker_id":"ad4a2794-9a79-47e6-bccd-e23d5ea4cb27-140544486217536","study_id":0,"datetime_start":"2026-04-01T02:29:40.654473"}
{"op_code":5,"worker_id":"ad4a2794-9a79-47e6-bccd-e23d5ea4cb27-140544486217536","trial_id":21,"param_name":"lr","param_value_internal":0.0016860657345937535,"distribution":"{\"name\": \"FloatDistribution\", \"attributes\": {\"step\": null, \"low\": 0.0001, \"high\": 0.1, \"log\": true}}"}
{"op_code":5,"worker_id":"ad4a2794-9a79-47e6-bccd-e23d5ea4cb27-140544486217536","trial_id":21,"param_name":"dropout","param_value_internal":0.05157762984784895,"distribution":"{\"name\": \"FloatDistribution\", \"attributes\": {\"step\": null, \"low\": 0.0, \"high\": 0.5, \"log\": false}}"}
{"op_code":5,"worker_id":"ad4a2794-9a79-47e6-bccd-e23d5ea4cb27-140544486217536","trial_id":21,"param_name":"nodes","param_value_internal":1,"distribution":"{\"name\": \"CategoricalDistribution\", \"attributes\": {\"choices\": [\"64-64\", \"128-64\", \"256-128\"]}}"}
{"op_code":6,"worker_id":"ad4a2794-9a79-47e6-bccd-e23d5ea4cb27-140544486217536","trial_id":21,"state":1,"values":[0.8240665457502032],"datetime_complete":"2026-04-01T02:29:42.636751"}
{"op_code":4,"worker_id":"ad4a2794-9a79-47e6-bccd-e23d5ea4cb27-140544486217536","study_id":0,"datetime_start":"2026-04-01T02:29:42.651813"}
{"op_code":5,"worker_id":"ad4a2794-9a79-47e6-bccd-e23d5ea4cb27-140544486217536","trial_id":22,"param_name":"lr","param_value_internal":0.0008084122142014905,"distribution":"{\"name\": \"FloatDistribution\", \"attributes\": {\"step\": null, \"low\": 0.0001, \"high\": 0.1, \"log\": true}}"}
{"op_code":5,"worker_id":"ad4a2794-9a79-47e6-bccd-e23d5ea4cb27-140544486217536","trial_id":22,"param_name":"dropout","param_value_internal":0.1449610014309501,"distribution":"{\"name\": \"FloatDistribution\", \"attributes\": {\"step\": null, \"low\": 0.0, \"high\": 0.5, \"log\": false}}"}
{"op_code":5,"worker_id":"ad4a2794-9a79-47e6-bccd-e23d5ea4cb27-140544486217536","trial_id":22,"param_name":"nodes","param_value_internal":1,"distribution":"{\"name\": \"CategoricalDistribution\", \"attributes\": {\"choices\": [\"64-64\", \"128-64\", \"256-128\"]}}"}
{"op_code":6,"worker_id":"ad4a2794-9a79-47e6-bccd-e23d5ea4cb27-140544486217536","trial_id":22,"state":1,"values":[0.822586361456835],"datetime_complete":"2026-04-01T02:29:44.635802"}
{"op_code":4,"worker_id":"ad4a2794-9a79-47e6-bccd-e23d5ea4cb27-140544486217536","study_id":0,"datetime_start":"2026-04-01T02:29:44.652902"}
{"op_code":5,"worker_id":"ad4a2794-9a79-47e6-bccd-e23d5ea4cb27-140544486217536","trial_id":23,"param_name":"lr","param_value_internal":0.008947602215840863,"distribution":"{\"name\": \"FloatDistribution\", \"attributes\": {\"step\": null, \"low\": 0.0001, \"high\": 0.1, \"log\": true}}"}
{"op_code":5,"worker_id":"ad4a2794-9a79-47e6-bccd-e23d5ea4cb27-140544486217536","trial_id":23,"param_name":"dropout","param_value_internal":0.251004831480435,"distribution":"{\"name\": \"FloatDistribution\", \"attributes\": {\"step\": null, \"low\": 0.0, \"high\": 0.5, \"log\": false}}"}
{"op_code":5,"worker_id":"ad4a2794-9a79-47e6-bccd-e23d5ea4cb27-140544486217536","trial_id":23,"param_name":"nodes","param_value_internal":2,"distribution":"{\"name\": \"CategoricalDistribution\", \"attributes\": {\"choices\": [\"64-64\", \"128-64\", \"256-128\"]}}"}
{"op_code":6,"worker_id":"ad4a2794-9a79-47e6-bccd-e23d5ea4cb27-140544486217536","trial_id":23,"state":1,"values":[0.8310505138949694],"datetime_complete":"2026-04-01T02:29:46.643432"}
{"op_code":4,"worker_id":"ad4a2794-9a79-47e6-bccd-e23d5ea4cb27-140544486217536","study_id":0,"datetime_start":"2026-04-01T02:29:46.689650"}
{"op_code":5,"worker_id":"ad4a2794-9a79-47e6-bccd-e23d5ea4cb27-140544486217536","trial_id":24,"param_name":"lr","param_value_internal":0.00020188285474233959,"distribution":"{\"name\": \"FloatDistribution\", \"attributes\": {\"step\": null, \"low\": 0.0001, \"high\": 0.1, \"log\": true}}"}
{"op_code":5,"worker_id":"ad4a2794-9a79-47e6-bccd-e23d5ea4cb27-140544486217536","trial_id":24,"param_name":"dropout","param_value_internal":0.1530838526272763,"distribution":"{\"name\": \"FloatDistribution\", \"attributes\": {\"step\": null, \"low\": 0.0, \"high\": 0.5, \"log\": false}}"}
{"op_code":5,"worker_id":"ad4a2794-9a79-47e6-bccd-e23d5ea4cb27-140544486217536","trial_id":24,"param_name":"nodes","param_value_internal":0,"distribution":"{\"name\": \"CategoricalDistribution\", \"attributes\": {\"choices\": [\"64-64\", \"128-64\", \"256-128\"]}}"}
{"op_code":6,"worker_id":"ad4a2794-9a79-47e6-bccd-e23d5ea4cb27-140544486217536","trial_id":24,"state":1,"values":[0.8388266933516793],"datetime_complete":"2026-04-01T02:29:48.663727"}
{"op_code":4,"worker_id":"ad4a2794-9a79-47e6-bccd-e23d5ea4cb27-140544486217536","study_id":0,"datetime_start":"2026-04-01T02:29:48.680138"}
{"op_code":5,"worker_id":"ad4a2794-9a79-47e6-bccd-e23d5ea4cb27-140544486217536","trial_id":25,"param_name":"lr","param_value_internal":0.0023250450866299194,"distribution":"{\"name\": \"FloatDistribution\", \"attributes\": {\"step\": null, \"low\": 0.0001, \"high\": 0.1, \"log\": true}}"}
{"op_code":5,"worker_id":"ad4a2794-9a79-47e6-bccd-e23d5ea4cb27-140544486217536","trial_id":25,"param_name":"dropout","param_value_internal":0.22371775318721962,"distribution":"{\"name\": \"FloatDistribution\", \"attributes\": {\"step\": null, \"low\": 0.0, \"high\": 0.5, \"log\": false}}"}
{"op_code":5,"worker_id":"ad4a2794-9a79-47e6-bccd-e23d5ea4cb27-140544486217536","trial_id":25,"param_name":"nodes","param_value_internal":1,"distribution":"{\"name\": \"CategoricalDistribution\", \"attributes\": {\"choices\": [\"64-64\", \"128-64\", \"256-128\"]}}"}
{"op_code":6,"worker_id":"ad4a2794-9a79-47e6-bccd-e23d5ea4cb27-140544486217536","trial_id":25,"state":1,"values":[0.836304125753122],"datetime_complete":"2026-04-01T02:29:50.714452"}
{"op_code":4,"worker_id":"ad4a2794-9a79-47e6-bccd-e23d5ea4cb27-140544486217536","study_id":0,"datetime_start":"2026-04-01T02:29:50.731599"}
{"op_code":5,"worker_id":"ad4a2794-9a79-47e6-bccd-e23d5ea4cb27-140544486217536","trial_id":26,"param_name":"lr","param_value_internal":0.0002766907842918788,"distribution":"{\"name\": \"FloatDistribution\", \"attributes\": {\"step\": null, \"low\": 0.0001, \"high\": 0.1, \"log\": true}}"}
{"op_code":5,"worker_id":"ad4a2794-9a79-47e6-bccd-e23d5ea4cb27-140544486217536","trial_id":26,"param_name":"dropout","param_value_internal":0.30740455395515665,"distribution":"{\"name\": \"FloatDistribution\", \"attributes\": {\"step\": null, \"low\": 0.0, \"high\": 0.5, \"log\": false}}"}
{"op_code":5,"worker_id":"ad4a2794-9a79-47e6-bccd-e23d5ea4cb27-140544486217536","trial_id":26,"param_name":"nodes","param_value_internal":0,"distribution":"{\"name\": \"CategoricalDistribution\", \"attributes\": {\"choices\": [\"64-64\", \"128-64\", \"256-128\"]}}"}
{"op_code":6,"worker_id":"ad4a2794-9a79-47e6-bccd-e23d5ea4cb27-140544486217536","trial_id":26,"state":1,"values":[0.8525861529801738],"datetime_complete":"2026-04-01T02:29:52.702888"}
{"op_code":4,"worker_id":"ad4a2794-9a79-47e6-bccd-e23d5ea4cb27-140544486217536","study_id":0,"datetime_start":"2026-04-01T02:29:52.722067"}
{"op_code":5,"worker_id":"ad4a2794-9a79-47e6-bccd-e23d5ea4cb27-140544486217536","trial_id":27,"param_name":"lr","param_value_internal":0.000310157968649739,"distribution":"{\"name\": \"FloatDistribution\", \"attributes\": {\"step\": null, \"low\": 0.0001, \"high\": 0.1, \"log\": true}}"}
{"op_code":5,"worker_id":"ad4a2794-9a79-47e6-bccd-e23d5ea4cb27-140544486217536","trial_id":27,"param_name":"dropout","param_value_internal":0.3454929342342735,"distribution":"{\"name\": \"FloatDistribution\", \"attributes\": {\"step\": null, \"low\": 0.0, \"high\": 0.5, \"log\": false}}"}
{"op_code":5,"worker_id":"ad4a2794-9a79-47e6-bccd-e23d5ea4cb27-140544486217536","trial_id":27,"param_name":"nodes","param_value_internal":0,"distribution":"{\"name\": \"CategoricalDistribution\", \"attributes\": {\"choices\": [\"64-64\", \"128-64\", \"256-128\"]}}"}
{"op_code":6,"worker_id":"ad4a2794-9a79-47e6-bccd-e23d5ea4cb27-140544486217536","trial_id":27,"state":1,"values":[0.8247962140638355],"datetime_complete":"2026-04-01T02:29:54.702452"}
{"op_code":4,"worker_id":"ad4a2794-9a79-47e6-bccd-e23d5ea4cb27-140544486217536","study_id":0,"datetime_start":"2026-04-01T02:29:54.722903"}
{"op_code":5,"worker_id":"ad4a2794-9a79-47e6-bccd-e23d5ea4cb27-140544486217536","trial_id":28,"param_name":"lr","param_value_internal":0.0006727164239335878,"distribution":"{\"name\": \"FloatDistribution\", \"attributes\": {\"step\": null, \"low\": 0.0001, \"high\": 0.1, \"log\": true}}"}
{"op_code":5,"worker_id":"ad4a2794-9a79-47e6-bccd-e23d5ea4cb27-140544486217536","trial_id":28,"param_name":"dropout","param_value_internal":0.2944840545781176,"distribution":"{\"name\": \"FloatDistribution\", \"attributes\": {\"step\": null, \"low\": 0.0, \"high\": 0.5, \"log\": false}}"}
{"op_code":5,"worker_id":"ad4a2794-9a79-47e6-bccd-e23d5ea4cb27-140544486217536","trial_id":28,"param_name":"nodes","param_value_internal":2,"distribution":"{\"name\": \"CategoricalDistribution\", \"attributes\": {\"choices\": [\"64-64\", \"128-64\", \"256-128\"]}}"}
{"op_code":6,"worker_id":"ad4a2794-9a79-47e6-bccd-e23d5ea4cb27-140544486217536","trial_id":28,"state":1,"values":[0.8463318531490399],"datetime_complete":"2026-04-01T02:29:56.706739"}
{"op_code":4,"worker_id":"ad4a2794-9a79-47e6-bccd-e23d5ea4cb27-140544486217536","study_id":0,"datetime_start":"2026-04-01T02:29:56.727666"}
{"op_code":5,"worker_id":"ad4a2794-9a79-47e6-bccd-e23d5ea4cb27-140544486217536","trial_id":29,"param_name":"lr","param_value_internal":0.0002349710832745056,"distribution":"{\"name\": \"FloatDistribution\", \"attributes\": {\"step\": null, \"low\": 0.0001, \"high\": 0.1, \"log\": true}}"}
{"op_code":5,"worker_id":"ad4a2794-9a79-47e6-bccd-e23d5ea4cb27-140544486217536","trial_id":29,"param_name":"dropout","param_value_internal":0.41577663341284915,"distribution":"{\"name\": \"FloatDistribution\", \"attributes\": {\"step\": null, \"low\": 0.0, \"high\": 0.5, \"log\": false}}"}
{"op_code":5,"worker_id":"ad4a2794-9a79-47e6-bccd-e23d5ea4cb27-140544486217536","trial_id":29,"param_name":"nodes","param_value_internal":1,"distribution":"{\"name\": \"CategoricalDistribution\", \"attributes\": {\"choices\": [\"64-64\", \"128-64\", \"256-128\"]}}"}
{"op_code":6,"worker_id":"ad4a2794-9a79-47e6-bccd-e23d5ea4cb27-140544486217536","trial_id":29,"state":1,"values":[0.8217733024787875],"datetime_complete":"2026-04-01T02:29:58.714484"}
{"op_code":4,"worker_id":"ad4a2794-9a79-47e6-bccd-e23d5ea4cb27-140544486217536","study_id":0,"datetime_start":"2026-04-01T02:29:58.729372"}
{"op_code":5,"worker_id":"ad4a2794-9a79-47e6-bccd-e23d5ea4cb27-140544486217536","trial_id":30,"param_name":"lr","param_value_internal":0.04304702125543321,"distribution":"{\"name\": \"FloatDistribution\", \"attributes\": {\"step\": null, \"low\": 0.0001, \"high\": 0.1, \"log\": true}}"}
{"op_code":5,"worker_id":"ad4a2794-9a79-47e6-bccd-e23d5ea4cb27-140544486217536","trial_id":30,"param_name":"dropout","param_value_internal":0.31743033824305344,"distribution":"{\"name\": \"FloatDistribution\", \"attributes\": {\"step\": null, \"low\": 0.0, \"high\": 0.5, \"log\": false}}"}
{"op_code":5,"worker_id":"ad4a2794-9a79-47e6-bccd-e23d5ea4cb27-140544486217536","trial_id":30,"param_name":"nodes","param_value_internal":0,"distribution":"{\"name\": \"CategoricalDistribution\", \"attributes\": {\"choices\": [\"64-64\", \"128-64\", \"256-128\"]}}"}
{"op_code":6,"worker_id":"ad4a2794-9a79-47e6-bccd-e23d5ea4cb27-140544486217536","trial_id":30,"state":1,"values":[0.8501678237121354],"datetime_complete":"2026-04-01T02:30:00.707543"}
{"op_code":4,"worker_id":"ad4a2794-9a79-47e6-bccd-e23d5ea4cb27-140544486217536","study_id":0,"datetime_start":"2026-04-01T02:30:00.725005"}
{"op_code":5,"worker_id":"ad4a2794-9a79-47e6-bccd-e23d5ea4cb27-140544486217536","trial_id":31,"param_name":"lr","param_value_internal":0.04361076178498903,"distribution":"{\"name\": \"FloatDistribution\", \"attributes\": {\"step\": null, \"low\": 0.0001, \"high\": 0.1, \"log\": true}}"}
{"op_code":5,"worker_id":"ad4a2794-9a79-47e6-bccd-e23d5ea4cb27-140544486217536","trial_id":31,"param_name":"dropout","param_value_internal":0.3222861172277016,"distribution":"{\"name\": \"FloatDistribution\", \"attributes\": {\"step\": null, \"low\": 0.0, \"high\": 0.5, \"log\": false}}"}
{"op_code":5,"worker_id":"ad4a2794-9a79-47e6-bccd-e23d5ea4cb27-140544486217536","trial_id":31,"param_name":"nodes","param_value_internal":0,"distribution":"{\"name\": \"CategoricalDistribution\", \"attributes\": {\"choices\": [\"64-64\", \"128-64\", \"256-128\"]}}"}
{"op_code":6,"worker_id":"ad4a2794-9a79-47e6-bccd-e23d5ea4cb27-140544486217536","trial_id":31,"state":1,"values":[0.845477098838785],"datetime_complete":"2026-04-01T02:30:02.696577"}
{"op_code":4,"worker_id":"ad4a2794-9a79-47e6-bccd-e23d5ea4cb27-140544486217536","study_id":0,"datetime_start":"2026-04-01T02:30:02.711461"}
{"op_code":5,"worker_id":"ad4a2794-9a79-47e6-bccd-e23d5ea4cb27-140544486217536","trial_id":32,"param_name":"lr","param_value_internal":0.00010750072226499123,"distribution":"{\"name\": \"FloatDistribution\", \"attributes\": {\"step\": null, \"low\": 0.0001, \"high\": 0.1, \"log\": true}}"}
{"op_code":5,"worker_id":"ad4a2794-9a79-47e6-bccd-e23d5ea4cb27-140544486217536","trial_id":32,"param_name":"dropout","param_value_internal":0.2710470281295623,"distribution":"{\"name\": \"FloatDistribution\", \"attributes\": {\"step\": null, \"low\": 0.0, \"high\": 0.5, \"log\": false}}"}
{"op_code":5,"worker_id":"ad4a2794-9a79-47e6-bccd-e23d5ea4cb27-140544486217536","trial_id":32,"param_name":"nodes","param_value_internal":0,"distribution":"{\"name\": \"CategoricalDistribution\", \"attributes\": {\"choices\": [\"64-64\", \"128-64\", \"256-128\"]}}"}
{"op_code":6,"worker_id":"ad4a2794-9a79-47e6-bccd-e23d5ea4cb27-140544486217536","trial_id":32,"state":1,"values":[0.8254633393791565],"datetime_complete":"2026-04-01T02:30:04.687462"}
{"op_code":4,"worker_id":"ad4a2794-9a79-47e6-bccd-e23d5ea4cb27-140544486217536","study_id":0,"datetime_start":"2026-04-01T02:30:04.707601"}
{"op_code":5,"worker_id":"ad4a2794-9a79-47e6-bccd-e23d5ea4cb27-140544486217536","trial_id":33,"param_name":"lr","param_value_internal":0.049517131972933795,"distribution":"{\"name\": \"FloatDistribution\", \"attributes\": {\"step\": null, \"low\": 0.0001, \"high\": 0.1, \"log\": true}}"}
{"op_code":5,"worker_id":"ad4a2794-9a79-47e6-bccd-e23d5ea4cb27-140544486217536","trial_id":33,"param_name":"dropout","param_value_internal":0.3992071043740426,"distribution":"{\"name\": \"FloatDistribution\", \"attributes\": {\"step\": null, \"low\": 0.0, \"high\": 0.5, \"log\": false}}"}
{"op_code":5,"worker_id":"ad4a2794-9a79-47e6-bccd-e23d5ea4cb27-140544486217536","trial_id":33,"param_name":"nodes","param_value_internal":0,"distribution":"{\"name\": \"CategoricalDistribution\", \"attributes\": {\"choices\": [\"64-64\", \"128-64\", \"256-128\"]}}"}
{"op_code":6,"worker_id":"ad4a2794-9a79-47e6-bccd-e23d5ea4cb27-140544486217536","trial_id":33,"state":1,"values":[0.8474784747847478],"datetime_complete":"2026-04-01T02:30:06.685408"}
{"op_code":4,"worker_id":"ad4a2794-9a79-47e6-bccd-e23d5ea4cb27-140544486217536","study_id":0,"datetime_start":"2026-04-01T02:30:06.698299"}
{"op_code":5,"worker_id":"ad4a2794-9a79-47e6-bccd-e23d5ea4cb27-140544486217536","trial_id":34,"param_name":"lr","param_value_internal":0.050284156304230145,"distribution":"{\"name\": \"FloatDistribution\", \"attributes\": {\"step\": null, \"low\": 0.0001, \"high\": 0.1, \"log\": true}}"}
{"op_code":5,"worker_id":"ad4a2794-9a79-47e6-bccd-e23d5ea4cb27-140544486217536","trial_id":34,"param_name":"dropout","param_value_internal":0.38598429508012,"distribution":"{\"name\": \"FloatDistribution\", \"attributes\": {\"step\": null, \"low\": 0.0, \"high\": 0.5, \"log\": false}}"}
{"op_code":5,"worker_id":"ad4a2794-9a79-47e6-bccd-e23d5ea4cb27-140544486217536","trial_id":34,"param_name":"nodes","param_value_internal":0,"distribution":"{\"name\": \"CategoricalDistribution\", \"attributes\": {\"choices\": [\"64-64\", \"128-64\", \"256-128\"]}}"}
{"op_code":6,"worker_id":"ad4a2794-9a79-47e6-bccd-e23d5ea4cb27-140544486217536","trial_id":34,"state":1,"values":[0.8472283027915025],"datetime_complete":"2026-04-01T02:30:08.670790"}
{"op_code":4,"worker_id":"ad4a2794-9a79-47e6-bccd-e23d5ea4cb27-140544486217536","study_id":0,"datetime_start":"2026-04-01T02:30:08.690475"}
{"op_code":5,"worker_id":"ad4a2794-9a79-47e6-bccd-e23d5ea4cb27-140544486217536","trial_id":35,"param_name":"lr","param_value_internal":0.020503751051120917,"distribution":"{\"name\": \"FloatDistribution\", \"attributes\": {\"step\": null, \"low\": 0.0001, \"high\": 0.1, \"log\": true}}"}
{"op_code":5,"worker_id":"ad4a2794-9a79-47e6-bccd-e23d5ea4cb27-140544486217536","trial_id":35,"param_name":"dropout","param_value_internal":0.45977813352587604,"distribution":"{\"name\": \"FloatDistribution\", \"attributes\": {\"step\": null, \"low\": 0.0, \"high\": 0.5, \"log\": false}}"}
{"op_code":5,"worker_id":"ad4a2794-9a79-47e6-bccd-e23d5ea4cb27-140544486217536","trial_id":35,"param_name":"nodes","param_value_internal":0,"distribution":"{\"name\": \"CategoricalDistribution\", \"attributes\": {\"choices\": [\"64-64\", \"128-64\", \"256-128\"]}}"}
{"op_code":6,"worker_id":"ad4a2794-9a79-47e6-bccd-e23d5ea4cb27-140544486217536","trial_id":35,"state":1,"values":[0.8447682781912564],"datetime_complete":"2026-04-01T02:30:10.666629"}
{"op_code":4,"worker_id":"ad4a2794-9a79-47e6-bccd-e23d5ea4cb27-140544486217536","study_id":0,"datetime_start":"2026-04-01T02:30:10.681620"}
{"op_code":5,"worker_id":"ad4a2794-9a79-47e6-bccd-e23d5ea4cb27-140544486217536","trial_id":36,"param_name":"lr","param_value_internal":0.09458713940509529,"distribution":"{\"name\": \"FloatDistribution\", \"attributes\": {\"step\": null, \"low\": 0.0001, \"high\": 0.1, \"log\": true}}"}
{"op_code":5,"worker_id":"ad4a2794-9a79-47e6-bccd-e23d5ea4cb27-140544486217536","trial_id":36,"param_name":"dropout","param_value_internal":0.3755179201922938,"distribution":"{\"name\": \"FloatDistribution\", \"attributes\": {\"step\": null, \"low\": 0.0, \"high\": 0.5, \"log\": false}}"}
{"op_code":5,"worker_id":"ad4a2794-9a79-47e6-bccd-e23d5ea4cb27-140544486217536","trial_id":36,"param_name":"nodes","param_value_internal":0,"distribution":"{\"name\": \"CategoricalDistribution\", \"attributes\": {\"choices\": [\"64-64\", \"128-64\", \"256-128\"]}}"}
{"op_code":6,"worker_id":"ad4a2794-9a79-47e6-bccd-e23d5ea4cb27-140544486217536","trial_id":36,"state":1,"values":[0.8368253174057164],"datetime_complete":"2026-04-01T02:30:12.668020"}
{"op_code":4,"worker_id":"ad4a2794-9a79-47e6-bccd-e23d5ea4cb27-140544486217536","study_id":0,"datetime_start":"2026-04-01T02:30:12.715585"}
{"op_code":5,"worker_id":"ad4a2794-9a79-47e6-bccd-e23d5ea4cb27-140544486217536","trial_id":37,"param_name":"lr","param_value_internal":0.05855048520477978,"distribution":"{\"name\": \"FloatDistribution\", \"attributes\": {\"step\": null, \"low\": 0.0001, \"high\": 0.1, \"log\": true}}"}
{"op_code":5,"worker_id":"ad4a2794-9a79-47e6-bccd-e23d5ea4cb27-140544486217536","trial_id":37,"param_name":"dropout","param_value_internal":0.4457332835766876,"distribution":"{\"name\": \"FloatDistribution\", \"attributes\": {\"step\": null, \"low\": 0.0, \"high\": 0.5, \"log\": false}}"}
{"op_code":5,"worker_id":"ad4a2794-9a79-47e6-bccd-e23d5ea4cb27-140544486217536","trial_id":37,"param_name":"nodes","param_value_internal":0,"distribution":"{\"name\": \"CategoricalDistribution\", \"attributes\": {\"choices\": [\"64-64\", \"128-64\", \"256-128\"]}}"}
{"op_code":6,"worker_id":"ad4a2794-9a79-47e6-bccd-e23d5ea4cb27-140544486217536","trial_id":37,"state":1,"values":[0.8442262388725582],"datetime_complete":"2026-04-01T02:30:14.720208"}
{"op_code":4,"worker_id":"ad4a2794-9a79-47e6-bccd-e23d5ea4cb27-140544486217536","study_id":0,"datetime_start":"2026-04-01T02:30:14.737475"}
{"op_code":5,"worker_id":"ad4a2794-9a79-47e6-bccd-e23d5ea4cb27-140544486217536","trial_id":38,"param_name":"lr","param_value_internal":0.026808508301593422,"distribution":"{\"name\": \"FloatDistribution\", \"attributes\": {\"step\": null, \"low\": 0.0001, \"high\": 0.1, \"log\": true}}"}
{"op_code":5,"worker_id":"ad4a2794-9a79-47e6-bccd-e23d5ea4cb27-140544486217536","trial_id":38,"param_name":"dropout","param_value_internal":0.3163407933754882,"distribution":"{\"name\": \"FloatDistribution\", \"attributes\": {\"step\": null, \"low\": 0.0, \"high\": 0.5, \"log\": false}}"}
{"op_code":5,"worker_id":"ad4a2794-9a79-47e6-bccd-e23d5ea4cb27-140544486217536","trial_id":38,"param_name":"nodes","param_value_internal":0,"distribution":"{\"name\": \"CategoricalDistribution\", \"attributes\": {\"choices\": [\"64-64\", \"128-64\", \"256-128\"]}}"}
{"op_code":6,"worker_id":"ad4a2794-9a79-47e6-bccd-e23d5ea4cb27-140544486217536","trial_id":38,"state":1,"values":[0.8486250964204557],"datetime_complete":"2026-04-01T02:30:16.753833"}
{"op_code":4,"worker_id":"ad4a2794-9a79-47e6-bccd-e23d5ea4cb27-140544486217536","study_id":0,"datetime_start":"2026-04-01T02:30:16.769275"}
{"op_code":5,"worker_id":"ad4a2794-9a79-47e6-bccd-e23d5ea4cb27-140544486217536","trial_id":39,"param_name":"lr","param_value_internal":0.02111705833150889,"distribution":"{\"name\": \"FloatDistribution\", \"attributes\": {\"step\": null, \"low\": 0.0001, \"high\": 0.1, \"log\": true}}"}
{"op_code":5,"worker_id":"ad4a2794-9a79-47e6-bccd-e23d5ea4cb27-140544486217536","trial_id":39,"param_name":"dropout","param_value_internal":0.2995445379912094,"distribution":"{\"name\": \"FloatDistribution\", \"attributes\": {\"step\": null, \"low\": 0.0, \"high\": 0.5, \"log\": false}}"}
{"op_code":5,"worker_id":"ad4a2794-9a79-47e6-bccd-e23d5ea4cb27-140544486217536","trial_id":39,"param_name":"nodes","param_value_internal":0,"distribution":"{\"name\": \"CategoricalDistribution\", \"attributes\": {\"choices\": [\"64-64\", \"128-64\", \"256-128\"]}}"}
{"op_code":6,"worker_id":"ad4a2794-9a79-47e6-bccd-e23d5ea4cb27-140544486217536","trial_id":39,"state":1,"values":[0.8380761773719432],"datetime_complete":"2026-04-01T02:30:18.746777"}
