{"op_code":0,"worker_id":"8d5abb26-db01-4f32-8f71-6a7fc3eba248-140544486217536","study_name":"tabpfn_mtlr","directions":[2]}
{"op_code":4,"worker_id":"8d5abb26-db01-4f32-8f71-6a7fc3eba248-140544486217536","study_id":0,"datetime_start":"2026-04-01T02:24:26.437434"}
{"op_code":5,"worker_id":"8d5abb26-db01-4f32-8f71-6a7fc3eba248-140544486217536","trial_id":0,"param_name":"lr","param_value_internal":0.041076086089458334,"distribution":"{\"name\": \"FloatDistribution\", \"attributes\": {\"step\": null, \"low\": 0.0001, \"high\": 0.1, \"log\": true}}"}
{"op_code":5,"worker_id":"8d5abb26-db01-4f32-8f71-6a7fc3eba248-140544486217536","trial_id":0,"param_name":"dropout","param_value_internal":0.3202350414356353,"distribution":"{\"name\": \"FloatDistribution\", \"attributes\": {\"step\": null, \"low\": 0.0, \"high\": 0.5, \"log\": false}}"}
{"op_code":5,"worker_id":"8d5abb26-db01-4f32-8f71-6a7fc3eba248-140544486217536","trial_id":0,"param_name":"nodes","param_value_internal":0,"distribution":"{\"name\": \"CategoricalDistribution\", \"attributes\": {\"choices\": [\"64-64\", \"128-64\", \"256-128\"]}}"}
{"op_code":6,"worker_id":"8d5abb26-db01-4f32-8f71-6a7fc3eba248-140544486217536","trial_id":0,"state":1,"values":[0.8456021848354077],"datetime_complete":"2026-04-01T02:24:28.049265"}
{"op_code":4,"worker_id":"8d5abb26-db01-4f32-8f71-6a7fc3eba248-140544486217536","study_id":0,"datetime_start":"2026-04-01T02:24:28.069651"}
{"op_code":5,"worker_id":"8d5abb26-db01-4f32-8f71-6a7fc3eba248-140544486217536","trial_id":1,"param_name":"lr","param_value_internal":0.011180261106034591,"distribution":"{\"name\": \"FloatDistribution\", \"attributes\": {\"step\": null, \"low\": 0.0001, \"high\": 0.1, \"log\": true}}"}
{"op_code":5,"worker_id":"8d5abb26-db01-4f32-8f71-6a7fc3eba248-140544486217536","trial_id":1,"param_name":"dropout","param_value_internal":0.48974283119832895,"distribution":"{\"name\": \"FloatDistribution\", \"attributes\": {\"step\": null, \"low\": 0.0, \"high\": 0.5, \"log\": false}}"}
{"op_code":5,"worker_id":"8d5abb26-db01-4f32-8f71-6a7fc3eba248-140544486217536","trial_id":1,"param_name":"nodes","param_value_internal":1,"distribution":"{\"name\": \"CategoricalDistribution\", \"attributes\": {\"choices\": [\"64-64\", \"128-64\", \"256-128\"]}}"}
{"op_code":6,"worker_id":"8d5abb26-db01-4f32-8f71-6a7fc3eba248-140544486217536","trial_id":1,"state":1,"values":[0.8460816811557946],"datetime_complete":"2026-04-01T02:24:29.689805"}
{"op_code":4,"worker_id":"8d5abb26-db01-4f32-8f71-6a7fc3eba248-140544486217536","study_id":0,"datetime_start":"2026-04-01T02:24:29.715176"}
{"op_code":5,"worker_id":"8d5abb26-db01-4f32-8f71-6a7fc3eba248-140544486217536","trial_id":2,"param_name":"lr","param_value_internal":0.00017927770731046582,"distribution":"{\"name\": \"FloatDistribution\", \"attributes\": {\"step\": null, \"low\": 0.0001, \"high\": 0.1, \"log\": true}}"}
{"op_code":5,"worker_id":"8d5abb26-db01-4f32-8f71-6a7fc3eba248-140544486217536","trial_id":2,"param_name":"dropout","param_value_internal":0.039603230424574754,"distribution":"{\"name\": \"FloatDistribution\", \"attributes\": {\"step\": null, \"low\": 0.0, \"high\": 0.5, \"log\": false}}"}
{"op_code":5,"worker_id":"8d5abb26-db01-4f32-8f71-6a7fc3eba248-140544486217536","trial_id":2,"param_name":"nodes","param_value_internal":1,"distribution":"{\"name\": \"CategoricalDistribution\", \"attributes\": {\"choices\": [\"64-64\", \"128-64\", \"256-128\"]}}"}
{"op_code":6,"worker_id":"8d5abb26-db01-4f32-8f71-6a7fc3eba248-140544486217536","trial_id":2,"state":1,"values":[0.8420580815977652],"datetime_complete":"2026-04-01T02:24:31.395883"}
{"op_code":4,"worker_id":"8d5abb26-db01-4f32-8f71-6a7fc3eba248-140544486217536","study_id":0,"datetime_start":"2026-04-01T02:24:31.415030"}
{"op_code":5,"worker_id":"8d5abb26-db01-4f32-8f71-6a7fc3eba248-140544486217536","trial_id":3,"param_name":"lr","param_value_internal":0.00011825535752616546,"distribution":"{\"name\": \"FloatDistribution\", \"attributes\": {\"step\": null, \"low\": 0.0001, \"high\": 0.1, \"log\": true}}"}
{"op_code":5,"worker_id":"8d5abb26-db01-4f32-8f71-6a7fc3eba248-140544486217536","trial_id":3,"param_name":"dropout","param_value_internal":0.05421037105578702,"distribution":"{\"name\": \"FloatDistribution\", \"attributes\": {\"step\": null, \"low\": 0.0, \"high\": 0.5, \"log\": false}}"}
{"op_code":5,"worker_id":"8d5abb26-db01-4f32-8f71-6a7fc3eba248-140544486217536","trial_id":3,"param_name":"nodes","param_value_internal":1,"distribution":"{\"name\": \"CategoricalDistribution\", \"attributes\": {\"choices\": [\"64-64\", \"128-64\", \"256-128\"]}}"}
{"op_code":6,"worker_id":"8d5abb26-db01-4f32-8f71-6a7fc3eba248-140544486217536","trial_id":3,"state":1,"values":[0.8502303667104467],"datetime_complete":"2026-04-01T02:24:33.028575"}
{"op_code":4,"worker_id":"8d5abb26-db01-4f32-8f71-6a7fc3eba248-140544486217536","study_id":0,"datetime_start":"2026-04-01T02:24:33.050854"}
{"op_code":5,"worker_id":"8d5abb26-db01-4f32-8f71-6a7fc3eba248-140544486217536","trial_id":4,"param_name":"lr","param_value_internal":0.00041656032268680524,"distribution":"{\"name\": \"FloatDistribution\", \"attributes\": {\"step\": null, \"low\": 0.0001, \"high\": 0.1, \"log\": true}}"}
{"op_code":5,"worker_id":"8d5abb26-db01-4f32-8f71-6a7fc3eba248-140544486217536","trial_id":4,"param_name":"dropout","param_value_internal":0.1591966781563649,"distribution":"{\"name\": \"FloatDistribution\", \"attributes\": {\"step\": null, \"low\": 0.0, \"high\": 0.5, \"log\": false}}"}
{"op_code":5,"worker_id":"8d5abb26-db01-4f32-8f71-6a7fc3eba248-140544486217536","trial_id":4,"param_name":"nodes","param_value_internal":2,"distribution":"{\"name\": \"CategoricalDistribution\", \"attributes\": {\"choices\": [\"64-64\", \"128-64\", \"256-128\"]}}"}
{"op_code":6,"worker_id":"8d5abb26-db01-4f32-8f71-6a7fc3eba248-140544486217536","trial_id":4,"state":1,"values":[0.8483332290950029],"datetime_complete":"2026-04-01T02:24:34.655366"}
{"op_code":4,"worker_id":"8d5abb26-db01-4f32-8f71-6a7fc3eba248-140544486217536","study_id":0,"datetime_start":"2026-04-01T02:24:34.676176"}
{"op_code":5,"worker_id":"8d5abb26-db01-4f32-8f71-6a7fc3eba248-140544486217536","trial_id":5,"param_name":"lr","param_value_internal":0.0002900615203729438,"distribution":"{\"name\": \"FloatDistribution\", \"attributes\": {\"step\": null, \"low\": 0.0001, \"high\": 0.1, \"log\": true}}"}
{"op_code":5,"worker_id":"8d5abb26-db01-4f32-8f71-6a7fc3eba248-140544486217536","trial_id":5,"param_name":"dropout","param_value_internal":0.4663963454434111,"distribution":"{\"name\": \"FloatDistribution\", \"attributes\": {\"step\": null, \"low\": 0.0, \"high\": 0.5, \"log\": false}}"}
{"op_code":5,"worker_id":"8d5abb26-db01-4f32-8f71-6a7fc3eba248-140544486217536","trial_id":5,"param_name":"nodes","param_value_internal":0,"distribution":"{\"name\": \"CategoricalDistribution\", \"attributes\": {\"choices\": [\"64-64\", \"128-64\", \"256-128\"]}}"}
{"op_code":6,"worker_id":"8d5abb26-db01-4f32-8f71-6a7fc3eba248-140544486217536","trial_id":5,"state":1,"values":[0.8478120374424083],"datetime_complete":"2026-04-01T02:24:36.290643"}
{"op_code":4,"worker_id":"8d5abb26-db01-4f32-8f71-6a7fc3eba248-140544486217536","study_id":0,"datetime_start":"2026-04-01T02:24:36.316093"}
{"op_code":5,"worker_id":"8d5abb26-db01-4f32-8f71-6a7fc3eba248-140544486217536","trial_id":6,"param_name":"lr","param_value_internal":0.0015900096409486042,"distribution":"{\"name\": \"FloatDistribution\", \"attributes\": {\"step\": null, \"low\": 0.0001, \"high\": 0.1, \"log\": true}}"}
{"op_code":5,"worker_id":"8d5abb26-db01-4f32-8f71-6a7fc3eba248-140544486217536","trial_id":6,"param_name":"dropout","param_value_internal":0.47271392872370255,"distribution":"{\"name\": \"FloatDistribution\", \"attributes\": {\"step\": null, \"low\": 0.0, \"high\": 0.5, \"log\": false}}"}
{"op_code":5,"worker_id":"8d5abb26-db01-4f32-8f71-6a7fc3eba248-140544486217536","trial_id":6,"param_name":"nodes","param_value_internal":2,"distribution":"{\"name\": \"CategoricalDistribution\", \"attributes\": {\"choices\": [\"64-64\", \"128-64\", \"256-128\"]}}"}
{"op_code":6,"worker_id":"8d5abb26-db01-4f32-8f71-6a7fc3eba248-140544486217536","trial_id":6,"state":1,"values":[0.849730022723956],"datetime_complete":"2026-04-01T02:24:37.934718"}
{"op_code":4,"worker_id":"8d5abb26-db01-4f32-8f71-6a7fc3eba248-140544486217536","study_id":0,"datetime_start":"2026-04-01T02:24:37.962367"}
{"op_code":5,"worker_id":"8d5abb26-db01-4f32-8f71-6a7fc3eba248-140544486217536","trial_id":7,"param_name":"lr","param_value_internal":0.0297319616580858,"distribution":"{\"name\": \"FloatDistribution\", \"attributes\": {\"step\": null, \"low\": 0.0001, \"high\": 0.1, \"log\": true}}"}
{"op_code":5,"worker_id":"8d5abb26-db01-4f32-8f71-6a7fc3eba248-140544486217536","trial_id":7,"param_name":"dropout","param_value_internal":0.20701822895733524,"distribution":"{\"name\": \"FloatDistribution\", \"attributes\": {\"step\": null, \"low\": 0.0, \"high\": 0.5, \"log\": false}}"}
{"op_code":5,"worker_id":"8d5abb26-db01-4f32-8f71-6a7fc3eba248-140544486217536","trial_id":7,"param_name":"nodes","param_value_internal":2,"distribution":"{\"name\": \"CategoricalDistribution\", \"attributes\": {\"choices\": [\"64-64\", \"128-64\", \"256-128\"]}}"}
{"op_code":6,"worker_id":"8d5abb26-db01-4f32-8f71-6a7fc3eba248-140544486217536","trial_id":7,"state":1,"values":[0.8455604895032001],"datetime_complete":"2026-04-01T02:24:39.612121"}
{"op_code":4,"worker_id":"8d5abb26-db01-4f32-8f71-6a7fc3eba248-140544486217536","study_id":0,"datetime_start":"2026-04-01T02:24:39.644707"}
{"op_code":5,"worker_id":"8d5abb26-db01-4f32-8f71-6a7fc3eba248-140544486217536","trial_id":8,"param_name":"lr","param_value_internal":0.020050198326892983,"distribution":"{\"name\": \"FloatDistribution\", \"attributes\": {\"step\": null, \"low\": 0.0001, \"high\": 0.1, \"log\": true}}"}
{"op_code":5,"worker_id":"8d5abb26-db01-4f32-8f71-6a7fc3eba248-140544486217536","trial_id":8,"param_name":"dropout","param_value_internal":0.1375585095552091,"distribution":"{\"name\": \"FloatDistribution\", \"attributes\": {\"step\": null, \"low\": 0.0, \"high\": 0.5, \"log\": false}}"}
{"op_code":5,"worker_id":"8d5abb26-db01-4f32-8f71-6a7fc3eba248-140544486217536","trial_id":8,"param_name":"nodes","param_value_internal":2,"distribution":"{\"name\": \"CategoricalDistribution\", \"attributes\": {\"choices\": [\"64-64\", \"128-64\", \"256-128\"]}}"}
{"op_code":6,"worker_id":"8d5abb26-db01-4f32-8f71-6a7fc3eba248-140544486217536","trial_id":8,"state":1,"values":[0.8438926762148977],"datetime_complete":"2026-04-01T02:24:41.278684"}
{"op_code":4,"worker_id":"8d5abb26-db01-4f32-8f71-6a7fc3eba248-140544486217536","study_id":0,"datetime_start":"2026-04-01T02:24:41.301519"}
{"op_code":5,"worker_id":"8d5abb26-db01-4f32-8f71-6a7fc3eba248-140544486217536","trial_id":9,"param_name":"lr","param_value_internal":0.0019594067139267397,"distribution":"{\"name\": \"FloatDistribution\", \"attributes\": {\"step\": null, \"low\": 0.0001, \"high\": 0.1, \"log\": true}}"}
{"op_code":5,"worker_id":"8d5abb26-db01-4f32-8f71-6a7fc3eba248-140544486217536","trial_id":9,"param_name":"dropout","param_value_internal":0.011254251155880579,"distribution":"{\"name\": \"FloatDistribution\", \"attributes\": {\"step\": null, \"low\": 0.0, \"high\": 0.5, \"log\": false}}"}
{"op_code":5,"worker_id":"8d5abb26-db01-4f32-8f71-6a7fc3eba248-140544486217536","trial_id":9,"param_name":"nodes","param_value_internal":0,"distribution":"{\"name\": \"CategoricalDistribution\", \"attributes\": {\"choices\": [\"64-64\", \"128-64\", \"256-128\"]}}"}
{"op_code":6,"worker_id":"8d5abb26-db01-4f32-8f71-6a7fc3eba248-140544486217536","trial_id":9,"state":1,"values":[0.8432880938978882],"datetime_complete":"2026-04-01T02:24:42.888633"}
{"op_code":4,"worker_id":"8d5abb26-db01-4f32-8f71-6a7fc3eba248-140544486217536","study_id":0,"datetime_start":"2026-04-01T02:24:42.911198"}
{"op_code":5,"worker_id":"8d5abb26-db01-4f32-8f71-6a7fc3eba248-140544486217536","trial_id":10,"param_name":"lr","param_value_internal":0.00010332834996771735,"distribution":"{\"name\": \"FloatDistribution\", \"attributes\": {\"step\": null, \"low\": 0.0001, \"high\": 0.1, \"log\": true}}"}
{"op_code":5,"worker_id":"8d5abb26-db01-4f32-8f71-6a7fc3eba248-140544486217536","trial_id":10,"param_name":"dropout","param_value_internal":0.3179515283089683,"distribution":"{\"name\": \"FloatDistribution\", \"attributes\": {\"step\": null, \"low\": 0.0, \"high\": 0.5, \"log\": false}}"}
{"op_code":5,"worker_id":"8d5abb26-db01-4f32-8f71-6a7fc3eba248-140544486217536","trial_id":10,"param_name":"nodes","param_value_internal":1,"distribution":"{\"name\": \"CategoricalDistribution\", \"attributes\": {\"choices\": [\"64-64\", \"128-64\", \"256-128\"]}}"}
{"op_code":6,"worker_id":"8d5abb26-db01-4f32-8f71-6a7fc3eba248-140544486217536","trial_id":10,"state":1,"values":[0.8424750349198408],"datetime_complete":"2026-04-01T02:24:44.498922"}
{"op_code":4,"worker_id":"8d5abb26-db01-4f32-8f71-6a7fc3eba248-140544486217536","study_id":0,"datetime_start":"2026-04-01T02:24:44.518431"}
{"op_code":5,"worker_id":"8d5abb26-db01-4f32-8f71-6a7fc3eba248-140544486217536","trial_id":11,"param_name":"lr","param_value_internal":0.0015643005682308472,"distribution":"{\"name\": \"FloatDistribution\", \"attributes\": {\"step\": null, \"low\": 0.0001, \"high\": 0.1, \"log\": true}}"}
{"op_code":5,"worker_id":"8d5abb26-db01-4f32-8f71-6a7fc3eba248-140544486217536","trial_id":11,"param_name":"dropout","param_value_internal":0.3688846265794507,"distribution":"{\"name\": \"FloatDistribution\", \"attributes\": {\"step\": null, \"low\": 0.0, \"high\": 0.5, \"log\": false}}"}
{"op_code":5,"worker_id":"8d5abb26-db01-4f32-8f71-6a7fc3eba248-140544486217536","trial_id":11,"param_name":"nodes","param_value_internal":1,"distribution":"{\"name\": \"CategoricalDistribution\", \"attributes\": {\"choices\": [\"64-64\", \"128-64\", \"256-128\"]}}"}
{"op_code":6,"worker_id":"8d5abb26-db01-4f32-8f71-6a7fc3eba248-140544486217536","trial_id":11,"state":1,"values":[0.8492296787374654],"datetime_complete":"2026-04-01T02:24:46.109411"}
{"op_code":4,"worker_id":"8d5abb26-db01-4f32-8f71-6a7fc3eba248-140544486217536","study_id":0,"datetime_start":"2026-04-01T02:24:46.127311"}
{"op_code":5,"worker_id":"8d5abb26-db01-4f32-8f71-6a7fc3eba248-140544486217536","trial_id":12,"param_name":"lr","param_value_internal":0.0006539603634673481,"distribution":"{\"name\": \"FloatDistribution\", \"attributes\": {\"step\": null, \"low\": 0.0001, \"high\": 0.1, \"log\": true}}"}
{"op_code":5,"worker_id":"8d5abb26-db01-4f32-8f71-6a7fc3eba248-140544486217536","trial_id":12,"param_name":"dropout","param_value_internal":0.09667320437960689,"distribution":"{\"name\": \"FloatDistribution\", \"attributes\": {\"step\": null, \"low\": 0.0, \"high\": 0.5, \"log\": false}}"}
{"op_code":5,"worker_id":"8d5abb26-db01-4f32-8f71-6a7fc3eba248-140544486217536","trial_id":12,"param_name":"nodes","param_value_internal":2,"distribution":"{\"name\": \"CategoricalDistribution\", \"attributes\": {\"choices\": [\"64-64\", \"128-64\", \"256-128\"]}}"}
{"op_code":6,"worker_id":"8d5abb26-db01-4f32-8f71-6a7fc3eba248-140544486217536","trial_id":12,"state":1,"values":[0.835637000437801],"datetime_complete":"2026-04-01T02:24:47.725143"}
{"op_code":4,"worker_id":"8d5abb26-db01-4f32-8f71-6a7fc3eba248-140544486217536","study_id":0,"datetime_start":"2026-04-01T02:24:47.748360"}
{"op_code":5,"worker_id":"8d5abb26-db01-4f32-8f71-6a7fc3eba248-140544486217536","trial_id":13,"param_name":"lr","param_value_internal":0.005467848261753724,"distribution":"{\"name\": \"FloatDistribution\", \"attributes\": {\"step\": null, \"low\": 0.0001, \"high\": 0.1, \"log\": true}}"}
{"op_code":5,"worker_id":"8d5abb26-db01-4f32-8f71-6a7fc3eba248-140544486217536","trial_id":13,"param_name":"dropout","param_value_internal":0.40748548230254145,"distribution":"{\"name\": \"FloatDistribution\", \"attributes\": {\"step\": null, \"low\": 0.0, \"high\": 0.5, \"log\": false}}"}
{"op_code":5,"worker_id":"8d5abb26-db01-4f32-8f71-6a7fc3eba248-140544486217536","trial_id":13,"param_name":"nodes","param_value_internal":1,"distribution":"{\"name\": \"CategoricalDistribution\", \"attributes\": {\"choices\": [\"64-64\", \"128-64\", \"256-128\"]}}"}
{"op_code":6,"worker_id":"8d5abb26-db01-4f32-8f71-6a7fc3eba248-140544486217536","trial_id":13,"state":1,"values":[0.8474367794525403],"datetime_complete":"2026-04-01T02:24:49.334277"}
{"op_code":4,"worker_id":"8d5abb26-db01-4f32-8f71-6a7fc3eba248-140544486217536","study_id":0,"datetime_start":"2026-04-01T02:24:49.356199"}
{"op_code":5,"worker_id":"8d5abb26-db01-4f32-8f71-6a7fc3eba248-140544486217536","trial_id":14,"param_name":"lr","param_value_internal":0.0009970563346102202,"distribution":"{\"name\": \"FloatDistribution\", \"attributes\": {\"step\": null, \"low\": 0.0001, \"high\": 0.1, \"log\": true}}"}
{"op_code":5,"worker_id":"8d5abb26-db01-4f32-8f71-6a7fc3eba248-140544486217536","trial_id":14,"param_name":"dropout","param_value_internal":0.3236017079340585,"distribution":"{\"name\": \"FloatDistribution\", \"attributes\": {\"step\": null, \"low\": 0.0, \"high\": 0.5, \"log\": false}}"}
{"op_code":5,"worker_id":"8d5abb26-db01-4f32-8f71-6a7fc3eba248-140544486217536","trial_id":14,"param_name":"nodes","param_value_internal":2,"distribution":"{\"name\": \"CategoricalDistribution\", \"attributes\": {\"choices\": [\"64-64\", \"128-64\", \"256-128\"]}}"}
{"op_code":6,"worker_id":"8d5abb26-db01-4f32-8f71-6a7fc3eba248-140544486217536","trial_id":14,"state":1,"values":[0.8476035607813706],"datetime_complete":"2026-04-01T02:24:50.940964"}
{"op_code":4,"worker_id":"8d5abb26-db01-4f32-8f71-6a7fc3eba248-140544486217536","study_id":0,"datetime_start":"2026-04-01T02:24:50.953700"}
{"op_code":5,"worker_id":"8d5abb26-db01-4f32-8f71-6a7fc3eba248-140544486217536","trial_id":15,"param_name":"lr","param_value_internal":0.003614022677186941,"distribution":"{\"name\": \"FloatDistribution\", \"attributes\": {\"step\": null, \"low\": 0.0001, \"high\": 0.1, \"log\": true}}"}
{"op_code":5,"worker_id":"8d5abb26-db01-4f32-8f71-6a7fc3eba248-140544486217536","trial_id":15,"param_name":"dropout","param_value_internal":0.23993877128807944,"distribution":"{\"name\": \"FloatDistribution\", \"attributes\": {\"step\": null, \"low\": 0.0, \"high\": 0.5, \"log\": false}}"}
{"op_code":5,"worker_id":"8d5abb26-db01-4f32-8f71-6a7fc3eba248-140544486217536","trial_id":15,"param_name":"nodes","param_value_internal":2,"distribution":"{\"name\": \"CategoricalDistribution\", \"attributes\": {\"choices\": [\"64-64\", \"128-64\", \"256-128\"]}}"}
{"op_code":6,"worker_id":"8d5abb26-db01-4f32-8f71-6a7fc3eba248-140544486217536","trial_id":15,"state":1,"values":[0.8458315091625492],"datetime_complete":"2026-04-01T02:24:52.555734"}
{"op_code":4,"worker_id":"8d5abb26-db01-4f32-8f71-6a7fc3eba248-140544486217536","study_id":0,"datetime_start":"2026-04-01T02:24:52.571225"}
{"op_code":5,"worker_id":"8d5abb26-db01-4f32-8f71-6a7fc3eba248-140544486217536","trial_id":16,"param_name":"lr","param_value_internal":0.008938854935275777,"distribution":"{\"name\": \"FloatDistribution\", \"attributes\": {\"step\": null, \"low\": 0.0001, \"high\": 0.1, \"log\": true}}"}
{"op_code":5,"worker_id":"8d5abb26-db01-4f32-8f71-6a7fc3eba248-140544486217536","trial_id":16,"param_name":"dropout","param_value_internal":0.06775457996583335,"distribution":"{\"name\": \"FloatDistribution\", \"attributes\": {\"step\": null, \"low\": 0.0, \"high\": 0.5, \"log\": false}}"}
{"op_code":5,"worker_id":"8d5abb26-db01-4f32-8f71-6a7fc3eba248-140544486217536","trial_id":16,"param_name":"nodes","param_value_internal":1,"distribution":"{\"name\": \"CategoricalDistribution\", \"attributes\": {\"choices\": [\"64-64\", \"128-64\", \"256-128\"]}}"}
{"op_code":6,"worker_id":"8d5abb26-db01-4f32-8f71-6a7fc3eba248-140544486217536","trial_id":16,"state":1,"values":[0.8405362019721893],"datetime_complete":"2026-04-01T02:24:54.155576"}
{"op_code":4,"worker_id":"8d5abb26-db01-4f32-8f71-6a7fc3eba248-140544486217536","study_id":0,"datetime_start":"2026-04-01T02:24:54.175847"}
{"op_code":5,"worker_id":"8d5abb26-db01-4f32-8f71-6a7fc3eba248-140544486217536","trial_id":17,"param_name":"lr","param_value_internal":0.08892859650381504,"distribution":"{\"name\": \"FloatDistribution\", \"attributes\": {\"step\": null, \"low\": 0.0001, \"high\": 0.1, \"log\": true}}"}
{"op_code":5,"worker_id":"8d5abb26-db01-4f32-8f71-6a7fc3eba248-140544486217536","trial_id":17,"param_name":"dropout","param_value_internal":0.40622704255662556,"distribution":"{\"name\": \"FloatDistribution\", \"attributes\": {\"step\": null, \"low\": 0.0, \"high\": 0.5, \"log\": false}}"}
{"op_code":5,"worker_id":"8d5abb26-db01-4f32-8f71-6a7fc3eba248-140544486217536","trial_id":17,"param_name":"nodes","param_value_internal":1,"distribution":"{\"name\": \"CategoricalDistribution\", \"attributes\": {\"choices\": [\"64-64\", \"128-64\", \"256-128\"]}}"}
{"op_code":6,"worker_id":"8d5abb26-db01-4f32-8f71-6a7fc3eba248-140544486217536","trial_id":17,"state":1,"values":[0.8425584255842559],"datetime_complete":"2026-04-01T02:24:55.777613"}
{"op_code":4,"worker_id":"8d5abb26-db01-4f32-8f71-6a7fc3eba248-140544486217536","study_id":0,"datetime_start":"2026-04-01T02:24:55.789893"}
{"op_code":5,"worker_id":"8d5abb26-db01-4f32-8f71-6a7fc3eba248-140544486217536","trial_id":18,"param_name":"lr","param_value_internal":0.00011754299252198634,"distribution":"{\"name\": \"FloatDistribution\", \"attributes\": {\"step\": null, \"low\": 0.0001, \"high\": 0.1, \"log\": true}}"}
{"op_code":5,"worker_id":"8d5abb26-db01-4f32-8f71-6a7fc3eba248-140544486217536","trial_id":18,"param_name":"dropout","param_value_internal":0.1889276545782106,"distribution":"{\"name\": \"FloatDistribution\", \"attributes\": {\"step\": null, \"low\": 0.0, \"high\": 0.5, \"log\": false}}"}
{"op_code":5,"worker_id":"8d5abb26-db01-4f32-8f71-6a7fc3eba248-140544486217536","trial_id":18,"param_name":"nodes","param_value_internal":2,"distribution":"{\"name\": \"CategoricalDistribution\", \"attributes\": {\"choices\": [\"64-64\", \"128-64\", \"256-128\"]}}"}
{"op_code":6,"worker_id":"8d5abb26-db01-4f32-8f71-6a7fc3eba248-140544486217536","trial_id":18,"state":1,"values":[0.8476452561135781],"datetime_complete":"2026-04-01T02:24:57.386517"}
{"op_code":4,"worker_id":"8d5abb26-db01-4f32-8f71-6a7fc3eba248-140544486217536","study_id":0,"datetime_start":"2026-04-01T02:24:57.404717"}
{"op_code":5,"worker_id":"8d5abb26-db01-4f32-8f71-6a7fc3eba248-140544486217536","trial_id":19,"param_name":"lr","param_value_internal":0.00036096510795571727,"distribution":"{\"name\": \"FloatDistribution\", \"attributes\": {\"step\": null, \"low\": 0.0001, \"high\": 0.1, \"log\": true}}"}
{"op_code":5,"worker_id":"8d5abb26-db01-4f32-8f71-6a7fc3eba248-140544486217536","trial_id":19,"param_name":"dropout","param_value_internal":0.2717771576365666,"distribution":"{\"name\": \"FloatDistribution\", \"attributes\": {\"step\": null, \"low\": 0.0, \"high\": 0.5, \"log\": false}}"}
{"op_code":5,"worker_id":"8d5abb26-db01-4f32-8f71-6a7fc3eba248-140544486217536","trial_id":19,"param_name":"nodes","param_value_internal":0,"distribution":"{\"name\": \"CategoricalDistribution\", \"attributes\": {\"choices\": [\"64-64\", \"128-64\", \"256-128\"]}}"}
{"op_code":6,"worker_id":"8d5abb26-db01-4f32-8f71-6a7fc3eba248-140544486217536","trial_id":19,"state":1,"values":[0.8465611774761815],"datetime_complete":"2026-04-01T02:24:58.985612"}
