{"op_code":0,"worker_id":"72978132-3b58-406f-87d5-a5b4073b7b4f-139906009941824","study_name":"gbsa_tuning","directions":[2]}
{"op_code":4,"worker_id":"72978132-3b58-406f-87d5-a5b4073b7b4f-139906009941824","study_id":0,"datetime_start":"2026-04-05T23:19:11.136514"}
{"op_code":5,"worker_id":"72978132-3b58-406f-87d5-a5b4073b7b4f-139906009941824","trial_id":0,"param_name":"learning_rate","param_value_internal":0.015145296065195093,"distribution":"{\"name\": \"FloatDistribution\", \"attributes\": {\"step\": null, \"low\": 0.01, \"high\": 0.2, \"log\": true}}"}
{"op_code":5,"worker_id":"72978132-3b58-406f-87d5-a5b4073b7b4f-139906009941824","trial_id":0,"param_name":"n_estimators","param_value_internal":199.0,"distribution":"{\"name\": \"IntDistribution\", \"attributes\": {\"log\": false, \"step\": 1, \"low\": 50, \"high\": 200}}"}
{"op_code":5,"worker_id":"72978132-3b58-406f-87d5-a5b4073b7b4f-139906009941824","trial_id":0,"param_name":"max_depth","param_value_internal":4.0,"distribution":"{\"name\": \"IntDistribution\", \"attributes\": {\"log\": false, \"step\": 1, \"low\": 2, \"high\": 5}}"}
{"op_code":6,"worker_id":"72978132-3b58-406f-87d5-a5b4073b7b4f-139906009941824","trial_id":0,"state":1,"values":[0.7029642738635107],"datetime_complete":"2026-04-05T23:19:54.894259"}
{"op_code":4,"worker_id":"72978132-3b58-406f-87d5-a5b4073b7b4f-139906009941824","study_id":0,"datetime_start":"2026-04-05T23:19:54.909117"}
{"op_code":5,"worker_id":"72978132-3b58-406f-87d5-a5b4073b7b4f-139906009941824","trial_id":1,"param_name":"learning_rate","param_value_internal":0.025448766764349037,"distribution":"{\"name\": \"FloatDistribution\", \"attributes\": {\"step\": null, \"low\": 0.01, \"high\": 0.2, \"log\": true}}"}
{"op_code":5,"worker_id":"72978132-3b58-406f-87d5-a5b4073b7b4f-139906009941824","trial_id":1,"param_name":"n_estimators","param_value_internal":133.0,"distribution":"{\"name\": \"IntDistribution\", \"attributes\": {\"log\": false, \"step\": 1, \"low\": 50, \"high\": 200}}"}
{"op_code":5,"worker_id":"72978132-3b58-406f-87d5-a5b4073b7b4f-139906009941824","trial_id":1,"param_name":"max_depth","param_value_internal":4.0,"distribution":"{\"name\": \"IntDistribution\", \"attributes\": {\"log\": false, \"step\": 1, \"low\": 2, \"high\": 5}}"}
{"op_code":6,"worker_id":"72978132-3b58-406f-87d5-a5b4073b7b4f-139906009941824","trial_id":1,"state":1,"values":[0.7049552040703462],"datetime_complete":"2026-04-05T23:20:24.241262"}
{"op_code":4,"worker_id":"72978132-3b58-406f-87d5-a5b4073b7b4f-139906009941824","study_id":0,"datetime_start":"2026-04-05T23:20:24.426963"}
{"op_code":5,"worker_id":"72978132-3b58-406f-87d5-a5b4073b7b4f-139906009941824","trial_id":2,"param_name":"learning_rate","param_value_internal":0.19864743354349426,"distribution":"{\"name\": \"FloatDistribution\", \"attributes\": {\"step\": null, \"low\": 0.01, \"high\": 0.2, \"log\": true}}"}
{"op_code":5,"worker_id":"72978132-3b58-406f-87d5-a5b4073b7b4f-139906009941824","trial_id":2,"param_name":"n_estimators","param_value_internal":53.0,"distribution":"{\"name\": \"IntDistribution\", \"attributes\": {\"log\": false, \"step\": 1, \"low\": 50, \"high\": 200}}"}
{"op_code":5,"worker_id":"72978132-3b58-406f-87d5-a5b4073b7b4f-139906009941824","trial_id":2,"param_name":"max_depth","param_value_internal":2.0,"distribution":"{\"name\": \"IntDistribution\", \"attributes\": {\"log\": false, \"step\": 1, \"low\": 2, \"high\": 5}}"}
{"op_code":6,"worker_id":"72978132-3b58-406f-87d5-a5b4073b7b4f-139906009941824","trial_id":2,"state":1,"values":[0.709404380046455],"datetime_complete":"2026-04-05T23:20:39.851640"}
{"op_code":4,"worker_id":"72978132-3b58-406f-87d5-a5b4073b7b4f-139906009941824","study_id":0,"datetime_start":"2026-04-05T23:20:39.878525"}
{"op_code":5,"worker_id":"72978132-3b58-406f-87d5-a5b4073b7b4f-139906009941824","trial_id":3,"param_name":"learning_rate","param_value_internal":0.08471999168654833,"distribution":"{\"name\": \"FloatDistribution\", \"attributes\": {\"step\": null, \"low\": 0.01, \"high\": 0.2, \"log\": true}}"}
{"op_code":5,"worker_id":"72978132-3b58-406f-87d5-a5b4073b7b4f-139906009941824","trial_id":3,"param_name":"n_estimators","param_value_internal":193.0,"distribution":"{\"name\": \"IntDistribution\", \"attributes\": {\"log\": false, \"step\": 1, \"low\": 50, \"high\": 200}}"}
{"op_code":5,"worker_id":"72978132-3b58-406f-87d5-a5b4073b7b4f-139906009941824","trial_id":3,"param_name":"max_depth","param_value_internal":2.0,"distribution":"{\"name\": \"IntDistribution\", \"attributes\": {\"log\": false, \"step\": 1, \"low\": 2, \"high\": 5}}"}
{"op_code":6,"worker_id":"72978132-3b58-406f-87d5-a5b4073b7b4f-139906009941824","trial_id":3,"state":1,"values":[0.7205978320982193],"datetime_complete":"2026-04-05T23:21:22.090344"}
{"op_code":4,"worker_id":"72978132-3b58-406f-87d5-a5b4073b7b4f-139906009941824","study_id":0,"datetime_start":"2026-04-05T23:21:22.122790"}
{"op_code":5,"worker_id":"72978132-3b58-406f-87d5-a5b4073b7b4f-139906009941824","trial_id":4,"param_name":"learning_rate","param_value_internal":0.19771281903937676,"distribution":"{\"name\": \"FloatDistribution\", \"attributes\": {\"step\": null, \"low\": 0.01, \"high\": 0.2, \"log\": true}}"}
{"op_code":5,"worker_id":"72978132-3b58-406f-87d5-a5b4073b7b4f-139906009941824","trial_id":4,"param_name":"n_estimators","param_value_internal":99.0,"distribution":"{\"name\": \"IntDistribution\", \"attributes\": {\"log\": false, \"step\": 1, \"low\": 50, \"high\": 200}}"}
{"op_code":5,"worker_id":"72978132-3b58-406f-87d5-a5b4073b7b4f-139906009941824","trial_id":4,"param_name":"max_depth","param_value_internal":2.0,"distribution":"{\"name\": \"IntDistribution\", \"attributes\": {\"log\": false, \"step\": 1, \"low\": 2, \"high\": 5}}"}
{"op_code":6,"worker_id":"72978132-3b58-406f-87d5-a5b4073b7b4f-139906009941824","trial_id":4,"state":1,"values":[0.7244303727463776],"datetime_complete":"2026-04-05T23:21:43.730071"}
{"op_code":4,"worker_id":"72978132-3b58-406f-87d5-a5b4073b7b4f-139906009941824","study_id":0,"datetime_start":"2026-04-05T23:21:43.743477"}
{"op_code":5,"worker_id":"72978132-3b58-406f-87d5-a5b4073b7b4f-139906009941824","trial_id":5,"param_name":"learning_rate","param_value_internal":0.02210430795666936,"distribution":"{\"name\": \"FloatDistribution\", \"attributes\": {\"step\": null, \"low\": 0.01, \"high\": 0.2, \"log\": true}}"}
{"op_code":5,"worker_id":"72978132-3b58-406f-87d5-a5b4073b7b4f-139906009941824","trial_id":5,"param_name":"n_estimators","param_value_internal":147.0,"distribution":"{\"name\": \"IntDistribution\", \"attributes\": {\"log\": false, \"step\": 1, \"low\": 50, \"high\": 200}}"}
{"op_code":5,"worker_id":"72978132-3b58-406f-87d5-a5b4073b7b4f-139906009941824","trial_id":5,"param_name":"max_depth","param_value_internal":5.0,"distribution":"{\"name\": \"IntDistribution\", \"attributes\": {\"log\": false, \"step\": 1, \"low\": 2, \"high\": 5}}"}
{"op_code":6,"worker_id":"72978132-3b58-406f-87d5-a5b4073b7b4f-139906009941824","trial_id":5,"state":1,"values":[0.7070982192235372],"datetime_complete":"2026-04-05T23:22:16.283111"}
{"op_code":4,"worker_id":"72978132-3b58-406f-87d5-a5b4073b7b4f-139906009941824","study_id":0,"datetime_start":"2026-04-05T23:22:16.305614"}
{"op_code":5,"worker_id":"72978132-3b58-406f-87d5-a5b4073b7b4f-139906009941824","trial_id":6,"param_name":"learning_rate","param_value_internal":0.029986042697675196,"distribution":"{\"name\": \"FloatDistribution\", \"attributes\": {\"step\": null, \"low\": 0.01, \"high\": 0.2, \"log\": true}}"}
{"op_code":5,"worker_id":"72978132-3b58-406f-87d5-a5b4073b7b4f-139906009941824","trial_id":6,"param_name":"n_estimators","param_value_internal":116.0,"distribution":"{\"name\": \"IntDistribution\", \"attributes\": {\"log\": false, \"step\": 1, \"low\": 50, \"high\": 200}}"}
{"op_code":5,"worker_id":"72978132-3b58-406f-87d5-a5b4073b7b4f-139906009941824","trial_id":6,"param_name":"max_depth","param_value_internal":5.0,"distribution":"{\"name\": \"IntDistribution\", \"attributes\": {\"log\": false, \"step\": 1, \"low\": 2, \"high\": 5}}"}
{"op_code":6,"worker_id":"72978132-3b58-406f-87d5-a5b4073b7b4f-139906009941824","trial_id":6,"state":1,"values":[0.7077756885300298],"datetime_complete":"2026-04-05T23:22:41.892326"}
{"op_code":4,"worker_id":"72978132-3b58-406f-87d5-a5b4073b7b4f-139906009941824","study_id":0,"datetime_start":"2026-04-05T23:22:41.911771"}
{"op_code":5,"worker_id":"72978132-3b58-406f-87d5-a5b4073b7b4f-139906009941824","trial_id":7,"param_name":"learning_rate","param_value_internal":0.0860605087212605,"distribution":"{\"name\": \"FloatDistribution\", \"attributes\": {\"step\": null, \"low\": 0.01, \"high\": 0.2, \"log\": true}}"}
{"op_code":5,"worker_id":"72978132-3b58-406f-87d5-a5b4073b7b4f-139906009941824","trial_id":7,"param_name":"n_estimators","param_value_internal":164.0,"distribution":"{\"name\": \"IntDistribution\", \"attributes\": {\"log\": false, \"step\": 1, \"low\": 50, \"high\": 200}}"}
{"op_code":5,"worker_id":"72978132-3b58-406f-87d5-a5b4073b7b4f-139906009941824","trial_id":7,"param_name":"max_depth","param_value_internal":4.0,"distribution":"{\"name\": \"IntDistribution\", \"attributes\": {\"log\": false, \"step\": 1, \"low\": 2, \"high\": 5}}"}
{"op_code":6,"worker_id":"72978132-3b58-406f-87d5-a5b4073b7b4f-139906009941824","trial_id":7,"state":1,"values":[0.7310833978542197],"datetime_complete":"2026-04-05T23:23:18.275759"}
{"op_code":4,"worker_id":"72978132-3b58-406f-87d5-a5b4073b7b4f-139906009941824","study_id":0,"datetime_start":"2026-04-05T23:23:18.294477"}
{"op_code":5,"worker_id":"72978132-3b58-406f-87d5-a5b4073b7b4f-139906009941824","trial_id":8,"param_name":"learning_rate","param_value_internal":0.01711438554571771,"distribution":"{\"name\": \"FloatDistribution\", \"attributes\": {\"step\": null, \"low\": 0.01, \"high\": 0.2, \"log\": true}}"}
{"op_code":5,"worker_id":"72978132-3b58-406f-87d5-a5b4073b7b4f-139906009941824","trial_id":8,"param_name":"n_estimators","param_value_internal":198.0,"distribution":"{\"name\": \"IntDistribution\", \"attributes\": {\"log\": false, \"step\": 1, \"low\": 50, \"high\": 200}}"}
{"op_code":5,"worker_id":"72978132-3b58-406f-87d5-a5b4073b7b4f-139906009941824","trial_id":8,"param_name":"max_depth","param_value_internal":3.0,"distribution":"{\"name\": \"IntDistribution\", \"attributes\": {\"log\": false, \"step\": 1, \"low\": 2, \"high\": 5}}"}
{"op_code":6,"worker_id":"72978132-3b58-406f-87d5-a5b4073b7b4f-139906009941824","trial_id":8,"state":1,"values":[0.6894148877336578],"datetime_complete":"2026-04-05T23:24:01.677387"}
{"op_code":4,"worker_id":"72978132-3b58-406f-87d5-a5b4073b7b4f-139906009941824","study_id":0,"datetime_start":"2026-04-05T23:24:01.704819"}
{"op_code":5,"worker_id":"72978132-3b58-406f-87d5-a5b4073b7b4f-139906009941824","trial_id":9,"param_name":"learning_rate","param_value_internal":0.011507014345298406,"distribution":"{\"name\": \"FloatDistribution\", \"attributes\": {\"step\": null, \"low\": 0.01, \"high\": 0.2, \"log\": true}}"}
{"op_code":5,"worker_id":"72978132-3b58-406f-87d5-a5b4073b7b4f-139906009941824","trial_id":9,"param_name":"n_estimators","param_value_internal":181.0,"distribution":"{\"name\": \"IntDistribution\", \"attributes\": {\"log\": false, \"step\": 1, \"low\": 50, \"high\": 200}}"}
{"op_code":5,"worker_id":"72978132-3b58-406f-87d5-a5b4073b7b4f-139906009941824","trial_id":9,"param_name":"max_depth","param_value_internal":5.0,"distribution":"{\"name\": \"IntDistribution\", \"attributes\": {\"log\": false, \"step\": 1, \"low\": 2, \"high\": 5}}"}
{"op_code":6,"worker_id":"72978132-3b58-406f-87d5-a5b4073b7b4f-139906009941824","trial_id":9,"state":1,"values":[0.6943617962614755],"datetime_complete":"2026-04-05T23:24:41.567329"}
{"op_code":4,"worker_id":"72978132-3b58-406f-87d5-a5b4073b7b4f-139906009941824","study_id":0,"datetime_start":"2026-04-05T23:24:41.596531"}
{"op_code":5,"worker_id":"72978132-3b58-406f-87d5-a5b4073b7b4f-139906009941824","trial_id":10,"param_name":"learning_rate","param_value_internal":0.06533722638670164,"distribution":"{\"name\": \"FloatDistribution\", \"attributes\": {\"step\": null, \"low\": 0.01, \"high\": 0.2, \"log\": true}}"}
{"op_code":5,"worker_id":"72978132-3b58-406f-87d5-a5b4073b7b4f-139906009941824","trial_id":10,"param_name":"n_estimators","param_value_internal":157.0,"distribution":"{\"name\": \"IntDistribution\", \"attributes\": {\"log\": false, \"step\": 1, \"low\": 50, \"high\": 200}}"}
{"op_code":5,"worker_id":"72978132-3b58-406f-87d5-a5b4073b7b4f-139906009941824","trial_id":10,"param_name":"max_depth","param_value_internal":3.0,"distribution":"{\"name\": \"IntDistribution\", \"attributes\": {\"log\": false, \"step\": 1, \"low\": 2, \"high\": 5}}"}
{"op_code":6,"worker_id":"72978132-3b58-406f-87d5-a5b4073b7b4f-139906009941824","trial_id":10,"state":1,"values":[0.7168067691627033],"datetime_complete":"2026-04-05T23:25:16.135112"}
{"op_code":4,"worker_id":"72978132-3b58-406f-87d5-a5b4073b7b4f-139906009941824","study_id":0,"datetime_start":"2026-04-05T23:25:16.156684"}
{"op_code":5,"worker_id":"72978132-3b58-406f-87d5-a5b4073b7b4f-139906009941824","trial_id":11,"param_name":"learning_rate","param_value_internal":0.19366396593616242,"distribution":"{\"name\": \"FloatDistribution\", \"attributes\": {\"step\": null, \"low\": 0.01, \"high\": 0.2, \"log\": true}}"}
{"op_code":5,"worker_id":"72978132-3b58-406f-87d5-a5b4073b7b4f-139906009941824","trial_id":11,"param_name":"n_estimators","param_value_internal":96.0,"distribution":"{\"name\": \"IntDistribution\", \"attributes\": {\"log\": false, \"step\": 1, \"low\": 50, \"high\": 200}}"}
{"op_code":5,"worker_id":"72978132-3b58-406f-87d5-a5b4073b7b4f-139906009941824","trial_id":11,"param_name":"max_depth","param_value_internal":3.0,"distribution":"{\"name\": \"IntDistribution\", \"attributes\": {\"log\": false, \"step\": 1, \"low\": 2, \"high\": 5}}"}
{"op_code":6,"worker_id":"72978132-3b58-406f-87d5-a5b4073b7b4f-139906009941824","trial_id":11,"state":1,"values":[0.7319018913836965],"datetime_complete":"2026-04-05T23:25:37.162754"}
{"op_code":4,"worker_id":"72978132-3b58-406f-87d5-a5b4073b7b4f-139906009941824","study_id":0,"datetime_start":"2026-04-05T23:25:37.177926"}
{"op_code":5,"worker_id":"72978132-3b58-406f-87d5-a5b4073b7b4f-139906009941824","trial_id":12,"param_name":"learning_rate","param_value_internal":0.10985261944060848,"distribution":"{\"name\": \"FloatDistribution\", \"attributes\": {\"step\": null, \"low\": 0.01, \"high\": 0.2, \"log\": true}}"}
{"op_code":5,"worker_id":"72978132-3b58-406f-87d5-a5b4073b7b4f-139906009941824","trial_id":12,"param_name":"n_estimators","param_value_internal":79.0,"distribution":"{\"name\": \"IntDistribution\", \"attributes\": {\"log\": false, \"step\": 1, \"low\": 50, \"high\": 200}}"}
{"op_code":5,"worker_id":"72978132-3b58-406f-87d5-a5b4073b7b4f-139906009941824","trial_id":12,"param_name":"max_depth","param_value_internal":3.0,"distribution":"{\"name\": \"IntDistribution\", \"attributes\": {\"log\": false, \"step\": 1, \"low\": 2, \"high\": 5}}"}
{"op_code":6,"worker_id":"72978132-3b58-406f-87d5-a5b4073b7b4f-139906009941824","trial_id":12,"state":1,"values":[0.7129327508019024],"datetime_complete":"2026-04-05T23:25:54.624449"}
{"op_code":4,"worker_id":"72978132-3b58-406f-87d5-a5b4073b7b4f-139906009941824","study_id":0,"datetime_start":"2026-04-05T23:25:54.649883"}
{"op_code":5,"worker_id":"72978132-3b58-406f-87d5-a5b4073b7b4f-139906009941824","trial_id":13,"param_name":"learning_rate","param_value_internal":0.1179925110860964,"distribution":"{\"name\": \"FloatDistribution\", \"attributes\": {\"step\": null, \"low\": 0.01, \"high\": 0.2, \"log\": true}}"}
{"op_code":5,"worker_id":"72978132-3b58-406f-87d5-a5b4073b7b4f-139906009941824","trial_id":13,"param_name":"n_estimators","param_value_internal":162.0,"distribution":"{\"name\": \"IntDistribution\", \"attributes\": {\"log\": false, \"step\": 1, \"low\": 50, \"high\": 200}}"}
{"op_code":5,"worker_id":"72978132-3b58-406f-87d5-a5b4073b7b4f-139906009941824","trial_id":13,"param_name":"max_depth","param_value_internal":4.0,"distribution":"{\"name\": \"IntDistribution\", \"attributes\": {\"log\": false, \"step\": 1, \"low\": 2, \"high\": 5}}"}
{"op_code":6,"worker_id":"72978132-3b58-406f-87d5-a5b4073b7b4f-139906009941824","trial_id":13,"state":1,"values":[0.7392268554363456],"datetime_complete":"2026-04-05T23:26:30.480350"}
{"op_code":4,"worker_id":"72978132-3b58-406f-87d5-a5b4073b7b4f-139906009941824","study_id":0,"datetime_start":"2026-04-05T23:26:30.503734"}
{"op_code":5,"worker_id":"72978132-3b58-406f-87d5-a5b4073b7b4f-139906009941824","trial_id":14,"param_name":"learning_rate","param_value_internal":0.13773612267741692,"distribution":"{\"name\": \"FloatDistribution\", \"attributes\": {\"step\": null, \"low\": 0.01, \"high\": 0.2, \"log\": true}}"}
{"op_code":5,"worker_id":"72978132-3b58-406f-87d5-a5b4073b7b4f-139906009941824","trial_id":14,"param_name":"n_estimators","param_value_internal":99.0,"distribution":"{\"name\": \"IntDistribution\", \"attributes\": {\"log\": false, \"step\": 1, \"low\": 50, \"high\": 200}}"}
{"op_code":5,"worker_id":"72978132-3b58-406f-87d5-a5b4073b7b4f-139906009941824","trial_id":14,"param_name":"max_depth","param_value_internal":3.0,"distribution":"{\"name\": \"IntDistribution\", \"attributes\": {\"log\": false, \"step\": 1, \"low\": 2, \"high\": 5}}"}
{"op_code":6,"worker_id":"72978132-3b58-406f-87d5-a5b4073b7b4f-139906009941824","trial_id":14,"state":1,"values":[0.7241317332153523],"datetime_complete":"2026-04-05T23:26:52.444146"}
{"op_code":4,"worker_id":"72978132-3b58-406f-87d5-a5b4073b7b4f-139906009941824","study_id":0,"datetime_start":"2026-04-05T23:26:52.459712"}
{"op_code":5,"worker_id":"72978132-3b58-406f-87d5-a5b4073b7b4f-139906009941824","trial_id":15,"param_name":"learning_rate","param_value_internal":0.044914823399844615,"distribution":"{\"name\": \"FloatDistribution\", \"attributes\": {\"step\": null, \"low\": 0.01, \"high\": 0.2, \"log\": true}}"}
{"op_code":5,"worker_id":"72978132-3b58-406f-87d5-a5b4073b7b4f-139906009941824","trial_id":15,"param_name":"n_estimators","param_value_internal":124.0,"distribution":"{\"name\": \"IntDistribution\", \"attributes\": {\"log\": false, \"step\": 1, \"low\": 50, \"high\": 200}}"}
{"op_code":5,"worker_id":"72978132-3b58-406f-87d5-a5b4073b7b4f-139906009941824","trial_id":15,"param_name":"max_depth","param_value_internal":4.0,"distribution":"{\"name\": \"IntDistribution\", \"attributes\": {\"log\": false, \"step\": 1, \"low\": 2, \"high\": 5}}"}
{"op_code":6,"worker_id":"72978132-3b58-406f-87d5-a5b4073b7b4f-139906009941824","trial_id":15,"state":1,"values":[0.7146665191903551],"datetime_complete":"2026-04-05T23:27:19.892015"}
{"op_code":4,"worker_id":"72978132-3b58-406f-87d5-a5b4073b7b4f-139906009941824","study_id":0,"datetime_start":"2026-04-05T23:27:19.910498"}
{"op_code":5,"worker_id":"72978132-3b58-406f-87d5-a5b4073b7b4f-139906009941824","trial_id":16,"param_name":"learning_rate","param_value_internal":0.13504654679776093,"distribution":"{\"name\": \"FloatDistribution\", \"attributes\": {\"step\": null, \"low\": 0.01, \"high\": 0.2, \"log\": true}}"}
{"op_code":5,"worker_id":"72978132-3b58-406f-87d5-a5b4073b7b4f-139906009941824","trial_id":16,"param_name":"n_estimators","param_value_internal":67.0,"distribution":"{\"name\": \"IntDistribution\", \"attributes\": {\"log\": false, \"step\": 1, \"low\": 50, \"high\": 200}}"}
{"op_code":5,"worker_id":"72978132-3b58-406f-87d5-a5b4073b7b4f-139906009941824","trial_id":16,"param_name":"max_depth","param_value_internal":4.0,"distribution":"{\"name\": \"IntDistribution\", \"attributes\": {\"log\": false, \"step\": 1, \"low\": 2, \"high\": 5}}"}
{"op_code":6,"worker_id":"72978132-3b58-406f-87d5-a5b4073b7b4f-139906009941824","trial_id":16,"state":1,"values":[0.7225445194115695],"datetime_complete":"2026-04-05T23:27:34.815515"}
{"op_code":4,"worker_id":"72978132-3b58-406f-87d5-a5b4073b7b4f-139906009941824","study_id":0,"datetime_start":"2026-04-05T23:27:34.842016"}
{"op_code":5,"worker_id":"72978132-3b58-406f-87d5-a5b4073b7b4f-139906009941824","trial_id":17,"param_name":"learning_rate","param_value_internal":0.04841106226464001,"distribution":"{\"name\": \"FloatDistribution\", \"attributes\": {\"step\": null, \"low\": 0.01, \"high\": 0.2, \"log\": true}}"}
{"op_code":5,"worker_id":"72978132-3b58-406f-87d5-a5b4073b7b4f-139906009941824","trial_id":17,"param_name":"n_estimators","param_value_internal":89.0,"distribution":"{\"name\": \"IntDistribution\", \"attributes\": {\"log\": false, \"step\": 1, \"low\": 50, \"high\": 200}}"}
{"op_code":5,"worker_id":"72978132-3b58-406f-87d5-a5b4073b7b4f-139906009941824","trial_id":17,"param_name":"max_depth","param_value_internal":3.0,"distribution":"{\"name\": \"IntDistribution\", \"attributes\": {\"log\": false, \"step\": 1, \"low\": 2, \"high\": 5}}"}
{"op_code":6,"worker_id":"72978132-3b58-406f-87d5-a5b4073b7b4f-139906009941824","trial_id":17,"state":1,"values":[0.6949093020683552],"datetime_complete":"2026-04-05T23:27:54.496149"}
{"op_code":4,"worker_id":"72978132-3b58-406f-87d5-a5b4073b7b4f-139906009941824","study_id":0,"datetime_start":"2026-04-05T23:27:54.509897"}
{"op_code":5,"worker_id":"72978132-3b58-406f-87d5-a5b4073b7b4f-139906009941824","trial_id":18,"param_name":"learning_rate","param_value_internal":0.144189926710054,"distribution":"{\"name\": \"FloatDistribution\", \"attributes\": {\"step\": null, \"low\": 0.01, \"high\": 0.2, \"log\": true}}"}
{"op_code":5,"worker_id":"72978132-3b58-406f-87d5-a5b4073b7b4f-139906009941824","trial_id":18,"param_name":"n_estimators","param_value_internal":144.0,"distribution":"{\"name\": \"IntDistribution\", \"attributes\": {\"log\": false, \"step\": 1, \"low\": 50, \"high\": 200}}"}
{"op_code":5,"worker_id":"72978132-3b58-406f-87d5-a5b4073b7b4f-139906009941824","trial_id":18,"param_name":"max_depth","param_value_internal":3.0,"distribution":"{\"name\": \"IntDistribution\", \"attributes\": {\"log\": false, \"step\": 1, \"low\": 2, \"high\": 5}}"}
{"op_code":6,"worker_id":"72978132-3b58-406f-87d5-a5b4073b7b4f-139906009941824","trial_id":18,"state":1,"values":[0.7311055193009622],"datetime_complete":"2026-04-05T23:28:26.072690"}
{"op_code":4,"worker_id":"72978132-3b58-406f-87d5-a5b4073b7b4f-139906009941824","study_id":0,"datetime_start":"2026-04-05T23:28:26.095415"}
{"op_code":5,"worker_id":"72978132-3b58-406f-87d5-a5b4073b7b4f-139906009941824","trial_id":19,"param_name":"learning_rate","param_value_internal":0.07751530632136261,"distribution":"{\"name\": \"FloatDistribution\", \"attributes\": {\"step\": null, \"low\": 0.01, \"high\": 0.2, \"log\": true}}"}
{"op_code":5,"worker_id":"72978132-3b58-406f-87d5-a5b4073b7b4f-139906009941824","trial_id":19,"param_name":"n_estimators","param_value_internal":171.0,"distribution":"{\"name\": \"IntDistribution\", \"attributes\": {\"log\": false, \"step\": 1, \"low\": 50, \"high\": 200}}"}
{"op_code":5,"worker_id":"72978132-3b58-406f-87d5-a5b4073b7b4f-139906009941824","trial_id":19,"param_name":"max_depth","param_value_internal":4.0,"distribution":"{\"name\": \"IntDistribution\", \"attributes\": {\"log\": false, \"step\": 1, \"low\": 2, \"high\": 5}}"}
{"op_code":6,"worker_id":"72978132-3b58-406f-87d5-a5b4073b7b4f-139906009941824","trial_id":19,"state":1,"values":[0.7292777347638536],"datetime_complete":"2026-04-05T23:29:03.674936"}
