{"op_code":0,"worker_id":"4495cd06-127c-4c7c-9034-89cba4cf9d9b-140611610289984","study_name":"gbsa_tuning","directions":[2]}
{"op_code":4,"worker_id":"4495cd06-127c-4c7c-9034-89cba4cf9d9b-140611610289984","study_id":0,"datetime_start":"2026-03-30T13:34:54.148304"}
{"op_code":5,"worker_id":"4495cd06-127c-4c7c-9034-89cba4cf9d9b-140611610289984","trial_id":0,"param_name":"learning_rate","param_value_internal":0.14230919901827999,"distribution":"{\"name\": \"FloatDistribution\", \"attributes\": {\"step\": null, \"low\": 0.01, \"high\": 0.2, \"log\": true}}"}
{"op_code":5,"worker_id":"4495cd06-127c-4c7c-9034-89cba4cf9d9b-140611610289984","trial_id":0,"param_name":"n_estimators","param_value_internal":95.0,"distribution":"{\"name\": \"IntDistribution\", \"attributes\": {\"log\": false, \"step\": 1, \"low\": 50, \"high\": 200}}"}
{"op_code":5,"worker_id":"4495cd06-127c-4c7c-9034-89cba4cf9d9b-140611610289984","trial_id":0,"param_name":"max_depth","param_value_internal":5.0,"distribution":"{\"name\": \"IntDistribution\", \"attributes\": {\"log\": false, \"step\": 1, \"low\": 2, \"high\": 5}}"}
{"op_code":6,"worker_id":"4495cd06-127c-4c7c-9034-89cba4cf9d9b-140611610289984","trial_id":0,"state":1,"values":[0.7354260089686099],"datetime_complete":"2026-03-30T13:34:54.244188"}
{"op_code":4,"worker_id":"4495cd06-127c-4c7c-9034-89cba4cf9d9b-140611610289984","study_id":0,"datetime_start":"2026-03-30T13:34:54.256408"}
{"op_code":5,"worker_id":"4495cd06-127c-4c7c-9034-89cba4cf9d9b-140611610289984","trial_id":1,"param_name":"learning_rate","param_value_internal":0.18733757934942263,"distribution":"{\"name\": \"FloatDistribution\", \"attributes\": {\"step\": null, \"low\": 0.01, \"high\": 0.2, \"log\": true}}"}
{"op_code":5,"worker_id":"4495cd06-127c-4c7c-9034-89cba4cf9d9b-140611610289984","trial_id":1,"param_name":"n_estimators","param_value_internal":64.0,"distribution":"{\"name\": \"IntDistribution\", \"attributes\": {\"log\": false, \"step\": 1, \"low\": 50, \"high\": 200}}"}
{"op_code":5,"worker_id":"4495cd06-127c-4c7c-9034-89cba4cf9d9b-140611610289984","trial_id":1,"param_name":"max_depth","param_value_internal":5.0,"distribution":"{\"name\": \"IntDistribution\", \"attributes\": {\"log\": false, \"step\": 1, \"low\": 2, \"high\": 5}}"}
{"op_code":6,"worker_id":"4495cd06-127c-4c7c-9034-89cba4cf9d9b-140611610289984","trial_id":1,"state":1,"values":[0.7443946188340808],"datetime_complete":"2026-03-30T13:34:54.339118"}
{"op_code":4,"worker_id":"4495cd06-127c-4c7c-9034-89cba4cf9d9b-140611610289984","study_id":0,"datetime_start":"2026-03-30T13:34:54.351789"}
{"op_code":5,"worker_id":"4495cd06-127c-4c7c-9034-89cba4cf9d9b-140611610289984","trial_id":2,"param_name":"learning_rate","param_value_internal":0.1378698847506065,"distribution":"{\"name\": \"FloatDistribution\", \"attributes\": {\"step\": null, \"low\": 0.01, \"high\": 0.2, \"log\": true}}"}
{"op_code":5,"worker_id":"4495cd06-127c-4c7c-9034-89cba4cf9d9b-140611610289984","trial_id":2,"param_name":"n_estimators","param_value_internal":62.0,"distribution":"{\"name\": \"IntDistribution\", \"attributes\": {\"log\": false, \"step\": 1, \"low\": 50, \"high\": 200}}"}
{"op_code":5,"worker_id":"4495cd06-127c-4c7c-9034-89cba4cf9d9b-140611610289984","trial_id":2,"param_name":"max_depth","param_value_internal":2.0,"distribution":"{\"name\": \"IntDistribution\", \"attributes\": {\"log\": false, \"step\": 1, \"low\": 2, \"high\": 5}}"}
{"op_code":6,"worker_id":"4495cd06-127c-4c7c-9034-89cba4cf9d9b-140611610289984","trial_id":2,"state":1,"values":[0.7600896860986547],"datetime_complete":"2026-03-30T13:34:54.425957"}
{"op_code":4,"worker_id":"4495cd06-127c-4c7c-9034-89cba4cf9d9b-140611610289984","study_id":0,"datetime_start":"2026-03-30T13:34:54.437593"}
{"op_code":5,"worker_id":"4495cd06-127c-4c7c-9034-89cba4cf9d9b-140611610289984","trial_id":3,"param_name":"learning_rate","param_value_internal":0.031821290672288505,"distribution":"{\"name\": \"FloatDistribution\", \"attributes\": {\"step\": null, \"low\": 0.01, \"high\": 0.2, \"log\": true}}"}
{"op_code":5,"worker_id":"4495cd06-127c-4c7c-9034-89cba4cf9d9b-140611610289984","trial_id":3,"param_name":"n_estimators","param_value_internal":72.0,"distribution":"{\"name\": \"IntDistribution\", \"attributes\": {\"log\": false, \"step\": 1, \"low\": 50, \"high\": 200}}"}
{"op_code":5,"worker_id":"4495cd06-127c-4c7c-9034-89cba4cf9d9b-140611610289984","trial_id":3,"param_name":"max_depth","param_value_internal":4.0,"distribution":"{\"name\": \"IntDistribution\", \"attributes\": {\"log\": false, \"step\": 1, \"low\": 2, \"high\": 5}}"}
{"op_code":6,"worker_id":"4495cd06-127c-4c7c-9034-89cba4cf9d9b-140611610289984","trial_id":3,"state":1,"values":[0.7376681614349776],"datetime_complete":"2026-03-30T13:34:54.523532"}
{"op_code":4,"worker_id":"4495cd06-127c-4c7c-9034-89cba4cf9d9b-140611610289984","study_id":0,"datetime_start":"2026-03-30T13:34:54.535142"}
{"op_code":5,"worker_id":"4495cd06-127c-4c7c-9034-89cba4cf9d9b-140611610289984","trial_id":4,"param_name":"learning_rate","param_value_internal":0.047624960490293584,"distribution":"{\"name\": \"FloatDistribution\", \"attributes\": {\"step\": null, \"low\": 0.01, \"high\": 0.2, \"log\": true}}"}
{"op_code":5,"worker_id":"4495cd06-127c-4c7c-9034-89cba4cf9d9b-140611610289984","trial_id":4,"param_name":"n_estimators","param_value_internal":144.0,"distribution":"{\"name\": \"IntDistribution\", \"attributes\": {\"log\": false, \"step\": 1, \"low\": 50, \"high\": 200}}"}
{"op_code":5,"worker_id":"4495cd06-127c-4c7c-9034-89cba4cf9d9b-140611610289984","trial_id":4,"param_name":"max_depth","param_value_internal":5.0,"distribution":"{\"name\": \"IntDistribution\", \"attributes\": {\"log\": false, \"step\": 1, \"low\": 2, \"high\": 5}}"}
{"op_code":6,"worker_id":"4495cd06-127c-4c7c-9034-89cba4cf9d9b-140611610289984","trial_id":4,"state":1,"values":[0.7713004484304933],"datetime_complete":"2026-03-30T13:34:54.688473"}
{"op_code":4,"worker_id":"4495cd06-127c-4c7c-9034-89cba4cf9d9b-140611610289984","study_id":0,"datetime_start":"2026-03-30T13:34:54.699669"}
{"op_code":5,"worker_id":"4495cd06-127c-4c7c-9034-89cba4cf9d9b-140611610289984","trial_id":5,"param_name":"learning_rate","param_value_internal":0.19990558644354414,"distribution":"{\"name\": \"FloatDistribution\", \"attributes\": {\"step\": null, \"low\": 0.01, \"high\": 0.2, \"log\": true}}"}
{"op_code":5,"worker_id":"4495cd06-127c-4c7c-9034-89cba4cf9d9b-140611610289984","trial_id":5,"param_name":"n_estimators","param_value_internal":126.0,"distribution":"{\"name\": \"IntDistribution\", \"attributes\": {\"log\": false, \"step\": 1, \"low\": 50, \"high\": 200}}"}
{"op_code":5,"worker_id":"4495cd06-127c-4c7c-9034-89cba4cf9d9b-140611610289984","trial_id":5,"param_name":"max_depth","param_value_internal":3.0,"distribution":"{\"name\": \"IntDistribution\", \"attributes\": {\"log\": false, \"step\": 1, \"low\": 2, \"high\": 5}}"}
{"op_code":6,"worker_id":"4495cd06-127c-4c7c-9034-89cba4cf9d9b-140611610289984","trial_id":5,"state":1,"values":[0.7040358744394619],"datetime_complete":"2026-03-30T13:34:54.822112"}
{"op_code":4,"worker_id":"4495cd06-127c-4c7c-9034-89cba4cf9d9b-140611610289984","study_id":0,"datetime_start":"2026-03-30T13:34:54.833477"}
{"op_code":5,"worker_id":"4495cd06-127c-4c7c-9034-89cba4cf9d9b-140611610289984","trial_id":6,"param_name":"learning_rate","param_value_internal":0.01870862308132874,"distribution":"{\"name\": \"FloatDistribution\", \"attributes\": {\"step\": null, \"low\": 0.01, \"high\": 0.2, \"log\": true}}"}
{"op_code":5,"worker_id":"4495cd06-127c-4c7c-9034-89cba4cf9d9b-140611610289984","trial_id":6,"param_name":"n_estimators","param_value_internal":193.0,"distribution":"{\"name\": \"IntDistribution\", \"attributes\": {\"log\": false, \"step\": 1, \"low\": 50, \"high\": 200}}"}
{"op_code":5,"worker_id":"4495cd06-127c-4c7c-9034-89cba4cf9d9b-140611610289984","trial_id":6,"param_name":"max_depth","param_value_internal":5.0,"distribution":"{\"name\": \"IntDistribution\", \"attributes\": {\"log\": false, \"step\": 1, \"low\": 2, \"high\": 5}}"}
{"op_code":6,"worker_id":"4495cd06-127c-4c7c-9034-89cba4cf9d9b-140611610289984","trial_id":6,"state":1,"values":[0.7466367713004485],"datetime_complete":"2026-03-30T13:34:54.977460"}
{"op_code":4,"worker_id":"4495cd06-127c-4c7c-9034-89cba4cf9d9b-140611610289984","study_id":0,"datetime_start":"2026-03-30T13:34:54.988039"}
{"op_code":5,"worker_id":"4495cd06-127c-4c7c-9034-89cba4cf9d9b-140611610289984","trial_id":7,"param_name":"learning_rate","param_value_internal":0.07061455293233601,"distribution":"{\"name\": \"FloatDistribution\", \"attributes\": {\"step\": null, \"low\": 0.01, \"high\": 0.2, \"log\": true}}"}
{"op_code":5,"worker_id":"4495cd06-127c-4c7c-9034-89cba4cf9d9b-140611610289984","trial_id":7,"param_name":"n_estimators","param_value_internal":200.0,"distribution":"{\"name\": \"IntDistribution\", \"attributes\": {\"log\": false, \"step\": 1, \"low\": 50, \"high\": 200}}"}
{"op_code":5,"worker_id":"4495cd06-127c-4c7c-9034-89cba4cf9d9b-140611610289984","trial_id":7,"param_name":"max_depth","param_value_internal":2.0,"distribution":"{\"name\": \"IntDistribution\", \"attributes\": {\"log\": false, \"step\": 1, \"low\": 2, \"high\": 5}}"}
{"op_code":6,"worker_id":"4495cd06-127c-4c7c-9034-89cba4cf9d9b-140611610289984","trial_id":7,"state":1,"values":[0.7376681614349776],"datetime_complete":"2026-03-30T13:34:55.123979"}
{"op_code":4,"worker_id":"4495cd06-127c-4c7c-9034-89cba4cf9d9b-140611610289984","study_id":0,"datetime_start":"2026-03-30T13:34:55.135068"}
{"op_code":5,"worker_id":"4495cd06-127c-4c7c-9034-89cba4cf9d9b-140611610289984","trial_id":8,"param_name":"learning_rate","param_value_internal":0.10618089571794803,"distribution":"{\"name\": \"FloatDistribution\", \"attributes\": {\"step\": null, \"low\": 0.01, \"high\": 0.2, \"log\": true}}"}
{"op_code":5,"worker_id":"4495cd06-127c-4c7c-9034-89cba4cf9d9b-140611610289984","trial_id":8,"param_name":"n_estimators","param_value_internal":130.0,"distribution":"{\"name\": \"IntDistribution\", \"attributes\": {\"log\": false, \"step\": 1, \"low\": 50, \"high\": 200}}"}
{"op_code":5,"worker_id":"4495cd06-127c-4c7c-9034-89cba4cf9d9b-140611610289984","trial_id":8,"param_name":"max_depth","param_value_internal":3.0,"distribution":"{\"name\": \"IntDistribution\", \"attributes\": {\"log\": false, \"step\": 1, \"low\": 2, \"high\": 5}}"}
{"op_code":6,"worker_id":"4495cd06-127c-4c7c-9034-89cba4cf9d9b-140611610289984","trial_id":8,"state":1,"values":[0.726457399103139],"datetime_complete":"2026-03-30T13:34:55.256794"}
{"op_code":4,"worker_id":"4495cd06-127c-4c7c-9034-89cba4cf9d9b-140611610289984","study_id":0,"datetime_start":"2026-03-30T13:34:55.265225"}
{"op_code":5,"worker_id":"4495cd06-127c-4c7c-9034-89cba4cf9d9b-140611610289984","trial_id":9,"param_name":"learning_rate","param_value_internal":0.011059280854975892,"distribution":"{\"name\": \"FloatDistribution\", \"attributes\": {\"step\": null, \"low\": 0.01, \"high\": 0.2, \"log\": true}}"}
{"op_code":5,"worker_id":"4495cd06-127c-4c7c-9034-89cba4cf9d9b-140611610289984","trial_id":9,"param_name":"n_estimators","param_value_internal":103.0,"distribution":"{\"name\": \"IntDistribution\", \"attributes\": {\"log\": false, \"step\": 1, \"low\": 50, \"high\": 200}}"}
{"op_code":5,"worker_id":"4495cd06-127c-4c7c-9034-89cba4cf9d9b-140611610289984","trial_id":9,"param_name":"max_depth","param_value_internal":3.0,"distribution":"{\"name\": \"IntDistribution\", \"attributes\": {\"log\": false, \"step\": 1, \"low\": 2, \"high\": 5}}"}
{"op_code":6,"worker_id":"4495cd06-127c-4c7c-9034-89cba4cf9d9b-140611610289984","trial_id":9,"state":1,"values":[0.6771300448430493],"datetime_complete":"2026-03-30T13:34:55.354944"}
{"op_code":4,"worker_id":"4495cd06-127c-4c7c-9034-89cba4cf9d9b-140611610289984","study_id":0,"datetime_start":"2026-03-30T13:34:55.364957"}
{"op_code":5,"worker_id":"4495cd06-127c-4c7c-9034-89cba4cf9d9b-140611610289984","trial_id":10,"param_name":"learning_rate","param_value_internal":0.042021091100284104,"distribution":"{\"name\": \"FloatDistribution\", \"attributes\": {\"step\": null, \"low\": 0.01, \"high\": 0.2, \"log\": true}}"}
{"op_code":5,"worker_id":"4495cd06-127c-4c7c-9034-89cba4cf9d9b-140611610289984","trial_id":10,"param_name":"n_estimators","param_value_internal":163.0,"distribution":"{\"name\": \"IntDistribution\", \"attributes\": {\"log\": false, \"step\": 1, \"low\": 50, \"high\": 200}}"}
{"op_code":5,"worker_id":"4495cd06-127c-4c7c-9034-89cba4cf9d9b-140611610289984","trial_id":10,"param_name":"max_depth","param_value_internal":4.0,"distribution":"{\"name\": \"IntDistribution\", \"attributes\": {\"log\": false, \"step\": 1, \"low\": 2, \"high\": 5}}"}
{"op_code":6,"worker_id":"4495cd06-127c-4c7c-9034-89cba4cf9d9b-140611610289984","trial_id":10,"state":1,"values":[0.7511210762331838],"datetime_complete":"2026-03-30T13:34:55.489743"}
{"op_code":4,"worker_id":"4495cd06-127c-4c7c-9034-89cba4cf9d9b-140611610289984","study_id":0,"datetime_start":"2026-03-30T13:34:55.500062"}
{"op_code":5,"worker_id":"4495cd06-127c-4c7c-9034-89cba4cf9d9b-140611610289984","trial_id":11,"param_name":"learning_rate","param_value_internal":0.07375091176089836,"distribution":"{\"name\": \"FloatDistribution\", \"attributes\": {\"step\": null, \"low\": 0.01, \"high\": 0.2, \"log\": true}}"}
{"op_code":5,"worker_id":"4495cd06-127c-4c7c-9034-89cba4cf9d9b-140611610289984","trial_id":11,"param_name":"n_estimators","param_value_internal":157.0,"distribution":"{\"name\": \"IntDistribution\", \"attributes\": {\"log\": false, \"step\": 1, \"low\": 50, \"high\": 200}}"}
{"op_code":5,"worker_id":"4495cd06-127c-4c7c-9034-89cba4cf9d9b-140611610289984","trial_id":11,"param_name":"max_depth","param_value_internal":2.0,"distribution":"{\"name\": \"IntDistribution\", \"attributes\": {\"log\": false, \"step\": 1, \"low\": 2, \"high\": 5}}"}
{"op_code":6,"worker_id":"4495cd06-127c-4c7c-9034-89cba4cf9d9b-140611610289984","trial_id":11,"state":1,"values":[0.7286995515695067],"datetime_complete":"2026-03-30T13:34:55.610665"}
{"op_code":4,"worker_id":"4495cd06-127c-4c7c-9034-89cba4cf9d9b-140611610289984","study_id":0,"datetime_start":"2026-03-30T13:34:55.621311"}
{"op_code":5,"worker_id":"4495cd06-127c-4c7c-9034-89cba4cf9d9b-140611610289984","trial_id":12,"param_name":"learning_rate","param_value_internal":0.07206377405701535,"distribution":"{\"name\": \"FloatDistribution\", \"attributes\": {\"step\": null, \"low\": 0.01, \"high\": 0.2, \"log\": true}}"}
{"op_code":5,"worker_id":"4495cd06-127c-4c7c-9034-89cba4cf9d9b-140611610289984","trial_id":12,"param_name":"n_estimators","param_value_internal":153.0,"distribution":"{\"name\": \"IntDistribution\", \"attributes\": {\"log\": false, \"step\": 1, \"low\": 50, \"high\": 200}}"}
{"op_code":5,"worker_id":"4495cd06-127c-4c7c-9034-89cba4cf9d9b-140611610289984","trial_id":12,"param_name":"max_depth","param_value_internal":4.0,"distribution":"{\"name\": \"IntDistribution\", \"attributes\": {\"log\": false, \"step\": 1, \"low\": 2, \"high\": 5}}"}
{"op_code":6,"worker_id":"4495cd06-127c-4c7c-9034-89cba4cf9d9b-140611610289984","trial_id":12,"state":1,"values":[0.7399103139013453],"datetime_complete":"2026-03-30T13:34:55.764500"}
{"op_code":4,"worker_id":"4495cd06-127c-4c7c-9034-89cba4cf9d9b-140611610289984","study_id":0,"datetime_start":"2026-03-30T13:34:55.775018"}
{"op_code":5,"worker_id":"4495cd06-127c-4c7c-9034-89cba4cf9d9b-140611610289984","trial_id":13,"param_name":"learning_rate","param_value_internal":0.026806990058906636,"distribution":"{\"name\": \"FloatDistribution\", \"attributes\": {\"step\": null, \"low\": 0.01, \"high\": 0.2, \"log\": true}}"}
{"op_code":5,"worker_id":"4495cd06-127c-4c7c-9034-89cba4cf9d9b-140611610289984","trial_id":13,"param_name":"n_estimators","param_value_internal":96.0,"distribution":"{\"name\": \"IntDistribution\", \"attributes\": {\"log\": false, \"step\": 1, \"low\": 50, \"high\": 200}}"}
{"op_code":5,"worker_id":"4495cd06-127c-4c7c-9034-89cba4cf9d9b-140611610289984","trial_id":13,"param_name":"max_depth","param_value_internal":2.0,"distribution":"{\"name\": \"IntDistribution\", \"attributes\": {\"log\": false, \"step\": 1, \"low\": 2, \"high\": 5}}"}
{"op_code":6,"worker_id":"4495cd06-127c-4c7c-9034-89cba4cf9d9b-140611610289984","trial_id":13,"state":1,"values":[0.7399103139013453],"datetime_complete":"2026-03-30T13:34:55.865878"}
{"op_code":4,"worker_id":"4495cd06-127c-4c7c-9034-89cba4cf9d9b-140611610289984","study_id":0,"datetime_start":"2026-03-30T13:34:55.877854"}
{"op_code":5,"worker_id":"4495cd06-127c-4c7c-9034-89cba4cf9d9b-140611610289984","trial_id":14,"param_name":"learning_rate","param_value_internal":0.11195173086435564,"distribution":"{\"name\": \"FloatDistribution\", \"attributes\": {\"step\": null, \"low\": 0.01, \"high\": 0.2, \"log\": true}}"}
{"op_code":5,"worker_id":"4495cd06-127c-4c7c-9034-89cba4cf9d9b-140611610289984","trial_id":14,"param_name":"n_estimators","param_value_internal":50.0,"distribution":"{\"name\": \"IntDistribution\", \"attributes\": {\"log\": false, \"step\": 1, \"low\": 50, \"high\": 200}}"}
{"op_code":5,"worker_id":"4495cd06-127c-4c7c-9034-89cba4cf9d9b-140611610289984","trial_id":14,"param_name":"max_depth","param_value_internal":4.0,"distribution":"{\"name\": \"IntDistribution\", \"attributes\": {\"log\": false, \"step\": 1, \"low\": 2, \"high\": 5}}"}
{"op_code":6,"worker_id":"4495cd06-127c-4c7c-9034-89cba4cf9d9b-140611610289984","trial_id":14,"state":1,"values":[0.7376681614349776],"datetime_complete":"2026-03-30T13:34:55.953661"}
{"op_code":4,"worker_id":"4495cd06-127c-4c7c-9034-89cba4cf9d9b-140611610289984","study_id":0,"datetime_start":"2026-03-30T13:34:55.965587"}
{"op_code":5,"worker_id":"4495cd06-127c-4c7c-9034-89cba4cf9d9b-140611610289984","trial_id":15,"param_name":"learning_rate","param_value_internal":0.051010827810892036,"distribution":"{\"name\": \"FloatDistribution\", \"attributes\": {\"step\": null, \"low\": 0.01, \"high\": 0.2, \"log\": true}}"}
{"op_code":5,"worker_id":"4495cd06-127c-4c7c-9034-89cba4cf9d9b-140611610289984","trial_id":15,"param_name":"n_estimators","param_value_internal":139.0,"distribution":"{\"name\": \"IntDistribution\", \"attributes\": {\"log\": false, \"step\": 1, \"low\": 50, \"high\": 200}}"}
{"op_code":5,"worker_id":"4495cd06-127c-4c7c-9034-89cba4cf9d9b-140611610289984","trial_id":15,"param_name":"max_depth","param_value_internal":3.0,"distribution":"{\"name\": \"IntDistribution\", \"attributes\": {\"log\": false, \"step\": 1, \"low\": 2, \"high\": 5}}"}
{"op_code":6,"worker_id":"4495cd06-127c-4c7c-9034-89cba4cf9d9b-140611610289984","trial_id":15,"state":1,"values":[0.7286995515695067],"datetime_complete":"2026-03-30T13:34:56.075616"}
{"op_code":4,"worker_id":"4495cd06-127c-4c7c-9034-89cba4cf9d9b-140611610289984","study_id":0,"datetime_start":"2026-03-30T13:34:56.087453"}
{"op_code":5,"worker_id":"4495cd06-127c-4c7c-9034-89cba4cf9d9b-140611610289984","trial_id":16,"param_name":"learning_rate","param_value_internal":0.018086253495362494,"distribution":"{\"name\": \"FloatDistribution\", \"attributes\": {\"step\": null, \"low\": 0.01, \"high\": 0.2, \"log\": true}}"}
{"op_code":5,"worker_id":"4495cd06-127c-4c7c-9034-89cba4cf9d9b-140611610289984","trial_id":16,"param_name":"n_estimators","param_value_internal":111.0,"distribution":"{\"name\": \"IntDistribution\", \"attributes\": {\"log\": false, \"step\": 1, \"low\": 50, \"high\": 200}}"}
{"op_code":5,"worker_id":"4495cd06-127c-4c7c-9034-89cba4cf9d9b-140611610289984","trial_id":16,"param_name":"max_depth","param_value_internal":5.0,"distribution":"{\"name\": \"IntDistribution\", \"attributes\": {\"log\": false, \"step\": 1, \"low\": 2, \"high\": 5}}"}
{"op_code":6,"worker_id":"4495cd06-127c-4c7c-9034-89cba4cf9d9b-140611610289984","trial_id":16,"state":1,"values":[0.6883408071748879],"datetime_complete":"2026-03-30T13:34:56.198532"}
{"op_code":4,"worker_id":"4495cd06-127c-4c7c-9034-89cba4cf9d9b-140611610289984","study_id":0,"datetime_start":"2026-03-30T13:34:56.209930"}
{"op_code":5,"worker_id":"4495cd06-127c-4c7c-9034-89cba4cf9d9b-140611610289984","trial_id":17,"param_name":"learning_rate","param_value_internal":0.04966969879322904,"distribution":"{\"name\": \"FloatDistribution\", \"attributes\": {\"step\": null, \"low\": 0.01, \"high\": 0.2, \"log\": true}}"}
{"op_code":5,"worker_id":"4495cd06-127c-4c7c-9034-89cba4cf9d9b-140611610289984","trial_id":17,"param_name":"n_estimators","param_value_internal":174.0,"distribution":"{\"name\": \"IntDistribution\", \"attributes\": {\"log\": false, \"step\": 1, \"low\": 50, \"high\": 200}}"}
{"op_code":5,"worker_id":"4495cd06-127c-4c7c-9034-89cba4cf9d9b-140611610289984","trial_id":17,"param_name":"max_depth","param_value_internal":2.0,"distribution":"{\"name\": \"IntDistribution\", \"attributes\": {\"log\": false, \"step\": 1, \"low\": 2, \"high\": 5}}"}
{"op_code":6,"worker_id":"4495cd06-127c-4c7c-9034-89cba4cf9d9b-140611610289984","trial_id":17,"state":1,"values":[0.7443946188340808],"datetime_complete":"2026-03-30T13:34:56.328383"}
{"op_code":4,"worker_id":"4495cd06-127c-4c7c-9034-89cba4cf9d9b-140611610289984","study_id":0,"datetime_start":"2026-03-30T13:34:56.340639"}
{"op_code":5,"worker_id":"4495cd06-127c-4c7c-9034-89cba4cf9d9b-140611610289984","trial_id":18,"param_name":"learning_rate","param_value_internal":0.11741498461067092,"distribution":"{\"name\": \"FloatDistribution\", \"attributes\": {\"step\": null, \"low\": 0.01, \"high\": 0.2, \"log\": true}}"}
{"op_code":5,"worker_id":"4495cd06-127c-4c7c-9034-89cba4cf9d9b-140611610289984","trial_id":18,"param_name":"n_estimators","param_value_internal":81.0,"distribution":"{\"name\": \"IntDistribution\", \"attributes\": {\"log\": false, \"step\": 1, \"low\": 50, \"high\": 200}}"}
{"op_code":5,"worker_id":"4495cd06-127c-4c7c-9034-89cba4cf9d9b-140611610289984","trial_id":18,"param_name":"max_depth","param_value_internal":3.0,"distribution":"{\"name\": \"IntDistribution\", \"attributes\": {\"log\": false, \"step\": 1, \"low\": 2, \"high\": 5}}"}
{"op_code":6,"worker_id":"4495cd06-127c-4c7c-9034-89cba4cf9d9b-140611610289984","trial_id":18,"state":1,"values":[0.7242152466367713],"datetime_complete":"2026-03-30T13:34:56.428696"}
{"op_code":4,"worker_id":"4495cd06-127c-4c7c-9034-89cba4cf9d9b-140611610289984","study_id":0,"datetime_start":"2026-03-30T13:34:56.439581"}
{"op_code":5,"worker_id":"4495cd06-127c-4c7c-9034-89cba4cf9d9b-140611610289984","trial_id":19,"param_name":"learning_rate","param_value_internal":0.08811242560214387,"distribution":"{\"name\": \"FloatDistribution\", \"attributes\": {\"step\": null, \"low\": 0.01, \"high\": 0.2, \"log\": true}}"}
{"op_code":5,"worker_id":"4495cd06-127c-4c7c-9034-89cba4cf9d9b-140611610289984","trial_id":19,"param_name":"n_estimators","param_value_internal":113.0,"distribution":"{\"name\": \"IntDistribution\", \"attributes\": {\"log\": false, \"step\": 1, \"low\": 50, \"high\": 200}}"}
{"op_code":5,"worker_id":"4495cd06-127c-4c7c-9034-89cba4cf9d9b-140611610289984","trial_id":19,"param_name":"max_depth","param_value_internal":4.0,"distribution":"{\"name\": \"IntDistribution\", \"attributes\": {\"log\": false, \"step\": 1, \"low\": 2, \"high\": 5}}"}
{"op_code":6,"worker_id":"4495cd06-127c-4c7c-9034-89cba4cf9d9b-140611610289984","trial_id":19,"state":1,"values":[0.7399103139013453],"datetime_complete":"2026-03-30T13:34:56.542992"}
