{"op_code":0,"worker_id":"fcc1c3d7-a9dd-4da2-8a9c-ecea5a612918-140485451474752","study_name":"pchazard_tuning","directions":[2]}
{"op_code":4,"worker_id":"fcc1c3d7-a9dd-4da2-8a9c-ecea5a612918-140485451474752","study_id":0,"datetime_start":"2026-04-06T09:25:00.382395"}
{"op_code":5,"worker_id":"fcc1c3d7-a9dd-4da2-8a9c-ecea5a612918-140485451474752","trial_id":0,"param_name":"lr","param_value_internal":0.06436178924678573,"distribution":"{\"name\": \"FloatDistribution\", \"attributes\": {\"step\": null, \"low\": 0.0001, \"high\": 0.1, \"log\": true}}"}
{"op_code":5,"worker_id":"fcc1c3d7-a9dd-4da2-8a9c-ecea5a612918-140485451474752","trial_id":0,"param_name":"dropout","param_value_internal":0.1270742726768092,"distribution":"{\"name\": \"FloatDistribution\", \"attributes\": {\"step\": null, \"low\": 0.0, \"high\": 0.5, \"log\": false}}"}
{"op_code":5,"worker_id":"fcc1c3d7-a9dd-4da2-8a9c-ecea5a612918-140485451474752","trial_id":0,"param_name":"layers","param_value_internal":3.0,"distribution":"{\"name\": \"IntDistribution\", \"attributes\": {\"log\": false, \"step\": 1, \"low\": 1, \"high\": 3}}"}
{"op_code":5,"worker_id":"fcc1c3d7-a9dd-4da2-8a9c-ecea5a612918-140485451474752","trial_id":0,"param_name":"nodes","param_value_internal":1,"distribution":"{\"name\": \"CategoricalDistribution\", \"attributes\": {\"choices\": [32, 64, 128]}}"}
{"op_code":6,"worker_id":"fcc1c3d7-a9dd-4da2-8a9c-ecea5a612918-140485451474752","trial_id":0,"state":1,"values":[0.0],"datetime_complete":"2026-04-06T09:25:00.443611"}
{"op_code":4,"worker_id":"fcc1c3d7-a9dd-4da2-8a9c-ecea5a612918-140485451474752","study_id":0,"datetime_start":"2026-04-06T09:25:00.454021"}
{"op_code":5,"worker_id":"fcc1c3d7-a9dd-4da2-8a9c-ecea5a612918-140485451474752","trial_id":1,"param_name":"lr","param_value_internal":0.0024263516409946066,"distribution":"{\"name\": \"FloatDistribution\", \"attributes\": {\"step\": null, \"low\": 0.0001, \"high\": 0.1, \"log\": true}}"}
{"op_code":5,"worker_id":"fcc1c3d7-a9dd-4da2-8a9c-ecea5a612918-140485451474752","trial_id":1,"param_name":"dropout","param_value_internal":0.320992627656232,"distribution":"{\"name\": \"FloatDistribution\", \"attributes\": {\"step\": null, \"low\": 0.0, \"high\": 0.5, \"log\": false}}"}
{"op_code":5,"worker_id":"fcc1c3d7-a9dd-4da2-8a9c-ecea5a612918-140485451474752","trial_id":1,"param_name":"layers","param_value_internal":2.0,"distribution":"{\"name\": \"IntDistribution\", \"attributes\": {\"log\": false, \"step\": 1, \"low\": 1, \"high\": 3}}"}
{"op_code":5,"worker_id":"fcc1c3d7-a9dd-4da2-8a9c-ecea5a612918-140485451474752","trial_id":1,"param_name":"nodes","param_value_internal":2,"distribution":"{\"name\": \"CategoricalDistribution\", \"attributes\": {\"choices\": [32, 64, 128]}}"}
{"op_code":6,"worker_id":"fcc1c3d7-a9dd-4da2-8a9c-ecea5a612918-140485451474752","trial_id":1,"state":1,"values":[0.0],"datetime_complete":"2026-04-06T09:25:00.512530"}
{"op_code":4,"worker_id":"fcc1c3d7-a9dd-4da2-8a9c-ecea5a612918-140485451474752","study_id":0,"datetime_start":"2026-04-06T09:25:00.523206"}
{"op_code":5,"worker_id":"fcc1c3d7-a9dd-4da2-8a9c-ecea5a612918-140485451474752","trial_id":2,"param_name":"lr","param_value_internal":0.02407940235614721,"distribution":"{\"name\": \"FloatDistribution\", \"attributes\": {\"step\": null, \"low\": 0.0001, \"high\": 0.1, \"log\": true}}"}
{"op_code":5,"worker_id":"fcc1c3d7-a9dd-4da2-8a9c-ecea5a612918-140485451474752","trial_id":2,"param_name":"dropout","param_value_internal":0.4544668591067937,"distribution":"{\"name\": \"FloatDistribution\", \"attributes\": {\"step\": null, \"low\": 0.0, \"high\": 0.5, \"log\": false}}"}
{"op_code":5,"worker_id":"fcc1c3d7-a9dd-4da2-8a9c-ecea5a612918-140485451474752","trial_id":2,"param_name":"layers","param_value_internal":3.0,"distribution":"{\"name\": \"IntDistribution\", \"attributes\": {\"log\": false, \"step\": 1, \"low\": 1, \"high\": 3}}"}
{"op_code":5,"worker_id":"fcc1c3d7-a9dd-4da2-8a9c-ecea5a612918-140485451474752","trial_id":2,"param_name":"nodes","param_value_internal":1,"distribution":"{\"name\": \"CategoricalDistribution\", \"attributes\": {\"choices\": [32, 64, 128]}}"}
{"op_code":6,"worker_id":"fcc1c3d7-a9dd-4da2-8a9c-ecea5a612918-140485451474752","trial_id":2,"state":1,"values":[0.0],"datetime_complete":"2026-04-06T09:25:00.586974"}
{"op_code":4,"worker_id":"fcc1c3d7-a9dd-4da2-8a9c-ecea5a612918-140485451474752","study_id":0,"datetime_start":"2026-04-06T09:25:00.597632"}
{"op_code":5,"worker_id":"fcc1c3d7-a9dd-4da2-8a9c-ecea5a612918-140485451474752","trial_id":3,"param_name":"lr","param_value_internal":0.0009189907774452909,"distribution":"{\"name\": \"FloatDistribution\", \"attributes\": {\"step\": null, \"low\": 0.0001, \"high\": 0.1, \"log\": true}}"}
{"op_code":5,"worker_id":"fcc1c3d7-a9dd-4da2-8a9c-ecea5a612918-140485451474752","trial_id":3,"param_name":"dropout","param_value_internal":0.24691353790334747,"distribution":"{\"name\": \"FloatDistribution\", \"attributes\": {\"step\": null, \"low\": 0.0, \"high\": 0.5, \"log\": false}}"}
{"op_code":5,"worker_id":"fcc1c3d7-a9dd-4da2-8a9c-ecea5a612918-140485451474752","trial_id":3,"param_name":"layers","param_value_internal":2.0,"distribution":"{\"name\": \"IntDistribution\", \"attributes\": {\"log\": false, \"step\": 1, \"low\": 1, \"high\": 3}}"}
{"op_code":5,"worker_id":"fcc1c3d7-a9dd-4da2-8a9c-ecea5a612918-140485451474752","trial_id":3,"param_name":"nodes","param_value_internal":1,"distribution":"{\"name\": \"CategoricalDistribution\", \"attributes\": {\"choices\": [32, 64, 128]}}"}
{"op_code":6,"worker_id":"fcc1c3d7-a9dd-4da2-8a9c-ecea5a612918-140485451474752","trial_id":3,"state":1,"values":[0.0],"datetime_complete":"2026-04-06T09:25:00.657165"}
{"op_code":4,"worker_id":"fcc1c3d7-a9dd-4da2-8a9c-ecea5a612918-140485451474752","study_id":0,"datetime_start":"2026-04-06T09:25:00.669308"}
{"op_code":5,"worker_id":"fcc1c3d7-a9dd-4da2-8a9c-ecea5a612918-140485451474752","trial_id":4,"param_name":"lr","param_value_internal":0.00724039764188373,"distribution":"{\"name\": \"FloatDistribution\", \"attributes\": {\"step\": null, \"low\": 0.0001, \"high\": 0.1, \"log\": true}}"}
{"op_code":5,"worker_id":"fcc1c3d7-a9dd-4da2-8a9c-ecea5a612918-140485451474752","trial_id":4,"param_name":"dropout","param_value_internal":0.2087247068366087,"distribution":"{\"name\": \"FloatDistribution\", \"attributes\": {\"step\": null, \"low\": 0.0, \"high\": 0.5, \"log\": false}}"}
{"op_code":5,"worker_id":"fcc1c3d7-a9dd-4da2-8a9c-ecea5a612918-140485451474752","trial_id":4,"param_name":"layers","param_value_internal":1.0,"distribution":"{\"name\": \"IntDistribution\", \"attributes\": {\"log\": false, \"step\": 1, \"low\": 1, \"high\": 3}}"}
{"op_code":5,"worker_id":"fcc1c3d7-a9dd-4da2-8a9c-ecea5a612918-140485451474752","trial_id":4,"param_name":"nodes","param_value_internal":1,"distribution":"{\"name\": \"CategoricalDistribution\", \"attributes\": {\"choices\": [32, 64, 128]}}"}
{"op_code":6,"worker_id":"fcc1c3d7-a9dd-4da2-8a9c-ecea5a612918-140485451474752","trial_id":4,"state":1,"values":[0.0],"datetime_complete":"2026-04-06T09:25:00.727226"}
{"op_code":4,"worker_id":"fcc1c3d7-a9dd-4da2-8a9c-ecea5a612918-140485451474752","study_id":0,"datetime_start":"2026-04-06T09:25:00.739595"}
{"op_code":5,"worker_id":"fcc1c3d7-a9dd-4da2-8a9c-ecea5a612918-140485451474752","trial_id":5,"param_name":"lr","param_value_internal":0.09746231484771455,"distribution":"{\"name\": \"FloatDistribution\", \"attributes\": {\"step\": null, \"low\": 0.0001, \"high\": 0.1, \"log\": true}}"}
{"op_code":5,"worker_id":"fcc1c3d7-a9dd-4da2-8a9c-ecea5a612918-140485451474752","trial_id":5,"param_name":"dropout","param_value_internal":0.317608022915979,"distribution":"{\"name\": \"FloatDistribution\", \"attributes\": {\"step\": null, \"low\": 0.0, \"high\": 0.5, \"log\": false}}"}
{"op_code":5,"worker_id":"fcc1c3d7-a9dd-4da2-8a9c-ecea5a612918-140485451474752","trial_id":5,"param_name":"layers","param_value_internal":3.0,"distribution":"{\"name\": \"IntDistribution\", \"attributes\": {\"log\": false, \"step\": 1, \"low\": 1, \"high\": 3}}"}
{"op_code":5,"worker_id":"fcc1c3d7-a9dd-4da2-8a9c-ecea5a612918-140485451474752","trial_id":5,"param_name":"nodes","param_value_internal":0,"distribution":"{\"name\": \"CategoricalDistribution\", \"attributes\": {\"choices\": [32, 64, 128]}}"}
{"op_code":6,"worker_id":"fcc1c3d7-a9dd-4da2-8a9c-ecea5a612918-140485451474752","trial_id":5,"state":1,"values":[0.0],"datetime_complete":"2026-04-06T09:25:00.804261"}
{"op_code":4,"worker_id":"fcc1c3d7-a9dd-4da2-8a9c-ecea5a612918-140485451474752","study_id":0,"datetime_start":"2026-04-06T09:25:00.814469"}
{"op_code":5,"worker_id":"fcc1c3d7-a9dd-4da2-8a9c-ecea5a612918-140485451474752","trial_id":6,"param_name":"lr","param_value_internal":0.00010327890670240457,"distribution":"{\"name\": \"FloatDistribution\", \"attributes\": {\"step\": null, \"low\": 0.0001, \"high\": 0.1, \"log\": true}}"}
{"op_code":5,"worker_id":"fcc1c3d7-a9dd-4da2-8a9c-ecea5a612918-140485451474752","trial_id":6,"param_name":"dropout","param_value_internal":0.19161763858416542,"distribution":"{\"name\": \"FloatDistribution\", \"attributes\": {\"step\": null, \"low\": 0.0, \"high\": 0.5, \"log\": false}}"}
{"op_code":5,"worker_id":"fcc1c3d7-a9dd-4da2-8a9c-ecea5a612918-140485451474752","trial_id":6,"param_name":"layers","param_value_internal":2.0,"distribution":"{\"name\": \"IntDistribution\", \"attributes\": {\"log\": false, \"step\": 1, \"low\": 1, \"high\": 3}}"}
{"op_code":5,"worker_id":"fcc1c3d7-a9dd-4da2-8a9c-ecea5a612918-140485451474752","trial_id":6,"param_name":"nodes","param_value_internal":0,"distribution":"{\"name\": \"CategoricalDistribution\", \"attributes\": {\"choices\": [32, 64, 128]}}"}
{"op_code":6,"worker_id":"fcc1c3d7-a9dd-4da2-8a9c-ecea5a612918-140485451474752","trial_id":6,"state":1,"values":[0.0],"datetime_complete":"2026-04-06T09:25:00.874988"}
{"op_code":4,"worker_id":"fcc1c3d7-a9dd-4da2-8a9c-ecea5a612918-140485451474752","study_id":0,"datetime_start":"2026-04-06T09:25:00.887558"}
{"op_code":5,"worker_id":"fcc1c3d7-a9dd-4da2-8a9c-ecea5a612918-140485451474752","trial_id":7,"param_name":"lr","param_value_internal":0.0002619650327961591,"distribution":"{\"name\": \"FloatDistribution\", \"attributes\": {\"step\": null, \"low\": 0.0001, \"high\": 0.1, \"log\": true}}"}
{"op_code":5,"worker_id":"fcc1c3d7-a9dd-4da2-8a9c-ecea5a612918-140485451474752","trial_id":7,"param_name":"dropout","param_value_internal":0.20623977181884795,"distribution":"{\"name\": \"FloatDistribution\", \"attributes\": {\"step\": null, \"low\": 0.0, \"high\": 0.5, \"log\": false}}"}
{"op_code":5,"worker_id":"fcc1c3d7-a9dd-4da2-8a9c-ecea5a612918-140485451474752","trial_id":7,"param_name":"layers","param_value_internal":2.0,"distribution":"{\"name\": \"IntDistribution\", \"attributes\": {\"log\": false, \"step\": 1, \"low\": 1, \"high\": 3}}"}
{"op_code":5,"worker_id":"fcc1c3d7-a9dd-4da2-8a9c-ecea5a612918-140485451474752","trial_id":7,"param_name":"nodes","param_value_internal":2,"distribution":"{\"name\": \"CategoricalDistribution\", \"attributes\": {\"choices\": [32, 64, 128]}}"}
{"op_code":6,"worker_id":"fcc1c3d7-a9dd-4da2-8a9c-ecea5a612918-140485451474752","trial_id":7,"state":1,"values":[0.0],"datetime_complete":"2026-04-06T09:25:00.947166"}
{"op_code":4,"worker_id":"fcc1c3d7-a9dd-4da2-8a9c-ecea5a612918-140485451474752","study_id":0,"datetime_start":"2026-04-06T09:25:00.958145"}
{"op_code":5,"worker_id":"fcc1c3d7-a9dd-4da2-8a9c-ecea5a612918-140485451474752","trial_id":8,"param_name":"lr","param_value_internal":0.00035050574968783387,"distribution":"{\"name\": \"FloatDistribution\", \"attributes\": {\"step\": null, \"low\": 0.0001, \"high\": 0.1, \"log\": true}}"}
{"op_code":5,"worker_id":"fcc1c3d7-a9dd-4da2-8a9c-ecea5a612918-140485451474752","trial_id":8,"param_name":"dropout","param_value_internal":0.15008192871597947,"distribution":"{\"name\": \"FloatDistribution\", \"attributes\": {\"step\": null, \"low\": 0.0, \"high\": 0.5, \"log\": false}}"}
{"op_code":5,"worker_id":"fcc1c3d7-a9dd-4da2-8a9c-ecea5a612918-140485451474752","trial_id":8,"param_name":"layers","param_value_internal":3.0,"distribution":"{\"name\": \"IntDistribution\", \"attributes\": {\"log\": false, \"step\": 1, \"low\": 1, \"high\": 3}}"}
{"op_code":5,"worker_id":"fcc1c3d7-a9dd-4da2-8a9c-ecea5a612918-140485451474752","trial_id":8,"param_name":"nodes","param_value_internal":0,"distribution":"{\"name\": \"CategoricalDistribution\", \"attributes\": {\"choices\": [32, 64, 128]}}"}
{"op_code":6,"worker_id":"fcc1c3d7-a9dd-4da2-8a9c-ecea5a612918-140485451474752","trial_id":8,"state":1,"values":[0.0],"datetime_complete":"2026-04-06T09:25:01.036537"}
{"op_code":4,"worker_id":"fcc1c3d7-a9dd-4da2-8a9c-ecea5a612918-140485451474752","study_id":0,"datetime_start":"2026-04-06T09:25:01.048133"}
{"op_code":5,"worker_id":"fcc1c3d7-a9dd-4da2-8a9c-ecea5a612918-140485451474752","trial_id":9,"param_name":"lr","param_value_internal":0.0711717896555968,"distribution":"{\"name\": \"FloatDistribution\", \"attributes\": {\"step\": null, \"low\": 0.0001, \"high\": 0.1, \"log\": true}}"}
{"op_code":5,"worker_id":"fcc1c3d7-a9dd-4da2-8a9c-ecea5a612918-140485451474752","trial_id":9,"param_name":"dropout","param_value_internal":0.2183829907810252,"distribution":"{\"name\": \"FloatDistribution\", \"attributes\": {\"step\": null, \"low\": 0.0, \"high\": 0.5, \"log\": false}}"}
{"op_code":5,"worker_id":"fcc1c3d7-a9dd-4da2-8a9c-ecea5a612918-140485451474752","trial_id":9,"param_name":"layers","param_value_internal":3.0,"distribution":"{\"name\": \"IntDistribution\", \"attributes\": {\"log\": false, \"step\": 1, \"low\": 1, \"high\": 3}}"}
{"op_code":5,"worker_id":"fcc1c3d7-a9dd-4da2-8a9c-ecea5a612918-140485451474752","trial_id":9,"param_name":"nodes","param_value_internal":0,"distribution":"{\"name\": \"CategoricalDistribution\", \"attributes\": {\"choices\": [32, 64, 128]}}"}
{"op_code":6,"worker_id":"fcc1c3d7-a9dd-4da2-8a9c-ecea5a612918-140485451474752","trial_id":9,"state":1,"values":[0.0],"datetime_complete":"2026-04-06T09:25:01.122544"}
{"op_code":4,"worker_id":"fcc1c3d7-a9dd-4da2-8a9c-ecea5a612918-140485451474752","study_id":0,"datetime_start":"2026-04-06T09:25:01.135013"}
{"op_code":5,"worker_id":"fcc1c3d7-a9dd-4da2-8a9c-ecea5a612918-140485451474752","trial_id":10,"param_name":"lr","param_value_internal":0.013126827843649231,"distribution":"{\"name\": \"FloatDistribution\", \"attributes\": {\"step\": null, \"low\": 0.0001, \"high\": 0.1, \"log\": true}}"}
{"op_code":5,"worker_id":"fcc1c3d7-a9dd-4da2-8a9c-ecea5a612918-140485451474752","trial_id":10,"param_name":"dropout","param_value_internal":0.006781743136626314,"distribution":"{\"name\": \"FloatDistribution\", \"attributes\": {\"step\": null, \"low\": 0.0, \"high\": 0.5, \"log\": false}}"}
{"op_code":5,"worker_id":"fcc1c3d7-a9dd-4da2-8a9c-ecea5a612918-140485451474752","trial_id":10,"param_name":"layers","param_value_internal":1.0,"distribution":"{\"name\": \"IntDistribution\", \"attributes\": {\"log\": false, \"step\": 1, \"low\": 1, \"high\": 3}}"}
{"op_code":5,"worker_id":"fcc1c3d7-a9dd-4da2-8a9c-ecea5a612918-140485451474752","trial_id":10,"param_name":"nodes","param_value_internal":1,"distribution":"{\"name\": \"CategoricalDistribution\", \"attributes\": {\"choices\": [32, 64, 128]}}"}
{"op_code":6,"worker_id":"fcc1c3d7-a9dd-4da2-8a9c-ecea5a612918-140485451474752","trial_id":10,"state":1,"values":[0.0],"datetime_complete":"2026-04-06T09:25:01.220021"}
{"op_code":4,"worker_id":"fcc1c3d7-a9dd-4da2-8a9c-ecea5a612918-140485451474752","study_id":0,"datetime_start":"2026-04-06T09:25:01.233601"}
{"op_code":5,"worker_id":"fcc1c3d7-a9dd-4da2-8a9c-ecea5a612918-140485451474752","trial_id":11,"param_name":"lr","param_value_internal":0.002744553744141779,"distribution":"{\"name\": \"FloatDistribution\", \"attributes\": {\"step\": null, \"low\": 0.0001, \"high\": 0.1, \"log\": true}}"}
{"op_code":5,"worker_id":"fcc1c3d7-a9dd-4da2-8a9c-ecea5a612918-140485451474752","trial_id":11,"param_name":"dropout","param_value_internal":0.35224651183416067,"distribution":"{\"name\": \"FloatDistribution\", \"attributes\": {\"step\": null, \"low\": 0.0, \"high\": 0.5, \"log\": false}}"}
{"op_code":5,"worker_id":"fcc1c3d7-a9dd-4da2-8a9c-ecea5a612918-140485451474752","trial_id":11,"param_name":"layers","param_value_internal":2.0,"distribution":"{\"name\": \"IntDistribution\", \"attributes\": {\"log\": false, \"step\": 1, \"low\": 1, \"high\": 3}}"}
{"op_code":5,"worker_id":"fcc1c3d7-a9dd-4da2-8a9c-ecea5a612918-140485451474752","trial_id":11,"param_name":"nodes","param_value_internal":2,"distribution":"{\"name\": \"CategoricalDistribution\", \"attributes\": {\"choices\": [32, 64, 128]}}"}
{"op_code":6,"worker_id":"fcc1c3d7-a9dd-4da2-8a9c-ecea5a612918-140485451474752","trial_id":11,"state":1,"values":[0.0],"datetime_complete":"2026-04-06T09:25:01.322617"}
{"op_code":4,"worker_id":"fcc1c3d7-a9dd-4da2-8a9c-ecea5a612918-140485451474752","study_id":0,"datetime_start":"2026-04-06T09:25:01.335033"}
{"op_code":5,"worker_id":"fcc1c3d7-a9dd-4da2-8a9c-ecea5a612918-140485451474752","trial_id":12,"param_name":"lr","param_value_internal":0.002676522919567248,"distribution":"{\"name\": \"FloatDistribution\", \"attributes\": {\"step\": null, \"low\": 0.0001, \"high\": 0.1, \"log\": true}}"}
{"op_code":5,"worker_id":"fcc1c3d7-a9dd-4da2-8a9c-ecea5a612918-140485451474752","trial_id":12,"param_name":"dropout","param_value_internal":0.06467112955203184,"distribution":"{\"name\": \"FloatDistribution\", \"attributes\": {\"step\": null, \"low\": 0.0, \"high\": 0.5, \"log\": false}}"}
{"op_code":5,"worker_id":"fcc1c3d7-a9dd-4da2-8a9c-ecea5a612918-140485451474752","trial_id":12,"param_name":"layers","param_value_internal":2.0,"distribution":"{\"name\": \"IntDistribution\", \"attributes\": {\"log\": false, \"step\": 1, \"low\": 1, \"high\": 3}}"}
{"op_code":5,"worker_id":"fcc1c3d7-a9dd-4da2-8a9c-ecea5a612918-140485451474752","trial_id":12,"param_name":"nodes","param_value_internal":2,"distribution":"{\"name\": \"CategoricalDistribution\", \"attributes\": {\"choices\": [32, 64, 128]}}"}
{"op_code":6,"worker_id":"fcc1c3d7-a9dd-4da2-8a9c-ecea5a612918-140485451474752","trial_id":12,"state":1,"values":[0.0],"datetime_complete":"2026-04-06T09:25:01.420190"}
{"op_code":4,"worker_id":"fcc1c3d7-a9dd-4da2-8a9c-ecea5a612918-140485451474752","study_id":0,"datetime_start":"2026-04-06T09:25:01.432584"}
{"op_code":5,"worker_id":"fcc1c3d7-a9dd-4da2-8a9c-ecea5a612918-140485451474752","trial_id":13,"param_name":"lr","param_value_internal":0.0011986784493627377,"distribution":"{\"name\": \"FloatDistribution\", \"attributes\": {\"step\": null, \"low\": 0.0001, \"high\": 0.1, \"log\": true}}"}
{"op_code":5,"worker_id":"fcc1c3d7-a9dd-4da2-8a9c-ecea5a612918-140485451474752","trial_id":13,"param_name":"dropout","param_value_internal":0.37405691470115165,"distribution":"{\"name\": \"FloatDistribution\", \"attributes\": {\"step\": null, \"low\": 0.0, \"high\": 0.5, \"log\": false}}"}
{"op_code":5,"worker_id":"fcc1c3d7-a9dd-4da2-8a9c-ecea5a612918-140485451474752","trial_id":13,"param_name":"layers","param_value_internal":1.0,"distribution":"{\"name\": \"IntDistribution\", \"attributes\": {\"log\": false, \"step\": 1, \"low\": 1, \"high\": 3}}"}
{"op_code":5,"worker_id":"fcc1c3d7-a9dd-4da2-8a9c-ecea5a612918-140485451474752","trial_id":13,"param_name":"nodes","param_value_internal":2,"distribution":"{\"name\": \"CategoricalDistribution\", \"attributes\": {\"choices\": [32, 64, 128]}}"}
{"op_code":6,"worker_id":"fcc1c3d7-a9dd-4da2-8a9c-ecea5a612918-140485451474752","trial_id":13,"state":1,"values":[0.0],"datetime_complete":"2026-04-06T09:25:01.517393"}
{"op_code":4,"worker_id":"fcc1c3d7-a9dd-4da2-8a9c-ecea5a612918-140485451474752","study_id":0,"datetime_start":"2026-04-06T09:25:01.532523"}
{"op_code":5,"worker_id":"fcc1c3d7-a9dd-4da2-8a9c-ecea5a612918-140485451474752","trial_id":14,"param_name":"lr","param_value_internal":0.027901435449104426,"distribution":"{\"name\": \"FloatDistribution\", \"attributes\": {\"step\": null, \"low\": 0.0001, \"high\": 0.1, \"log\": true}}"}
{"op_code":5,"worker_id":"fcc1c3d7-a9dd-4da2-8a9c-ecea5a612918-140485451474752","trial_id":14,"param_name":"dropout","param_value_internal":0.1196483547189165,"distribution":"{\"name\": \"FloatDistribution\", \"attributes\": {\"step\": null, \"low\": 0.0, \"high\": 0.5, \"log\": false}}"}
{"op_code":5,"worker_id":"fcc1c3d7-a9dd-4da2-8a9c-ecea5a612918-140485451474752","trial_id":14,"param_name":"layers","param_value_internal":3.0,"distribution":"{\"name\": \"IntDistribution\", \"attributes\": {\"log\": false, \"step\": 1, \"low\": 1, \"high\": 3}}"}
{"op_code":5,"worker_id":"fcc1c3d7-a9dd-4da2-8a9c-ecea5a612918-140485451474752","trial_id":14,"param_name":"nodes","param_value_internal":2,"distribution":"{\"name\": \"CategoricalDistribution\", \"attributes\": {\"choices\": [32, 64, 128]}}"}
{"op_code":6,"worker_id":"fcc1c3d7-a9dd-4da2-8a9c-ecea5a612918-140485451474752","trial_id":14,"state":1,"values":[0.0],"datetime_complete":"2026-04-06T09:25:01.631649"}
{"op_code":4,"worker_id":"fcc1c3d7-a9dd-4da2-8a9c-ecea5a612918-140485451474752","study_id":0,"datetime_start":"2026-04-06T09:25:01.644298"}
{"op_code":5,"worker_id":"fcc1c3d7-a9dd-4da2-8a9c-ecea5a612918-140485451474752","trial_id":15,"param_name":"lr","param_value_internal":0.006027631814350468,"distribution":"{\"name\": \"FloatDistribution\", \"attributes\": {\"step\": null, \"low\": 0.0001, \"high\": 0.1, \"log\": true}}"}
{"op_code":5,"worker_id":"fcc1c3d7-a9dd-4da2-8a9c-ecea5a612918-140485451474752","trial_id":15,"param_name":"dropout","param_value_internal":0.49996169520973716,"distribution":"{\"name\": \"FloatDistribution\", \"attributes\": {\"step\": null, \"low\": 0.0, \"high\": 0.5, \"log\": false}}"}
{"op_code":5,"worker_id":"fcc1c3d7-a9dd-4da2-8a9c-ecea5a612918-140485451474752","trial_id":15,"param_name":"layers","param_value_internal":2.0,"distribution":"{\"name\": \"IntDistribution\", \"attributes\": {\"log\": false, \"step\": 1, \"low\": 1, \"high\": 3}}"}
{"op_code":5,"worker_id":"fcc1c3d7-a9dd-4da2-8a9c-ecea5a612918-140485451474752","trial_id":15,"param_name":"nodes","param_value_internal":1,"distribution":"{\"name\": \"CategoricalDistribution\", \"attributes\": {\"choices\": [32, 64, 128]}}"}
{"op_code":6,"worker_id":"fcc1c3d7-a9dd-4da2-8a9c-ecea5a612918-140485451474752","trial_id":15,"state":1,"values":[0.0],"datetime_complete":"2026-04-06T09:25:01.726289"}
{"op_code":4,"worker_id":"fcc1c3d7-a9dd-4da2-8a9c-ecea5a612918-140485451474752","study_id":0,"datetime_start":"2026-04-06T09:25:01.740183"}
{"op_code":5,"worker_id":"fcc1c3d7-a9dd-4da2-8a9c-ecea5a612918-140485451474752","trial_id":16,"param_name":"lr","param_value_internal":0.0012757105629767652,"distribution":"{\"name\": \"FloatDistribution\", \"attributes\": {\"step\": null, \"low\": 0.0001, \"high\": 0.1, \"log\": true}}"}
{"op_code":5,"worker_id":"fcc1c3d7-a9dd-4da2-8a9c-ecea5a612918-140485451474752","trial_id":16,"param_name":"dropout","param_value_internal":0.29755068692193787,"distribution":"{\"name\": \"FloatDistribution\", \"attributes\": {\"step\": null, \"low\": 0.0, \"high\": 0.5, \"log\": false}}"}
{"op_code":5,"worker_id":"fcc1c3d7-a9dd-4da2-8a9c-ecea5a612918-140485451474752","trial_id":16,"param_name":"layers","param_value_internal":3.0,"distribution":"{\"name\": \"IntDistribution\", \"attributes\": {\"log\": false, \"step\": 1, \"low\": 1, \"high\": 3}}"}
{"op_code":5,"worker_id":"fcc1c3d7-a9dd-4da2-8a9c-ecea5a612918-140485451474752","trial_id":16,"param_name":"nodes","param_value_internal":2,"distribution":"{\"name\": \"CategoricalDistribution\", \"attributes\": {\"choices\": [32, 64, 128]}}"}
{"op_code":6,"worker_id":"fcc1c3d7-a9dd-4da2-8a9c-ecea5a612918-140485451474752","trial_id":16,"state":1,"values":[0.0],"datetime_complete":"2026-04-06T09:25:01.829905"}
{"op_code":4,"worker_id":"fcc1c3d7-a9dd-4da2-8a9c-ecea5a612918-140485451474752","study_id":0,"datetime_start":"2026-04-06T09:25:01.845479"}
{"op_code":5,"worker_id":"fcc1c3d7-a9dd-4da2-8a9c-ecea5a612918-140485451474752","trial_id":17,"param_name":"lr","param_value_internal":0.02722938528932697,"distribution":"{\"name\": \"FloatDistribution\", \"attributes\": {\"step\": null, \"low\": 0.0001, \"high\": 0.1, \"log\": true}}"}
{"op_code":5,"worker_id":"fcc1c3d7-a9dd-4da2-8a9c-ecea5a612918-140485451474752","trial_id":17,"param_name":"dropout","param_value_internal":0.10001237897171615,"distribution":"{\"name\": \"FloatDistribution\", \"attributes\": {\"step\": null, \"low\": 0.0, \"high\": 0.5, \"log\": false}}"}
{"op_code":5,"worker_id":"fcc1c3d7-a9dd-4da2-8a9c-ecea5a612918-140485451474752","trial_id":17,"param_name":"layers","param_value_internal":1.0,"distribution":"{\"name\": \"IntDistribution\", \"attributes\": {\"log\": false, \"step\": 1, \"low\": 1, \"high\": 3}}"}
{"op_code":5,"worker_id":"fcc1c3d7-a9dd-4da2-8a9c-ecea5a612918-140485451474752","trial_id":17,"param_name":"nodes","param_value_internal":1,"distribution":"{\"name\": \"CategoricalDistribution\", \"attributes\": {\"choices\": [32, 64, 128]}}"}
{"op_code":6,"worker_id":"fcc1c3d7-a9dd-4da2-8a9c-ecea5a612918-140485451474752","trial_id":17,"state":1,"values":[0.0],"datetime_complete":"2026-04-06T09:25:01.932992"}
{"op_code":4,"worker_id":"fcc1c3d7-a9dd-4da2-8a9c-ecea5a612918-140485451474752","study_id":0,"datetime_start":"2026-04-06T09:25:01.945494"}
{"op_code":5,"worker_id":"fcc1c3d7-a9dd-4da2-8a9c-ecea5a612918-140485451474752","trial_id":18,"param_name":"lr","param_value_internal":0.007406534953584759,"distribution":"{\"name\": \"FloatDistribution\", \"attributes\": {\"step\": null, \"low\": 0.0001, \"high\": 0.1, \"log\": true}}"}
{"op_code":5,"worker_id":"fcc1c3d7-a9dd-4da2-8a9c-ecea5a612918-140485451474752","trial_id":18,"param_name":"dropout","param_value_internal":0.386191211551498,"distribution":"{\"name\": \"FloatDistribution\", \"attributes\": {\"step\": null, \"low\": 0.0, \"high\": 0.5, \"log\": false}}"}
{"op_code":5,"worker_id":"fcc1c3d7-a9dd-4da2-8a9c-ecea5a612918-140485451474752","trial_id":18,"param_name":"layers","param_value_internal":2.0,"distribution":"{\"name\": \"IntDistribution\", \"attributes\": {\"log\": false, \"step\": 1, \"low\": 1, \"high\": 3}}"}
{"op_code":5,"worker_id":"fcc1c3d7-a9dd-4da2-8a9c-ecea5a612918-140485451474752","trial_id":18,"param_name":"nodes","param_value_internal":1,"distribution":"{\"name\": \"CategoricalDistribution\", \"attributes\": {\"choices\": [32, 64, 128]}}"}
{"op_code":6,"worker_id":"fcc1c3d7-a9dd-4da2-8a9c-ecea5a612918-140485451474752","trial_id":18,"state":1,"values":[0.0],"datetime_complete":"2026-04-06T09:25:02.032851"}
{"op_code":4,"worker_id":"fcc1c3d7-a9dd-4da2-8a9c-ecea5a612918-140485451474752","study_id":0,"datetime_start":"2026-04-06T09:25:02.046844"}
{"op_code":5,"worker_id":"fcc1c3d7-a9dd-4da2-8a9c-ecea5a612918-140485451474752","trial_id":19,"param_name":"lr","param_value_internal":0.0005021263628027876,"distribution":"{\"name\": \"FloatDistribution\", \"attributes\": {\"step\": null, \"low\": 0.0001, \"high\": 0.1, \"log\": true}}"}
{"op_code":5,"worker_id":"fcc1c3d7-a9dd-4da2-8a9c-ecea5a612918-140485451474752","trial_id":19,"param_name":"dropout","param_value_internal":0.285323758716556,"distribution":"{\"name\": \"FloatDistribution\", \"attributes\": {\"step\": null, \"low\": 0.0, \"high\": 0.5, \"log\": false}}"}
{"op_code":5,"worker_id":"fcc1c3d7-a9dd-4da2-8a9c-ecea5a612918-140485451474752","trial_id":19,"param_name":"layers","param_value_internal":2.0,"distribution":"{\"name\": \"IntDistribution\", \"attributes\": {\"log\": false, \"step\": 1, \"low\": 1, \"high\": 3}}"}
{"op_code":5,"worker_id":"fcc1c3d7-a9dd-4da2-8a9c-ecea5a612918-140485451474752","trial_id":19,"param_name":"nodes","param_value_internal":2,"distribution":"{\"name\": \"CategoricalDistribution\", \"attributes\": {\"choices\": [32, 64, 128]}}"}
{"op_code":6,"worker_id":"fcc1c3d7-a9dd-4da2-8a9c-ecea5a612918-140485451474752","trial_id":19,"state":1,"values":[0.0],"datetime_complete":"2026-04-06T09:25:02.134616"}
