{"op_code":0,"worker_id":"2f65c2c7-be79-40e7-8636-87d11a8cd66a-140544486217536","study_name":"tabdpt_pchazard","directions":[2]}
{"op_code":4,"worker_id":"2f65c2c7-be79-40e7-8636-87d11a8cd66a-140544486217536","study_id":0,"datetime_start":"2026-04-01T01:53:00.397388"}
{"op_code":5,"worker_id":"2f65c2c7-be79-40e7-8636-87d11a8cd66a-140544486217536","trial_id":0,"param_name":"lr","param_value_internal":0.08118478920538515,"distribution":"{\"name\": \"FloatDistribution\", \"attributes\": {\"step\": null, \"low\": 0.0001, \"high\": 0.1, \"log\": true}}"}
{"op_code":5,"worker_id":"2f65c2c7-be79-40e7-8636-87d11a8cd66a-140544486217536","trial_id":0,"param_name":"dropout","param_value_internal":0.33493567805299235,"distribution":"{\"name\": \"FloatDistribution\", \"attributes\": {\"step\": null, \"low\": 0.0, \"high\": 0.5, \"log\": false}}"}
{"op_code":5,"worker_id":"2f65c2c7-be79-40e7-8636-87d11a8cd66a-140544486217536","trial_id":0,"param_name":"nodes","param_value_internal":1,"distribution":"{\"name\": \"CategoricalDistribution\", \"attributes\": {\"choices\": [\"64-64\", \"128-64\", \"256-128\"]}}"}
{"op_code":6,"worker_id":"2f65c2c7-be79-40e7-8636-87d11a8cd66a-140544486217536","trial_id":0,"state":1,"values":[0.5365465453209811],"datetime_complete":"2026-04-01T01:53:02.170890"}
{"op_code":4,"worker_id":"2f65c2c7-be79-40e7-8636-87d11a8cd66a-140544486217536","study_id":0,"datetime_start":"2026-04-01T01:53:02.188726"}
{"op_code":5,"worker_id":"2f65c2c7-be79-40e7-8636-87d11a8cd66a-140544486217536","trial_id":1,"param_name":"lr","param_value_internal":0.0005541369829636653,"distribution":"{\"name\": \"FloatDistribution\", \"attributes\": {\"step\": null, \"low\": 0.0001, \"high\": 0.1, \"log\": true}}"}
{"op_code":5,"worker_id":"2f65c2c7-be79-40e7-8636-87d11a8cd66a-140544486217536","trial_id":1,"param_name":"dropout","param_value_internal":0.1644579259957034,"distribution":"{\"name\": \"FloatDistribution\", \"attributes\": {\"step\": null, \"low\": 0.0, \"high\": 0.5, \"log\": false}}"}
{"op_code":5,"worker_id":"2f65c2c7-be79-40e7-8636-87d11a8cd66a-140544486217536","trial_id":1,"param_name":"nodes","param_value_internal":2,"distribution":"{\"name\": \"CategoricalDistribution\", \"attributes\": {\"choices\": [\"64-64\", \"128-64\", \"256-128\"]}}"}
{"op_code":6,"worker_id":"2f65c2c7-be79-40e7-8636-87d11a8cd66a-140544486217536","trial_id":1,"state":1,"values":[0.5308737705587071],"datetime_complete":"2026-04-01T01:53:03.972713"}
{"op_code":4,"worker_id":"2f65c2c7-be79-40e7-8636-87d11a8cd66a-140544486217536","study_id":0,"datetime_start":"2026-04-01T01:53:03.987297"}
{"op_code":5,"worker_id":"2f65c2c7-be79-40e7-8636-87d11a8cd66a-140544486217536","trial_id":2,"param_name":"lr","param_value_internal":0.005487169759163442,"distribution":"{\"name\": \"FloatDistribution\", \"attributes\": {\"step\": null, \"low\": 0.0001, \"high\": 0.1, \"log\": true}}"}
{"op_code":5,"worker_id":"2f65c2c7-be79-40e7-8636-87d11a8cd66a-140544486217536","trial_id":2,"param_name":"dropout","param_value_internal":0.3478789823628529,"distribution":"{\"name\": \"FloatDistribution\", \"attributes\": {\"step\": null, \"low\": 0.0, \"high\": 0.5, \"log\": false}}"}
{"op_code":5,"worker_id":"2f65c2c7-be79-40e7-8636-87d11a8cd66a-140544486217536","trial_id":2,"param_name":"nodes","param_value_internal":2,"distribution":"{\"name\": \"CategoricalDistribution\", \"attributes\": {\"choices\": [\"64-64\", \"128-64\", \"256-128\"]}}"}
{"op_code":6,"worker_id":"2f65c2c7-be79-40e7-8636-87d11a8cd66a-140544486217536","trial_id":2,"state":1,"values":[0.5123046157613353],"datetime_complete":"2026-04-01T01:53:05.756453"}
{"op_code":4,"worker_id":"2f65c2c7-be79-40e7-8636-87d11a8cd66a-140544486217536","study_id":0,"datetime_start":"2026-04-01T01:53:05.770769"}
{"op_code":5,"worker_id":"2f65c2c7-be79-40e7-8636-87d11a8cd66a-140544486217536","trial_id":3,"param_name":"lr","param_value_internal":0.0960599070713001,"distribution":"{\"name\": \"FloatDistribution\", \"attributes\": {\"step\": null, \"low\": 0.0001, \"high\": 0.1, \"log\": true}}"}
{"op_code":5,"worker_id":"2f65c2c7-be79-40e7-8636-87d11a8cd66a-140544486217536","trial_id":3,"param_name":"dropout","param_value_internal":0.38908657160775295,"distribution":"{\"name\": \"FloatDistribution\", \"attributes\": {\"step\": null, \"low\": 0.0, \"high\": 0.5, \"log\": false}}"}
{"op_code":5,"worker_id":"2f65c2c7-be79-40e7-8636-87d11a8cd66a-140544486217536","trial_id":3,"param_name":"nodes","param_value_internal":2,"distribution":"{\"name\": \"CategoricalDistribution\", \"attributes\": {\"choices\": [\"64-64\", \"128-64\", \"256-128\"]}}"}
{"op_code":6,"worker_id":"2f65c2c7-be79-40e7-8636-87d11a8cd66a-140544486217536","trial_id":3,"state":1,"values":[0.5095294453740359],"datetime_complete":"2026-04-01T01:53:07.549436"}
{"op_code":4,"worker_id":"2f65c2c7-be79-40e7-8636-87d11a8cd66a-140544486217536","study_id":0,"datetime_start":"2026-04-01T01:53:07.565450"}
{"op_code":5,"worker_id":"2f65c2c7-be79-40e7-8636-87d11a8cd66a-140544486217536","trial_id":4,"param_name":"lr","param_value_internal":0.015525686390075387,"distribution":"{\"name\": \"FloatDistribution\", \"attributes\": {\"step\": null, \"low\": 0.0001, \"high\": 0.1, \"log\": true}}"}
{"op_code":5,"worker_id":"2f65c2c7-be79-40e7-8636-87d11a8cd66a-140544486217536","trial_id":4,"param_name":"dropout","param_value_internal":0.2896235562697341,"distribution":"{\"name\": \"FloatDistribution\", \"attributes\": {\"step\": null, \"low\": 0.0, \"high\": 0.5, \"log\": false}}"}
{"op_code":5,"worker_id":"2f65c2c7-be79-40e7-8636-87d11a8cd66a-140544486217536","trial_id":4,"param_name":"nodes","param_value_internal":0,"distribution":"{\"name\": \"CategoricalDistribution\", \"attributes\": {\"choices\": [\"64-64\", \"128-64\", \"256-128\"]}}"}
{"op_code":6,"worker_id":"2f65c2c7-be79-40e7-8636-87d11a8cd66a-140544486217536","trial_id":4,"state":1,"values":[0.5254050524425581],"datetime_complete":"2026-04-01T01:53:09.329456"}
{"op_code":4,"worker_id":"2f65c2c7-be79-40e7-8636-87d11a8cd66a-140544486217536","study_id":0,"datetime_start":"2026-04-01T01:53:09.346761"}
{"op_code":5,"worker_id":"2f65c2c7-be79-40e7-8636-87d11a8cd66a-140544486217536","trial_id":5,"param_name":"lr","param_value_internal":0.04350614428266527,"distribution":"{\"name\": \"FloatDistribution\", \"attributes\": {\"step\": null, \"low\": 0.0001, \"high\": 0.1, \"log\": true}}"}
{"op_code":5,"worker_id":"2f65c2c7-be79-40e7-8636-87d11a8cd66a-140544486217536","trial_id":5,"param_name":"dropout","param_value_internal":0.24963485355391368,"distribution":"{\"name\": \"FloatDistribution\", \"attributes\": {\"step\": null, \"low\": 0.0, \"high\": 0.5, \"log\": false}}"}
{"op_code":5,"worker_id":"2f65c2c7-be79-40e7-8636-87d11a8cd66a-140544486217536","trial_id":5,"param_name":"nodes","param_value_internal":2,"distribution":"{\"name\": \"CategoricalDistribution\", \"attributes\": {\"choices\": [\"64-64\", \"128-64\", \"256-128\"]}}"}
{"op_code":6,"worker_id":"2f65c2c7-be79-40e7-8636-87d11a8cd66a-140544486217536","trial_id":5,"state":1,"values":[0.5310166102109946],"datetime_complete":"2026-04-01T01:53:11.123882"}
{"op_code":4,"worker_id":"2f65c2c7-be79-40e7-8636-87d11a8cd66a-140544486217536","study_id":0,"datetime_start":"2026-04-01T01:53:11.139557"}
{"op_code":5,"worker_id":"2f65c2c7-be79-40e7-8636-87d11a8cd66a-140544486217536","trial_id":6,"param_name":"lr","param_value_internal":0.00013794914775215646,"distribution":"{\"name\": \"FloatDistribution\", \"attributes\": {\"step\": null, \"low\": 0.0001, \"high\": 0.1, \"log\": true}}"}
{"op_code":5,"worker_id":"2f65c2c7-be79-40e7-8636-87d11a8cd66a-140544486217536","trial_id":6,"param_name":"dropout","param_value_internal":0.015952007927394096,"distribution":"{\"name\": \"FloatDistribution\", \"attributes\": {\"step\": null, \"low\": 0.0, \"high\": 0.5, \"log\": false}}"}
{"op_code":5,"worker_id":"2f65c2c7-be79-40e7-8636-87d11a8cd66a-140544486217536","trial_id":6,"param_name":"nodes","param_value_internal":2,"distribution":"{\"name\": \"CategoricalDistribution\", \"attributes\": {\"choices\": [\"64-64\", \"128-64\", \"256-128\"]}}"}
{"op_code":6,"worker_id":"2f65c2c7-be79-40e7-8636-87d11a8cd66a-140544486217536","trial_id":6,"state":1,"values":[0.5393625270375056],"datetime_complete":"2026-04-01T01:53:12.922015"}
{"op_code":4,"worker_id":"2f65c2c7-be79-40e7-8636-87d11a8cd66a-140544486217536","study_id":0,"datetime_start":"2026-04-01T01:53:12.936297"}
{"op_code":5,"worker_id":"2f65c2c7-be79-40e7-8636-87d11a8cd66a-140544486217536","trial_id":7,"param_name":"lr","param_value_internal":0.007243718940499832,"distribution":"{\"name\": \"FloatDistribution\", \"attributes\": {\"step\": null, \"low\": 0.0001, \"high\": 0.1, \"log\": true}}"}
{"op_code":5,"worker_id":"2f65c2c7-be79-40e7-8636-87d11a8cd66a-140544486217536","trial_id":7,"param_name":"dropout","param_value_internal":0.19515197843075127,"distribution":"{\"name\": \"FloatDistribution\", \"attributes\": {\"step\": null, \"low\": 0.0, \"high\": 0.5, \"log\": false}}"}
{"op_code":5,"worker_id":"2f65c2c7-be79-40e7-8636-87d11a8cd66a-140544486217536","trial_id":7,"param_name":"nodes","param_value_internal":1,"distribution":"{\"name\": \"CategoricalDistribution\", \"attributes\": {\"choices\": [\"64-64\", \"128-64\", \"256-128\"]}}"}
{"op_code":6,"worker_id":"2f65c2c7-be79-40e7-8636-87d11a8cd66a-140544486217536","trial_id":7,"state":1,"values":[0.5290984777374199],"datetime_complete":"2026-04-01T01:53:14.702793"}
{"op_code":4,"worker_id":"2f65c2c7-be79-40e7-8636-87d11a8cd66a-140544486217536","study_id":0,"datetime_start":"2026-04-01T01:53:14.716983"}
{"op_code":5,"worker_id":"2f65c2c7-be79-40e7-8636-87d11a8cd66a-140544486217536","trial_id":8,"param_name":"lr","param_value_internal":0.00010347410852826978,"distribution":"{\"name\": \"FloatDistribution\", \"attributes\": {\"step\": null, \"low\": 0.0001, \"high\": 0.1, \"log\": true}}"}
{"op_code":5,"worker_id":"2f65c2c7-be79-40e7-8636-87d11a8cd66a-140544486217536","trial_id":8,"param_name":"dropout","param_value_internal":0.00014162894585201258,"distribution":"{\"name\": \"FloatDistribution\", \"attributes\": {\"step\": null, \"low\": 0.0, \"high\": 0.5, \"log\": false}}"}
{"op_code":5,"worker_id":"2f65c2c7-be79-40e7-8636-87d11a8cd66a-140544486217536","trial_id":8,"param_name":"nodes","param_value_internal":1,"distribution":"{\"name\": \"CategoricalDistribution\", \"attributes\": {\"choices\": [\"64-64\", \"128-64\", \"256-128\"]}}"}
{"op_code":6,"worker_id":"2f65c2c7-be79-40e7-8636-87d11a8cd66a-140544486217536","trial_id":8,"state":1,"values":[0.5042035669101743],"datetime_complete":"2026-04-01T01:53:16.479479"}
{"op_code":4,"worker_id":"2f65c2c7-be79-40e7-8636-87d11a8cd66a-140544486217536","study_id":0,"datetime_start":"2026-04-01T01:53:16.500100"}
{"op_code":5,"worker_id":"2f65c2c7-be79-40e7-8636-87d11a8cd66a-140544486217536","trial_id":9,"param_name":"lr","param_value_internal":0.07948408102187805,"distribution":"{\"name\": \"FloatDistribution\", \"attributes\": {\"step\": null, \"low\": 0.0001, \"high\": 0.1, \"log\": true}}"}
{"op_code":5,"worker_id":"2f65c2c7-be79-40e7-8636-87d11a8cd66a-140544486217536","trial_id":9,"param_name":"dropout","param_value_internal":0.23868587182253964,"distribution":"{\"name\": \"FloatDistribution\", \"attributes\": {\"step\": null, \"low\": 0.0, \"high\": 0.5, \"log\": false}}"}
{"op_code":5,"worker_id":"2f65c2c7-be79-40e7-8636-87d11a8cd66a-140544486217536","trial_id":9,"param_name":"nodes","param_value_internal":2,"distribution":"{\"name\": \"CategoricalDistribution\", \"attributes\": {\"choices\": [\"64-64\", \"128-64\", \"256-128\"]}}"}
{"op_code":6,"worker_id":"2f65c2c7-be79-40e7-8636-87d11a8cd66a-140544486217536","trial_id":9,"state":1,"values":[0.554095416887728],"datetime_complete":"2026-04-01T01:53:18.308230"}
{"op_code":4,"worker_id":"2f65c2c7-be79-40e7-8636-87d11a8cd66a-140544486217536","study_id":0,"datetime_start":"2026-04-01T01:53:18.331903"}
{"op_code":5,"worker_id":"2f65c2c7-be79-40e7-8636-87d11a8cd66a-140544486217536","trial_id":10,"param_name":"lr","param_value_internal":0.00091829053127489,"distribution":"{\"name\": \"FloatDistribution\", \"attributes\": {\"step\": null, \"low\": 0.0001, \"high\": 0.1, \"log\": true}}"}
{"op_code":5,"worker_id":"2f65c2c7-be79-40e7-8636-87d11a8cd66a-140544486217536","trial_id":10,"param_name":"dropout","param_value_internal":0.4902099178153764,"distribution":"{\"name\": \"FloatDistribution\", \"attributes\": {\"step\": null, \"low\": 0.0, \"high\": 0.5, \"log\": false}}"}
{"op_code":5,"worker_id":"2f65c2c7-be79-40e7-8636-87d11a8cd66a-140544486217536","trial_id":10,"param_name":"nodes","param_value_internal":0,"distribution":"{\"name\": \"CategoricalDistribution\", \"attributes\": {\"choices\": [\"64-64\", \"128-64\", \"256-128\"]}}"}
{"op_code":6,"worker_id":"2f65c2c7-be79-40e7-8636-87d11a8cd66a-140544486217536","trial_id":10,"state":1,"values":[0.5519324164388034],"datetime_complete":"2026-04-01T01:53:20.139315"}
{"op_code":4,"worker_id":"2f65c2c7-be79-40e7-8636-87d11a8cd66a-140544486217536","study_id":0,"datetime_start":"2026-04-01T01:53:20.169868"}
{"op_code":5,"worker_id":"2f65c2c7-be79-40e7-8636-87d11a8cd66a-140544486217536","trial_id":11,"param_name":"lr","param_value_internal":0.0007908291506040629,"distribution":"{\"name\": \"FloatDistribution\", \"attributes\": {\"step\": null, \"low\": 0.0001, \"high\": 0.1, \"log\": true}}"}
{"op_code":5,"worker_id":"2f65c2c7-be79-40e7-8636-87d11a8cd66a-140544486217536","trial_id":11,"param_name":"dropout","param_value_internal":0.44758364601647205,"distribution":"{\"name\": \"FloatDistribution\", \"attributes\": {\"step\": null, \"low\": 0.0, \"high\": 0.5, \"log\": false}}"}
{"op_code":5,"worker_id":"2f65c2c7-be79-40e7-8636-87d11a8cd66a-140544486217536","trial_id":11,"param_name":"nodes","param_value_internal":0,"distribution":"{\"name\": \"CategoricalDistribution\", \"attributes\": {\"choices\": [\"64-64\", \"128-64\", \"256-128\"]}}"}
{"op_code":6,"worker_id":"2f65c2c7-be79-40e7-8636-87d11a8cd66a-140544486217536","trial_id":11,"state":1,"values":[0.5752560910908868],"datetime_complete":"2026-04-01T01:53:21.980056"}
{"op_code":4,"worker_id":"2f65c2c7-be79-40e7-8636-87d11a8cd66a-140544486217536","study_id":0,"datetime_start":"2026-04-01T01:53:22.007331"}
{"op_code":5,"worker_id":"2f65c2c7-be79-40e7-8636-87d11a8cd66a-140544486217536","trial_id":12,"param_name":"lr","param_value_internal":0.001344343325901707,"distribution":"{\"name\": \"FloatDistribution\", \"attributes\": {\"step\": null, \"low\": 0.0001, \"high\": 0.1, \"log\": true}}"}
{"op_code":5,"worker_id":"2f65c2c7-be79-40e7-8636-87d11a8cd66a-140544486217536","trial_id":12,"param_name":"dropout","param_value_internal":0.47742514500003824,"distribution":"{\"name\": \"FloatDistribution\", \"attributes\": {\"step\": null, \"low\": 0.0, \"high\": 0.5, \"log\": false}}"}
{"op_code":5,"worker_id":"2f65c2c7-be79-40e7-8636-87d11a8cd66a-140544486217536","trial_id":12,"param_name":"nodes","param_value_internal":0,"distribution":"{\"name\": \"CategoricalDistribution\", \"attributes\": {\"choices\": [\"64-64\", \"128-64\", \"256-128\"]}}"}
{"op_code":6,"worker_id":"2f65c2c7-be79-40e7-8636-87d11a8cd66a-140544486217536","trial_id":12,"state":1,"values":[0.5414643104925927],"datetime_complete":"2026-04-01T01:53:23.814452"}
{"op_code":4,"worker_id":"2f65c2c7-be79-40e7-8636-87d11a8cd66a-140544486217536","study_id":0,"datetime_start":"2026-04-01T01:53:23.831146"}
{"op_code":5,"worker_id":"2f65c2c7-be79-40e7-8636-87d11a8cd66a-140544486217536","trial_id":13,"param_name":"lr","param_value_internal":0.0003821739484827914,"distribution":"{\"name\": \"FloatDistribution\", \"attributes\": {\"step\": null, \"low\": 0.0001, \"high\": 0.1, \"log\": true}}"}
{"op_code":5,"worker_id":"2f65c2c7-be79-40e7-8636-87d11a8cd66a-140544486217536","trial_id":13,"param_name":"dropout","param_value_internal":0.11618180078134288,"distribution":"{\"name\": \"FloatDistribution\", \"attributes\": {\"step\": null, \"low\": 0.0, \"high\": 0.5, \"log\": false}}"}
{"op_code":5,"worker_id":"2f65c2c7-be79-40e7-8636-87d11a8cd66a-140544486217536","trial_id":13,"param_name":"nodes","param_value_internal":0,"distribution":"{\"name\": \"CategoricalDistribution\", \"attributes\": {\"choices\": [\"64-64\", \"128-64\", \"256-128\"]}}"}
{"op_code":6,"worker_id":"2f65c2c7-be79-40e7-8636-87d11a8cd66a-140544486217536","trial_id":13,"state":1,"values":[0.5380361588376933],"datetime_complete":"2026-04-01T01:53:25.609601"}
{"op_code":4,"worker_id":"2f65c2c7-be79-40e7-8636-87d11a8cd66a-140544486217536","study_id":0,"datetime_start":"2026-04-01T01:53:25.641961"}
{"op_code":5,"worker_id":"2f65c2c7-be79-40e7-8636-87d11a8cd66a-140544486217536","trial_id":14,"param_name":"lr","param_value_internal":0.002795378185722995,"distribution":"{\"name\": \"FloatDistribution\", \"attributes\": {\"step\": null, \"low\": 0.0001, \"high\": 0.1, \"log\": true}}"}
{"op_code":5,"worker_id":"2f65c2c7-be79-40e7-8636-87d11a8cd66a-140544486217536","trial_id":14,"param_name":"dropout","param_value_internal":0.41565516785471585,"distribution":"{\"name\": \"FloatDistribution\", \"attributes\": {\"step\": null, \"low\": 0.0, \"high\": 0.5, \"log\": false}}"}
{"op_code":5,"worker_id":"2f65c2c7-be79-40e7-8636-87d11a8cd66a-140544486217536","trial_id":14,"param_name":"nodes","param_value_internal":0,"distribution":"{\"name\": \"CategoricalDistribution\", \"attributes\": {\"choices\": [\"64-64\", \"128-64\", \"256-128\"]}}"}
{"op_code":6,"worker_id":"2f65c2c7-be79-40e7-8636-87d11a8cd66a-140544486217536","trial_id":14,"state":1,"values":[0.5482185854793291],"datetime_complete":"2026-04-01T01:53:27.428675"}
{"op_code":4,"worker_id":"2f65c2c7-be79-40e7-8636-87d11a8cd66a-140544486217536","study_id":0,"datetime_start":"2026-04-01T01:53:27.460887"}
{"op_code":5,"worker_id":"2f65c2c7-be79-40e7-8636-87d11a8cd66a-140544486217536","trial_id":15,"param_name":"lr","param_value_internal":0.01780156493376015,"distribution":"{\"name\": \"FloatDistribution\", \"attributes\": {\"step\": null, \"low\": 0.0001, \"high\": 0.1, \"log\": true}}"}
{"op_code":5,"worker_id":"2f65c2c7-be79-40e7-8636-87d11a8cd66a-140544486217536","trial_id":15,"param_name":"dropout","param_value_internal":0.23990432616739757,"distribution":"{\"name\": \"FloatDistribution\", \"attributes\": {\"step\": null, \"low\": 0.0, \"high\": 0.5, \"log\": false}}"}
{"op_code":5,"worker_id":"2f65c2c7-be79-40e7-8636-87d11a8cd66a-140544486217536","trial_id":15,"param_name":"nodes","param_value_internal":2,"distribution":"{\"name\": \"CategoricalDistribution\", \"attributes\": {\"choices\": [\"64-64\", \"128-64\", \"256-128\"]}}"}
{"op_code":6,"worker_id":"2f65c2c7-be79-40e7-8636-87d11a8cd66a-140544486217536","trial_id":15,"state":1,"values":[0.5138758519364975],"datetime_complete":"2026-04-01T01:53:29.279904"}
{"op_code":4,"worker_id":"2f65c2c7-be79-40e7-8636-87d11a8cd66a-140544486217536","study_id":0,"datetime_start":"2026-04-01T01:53:29.306621"}
{"op_code":5,"worker_id":"2f65c2c7-be79-40e7-8636-87d11a8cd66a-140544486217536","trial_id":16,"param_name":"lr","param_value_internal":0.0022145123226494593,"distribution":"{\"name\": \"FloatDistribution\", \"attributes\": {\"step\": null, \"low\": 0.0001, \"high\": 0.1, \"log\": true}}"}
{"op_code":5,"worker_id":"2f65c2c7-be79-40e7-8636-87d11a8cd66a-140544486217536","trial_id":16,"param_name":"dropout","param_value_internal":0.14825589469504807,"distribution":"{\"name\": \"FloatDistribution\", \"attributes\": {\"step\": null, \"low\": 0.0, \"high\": 0.5, \"log\": false}}"}
{"op_code":5,"worker_id":"2f65c2c7-be79-40e7-8636-87d11a8cd66a-140544486217536","trial_id":16,"param_name":"nodes","param_value_internal":0,"distribution":"{\"name\": \"CategoricalDistribution\", \"attributes\": {\"choices\": [\"64-64\", \"128-64\", \"256-128\"]}}"}
{"op_code":6,"worker_id":"2f65c2c7-be79-40e7-8636-87d11a8cd66a-140544486217536","trial_id":16,"state":1,"values":[0.5299147043219198],"datetime_complete":"2026-04-01T01:53:31.120580"}
{"op_code":4,"worker_id":"2f65c2c7-be79-40e7-8636-87d11a8cd66a-140544486217536","study_id":0,"datetime_start":"2026-04-01T01:53:31.145337"}
{"op_code":5,"worker_id":"2f65c2c7-be79-40e7-8636-87d11a8cd66a-140544486217536","trial_id":17,"param_name":"lr","param_value_internal":0.00041474468967549834,"distribution":"{\"name\": \"FloatDistribution\", \"attributes\": {\"step\": null, \"low\": 0.0001, \"high\": 0.1, \"log\": true}}"}
{"op_code":5,"worker_id":"2f65c2c7-be79-40e7-8636-87d11a8cd66a-140544486217536","trial_id":17,"param_name":"dropout","param_value_internal":0.06141679257462243,"distribution":"{\"name\": \"FloatDistribution\", \"attributes\": {\"step\": null, \"low\": 0.0, \"high\": 0.5, \"log\": false}}"}
{"op_code":5,"worker_id":"2f65c2c7-be79-40e7-8636-87d11a8cd66a-140544486217536","trial_id":17,"param_name":"nodes","param_value_internal":2,"distribution":"{\"name\": \"CategoricalDistribution\", \"attributes\": {\"choices\": [\"64-64\", \"128-64\", \"256-128\"]}}"}
{"op_code":6,"worker_id":"2f65c2c7-be79-40e7-8636-87d11a8cd66a-140544486217536","trial_id":17,"state":1,"values":[0.5209158062278089],"datetime_complete":"2026-04-01T01:53:32.968283"}
{"op_code":4,"worker_id":"2f65c2c7-be79-40e7-8636-87d11a8cd66a-140544486217536","study_id":0,"datetime_start":"2026-04-01T01:53:32.988920"}
{"op_code":5,"worker_id":"2f65c2c7-be79-40e7-8636-87d11a8cd66a-140544486217536","trial_id":18,"param_name":"lr","param_value_internal":0.025686993790086547,"distribution":"{\"name\": \"FloatDistribution\", \"attributes\": {\"step\": null, \"low\": 0.0001, \"high\": 0.1, \"log\": true}}"}
{"op_code":5,"worker_id":"2f65c2c7-be79-40e7-8636-87d11a8cd66a-140544486217536","trial_id":18,"param_name":"dropout","param_value_internal":0.3024171301666839,"distribution":"{\"name\": \"FloatDistribution\", \"attributes\": {\"step\": null, \"low\": 0.0, \"high\": 0.5, \"log\": false}}"}
{"op_code":5,"worker_id":"2f65c2c7-be79-40e7-8636-87d11a8cd66a-140544486217536","trial_id":18,"param_name":"nodes","param_value_internal":0,"distribution":"{\"name\": \"CategoricalDistribution\", \"attributes\": {\"choices\": [\"64-64\", \"128-64\", \"256-128\"]}}"}
{"op_code":6,"worker_id":"2f65c2c7-be79-40e7-8636-87d11a8cd66a-140544486217536","trial_id":18,"state":1,"values":[0.5254050524425581],"datetime_complete":"2026-04-01T01:53:34.780334"}
{"op_code":4,"worker_id":"2f65c2c7-be79-40e7-8636-87d11a8cd66a-140544486217536","study_id":0,"datetime_start":"2026-04-01T01:53:34.798203"}
{"op_code":5,"worker_id":"2f65c2c7-be79-40e7-8636-87d11a8cd66a-140544486217536","trial_id":19,"param_name":"lr","param_value_internal":0.00856673717139309,"distribution":"{\"name\": \"FloatDistribution\", \"attributes\": {\"step\": null, \"low\": 0.0001, \"high\": 0.1, \"log\": true}}"}
{"op_code":5,"worker_id":"2f65c2c7-be79-40e7-8636-87d11a8cd66a-140544486217536","trial_id":19,"param_name":"dropout","param_value_internal":0.43024598966709227,"distribution":"{\"name\": \"FloatDistribution\", \"attributes\": {\"step\": null, \"low\": 0.0, \"high\": 0.5, \"log\": false}}"}
{"op_code":5,"worker_id":"2f65c2c7-be79-40e7-8636-87d11a8cd66a-140544486217536","trial_id":19,"param_name":"nodes","param_value_internal":1,"distribution":"{\"name\": \"CategoricalDistribution\", \"attributes\": {\"choices\": [\"64-64\", \"128-64\", \"256-128\"]}}"}
{"op_code":6,"worker_id":"2f65c2c7-be79-40e7-8636-87d11a8cd66a-140544486217536","trial_id":19,"state":1,"values":[0.5473411419009917],"datetime_complete":"2026-04-01T01:53:36.580014"}
