{"op_code":0,"worker_id":"29a9a4a7-8ff0-46e6-923f-808b66f5295c-140218449991488","study_name":"tabicl_deephit","directions":[2]}
{"op_code":4,"worker_id":"29a9a4a7-8ff0-46e6-923f-808b66f5295c-140218449991488","study_id":0,"datetime_start":"2026-03-31T12:21:48.150858"}
{"op_code":5,"worker_id":"29a9a4a7-8ff0-46e6-923f-808b66f5295c-140218449991488","trial_id":0,"param_name":"lr","param_value_internal":0.0030572668036848473,"distribution":"{\"name\": \"FloatDistribution\", \"attributes\": {\"step\": null, \"low\": 0.0001, \"high\": 0.1, \"log\": true}}"}
{"op_code":5,"worker_id":"29a9a4a7-8ff0-46e6-923f-808b66f5295c-140218449991488","trial_id":0,"param_name":"dropout","param_value_internal":0.2885787352435914,"distribution":"{\"name\": \"FloatDistribution\", \"attributes\": {\"step\": null, \"low\": 0.0, \"high\": 0.5, \"log\": false}}"}
{"op_code":5,"worker_id":"29a9a4a7-8ff0-46e6-923f-808b66f5295c-140218449991488","trial_id":0,"param_name":"nodes","param_value_internal":0,"distribution":"{\"name\": \"CategoricalDistribution\", \"attributes\": {\"choices\": [\"64-64\", \"128-64\", \"256-128\"]}}"}
{"op_code":6,"worker_id":"29a9a4a7-8ff0-46e6-923f-808b66f5295c-140218449991488","trial_id":0,"state":1,"values":[0.6863636363636364],"datetime_complete":"2026-03-31T12:21:48.370725"}
{"op_code":4,"worker_id":"29a9a4a7-8ff0-46e6-923f-808b66f5295c-140218449991488","study_id":0,"datetime_start":"2026-03-31T12:21:48.382615"}
{"op_code":5,"worker_id":"29a9a4a7-8ff0-46e6-923f-808b66f5295c-140218449991488","trial_id":1,"param_name":"lr","param_value_internal":0.0027389704233209493,"distribution":"{\"name\": \"FloatDistribution\", \"attributes\": {\"step\": null, \"low\": 0.0001, \"high\": 0.1, \"log\": true}}"}
{"op_code":5,"worker_id":"29a9a4a7-8ff0-46e6-923f-808b66f5295c-140218449991488","trial_id":1,"param_name":"dropout","param_value_internal":0.32538449036834477,"distribution":"{\"name\": \"FloatDistribution\", \"attributes\": {\"step\": null, \"low\": 0.0, \"high\": 0.5, \"log\": false}}"}
{"op_code":5,"worker_id":"29a9a4a7-8ff0-46e6-923f-808b66f5295c-140218449991488","trial_id":1,"param_name":"nodes","param_value_internal":1,"distribution":"{\"name\": \"CategoricalDistribution\", \"attributes\": {\"choices\": [\"64-64\", \"128-64\", \"256-128\"]}}"}
{"op_code":6,"worker_id":"29a9a4a7-8ff0-46e6-923f-808b66f5295c-140218449991488","trial_id":1,"state":1,"values":[0.6909090909090909],"datetime_complete":"2026-03-31T12:21:48.605654"}
{"op_code":4,"worker_id":"29a9a4a7-8ff0-46e6-923f-808b66f5295c-140218449991488","study_id":0,"datetime_start":"2026-03-31T12:21:48.618299"}
{"op_code":5,"worker_id":"29a9a4a7-8ff0-46e6-923f-808b66f5295c-140218449991488","trial_id":2,"param_name":"lr","param_value_internal":0.0007829574684900437,"distribution":"{\"name\": \"FloatDistribution\", \"attributes\": {\"step\": null, \"low\": 0.0001, \"high\": 0.1, \"log\": true}}"}
{"op_code":5,"worker_id":"29a9a4a7-8ff0-46e6-923f-808b66f5295c-140218449991488","trial_id":2,"param_name":"dropout","param_value_internal":0.22803823091790804,"distribution":"{\"name\": \"FloatDistribution\", \"attributes\": {\"step\": null, \"low\": 0.0, \"high\": 0.5, \"log\": false}}"}
{"op_code":5,"worker_id":"29a9a4a7-8ff0-46e6-923f-808b66f5295c-140218449991488","trial_id":2,"param_name":"nodes","param_value_internal":0,"distribution":"{\"name\": \"CategoricalDistribution\", \"attributes\": {\"choices\": [\"64-64\", \"128-64\", \"256-128\"]}}"}
{"op_code":6,"worker_id":"29a9a4a7-8ff0-46e6-923f-808b66f5295c-140218449991488","trial_id":2,"state":1,"values":[0.7318181818181818],"datetime_complete":"2026-03-31T12:21:48.833863"}
{"op_code":4,"worker_id":"29a9a4a7-8ff0-46e6-923f-808b66f5295c-140218449991488","study_id":0,"datetime_start":"2026-03-31T12:21:48.844869"}
{"op_code":5,"worker_id":"29a9a4a7-8ff0-46e6-923f-808b66f5295c-140218449991488","trial_id":3,"param_name":"lr","param_value_internal":0.0016684272049529163,"distribution":"{\"name\": \"FloatDistribution\", \"attributes\": {\"step\": null, \"low\": 0.0001, \"high\": 0.1, \"log\": true}}"}
{"op_code":5,"worker_id":"29a9a4a7-8ff0-46e6-923f-808b66f5295c-140218449991488","trial_id":3,"param_name":"dropout","param_value_internal":0.4221299281933828,"distribution":"{\"name\": \"FloatDistribution\", \"attributes\": {\"step\": null, \"low\": 0.0, \"high\": 0.5, \"log\": false}}"}
{"op_code":5,"worker_id":"29a9a4a7-8ff0-46e6-923f-808b66f5295c-140218449991488","trial_id":3,"param_name":"nodes","param_value_internal":0,"distribution":"{\"name\": \"CategoricalDistribution\", \"attributes\": {\"choices\": [\"64-64\", \"128-64\", \"256-128\"]}}"}
{"op_code":6,"worker_id":"29a9a4a7-8ff0-46e6-923f-808b66f5295c-140218449991488","trial_id":3,"state":1,"values":[0.7136363636363636],"datetime_complete":"2026-03-31T12:21:49.063122"}
{"op_code":4,"worker_id":"29a9a4a7-8ff0-46e6-923f-808b66f5295c-140218449991488","study_id":0,"datetime_start":"2026-03-31T12:21:49.074078"}
{"op_code":5,"worker_id":"29a9a4a7-8ff0-46e6-923f-808b66f5295c-140218449991488","trial_id":4,"param_name":"lr","param_value_internal":0.06169898458606092,"distribution":"{\"name\": \"FloatDistribution\", \"attributes\": {\"step\": null, \"low\": 0.0001, \"high\": 0.1, \"log\": true}}"}
{"op_code":5,"worker_id":"29a9a4a7-8ff0-46e6-923f-808b66f5295c-140218449991488","trial_id":4,"param_name":"dropout","param_value_internal":0.4733882401075456,"distribution":"{\"name\": \"FloatDistribution\", \"attributes\": {\"step\": null, \"low\": 0.0, \"high\": 0.5, \"log\": false}}"}
{"op_code":5,"worker_id":"29a9a4a7-8ff0-46e6-923f-808b66f5295c-140218449991488","trial_id":4,"param_name":"nodes","param_value_internal":0,"distribution":"{\"name\": \"CategoricalDistribution\", \"attributes\": {\"choices\": [\"64-64\", \"128-64\", \"256-128\"]}}"}
{"op_code":6,"worker_id":"29a9a4a7-8ff0-46e6-923f-808b66f5295c-140218449991488","trial_id":4,"state":1,"values":[0.75],"datetime_complete":"2026-03-31T12:21:49.295064"}
{"op_code":4,"worker_id":"29a9a4a7-8ff0-46e6-923f-808b66f5295c-140218449991488","study_id":0,"datetime_start":"2026-03-31T12:21:49.306109"}
{"op_code":5,"worker_id":"29a9a4a7-8ff0-46e6-923f-808b66f5295c-140218449991488","trial_id":5,"param_name":"lr","param_value_internal":0.011415940591413988,"distribution":"{\"name\": \"FloatDistribution\", \"attributes\": {\"step\": null, \"low\": 0.0001, \"high\": 0.1, \"log\": true}}"}
{"op_code":5,"worker_id":"29a9a4a7-8ff0-46e6-923f-808b66f5295c-140218449991488","trial_id":5,"param_name":"dropout","param_value_internal":0.1330932701313403,"distribution":"{\"name\": \"FloatDistribution\", \"attributes\": {\"step\": null, \"low\": 0.0, \"high\": 0.5, \"log\": false}}"}
{"op_code":5,"worker_id":"29a9a4a7-8ff0-46e6-923f-808b66f5295c-140218449991488","trial_id":5,"param_name":"nodes","param_value_internal":1,"distribution":"{\"name\": \"CategoricalDistribution\", \"attributes\": {\"choices\": [\"64-64\", \"128-64\", \"256-128\"]}}"}
{"op_code":6,"worker_id":"29a9a4a7-8ff0-46e6-923f-808b66f5295c-140218449991488","trial_id":5,"state":1,"values":[0.7227272727272728],"datetime_complete":"2026-03-31T12:21:49.526848"}
{"op_code":4,"worker_id":"29a9a4a7-8ff0-46e6-923f-808b66f5295c-140218449991488","study_id":0,"datetime_start":"2026-03-31T12:21:49.537332"}
{"op_code":5,"worker_id":"29a9a4a7-8ff0-46e6-923f-808b66f5295c-140218449991488","trial_id":6,"param_name":"lr","param_value_internal":0.0047055523421388745,"distribution":"{\"name\": \"FloatDistribution\", \"attributes\": {\"step\": null, \"low\": 0.0001, \"high\": 0.1, \"log\": true}}"}
{"op_code":5,"worker_id":"29a9a4a7-8ff0-46e6-923f-808b66f5295c-140218449991488","trial_id":6,"param_name":"dropout","param_value_internal":0.0865286555703596,"distribution":"{\"name\": \"FloatDistribution\", \"attributes\": {\"step\": null, \"low\": 0.0, \"high\": 0.5, \"log\": false}}"}
{"op_code":5,"worker_id":"29a9a4a7-8ff0-46e6-923f-808b66f5295c-140218449991488","trial_id":6,"param_name":"nodes","param_value_internal":0,"distribution":"{\"name\": \"CategoricalDistribution\", \"attributes\": {\"choices\": [\"64-64\", \"128-64\", \"256-128\"]}}"}
{"op_code":6,"worker_id":"29a9a4a7-8ff0-46e6-923f-808b66f5295c-140218449991488","trial_id":6,"state":1,"values":[0.7454545454545455],"datetime_complete":"2026-03-31T12:21:49.757094"}
{"op_code":4,"worker_id":"29a9a4a7-8ff0-46e6-923f-808b66f5295c-140218449991488","study_id":0,"datetime_start":"2026-03-31T12:21:49.767669"}
{"op_code":5,"worker_id":"29a9a4a7-8ff0-46e6-923f-808b66f5295c-140218449991488","trial_id":7,"param_name":"lr","param_value_internal":0.0001076955840146713,"distribution":"{\"name\": \"FloatDistribution\", \"attributes\": {\"step\": null, \"low\": 0.0001, \"high\": 0.1, \"log\": true}}"}
{"op_code":5,"worker_id":"29a9a4a7-8ff0-46e6-923f-808b66f5295c-140218449991488","trial_id":7,"param_name":"dropout","param_value_internal":0.03933501833383657,"distribution":"{\"name\": \"FloatDistribution\", \"attributes\": {\"step\": null, \"low\": 0.0, \"high\": 0.5, \"log\": false}}"}
{"op_code":5,"worker_id":"29a9a4a7-8ff0-46e6-923f-808b66f5295c-140218449991488","trial_id":7,"param_name":"nodes","param_value_internal":1,"distribution":"{\"name\": \"CategoricalDistribution\", \"attributes\": {\"choices\": [\"64-64\", \"128-64\", \"256-128\"]}}"}
{"op_code":6,"worker_id":"29a9a4a7-8ff0-46e6-923f-808b66f5295c-140218449991488","trial_id":7,"state":1,"values":[0.6590909090909091],"datetime_complete":"2026-03-31T12:21:49.986380"}
{"op_code":4,"worker_id":"29a9a4a7-8ff0-46e6-923f-808b66f5295c-140218449991488","study_id":0,"datetime_start":"2026-03-31T12:21:49.997110"}
{"op_code":5,"worker_id":"29a9a4a7-8ff0-46e6-923f-808b66f5295c-140218449991488","trial_id":8,"param_name":"lr","param_value_internal":0.014309131787953823,"distribution":"{\"name\": \"FloatDistribution\", \"attributes\": {\"step\": null, \"low\": 0.0001, \"high\": 0.1, \"log\": true}}"}
{"op_code":5,"worker_id":"29a9a4a7-8ff0-46e6-923f-808b66f5295c-140218449991488","trial_id":8,"param_name":"dropout","param_value_internal":0.37615062495815177,"distribution":"{\"name\": \"FloatDistribution\", \"attributes\": {\"step\": null, \"low\": 0.0, \"high\": 0.5, \"log\": false}}"}
{"op_code":5,"worker_id":"29a9a4a7-8ff0-46e6-923f-808b66f5295c-140218449991488","trial_id":8,"param_name":"nodes","param_value_internal":1,"distribution":"{\"name\": \"CategoricalDistribution\", \"attributes\": {\"choices\": [\"64-64\", \"128-64\", \"256-128\"]}}"}
{"op_code":6,"worker_id":"29a9a4a7-8ff0-46e6-923f-808b66f5295c-140218449991488","trial_id":8,"state":1,"values":[0.7136363636363636],"datetime_complete":"2026-03-31T12:21:50.211529"}
{"op_code":4,"worker_id":"29a9a4a7-8ff0-46e6-923f-808b66f5295c-140218449991488","study_id":0,"datetime_start":"2026-03-31T12:21:50.221408"}
{"op_code":5,"worker_id":"29a9a4a7-8ff0-46e6-923f-808b66f5295c-140218449991488","trial_id":9,"param_name":"lr","param_value_internal":0.011601926987364761,"distribution":"{\"name\": \"FloatDistribution\", \"attributes\": {\"step\": null, \"low\": 0.0001, \"high\": 0.1, \"log\": true}}"}
{"op_code":5,"worker_id":"29a9a4a7-8ff0-46e6-923f-808b66f5295c-140218449991488","trial_id":9,"param_name":"dropout","param_value_internal":0.1992851190917882,"distribution":"{\"name\": \"FloatDistribution\", \"attributes\": {\"step\": null, \"low\": 0.0, \"high\": 0.5, \"log\": false}}"}
{"op_code":5,"worker_id":"29a9a4a7-8ff0-46e6-923f-808b66f5295c-140218449991488","trial_id":9,"param_name":"nodes","param_value_internal":0,"distribution":"{\"name\": \"CategoricalDistribution\", \"attributes\": {\"choices\": [\"64-64\", \"128-64\", \"256-128\"]}}"}
{"op_code":6,"worker_id":"29a9a4a7-8ff0-46e6-923f-808b66f5295c-140218449991488","trial_id":9,"state":1,"values":[0.6954545454545454],"datetime_complete":"2026-03-31T12:21:50.443015"}
{"op_code":4,"worker_id":"29a9a4a7-8ff0-46e6-923f-808b66f5295c-140218449991488","study_id":0,"datetime_start":"2026-03-31T12:21:50.453978"}
{"op_code":5,"worker_id":"29a9a4a7-8ff0-46e6-923f-808b66f5295c-140218449991488","trial_id":10,"param_name":"lr","param_value_internal":0.09794173703187296,"distribution":"{\"name\": \"FloatDistribution\", \"attributes\": {\"step\": null, \"low\": 0.0001, \"high\": 0.1, \"log\": true}}"}
{"op_code":5,"worker_id":"29a9a4a7-8ff0-46e6-923f-808b66f5295c-140218449991488","trial_id":10,"param_name":"dropout","param_value_internal":0.48975439488717737,"distribution":"{\"name\": \"FloatDistribution\", \"attributes\": {\"step\": null, \"low\": 0.0, \"high\": 0.5, \"log\": false}}"}
{"op_code":5,"worker_id":"29a9a4a7-8ff0-46e6-923f-808b66f5295c-140218449991488","trial_id":10,"param_name":"nodes","param_value_internal":2,"distribution":"{\"name\": \"CategoricalDistribution\", \"attributes\": {\"choices\": [\"64-64\", \"128-64\", \"256-128\"]}}"}
{"op_code":6,"worker_id":"29a9a4a7-8ff0-46e6-923f-808b66f5295c-140218449991488","trial_id":10,"state":1,"values":[0.5409090909090909],"datetime_complete":"2026-03-31T12:21:50.683465"}
{"op_code":4,"worker_id":"29a9a4a7-8ff0-46e6-923f-808b66f5295c-140218449991488","study_id":0,"datetime_start":"2026-03-31T12:21:50.693989"}
{"op_code":5,"worker_id":"29a9a4a7-8ff0-46e6-923f-808b66f5295c-140218449991488","trial_id":11,"param_name":"lr","param_value_internal":0.09570412576413576,"distribution":"{\"name\": \"FloatDistribution\", \"attributes\": {\"step\": null, \"low\": 0.0001, \"high\": 0.1, \"log\": true}}"}
{"op_code":5,"worker_id":"29a9a4a7-8ff0-46e6-923f-808b66f5295c-140218449991488","trial_id":11,"param_name":"dropout","param_value_internal":0.0012001675379157417,"distribution":"{\"name\": \"FloatDistribution\", \"attributes\": {\"step\": null, \"low\": 0.0, \"high\": 0.5, \"log\": false}}"}
{"op_code":5,"worker_id":"29a9a4a7-8ff0-46e6-923f-808b66f5295c-140218449991488","trial_id":11,"param_name":"nodes","param_value_internal":0,"distribution":"{\"name\": \"CategoricalDistribution\", \"attributes\": {\"choices\": [\"64-64\", \"128-64\", \"256-128\"]}}"}
{"op_code":6,"worker_id":"29a9a4a7-8ff0-46e6-923f-808b66f5295c-140218449991488","trial_id":11,"state":1,"values":[0.7318181818181818],"datetime_complete":"2026-03-31T12:21:50.914012"}
{"op_code":4,"worker_id":"29a9a4a7-8ff0-46e6-923f-808b66f5295c-140218449991488","study_id":0,"datetime_start":"2026-03-31T12:21:50.924411"}
{"op_code":5,"worker_id":"29a9a4a7-8ff0-46e6-923f-808b66f5295c-140218449991488","trial_id":12,"param_name":"lr","param_value_internal":0.03510731943213439,"distribution":"{\"name\": \"FloatDistribution\", \"attributes\": {\"step\": null, \"low\": 0.0001, \"high\": 0.1, \"log\": true}}"}
{"op_code":5,"worker_id":"29a9a4a7-8ff0-46e6-923f-808b66f5295c-140218449991488","trial_id":12,"param_name":"dropout","param_value_internal":0.09806396531985612,"distribution":"{\"name\": \"FloatDistribution\", \"attributes\": {\"step\": null, \"low\": 0.0, \"high\": 0.5, \"log\": false}}"}
{"op_code":5,"worker_id":"29a9a4a7-8ff0-46e6-923f-808b66f5295c-140218449991488","trial_id":12,"param_name":"nodes","param_value_internal":2,"distribution":"{\"name\": \"CategoricalDistribution\", \"attributes\": {\"choices\": [\"64-64\", \"128-64\", \"256-128\"]}}"}
{"op_code":6,"worker_id":"29a9a4a7-8ff0-46e6-923f-808b66f5295c-140218449991488","trial_id":12,"state":1,"values":[0.6772727272727272],"datetime_complete":"2026-03-31T12:21:51.145730"}
{"op_code":4,"worker_id":"29a9a4a7-8ff0-46e6-923f-808b66f5295c-140218449991488","study_id":0,"datetime_start":"2026-03-31T12:21:51.156944"}
{"op_code":5,"worker_id":"29a9a4a7-8ff0-46e6-923f-808b66f5295c-140218449991488","trial_id":13,"param_name":"lr","param_value_internal":0.00041361592690151874,"distribution":"{\"name\": \"FloatDistribution\", \"attributes\": {\"step\": null, \"low\": 0.0001, \"high\": 0.1, \"log\": true}}"}
{"op_code":5,"worker_id":"29a9a4a7-8ff0-46e6-923f-808b66f5295c-140218449991488","trial_id":13,"param_name":"dropout","param_value_internal":0.49876865372354323,"distribution":"{\"name\": \"FloatDistribution\", \"attributes\": {\"step\": null, \"low\": 0.0, \"high\": 0.5, \"log\": false}}"}
{"op_code":5,"worker_id":"29a9a4a7-8ff0-46e6-923f-808b66f5295c-140218449991488","trial_id":13,"param_name":"nodes","param_value_internal":0,"distribution":"{\"name\": \"CategoricalDistribution\", \"attributes\": {\"choices\": [\"64-64\", \"128-64\", \"256-128\"]}}"}
{"op_code":6,"worker_id":"29a9a4a7-8ff0-46e6-923f-808b66f5295c-140218449991488","trial_id":13,"state":1,"values":[0.6818181818181818],"datetime_complete":"2026-03-31T12:21:51.379352"}
{"op_code":4,"worker_id":"29a9a4a7-8ff0-46e6-923f-808b66f5295c-140218449991488","study_id":0,"datetime_start":"2026-03-31T12:21:51.391292"}
{"op_code":5,"worker_id":"29a9a4a7-8ff0-46e6-923f-808b66f5295c-140218449991488","trial_id":14,"param_name":"lr","param_value_internal":0.027456791640549327,"distribution":"{\"name\": \"FloatDistribution\", \"attributes\": {\"step\": null, \"low\": 0.0001, \"high\": 0.1, \"log\": true}}"}
{"op_code":5,"worker_id":"29a9a4a7-8ff0-46e6-923f-808b66f5295c-140218449991488","trial_id":14,"param_name":"dropout","param_value_internal":0.1566945872701916,"distribution":"{\"name\": \"FloatDistribution\", \"attributes\": {\"step\": null, \"low\": 0.0, \"high\": 0.5, \"log\": false}}"}
{"op_code":5,"worker_id":"29a9a4a7-8ff0-46e6-923f-808b66f5295c-140218449991488","trial_id":14,"param_name":"nodes","param_value_internal":0,"distribution":"{\"name\": \"CategoricalDistribution\", \"attributes\": {\"choices\": [\"64-64\", \"128-64\", \"256-128\"]}}"}
{"op_code":6,"worker_id":"29a9a4a7-8ff0-46e6-923f-808b66f5295c-140218449991488","trial_id":14,"state":1,"values":[0.7181818181818181],"datetime_complete":"2026-03-31T12:21:51.607775"}
{"op_code":4,"worker_id":"29a9a4a7-8ff0-46e6-923f-808b66f5295c-140218449991488","study_id":0,"datetime_start":"2026-03-31T12:21:51.619750"}
{"op_code":5,"worker_id":"29a9a4a7-8ff0-46e6-923f-808b66f5295c-140218449991488","trial_id":15,"param_name":"lr","param_value_internal":0.00751628768095295,"distribution":"{\"name\": \"FloatDistribution\", \"attributes\": {\"step\": null, \"low\": 0.0001, \"high\": 0.1, \"log\": true}}"}
{"op_code":5,"worker_id":"29a9a4a7-8ff0-46e6-923f-808b66f5295c-140218449991488","trial_id":15,"param_name":"dropout","param_value_internal":0.07386508011195517,"distribution":"{\"name\": \"FloatDistribution\", \"attributes\": {\"step\": null, \"low\": 0.0, \"high\": 0.5, \"log\": false}}"}
{"op_code":5,"worker_id":"29a9a4a7-8ff0-46e6-923f-808b66f5295c-140218449991488","trial_id":15,"param_name":"nodes","param_value_internal":0,"distribution":"{\"name\": \"CategoricalDistribution\", \"attributes\": {\"choices\": [\"64-64\", \"128-64\", \"256-128\"]}}"}
{"op_code":6,"worker_id":"29a9a4a7-8ff0-46e6-923f-808b66f5295c-140218449991488","trial_id":15,"state":1,"values":[0.7318181818181818],"datetime_complete":"2026-03-31T12:21:51.840424"}
{"op_code":4,"worker_id":"29a9a4a7-8ff0-46e6-923f-808b66f5295c-140218449991488","study_id":0,"datetime_start":"2026-03-31T12:21:51.852081"}
{"op_code":5,"worker_id":"29a9a4a7-8ff0-46e6-923f-808b66f5295c-140218449991488","trial_id":16,"param_name":"lr","param_value_internal":0.04733155997091931,"distribution":"{\"name\": \"FloatDistribution\", \"attributes\": {\"step\": null, \"low\": 0.0001, \"high\": 0.1, \"log\": true}}"}
{"op_code":5,"worker_id":"29a9a4a7-8ff0-46e6-923f-808b66f5295c-140218449991488","trial_id":16,"param_name":"dropout","param_value_internal":0.39357330025375875,"distribution":"{\"name\": \"FloatDistribution\", \"attributes\": {\"step\": null, \"low\": 0.0, \"high\": 0.5, \"log\": false}}"}
{"op_code":5,"worker_id":"29a9a4a7-8ff0-46e6-923f-808b66f5295c-140218449991488","trial_id":16,"param_name":"nodes","param_value_internal":2,"distribution":"{\"name\": \"CategoricalDistribution\", \"attributes\": {\"choices\": [\"64-64\", \"128-64\", \"256-128\"]}}"}
{"op_code":6,"worker_id":"29a9a4a7-8ff0-46e6-923f-808b66f5295c-140218449991488","trial_id":16,"state":1,"values":[0.6863636363636364],"datetime_complete":"2026-03-31T12:21:52.071371"}
{"op_code":4,"worker_id":"29a9a4a7-8ff0-46e6-923f-808b66f5295c-140218449991488","study_id":0,"datetime_start":"2026-03-31T12:21:52.082571"}
{"op_code":5,"worker_id":"29a9a4a7-8ff0-46e6-923f-808b66f5295c-140218449991488","trial_id":17,"param_name":"lr","param_value_internal":0.005621566730518789,"distribution":"{\"name\": \"FloatDistribution\", \"attributes\": {\"step\": null, \"low\": 0.0001, \"high\": 0.1, \"log\": true}}"}
{"op_code":5,"worker_id":"29a9a4a7-8ff0-46e6-923f-808b66f5295c-140218449991488","trial_id":17,"param_name":"dropout","param_value_internal":0.27144418137936327,"distribution":"{\"name\": \"FloatDistribution\", \"attributes\": {\"step\": null, \"low\": 0.0, \"high\": 0.5, \"log\": false}}"}
{"op_code":5,"worker_id":"29a9a4a7-8ff0-46e6-923f-808b66f5295c-140218449991488","trial_id":17,"param_name":"nodes","param_value_internal":0,"distribution":"{\"name\": \"CategoricalDistribution\", \"attributes\": {\"choices\": [\"64-64\", \"128-64\", \"256-128\"]}}"}
{"op_code":6,"worker_id":"29a9a4a7-8ff0-46e6-923f-808b66f5295c-140218449991488","trial_id":17,"state":1,"values":[0.7227272727272728],"datetime_complete":"2026-03-31T12:21:52.303965"}
{"op_code":4,"worker_id":"29a9a4a7-8ff0-46e6-923f-808b66f5295c-140218449991488","study_id":0,"datetime_start":"2026-03-31T12:21:52.314791"}
{"op_code":5,"worker_id":"29a9a4a7-8ff0-46e6-923f-808b66f5295c-140218449991488","trial_id":18,"param_name":"lr","param_value_internal":0.0009357253562874579,"distribution":"{\"name\": \"FloatDistribution\", \"attributes\": {\"step\": null, \"low\": 0.0001, \"high\": 0.1, \"log\": true}}"}
{"op_code":5,"worker_id":"29a9a4a7-8ff0-46e6-923f-808b66f5295c-140218449991488","trial_id":18,"param_name":"dropout","param_value_internal":0.1826618128768772,"distribution":"{\"name\": \"FloatDistribution\", \"attributes\": {\"step\": null, \"low\": 0.0, \"high\": 0.5, \"log\": false}}"}
{"op_code":5,"worker_id":"29a9a4a7-8ff0-46e6-923f-808b66f5295c-140218449991488","trial_id":18,"param_name":"nodes","param_value_internal":0,"distribution":"{\"name\": \"CategoricalDistribution\", \"attributes\": {\"choices\": [\"64-64\", \"128-64\", \"256-128\"]}}"}
{"op_code":6,"worker_id":"29a9a4a7-8ff0-46e6-923f-808b66f5295c-140218449991488","trial_id":18,"state":1,"values":[0.5863636363636363],"datetime_complete":"2026-03-31T12:21:52.535060"}
{"op_code":4,"worker_id":"29a9a4a7-8ff0-46e6-923f-808b66f5295c-140218449991488","study_id":0,"datetime_start":"2026-03-31T12:21:52.546257"}
{"op_code":5,"worker_id":"29a9a4a7-8ff0-46e6-923f-808b66f5295c-140218449991488","trial_id":19,"param_name":"lr","param_value_internal":0.00012992359478492227,"distribution":"{\"name\": \"FloatDistribution\", \"attributes\": {\"step\": null, \"low\": 0.0001, \"high\": 0.1, \"log\": true}}"}
{"op_code":5,"worker_id":"29a9a4a7-8ff0-46e6-923f-808b66f5295c-140218449991488","trial_id":19,"param_name":"dropout","param_value_internal":0.32281723622285585,"distribution":"{\"name\": \"FloatDistribution\", \"attributes\": {\"step\": null, \"low\": 0.0, \"high\": 0.5, \"log\": false}}"}
{"op_code":5,"worker_id":"29a9a4a7-8ff0-46e6-923f-808b66f5295c-140218449991488","trial_id":19,"param_name":"nodes","param_value_internal":2,"distribution":"{\"name\": \"CategoricalDistribution\", \"attributes\": {\"choices\": [\"64-64\", \"128-64\", \"256-128\"]}}"}
{"op_code":6,"worker_id":"29a9a4a7-8ff0-46e6-923f-808b66f5295c-140218449991488","trial_id":19,"state":1,"values":[0.7545454545454545],"datetime_complete":"2026-03-31T12:21:52.773307"}
{"op_code":0,"worker_id":"879bad59-c573-4fe3-b38c-b69eac4ddd97-140544486217536","study_name":"tabicl_deephit","directions":[2]}
{"op_code":4,"worker_id":"879bad59-c573-4fe3-b38c-b69eac4ddd97-140544486217536","study_id":0,"datetime_start":"2026-04-01T03:34:39.225195"}
{"op_code":5,"worker_id":"879bad59-c573-4fe3-b38c-b69eac4ddd97-140544486217536","trial_id":20,"param_name":"lr","param_value_internal":0.0001464753200983278,"distribution":"{\"name\": \"FloatDistribution\", \"attributes\": {\"step\": null, \"low\": 0.0001, \"high\": 0.1, \"log\": true}}"}
{"op_code":5,"worker_id":"879bad59-c573-4fe3-b38c-b69eac4ddd97-140544486217536","trial_id":20,"param_name":"dropout","param_value_internal":0.3367638260994419,"distribution":"{\"name\": \"FloatDistribution\", \"attributes\": {\"step\": null, \"low\": 0.0, \"high\": 0.5, \"log\": false}}"}
{"op_code":5,"worker_id":"879bad59-c573-4fe3-b38c-b69eac4ddd97-140544486217536","trial_id":20,"param_name":"nodes","param_value_internal":2,"distribution":"{\"name\": \"CategoricalDistribution\", \"attributes\": {\"choices\": [\"64-64\", \"128-64\", \"256-128\"]}}"}
{"op_code":6,"worker_id":"879bad59-c573-4fe3-b38c-b69eac4ddd97-140544486217536","trial_id":20,"state":1,"values":[0.55],"datetime_complete":"2026-04-01T03:34:39.440909"}
{"op_code":4,"worker_id":"879bad59-c573-4fe3-b38c-b69eac4ddd97-140544486217536","study_id":0,"datetime_start":"2026-04-01T03:34:39.450495"}
{"op_code":5,"worker_id":"879bad59-c573-4fe3-b38c-b69eac4ddd97-140544486217536","trial_id":21,"param_name":"lr","param_value_internal":0.00023860824371739985,"distribution":"{\"name\": \"FloatDistribution\", \"attributes\": {\"step\": null, \"low\": 0.0001, \"high\": 0.1, \"log\": true}}"}
{"op_code":5,"worker_id":"879bad59-c573-4fe3-b38c-b69eac4ddd97-140544486217536","trial_id":21,"param_name":"dropout","param_value_internal":0.4444722096087986,"distribution":"{\"name\": \"FloatDistribution\", \"attributes\": {\"step\": null, \"low\": 0.0, \"high\": 0.5, \"log\": false}}"}
{"op_code":5,"worker_id":"879bad59-c573-4fe3-b38c-b69eac4ddd97-140544486217536","trial_id":21,"param_name":"nodes","param_value_internal":2,"distribution":"{\"name\": \"CategoricalDistribution\", \"attributes\": {\"choices\": [\"64-64\", \"128-64\", \"256-128\"]}}"}
{"op_code":6,"worker_id":"879bad59-c573-4fe3-b38c-b69eac4ddd97-140544486217536","trial_id":21,"state":1,"values":[0.740909090909091],"datetime_complete":"2026-04-01T03:34:39.662604"}
{"op_code":4,"worker_id":"879bad59-c573-4fe3-b38c-b69eac4ddd97-140544486217536","study_id":0,"datetime_start":"2026-04-01T03:34:39.672168"}
{"op_code":5,"worker_id":"879bad59-c573-4fe3-b38c-b69eac4ddd97-140544486217536","trial_id":22,"param_name":"lr","param_value_internal":0.0005723407301644147,"distribution":"{\"name\": \"FloatDistribution\", \"attributes\": {\"step\": null, \"low\": 0.0001, \"high\": 0.1, \"log\": true}}"}
{"op_code":5,"worker_id":"879bad59-c573-4fe3-b38c-b69eac4ddd97-140544486217536","trial_id":22,"param_name":"dropout","param_value_internal":0.30905245159698297,"distribution":"{\"name\": \"FloatDistribution\", \"attributes\": {\"step\": null, \"low\": 0.0, \"high\": 0.5, \"log\": false}}"}
{"op_code":5,"worker_id":"879bad59-c573-4fe3-b38c-b69eac4ddd97-140544486217536","trial_id":22,"param_name":"nodes","param_value_internal":2,"distribution":"{\"name\": \"CategoricalDistribution\", \"attributes\": {\"choices\": [\"64-64\", \"128-64\", \"256-128\"]}}"}
{"op_code":6,"worker_id":"879bad59-c573-4fe3-b38c-b69eac4ddd97-140544486217536","trial_id":22,"state":1,"values":[0.6590909090909091],"datetime_complete":"2026-04-01T03:34:39.884859"}
{"op_code":4,"worker_id":"879bad59-c573-4fe3-b38c-b69eac4ddd97-140544486217536","study_id":0,"datetime_start":"2026-04-01T03:34:39.895388"}
{"op_code":5,"worker_id":"879bad59-c573-4fe3-b38c-b69eac4ddd97-140544486217536","trial_id":23,"param_name":"lr","param_value_internal":0.0013410567457150296,"distribution":"{\"name\": \"FloatDistribution\", \"attributes\": {\"step\": null, \"low\": 0.0001, \"high\": 0.1, \"log\": true}}"}
{"op_code":5,"worker_id":"879bad59-c573-4fe3-b38c-b69eac4ddd97-140544486217536","trial_id":23,"param_name":"dropout","param_value_internal":0.2428534392775393,"distribution":"{\"name\": \"FloatDistribution\", \"attributes\": {\"step\": null, \"low\": 0.0, \"high\": 0.5, \"log\": false}}"}
{"op_code":5,"worker_id":"879bad59-c573-4fe3-b38c-b69eac4ddd97-140544486217536","trial_id":23,"param_name":"nodes","param_value_internal":2,"distribution":"{\"name\": \"CategoricalDistribution\", \"attributes\": {\"choices\": [\"64-64\", \"128-64\", \"256-128\"]}}"}
{"op_code":6,"worker_id":"879bad59-c573-4fe3-b38c-b69eac4ddd97-140544486217536","trial_id":23,"state":1,"values":[0.6863636363636364],"datetime_complete":"2026-04-01T03:34:40.106588"}
{"op_code":4,"worker_id":"879bad59-c573-4fe3-b38c-b69eac4ddd97-140544486217536","study_id":0,"datetime_start":"2026-04-01T03:34:40.116854"}
{"op_code":5,"worker_id":"879bad59-c573-4fe3-b38c-b69eac4ddd97-140544486217536","trial_id":24,"param_name":"lr","param_value_internal":0.005135642216073835,"distribution":"{\"name\": \"FloatDistribution\", \"attributes\": {\"step\": null, \"low\": 0.0001, \"high\": 0.1, \"log\": true}}"}
{"op_code":5,"worker_id":"879bad59-c573-4fe3-b38c-b69eac4ddd97-140544486217536","trial_id":24,"param_name":"dropout","param_value_internal":0.3635420816518094,"distribution":"{\"name\": \"FloatDistribution\", \"attributes\": {\"step\": null, \"low\": 0.0, \"high\": 0.5, \"log\": false}}"}
{"op_code":5,"worker_id":"879bad59-c573-4fe3-b38c-b69eac4ddd97-140544486217536","trial_id":24,"param_name":"nodes","param_value_internal":0,"distribution":"{\"name\": \"CategoricalDistribution\", \"attributes\": {\"choices\": [\"64-64\", \"128-64\", \"256-128\"]}}"}
{"op_code":6,"worker_id":"879bad59-c573-4fe3-b38c-b69eac4ddd97-140544486217536","trial_id":24,"state":1,"values":[0.7318181818181818],"datetime_complete":"2026-04-01T03:34:40.328987"}
{"op_code":4,"worker_id":"879bad59-c573-4fe3-b38c-b69eac4ddd97-140544486217536","study_id":0,"datetime_start":"2026-04-01T03:34:40.341144"}
{"op_code":5,"worker_id":"879bad59-c573-4fe3-b38c-b69eac4ddd97-140544486217536","trial_id":25,"param_name":"lr","param_value_internal":0.00028923973975756375,"distribution":"{\"name\": \"FloatDistribution\", \"attributes\": {\"step\": null, \"low\": 0.0001, \"high\": 0.1, \"log\": true}}"}
{"op_code":5,"worker_id":"879bad59-c573-4fe3-b38c-b69eac4ddd97-140544486217536","trial_id":25,"param_name":"dropout","param_value_internal":0.4563786898493433,"distribution":"{\"name\": \"FloatDistribution\", \"attributes\": {\"step\": null, \"low\": 0.0, \"high\": 0.5, \"log\": false}}"}
{"op_code":5,"worker_id":"879bad59-c573-4fe3-b38c-b69eac4ddd97-140544486217536","trial_id":25,"param_name":"nodes","param_value_internal":2,"distribution":"{\"name\": \"CategoricalDistribution\", \"attributes\": {\"choices\": [\"64-64\", \"128-64\", \"256-128\"]}}"}
{"op_code":6,"worker_id":"879bad59-c573-4fe3-b38c-b69eac4ddd97-140544486217536","trial_id":25,"state":1,"values":[0.6590909090909091],"datetime_complete":"2026-04-01T03:34:40.554658"}
{"op_code":4,"worker_id":"879bad59-c573-4fe3-b38c-b69eac4ddd97-140544486217536","study_id":0,"datetime_start":"2026-04-01T03:34:40.566124"}
{"op_code":5,"worker_id":"879bad59-c573-4fe3-b38c-b69eac4ddd97-140544486217536","trial_id":26,"param_name":"lr","param_value_internal":0.022363399238826267,"distribution":"{\"name\": \"FloatDistribution\", \"attributes\": {\"step\": null, \"low\": 0.0001, \"high\": 0.1, \"log\": true}}"}
{"op_code":5,"worker_id":"879bad59-c573-4fe3-b38c-b69eac4ddd97-140544486217536","trial_id":26,"param_name":"dropout","param_value_internal":0.4169105802021406,"distribution":"{\"name\": \"FloatDistribution\", \"attributes\": {\"step\": null, \"low\": 0.0, \"high\": 0.5, \"log\": false}}"}
{"op_code":5,"worker_id":"879bad59-c573-4fe3-b38c-b69eac4ddd97-140544486217536","trial_id":26,"param_name":"nodes","param_value_internal":0,"distribution":"{\"name\": \"CategoricalDistribution\", \"attributes\": {\"choices\": [\"64-64\", \"128-64\", \"256-128\"]}}"}
{"op_code":6,"worker_id":"879bad59-c573-4fe3-b38c-b69eac4ddd97-140544486217536","trial_id":26,"state":1,"values":[0.7],"datetime_complete":"2026-04-01T03:34:40.778238"}
{"op_code":4,"worker_id":"879bad59-c573-4fe3-b38c-b69eac4ddd97-140544486217536","study_id":0,"datetime_start":"2026-04-01T03:34:40.788394"}
{"op_code":5,"worker_id":"879bad59-c573-4fe3-b38c-b69eac4ddd97-140544486217536","trial_id":27,"param_name":"lr","param_value_internal":0.05051204867188886,"distribution":"{\"name\": \"FloatDistribution\", \"attributes\": {\"step\": null, \"low\": 0.0001, \"high\": 0.1, \"log\": true}}"}
{"op_code":5,"worker_id":"879bad59-c573-4fe3-b38c-b69eac4ddd97-140544486217536","trial_id":27,"param_name":"dropout","param_value_internal":0.11243094980312178,"distribution":"{\"name\": \"FloatDistribution\", \"attributes\": {\"step\": null, \"low\": 0.0, \"high\": 0.5, \"log\": false}}"}
{"op_code":5,"worker_id":"879bad59-c573-4fe3-b38c-b69eac4ddd97-140544486217536","trial_id":27,"param_name":"nodes","param_value_internal":0,"distribution":"{\"name\": \"CategoricalDistribution\", \"attributes\": {\"choices\": [\"64-64\", \"128-64\", \"256-128\"]}}"}
{"op_code":6,"worker_id":"879bad59-c573-4fe3-b38c-b69eac4ddd97-140544486217536","trial_id":27,"state":1,"values":[0.7090909090909091],"datetime_complete":"2026-04-01T03:34:41.000820"}
{"op_code":4,"worker_id":"879bad59-c573-4fe3-b38c-b69eac4ddd97-140544486217536","study_id":0,"datetime_start":"2026-04-01T03:34:41.010468"}
{"op_code":5,"worker_id":"879bad59-c573-4fe3-b38c-b69eac4ddd97-140544486217536","trial_id":28,"param_name":"lr","param_value_internal":0.001529552567505623,"distribution":"{\"name\": \"FloatDistribution\", \"attributes\": {\"step\": null, \"low\": 0.0001, \"high\": 0.1, \"log\": true}}"}
{"op_code":5,"worker_id":"879bad59-c573-4fe3-b38c-b69eac4ddd97-140544486217536","trial_id":28,"param_name":"dropout","param_value_internal":0.22015328442135362,"distribution":"{\"name\": \"FloatDistribution\", \"attributes\": {\"step\": null, \"low\": 0.0, \"high\": 0.5, \"log\": false}}"}
{"op_code":5,"worker_id":"879bad59-c573-4fe3-b38c-b69eac4ddd97-140544486217536","trial_id":28,"param_name":"nodes","param_value_internal":1,"distribution":"{\"name\": \"CategoricalDistribution\", \"attributes\": {\"choices\": [\"64-64\", \"128-64\", \"256-128\"]}}"}
{"op_code":6,"worker_id":"879bad59-c573-4fe3-b38c-b69eac4ddd97-140544486217536","trial_id":28,"state":1,"values":[0.6727272727272727],"datetime_complete":"2026-04-01T03:34:41.224745"}
{"op_code":4,"worker_id":"879bad59-c573-4fe3-b38c-b69eac4ddd97-140544486217536","study_id":0,"datetime_start":"2026-04-01T03:34:41.235033"}
{"op_code":5,"worker_id":"879bad59-c573-4fe3-b38c-b69eac4ddd97-140544486217536","trial_id":29,"param_name":"lr","param_value_internal":0.0028860615521980166,"distribution":"{\"name\": \"FloatDistribution\", \"attributes\": {\"step\": null, \"low\": 0.0001, \"high\": 0.1, \"log\": true}}"}
{"op_code":5,"worker_id":"879bad59-c573-4fe3-b38c-b69eac4ddd97-140544486217536","trial_id":29,"param_name":"dropout","param_value_internal":0.27155358902566146,"distribution":"{\"name\": \"FloatDistribution\", \"attributes\": {\"step\": null, \"low\": 0.0, \"high\": 0.5, \"log\": false}}"}
{"op_code":5,"worker_id":"879bad59-c573-4fe3-b38c-b69eac4ddd97-140544486217536","trial_id":29,"param_name":"nodes","param_value_internal":2,"distribution":"{\"name\": \"CategoricalDistribution\", \"attributes\": {\"choices\": [\"64-64\", \"128-64\", \"256-128\"]}}"}
{"op_code":6,"worker_id":"879bad59-c573-4fe3-b38c-b69eac4ddd97-140544486217536","trial_id":29,"state":1,"values":[0.7318181818181818],"datetime_complete":"2026-04-01T03:34:41.461281"}
{"op_code":4,"worker_id":"879bad59-c573-4fe3-b38c-b69eac4ddd97-140544486217536","study_id":0,"datetime_start":"2026-04-01T03:34:41.477759"}
{"op_code":5,"worker_id":"879bad59-c573-4fe3-b38c-b69eac4ddd97-140544486217536","trial_id":30,"param_name":"lr","param_value_internal":0.01952409670923468,"distribution":"{\"name\": \"FloatDistribution\", \"attributes\": {\"step\": null, \"low\": 0.0001, \"high\": 0.1, \"log\": true}}"}
{"op_code":5,"worker_id":"879bad59-c573-4fe3-b38c-b69eac4ddd97-140544486217536","trial_id":30,"param_name":"dropout","param_value_internal":0.3462680122388021,"distribution":"{\"name\": \"FloatDistribution\", \"attributes\": {\"step\": null, \"low\": 0.0, \"high\": 0.5, \"log\": false}}"}
{"op_code":5,"worker_id":"879bad59-c573-4fe3-b38c-b69eac4ddd97-140544486217536","trial_id":30,"param_name":"nodes","param_value_internal":0,"distribution":"{\"name\": \"CategoricalDistribution\", \"attributes\": {\"choices\": [\"64-64\", \"128-64\", \"256-128\"]}}"}
{"op_code":6,"worker_id":"879bad59-c573-4fe3-b38c-b69eac4ddd97-140544486217536","trial_id":30,"state":1,"values":[0.6954545454545454],"datetime_complete":"2026-04-01T03:34:41.689418"}
{"op_code":4,"worker_id":"879bad59-c573-4fe3-b38c-b69eac4ddd97-140544486217536","study_id":0,"datetime_start":"2026-04-01T03:34:41.699685"}
{"op_code":5,"worker_id":"879bad59-c573-4fe3-b38c-b69eac4ddd97-140544486217536","trial_id":31,"param_name":"lr","param_value_internal":0.00023121582964527026,"distribution":"{\"name\": \"FloatDistribution\", \"attributes\": {\"step\": null, \"low\": 0.0001, \"high\": 0.1, \"log\": true}}"}
{"op_code":5,"worker_id":"879bad59-c573-4fe3-b38c-b69eac4ddd97-140544486217536","trial_id":31,"param_name":"dropout","param_value_internal":0.46578297788107603,"distribution":"{\"name\": \"FloatDistribution\", \"attributes\": {\"step\": null, \"low\": 0.0, \"high\": 0.5, \"log\": false}}"}
{"op_code":5,"worker_id":"879bad59-c573-4fe3-b38c-b69eac4ddd97-140544486217536","trial_id":31,"param_name":"nodes","param_value_internal":2,"distribution":"{\"name\": \"CategoricalDistribution\", \"attributes\": {\"choices\": [\"64-64\", \"128-64\", \"256-128\"]}}"}
{"op_code":6,"worker_id":"879bad59-c573-4fe3-b38c-b69eac4ddd97-140544486217536","trial_id":31,"state":1,"values":[0.5590909090909091],"datetime_complete":"2026-04-01T03:34:41.913280"}
{"op_code":4,"worker_id":"879bad59-c573-4fe3-b38c-b69eac4ddd97-140544486217536","study_id":0,"datetime_start":"2026-04-01T03:34:41.923518"}
{"op_code":5,"worker_id":"879bad59-c573-4fe3-b38c-b69eac4ddd97-140544486217536","trial_id":32,"param_name":"lr","param_value_internal":0.00017854596258080674,"distribution":"{\"name\": \"FloatDistribution\", \"attributes\": {\"step\": null, \"low\": 0.0001, \"high\": 0.1, \"log\": true}}"}
{"op_code":5,"worker_id":"879bad59-c573-4fe3-b38c-b69eac4ddd97-140544486217536","trial_id":32,"param_name":"dropout","param_value_internal":0.4349936274749061,"distribution":"{\"name\": \"FloatDistribution\", \"attributes\": {\"step\": null, \"low\": 0.0, \"high\": 0.5, \"log\": false}}"}
{"op_code":5,"worker_id":"879bad59-c573-4fe3-b38c-b69eac4ddd97-140544486217536","trial_id":32,"param_name":"nodes","param_value_internal":2,"distribution":"{\"name\": \"CategoricalDistribution\", \"attributes\": {\"choices\": [\"64-64\", \"128-64\", \"256-128\"]}}"}
{"op_code":6,"worker_id":"879bad59-c573-4fe3-b38c-b69eac4ddd97-140544486217536","trial_id":32,"state":1,"values":[0.6181818181818182],"datetime_complete":"2026-04-01T03:34:42.135291"}
{"op_code":4,"worker_id":"879bad59-c573-4fe3-b38c-b69eac4ddd97-140544486217536","study_id":0,"datetime_start":"2026-04-01T03:34:42.145824"}
{"op_code":5,"worker_id":"879bad59-c573-4fe3-b38c-b69eac4ddd97-140544486217536","trial_id":33,"param_name":"lr","param_value_internal":0.00038455980354874526,"distribution":"{\"name\": \"FloatDistribution\", \"attributes\": {\"step\": null, \"low\": 0.0001, \"high\": 0.1, \"log\": true}}"}
{"op_code":5,"worker_id":"879bad59-c573-4fe3-b38c-b69eac4ddd97-140544486217536","trial_id":33,"param_name":"dropout","param_value_internal":0.45600319269964534,"distribution":"{\"name\": \"FloatDistribution\", \"attributes\": {\"step\": null, \"low\": 0.0, \"high\": 0.5, \"log\": false}}"}
{"op_code":5,"worker_id":"879bad59-c573-4fe3-b38c-b69eac4ddd97-140544486217536","trial_id":33,"param_name":"nodes","param_value_internal":2,"distribution":"{\"name\": \"CategoricalDistribution\", \"attributes\": {\"choices\": [\"64-64\", \"128-64\", \"256-128\"]}}"}
{"op_code":6,"worker_id":"879bad59-c573-4fe3-b38c-b69eac4ddd97-140544486217536","trial_id":33,"state":1,"values":[0.6636363636363637],"datetime_complete":"2026-04-01T03:34:42.361324"}
{"op_code":4,"worker_id":"879bad59-c573-4fe3-b38c-b69eac4ddd97-140544486217536","study_id":0,"datetime_start":"2026-04-01T03:34:42.371348"}
{"op_code":5,"worker_id":"879bad59-c573-4fe3-b38c-b69eac4ddd97-140544486217536","trial_id":34,"param_name":"lr","param_value_internal":0.0001156169710554455,"distribution":"{\"name\": \"FloatDistribution\", \"attributes\": {\"step\": null, \"low\": 0.0001, \"high\": 0.1, \"log\": true}}"}
{"op_code":5,"worker_id":"879bad59-c573-4fe3-b38c-b69eac4ddd97-140544486217536","trial_id":34,"param_name":"dropout","param_value_internal":0.40559785016271965,"distribution":"{\"name\": \"FloatDistribution\", \"attributes\": {\"step\": null, \"low\": 0.0, \"high\": 0.5, \"log\": false}}"}
{"op_code":5,"worker_id":"879bad59-c573-4fe3-b38c-b69eac4ddd97-140544486217536","trial_id":34,"param_name":"nodes","param_value_internal":2,"distribution":"{\"name\": \"CategoricalDistribution\", \"attributes\": {\"choices\": [\"64-64\", \"128-64\", \"256-128\"]}}"}
{"op_code":6,"worker_id":"879bad59-c573-4fe3-b38c-b69eac4ddd97-140544486217536","trial_id":34,"state":1,"values":[0.6090909090909091],"datetime_complete":"2026-04-01T03:34:42.584210"}
{"op_code":4,"worker_id":"879bad59-c573-4fe3-b38c-b69eac4ddd97-140544486217536","study_id":0,"datetime_start":"2026-04-01T03:34:42.596137"}
{"op_code":5,"worker_id":"879bad59-c573-4fe3-b38c-b69eac4ddd97-140544486217536","trial_id":35,"param_name":"lr","param_value_internal":0.0006796254243355687,"distribution":"{\"name\": \"FloatDistribution\", \"attributes\": {\"step\": null, \"low\": 0.0001, \"high\": 0.1, \"log\": true}}"}
{"op_code":5,"worker_id":"879bad59-c573-4fe3-b38c-b69eac4ddd97-140544486217536","trial_id":35,"param_name":"dropout","param_value_internal":0.3021504565685828,"distribution":"{\"name\": \"FloatDistribution\", \"attributes\": {\"step\": null, \"low\": 0.0, \"high\": 0.5, \"log\": false}}"}
{"op_code":5,"worker_id":"879bad59-c573-4fe3-b38c-b69eac4ddd97-140544486217536","trial_id":35,"param_name":"nodes","param_value_internal":1,"distribution":"{\"name\": \"CategoricalDistribution\", \"attributes\": {\"choices\": [\"64-64\", \"128-64\", \"256-128\"]}}"}
{"op_code":6,"worker_id":"879bad59-c573-4fe3-b38c-b69eac4ddd97-140544486217536","trial_id":35,"state":1,"values":[0.7363636363636363],"datetime_complete":"2026-04-01T03:34:42.809606"}
{"op_code":4,"worker_id":"879bad59-c573-4fe3-b38c-b69eac4ddd97-140544486217536","study_id":0,"datetime_start":"2026-04-01T03:34:42.819213"}
{"op_code":5,"worker_id":"879bad59-c573-4fe3-b38c-b69eac4ddd97-140544486217536","trial_id":36,"param_name":"lr","param_value_internal":0.002169534085421566,"distribution":"{\"name\": \"FloatDistribution\", \"attributes\": {\"step\": null, \"low\": 0.0001, \"high\": 0.1, \"log\": true}}"}
{"op_code":5,"worker_id":"879bad59-c573-4fe3-b38c-b69eac4ddd97-140544486217536","trial_id":36,"param_name":"dropout","param_value_internal":0.3873712688878631,"distribution":"{\"name\": \"FloatDistribution\", \"attributes\": {\"step\": null, \"low\": 0.0, \"high\": 0.5, \"log\": false}}"}
{"op_code":5,"worker_id":"879bad59-c573-4fe3-b38c-b69eac4ddd97-140544486217536","trial_id":36,"param_name":"nodes","param_value_internal":0,"distribution":"{\"name\": \"CategoricalDistribution\", \"attributes\": {\"choices\": [\"64-64\", \"128-64\", \"256-128\"]}}"}
{"op_code":6,"worker_id":"879bad59-c573-4fe3-b38c-b69eac4ddd97-140544486217536","trial_id":36,"state":1,"values":[0.6545454545454545],"datetime_complete":"2026-04-01T03:34:43.032762"}
{"op_code":4,"worker_id":"879bad59-c573-4fe3-b38c-b69eac4ddd97-140544486217536","study_id":0,"datetime_start":"2026-04-01T03:34:43.043827"}
{"op_code":5,"worker_id":"879bad59-c573-4fe3-b38c-b69eac4ddd97-140544486217536","trial_id":37,"param_name":"lr","param_value_internal":0.0002081740048544049,"distribution":"{\"name\": \"FloatDistribution\", \"attributes\": {\"step\": null, \"low\": 0.0001, \"high\": 0.1, \"log\": true}}"}
{"op_code":5,"worker_id":"879bad59-c573-4fe3-b38c-b69eac4ddd97-140544486217536","trial_id":37,"param_name":"dropout","param_value_internal":0.4279728637180563,"distribution":"{\"name\": \"FloatDistribution\", \"attributes\": {\"step\": null, \"low\": 0.0, \"high\": 0.5, \"log\": false}}"}
{"op_code":5,"worker_id":"879bad59-c573-4fe3-b38c-b69eac4ddd97-140544486217536","trial_id":37,"param_name":"nodes","param_value_internal":2,"distribution":"{\"name\": \"CategoricalDistribution\", \"attributes\": {\"choices\": [\"64-64\", \"128-64\", \"256-128\"]}}"}
{"op_code":6,"worker_id":"879bad59-c573-4fe3-b38c-b69eac4ddd97-140544486217536","trial_id":37,"state":1,"values":[0.7136363636363636],"datetime_complete":"2026-04-01T03:34:43.258350"}
{"op_code":4,"worker_id":"879bad59-c573-4fe3-b38c-b69eac4ddd97-140544486217536","study_id":0,"datetime_start":"2026-04-01T03:34:43.267759"}
{"op_code":5,"worker_id":"879bad59-c573-4fe3-b38c-b69eac4ddd97-140544486217536","trial_id":38,"param_name":"lr","param_value_internal":0.001042739130811833,"distribution":"{\"name\": \"FloatDistribution\", \"attributes\": {\"step\": null, \"low\": 0.0001, \"high\": 0.1, \"log\": true}}"}
{"op_code":5,"worker_id":"879bad59-c573-4fe3-b38c-b69eac4ddd97-140544486217536","trial_id":38,"param_name":"dropout","param_value_internal":0.47638575495915164,"distribution":"{\"name\": \"FloatDistribution\", \"attributes\": {\"step\": null, \"low\": 0.0, \"high\": 0.5, \"log\": false}}"}
{"op_code":5,"worker_id":"879bad59-c573-4fe3-b38c-b69eac4ddd97-140544486217536","trial_id":38,"param_name":"nodes","param_value_internal":1,"distribution":"{\"name\": \"CategoricalDistribution\", \"attributes\": {\"choices\": [\"64-64\", \"128-64\", \"256-128\"]}}"}
{"op_code":6,"worker_id":"879bad59-c573-4fe3-b38c-b69eac4ddd97-140544486217536","trial_id":38,"state":1,"values":[0.6454545454545455],"datetime_complete":"2026-04-01T03:34:43.481480"}
{"op_code":4,"worker_id":"879bad59-c573-4fe3-b38c-b69eac4ddd97-140544486217536","study_id":0,"datetime_start":"2026-04-01T03:34:43.491565"}
{"op_code":5,"worker_id":"879bad59-c573-4fe3-b38c-b69eac4ddd97-140544486217536","trial_id":39,"param_name":"lr","param_value_internal":0.00010235476086850343,"distribution":"{\"name\": \"FloatDistribution\", \"attributes\": {\"step\": null, \"low\": 0.0001, \"high\": 0.1, \"log\": true}}"}
{"op_code":5,"worker_id":"879bad59-c573-4fe3-b38c-b69eac4ddd97-140544486217536","trial_id":39,"param_name":"dropout","param_value_internal":0.355330770068254,"distribution":"{\"name\": \"FloatDistribution\", \"attributes\": {\"step\": null, \"low\": 0.0, \"high\": 0.5, \"log\": false}}"}
{"op_code":5,"worker_id":"879bad59-c573-4fe3-b38c-b69eac4ddd97-140544486217536","trial_id":39,"param_name":"nodes","param_value_internal":0,"distribution":"{\"name\": \"CategoricalDistribution\", \"attributes\": {\"choices\": [\"64-64\", \"128-64\", \"256-128\"]}}"}
{"op_code":6,"worker_id":"879bad59-c573-4fe3-b38c-b69eac4ddd97-140544486217536","trial_id":39,"state":1,"values":[0.6454545454545455],"datetime_complete":"2026-04-01T03:34:43.710592"}
