{"op_code":0,"worker_id":"91d7cca8-be79-455e-9af8-b7dab22d9b31-139906009941824","study_name":"gbsa_tuning","directions":[2]}
{"op_code":4,"worker_id":"91d7cca8-be79-455e-9af8-b7dab22d9b31-139906009941824","study_id":0,"datetime_start":"2026-04-05T23:04:15.765943"}
{"op_code":5,"worker_id":"91d7cca8-be79-455e-9af8-b7dab22d9b31-139906009941824","trial_id":0,"param_name":"learning_rate","param_value_internal":0.06360227863128946,"distribution":"{\"name\": \"FloatDistribution\", \"attributes\": {\"step\": null, \"low\": 0.01, \"high\": 0.2, \"log\": true}}"}
{"op_code":5,"worker_id":"91d7cca8-be79-455e-9af8-b7dab22d9b31-139906009941824","trial_id":0,"param_name":"n_estimators","param_value_internal":190.0,"distribution":"{\"name\": \"IntDistribution\", \"attributes\": {\"log\": false, \"step\": 1, \"low\": 50, \"high\": 200}}"}
{"op_code":5,"worker_id":"91d7cca8-be79-455e-9af8-b7dab22d9b31-139906009941824","trial_id":0,"param_name":"max_depth","param_value_internal":3.0,"distribution":"{\"name\": \"IntDistribution\", \"attributes\": {\"log\": false, \"step\": 1, \"low\": 2, \"high\": 5}}"}
{"op_code":6,"worker_id":"91d7cca8-be79-455e-9af8-b7dab22d9b31-139906009941824","trial_id":0,"state":1,"values":[0.6813423645320197],"datetime_complete":"2026-04-05T23:04:16.095829"}
{"op_code":4,"worker_id":"91d7cca8-be79-455e-9af8-b7dab22d9b31-139906009941824","study_id":0,"datetime_start":"2026-04-05T23:04:16.107768"}
{"op_code":5,"worker_id":"91d7cca8-be79-455e-9af8-b7dab22d9b31-139906009941824","trial_id":1,"param_name":"learning_rate","param_value_internal":0.1188480717832155,"distribution":"{\"name\": \"FloatDistribution\", \"attributes\": {\"step\": null, \"low\": 0.01, \"high\": 0.2, \"log\": true}}"}
{"op_code":5,"worker_id":"91d7cca8-be79-455e-9af8-b7dab22d9b31-139906009941824","trial_id":1,"param_name":"n_estimators","param_value_internal":130.0,"distribution":"{\"name\": \"IntDistribution\", \"attributes\": {\"log\": false, \"step\": 1, \"low\": 50, \"high\": 200}}"}
{"op_code":5,"worker_id":"91d7cca8-be79-455e-9af8-b7dab22d9b31-139906009941824","trial_id":1,"param_name":"max_depth","param_value_internal":4.0,"distribution":"{\"name\": \"IntDistribution\", \"attributes\": {\"log\": false, \"step\": 1, \"low\": 2, \"high\": 5}}"}
{"op_code":6,"worker_id":"91d7cca8-be79-455e-9af8-b7dab22d9b31-139906009941824","trial_id":1,"state":1,"values":[0.6751847290640394],"datetime_complete":"2026-04-05T23:04:16.363738"}
{"op_code":4,"worker_id":"91d7cca8-be79-455e-9af8-b7dab22d9b31-139906009941824","study_id":0,"datetime_start":"2026-04-05T23:04:16.375535"}
{"op_code":5,"worker_id":"91d7cca8-be79-455e-9af8-b7dab22d9b31-139906009941824","trial_id":2,"param_name":"learning_rate","param_value_internal":0.011731775315732173,"distribution":"{\"name\": \"FloatDistribution\", \"attributes\": {\"step\": null, \"low\": 0.01, \"high\": 0.2, \"log\": true}}"}
{"op_code":5,"worker_id":"91d7cca8-be79-455e-9af8-b7dab22d9b31-139906009941824","trial_id":2,"param_name":"n_estimators","param_value_internal":127.0,"distribution":"{\"name\": \"IntDistribution\", \"attributes\": {\"log\": false, \"step\": 1, \"low\": 50, \"high\": 200}}"}
{"op_code":5,"worker_id":"91d7cca8-be79-455e-9af8-b7dab22d9b31-139906009941824","trial_id":2,"param_name":"max_depth","param_value_internal":3.0,"distribution":"{\"name\": \"IntDistribution\", \"attributes\": {\"log\": false, \"step\": 1, \"low\": 2, \"high\": 5}}"}
{"op_code":6,"worker_id":"91d7cca8-be79-455e-9af8-b7dab22d9b31-139906009941824","trial_id":2,"state":1,"values":[0.6882697044334976],"datetime_complete":"2026-04-05T23:04:16.607113"}
{"op_code":4,"worker_id":"91d7cca8-be79-455e-9af8-b7dab22d9b31-139906009941824","study_id":0,"datetime_start":"2026-04-05T23:04:16.619519"}
{"op_code":5,"worker_id":"91d7cca8-be79-455e-9af8-b7dab22d9b31-139906009941824","trial_id":3,"param_name":"learning_rate","param_value_internal":0.014592679798387844,"distribution":"{\"name\": \"FloatDistribution\", \"attributes\": {\"step\": null, \"low\": 0.01, \"high\": 0.2, \"log\": true}}"}
{"op_code":5,"worker_id":"91d7cca8-be79-455e-9af8-b7dab22d9b31-139906009941824","trial_id":3,"param_name":"n_estimators","param_value_internal":106.0,"distribution":"{\"name\": \"IntDistribution\", \"attributes\": {\"log\": false, \"step\": 1, \"low\": 50, \"high\": 200}}"}
{"op_code":5,"worker_id":"91d7cca8-be79-455e-9af8-b7dab22d9b31-139906009941824","trial_id":3,"param_name":"max_depth","param_value_internal":4.0,"distribution":"{\"name\": \"IntDistribution\", \"attributes\": {\"log\": false, \"step\": 1, \"low\": 2, \"high\": 5}}"}
{"op_code":6,"worker_id":"91d7cca8-be79-455e-9af8-b7dab22d9b31-139906009941824","trial_id":3,"state":1,"values":[0.697506157635468],"datetime_complete":"2026-04-05T23:04:16.834995"}
{"op_code":4,"worker_id":"91d7cca8-be79-455e-9af8-b7dab22d9b31-139906009941824","study_id":0,"datetime_start":"2026-04-05T23:04:16.847913"}
{"op_code":5,"worker_id":"91d7cca8-be79-455e-9af8-b7dab22d9b31-139906009941824","trial_id":4,"param_name":"learning_rate","param_value_internal":0.04540561911183913,"distribution":"{\"name\": \"FloatDistribution\", \"attributes\": {\"step\": null, \"low\": 0.01, \"high\": 0.2, \"log\": true}}"}
{"op_code":5,"worker_id":"91d7cca8-be79-455e-9af8-b7dab22d9b31-139906009941824","trial_id":4,"param_name":"n_estimators","param_value_internal":178.0,"distribution":"{\"name\": \"IntDistribution\", \"attributes\": {\"log\": false, \"step\": 1, \"low\": 50, \"high\": 200}}"}
{"op_code":5,"worker_id":"91d7cca8-be79-455e-9af8-b7dab22d9b31-139906009941824","trial_id":4,"param_name":"max_depth","param_value_internal":4.0,"distribution":"{\"name\": \"IntDistribution\", \"attributes\": {\"log\": false, \"step\": 1, \"low\": 2, \"high\": 5}}"}
{"op_code":6,"worker_id":"91d7cca8-be79-455e-9af8-b7dab22d9b31-139906009941824","trial_id":4,"state":1,"values":[0.697814039408867],"datetime_complete":"2026-04-05T23:04:17.174320"}
{"op_code":4,"worker_id":"91d7cca8-be79-455e-9af8-b7dab22d9b31-139906009941824","study_id":0,"datetime_start":"2026-04-05T23:04:17.186657"}
{"op_code":5,"worker_id":"91d7cca8-be79-455e-9af8-b7dab22d9b31-139906009941824","trial_id":5,"param_name":"learning_rate","param_value_internal":0.06909428107367913,"distribution":"{\"name\": \"FloatDistribution\", \"attributes\": {\"step\": null, \"low\": 0.01, \"high\": 0.2, \"log\": true}}"}
{"op_code":5,"worker_id":"91d7cca8-be79-455e-9af8-b7dab22d9b31-139906009941824","trial_id":5,"param_name":"n_estimators","param_value_internal":139.0,"distribution":"{\"name\": \"IntDistribution\", \"attributes\": {\"log\": false, \"step\": 1, \"low\": 50, \"high\": 200}}"}
{"op_code":5,"worker_id":"91d7cca8-be79-455e-9af8-b7dab22d9b31-139906009941824","trial_id":5,"param_name":"max_depth","param_value_internal":3.0,"distribution":"{\"name\": \"IntDistribution\", \"attributes\": {\"log\": false, \"step\": 1, \"low\": 2, \"high\": 5}}"}
{"op_code":6,"worker_id":"91d7cca8-be79-455e-9af8-b7dab22d9b31-139906009941824","trial_id":5,"state":1,"values":[0.6930418719211823],"datetime_complete":"2026-04-05T23:04:17.439419"}
{"op_code":4,"worker_id":"91d7cca8-be79-455e-9af8-b7dab22d9b31-139906009941824","study_id":0,"datetime_start":"2026-04-05T23:04:17.451499"}
{"op_code":5,"worker_id":"91d7cca8-be79-455e-9af8-b7dab22d9b31-139906009941824","trial_id":6,"param_name":"learning_rate","param_value_internal":0.07663807463699945,"distribution":"{\"name\": \"FloatDistribution\", \"attributes\": {\"step\": null, \"low\": 0.01, \"high\": 0.2, \"log\": true}}"}
{"op_code":5,"worker_id":"91d7cca8-be79-455e-9af8-b7dab22d9b31-139906009941824","trial_id":6,"param_name":"n_estimators","param_value_internal":92.0,"distribution":"{\"name\": \"IntDistribution\", \"attributes\": {\"log\": false, \"step\": 1, \"low\": 50, \"high\": 200}}"}
{"op_code":5,"worker_id":"91d7cca8-be79-455e-9af8-b7dab22d9b31-139906009941824","trial_id":6,"param_name":"max_depth","param_value_internal":4.0,"distribution":"{\"name\": \"IntDistribution\", \"attributes\": {\"log\": false, \"step\": 1, \"low\": 2, \"high\": 5}}"}
{"op_code":6,"worker_id":"91d7cca8-be79-455e-9af8-b7dab22d9b31-139906009941824","trial_id":6,"state":1,"values":[0.6931958128078818],"datetime_complete":"2026-04-05T23:04:17.645394"}
{"op_code":4,"worker_id":"91d7cca8-be79-455e-9af8-b7dab22d9b31-139906009941824","study_id":0,"datetime_start":"2026-04-05T23:04:17.658049"}
{"op_code":5,"worker_id":"91d7cca8-be79-455e-9af8-b7dab22d9b31-139906009941824","trial_id":7,"param_name":"learning_rate","param_value_internal":0.06749698665521492,"distribution":"{\"name\": \"FloatDistribution\", \"attributes\": {\"step\": null, \"low\": 0.01, \"high\": 0.2, \"log\": true}}"}
{"op_code":5,"worker_id":"91d7cca8-be79-455e-9af8-b7dab22d9b31-139906009941824","trial_id":7,"param_name":"n_estimators","param_value_internal":192.0,"distribution":"{\"name\": \"IntDistribution\", \"attributes\": {\"log\": false, \"step\": 1, \"low\": 50, \"high\": 200}}"}
{"op_code":5,"worker_id":"91d7cca8-be79-455e-9af8-b7dab22d9b31-139906009941824","trial_id":7,"param_name":"max_depth","param_value_internal":3.0,"distribution":"{\"name\": \"IntDistribution\", \"attributes\": {\"log\": false, \"step\": 1, \"low\": 2, \"high\": 5}}"}
{"op_code":6,"worker_id":"91d7cca8-be79-455e-9af8-b7dab22d9b31-139906009941824","trial_id":7,"state":1,"values":[0.6804187192118226],"datetime_complete":"2026-04-05T23:04:17.990052"}
{"op_code":4,"worker_id":"91d7cca8-be79-455e-9af8-b7dab22d9b31-139906009941824","study_id":0,"datetime_start":"2026-04-05T23:04:18.003482"}
{"op_code":5,"worker_id":"91d7cca8-be79-455e-9af8-b7dab22d9b31-139906009941824","trial_id":8,"param_name":"learning_rate","param_value_internal":0.026552772731986106,"distribution":"{\"name\": \"FloatDistribution\", \"attributes\": {\"step\": null, \"low\": 0.01, \"high\": 0.2, \"log\": true}}"}
{"op_code":5,"worker_id":"91d7cca8-be79-455e-9af8-b7dab22d9b31-139906009941824","trial_id":8,"param_name":"n_estimators","param_value_internal":58.0,"distribution":"{\"name\": \"IntDistribution\", \"attributes\": {\"log\": false, \"step\": 1, \"low\": 50, \"high\": 200}}"}
{"op_code":5,"worker_id":"91d7cca8-be79-455e-9af8-b7dab22d9b31-139906009941824","trial_id":8,"param_name":"max_depth","param_value_internal":3.0,"distribution":"{\"name\": \"IntDistribution\", \"attributes\": {\"log\": false, \"step\": 1, \"low\": 2, \"high\": 5}}"}
{"op_code":6,"worker_id":"91d7cca8-be79-455e-9af8-b7dab22d9b31-139906009941824","trial_id":8,"state":1,"values":[0.6891933497536946],"datetime_complete":"2026-04-05T23:04:18.137222"}
{"op_code":4,"worker_id":"91d7cca8-be79-455e-9af8-b7dab22d9b31-139906009941824","study_id":0,"datetime_start":"2026-04-05T23:04:18.149266"}
{"op_code":5,"worker_id":"91d7cca8-be79-455e-9af8-b7dab22d9b31-139906009941824","trial_id":9,"param_name":"learning_rate","param_value_internal":0.024146946287339363,"distribution":"{\"name\": \"FloatDistribution\", \"attributes\": {\"step\": null, \"low\": 0.01, \"high\": 0.2, \"log\": true}}"}
{"op_code":5,"worker_id":"91d7cca8-be79-455e-9af8-b7dab22d9b31-139906009941824","trial_id":9,"param_name":"n_estimators","param_value_internal":199.0,"distribution":"{\"name\": \"IntDistribution\", \"attributes\": {\"log\": false, \"step\": 1, \"low\": 50, \"high\": 200}}"}
{"op_code":5,"worker_id":"91d7cca8-be79-455e-9af8-b7dab22d9b31-139906009941824","trial_id":9,"param_name":"max_depth","param_value_internal":2.0,"distribution":"{\"name\": \"IntDistribution\", \"attributes\": {\"log\": false, \"step\": 1, \"low\": 2, \"high\": 5}}"}
{"op_code":6,"worker_id":"91d7cca8-be79-455e-9af8-b7dab22d9b31-139906009941824","trial_id":9,"state":1,"values":[0.6998152709359606],"datetime_complete":"2026-04-05T23:04:18.466912"}
{"op_code":4,"worker_id":"91d7cca8-be79-455e-9af8-b7dab22d9b31-139906009941824","study_id":0,"datetime_start":"2026-04-05T23:04:18.478230"}
{"op_code":5,"worker_id":"91d7cca8-be79-455e-9af8-b7dab22d9b31-139906009941824","trial_id":10,"param_name":"learning_rate","param_value_internal":0.027763294503900623,"distribution":"{\"name\": \"FloatDistribution\", \"attributes\": {\"step\": null, \"low\": 0.01, \"high\": 0.2, \"log\": true}}"}
{"op_code":5,"worker_id":"91d7cca8-be79-455e-9af8-b7dab22d9b31-139906009941824","trial_id":10,"param_name":"n_estimators","param_value_internal":161.0,"distribution":"{\"name\": \"IntDistribution\", \"attributes\": {\"log\": false, \"step\": 1, \"low\": 50, \"high\": 200}}"}
{"op_code":5,"worker_id":"91d7cca8-be79-455e-9af8-b7dab22d9b31-139906009941824","trial_id":10,"param_name":"max_depth","param_value_internal":2.0,"distribution":"{\"name\": \"IntDistribution\", \"attributes\": {\"log\": false, \"step\": 1, \"low\": 2, \"high\": 5}}"}
{"op_code":6,"worker_id":"91d7cca8-be79-455e-9af8-b7dab22d9b31-139906009941824","trial_id":10,"state":1,"values":[0.6991995073891626],"datetime_complete":"2026-04-05T23:04:18.747291"}
{"op_code":4,"worker_id":"91d7cca8-be79-455e-9af8-b7dab22d9b31-139906009941824","study_id":0,"datetime_start":"2026-04-05T23:04:18.764458"}
{"op_code":5,"worker_id":"91d7cca8-be79-455e-9af8-b7dab22d9b31-139906009941824","trial_id":11,"param_name":"learning_rate","param_value_internal":0.024175095101765694,"distribution":"{\"name\": \"FloatDistribution\", \"attributes\": {\"step\": null, \"low\": 0.01, \"high\": 0.2, \"log\": true}}"}
{"op_code":5,"worker_id":"91d7cca8-be79-455e-9af8-b7dab22d9b31-139906009941824","trial_id":11,"param_name":"n_estimators","param_value_internal":159.0,"distribution":"{\"name\": \"IntDistribution\", \"attributes\": {\"log\": false, \"step\": 1, \"low\": 50, \"high\": 200}}"}
{"op_code":5,"worker_id":"91d7cca8-be79-455e-9af8-b7dab22d9b31-139906009941824","trial_id":11,"param_name":"max_depth","param_value_internal":2.0,"distribution":"{\"name\": \"IntDistribution\", \"attributes\": {\"log\": false, \"step\": 1, \"low\": 2, \"high\": 5}}"}
{"op_code":6,"worker_id":"91d7cca8-be79-455e-9af8-b7dab22d9b31-139906009941824","trial_id":11,"state":1,"values":[0.6976600985221675],"datetime_complete":"2026-04-05T23:04:19.043427"}
{"op_code":4,"worker_id":"91d7cca8-be79-455e-9af8-b7dab22d9b31-139906009941824","study_id":0,"datetime_start":"2026-04-05T23:04:19.057877"}
{"op_code":5,"worker_id":"91d7cca8-be79-455e-9af8-b7dab22d9b31-139906009941824","trial_id":12,"param_name":"learning_rate","param_value_internal":0.024625762214122802,"distribution":"{\"name\": \"FloatDistribution\", \"attributes\": {\"step\": null, \"low\": 0.01, \"high\": 0.2, \"log\": true}}"}
{"op_code":5,"worker_id":"91d7cca8-be79-455e-9af8-b7dab22d9b31-139906009941824","trial_id":12,"param_name":"n_estimators","param_value_internal":163.0,"distribution":"{\"name\": \"IntDistribution\", \"attributes\": {\"log\": false, \"step\": 1, \"low\": 50, \"high\": 200}}"}
{"op_code":5,"worker_id":"91d7cca8-be79-455e-9af8-b7dab22d9b31-139906009941824","trial_id":12,"param_name":"max_depth","param_value_internal":2.0,"distribution":"{\"name\": \"IntDistribution\", \"attributes\": {\"log\": false, \"step\": 1, \"low\": 2, \"high\": 5}}"}
{"op_code":6,"worker_id":"91d7cca8-be79-455e-9af8-b7dab22d9b31-139906009941824","trial_id":12,"state":1,"values":[0.6965825123152709],"datetime_complete":"2026-04-05T23:04:19.356362"}
{"op_code":4,"worker_id":"91d7cca8-be79-455e-9af8-b7dab22d9b31-139906009941824","study_id":0,"datetime_start":"2026-04-05T23:04:19.383142"}
{"op_code":5,"worker_id":"91d7cca8-be79-455e-9af8-b7dab22d9b31-139906009941824","trial_id":13,"param_name":"learning_rate","param_value_internal":0.03676101510409967,"distribution":"{\"name\": \"FloatDistribution\", \"attributes\": {\"step\": null, \"low\": 0.01, \"high\": 0.2, \"log\": true}}"}
{"op_code":5,"worker_id":"91d7cca8-be79-455e-9af8-b7dab22d9b31-139906009941824","trial_id":13,"param_name":"n_estimators","param_value_internal":161.0,"distribution":"{\"name\": \"IntDistribution\", \"attributes\": {\"log\": false, \"step\": 1, \"low\": 50, \"high\": 200}}"}
{"op_code":5,"worker_id":"91d7cca8-be79-455e-9af8-b7dab22d9b31-139906009941824","trial_id":13,"param_name":"max_depth","param_value_internal":2.0,"distribution":"{\"name\": \"IntDistribution\", \"attributes\": {\"log\": false, \"step\": 1, \"low\": 2, \"high\": 5}}"}
{"op_code":6,"worker_id":"91d7cca8-be79-455e-9af8-b7dab22d9b31-139906009941824","trial_id":13,"state":1,"values":[0.6951970443349754],"datetime_complete":"2026-04-05T23:04:19.669896"}
{"op_code":4,"worker_id":"91d7cca8-be79-455e-9af8-b7dab22d9b31-139906009941824","study_id":0,"datetime_start":"2026-04-05T23:04:19.692249"}
{"op_code":5,"worker_id":"91d7cca8-be79-455e-9af8-b7dab22d9b31-139906009941824","trial_id":14,"param_name":"learning_rate","param_value_internal":0.017351220102756706,"distribution":"{\"name\": \"FloatDistribution\", \"attributes\": {\"step\": null, \"low\": 0.01, \"high\": 0.2, \"log\": true}}"}
{"op_code":5,"worker_id":"91d7cca8-be79-455e-9af8-b7dab22d9b31-139906009941824","trial_id":14,"param_name":"n_estimators","param_value_internal":196.0,"distribution":"{\"name\": \"IntDistribution\", \"attributes\": {\"log\": false, \"step\": 1, \"low\": 50, \"high\": 200}}"}
{"op_code":5,"worker_id":"91d7cca8-be79-455e-9af8-b7dab22d9b31-139906009941824","trial_id":14,"param_name":"max_depth","param_value_internal":5.0,"distribution":"{\"name\": \"IntDistribution\", \"attributes\": {\"log\": false, \"step\": 1, \"low\": 2, \"high\": 5}}"}
{"op_code":6,"worker_id":"91d7cca8-be79-455e-9af8-b7dab22d9b31-139906009941824","trial_id":14,"state":1,"values":[0.698121921182266],"datetime_complete":"2026-04-05T23:04:20.095275"}
{"op_code":4,"worker_id":"91d7cca8-be79-455e-9af8-b7dab22d9b31-139906009941824","study_id":0,"datetime_start":"2026-04-05T23:04:20.111957"}
{"op_code":5,"worker_id":"91d7cca8-be79-455e-9af8-b7dab22d9b31-139906009941824","trial_id":15,"param_name":"learning_rate","param_value_internal":0.17233118439955503,"distribution":"{\"name\": \"FloatDistribution\", \"attributes\": {\"step\": null, \"low\": 0.01, \"high\": 0.2, \"log\": true}}"}
{"op_code":5,"worker_id":"91d7cca8-be79-455e-9af8-b7dab22d9b31-139906009941824","trial_id":15,"param_name":"n_estimators","param_value_internal":175.0,"distribution":"{\"name\": \"IntDistribution\", \"attributes\": {\"log\": false, \"step\": 1, \"low\": 50, \"high\": 200}}"}
{"op_code":5,"worker_id":"91d7cca8-be79-455e-9af8-b7dab22d9b31-139906009941824","trial_id":15,"param_name":"max_depth","param_value_internal":2.0,"distribution":"{\"name\": \"IntDistribution\", \"attributes\": {\"log\": false, \"step\": 1, \"low\": 2, \"high\": 5}}"}
{"op_code":6,"worker_id":"91d7cca8-be79-455e-9af8-b7dab22d9b31-139906009941824","trial_id":15,"state":1,"values":[0.6622536945812808],"datetime_complete":"2026-04-05T23:04:20.413464"}
{"op_code":4,"worker_id":"91d7cca8-be79-455e-9af8-b7dab22d9b31-139906009941824","study_id":0,"datetime_start":"2026-04-05T23:04:20.429540"}
{"op_code":5,"worker_id":"91d7cca8-be79-455e-9af8-b7dab22d9b31-139906009941824","trial_id":16,"param_name":"learning_rate","param_value_internal":0.03472926517701451,"distribution":"{\"name\": \"FloatDistribution\", \"attributes\": {\"step\": null, \"low\": 0.01, \"high\": 0.2, \"log\": true}}"}
{"op_code":5,"worker_id":"91d7cca8-be79-455e-9af8-b7dab22d9b31-139906009941824","trial_id":16,"param_name":"n_estimators","param_value_internal":170.0,"distribution":"{\"name\": \"IntDistribution\", \"attributes\": {\"log\": false, \"step\": 1, \"low\": 50, \"high\": 200}}"}
{"op_code":5,"worker_id":"91d7cca8-be79-455e-9af8-b7dab22d9b31-139906009941824","trial_id":16,"param_name":"max_depth","param_value_internal":2.0,"distribution":"{\"name\": \"IntDistribution\", \"attributes\": {\"log\": false, \"step\": 1, \"low\": 2, \"high\": 5}}"}
{"op_code":6,"worker_id":"91d7cca8-be79-455e-9af8-b7dab22d9b31-139906009941824","trial_id":16,"state":1,"values":[0.6976600985221675],"datetime_complete":"2026-04-05T23:04:20.725752"}
{"op_code":4,"worker_id":"91d7cca8-be79-455e-9af8-b7dab22d9b31-139906009941824","study_id":0,"datetime_start":"2026-04-05T23:04:20.744038"}
{"op_code":5,"worker_id":"91d7cca8-be79-455e-9af8-b7dab22d9b31-139906009941824","trial_id":17,"param_name":"learning_rate","param_value_internal":0.019367071358535576,"distribution":"{\"name\": \"FloatDistribution\", \"attributes\": {\"step\": null, \"low\": 0.01, \"high\": 0.2, \"log\": true}}"}
{"op_code":5,"worker_id":"91d7cca8-be79-455e-9af8-b7dab22d9b31-139906009941824","trial_id":17,"param_name":"n_estimators","param_value_internal":143.0,"distribution":"{\"name\": \"IntDistribution\", \"attributes\": {\"log\": false, \"step\": 1, \"low\": 50, \"high\": 200}}"}
{"op_code":5,"worker_id":"91d7cca8-be79-455e-9af8-b7dab22d9b31-139906009941824","trial_id":17,"param_name":"max_depth","param_value_internal":5.0,"distribution":"{\"name\": \"IntDistribution\", \"attributes\": {\"log\": false, \"step\": 1, \"low\": 2, \"high\": 5}}"}
{"op_code":6,"worker_id":"91d7cca8-be79-455e-9af8-b7dab22d9b31-139906009941824","trial_id":17,"state":1,"values":[0.7058189655172413],"datetime_complete":"2026-04-05T23:04:21.061227"}
{"op_code":4,"worker_id":"91d7cca8-be79-455e-9af8-b7dab22d9b31-139906009941824","study_id":0,"datetime_start":"2026-04-05T23:04:21.082179"}
{"op_code":5,"worker_id":"91d7cca8-be79-455e-9af8-b7dab22d9b31-139906009941824","trial_id":18,"param_name":"learning_rate","param_value_internal":0.016784928190372316,"distribution":"{\"name\": \"FloatDistribution\", \"attributes\": {\"step\": null, \"low\": 0.01, \"high\": 0.2, \"log\": true}}"}
{"op_code":5,"worker_id":"91d7cca8-be79-455e-9af8-b7dab22d9b31-139906009941824","trial_id":18,"param_name":"n_estimators","param_value_internal":102.0,"distribution":"{\"name\": \"IntDistribution\", \"attributes\": {\"log\": false, \"step\": 1, \"low\": 50, \"high\": 200}}"}
{"op_code":5,"worker_id":"91d7cca8-be79-455e-9af8-b7dab22d9b31-139906009941824","trial_id":18,"param_name":"max_depth","param_value_internal":5.0,"distribution":"{\"name\": \"IntDistribution\", \"attributes\": {\"log\": false, \"step\": 1, \"low\": 2, \"high\": 5}}"}
{"op_code":6,"worker_id":"91d7cca8-be79-455e-9af8-b7dab22d9b31-139906009941824","trial_id":18,"state":1,"values":[0.6987376847290641],"datetime_complete":"2026-04-05T23:04:21.329496"}
{"op_code":4,"worker_id":"91d7cca8-be79-455e-9af8-b7dab22d9b31-139906009941824","study_id":0,"datetime_start":"2026-04-05T23:04:21.347375"}
{"op_code":5,"worker_id":"91d7cca8-be79-455e-9af8-b7dab22d9b31-139906009941824","trial_id":19,"param_name":"learning_rate","param_value_internal":0.01050081893131094,"distribution":"{\"name\": \"FloatDistribution\", \"attributes\": {\"step\": null, \"low\": 0.01, \"high\": 0.2, \"log\": true}}"}
{"op_code":5,"worker_id":"91d7cca8-be79-455e-9af8-b7dab22d9b31-139906009941824","trial_id":19,"param_name":"n_estimators","param_value_internal":143.0,"distribution":"{\"name\": \"IntDistribution\", \"attributes\": {\"log\": false, \"step\": 1, \"low\": 50, \"high\": 200}}"}
{"op_code":5,"worker_id":"91d7cca8-be79-455e-9af8-b7dab22d9b31-139906009941824","trial_id":19,"param_name":"max_depth","param_value_internal":5.0,"distribution":"{\"name\": \"IntDistribution\", \"attributes\": {\"log\": false, \"step\": 1, \"low\": 2, \"high\": 5}}"}
{"op_code":6,"worker_id":"91d7cca8-be79-455e-9af8-b7dab22d9b31-139906009941824","trial_id":19,"state":1,"values":[0.6911945812807881],"datetime_complete":"2026-04-05T23:04:21.751848"}
