{"op_code":0,"worker_id":"b5626956-de68-4581-b239-1560d8e6b3f7-140544486217536","study_name":"pchazard_tuning","directions":[2]}
{"op_code":4,"worker_id":"b5626956-de68-4581-b239-1560d8e6b3f7-140544486217536","study_id":0,"datetime_start":"2026-04-01T02:35:19.926234"}
{"op_code":5,"worker_id":"b5626956-de68-4581-b239-1560d8e6b3f7-140544486217536","trial_id":0,"param_name":"lr","param_value_internal":0.0008662667709574202,"distribution":"{\"name\": \"FloatDistribution\", \"attributes\": {\"step\": null, \"low\": 0.0001, \"high\": 0.1, \"log\": true}}"}
{"op_code":5,"worker_id":"b5626956-de68-4581-b239-1560d8e6b3f7-140544486217536","trial_id":0,"param_name":"dropout","param_value_internal":0.47953467011528894,"distribution":"{\"name\": \"FloatDistribution\", \"attributes\": {\"step\": null, \"low\": 0.0, \"high\": 0.5, \"log\": false}}"}
{"op_code":5,"worker_id":"b5626956-de68-4581-b239-1560d8e6b3f7-140544486217536","trial_id":0,"param_name":"layers","param_value_internal":1.0,"distribution":"{\"name\": \"IntDistribution\", \"attributes\": {\"log\": false, \"step\": 1, \"low\": 1, \"high\": 3}}"}
{"op_code":5,"worker_id":"b5626956-de68-4581-b239-1560d8e6b3f7-140544486217536","trial_id":0,"param_name":"nodes","param_value_internal":2,"distribution":"{\"name\": \"CategoricalDistribution\", \"attributes\": {\"choices\": [32, 64, 128]}}"}
{"op_code":6,"worker_id":"b5626956-de68-4581-b239-1560d8e6b3f7-140544486217536","trial_id":0,"state":1,"values":[0.0],"datetime_complete":"2026-04-01T02:35:20.045229"}
{"op_code":4,"worker_id":"b5626956-de68-4581-b239-1560d8e6b3f7-140544486217536","study_id":0,"datetime_start":"2026-04-01T02:35:20.064884"}
{"op_code":5,"worker_id":"b5626956-de68-4581-b239-1560d8e6b3f7-140544486217536","trial_id":1,"param_name":"lr","param_value_internal":0.002302965627823672,"distribution":"{\"name\": \"FloatDistribution\", \"attributes\": {\"step\": null, \"low\": 0.0001, \"high\": 0.1, \"log\": true}}"}
{"op_code":5,"worker_id":"b5626956-de68-4581-b239-1560d8e6b3f7-140544486217536","trial_id":1,"param_name":"dropout","param_value_internal":0.2694134025081481,"distribution":"{\"name\": \"FloatDistribution\", \"attributes\": {\"step\": null, \"low\": 0.0, \"high\": 0.5, \"log\": false}}"}
{"op_code":5,"worker_id":"b5626956-de68-4581-b239-1560d8e6b3f7-140544486217536","trial_id":1,"param_name":"layers","param_value_internal":2.0,"distribution":"{\"name\": \"IntDistribution\", \"attributes\": {\"log\": false, \"step\": 1, \"low\": 1, \"high\": 3}}"}
{"op_code":5,"worker_id":"b5626956-de68-4581-b239-1560d8e6b3f7-140544486217536","trial_id":1,"param_name":"nodes","param_value_internal":1,"distribution":"{\"name\": \"CategoricalDistribution\", \"attributes\": {\"choices\": [32, 64, 128]}}"}
{"op_code":6,"worker_id":"b5626956-de68-4581-b239-1560d8e6b3f7-140544486217536","trial_id":1,"state":1,"values":[0.0],"datetime_complete":"2026-04-01T02:35:20.215313"}
{"op_code":4,"worker_id":"b5626956-de68-4581-b239-1560d8e6b3f7-140544486217536","study_id":0,"datetime_start":"2026-04-01T02:35:20.238163"}
{"op_code":5,"worker_id":"b5626956-de68-4581-b239-1560d8e6b3f7-140544486217536","trial_id":2,"param_name":"lr","param_value_internal":0.00032923001334127623,"distribution":"{\"name\": \"FloatDistribution\", \"attributes\": {\"step\": null, \"low\": 0.0001, \"high\": 0.1, \"log\": true}}"}
{"op_code":5,"worker_id":"b5626956-de68-4581-b239-1560d8e6b3f7-140544486217536","trial_id":2,"param_name":"dropout","param_value_internal":0.20257920311701383,"distribution":"{\"name\": \"FloatDistribution\", \"attributes\": {\"step\": null, \"low\": 0.0, \"high\": 0.5, \"log\": false}}"}
{"op_code":5,"worker_id":"b5626956-de68-4581-b239-1560d8e6b3f7-140544486217536","trial_id":2,"param_name":"layers","param_value_internal":3.0,"distribution":"{\"name\": \"IntDistribution\", \"attributes\": {\"log\": false, \"step\": 1, \"low\": 1, \"high\": 3}}"}
{"op_code":5,"worker_id":"b5626956-de68-4581-b239-1560d8e6b3f7-140544486217536","trial_id":2,"param_name":"nodes","param_value_internal":0,"distribution":"{\"name\": \"CategoricalDistribution\", \"attributes\": {\"choices\": [32, 64, 128]}}"}
{"op_code":6,"worker_id":"b5626956-de68-4581-b239-1560d8e6b3f7-140544486217536","trial_id":2,"state":1,"values":[0.0],"datetime_complete":"2026-04-01T02:35:20.377138"}
{"op_code":4,"worker_id":"b5626956-de68-4581-b239-1560d8e6b3f7-140544486217536","study_id":0,"datetime_start":"2026-04-01T02:35:20.400974"}
{"op_code":5,"worker_id":"b5626956-de68-4581-b239-1560d8e6b3f7-140544486217536","trial_id":3,"param_name":"lr","param_value_internal":0.02012546552350787,"distribution":"{\"name\": \"FloatDistribution\", \"attributes\": {\"step\": null, \"low\": 0.0001, \"high\": 0.1, \"log\": true}}"}
{"op_code":5,"worker_id":"b5626956-de68-4581-b239-1560d8e6b3f7-140544486217536","trial_id":3,"param_name":"dropout","param_value_internal":0.14064798599132627,"distribution":"{\"name\": \"FloatDistribution\", \"attributes\": {\"step\": null, \"low\": 0.0, \"high\": 0.5, \"log\": false}}"}
{"op_code":5,"worker_id":"b5626956-de68-4581-b239-1560d8e6b3f7-140544486217536","trial_id":3,"param_name":"layers","param_value_internal":3.0,"distribution":"{\"name\": \"IntDistribution\", \"attributes\": {\"log\": false, \"step\": 1, \"low\": 1, \"high\": 3}}"}
{"op_code":5,"worker_id":"b5626956-de68-4581-b239-1560d8e6b3f7-140544486217536","trial_id":3,"param_name":"nodes","param_value_internal":0,"distribution":"{\"name\": \"CategoricalDistribution\", \"attributes\": {\"choices\": [32, 64, 128]}}"}
{"op_code":6,"worker_id":"b5626956-de68-4581-b239-1560d8e6b3f7-140544486217536","trial_id":3,"state":1,"values":[0.0],"datetime_complete":"2026-04-01T02:35:20.530758"}
{"op_code":4,"worker_id":"b5626956-de68-4581-b239-1560d8e6b3f7-140544486217536","study_id":0,"datetime_start":"2026-04-01T02:35:20.551292"}
{"op_code":5,"worker_id":"b5626956-de68-4581-b239-1560d8e6b3f7-140544486217536","trial_id":4,"param_name":"lr","param_value_internal":0.05907700216908527,"distribution":"{\"name\": \"FloatDistribution\", \"attributes\": {\"step\": null, \"low\": 0.0001, \"high\": 0.1, \"log\": true}}"}
{"op_code":5,"worker_id":"b5626956-de68-4581-b239-1560d8e6b3f7-140544486217536","trial_id":4,"param_name":"dropout","param_value_internal":0.3463299533003537,"distribution":"{\"name\": \"FloatDistribution\", \"attributes\": {\"step\": null, \"low\": 0.0, \"high\": 0.5, \"log\": false}}"}
{"op_code":5,"worker_id":"b5626956-de68-4581-b239-1560d8e6b3f7-140544486217536","trial_id":4,"param_name":"layers","param_value_internal":1.0,"distribution":"{\"name\": \"IntDistribution\", \"attributes\": {\"log\": false, \"step\": 1, \"low\": 1, \"high\": 3}}"}
{"op_code":5,"worker_id":"b5626956-de68-4581-b239-1560d8e6b3f7-140544486217536","trial_id":4,"param_name":"nodes","param_value_internal":1,"distribution":"{\"name\": \"CategoricalDistribution\", \"attributes\": {\"choices\": [32, 64, 128]}}"}
{"op_code":6,"worker_id":"b5626956-de68-4581-b239-1560d8e6b3f7-140544486217536","trial_id":4,"state":1,"values":[0.0],"datetime_complete":"2026-04-01T02:35:20.631622"}
{"op_code":4,"worker_id":"b5626956-de68-4581-b239-1560d8e6b3f7-140544486217536","study_id":0,"datetime_start":"2026-04-01T02:35:20.653560"}
{"op_code":5,"worker_id":"b5626956-de68-4581-b239-1560d8e6b3f7-140544486217536","trial_id":5,"param_name":"lr","param_value_internal":0.017655277897734963,"distribution":"{\"name\": \"FloatDistribution\", \"attributes\": {\"step\": null, \"low\": 0.0001, \"high\": 0.1, \"log\": true}}"}
{"op_code":5,"worker_id":"b5626956-de68-4581-b239-1560d8e6b3f7-140544486217536","trial_id":5,"param_name":"dropout","param_value_internal":0.15195672479229916,"distribution":"{\"name\": \"FloatDistribution\", \"attributes\": {\"step\": null, \"low\": 0.0, \"high\": 0.5, \"log\": false}}"}
{"op_code":5,"worker_id":"b5626956-de68-4581-b239-1560d8e6b3f7-140544486217536","trial_id":5,"param_name":"layers","param_value_internal":2.0,"distribution":"{\"name\": \"IntDistribution\", \"attributes\": {\"log\": false, \"step\": 1, \"low\": 1, \"high\": 3}}"}
{"op_code":5,"worker_id":"b5626956-de68-4581-b239-1560d8e6b3f7-140544486217536","trial_id":5,"param_name":"nodes","param_value_internal":2,"distribution":"{\"name\": \"CategoricalDistribution\", \"attributes\": {\"choices\": [32, 64, 128]}}"}
{"op_code":6,"worker_id":"b5626956-de68-4581-b239-1560d8e6b3f7-140544486217536","trial_id":5,"state":1,"values":[0.0],"datetime_complete":"2026-04-01T02:35:20.747078"}
{"op_code":4,"worker_id":"b5626956-de68-4581-b239-1560d8e6b3f7-140544486217536","study_id":0,"datetime_start":"2026-04-01T02:35:20.766512"}
{"op_code":5,"worker_id":"b5626956-de68-4581-b239-1560d8e6b3f7-140544486217536","trial_id":6,"param_name":"lr","param_value_internal":0.0009111976581148968,"distribution":"{\"name\": \"FloatDistribution\", \"attributes\": {\"step\": null, \"low\": 0.0001, \"high\": 0.1, \"log\": true}}"}
{"op_code":5,"worker_id":"b5626956-de68-4581-b239-1560d8e6b3f7-140544486217536","trial_id":6,"param_name":"dropout","param_value_internal":0.07328047626352213,"distribution":"{\"name\": \"FloatDistribution\", \"attributes\": {\"step\": null, \"low\": 0.0, \"high\": 0.5, \"log\": false}}"}
{"op_code":5,"worker_id":"b5626956-de68-4581-b239-1560d8e6b3f7-140544486217536","trial_id":6,"param_name":"layers","param_value_internal":2.0,"distribution":"{\"name\": \"IntDistribution\", \"attributes\": {\"log\": false, \"step\": 1, \"low\": 1, \"high\": 3}}"}
{"op_code":5,"worker_id":"b5626956-de68-4581-b239-1560d8e6b3f7-140544486217536","trial_id":6,"param_name":"nodes","param_value_internal":1,"distribution":"{\"name\": \"CategoricalDistribution\", \"attributes\": {\"choices\": [32, 64, 128]}}"}
{"op_code":6,"worker_id":"b5626956-de68-4581-b239-1560d8e6b3f7-140544486217536","trial_id":6,"state":1,"values":[0.0],"datetime_complete":"2026-04-01T02:35:20.844735"}
{"op_code":4,"worker_id":"b5626956-de68-4581-b239-1560d8e6b3f7-140544486217536","study_id":0,"datetime_start":"2026-04-01T02:35:20.864709"}
{"op_code":5,"worker_id":"b5626956-de68-4581-b239-1560d8e6b3f7-140544486217536","trial_id":7,"param_name":"lr","param_value_internal":0.004281900962870818,"distribution":"{\"name\": \"FloatDistribution\", \"attributes\": {\"step\": null, \"low\": 0.0001, \"high\": 0.1, \"log\": true}}"}
{"op_code":5,"worker_id":"b5626956-de68-4581-b239-1560d8e6b3f7-140544486217536","trial_id":7,"param_name":"dropout","param_value_internal":0.41341467064002246,"distribution":"{\"name\": \"FloatDistribution\", \"attributes\": {\"step\": null, \"low\": 0.0, \"high\": 0.5, \"log\": false}}"}
{"op_code":5,"worker_id":"b5626956-de68-4581-b239-1560d8e6b3f7-140544486217536","trial_id":7,"param_name":"layers","param_value_internal":2.0,"distribution":"{\"name\": \"IntDistribution\", \"attributes\": {\"log\": false, \"step\": 1, \"low\": 1, \"high\": 3}}"}
{"op_code":5,"worker_id":"b5626956-de68-4581-b239-1560d8e6b3f7-140544486217536","trial_id":7,"param_name":"nodes","param_value_internal":2,"distribution":"{\"name\": \"CategoricalDistribution\", \"attributes\": {\"choices\": [32, 64, 128]}}"}
{"op_code":6,"worker_id":"b5626956-de68-4581-b239-1560d8e6b3f7-140544486217536","trial_id":7,"state":1,"values":[0.0],"datetime_complete":"2026-04-01T02:35:20.942307"}
{"op_code":4,"worker_id":"b5626956-de68-4581-b239-1560d8e6b3f7-140544486217536","study_id":0,"datetime_start":"2026-04-01T02:35:20.956336"}
{"op_code":5,"worker_id":"b5626956-de68-4581-b239-1560d8e6b3f7-140544486217536","trial_id":8,"param_name":"lr","param_value_internal":0.0007514538874005827,"distribution":"{\"name\": \"FloatDistribution\", \"attributes\": {\"step\": null, \"low\": 0.0001, \"high\": 0.1, \"log\": true}}"}
{"op_code":5,"worker_id":"b5626956-de68-4581-b239-1560d8e6b3f7-140544486217536","trial_id":8,"param_name":"dropout","param_value_internal":0.36990854164924947,"distribution":"{\"name\": \"FloatDistribution\", \"attributes\": {\"step\": null, \"low\": 0.0, \"high\": 0.5, \"log\": false}}"}
{"op_code":5,"worker_id":"b5626956-de68-4581-b239-1560d8e6b3f7-140544486217536","trial_id":8,"param_name":"layers","param_value_internal":2.0,"distribution":"{\"name\": \"IntDistribution\", \"attributes\": {\"log\": false, \"step\": 1, \"low\": 1, \"high\": 3}}"}
{"op_code":5,"worker_id":"b5626956-de68-4581-b239-1560d8e6b3f7-140544486217536","trial_id":8,"param_name":"nodes","param_value_internal":1,"distribution":"{\"name\": \"CategoricalDistribution\", \"attributes\": {\"choices\": [32, 64, 128]}}"}
{"op_code":6,"worker_id":"b5626956-de68-4581-b239-1560d8e6b3f7-140544486217536","trial_id":8,"state":1,"values":[0.0],"datetime_complete":"2026-04-01T02:35:21.032581"}
{"op_code":4,"worker_id":"b5626956-de68-4581-b239-1560d8e6b3f7-140544486217536","study_id":0,"datetime_start":"2026-04-01T02:35:21.047725"}
{"op_code":5,"worker_id":"b5626956-de68-4581-b239-1560d8e6b3f7-140544486217536","trial_id":9,"param_name":"lr","param_value_internal":0.00016770313058896266,"distribution":"{\"name\": \"FloatDistribution\", \"attributes\": {\"step\": null, \"low\": 0.0001, \"high\": 0.1, \"log\": true}}"}
{"op_code":5,"worker_id":"b5626956-de68-4581-b239-1560d8e6b3f7-140544486217536","trial_id":9,"param_name":"dropout","param_value_internal":0.4165829218754997,"distribution":"{\"name\": \"FloatDistribution\", \"attributes\": {\"step\": null, \"low\": 0.0, \"high\": 0.5, \"log\": false}}"}
{"op_code":5,"worker_id":"b5626956-de68-4581-b239-1560d8e6b3f7-140544486217536","trial_id":9,"param_name":"layers","param_value_internal":3.0,"distribution":"{\"name\": \"IntDistribution\", \"attributes\": {\"log\": false, \"step\": 1, \"low\": 1, \"high\": 3}}"}
{"op_code":5,"worker_id":"b5626956-de68-4581-b239-1560d8e6b3f7-140544486217536","trial_id":9,"param_name":"nodes","param_value_internal":2,"distribution":"{\"name\": \"CategoricalDistribution\", \"attributes\": {\"choices\": [32, 64, 128]}}"}
{"op_code":6,"worker_id":"b5626956-de68-4581-b239-1560d8e6b3f7-140544486217536","trial_id":9,"state":1,"values":[0.0],"datetime_complete":"2026-04-01T02:35:21.182203"}
{"op_code":4,"worker_id":"b5626956-de68-4581-b239-1560d8e6b3f7-140544486217536","study_id":0,"datetime_start":"2026-04-01T02:35:21.199541"}
{"op_code":5,"worker_id":"b5626956-de68-4581-b239-1560d8e6b3f7-140544486217536","trial_id":10,"param_name":"lr","param_value_internal":0.00011713123700305413,"distribution":"{\"name\": \"FloatDistribution\", \"attributes\": {\"step\": null, \"low\": 0.0001, \"high\": 0.1, \"log\": true}}"}
{"op_code":5,"worker_id":"b5626956-de68-4581-b239-1560d8e6b3f7-140544486217536","trial_id":10,"param_name":"dropout","param_value_internal":0.4760426976431825,"distribution":"{\"name\": \"FloatDistribution\", \"attributes\": {\"step\": null, \"low\": 0.0, \"high\": 0.5, \"log\": false}}"}
{"op_code":5,"worker_id":"b5626956-de68-4581-b239-1560d8e6b3f7-140544486217536","trial_id":10,"param_name":"layers","param_value_internal":1.0,"distribution":"{\"name\": \"IntDistribution\", \"attributes\": {\"log\": false, \"step\": 1, \"low\": 1, \"high\": 3}}"}
{"op_code":5,"worker_id":"b5626956-de68-4581-b239-1560d8e6b3f7-140544486217536","trial_id":10,"param_name":"nodes","param_value_internal":2,"distribution":"{\"name\": \"CategoricalDistribution\", \"attributes\": {\"choices\": [32, 64, 128]}}"}
{"op_code":6,"worker_id":"b5626956-de68-4581-b239-1560d8e6b3f7-140544486217536","trial_id":10,"state":1,"values":[0.0],"datetime_complete":"2026-04-01T02:35:21.310264"}
{"op_code":4,"worker_id":"b5626956-de68-4581-b239-1560d8e6b3f7-140544486217536","study_id":0,"datetime_start":"2026-04-01T02:35:21.328114"}
{"op_code":5,"worker_id":"b5626956-de68-4581-b239-1560d8e6b3f7-140544486217536","trial_id":11,"param_name":"lr","param_value_internal":0.0018737882481794027,"distribution":"{\"name\": \"FloatDistribution\", \"attributes\": {\"step\": null, \"low\": 0.0001, \"high\": 0.1, \"log\": true}}"}
{"op_code":5,"worker_id":"b5626956-de68-4581-b239-1560d8e6b3f7-140544486217536","trial_id":11,"param_name":"dropout","param_value_internal":0.29133955284726587,"distribution":"{\"name\": \"FloatDistribution\", \"attributes\": {\"step\": null, \"low\": 0.0, \"high\": 0.5, \"log\": false}}"}
{"op_code":5,"worker_id":"b5626956-de68-4581-b239-1560d8e6b3f7-140544486217536","trial_id":11,"param_name":"layers","param_value_internal":1.0,"distribution":"{\"name\": \"IntDistribution\", \"attributes\": {\"log\": false, \"step\": 1, \"low\": 1, \"high\": 3}}"}
{"op_code":5,"worker_id":"b5626956-de68-4581-b239-1560d8e6b3f7-140544486217536","trial_id":11,"param_name":"nodes","param_value_internal":1,"distribution":"{\"name\": \"CategoricalDistribution\", \"attributes\": {\"choices\": [32, 64, 128]}}"}
{"op_code":6,"worker_id":"b5626956-de68-4581-b239-1560d8e6b3f7-140544486217536","trial_id":11,"state":1,"values":[0.0],"datetime_complete":"2026-04-01T02:35:21.448254"}
{"op_code":4,"worker_id":"b5626956-de68-4581-b239-1560d8e6b3f7-140544486217536","study_id":0,"datetime_start":"2026-04-01T02:35:21.466014"}
{"op_code":5,"worker_id":"b5626956-de68-4581-b239-1560d8e6b3f7-140544486217536","trial_id":12,"param_name":"lr","param_value_internal":0.0053854091764847225,"distribution":"{\"name\": \"FloatDistribution\", \"attributes\": {\"step\": null, \"low\": 0.0001, \"high\": 0.1, \"log\": true}}"}
{"op_code":5,"worker_id":"b5626956-de68-4581-b239-1560d8e6b3f7-140544486217536","trial_id":12,"param_name":"dropout","param_value_internal":0.008174072556385609,"distribution":"{\"name\": \"FloatDistribution\", \"attributes\": {\"step\": null, \"low\": 0.0, \"high\": 0.5, \"log\": false}}"}
{"op_code":5,"worker_id":"b5626956-de68-4581-b239-1560d8e6b3f7-140544486217536","trial_id":12,"param_name":"layers","param_value_internal":1.0,"distribution":"{\"name\": \"IntDistribution\", \"attributes\": {\"log\": false, \"step\": 1, \"low\": 1, \"high\": 3}}"}
{"op_code":5,"worker_id":"b5626956-de68-4581-b239-1560d8e6b3f7-140544486217536","trial_id":12,"param_name":"nodes","param_value_internal":2,"distribution":"{\"name\": \"CategoricalDistribution\", \"attributes\": {\"choices\": [32, 64, 128]}}"}
{"op_code":6,"worker_id":"b5626956-de68-4581-b239-1560d8e6b3f7-140544486217536","trial_id":12,"state":1,"values":[0.0],"datetime_complete":"2026-04-01T02:35:21.597312"}
{"op_code":4,"worker_id":"b5626956-de68-4581-b239-1560d8e6b3f7-140544486217536","study_id":0,"datetime_start":"2026-04-01T02:35:21.614884"}
{"op_code":5,"worker_id":"b5626956-de68-4581-b239-1560d8e6b3f7-140544486217536","trial_id":13,"param_name":"lr","param_value_internal":0.001679862805822641,"distribution":"{\"name\": \"FloatDistribution\", \"attributes\": {\"step\": null, \"low\": 0.0001, \"high\": 0.1, \"log\": true}}"}
{"op_code":5,"worker_id":"b5626956-de68-4581-b239-1560d8e6b3f7-140544486217536","trial_id":13,"param_name":"dropout","param_value_internal":0.4918825957950732,"distribution":"{\"name\": \"FloatDistribution\", \"attributes\": {\"step\": null, \"low\": 0.0, \"high\": 0.5, \"log\": false}}"}
{"op_code":5,"worker_id":"b5626956-de68-4581-b239-1560d8e6b3f7-140544486217536","trial_id":13,"param_name":"layers","param_value_internal":1.0,"distribution":"{\"name\": \"IntDistribution\", \"attributes\": {\"log\": false, \"step\": 1, \"low\": 1, \"high\": 3}}"}
{"op_code":5,"worker_id":"b5626956-de68-4581-b239-1560d8e6b3f7-140544486217536","trial_id":13,"param_name":"nodes","param_value_internal":1,"distribution":"{\"name\": \"CategoricalDistribution\", \"attributes\": {\"choices\": [32, 64, 128]}}"}
{"op_code":6,"worker_id":"b5626956-de68-4581-b239-1560d8e6b3f7-140544486217536","trial_id":13,"state":1,"values":[0.0],"datetime_complete":"2026-04-01T02:35:21.725575"}
{"op_code":4,"worker_id":"b5626956-de68-4581-b239-1560d8e6b3f7-140544486217536","study_id":0,"datetime_start":"2026-04-01T02:35:21.764780"}
{"op_code":5,"worker_id":"b5626956-de68-4581-b239-1560d8e6b3f7-140544486217536","trial_id":14,"param_name":"lr","param_value_internal":0.0004667203068697117,"distribution":"{\"name\": \"FloatDistribution\", \"attributes\": {\"step\": null, \"low\": 0.0001, \"high\": 0.1, \"log\": true}}"}
{"op_code":5,"worker_id":"b5626956-de68-4581-b239-1560d8e6b3f7-140544486217536","trial_id":14,"param_name":"dropout","param_value_internal":0.26834875803012775,"distribution":"{\"name\": \"FloatDistribution\", \"attributes\": {\"step\": null, \"low\": 0.0, \"high\": 0.5, \"log\": false}}"}
{"op_code":5,"worker_id":"b5626956-de68-4581-b239-1560d8e6b3f7-140544486217536","trial_id":14,"param_name":"layers","param_value_internal":2.0,"distribution":"{\"name\": \"IntDistribution\", \"attributes\": {\"log\": false, \"step\": 1, \"low\": 1, \"high\": 3}}"}
{"op_code":5,"worker_id":"b5626956-de68-4581-b239-1560d8e6b3f7-140544486217536","trial_id":14,"param_name":"nodes","param_value_internal":0,"distribution":"{\"name\": \"CategoricalDistribution\", \"attributes\": {\"choices\": [32, 64, 128]}}"}
{"op_code":6,"worker_id":"b5626956-de68-4581-b239-1560d8e6b3f7-140544486217536","trial_id":14,"state":1,"values":[0.0],"datetime_complete":"2026-04-01T02:35:21.890088"}
{"op_code":4,"worker_id":"b5626956-de68-4581-b239-1560d8e6b3f7-140544486217536","study_id":0,"datetime_start":"2026-04-01T02:35:21.910683"}
{"op_code":5,"worker_id":"b5626956-de68-4581-b239-1560d8e6b3f7-140544486217536","trial_id":15,"param_name":"lr","param_value_internal":0.00793968130354282,"distribution":"{\"name\": \"FloatDistribution\", \"attributes\": {\"step\": null, \"low\": 0.0001, \"high\": 0.1, \"log\": true}}"}
{"op_code":5,"worker_id":"b5626956-de68-4581-b239-1560d8e6b3f7-140544486217536","trial_id":15,"param_name":"dropout","param_value_internal":0.30955342292439236,"distribution":"{\"name\": \"FloatDistribution\", \"attributes\": {\"step\": null, \"low\": 0.0, \"high\": 0.5, \"log\": false}}"}
{"op_code":5,"worker_id":"b5626956-de68-4581-b239-1560d8e6b3f7-140544486217536","trial_id":15,"param_name":"layers","param_value_internal":2.0,"distribution":"{\"name\": \"IntDistribution\", \"attributes\": {\"log\": false, \"step\": 1, \"low\": 1, \"high\": 3}}"}
{"op_code":5,"worker_id":"b5626956-de68-4581-b239-1560d8e6b3f7-140544486217536","trial_id":15,"param_name":"nodes","param_value_internal":2,"distribution":"{\"name\": \"CategoricalDistribution\", \"attributes\": {\"choices\": [32, 64, 128]}}"}
{"op_code":6,"worker_id":"b5626956-de68-4581-b239-1560d8e6b3f7-140544486217536","trial_id":15,"state":1,"values":[0.0],"datetime_complete":"2026-04-01T02:35:22.037538"}
{"op_code":4,"worker_id":"b5626956-de68-4581-b239-1560d8e6b3f7-140544486217536","study_id":0,"datetime_start":"2026-04-01T02:35:22.063530"}
{"op_code":5,"worker_id":"b5626956-de68-4581-b239-1560d8e6b3f7-140544486217536","trial_id":16,"param_name":"lr","param_value_internal":0.0017325617099621902,"distribution":"{\"name\": \"FloatDistribution\", \"attributes\": {\"step\": null, \"low\": 0.0001, \"high\": 0.1, \"log\": true}}"}
{"op_code":5,"worker_id":"b5626956-de68-4581-b239-1560d8e6b3f7-140544486217536","trial_id":16,"param_name":"dropout","param_value_internal":0.22545914383192006,"distribution":"{\"name\": \"FloatDistribution\", \"attributes\": {\"step\": null, \"low\": 0.0, \"high\": 0.5, \"log\": false}}"}
{"op_code":5,"worker_id":"b5626956-de68-4581-b239-1560d8e6b3f7-140544486217536","trial_id":16,"param_name":"layers","param_value_internal":1.0,"distribution":"{\"name\": \"IntDistribution\", \"attributes\": {\"log\": false, \"step\": 1, \"low\": 1, \"high\": 3}}"}
{"op_code":5,"worker_id":"b5626956-de68-4581-b239-1560d8e6b3f7-140544486217536","trial_id":16,"param_name":"nodes","param_value_internal":1,"distribution":"{\"name\": \"CategoricalDistribution\", \"attributes\": {\"choices\": [32, 64, 128]}}"}
{"op_code":6,"worker_id":"b5626956-de68-4581-b239-1560d8e6b3f7-140544486217536","trial_id":16,"state":1,"values":[0.0],"datetime_complete":"2026-04-01T02:35:22.237327"}
{"op_code":4,"worker_id":"b5626956-de68-4581-b239-1560d8e6b3f7-140544486217536","study_id":0,"datetime_start":"2026-04-01T02:35:22.275750"}
{"op_code":5,"worker_id":"b5626956-de68-4581-b239-1560d8e6b3f7-140544486217536","trial_id":17,"param_name":"lr","param_value_internal":0.00030624315194077955,"distribution":"{\"name\": \"FloatDistribution\", \"attributes\": {\"step\": null, \"low\": 0.0001, \"high\": 0.1, \"log\": true}}"}
{"op_code":5,"worker_id":"b5626956-de68-4581-b239-1560d8e6b3f7-140544486217536","trial_id":17,"param_name":"dropout","param_value_internal":0.42266127253025887,"distribution":"{\"name\": \"FloatDistribution\", \"attributes\": {\"step\": null, \"low\": 0.0, \"high\": 0.5, \"log\": false}}"}
{"op_code":5,"worker_id":"b5626956-de68-4581-b239-1560d8e6b3f7-140544486217536","trial_id":17,"param_name":"layers","param_value_internal":3.0,"distribution":"{\"name\": \"IntDistribution\", \"attributes\": {\"log\": false, \"step\": 1, \"low\": 1, \"high\": 3}}"}
{"op_code":5,"worker_id":"b5626956-de68-4581-b239-1560d8e6b3f7-140544486217536","trial_id":17,"param_name":"nodes","param_value_internal":2,"distribution":"{\"name\": \"CategoricalDistribution\", \"attributes\": {\"choices\": [32, 64, 128]}}"}
{"op_code":6,"worker_id":"b5626956-de68-4581-b239-1560d8e6b3f7-140544486217536","trial_id":17,"state":1,"values":[0.0],"datetime_complete":"2026-04-01T02:35:22.426115"}
{"op_code":4,"worker_id":"b5626956-de68-4581-b239-1560d8e6b3f7-140544486217536","study_id":0,"datetime_start":"2026-04-01T02:35:22.451305"}
{"op_code":5,"worker_id":"b5626956-de68-4581-b239-1560d8e6b3f7-140544486217536","trial_id":18,"param_name":"lr","param_value_internal":0.015169740851319611,"distribution":"{\"name\": \"FloatDistribution\", \"attributes\": {\"step\": null, \"low\": 0.0001, \"high\": 0.1, \"log\": true}}"}
{"op_code":5,"worker_id":"b5626956-de68-4581-b239-1560d8e6b3f7-140544486217536","trial_id":18,"param_name":"dropout","param_value_internal":0.16456694324671362,"distribution":"{\"name\": \"FloatDistribution\", \"attributes\": {\"step\": null, \"low\": 0.0, \"high\": 0.5, \"log\": false}}"}
{"op_code":5,"worker_id":"b5626956-de68-4581-b239-1560d8e6b3f7-140544486217536","trial_id":18,"param_name":"layers","param_value_internal":1.0,"distribution":"{\"name\": \"IntDistribution\", \"attributes\": {\"log\": false, \"step\": 1, \"low\": 1, \"high\": 3}}"}
{"op_code":5,"worker_id":"b5626956-de68-4581-b239-1560d8e6b3f7-140544486217536","trial_id":18,"param_name":"nodes","param_value_internal":1,"distribution":"{\"name\": \"CategoricalDistribution\", \"attributes\": {\"choices\": [32, 64, 128]}}"}
{"op_code":6,"worker_id":"b5626956-de68-4581-b239-1560d8e6b3f7-140544486217536","trial_id":18,"state":1,"values":[0.0],"datetime_complete":"2026-04-01T02:35:22.554859"}
{"op_code":4,"worker_id":"b5626956-de68-4581-b239-1560d8e6b3f7-140544486217536","study_id":0,"datetime_start":"2026-04-01T02:35:22.570904"}
{"op_code":5,"worker_id":"b5626956-de68-4581-b239-1560d8e6b3f7-140544486217536","trial_id":19,"param_name":"lr","param_value_internal":0.0009057520426414114,"distribution":"{\"name\": \"FloatDistribution\", \"attributes\": {\"step\": null, \"low\": 0.0001, \"high\": 0.1, \"log\": true}}"}
{"op_code":5,"worker_id":"b5626956-de68-4581-b239-1560d8e6b3f7-140544486217536","trial_id":19,"param_name":"dropout","param_value_internal":0.08343368082318395,"distribution":"{\"name\": \"FloatDistribution\", \"attributes\": {\"step\": null, \"low\": 0.0, \"high\": 0.5, \"log\": false}}"}
{"op_code":5,"worker_id":"b5626956-de68-4581-b239-1560d8e6b3f7-140544486217536","trial_id":19,"param_name":"layers","param_value_internal":2.0,"distribution":"{\"name\": \"IntDistribution\", \"attributes\": {\"log\": false, \"step\": 1, \"low\": 1, \"high\": 3}}"}
{"op_code":5,"worker_id":"b5626956-de68-4581-b239-1560d8e6b3f7-140544486217536","trial_id":19,"param_name":"nodes","param_value_internal":0,"distribution":"{\"name\": \"CategoricalDistribution\", \"attributes\": {\"choices\": [32, 64, 128]}}"}
{"op_code":6,"worker_id":"b5626956-de68-4581-b239-1560d8e6b3f7-140544486217536","trial_id":19,"state":1,"values":[0.0],"datetime_complete":"2026-04-01T02:35:22.660940"}
