{"op_code":0,"worker_id":"1b29c5f5-87b3-48ca-a61b-4ca0bf421c31-140199796152128","study_name":"rsf_tuning","directions":[2]}
{"op_code":4,"worker_id":"1b29c5f5-87b3-48ca-a61b-4ca0bf421c31-140199796152128","study_id":0,"datetime_start":"2026-04-11T22:36:57.688412"}
{"op_code":5,"worker_id":"1b29c5f5-87b3-48ca-a61b-4ca0bf421c31-140199796152128","trial_id":0,"param_name":"n_estimators","param_value_internal":142.0,"distribution":"{\"name\": \"IntDistribution\", \"attributes\": {\"log\": false, \"step\": 1, \"low\": 50, \"high\": 200}}"}
{"op_code":5,"worker_id":"1b29c5f5-87b3-48ca-a61b-4ca0bf421c31-140199796152128","trial_id":0,"param_name":"min_samples_split","param_value_internal":15.0,"distribution":"{\"name\": \"IntDistribution\", \"attributes\": {\"log\": false, \"step\": 1, \"low\": 5, \"high\": 20}}"}
{"op_code":5,"worker_id":"1b29c5f5-87b3-48ca-a61b-4ca0bf421c31-140199796152128","trial_id":0,"param_name":"min_samples_leaf","param_value_internal":14.0,"distribution":"{\"name\": \"IntDistribution\", \"attributes\": {\"log\": false, \"step\": 1, \"low\": 5, \"high\": 20}}"}
{"op_code":6,"worker_id":"1b29c5f5-87b3-48ca-a61b-4ca0bf421c31-140199796152128","trial_id":0,"state":1,"values":[0.7858940108415661],"datetime_complete":"2026-04-11T22:37:49.513929"}
{"op_code":4,"worker_id":"1b29c5f5-87b3-48ca-a61b-4ca0bf421c31-140199796152128","study_id":0,"datetime_start":"2026-04-11T22:37:49.525634"}
{"op_code":5,"worker_id":"1b29c5f5-87b3-48ca-a61b-4ca0bf421c31-140199796152128","trial_id":1,"param_name":"n_estimators","param_value_internal":88.0,"distribution":"{\"name\": \"IntDistribution\", \"attributes\": {\"log\": false, \"step\": 1, \"low\": 50, \"high\": 200}}"}
{"op_code":5,"worker_id":"1b29c5f5-87b3-48ca-a61b-4ca0bf421c31-140199796152128","trial_id":1,"param_name":"min_samples_split","param_value_internal":19.0,"distribution":"{\"name\": \"IntDistribution\", \"attributes\": {\"log\": false, \"step\": 1, \"low\": 5, \"high\": 20}}"}
{"op_code":5,"worker_id":"1b29c5f5-87b3-48ca-a61b-4ca0bf421c31-140199796152128","trial_id":1,"param_name":"min_samples_leaf","param_value_internal":10.0,"distribution":"{\"name\": \"IntDistribution\", \"attributes\": {\"log\": false, \"step\": 1, \"low\": 5, \"high\": 20}}"}
{"op_code":6,"worker_id":"1b29c5f5-87b3-48ca-a61b-4ca0bf421c31-140199796152128","trial_id":1,"state":1,"values":[0.7866022388371913],"datetime_complete":"2026-04-11T22:38:24.788486"}
{"op_code":4,"worker_id":"1b29c5f5-87b3-48ca-a61b-4ca0bf421c31-140199796152128","study_id":0,"datetime_start":"2026-04-11T22:38:24.799790"}
{"op_code":5,"worker_id":"1b29c5f5-87b3-48ca-a61b-4ca0bf421c31-140199796152128","trial_id":2,"param_name":"n_estimators","param_value_internal":102.0,"distribution":"{\"name\": \"IntDistribution\", \"attributes\": {\"log\": false, \"step\": 1, \"low\": 50, \"high\": 200}}"}
{"op_code":5,"worker_id":"1b29c5f5-87b3-48ca-a61b-4ca0bf421c31-140199796152128","trial_id":2,"param_name":"min_samples_split","param_value_internal":6.0,"distribution":"{\"name\": \"IntDistribution\", \"attributes\": {\"log\": false, \"step\": 1, \"low\": 5, \"high\": 20}}"}
{"op_code":5,"worker_id":"1b29c5f5-87b3-48ca-a61b-4ca0bf421c31-140199796152128","trial_id":2,"param_name":"min_samples_leaf","param_value_internal":14.0,"distribution":"{\"name\": \"IntDistribution\", \"attributes\": {\"log\": false, \"step\": 1, \"low\": 5, \"high\": 20}}"}
{"op_code":6,"worker_id":"1b29c5f5-87b3-48ca-a61b-4ca0bf421c31-140199796152128","trial_id":2,"state":1,"values":[0.7849108588982722],"datetime_complete":"2026-04-11T22:39:00.811167"}
{"op_code":4,"worker_id":"1b29c5f5-87b3-48ca-a61b-4ca0bf421c31-140199796152128","study_id":0,"datetime_start":"2026-04-11T22:39:00.824298"}
{"op_code":5,"worker_id":"1b29c5f5-87b3-48ca-a61b-4ca0bf421c31-140199796152128","trial_id":3,"param_name":"n_estimators","param_value_internal":148.0,"distribution":"{\"name\": \"IntDistribution\", \"attributes\": {\"log\": false, \"step\": 1, \"low\": 50, \"high\": 200}}"}
{"op_code":5,"worker_id":"1b29c5f5-87b3-48ca-a61b-4ca0bf421c31-140199796152128","trial_id":3,"param_name":"min_samples_split","param_value_internal":13.0,"distribution":"{\"name\": \"IntDistribution\", \"attributes\": {\"log\": false, \"step\": 1, \"low\": 5, \"high\": 20}}"}
{"op_code":5,"worker_id":"1b29c5f5-87b3-48ca-a61b-4ca0bf421c31-140199796152128","trial_id":3,"param_name":"min_samples_leaf","param_value_internal":6.0,"distribution":"{\"name\": \"IntDistribution\", \"attributes\": {\"log\": false, \"step\": 1, \"low\": 5, \"high\": 20}}"}
{"op_code":6,"worker_id":"1b29c5f5-87b3-48ca-a61b-4ca0bf421c31-140199796152128","trial_id":3,"state":1,"values":[0.7869966949360204],"datetime_complete":"2026-04-11T22:40:14.063918"}
{"op_code":4,"worker_id":"1b29c5f5-87b3-48ca-a61b-4ca0bf421c31-140199796152128","study_id":0,"datetime_start":"2026-04-11T22:40:14.085985"}
{"op_code":5,"worker_id":"1b29c5f5-87b3-48ca-a61b-4ca0bf421c31-140199796152128","trial_id":4,"param_name":"n_estimators","param_value_internal":200.0,"distribution":"{\"name\": \"IntDistribution\", \"attributes\": {\"log\": false, \"step\": 1, \"low\": 50, \"high\": 200}}"}
{"op_code":5,"worker_id":"1b29c5f5-87b3-48ca-a61b-4ca0bf421c31-140199796152128","trial_id":4,"param_name":"min_samples_split","param_value_internal":17.0,"distribution":"{\"name\": \"IntDistribution\", \"attributes\": {\"log\": false, \"step\": 1, \"low\": 5, \"high\": 20}}"}
{"op_code":5,"worker_id":"1b29c5f5-87b3-48ca-a61b-4ca0bf421c31-140199796152128","trial_id":4,"param_name":"min_samples_leaf","param_value_internal":16.0,"distribution":"{\"name\": \"IntDistribution\", \"attributes\": {\"log\": false, \"step\": 1, \"low\": 5, \"high\": 20}}"}
{"op_code":6,"worker_id":"1b29c5f5-87b3-48ca-a61b-4ca0bf421c31-140199796152128","trial_id":4,"state":1,"values":[0.7868054434941638],"datetime_complete":"2026-04-11T22:41:20.524154"}
{"op_code":4,"worker_id":"1b29c5f5-87b3-48ca-a61b-4ca0bf421c31-140199796152128","study_id":0,"datetime_start":"2026-04-11T22:41:20.543233"}
{"op_code":5,"worker_id":"1b29c5f5-87b3-48ca-a61b-4ca0bf421c31-140199796152128","trial_id":5,"param_name":"n_estimators","param_value_internal":57.0,"distribution":"{\"name\": \"IntDistribution\", \"attributes\": {\"log\": false, \"step\": 1, \"low\": 50, \"high\": 200}}"}
{"op_code":5,"worker_id":"1b29c5f5-87b3-48ca-a61b-4ca0bf421c31-140199796152128","trial_id":5,"param_name":"min_samples_split","param_value_internal":6.0,"distribution":"{\"name\": \"IntDistribution\", \"attributes\": {\"log\": false, \"step\": 1, \"low\": 5, \"high\": 20}}"}
{"op_code":5,"worker_id":"1b29c5f5-87b3-48ca-a61b-4ca0bf421c31-140199796152128","trial_id":5,"param_name":"min_samples_leaf","param_value_internal":17.0,"distribution":"{\"name\": \"IntDistribution\", \"attributes\": {\"log\": false, \"step\": 1, \"low\": 5, \"high\": 20}}"}
{"op_code":6,"worker_id":"1b29c5f5-87b3-48ca-a61b-4ca0bf421c31-140199796152128","trial_id":5,"state":1,"values":[0.7831537362762149],"datetime_complete":"2026-04-11T22:41:38.311276"}
{"op_code":4,"worker_id":"1b29c5f5-87b3-48ca-a61b-4ca0bf421c31-140199796152128","study_id":0,"datetime_start":"2026-04-11T22:41:38.329933"}
{"op_code":5,"worker_id":"1b29c5f5-87b3-48ca-a61b-4ca0bf421c31-140199796152128","trial_id":6,"param_name":"n_estimators","param_value_internal":116.0,"distribution":"{\"name\": \"IntDistribution\", \"attributes\": {\"log\": false, \"step\": 1, \"low\": 50, \"high\": 200}}"}
{"op_code":5,"worker_id":"1b29c5f5-87b3-48ca-a61b-4ca0bf421c31-140199796152128","trial_id":6,"param_name":"min_samples_split","param_value_internal":17.0,"distribution":"{\"name\": \"IntDistribution\", \"attributes\": {\"log\": false, \"step\": 1, \"low\": 5, \"high\": 20}}"}
{"op_code":5,"worker_id":"1b29c5f5-87b3-48ca-a61b-4ca0bf421c31-140199796152128","trial_id":6,"param_name":"min_samples_leaf","param_value_internal":13.0,"distribution":"{\"name\": \"IntDistribution\", \"attributes\": {\"log\": false, \"step\": 1, \"low\": 5, \"high\": 20}}"}
{"op_code":6,"worker_id":"1b29c5f5-87b3-48ca-a61b-4ca0bf421c31-140199796152128","trial_id":6,"state":1,"values":[0.7841040168779397],"datetime_complete":"2026-04-11T22:42:20.970677"}
{"op_code":4,"worker_id":"1b29c5f5-87b3-48ca-a61b-4ca0bf421c31-140199796152128","study_id":0,"datetime_start":"2026-04-11T22:42:20.993053"}
{"op_code":5,"worker_id":"1b29c5f5-87b3-48ca-a61b-4ca0bf421c31-140199796152128","trial_id":7,"param_name":"n_estimators","param_value_internal":54.0,"distribution":"{\"name\": \"IntDistribution\", \"attributes\": {\"log\": false, \"step\": 1, \"low\": 50, \"high\": 200}}"}
{"op_code":5,"worker_id":"1b29c5f5-87b3-48ca-a61b-4ca0bf421c31-140199796152128","trial_id":7,"param_name":"min_samples_split","param_value_internal":15.0,"distribution":"{\"name\": \"IntDistribution\", \"attributes\": {\"log\": false, \"step\": 1, \"low\": 5, \"high\": 20}}"}
{"op_code":5,"worker_id":"1b29c5f5-87b3-48ca-a61b-4ca0bf421c31-140199796152128","trial_id":7,"param_name":"min_samples_leaf","param_value_internal":8.0,"distribution":"{\"name\": \"IntDistribution\", \"attributes\": {\"log\": false, \"step\": 1, \"low\": 5, \"high\": 20}}"}
{"op_code":6,"worker_id":"1b29c5f5-87b3-48ca-a61b-4ca0bf421c31-140199796152128","trial_id":7,"state":1,"values":[0.7810529587195716],"datetime_complete":"2026-04-11T22:42:45.051626"}
{"op_code":4,"worker_id":"1b29c5f5-87b3-48ca-a61b-4ca0bf421c31-140199796152128","study_id":0,"datetime_start":"2026-04-11T22:42:45.061772"}
{"op_code":5,"worker_id":"1b29c5f5-87b3-48ca-a61b-4ca0bf421c31-140199796152128","trial_id":8,"param_name":"n_estimators","param_value_internal":154.0,"distribution":"{\"name\": \"IntDistribution\", \"attributes\": {\"log\": false, \"step\": 1, \"low\": 50, \"high\": 200}}"}
{"op_code":5,"worker_id":"1b29c5f5-87b3-48ca-a61b-4ca0bf421c31-140199796152128","trial_id":8,"param_name":"min_samples_split","param_value_internal":19.0,"distribution":"{\"name\": \"IntDistribution\", \"attributes\": {\"log\": false, \"step\": 1, \"low\": 5, \"high\": 20}}"}
{"op_code":5,"worker_id":"1b29c5f5-87b3-48ca-a61b-4ca0bf421c31-140199796152128","trial_id":8,"param_name":"min_samples_leaf","param_value_internal":10.0,"distribution":"{\"name\": \"IntDistribution\", \"attributes\": {\"log\": false, \"step\": 1, \"low\": 5, \"high\": 20}}"}
{"op_code":6,"worker_id":"1b29c5f5-87b3-48ca-a61b-4ca0bf421c31-140199796152128","trial_id":8,"state":1,"values":[0.787504706578452],"datetime_complete":"2026-04-11T22:43:46.574520"}
{"op_code":4,"worker_id":"1b29c5f5-87b3-48ca-a61b-4ca0bf421c31-140199796152128","study_id":0,"datetime_start":"2026-04-11T22:43:46.587548"}
{"op_code":5,"worker_id":"1b29c5f5-87b3-48ca-a61b-4ca0bf421c31-140199796152128","trial_id":9,"param_name":"n_estimators","param_value_internal":197.0,"distribution":"{\"name\": \"IntDistribution\", \"attributes\": {\"log\": false, \"step\": 1, \"low\": 50, \"high\": 200}}"}
{"op_code":5,"worker_id":"1b29c5f5-87b3-48ca-a61b-4ca0bf421c31-140199796152128","trial_id":9,"param_name":"min_samples_split","param_value_internal":19.0,"distribution":"{\"name\": \"IntDistribution\", \"attributes\": {\"log\": false, \"step\": 1, \"low\": 5, \"high\": 20}}"}
{"op_code":5,"worker_id":"1b29c5f5-87b3-48ca-a61b-4ca0bf421c31-140199796152128","trial_id":9,"param_name":"min_samples_leaf","param_value_internal":17.0,"distribution":"{\"name\": \"IntDistribution\", \"attributes\": {\"log\": false, \"step\": 1, \"low\": 5, \"high\": 20}}"}
{"op_code":6,"worker_id":"1b29c5f5-87b3-48ca-a61b-4ca0bf421c31-140199796152128","trial_id":9,"state":1,"values":[0.7853471512500074],"datetime_complete":"2026-04-11T22:44:50.448376"}
{"op_code":4,"worker_id":"1b29c5f5-87b3-48ca-a61b-4ca0bf421c31-140199796152128","study_id":0,"datetime_start":"2026-04-11T22:44:50.461374"}
{"op_code":5,"worker_id":"1b29c5f5-87b3-48ca-a61b-4ca0bf421c31-140199796152128","trial_id":10,"param_name":"n_estimators","param_value_internal":166.0,"distribution":"{\"name\": \"IntDistribution\", \"attributes\": {\"log\": false, \"step\": 1, \"low\": 50, \"high\": 200}}"}
{"op_code":5,"worker_id":"1b29c5f5-87b3-48ca-a61b-4ca0bf421c31-140199796152128","trial_id":10,"param_name":"min_samples_split","param_value_internal":10.0,"distribution":"{\"name\": \"IntDistribution\", \"attributes\": {\"log\": false, \"step\": 1, \"low\": 5, \"high\": 20}}"}
{"op_code":5,"worker_id":"1b29c5f5-87b3-48ca-a61b-4ca0bf421c31-140199796152128","trial_id":10,"param_name":"min_samples_leaf","param_value_internal":20.0,"distribution":"{\"name\": \"IntDistribution\", \"attributes\": {\"log\": false, \"step\": 1, \"low\": 5, \"high\": 20}}"}
{"op_code":6,"worker_id":"1b29c5f5-87b3-48ca-a61b-4ca0bf421c31-140199796152128","trial_id":10,"state":1,"values":[0.785831256462207],"datetime_complete":"2026-04-11T22:45:40.420395"}
{"op_code":4,"worker_id":"1b29c5f5-87b3-48ca-a61b-4ca0bf421c31-140199796152128","study_id":0,"datetime_start":"2026-04-11T22:45:40.434309"}
{"op_code":5,"worker_id":"1b29c5f5-87b3-48ca-a61b-4ca0bf421c31-140199796152128","trial_id":11,"param_name":"n_estimators","param_value_internal":153.0,"distribution":"{\"name\": \"IntDistribution\", \"attributes\": {\"log\": false, \"step\": 1, \"low\": 50, \"high\": 200}}"}
{"op_code":5,"worker_id":"1b29c5f5-87b3-48ca-a61b-4ca0bf421c31-140199796152128","trial_id":11,"param_name":"min_samples_split","param_value_internal":10.0,"distribution":"{\"name\": \"IntDistribution\", \"attributes\": {\"log\": false, \"step\": 1, \"low\": 5, \"high\": 20}}"}
{"op_code":5,"worker_id":"1b29c5f5-87b3-48ca-a61b-4ca0bf421c31-140199796152128","trial_id":11,"param_name":"min_samples_leaf","param_value_internal":5.0,"distribution":"{\"name\": \"IntDistribution\", \"attributes\": {\"log\": false, \"step\": 1, \"low\": 5, \"high\": 20}}"}
{"op_code":6,"worker_id":"1b29c5f5-87b3-48ca-a61b-4ca0bf421c31-140199796152128","trial_id":11,"state":1,"values":[0.7866052271409703],"datetime_complete":"2026-04-11T22:47:00.785297"}
{"op_code":4,"worker_id":"1b29c5f5-87b3-48ca-a61b-4ca0bf421c31-140199796152128","study_id":0,"datetime_start":"2026-04-11T22:47:00.807505"}
{"op_code":5,"worker_id":"1b29c5f5-87b3-48ca-a61b-4ca0bf421c31-140199796152128","trial_id":12,"param_name":"n_estimators","param_value_internal":172.0,"distribution":"{\"name\": \"IntDistribution\", \"attributes\": {\"log\": false, \"step\": 1, \"low\": 50, \"high\": 200}}"}
{"op_code":5,"worker_id":"1b29c5f5-87b3-48ca-a61b-4ca0bf421c31-140199796152128","trial_id":12,"param_name":"min_samples_split","param_value_internal":12.0,"distribution":"{\"name\": \"IntDistribution\", \"attributes\": {\"log\": false, \"step\": 1, \"low\": 5, \"high\": 20}}"}
{"op_code":5,"worker_id":"1b29c5f5-87b3-48ca-a61b-4ca0bf421c31-140199796152128","trial_id":12,"param_name":"min_samples_leaf","param_value_internal":5.0,"distribution":"{\"name\": \"IntDistribution\", \"attributes\": {\"log\": false, \"step\": 1, \"low\": 5, \"high\": 20}}"}
{"op_code":6,"worker_id":"1b29c5f5-87b3-48ca-a61b-4ca0bf421c31-140199796152128","trial_id":12,"state":1,"values":[0.7836647362224254],"datetime_complete":"2026-04-11T22:48:29.679311"}
{"op_code":4,"worker_id":"1b29c5f5-87b3-48ca-a61b-4ca0bf421c31-140199796152128","study_id":0,"datetime_start":"2026-04-11T22:48:29.702231"}
{"op_code":5,"worker_id":"1b29c5f5-87b3-48ca-a61b-4ca0bf421c31-140199796152128","trial_id":13,"param_name":"n_estimators","param_value_internal":135.0,"distribution":"{\"name\": \"IntDistribution\", \"attributes\": {\"log\": false, \"step\": 1, \"low\": 50, \"high\": 200}}"}
{"op_code":5,"worker_id":"1b29c5f5-87b3-48ca-a61b-4ca0bf421c31-140199796152128","trial_id":13,"param_name":"min_samples_split","param_value_internal":13.0,"distribution":"{\"name\": \"IntDistribution\", \"attributes\": {\"log\": false, \"step\": 1, \"low\": 5, \"high\": 20}}"}
{"op_code":5,"worker_id":"1b29c5f5-87b3-48ca-a61b-4ca0bf421c31-140199796152128","trial_id":13,"param_name":"min_samples_leaf","param_value_internal":9.0,"distribution":"{\"name\": \"IntDistribution\", \"attributes\": {\"log\": false, \"step\": 1, \"low\": 5, \"high\": 20}}"}
{"op_code":6,"worker_id":"1b29c5f5-87b3-48ca-a61b-4ca0bf421c31-140199796152128","trial_id":13,"state":1,"values":[0.7854368003633777],"datetime_complete":"2026-04-11T22:49:26.269465"}
{"op_code":4,"worker_id":"1b29c5f5-87b3-48ca-a61b-4ca0bf421c31-140199796152128","study_id":0,"datetime_start":"2026-04-11T22:49:26.287845"}
{"op_code":5,"worker_id":"1b29c5f5-87b3-48ca-a61b-4ca0bf421c31-140199796152128","trial_id":14,"param_name":"n_estimators","param_value_internal":174.0,"distribution":"{\"name\": \"IntDistribution\", \"attributes\": {\"log\": false, \"step\": 1, \"low\": 50, \"high\": 200}}"}
{"op_code":5,"worker_id":"1b29c5f5-87b3-48ca-a61b-4ca0bf421c31-140199796152128","trial_id":14,"param_name":"min_samples_split","param_value_internal":20.0,"distribution":"{\"name\": \"IntDistribution\", \"attributes\": {\"log\": false, \"step\": 1, \"low\": 5, \"high\": 20}}"}
{"op_code":5,"worker_id":"1b29c5f5-87b3-48ca-a61b-4ca0bf421c31-140199796152128","trial_id":14,"param_name":"min_samples_leaf","param_value_internal":7.0,"distribution":"{\"name\": \"IntDistribution\", \"attributes\": {\"log\": false, \"step\": 1, \"low\": 5, \"high\": 20}}"}
{"op_code":6,"worker_id":"1b29c5f5-87b3-48ca-a61b-4ca0bf421c31-140199796152128","trial_id":14,"state":1,"values":[0.7862496189912682],"datetime_complete":"2026-04-11T22:50:43.999861"}
{"op_code":4,"worker_id":"1b29c5f5-87b3-48ca-a61b-4ca0bf421c31-140199796152128","study_id":0,"datetime_start":"2026-04-11T22:50:44.021642"}
{"op_code":5,"worker_id":"1b29c5f5-87b3-48ca-a61b-4ca0bf421c31-140199796152128","trial_id":15,"param_name":"n_estimators","param_value_internal":121.0,"distribution":"{\"name\": \"IntDistribution\", \"attributes\": {\"log\": false, \"step\": 1, \"low\": 50, \"high\": 200}}"}
{"op_code":5,"worker_id":"1b29c5f5-87b3-48ca-a61b-4ca0bf421c31-140199796152128","trial_id":15,"param_name":"min_samples_split","param_value_internal":9.0,"distribution":"{\"name\": \"IntDistribution\", \"attributes\": {\"log\": false, \"step\": 1, \"low\": 5, \"high\": 20}}"}
{"op_code":5,"worker_id":"1b29c5f5-87b3-48ca-a61b-4ca0bf421c31-140199796152128","trial_id":15,"param_name":"min_samples_leaf","param_value_internal":11.0,"distribution":"{\"name\": \"IntDistribution\", \"attributes\": {\"log\": false, \"step\": 1, \"low\": 5, \"high\": 20}}"}
{"op_code":6,"worker_id":"1b29c5f5-87b3-48ca-a61b-4ca0bf421c31-140199796152128","trial_id":15,"state":1,"values":[0.7856400050203504],"datetime_complete":"2026-04-11T22:51:30.392084"}
{"op_code":4,"worker_id":"1b29c5f5-87b3-48ca-a61b-4ca0bf421c31-140199796152128","study_id":0,"datetime_start":"2026-04-11T22:51:32.375175"}
{"op_code":5,"worker_id":"1b29c5f5-87b3-48ca-a61b-4ca0bf421c31-140199796152128","trial_id":16,"param_name":"n_estimators","param_value_internal":155.0,"distribution":"{\"name\": \"IntDistribution\", \"attributes\": {\"log\": false, \"step\": 1, \"low\": 50, \"high\": 200}}"}
{"op_code":5,"worker_id":"1b29c5f5-87b3-48ca-a61b-4ca0bf421c31-140199796152128","trial_id":16,"param_name":"min_samples_split","param_value_internal":14.0,"distribution":"{\"name\": \"IntDistribution\", \"attributes\": {\"log\": false, \"step\": 1, \"low\": 5, \"high\": 20}}"}
{"op_code":5,"worker_id":"1b29c5f5-87b3-48ca-a61b-4ca0bf421c31-140199796152128","trial_id":16,"param_name":"min_samples_leaf","param_value_internal":7.0,"distribution":"{\"name\": \"IntDistribution\", \"attributes\": {\"log\": false, \"step\": 1, \"low\": 5, \"high\": 20}}"}
{"op_code":6,"worker_id":"1b29c5f5-87b3-48ca-a61b-4ca0bf421c31-140199796152128","trial_id":16,"state":1,"values":[0.784872010949145],"datetime_complete":"2026-04-11T22:52:44.845254"}
{"op_code":4,"worker_id":"1b29c5f5-87b3-48ca-a61b-4ca0bf421c31-140199796152128","study_id":0,"datetime_start":"2026-04-11T22:52:44.880113"}
{"op_code":5,"worker_id":"1b29c5f5-87b3-48ca-a61b-4ca0bf421c31-140199796152128","trial_id":17,"param_name":"n_estimators","param_value_internal":184.0,"distribution":"{\"name\": \"IntDistribution\", \"attributes\": {\"log\": false, \"step\": 1, \"low\": 50, \"high\": 200}}"}
{"op_code":5,"worker_id":"1b29c5f5-87b3-48ca-a61b-4ca0bf421c31-140199796152128","trial_id":17,"param_name":"min_samples_split","param_value_internal":17.0,"distribution":"{\"name\": \"IntDistribution\", \"attributes\": {\"log\": false, \"step\": 1, \"low\": 5, \"high\": 20}}"}
{"op_code":5,"worker_id":"1b29c5f5-87b3-48ca-a61b-4ca0bf421c31-140199796152128","trial_id":17,"param_name":"min_samples_leaf","param_value_internal":11.0,"distribution":"{\"name\": \"IntDistribution\", \"attributes\": {\"log\": false, \"step\": 1, \"low\": 5, \"high\": 20}}"}
{"op_code":6,"worker_id":"1b29c5f5-87b3-48ca-a61b-4ca0bf421c31-140199796152128","trial_id":17,"state":1,"values":[0.7871162270871808],"datetime_complete":"2026-04-11T22:53:55.114901"}
{"op_code":4,"worker_id":"1b29c5f5-87b3-48ca-a61b-4ca0bf421c31-140199796152128","study_id":0,"datetime_start":"2026-04-11T22:53:55.134900"}
{"op_code":5,"worker_id":"1b29c5f5-87b3-48ca-a61b-4ca0bf421c31-140199796152128","trial_id":18,"param_name":"n_estimators","param_value_internal":186.0,"distribution":"{\"name\": \"IntDistribution\", \"attributes\": {\"log\": false, \"step\": 1, \"low\": 50, \"high\": 200}}"}
{"op_code":5,"worker_id":"1b29c5f5-87b3-48ca-a61b-4ca0bf421c31-140199796152128","trial_id":18,"param_name":"min_samples_split","param_value_internal":17.0,"distribution":"{\"name\": \"IntDistribution\", \"attributes\": {\"log\": false, \"step\": 1, \"low\": 5, \"high\": 20}}"}
{"op_code":5,"worker_id":"1b29c5f5-87b3-48ca-a61b-4ca0bf421c31-140199796152128","trial_id":18,"param_name":"min_samples_leaf","param_value_internal":11.0,"distribution":"{\"name\": \"IntDistribution\", \"attributes\": {\"log\": false, \"step\": 1, \"low\": 5, \"high\": 20}}"}
{"op_code":6,"worker_id":"1b29c5f5-87b3-48ca-a61b-4ca0bf421c31-140199796152128","trial_id":18,"state":1,"values":[0.7871162270871808],"datetime_complete":"2026-04-11T22:55:07.259695"}
{"op_code":4,"worker_id":"1b29c5f5-87b3-48ca-a61b-4ca0bf421c31-140199796152128","study_id":0,"datetime_start":"2026-04-11T22:55:07.275963"}
{"op_code":5,"worker_id":"1b29c5f5-87b3-48ca-a61b-4ca0bf421c31-140199796152128","trial_id":19,"param_name":"n_estimators","param_value_internal":183.0,"distribution":"{\"name\": \"IntDistribution\", \"attributes\": {\"log\": false, \"step\": 1, \"low\": 50, \"high\": 200}}"}
{"op_code":5,"worker_id":"1b29c5f5-87b3-48ca-a61b-4ca0bf421c31-140199796152128","trial_id":19,"param_name":"min_samples_split","param_value_internal":18.0,"distribution":"{\"name\": \"IntDistribution\", \"attributes\": {\"log\": false, \"step\": 1, \"low\": 5, \"high\": 20}}"}
{"op_code":5,"worker_id":"1b29c5f5-87b3-48ca-a61b-4ca0bf421c31-140199796152128","trial_id":19,"param_name":"min_samples_leaf","param_value_internal":12.0,"distribution":"{\"name\": \"IntDistribution\", \"attributes\": {\"log\": false, \"step\": 1, \"low\": 5, \"high\": 20}}"}
{"op_code":6,"worker_id":"1b29c5f5-87b3-48ca-a61b-4ca0bf421c31-140199796152128","trial_id":19,"state":1,"values":[0.785514496261632],"datetime_complete":"2026-04-11T22:56:15.069295"}
