{"op_code":0,"worker_id":"98b82069-09f9-4623-b871-b6850679cd64-139906009941824","study_name":"gbsa_tuning","directions":[2]}
{"op_code":4,"worker_id":"98b82069-09f9-4623-b871-b6850679cd64-139906009941824","study_id":0,"datetime_start":"2026-04-06T05:01:59.917967"}
{"op_code":5,"worker_id":"98b82069-09f9-4623-b871-b6850679cd64-139906009941824","trial_id":0,"param_name":"learning_rate","param_value_internal":0.012119788042336923,"distribution":"{\"name\": \"FloatDistribution\", \"attributes\": {\"step\": null, \"low\": 0.01, \"high\": 0.2, \"log\": true}}"}
{"op_code":5,"worker_id":"98b82069-09f9-4623-b871-b6850679cd64-139906009941824","trial_id":0,"param_name":"n_estimators","param_value_internal":136.0,"distribution":"{\"name\": \"IntDistribution\", \"attributes\": {\"log\": false, \"step\": 1, \"low\": 50, \"high\": 200}}"}
{"op_code":5,"worker_id":"98b82069-09f9-4623-b871-b6850679cd64-139906009941824","trial_id":0,"param_name":"max_depth","param_value_internal":3.0,"distribution":"{\"name\": \"IntDistribution\", \"attributes\": {\"log\": false, \"step\": 1, \"low\": 2, \"high\": 5}}"}
{"op_code":6,"worker_id":"98b82069-09f9-4623-b871-b6850679cd64-139906009941824","trial_id":0,"state":1,"values":[0.7024176743728158],"datetime_complete":"2026-04-06T05:02:14.872357"}
{"op_code":4,"worker_id":"98b82069-09f9-4623-b871-b6850679cd64-139906009941824","study_id":0,"datetime_start":"2026-04-06T05:02:14.894709"}
{"op_code":5,"worker_id":"98b82069-09f9-4623-b871-b6850679cd64-139906009941824","trial_id":1,"param_name":"learning_rate","param_value_internal":0.10433877296275336,"distribution":"{\"name\": \"FloatDistribution\", \"attributes\": {\"step\": null, \"low\": 0.01, \"high\": 0.2, \"log\": true}}"}
{"op_code":5,"worker_id":"98b82069-09f9-4623-b871-b6850679cd64-139906009941824","trial_id":1,"param_name":"n_estimators","param_value_internal":172.0,"distribution":"{\"name\": \"IntDistribution\", \"attributes\": {\"log\": false, \"step\": 1, \"low\": 50, \"high\": 200}}"}
{"op_code":5,"worker_id":"98b82069-09f9-4623-b871-b6850679cd64-139906009941824","trial_id":1,"param_name":"max_depth","param_value_internal":3.0,"distribution":"{\"name\": \"IntDistribution\", \"attributes\": {\"log\": false, \"step\": 1, \"low\": 2, \"high\": 5}}"}
{"op_code":6,"worker_id":"98b82069-09f9-4623-b871-b6850679cd64-139906009941824","trial_id":1,"state":1,"values":[0.7069913203274977],"datetime_complete":"2026-04-06T05:02:33.753254"}
{"op_code":4,"worker_id":"98b82069-09f9-4623-b871-b6850679cd64-139906009941824","study_id":0,"datetime_start":"2026-04-06T05:02:33.771542"}
{"op_code":5,"worker_id":"98b82069-09f9-4623-b871-b6850679cd64-139906009941824","trial_id":2,"param_name":"learning_rate","param_value_internal":0.011623404876825987,"distribution":"{\"name\": \"FloatDistribution\", \"attributes\": {\"step\": null, \"low\": 0.01, \"high\": 0.2, \"log\": true}}"}
{"op_code":5,"worker_id":"98b82069-09f9-4623-b871-b6850679cd64-139906009941824","trial_id":2,"param_name":"n_estimators","param_value_internal":104.0,"distribution":"{\"name\": \"IntDistribution\", \"attributes\": {\"log\": false, \"step\": 1, \"low\": 50, \"high\": 200}}"}
{"op_code":5,"worker_id":"98b82069-09f9-4623-b871-b6850679cd64-139906009941824","trial_id":2,"param_name":"max_depth","param_value_internal":3.0,"distribution":"{\"name\": \"IntDistribution\", \"attributes\": {\"log\": false, \"step\": 1, \"low\": 2, \"high\": 5}}"}
{"op_code":6,"worker_id":"98b82069-09f9-4623-b871-b6850679cd64-139906009941824","trial_id":2,"state":1,"values":[0.700715375654257],"datetime_complete":"2026-04-06T05:02:45.218018"}
{"op_code":4,"worker_id":"98b82069-09f9-4623-b871-b6850679cd64-139906009941824","study_id":0,"datetime_start":"2026-04-06T05:02:45.237414"}
{"op_code":5,"worker_id":"98b82069-09f9-4623-b871-b6850679cd64-139906009941824","trial_id":3,"param_name":"learning_rate","param_value_internal":0.13619902608635515,"distribution":"{\"name\": \"FloatDistribution\", \"attributes\": {\"step\": null, \"low\": 0.01, \"high\": 0.2, \"log\": true}}"}
{"op_code":5,"worker_id":"98b82069-09f9-4623-b871-b6850679cd64-139906009941824","trial_id":3,"param_name":"n_estimators","param_value_internal":187.0,"distribution":"{\"name\": \"IntDistribution\", \"attributes\": {\"log\": false, \"step\": 1, \"low\": 50, \"high\": 200}}"}
{"op_code":5,"worker_id":"98b82069-09f9-4623-b871-b6850679cd64-139906009941824","trial_id":3,"param_name":"max_depth","param_value_internal":4.0,"distribution":"{\"name\": \"IntDistribution\", \"attributes\": {\"log\": false, \"step\": 1, \"low\": 2, \"high\": 5}}"}
{"op_code":6,"worker_id":"98b82069-09f9-4623-b871-b6850679cd64-139906009941824","trial_id":3,"state":1,"values":[0.6951777774131622],"datetime_complete":"2026-04-06T05:03:05.949975"}
{"op_code":4,"worker_id":"98b82069-09f9-4623-b871-b6850679cd64-139906009941824","study_id":0,"datetime_start":"2026-04-06T05:03:05.967466"}
{"op_code":5,"worker_id":"98b82069-09f9-4623-b871-b6850679cd64-139906009941824","trial_id":4,"param_name":"learning_rate","param_value_internal":0.11117669954810165,"distribution":"{\"name\": \"FloatDistribution\", \"attributes\": {\"step\": null, \"low\": 0.01, \"high\": 0.2, \"log\": true}}"}
{"op_code":5,"worker_id":"98b82069-09f9-4623-b871-b6850679cd64-139906009941824","trial_id":4,"param_name":"n_estimators","param_value_internal":59.0,"distribution":"{\"name\": \"IntDistribution\", \"attributes\": {\"log\": false, \"step\": 1, \"low\": 50, \"high\": 200}}"}
{"op_code":5,"worker_id":"98b82069-09f9-4623-b871-b6850679cd64-139906009941824","trial_id":4,"param_name":"max_depth","param_value_internal":5.0,"distribution":"{\"name\": \"IntDistribution\", \"attributes\": {\"log\": false, \"step\": 1, \"low\": 2, \"high\": 5}}"}
{"op_code":6,"worker_id":"98b82069-09f9-4623-b871-b6850679cd64-139906009941824","trial_id":4,"state":1,"values":[0.7037590037245476],"datetime_complete":"2026-04-06T05:03:12.572510"}
{"op_code":4,"worker_id":"98b82069-09f9-4623-b871-b6850679cd64-139906009941824","study_id":0,"datetime_start":"2026-04-06T05:03:12.590867"}
{"op_code":5,"worker_id":"98b82069-09f9-4623-b871-b6850679cd64-139906009941824","trial_id":5,"param_name":"learning_rate","param_value_internal":0.0711038895100117,"distribution":"{\"name\": \"FloatDistribution\", \"attributes\": {\"step\": null, \"low\": 0.01, \"high\": 0.2, \"log\": true}}"}
{"op_code":5,"worker_id":"98b82069-09f9-4623-b871-b6850679cd64-139906009941824","trial_id":5,"param_name":"n_estimators","param_value_internal":160.0,"distribution":"{\"name\": \"IntDistribution\", \"attributes\": {\"log\": false, \"step\": 1, \"low\": 50, \"high\": 200}}"}
{"op_code":5,"worker_id":"98b82069-09f9-4623-b871-b6850679cd64-139906009941824","trial_id":5,"param_name":"max_depth","param_value_internal":3.0,"distribution":"{\"name\": \"IntDistribution\", \"attributes\": {\"log\": false, \"step\": 1, \"low\": 2, \"high\": 5}}"}
{"op_code":6,"worker_id":"98b82069-09f9-4623-b871-b6850679cd64-139906009941824","trial_id":5,"state":1,"values":[0.7077091571365285],"datetime_complete":"2026-04-06T05:03:30.080187"}
{"op_code":4,"worker_id":"98b82069-09f9-4623-b871-b6850679cd64-139906009941824","study_id":0,"datetime_start":"2026-04-06T05:03:30.093776"}
{"op_code":5,"worker_id":"98b82069-09f9-4623-b871-b6850679cd64-139906009941824","trial_id":6,"param_name":"learning_rate","param_value_internal":0.04321246002553926,"distribution":"{\"name\": \"FloatDistribution\", \"attributes\": {\"step\": null, \"low\": 0.01, \"high\": 0.2, \"log\": true}}"}
{"op_code":5,"worker_id":"98b82069-09f9-4623-b871-b6850679cd64-139906009941824","trial_id":6,"param_name":"n_estimators","param_value_internal":145.0,"distribution":"{\"name\": \"IntDistribution\", \"attributes\": {\"log\": false, \"step\": 1, \"low\": 50, \"high\": 200}}"}
{"op_code":5,"worker_id":"98b82069-09f9-4623-b871-b6850679cd64-139906009941824","trial_id":6,"param_name":"max_depth","param_value_internal":4.0,"distribution":"{\"name\": \"IntDistribution\", \"attributes\": {\"log\": false, \"step\": 1, \"low\": 2, \"high\": 5}}"}
{"op_code":6,"worker_id":"98b82069-09f9-4623-b871-b6850679cd64-139906009941824","trial_id":6,"state":1,"values":[0.7066959817546393],"datetime_complete":"2026-04-06T05:03:46.154732"}
{"op_code":4,"worker_id":"98b82069-09f9-4623-b871-b6850679cd64-139906009941824","study_id":0,"datetime_start":"2026-04-06T05:03:46.171340"}
{"op_code":5,"worker_id":"98b82069-09f9-4623-b871-b6850679cd64-139906009941824","trial_id":7,"param_name":"learning_rate","param_value_internal":0.11614786453052448,"distribution":"{\"name\": \"FloatDistribution\", \"attributes\": {\"step\": null, \"low\": 0.01, \"high\": 0.2, \"log\": true}}"}
{"op_code":5,"worker_id":"98b82069-09f9-4623-b871-b6850679cd64-139906009941824","trial_id":7,"param_name":"n_estimators","param_value_internal":186.0,"distribution":"{\"name\": \"IntDistribution\", \"attributes\": {\"log\": false, \"step\": 1, \"low\": 50, \"high\": 200}}"}
{"op_code":5,"worker_id":"98b82069-09f9-4623-b871-b6850679cd64-139906009941824","trial_id":7,"param_name":"max_depth","param_value_internal":4.0,"distribution":"{\"name\": \"IntDistribution\", \"attributes\": {\"log\": false, \"step\": 1, \"low\": 2, \"high\": 5}}"}
{"op_code":6,"worker_id":"98b82069-09f9-4623-b871-b6850679cd64-139906009941824","trial_id":7,"state":1,"values":[0.6991320327497662],"datetime_complete":"2026-04-06T05:04:06.683965"}
{"op_code":4,"worker_id":"98b82069-09f9-4623-b871-b6850679cd64-139906009941824","study_id":0,"datetime_start":"2026-04-06T05:04:06.706640"}
{"op_code":5,"worker_id":"98b82069-09f9-4623-b871-b6850679cd64-139906009941824","trial_id":8,"param_name":"learning_rate","param_value_internal":0.06882533762585676,"distribution":"{\"name\": \"FloatDistribution\", \"attributes\": {\"step\": null, \"low\": 0.01, \"high\": 0.2, \"log\": true}}"}
{"op_code":5,"worker_id":"98b82069-09f9-4623-b871-b6850679cd64-139906009941824","trial_id":8,"param_name":"n_estimators","param_value_internal":61.0,"distribution":"{\"name\": \"IntDistribution\", \"attributes\": {\"log\": false, \"step\": 1, \"low\": 50, \"high\": 200}}"}
{"op_code":5,"worker_id":"98b82069-09f9-4623-b871-b6850679cd64-139906009941824","trial_id":8,"param_name":"max_depth","param_value_internal":5.0,"distribution":"{\"name\": \"IntDistribution\", \"attributes\": {\"log\": false, \"step\": 1, \"low\": 2, \"high\": 5}}"}
{"op_code":6,"worker_id":"98b82069-09f9-4623-b871-b6850679cd64-139906009941824","trial_id":8,"state":1,"values":[0.7037754114230397],"datetime_complete":"2026-04-06T05:04:13.579922"}
{"op_code":4,"worker_id":"98b82069-09f9-4623-b871-b6850679cd64-139906009941824","study_id":0,"datetime_start":"2026-04-06T05:04:13.604173"}
{"op_code":5,"worker_id":"98b82069-09f9-4623-b871-b6850679cd64-139906009941824","trial_id":9,"param_name":"learning_rate","param_value_internal":0.1389042259434641,"distribution":"{\"name\": \"FloatDistribution\", \"attributes\": {\"step\": null, \"low\": 0.01, \"high\": 0.2, \"log\": true}}"}
{"op_code":5,"worker_id":"98b82069-09f9-4623-b871-b6850679cd64-139906009941824","trial_id":9,"param_name":"n_estimators","param_value_internal":192.0,"distribution":"{\"name\": \"IntDistribution\", \"attributes\": {\"log\": false, \"step\": 1, \"low\": 50, \"high\": 200}}"}
{"op_code":5,"worker_id":"98b82069-09f9-4623-b871-b6850679cd64-139906009941824","trial_id":9,"param_name":"max_depth","param_value_internal":4.0,"distribution":"{\"name\": \"IntDistribution\", \"attributes\": {\"log\": false, \"step\": 1, \"low\": 2, \"high\": 5}}"}
{"op_code":6,"worker_id":"98b82069-09f9-4623-b871-b6850679cd64-139906009941824","trial_id":9,"state":1,"values":[0.698861305724646],"datetime_complete":"2026-04-06T05:04:34.863310"}
{"op_code":4,"worker_id":"98b82069-09f9-4623-b871-b6850679cd64-139906009941824","study_id":0,"datetime_start":"2026-04-06T05:04:34.885535"}
{"op_code":5,"worker_id":"98b82069-09f9-4623-b871-b6850679cd64-139906009941824","trial_id":10,"param_name":"learning_rate","param_value_internal":0.02976400932551907,"distribution":"{\"name\": \"FloatDistribution\", \"attributes\": {\"step\": null, \"low\": 0.01, \"high\": 0.2, \"log\": true}}"}
{"op_code":5,"worker_id":"98b82069-09f9-4623-b871-b6850679cd64-139906009941824","trial_id":10,"param_name":"n_estimators","param_value_internal":106.0,"distribution":"{\"name\": \"IntDistribution\", \"attributes\": {\"log\": false, \"step\": 1, \"low\": 50, \"high\": 200}}"}
{"op_code":5,"worker_id":"98b82069-09f9-4623-b871-b6850679cd64-139906009941824","trial_id":10,"param_name":"max_depth","param_value_internal":2.0,"distribution":"{\"name\": \"IntDistribution\", \"attributes\": {\"log\": false, \"step\": 1, \"low\": 2, \"high\": 5}}"}
{"op_code":6,"worker_id":"98b82069-09f9-4623-b871-b6850679cd64-139906009941824","trial_id":10,"state":1,"values":[0.6913383759660032],"datetime_complete":"2026-04-06T05:04:46.535022"}
{"op_code":4,"worker_id":"98b82069-09f9-4623-b871-b6850679cd64-139906009941824","study_id":0,"datetime_start":"2026-04-06T05:04:46.550373"}
{"op_code":5,"worker_id":"98b82069-09f9-4623-b871-b6850679cd64-139906009941824","trial_id":11,"param_name":"learning_rate","param_value_internal":0.07308093983174369,"distribution":"{\"name\": \"FloatDistribution\", \"attributes\": {\"step\": null, \"low\": 0.01, \"high\": 0.2, \"log\": true}}"}
{"op_code":5,"worker_id":"98b82069-09f9-4623-b871-b6850679cd64-139906009941824","trial_id":11,"param_name":"n_estimators","param_value_internal":159.0,"distribution":"{\"name\": \"IntDistribution\", \"attributes\": {\"log\": false, \"step\": 1, \"low\": 50, \"high\": 200}}"}
{"op_code":5,"worker_id":"98b82069-09f9-4623-b871-b6850679cd64-139906009941824","trial_id":11,"param_name":"max_depth","param_value_internal":2.0,"distribution":"{\"name\": \"IntDistribution\", \"attributes\": {\"log\": false, \"step\": 1, \"low\": 2, \"high\": 5}}"}
{"op_code":6,"worker_id":"98b82069-09f9-4623-b871-b6850679cd64-139906009941824","trial_id":11,"state":1,"values":[0.7055023216893367],"datetime_complete":"2026-04-06T05:05:03.877505"}
{"op_code":4,"worker_id":"98b82069-09f9-4623-b871-b6850679cd64-139906009941824","study_id":0,"datetime_start":"2026-04-06T05:05:03.906773"}
{"op_code":5,"worker_id":"98b82069-09f9-4623-b871-b6850679cd64-139906009941824","trial_id":12,"param_name":"learning_rate","param_value_internal":0.1993846342079766,"distribution":"{\"name\": \"FloatDistribution\", \"attributes\": {\"step\": null, \"low\": 0.01, \"high\": 0.2, \"log\": true}}"}
{"op_code":5,"worker_id":"98b82069-09f9-4623-b871-b6850679cd64-139906009941824","trial_id":12,"param_name":"n_estimators","param_value_internal":166.0,"distribution":"{\"name\": \"IntDistribution\", \"attributes\": {\"log\": false, \"step\": 1, \"low\": 50, \"high\": 200}}"}
{"op_code":5,"worker_id":"98b82069-09f9-4623-b871-b6850679cd64-139906009941824","trial_id":12,"param_name":"max_depth","param_value_internal":3.0,"distribution":"{\"name\": \"IntDistribution\", \"attributes\": {\"log\": false, \"step\": 1, \"low\": 2, \"high\": 5}}"}
{"op_code":6,"worker_id":"98b82069-09f9-4623-b871-b6850679cd64-139906009941824","trial_id":12,"state":1,"values":[0.7024709993929151],"datetime_complete":"2026-04-06T05:05:22.181788"}
{"op_code":4,"worker_id":"98b82069-09f9-4623-b871-b6850679cd64-139906009941824","study_id":0,"datetime_start":"2026-04-06T05:05:22.195307"}
{"op_code":5,"worker_id":"98b82069-09f9-4623-b871-b6850679cd64-139906009941824","trial_id":13,"param_name":"learning_rate","param_value_internal":0.06020901788061119,"distribution":"{\"name\": \"FloatDistribution\", \"attributes\": {\"step\": null, \"low\": 0.01, \"high\": 0.2, \"log\": true}}"}
{"op_code":5,"worker_id":"98b82069-09f9-4623-b871-b6850679cd64-139906009941824","trial_id":13,"param_name":"n_estimators","param_value_internal":163.0,"distribution":"{\"name\": \"IntDistribution\", \"attributes\": {\"log\": false, \"step\": 1, \"low\": 50, \"high\": 200}}"}
{"op_code":5,"worker_id":"98b82069-09f9-4623-b871-b6850679cd64-139906009941824","trial_id":13,"param_name":"max_depth","param_value_internal":2.0,"distribution":"{\"name\": \"IntDistribution\", \"attributes\": {\"log\": false, \"step\": 1, \"low\": 2, \"high\": 5}}"}
{"op_code":6,"worker_id":"98b82069-09f9-4623-b871-b6850679cd64-139906009941824","trial_id":13,"state":1,"values":[0.7037097806290712],"datetime_complete":"2026-04-06T05:05:39.901422"}
{"op_code":4,"worker_id":"98b82069-09f9-4623-b871-b6850679cd64-139906009941824","study_id":0,"datetime_start":"2026-04-06T05:05:39.918923"}
{"op_code":5,"worker_id":"98b82069-09f9-4623-b871-b6850679cd64-139906009941824","trial_id":14,"param_name":"learning_rate","param_value_internal":0.030434737211162435,"distribution":"{\"name\": \"FloatDistribution\", \"attributes\": {\"step\": null, \"low\": 0.01, \"high\": 0.2, \"log\": true}}"}
{"op_code":5,"worker_id":"98b82069-09f9-4623-b871-b6850679cd64-139906009941824","trial_id":14,"param_name":"n_estimators","param_value_internal":117.0,"distribution":"{\"name\": \"IntDistribution\", \"attributes\": {\"log\": false, \"step\": 1, \"low\": 50, \"high\": 200}}"}
{"op_code":5,"worker_id":"98b82069-09f9-4623-b871-b6850679cd64-139906009941824","trial_id":14,"param_name":"max_depth","param_value_internal":3.0,"distribution":"{\"name\": \"IntDistribution\", \"attributes\": {\"log\": false, \"step\": 1, \"low\": 2, \"high\": 5}}"}
{"op_code":6,"worker_id":"98b82069-09f9-4623-b871-b6850679cd64-139906009941824","trial_id":14,"state":1,"values":[0.7019213414934287],"datetime_complete":"2026-04-06T05:05:52.814354"}
{"op_code":4,"worker_id":"98b82069-09f9-4623-b871-b6850679cd64-139906009941824","study_id":0,"datetime_start":"2026-04-06T05:05:52.958617"}
{"op_code":5,"worker_id":"98b82069-09f9-4623-b871-b6850679cd64-139906009941824","trial_id":15,"param_name":"learning_rate","param_value_internal":0.043802681410306195,"distribution":"{\"name\": \"FloatDistribution\", \"attributes\": {\"step\": null, \"low\": 0.01, \"high\": 0.2, \"log\": true}}"}
{"op_code":5,"worker_id":"98b82069-09f9-4623-b871-b6850679cd64-139906009941824","trial_id":15,"param_name":"n_estimators","param_value_internal":167.0,"distribution":"{\"name\": \"IntDistribution\", \"attributes\": {\"log\": false, \"step\": 1, \"low\": 50, \"high\": 200}}"}
{"op_code":5,"worker_id":"98b82069-09f9-4623-b871-b6850679cd64-139906009941824","trial_id":15,"param_name":"max_depth","param_value_internal":3.0,"distribution":"{\"name\": \"IntDistribution\", \"attributes\": {\"log\": false, \"step\": 1, \"low\": 2, \"high\": 5}}"}
{"op_code":6,"worker_id":"98b82069-09f9-4623-b871-b6850679cd64-139906009941824","trial_id":15,"state":1,"values":[0.706289891216959],"datetime_complete":"2026-04-06T05:06:11.318557"}
{"op_code":4,"worker_id":"98b82069-09f9-4623-b871-b6850679cd64-139906009941824","study_id":0,"datetime_start":"2026-04-06T05:06:11.338971"}
{"op_code":5,"worker_id":"98b82069-09f9-4623-b871-b6850679cd64-139906009941824","trial_id":16,"param_name":"learning_rate","param_value_internal":0.0888295250805476,"distribution":"{\"name\": \"FloatDistribution\", \"attributes\": {\"step\": null, \"low\": 0.01, \"high\": 0.2, \"log\": true}}"}
{"op_code":5,"worker_id":"98b82069-09f9-4623-b871-b6850679cd64-139906009941824","trial_id":16,"param_name":"n_estimators","param_value_internal":145.0,"distribution":"{\"name\": \"IntDistribution\", \"attributes\": {\"log\": false, \"step\": 1, \"low\": 50, \"high\": 200}}"}
{"op_code":5,"worker_id":"98b82069-09f9-4623-b871-b6850679cd64-139906009941824","trial_id":16,"param_name":"max_depth","param_value_internal":2.0,"distribution":"{\"name\": \"IntDistribution\", \"attributes\": {\"log\": false, \"step\": 1, \"low\": 2, \"high\": 5}}"}
{"op_code":6,"worker_id":"98b82069-09f9-4623-b871-b6850679cd64-139906009941824","trial_id":16,"state":1,"values":[0.7068518548903145],"datetime_complete":"2026-04-06T05:06:27.186069"}
{"op_code":4,"worker_id":"98b82069-09f9-4623-b871-b6850679cd64-139906009941824","study_id":0,"datetime_start":"2026-04-06T05:06:27.207703"}
{"op_code":5,"worker_id":"98b82069-09f9-4623-b871-b6850679cd64-139906009941824","trial_id":17,"param_name":"learning_rate","param_value_internal":0.18046443645309576,"distribution":"{\"name\": \"FloatDistribution\", \"attributes\": {\"step\": null, \"low\": 0.01, \"high\": 0.2, \"log\": true}}"}
{"op_code":5,"worker_id":"98b82069-09f9-4623-b871-b6850679cd64-139906009941824","trial_id":17,"param_name":"n_estimators","param_value_internal":200.0,"distribution":"{\"name\": \"IntDistribution\", \"attributes\": {\"log\": false, \"step\": 1, \"low\": 50, \"high\": 200}}"}
{"op_code":5,"worker_id":"98b82069-09f9-4623-b871-b6850679cd64-139906009941824","trial_id":17,"param_name":"max_depth","param_value_internal":3.0,"distribution":"{\"name\": \"IntDistribution\", \"attributes\": {\"log\": false, \"step\": 1, \"low\": 2, \"high\": 5}}"}
{"op_code":6,"worker_id":"98b82069-09f9-4623-b871-b6850679cd64-139906009941824","trial_id":17,"state":1,"values":[0.7021756608200568],"datetime_complete":"2026-04-06T05:06:49.137682"}
{"op_code":4,"worker_id":"98b82069-09f9-4623-b871-b6850679cd64-139906009941824","study_id":0,"datetime_start":"2026-04-06T05:06:49.152311"}
{"op_code":5,"worker_id":"98b82069-09f9-4623-b871-b6850679cd64-139906009941824","trial_id":18,"param_name":"learning_rate","param_value_internal":0.020617711735301112,"distribution":"{\"name\": \"FloatDistribution\", \"attributes\": {\"step\": null, \"low\": 0.01, \"high\": 0.2, \"log\": true}}"}
{"op_code":5,"worker_id":"98b82069-09f9-4623-b871-b6850679cd64-139906009941824","trial_id":18,"param_name":"n_estimators","param_value_internal":89.0,"distribution":"{\"name\": \"IntDistribution\", \"attributes\": {\"log\": false, \"step\": 1, \"low\": 50, \"high\": 200}}"}
{"op_code":5,"worker_id":"98b82069-09f9-4623-b871-b6850679cd64-139906009941824","trial_id":18,"param_name":"max_depth","param_value_internal":4.0,"distribution":"{\"name\": \"IntDistribution\", \"attributes\": {\"log\": false, \"step\": 1, \"low\": 2, \"high\": 5}}"}
{"op_code":6,"worker_id":"98b82069-09f9-4623-b871-b6850679cd64-139906009941824","trial_id":18,"state":1,"values":[0.706035571890331],"datetime_complete":"2026-04-06T05:06:59.039094"}
{"op_code":4,"worker_id":"98b82069-09f9-4623-b871-b6850679cd64-139906009941824","study_id":0,"datetime_start":"2026-04-06T05:06:59.052164"}
{"op_code":5,"worker_id":"98b82069-09f9-4623-b871-b6850679cd64-139906009941824","trial_id":19,"param_name":"learning_rate","param_value_internal":0.057144821872519014,"distribution":"{\"name\": \"FloatDistribution\", \"attributes\": {\"step\": null, \"low\": 0.01, \"high\": 0.2, \"log\": true}}"}
{"op_code":5,"worker_id":"98b82069-09f9-4623-b871-b6850679cd64-139906009941824","trial_id":19,"param_name":"n_estimators","param_value_internal":174.0,"distribution":"{\"name\": \"IntDistribution\", \"attributes\": {\"log\": false, \"step\": 1, \"low\": 50, \"high\": 200}}"}
{"op_code":5,"worker_id":"98b82069-09f9-4623-b871-b6850679cd64-139906009941824","trial_id":19,"param_name":"max_depth","param_value_internal":2.0,"distribution":"{\"name\": \"IntDistribution\", \"attributes\": {\"log\": false, \"step\": 1, \"low\": 2, \"high\": 5}}"}
{"op_code":6,"worker_id":"98b82069-09f9-4623-b871-b6850679cd64-139906009941824","trial_id":19,"state":1,"values":[0.7039394884079611],"datetime_complete":"2026-04-06T05:07:18.032934"}
