{"op_code":0,"worker_id":"3f499297-e565-446e-bc40-e4e894e0d528-139697814206272","study_name":"rsf_tuning","directions":[2]}
{"op_code":4,"worker_id":"3f499297-e565-446e-bc40-e4e894e0d528-139697814206272","study_id":0,"datetime_start":"2026-04-05T22:18:34.874931"}
{"op_code":5,"worker_id":"3f499297-e565-446e-bc40-e4e894e0d528-139697814206272","trial_id":0,"param_name":"n_estimators","param_value_internal":102.0,"distribution":"{\"name\": \"IntDistribution\", \"attributes\": {\"log\": false, \"step\": 1, \"low\": 50, \"high\": 200}}"}
{"op_code":5,"worker_id":"3f499297-e565-446e-bc40-e4e894e0d528-139697814206272","trial_id":0,"param_name":"min_samples_split","param_value_internal":16.0,"distribution":"{\"name\": \"IntDistribution\", \"attributes\": {\"log\": false, \"step\": 1, \"low\": 5, \"high\": 20}}"}
{"op_code":5,"worker_id":"3f499297-e565-446e-bc40-e4e894e0d528-139697814206272","trial_id":0,"param_name":"min_samples_leaf","param_value_internal":12.0,"distribution":"{\"name\": \"IntDistribution\", \"attributes\": {\"log\": false, \"step\": 1, \"low\": 5, \"high\": 20}}"}
{"op_code":6,"worker_id":"3f499297-e565-446e-bc40-e4e894e0d528-139697814206272","trial_id":0,"state":1,"values":[0.5721102863202545],"datetime_complete":"2026-04-05T22:18:35.008988"}
{"op_code":4,"worker_id":"3f499297-e565-446e-bc40-e4e894e0d528-139697814206272","study_id":0,"datetime_start":"2026-04-05T22:18:35.018051"}
{"op_code":5,"worker_id":"3f499297-e565-446e-bc40-e4e894e0d528-139697814206272","trial_id":1,"param_name":"n_estimators","param_value_internal":60.0,"distribution":"{\"name\": \"IntDistribution\", \"attributes\": {\"log\": false, \"step\": 1, \"low\": 50, \"high\": 200}}"}
{"op_code":5,"worker_id":"3f499297-e565-446e-bc40-e4e894e0d528-139697814206272","trial_id":1,"param_name":"min_samples_split","param_value_internal":10.0,"distribution":"{\"name\": \"IntDistribution\", \"attributes\": {\"log\": false, \"step\": 1, \"low\": 5, \"high\": 20}}"}
{"op_code":5,"worker_id":"3f499297-e565-446e-bc40-e4e894e0d528-139697814206272","trial_id":1,"param_name":"min_samples_leaf","param_value_internal":12.0,"distribution":"{\"name\": \"IntDistribution\", \"attributes\": {\"log\": false, \"step\": 1, \"low\": 5, \"high\": 20}}"}
{"op_code":6,"worker_id":"3f499297-e565-446e-bc40-e4e894e0d528-139697814206272","trial_id":1,"state":1,"values":[0.5721102863202545],"datetime_complete":"2026-04-05T22:18:35.116872"}
{"op_code":4,"worker_id":"3f499297-e565-446e-bc40-e4e894e0d528-139697814206272","study_id":0,"datetime_start":"2026-04-05T22:18:35.125970"}
{"op_code":5,"worker_id":"3f499297-e565-446e-bc40-e4e894e0d528-139697814206272","trial_id":2,"param_name":"n_estimators","param_value_internal":88.0,"distribution":"{\"name\": \"IntDistribution\", \"attributes\": {\"log\": false, \"step\": 1, \"low\": 50, \"high\": 200}}"}
{"op_code":5,"worker_id":"3f499297-e565-446e-bc40-e4e894e0d528-139697814206272","trial_id":2,"param_name":"min_samples_split","param_value_internal":8.0,"distribution":"{\"name\": \"IntDistribution\", \"attributes\": {\"log\": false, \"step\": 1, \"low\": 5, \"high\": 20}}"}
{"op_code":5,"worker_id":"3f499297-e565-446e-bc40-e4e894e0d528-139697814206272","trial_id":2,"param_name":"min_samples_leaf","param_value_internal":7.0,"distribution":"{\"name\": \"IntDistribution\", \"attributes\": {\"log\": false, \"step\": 1, \"low\": 5, \"high\": 20}}"}
{"op_code":6,"worker_id":"3f499297-e565-446e-bc40-e4e894e0d528-139697814206272","trial_id":2,"state":1,"values":[0.5938494167550371],"datetime_complete":"2026-04-05T22:18:35.250172"}
{"op_code":4,"worker_id":"3f499297-e565-446e-bc40-e4e894e0d528-139697814206272","study_id":0,"datetime_start":"2026-04-05T22:18:35.258809"}
{"op_code":5,"worker_id":"3f499297-e565-446e-bc40-e4e894e0d528-139697814206272","trial_id":3,"param_name":"n_estimators","param_value_internal":142.0,"distribution":"{\"name\": \"IntDistribution\", \"attributes\": {\"log\": false, \"step\": 1, \"low\": 50, \"high\": 200}}"}
{"op_code":5,"worker_id":"3f499297-e565-446e-bc40-e4e894e0d528-139697814206272","trial_id":3,"param_name":"min_samples_split","param_value_internal":17.0,"distribution":"{\"name\": \"IntDistribution\", \"attributes\": {\"log\": false, \"step\": 1, \"low\": 5, \"high\": 20}}"}
{"op_code":5,"worker_id":"3f499297-e565-446e-bc40-e4e894e0d528-139697814206272","trial_id":3,"param_name":"min_samples_leaf","param_value_internal":15.0,"distribution":"{\"name\": \"IntDistribution\", \"attributes\": {\"log\": false, \"step\": 1, \"low\": 5, \"high\": 20}}"}
{"op_code":6,"worker_id":"3f499297-e565-446e-bc40-e4e894e0d528-139697814206272","trial_id":3,"state":1,"values":[0.5933191940615058],"datetime_complete":"2026-04-05T22:18:35.428653"}
{"op_code":4,"worker_id":"3f499297-e565-446e-bc40-e4e894e0d528-139697814206272","study_id":0,"datetime_start":"2026-04-05T22:18:35.438252"}
{"op_code":5,"worker_id":"3f499297-e565-446e-bc40-e4e894e0d528-139697814206272","trial_id":4,"param_name":"n_estimators","param_value_internal":187.0,"distribution":"{\"name\": \"IntDistribution\", \"attributes\": {\"log\": false, \"step\": 1, \"low\": 50, \"high\": 200}}"}
{"op_code":5,"worker_id":"3f499297-e565-446e-bc40-e4e894e0d528-139697814206272","trial_id":4,"param_name":"min_samples_split","param_value_internal":10.0,"distribution":"{\"name\": \"IntDistribution\", \"attributes\": {\"log\": false, \"step\": 1, \"low\": 5, \"high\": 20}}"}
{"op_code":5,"worker_id":"3f499297-e565-446e-bc40-e4e894e0d528-139697814206272","trial_id":4,"param_name":"min_samples_leaf","param_value_internal":13.0,"distribution":"{\"name\": \"IntDistribution\", \"attributes\": {\"log\": false, \"step\": 1, \"low\": 5, \"high\": 20}}"}
{"op_code":6,"worker_id":"3f499297-e565-446e-bc40-e4e894e0d528-139697814206272","trial_id":4,"state":1,"values":[0.5763520678685048],"datetime_complete":"2026-04-05T22:18:35.641598"}
{"op_code":4,"worker_id":"3f499297-e565-446e-bc40-e4e894e0d528-139697814206272","study_id":0,"datetime_start":"2026-04-05T22:18:35.652618"}
{"op_code":5,"worker_id":"3f499297-e565-446e-bc40-e4e894e0d528-139697814206272","trial_id":5,"param_name":"n_estimators","param_value_internal":111.0,"distribution":"{\"name\": \"IntDistribution\", \"attributes\": {\"log\": false, \"step\": 1, \"low\": 50, \"high\": 200}}"}
{"op_code":5,"worker_id":"3f499297-e565-446e-bc40-e4e894e0d528-139697814206272","trial_id":5,"param_name":"min_samples_split","param_value_internal":9.0,"distribution":"{\"name\": \"IntDistribution\", \"attributes\": {\"log\": false, \"step\": 1, \"low\": 5, \"high\": 20}}"}
{"op_code":5,"worker_id":"3f499297-e565-446e-bc40-e4e894e0d528-139697814206272","trial_id":5,"param_name":"min_samples_leaf","param_value_internal":7.0,"distribution":"{\"name\": \"IntDistribution\", \"attributes\": {\"log\": false, \"step\": 1, \"low\": 5, \"high\": 20}}"}
{"op_code":6,"worker_id":"3f499297-e565-446e-bc40-e4e894e0d528-139697814206272","trial_id":5,"state":1,"values":[0.5906680805938495],"datetime_complete":"2026-04-05T22:18:35.799541"}
{"op_code":4,"worker_id":"3f499297-e565-446e-bc40-e4e894e0d528-139697814206272","study_id":0,"datetime_start":"2026-04-05T22:18:35.809726"}
{"op_code":5,"worker_id":"3f499297-e565-446e-bc40-e4e894e0d528-139697814206272","trial_id":6,"param_name":"n_estimators","param_value_internal":98.0,"distribution":"{\"name\": \"IntDistribution\", \"attributes\": {\"log\": false, \"step\": 1, \"low\": 50, \"high\": 200}}"}
{"op_code":5,"worker_id":"3f499297-e565-446e-bc40-e4e894e0d528-139697814206272","trial_id":6,"param_name":"min_samples_split","param_value_internal":13.0,"distribution":"{\"name\": \"IntDistribution\", \"attributes\": {\"log\": false, \"step\": 1, \"low\": 5, \"high\": 20}}"}
{"op_code":5,"worker_id":"3f499297-e565-446e-bc40-e4e894e0d528-139697814206272","trial_id":6,"param_name":"min_samples_leaf","param_value_internal":11.0,"distribution":"{\"name\": \"IntDistribution\", \"attributes\": {\"log\": false, \"step\": 1, \"low\": 5, \"high\": 20}}"}
{"op_code":6,"worker_id":"3f499297-e565-446e-bc40-e4e894e0d528-139697814206272","trial_id":6,"state":1,"values":[0.5742311770943797],"datetime_complete":"2026-04-05T22:18:35.943141"}
{"op_code":4,"worker_id":"3f499297-e565-446e-bc40-e4e894e0d528-139697814206272","study_id":0,"datetime_start":"2026-04-05T22:18:35.954771"}
{"op_code":5,"worker_id":"3f499297-e565-446e-bc40-e4e894e0d528-139697814206272","trial_id":7,"param_name":"n_estimators","param_value_internal":77.0,"distribution":"{\"name\": \"IntDistribution\", \"attributes\": {\"log\": false, \"step\": 1, \"low\": 50, \"high\": 200}}"}
{"op_code":5,"worker_id":"3f499297-e565-446e-bc40-e4e894e0d528-139697814206272","trial_id":7,"param_name":"min_samples_split","param_value_internal":10.0,"distribution":"{\"name\": \"IntDistribution\", \"attributes\": {\"log\": false, \"step\": 1, \"low\": 5, \"high\": 20}}"}
{"op_code":5,"worker_id":"3f499297-e565-446e-bc40-e4e894e0d528-139697814206272","trial_id":7,"param_name":"min_samples_leaf","param_value_internal":20.0,"distribution":"{\"name\": \"IntDistribution\", \"attributes\": {\"log\": false, \"step\": 1, \"low\": 5, \"high\": 20}}"}
{"op_code":6,"worker_id":"3f499297-e565-446e-bc40-e4e894e0d528-139697814206272","trial_id":7,"state":1,"values":[0.5965005302226936],"datetime_complete":"2026-04-05T22:18:36.067350"}
{"op_code":4,"worker_id":"3f499297-e565-446e-bc40-e4e894e0d528-139697814206272","study_id":0,"datetime_start":"2026-04-05T22:18:36.077904"}
{"op_code":5,"worker_id":"3f499297-e565-446e-bc40-e4e894e0d528-139697814206272","trial_id":8,"param_name":"n_estimators","param_value_internal":143.0,"distribution":"{\"name\": \"IntDistribution\", \"attributes\": {\"log\": false, \"step\": 1, \"low\": 50, \"high\": 200}}"}
{"op_code":5,"worker_id":"3f499297-e565-446e-bc40-e4e894e0d528-139697814206272","trial_id":8,"param_name":"min_samples_split","param_value_internal":10.0,"distribution":"{\"name\": \"IntDistribution\", \"attributes\": {\"log\": false, \"step\": 1, \"low\": 5, \"high\": 20}}"}
{"op_code":5,"worker_id":"3f499297-e565-446e-bc40-e4e894e0d528-139697814206272","trial_id":8,"param_name":"min_samples_leaf","param_value_internal":5.0,"distribution":"{\"name\": \"IntDistribution\", \"attributes\": {\"log\": false, \"step\": 1, \"low\": 5, \"high\": 20}}"}
{"op_code":6,"worker_id":"3f499297-e565-446e-bc40-e4e894e0d528-139697814206272","trial_id":8,"state":1,"values":[0.5678685047720042],"datetime_complete":"2026-04-05T22:18:36.270792"}
{"op_code":4,"worker_id":"3f499297-e565-446e-bc40-e4e894e0d528-139697814206272","study_id":0,"datetime_start":"2026-04-05T22:18:36.280661"}
{"op_code":5,"worker_id":"3f499297-e565-446e-bc40-e4e894e0d528-139697814206272","trial_id":9,"param_name":"n_estimators","param_value_internal":147.0,"distribution":"{\"name\": \"IntDistribution\", \"attributes\": {\"log\": false, \"step\": 1, \"low\": 50, \"high\": 200}}"}
{"op_code":5,"worker_id":"3f499297-e565-446e-bc40-e4e894e0d528-139697814206272","trial_id":9,"param_name":"min_samples_split","param_value_internal":15.0,"distribution":"{\"name\": \"IntDistribution\", \"attributes\": {\"log\": false, \"step\": 1, \"low\": 5, \"high\": 20}}"}
{"op_code":5,"worker_id":"3f499297-e565-446e-bc40-e4e894e0d528-139697814206272","trial_id":9,"param_name":"min_samples_leaf","param_value_internal":15.0,"distribution":"{\"name\": \"IntDistribution\", \"attributes\": {\"log\": false, \"step\": 1, \"low\": 5, \"high\": 20}}"}
{"op_code":6,"worker_id":"3f499297-e565-446e-bc40-e4e894e0d528-139697814206272","trial_id":9,"state":1,"values":[0.5890774125132555],"datetime_complete":"2026-04-05T22:18:36.451741"}
{"op_code":4,"worker_id":"3f499297-e565-446e-bc40-e4e894e0d528-139697814206272","study_id":0,"datetime_start":"2026-04-05T22:18:36.462030"}
{"op_code":5,"worker_id":"3f499297-e565-446e-bc40-e4e894e0d528-139697814206272","trial_id":10,"param_name":"n_estimators","param_value_internal":56.0,"distribution":"{\"name\": \"IntDistribution\", \"attributes\": {\"log\": false, \"step\": 1, \"low\": 50, \"high\": 200}}"}
{"op_code":5,"worker_id":"3f499297-e565-446e-bc40-e4e894e0d528-139697814206272","trial_id":10,"param_name":"min_samples_split","param_value_internal":5.0,"distribution":"{\"name\": \"IntDistribution\", \"attributes\": {\"log\": false, \"step\": 1, \"low\": 5, \"high\": 20}}"}
{"op_code":5,"worker_id":"3f499297-e565-446e-bc40-e4e894e0d528-139697814206272","trial_id":10,"param_name":"min_samples_leaf","param_value_internal":20.0,"distribution":"{\"name\": \"IntDistribution\", \"attributes\": {\"log\": false, \"step\": 1, \"low\": 5, \"high\": 20}}"}
{"op_code":6,"worker_id":"3f499297-e565-446e-bc40-e4e894e0d528-139697814206272","trial_id":10,"state":1,"values":[0.5858960763520679],"datetime_complete":"2026-04-05T22:18:36.565037"}
{"op_code":4,"worker_id":"3f499297-e565-446e-bc40-e4e894e0d528-139697814206272","study_id":0,"datetime_start":"2026-04-05T22:18:36.575133"}
{"op_code":5,"worker_id":"3f499297-e565-446e-bc40-e4e894e0d528-139697814206272","trial_id":11,"param_name":"n_estimators","param_value_internal":79.0,"distribution":"{\"name\": \"IntDistribution\", \"attributes\": {\"log\": false, \"step\": 1, \"low\": 50, \"high\": 200}}"}
{"op_code":5,"worker_id":"3f499297-e565-446e-bc40-e4e894e0d528-139697814206272","trial_id":11,"param_name":"min_samples_split","param_value_internal":6.0,"distribution":"{\"name\": \"IntDistribution\", \"attributes\": {\"log\": false, \"step\": 1, \"low\": 5, \"high\": 20}}"}
{"op_code":5,"worker_id":"3f499297-e565-446e-bc40-e4e894e0d528-139697814206272","trial_id":11,"param_name":"min_samples_leaf","param_value_internal":20.0,"distribution":"{\"name\": \"IntDistribution\", \"attributes\": {\"log\": false, \"step\": 1, \"low\": 5, \"high\": 20}}"}
{"op_code":6,"worker_id":"3f499297-e565-446e-bc40-e4e894e0d528-139697814206272","trial_id":11,"state":1,"values":[0.5975609756097561],"datetime_complete":"2026-04-05T22:18:36.690460"}
{"op_code":4,"worker_id":"3f499297-e565-446e-bc40-e4e894e0d528-139697814206272","study_id":0,"datetime_start":"2026-04-05T22:18:36.699999"}
{"op_code":5,"worker_id":"3f499297-e565-446e-bc40-e4e894e0d528-139697814206272","trial_id":12,"param_name":"n_estimators","param_value_internal":73.0,"distribution":"{\"name\": \"IntDistribution\", \"attributes\": {\"log\": false, \"step\": 1, \"low\": 50, \"high\": 200}}"}
{"op_code":5,"worker_id":"3f499297-e565-446e-bc40-e4e894e0d528-139697814206272","trial_id":12,"param_name":"min_samples_split","param_value_internal":20.0,"distribution":"{\"name\": \"IntDistribution\", \"attributes\": {\"log\": false, \"step\": 1, \"low\": 5, \"high\": 20}}"}
{"op_code":5,"worker_id":"3f499297-e565-446e-bc40-e4e894e0d528-139697814206272","trial_id":12,"param_name":"min_samples_leaf","param_value_internal":20.0,"distribution":"{\"name\": \"IntDistribution\", \"attributes\": {\"log\": false, \"step\": 1, \"low\": 5, \"high\": 20}}"}
{"op_code":6,"worker_id":"3f499297-e565-446e-bc40-e4e894e0d528-139697814206272","trial_id":12,"state":1,"values":[0.5954400848356309],"datetime_complete":"2026-04-05T22:18:36.814851"}
{"op_code":4,"worker_id":"3f499297-e565-446e-bc40-e4e894e0d528-139697814206272","study_id":0,"datetime_start":"2026-04-05T22:18:36.823810"}
{"op_code":5,"worker_id":"3f499297-e565-446e-bc40-e4e894e0d528-139697814206272","trial_id":13,"param_name":"n_estimators","param_value_internal":80.0,"distribution":"{\"name\": \"IntDistribution\", \"attributes\": {\"log\": false, \"step\": 1, \"low\": 50, \"high\": 200}}"}
{"op_code":5,"worker_id":"3f499297-e565-446e-bc40-e4e894e0d528-139697814206272","trial_id":13,"param_name":"min_samples_split","param_value_internal":5.0,"distribution":"{\"name\": \"IntDistribution\", \"attributes\": {\"log\": false, \"step\": 1, \"low\": 5, \"high\": 20}}"}
{"op_code":5,"worker_id":"3f499297-e565-446e-bc40-e4e894e0d528-139697814206272","trial_id":13,"param_name":"min_samples_leaf","param_value_internal":18.0,"distribution":"{\"name\": \"IntDistribution\", \"attributes\": {\"log\": false, \"step\": 1, \"low\": 5, \"high\": 20}}"}
{"op_code":6,"worker_id":"3f499297-e565-446e-bc40-e4e894e0d528-139697814206272","trial_id":13,"state":1,"values":[0.591728525980912],"datetime_complete":"2026-04-05T22:18:36.941589"}
{"op_code":4,"worker_id":"3f499297-e565-446e-bc40-e4e894e0d528-139697814206272","study_id":0,"datetime_start":"2026-04-05T22:18:36.950608"}
{"op_code":5,"worker_id":"3f499297-e565-446e-bc40-e4e894e0d528-139697814206272","trial_id":14,"param_name":"n_estimators","param_value_internal":121.0,"distribution":"{\"name\": \"IntDistribution\", \"attributes\": {\"log\": false, \"step\": 1, \"low\": 50, \"high\": 200}}"}
{"op_code":5,"worker_id":"3f499297-e565-446e-bc40-e4e894e0d528-139697814206272","trial_id":14,"param_name":"min_samples_split","param_value_internal":6.0,"distribution":"{\"name\": \"IntDistribution\", \"attributes\": {\"log\": false, \"step\": 1, \"low\": 5, \"high\": 20}}"}
{"op_code":5,"worker_id":"3f499297-e565-446e-bc40-e4e894e0d528-139697814206272","trial_id":14,"param_name":"min_samples_leaf","param_value_internal":17.0,"distribution":"{\"name\": \"IntDistribution\", \"attributes\": {\"log\": false, \"step\": 1, \"low\": 5, \"high\": 20}}"}
{"op_code":6,"worker_id":"3f499297-e565-446e-bc40-e4e894e0d528-139697814206272","trial_id":14,"state":1,"values":[0.5864262990455992],"datetime_complete":"2026-04-05T22:18:37.114653"}
{"op_code":4,"worker_id":"3f499297-e565-446e-bc40-e4e894e0d528-139697814206272","study_id":0,"datetime_start":"2026-04-05T22:18:37.123968"}
{"op_code":5,"worker_id":"3f499297-e565-446e-bc40-e4e894e0d528-139697814206272","trial_id":15,"param_name":"n_estimators","param_value_internal":53.0,"distribution":"{\"name\": \"IntDistribution\", \"attributes\": {\"log\": false, \"step\": 1, \"low\": 50, \"high\": 200}}"}
{"op_code":5,"worker_id":"3f499297-e565-446e-bc40-e4e894e0d528-139697814206272","trial_id":15,"param_name":"min_samples_split","param_value_internal":7.0,"distribution":"{\"name\": \"IntDistribution\", \"attributes\": {\"log\": false, \"step\": 1, \"low\": 5, \"high\": 20}}"}
{"op_code":5,"worker_id":"3f499297-e565-446e-bc40-e4e894e0d528-139697814206272","trial_id":15,"param_name":"min_samples_leaf","param_value_internal":18.0,"distribution":"{\"name\": \"IntDistribution\", \"attributes\": {\"log\": false, \"step\": 1, \"low\": 5, \"high\": 20}}"}
{"op_code":6,"worker_id":"3f499297-e565-446e-bc40-e4e894e0d528-139697814206272","trial_id":15,"state":1,"values":[0.584305408271474],"datetime_complete":"2026-04-05T22:18:37.224828"}
{"op_code":4,"worker_id":"3f499297-e565-446e-bc40-e4e894e0d528-139697814206272","study_id":0,"datetime_start":"2026-04-05T22:18:37.234016"}
{"op_code":5,"worker_id":"3f499297-e565-446e-bc40-e4e894e0d528-139697814206272","trial_id":16,"param_name":"n_estimators","param_value_internal":194.0,"distribution":"{\"name\": \"IntDistribution\", \"attributes\": {\"log\": false, \"step\": 1, \"low\": 50, \"high\": 200}}"}
{"op_code":5,"worker_id":"3f499297-e565-446e-bc40-e4e894e0d528-139697814206272","trial_id":16,"param_name":"min_samples_split","param_value_internal":12.0,"distribution":"{\"name\": \"IntDistribution\", \"attributes\": {\"log\": false, \"step\": 1, \"low\": 5, \"high\": 20}}"}
{"op_code":5,"worker_id":"3f499297-e565-446e-bc40-e4e894e0d528-139697814206272","trial_id":16,"param_name":"min_samples_leaf","param_value_internal":20.0,"distribution":"{\"name\": \"IntDistribution\", \"attributes\": {\"log\": false, \"step\": 1, \"low\": 5, \"high\": 20}}"}
{"op_code":6,"worker_id":"3f499297-e565-446e-bc40-e4e894e0d528-139697814206272","trial_id":16,"state":1,"values":[0.5779427359490986],"datetime_complete":"2026-04-05T22:18:37.454122"}
{"op_code":4,"worker_id":"3f499297-e565-446e-bc40-e4e894e0d528-139697814206272","study_id":0,"datetime_start":"2026-04-05T22:18:37.464021"}
{"op_code":5,"worker_id":"3f499297-e565-446e-bc40-e4e894e0d528-139697814206272","trial_id":17,"param_name":"n_estimators","param_value_internal":71.0,"distribution":"{\"name\": \"IntDistribution\", \"attributes\": {\"log\": false, \"step\": 1, \"low\": 50, \"high\": 200}}"}
{"op_code":5,"worker_id":"3f499297-e565-446e-bc40-e4e894e0d528-139697814206272","trial_id":17,"param_name":"min_samples_split","param_value_internal":12.0,"distribution":"{\"name\": \"IntDistribution\", \"attributes\": {\"log\": false, \"step\": 1, \"low\": 5, \"high\": 20}}"}
{"op_code":5,"worker_id":"3f499297-e565-446e-bc40-e4e894e0d528-139697814206272","trial_id":17,"param_name":"min_samples_leaf","param_value_internal":16.0,"distribution":"{\"name\": \"IntDistribution\", \"attributes\": {\"log\": false, \"step\": 1, \"low\": 5, \"high\": 20}}"}
{"op_code":6,"worker_id":"3f499297-e565-446e-bc40-e4e894e0d528-139697814206272","trial_id":17,"state":1,"values":[0.5959703075291622],"datetime_complete":"2026-04-05T22:18:37.579901"}
{"op_code":4,"worker_id":"3f499297-e565-446e-bc40-e4e894e0d528-139697814206272","study_id":0,"datetime_start":"2026-04-05T22:18:37.588973"}
{"op_code":5,"worker_id":"3f499297-e565-446e-bc40-e4e894e0d528-139697814206272","trial_id":18,"param_name":"n_estimators","param_value_internal":167.0,"distribution":"{\"name\": \"IntDistribution\", \"attributes\": {\"log\": false, \"step\": 1, \"low\": 50, \"high\": 200}}"}
{"op_code":5,"worker_id":"3f499297-e565-446e-bc40-e4e894e0d528-139697814206272","trial_id":18,"param_name":"min_samples_split","param_value_internal":7.0,"distribution":"{\"name\": \"IntDistribution\", \"attributes\": {\"log\": false, \"step\": 1, \"low\": 5, \"high\": 20}}"}
{"op_code":5,"worker_id":"3f499297-e565-446e-bc40-e4e894e0d528-139697814206272","trial_id":18,"param_name":"min_samples_leaf","param_value_internal":18.0,"distribution":"{\"name\": \"IntDistribution\", \"attributes\": {\"log\": false, \"step\": 1, \"low\": 5, \"high\": 20}}"}
{"op_code":6,"worker_id":"3f499297-e565-446e-bc40-e4e894e0d528-139697814206272","trial_id":18,"state":1,"values":[0.5848356309650053],"datetime_complete":"2026-04-05T22:18:37.775337"}
{"op_code":4,"worker_id":"3f499297-e565-446e-bc40-e4e894e0d528-139697814206272","study_id":0,"datetime_start":"2026-04-05T22:18:37.784082"}
{"op_code":5,"worker_id":"3f499297-e565-446e-bc40-e4e894e0d528-139697814206272","trial_id":19,"param_name":"n_estimators","param_value_internal":91.0,"distribution":"{\"name\": \"IntDistribution\", \"attributes\": {\"log\": false, \"step\": 1, \"low\": 50, \"high\": 200}}"}
{"op_code":5,"worker_id":"3f499297-e565-446e-bc40-e4e894e0d528-139697814206272","trial_id":19,"param_name":"min_samples_split","param_value_internal":14.0,"distribution":"{\"name\": \"IntDistribution\", \"attributes\": {\"log\": false, \"step\": 1, \"low\": 5, \"high\": 20}}"}
{"op_code":5,"worker_id":"3f499297-e565-446e-bc40-e4e894e0d528-139697814206272","trial_id":19,"param_name":"min_samples_leaf","param_value_internal":10.0,"distribution":"{\"name\": \"IntDistribution\", \"attributes\": {\"log\": false, \"step\": 1, \"low\": 5, \"high\": 20}}"}
{"op_code":6,"worker_id":"3f499297-e565-446e-bc40-e4e894e0d528-139697814206272","trial_id":19,"state":1,"values":[0.5805938494167551],"datetime_complete":"2026-04-05T22:18:37.913373"}
